11-03 20:58:26.475251     0     0 W QSEECOM : qseecom_receive_req: Interrupted: exiting Listener Service = 8192
11-03 20:58:26.475308     0     0 W QSEECOM : qseecom_receive_req: Interrupted: exiting Listener Service = 28672
11-03 20:58:26.476072     0     0 I         : done.
11-03 20:58:26.905213     0     0 I PM      : suspend exit 2021-11-03 19:58:26.905213585 UTC
11-03 20:58:27.010002     0     0 I PM      : suspend entry 2021-11-03 19:58:27.010002074 UTC
11-03 20:58:27.010017     0     0 I PM      : Syncing filesystems ... done.
11-03 20:58:27.118080     0     0 I         : Freezing user space processes ...
11-03 20:58:27.123257     0     0 I PM      : Wakeup pending, aborting suspend
11-03 20:58:27.123274     0     0 I         : active wakeup source: qcom_rx_wakelock
11-03 20:58:27.123370     0     0 E         : Freezing of tasks aborted after 0.005 seconds
11-03 20:58:27.123386     0     0 I         : Restarting tasks ...
11-03 20:58:27.124098     0     0 W QSEECOM : qseecom_receive_req: Interrupted: exiting Listener Service = 8192
11-03 20:58:27.124158     0     0 W QSEECOM : qseecom_receive_req: Interrupted: exiting Listener Service = 28672
11-03 20:58:27.127464     0     0 W QSEECOM : qseecom_receive_req: Interrupted: exiting Listener Service = 10
11-03 20:58:27.127512     0     0 W QSEECOM : qseecom_receive_req: Interrupted: exiting Listener Service = 11
11-03 20:58:27.127564     0     0 W QSEECOM : qseecom_receive_req: Interrupted: exiting Listener Service = 12288
11-03 20:58:27.127976     0     0 I         : done.
11-03 20:58:27.128659     0     0 I PM      : suspend exit 2021-11-03 19:58:27.128659782 UTC
11-03 20:58:27.331639     0     0 I PM      : suspend entry 2021-11-03 19:58:27.331639001 UTC
11-03 20:58:27.331660     0     0 I PM      : Syncing filesystems ... done.
11-03 20:58:27.356761     0     0 I         : Freezing user space processes ... (elapsed 0.007 seconds) done.
11-03 20:58:27.364219     0     0 I         : Freezing remaining freezable tasks ... (elapsed 0.003 seconds) done.
11-03 20:58:27.368219     0     0 I         : Suspending console(s) (use no_console_suspend to debug)
11-03 20:58:27.375217     0     0 I bgcom   : bgcom_pm_suspend: suspended with : 0
11-03 20:58:27.413362     0     0 I PM      : suspend of devices complete after 42.914 msecs
11-03 20:58:27.418815     0     0 I PM      : late suspend of devices complete after 5.411 msecs
11-03 20:58:27.424634     0     0 I PM      : noirq suspend of devices complete after 5.793 msecs
11-03 20:58:27.424646     0     0 I         : Disabling non-boot CPUs ...
11-03 20:58:27.444011     0     0 W         : IRQ21 no longer affine to CPU1
11-03 20:58:27.445886     0     0 I CPU1    : shutdown
11-03 20:58:27.447925     0     0 I suspend ns: 1080733719630	suspend cycles:      31105139263
11-03 20:58:27.447904     0     0 I CPU0    : msm_cpu_pm_enter_sleep mode:3 during suspend
11-03 20:58:27.447904     0     0 I         : Suspended for 0.301 seconds
11-03 20:58:27.447904     0     0 I resume cycles: 31110931170
11-03 20:58:27.448160     0     0 I         : Enabling non-boot CPUs ...
11-03 20:58:27.448986     0     0 I CPU1    : update cpu_capacity 1024
11-03 20:58:27.450380     0     0 I         : CPU1 is up
11-03 20:58:27.452746     0     0 I CPU1    : update max cpu_capacity 1024
11-03 20:58:27.454192     0     0 I PM      : noirq resume of devices complete after 3.496 msecs
11-03 20:58:27.460198     0     0 I PM      : early resume of devices complete after 4.509 msecs
11-03 20:58:27.462340    20    20 E         : [20:58:27.764008] [000000073E5F5C00] [VosRX]  wlan: [E :WDI] WDTS_RxPacketDump RX Data frame is UC
11-03 20:58:27.462362    20    20 E         : [20:58:27.764046] [000000073E5F5E98] [VosRX]  wlan: [E :WDI] WDTS_RxPacketDump: Data subtype:8 SA:44:fe:3b:41:13:4b DA:00:0a:f5:f2:a2:70
11-03 20:58:27.462458    20    20 E         : [20:58:27.764141] [000000073E5F65D2] [VosRX]  wlan: [E :HDD] hdd_log_ip_addr: src addr 192:168:1:1
11-03 20:58:27.462470    20    20 E         : [20:58:27.764156] [000000073E5F66D7] [VosRX]  wlan: [E :HDD] hdd_log_ip_addr: dst addr 192:168:1:14
11-03 20:58:27.491398     0     0 I bgcom   : bgcom_pm_resume: Bgcom resumed with : 0
11-03 20:58:27.497370     0     0 I PM      : resume of devices complete after 37.141 msecs
11-03 20:58:27.499988     0     0 I         : Restarting tasks ...
11-03 20:58:27.502565     0     0 W QSEECOM : qseecom_receive_req: Interrupted: exiting Listener Service = 8192
11-03 20:58:27.502722     0     0 W QSEECOM : qseecom_receive_req: Interrupted: exiting Listener Service = 11
11-03 20:58:27.502767     0     0 W QSEECOM : qseecom_receive_req: Interrupted: exiting Listener Service = 10
11-03 20:58:27.505691     0     0 W QSEECOM : qseecom_receive_req: Interrupted: exiting Listener Service = 12288
11-03 20:58:27.505740     0     0 W QSEECOM : qseecom_receive_req: Interrupted: exiting Listener Service = 28672
11-03 20:58:27.506298     0     0 I         : done.
11-03 20:58:27.808732     0     0 I PM      : suspend exit 2021-11-03 19:58:27.808732751 UTC
11-03 20:58:27.956121     0     0 I PM      : suspend entry 2021-11-03 19:58:27.956121292 UTC
11-03 20:58:27.956135     0     0 I PM      : Syncing filesystems ... done.
11-03 20:58:28.060001     0     0 I         : Freezing user space processes ... (elapsed 0.007 seconds) done.
11-03 20:58:28.067659     0     0 I         : Freezing remaining freezable tasks ... (elapsed 0.003 seconds) done.
11-03 20:58:28.071639     0     0 I         : Suspending console(s) (use no_console_suspend to debug)
11-03 20:58:28.078831     0     0 I bgcom   : bgcom_pm_suspend: suspended with : 0
11-03 20:58:28.109941     0     0 I PM      : Wakeup pending, aborting suspend
11-03 20:58:28.109953     0     0 I         : active wakeup source: qcom_rx_wakelock
11-03 20:58:28.110087     0     0 E PM      : Some devices failed to suspend, or early wake event detected
11-03 20:58:28.136950     0     0 I bgcom   : bgcom_pm_resume: Bgcom resumed with : 0
11-03 20:58:28.141964     0     0 I PM      : resume of devices complete after 31.855 msecs
11-03 20:58:28.144755     0     0 I         : Restarting tasks ...
11-03 20:58:28.146221     0     0 W QSEECOM : qseecom_receive_req: Interrupted: exiting Listener Service = 8192
11-03 20:58:28.146290     0     0 W QSEECOM : qseecom_receive_req: Interrupted: exiting Listener Service = 11
11-03 20:58:28.146323     0     0 W QSEECOM : qseecom_receive_req: Interrupted: exiting Listener Service = 28672
11-03 20:58:28.150287     0     0 W QSEECOM : qseecom_receive_req: Interrupted: exiting Listener Service = 12288
11-03 20:58:28.150338     0     0 W QSEECOM : qseecom_receive_req: Interrupted: exiting Listener Service = 10
11-03 20:58:28.150667     0     0 I         : done.
11-03 20:58:28.151169     0     0 I PM      : suspend exit 2021-11-03 19:58:28.151169261 UTC
11-03 20:58:28.354538     0     0 I PM      : suspend entry 2021-11-03 19:58:28.354538219 UTC
11-03 20:58:28.354552     0     0 I PM      : Syncing filesystems ... done.
11-03 20:58:28.462156     0     0 I         : Freezing user space processes ... (elapsed 0.007 seconds) done.
11-03 20:58:28.469708     0     0 I         : Freezing remaining freezable tasks ... (elapsed 0.003 seconds) done.
11-03 20:58:28.473692     0     0 I         : Suspending console(s) (use no_console_suspend to debug)
11-03 20:58:28.482421     0     0 I bgcom   : bgcom_pm_suspend: suspended with : 0
11-03 20:58:28.519796     0     0 I PM      : suspend of devices complete after 43.668 msecs
11-03 20:58:28.525552     0     0 I PM      : late suspend of devices complete after 5.715 msecs
11-03 20:58:28.531177     0     0 I PM      : noirq suspend of devices complete after 5.601 msecs
11-03 20:58:28.531191     0     0 I         : Disabling non-boot CPUs ...
11-03 20:58:28.545461     0     0 W         : IRQ21 no longer affine to CPU1
11-03 20:58:28.547328     0     0 I CPU1    : shutdown
11-03 20:58:28.549325     0     0 I suspend ns: 1081533448851	suspend cycles:      31126285971
11-03 20:58:28.549306     0     0 I CPU0    : msm_cpu_pm_enter_sleep mode:3 during suspend
11-03 20:58:28.549306     0     0 I         : Suspended for 0.734 seconds
11-03 20:58:28.549306     0     0 I resume cycles: 31140382080
11-03 20:58:28.549567     0     0 I         : Enabling non-boot CPUs ...
11-03 20:58:28.550377     0     0 I CPU1    : update cpu_capacity 1024
11-03 20:58:28.551865     0     0 I         : CPU1 is up
11-03 20:58:28.554288     0     0 I CPU1    : update max cpu_capacity 1024
11-03 20:58:28.555712     0     0 I PM      : noirq resume of devices complete after 3.510 msecs
11-03 20:58:28.561233     0     0 I PM      : early resume of devices complete after 4.045 msecs
11-03 20:58:28.562498    20    20 E         : [20:58:29.296673] [00000007402061BD] [VosRX]  wlan: [E :WDI] WDTS_RxPacketDump RX Data frame is UC
11-03 20:58:28.562520    20    20 E         : [20:58:29.296703] [00000007402063E1] [VosRX]  wlan: [E :WDI] WDTS_RxPacketDump: Data subtype:8 SA:44:fe:3b:41:13:4b DA:00:0a:f5:f2:a2:70
11-03 20:58:28.562614    20    20 E         : [20:58:29.296798] [0000000740206B0C] [VosRX]  wlan: [E :HDD] hdd_log_ip_addr: src addr 192:168:1:3
11-03 20:58:28.562628    20    20 E         : [20:58:29.296813] [0000000740206C1E] [VosRX]  wlan: [E :HDD] hdd_log_ip_addr: dst addr 192:168:1:14
11-03 20:58:28.590705     0     0 I bgcom   : bgcom_pm_resume: Bgcom resumed with : 0
11-03 20:58:28.596524     0     0 I PM      : resume of devices complete after 35.262 msecs
11-03 20:58:28.599119     0     0 I         : Restarting tasks ...
11-03 20:58:28.601683     0     0 W QSEECOM : qseecom_receive_req: Interrupted: exiting Listener Service = 12288
11-03 20:58:28.601742     0     0 W QSEECOM : qseecom_receive_req: Interrupted: exiting Listener Service = 10
11-03 20:58:28.604537     0     0 W QSEECOM : qseecom_receive_req: Interrupted: exiting Listener Service = 8192
11-03 20:58:28.604587     0     0 W QSEECOM : qseecom_receive_req: Interrupted: exiting Listener Service = 11
11-03 20:58:28.604620     0     0 W QSEECOM : qseecom_receive_req: Interrupted: exiting Listener Service = 28672
11-03 20:58:28.605188     0     0 I         : done.
11-03 20:58:29.340085     0     0 I PM      : suspend exit 2021-11-03 19:58:29.340085093 UTC
11-03 20:58:29.444582     0     0 I PM      : suspend entry 2021-11-03 19:58:29.444582645 UTC
11-03 20:58:29.444595     0     0 I PM      : Syncing filesystems ... done.
11-03 20:58:29.544581     0     0 I         : Freezing user space processes ... (elapsed 0.007 seconds) done.
11-03 20:58:29.551905     0     0 I         : Freezing remaining freezable tasks ... (elapsed 0.003 seconds) done.
11-03 20:58:29.555874     0     0 I         : Suspending console(s) (use no_console_suspend to debug)
11-03 20:58:29.562390     0     0 I bgcom   : bgcom_pm_suspend: suspended with : 0
11-03 20:58:29.599266     0     0 I PM      : suspend of devices complete after 41.174 msecs
11-03 20:58:29.605270     0     0 I PM      : late suspend of devices complete after 5.962 msecs
11-03 20:58:29.611077     0     0 I PM      : noirq suspend of devices complete after 5.782 msecs
11-03 20:58:29.611087     0     0 I         : Disabling non-boot CPUs ...
11-03 20:58:29.629565     0     0 W         : IRQ16 no longer affine to CPU1
11-03 20:58:29.629577     0     0 W         : IRQ21 no longer affine to CPU1
11-03 20:58:29.629856     0     0 W         : IRQ93 no longer affine to CPU1
11-03 20:58:29.631448     0     0 I CPU1    : shutdown
11-03 20:58:29.633594     0     0 I suspend ns: 1081883545622	suspend cycles:      31147103938
11-03 20:58:29.633574     0     0 I CPU0    : msm_cpu_pm_enter_sleep mode:3 during suspend
11-03 20:58:29.633574     0     0 I         : Suspended for 0.879 seconds
11-03 20:58:29.633574     0     0 I resume cycles: 31163989727
11-03 20:58:29.633829     0     0 I         : Enabling non-boot CPUs ...
11-03 20:58:29.634646     0     0 I CPU1    : update cpu_capacity 1024
11-03 20:58:29.636029     0     0 I         : CPU1 is up
11-03 20:58:29.638263     0     0 I CPU1    : update max cpu_capacity 1024
11-03 20:58:29.639923     0     0 I PM      : noirq resume of devices complete after 3.587 msecs
11-03 20:58:29.645127     0     0 I PM      : early resume of devices complete after 3.725 msecs
11-03 20:58:29.646785    20    20 E         : [20:58:30.526254] [0000000741889C49] [VosRX]  wlan: [E :WDI] WDTS_RxPacketDump RX Data frame is UC
11-03 20:58:29.646807    20    20 E         : [20:58:30.526288] [0000000741889EB4] [VosRX]  wlan: [E :WDI] WDTS_RxPacketDump: Data subtype:8 SA:44:fe:3b:41:13:4b DA:00:0a:f5:f2:a2:70
11-03 20:58:29.646905    20    20 E         : [20:58:30.526382] [000000074188A5F3] [VosRX]  wlan: [E :HDD] hdd_log_ip_addr: src addr 192:168:1:3
11-03 20:58:29.646917    20    20 E         : [20:58:30.526400] [000000074188A71C] [VosRX]  wlan: [E :HDD] hdd_log_ip_addr: dst addr 192:168:1:14
11-03 20:58:29.674073     0     0 I bgcom   : bgcom_pm_resume: Bgcom resumed with : 0
11-03 20:58:29.679949     0     0 I PM      : resume of devices complete after 34.793 msecs
11-03 20:58:29.682592     0     0 I         : Restarting tasks ...
11-03 20:58:29.685022     0     0 W QSEECOM : qseecom_receive_req: Interrupted: exiting Listener Service = 12288
11-03 20:58:29.685081     0     0 W QSEECOM : qseecom_receive_req: Interrupted: exiting Listener Service = 10
11-03 20:58:29.685167     0     0 W QSEECOM : qseecom_receive_req: Interrupted: exiting Listener Service = 28672
11-03 20:58:29.688367     0     0 W QSEECOM : qseecom_receive_req: Interrupted: exiting Listener Service = 8192
11-03 20:58:29.688422     0     0 W QSEECOM : qseecom_receive_req: Interrupted: exiting Listener Service = 11
11-03 20:58:29.694959     0     0 I         : done.
11-03 20:58:30.575138     0     0 I PM      : suspend exit 2021-11-03 19:58:30.575138998 UTC
11-03 20:58:30.676640     0     0 I PM      : suspend entry 2021-11-03 19:58:30.676640769 UTC
11-03 20:58:30.676655     0     0 I PM      : Syncing filesystems ... done.
11-03 20:58:30.778984     0     0 I         : Freezing user space processes ... (elapsed 0.007 seconds) done.
11-03 20:58:30.786712     0     0 I         : Freezing remaining freezable tasks ... (elapsed 0.004 seconds) done.
11-03 20:58:30.790794     0     0 I         : Suspending console(s) (use no_console_suspend to debug)
11-03 20:58:30.797767     0     0 I bgcom   : bgcom_pm_suspend: suspended with : 0
11-03 20:58:30.833734     0     0 I PM      : suspend of devices complete after 40.720 msecs
11-03 20:58:30.839447     0     0 I PM      : late suspend of devices complete after 5.673 msecs
11-03 20:58:30.845001     0     0 I PM      : noirq suspend of devices complete after 5.531 msecs
11-03 20:58:30.845013     0     0 I         : Disabling non-boot CPUs ...
11-03 20:58:30.858905     0     0 W         : IRQ21 no longer affine to CPU1
11-03 20:58:30.860779     0     0 I CPU1    : shutdown
11-03 20:58:30.862788     0     0 I suspend ns: 1082233272810	suspend cycles:      31170704489
11-03 20:58:30.862768     0     0 I CPU0    : msm_cpu_pm_enter_sleep mode:3 during suspend
11-03 20:58:30.862768     0     0 I         : Suspended for 0.570 seconds
11-03 20:58:30.862768     0     0 I resume cycles: 31181659361
11-03 20:58:30.863023     0     0 I         : Enabling non-boot CPUs ...
11-03 20:58:30.863829     0     0 I CPU1    : update cpu_capacity 1024
11-03 20:58:30.865241     0     0 I         : CPU1 is up
11-03 20:58:30.867662     0     0 I CPU1    : update max cpu_capacity 1024
11-03 20:58:30.869035     0     0 I PM      : noirq resume of devices complete after 3.485 msecs
11-03 20:58:30.874533     0     0 I PM      : early resume of devices complete after 4.030 msecs
11-03 20:58:30.875778    20    20 E         : [20:58:31.446349] [0000000742962B6C] [VosRX]  wlan: [E :WDI] WDTS_RxPacketDump RX Data frame is UC
11-03 20:58:30.875800    20    20 E         : [20:58:31.446380] [0000000742962D99] [VosRX]  wlan: [E :WDI] WDTS_RxPacketDump: Data subtype:8 SA:44:fe:3b:41:13:4b DA:00:0a:f5:f2:a2:70
11-03 20:58:30.875897    20    20 E         : [20:58:31.446476] [00000007429634D7] [VosRX]  wlan: [E :HDD] hdd_log_ip_addr: src addr 192:168:1:3
11-03 20:58:30.875910    20    20 E         : [20:58:31.446491] [00000007429635F1] [VosRX]  wlan: [E :HDD] hdd_log_ip_addr: dst addr 192:168:1:14
11-03 20:58:30.902976     0     0 I bgcom   : bgcom_pm_resume: Bgcom resumed with : 0
11-03 20:58:30.908890     0     0 I PM      : resume of devices complete after 34.313 msecs
11-03 20:58:30.911549     0     0 I         : Restarting tasks ...
11-03 20:58:30.914004     0     0 W QSEECOM : qseecom_receive_req: Interrupted: exiting Listener Service = 8192
11-03 20:58:30.914069     0     0 W QSEECOM : qseecom_receive_req: Interrupted: exiting Listener Service = 28672
11-03 20:58:30.917160     0     0 W QSEECOM : qseecom_receive_req: Interrupted: exiting Listener Service = 12288
11-03 20:58:30.917211     0     0 W QSEECOM : qseecom_receive_req: Interrupted: exiting Listener Service = 11
11-03 20:58:30.917241     0     0 W QSEECOM : qseecom_receive_req: Interrupted: exiting Listener Service = 10
11-03 20:58:30.922778     0     0 I         : done.
11-03 20:58:31.494035     0     0 I PM      : suspend exit 2021-11-03 19:58:31.494035300 UTC
11-03 20:58:31.595484     0     0 I PM      : suspend entry 2021-11-03 19:58:31.595484571 UTC
11-03 20:58:31.595498     0     0 I PM      : Syncing filesystems ... done.
11-03 20:58:31.695707     0     0 I         : Freezing user space processes ... (elapsed 0.007 seconds) done.
11-03 20:58:31.703314     0     0 I         : Freezing remaining freezable tasks ... (elapsed 0.003 seconds) done.
11-03 20:58:31.707312     0     0 I         : Suspending console(s) (use no_console_suspend to debug)
11-03 20:58:31.713868     0     0 I bgcom   : bgcom_pm_suspend: suspended with : 0
11-03 20:58:31.751251     0     0 I PM      : suspend of devices complete after 41.501 msecs
11-03 20:58:31.757010     0     0 I PM      : late suspend of devices complete after 5.716 msecs
11-03 20:58:31.762833     0     0 I PM      : noirq suspend of devices complete after 5.796 msecs
11-03 20:58:31.762845     0     0 I         : Disabling non-boot CPUs ...
11-03 20:58:31.779259     0     0 W         : IRQ16 no longer affine to CPU1
11-03 20:58:31.779271     0     0 W         : IRQ21 no longer affine to CPU1
11-03 20:58:31.781192     0     0 I CPU1    : shutdown
11-03 20:58:31.783219     0     0 I suspend ns: 1082583134113	suspend cycles:      31188376698
11-03 20:58:31.783199     0     0 I CPU0    : msm_cpu_pm_enter_sleep mode:3 during suspend
11-03 20:58:31.783199     0     0 I         : Suspended for 0.880 seconds
11-03 20:58:31.783199     0     0 I resume cycles: 31205294501
11-03 20:58:31.783455     0     0 I         : Enabling non-boot CPUs ...
11-03 20:58:31.784264     0     0 I CPU1    : update cpu_capacity 1024
11-03 20:58:31.785671     0     0 I         : CPU1 is up
11-03 20:58:31.788039     0     0 I CPU1    : update max cpu_capacity 1024
11-03 20:58:31.789554     0     0 I PM      : noirq resume of devices complete after 3.570 msecs
11-03 20:58:31.794733     0     0 I PM      : early resume of devices complete after 3.706 msecs
11-03 20:58:31.795954    20    20 E         : [20:58:32.677092] [0000000743FEBD14] [VosRX]  wlan: [E :WDI] WDTS_RxPacketDump RX Data frame is UC
11-03 20:58:31.795975    20    20 E         : [20:58:32.677122] [0000000743FEBF48] [VosRX]  wlan: [E :WDI] WDTS_RxPacketDump: Data subtype:8 SA:44:fe:3b:41:13:4b DA:00:0a:f5:f2:a2:70
11-03 20:58:31.796072    20    20 E         : [20:58:32.677218] [0000000743FEC682] [VosRX]  wlan: [E :HDD] hdd_log_ip_addr: src addr 192:168:1:3
11-03 20:58:31.796138    20    20 E         : [20:58:32.677233] [0000000743FEC796] [VosRX]  wlan: [E :HDD] hdd_log_ip_addr: dst addr 192:168:1:14
11-03 20:58:31.823773     0     0 I bgcom   : bgcom_pm_resume: Bgcom resumed with : 0
11-03 20:58:31.829644     0     0 I PM      : resume of devices complete after 34.880 msecs
11-03 20:58:31.832283     0     0 I         : Restarting tasks ...
11-03 20:58:31.834671     0     0 W QSEECOM : qseecom_receive_req: Interrupted: exiting Listener Service = 8192
11-03 20:58:31.834732     0     0 W QSEECOM : qseecom_receive_req: Interrupted: exiting Listener Service = 11
11-03 20:58:31.834847     0     0 W QSEECOM : qseecom_receive_req: Interrupted: exiting Listener Service = 28672
11-03 20:58:31.838156     0     0 W QSEECOM : qseecom_receive_req: Interrupted: exiting Listener Service = 12288
11-03 20:58:31.838210     0     0 W QSEECOM : qseecom_receive_req: Interrupted: exiting Listener Service = 10
11-03 20:58:31.842588     0     0 I         : done.
11-03 20:58:32.724408     0     0 I PM      : suspend exit 2021-11-03 19:58:32.724408580 UTC
11-03 20:58:32.825869     0     0 I PM      : suspend entry 2021-11-03 19:58:32.825869934 UTC
11-03 20:58:32.825883     0     0 I PM      : Syncing filesystems ... done.
11-03 20:58:32.929348     0     0 I         : Freezing user space processes ... (elapsed 0.007 seconds) done.
11-03 20:58:32.936835     0     0 I         : Freezing remaining freezable tasks ... (elapsed 0.004 seconds) done.
11-03 20:58:32.940889     0     0 I         : Suspending console(s) (use no_console_suspend to debug)
11-03 20:58:32.947672     0     0 I bgcom   : bgcom_pm_suspend: suspended with : 0
11-03 20:58:32.984448     0     0 I PM      : suspend of devices complete after 41.333 msecs
11-03 20:58:32.990205     0     0 I PM      : late suspend of devices complete after 5.715 msecs
11-03 20:58:32.995798     0     0 I PM      : noirq suspend of devices complete after 5.568 msecs
11-03 20:58:32.995811     0     0 I         : Disabling non-boot CPUs ...
11-03 20:58:33.012158     0     0 I CPU1    : shutdown
11-03 20:58:33.014180     0     0 I suspend ns: 1082932958853	suspend cycles:      31212011136
11-03 20:58:33.014158     0     0 I CPU0    : msm_cpu_pm_enter_sleep mode:3 during suspend
11-03 20:58:33.014158     0     0 I         : Suspended for 0.569 seconds
11-03 20:58:33.014158     0     0 I resume cycles: 31222949324
11-03 20:58:33.014415     0     0 I         : Enabling non-boot CPUs ...
11-03 20:58:33.015219     0     0 I CPU1    : update cpu_capacity 1024
11-03 20:58:33.016604     0     0 I         : CPU1 is up
11-03 20:58:33.019090     0     0 I CPU1    : update max cpu_capacity 1024
11-03 20:58:33.020525     0     0 I PM      : noirq resume of devices complete after 3.597 msecs
11-03 20:58:33.026018     0     0 I PM      : early resume of devices complete after 4.025 msecs
11-03 20:58:33.027201    20    20 E         : [20:58:33.596901] [00000007450C36BA] [VosRX]  wlan: [E :WDI] WDTS_RxPacketDump RX Data frame is UC
11-03 20:58:33.027222    20    20 E         : [20:58:33.596932] [00000007450C38FE] [VosRX]  wlan: [E :WDI] WDTS_RxPacketDump: Data subtype:8 SA:44:fe:3b:41:13:4b DA:00:0a:f5:f2:a2:70
11-03 20:58:33.027321    20    20 E         : [20:58:33.597027] [00000007450C4044] [VosRX]  wlan: [E :HDD] hdd_log_ip_addr: src addr 192:168:1:3
11-03 20:58:33.027334    20    20 E         : [20:58:33.597044] [00000007450C4177] [VosRX]  wlan: [E :HDD] hdd_log_ip_addr: dst addr 192:168:1:14
11-03 20:58:33.054758     0     0 I bgcom   : bgcom_pm_resume: Bgcom resumed with : 0
11-03 20:58:33.060713     0     0 I PM      : resume of devices complete after 34.666 msecs
11-03 20:58:33.063312     0     0 I         : Restarting tasks ...
11-03 20:58:33.065945     0     0 W QSEECOM : qseecom_receive_req: Interrupted: exiting Listener Service = 8192
11-03 20:58:33.066013     0     0 W QSEECOM : qseecom_receive_req: Interrupted: exiting Listener Service = 12288
11-03 20:58:33.066048     0     0 W QSEECOM : qseecom_receive_req: Interrupted: exiting Listener Service = 11
11-03 20:58:33.069168     0     0 W QSEECOM : qseecom_receive_req: Interrupted: exiting Listener Service = 10
11-03 20:58:33.069220     0     0 W QSEECOM : qseecom_receive_req: Interrupted: exiting Listener Service = 28672
11-03 20:58:33.075979     0     0 I         : done.
11-03 20:58:33.646382     0     0 I PM      : suspend exit 2021-11-03 19:58:33.646382433 UTC
11-03 20:58:33.747840     0     0 I PM      : suspend entry 2021-11-03 19:58:33.747840402 UTC
11-03 20:58:33.747854     0     0 I PM      : Syncing filesystems ... done.
11-03 20:58:33.849160     0     0 I         : Freezing user space processes ... (elapsed 0.007 seconds) done.
11-03 20:58:33.856362     0     0 I         : Freezing remaining freezable tasks ... (elapsed 0.003 seconds) done.
11-03 20:58:33.860051     0     0 I         : Suspending console(s) (use no_console_suspend to debug)
11-03 20:58:33.867267     0     0 I bgcom   : bgcom_pm_suspend: suspended with : 0
11-03 20:58:33.904186     0     0 I PM      : suspend of devices complete after 41.919 msecs
11-03 20:58:33.910073     0     0 I PM      : late suspend of devices complete after 5.846 msecs
11-03 20:58:33.915697     0     0 I PM      : noirq suspend of devices complete after 5.600 msecs
11-03 20:58:33.915709     0     0 I         : Disabling non-boot CPUs ...
11-03 20:58:33.931831     0     0 I CPU1    : shutdown
11-03 20:58:33.933846     0     0 I suspend ns: 1083282926041	suspend cycles:      31229668694
11-03 20:58:33.933824     0     0 I CPU0    : msm_cpu_pm_enter_sleep mode:3 during suspend
11-03 20:58:33.933824     0     0 I         : Suspended for 0.878 seconds
11-03 20:58:33.933824     0     0 I resume cycles: 31246547462
11-03 20:58:33.934078     0     0 I         : Enabling non-boot CPUs ...
11-03 20:58:33.934886     0     0 I CPU1    : update cpu_capacity 1024
11-03 20:58:33.936304     0     0 I         : CPU1 is up
11-03 20:58:33.938596     0     0 I CPU1    : update max cpu_capacity 1024
11-03 20:58:33.940095     0     0 I PM      : noirq resume of devices complete after 3.465 msecs
11-03 20:58:33.945569     0     0 I PM      : early resume of devices complete after 3.998 msecs
11-03 20:58:33.946886    20    20 E         : [20:58:34.825989] [0000000746744C6E] [VosRX]  wlan: [E :WDI] WDTS_RxPacketDump RX Data frame is UC
11-03 20:58:33.946908    20    20 E         : [20:58:34.826022] [0000000746744EBE] [VosRX]  wlan: [E :WDI] WDTS_RxPacketDump: Data subtype:8 SA:44:fe:3b:41:13:4b DA:00:0a:f5:f2:a2:70
11-03 20:58:33.947006    20    20 E         : [20:58:34.826118] [0000000746745611] [VosRX]  wlan: [E :HDD] hdd_log_ip_addr: src addr 192:168:1:3
11-03 20:58:33.947083    20    20 E         : [20:58:34.826133] [0000000746745719] [VosRX]  wlan: [E :HDD] hdd_log_ip_addr: dst addr 192:168:1:14
11-03 20:58:33.974456     0     0 I bgcom   : bgcom_pm_resume: Bgcom resumed with : 0
11-03 20:58:33.980358     0     0 I PM      : resume of devices complete after 34.757 msecs
11-03 20:58:33.982984     0     0 I         : Restarting tasks ...
11-03 20:58:33.985578     0     0 W QSEECOM : qseecom_receive_req: Interrupted: exiting Listener Service = 12288
11-03 20:58:33.985646     0     0 W QSEECOM : qseecom_receive_req: Interrupted: exiting Listener Service = 11
11-03 20:58:33.985681     0     0 W QSEECOM : qseecom_receive_req: Interrupted: exiting Listener Service = 28672
11-03 20:58:33.988200     0     0 W QSEECOM : qseecom_receive_req: Interrupted: exiting Listener Service = 8192
11-03 20:58:33.988251     0     0 W QSEECOM : qseecom_receive_req: Interrupted: exiting Listener Service = 10
11-03 20:58:33.989184     0     0 I         : done.
11-03 20:58:34.868966     0     0 I PM      : suspend exit 2021-11-03 19:58:34.868966391 UTC
11-03 20:58:34.972346     0     0 I PM      : suspend entry 2021-11-03 19:58:34.972346703 UTC
11-03 20:58:34.972360     0     0 I PM      : Syncing filesystems ... done.
11-03 20:58:35.069326     0     0 I         : Freezing user space processes ... (elapsed 0.007 seconds) done.
11-03 20:58:35.076533     0     0 I         : Freezing remaining freezable tasks ... (elapsed 0.004 seconds) done.
11-03 20:58:35.080605     0     0 I         : Suspending console(s) (use no_console_suspend to debug)
11-03 20:58:35.087462     0     0 I bgcom   : bgcom_pm_suspend: suspended with : 0
11-03 20:58:35.124048     0     0 I PM      : suspend of devices complete after 41.223 msecs
11-03 20:58:35.129872     0     0 I PM      : late suspend of devices complete after 5.781 msecs
11-03 20:58:35.135494     0     0 I PM      : noirq suspend of devices complete after 5.599 msecs
11-03 20:58:35.135506     0     0 I         : Disabling non-boot CPUs ...
11-03 20:58:35.150757     0     0 I CPU1    : shutdown
11-03 20:58:35.152844     0     0 I suspend ns: 1083622826094	suspend cycles:      31253073543
11-03 20:58:35.152825     0     0 I CPU0    : msm_cpu_pm_enter_sleep mode:3 during suspend
11-03 20:58:35.152825     0     0 I         : Suspended for 0.303 seconds
11-03 20:58:35.152825     0     0 I resume cycles: 31258895961
11-03 20:58:35.153188     0     0 I         : Enabling non-boot CPUs ...
11-03 20:58:35.154007     0     0 I CPU1    : update cpu_capacity 1024
11-03 20:58:35.155409     0     0 I         : CPU1 is up
11-03 20:58:35.157555     0     0 I CPU1    : update max cpu_capacity 1024
11-03 20:58:35.159165     0     0 I PM      : noirq resume of devices complete after 3.451 msecs
11-03 20:58:35.166117     0     0 I PM      : early resume of devices complete after 5.197 msecs
11-03 20:58:35.198686     0     0 I bgcom   : bgcom_pm_resume: Bgcom resumed with : 0
11-03 20:58:35.204523     0     0 I PM      : resume of devices complete after 38.377 msecs
11-03 20:58:35.207178     0     0 I         : Restarting tasks ...
11-03 20:58:35.212368     0     0 W QSEECOM : qseecom_receive_req: Interrupted: exiting Listener Service = 11
11-03 20:58:35.212457     0     0 W QSEECOM : qseecom_receive_req: Interrupted: exiting Listener Service = 28672
11-03 20:58:35.213967     0     0 W QSEECOM : qseecom_receive_req: Interrupted: exiting Listener Service = 8192
11-03 20:58:35.214047     0     0 W QSEECOM : qseecom_receive_req: Interrupted: exiting Listener Service = 12288
11-03 20:58:35.214089     0     0 W QSEECOM : qseecom_receive_req: Interrupted: exiting Listener Service = 10
11-03 20:58:35.221493     0     0 I         : done.
11-03 20:58:35.525798     0     0 I PM      : suspend exit 2021-11-03 19:58:35.525798629 UTC
11-03 20:58:35.672127    20    20 E         : [20:58:35.672125] [00000007476C30AC] [VosRX]  wlan: [E :WDI] WDTS_RxPacketDump RX Data frame is UC
11-03 20:58:35.672169    20    20 E         : [20:58:35.672181] [00000007476C34C9] [VosRX]  wlan: [E :WDI] WDTS_RxPacketDump: Data subtype:8 SA:44:fe:3b:41:13:4b DA:00:0a:f5:f2:a2:70
11-03 20:58:35.672234    20    20 E         : [20:58:35.672246] [00000007476C39A2] [VosRX]  wlan: [E :HDD] hdd_log_ip_addr: src addr 192:168:1:3
11-03 20:58:35.672266    20    20 E         : [20:58:35.672274] [00000007476C3BDC] [VosRX]  wlan: [E :HDD] hdd_log_ip_addr: dst addr 192:168:1:14
11-03 20:58:36.842636     0     0 E FG      : fg_psy_get_property: unsupported property 7
11-03 20:58:36.845383     0     0 I chatty  : uid=0(root) logd identical 1 line
11-03 20:58:36.845391     0     0 E FG      : fg_psy_get_property: unsupported property 7
11-03 20:58:36.748463     0     0 W healthd : battery l=33 v=3996 t=38.0 h=2 st=2 c=-287 fc=443000 cc=0 chg=a
11-03 20:58:36.748669     0     0 W healthd : battery l=33 v=3996 t=38.0 h=2 st=2 c=-287 fc=443000 cc=0 chg=a
11-03 20:58:36.851478     0     0 I PM      : suspend entry 2021-11-03 19:58:36.851478212 UTC
--------- switch to main
11-03 20:58:36.861984  1906  1906 D QtiCarrierConfigHelper: WARNING, no carrier configs on phone Id: 0
11-03 20:58:36.878695  2365  2365 D HOME    : [WatchFaceUiController]sendStateToWallpaper
11-03 20:58:36.882438  2365  5231 I SidekickManager: replaceWatchFaceComponentsImpl(): watchFace = com.google.android.clockwork.decomposablewatchface.WatchFaceDecomposition@6ef19c
11-03 20:58:36.883283  1679  2708 D SidekickService: sendWatchFaceComponents called: watchFace = com.google.android.clockwork.decomposablewatchface.WatchFaceDecomposition@e604bc6shouldReplace = false
11-03 20:58:36.883478  1679  2708 D SidekickService: Check decomposition for calling app com.google.android.wearable.app with uid 10049
11-03 20:58:36.883832  1679  2708 D SidekickService: sendWatchFaceLocked(): shouldReplace = false, mSidekickIsControlling = false, 1 images, 0 fonts, 0 numbers, 0 proportionalFonts, 0 strings
11-03 20:58:36.883894  1679  2708 D SidekickService: ISidekickGraphics#beginResources()...
11-03 20:58:36.884738  1679  2708 D SidekickServiceUtils: bitmapFromDrawable: Returning bitmap directly
11-03 20:58:36.885151  2365  5272 D HOME    : [ComplicationController]scheduleImmediateUpdateForAllFromProvider ComponentInfo{com.google.android.wearable.app/com.google.android.clockwork.home.complications.providers.BatteryProviderService}
11-03 20:58:36.885958  1679  2708 D SidekickService: sendBitmapsLocked(): bounds = RectF(0.0, 0.0, 0.0024038462, 0.0024038462), drawableInfo = {.id = 100000, .width = 1, .height = 1, .display = true, .offsetX = 0.0, .offsetY = 0.0, .rotationInfo = {.hasRotation = false, .pivotX = 0.0, .pivotY = 0.0, .degreesPerDay = 0.0, .degreesPerStep = 0.0, .zeroDegreesTime = {.daysSinceLocalEpoch = 0, .msSinceMidnight = 0}}, .transformInfo = {.transformed = false, .flipX = false, .flipY = false, .flip45 = false, .scaleX = 0.0, .scaleY = 0.0}, .type = GENERIC, .blink = {.blinking = false, .periodOnMs = 0.0, .periodOffMs = 0.0, .startTime = {.daysSinceLocalEpoch = 0, .msSinceMidnight = 0}}, .zOrder = 8, .displayInTwm = true}, image.size() = 84
11-03 20:58:36.886674   414  1707 D SKGHAL  : saveResource: resId = 100000
11-03 20:58:36.887066  1679  2708 D SidekickService: sendBitmapsLocked(): status = 0, bytesUsed = 18
11-03 20:58:36.887244  1679  2708 D SidekickService: ISidekickGraphics#endResources()...
11-03 20:58:36.901712  2365  2365 D HOME    : [BatteryChange]action: android.intent.action.BATTERY_CHANGED
11-03 20:58:36.902180  2365  5272 D HOME    : [BatteryChange]HandleBatteryChangedTask
11-03 20:58:36.902464  2365  5272 D HOME    : [BatteryChange]level: 33, status: 2
11-03 20:58:36.903193  2365  5272 D HOME    : [BatteryChange]level: 33, timestamp: 1635969516902
--------- switch to kernel
11-03 20:58:36.851486     0     0 I PM      : Syncing filesystems ... done.
11-03 20:58:36.920015     0     0 I         : Freezing user space processes ...
11-03 20:58:36.923746     0     0 I PM      : Wakeup pending, aborting suspend
11-03 20:58:36.923774     0     0 I         : active wakeup source: hal_skg_lock
11-03 20:58:36.923817     0     0 E         : Freezing of tasks aborted after 0.003 seconds
11-03 20:58:36.923828     0     0 I         : Restarting tasks ...
11-03 20:58:36.924103     0     0 W QSEECOM : qseecom_receive_req: Interrupted: exiting Listener Service = 12288
11-03 20:58:36.924144     0     0 W QSEECOM : qseecom_receive_req: Interrupted: exiting Listener Service = 10
11-03 20:58:36.927001     0     0 W QSEECOM : qseecom_receive_req: Interrupted: exiting Listener Service = 8192
11-03 20:58:36.927039     0     0 W QSEECOM : qseecom_receive_req: Interrupted: exiting Listener Service = 11
11-03 20:58:36.927064     0     0 W QSEECOM : qseecom_receive_req: Interrupted: exiting Listener Service = 28672
11-03 20:58:36.928405     0     0 I         : done.
11-03 20:58:36.928890     0     0 I PM      : suspend exit 2021-11-03 19:58:36.928890660 UTC
--------- switch to main
11-03 20:58:37.052014   414  1707 D SKGHAL  : sendResources: metadata size = 2400, font size = 72
11-03 20:58:37.121735   414  1707 D SKGHAL  : endResources: rc = 0
11-03 20:58:37.124661  2365  2365 D HOME    : [SidekickManagerAsync]replaceWatchFaceComponents(): Callback#onResult(): 0
--------- switch to kernel
11-03 20:58:37.131737     0     0 I PM      : suspend entry 2021-11-03 19:58:37.131737327 UTC
11-03 20:58:37.131758     0     0 I PM      : Syncing filesystems ... done.
11-03 20:58:37.158291     0     0 I         : Freezing user space processes ... (elapsed 0.007 seconds) done.
11-03 20:58:37.165859     0     0 I         : Freezing remaining freezable tasks ... (elapsed 0.003 seconds) done.
11-03 20:58:37.169868     0     0 I         : Suspending console(s) (use no_console_suspend to debug)
11-03 20:58:37.178682     0     0 I bgcom   : bgcom_pm_suspend: suspended with : 0
11-03 20:58:37.216217     0     0 I PM      : suspend of devices complete after 43.777 msecs
11-03 20:58:37.222070     0     0 I PM      : late suspend of devices complete after 5.806 msecs
11-03 20:58:37.227649     0     0 I PM      : noirq suspend of devices complete after 5.558 msecs
11-03 20:58:37.227661     0     0 I         : Disabling non-boot CPUs ...
11-03 20:58:37.241967     0     0 W migrate_irqs: 4 callbacks suppressed
11-03 20:58:37.241977     0     0 W         : IRQ21 no longer affine to CPU1
11-03 20:58:37.243864     0     0 I CPU1    : shutdown
11-03 20:58:37.245999     0     0 I suspend ns: 1085412744172	suspend cycles:      31293262388
11-03 20:58:37.245982     0     0 I CPU0    : msm_cpu_pm_enter_sleep mode:3 during suspend
11-03 20:58:37.245982     0     0 I         : Suspended for 0.638 seconds
11-03 20:58:37.245982     0     0 I resume cycles: 31305532779
11-03 20:58:37.246225     0     0 I         : Enabling non-boot CPUs ...
11-03 20:58:37.247041     0     0 I CPU1    : update cpu_capacity 1024
11-03 20:58:37.248447     0     0 I         : CPU1 is up
11-03 20:58:37.250724     0     0 I CPU1    : update max cpu_capacity 1024
11-03 20:58:37.252323     0     0 I PM      : noirq resume of devices complete after 3.533 msecs
11-03 20:58:37.257844     0     0 I PM      : early resume of devices complete after 4.038 msecs
11-03 20:58:37.259303    20    20 E         : [20:58:37.898401] [0000000749F86B58] [VosRX]  wlan: [E :WDI] WDTS_RxPacketDump RX Data frame is UC
11-03 20:58:37.259361    20    20 E         : [20:58:37.898433] [0000000749F86D9A] [VosRX]  wlan: [E :WDI] WDTS_RxPacketDump: Data subtype:8 SA:44:fe:3b:41:13:4b DA:00:0a:f5:f2:a2:70
11-03 20:58:37.259459    20    20 E         : [20:58:37.898565] [0000000749F8778A] [VosRX]  wlan: [E :HDD] hdd_log_ip_addr: src addr 192:168:1:3
11-03 20:58:37.259472    20    20 E         : [20:58:37.898581] [0000000749F878B5] [VosRX]  wlan: [E :HDD] hdd_log_ip_addr: dst addr 192:168:1:14
11-03 20:58:37.286747     0     0 I bgcom   : bgcom_pm_resume: Bgcom resumed with : 0
11-03 20:58:37.292628     0     0 I PM      : resume of devices complete after 34.755 msecs
11-03 20:58:37.295223     0     0 I         : Restarting tasks ...
11-03 20:58:37.299409     0     0 W QSEECOM : qseecom_receive_req: Interrupted: exiting Listener Service = 8192
11-03 20:58:37.299509     0     0 W QSEECOM : qseecom_receive_req: Interrupted: exiting Listener Service = 12288
11-03 20:58:37.299543     0     0 W QSEECOM : qseecom_receive_req: Interrupted: exiting Listener Service = 28672
11-03 20:58:37.300750     0     0 W QSEECOM : qseecom_receive_req: Interrupted: exiting Listener Service = 11
11-03 20:58:37.300796     0     0 W QSEECOM : qseecom_receive_req: Interrupted: exiting Listener Service = 10
11-03 20:58:37.301526     0     0 I         : done.
11-03 20:58:37.941331     0     0 I PM      : suspend exit 2021-11-03 19:58:37.941331440 UTC
11-03 20:58:38.046125     0     0 I PM      : suspend entry 2021-11-03 19:58:38.046125867 UTC
11-03 20:58:38.046140     0     0 I PM      : Syncing filesystems ... done.
11-03 20:58:38.148409     0     0 I         : Freezing user space processes ... (elapsed 0.007 seconds) done.
11-03 20:58:38.155647     0     0 I         : Freezing remaining freezable tasks ... (elapsed 0.003 seconds) done.
11-03 20:58:38.159439     0     0 I         : Suspending console(s) (use no_console_suspend to debug)
11-03 20:58:38.166889     0     0 I bgcom   : bgcom_pm_suspend: suspended with : 0
11-03 20:58:38.203873     0     0 I PM      : suspend of devices complete after 41.925 msecs
11-03 20:58:38.209381     0     0 I PM      : late suspend of devices complete after 5.461 msecs
11-03 20:58:38.215228     0     0 I PM      : noirq suspend of devices complete after 5.824 msecs
11-03 20:58:38.215240     0     0 I         : Disabling non-boot CPUs ...
11-03 20:58:38.230833     0     0 W         : IRQ16 no longer affine to CPU1
11-03 20:58:38.230845     0     0 W         : IRQ21 no longer affine to CPU1
11-03 20:58:38.231126     0     0 W         : IRQ93 no longer affine to CPU1
11-03 20:58:38.232760     0     0 I CPU1    : shutdown
11-03 20:58:38.234808     0     0 I suspend ns: 1085762453131	suspend cycles:      31312247191
11-03 20:58:38.234787     0     0 I CPU0    : msm_cpu_pm_enter_sleep mode:3 during suspend
11-03 20:58:38.234787     0     0 I         : Suspended for 0.880 seconds
11-03 20:58:38.234787     0     0 I resume cycles: 31329157952
11-03 20:58:38.235047     0     0 I         : Enabling non-boot CPUs ...
11-03 20:58:38.235863     0     0 I CPU1    : update cpu_capacity 1024
11-03 20:58:38.237302     0     0 I         : CPU1 is up
11-03 20:58:38.239638     0     0 I CPU1    : update max cpu_capacity 1024
11-03 20:58:38.241082     0     0 I PM      : noirq resume of devices complete after 3.464 msecs
11-03 20:58:38.246600     0     0 I PM      : early resume of devices complete after 4.039 msecs
11-03 20:58:38.247942    20    20 E         : [20:58:39.128708] [000000074B60DC7F] [VosRX]  wlan: [E :WDI] WDTS_RxPacketDump RX Data frame is UC
11-03 20:58:38.247964    20    20 E         : [20:58:39.128745] [000000074B60DEFF] [VosRX]  wlan: [E :WDI] WDTS_RxPacketDump: Data subtype:8 SA:44:fe:3b:41:13:4b DA:00:0a:f5:f2:a2:70
11-03 20:58:38.248065    20    20 E         : [20:58:39.128843] [000000074B60E672] [VosRX]  wlan: [E :HDD] hdd_log_ip_addr: src addr 192:168:1:3
11-03 20:58:38.248077    20    20 E         : [20:58:39.128859] [000000074B60E78D] [VosRX]  wlan: [E :HDD] hdd_log_ip_addr: dst addr 192:168:1:14
11-03 20:58:38.275197     0     0 I bgcom   : bgcom_pm_resume: Bgcom resumed with : 0
11-03 20:58:38.281064     0     0 I PM      : resume of devices complete after 34.433 msecs
11-03 20:58:38.283694     0     0 I         : Restarting tasks ...
11-03 20:58:38.286264     0     0 W QSEECOM : qseecom_receive_req: Interrupted: exiting Listener Service = 12288
11-03 20:58:38.286321     0     0 W QSEECOM : qseecom_receive_req: Interrupted: exiting Listener Service = 11
11-03 20:58:38.286365     0     0 W QSEECOM : qseecom_receive_req: Interrupted: exiting Listener Service = 28672
11-03 20:58:38.289174     0     0 W QSEECOM : qseecom_receive_req: Interrupted: exiting Listener Service = 8192
11-03 20:58:38.289222     0     0 W QSEECOM : qseecom_receive_req: Interrupted: exiting Listener Service = 10
11-03 20:58:38.296093     0     0 I         : done.
11-03 20:58:39.177574     0     0 I PM      : suspend exit 2021-11-03 19:58:39.177574408 UTC
11-03 20:58:39.279049     0     0 I PM      : suspend entry 2021-11-03 19:58:39.279049564 UTC
11-03 20:58:39.279062     0     0 I PM      : Syncing filesystems ... done.
11-03 20:58:39.379656     0     0 I         : Freezing user space processes ... (elapsed 0.007 seconds) done.
11-03 20:58:39.386734     0     0 I         : Freezing remaining freezable tasks ... (elapsed 0.004 seconds) done.
11-03 20:58:39.390857     0     0 I         : Suspending console(s) (use no_console_suspend to debug)
11-03 20:58:39.398260     0     0 I bgcom   : bgcom_pm_suspend: suspended with : 0
11-03 20:58:39.434064     0     0 I PM      : suspend of devices complete after 40.989 msecs
11-03 20:58:39.439596     0     0 I PM      : late suspend of devices complete after 5.491 msecs
11-03 20:58:39.445426     0     0 I PM      : noirq suspend of devices complete after 5.806 msecs
11-03 20:58:39.445439     0     0 I         : Disabling non-boot CPUs ...
11-03 20:58:39.461563     0     0 W         : IRQ21 no longer affine to CPU1
11-03 20:58:39.463439     0     0 I CPU1    : shutdown
11-03 20:58:39.465324     0     0 I suspend ns: 1086112199954	suspend cycles:      31335873091
11-03 20:58:39.465303     0     0 I CPU0    : msm_cpu_pm_enter_sleep mode:3 during suspend
11-03 20:58:39.465303     0     0 I         : Suspended for 0.570 seconds
11-03 20:58:39.465303     0     0 I resume cycles: 31346819883
11-03 20:58:39.465562     0     0 I         : Enabling non-boot CPUs ...
11-03 20:58:39.466373     0     0 I CPU1    : update cpu_capacity 1024
11-03 20:58:39.467777     0     0 I         : CPU1 is up
11-03 20:58:39.470334     0     0 I CPU1    : update max cpu_capacity 1024
11-03 20:58:39.471592     0     0 I PM      : noirq resume of devices complete after 3.503 msecs
11-03 20:58:39.477142     0     0 I PM      : early resume of devices complete after 4.075 msecs
11-03 20:58:39.478637    20    20 E         : [20:58:40.048780] [000000074C6E69D7] [VosRX]  wlan: [E :WDI] WDTS_RxPacketDump RX Data frame is UC
11-03 20:58:39.478658    20    20 E         : [20:58:40.048814] [000000074C6E6C36] [VosRX]  wlan: [E :WDI] WDTS_RxPacketDump: Data subtype:8 SA:44:fe:3b:41:13:4b DA:00:0a:f5:f2:a2:70
11-03 20:58:39.478758    20    20 E         : [20:58:40.048913] [000000074C6E73BA] [VosRX]  wlan: [E :HDD] hdd_log_ip_addr: src addr 192:168:1:3
11-03 20:58:39.478816    20    20 E         : [20:58:40.048928] [000000074C6E74B9] [VosRX]  wlan: [E :HDD] hdd_log_ip_addr: dst addr 192:168:1:14
11-03 20:58:39.506479     0     0 I bgcom   : bgcom_pm_resume: Bgcom resumed with : 0
11-03 20:58:39.512275     0     0 I PM      : resume of devices complete after 35.103 msecs
11-03 20:58:39.514866     0     0 I         : Restarting tasks ...
11-03 20:58:39.517554     0     0 W QSEECOM : qseecom_receive_req: Interrupted: exiting Listener Service = 12288
11-03 20:58:39.517623     0     0 W QSEECOM : qseecom_receive_req: Interrupted: exiting Listener Service = 11
11-03 20:58:39.517657     0     0 W QSEECOM : qseecom_receive_req: Interrupted: exiting Listener Service = 10
11-03 20:58:39.520359     0     0 W QSEECOM : qseecom_receive_req: Interrupted: exiting Listener Service = 8192
11-03 20:58:39.520412     0     0 W QSEECOM : qseecom_receive_req: Interrupted: exiting Listener Service = 28672
11-03 20:58:39.520876     0     0 I         : done.
11-03 20:58:40.091709     0     0 I PM      : suspend exit 2021-11-03 19:58:40.091709720 UTC
11-03 20:58:40.196978     0     0 I PM      : suspend entry 2021-11-03 19:58:40.196978990 UTC
11-03 20:58:40.196992     0     0 I PM      : Syncing filesystems ... done.
11-03 20:58:40.297116     0     0 I         : Freezing user space processes ...
11-03 20:58:40.302009     0     0 I PM      : Wakeup pending, aborting suspend
11-03 20:58:40.302113     0     0 I         : last active wakeup source: qcom_rx_wakelock
11-03 20:58:40.302136     0     0 E         : Freezing of tasks aborted after 0.005 seconds
11-03 20:58:40.302158     0     0 I         : Restarting tasks ...
11-03 20:58:40.302799     0     0 W QSEECOM : qseecom_receive_req: Interrupted: exiting Listener Service = 12288
11-03 20:58:40.302861     0     0 W QSEECOM : qseecom_receive_req: Interrupted: exiting Listener Service = 11
11-03 20:58:40.302893     0     0 W QSEECOM : qseecom_receive_req: Interrupted: exiting Listener Service = 10
11-03 20:58:40.302926     0     0 W QSEECOM : qseecom_receive_req: Interrupted: exiting Listener Service = 28672
11-03 20:58:40.306532     0     0 W QSEECOM : qseecom_receive_req: Interrupted: exiting Listener Service = 8192
11-03 20:58:40.306796     0     0 I         : done.
11-03 20:58:40.307469     0     0 I PM      : suspend exit 2021-11-03 19:58:40.307469042 UTC
11-03 20:58:40.515005     0     0 I PM      : suspend entry 2021-11-03 19:58:40.515005865 UTC
11-03 20:58:40.515028     0     0 I PM      : Syncing filesystems ... done.
11-03 20:58:40.539346     0     0 I         : Freezing user space processes ... (elapsed 0.008 seconds) done.
11-03 20:58:40.548255     0     0 I         : Freezing remaining freezable tasks ... (elapsed 0.003 seconds) done.
11-03 20:58:40.552248     0     0 I         : Suspending console(s) (use no_console_suspend to debug)
11-03 20:58:40.559910     0     0 I bgcom   : bgcom_pm_suspend: suspended with : 0
11-03 20:58:40.561967     0     0 E dpm_run_callback(): platform_pm_suspend+0x0/0x50 returns -16
11-03 20:58:40.561976     0     0 E PM      : Device alarmtimer failed to suspend: error -16
11-03 20:58:40.575389     0     0 E PM      : Some devices failed to suspend, or early wake event detected
11-03 20:58:40.578560     0     0 I bgcom   : bgcom_pm_resume: Bgcom resumed with : 0
11-03 20:58:40.586344     0     0 I PM      : resume of devices complete after 10.892 msecs
11-03 20:58:40.591060     0     0 I         : Restarting tasks ...
11-03 20:58:40.593610     0     0 W QSEECOM : qseecom_receive_req: Interrupted: exiting Listener Service = 10
11-03 20:58:40.593703     0     0 W QSEECOM : qseecom_receive_req: Interrupted: exiting Listener Service = 28672
11-03 20:58:40.600771     0     0 W QSEECOM : qseecom_receive_req: Interrupted: exiting Listener Service = 8192
11-03 20:58:40.600866     0     0 W QSEECOM : qseecom_receive_req: Interrupted: exiting Listener Service = 12288
11-03 20:58:40.600916     0     0 W QSEECOM : qseecom_receive_req: Interrupted: exiting Listener Service = 11
11-03 20:58:40.603362     0     0 I         : done.
11-03 20:58:40.604418     0     0 I PM      : suspend exit 2021-11-03 19:58:40.604418574 UTC
11-03 20:58:42.297569     0     0 E FG      : fg_psy_get_property: unsupported property 7
11-03 20:58:42.198863     0     0 W healthd : battery l=33 v=3995 t=38.0 h=2 st=2 c=-287 fc=443000 cc=0 chg=a
11-03 20:58:42.622460     0     0 I PM      : suspend entry 2021-11-03 19:58:42.622460760 UTC
11-03 20:58:42.622480     0     0 I PM      : Syncing filesystems ... done.
11-03 20:58:42.734430     0     0 I         : Freezing user space processes ... (elapsed 0.010 seconds) done.
