11-02 21:52:53.936346  2520  2520 D HOME    : [StreamDBQueue]Promised revision #2199 to queue a new op
11-02 21:52:53.936695  2520  2520 D WatchStreamManager: Promised rank-blocked=false @ r#2199
11-02 21:52:53.937383  2520  2520 D HOME    : [StreamDBQueue]Promised revision #2200 to queue a new op
11-02 21:52:53.937586  2520  2520 D WatchStreamManager: Promised rank-blocked=false @ r#2200
11-02 21:52:53.938721  2520  2520 D HOME    : [EventBus]Wrapper pool is full. Discarding excess wrapper instance for event com.google.android.clockwork.sysui.events.KeyguardStateEvent
11-02 21:52:53.938852  2520  2520 D HOME    : [WatchFaceUiController]sendStateToWallpaper
11-02 21:52:53.938907  2520  8464 D HOME    : [StreamDBQueue]Promised revision #2201 to queue a new op
11-02 21:52:53.939043  2520  8464 D WatchStreamManager: Promised rerank @ r#2201
11-02 21:52:53.939937  2520  7941 D HOME    : [WatchStreamDB]Item alerting conditions - isInterruptive: false, recentlyInterrupted: false, isItemPinned: false, isUnread: false
11-02 21:52:53.940222  1686  1686 I AmbientService: [ce6a28c] Showing watch face in offload mode, canceling alarm.
11-02 21:52:53.940293  1686  1686 W AlarmManagerProxy: Removing unknown listener
11-02 21:52:53.940388  1686  1686 D WristGestureCtrl: Stopping detectors: GesturesEnabled-false gestureDetector-false ungazeEnabled-true ungaze-true
11-02 21:52:53.940427  1686  1686 D DefaultUngazeDetector: stopping
11-02 21:52:53.940518  2520  2520 D HOME    : [EventBus]Wrapper pool is full. Discarding excess wrapper instance for event com.google.android.clockwork.sysui.events.KeyguardStateEvent
11-02 21:52:53.940788  2520  2520 D HOME    : [EventBus]Wrapper pool is full. Discarding excess wrapper instance for event com.google.android.clockwork.sysui.events.KeyguardStateEvent
11-02 21:52:53.941184   512  1749 I sensors-hal: batch:140, android.sensor.accelerometer/48, period=66667000, max_latency=100000000
11-02 21:52:53.942008  1686  2014 D SidekickService: sendWatchFaceComponents called: watchFace = com.google.android.clockwork.decomposablewatchface.WatchFaceDecomposition@4647920shouldReplace = false
11-02 21:52:53.942229  1686  2014 D SidekickService: Check decomposition for calling app com.google.android.wearable.app with uid 10049
11-02 21:52:53.942667  1686  2014 D SidekickService: sendWatchFaceLocked(): shouldReplace = false, mSidekickIsControlling = false, 1 images, 0 fonts, 0 numbers, 0 proportionalFonts, 0 strings
11-02 21:52:53.942751  1686  2014 D SidekickService: ISidekickGraphics#beginResources()...
11-02 21:52:53.943965  1686  2014 D SidekickServiceUtils: bitmapFromDrawable: Returning bitmap directly
11-02 21:52:53.945246   512  1749 I sensors-hal: batch:149, android.sensor.accelerometer/48, period=66667000, max_latency=100000000 request completed
11-02 21:52:53.945451  2520  7941 D HOME    : [StreamAlertingRegulator]isTheaterModeEnabled: false, isAlertingAllowedByOffBody: true, matchesLocalInterruptionFilter: true
11-02 21:52:53.945802  2520  7941 D HOME    : [WatchStreamDB]couldItemAlert: false, isTopItemChanged: false, isDeferralForTopItem: false
11-02 21:52:53.946083  1686  2014 D SidekickService: sendBitmapsLocked(): bounds = RectF(0.0, 0.0, 0.0024038462, 0.0024038462), drawableInfo = {.id = 100000, .width = 1, .height = 1, .display = true, .offsetX = 0.0, .offsetY = 0.0, .rotationInfo = {.hasRotation = false, .pivotX = 0.0, .pivotY = 0.0, .degreesPerDay = 0.0, .degreesPerStep = 0.0, .zeroDegreesTime = {.daysSinceLocalEpoch = 0, .msSinceMidnight = 0}}, .transformInfo = {.transformed = false, .flipX = false, .flipY = false, .flip45 = false, .scaleX = 0.0, .scaleY = 0.0}, .type = GENERIC, .blink = {.blinking = false, .periodOnMs = 0.0, .periodOffMs = 0.0, .startTime = {.daysSinceLocalEpoch = 0, .msSinceMidnight = 0}}, .zOrder = 8, .displayInTwm = true}, image.size() = 84
11-02 21:52:53.946864   416  2389 D SKGHAL  : saveResource: resId = 100000
11-02 21:52:53.947212  1686  2014 D SidekickService: sendBitmapsLocked(): status = 0, bytesUsed = 18
11-02 21:52:53.947386  1686  2014 D SidekickService: ISidekickGraphics#endResources()...
11-02 21:52:53.947996  2520  7941 D HOME    : [WatchStreamDB]Item alerting conditions - isInterruptive: false, recentlyInterrupted: false, isItemPinned: false, isUnread: false
11-02 21:52:53.948553  2520  7941 D HOME    : [StreamAlertingRegulator]isTheaterModeEnabled: false, isAlertingAllowedByOffBody: true, matchesLocalInterruptionFilter: true
11-02 21:52:53.948972  2520  7941 D HOME    : [WatchStreamDB]couldItemAlert: false, isTopItemChanged: false, isDeferralForTopItem: false
11-02 21:52:53.949475  2520  7941 D HOME    : [WatchStreamDB]updateRanking()
11-02 21:52:53.950178  2520  7941 D HOME    : [WatchStreamDB]Item alerting conditions - isInterruptive: false, recentlyInterrupted: false, isItemPinned: false, isUnread: false
11-02 21:52:53.950566  2520  7941 D HOME    : [StreamAlertingRegulator]isTheaterModeEnabled: false, isAlertingAllowedByOffBody: true, matchesLocalInterruptionFilter: true
11-02 21:52:53.950865  2520  7941 D HOME    : [WatchStreamDB]couldItemAlert: false, isTopItemChanged: false, isDeferralForTopItem: false
11-02 21:52:53.951589  2520  7941 D HOME    : [NewStreamAdapter]Publishing revision #2201 to adapter clients
11-02 21:52:53.952083  2520  8464 D HOME    : [StreamDBQueue]Promised revision #2202 to queue a new op
11-02 21:52:53.952353  2520  8464 D WatchStreamManager: Promised rerank @ r#2202
11-02 21:52:53.952588  2520  7941 D HOME    : [WatchStreamDB]updateRanking()
11-02 21:52:53.953189  2520  7941 D HOME    : [WatchStreamDB]Item alerting conditions - isInterruptive: false, recentlyInterrupted: false, isItemPinned: false, isUnread: false
11-02 21:52:53.954903  2520  7941 D HOME    : [StreamAlertingRegulator]isTheaterModeEnabled: false, isAlertingAllowedByOffBody: true, matchesLocalInterruptionFilter: true
11-02 21:52:53.955101  2520  2520 W StaticLayout: maxLineHeight should not be -1.  maxLines:1 lineCount:1
11-02 21:52:53.955328  2520  7941 D HOME    : [WatchStreamDB]couldItemAlert: false, isTopItemChanged: false, isDeferralForTopItem: false
11-02 21:52:53.956037  2520  7941 D HOME    : [NewStreamAdapter]Publishing revision #2202 to adapter clients
11-02 21:52:54.223640   416  2389 D SKGHAL  : sendResources: metadata size = 2400, font size = 72
11-02 21:52:54.286195   416  2389 D SKGHAL  : endResources: rc = 0
11-02 21:52:54.287126  1686  1686 W system_server: Long monitor contention with owner Binder:1686_5 (2014) at int com.google.android.clockwork.sidekick.SidekickService$BinderService.sendWatchFace(com.google.android.clockwork.decomposablewatchface.WatchFaceDecomposition, boolean)(SidekickService.java:1021) waiters=0 in boolean com.google.android.clockwork.sidekick.SidekickService$BinderService.readyToDisplay() for 343ms
11-02 21:52:54.287668  2520  2520 D HOME    : [SidekickManagerAsync]replaceWatchFaceComponents(): Callback#onResult(): 0
11-02 21:52:54.288045  2520  2520 D HOME    : [WatchFaceUiController]Complication updates sent, posting watch face hiding
--------- switch to system
11-02 21:52:54.288102  1686  1686 W Looper  : Slow dispatch took 344ms main h=android.os.Handler c=com.google.android.wearable.ambient.AmbientDream$Callbacks$1@a6f82d9 m=0
--------- switch to main
11-02 21:52:54.288184  2520  2520 D HOME    : [WatchFaceUiController]Still in ambient watch face, hiding
11-02 21:52:54.288249  2520  2520 D HOME    : [WatchFaceUiController]Hiding watch face wallpaper.
11-02 21:52:54.305158   512  1749 I sensors-hal: activate:107, android.sensor.light/46 en=0
11-02 21:52:54.307007   512  1749 I sensors-hal: activate:118, android.sensor.light/46 en=0 completed
--------- switch to kernel
11-02 21:52:54.243053     0     0 E FG      : fg_psy_get_property: unsupported property 7
11-02 21:52:54.244927     0     0 W healthd : battery l=56 v=3852 t=33.0 h=2 st=3 c=162 fc=443000 cc=0 chg=
--------- switch to main
11-02 21:52:54.308893  1956  1956 D QtiCarrierConfigHelper: WARNING, no carrier configs on phone Id: 0
--------- switch to system
11-02 21:52:54.322278  1686  1710 I DisplayManagerService: Display device changed state: "Écran intégré", DOZE_SUSPEND
--------- switch to main
11-02 21:52:54.323041  2520  2520 D HOME    : [BatteryChange]action: android.intent.action.BATTERY_CHANGED
11-02 21:52:54.323585  2520  7713 D HOME    : [BatteryChange]HandleBatteryChangedTask
11-02 21:52:54.323951  2520  7713 D HOME    : [BatteryChange]level: 56, status: 3
11-02 21:52:54.340971   545   545 D SurfaceFlinger: Set power mode=3, type=0 flinger=0xb6bb6000
11-02 21:52:54.341561   504   764 I SDM     : DisplayBase::SetDisplayState: Set state = 3, display 0
11-02 21:52:54.350271  1686  1759 I InputReader: Reconfiguring input devices.  changes=0x00000004
11-02 21:52:54.392347   545   545 D SurfaceFlinger: Finished set power mode=3, type=0
11-02 21:52:54.393047  1686  1823 I SidekickService: beginDisplayLocked(): DOZE_SUSPEND
11-02 21:52:54.393644   416  2389 D SKGHAL  : sendAmbientPrepare: enter:
--------- switch to kernel
11-02 21:52:54.284229     0     0 I mdss_dsi_panel_set_idle_mode: Idle (0->1)
11-02 21:52:54.331172     0     0 I         : [touch]FB_BLANK_VSYNC_SUSPEND
11-02 21:52:54.331178     0     0 I         : [touch]irq disable
11-02 21:52:54.331183     0     0 I         : [touch]workqueue is empty!
11-02 21:52:54.331187     0     0 I         : [touch]raydium_ts_do_suspend.
11-02 21:52:54.331196     0     0 I         : [touch]Device may wakeup
11-02 21:52:54.334565     0     0 I         : [touch]irq enable
--------- switch to main
11-02 21:52:54.519915   416  2389 D SKGHAL  : sendAmbientEvent: enter: enable = 1
11-02 21:52:54.520923   504   523 I SDM     : DisplayBase::SetDisplayState: Set state = 4, display 0
11-02 21:52:54.521004   504   523 D SDM     : HWCDisplayPrimary::SetStandByMode: Null display is connected successfully
11-02 21:52:54.521163   416  2389 D SKGHAL  : standBy_update_control call succeed on 1
11-02 21:52:54.529559   416  2389 D SKGHAL  : sendAmbientEvent: done: enable = 1
11-02 21:52:54.529911  1686  1823 D SidekickService:    ... beginDisplay result: 0 for halPower: 1
11-02 21:52:54.532624   512  1749 I sensors-hal: activate:107, android.sensor.accelerometer/48 en=0
11-02 21:52:54.533638   512  1749 I sensors-hal: activate:118, android.sensor.accelerometer/48 en=0 completed
11-02 21:52:54.541626  1686  1799 E WifiStateMachine: getWifiLinkLayerStats called without an interface
11-02 21:52:54.543970  1686  1696 I system_server: Background concurrent copying GC freed 49136(2MB) AllocSpace objects, 17(484KB) LOS objects, 19% free, 10MB/12MB, paused 372us total 220.853ms
--------- switch to kernel
11-02 21:52:54.480642     0     0 E bgrsb   : bgrsb_enable: gpio 32 is valid
--------- switch to main
11-02 21:52:54.564739  1686  1686 I WearPower: [WearTouchMediator] changing touch input to enabled (ON_AUTO)
11-02 21:52:54.565659  1686  1759 I InputReader: Reconfiguring input devices.  changes=0x00000200
--------- switch to kernel
11-02 21:52:54.510160     0     0 I init    : processing action (ro.enable_core_ctl=true && sys.cw_corectl_mode=idle) from (/vendor/etc/init/hw/init.qcom.rc:949)
--------- switch to main
11-02 21:52:54.572555  1686  1686 I AmbientService: [ce6a28c] Timeout alarm not required, auto-resume timeout handled by dream.
11-02 21:52:54.582355  3205  3434 W WorkController: Loading failed for worker [trainingcache]: worker not found
11-02 21:52:54.583890  3205  3372 W A       : TrainingCache cache SCREEN_OFF failure
11-02 21:52:54.583890  3205  3372 W A       : com.google.android.apps.gsa.search.core.service.h.a.a: No worker found for Worker ID [trainingcache].
11-02 21:52:54.583890  3205  3372 W A       : 	at com.google.android.apps.gsa.search.core.service.g.a.c.a(Unknown Source:5)
11-02 21:52:54.583890  3205  3372 W A       : 	at com.google.android.libraries.gsa.c.a.d.a(Unknown Source:3)
11-02 21:52:54.583890  3205  3372 W A       : 	at com.google.common.p.a.cg.c(Unknown Source:2)
11-02 21:52:54.583890  3205  3372 W A       : 	at com.google.common.p.a.bk.run(SourceFile:3)
11-02 21:52:54.583890  3205  3372 W A       : 	at com.google.common.p.a.ci.run(Unknown Source:4)
11-02 21:52:54.583890  3205  3372 W A       : 	at com.google.apps.tiktok.concurrent.ab.run(SourceFile:1)
11-02 21:52:54.583890  3205  3372 W A       : 	at java.util.concurrent.ThreadPoolExecutor.runWorker(ThreadPoolExecutor.java:1167)
11-02 21:52:54.583890  3205  3372 W A       : 	at java.util.concurrent.ThreadPoolExecutor$Worker.run(ThreadPoolExecutor.java:641)
11-02 21:52:54.583890  3205  3372 W A       : 	at com.google.apps.tiktok.concurrent.c.run(Unknown Source:4)
11-02 21:52:54.583890  3205  3372 W A       : 	at java.lang.Thread.run(Thread.java:764)
11-02 21:52:54.596536  2520  2520 D HOME    : [StreamDBQueue]Promised revision #2203 to queue a new op
11-02 21:52:54.596780  2520  2520 D WatchStreamManager: Promised rank-blocked=false @ r#2203
11-02 21:52:54.597048  2520  2520 D HOME    : [CompactHunStarter]detachWindow()
11-02 21:52:54.597977  2520  8464 D HOME    : [StreamDBQueue]Promised revision #2204 to queue a new op
11-02 21:52:54.598149  2520  8464 D WatchStreamManager: Promised rerank @ r#2204
11-02 21:52:54.598719  2520  7713 D HOME    : [WatchStreamDB]Item alerting conditions - isInterruptive: false, recentlyInterrupted: false, isItemPinned: false, isUnread: false
11-02 21:52:54.601516  2520  7713 D HOME    : [StreamAlertingRegulator]isTheaterModeEnabled: false, isAlertingAllowedByOffBody: true, matchesLocalInterruptionFilter: true
11-02 21:52:54.602015  2520  7713 D HOME    : [WatchStreamDB]couldItemAlert: false, isTopItemChanged: false, isDeferralForTopItem: false
11-02 21:52:54.603350  2520  7713 D HOME    : [WatchStreamDB]updateRanking()
11-02 21:52:54.604102  2520  7713 D HOME    : [WatchStreamDB]Item alerting conditions - isInterruptive: false, recentlyInterrupted: false, isItemPinned: false, isUnread: false
11-02 21:52:54.604999  2520  7713 D HOME    : [StreamAlertingRegulator]isTheaterModeEnabled: false, isAlertingAllowedByOffBody: true, matchesLocalInterruptionFilter: true
11-02 21:52:54.605324  2520  7713 D HOME    : [WatchStreamDB]couldItemAlert: false, isTopItemChanged: false, isDeferralForTopItem: false
11-02 21:52:54.606202  2520  7713 D HOME    : [NewStreamAdapter]Publishing revision #2204 to adapter clients
--------- switch to kernel
11-02 21:52:54.621390     0     0 I PM      : suspend entry 2021-11-02 20:52:54.621390402 UTC
11-02 21:52:54.621401     0     0 I PM      : Syncing filesystems ...
11-02 21:52:54.636197     0     0 E mdss_dsi_gen_read_status: Read back value from panel is incorrect
11-02 21:52:54.648056     0     0 I CPU1    : update max cpu_capacity 748
11-02 21:52:54.648355     0     0 I CPU3    : update max cpu_capacity 1024
11-02 21:52:54.651194     0     0 I         : done.
11-02 21:52:54.681625     0     0 I CPU2    : shutdown
11-02 21:52:54.682516     0     0 I         : Freezing user space processes ... (elapsed 0.006 seconds) done.
11-02 21:52:54.688805     0     0 I         : Freezing remaining freezable tasks ...
11-02 21:52:54.690022     0     0 I PM      : Wakeup pending, aborting suspend
11-02 21:52:54.690052     0     0 I         : active wakeup source: NETLINK
11-02 21:52:54.690084     0     0 E         : Freezing of tasks aborted after 0.001 seconds
11-02 21:52:54.690093     0     0 I         : Restarting kernel threads ... done.
11-02 21:52:54.691199     0     0 I         : Restarting tasks ...
11-02 21:52:54.691729     0     0 W QSEECOM : qseecom_receive_req: Interrupted: exiting Listener Service = 8192
11-02 21:52:54.691773     0     0 W QSEECOM : qseecom_receive_req: Interrupted: exiting Listener Service = 12288
11-02 21:52:54.691819     0     0 W QSEECOM : qseecom_receive_req: Interrupted: exiting Listener Service = 11
11-02 21:52:54.691855     0     0 W QSEECOM : qseecom_receive_req: Interrupted: exiting Listener Service = 10
11-02 21:52:54.691880     0     0 W QSEECOM : qseecom_receive_req: Interrupted: exiting Listener Service = 28672
11-02 21:52:54.692922     0     0 I init    : Command 'write /sys/devices/system/cpu/cpu2/online 0' action=ro.enable_core_ctl=true && sys.cw_corectl_mode=idle (/vendor/etc/init/hw/init.qcom.rc:951) took 125ms and succeeded
11-02 21:52:54.695272     0     0 I init    : Command 'write /sys/devices/system/cpu/cpu3/online 0' action=ro.enable_core_ctl=true && sys.cw_corectl_mode=idle (/vendor/etc/init/hw/init.qcom.rc:952) took 2ms and failed: Unable to write to file '/sys/devices/system/cpu/cpu3/online': Unable to write file contents: Device or resource busy
11-02 21:52:54.695808     0     0 I         : done.
11-02 21:52:54.696522     0     0 I PM      : suspend exit 2021-11-02 20:52:54.696522068 UTC
11-02 21:52:54.897215     0     0 I PM      : suspend entry 2021-11-02 20:52:54.897215714 UTC
11-02 21:52:54.897238     0     0 I PM      : Syncing filesystems ... done.
11-02 21:52:54.954179     0     0 I         : Freezing user space processes ... (elapsed 0.011 seconds) done.
11-02 21:52:54.966001     0     0 I         : Freezing remaining freezable tasks ... (elapsed 0.006 seconds) done.
11-02 21:52:54.972373     0     0 I         : Suspending console(s) (use no_console_suspend to debug)
11-02 21:52:54.987235     0     0 I mdss_dsi_panel_set_idle_mode: Idle (1->1)
11-02 21:52:55.024102     0     0 I bgcom   : bgcom_pm_suspend: suspended with : 0
11-02 21:52:55.066947     0     0 I PM      : suspend of devices complete after 91.035 msecs
11-02 21:52:55.072778     0     0 I PM      : late suspend of devices complete after 5.786 msecs
11-02 21:52:55.078814     0     0 I PM      : noirq suspend of devices complete after 5.992 msecs
11-02 21:52:55.078830     0     0 I         : Disabling non-boot CPUs ...
11-02 21:52:55.101271     0     0 I CPU1    : shutdown
11-02 21:52:55.107949     0     0 I CPU0    : update max cpu_capacity 748
11-02 21:52:55.148887     0     0 W         : IRQ16 no longer affine to CPU3
11-02 21:52:55.148960     0     0 W         : IRQ93 no longer affine to CPU3
11-02 21:52:55.150308     0     0 I CPU3    : shutdown
11-02 21:52:55.152186     0     0 I suspend ns: 1703186977464	suspend cycles:     342959743461
11-02 21:52:55.152167     0     0 I CPU0    : msm_cpu_pm_enter_sleep mode:3 during suspend
11-02 21:52:55.152167     0     0 I         : Suspended for 86.424 seconds
11-02 21:52:55.152167     0     0 I resume cycles: 344619098748
11-02 21:52:55.153232     0     0 I         : Enabling non-boot CPUs ...
11-02 21:52:55.154110     0     0 I CPU1    : update cpu_capacity 1024
11-02 21:52:55.155227     0     0 I         : CPU1 is up
11-02 21:52:55.156361     0     0 I CPU3    : update cpu_capacity 1024
11-02 21:52:55.157736     0     0 I CPU1    : update max cpu_capacity 748
11-02 21:52:55.158214     0     0 I         : CPU3 is up
11-02 21:52:55.158220     0     0 I CPU3    : update max cpu_capacity 1024
11-02 21:52:55.161756     0     0 I PM      : noirq resume of devices complete after 3.321 msecs
11-02 21:52:55.167026     0     0 I PM      : early resume of devices complete after 3.770 msecs
11-02 21:52:55.203806     0     0 I bgcom   : bgcom_pm_resume: Bgcom resumed with : 0
11-02 21:52:55.214387     0     0 I mdss_dsi_panel_set_idle_mode: Idle (1->1)
11-02 21:52:55.252865     0     0 I PM      : resume of devices complete after 85.795 msecs
11-02 21:52:55.257104     0     0 I         : Restarting tasks ...
11-02 21:52:55.259807     0     0 W QSEECOM : qseecom_receive_req: Interrupted: exiting Listener Service = 8192
11-02 21:52:55.259917     0     0 W QSEECOM : qseecom_receive_req: Interrupted: exiting Listener Service = 12288
11-02 21:52:55.259961     0     0 W QSEECOM : qseecom_receive_req: Interrupted: exiting Listener Service = 11
11-02 21:52:55.260019     0     0 W QSEECOM : qseecom_receive_req: Interrupted: exiting Listener Service = 10
11-02 21:52:55.260064     0     0 W QSEECOM : qseecom_receive_req: Interrupted: exiting Listener Service = 28672
11-02 21:52:55.268901     0     0 I         : done.
11-02 21:54:21.694838     0     0 I PM      : suspend exit 2021-11-02 20:54:21.694838701 UTC
--------- switch to system
11-02 21:54:21.708366  1686  1686 I PowerManagerService: Waking up from dozing (uid=1000 reason=tiltToWake)...
11-02 21:54:21.721648  1686  1686 W UsageStatsService: Event reported without a package name
--------- switch to kernel
11-02 21:54:21.734919     0     0 E FG      : fg_psy_get_property: unsupported property 7
11-02 21:54:21.679143     0     0 W healthd : battery l=56 v=3928 t=33.0 h=2 st=3 c=9 fc=443000 cc=0 chg=
--------- switch to main
11-02 21:54:21.753034   512   512 I sensors-hal: batch:140, android.sensor.light/46, period=100000000, max_latency=0
11-02 21:54:21.753142   512   512 I sensors-hal: batch:149, android.sensor.light/46, period=100000000, max_latency=0 request completed
11-02 21:54:21.753780   512   512 I sensors-hal: activate:107, android.sensor.light/46 en=1
11-02 21:54:21.754058   512   512 I sensors-hal: ssc_enable_rt_task:254, ssc_enable_rt_task : true
11-02 21:54:21.760049   512   512 I sensors-hal: activate:118, android.sensor.light/46 en=1 completed
11-02 21:54:21.761472   512   512 I sensors-hal: batch:140, android.sensor.accelerometer/48, period=66667000, max_latency=100000000
11-02 21:54:21.761546   512   512 I sensors-hal: batch:149, android.sensor.accelerometer/48, period=66667000, max_latency=100000000 request completed
11-02 21:54:21.761707  1686  1823 I SidekickService: endDisplayLocked()
--------- switch to system
11-02 21:54:21.762836  1686  1710 I DisplayManagerService: Display device changed state: "Écran intégré", ON
--------- switch to main
11-02 21:54:21.768407   416  2389 D SKGHAL  : sendAmbientEvent: enter: enable = 0
11-02 21:54:21.769998   512   512 I sensors-hal: activate:107, android.sensor.accelerometer/48 en=1
11-02 21:54:21.770511   512   512 I sensors-hal: ssc_enable_rt_task:254, ssc_enable_rt_task : true
11-02 21:54:21.772917  4243  4243 D OMService: onDisplayChanged: not dozing
11-02 21:54:21.783320  1686  1759 I InputReader: Reconfiguring input devices.  changes=0x00000004
11-02 21:54:21.785592   512   512 I sensors-hal: activate:118, android.sensor.accelerometer/48 en=1 completed
11-02 21:54:21.788572  1956  1956 D QtiCarrierConfigHelper: WARNING, no carrier configs on phone Id: 0
11-02 21:54:21.790379  2520  2520 D HOME    : [BatteryChange]action: android.intent.action.BATTERY_CHANGED
11-02 21:54:21.790816  2520  8464 D HOME    : [BatteryChange]HandleBatteryChangedTask
11-02 21:54:21.791194  2520  8464 D HOME    : [BatteryChange]level: 56, status: 3
--------- switch to system
11-02 21:54:21.798447  1686  1702 W BroadcastQueue: Background execution not allowed: receiving Intent { act=android.intent.action.USER_PRESENT flg=0x10 } to com.google.android.gms/.auth.setup.devicesignals.LockScreenReceiver
11-02 21:54:21.798795  1686  1702 W BroadcastQueue: Background execution not allowed: receiving Intent { act=android.intent.action.USER_PRESENT flg=0x10 } to com.google.android.gms/.chimera.GmsIntentOperationService$PersistentTrustedReceiver
--------- switch to main
11-02 21:54:21.800298  3205  3434 W WorkController: Loading failed for worker [trainingcache]: worker not found
11-02 21:54:21.801430  3205  3294 W A       : TrainingCache cache DEVICE_UNLOCKED failure
11-02 21:54:21.801430  3205  3294 W A       : com.google.android.apps.gsa.search.core.service.h.a.a: No worker found for Worker ID [trainingcache].
11-02 21:54:21.801430  3205  3294 W A       : 	at com.google.android.apps.gsa.search.core.service.g.a.c.a(Unknown Source:5)
11-02 21:54:21.801430  3205  3294 W A       : 	at com.google.android.libraries.gsa.c.a.d.a(Unknown Source:3)
11-02 21:54:21.801430  3205  3294 W A       : 	at com.google.common.p.a.cg.c(Unknown Source:2)
11-02 21:54:21.801430  3205  3294 W A       : 	at com.google.common.p.a.bk.run(SourceFile:3)
11-02 21:54:21.801430  3205  3294 W A       : 	at com.google.common.p.a.ci.run(Unknown Source:4)
11-02 21:54:21.801430  3205  3294 W A       : 	at com.google.apps.tiktok.concurrent.ab.run(SourceFile:1)
11-02 21:54:21.801430  3205  3294 W A       : 	at java.util.concurrent.ThreadPoolExecutor.runWorker(ThreadPoolExecutor.java:1167)
11-02 21:54:21.801430  3205  3294 W A       : 	at java.util.concurrent.ThreadPoolExecutor$Worker.run(ThreadPoolExecutor.java:641)
11-02 21:54:21.801430  3205  3294 W A       : 	at com.google.apps.tiktok.concurrent.c.run(Unknown Source:4)
11-02 21:54:21.801430  3205  3294 W A       : 	at java.lang.Thread.run(Thread.java:764)
11-02 21:54:21.810137  1686  1799 E WifiStateMachine: getWifiLinkLayerStats called without an interface
11-02 21:54:21.852730  1686  1686 I WearPower: [WearTouchMediator] changing touch input to enabled (ON_AUTO)
11-02 21:54:21.853881  1686  1759 I InputReader: Reconfiguring input devices.  changes=0x00000200
--------- switch to kernel
11-02 21:54:21.799440     0     0 I init    : processing action (ro.enable_core_ctl=true && sys.cw_corectl_mode=perf) from (/vendor/etc/init/hw/init.qcom.rc:954)
11-02 21:54:21.800910     0     0 I CPU2    : update cpu_capacity 1024
--------- switch to main
11-02 21:54:21.865577  1686  1686 D WristGestureCtrl: Starting: GesturesEnabled-false UngazeEnabled-true
11-02 21:54:21.865692  1686  1686 D DefaultUngazeDetector: starting
11-02 21:54:21.865758  1686  1686 D DefaultUngazeDetector: startUngazeStateEstimation(). startTime = 17941295
11-02 21:54:21.865912  1686  1686 W AlarmManagerProxy: Removing unknown listener
11-02 21:54:21.866874   512   512 I sensors-hal: batch:140, android.sensor.accelerometer/48, period=19231000, max_latency=100000000
11-02 21:54:21.867827  1686  1686 W DefaultSettingsContentR: Value for ambient_low_bit_enabled not stored as number. Attempting parse as boolean.
11-02 21:54:21.868355   512   512 I sensors-hal: batch:149, android.sensor.accelerometer/48, period=19231000, max_latency=100000000 request completed
11-02 21:54:21.868719   512   512 I sensors-hal: flush:169, android.sensor.accelerometer/48
11-02 21:54:21.869847   512   512 I sensors-hal: flush:175, android.sensor.accelerometer/48 completed
11-02 21:54:21.877715  3205  3434 W WorkController: Loading failed for worker [trainingcache]: worker not found
11-02 21:54:21.878987  7745  7756 I rtwatch.toolbo: Background concurrent copying GC freed 19723(778KB) AllocSpace objects, 0(0B) LOS objects, 25% free, 2MB/2MB, paused 364us total 116.360ms
11-02 21:54:21.879041  3205  3372 W A       : TrainingCache cache SCREEN_ON failure
11-02 21:54:21.879041  3205  3372 W A       : com.google.android.apps.gsa.search.core.service.h.a.a: No worker found for Worker ID [trainingcache].
11-02 21:54:21.879041  3205  3372 W A       : 	at com.google.android.apps.gsa.search.core.service.g.a.c.a(Unknown Source:5)
11-02 21:54:21.879041  3205  3372 W A       : 	at com.google.android.libraries.gsa.c.a.d.a(Unknown Source:3)
11-02 21:54:21.879041  3205  3372 W A       : 	at com.google.common.p.a.cg.c(Unknown Source:2)
11-02 21:54:21.879041  3205  3372 W A       : 	at com.google.common.p.a.bk.run(SourceFile:3)
11-02 21:54:21.879041  3205  3372 W A       : 	at com.google.common.p.a.ci.run(Unknown Source:4)
11-02 21:54:21.879041  3205  3372 W A       : 	at com.google.apps.tiktok.concurrent.ab.run(SourceFile:1)
11-02 21:54:21.879041  3205  3372 W A       : 	at java.util.concurrent.ThreadPoolExecutor.runWorker(ThreadPoolExecutor.java:1167)
11-02 21:54:21.879041  3205  3372 W A       : 	at java.util.concurrent.ThreadPoolExecutor$Worker.run(ThreadPoolExecutor.java:641)
11-02 21:54:21.879041  3205  3372 W A       : 	at com.google.apps.tiktok.concurrent.c.run(Unknown Source:4)
11-02 21:54:21.879041  3205  3372 W A       : 	at java.lang.Thread.run(Thread.java:764)
11-02 21:54:21.897497   504   523 I SDM     : DisplayBase::SetDisplayState: Set state = 3, display 0
11-02 21:54:21.897691   504   523 D SDM     : HWCDisplayPrimary::SetStandByMode: Display is connected successfully
11-02 21:54:21.898420   416  2389 D SKGHAL  : standBy_update_control call succeed on 0
11-02 21:54:21.898527   416  2389 D SKGHAL  : sendAmbientEvent: done: enable = 0
11-02 21:54:21.899049  1686  1823 D SidekickService:    ... endDisplay returns void
11-02 21:54:21.899583   545   545 D SurfaceFlinger: Set power mode=2, type=0 flinger=0xb6bb6000
11-02 21:54:21.900175   504   764 I SDM     : DisplayBase::SetDisplayState: Set state = 1, display 0
--------- switch to kernel
11-02 21:54:21.835155     0     0 E bgrsb   : bgrsb_enable: rsb will set report rate
11-02 21:54:21.835157     0     0 I CPU2    : update max cpu_capacity 1024
11-02 21:54:21.840087     0     0 I         : [touch]FB_BLANK_VSYNC_SUSPEND
11-02 21:54:21.840091     0     0 I         : [touch]Already in suspend state
11-02 21:54:21.843623     0     0 E bgrsb   : bgrsb_enable: gpio 32 is valid
--------- switch to main
11-02 21:54:21.908741  2520  2520 D HOME    : [StreamDBQueue]Promised revision #2205 to queue a new op
11-02 21:54:21.909078  2520  2520 D WatchStreamManager: Promised rank-blocked=true @ r#2205
11-02 21:54:21.909216   545   545 D SurfaceFlinger: Finished set power mode=2, type=0
11-02 21:54:21.909909  2520  8464 D HOME    : [WatchStreamDB]Item alerting conditions - isInterruptive: false, recentlyInterrupted: false, isItemPinned: false, isUnread: false
--------- switch to kernel
11-02 21:54:21.849751     0     0 I mdss_dsi_panel_set_idle_mode: Idle (1->0)
--------- switch to main
11-02 21:54:21.910298  2520  8464 D HOME    : [StreamAlertingRegulator]isTheaterModeEnabled: false, isAlertingAllowedByOffBody: true, matchesLocalInterruptionFilter: true
11-02 21:54:21.910590  2520  8464 D HOME    : [WatchStreamDB]couldItemAlert: false, isTopItemChanged: false, isDeferralForTopItem: false
--------- switch to kernel
11-02 21:54:21.850503     0     0 E mdp3_enable_panic_ctrl: mdp3_enable_panic_ctrl: Enable Panic Control
11-02 21:54:21.850583     0     0 I         : [touch]FB_BLANK_UNBLANK
--------- switch to system
11-02 21:54:21.911352  1686  1712 W PowerManagerService: Screen on took 341 ms
--------- switch to kernel
11-02 21:54:21.850588     0     0 I         : [touch]raydium_ts_do_resume, 1.
--------- switch to system
11-02 21:54:21.911709  1686  1712 I DreamManagerService: Gently waking up from dream.
--------- switch to kernel
11-02 21:54:21.850958     0     0 I         : [ raydium ]workqueue is empty!
--------- switch to system
11-02 21:54:21.911978  1686  1708 I DreamManagerService: Performing gentle wake from dream.
11-02 21:54:21.912393  1686  1686 V DreamService[AmbientDream]: wakeUp(): fromSystem=true, mWaking=false, mFinished=false
--------- switch to kernel
11-02 21:54:21.850971     0     0 I raydium_ts 5-0039: [touch]Already enable irq
--------- switch to system
11-02 21:54:21.912610  1686  1686 V DreamService[AmbientDream]: finish(): mFinished=false
--------- switch to kernel
11-02 21:54:21.850973     0     0 I         : [touch]Device may wakeup
--------- switch to system
11-02 21:54:21.912691  1686  1686 I DreamManagerService: Leaving dreamland.
11-02 21:54:21.913195  1686  1708 I DreamManagerService: Performing gentle wake from dream.
11-02 21:54:21.913329  1686  1708 I DreamController: Stopping dream: name=ComponentInfo{com.google.android.wearable.ambient/com.google.android.wearable.ambient.AmbientDream}, isTest=false, canDoze=true, userId=0
--------- switch to main
11-02 21:54:21.920144  2520  2714 D HOME    : [TickMonitor]Received time tick
11-02 21:54:21.920107  1686  1686 W AlarmManager: Unrecognized alarm listener com.android.server.job.controllers.-$$Lambda$IdleController$IdlenessTracker$nTdS-lGBXcES5VWKcJFmQFgU7IU@1ab437a
--------- switch to system
11-02 21:54:21.920307  1686  1686 V DreamService[AmbientDream]: detach(): Calling onDreamingStopped()
--------- switch to main
11-02 21:54:21.920384  2520  2714 D HOME    : [TickMonitor]handleTimeTick() finished
11-02 21:54:21.920390  1686  1686 I AmbientService: [ce6a28c] doOnDreamingStopped
11-02 21:54:21.920436  1686  1686 W AlarmManagerProxy: Removing unknown listener
11-02 21:54:21.925100  2520  2520 D HOME    : [HomeVisitsLogger]Logging streamlet event: visit_start
11-02 21:54:21.925271  1686  1686 I AmbientService: [ce6a28c] No auto-resume Activity.
11-02 21:54:21.925354  2520  2520 D HOME    : [HomeVisitsLogger]Logging streamlet event: exit_ambient_mode
11-02 21:54:21.925795  2520  2520 D HOME    : [HotwordController]updateClient MODE_WATCH_FACE false false false true
11-02 21:54:21.926726  2520  2520 D HOME    : [WatchFaceUiController]setInAmbientMode false
11-02 21:54:21.926812  2520  2520 D HOME    : [WatchFaceUiController]sendWatchFaceServiceBinder
--------- switch to system
11-02 21:54:21.929988  1686  1686 W ContextImpl: Calling a method in the system process without a qualified user: android.app.ContextImpl.sendBroadcast:1020 android.content.ContextWrapper.sendBroadcast:449 com.google.android.wearable.ambient.AmbientDream.onDestroy:273 android.app.ActivityThread.handleStopService:3698 android.app.ActivityThread.access$1700:200 
--------- switch to main
11-02 21:54:21.930450  1686  1686 E AlarmManager: cancel() called with a null PendingIntent
--------- switch to system
11-02 21:54:21.930756  1686  1686 V DreamService[AmbientDream]: onDestroy()
--------- switch to main
11-02 21:54:21.931523  2520  2520 D HOME    : [WatchFaceUiController]sendStateToWallpaper
11-02 21:54:21.933503  2520  2520 D HOME    : [WatchFaceUiController]Showing watch face wallpaper.
11-02 21:54:21.933750  2520  2520 D HOME    : [WatchFaceUiController]sendStateToWallpaper
11-02 21:54:21.936743  2520  2520 D HOME    : [StreamDBQueue]Promised revision #2206 to queue a new op
11-02 21:54:21.937096  2520  2520 D WatchStreamManager: Promised rank-blocked=true @ r#2206
11-02 21:54:21.937649  2520  2520 D HOME    : [StreamDBQueue]Promised revision #2207 to queue a new op
11-02 21:54:21.937811  2520  2520 D WatchStreamManager: Promised rank-blocked=true @ r#2207
11-02 21:54:21.938471  2520  2520 D HOME    : [TilesController]Tile refresh optimization is enabled.
11-02 21:54:21.938632  2520  8464 D HOME    : [WatchStreamDB]Item alerting conditions - isInterruptive: false, recentlyInterrupted: false, isItemPinned: false, isUnread: false
11-02 21:54:21.938810  2520  2520 D HOME    : [EventBus]Wrapper pool is full. Discarding excess wrapper instance for event com.google.android.clockwork.sysui.events.KeyguardStateEvent
11-02 21:54:21.938896  2520  2520 D HOME    : [WatchFaceUiController]sendStateToWallpaper
11-02 21:54:21.938905  2520  8464 D HOME    : [StreamAlertingRegulator]isTheaterModeEnabled: false, isAlertingAllowedByOffBody: true, matchesLocalInterruptionFilter: true
11-02 21:54:21.939152  2520  8464 D HOME    : [WatchStreamDB]couldItemAlert: false, isTopItemChanged: false, isDeferralForTopItem: false
11-02 21:54:21.940604  2520  2520 D HOME    : [EventBus]Wrapper pool is full. Discarding excess wrapper instance for event com.google.android.clockwork.sysui.events.KeyguardStateEvent
11-02 21:54:21.940895  2520  2520 D HOME    : [EventBus]Wrapper pool is full. Discarding excess wrapper instance for event com.google.android.clockwork.sysui.events.KeyguardStateEvent
11-02 21:54:21.946801  2520  2520 D HOME    : [WatchFaceUiController]sendStateToWallpaper
11-02 21:54:21.950006  2520  8464 D HOME    : [WatchStreamDB]Item alerting conditions - isInterruptive: false, recentlyInterrupted: false, isItemPinned: false, isUnread: false
11-02 21:54:21.950462  2520  8464 D HOME    : [StreamAlertingRegulator]isTheaterModeEnabled: false, isAlertingAllowedByOffBody: true, matchesLocalInterruptionFilter: true
11-02 21:54:21.950786  2520  8464 D HOME    : [WatchStreamDB]couldItemAlert: false, isTopItemChanged: false, isDeferralForTopItem: false
11-02 21:54:21.951256  2520  2520 W StaticLayout: maxLineHeight should not be -1.  maxLines:1 lineCount:1
11-02 21:54:22.009131  2520  2520 D HOME    : [WatchFaceUiController]sendWatchFaceServiceBinder
11-02 21:54:22.014850  2520  2520 D HOME    : [WatchFaceUiController]sendProperties
11-02 21:54:22.016455  2520  2520 D HOME    : [WatchFaceUiController]sendStateToWallpaper
11-02 21:54:22.032118   512  8531 I sensors-hal: handle_indication_realtime:355,  SCHED_FIFO(10) for qmi_cbk
11-02 21:54:22.135865   512  8533 I sensors-hal: handle_indication_realtime:355,  SCHED_FIFO(10) for qmi_cbk
11-02 21:54:22.498880   512   512 I sensors-hal: activate:107, android.sensor.light/46 en=0
11-02 21:54:22.500014   512   512 I sensors-hal: activate:118, android.sensor.light/46 en=0 completed
11-02 21:54:22.501930   512   512 I sensors-hal: batch:140, android.sensor.light/46, period=250000000, max_latency=0
11-02 21:54:22.502043   512   512 I sensors-hal: batch:149, android.sensor.light/46, period=250000000, max_latency=0 request completed
11-02 21:54:22.502497   512   512 I sensors-hal: activate:107, android.sensor.light/46 en=1
11-02 21:54:22.502860   512   512 I sensors-hal: ssc_enable_rt_task:254, ssc_enable_rt_task : true
11-02 21:54:22.506507   512   512 I sensors-hal: activate:118, android.sensor.light/46 en=1 completed
--------- switch to system
11-02 21:54:22.509786  1686  1686 V SettingsProvider: Notifying for 0: content://settings/system/screen_brightness
--------- switch to main
11-02 21:54:22.513545  1686  1686 I SidekickService: loadBrightnessLocked()
11-02 21:54:22.514474  1686  1686 D SidekickService: screenBrightness  = 51
11-02 21:54:22.515268  1686  1686 D SidekickService: sendConfigValuesLocked(): alsThresholds = [40, 92, 95, 100, 125, 150, 175, 200, 225, 250, 300, 400, 500, 800, 1200], brightnessValuesBright = [50, 56, 60, 70, 80, 90, 100, 115, 120, 140, 160, 180, 200, 220, 240, 255], brightnessValuesDim= [50, 56, 60, 70, 80, 90, 100, 115, 120, 140, 160, 180, 200, 220, 240, 255]
11-02 21:54:22.530778  1686  1686 D SidekickService: setAlsMode(): mode = 2, brightenAlpha = 80, dimmingAlpha = 80
11-02 21:54:22.541945  1686  1686 D SidekickService: setTwmConfig():: msTiltToBright = 10000, tiltToBright = false
11-02 21:54:22.597792   512  8542 I sensors-hal: handle_indication_realtime:355,  SCHED_FIFO(10) for qmi_cbk
--------- switch to system
11-02 21:54:26.570606  1686  1712 I PowerManagerService: Going to sleep due to screen timeout (uid 1000)...
11-02 21:54:26.571783  1686  1712 I DreamManagerService: Entering dreamland.
11-02 21:54:26.572771  1686  1712 I PowerManagerService: Dozing...
11-02 21:54:26.573644  1686  1708 I DreamController: Starting dream: name=ComponentInfo{com.google.android.wearable.ambient/com.google.android.wearable.ambient.AmbientDream}, isTest=false, canDoze=true, userId=0
11-02 21:54:26.575679  1686  1686 W UsageStatsService: Event reported without a package name
11-02 21:54:26.603292  1686  1686 W ContextImpl: Calling a method in the system process without a qualified user: android.app.ContextImpl.bindService:1611 android.content.ContextWrapper.bindService:698 com.google.android.wearable.ambient.AmbientDream.onCreate:191 android.app.ActivityThread.handleCreateService:3533 android.app.ActivityThread.access$1300:200 
11-02 21:54:26.606496  1686  1686 W ContextImpl: Calling a method in the system process without a qualified user: android.app.ContextImpl.sendBroadcast:1005 android.content.ContextWrapper.sendBroadcast:444 com.google.android.wearable.ambient.AmbientDream.onCreate:241 android.app.ActivityThread.handleCreateService:3533 android.app.ActivityThread.access$1300:200 
11-02 21:54:26.607278  1686  1686 V DreamService[AmbientDream]: onBind() intent = Intent { act=android.service.dreams.DreamService flg=0x800000 cmp=com.google.android.wearable.ambient/.AmbientDream }
--------- switch to main
11-02 21:54:26.609411  1686  1686 I AmbientService: [ce6a28c] Ambient Created
--------- switch to system
11-02 21:54:26.610274  1686  1686 V DreamService[AmbientDream]: Calling onDreamingStarted()
--------- switch to main
11-02 21:54:26.610540  1686  1686 I AmbientService: [ce6a28c] doOnDreamingStarted
11-02 21:54:26.611120  1686  1686 D SidekickService: setShouldControlDisplay called: true
11-02 21:54:26.612745  1686  1686 I AmbientService: [ce6a28c] Selected running activity for ambient mode: AmbientActivity[component=ComponentInfo{com.google.android.wearable.app/com.google.android.clockwork.home2.activity.HomeActivity2}, callbacks=@210b385, running=true, ambientRequested=true, ambientEnabled=true, offloadEnabled=true]
11-02 21:54:26.613464  1686  1686 I AmbientService: [ce6a28c] Sidekick is ready to display, requesting doze.
11-02 21:54:26.614140  1686  1686 I AmbientService: [ce6a28c] No auto-resume Activity.
11-02 21:54:26.615960  1686  1686 W DefaultSettingsContentR: Value for ambient_low_bit_enabled not stored as number. Attempting parse as boolean.
11-02 21:54:26.618880  2520  2520 D HOME    : [HomeVisitsLogger]Logging streamlet event: enter_ambient_mode
11-02 21:54:26.619200  1686  1686 I AmbientService: [ce6a28c] Showing watch face in offload mode, canceling alarm.
11-02 21:54:26.619274  1686  1686 W AlarmManagerProxy: Removing unknown listener
11-02 21:54:26.619363  1686  1686 D WristGestureCtrl: Stopping detectors: GesturesEnabled-false gestureDetector-false ungazeEnabled-true ungaze-true
11-02 21:54:26.619399  1686  1686 D DefaultUngazeDetector: stopping
11-02 21:54:26.619525  2520  2520 D HOME    : [HotwordController]updateClient MODE_WATCH_FACE false true false true
11-02 21:54:26.619610  2520  7713 D HOME    : [HomeVisitsLogger]Logging streamlet event: visit_end
11-02 21:54:26.620596  2520  2520 D HOME    : [WatchFaceUiController]setInAmbientMode true
11-02 21:54:26.621243  2520  7713 I SidekickManager: replaceWatchFaceComponentsImpl(): watchFace = com.google.android.clockwork.decomposablewatchface.WatchFaceDecomposition@429e251
11-02 21:54:26.622274  2520  2520 D HOME    : [StreamDBQueue]Promised revision #2208 to queue a new op
11-02 21:54:26.622609  2520  2520 D WatchStreamManager: Promised rank-blocked=false @ r#2208
11-02 21:54:26.623076  2520  2520 D HOME    : [StreamDBQueue]Promised revision #2209 to queue a new op
11-02 21:54:26.623219  2520  2520 D WatchStreamManager: Promised rank-blocked=false @ r#2209
11-02 21:54:26.623468  2520  7941 D HOME    : [WatchStreamDB]Item alerting conditions - isInterruptive: false, recentlyInterrupted: false, isItemPinned: false, isUnread: false
11-02 21:54:26.623671   512  1749 I sensors-hal: batch:140, android.sensor.accelerometer/48, period=66667000, max_latency=100000000
11-02 21:54:26.626501   512  1749 I sensors-hal: batch:149, android.sensor.accelerometer/48, period=66667000, max_latency=100000000 request completed
11-02 21:54:26.627145  1686  2895 D SidekickService: sendWatchFaceComponents called: watchFace = com.google.android.clockwork.decomposablewatchface.WatchFaceDecomposition@c511bacshouldReplace = false
11-02 21:54:26.627388  1686  2895 D SidekickService: Check decomposition for calling app com.google.android.wearable.app with uid 10049
11-02 21:54:26.627965  1686  2895 D SidekickService: sendWatchFaceLocked(): shouldReplace = false, mSidekickIsControlling = false, 1 images, 0 fonts, 0 numbers, 0 proportionalFonts, 0 strings
11-02 21:54:26.628044  1686  2895 D SidekickService: ISidekickGraphics#beginResources()...
11-02 21:54:26.628110  2520  7941 D HOME    : [StreamAlertingRegulator]isTheaterModeEnabled: false, isAlertingAllowedByOffBody: true, matchesLocalInterruptionFilter: true
11-02 21:54:26.628119  2520  2520 D HOME    : [EventBus]Wrapper pool is full. Discarding excess wrapper instance for event com.google.android.clockwork.sysui.events.KeyguardStateEvent
11-02 21:54:26.628227  2520  2520 D HOME    : [WatchFaceUiController]sendStateToWallpaper
11-02 21:54:26.628436  2520  7941 D HOME    : [WatchStreamDB]couldItemAlert: false, isTopItemChanged: false, isDeferralForTopItem: false
11-02 21:54:26.629103  1686  2895 D SidekickServiceUtils: bitmapFromDrawable: Returning bitmap directly
11-02 21:54:26.629543  2520  7941 D HOME    : [WatchStreamDB]Item alerting conditions - isInterruptive: false, recentlyInterrupted: false, isItemPinned: false, isUnread: false
11-02 21:54:26.629958  2520  7941 D HOME    : [StreamAlertingRegulator]isTheaterModeEnabled: false, isAlertingAllowedByOffBody: true, matchesLocalInterruptionFilter: true
11-02 21:54:26.630134  2520  8486 D HOME    : [StreamDBQueue]Promised revision #2210 to queue a new op
11-02 21:54:26.630441  2520  2520 D HOME    : [EventBus]Wrapper pool is full. Discarding excess wrapper instance for event com.google.android.clockwork.sysui.events.KeyguardStateEvent
11-02 21:54:26.630757  2520  2520 D HOME    : [EventBus]Wrapper pool is full. Discarding excess wrapper instance for event com.google.android.clockwork.sysui.events.KeyguardStateEvent
11-02 21:54:26.631143  2520  8486 D WatchStreamManager: Promised rerank @ r#2210
11-02 21:54:26.631144  1686  2895 D SidekickService: sendBitmapsLocked(): bounds = RectF(0.0, 0.0, 0.0024038462, 0.0024038462), drawableInfo = {.id = 100000, .width = 1, .height = 1, .display = true, .offsetX = 0.0, .offsetY = 0.0, .rotationInfo = {.hasRotation = false, .pivotX = 0.0, .pivotY = 0.0, .degreesPerDay = 0.0, .degreesPerStep = 0.0, .zeroDegreesTime = {.daysSinceLocalEpoch = 0, .msSinceMidnight = 0}}, .transformInfo = {.transformed = false, .flipX = false, .flipY = false, .flip45 = false, .scaleX = 0.0, .scaleY = 0.0}, .type = GENERIC, .blink = {.blinking = false, .periodOnMs = 0.0, .periodOffMs = 0.0, .startTime = {.daysSinceLocalEpoch = 0, .msSinceMidnight = 0}}, .zOrder = 8, .displayInTwm = true}, image.size() = 84
11-02 21:54:26.631619  2520  7941 D HOME    : [WatchStreamDB]couldItemAlert: false, isTopItemChanged: false, isDeferralForTopItem: false
11-02 21:54:26.631952   416  2389 D SKGHAL  : saveResource: resId = 100000
11-02 21:54:26.632232  2520  7941 D HOME    : [WatchStreamDB]updateRanking()
11-02 21:54:26.633460  1686  2895 D SidekickService: sendBitmapsLocked(): status = 0, bytesUsed = 18
11-02 21:54:26.633697  1686  2895 D SidekickService: ISidekickGraphics#endResources()...
11-02 21:54:26.634709  2520  7941 D HOME    : [WatchStreamDB]Item alerting conditions - isInterruptive: false, recentlyInterrupted: false, isItemPinned: false, isUnread: false
11-02 21:54:26.635073  2520  7941 D HOME    : [StreamAlertingRegulator]isTheaterModeEnabled: false, isAlertingAllowedByOffBody: true, matchesLocalInterruptionFilter: true
11-02 21:54:26.635348  2520  7941 D HOME    : [WatchStreamDB]couldItemAlert: false, isTopItemChanged: false, isDeferralForTopItem: false
11-02 21:54:26.636509  2520  7941 D HOME    : [NewStreamAdapter]Publishing revision #2210 to adapter clients
11-02 21:54:26.640088  2520  8486 D HOME    : [StreamDBQueue]Promised revision #2211 to queue a new op
11-02 21:54:26.640419  2520  8486 D WatchStreamManager: Promised rerank @ r#2211
11-02 21:54:26.640547  2520  7941 D HOME    : [WatchStreamDB]updateRanking()
11-02 21:54:26.641135  2520  7941 D HOME    : [WatchStreamDB]Item alerting conditions - isInterruptive: false, recentlyInterrupted: false, isItemPinned: false, isUnread: false
11-02 21:54:26.641446  2520  7941 D HOME    : [StreamAlertingRegulator]isTheaterModeEnabled: false, isAlertingAllowedByOffBody: true, matchesLocalInterruptionFilter: true
11-02 21:54:26.641673  2520  7941 D HOME    : [WatchStreamDB]couldItemAlert: false, isTopItemChanged: false, isDeferralForTopItem: false
11-02 21:54:26.642232  2520  7941 D HOME    : [NewStreamAdapter]Publishing revision #2211 to adapter clients
11-02 21:54:26.643911  2520  2520 W StaticLayout: maxLineHeight should not be -1.  maxLines:1 lineCount:1
11-02 21:54:26.908660   416  2389 D SKGHAL  : sendResources: metadata size = 2400, font size = 72
11-02 21:54:26.980371   416  2389 D SKGHAL  : endResources: rc = 0
11-02 21:54:26.983531  1686  1686 W system_server: Long monitor contention with owner Binder:1686_C (2895) at int com.google.android.clockwork.sidekick.SidekickService$BinderService.sendWatchFace(com.google.android.clockwork.decomposablewatchface.WatchFaceDecomposition, boolean)(SidekickService.java:1021) waiters=0 in boolean com.google.android.clockwork.sidekick.SidekickService$BinderService.readyToDisplay() for 350ms
11-02 21:54:26.986206  2520  2520 D HOME    : [SidekickManagerAsync]replaceWatchFaceComponents(): Callback#onResult(): 0
11-02 21:54:26.987071  2520  2520 D HOME    : [WatchFaceUiController]Complication updates sent, posting watch face hiding
11-02 21:54:26.987247  2520  2520 D HOME    : [WatchFaceUiController]Still in ambient watch face, hiding
--------- switch to system
11-02 21:54:26.987338  1686  1686 W Looper  : Slow dispatch took 354ms main h=android.os.Handler c=com.google.android.wearable.ambient.AmbientDream$Callbacks$1@7ff6075 m=0
--------- switch to main
11-02 21:54:26.987613  2520  2520 D HOME    : [WatchFaceUiController]Hiding watch face wallpaper.
--------- switch to kernel
11-02 21:54:26.949973     0     0 E FG      : fg_psy_get_property: unsupported property 7
11-02 21:54:26.952909     0     0 W healthd : battery l=56 v=3852 t=33.0 h=2 st=3 c=161 fc=443000 cc=0 chg=
--------- switch to main
11-02 21:54:27.022257   512  1749 I sensors-hal: activate:107, android.sensor.light/46 en=0
11-02 21:54:27.024091  1956  1956 D QtiCarrierConfigHelper: WARNING, no carrier configs on phone Id: 0
11-02 21:54:27.027313  2520  2520 D HOME    : [BatteryChange]action: android.intent.action.BATTERY_CHANGED
11-02 21:54:27.034266   512  1749 I sensors-hal: activate:118, android.sensor.light/46 en=0 completed
11-02 21:54:27.036912  2520  7713 D HOME    : [BatteryChange]HandleBatteryChangedTask
11-02 21:54:27.038128  2520  7713 D HOME    : [BatteryChange]level: 56, status: 3
--------- switch to system
11-02 21:54:27.059360  1686  1710 I DisplayManagerService: Display device changed state: "Écran intégré", DOZE_SUSPEND
--------- switch to main
11-02 21:54:27.078631   545   545 D SurfaceFlinger: Set power mode=3, type=0 flinger=0xb6bb6000
