11-03 12:37:02.275845  2520 14771 D HOME    : [StreamAlertingRegulator]isTheaterModeEnabled: false, isAlertingAllowedByOffBody: true, matchesLocalInterruptionFilter: true
11-03 12:37:02.276037  2520 14771 D HOME    : [WatchStreamDB]couldItemAlert: false, isTopItemChanged: false, isDeferralForTopItem: false
11-03 12:37:02.280643  2520 14771 D HOME    : [NewStreamAdapter]Publishing revision #5723 to adapter clients
11-03 12:37:02.282201  2520  2520 D HOME    : [EventBus]Wrapper pool is full. Discarding excess wrapper instance for event com.google.android.clockwork.sysui.events.KeyguardStateEvent
11-03 12:37:02.282311  2520  2520 D HOME    : [WatchFaceUiController]sendStateToWallpaper
11-03 12:37:02.284098  2520  2520 D HOME    : [EventBus]Wrapper pool is full. Discarding excess wrapper instance for event com.google.android.clockwork.sysui.events.KeyguardStateEvent
11-03 12:37:02.284333  2520  2520 D HOME    : [EventBus]Wrapper pool is full. Discarding excess wrapper instance for event com.google.android.clockwork.sysui.events.KeyguardStateEvent
11-03 12:37:02.290551  2520  2520 W StaticLayout: maxLineHeight should not be -1.  maxLines:1 lineCount:1
11-03 12:37:02.297085  2520 14535 D HOME    : [StreamDBQueue]Promised revision #5724 to queue a new op
11-03 12:37:02.297611  2520 14535 D WatchStreamManager: Promised rerank @ r#5724
11-03 12:37:02.297924  2520 14771 D HOME    : [WatchStreamDB]updateRanking()
11-03 12:37:02.298429  2520 14771 D HOME    : [WatchStreamDB]Item alerting conditions - isInterruptive: true, recentlyInterrupted: false, isItemPinned: false, isUnread: false
11-03 12:37:02.298675  2520 14771 D HOME    : [StreamAlertingRegulator]isTheaterModeEnabled: false, isAlertingAllowedByOffBody: true, matchesLocalInterruptionFilter: true
11-03 12:37:02.298837  2520 14771 D HOME    : [WatchStreamDB]couldItemAlert: false, isTopItemChanged: false, isDeferralForTopItem: false
11-03 12:37:02.299317  2520 14771 D HOME    : [NewStreamAdapter]Publishing revision #5724 to adapter clients
11-03 12:37:02.318683  1956  1956 D QtiCarrierConfigHelper: WARNING, no carrier configs on phone Id: 0
11-03 12:37:02.320864  2520  2520 D HOME    : [BatteryChange]action: android.intent.action.BATTERY_CHANGED
--------- switch to kernel
11-03 12:37:02.164529     0     0 E FG      : fg_psy_get_property: unsupported property 7
11-03 12:37:02.166350     0     0 W healthd : battery l=1 v=3542 t=30.0 h=2 st=3 c=208 fc=443000 cc=0 chg=
--------- switch to main
11-03 12:37:02.333142  2520 14469 D HOME    : [BatteryChange]HandleBatteryChangedTask
11-03 12:37:02.333556  2520 14469 D HOME    : [BatteryChange]level: 1, status: 3
11-03 12:37:02.332841  2520 14787 I SidekickManager: replaceWatchFaceComponentsImpl(): watchFace = com.google.android.clockwork.decomposablewatchface.WatchFaceDecomposition@634c10c
11-03 12:37:02.335715  1686  2468 D SidekickService: sendWatchFaceComponents called: watchFace = com.google.android.clockwork.decomposablewatchface.WatchFaceDecomposition@9af78dfshouldReplace = false
11-03 12:37:02.335900  1686  2468 D SidekickService: Check decomposition for calling app com.google.android.wearable.app with uid 10049
11-03 12:37:02.336219  1686  2468 D SidekickService: sendWatchFaceLocked(): shouldReplace = false, mSidekickIsControlling = false, 1 images, 0 fonts, 0 numbers, 0 proportionalFonts, 0 strings
11-03 12:37:02.336295  1686  2468 D SidekickService: ISidekickGraphics#beginResources()...
11-03 12:37:02.336698  2520 14469 D HOME    : [BatteryChange]updateStreamItem
11-03 12:37:02.337289  1686  2468 D SidekickServiceUtils: bitmapFromDrawable: Returning bitmap directly
11-03 12:37:02.338938  1686  2468 D SidekickService: sendBitmapsLocked(): bounds = RectF(0.47115386, 0.33653846, 0.52884614, 0.39423078), drawableInfo = {.id = 100000, .width = 24, .height = 24, .display = true, .offsetX = 193.0, .offsetY = 137.0, .rotationInfo = {.hasRotation = false, .pivotX = 0.0, .pivotY = 0.0, .degreesPerDay = 0.0, .degreesPerStep = 0.0, .zeroDegreesTime = {.daysSinceLocalEpoch = 0, .msSinceMidnight = 0}}, .transformInfo = {.transformed = false, .flipX = false, .flipY = false, .flip45 = false, .scaleX = 0.0, .scaleY = 0.0}, .type = GENERIC, .blink = {.blinking = false, .periodOnMs = 0.0, .periodOffMs = 0.0, .startTime = {.daysSinceLocalEpoch = 0, .msSinceMidnight = 0}}, .zOrder = 8, .displayInTwm = true}, image.size() = 97
11-03 12:37:02.339764   416  2389 D SKGHAL  : saveResource: resId = 100000
11-03 12:37:02.340343  1686  2468 D SidekickService: sendBitmapsLocked(): status = 0, bytesUsed = 64
11-03 12:37:02.340500  1686  2468 D SidekickService: ISidekickGraphics#endResources()...
11-03 12:37:02.342871   512  1749 I sensors-hal: activate:107, android.sensor.light/46 en=0
11-03 12:37:02.343585   512  1749 I sensors-hal: activate:118, android.sensor.light/46 en=0 completed
--------- switch to system
11-03 12:37:02.346965  1686  1710 I DisplayManagerService: Display device changed state: "Écran intégré", DOZE_SUSPEND
--------- switch to main
11-03 12:37:02.361004   545   545 D SurfaceFlinger: Set power mode=3, type=0 flinger=0xb6bb6000
11-03 12:37:02.361486   504   762 I SDM     : DisplayBase::SetDisplayState: Set state = 3, display 0
11-03 12:37:02.365701  1686  1759 I InputReader: Reconfiguring input devices.  changes=0x00000004
11-03 12:37:02.381746  2520 14469 D HOME    : [BatteryChange]batteryHistory size: 20'
11-03 12:37:02.382822  2520 14469 D HOME    : [BatteryChange]timeDelta: 14117144
11-03 12:37:02.383544  2520 14469 D HOME    : [BatteryChange]levelDelta: 21
11-03 12:37:02.397270   545   545 D SurfaceFlinger: Finished set power mode=3, type=0
--------- switch to kernel
11-03 12:37:02.214132     0     0 I mdss_dsi_panel_set_idle_mode: Idle (0->1)
11-03 12:37:02.245930     0     0 I         : [touch]FB_BLANK_VSYNC_SUSPEND
11-03 12:37:02.245936     0     0 I         : [touch]irq disable
11-03 12:37:02.245939     0     0 I         : [touch]workqueue is empty!
11-03 12:37:02.245942     0     0 I         : [touch]raydium_ts_do_suspend.
11-03 12:37:02.245951     0     0 I         : [touch]Device may wakeup
11-03 12:37:02.249567     0     0 I         : [touch]irq enable
--------- switch to main
11-03 12:37:02.532375   416  2389 D SKGHAL  : sendResources: metadata size = 2400, font size = 72
11-03 12:37:02.597778   416  2389 D SKGHAL  : endResources: rc = 0
11-03 12:37:02.598804  1686  1823 I SidekickService: beginDisplayLocked(): DOZE_SUSPEND
11-03 12:37:02.600149  2520  2520 D HOME    : [SidekickManagerAsync]replaceWatchFaceComponents(): Callback#onResult(): 0
11-03 12:37:02.600596  2520  2520 D HOME    : [WatchFaceUiController]Complication updates sent, posting watch face hiding
11-03 12:37:02.600759  2520  2520 D HOME    : [WatchFaceUiController]Still in ambient watch face, hiding
11-03 12:37:02.600837  2520  2520 D HOME    : [WatchFaceUiController]Hiding watch face wallpaper.
11-03 12:37:02.604863   416  2389 D SKGHAL  : sendAmbientPrepare: enter:
11-03 12:37:02.721713   416  2389 D SKGHAL  : sendAmbientEvent: enter: enable = 1
11-03 12:37:02.722903   504   523 I SDM     : DisplayBase::SetDisplayState: Set state = 4, display 0
11-03 12:37:02.759180   504   523 D SDM     : HWCDisplayPrimary::SetStandByMode: Null display is connected successfully
11-03 12:37:02.759569   416  2389 D SKGHAL  : standBy_update_control call succeed on 1
11-03 12:37:02.772906   416  2389 D SKGHAL  : sendAmbientEvent: done: enable = 1
11-03 12:37:02.773459  1686  1823 D SidekickService:    ... beginDisplay result: 0 for halPower: 1
11-03 12:37:02.777194   512  1749 I sensors-hal: activate:107, android.sensor.accelerometer/48 en=0
11-03 12:37:02.778610   512  1749 I sensors-hal: activate:118, android.sensor.accelerometer/48 en=0 completed
11-03 12:37:02.786165  1686  1799 E WifiStateMachine: getWifiLinkLayerStats called without an interface
--------- switch to kernel
11-03 12:37:02.635101     0     0 E bgrsb   : bgrsb_enable: gpio 32 is valid
--------- switch to main
11-03 12:37:02.810430  1686  1686 I WearPower: [WearTouchMediator] changing touch input to enabled (ON_AUTO)
11-03 12:37:02.812260  1686  1759 I InputReader: Reconfiguring input devices.  changes=0x00000200
11-03 12:37:02.822861  1686  1686 I AmbientService: [ce6a28c] Timeout alarm not required, auto-resume timeout handled by dream.
--------- switch to kernel
11-03 12:37:02.669162     0     0 I init    : processing action (ro.enable_core_ctl=true && sys.cw_corectl_mode=idle) from (/vendor/etc/init/hw/init.qcom.rc:949)
--------- switch to main
11-03 12:37:02.834854  3205  3434 W WorkController: Loading failed for worker [trainingcache]: worker not found
11-03 12:37:02.836133  3205  3294 W A       : TrainingCache cache SCREEN_OFF failure
11-03 12:37:02.836133  3205  3294 W A       : com.google.android.apps.gsa.search.core.service.h.a.a: No worker found for Worker ID [trainingcache].
11-03 12:37:02.836133  3205  3294 W A       : 	at com.google.android.apps.gsa.search.core.service.g.a.c.a(Unknown Source:5)
11-03 12:37:02.836133  3205  3294 W A       : 	at com.google.android.libraries.gsa.c.a.d.a(Unknown Source:3)
11-03 12:37:02.836133  3205  3294 W A       : 	at com.google.common.p.a.cg.c(Unknown Source:2)
11-03 12:37:02.836133  3205  3294 W A       : 	at com.google.common.p.a.bk.run(SourceFile:3)
11-03 12:37:02.836133  3205  3294 W A       : 	at com.google.common.p.a.ci.run(Unknown Source:4)
11-03 12:37:02.836133  3205  3294 W A       : 	at com.google.apps.tiktok.concurrent.ab.run(SourceFile:1)
11-03 12:37:02.836133  3205  3294 W A       : 	at java.util.concurrent.ThreadPoolExecutor.runWorker(ThreadPoolExecutor.java:1167)
11-03 12:37:02.836133  3205  3294 W A       : 	at java.util.concurrent.ThreadPoolExecutor$Worker.run(ThreadPoolExecutor.java:641)
11-03 12:37:02.836133  3205  3294 W A       : 	at com.google.apps.tiktok.concurrent.c.run(Unknown Source:4)
11-03 12:37:02.836133  3205  3294 W A       : 	at java.lang.Thread.run(Thread.java:764)
11-03 12:37:02.851968  2520  2520 D HOME    : [StreamDBQueue]Promised revision #5725 to queue a new op
11-03 12:37:02.852239  2520  2520 D WatchStreamManager: Promised rank-blocked=false @ r#5725
11-03 12:37:02.852489  2520  2520 D HOME    : [CompactHunStarter]detachWindow()
11-03 12:37:02.853087  2520 14787 D HOME    : [WatchStreamDB]Item alerting conditions - isInterruptive: true, recentlyInterrupted: false, isItemPinned: false, isUnread: false
11-03 12:37:02.853100  2520 14469 D HOME    : [StreamDBQueue]Promised revision #5726 to queue a new op
11-03 12:37:02.853238  2520 14469 D WatchStreamManager: Promised rerank @ r#5726
11-03 12:37:02.853395  2520 14787 D HOME    : [StreamAlertingRegulator]isTheaterModeEnabled: false, isAlertingAllowedByOffBody: true, matchesLocalInterruptionFilter: true
11-03 12:37:02.853585  2520 14787 D HOME    : [WatchStreamDB]couldItemAlert: false, isTopItemChanged: false, isDeferralForTopItem: false
11-03 12:37:02.854010  2520 14787 D HOME    : [WatchStreamDB]updateRanking()
11-03 12:37:02.854496  2520 14787 D HOME    : [WatchStreamDB]Item alerting conditions - isInterruptive: true, recentlyInterrupted: false, isItemPinned: false, isUnread: false
11-03 12:37:02.854762  2520 14787 D HOME    : [StreamAlertingRegulator]isTheaterModeEnabled: false, isAlertingAllowedByOffBody: true, matchesLocalInterruptionFilter: true
11-03 12:37:02.854960  2520 14787 D HOME    : [WatchStreamDB]couldItemAlert: false, isTopItemChanged: false, isDeferralForTopItem: false
11-03 12:37:02.855473  2520 14787 D HOME    : [NewStreamAdapter]Publishing revision #5726 to adapter clients
--------- switch to kernel
11-03 12:37:02.878751     0     0 I PM      : suspend entry 2021-11-03 11:37:02.878751896 UTC
11-03 12:37:02.878761     0     0 I PM      : Syncing filesystems ... done.
11-03 12:37:02.901251     0     0 I         : Freezing user space processes ... (elapsed 0.005 seconds) done.
11-03 12:37:02.907206     0     0 I         : Freezing remaining freezable tasks ... (elapsed 0.002 seconds) done.
11-03 12:37:02.910191     0     0 I         : Suspending console(s) (use no_console_suspend to debug)
11-03 12:37:02.920624     0     0 I mdss_dsi_panel_set_idle_mode: Idle (1->1)
11-03 12:37:02.956348     0     0 I bgcom   : bgcom_pm_suspend: suspended with : 0
11-03 12:37:02.979314     0     0 I PM      : suspend of devices complete after 67.585 msecs
11-03 12:37:02.982181     0     0 I PM      : late suspend of devices complete after 2.848 msecs
11-03 12:37:02.985203     0     0 I PM      : noirq suspend of devices complete after 3.006 msecs
11-03 12:37:02.985210     0     0 I         : Disabling non-boot CPUs ...
11-03 12:37:03.002532     0     0 W         : IRQ21 no longer affine to CPU1
11-03 12:37:03.003346     0     0 I CPU1    : shutdown
11-03 12:37:03.004208     0     0 I suspend ns: 4721835006618	suspend cycles:    1361478502541
11-03 12:37:03.004198     0     0 I CPU0    : msm_cpu_pm_enter_sleep mode:3 during suspend
11-03 12:37:03.004198     0     0 I         : Suspended for 2.506 seconds
11-03 12:37:03.004198     0     0 I resume cycles: 1361526636758
11-03 12:37:03.004506     0     0 I         : Enabling non-boot CPUs ...
11-03 12:37:03.004838     0     0 I CPU1    : update cpu_capacity 1024
11-03 12:37:03.005793     0     0 I         : CPU1 is up
11-03 12:37:03.007387     0     0 I PM      : noirq resume of devices complete after 1.421 msecs
11-03 12:37:03.010052     0     0 I PM      : early resume of devices complete after 1.689 msecs
11-03 12:37:03.011819     0     0 I CPU0    : update max cpu_capacity 748
11-03 12:37:03.032403     0     0 I bgcom   : bgcom_pm_resume: Bgcom resumed with : 0
11-03 12:37:03.041944     0     0 I mdss_dsi_panel_set_idle_mode: Idle (1->1)
11-03 12:37:03.074819     0     0 I PM      : resume of devices complete after 64.729 msecs
11-03 12:37:03.076707     0     0 I         : Restarting tasks ...
11-03 12:37:03.078675     0     0 W QSEECOM : qseecom_receive_req: Interrupted: exiting Listener Service = 8192
11-03 12:37:03.078783     0     0 W QSEECOM : qseecom_receive_req: Interrupted: exiting Listener Service = 12288
11-03 12:37:03.078814     0     0 W QSEECOM : qseecom_receive_req: Interrupted: exiting Listener Service = 11
11-03 12:37:03.078851     0     0 W QSEECOM : qseecom_receive_req: Interrupted: exiting Listener Service = 10
11-03 12:37:03.082003     0     0 W QSEECOM : qseecom_receive_req: Interrupted: exiting Listener Service = 28672
11-03 12:37:03.088516     0     0 I         : done.
11-03 12:37:05.596206     0     0 I PM      : suspend exit 2021-11-03 11:37:05.596206635 UTC
--------- switch to system
11-03 12:37:05.593905  1686  1686 I PowerManagerService: Waking up from dozing (uid=1000 reason=tiltToWake)...
11-03 12:37:05.608916  1686  1686 W UsageStatsService: Event reported without a package name
--------- switch to kernel
11-03 12:37:05.612421     0     0 E FG      : fg_psy_get_property: unsupported property 7
11-03 12:37:05.466914     0     0 W healthd : battery l=1 v=3656 t=30.0 h=2 st=3 c=5 fc=443000 cc=0 chg=
--------- switch to main
11-03 12:37:05.629648   512  1749 I sensors-hal: batch:140, android.sensor.light/46, period=100000000, max_latency=0
11-03 12:37:05.629775   512  1749 I sensors-hal: batch:149, android.sensor.light/46, period=100000000, max_latency=0 request completed
11-03 12:37:05.630903   512  1749 I sensors-hal: activate:107, android.sensor.light/46 en=1
11-03 12:37:05.631298   512  1749 I sensors-hal: ssc_enable_rt_task:254, ssc_enable_rt_task : true
11-03 12:37:05.633992   512  1749 I sensors-hal: activate:118, android.sensor.light/46 en=1 completed
11-03 12:37:05.636247  1686  1823 I SidekickService: endDisplayLocked()
--------- switch to system
11-03 12:37:05.636603  1686  1710 I DisplayManagerService: Display device changed state: "Écran intégré", ON
--------- switch to main
11-03 12:37:05.636784   416  2389 D SKGHAL  : sendAmbientEvent: enter: enable = 0
11-03 12:37:05.649127   512  1749 I sensors-hal: batch:140, android.sensor.accelerometer/48, period=66667000, max_latency=100000000
11-03 12:37:05.649195   512  1749 I sensors-hal: batch:149, android.sensor.accelerometer/48, period=66667000, max_latency=100000000 request completed
11-03 12:37:05.649441   512  1749 I sensors-hal: activate:107, android.sensor.accelerometer/48 en=1
11-03 12:37:05.649702   512  1749 I sensors-hal: ssc_enable_rt_task:254, ssc_enable_rt_task : true
11-03 12:37:05.653150   512  1749 I sensors-hal: activate:118, android.sensor.accelerometer/48 en=1 completed
11-03 12:37:05.655053  4243  4243 D OMService: onDisplayChanged: not dozing
11-03 12:37:05.658210  2520  2520 D HOME    : [BatteryChange]action: android.intent.action.BATTERY_CHANGED
11-03 12:37:05.659234  2520 14469 D HOME    : [BatteryChange]HandleBatteryChangedTask
11-03 12:37:05.659608  2520 14469 D HOME    : [BatteryChange]level: 1, status: 3
11-03 12:37:05.660178  2520 14469 D HOME    : [BatteryChange]updateStreamItem
11-03 12:37:05.664306  1686  1799 E WifiStateMachine: getWifiLinkLayerStats called without an interface
--------- switch to kernel
11-03 12:37:05.550633     0     0 I init    : processing action (ro.enable_core_ctl=true && sys.cw_corectl_mode=perf) from (/vendor/etc/init/hw/init.qcom.rc:954)
11-03 12:37:05.552051     0     0 I CPU2    : update cpu_capacity 1024
--------- switch to main
11-03 12:37:05.669997  1686  1759 I InputReader: Reconfiguring input devices.  changes=0x00000004
11-03 12:37:05.669971  1956  1956 D QtiCarrierConfigHelper: WARNING, no carrier configs on phone Id: 0
--------- switch to kernel
11-03 12:37:05.553027     0     0 W         : IRQ21 no longer affine to CPU2
11-03 12:37:05.553675     0     0 I CPU2    : shutdown
11-03 12:37:05.557337     0     0 I CPU3    : update cpu_capacity 1024
11-03 12:37:05.558891     0     0 I CPU3    : shutdown
--------- switch to system
11-03 12:37:05.681244  1686  1702 W BroadcastQueue: Background execution not allowed: receiving Intent { act=android.intent.action.USER_PRESENT flg=0x10 } to com.google.android.gms/.auth.setup.devicesignals.LockScreenReceiver
11-03 12:37:05.681545  1686  1702 W BroadcastQueue: Background execution not allowed: receiving Intent { act=android.intent.action.USER_PRESENT flg=0x10 } to com.google.android.gms/.chimera.GmsIntentOperationService$PersistentTrustedReceiver
--------- switch to main
11-03 12:37:05.684994  3205  3434 W WorkController: Loading failed for worker [trainingcache]: worker not found
11-03 12:37:05.685781  3205  3372 W A       : TrainingCache cache DEVICE_UNLOCKED failure
11-03 12:37:05.685781  3205  3372 W A       : com.google.android.apps.gsa.search.core.service.h.a.a: No worker found for Worker ID [trainingcache].
11-03 12:37:05.685781  3205  3372 W A       : 	at com.google.android.apps.gsa.search.core.service.g.a.c.a(Unknown Source:5)
11-03 12:37:05.685781  3205  3372 W A       : 	at com.google.android.libraries.gsa.c.a.d.a(Unknown Source:3)
11-03 12:37:05.685781  3205  3372 W A       : 	at com.google.common.p.a.cg.c(Unknown Source:2)
11-03 12:37:05.685781  3205  3372 W A       : 	at com.google.common.p.a.bk.run(SourceFile:3)
11-03 12:37:05.685781  3205  3372 W A       : 	at com.google.common.p.a.ci.run(Unknown Source:4)
11-03 12:37:05.685781  3205  3372 W A       : 	at com.google.apps.tiktok.concurrent.ab.run(SourceFile:1)
11-03 12:37:05.685781  3205  3372 W A       : 	at java.util.concurrent.ThreadPoolExecutor.runWorker(ThreadPoolExecutor.java:1167)
11-03 12:37:05.685781  3205  3372 W A       : 	at java.util.concurrent.ThreadPoolExecutor$Worker.run(ThreadPoolExecutor.java:641)
11-03 12:37:05.685781  3205  3372 W A       : 	at com.google.apps.tiktok.concurrent.c.run(Unknown Source:4)
11-03 12:37:05.685781  3205  3372 W A       : 	at java.lang.Thread.run(Thread.java:764)
11-03 12:37:05.694534  1686  1686 I WearPower: [WearTouchMediator] changing touch input to enabled (ON_AUTO)
11-03 12:37:05.695379  1686  1759 I InputReader: Reconfiguring input devices.  changes=0x00000200
11-03 12:37:05.711296  1686  1686 D WristGestureCtrl: Starting: GesturesEnabled-false UngazeEnabled-true
11-03 12:37:05.711373  1686  1686 D DefaultUngazeDetector: starting
11-03 12:37:05.711428  1686  1686 D DefaultUngazeDetector: startUngazeStateEstimation(). startTime = 70905141
11-03 12:37:05.711554  1686  1686 W AlarmManagerProxy: Removing unknown listener
11-03 12:37:05.713382  1686  1686 W DefaultSettingsContentR: Value for ambient_low_bit_enabled not stored as number. Attempting parse as boolean.
11-03 12:37:05.715359   512  1749 I sensors-hal: batch:140, android.sensor.accelerometer/48, period=19231000, max_latency=100000000
11-03 12:37:05.716601   512  1749 I sensors-hal: batch:149, android.sensor.accelerometer/48, period=19231000, max_latency=100000000 request completed
11-03 12:37:05.716952   512  1749 I sensors-hal: flush:169, android.sensor.accelerometer/48
11-03 12:37:05.718092   512  1749 I sensors-hal: flush:175, android.sensor.accelerometer/48 completed
11-03 12:37:05.727753  2520 14469 D HOME    : [BatteryChange]batteryHistory size: 20'
11-03 12:37:05.728007  2520 14469 D HOME    : [BatteryChange]timeDelta: 14117144
11-03 12:37:05.728157  2520 14469 D HOME    : [BatteryChange]levelDelta: 21
11-03 12:37:05.738042  3205  3434 W WorkController: Loading failed for worker [trainingcache]: worker not found
11-03 12:37:05.738865  3205  3294 W A       : TrainingCache cache SCREEN_ON failure
11-03 12:37:05.738865  3205  3294 W A       : com.google.android.apps.gsa.search.core.service.h.a.a: No worker found for Worker ID [trainingcache].
11-03 12:37:05.738865  3205  3294 W A       : 	at com.google.android.apps.gsa.search.core.service.g.a.c.a(Unknown Source:5)
11-03 12:37:05.738865  3205  3294 W A       : 	at com.google.android.libraries.gsa.c.a.d.a(Unknown Source:3)
11-03 12:37:05.738865  3205  3294 W A       : 	at com.google.common.p.a.cg.c(Unknown Source:2)
11-03 12:37:05.738865  3205  3294 W A       : 	at com.google.common.p.a.bk.run(SourceFile:3)
11-03 12:37:05.738865  3205  3294 W A       : 	at com.google.common.p.a.ci.run(Unknown Source:4)
11-03 12:37:05.738865  3205  3294 W A       : 	at com.google.apps.tiktok.concurrent.ab.run(SourceFile:1)
11-03 12:37:05.738865  3205  3294 W A       : 	at java.util.concurrent.ThreadPoolExecutor.runWorker(ThreadPoolExecutor.java:1167)
11-03 12:37:05.738865  3205  3294 W A       : 	at java.util.concurrent.ThreadPoolExecutor$Worker.run(ThreadPoolExecutor.java:641)
11-03 12:37:05.738865  3205  3294 W A       : 	at com.google.apps.tiktok.concurrent.c.run(Unknown Source:4)
11-03 12:37:05.738865  3205  3294 W A       : 	at java.lang.Thread.run(Thread.java:764)
--------- switch to kernel
11-03 12:37:05.585071     0     0 E bgrsb   : bgrsb_enable: rsb will set report rate
11-03 12:37:05.591422     0     0 E bgrsb   : bgrsb_enable: gpio 32 is valid
--------- switch to main
11-03 12:37:05.761321  2520  2520 D HOME    : [StreamDBQueue]Promised revision #5727 to queue a new op
11-03 12:37:05.761569  2520  2520 D WatchStreamManager: Promised rank-blocked=true @ r#5727
11-03 12:37:05.761996  2520  2520 D HOME    : [StreamPreviewer]preview StreamItemId{notifKey=-1|android|51|null|1000, packageName=android, id=51} ambient=false screenOff=false onWatchface=true streamUsage=HUN_STREAM ambientPreviewEnabled=true
11-03 12:37:05.761995  2520 14469 D HOME    : [WatchStreamDB]Item alerting conditions - isInterruptive: true, recentlyInterrupted: false, isItemPinned: false, isUnread: false
11-03 12:37:05.762066  2520  2520 D HOME    : [StreamPreviewer]HUN preview
11-03 12:37:05.762238  2520 14469 D HOME    : [StreamAlertingRegulator]isTheaterModeEnabled: false, isAlertingAllowedByOffBody: true, matchesLocalInterruptionFilter: true
11-03 12:37:05.762438  2520 14469 D HOME    : [WatchStreamDB]couldItemAlert: false, isTopItemChanged: false, isDeferralForTopItem: false
11-03 12:37:05.794113   512 14850 I sensors-hal: handle_indication_realtime:355,  SCHED_FIFO(10) for qmi_cbk
11-03 12:37:05.870282   504   523 I SDM     : DisplayBase::SetDisplayState: Set state = 3, display 0
11-03 12:37:05.870511   504   523 D SDM     : HWCDisplayPrimary::SetStandByMode: Display is connected successfully
11-03 12:37:05.870811   416  2389 D SKGHAL  : standBy_update_control call succeed on 0
11-03 12:37:05.870878   416  2389 D SKGHAL  : sendAmbientEvent: done: enable = 0
11-03 12:37:05.871614  1686  1823 D SidekickService:    ... endDisplay returns void
11-03 12:37:05.872611   545   545 D SurfaceFlinger: Set power mode=2, type=0 flinger=0xb6bb6000
11-03 12:37:05.872949   504   762 I SDM     : DisplayBase::SetDisplayState: Set state = 1, display 0
--------- switch to kernel
11-03 12:37:05.722971     0     0 I         : [touch]FB_BLANK_VSYNC_SUSPEND
11-03 12:37:05.722975     0     0 I         : [touch]Already in suspend state
--------- switch to main
11-03 12:37:05.883028   545   545 D SurfaceFlinger: Finished set power mode=2, type=0
--------- switch to system
11-03 12:37:05.885935  1686  1712 W PowerManagerService: Screen on took 382 ms
11-03 12:37:05.886324  1686  1712 I DreamManagerService: Gently waking up from dream.
11-03 12:37:05.886941  1686  1708 I DreamManagerService: Performing gentle wake from dream.
11-03 12:37:05.887286  1686  1686 V DreamService[AmbientDream]: wakeUp(): fromSystem=true, mWaking=false, mFinished=false
11-03 12:37:05.887408  1686  1686 V DreamService[AmbientDream]: finish(): mFinished=false
11-03 12:37:05.887497  1686  1686 I DreamManagerService: Leaving dreamland.
11-03 12:37:05.888085  1686  1708 I DreamManagerService: Performing gentle wake from dream.
--------- switch to kernel
11-03 12:37:05.732616     0     0 I mdss_dsi_panel_set_idle_mode: Idle (1->0)
11-03 12:37:05.734114     0     0 E mdp3_enable_panic_ctrl: mdp3_enable_panic_ctrl: Enable Panic Control
11-03 12:37:05.734192     0     0 I         : [touch]FB_BLANK_UNBLANK
11-03 12:37:05.734200     0     0 I         : [touch]raydium_ts_do_resume, 1.
11-03 12:37:05.734543     0     0 I         : [ raydium ]workqueue is empty!
11-03 12:37:05.734560     0     0 I raydium_ts 5-0039: [touch]Already enable irq
11-03 12:37:05.734563     0     0 I         : [touch]Device may wakeup
--------- switch to system
11-03 12:37:05.888236  1686  1708 I DreamController: Stopping dream: name=ComponentInfo{com.google.android.wearable.ambient/com.google.android.wearable.ambient.AmbientDream}, isTest=false, canDoze=true, userId=0
11-03 12:37:05.890399  1686  1686 V DreamService[AmbientDream]: detach(): Calling onDreamingStopped()
--------- switch to main
11-03 12:37:05.890531  1686  1686 I AmbientService: [ce6a28c] doOnDreamingStopped
11-03 12:37:05.890608  1686  1686 W AlarmManagerProxy: Removing unknown listener
11-03 12:37:05.896964  1686  1686 I AmbientService: [ce6a28c] No auto-resume Activity.
11-03 12:37:05.896944  2520  2520 D HOME    : [HomeVisitsLogger]Logging streamlet event: visit_start
11-03 12:37:05.897302  2520  2520 D HOME    : [HomeVisitsLogger]Logging streamlet event: exit_ambient_mode
11-03 12:37:05.897788  2520  2520 D HOME    : [HotwordController]updateClient MODE_WATCH_FACE false false false true
11-03 12:37:05.899279  2520  2520 D HOME    : [WatchFaceUiController]setInAmbientMode false
11-03 12:37:05.899395  2520  2520 D HOME    : [WatchFaceUiController]sendWatchFaceServiceBinder
11-03 12:37:05.905605  2520  2520 D HOME    : [WatchFaceUiController]sendStateToWallpaper
11-03 12:37:05.907046  1686  1686 W AlarmManager: Unrecognized alarm listener com.android.server.job.controllers.-$$Lambda$IdleController$IdlenessTracker$nTdS-lGBXcES5VWKcJFmQFgU7IU@1ab437a
--------- switch to system
11-03 12:37:05.910736  1686  1686 W ContextImpl: Calling a method in the system process without a qualified user: android.app.ContextImpl.sendBroadcast:1020 android.content.ContextWrapper.sendBroadcast:449 com.google.android.wearable.ambient.AmbientDream.onDestroy:273 android.app.ActivityThread.handleStopService:3698 android.app.ActivityThread.access$1700:200 
--------- switch to main
11-03 12:37:05.911240  1686  1686 E AlarmManager: cancel() called with a null PendingIntent
--------- switch to system
11-03 12:37:05.911577  1686  1686 V DreamService[AmbientDream]: onDestroy()
--------- switch to main
11-03 12:37:05.913751  2520  2520 D HOME    : [WatchFaceUiController]Showing watch face wallpaper.
11-03 12:37:05.913953  2520  2520 D HOME    : [WatchFaceUiController]sendStateToWallpaper
11-03 12:37:05.916956  2520  2520 D HOME    : [StreamDBQueue]Promised revision #5728 to queue a new op
11-03 12:37:05.917254  2520  2520 D WatchStreamManager: Promised rank-blocked=true @ r#5728
11-03 12:37:05.917659  2520  2520 D HOME    : [StreamDBQueue]Promised revision #5729 to queue a new op
11-03 12:37:05.917829  2520  2520 D WatchStreamManager: Promised rank-blocked=true @ r#5729
11-03 12:37:05.918003  2520 14787 D HOME    : [WatchStreamDB]Item alerting conditions - isInterruptive: true, recentlyInterrupted: false, isItemPinned: false, isUnread: false
11-03 12:37:05.918322  2520 14787 D HOME    : [StreamAlertingRegulator]isTheaterModeEnabled: false, isAlertingAllowedByOffBody: true, matchesLocalInterruptionFilter: true
11-03 12:37:05.918424  2520  2520 D HOME    : [TilesController]Tile refresh optimization is enabled.
11-03 12:37:05.918561  2520 14787 D HOME    : [WatchStreamDB]couldItemAlert: false, isTopItemChanged: false, isDeferralForTopItem: false
11-03 12:37:05.918685  2520  2520 D HOME    : [EventBus]Wrapper pool is full. Discarding excess wrapper instance for event com.google.android.clockwork.sysui.events.KeyguardStateEvent
11-03 12:37:05.918971  2520  2520 D HOME    : [WatchFaceUiController]sendStateToWallpaper
11-03 12:37:05.924514  2520  2520 D HOME    : [EventBus]Wrapper pool is full. Discarding excess wrapper instance for event com.google.android.clockwork.sysui.events.KeyguardStateEvent
11-03 12:37:05.924805  2520  2520 D HOME    : [EventBus]Wrapper pool is full. Discarding excess wrapper instance for event com.google.android.clockwork.sysui.events.KeyguardStateEvent
11-03 12:37:05.930960  2520  2520 D HOME    : [WatchFaceUiController]sendStateToWallpaper
11-03 12:37:05.940001  2520  2520 W StaticLayout: maxLineHeight should not be -1.  maxLines:1 lineCount:1
11-03 12:37:05.955155  2520 14787 D HOME    : [WatchStreamDB]Item alerting conditions - isInterruptive: true, recentlyInterrupted: false, isItemPinned: false, isUnread: false
11-03 12:37:05.958099  2520 14787 D HOME    : [StreamAlertingRegulator]isTheaterModeEnabled: false, isAlertingAllowedByOffBody: true, matchesLocalInterruptionFilter: true
11-03 12:37:05.976952   512 14852 I sensors-hal: handle_indication_realtime:355,  SCHED_FIFO(10) for qmi_cbk
11-03 12:37:05.982250  2520 14787 D HOME    : [WatchStreamDB]couldItemAlert: false, isTopItemChanged: false, isDeferralForTopItem: false
11-03 12:37:06.013086  2520  2520 D HOME    : [WatchFaceUiController]sendWatchFaceServiceBinder
11-03 12:37:06.019185  2520  2520 D HOME    : [WatchFaceUiController]sendProperties
11-03 12:37:06.020817  2520  2520 D HOME    : [WatchFaceUiController]sendStateToWallpaper
11-03 12:37:06.266462   512  1749 I sensors-hal: activate:107, android.sensor.light/46 en=0
11-03 12:37:06.267681   512  1749 I sensors-hal: activate:118, android.sensor.light/46 en=0 completed
11-03 12:37:06.271167   512  1749 I sensors-hal: batch:140, android.sensor.light/46, period=250000000, max_latency=0
11-03 12:37:06.271266   512  1749 I sensors-hal: batch:149, android.sensor.light/46, period=250000000, max_latency=0 request completed
11-03 12:37:06.271591   512  1749 I sensors-hal: activate:107, android.sensor.light/46 en=1
11-03 12:37:06.271901   512  1749 I sensors-hal: ssc_enable_rt_task:254, ssc_enable_rt_task : true
11-03 12:37:06.276235   512  1749 I sensors-hal: activate:118, android.sensor.light/46 en=1 completed
--------- switch to system
11-03 12:37:06.282168  1686  1686 V SettingsProvider: Notifying for 0: content://settings/system/screen_brightness
--------- switch to main
11-03 12:37:06.284459  1686  1686 I SidekickService: loadBrightnessLocked()
11-03 12:37:06.285408  1686  1686 D SidekickService: screenBrightness  = 57
11-03 12:37:06.286061  1686  1686 D SidekickService: sendConfigValuesLocked(): alsThresholds = [40, 92, 95, 100, 125, 150, 175, 200, 225, 250, 300, 400, 500, 800, 1200], brightnessValuesBright = [50, 56, 60, 70, 80, 90, 100, 115, 120, 140, 160, 180, 200, 220, 240, 255], brightnessValuesDim= [50, 56, 60, 70, 80, 90, 100, 115, 120, 140, 160, 180, 200, 220, 240, 255]
11-03 12:37:06.294249  1686  1686 D SidekickService: setAlsMode(): mode = 2, brightenAlpha = 80, dimmingAlpha = 80
11-03 12:37:06.303785  1686  1686 D SidekickService: setTwmConfig():: msTiltToBright = 10000, tiltToBright = false
11-03 12:37:06.347320   512 14860 I sensors-hal: handle_indication_realtime:355,  SCHED_FIFO(10) for qmi_cbk
11-03 12:37:07.287465   512   512 I sensors-hal: batch:140, android.sensor.accelerometer/48, period=66667000, max_latency=100000000
11-03 12:37:07.290658   512   512 I sensors-hal: batch:149, android.sensor.accelerometer/48, period=66667000, max_latency=100000000 request completed
11-03 12:37:07.293532  1686  1686 D DefaultUngazeDetector: Ungaze event occurred; emitting gesture event!
11-03 12:37:07.293645  1686  1686 D WristGestureCtrl: Gesture:GESTURE UNGAZE, timestamp(ms): 70905141, confidence: 0.0, latency(ms): 0, duration(ms): 1582
11-03 12:37:07.294855   512   512 I sensors-hal: batch:140, android.sensor.accelerometer/48, period=19231000, max_latency=100000000
11-03 12:37:07.296492   512   512 I sensors-hal: batch:149, android.sensor.accelerometer/48, period=19231000, max_latency=100000000 request completed
11-03 12:37:07.297366   512   512 I sensors-hal: flush:169, android.sensor.accelerometer/48
11-03 12:37:07.299709   512   512 I sensors-hal: flush:175, android.sensor.accelerometer/48 completed
--------- switch to system
11-03 12:37:07.300250  1686  1686 I WindowManager: sleepRelease() calling goToSleep(GO_TO_SLEEP_REASON_SLEEP_BUTTON)
11-03 12:37:07.300796  1686  1686 I PowerManagerService: Going to sleep due to sleep button (uid 1000)...
11-03 12:37:07.307984  1686  1712 I DreamManagerService: Entering dreamland.
11-03 12:37:07.309254  1686  1712 I PowerManagerService: Dozing...
11-03 12:37:07.310237  1686  1708 I DreamController: Starting dream: name=ComponentInfo{com.google.android.wearable.ambient/com.google.android.wearable.ambient.AmbientDream}, isTest=false, canDoze=true, userId=0
11-03 12:37:07.310463  1686  1686 W UsageStatsService: Event reported without a package name
11-03 12:37:07.337310  1686  1686 W ContextImpl: Calling a method in the system process without a qualified user: android.app.ContextImpl.bindService:1611 android.content.ContextWrapper.bindService:698 com.google.android.wearable.ambient.AmbientDream.onCreate:191 android.app.ActivityThread.handleCreateService:3533 android.app.ActivityThread.access$1300:200 
11-03 12:37:07.340004  1686  1686 W ContextImpl: Calling a method in the system process without a qualified user: android.app.ContextImpl.sendBroadcast:1005 android.content.ContextWrapper.sendBroadcast:444 com.google.android.wearable.ambient.AmbientDream.onCreate:241 android.app.ActivityThread.handleCreateService:3533 android.app.ActivityThread.access$1300:200 
11-03 12:37:07.340628  1686  1686 V DreamService[AmbientDream]: onBind() intent = Intent { act=android.service.dreams.DreamService flg=0x800000 cmp=com.google.android.wearable.ambient/.AmbientDream }
--------- switch to main
11-03 12:37:07.341762  1686  1686 I AmbientService: [ce6a28c] Ambient Created
--------- switch to system
11-03 12:37:07.342388  1686  1686 V DreamService[AmbientDream]: Calling onDreamingStarted()
--------- switch to main
11-03 12:37:07.342645  1686  1686 I AmbientService: [ce6a28c] doOnDreamingStarted
11-03 12:37:07.343051  1686  1686 D SidekickService: setShouldControlDisplay called: true
11-03 12:37:07.343814  1686  1686 I AmbientService: [ce6a28c] Selected running activity for ambient mode: AmbientActivity[component=ComponentInfo{com.google.android.wearable.app/com.google.android.clockwork.home2.activity.HomeActivity2}, callbacks=@210b385, running=true, ambientRequested=true, ambientEnabled=true, offloadEnabled=true]
11-03 12:37:07.345531  1686  1686 I AmbientService: [ce6a28c] Sidekick is ready to display, requesting doze.
11-03 12:37:07.346198  1686  1686 I AmbientService: [ce6a28c] No auto-resume Activity.
11-03 12:37:07.347381  1686  1686 W DefaultSettingsContentR: Value for ambient_low_bit_enabled not stored as number. Attempting parse as boolean.
11-03 12:37:07.353627  1686  1686 I AmbientService: [ce6a28c] Showing watch face in offload mode, canceling alarm.
11-03 12:37:07.353684  1686  1686 W AlarmManagerProxy: Removing unknown listener
11-03 12:37:07.353768  1686  1686 D WristGestureCtrl: Stopping detectors: GesturesEnabled-false gestureDetector-false ungazeEnabled-true ungaze-true
11-03 12:37:07.353803  1686  1686 D DefaultUngazeDetector: stopping
11-03 12:37:07.355430   512   512 I sensors-hal: batch:140, android.sensor.accelerometer/48, period=66667000, max_latency=100000000
11-03 12:37:07.358983  2520  2520 D HOME    : [HomeVisitsLogger]Logging streamlet event: enter_ambient_mode
11-03 12:37:07.359562  2520  2520 D HOME    : [HotwordController]updateClient MODE_WATCH_FACE false true false true
11-03 12:37:07.359543  2520 14787 D HOME    : [HomeVisitsLogger]Logging streamlet event: visit_end
11-03 12:37:07.365321   512   512 I sensors-hal: batch:149, android.sensor.accelerometer/48, period=66667000, max_latency=100000000 request completed
11-03 12:37:07.399280  2520  2520 D HOME    : [WatchFaceUiController]setInAmbientMode true
11-03 12:37:07.401917  2520  2520 D HOME    : [StreamDBQueue]Promised revision #5730 to queue a new op
11-03 12:37:07.402219  2520  2520 D WatchStreamManager: Promised rank-blocked=false @ r#5730
11-03 12:37:07.402782  2520  2520 D HOME    : [StreamDBQueue]Promised revision #5731 to queue a new op
11-03 12:37:07.402908  2520  2520 D WatchStreamManager: Promised rank-blocked=false @ r#5731
11-03 12:37:07.403659  2520  2520 D HOME    : [EventBus]Wrapper pool is full. Discarding excess wrapper instance for event com.google.android.clockwork.sysui.events.KeyguardStateEvent
11-03 12:37:07.403756  2520  2520 D HOME    : [WatchFaceUiController]sendStateToWallpaper
11-03 12:37:07.404329  2520 14787 I SidekickManager: replaceWatchFaceComponentsImpl(): watchFace = com.google.android.clockwork.decomposablewatchface.WatchFaceDecomposition@bcff217
11-03 12:37:07.405294  2520  2520 D HOME    : [EventBus]Wrapper pool is full. Discarding excess wrapper instance for event com.google.android.clockwork.sysui.events.KeyguardStateEvent
11-03 12:37:07.405608  2520  2520 D HOME    : [EventBus]Wrapper pool is full. Discarding excess wrapper instance for event com.google.android.clockwork.sysui.events.KeyguardStateEvent
11-03 12:37:07.407636  2520 14469 D HOME    : [StreamDBQueue]Promised revision #5732 to queue a new op
11-03 12:37:07.407768  2520 14469 D WatchStreamManager: Promised rerank @ r#5732
11-03 12:37:07.408630  1686  3998 D SidekickService: sendWatchFaceComponents called: watchFace = com.google.android.clockwork.decomposablewatchface.WatchFaceDecomposition@4816cd5shouldReplace = false
11-03 12:37:07.408943  1686  3998 D SidekickService: Check decomposition for calling app com.google.android.wearable.app with uid 10049
11-03 12:37:07.410476  2520  2520 W StaticLayout: maxLineHeight should not be -1.  maxLines:1 lineCount:1
11-03 12:37:07.417128  1686  3998 D SidekickService: sendWatchFaceLocked(): shouldReplace = false, mSidekickIsControlling = false, 1 images, 0 fonts, 0 numbers, 0 proportionalFonts, 0 strings
11-03 12:37:07.417217  1686  3998 D SidekickService: ISidekickGraphics#beginResources()...
11-03 12:37:07.418262  1686  3998 D SidekickServiceUtils: bitmapFromDrawable: Returning bitmap directly
11-03 12:37:07.420020  1686  3998 D SidekickService: sendBitmapsLocked(): bounds = RectF(0.47115386, 0.33653846, 0.52884614, 0.39423078), drawableInfo = {.id = 100000, .width = 24, .height = 24, .display = true, .offsetX = 193.0, .offsetY = 137.0, .rotationInfo = {.hasRotation = false, .pivotX = 0.0, .pivotY = 0.0, .degreesPerDay = 0.0, .degreesPerStep = 0.0, .zeroDegreesTime = {.daysSinceLocalEpoch = 0, .msSinceMidnight = 0}}, .transformInfo = {.transformed = false, .flipX = false, .flipY = false, .flip45 = false, .scaleX = 0.0, .scaleY = 0.0}, .type = GENERIC, .blink = {.blinking = false, .periodOnMs = 0.0, .periodOffMs = 0.0, .startTime = {.daysSinceLocalEpoch = 0, .msSinceMidnight = 0}}, .zOrder = 8, .displayInTwm = true}, image.size() = 97
11-03 12:37:07.420884   416  1715 D SKGHAL  : saveResource: resId = 100000
11-03 12:37:07.421489  1686  3998 D SidekickService: sendBitmapsLocked(): status = 0, bytesUsed = 64
11-03 12:37:07.421648  1686  3998 D SidekickService: ISidekickGraphics#endResources()...
11-03 12:37:07.428466  2520 14535 D HOME    : [WatchStreamDB]Item alerting conditions - isInterruptive: true, recentlyInterrupted: false, isItemPinned: false, isUnread: false
--------- switch to kernel
11-03 12:37:07.283407     0     0 E FG      : fg_psy_get_property: unsupported property 7
11-03 12:37:07.285466     0     0 W healthd : battery l=1 v=3656 t=30.0 h=2 st=3 c=5 fc=443000 cc=0 chg=
--------- switch to main
11-03 12:37:07.442071  2520  2520 D HOME    : [BatteryChange]action: android.intent.action.BATTERY_CHANGED
11-03 12:37:07.442546  2520 12958 D HOME    : [BatteryChange]HandleBatteryChangedTask
11-03 12:37:07.442866  2520 12958 D HOME    : [BatteryChange]level: 1, status: 3
11-03 12:37:07.443566  2520 14535 D HOME    : [StreamAlertingRegulator]isTheaterModeEnabled: false, isAlertingAllowedByOffBody: true, matchesLocalInterruptionFilter: true
11-03 12:37:07.443813  2520 14535 D HOME    : [WatchStreamDB]couldItemAlert: false, isTopItemChanged: false, isDeferralForTopItem: false
11-03 12:37:07.444585  2520 14535 D HOME    : [WatchStreamDB]Item alerting conditions - isInterruptive: true, recentlyInterrupted: false, isItemPinned: false, isUnread: false
11-03 12:37:07.444871  2520 14535 D HOME    : [StreamAlertingRegulator]isTheaterModeEnabled: false, isAlertingAllowedByOffBody: true, matchesLocalInterruptionFilter: true
11-03 12:37:07.445075  2520 14535 D HOME    : [WatchStreamDB]couldItemAlert: false, isTopItemChanged: false, isDeferralForTopItem: false
11-03 12:37:07.445658  2520 12958 D HOME    : [BatteryChange]updateStreamItem
11-03 12:37:07.447163  1956  1956 D QtiCarrierConfigHelper: WARNING, no carrier configs on phone Id: 0
11-03 12:37:07.453146  2520 14535 D HOME    : [WatchStreamDB]updateRanking()
11-03 12:37:07.456472  2520 14535 D HOME    : [WatchStreamDB]Item alerting conditions - isInterruptive: true, recentlyInterrupted: false, isItemPinned: false, isUnread: false
11-03 12:37:07.456812  2520 14535 D HOME    : [StreamAlertingRegulator]isTheaterModeEnabled: false, isAlertingAllowedByOffBody: true, matchesLocalInterruptionFilter: true
11-03 12:37:07.456986  2520 14535 D HOME    : [WatchStreamDB]couldItemAlert: false, isTopItemChanged: false, isDeferralForTopItem: false
11-03 12:37:07.457514  2520 14535 D HOME    : [NewStreamAdapter]Publishing revision #5732 to adapter clients
11-03 12:37:07.458221  2520 14469 D HOME    : [StreamDBQueue]Promised revision #5733 to queue a new op
11-03 12:37:07.458386  2520 14469 D WatchStreamManager: Promised rerank @ r#5733
11-03 12:37:07.459774  2520 14771 D HOME    : [WatchStreamDB]updateRanking()
11-03 12:37:07.460267  2520 14771 D HOME    : [WatchStreamDB]Item alerting conditions - isInterruptive: true, recentlyInterrupted: false, isItemPinned: false, isUnread: false
11-03 12:37:07.460498  2520 14771 D HOME    : [StreamAlertingRegulator]isTheaterModeEnabled: false, isAlertingAllowedByOffBody: true, matchesLocalInterruptionFilter: true
11-03 12:37:07.460669  2520 14771 D HOME    : [WatchStreamDB]couldItemAlert: false, isTopItemChanged: false, isDeferralForTopItem: false
11-03 12:37:07.461166  2520 14771 D HOME    : [NewStreamAdapter]Publishing revision #5733 to adapter clients
11-03 12:37:07.463075   512  1749 I sensors-hal: activate:107, android.sensor.light/46 en=0
11-03 12:37:07.463854   512  1749 I sensors-hal: activate:118, android.sensor.light/46 en=0 completed
11-03 12:37:07.465745   545   545 D SurfaceFlinger: Set power mode=3, type=0 flinger=0xb6bb6000
--------- switch to system
11-03 12:37:07.465781  1686  1710 I DisplayManagerService: Display device changed state: "Écran intégré", DOZE_SUSPEND
--------- switch to main
11-03 12:37:07.466208   504   762 I SDM     : DisplayBase::SetDisplayState: Set state = 3, display 0
11-03 12:37:07.480588  1686  1759 I InputReader: Reconfiguring input devices.  changes=0x00000004
11-03 12:37:07.498903  2520 12958 D HOME    : [BatteryChange]batteryHistory size: 20'
11-03 12:37:07.499139  2520 12958 D HOME    : [BatteryChange]timeDelta: 14117144
11-03 12:37:07.499328  2520 12958 D HOME    : [BatteryChange]levelDelta: 21
11-03 12:37:07.522913   545   545 D SurfaceFlinger: Finished set power mode=3, type=0
--------- switch to kernel
11-03 12:37:07.321803     0     0 I mdss_dsi_panel_set_idle_mode: Idle (0->1)
11-03 12:37:07.373320     0     0 I         : [touch]FB_BLANK_VSYNC_SUSPEND
11-03 12:37:07.373327     0     0 I         : [touch]irq disable
11-03 12:37:07.373330     0     0 I         : [touch]workqueue is empty!
11-03 12:37:07.373333     0     0 I         : [touch]raydium_ts_do_suspend.
11-03 12:37:07.373341     0     0 I         : [touch]Device may wakeup
11-03 12:37:07.375203     0     0 I         : [touch]irq enable
--------- switch to main
11-03 12:37:07.677431   416  1715 D SKGHAL  : sendResources: metadata size = 2400, font size = 72
11-03 12:37:07.742740   416  1715 D SKGHAL  : endResources: rc = 0
11-03 12:37:07.743931  1686  1823 I SidekickService: beginDisplayLocked(): DOZE_SUSPEND
11-03 12:37:07.745315  2520  2520 D HOME    : [SidekickManagerAsync]replaceWatchFaceComponents(): Callback#onResult(): 0
11-03 12:37:07.745773  2520  2520 D HOME    : [WatchFaceUiController]Complication updates sent, posting watch face hiding
11-03 12:37:07.745917  2520  2520 D HOME    : [WatchFaceUiController]Still in ambient watch face, hiding
11-03 12:37:07.746008  2520  2520 D HOME    : [WatchFaceUiController]Hiding watch face wallpaper.
11-03 12:37:07.750258   416  1715 D SKGHAL  : sendAmbientPrepare: enter:
11-03 12:37:07.876244   416  1715 D SKGHAL  : sendAmbientEvent: enter: enable = 1
11-03 12:37:07.877672   504   523 I SDM     : DisplayBase::SetDisplayState: Set state = 4, display 0
11-03 12:37:07.913930   504   523 D SDM     : HWCDisplayPrimary::SetStandByMode: Null display is connected successfully
11-03 12:37:07.914337   416  1715 D SKGHAL  : standBy_update_control call succeed on 1
11-03 12:37:07.927105   416  1715 D SKGHAL  : sendAmbientEvent: done: enable = 1
11-03 12:37:07.927671  1686  1823 D SidekickService:    ... beginDisplay result: 0 for halPower: 1
11-03 12:37:07.932196   512  1749 I sensors-hal: activate:107, android.sensor.accelerometer/48 en=0
11-03 12:37:07.933460   512  1749 I sensors-hal: activate:118, android.sensor.accelerometer/48 en=0 completed
--------- switch to kernel
11-03 12:37:07.790004     0     0 E bgrsb   : bgrsb_enable: gpio 32 is valid
--------- switch to main
11-03 12:37:07.941481  1686  1799 E WifiStateMachine: getWifiLinkLayerStats called without an interface
--------- switch to kernel
11-03 12:37:07.819319     0     0 I init    : processing action (ro.enable_core_ctl=true && sys.cw_corectl_mode=idle) from (/vendor/etc/init/hw/init.qcom.rc:949)
--------- switch to main
11-03 12:37:07.963218  1686  1686 I WearPower: [WearTouchMediator] changing touch input to enabled (ON_AUTO)
11-03 12:37:07.964566  1686  1759 I InputReader: Reconfiguring input devices.  changes=0x00000200
11-03 12:37:07.972096  1686  1686 I AmbientService: [ce6a28c] Timeout alarm not required, auto-resume timeout handled by dream.
11-03 12:37:07.981728  3205  3434 W WorkController: Loading failed for worker [trainingcache]: worker not found
11-03 12:37:07.982684  3205  3372 W A       : TrainingCache cache SCREEN_OFF failure
11-03 12:37:07.982684  3205  3372 W A       : com.google.android.apps.gsa.search.core.service.h.a.a: No worker found for Worker ID [trainingcache].
11-03 12:37:07.982684  3205  3372 W A       : 	at com.google.android.apps.gsa.search.core.service.g.a.c.a(Unknown Source:5)
11-03 12:37:07.982684  3205  3372 W A       : 	at com.google.android.libraries.gsa.c.a.d.a(Unknown Source:3)
11-03 12:37:07.982684  3205  3372 W A       : 	at com.google.common.p.a.cg.c(Unknown Source:2)
11-03 12:37:07.982684  3205  3372 W A       : 	at com.google.common.p.a.bk.run(SourceFile:3)
11-03 12:37:07.982684  3205  3372 W A       : 	at com.google.common.p.a.ci.run(Unknown Source:4)
11-03 12:37:07.982684  3205  3372 W A       : 	at com.google.apps.tiktok.concurrent.ab.run(SourceFile:1)
11-03 12:37:07.982684  3205  3372 W A       : 	at java.util.concurrent.ThreadPoolExecutor.runWorker(ThreadPoolExecutor.java:1167)
11-03 12:37:07.982684  3205  3372 W A       : 	at java.util.concurrent.ThreadPoolExecutor$Worker.run(ThreadPoolExecutor.java:641)
11-03 12:37:07.982684  3205  3372 W A       : 	at com.google.apps.tiktok.concurrent.c.run(Unknown Source:4)
11-03 12:37:07.982684  3205  3372 W A       : 	at java.lang.Thread.run(Thread.java:764)
11-03 12:37:07.998588  2520  2520 D HOME    : [StreamDBQueue]Promised revision #5734 to queue a new op
11-03 12:37:07.998969  2520  2520 D WatchStreamManager: Promised rank-blocked=false @ r#5734
11-03 12:37:07.999204  2520  2520 D HOME    : [CompactHunStarter]detachWindow()
11-03 12:37:07.999406  2520 14535 D HOME    : [StreamDBQueue]Promised revision #5735 to queue a new op
11-03 12:37:07.999504  2520 14535 D WatchStreamManager: Promised rerank @ r#5735
