11-03 20:32:56.104297  1990  2700 W PackageHelper: Could not get resources package for package "com.android.certinstaller". Falling back to app package name.
11-03 20:32:56.145874  1990  2001 I .gms.persisten: Background concurrent copying GC freed 54195(3MB) AllocSpace objects, 13(380KB) LOS objects, 25% free, 5MB/7MB, paused 3.169ms total 928.716ms
11-03 20:32:56.154553  1990  2700 W PackageHelper: Could not get resources package for package "com.android.providers.telephony". Falling back to app package name.
11-03 20:32:56.245476  1990  2700 E .gms.persisten: No package ID 7f found for ID 0x7f010000.
11-03 20:32:56.245762  1990  2700 W PackageHelper: Could not get resources package for package "com.qualcomm.qcrilmsgtunnel". Falling back to app package name.
11-03 20:32:56.273093  1990  2178 I NetworkScheduler.Stats: Task com.google.android.gms/com.google.android.gms.stats.PlatformStatsCollectorService finished executing. cause:7 result: 1 elapsed_millis: 919 uptime_millis: 919 exec_start_elapsed_seconds: 79 [CONTEXT service_id=218 ]
11-03 20:32:56.445939  1990  2700 E .gms.persisten: No package ID 7f found for ID 0x7f010000.
11-03 20:32:56.446666  1990  2700 W PackageHelper: Could not get resources package for package "com.android.se". Falling back to app package name.
11-03 20:32:56.500935  1990  2700 W PackageHelper: Could not get resources package for package "com.google.android.apps.wearable.retailattractloop". Falling back to app package name.
11-03 20:32:56.533556  1990  2700 W PackageHelper: Could not get resources package for package "com.qualcomm.qti.usta". Falling back to app package name.
11-03 20:32:56.574295  2365  2651 D HOME    : [DeviceInfoRunnable]maybeWriteDataItemWithLocalNode
11-03 20:32:56.587506  1990  2788 I NetworkScheduler.Stats: Task com.google.android.gms/com.google.android.gms.stats.PlatformStatsCollectorService started execution. cause:5 exec_start_elapsed_seconds: 81 [CONTEXT service_id=218 ]
11-03 20:32:56.629231  1990  2700 E .gms.persisten: No package ID 7f found for ID 0x7f010000.
11-03 20:32:56.629543  1990  2700 W PackageHelper: Could not get resources package for package "com.android.cts.priv.ctsshim". Falling back to app package name.
11-03 20:32:56.669135  2264  3158 I MdiSyncModule: Dispatching task '2_PERIODIC'...
11-03 20:32:56.669615  2264  3158 I MdiSyncModule: Running singleton-scoped task '2 PERIODIC (2_PERIODIC)'...
11-03 20:32:56.672712  1990  2700 W PackageHelper: Could not get resources package for package "com.android.keychain". Falling back to app package name.
11-03 20:32:56.716504  1990  2842 E qpr     : Phenotype API error. Event # aojc@cbf6a7e2, EventCode: 17 [CONTEXT service_id=51 ]
11-03 20:32:56.761097  1990  2842 E AsyncOperation: operation=RegisterSyncOperationCall, opStatusCode=29504 [CONTEXT service_id=51 ]
11-03 20:32:56.761097  1990  2842 E AsyncOperation: OperationException[Status{statusCode=Network error, resolution=null}]
11-03 20:32:56.761097  1990  2842 E AsyncOperation: 	at qpr.c(:com.google.android.gms@205016071@20.50.16 (050304-351607135):6)
11-03 20:32:56.761097  1990  2842 E AsyncOperation: 	at qpr.b(:com.google.android.gms@205016071@20.50.16 (050304-351607135):12)
11-03 20:32:56.761097  1990  2842 E AsyncOperation: 	at lmg.run(:com.google.android.gms@205016071@20.50.16 (050304-351607135):9)
11-03 20:32:56.761097  1990  2842 E AsyncOperation: 	at afhs.run(:com.google.android.gms@205016071@20.50.16 (050304-351607135):2)
11-03 20:32:56.761097  1990  2842 E AsyncOperation: 	at iwh.c(:com.google.android.gms@205016071@20.50.16 (050304-351607135):6)
11-03 20:32:56.761097  1990  2842 E AsyncOperation: 	at iwh.run(:com.google.android.gms@205016071@20.50.16 (050304-351607135):7)
11-03 20:32:56.761097  1990  2842 E AsyncOperation: 	at java.util.concurrent.ThreadPoolExecutor.runWorker(ThreadPoolExecutor.java:1167)
11-03 20:32:56.761097  1990  2842 E AsyncOperation: 	at java.util.concurrent.ThreadPoolExecutor$Worker.run(ThreadPoolExecutor.java:641)
11-03 20:32:56.761097  1990  2842 E AsyncOperation: 	at jbu.run(:com.google.android.gms@205016071@20.50.16 (050304-351607135):0)
11-03 20:32:56.761097  1990  2842 E AsyncOperation: 	at java.lang.Thread.run(Thread.java:764)
11-03 20:32:56.808557  2365  2650 I HOME    : [PhenotypeCommitRunnable]Committing new Phenotype configuration.
11-03 20:32:56.809994  2365  2671 W HOME    : [ConnectConfigRunnable]putConfig attempt failed: Status{statusCode=TIMEOUT, resolution=null}
11-03 20:32:56.810382  2365  2671 D HOME    : [ConnectConfigRunnable]Attempt(1) to put config:ConnectionConfiguration[ mName=null, mAddress=null, mType=1, mRole=2, mEnabled=true, mIsConnected=false, mPeerNodeId=null, mBtlePriority=true, mNodeId=null]
11-03 20:32:57.097941  1990  2700 W PackageHelper: Could not get resources package for package "com.android.providers.calendar". Falling back to app package name.
11-03 20:32:57.125649  3178  3178 I qip     : SslGuard completed installation.
11-03 20:32:57.134088  2365  2365 D HOME    : [CrossDevFeatureManager]Phenotype flags updated
11-03 20:32:57.134632  2365  2365 D HOME    : [ClockworkHome]Phone battery complication disabled
11-03 20:32:57.137913  2365  2365 D HOME    : [3PMediaFeatureContract]maybeUpdateState(): serviceComponentEnabled = true, companionCapabilityState = 0, ThirdPartyMediaControls.enabled() = true
11-03 20:32:57.166909  2365  2365 E HOME    : [3PMediaFeatureContract]Failed to read ThirdPartyMediaControls capability, retrying = true
11-03 20:32:57.166909  2365  2365 E HOME    : caa: An error occurred fetching capabilities: Status{statusCode=TIMEOUT, resolution=null}
11-03 20:32:57.166909  2365  2365 E HOME    : 	at byz.d(AW782433232:2)
11-03 20:32:57.166909  2365  2365 E HOME    : 	at byx.a(Unknown Source:3)
11-03 20:32:57.166909  2365  2365 E HOME    : 	at ijm.handleMessage(AW782433232:5)
11-03 20:32:57.166909  2365  2365 E HOME    : 	at android.os.Handler.dispatchMessage(Handler.java:106)
11-03 20:32:57.166909  2365  2365 E HOME    : 	at itr.b(Unknown Source:0)
11-03 20:32:57.166909  2365  2365 E HOME    : 	at itr.dispatchMessage(Unknown Source:0)
11-03 20:32:57.166909  2365  2365 E HOME    : 	at android.os.Looper.loop(Looper.java:193)
11-03 20:32:57.166909  2365  2365 E HOME    : 	at android.app.ActivityThread.main(ActivityThread.java:6680)
11-03 20:32:57.166909  2365  2365 E HOME    : 	at java.lang.reflect.Method.invoke(Native Method)
11-03 20:32:57.166909  2365  2365 E HOME    : 	at com.android.internal.os.RuntimeInit$MethodAndArgsCaller.run(RuntimeInit.java:493)
11-03 20:32:57.166909  2365  2365 E HOME    : 	at com.android.internal.os.ZygoteInit.main(ZygoteInit.java:858)
11-03 20:32:57.190533  1990  2700 W PackageHelper: Could not get resources package for package "com.android.providers.blockednumber". Falling back to app package name.
11-03 20:32:57.211825  3178  3178 I Bugle   : BugleApplicationBase: Bugle version: 7.1.084 (hickory_rc10.wear_dynamic)
11-03 20:32:57.242450  3178  3212 W BuglePhenotype: Phenotype Flags not initialized
11-03 20:32:57.308469  3178  3212 W BuglePhenotype: java.lang.IllegalStateException: Must call PhenotypeFlag.init() first
11-03 20:32:57.308469  3178  3212 W BuglePhenotype: 	at sph.k(PG:1)
11-03 20:32:57.308469  3178  3212 W BuglePhenotype: 	at pfc.e(PG:4)
11-03 20:32:57.308469  3178  3212 W BuglePhenotype: 	at hjv.d(PG:1)
11-03 20:32:57.308469  3178  3212 W BuglePhenotype: 	at hka.c(PG:2)
11-03 20:32:57.308469  3178  3212 W BuglePhenotype: 	at hjv.e(PG:5)
11-03 20:32:57.308469  3178  3212 W BuglePhenotype: 	at jcw.run(Unknown Source:2)
11-03 20:32:57.308469  3178  3212 W BuglePhenotype: 	at shx.run(PG:2)
11-03 20:32:57.308469  3178  3212 W BuglePhenotype: 	at java.util.concurrent.Executors$RunnableAdapter.call(Executors.java:458)
11-03 20:32:57.308469  3178  3212 W BuglePhenotype: 	at ugh.c(PG:1)
11-03 20:32:57.308469  3178  3212 W BuglePhenotype: 	at ufk.run(PG:4)
11-03 20:32:57.308469  3178  3212 W BuglePhenotype: 	at ugi.run(PG:1)
11-03 20:32:57.308469  3178  3212 W BuglePhenotype: 	at ufx.run(PG:1)
11-03 20:32:57.308469  3178  3212 W BuglePhenotype: 	at ufy.run(PG:4)
11-03 20:32:57.308469  3178  3212 W BuglePhenotype: 	at rqt.run(PG:1)
11-03 20:32:57.308469  3178  3212 W BuglePhenotype: 	at java.util.concurrent.ThreadPoolExecutor.runWorker(ThreadPoolExecutor.java:1167)
11-03 20:32:57.308469  3178  3212 W BuglePhenotype: 	at java.util.concurrent.ThreadPoolExecutor$Worker.run(ThreadPoolExecutor.java:641)
11-03 20:32:57.308469  3178  3212 W BuglePhenotype: 	at rpj.run(Unknown Source:5)
11-03 20:32:57.308469  3178  3212 W BuglePhenotype: 	at java.lang.Thread.run(Thread.java:764)
11-03 20:32:57.330410  1990  2700 E .gms.persisten: No package ID 7f found for ID 0x7f010000.
11-03 20:32:57.330726  1990  2700 W PackageHelper: Could not get resources package for package "com.google.android.ext.shared". Falling back to app package name.
11-03 20:32:57.442505  1990  2001 I .gms.persisten: Background concurrent copying GC freed 33804(1888KB) AllocSpace objects, 9(308KB) LOS objects, 24% free, 6MB/8MB, paused 147us total 500.357ms
11-03 20:32:57.448961  1990  2700 E .gms.persisten: No package ID 7f found for ID 0x7f010000.
11-03 20:32:57.449273  1990  2700 W PackageHelper: Could not get resources package for package "com.qualcomm.qti.sidekickmetrics". Falling back to app package name.
11-03 20:32:57.554570  3178  3213 W .apps.messagin: Accessing hidden field Ljava/util/Collections$SynchronizedCollection;->mutex:Ljava/lang/Object; (dark greylist, reflection)
11-03 20:32:57.558295  2452  2479 I ocess.gservice: Background concurrent copying GC freed 9706(416KB) AllocSpace objects, 0(0B) LOS objects, 24% free, 1572KB/2MB, paused 99us total 111.096ms
11-03 20:32:57.571775  3178  3213 W .apps.messagin: Accessing hidden method Ljava/util/Collections$SynchronizedSet;-><init>(Ljava/util/Set;Ljava/lang/Object;)V (dark greylist, reflection)
11-03 20:32:57.572146  3178  3213 W .apps.messagin: Accessing hidden method Ljava/util/Collections$SynchronizedCollection;-><init>(Ljava/util/Collection;Ljava/lang/Object;)V (dark greylist, reflection)
11-03 20:32:57.602430  1990  2842 I qrs     : Removed 0 invalid users [CONTEXT service_id=51 ]
11-03 20:32:57.684185  1990  2788 I NetworkScheduler.Stats: Task com.google.android.gms/com.google.android.gms.stats.PlatformStatsCollectorService finished executing. cause:5 result: 1 elapsed_millis: 1144 uptime_millis: 1144 exec_start_elapsed_seconds: 81 [CONTEXT service_id=218 ]
11-03 20:32:57.697887  2264  2281 I gle.android.gm: Background concurrent copying GC freed 7662(477KB) AllocSpace objects, 4(208KB) LOS objects, 25% free, 2MB/3MB, paused 114us total 177.321ms
11-03 20:32:57.733766  3178  3210 I CarrierServices: [154] nbd.a: Initializing Carrier Services Library.
11-03 20:32:57.740469  2264  2620 W MDD     : MDDManager Failed to init shared file metadata.
11-03 20:32:57.789658  2264  3158 I MdiSyncModule: Singleton-scoped task '2 PERIODIC (2_PERIODIC)' finished with result '0'!
11-03 20:32:57.798112  2264  3158 I MdiSyncModule: Task '2 PERIODIC (2_PERIODIC)' finished with result '0'!
11-03 20:32:57.844615  1990  3074 W PackageHelper: Could not get resources package for package "com.google.android.apps.messaging". Falling back to app package name.
11-03 20:32:57.855537  3178  3210 I CarrierServices: [154] njg.j: Reinitialize CSLib Flags: com.google.android.ims.library
11-03 20:32:57.894367  1990  2788 I NetworkScheduler.Stats: Task com.google.android.gms/com.google.android.gms.mdisync.service.MdiSyncBackgroundTaskService finished executing. cause:7 result: 1 elapsed_millis: 2830 uptime_millis: 2830 exec_start_elapsed_seconds: 79 [CONTEXT service_id=218 ]
11-03 20:32:57.970912  1990  2169 I NetworkScheduler.Stats: Task com.google.android.gms/com.google.android.gms.stats.PlatformStatsCollectorService started execution. cause:5 exec_start_elapsed_seconds: 82 [CONTEXT service_id=218 ]
11-03 20:32:58.049041  1990  2700 W PackageHelper: Could not get resources package for package "com.android.location.fused". Falling back to app package name.
11-03 20:32:58.049126  2365  2619 W StreamTimeline: BRIDGER_GET_LOCAL_NODEID_ERROR
11-03 20:32:58.049126  2365  2619 W StreamTimeline: java.io.IOException: Failed to get the localNodeId.
11-03 20:32:58.049126  2365  2619 W StreamTimeline: 	at bzs.a(AW782433232:5)
11-03 20:32:58.049126  2365  2619 W StreamTimeline: 	at exk.a(Unknown Source:7)
11-03 20:32:58.049126  2365  2619 W StreamTimeline: 	at cbm.handleMessage(Unknown Source:12)
11-03 20:32:58.049126  2365  2619 W StreamTimeline: 	at android.os.Handler.dispatchMessage(Handler.java:102)
11-03 20:32:58.049126  2365  2619 W StreamTimeline: 	at android.os.Looper.loop(Looper.java:193)
11-03 20:32:58.049126  2365  2619 W StreamTimeline: 	at android.os.HandlerThread.run(HandlerThread.java:65)
11-03 20:32:58.049126  2365  2619 W StreamTimeline: Caused by: java.util.concurrent.TimeoutException: Waited 10000 milliseconds (plus 37 milliseconds, 116455 nanoseconds delay) for zn@1674415[status=PENDING, info=[tag=[Get local node ID.]]]
11-03 20:32:58.049126  2365  2619 W StreamTimeline: 	at zk.get(AW782433232:38)
11-03 20:32:58.049126  2365  2619 W StreamTimeline: 	at zo.get(AW782433232:2)
11-03 20:32:58.049126  2365  2619 W StreamTimeline: 	at bzs.a(AW782433232:2)
11-03 20:32:58.049126  2365  2619 W StreamTimeline: 	... 5 more
11-03 20:32:58.049282  2365  2619 I HOME    : [NotificationBridger]Retry startup in 10000 ms
11-03 20:32:58.049451  2365  2619 D CollectorHandler: handleMessage, event: ON_NOTIFICATION_POSTED_WITH_RANKING
11-03 20:32:58.177478  1990  3231 I NetworkScheduler.Stats: Task com.google.android.gms/com.google.android.gms.stats.PlatformStatsCollectorService started execution. cause:5 exec_start_elapsed_seconds: 82 [CONTEXT service_id=218 ]
11-03 20:32:58.241876  2365  2619 D HOME    : [StreamDBQueue]Promised revision #6020 to queue a new op
11-03 20:32:58.242389  2365  2619 D HOME    : [WatchStreamManager]Promised set @ r#6020 for (com.google.android.wearable.ambient,tag=null,id=4369,notifKey=0|com.google.android.wearable.ambient|4369|null|1000)
11-03 20:32:58.278523  2365  2847 D StreamDatabase:   filtering notification, reason=CLOCKWORK_FOREGROUND_SERVICE, itemId=StreamItemIdAndRevision{notifKey=0|com.google.android.wearable.ambient|4369|null|1000, packageName=com.google.android.wearable.ambient, id=4369, revision=6020, originalRevision=6020, updateCount=0}
11-03 20:32:58.281637  2365  2847 D HOME    : [StreamAdapter]onStreamChange StreamChangeEvent[modified=1, removed=0, modifiedTop=0, removedTop=0, reorder=false, possibleAlertingItem=none]
11-03 20:32:58.288432  2365  2847 D HOME    : [StreamAdapter]onStreamChange StreamChangeEvent[modified=1, removed=0, modifiedTop=0, removedTop=0, reorder=false, possibleAlertingItem=none]
11-03 20:32:58.294993  2365  2365 D HOME    : [TopNotificationReceiver]Sending request to TopNotificationProviderService for complication update
11-03 20:32:58.299192  2365  2847 D HOME    : [NewStreamAdapter]Publishing revision #6020 to adapter clients
11-03 20:32:58.301527  2365  2365 D HOME    : [StreamAdapter]setStreamItems, size 0
11-03 20:32:58.301961  2365  2365 D HOME    : [StreamAdapter]setStreamItems, size 0
11-03 20:32:58.305781  2365  2847 D HOME    : [ComplicationController]scheduleImmediateUpdateForAllFromProvider ComponentInfo{com.google.android.wearable.app/com.google.android.clockwork.wcs.notification.complication.TopNotificationProviderService}
11-03 20:32:58.405182  1990  2700 W PackageHelper: Could not get resources package for package "com.android.nfc". Falling back to app package name.
11-03 20:32:58.519207  1990  2700 W PackageHelper: Could not get resources package for package "com.google.android.wearable.batteryservices". Falling back to app package name.
11-03 20:32:58.554309  3178  3210 W BugleRcs: couldn't get package info for carrier services package with name com.google.android.ims
11-03 20:32:58.555006  3178  3210 W BugleRcs: android.content.pm.PackageManager$NameNotFoundException: com.google.android.ims
11-03 20:32:58.555006  3178  3210 W BugleRcs: 	at android.app.ApplicationPackageManager.getPackageInfoAsUser(ApplicationPackageManager.java:181)
11-03 20:32:58.555006  3178  3210 W BugleRcs: 	at android.app.ApplicationPackageManager.getPackageInfo(ApplicationPackageManager.java:152)
11-03 20:32:58.555006  3178  3210 W BugleRcs: 	at kvk.<init>(PG:7)
11-03 20:32:58.555006  3178  3210 W BugleRcs: 	at kvk.a(PG:1)
11-03 20:32:58.555006  3178  3210 W BugleRcs: 	at cjy.run(Unknown Source:6)
11-03 20:32:58.555006  3178  3210 W BugleRcs: 	at shx.run(PG:2)
11-03 20:32:58.555006  3178  3210 W BugleRcs: 	at java.util.concurrent.Executors$RunnableAdapter.call(Executors.java:458)
11-03 20:32:58.555006  3178  3210 W BugleRcs: 	at ugh.c(PG:1)
11-03 20:32:58.555006  3178  3210 W BugleRcs: 	at ufk.run(PG:4)
11-03 20:32:58.555006  3178  3210 W BugleRcs: 	at ugi.run(PG:1)
11-03 20:32:58.555006  3178  3210 W BugleRcs: 	at rqt.run(PG:1)
11-03 20:32:58.555006  3178  3210 W BugleRcs: 	at java.util.concurrent.ThreadPoolExecutor.runWorker(ThreadPoolExecutor.java:1167)
11-03 20:32:58.555006  3178  3210 W BugleRcs: 	at java.util.concurrent.ThreadPoolExecutor$Worker.run(ThreadPoolExecutor.java:641)
11-03 20:32:58.555006  3178  3210 W BugleRcs: 	at rpj.run(Unknown Source:5)
11-03 20:32:58.555006  3178  3210 W BugleRcs: 	at java.lang.Thread.run(Thread.java:764)
11-03 20:32:58.605156  2365  2650 D HOME    : [MediaCtrlsSettingWriter]Updating DataItem at path: /media_controls/data/auto_launch_media_controls with value: true
11-03 20:32:58.665042  1990  2001 I .gms.persisten: Background concurrent copying GC freed 24036(1610KB) AllocSpace objects, 25(856KB) LOS objects, 24% free, 5MB/7MB, paused 882us total 348.162ms
11-03 20:32:58.703855  1990  2842 W qrs     : Sync failed [CONTEXT service_id=51 ]
11-03 20:32:58.729706  3178  3210 W Bugle   : SubscriptionMetadataUtils get: invalid subId = -1
11-03 20:32:58.734398  3178  3210 I Bugle   : TelephonyManagerFactory: Returning per-subscription TelephonyManager (>= N) subscription{id:-1}
11-03 20:32:58.744183  3178  3218 W .apps.messagin: Verification of siz hzf.i(boolean, boolean, boolean, java.lang.String) took 198.562ms
11-03 20:32:58.751970  3178  3210 W Bugle   : SubscriptionMetadataUtils get: invalid subId = -1
11-03 20:32:58.755943  3178  3210 W Bugle   : SubscriptionMetadataUtils get: invalid subId = -1
11-03 20:32:58.761572  1990  2700 E .gms.persisten: No package ID 7f found for ID 0x7f010000.
11-03 20:32:58.761875  1990  2700 W PackageHelper: Could not get resources package for package "com.qti.diagservices". Falling back to app package name.
11-03 20:32:58.765275  3178  3210 W Bugle   : SubscriptionMetadataUtils get: invalid subId = -1
11-03 20:32:58.774613  3178  3210 W Bugle   : SubscriptionMetadataUtils get: invalid subId = -1
11-03 20:32:58.900465  1990  2700 W PackageHelper: Could not get resources package for package "com.android.carrierconfig". Falling back to app package name.
11-03 20:32:58.924796  1990  2700 W PackageHelper: Could not get resources package for package "com.google.android.wearable.app". Falling back to app package name.
11-03 20:32:58.932808  1990  2700 W PackageHelper: Could not get resources package for package "com.google.android.wearable.assistant". Falling back to app package name.
11-03 20:32:59.070631  3178  3222 I BugleDatabasePerf: : took 119ms to endTransaction
11-03 20:32:59.070870  3178  3222 W BugleDatabasePerf: : took 950ms to executeInTransaction
11-03 20:32:59.166522  1990  2700 W PackageHelper: Could not get resources package for package "com.android.vending". Falling back to app package name.
11-03 20:32:59.266691  2365  2365 D HOME    : [ProviderConnMgr]Timeout expired for id 2
11-03 20:32:59.266859  2365  2365 D HOME    : [ProviderConnMgr]Unbinding from service
11-03 20:32:59.270685  2365  2365 W HOME    : [AgendaController]Failed to fetch calendar events in EventWindow{Wed Nov 03 00:00:00 GMT+01:00 2021,Fri Nov 05 23:59:59 GMT+01:00 2021}
11-03 20:32:59.270685  2365  2365 W HOME    : java.util.concurrent.CancellationException
11-03 20:32:59.270685  2365  2365 W HOME    : 	at java.util.concurrent.FutureTask.report(FutureTask.java:122)
11-03 20:32:59.270685  2365  2365 W HOME    : 	at java.util.concurrent.FutureTask.get(FutureTask.java:193)
11-03 20:32:59.270685  2365  2365 W HOME    : 	at ltn.c(AW782433232:1)
11-03 20:32:59.270685  2365  2365 W HOME    : 	at buq.run(AW782433232:3)
11-03 20:32:59.270685  2365  2365 W HOME    : 	at java.util.concurrent.Executors$RunnableAdapter.call(Executors.java:458)
11-03 20:32:59.270685  2365  2365 W HOME    : 	at java.util.concurrent.FutureTask.run(FutureTask.java:266)
11-03 20:32:59.270685  2365  2365 W HOME    : 	at bvw.run(AW782433232:6)
11-03 20:32:59.270685  2365  2365 W HOME    : 	at android.os.Handler.handleCallback(Handler.java:873)
11-03 20:32:59.270685  2365  2365 W HOME    : 	at android.os.Handler.dispatchMessage(Handler.java:99)
11-03 20:32:59.270685  2365  2365 W HOME    : 	at android.os.Looper.loop(Looper.java:193)
11-03 20:32:59.270685  2365  2365 W HOME    : 	at android.app.ActivityThread.main(ActivityThread.java:6680)
11-03 20:32:59.270685  2365  2365 W HOME    : 	at java.lang.reflect.Method.invoke(Native Method)
11-03 20:32:59.270685  2365  2365 W HOME    : 	at com.android.internal.os.RuntimeInit$MethodAndArgsCaller.run(RuntimeInit.java:493)
11-03 20:32:59.270685  2365  2365 W HOME    : 	at com.android.internal.os.ZygoteInit.main(ZygoteInit.java:858)
11-03 20:32:59.272306  2365  2889 E HOME    : [WearableCalendarPrvdr]Failed to read data items
11-03 20:32:59.272306  2365  2889 E HOME    : caa: An error occurred fetching data items: Status{statusCode=INTERRUPTED, resolution=null}
11-03 20:32:59.272306  2365  2889 E HOME    : 	at bzl.l(Unknown Source:47)
11-03 20:32:59.272306  2365  2889 E HOME    : 	at bzl.h(AW782433232:2)
11-03 20:32:59.272306  2365  2889 E HOME    : 	at bzj.b(AW782433232:2)
11-03 20:32:59.272306  2365  2889 E HOME    : 	at com.google.android.clockwork.wcs.service.calendar.WearableCalendarProvider.a(AW782433232:4)
11-03 20:32:59.272306  2365  2889 E HOME    : 	at com.google.android.clockwork.wcs.service.calendar.WearableCalendarProvider.query(AW782433232:12)
11-03 20:32:59.272306  2365  2889 E HOME    : 	at android.content.ContentProvider.query(ContentProvider.java:1058)
11-03 20:32:59.272306  2365  2889 E HOME    : 	at android.content.ContentProvider.query(ContentProvider.java:1150)
11-03 20:32:59.272306  2365  2889 E HOME    : 	at android.content.ContentProvider$Transport.query(ContentProvider.java:242)
11-03 20:32:59.272306  2365  2889 E HOME    : 	at android.content.ContentResolver.query(ContentResolver.java:802)
11-03 20:32:59.272306  2365  2889 E HOME    : 	at android.content.ContentResolver.query(ContentResolver.java:752)
11-03 20:32:59.272306  2365  2889 E HOME    : 	at android.content.ContentResolver.query(ContentResolver.java:710)
11-03 20:32:59.272306  2365  2889 E HOME    : 	at bud.a(AW782433232:2)
11-03 20:32:59.272306  2365  2889 E HOME    : 	at bts.a(AW782433232:5)
11-03 20:32:59.272306  2365  2889 E HOME    : 	at ggc.call(Unknown Source:19)
11-03 20:32:59.272306  2365  2889 E HOME    : 	at bwk.call(Unknown Source:2)
11-03 20:32:59.272306  2365  2889 E HOME    : 	at java.util.concurrent.FutureTask.run(FutureTask.java:266)
11-03 20:32:59.272306  2365  2889 E HOME    : 	at bvw.run(AW782433232:6)
11-03 20:32:59.272306  2365  2889 E HOME    : 	at bvy.run(AW782433232:5)
11-03 20:32:59.272306  2365  2889 E HOME    : 	at java.util.concurrent.ThreadPoolExecutor.runWorker(ThreadPoolExecutor.java:1167)
11-03 20:32:59.272306  2365  2889 E HOME    : 	at java.util.concurrent.ThreadPoolExecutor$Worker.run(ThreadPoolExecutor.java:641)
11-03 20:32:59.272306  2365  2889 E HOME    : 	at bvl.run(AW782433232:4)
11-03 20:32:59.272306  2365  2889 E HOME    : 	at java.lang.Thread.run(Thread.java:764)
11-03 20:32:59.296362  1990  2842 E qpr     : Phenotype API error. Event # aojc@d0757561, EventCode: 17 [CONTEXT service_id=51 ]
11-03 20:32:59.297367  1990  2842 E AsyncOperation: operation=RegisterSyncOperationCall, opStatusCode=29504 [CONTEXT service_id=51 ]
11-03 20:32:59.297367  1990  2842 E AsyncOperation: OperationException[Status{statusCode=Network error, resolution=null}]
11-03 20:32:59.297367  1990  2842 E AsyncOperation: 	at qpr.c(:com.google.android.gms@205016071@20.50.16 (050304-351607135):6)
11-03 20:32:59.297367  1990  2842 E AsyncOperation: 	at qpr.b(:com.google.android.gms@205016071@20.50.16 (050304-351607135):12)
11-03 20:32:59.297367  1990  2842 E AsyncOperation: 	at lmg.run(:com.google.android.gms@205016071@20.50.16 (050304-351607135):9)
11-03 20:32:59.297367  1990  2842 E AsyncOperation: 	at afhs.run(:com.google.android.gms@205016071@20.50.16 (050304-351607135):2)
11-03 20:32:59.297367  1990  2842 E AsyncOperation: 	at iwh.c(:com.google.android.gms@205016071@20.50.16 (050304-351607135):6)
11-03 20:32:59.297367  1990  2842 E AsyncOperation: 	at iwh.run(:com.google.android.gms@205016071@20.50.16 (050304-351607135):7)
11-03 20:32:59.297367  1990  2842 E AsyncOperation: 	at java.util.concurrent.ThreadPoolExecutor.runWorker(ThreadPoolExecutor.java:1167)
11-03 20:32:59.297367  1990  2842 E AsyncOperation: 	at java.util.concurrent.ThreadPoolExecutor$Worker.run(ThreadPoolExecutor.java:641)
11-03 20:32:59.297367  1990  2842 E AsyncOperation: 	at jbu.run(:com.google.android.gms@205016071@20.50.16 (050304-351607135):0)
11-03 20:32:59.297367  1990  2842 E AsyncOperation: 	at java.lang.Thread.run(Thread.java:764)
11-03 20:32:59.358064  3178  3218 I BugleDatabasePerf: : took 63ms to query ((messages.message_status <> ?) AND (messages.message_status <> ?) AND ((messages.is_hidden = ?) OR (message_reactions.reacted_message_id NOTNULL))) AND ((messages.seen = ?) AND (messages.message_status IN (100,108,101,105)))
11-03 20:32:59.447946  3178  3218 I BugleDatabasePerf: : took 89ms to move cursor to first
11-03 20:32:59.463211  1990  2700 W PackageHelper: Could not get resources package for package "com.google.android.clockwork.nfc". Falling back to app package name.
11-03 20:32:59.584829  3178  3212 I WM-WorkerWrapper: Worker result SUCCESS for Work [ id=c5b1f7b8-be6b-47ba-9d30-07e3e5204445, tags={ com.google.apps.tiktok.contrib.work.TikTokListenableWorker, TikTokWorker#com.google.android.apps.messaging.shared.telephony.impl.copyoftelephony.TelephonyOrphanedAttachmentsCollectorTikTokWorkItem } ]
11-03 20:32:59.669784  3178  3212 I WM-WorkerWrapper: Worker result SUCCESS for Work [ id=1c5cb54f-0c3b-4f5d-a6d9-94cc626531ff, tags={ com.google.android.apps.messaging.shared.datamodel.workqueue.WorkQueueWorkerShim, refresh_incoming_message_notifications- } ]
11-03 20:32:59.703045  1990  2700 W PackageHelper: Could not get resources package for package "com.google.android.wearable.frameworkpackagestubs". Falling back to app package name.
11-03 20:32:59.783477  1990  2001 I .gms.persisten: Background concurrent copying GC freed 29514(1688KB) AllocSpace objects, 7(204KB) LOS objects, 24% free, 6MB/8MB, paused 198us total 340.072ms
11-03 20:32:59.871832  3178  3222 I Bugle   : BootAndPackageReplacedReceiver: run post-reboot oobe tasks
11-03 20:32:59.919195  1990  2700 W PackageHelper: Could not get resources package for package "com.android.providers.contacts". Falling back to app package name.
11-03 20:33:00.007933  2365  2612 D HOME    : [TickMonitor]Received time tick
11-03 20:33:00.009874  3178  3210 W Bugle   : SubscriptionMetadataUtils get: invalid subId = -1
11-03 20:33:00.026122  2365  2612 D HOME    : [TickMonitor]handleTimeTick() finished
11-03 20:33:00.039587  3178  3210 W Bugle   : SubscriptionMetadataUtils get: invalid subId = -1
11-03 20:33:00.042525  3178  3210 I Bugle   : CountryCodeDetector: updateMainDeviceCountry from system locale as fallback. detected country: FR
11-03 20:33:00.174858  1990  2180 W .gms.persisten: Long monitor contention with owner highpool[4] (2700) at java.lang.String android.content.res.AssetManager.nativeGetResourcePackageName(long, int)(AssetManager.java:-2) waiters=1 in xnx xny.a(java.lang.Object) for 22.363s
11-03 20:33:00.187853  1990  2683 W .gms.persisten: Long monitor contention with owner highpool[4] (2700) at java.lang.String android.content.res.AssetManager.nativeGetResourcePackageName(long, int)(AssetManager.java:-2) waiters=0 in xnx xny.a(java.lang.Object) for 22.737s
11-03 20:33:00.246835  1906  2168 D MmsSmsDatabaseHelper: [MmsSmsDb] tableName: threads hasAutoIncrement: CREATE TABLE threads (_id INTEGER PRIMARY KEY AUTOINCREMENT,date INTEGER DEFAULT 0,message_count INTEGER DEFAULT 0,recipient_ids TEXT,snippet TEXT,snippet_cs INTEGER DEFAULT 0,read INTEGER DEFAULT 1,archived INTEGER DEFAULT 0,type INTEGER DEFAULT 0,error INTEGER DEFAULT 0,has_attachment INTEGER DEFAULT 0) result: true
11-03 20:33:00.250394  1906  2168 D MmsSmsDatabaseHelper: [MmsSmsDb] tableName: canonical_addresses hasAutoIncrement: CREATE TABLE canonical_addresses (_id INTEGER PRIMARY KEY AUTOINCREMENT,address TEXT) result: true
11-03 20:33:00.251969  1906  2168 D MmsSmsDatabaseHelper: [MmsSmsDb] tableName: part hasAutoIncrement: CREATE TABLE part (_id INTEGER PRIMARY KEY AUTOINCREMENT,mid INTEGER,seq INTEGER DEFAULT 0,ct TEXT,name TEXT,chset INTEGER,cd TEXT,fn TEXT,cid TEXT,cl TEXT,ctt_s INTEGER,ctt_t TEXT,_data TEXT,text TEXT) result: true
11-03 20:33:00.253260  1906  2168 D MmsSmsDatabaseHelper: [MmsSmsDb] tableName: pdu hasAutoIncrement: CREATE TABLE pdu (_id INTEGER PRIMARY KEY AUTOINCREMENT,thread_id INTEGER,date INTEGER,date_sent INTEGER DEFAULT 0,msg_box INTEGER,read INTEGER DEFAULT 0,m_id TEXT,sub TEXT,sub_cs INTEGER,ct_t TEXT,ct_l TEXT,exp INTEGER,m_cls TEXT,m_type INTEGER,v INTEGER,m_size INTEGER,pri INTEGER,rr INTEGER,rpt_a INTEGER,resp_st INTEGER,st INTEGER,tr_id TEXT,retr_st INTEGER,retr_txt TEXT,retr_txt_cs INTEGER,read_status INTEGER,ct_cls INTEGER,resp_txt TEXT,d_tm INTEGER,d_rpt INTEGER,locked INTEGER DEFAULT 0,sub_id INTEGER DEFAULT -1, seen INTEGER DEFAULT 0,creator TEXT,text_only INTEGER DEFAULT 0) result: true
11-03 20:33:00.255129  1906  2168 D MmsSmsDatabaseHelper: [getWritableDatabase] hasAutoIncrementThreads: true hasAutoIncrementAddresses: true hasAutoIncrementPart: true hasAutoIncrementPdu: true
11-03 20:33:00.269045  1906  2168 D MmsSmsProvider: getSingleAddressId: insert new canonical_address for xxxxxx, _id=1
11-03 20:33:00.283845  3178  3212 I BugleDatabasePerf: : took 51ms to queryNumEntries on conversations LEFT JOIN messages ON conversations.latest_message_id=messages._id with conversations.conv_type = ? AND messages.received_timestamp > ?
11-03 20:33:00.317122  1906  2168 D MmsSmsProvider: getThreadId: create new thread_id for recipients xxxxxxxx
11-03 20:33:00.322965  1906  2168 D MmsSmsProvider: insertThread: created new thread_id 1 for recipientIds xxxxxxx
11-03 20:33:00.337921  3178  3240 W InstanceID: Instance ID SDK is deprecated, com.google.android.apps.messaging should update to use Firebase Instance ID
11-03 20:33:00.338534  3201  3201 E sysproxy: [B] Timed out waiting for connection header.
11-03 20:33:00.338585  3201  3201 D sysproxy: Aborting with exit code 1
11-03 20:33:00.339705   628   628 E sysproxyd: Start sysproxy did not initialize successfully: 1
11-03 20:33:00.341624  1679  2140 E CompanionProxyShardJni: continue_connect_native_ sysproxy did not initialize successfully: 3 -100
11-03 20:33:00.342317   628   628 D sysproxyd: OnClientClosed client disconnected.
11-03 20:33:00.342321  1679  1679 W WearBluetooth: CompanionProxyShard  Unable to deliver socket to sysproxy module
11-03 20:33:00.342633  1679  1679 D WearBluetooth: updateClientState CONNECTING -> IDLE
11-03 20:33:00.342826  1679  1679 D WearBluetooth: Reset companion proxy network connection isClosed:false
11-03 20:33:00.342915  1679  1679 D WearBluetooth: JNI has already disconnected
11-03 20:33:00.343042  1679  1679 W WearBluetooth: CompanionProxyShard  Attempting reconnect in 4 seconds
11-03 20:33:00.343660  1784  2057 E bt_btif_sock_rfcomm: btsock_rfc_signaled socket signaled for read while disconnected, slot: 8, channel: 0
11-03 20:33:00.343906   628   628 D sysproxyd: OnReadReady reaping untracked child 3201 (tracking 0)
11-03 20:33:00.352077  1990  3231 I NetworkScheduler.Stats: Task com.google.android.gms/com.google.android.gms.stats.PlatformStatsCollectorService finished executing. cause:5 result: 1 elapsed_millis: 2543 uptime_millis: 2543 exec_start_elapsed_seconds: 82 [CONTEXT service_id=218 ]
11-03 20:33:00.393393  2365  2365 D HOME    : [WatchFaceUiController]sendStateToWallpaper
11-03 20:33:00.408502  1784  2040 W bt_sdp  : SDP - Rcvd conn cnf with error: 0x4  CID 0x47
11-03 20:33:00.408605  1784  2040 E bt_btif_sock_rfcomm: find_rfc_slot_by_id unable to find RFCOMM slot id: 8
11-03 20:33:00.482025  1906  2168 D MmsSmsProvider: getSingleAddressId: insert new canonical_address for xxxxxx, _id=2
11-03 20:33:00.483027  1906  2168 D MmsSmsProvider: getThreadId: create new thread_id for recipients xxxxxxxx
11-03 20:33:00.483336  1906  2168 D MmsSmsProvider: insertThread: created new thread_id 2 for recipientIds xxxxxxx
11-03 20:33:00.510643  1990  2001 I .gms.persisten: Background concurrent copying GC freed 35336(1891KB) AllocSpace objects, 20(740KB) LOS objects, 24% free, 6MB/8MB, paused 10.382ms total 427.229ms
11-03 20:33:00.641663  2365  2602 E HOME    : [TileDataItemWriter]Couldn't load existing tile screenshot data.
11-03 20:33:00.643689  1990  2178 I NetworkScheduler.Stats: Task com.google.android.gms/com.google.android.gms.stats.PlatformStatsCollectorService started execution. cause:5 exec_start_elapsed_seconds: 85 [CONTEXT service_id=218 ]
11-03 20:33:00.683134  3178  3212 I WM-WorkerWrapper: Worker result SUCCESS for Work [ id=42d87a39-ea5d-4259-a58a-63b7f7514389, tags={ com.google.android.apps.messaging.shared.datamodel.workqueue.WorkQueueWorkerShim, expire_wap_push_si_message- } ]
11-03 20:33:00.701485  3178  3221 W CarrierServices: [161] otm.f: Carrier Services Apk was not found.
11-03 20:33:00.723695  1679  1729 W BestClock: java.time.DateTimeException: Missing NTP fix
11-03 20:33:00.754687  1679  1729 W BestClock: java.time.DateTimeException: Missing NTP fix
11-03 20:33:00.761920  1990  2788 I NetworkScheduler.Stats: Task com.google.android.gms/com.google.android.gms.stats.PlatformStatsCollectorService finished executing. cause:5 result: 1 elapsed_millis: 2580 uptime_millis: 2580 exec_start_elapsed_seconds: 82 [CONTEXT service_id=218 ]
11-03 20:33:00.765716  1679  1754 W BestClock: java.time.DateTimeException: Missing NTP fix
11-03 20:33:00.798036  3178  3221 I ShortcutBadger: Checking if platform supports badge counters, attempt 1/3.
11-03 20:33:00.810930  3178  3221 I ShortcutBadger: Checking if platform supports badge counters, attempt 2/3.
11-03 20:33:00.818360  3178  3221 I ShortcutBadger: Checking if platform supports badge counters, attempt 3/3.
11-03 20:33:00.825607  3178  3221 W ShortcutBadger: Badge counter seems not supported in this platform: unable to resolve intent: Intent { act=android.intent.action.BADGE_COUNT_UPDATE (has extras) }
11-03 20:33:00.869729  3178  3221 W CarrierServices: [161] otm.f: Carrier Services Apk was not found.
11-03 20:33:00.870290  3178  3221 I CarrierServices: [161] otm.d: Cannot get service version because CS.apk was not found, not pre-loaded or disabled.
--------- switch to system
11-03 20:33:00.871812  1679  1729 W ActivityManager: Permission Denial: Accessing service ComponentInfo{com.android.vending/com.google.android.finsky.externalreferrer.GetInstallReferrerService} from pid=3178, uid=10064 requires com.google.android.finsky.permission.BIND_GET_INSTALL_REFERRER_SERVICE
11-03 20:33:00.874803  1679  1729 W ActivityManager: Unbind failed: could not find connection for android.os.BinderProxy@7387901
--------- switch to main
11-03 20:33:00.876518  3178  3221 W CarrierServices: [161] otm.d: Service with meta data key: JibeServiceApiVersions is not compatible. Service Version 1 is not supported. Supported versions: []
11-03 20:33:00.881699  3178  3221 I CarrierServices: [161] otm.b: Not using CS JibeService because it is not compatible with AM.
11-03 20:33:00.925456  3178  3229 W Bugle   : Failed to check if revocation is enabled
11-03 20:33:00.926687  3178  3229 W Bugle   : qus: Jibe SDK Service not available. Is the Jibe SDK service running? Did you call connect() and wait for the notification before calling an API function?
11-03 20:33:00.926687  3178  3229 W Bugle   : 	at qum.a(PG:2)
11-03 20:33:00.926687  3178  3229 W Bugle   : 	at com.google.android.rcs.client.profile.RcsProfileService.getRcsConfig(PG:1)
11-03 20:33:00.926687  3178  3229 W Bugle   : 	at ifn.ae(PG:1)
11-03 20:33:00.926687  3178  3229 W Bugle   : 	at ifn.Q(PG:1)
11-03 20:33:00.926687  3178  3229 W Bugle   : 	at cqa.call(Unknown Source:8)
11-03 20:33:00.926687  3178  3229 W Bugle   : 	at shz.call(PG:2)
11-03 20:33:00.926687  3178  3229 W Bugle   : 	at udz.c(PG:1)
11-03 20:33:00.926687  3178  3229 W Bugle   : 	at ufk.run(PG:4)
11-03 20:33:00.926687  3178  3229 W Bugle   : 	at rqt.run(PG:1)
11-03 20:33:00.926687  3178  3229 W Bugle   : 	at java.util.concurrent.ThreadPoolExecutor.runWorker(ThreadPoolExecutor.java:1167)
11-03 20:33:00.926687  3178  3229 W Bugle   : 	at java.util.concurrent.ThreadPoolExecutor$Worker.run(ThreadPoolExecutor.java:641)
11-03 20:33:00.926687  3178  3229 W Bugle   : 	at rpj.run(Unknown Source:5)
11-03 20:33:00.926687  3178  3229 W Bugle   : 	at java.lang.Thread.run(Thread.java:764)
11-03 20:33:00.963133  1990  2178 I NetworkScheduler.Stats: Task com.google.android.gms/com.google.android.gms.stats.PlatformStatsCollectorService started execution. cause:5 exec_start_elapsed_seconds: 85 [CONTEXT service_id=218 ]
11-03 20:33:00.997140  2365  2365 I HOME    : [Clockwork.Settings]set local ID to 3393c81c
11-03 20:33:01.146020  1990  2178 I NetworkScheduler.Stats: Task com.google.android.gms/com.google.android.gms.stats.PlatformStatsCollectorService finished executing. cause:5 result: 1 elapsed_millis: 254 uptime_millis: 254 exec_start_elapsed_seconds: 85 [CONTEXT service_id=218 ]
11-03 20:33:01.177245  2365  2365 I WearableSRegistry: fetchConnectedNodes: []
--------- switch to system
11-03 20:33:01.214515  1679  1696 I ActivityManager: Start proc 3246:com.google.android.apps.walletnfcrel/u0a23 for broadcast com.google.android.apps.walletnfcrel/com.google.commerce.tapandpay.android.account.RefreshActiveAccountReceiver
--------- switch to main
11-03 20:33:01.221042  3080  3126 E Finsky  : [162] com.google.android.finsky.at.c.a(25): Unable to build selector: /storage/emulated/0/Download/marketenvs.csv (No such file or directory)
11-03 20:33:01.236637  3178  3220 W CarrierServices: [160] otm.f: Carrier Services Apk was not found.
11-03 20:33:01.237162  3178  3220 I CarrierServices: [160] otm.d: Cannot get service version because CS.apk was not found, not pre-loaded or disabled.
11-03 20:33:01.298850  3178  3220 W CarrierServices: [160] otm.d: Service with meta data key: JibeServiceApiVersions is not compatible. Service Version 1 is not supported. Supported versions: []
11-03 20:33:01.299385  3178  3220 I CarrierServices: [160] otm.b: Not using CS JibeService because it is not compatible with AM.
11-03 20:33:01.337412  3080  3163 I Finsky  : [184] com.google.android.finsky.ds.a.a.a.b(29): Triggered update for experiment package com.google.android.finsky.stable.
11-03 20:33:01.348962  3246  3246 I ps.walletnfcre: The ClassLoaderContext is a special shared library.
11-03 20:33:01.412251  3246  3246 I ps.walletnfcre: The ClassLoaderContext is a special shared library.
11-03 20:33:01.540463  1990  2788 I NetworkScheduler.Stats: Task com.google.android.gms/com.google.android.gms.stats.PlatformStatsCollectorService started execution. cause:5 exec_start_elapsed_seconds: 86 [CONTEXT service_id=218 ]
11-03 20:33:01.698746  1990  2788 I NetworkScheduler.Stats: Task com.google.android.gms/com.google.android.gms.stats.PlatformStatsCollectorService finished executing. cause:5 result: 1 elapsed_millis: 263 uptime_millis: 263 exec_start_elapsed_seconds: 86 [CONTEXT service_id=218 ]
11-03 20:33:01.711224  1990  2189 E Debug   : Can't find service to dump: fingerprint
11-03 20:33:01.711370  1990  2189 W Fingerprintstats: Dumpsys failed.
11-03 20:33:01.785968  3246  3246 I ps.walletnfcre: The ClassLoaderContext is a special shared library.
11-03 20:33:01.792851  3246  3246 I ps.walletnfcre: The ClassLoaderContext is a special shared library.
11-03 20:33:01.796127  1990  2681 W PackageHelper: Could not get resources package for package "com.google.android.wearable.assistant". Falling back to app package name.
11-03 20:33:01.811227  3246  3246 I ps.walletnfcre: The ClassLoaderContext is a special shared library.
11-03 20:33:01.888064  3246  3246 V NativeCrypto: Registering com/google/android/gms/org/conscrypt/NativeCrypto's 286 native methods...
11-03 20:33:01.913345  2365  3264 D HOME    : [WearableHost]WearableHost.onDataChanged: wear://3393c81c/bugreport/service, feature bugreport
11-03 20:33:01.926999  2365  3264 D HOME    : [WearableHost]onDataChanged: DataItemRef{ uri=wear://3393c81c/bugreport/service, dataSz=null, numAssets=0 } with tag: bugreport to no dataListeners
11-03 20:33:01.929538  2365  3264 D HOME    : [HomeWearListenerService]onDataChanged: wear://3393c81c/bugreport/service, feature bugreport
11-03 20:33:01.934090  1990  2788 I NetworkScheduler.Stats: Task com.google.android.gms/com.google.android.gms.stats.PlatformStatsCollectorService started execution. cause:5 exec_start_elapsed_seconds: 86 [CONTEXT service_id=218 ]
11-03 20:33:01.943567  1990  2788 I NetworkScheduler.Stats: Task com.google.android.gms/com.google.android.gms.stats.PlatformStatsCollectorService finished executing. cause:5 result: 2 elapsed_millis: 1418 uptime_millis: 1418 exec_start_elapsed_seconds: 85 [CONTEXT service_id=218 ]
11-03 20:33:01.992575  3246  3246 D NetworkSecurityConfig: No Network Security Config specified, using platform default
11-03 20:33:01.997304  3246  3246 I ProviderInstaller: Installed default security provider GmsCore_OpenSSL
11-03 20:33:02.018350  1990  2001 I .gms.persisten: Background concurrent copying GC freed 24544(1524KB) AllocSpace objects, 17(1016KB) LOS objects, 25% free, 6MB/8MB, paused 153us total 570.116ms
11-03 20:33:02.088341  2365  2612 D HOME    : [DynRingOnBodyReceiver]onReceive Intent { act=com.google.android.clockwork.ACTION_ENABLE_DYNAMIC_RINGER_ON_BODY_DETECTION flg=0x10 (has extras) }
11-03 20:33:02.114036  2365  2365 D HOME    : [BtSettingsListener]supports wear hfp: false
11-03 20:33:02.133060  1990  2189 I NetworkScheduler.Stats: Task com.google.android.gms/com.google.android.gms.stats.PlatformStatsCollectorService started execution. cause:5 exec_start_elapsed_seconds: 86 [CONTEXT service_id=218 ]
11-03 20:33:02.210777  3246  3269 I BackgroundTaskManager: Executing task PhenotypeRegistrationTask.phenotype_registration with PARALLEL execution policy.
11-03 20:33:02.252125  2365  2365 I HOME    : [DynamicRinger]Temporary unmute[true], DR feature enabled[false], OnBody[false], PluggedIn[false], PowerSaveMode[false]
11-03 20:33:02.252774  2365  2365 I HOME    : [DynamicRinger]Temporary unmute[true], DR feature enabled[false], OnBody[false], PluggedIn[true], PowerSaveMode[false]
11-03 20:33:02.259907  2365  2365 D HOME    : [PayUtil]Successfully set data item: /wear_pay/wear_pay_status
11-03 20:33:02.274916  2365  2670 I HOME    : [NewHomeContactSyncCon]Deleting contacts not in []
11-03 20:33:02.315332  2365  2646 D HOME    : [OemSetupJobService]Local node id: 3393c81c
11-03 20:33:02.326857  3246  3246 D FirebaseApp: com.google.firebase.auth.FirebaseAuth is not linked. Skipping initialization.
11-03 20:33:02.343537  3246  3246 D FirebaseApp: com.google.firebase.crash.FirebaseCrash is not linked. Skipping initialization.
11-03 20:33:02.381033  3246  3246 I WearTapAndPayApp: Successfully initialized Firebase App
11-03 20:33:02.391991  3246  3273 I PrimesTesting: GserviceFlagsSupplier.get()
11-03 20:33:02.423624  2365  2365 I HOME    : [CompClientService]phone provider not found
11-03 20:33:02.470923  3246  3280 I BackgroundTaskManager: Executing task AccountFreshener.freshen with SEQUENTIAL execution policy.
--------- switch to system
11-03 20:33:02.475877  1679  1696 I ActivityManager: Start proc 3281:com.google.android.apps.wearable.bluetooth/1000 for broadcast com.google.android.apps.wearable.bluetooth/com.google.android.clockwork.hfp.BtTelecomBroadcastReceiver
--------- switch to main
11-03 20:33:02.475908  2365  2365 I HOME    : [CompClientService]phone status provider not found
11-03 20:33:02.478206  2365  2365 D HOME    : [CompClientService]Companion phone account status changed: unregistered
11-03 20:33:02.487824  1990  2683 D Wear_ConnectionMgr: adding a name to a ROLE_SERVER config that has no name
11-03 20:33:02.597507  3281  3281 I rable.bluetoot: The ClassLoaderContext is a special shared library.
11-03 20:33:02.627863  1990  2001 I .gms.persisten: ThreadFlipBegin blocked for 9.143ms
11-03 20:33:02.632569  1990  2700 I .gms.persisten: IncrementDisableThreadFlip blocked for 5.347ms
11-03 20:33:02.697430  3281  3281 I rable.bluetoot: The ClassLoaderContext is a special shared library.
11-03 20:33:02.800866  3080  3163 I Finsky  : [184] com.google.android.finsky.ds.a.a.a.b(62): Already at the latest configurations for experiment package com.google.android.finsky.stable.
11-03 20:33:02.801742  3080  3166 W android.vendin: Long monitor contention with owner AsyncTask #2 (3163) at java.lang.Object com.google.android.finsky.application.a.ei.a()(SourceFile:7) waiters=0 in int com.google.android.finsky.ds.a.a.a.b() for 1.410s
11-03 20:33:02.805286  3080  3166 I Finsky  : [186] com.google.android.finsky.ds.a.a.a.b(29): Triggered update for experiment package com.google.android.finsky.regular.
11-03 20:33:02.869726  1990  2180 W TapAndPay: setPayOnWearEnabledRealtime: 117491 [CONTEXT service_id=79 ]
11-03 20:33:02.880672  1679  1899 W DiskStatsService: Recent Disk Write Speed data unavailable!
11-03 20:33:02.911722  1679  1899 W DiskStatsService: exception reading diskstats cache file
11-03 20:33:02.911722  1679  1899 W DiskStatsService: java.io.FileNotFoundException: /data/system/diskstats_cache.json: open failed: ENOENT (No such file or directory)
11-03 20:33:02.911722  1679  1899 W DiskStatsService: 	at libcore.io.IoBridge.open(IoBridge.java:485)
11-03 20:33:02.911722  1679  1899 W DiskStatsService: 	at libcore.io.IoUtils$FileReader.<init>(IoUtils.java:207)
11-03 20:33:02.911722  1679  1899 W DiskStatsService: 	at libcore.io.IoUtils.readFileAsString(IoUtils.java:114)
11-03 20:33:02.911722  1679  1899 W DiskStatsService: 	at com.android.server.DiskStatsService.reportCachedValues(DiskStatsService.java:211)
11-03 20:33:02.911722  1679  1899 W DiskStatsService: 	at com.android.server.DiskStatsService.dump(DiskStatsService.java:149)
11-03 20:33:02.911722  1679  1899 W DiskStatsService: 	at android.os.Binder.doDump(Binder.java:571)
11-03 20:33:02.911722  1679  1899 W DiskStatsService: 	at android.os.Binder.dump(Binder.java:561)
11-03 20:33:02.911722  1679  1899 W DiskStatsService: 	at android.os.Binder.onTransact(Binder.java:511)
11-03 20:33:02.911722  1679  1899 W DiskStatsService: 	at android.os.Binder.execTransact(Binder.java:731)
11-03 20:33:02.911722  1679  1899 W DiskStatsService: Caused by: android.system.ErrnoException: open failed: ENOENT (No such file or directory)
11-03 20:33:02.911722  1679  1899 W DiskStatsService: 	at libcore.io.Linux.open(Native Method)
11-03 20:33:02.911722  1679  1899 W DiskStatsService: 	at libcore.io.BlockGuardOs.open(BlockGuardOs.java:210)
11-03 20:33:02.911722  1679  1899 W DiskStatsService: 	at libcore.io.IoBridge.open(IoBridge.java:471)
11-03 20:33:02.911722  1679  1899 W DiskStatsService: 	... 8 more
--------- switch to system
11-03 20:33:02.917969  1679  1704 I PowerManagerService: Going to sleep due to screen timeout (uid 1000)...
11-03 20:33:02.918475  1679  1679 W UsageStatsService: Event reported without a package name
11-03 20:33:02.921203  1679  1704 I DreamManagerService: Entering dreamland.
11-03 20:33:02.922061  1679  1704 I PowerManagerService: Dozing...
11-03 20:33:02.942026  1679  1700 I DreamController: Starting dream: name=ComponentInfo{com.google.android.wearable.ambient/com.google.android.wearable.ambient.AmbientDream}, isTest=false, canDoze=true, userId=0
--------- switch to main
11-03 20:33:02.960774  3281  3281 D BtTelecomReceiver: onReceive: Intent { act=android.intent.action.BOOT_COMPLETED flg=0x9000010 cmp=com.google.android.apps.wearable.bluetooth/com.google.android.clockwork.hfp.BtTelecomBroadcastReceiver (has extras) }
--------- switch to system
11-03 20:33:03.006283  1679  1679 W ContextImpl: Calling a method in the system process without a qualified user: android.app.ContextImpl.bindService:1611 android.content.ContextWrapper.bindService:698 com.google.android.wearable.ambient.AmbientDream.onCreate:191 android.app.ActivityThread.handleCreateService:3533 android.app.ActivityThread.access$1300:200 
11-03 20:33:03.009796  1679  1679 W ContextImpl: Calling a method in the system process without a qualified user: android.app.ContextImpl.sendBroadcast:1005 android.content.ContextWrapper.sendBroadcast:444 com.google.android.wearable.ambient.AmbientDream.onCreate:241 android.app.ActivityThread.handleCreateService:3533 android.app.ActivityThread.access$1300:200 
11-03 20:33:03.011168  1679  1679 V DreamService[AmbientDream]: onBind() intent = Intent { act=android.service.dreams.DreamService flg=0x800000 cmp=com.google.android.wearable.ambient/.AmbientDream }
--------- switch to main
11-03 20:33:03.045773  1679  1679 I AmbientService: [2f230a7] Ambient Created
11-03 20:33:03.052786  3281  3281 D HfpClientConnService: onCreate
--------- switch to system
