11-03 10:34:44.464476     0     0 I         : done.
11-03 10:34:44.483918     0     0 I CPU3    : shutdown
11-03 10:34:44.484991     0     0 I         : Freezing user space processes ...
11-03 10:34:44.489179     0     0 I PM      : Wakeup pending, aborting suspend
11-03 10:34:44.489211     0     0 I         : active wakeup source: NETLINK
11-03 10:34:44.489244     0     0 E         : Freezing of tasks aborted after 0.004 seconds
11-03 10:34:44.489255     0     0 I         : Restarting tasks ...
11-03 10:34:44.489610     0     0 I init    : Command 'write /sys/devices/system/cpu/cpu3/online 0' action=ro.enable_core_ctl=true && sys.cw_corectl_mode=idle (/vendor/etc/init/hw/init.qcom.rc:952) took 105ms and succeeded
11-03 10:34:44.489830     0     0 W QSEECOM : qseecom_receive_req: Interrupted: exiting Listener Service = 10
11-03 10:34:44.489875     0     0 W QSEECOM : qseecom_receive_req: Interrupted: exiting Listener Service = 28672
11-03 10:34:44.491199     0     0 W QSEECOM : qseecom_receive_req: Interrupted: exiting Listener Service = 12288
11-03 10:34:44.493362     0     0 W QSEECOM : qseecom_receive_req: Interrupted: exiting Listener Service = 11
11-03 10:34:44.493710     0     0 W QSEECOM : qseecom_receive_req: Interrupted: exiting Listener Service = 8192
11-03 10:34:44.494784     0     0 I         : done.
11-03 10:34:44.495195     0     0 I PM      : suspend exit 2021-11-03 09:34:44.495195705 UTC
11-03 10:34:44.696806     0     0 I PM      : suspend entry 2021-11-03 09:34:44.696806955 UTC
11-03 10:34:44.696825     0     0 I PM      : Syncing filesystems ... done.
11-03 10:34:44.725652     0     0 I         : Freezing user space processes ... (elapsed 0.010 seconds) done.
11-03 10:34:44.735773     0     0 I         : Freezing remaining freezable tasks ... (elapsed 0.006 seconds) done.
11-03 10:34:44.742026     0     0 I         : Suspending console(s) (use no_console_suspend to debug)
11-03 10:34:44.821751     0     0 E mdp3_check_dsi_ctrl_status: wait_for_dma_done error
11-03 10:34:44.829784     0     0 I mdss_dsi_panel_set_idle_mode: Idle (1->1)
11-03 10:34:44.866037     0     0 I bgcom   : bgcom_pm_suspend: suspended with : 0
11-03 10:34:44.897616     0     0 I PM      : suspend of devices complete after 152.049 msecs
11-03 10:34:44.903216     0     0 I PM      : late suspend of devices complete after 5.563 msecs
11-03 10:34:44.908752     0     0 I PM      : noirq suspend of devices complete after 5.502 msecs
11-03 10:34:44.908769     0     0 I         : Disabling non-boot CPUs ...
11-03 10:34:44.921739     0     0 W         : IRQ21 no longer affine to CPU1
11-03 10:34:44.923624     0     0 I CPU1    : shutdown
11-03 10:34:44.925878     0     0 I suspend ns: 3835755944922	suspend cycles:    1220587398549
11-03 10:34:44.925856     0     0 I CPU0    : msm_cpu_pm_enter_sleep mode:3 during suspend
11-03 10:34:44.925856     0     0 I         : Suspended for 10.992 seconds
11-03 10:34:44.925856     0     0 I resume cycles: 1220798462962
11-03 10:34:44.926405     0     0 I         : Enabling non-boot CPUs ...
11-03 10:34:44.927245     0     0 I CPU1    : update cpu_capacity 1024
11-03 10:34:44.928730     0     0 I         : CPU1 is up
11-03 10:34:44.930506     0     0 I CPU1    : update max cpu_capacity 748
11-03 10:34:44.932664     0     0 I PM      : noirq resume of devices complete after 3.585 msecs
11-03 10:34:44.938082     0     0 I PM      : early resume of devices complete after 3.952 msecs
11-03 10:34:44.968488     0     0 I bgcom   : bgcom_pm_resume: Bgcom resumed with : 0
11-03 10:34:44.978639     0     0 I mdss_dsi_panel_set_idle_mode: Idle (1->1)
11-03 10:34:45.014573     0     0 I PM      : resume of devices complete after 76.435 msecs
11-03 10:34:45.017226     0     0 I         : Restarting tasks ...
11-03 10:34:45.021756     0     0 W QSEECOM : qseecom_receive_req: Interrupted: exiting Listener Service = 8192
11-03 10:34:45.021856     0     0 W QSEECOM : qseecom_receive_req: Interrupted: exiting Listener Service = 10
11-03 10:34:45.021899     0     0 W QSEECOM : qseecom_receive_req: Interrupted: exiting Listener Service = 28672
11-03 10:34:45.024500     0     0 W QSEECOM : qseecom_receive_req: Interrupted: exiting Listener Service = 12288
11-03 10:34:45.024579     0     0 W QSEECOM : qseecom_receive_req: Interrupted: exiting Listener Service = 11
--------- switch to system
11-03 10:34:56.019388  1686  1686 I PowerManagerService: Waking up from dozing (uid=1000 reason=tiltToWake)...
11-03 10:34:56.034149  1686  1686 W UsageStatsService: Event reported without a package name
--------- switch to kernel
11-03 10:34:45.035156     0     0 I         : done.
11-03 10:34:56.028861     0     0 I PM      : suspend exit 2021-11-03 09:34:56.028861221 UTC
11-03 10:34:56.041460     0     0 E FG      : fg_psy_get_property: unsupported property 7
11-03 10:34:55.928828     0     0 W healthd : battery l=13 v=3714 t=29.0 h=2 st=3 c=4 fc=443000 cc=0 chg=
--------- switch to main
11-03 10:34:56.075560   512   512 I sensors-hal: batch:140, android.sensor.light/46, period=100000000, max_latency=0
11-03 10:34:56.075707   512   512 I sensors-hal: batch:149, android.sensor.light/46, period=100000000, max_latency=0 request completed
11-03 10:34:56.079232   512   512 I sensors-hal: activate:107, android.sensor.light/46 en=1
11-03 10:34:56.079648   512   512 I sensors-hal: ssc_enable_rt_task:254, ssc_enable_rt_task : true
11-03 10:34:56.083236   512   512 I sensors-hal: activate:118, android.sensor.light/46 en=1 completed
--------- switch to kernel
11-03 10:34:56.012536     0     0 E bgrsb   : bgrsb_enable: rsb will set report rate
11-03 10:34:56.029008     0     0 E bgrsb   : bgrsb_enable: gpio 32 is valid
--------- switch to main
11-03 10:34:56.085671  1686  1823 I SidekickService: endDisplayLocked()
--------- switch to system
11-03 10:34:56.086034  1686  1710 I DisplayManagerService: Display device changed state: "Écran intégré", ON
--------- switch to main
11-03 10:34:56.086807   416   416 D SKGHAL  : sendAmbientEvent: enter: enable = 0
11-03 10:34:56.091092   512   512 I sensors-hal: batch:140, android.sensor.accelerometer/48, period=66667000, max_latency=100000000
11-03 10:34:56.091195   512   512 I sensors-hal: batch:149, android.sensor.accelerometer/48, period=66667000, max_latency=100000000 request completed
11-03 10:34:56.094212   512   512 I sensors-hal: activate:107, android.sensor.accelerometer/48 en=1
11-03 10:34:56.095019   512   512 I sensors-hal: ssc_enable_rt_task:254, ssc_enable_rt_task : true
11-03 10:34:56.103227  1686  1759 I InputReader: Reconfiguring input devices.  changes=0x00000004
11-03 10:34:56.104503   512   512 I sensors-hal: activate:118, android.sensor.accelerometer/48 en=1 completed
--------- switch to kernel
11-03 10:34:56.058564     0     0 I init    : processing action (ro.enable_core_ctl=true && sys.cw_corectl_mode=perf) from (/vendor/etc/init/hw/init.qcom.rc:954)
11-03 10:34:56.061318     0     0 I CPU2    : update cpu_capacity 1024
11-03 10:34:56.063336     0     0 I         : [touch]FB_BLANK_VSYNC_SUSPEND
11-03 10:34:56.063342     0     0 I         : [touch]Already in suspend state
--------- switch to main
11-03 10:34:56.112254  2520  2520 D HOME    : [BatteryChange]action: android.intent.action.BATTERY_CHANGED
11-03 10:34:56.114042  2520 12460 D HOME    : [BatteryChange]HandleBatteryChangedTask
11-03 10:34:56.115231  2520 12460 D HOME    : [BatteryChange]level: 13, status: 3
11-03 10:34:56.120068  1956  1956 D QtiCarrierConfigHelper: WARNING, no carrier configs on phone Id: 0
11-03 10:34:56.120796  1686  1799 E WifiStateMachine: getWifiLinkLayerStats called without an interface
11-03 10:34:56.146505  4243  4243 D OMService: onDisplayChanged: not dozing
11-03 10:34:56.164615  1686  1686 I WearPower: [WearTouchMediator] changing touch input to enabled (ON_AUTO)
11-03 10:34:56.166746  1686  1759 I InputReader: Reconfiguring input devices.  changes=0x00000200
11-03 10:34:56.182631   504   523 I SDM     : DisplayBase::SetDisplayState: Set state = 3, display 0
11-03 10:34:56.182984   504   523 D SDM     : HWCDisplayPrimary::SetStandByMode: Display is connected successfully
11-03 10:34:56.184536   512 12803 I sensors-hal: handle_indication_realtime:355,  SCHED_FIFO(10) for qmi_cbk
11-03 10:34:56.186655   416   416 D SKGHAL  : standBy_update_control call succeed on 0
11-03 10:34:56.186810   416   416 D SKGHAL  : sendAmbientEvent: done: enable = 0
11-03 10:34:56.187998  1686  1823 D SidekickService:    ... endDisplay returns void
11-03 10:34:56.189755   545   545 D SurfaceFlinger: Set power mode=2, type=0 flinger=0xb6bb6000
11-03 10:34:56.190670   504   762 I SDM     : DisplayBase::SetDisplayState: Set state = 1, display 0
11-03 10:34:56.193173  2520 12460 D HOME    : [BatteryChange]updateStreamItem
11-03 10:34:56.198172  1686  1686 D WristGestureCtrl: Starting: GesturesEnabled-false UngazeEnabled-true
11-03 10:34:56.198346  1686  1686 D DefaultUngazeDetector: starting
11-03 10:34:56.198455  1686  1686 D DefaultUngazeDetector: startUngazeStateEstimation(). startTime = 63575628
11-03 10:34:56.198803  1686  1686 W AlarmManagerProxy: Removing unknown listener
11-03 10:34:56.202174   545   545 D SurfaceFlinger: Finished set power mode=2, type=0
--------- switch to kernel
11-03 10:34:56.079001     0     0 I mdss_dsi_panel_set_idle_mode: Idle (1->0)
11-03 10:34:56.080447     0     0 E mdp3_enable_panic_ctrl: mdp3_enable_panic_ctrl: Enable Panic Control
11-03 10:34:56.080620     0     0 I         : [touch]FB_BLANK_UNBLANK
11-03 10:34:56.080628     0     0 I         : [touch]raydium_ts_do_resume, 1.
11-03 10:34:56.081208     0     0 I         : [ raydium ]workqueue is empty!
11-03 10:34:56.081237     0     0 I raydium_ts 5-0039: [touch]Already enable irq
11-03 10:34:56.081241     0     0 I         : [touch]Device may wakeup
--------- switch to main
11-03 10:34:56.204138   512   512 I sensors-hal: batch:140, android.sensor.accelerometer/48, period=19231000, max_latency=100000000
11-03 10:34:56.207151  1686  1686 W DefaultSettingsContentR: Value for ambient_low_bit_enabled not stored as number. Attempting parse as boolean.
--------- switch to system
11-03 10:34:56.207778  1686  1712 W PowerManagerService: Screen on took 298 ms
11-03 10:34:56.208303  1686  1712 I DreamManagerService: Gently waking up from dream.
11-03 10:34:56.209385  1686  1708 I DreamManagerService: Performing gentle wake from dream.
--------- switch to main
11-03 10:34:56.210710   512 12805 I sensors-hal: handle_indication_realtime:355,  SCHED_FIFO(10) for qmi_cbk
11-03 10:34:56.212358   512   512 I sensors-hal: batch:149, android.sensor.accelerometer/48, period=19231000, max_latency=100000000 request completed
11-03 10:34:56.213264   512   512 I sensors-hal: flush:169, android.sensor.accelerometer/48
11-03 10:34:56.217160   512   512 I sensors-hal: flush:175, android.sensor.accelerometer/48 completed
--------- switch to system
11-03 10:34:56.227754  1686  1702 W BroadcastQueue: Background execution not allowed: receiving Intent { act=android.intent.action.USER_PRESENT flg=0x10 } to com.google.android.gms/.auth.setup.devicesignals.LockScreenReceiver
11-03 10:34:56.228612  1686  1702 W BroadcastQueue: Background execution not allowed: receiving Intent { act=android.intent.action.USER_PRESENT flg=0x10 } to com.google.android.gms/.chimera.GmsIntentOperationService$PersistentTrustedReceiver
--------- switch to main
11-03 10:34:56.230504  3205  3434 W WorkController: Loading failed for worker [trainingcache]: worker not found
--------- switch to system
11-03 10:34:56.230861  1686  1686 V DreamService[AmbientDream]: wakeUp(): fromSystem=true, mWaking=false, mFinished=false
11-03 10:34:56.231032  1686  1686 V DreamService[AmbientDream]: finish(): mFinished=false
11-03 10:34:56.231199  1686  1686 I DreamManagerService: Leaving dreamland.
--------- switch to kernel
11-03 10:34:56.098047     0     0 I CPU3    : update cpu_capacity 1024
11-03 10:34:56.100705     0     0 I CPU2    : update max cpu_capacity 1024
--------- switch to main
11-03 10:34:56.233021  3205  3372 W A       : TrainingCache cache DEVICE_UNLOCKED failure
11-03 10:34:56.233021  3205  3372 W A       : com.google.android.apps.gsa.search.core.service.h.a.a: No worker found for Worker ID [trainingcache].
11-03 10:34:56.233021  3205  3372 W A       : 	at com.google.android.apps.gsa.search.core.service.g.a.c.a(Unknown Source:5)
11-03 10:34:56.233021  3205  3372 W A       : 	at com.google.android.libraries.gsa.c.a.d.a(Unknown Source:3)
11-03 10:34:56.233021  3205  3372 W A       : 	at com.google.common.p.a.cg.c(Unknown Source:2)
11-03 10:34:56.233021  3205  3372 W A       : 	at com.google.common.p.a.bk.run(SourceFile:3)
11-03 10:34:56.233021  3205  3372 W A       : 	at com.google.common.p.a.ci.run(Unknown Source:4)
11-03 10:34:56.233021  3205  3372 W A       : 	at com.google.apps.tiktok.concurrent.ab.run(SourceFile:1)
11-03 10:34:56.233021  3205  3372 W A       : 	at java.util.concurrent.ThreadPoolExecutor.runWorker(ThreadPoolExecutor.java:1167)
11-03 10:34:56.233021  3205  3372 W A       : 	at java.util.concurrent.ThreadPoolExecutor$Worker.run(ThreadPoolExecutor.java:641)
11-03 10:34:56.233021  3205  3372 W A       : 	at com.google.apps.tiktok.concurrent.c.run(Unknown Source:4)
11-03 10:34:56.233021  3205  3372 W A       : 	at java.lang.Thread.run(Thread.java:764)
--------- switch to system
11-03 10:34:56.235713  1686  1708 I DreamManagerService: Performing gentle wake from dream.
11-03 10:34:56.236075  1686  1708 I DreamController: Stopping dream: name=ComponentInfo{com.google.android.wearable.ambient/com.google.android.wearable.ambient.AmbientDream}, isTest=false, canDoze=true, userId=0
--------- switch to main
11-03 10:34:56.241680  3205  3434 W WorkController: Loading failed for worker [trainingcache]: worker not found
11-03 10:34:56.243746  3205  3294 W A       : TrainingCache cache SCREEN_ON failure
11-03 10:34:56.243746  3205  3294 W A       : com.google.android.apps.gsa.search.core.service.h.a.a: No worker found for Worker ID [trainingcache].
11-03 10:34:56.243746  3205  3294 W A       : 	at com.google.android.apps.gsa.search.core.service.g.a.c.a(Unknown Source:5)
11-03 10:34:56.243746  3205  3294 W A       : 	at com.google.android.libraries.gsa.c.a.d.a(Unknown Source:3)
11-03 10:34:56.243746  3205  3294 W A       : 	at com.google.common.p.a.cg.c(Unknown Source:2)
11-03 10:34:56.243746  3205  3294 W A       : 	at com.google.common.p.a.bk.run(SourceFile:3)
11-03 10:34:56.243746  3205  3294 W A       : 	at com.google.common.p.a.ci.run(Unknown Source:4)
11-03 10:34:56.243746  3205  3294 W A       : 	at com.google.apps.tiktok.concurrent.ab.run(SourceFile:1)
11-03 10:34:56.243746  3205  3294 W A       : 	at java.util.concurrent.ThreadPoolExecutor.runWorker(ThreadPoolExecutor.java:1167)
11-03 10:34:56.243746  3205  3294 W A       : 	at java.util.concurrent.ThreadPoolExecutor$Worker.run(ThreadPoolExecutor.java:641)
11-03 10:34:56.243746  3205  3294 W A       : 	at com.google.apps.tiktok.concurrent.c.run(Unknown Source:4)
11-03 10:34:56.243746  3205  3294 W A       : 	at java.lang.Thread.run(Thread.java:764)
--------- switch to system
11-03 10:34:56.248073  1686  1686 V DreamService[AmbientDream]: detach(): Calling onDreamingStopped()
--------- switch to main
11-03 10:34:56.248388  1686  1686 I AmbientService: [ce6a28c] doOnDreamingStopped
11-03 10:34:56.248487  1686  1686 W AlarmManagerProxy: Removing unknown listener
11-03 10:34:56.262721  2520  2520 D HOME    : [HomeVisitsLogger]Logging streamlet event: visit_start
11-03 10:34:56.263959  2520  2520 D HOME    : [HomeVisitsLogger]Logging streamlet event: exit_ambient_mode
11-03 10:34:56.265254  2520  2520 D HOME    : [HotwordController]updateClient MODE_WATCH_FACE false false false true
11-03 10:34:56.267816  2520  2520 D HOME    : [WatchFaceUiController]setInAmbientMode false
11-03 10:34:56.268105  2520  2520 D HOME    : [WatchFaceUiController]sendWatchFaceServiceBinder
11-03 10:34:56.274866  1686  1686 I AmbientService: [ce6a28c] No auto-resume Activity.
--------- switch to kernel
11-03 10:34:56.134060     0     0 I CPU3    : update max cpu_capacity 1024
--------- switch to main
11-03 10:34:56.279682  2520  2520 D HOME    : [WatchFaceUiController]sendStateToWallpaper
11-03 10:34:56.281060  1686  1686 W AlarmManager: Unrecognized alarm listener com.android.server.job.controllers.-$$Lambda$IdleController$IdlenessTracker$nTdS-lGBXcES5VWKcJFmQFgU7IU@1ab437a
--------- switch to system
11-03 10:34:56.282791  1686  1686 W ContextImpl: Calling a method in the system process without a qualified user: android.app.ContextImpl.sendBroadcast:1020 android.content.ContextWrapper.sendBroadcast:449 com.google.android.wearable.ambient.AmbientDream.onDestroy:273 android.app.ActivityThread.handleStopService:3698 android.app.ActivityThread.access$1700:200 
--------- switch to main
11-03 10:34:56.284408  1686  1686 E AlarmManager: cancel() called with a null PendingIntent
--------- switch to system
11-03 10:34:56.285048  1686  1686 V DreamService[AmbientDream]: onDestroy()
--------- switch to main
11-03 10:34:56.298300  2520  2520 D HOME    : [WatchFaceUiController]Showing watch face wallpaper.
11-03 10:34:56.298874  2520  2520 D HOME    : [WatchFaceUiController]sendStateToWallpaper
11-03 10:34:56.308020  2520  2520 D HOME    : [StreamDBQueue]Promised revision #4379 to queue a new op
11-03 10:34:56.308971  2520  2520 D WatchStreamManager: Promised rank-blocked=true @ r#4379
11-03 10:34:56.310194  2520  2520 D HOME    : [StreamDBQueue]Promised revision #4380 to queue a new op
11-03 10:34:56.310785  2520  2520 D WatchStreamManager: Promised rank-blocked=true @ r#4380
11-03 10:34:56.312696  2520  2520 D HOME    : [TilesController]Tile refresh optimization is enabled.
11-03 10:34:56.314192  2520  2520 D HOME    : [EventBus]Wrapper pool is full. Discarding excess wrapper instance for event com.google.android.clockwork.sysui.events.KeyguardStateEvent
11-03 10:34:56.314462  2520  2520 D HOME    : [WatchFaceUiController]sendStateToWallpaper
11-03 10:34:56.318762  2520  2520 D HOME    : [EventBus]Wrapper pool is full. Discarding excess wrapper instance for event com.google.android.clockwork.sysui.events.KeyguardStateEvent
11-03 10:34:56.319672  2520  2520 D HOME    : [EventBus]Wrapper pool is full. Discarding excess wrapper instance for event com.google.android.clockwork.sysui.events.KeyguardStateEvent
11-03 10:34:56.333943  2520  2520 D HOME    : [WatchFaceUiController]sendStateToWallpaper
11-03 10:34:56.341465  2520  2520 W StaticLayout: maxLineHeight should not be -1.  maxLines:1 lineCount:1
11-03 10:34:56.351524  2520 12759 D HOME    : [WatchStreamDB]Item alerting conditions - isInterruptive: true, recentlyInterrupted: false, isItemPinned: false, isUnread: false
11-03 10:34:56.352644  2520 12759 D HOME    : [StreamAlertingRegulator]isTheaterModeEnabled: false, isAlertingAllowedByOffBody: true, matchesLocalInterruptionFilter: true
11-03 10:34:56.353251  2520 12759 D HOME    : [WatchStreamDB]couldItemAlert: false, isTopItemChanged: false, isDeferralForTopItem: false
11-03 10:34:56.359230  2520 12759 D HOME    : [WatchStreamDB]Item alerting conditions - isInterruptive: true, recentlyInterrupted: false, isItemPinned: false, isUnread: false
11-03 10:34:56.359939  2520 12759 D HOME    : [StreamAlertingRegulator]isTheaterModeEnabled: false, isAlertingAllowedByOffBody: true, matchesLocalInterruptionFilter: true
11-03 10:34:56.360548  2520 12759 D HOME    : [WatchStreamDB]couldItemAlert: false, isTopItemChanged: false, isDeferralForTopItem: false
11-03 10:34:56.399461  2520  2520 D HOME    : [StreamDBQueue]Promised revision #4381 to queue a new op
11-03 10:34:56.400127  2520  2520 D WatchStreamManager: Promised rank-blocked=true @ r#4381
11-03 10:34:56.404309  2520 12759 D HOME    : [WatchStreamDB]Item alerting conditions - isInterruptive: true, recentlyInterrupted: false, isItemPinned: false, isUnread: false
11-03 10:34:56.405251  2520 12759 D HOME    : [StreamAlertingRegulator]isTheaterModeEnabled: false, isAlertingAllowedByOffBody: true, matchesLocalInterruptionFilter: true
11-03 10:34:56.405879  2520 12759 D HOME    : [WatchStreamDB]couldItemAlert: false, isTopItemChanged: false, isDeferralForTopItem: false
11-03 10:34:56.441281  2520  2520 D HOME    : [WatchFaceUiController]sendWatchFaceServiceBinder
11-03 10:34:56.448789  2520  2520 D HOME    : [WatchFaceUiController]sendProperties
11-03 10:34:56.450718  2520  2520 D HOME    : [WatchFaceUiController]sendStateToWallpaper
11-03 10:34:56.652511   512   512 I sensors-hal: activate:107, android.sensor.light/46 en=0
11-03 10:34:56.654348   512   512 I sensors-hal: activate:118, android.sensor.light/46 en=0 completed
11-03 10:34:56.656470   512   512 I sensors-hal: batch:140, android.sensor.light/46, period=250000000, max_latency=0
11-03 10:34:56.656556   512   512 I sensors-hal: batch:149, android.sensor.light/46, period=250000000, max_latency=0 request completed
11-03 10:34:56.656895   512   512 I sensors-hal: activate:107, android.sensor.light/46 en=1
11-03 10:34:56.657274   512   512 I sensors-hal: ssc_enable_rt_task:254, ssc_enable_rt_task : true
11-03 10:34:56.661776   512   512 I sensors-hal: activate:118, android.sensor.light/46 en=1 completed
11-03 10:34:56.733732   512 12813 I sensors-hal: handle_indication_realtime:355,  SCHED_FIFO(10) for qmi_cbk
11-03 10:35:00.006254  2520  2714 D HOME    : [TickMonitor]Received time tick
11-03 10:35:00.006527  2520  2714 D HOME    : [TickMonitor]handleTimeTick() finished
--------- switch to system
11-03 10:35:00.910596  1686  1712 I PowerManagerService: Going to sleep due to screen timeout (uid 1000)...
11-03 10:35:00.911993  1686  1712 I DreamManagerService: Entering dreamland.
11-03 10:35:00.912263  1686  1686 W UsageStatsService: Event reported without a package name
11-03 10:35:00.912821  1686  1712 I PowerManagerService: Dozing...
11-03 10:35:00.923831  1686  1708 I DreamController: Starting dream: name=ComponentInfo{com.google.android.wearable.ambient/com.google.android.wearable.ambient.AmbientDream}, isTest=false, canDoze=true, userId=0
11-03 10:35:00.941376  1686  1686 W ContextImpl: Calling a method in the system process without a qualified user: android.app.ContextImpl.bindService:1611 android.content.ContextWrapper.bindService:698 com.google.android.wearable.ambient.AmbientDream.onCreate:191 android.app.ActivityThread.handleCreateService:3533 android.app.ActivityThread.access$1300:200 
11-03 10:35:00.944657  1686  1686 W ContextImpl: Calling a method in the system process without a qualified user: android.app.ContextImpl.sendBroadcast:1005 android.content.ContextWrapper.sendBroadcast:444 com.google.android.wearable.ambient.AmbientDream.onCreate:241 android.app.ActivityThread.handleCreateService:3533 android.app.ActivityThread.access$1300:200 
11-03 10:35:00.945434  1686  1686 V DreamService[AmbientDream]: onBind() intent = Intent { act=android.service.dreams.DreamService flg=0x800000 cmp=com.google.android.wearable.ambient/.AmbientDream }
--------- switch to main
11-03 10:35:00.951883  1686  1686 I AmbientService: [ce6a28c] Ambient Created
--------- switch to system
11-03 10:35:00.955272  1686  1686 V DreamService[AmbientDream]: Calling onDreamingStarted()
--------- switch to main
11-03 10:35:00.955548  1686  1686 I AmbientService: [ce6a28c] doOnDreamingStarted
11-03 10:35:00.956281  1686  1686 D SidekickService: setShouldControlDisplay called: true
11-03 10:35:00.957601  1686  1686 I AmbientService: [ce6a28c] Selected running activity for ambient mode: AmbientActivity[component=ComponentInfo{com.google.android.wearable.app/com.google.android.clockwork.home2.activity.HomeActivity2}, callbacks=@210b385, running=true, ambientRequested=true, ambientEnabled=true, offloadEnabled=true]
11-03 10:35:00.958492  1686  1686 I AmbientService: [ce6a28c] Sidekick is ready to display, requesting doze.
11-03 10:35:00.959258  1686  1686 I AmbientService: [ce6a28c] No auto-resume Activity.
11-03 10:35:00.961337  1686  1686 W DefaultSettingsContentR: Value for ambient_low_bit_enabled not stored as number. Attempting parse as boolean.
11-03 10:35:00.962418  2520  2520 D HOME    : [HomeVisitsLogger]Logging streamlet event: enter_ambient_mode
11-03 10:35:00.963177  2520  2520 D HOME    : [HotwordController]updateClient MODE_WATCH_FACE false true false true
11-03 10:35:00.963165  2520 12460 D HOME    : [HomeVisitsLogger]Logging streamlet event: visit_end
11-03 10:35:00.965649  1686  1686 I AmbientService: [ce6a28c] Showing watch face in offload mode, canceling alarm.
11-03 10:35:00.965794  1686  1686 W AlarmManagerProxy: Removing unknown listener
11-03 10:35:00.965936  1686  1686 D WristGestureCtrl: Stopping detectors: GesturesEnabled-false gestureDetector-false ungazeEnabled-true ungaze-true
11-03 10:35:00.966000  1686  1686 D DefaultUngazeDetector: stopping
11-03 10:35:00.967043   512  1749 I sensors-hal: batch:140, android.sensor.accelerometer/48, period=66667000, max_latency=100000000
11-03 10:35:00.972878   512  1749 I sensors-hal: batch:149, android.sensor.accelerometer/48, period=66667000, max_latency=100000000 request completed
11-03 10:35:01.018057  2520  2520 D HOME    : [WatchFaceUiController]setInAmbientMode true
11-03 10:35:01.020663  2520 12460 I SidekickManager: replaceWatchFaceComponentsImpl(): watchFace = com.google.android.clockwork.decomposablewatchface.WatchFaceDecomposition@a8c328a
11-03 10:35:01.021192  2520  2520 D HOME    : [StreamDBQueue]Promised revision #4382 to queue a new op
11-03 10:35:01.021782  2520  2520 D WatchStreamManager: Promised rank-blocked=false @ r#4382
11-03 10:35:01.022442  1686  3998 D SidekickService: sendWatchFaceComponents called: watchFace = com.google.android.clockwork.decomposablewatchface.WatchFaceDecomposition@b3db5a8shouldReplace = false
11-03 10:35:01.023012  2520  2520 D HOME    : [StreamDBQueue]Promised revision #4383 to queue a new op
11-03 10:35:01.023046  2520 12759 D HOME    : [WatchStreamDB]Item alerting conditions - isInterruptive: true, recentlyInterrupted: false, isItemPinned: false, isUnread: false
11-03 10:35:01.023218  2520  2520 D WatchStreamManager: Promised rank-blocked=false @ r#4383
11-03 10:35:01.023443  2520 12759 D HOME    : [StreamAlertingRegulator]isTheaterModeEnabled: false, isAlertingAllowedByOffBody: true, matchesLocalInterruptionFilter: true
11-03 10:35:01.023638  2520 12769 D HOME    : [StreamDBQueue]Promised revision #4384 to queue a new op
11-03 10:35:01.023653  2520 12759 D HOME    : [WatchStreamDB]couldItemAlert: false, isTopItemChanged: false, isDeferralForTopItem: false
11-03 10:35:01.023801  2520 12769 D WatchStreamManager: Promised rerank @ r#4384
11-03 10:35:01.024293  2520  2520 D HOME    : [EventBus]Wrapper pool is full. Discarding excess wrapper instance for event com.google.android.clockwork.sysui.events.KeyguardStateEvent
11-03 10:35:01.024405  2520  2520 D HOME    : [WatchFaceUiController]sendStateToWallpaper
11-03 10:35:01.024768  2520 12759 D HOME    : [WatchStreamDB]Item alerting conditions - isInterruptive: true, recentlyInterrupted: false, isItemPinned: false, isUnread: false
11-03 10:35:01.024983  1686  3998 D SidekickService: Check decomposition for calling app com.google.android.wearable.app with uid 10049
11-03 10:35:01.025180  2520 12759 D HOME    : [StreamAlertingRegulator]isTheaterModeEnabled: false, isAlertingAllowedByOffBody: true, matchesLocalInterruptionFilter: true
11-03 10:35:01.025418  2520 12759 D HOME    : [WatchStreamDB]couldItemAlert: false, isTopItemChanged: false, isDeferralForTopItem: false
11-03 10:35:01.025409  1686  3998 D SidekickService: sendWatchFaceLocked(): shouldReplace = false, mSidekickIsControlling = false, 1 images, 0 fonts, 0 numbers, 0 proportionalFonts, 0 strings
11-03 10:35:01.025468  1686  3998 D SidekickService: ISidekickGraphics#beginResources()...
11-03 10:35:01.025955  2520 12759 D HOME    : [WatchStreamDB]updateRanking()
11-03 10:35:01.026059  2520  2520 D HOME    : [EventBus]Wrapper pool is full. Discarding excess wrapper instance for event com.google.android.clockwork.sysui.events.KeyguardStateEvent
11-03 10:35:01.026332  2520  2520 D HOME    : [EventBus]Wrapper pool is full. Discarding excess wrapper instance for event com.google.android.clockwork.sysui.events.KeyguardStateEvent
11-03 10:35:01.026470  2520 12759 D HOME    : [WatchStreamDB]Item alerting conditions - isInterruptive: true, recentlyInterrupted: false, isItemPinned: false, isUnread: false
11-03 10:35:01.026771  2520 12759 D HOME    : [StreamAlertingRegulator]isTheaterModeEnabled: false, isAlertingAllowedByOffBody: true, matchesLocalInterruptionFilter: true
11-03 10:35:01.027038  2520 12759 D HOME    : [WatchStreamDB]couldItemAlert: false, isTopItemChanged: false, isDeferralForTopItem: false
11-03 10:35:01.027203  1686  3998 D SidekickServiceUtils: bitmapFromDrawable: Returning bitmap directly
11-03 10:35:01.027770  2520 12759 D HOME    : [NewStreamAdapter]Publishing revision #4384 to adapter clients
11-03 10:35:01.029300  1686  3998 D SidekickService: sendBitmapsLocked(): bounds = RectF(0.47115386, 0.33653846, 0.52884614, 0.39423078), drawableInfo = {.id = 100000, .width = 24, .height = 24, .display = true, .offsetX = 193.0, .offsetY = 137.0, .rotationInfo = {.hasRotation = false, .pivotX = 0.0, .pivotY = 0.0, .degreesPerDay = 0.0, .degreesPerStep = 0.0, .zeroDegreesTime = {.daysSinceLocalEpoch = 0, .msSinceMidnight = 0}}, .transformInfo = {.transformed = false, .flipX = false, .flipY = false, .flip45 = false, .scaleX = 0.0, .scaleY = 0.0}, .type = GENERIC, .blink = {.blinking = false, .periodOnMs = 0.0, .periodOffMs = 0.0, .startTime = {.daysSinceLocalEpoch = 0, .msSinceMidnight = 0}}, .zOrder = 6, .displayInTwm = true}, image.size() = 204
11-03 10:35:01.030327   416   416 D SKGHAL  : saveResource: resId = 100000
11-03 10:35:01.030816  2520 12769 D HOME    : [StreamDBQueue]Promised revision #4385 to queue a new op
11-03 10:35:01.031123  1686  3998 D SidekickService: sendBitmapsLocked(): status = 0, bytesUsed = 267
11-03 10:35:01.031120  2520 12769 D WatchStreamManager: Promised rerank @ r#4385
11-03 10:35:01.031327  1686  3998 D SidekickService: ISidekickGraphics#endResources()...
11-03 10:35:01.031531  2520 12189 D HOME    : [WatchStreamDB]updateRanking()
11-03 10:35:01.032366  2520  2520 W StaticLayout: maxLineHeight should not be -1.  maxLines:1 lineCount:1
11-03 10:35:01.032332  2520 12189 D HOME    : [WatchStreamDB]Item alerting conditions - isInterruptive: true, recentlyInterrupted: false, isItemPinned: false, isUnread: false
11-03 10:35:01.032915  2520 12189 D HOME    : [StreamAlertingRegulator]isTheaterModeEnabled: false, isAlertingAllowedByOffBody: true, matchesLocalInterruptionFilter: true
11-03 10:35:01.039388  2520 12189 D HOME    : [WatchStreamDB]couldItemAlert: false, isTopItemChanged: false, isDeferralForTopItem: false
11-03 10:35:01.040455  2520 12189 D HOME    : [NewStreamAdapter]Publishing revision #4385 to adapter clients
11-03 10:35:01.206801   416   416 D SKGHAL  : sendResources: metadata size = 2400, font size = 72
11-03 10:35:01.248427   416   416 D SKGHAL  : endResources: rc = 0
11-03 10:35:01.250087  1686  1686 W system_server: Long monitor contention with owner Binder:1686_15 (3998) at int com.google.android.clockwork.sidekick.SidekickService$BinderService.sendWatchFace(com.google.android.clockwork.decomposablewatchface.WatchFaceDecomposition, boolean)(SidekickService.java:1021) waiters=0 in boolean com.google.android.clockwork.sidekick.SidekickService$BinderService.readyToDisplay() for 221ms
11-03 10:35:01.251905  2520  2520 D HOME    : [SidekickManagerAsync]replaceWatchFaceComponents(): Callback#onResult(): 0
11-03 10:35:01.252542  2520  2520 D HOME    : [WatchFaceUiController]Complication updates sent, posting watch face hiding
11-03 10:35:01.252836  2520  2520 D HOME    : [WatchFaceUiController]Still in ambient watch face, hiding
11-03 10:35:01.252983  2520  2520 D HOME    : [WatchFaceUiController]Hiding watch face wallpaper.
--------- switch to system
11-03 10:35:01.253683  1686  1686 W Looper  : Slow dispatch took 225ms main h=android.os.Handler c=com.google.android.wearable.ambient.AmbientDream$Callbacks$1@e8fb8c1 m=0
--------- switch to kernel
11-03 10:35:01.153229     0     0 E FG      : fg_psy_get_property: unsupported property 7
11-03 10:35:01.156767     0     0 W healthd : battery l=13 v=3659 t=29.0 h=2 st=3 c=106 fc=443000 cc=0 chg=
--------- switch to main
11-03 10:35:01.285765   512   512 I sensors-hal: activate:107, android.sensor.light/46 en=0
11-03 10:35:01.288561   512   512 I sensors-hal: activate:118, android.sensor.light/46 en=0 completed
11-03 10:35:01.299047  1956  1956 D QtiCarrierConfigHelper: WARNING, no carrier configs on phone Id: 0
11-03 10:35:01.308160  2520  2520 D HOME    : [BatteryChange]action: android.intent.action.BATTERY_CHANGED
11-03 10:35:01.309354  2520 12460 D HOME    : [BatteryChange]HandleBatteryChangedTask
11-03 10:35:01.310232  2520 12460 D HOME    : [BatteryChange]level: 13, status: 3
11-03 10:35:01.312481  2520 12460 D HOME    : [BatteryChange]updateStreamItem
--------- switch to system
11-03 10:35:01.315691  1686  1710 I DisplayManagerService: Display device changed state: "Écran intégré", DOZE_SUSPEND
--------- switch to main
11-03 10:35:01.338362   545   545 D SurfaceFlinger: Set power mode=3, type=0 flinger=0xb6bb6000
11-03 10:35:01.339785   504   764 I SDM     : DisplayBase::SetDisplayState: Set state = 3, display 0
11-03 10:35:01.365249  1686  1759 I InputReader: Reconfiguring input devices.  changes=0x00000004
--------- switch to kernel
11-03 10:35:01.228454     0     0 I mdss_dsi_panel_set_idle_mode: Idle (0->1)
11-03 10:35:01.266353     0     0 I         : [touch]FB_BLANK_VSYNC_SUSPEND
11-03 10:35:01.266376     0     0 I         : [touch]irq disable
11-03 10:35:01.266385     0     0 I         : [touch]workqueue is empty!
11-03 10:35:01.266390     0     0 I         : [touch]raydium_ts_do_suspend.
11-03 10:35:01.266415     0     0 I         : [touch]Device may wakeup
11-03 10:35:01.270254     0     0 I         : [touch]irq enable
--------- switch to main
11-03 10:35:01.390633   545   545 D SurfaceFlinger: Finished set power mode=3, type=0
11-03 10:35:01.391830  1686  1823 I SidekickService: beginDisplayLocked(): DOZE_SUSPEND
11-03 10:35:01.393067   416   416 D SKGHAL  : sendAmbientPrepare: enter:
11-03 10:35:01.438613   416   416 D SKGHAL  : sendAmbientEvent: enter: enable = 1
11-03 10:35:01.439739   504   523 I SDM     : DisplayBase::SetDisplayState: Set state = 4, display 0
11-03 10:35:01.446807   504   523 D SDM     : HWCDisplayPrimary::SetStandByMode: Null display is connected successfully
11-03 10:35:01.447133   416   416 D SKGHAL  : standBy_update_control call succeed on 1
11-03 10:35:01.457926   416   416 D SKGHAL  : sendAmbientEvent: done: enable = 1
11-03 10:35:01.458583  1686  1823 D SidekickService:    ... beginDisplay result: 0 for halPower: 1
11-03 10:35:01.462280   512  1749 I sensors-hal: activate:107, android.sensor.accelerometer/48 en=0
--------- switch to kernel
11-03 10:35:01.347524     0     0 E bgrsb   : bgrsb_enable: gpio 32 is valid
--------- switch to main
11-03 10:35:01.464431   512  1749 I sensors-hal: activate:118, android.sensor.accelerometer/48 en=0 completed
11-03 10:35:01.470303  1686  1799 E WifiStateMachine: getWifiLinkLayerStats called without an interface
11-03 10:35:01.492331  1686  1686 I WearPower: [WearTouchMediator] changing touch input to enabled (ON_AUTO)
11-03 10:35:01.494032  1686  1759 I InputReader: Reconfiguring input devices.  changes=0x00000200
11-03 10:35:01.501010  1686  1686 I AmbientService: [ce6a28c] Timeout alarm not required, auto-resume timeout handled by dream.
--------- switch to kernel
11-03 10:35:01.377234     0     0 I init    : processing action (ro.enable_core_ctl=true && sys.cw_corectl_mode=idle) from (/vendor/etc/init/hw/init.qcom.rc:949)
--------- switch to main
11-03 10:35:01.514474  3205  3434 W WorkController: Loading failed for worker [trainingcache]: worker not found
11-03 10:35:01.516561  3205  3372 W A       : TrainingCache cache SCREEN_OFF failure
11-03 10:35:01.516561  3205  3372 W A       : com.google.android.apps.gsa.search.core.service.h.a.a: No worker found for Worker ID [trainingcache].
11-03 10:35:01.516561  3205  3372 W A       : 	at com.google.android.apps.gsa.search.core.service.g.a.c.a(Unknown Source:5)
11-03 10:35:01.516561  3205  3372 W A       : 	at com.google.android.libraries.gsa.c.a.d.a(Unknown Source:3)
11-03 10:35:01.516561  3205  3372 W A       : 	at com.google.common.p.a.cg.c(Unknown Source:2)
11-03 10:35:01.516561  3205  3372 W A       : 	at com.google.common.p.a.bk.run(SourceFile:3)
11-03 10:35:01.516561  3205  3372 W A       : 	at com.google.common.p.a.ci.run(Unknown Source:4)
11-03 10:35:01.516561  3205  3372 W A       : 	at com.google.apps.tiktok.concurrent.ab.run(SourceFile:1)
11-03 10:35:01.516561  3205  3372 W A       : 	at java.util.concurrent.ThreadPoolExecutor.runWorker(ThreadPoolExecutor.java:1167)
11-03 10:35:01.516561  3205  3372 W A       : 	at java.util.concurrent.ThreadPoolExecutor$Worker.run(ThreadPoolExecutor.java:641)
11-03 10:35:01.516561  3205  3372 W A       : 	at com.google.apps.tiktok.concurrent.c.run(Unknown Source:4)
11-03 10:35:01.516561  3205  3372 W A       : 	at java.lang.Thread.run(Thread.java:764)
11-03 10:35:01.531314  2520  2520 D HOME    : [StreamDBQueue]Promised revision #4386 to queue a new op
11-03 10:35:01.531672  2520  2520 D WatchStreamManager: Promised rank-blocked=false @ r#4386
11-03 10:35:01.532035  2520  2520 D HOME    : [CompactHunStarter]detachWindow()
11-03 10:35:01.532451  2520 12460 D HOME    : [WatchStreamDB]Item alerting conditions - isInterruptive: true, recentlyInterrupted: false, isItemPinned: false, isUnread: false
11-03 10:35:01.532616  2520 12759 D HOME    : [StreamDBQueue]Promised revision #4387 to queue a new op
11-03 10:35:01.532797  2520 12460 D HOME    : [StreamAlertingRegulator]isTheaterModeEnabled: false, isAlertingAllowedByOffBody: true, matchesLocalInterruptionFilter: true
11-03 10:35:01.532831  2520 12759 D WatchStreamManager: Promised rerank @ r#4387
11-03 10:35:01.533113  2520 12460 D HOME    : [WatchStreamDB]couldItemAlert: false, isTopItemChanged: false, isDeferralForTopItem: false
11-03 10:35:01.533834  2520 12460 D HOME    : [WatchStreamDB]updateRanking()
11-03 10:35:01.534514  2520 12460 D HOME    : [WatchStreamDB]Item alerting conditions - isInterruptive: true, recentlyInterrupted: false, isItemPinned: false, isUnread: false
11-03 10:35:01.534990  2520 12460 D HOME    : [StreamAlertingRegulator]isTheaterModeEnabled: false, isAlertingAllowedByOffBody: true, matchesLocalInterruptionFilter: true
11-03 10:35:01.535335  2520 12460 D HOME    : [WatchStreamDB]couldItemAlert: false, isTopItemChanged: false, isDeferralForTopItem: false
11-03 10:35:01.536159  2520 12460 D HOME    : [NewStreamAdapter]Publishing revision #4387 to adapter clients
--------- switch to kernel
11-03 10:35:01.433997     0     0 I CPU0    : update max cpu_capacity 748
11-03 10:35:01.438942     0     0 I CPU3    : update max cpu_capacity 1024
11-03 10:35:01.569696     0     0 I PM      : suspend entry 2021-11-03 09:35:01.569696532 UTC
11-03 10:35:01.569705     0     0 I PM      : Syncing filesystems ...
11-03 10:35:01.575482     0     0 I CPU2    : shutdown
11-03 10:35:01.578211     0     0 I init    : Command 'write /sys/devices/system/cpu/cpu2/online 0' action=ro.enable_core_ctl=true && sys.cw_corectl_mode=idle (/vendor/etc/init/hw/init.qcom.rc:951) took 81ms and succeeded
11-03 10:35:01.598384     0     0 I         : done.
11-03 10:35:01.637541     0     0 I CPU3    : shutdown
11-03 10:35:01.638680     0     0 I         : Freezing user space processes ...
11-03 10:35:01.643768     0     0 I CPU1    : update max cpu_capacity 748
11-03 10:35:01.644165     0     0 I PM      : Wakeup pending, aborting suspend
11-03 10:35:01.644223     0     0 I         : active wakeup source: NETLINK
11-03 10:35:01.644284     0     0 E         : Freezing of tasks aborted after 0.005 seconds
11-03 10:35:01.644300     0     0 I         : Restarting tasks ...
11-03 10:35:01.645318     0     0 W QSEECOM : qseecom_receive_req: Interrupted: exiting Listener Service = 10
11-03 10:35:01.645394     0     0 W QSEECOM : qseecom_receive_req: Interrupted: exiting Listener Service = 28672
11-03 10:35:01.649820     0     0 W QSEECOM : qseecom_receive_req: Interrupted: exiting Listener Service = 8192
11-03 10:35:01.650291     0     0 W QSEECOM : qseecom_receive_req: Interrupted: exiting Listener Service = 12288
11-03 10:35:01.650351     0     0 W QSEECOM : qseecom_receive_req: Interrupted: exiting Listener Service = 11
11-03 10:35:01.650659     0     0 I         : done.
11-03 10:35:01.656974     0     0 I init    : Command 'write /sys/devices/system/cpu/cpu3/online 0' action=ro.enable_core_ctl=true && sys.cw_corectl_mode=idle (/vendor/etc/init/hw/init.qcom.rc:952) took 72ms and succeeded
11-03 10:35:01.651473     0     0 I PM      : suspend exit 2021-11-03 09:35:01.651473563 UTC
11-03 10:35:01.853193     0     0 I PM      : suspend entry 2021-11-03 09:35:01.853193042 UTC
11-03 10:35:01.853216     0     0 I PM      : Syncing filesystems ... done.
11-03 10:35:01.888479     0     0 I         : Freezing user space processes ... (elapsed 0.011 seconds) done.
--------- switch to system
11-03 10:35:11.880056  1686  1686 I PowerManagerService: Waking up from dozing (uid=1000 reason=tiltToWake)...
11-03 10:35:11.887348  1686  1686 W UsageStatsService: Event reported without a package name
--------- switch to kernel
11-03 10:35:01.900164     0     0 I         : Freezing remaining freezable tasks ... (elapsed 0.006 seconds) done.
11-03 10:35:01.906349     0     0 I         : Suspending console(s) (use no_console_suspend to debug)
11-03 10:35:01.921904     0     0 I mdss_dsi_panel_set_idle_mode: Idle (1->1)
11-03 10:35:01.958776     0     0 I bgcom   : bgcom_pm_suspend: suspended with : 0
11-03 10:35:01.990234     0     0 I PM      : suspend of devices complete after 80.055 msecs
11-03 10:35:01.996682     0     0 I PM      : late suspend of devices complete after 6.400 msecs
11-03 10:35:02.002751     0     0 I PM      : noirq suspend of devices complete after 6.032 msecs
11-03 10:35:02.002768     0     0 I         : Disabling non-boot CPUs ...
11-03 10:35:02.024761     0     0 W         : IRQ16 no longer affine to CPU1
11-03 10:35:02.025103     0     0 W         : IRQ93 no longer affine to CPU1
11-03 10:35:02.026868     0     0 I CPU1    : shutdown
11-03 10:35:02.029421     0     0 I suspend ns: 3841866547492	suspend cycles:    1220915786531
11-03 10:35:02.029396     0     0 I CPU0    : msm_cpu_pm_enter_sleep mode:3 during suspend
11-03 10:35:02.029396     0     0 I         : Suspended for 9.728 seconds
11-03 10:35:02.029396     0     0 I resume cycles: 1221102581818
11-03 10:35:02.030011     0     0 I         : Enabling non-boot CPUs ...
11-03 10:35:02.030874     0     0 I CPU1    : update cpu_capacity 1024
11-03 10:35:02.032618     0     0 I         : CPU1 is up
11-03 10:35:02.033229     0     0 I CPU1    : update max cpu_capacity 748
11-03 10:35:02.036747     0     0 I PM      : noirq resume of devices complete after 3.738 msecs
11-03 10:35:02.042290     0     0 I PM      : early resume of devices complete after 4.015 msecs
11-03 10:35:02.075267     0     0 I bgcom   : bgcom_pm_resume: Bgcom resumed with : 0
11-03 10:35:02.085712     0     0 I mdss_dsi_panel_set_idle_mode: Idle (1->1)
11-03 10:35:02.128314     0     0 I PM      : resume of devices complete after 85.957 msecs
11-03 10:35:02.133418     0     0 I         : Restarting tasks ...
11-03 10:35:02.138628     0     0 W QSEECOM : qseecom_receive_req: Interrupted: exiting Listener Service = 8192
11-03 10:35:02.138731     0     0 W QSEECOM : qseecom_receive_req: Interrupted: exiting Listener Service = 11
11-03 10:35:02.141892     0     0 W QSEECOM : qseecom_receive_req: Interrupted: exiting Listener Service = 12288
11-03 10:35:02.141979     0     0 W QSEECOM : qseecom_receive_req: Interrupted: exiting Listener Service = 10
11-03 10:35:02.142031     0     0 W QSEECOM : qseecom_receive_req: Interrupted: exiting Listener Service = 28672
11-03 10:35:02.148721     0     0 I         : done.
11-03 10:35:11.879988     0     0 I PM      : suspend exit 2021-11-03 09:35:11.879988975 UTC
11-03 10:35:11.911387     0     0 E FG      : fg_psy_get_property: unsupported property 7
11-03 10:35:11.795175     0     0 W healthd : battery l=13 v=3719 t=29.0 h=2 st=3 c=4 fc=443000 cc=0 chg=
--------- switch to main
11-03 10:35:11.951637   512  1749 I sensors-hal: batch:140, android.sensor.light/46, period=100000000, max_latency=0
11-03 10:35:11.951845   512  1749 I sensors-hal: batch:149, android.sensor.light/46, period=100000000, max_latency=0 request completed
11-03 10:35:11.957837   512  1749 I sensors-hal: activate:107, android.sensor.light/46 en=1
11-03 10:35:11.958574   512  1749 I sensors-hal: ssc_enable_rt_task:254, ssc_enable_rt_task : true
--------- switch to kernel
11-03 10:35:11.871697     0     0 E bgrsb   : bgrsb_enable: rsb will set report rate
11-03 10:35:11.889586     0     0 E bgrsb   : bgrsb_enable: gpio 32 is valid
11-03 10:35:11.900871     0     0 I         : [touch]FB_BLANK_VSYNC_SUSPEND
11-03 10:35:11.900878     0     0 I         : [touch]Already in suspend state
--------- switch to main
11-03 10:35:11.962285   512  1749 I sensors-hal: activate:118, android.sensor.light/46 en=1 completed
11-03 10:35:11.965376  1686  1823 I SidekickService: endDisplayLocked()
11-03 10:35:11.966179   416   416 D SKGHAL  : sendAmbientEvent: enter: enable = 0
--------- switch to system
11-03 10:35:11.966655  1686  1710 I DisplayManagerService: Display device changed state: "Écran intégré", ON
--------- switch to main
11-03 10:35:11.967702   512  1749 I sensors-hal: batch:140, android.sensor.accelerometer/48, period=66667000, max_latency=100000000
11-03 10:35:11.967802   512  1749 I sensors-hal: batch:149, android.sensor.accelerometer/48, period=66667000, max_latency=100000000 request completed
11-03 10:35:11.994688  1686  1759 I InputReader: Reconfiguring input devices.  changes=0x00000004
11-03 10:35:12.002934   512  1749 I sensors-hal: activate:107, android.sensor.accelerometer/48 en=1
11-03 10:35:12.003672   512  1749 I sensors-hal: ssc_enable_rt_task:254, ssc_enable_rt_task : true
11-03 10:35:12.020343   504   523 I SDM     : DisplayBase::SetDisplayState: Set state = 3, display 0
11-03 10:35:12.020665   504   523 D SDM     : HWCDisplayPrimary::SetStandByMode: Display is connected successfully
11-03 10:35:12.021319   416   416 D SKGHAL  : standBy_update_control call succeed on 0
11-03 10:35:12.021390   416   416 D SKGHAL  : sendAmbientEvent: done: enable = 0
11-03 10:35:12.022370  1686  1823 D SidekickService:    ... endDisplay returns void
11-03 10:35:12.022329  4243  4243 D OMService: onDisplayChanged: not dozing
11-03 10:35:12.023350   545   545 D SurfaceFlinger: Set power mode=2, type=0 flinger=0xb6bb6000
11-03 10:35:12.023865   504   764 I SDM     : DisplayBase::SetDisplayState: Set state = 1, display 0
--------- switch to kernel
11-03 10:35:11.911548     0     0 I mdss_dsi_panel_set_idle_mode: Idle (1->0)
11-03 10:35:11.912968     0     0 E mdp3_enable_panic_ctrl: mdp3_enable_panic_ctrl: Enable Panic Control
11-03 10:35:11.913092     0     0 I         : [touch]FB_BLANK_UNBLANK
11-03 10:35:11.913100     0     0 I         : [touch]raydium_ts_do_resume, 1.
11-03 10:35:11.913585     0     0 I         : [ raydium ]workqueue is empty!
11-03 10:35:11.913611     0     0 I raydium_ts 5-0039: [touch]Already enable irq
11-03 10:35:11.913614     0     0 I         : [touch]Device may wakeup
--------- switch to main
11-03 10:35:12.025850   512  1749 I sensors-hal: activate:118, android.sensor.accelerometer/48 en=1 completed
11-03 10:35:12.034472   545   545 D SurfaceFlinger: Finished set power mode=2, type=0
11-03 10:35:12.041508  2520  2520 D HOME    : [BatteryChange]action: android.intent.action.BATTERY_CHANGED
--------- switch to system
11-03 10:35:12.043357  1686  1712 W PowerManagerService: Screen on took 295 ms
11-03 10:35:12.043730  1686  1712 I DreamManagerService: Gently waking up from dream.
11-03 10:35:12.044084  1686  1708 I DreamManagerService: Performing gentle wake from dream.
11-03 10:35:12.050063  1686  1686 V DreamService[AmbientDream]: wakeUp(): fromSystem=true, mWaking=false, mFinished=false
11-03 10:35:12.050330  1686  1686 V DreamService[AmbientDream]: finish(): mFinished=false
11-03 10:35:12.050477  1686  1686 I DreamManagerService: Leaving dreamland.
--------- switch to main
11-03 10:35:12.051513  1956  1956 D QtiCarrierConfigHelper: WARNING, no carrier configs on phone Id: 0
11-03 10:35:12.052962  2520 12759 D HOME    : [BatteryChange]HandleBatteryChangedTask
11-03 10:35:12.057925   512 12817 I sensors-hal: handle_indication_realtime:355,  SCHED_FIFO(10) for qmi_cbk
--------- switch to system
11-03 10:35:12.066710  1686  1702 W BroadcastQueue: Background execution not allowed: receiving Intent { act=android.intent.action.USER_PRESENT flg=0x10 } to com.google.android.gms/.auth.setup.devicesignals.LockScreenReceiver
11-03 10:35:12.067332  1686  1702 W BroadcastQueue: Background execution not allowed: receiving Intent { act=android.intent.action.USER_PRESENT flg=0x10 } to com.google.android.gms/.chimera.GmsIntentOperationService$PersistentTrustedReceiver
--------- switch to main
11-03 10:35:12.070090  3205  3434 W WorkController: Loading failed for worker [trainingcache]: worker not found
11-03 10:35:12.071786  3205  3294 W A       : TrainingCache cache DEVICE_UNLOCKED failure
11-03 10:35:12.071786  3205  3294 W A       : com.google.android.apps.gsa.search.core.service.h.a.a: No worker found for Worker ID [trainingcache].
11-03 10:35:12.071786  3205  3294 W A       : 	at com.google.android.apps.gsa.search.core.service.g.a.c.a(Unknown Source:5)
