11-03 09:55:32.029294     0     0 I init    : Command 'write /sys/devices/system/cpu/cpu2/online 0' action=ro.enable_core_ctl=true && sys.cw_corectl_mode=idle (/vendor/etc/init/hw/init.qcom.rc:951) took 104ms and succeeded
11-03 09:55:32.029680     0     0 W QSEECOM : qseecom_receive_req: Interrupted: exiting Listener Service = 8192
11-03 09:55:32.031580     0     0 I         : done.
11-03 09:55:32.033784     0     0 I init    : Command 'write /sys/devices/system/cpu/cpu3/online 0' action=ro.enable_core_ctl=true && sys.cw_corectl_mode=idle (/vendor/etc/init/hw/init.qcom.rc:952) took 2ms and failed: Unable to write to file '/sys/devices/system/cpu/cpu3/online': Unable to write file contents: Device or resource busy
11-03 09:55:32.032105     0     0 I PM      : suspend exit 2021-11-03 08:55:32.032105083 UTC
11-03 09:55:32.233740     0     0 I PM      : suspend entry 2021-11-03 08:55:32.233740031 UTC
11-03 09:55:32.233760     0     0 I PM      : Syncing filesystems ... done.
11-03 09:55:32.261724     0     0 I         : Freezing user space processes ... (elapsed 0.010 seconds) done.
11-03 09:55:32.272554     0     0 I         : Freezing remaining freezable tasks ... (elapsed 0.005 seconds) done.
11-03 09:55:32.278550     0     0 I         : Suspending console(s) (use no_console_suspend to debug)
11-03 09:55:32.293634     0     0 I mdss_dsi_panel_set_idle_mode: Idle (1->1)
11-03 09:55:32.334913     0     0 I bgcom   : bgcom_pm_suspend: suspended with : 0
11-03 09:55:32.337279     0     0 E dpm_run_callback(): platform_pm_suspend+0x0/0x50 returns -16
11-03 09:55:32.337289     0     0 E PM      : Device alarmtimer failed to suspend: error -16
11-03 09:55:32.352638     0     0 E PM      : Some devices failed to suspend, or early wake event detected
11-03 09:55:32.356673     0     0 I bgcom   : bgcom_pm_resume: Bgcom resumed with : 0
11-03 09:55:32.367446     0     0 I mdss_dsi_panel_set_idle_mode: Idle (1->1)
11-03 09:55:32.403636     0     0 I PM      : resume of devices complete after 50.957 msecs
11-03 09:55:32.407847     0     0 I         : Restarting tasks ...
11-03 09:55:32.410685     0     0 W QSEECOM : qseecom_receive_req: Interrupted: exiting Listener Service = 12288
11-03 09:55:32.410786     0     0 W QSEECOM : qseecom_receive_req: Interrupted: exiting Listener Service = 11
11-03 09:55:32.410831     0     0 W QSEECOM : qseecom_receive_req: Interrupted: exiting Listener Service = 10
11-03 09:55:32.410877     0     0 W QSEECOM : qseecom_receive_req: Interrupted: exiting Listener Service = 28672
11-03 09:55:32.416994     0     0 W QSEECOM : qseecom_receive_req: Interrupted: exiting Listener Service = 8192
11-03 09:55:32.417032     0     0 I         : done.
11-03 09:55:32.418103     0     0 I PM      : suspend exit 2021-11-03 08:55:32.418103156 UTC
11-03 09:55:32.518467     0     0 E mdss_dsi_gen_read_status: Read back value from panel is incorrect
--------- switch to system
11-03 09:55:33.073229  1686  1686 I PowerManagerService: Waking up from dozing (uid=1000 reason=tiltToWake)...
11-03 09:55:33.081410  1686  1686 W UsageStatsService: Event reported without a package name
--------- switch to kernel
11-03 09:55:33.094278     0     0 E FG      : fg_psy_get_property: unsupported property 7
11-03 09:55:32.990261     0     0 W healthd : battery l=19 v=3706 t=27.0 h=2 st=3 c=71 fc=443000 cc=0 chg=
--------- switch to main
11-03 09:55:33.124510   512  1749 I sensors-hal: batch:140, android.sensor.light/46, period=100000000, max_latency=0
11-03 09:55:33.124799   512  1749 I sensors-hal: batch:149, android.sensor.light/46, period=100000000, max_latency=0 request completed
11-03 09:55:33.126273   512  1749 I sensors-hal: activate:107, android.sensor.light/46 en=1
11-03 09:55:33.127171   512  1749 I sensors-hal: ssc_enable_rt_task:254, ssc_enable_rt_task : true
11-03 09:55:33.134633   512  1749 I sensors-hal: activate:118, android.sensor.light/46 en=1 completed
11-03 09:55:33.138601  1686  1823 I SidekickService: endDisplayLocked()
11-03 09:55:33.139756   416  2389 D SKGHAL  : sendAmbientEvent: enter: enable = 0
11-03 09:55:33.139952   512  1749 I sensors-hal: batch:140, android.sensor.accelerometer/48, period=66667000, max_latency=100000000
11-03 09:55:33.140027   512  1749 I sensors-hal: batch:149, android.sensor.accelerometer/48, period=66667000, max_latency=100000000 request completed
--------- switch to system
11-03 09:55:33.141157  1686  1710 I DisplayManagerService: Display device changed state: "Écran intégré", ON
--------- switch to main
11-03 09:55:33.142093   512  1749 I sensors-hal: activate:107, android.sensor.accelerometer/48 en=1
11-03 09:55:33.146138   512  1749 I sensors-hal: ssc_enable_rt_task:254, ssc_enable_rt_task : true
11-03 09:55:33.168068   512  1749 I sensors-hal: activate:118, android.sensor.accelerometer/48 en=1 completed
11-03 09:55:33.175797  4243  4243 D OMService: onDisplayChanged: not dozing
11-03 09:55:33.181257  1686  1759 I InputReader: Reconfiguring input devices.  changes=0x00000004
11-03 09:55:33.187411  1956  1956 D QtiCarrierConfigHelper: WARNING, no carrier configs on phone Id: 0
11-03 09:55:33.192456  2520  2520 D HOME    : [BatteryChange]action: android.intent.action.BATTERY_CHANGED
--------- switch to system
11-03 09:55:33.196059  1686  1702 W BroadcastQueue: Background execution not allowed: receiving Intent { act=android.intent.action.USER_PRESENT flg=0x10 } to com.google.android.gms/.auth.setup.devicesignals.LockScreenReceiver
11-03 09:55:33.196941  1686  1702 W BroadcastQueue: Background execution not allowed: receiving Intent { act=android.intent.action.USER_PRESENT flg=0x10 } to com.google.android.gms/.chimera.GmsIntentOperationService$PersistentTrustedReceiver
--------- switch to main
11-03 09:55:33.199417  3205  3434 W WorkController: Loading failed for worker [trainingcache]: worker not found
11-03 09:55:33.193691  2520 11644 D HOME    : [BatteryChange]HandleBatteryChangedTask
11-03 09:55:33.201776  2520 11644 D HOME    : [BatteryChange]level: 19, status: 3
11-03 09:55:33.201982  3205  3294 W A       : TrainingCache cache DEVICE_UNLOCKED failure
11-03 09:55:33.201982  3205  3294 W A       : com.google.android.apps.gsa.search.core.service.h.a.a: No worker found for Worker ID [trainingcache].
11-03 09:55:33.201982  3205  3294 W A       : 	at com.google.android.apps.gsa.search.core.service.g.a.c.a(Unknown Source:5)
11-03 09:55:33.201982  3205  3294 W A       : 	at com.google.android.libraries.gsa.c.a.d.a(Unknown Source:3)
11-03 09:55:33.201982  3205  3294 W A       : 	at com.google.common.p.a.cg.c(Unknown Source:2)
11-03 09:55:33.201982  3205  3294 W A       : 	at com.google.common.p.a.bk.run(SourceFile:3)
11-03 09:55:33.201982  3205  3294 W A       : 	at com.google.common.p.a.ci.run(Unknown Source:4)
11-03 09:55:33.201982  3205  3294 W A       : 	at com.google.apps.tiktok.concurrent.ab.run(SourceFile:1)
11-03 09:55:33.201982  3205  3294 W A       : 	at java.util.concurrent.ThreadPoolExecutor.runWorker(ThreadPoolExecutor.java:1167)
11-03 09:55:33.201982  3205  3294 W A       : 	at java.util.concurrent.ThreadPoolExecutor$Worker.run(ThreadPoolExecutor.java:641)
11-03 09:55:33.201982  3205  3294 W A       : 	at com.google.apps.tiktok.concurrent.c.run(Unknown Source:4)
11-03 09:55:33.201982  3205  3294 W A       : 	at java.lang.Thread.run(Thread.java:764)
11-03 09:55:33.224644  1686  1799 E WifiStateMachine: getWifiLinkLayerStats called without an interface
11-03 09:55:33.263119  1686  1686 I WearPower: [WearTouchMediator] changing touch input to enabled (ON_AUTO)
11-03 09:55:33.266224  1686  1759 I InputReader: Reconfiguring input devices.  changes=0x00000200
--------- switch to kernel
11-03 09:55:33.168957     0     0 I init    : processing action (ro.enable_core_ctl=true && sys.cw_corectl_mode=perf) from (/vendor/etc/init/hw/init.qcom.rc:954)
11-03 09:55:33.171960     0     0 I CPU2    : update cpu_capacity 1024
--------- switch to main
11-03 09:55:33.290461  1686  1686 D WristGestureCtrl: Starting: GesturesEnabled-false UngazeEnabled-true
11-03 09:55:33.290673  1686  1686 D DefaultUngazeDetector: starting
11-03 09:55:33.290799  1686  1686 D DefaultUngazeDetector: startUngazeStateEstimation(). startTime = 61212720
11-03 09:55:33.291153  1686  1686 W AlarmManagerProxy: Removing unknown listener
11-03 09:55:33.293171   512  1749 I sensors-hal: batch:140, android.sensor.accelerometer/48, period=19231000, max_latency=100000000
11-03 09:55:33.293910  1686  1686 W DefaultSettingsContentR: Value for ambient_low_bit_enabled not stored as number. Attempting parse as boolean.
11-03 09:55:33.295600   512 11739 I sensors-hal: handle_indication_realtime:355,  SCHED_FIFO(10) for qmi_cbk
11-03 09:55:33.297564   512  1749 I sensors-hal: batch:149, android.sensor.accelerometer/48, period=19231000, max_latency=100000000 request completed
11-03 09:55:33.297765   512 11737 I sensors-hal: handle_indication_realtime:355,  SCHED_FIFO(10) for qmi_cbk
11-03 09:55:33.299727   512  1749 I sensors-hal: flush:169, android.sensor.accelerometer/48
11-03 09:55:33.307147   512  1749 I sensors-hal: flush:175, android.sensor.accelerometer/48 completed
11-03 09:55:33.321398  3205  3434 W WorkController: Loading failed for worker [trainingcache]: worker not found
11-03 09:55:33.324321  3205  3372 W A       : TrainingCache cache SCREEN_ON failure
11-03 09:55:33.324321  3205  3372 W A       : com.google.android.apps.gsa.search.core.service.h.a.a: No worker found for Worker ID [trainingcache].
11-03 09:55:33.324321  3205  3372 W A       : 	at com.google.android.apps.gsa.search.core.service.g.a.c.a(Unknown Source:5)
11-03 09:55:33.324321  3205  3372 W A       : 	at com.google.android.libraries.gsa.c.a.d.a(Unknown Source:3)
11-03 09:55:33.324321  3205  3372 W A       : 	at com.google.common.p.a.cg.c(Unknown Source:2)
11-03 09:55:33.324321  3205  3372 W A       : 	at com.google.common.p.a.bk.run(SourceFile:3)
11-03 09:55:33.324321  3205  3372 W A       : 	at com.google.common.p.a.ci.run(Unknown Source:4)
11-03 09:55:33.324321  3205  3372 W A       : 	at com.google.apps.tiktok.concurrent.ab.run(SourceFile:1)
11-03 09:55:33.324321  3205  3372 W A       : 	at java.util.concurrent.ThreadPoolExecutor.runWorker(ThreadPoolExecutor.java:1167)
11-03 09:55:33.324321  3205  3372 W A       : 	at java.util.concurrent.ThreadPoolExecutor$Worker.run(ThreadPoolExecutor.java:641)
11-03 09:55:33.324321  3205  3372 W A       : 	at com.google.apps.tiktok.concurrent.c.run(Unknown Source:4)
11-03 09:55:33.324321  3205  3372 W A       : 	at java.lang.Thread.run(Thread.java:764)
--------- switch to kernel
11-03 09:55:33.202831     0     0 I CPU0    : update max cpu_capacity 748
11-03 09:55:33.203057     0     0 I CPU2    : update max cpu_capacity 1024
--------- switch to main
11-03 09:55:33.363736  2520  2520 D HOME    : [StreamDBQueue]Promised revision #3768 to queue a new op
11-03 09:55:33.364570  2520  2520 D WatchStreamManager: Promised rank-blocked=true @ r#3768
11-03 09:55:33.366292  2520 11644 D HOME    : [WatchStreamDB]Item alerting conditions - isInterruptive: false, recentlyInterrupted: false, isItemPinned: false, isUnread: false
11-03 09:55:33.367107  2520 11644 D HOME    : [StreamAlertingRegulator]isTheaterModeEnabled: false, isAlertingAllowedByOffBody: true, matchesLocalInterruptionFilter: true
11-03 09:55:33.367728  2520 11644 D HOME    : [WatchStreamDB]couldItemAlert: false, isTopItemChanged: false, isDeferralForTopItem: false
--------- switch to kernel
11-03 09:55:33.488754     0     0 E bgrsb   : bgrsb_enable: rsb will set report rate
11-03 09:55:33.505905     0     0 E bgrsb   : bgrsb_enable: gpio 32 is valid
--------- switch to main
11-03 09:55:33.663476   504   523 I SDM     : DisplayBase::SetDisplayState: Set state = 3, display 0
11-03 09:55:33.663844   504   523 D SDM     : HWCDisplayPrimary::SetStandByMode: Display is connected successfully
11-03 09:55:33.664873   416  2389 D SKGHAL  : standBy_update_control call succeed on 0
11-03 09:55:33.664978   416  2389 D SKGHAL  : sendAmbientEvent: done: enable = 0
11-03 09:55:33.666131  1686  1823 D SidekickService:    ... endDisplay returns void
11-03 09:55:33.667722   545   545 D SurfaceFlinger: Set power mode=2, type=0 flinger=0xb6bb6000
--------- switch to kernel
11-03 09:55:33.556411     0     0 I         : [touch]FB_BLANK_VSYNC_SUSPEND
11-03 09:55:33.556418     0     0 I         : [touch]Already in suspend state
--------- switch to main
11-03 09:55:33.668593   504   762 I SDM     : DisplayBase::SetDisplayState: Set state = 1, display 0
11-03 09:55:33.683036   545   545 D SurfaceFlinger: Finished set power mode=2, type=0
--------- switch to system
11-03 09:55:33.687460  1686  1712 W PowerManagerService: Screen on took 622 ms
11-03 09:55:33.687989  1686  1712 I DreamManagerService: Gently waking up from dream.
11-03 09:55:33.689556  1686  1708 I DreamManagerService: Performing gentle wake from dream.
11-03 09:55:33.690185  1686  1686 V DreamService[AmbientDream]: wakeUp(): fromSystem=true, mWaking=false, mFinished=false
11-03 09:55:33.690381  1686  1686 V DreamService[AmbientDream]: finish(): mFinished=false
11-03 09:55:33.690515  1686  1686 I DreamManagerService: Leaving dreamland.
11-03 09:55:33.691977  1686  1708 I DreamManagerService: Performing gentle wake from dream.
11-03 09:55:33.692205  1686  1708 I DreamController: Stopping dream: name=ComponentInfo{com.google.android.wearable.ambient/com.google.android.wearable.ambient.AmbientDream}, isTest=false, canDoze=true, userId=0
11-03 09:55:33.695221  1686  1686 V DreamService[AmbientDream]: detach(): Calling onDreamingStopped()
--------- switch to main
11-03 09:55:33.695528  1686  1686 I AmbientService: [ce6a28c] doOnDreamingStopped
11-03 09:55:33.695639  1686  1686 W AlarmManagerProxy: Removing unknown listener
11-03 09:55:33.698416  1686  1686 I AmbientService: [ce6a28c] No auto-resume Activity.
--------- switch to kernel
11-03 09:55:33.568967     0     0 I mdss_dsi_panel_set_idle_mode: Idle (1->0)
11-03 09:55:33.570200     0     0 I         : [touch]FB_BLANK_UNBLANK
11-03 09:55:33.570210     0     0 I         : [touch]raydium_ts_do_resume, 1.
11-03 09:55:33.573700     0     0 I         : [ raydium ]workqueue is empty!
11-03 09:55:33.573727     0     0 I raydium_ts 5-0039: [touch]Already enable irq
11-03 09:55:33.573731     0     0 I         : [touch]Device may wakeup
--------- switch to main
11-03 09:55:33.703021  1686  1686 W AlarmManager: Unrecognized alarm listener com.android.server.job.controllers.-$$Lambda$IdleController$IdlenessTracker$nTdS-lGBXcES5VWKcJFmQFgU7IU@1ab437a
11-03 09:55:33.711257  2520  2520 D HOME    : [HomeVisitsLogger]Logging streamlet event: visit_start
11-03 09:55:33.712468  2520  2520 D HOME    : [HomeVisitsLogger]Logging streamlet event: exit_ambient_mode
--------- switch to system
11-03 09:55:33.712111  1686  1686 W ContextImpl: Calling a method in the system process without a qualified user: android.app.ContextImpl.sendBroadcast:1020 android.content.ContextWrapper.sendBroadcast:449 com.google.android.wearable.ambient.AmbientDream.onDestroy:273 android.app.ActivityThread.handleStopService:3698 android.app.ActivityThread.access$1700:200 
--------- switch to main
11-03 09:55:33.713501  2520  2520 D HOME    : [HotwordController]updateClient MODE_WATCH_FACE false false false true
11-03 09:55:33.714308  1686  1686 E AlarmManager: cancel() called with a null PendingIntent
--------- switch to system
11-03 09:55:33.715397  1686  1686 V DreamService[AmbientDream]: onDestroy()
--------- switch to main
11-03 09:55:33.715753  2520  2520 D HOME    : [WatchFaceUiController]setInAmbientMode false
11-03 09:55:33.715926  2520  2520 D HOME    : [WatchFaceUiController]sendWatchFaceServiceBinder
11-03 09:55:33.726606  2520  2520 D HOME    : [WatchFaceUiController]sendStateToWallpaper
11-03 09:55:33.731853  2520  2520 D HOME    : [WatchFaceUiController]Showing watch face wallpaper.
11-03 09:55:33.732238  2520  2520 D HOME    : [WatchFaceUiController]sendStateToWallpaper
11-03 09:55:33.741227  2520  2520 D HOME    : [StreamDBQueue]Promised revision #3769 to queue a new op
11-03 09:55:33.742006  2520  2520 D WatchStreamManager: Promised rank-blocked=true @ r#3769
11-03 09:55:33.743305  2520  2520 D HOME    : [StreamDBQueue]Promised revision #3770 to queue a new op
11-03 09:55:33.743822  2520  2520 D WatchStreamManager: Promised rank-blocked=true @ r#3770
11-03 09:55:33.745569  2520  2520 D HOME    : [TilesController]Tile refresh optimization is enabled.
11-03 09:55:33.746841  2520  2520 D HOME    : [EventBus]Wrapper pool is full. Discarding excess wrapper instance for event com.google.android.clockwork.sysui.events.KeyguardStateEvent
11-03 09:55:33.747147  2520  2520 D HOME    : [WatchFaceUiController]sendStateToWallpaper
11-03 09:55:33.750854  2520  2520 D HOME    : [EventBus]Wrapper pool is full. Discarding excess wrapper instance for event com.google.android.clockwork.sysui.events.KeyguardStateEvent
11-03 09:55:33.750940  2520 11644 D HOME    : [WatchStreamDB]Item alerting conditions - isInterruptive: false, recentlyInterrupted: false, isItemPinned: false, isUnread: false
11-03 09:55:33.751442  2520 11644 D HOME    : [StreamAlertingRegulator]isTheaterModeEnabled: false, isAlertingAllowedByOffBody: true, matchesLocalInterruptionFilter: true
11-03 09:55:33.751439  2520  2520 D HOME    : [EventBus]Wrapper pool is full. Discarding excess wrapper instance for event com.google.android.clockwork.sysui.events.KeyguardStateEvent
11-03 09:55:33.751857  2520 11644 D HOME    : [WatchStreamDB]couldItemAlert: false, isTopItemChanged: false, isDeferralForTopItem: false
11-03 09:55:33.753847  2520 11644 D HOME    : [WatchStreamDB]Item alerting conditions - isInterruptive: false, recentlyInterrupted: false, isItemPinned: false, isUnread: false
11-03 09:55:33.754620  2520 11644 D HOME    : [StreamAlertingRegulator]isTheaterModeEnabled: false, isAlertingAllowedByOffBody: true, matchesLocalInterruptionFilter: true
11-03 09:55:33.755709  2520 11644 D HOME    : [WatchStreamDB]couldItemAlert: false, isTopItemChanged: false, isDeferralForTopItem: false
11-03 09:55:33.760985  2520  2520 D HOME    : [WatchFaceUiController]sendStateToWallpaper
11-03 09:55:33.767224  2520  2520 W StaticLayout: maxLineHeight should not be -1.  maxLines:1 lineCount:1
11-03 09:55:33.782812   512   512 I sensors-hal: activate:107, android.sensor.light/46 en=0
11-03 09:55:33.785581   512   512 I sensors-hal: activate:118, android.sensor.light/46 en=0 completed
11-03 09:55:33.789876   512  1749 I sensors-hal: batch:140, android.sensor.light/46, period=250000000, max_latency=0
11-03 09:55:33.790025   512  1749 I sensors-hal: batch:149, android.sensor.light/46, period=250000000, max_latency=0 request completed
11-03 09:55:33.791313   512  1749 I sensors-hal: activate:107, android.sensor.light/46 en=1
11-03 09:55:33.791897   512  1749 I sensors-hal: ssc_enable_rt_task:254, ssc_enable_rt_task : true
11-03 09:55:33.796277   512  1749 I sensors-hal: activate:118, android.sensor.light/46 en=1 completed
--------- switch to system
11-03 09:55:33.814399  1686  1686 V SettingsProvider: Notifying for 0: content://settings/system/screen_brightness
--------- switch to main
11-03 09:55:33.817577  2520  2520 D HOME    : [WatchFaceUiController]sendWatchFaceServiceBinder
11-03 09:55:33.820955  1686  1686 I SidekickService: loadBrightnessLocked()
11-03 09:55:33.823274  2520  2520 D HOME    : [WatchFaceUiController]sendProperties
11-03 09:55:33.823963  1686  1686 D SidekickService: screenBrightness  = 56
11-03 09:55:33.825473  1686  1686 D SidekickService: sendConfigValuesLocked(): alsThresholds = [40, 92, 95, 100, 125, 150, 175, 200, 225, 250, 300, 400, 500, 800, 1200], brightnessValuesBright = [50, 56, 60, 70, 80, 90, 100, 115, 120, 140, 160, 180, 200, 220, 240, 255], brightnessValuesDim= [50, 56, 60, 70, 80, 90, 100, 115, 120, 140, 160, 180, 200, 220, 240, 255]
11-03 09:55:33.827740  2520  2520 D HOME    : [WatchFaceUiController]sendStateToWallpaper
11-03 09:55:33.834040  1686  1686 D SidekickService: setAlsMode(): mode = 2, brightenAlpha = 80, dimmingAlpha = 80
11-03 09:55:33.842845  1686  1686 D SidekickService: setTwmConfig():: msTiltToBright = 10000, tiltToBright = false
11-03 09:55:33.863571   512 11743 I sensors-hal: handle_indication_realtime:355,  SCHED_FIFO(10) for qmi_cbk
11-03 09:55:33.901923   512  1749 I sensors-hal: batch:140, android.sensor.accelerometer/48, period=66667000, max_latency=100000000
11-03 09:55:33.904807   512  1749 I sensors-hal: batch:149, android.sensor.accelerometer/48, period=66667000, max_latency=100000000 request completed
11-03 09:55:33.905558  1686  1686 D DefaultUngazeDetector: Ungaze event occurred; emitting gesture event!
11-03 09:55:33.905674  1686  1686 D WristGestureCtrl: Gesture:GESTURE UNGAZE, timestamp(ms): 61212720, confidence: 0.0, latency(ms): 0, duration(ms): 615
11-03 09:55:33.906852   512  1749 I sensors-hal: batch:140, android.sensor.accelerometer/48, period=19231000, max_latency=100000000
11-03 09:55:33.908555   512  1749 I sensors-hal: batch:149, android.sensor.accelerometer/48, period=19231000, max_latency=100000000 request completed
11-03 09:55:33.909322   512  1749 I sensors-hal: flush:169, android.sensor.accelerometer/48
--------- switch to system
11-03 09:55:33.910379  1686  1686 I WindowManager: sleepRelease() calling goToSleep(GO_TO_SLEEP_REASON_SLEEP_BUTTON)
11-03 09:55:33.910715  1686  1686 I PowerManagerService: Going to sleep due to sleep button (uid 1000)...
--------- switch to main
11-03 09:55:33.911851   512  1749 I sensors-hal: flush:175, android.sensor.accelerometer/48 completed
--------- switch to system
11-03 09:55:33.912325  1686  1712 I DreamManagerService: Entering dreamland.
11-03 09:55:33.916449  1686  1686 W UsageStatsService: Event reported without a package name
11-03 09:55:33.917206  1686  1712 I PowerManagerService: Dozing...
11-03 09:55:33.933355  1686  1708 I DreamController: Starting dream: name=ComponentInfo{com.google.android.wearable.ambient/com.google.android.wearable.ambient.AmbientDream}, isTest=false, canDoze=true, userId=0
11-03 09:55:33.949291  1686  1686 W ContextImpl: Calling a method in the system process without a qualified user: android.app.ContextImpl.bindService:1611 android.content.ContextWrapper.bindService:698 com.google.android.wearable.ambient.AmbientDream.onCreate:191 android.app.ActivityThread.handleCreateService:3533 android.app.ActivityThread.access$1300:200 
11-03 09:55:33.952343  1686  1686 W ContextImpl: Calling a method in the system process without a qualified user: android.app.ContextImpl.sendBroadcast:1005 android.content.ContextWrapper.sendBroadcast:444 com.google.android.wearable.ambient.AmbientDream.onCreate:241 android.app.ActivityThread.handleCreateService:3533 android.app.ActivityThread.access$1300:200 
11-03 09:55:33.953032  1686  1686 V DreamService[AmbientDream]: onBind() intent = Intent { act=android.service.dreams.DreamService flg=0x800000 cmp=com.google.android.wearable.ambient/.AmbientDream }
--------- switch to main
11-03 09:55:33.954245  1686  1686 I AmbientService: [ce6a28c] Ambient Created
--------- switch to system
11-03 09:55:33.955666  1686  1686 V DreamService[AmbientDream]: Calling onDreamingStarted()
--------- switch to main
11-03 09:55:33.956664  1686  1686 I AmbientService: [ce6a28c] doOnDreamingStarted
11-03 09:55:33.961338  1686  1686 D SidekickService: setShouldControlDisplay called: true
11-03 09:55:33.962768  1686  1686 I AmbientService: [ce6a28c] Selected running activity for ambient mode: AmbientActivity[component=ComponentInfo{com.google.android.wearable.app/com.google.android.clockwork.home2.activity.HomeActivity2}, callbacks=@210b385, running=true, ambientRequested=true, ambientEnabled=true, offloadEnabled=true]
11-03 09:55:33.963671  1686  1686 I AmbientService: [ce6a28c] Sidekick is ready to display, requesting doze.
11-03 09:55:33.964307  1686  1686 I AmbientService: [ce6a28c] No auto-resume Activity.
11-03 09:55:33.965851  1686  1686 W DefaultSettingsContentR: Value for ambient_low_bit_enabled not stored as number. Attempting parse as boolean.
11-03 09:55:33.967263  2520  2520 D HOME    : [HomeVisitsLogger]Logging streamlet event: enter_ambient_mode
11-03 09:55:33.967888  2520  2520 D HOME    : [HotwordController]updateClient MODE_WATCH_FACE false true false true
11-03 09:55:33.967962  2520 11644 D HOME    : [HomeVisitsLogger]Logging streamlet event: visit_end
11-03 09:55:33.969067  2520  2520 D HOME    : [WatchFaceUiController]setInAmbientMode true
11-03 09:55:33.969006  1686  1686 I AmbientService: [ce6a28c] Showing watch face in offload mode, canceling alarm.
11-03 09:55:33.969156  1686  1686 W AlarmManagerProxy: Removing unknown listener
11-03 09:55:33.969252  1686  1686 D WristGestureCtrl: Stopping detectors: GesturesEnabled-false gestureDetector-false ungazeEnabled-true ungaze-true
11-03 09:55:33.969288  1686  1686 D DefaultUngazeDetector: stopping
11-03 09:55:33.970666   512  1749 I sensors-hal: batch:140, android.sensor.accelerometer/48, period=66667000, max_latency=100000000
11-03 09:55:33.970662  2520  2520 D HOME    : [StreamDBQueue]Promised revision #3771 to queue a new op
11-03 09:55:33.970893  2520  2520 D WatchStreamManager: Promised rank-blocked=false @ r#3771
11-03 09:55:33.971450  2520  2520 D HOME    : [StreamDBQueue]Promised revision #3772 to queue a new op
11-03 09:55:33.971627  2520  2520 D WatchStreamManager: Promised rank-blocked=false @ r#3772
11-03 09:55:33.971823  2520 11078 D HOME    : [WatchStreamDB]Item alerting conditions - isInterruptive: false, recentlyInterrupted: false, isItemPinned: false, isUnread: false
11-03 09:55:33.971986  2520 11644 I SidekickManager: replaceWatchFaceComponentsImpl(): watchFace = com.google.android.clockwork.decomposablewatchface.WatchFaceDecomposition@8a63f2f
11-03 09:55:33.972234  2520 11078 D HOME    : [StreamAlertingRegulator]isTheaterModeEnabled: false, isAlertingAllowedByOffBody: true, matchesLocalInterruptionFilter: true
11-03 09:55:33.972448  2520  2520 D HOME    : [EventBus]Wrapper pool is full. Discarding excess wrapper instance for event com.google.android.clockwork.sysui.events.KeyguardStateEvent
11-03 09:55:33.972540  2520  2520 D HOME    : [WatchFaceUiController]sendStateToWallpaper
11-03 09:55:33.972892  2520 11078 D HOME    : [WatchStreamDB]couldItemAlert: false, isTopItemChanged: false, isDeferralForTopItem: false
11-03 09:55:33.973918  1686  3313 D SidekickService: sendWatchFaceComponents called: watchFace = com.google.android.clockwork.decomposablewatchface.WatchFaceDecomposition@db3e9e6shouldReplace = false
11-03 09:55:33.974759   512  1749 I sensors-hal: batch:149, android.sensor.accelerometer/48, period=66667000, max_latency=100000000 request completed
11-03 09:55:33.974785  2520 10295 D HOME    : [StreamDBQueue]Promised revision #3773 to queue a new op
11-03 09:55:33.974782  2520  2520 D HOME    : [EventBus]Wrapper pool is full. Discarding excess wrapper instance for event com.google.android.clockwork.sysui.events.KeyguardStateEvent
11-03 09:55:33.974931  2520 10295 D WatchStreamManager: Promised rerank @ r#3773
11-03 09:55:33.975020  2520  2520 D HOME    : [EventBus]Wrapper pool is full. Discarding excess wrapper instance for event com.google.android.clockwork.sysui.events.KeyguardStateEvent
11-03 09:55:33.975366  1686  3313 D SidekickService: Check decomposition for calling app com.google.android.wearable.app with uid 10049
11-03 09:55:33.986268  2520  2520 W StaticLayout: maxLineHeight should not be -1.  maxLines:1 lineCount:1
11-03 09:55:33.988158  2520 11078 D HOME    : [WatchStreamDB]Item alerting conditions - isInterruptive: false, recentlyInterrupted: false, isItemPinned: false, isUnread: false
11-03 09:55:33.988606  1686  3313 D SidekickService: sendWatchFaceLocked(): shouldReplace = false, mSidekickIsControlling = false, 1 images, 0 fonts, 0 numbers, 0 proportionalFonts, 0 strings
11-03 09:55:33.988750  1686  3313 D SidekickService: ISidekickGraphics#beginResources()...
11-03 09:55:33.989915  2520 11078 D HOME    : [StreamAlertingRegulator]isTheaterModeEnabled: false, isAlertingAllowedByOffBody: true, matchesLocalInterruptionFilter: true
11-03 09:55:33.990117  1686  3313 D SidekickServiceUtils: bitmapFromDrawable: Returning bitmap directly
11-03 09:55:33.990280  2520 11078 D HOME    : [WatchStreamDB]couldItemAlert: false, isTopItemChanged: false, isDeferralForTopItem: false
11-03 09:55:33.991360  2520 11078 D HOME    : [WatchStreamDB]updateRanking()
11-03 09:55:33.991536  1686  3313 D SidekickService: sendBitmapsLocked(): bounds = RectF(0.0, 0.0, 0.0024038462, 0.0024038462), drawableInfo = {.id = 100000, .width = 1, .height = 1, .display = true, .offsetX = 0.0, .offsetY = 0.0, .rotationInfo = {.hasRotation = false, .pivotX = 0.0, .pivotY = 0.0, .degreesPerDay = 0.0, .degreesPerStep = 0.0, .zeroDegreesTime = {.daysSinceLocalEpoch = 0, .msSinceMidnight = 0}}, .transformInfo = {.transformed = false, .flipX = false, .flipY = false, .flip45 = false, .scaleX = 0.0, .scaleY = 0.0}, .type = GENERIC, .blink = {.blinking = false, .periodOnMs = 0.0, .periodOffMs = 0.0, .startTime = {.daysSinceLocalEpoch = 0, .msSinceMidnight = 0}}, .zOrder = 8, .displayInTwm = true}, image.size() = 84
11-03 09:55:33.992418   416  2389 D SKGHAL  : saveResource: resId = 100000
11-03 09:55:33.992467  2520 11078 D HOME    : [WatchStreamDB]Item alerting conditions - isInterruptive: false, recentlyInterrupted: false, isItemPinned: false, isUnread: false
11-03 09:55:33.992802  1686  3313 D SidekickService: sendBitmapsLocked(): status = 0, bytesUsed = 18
11-03 09:55:33.992803  2520 11078 D HOME    : [StreamAlertingRegulator]isTheaterModeEnabled: false, isAlertingAllowedByOffBody: true, matchesLocalInterruptionFilter: true
11-03 09:55:33.992970  1686  3313 D SidekickService: ISidekickGraphics#endResources()...
11-03 09:55:33.993037  2520 11078 D HOME    : [WatchStreamDB]couldItemAlert: false, isTopItemChanged: false, isDeferralForTopItem: false
11-03 09:55:33.993649  2520 11078 D HOME    : [NewStreamAdapter]Publishing revision #3773 to adapter clients
11-03 09:55:33.994325  2520 10295 D HOME    : [StreamDBQueue]Promised revision #3774 to queue a new op
11-03 09:55:33.994580  2520 10295 D WatchStreamManager: Promised rerank @ r#3774
11-03 09:55:33.995022  2520 11078 D HOME    : [WatchStreamDB]updateRanking()
11-03 09:55:33.995629  2520 11078 D HOME    : [WatchStreamDB]Item alerting conditions - isInterruptive: false, recentlyInterrupted: false, isItemPinned: false, isUnread: false
11-03 09:55:33.996010  2520 11078 D HOME    : [StreamAlertingRegulator]isTheaterModeEnabled: false, isAlertingAllowedByOffBody: true, matchesLocalInterruptionFilter: true
11-03 09:55:33.996431  2520 11078 D HOME    : [WatchStreamDB]couldItemAlert: false, isTopItemChanged: false, isDeferralForTopItem: false
11-03 09:55:33.997266  2520 11078 D HOME    : [NewStreamAdapter]Publishing revision #3774 to adapter clients
11-03 09:55:34.501493   416  2389 D SKGHAL  : sendResources: metadata size = 2400, font size = 72
11-03 09:55:34.571927   416  2389 D SKGHAL  : endResources: rc = 0
11-03 09:55:34.573739  1686  1686 W system_server: Long monitor contention with owner Binder:1686_12 (3313) at int com.google.android.clockwork.sidekick.SidekickService$BinderService.sendWatchFace(com.google.android.clockwork.decomposablewatchface.WatchFaceDecomposition, boolean)(SidekickService.java:1021) waiters=0 in boolean com.google.android.clockwork.sidekick.SidekickService$BinderService.readyToDisplay() for 589ms
11-03 09:55:34.575496  2520  2520 D HOME    : [SidekickManagerAsync]replaceWatchFaceComponents(): Callback#onResult(): 0
11-03 09:55:34.576175  2520  2520 D HOME    : [WatchFaceUiController]Complication updates sent, posting watch face hiding
--------- switch to system
11-03 09:55:34.576233  1686  1686 W Looper  : Slow dispatch took 599ms main h=android.os.Handler c=com.google.android.wearable.ambient.AmbientDream$Callbacks$1@4c2db27 m=0
--------- switch to main
11-03 09:55:34.576308  2520  2520 D HOME    : [WatchFaceUiController]Still in ambient watch face, hiding
11-03 09:55:34.576381  2520  2520 D HOME    : [WatchFaceUiController]Hiding watch face wallpaper.
--------- switch to kernel
11-03 09:55:34.486447     0     0 E FG      : fg_psy_get_property: unsupported property 7
11-03 09:55:34.490612     0     0 W healthd : battery l=19 v=3700 t=27.0 h=2 st=3 c=96 fc=443000 cc=0 chg=
--------- switch to main
11-03 09:55:34.609977  1956  1956 D QtiCarrierConfigHelper: WARNING, no carrier configs on phone Id: 0
11-03 09:55:34.612175   512   512 I sensors-hal: activate:107, android.sensor.light/46 en=0
11-03 09:55:34.622457   512   512 I sensors-hal: activate:118, android.sensor.light/46 en=0 completed
11-03 09:55:34.627141   545   545 D SurfaceFlinger: Set power mode=3, type=0 flinger=0xb6bb6000
11-03 09:55:34.628775   504   764 I SDM     : DisplayBase::SetDisplayState: Set state = 3, display 0
11-03 09:55:34.640268  2520  2520 D HOME    : [BatteryChange]action: android.intent.action.BATTERY_CHANGED
11-03 09:55:34.641234  2520 11644 D HOME    : [BatteryChange]HandleBatteryChangedTask
11-03 09:55:34.642222  2520 11644 D HOME    : [BatteryChange]level: 19, status: 3
--------- switch to system
11-03 09:55:34.644214  1686  1710 I DisplayManagerService: Display device changed state: "Écran intégré", DOZE_SUSPEND
--------- switch to kernel
11-03 09:55:34.529944     0     0 I mdss_dsi_panel_set_idle_mode: Idle (0->1)
11-03 09:55:34.563526     0     0 I         : [touch]FB_BLANK_VSYNC_SUSPEND
11-03 09:55:34.563541     0     0 I         : [touch]irq disable
11-03 09:55:34.563549     0     0 I         : [touch]workqueue is empty!
11-03 09:55:34.563557     0     0 I         : [touch]raydium_ts_do_suspend.
11-03 09:55:34.563578     0     0 I         : [touch]Device may wakeup
11-03 09:55:34.567947     0     0 I         : [touch]irq enable
--------- switch to main
11-03 09:55:34.676004   545   545 D SurfaceFlinger: Finished set power mode=3, type=0
11-03 09:55:34.678133  1686  1823 I SidekickService: beginDisplayLocked(): DOZE_SUSPEND
11-03 09:55:34.679787   416  2389 D SKGHAL  : sendAmbientPrepare: enter:
11-03 09:55:34.685984  1686  1759 I InputReader: Reconfiguring input devices.  changes=0x00000004
11-03 09:55:34.809843   416  2389 D SKGHAL  : sendAmbientEvent: enter: enable = 1
11-03 09:55:34.811303   504   523 I SDM     : DisplayBase::SetDisplayState: Set state = 4, display 0
11-03 09:55:34.811464   504   523 D SDM     : HWCDisplayPrimary::SetStandByMode: Null display is connected successfully
11-03 09:55:34.811738   416  2389 D SKGHAL  : standBy_update_control call succeed on 1
11-03 09:55:34.823601   416  2389 D SKGHAL  : sendAmbientEvent: done: enable = 1
11-03 09:55:34.824399  1686  1823 D SidekickService:    ... beginDisplay result: 0 for halPower: 1
11-03 09:55:34.830644   512  1749 I sensors-hal: activate:107, android.sensor.accelerometer/48 en=0
--------- switch to kernel
11-03 09:55:34.726478     0     0 E bgrsb   : bgrsb_enable: gpio 32 is valid
--------- switch to main
11-03 09:55:34.833154   512  1749 I sensors-hal: activate:118, android.sensor.accelerometer/48 en=0 completed
11-03 09:55:34.845157  1686  1799 E WifiStateMachine: getWifiLinkLayerStats called without an interface
11-03 09:55:34.868072  1686  1686 I WearPower: [WearTouchMediator] changing touch input to enabled (ON_AUTO)
11-03 09:55:34.870198  1686  1759 I InputReader: Reconfiguring input devices.  changes=0x00000200
--------- switch to kernel
11-03 09:55:34.765628     0     0 I init    : processing action (ro.enable_core_ctl=true && sys.cw_corectl_mode=idle) from (/vendor/etc/init/hw/init.qcom.rc:949)
--------- switch to main
11-03 09:55:34.879054  1686  1686 I AmbientService: [ce6a28c] Timeout alarm not required, auto-resume timeout handled by dream.
11-03 09:55:34.891687  3205  3434 W WorkController: Loading failed for worker [trainingcache]: worker not found
11-03 09:55:34.893491  3205  3294 W A       : TrainingCache cache SCREEN_OFF failure
11-03 09:55:34.893491  3205  3294 W A       : com.google.android.apps.gsa.search.core.service.h.a.a: No worker found for Worker ID [trainingcache].
11-03 09:55:34.893491  3205  3294 W A       : 	at com.google.android.apps.gsa.search.core.service.g.a.c.a(Unknown Source:5)
11-03 09:55:34.893491  3205  3294 W A       : 	at com.google.android.libraries.gsa.c.a.d.a(Unknown Source:3)
11-03 09:55:34.893491  3205  3294 W A       : 	at com.google.common.p.a.cg.c(Unknown Source:2)
11-03 09:55:34.893491  3205  3294 W A       : 	at com.google.common.p.a.bk.run(SourceFile:3)
11-03 09:55:34.893491  3205  3294 W A       : 	at com.google.common.p.a.ci.run(Unknown Source:4)
11-03 09:55:34.893491  3205  3294 W A       : 	at com.google.apps.tiktok.concurrent.ab.run(SourceFile:1)
11-03 09:55:34.893491  3205  3294 W A       : 	at java.util.concurrent.ThreadPoolExecutor.runWorker(ThreadPoolExecutor.java:1167)
11-03 09:55:34.893491  3205  3294 W A       : 	at java.util.concurrent.ThreadPoolExecutor$Worker.run(ThreadPoolExecutor.java:641)
11-03 09:55:34.893491  3205  3294 W A       : 	at com.google.apps.tiktok.concurrent.c.run(Unknown Source:4)
11-03 09:55:34.893491  3205  3294 W A       : 	at java.lang.Thread.run(Thread.java:764)
11-03 09:55:34.920412  2520  2520 D HOME    : [StreamDBQueue]Promised revision #3775 to queue a new op
11-03 09:55:34.921151  2520  2520 D WatchStreamManager: Promised rank-blocked=false @ r#3775
11-03 09:55:34.921803  2520  2520 D HOME    : [CompactHunStarter]detachWindow()
11-03 09:55:34.922854  2520 11644 D HOME    : [WatchStreamDB]Item alerting conditions - isInterruptive: false, recentlyInterrupted: false, isItemPinned: false, isUnread: false
11-03 09:55:34.923746  2520 11644 D HOME    : [StreamAlertingRegulator]isTheaterModeEnabled: false, isAlertingAllowedByOffBody: true, matchesLocalInterruptionFilter: true
11-03 09:55:34.924513  2520 11644 D HOME    : [WatchStreamDB]couldItemAlert: false, isTopItemChanged: false, isDeferralForTopItem: false
11-03 09:55:34.927002  2520 10295 D HOME    : [StreamDBQueue]Promised revision #3776 to queue a new op
11-03 09:55:34.930758  2520 10295 D WatchStreamManager: Promised rerank @ r#3776
11-03 09:55:34.932158  2520 11644 D HOME    : [WatchStreamDB]updateRanking()
11-03 09:55:34.933770  2520 11644 D HOME    : [WatchStreamDB]Item alerting conditions - isInterruptive: false, recentlyInterrupted: false, isItemPinned: false, isUnread: false
11-03 09:55:34.934547  2520 11644 D HOME    : [StreamAlertingRegulator]isTheaterModeEnabled: false, isAlertingAllowedByOffBody: true, matchesLocalInterruptionFilter: true
11-03 09:55:34.935097  2520 11644 D HOME    : [WatchStreamDB]couldItemAlert: false, isTopItemChanged: false, isDeferralForTopItem: false
11-03 09:55:34.936628  2520 11644 D HOME    : [NewStreamAdapter]Publishing revision #3776 to adapter clients
--------- switch to kernel
11-03 09:55:34.958953     0     0 I PM      : suspend entry 2021-11-03 08:55:34.958953363 UTC
11-03 09:55:34.958962     0     0 I PM      : Syncing filesystems ...
11-03 09:55:34.959087     0     0 I CPU0    : update max cpu_capacity 748
11-03 09:55:34.964465     0     0 I CPU3    : update max cpu_capacity 1024
11-03 09:55:34.988434     0     0 I         : done.
11-03 09:55:35.002453     0     0 I CPU2    : shutdown
11-03 09:55:35.003607     0     0 I         : Freezing user space processes ...
11-03 09:55:35.007991     0     0 I PM      : Wakeup pending, aborting suspend
11-03 09:55:35.008031     0     0 I         : active wakeup source: NETLINK
11-03 09:55:35.008073     0     0 E         : Freezing of tasks aborted after 0.004 seconds
11-03 09:55:35.008085     0     0 I         : Restarting tasks ...
11-03 09:55:35.008323     0     0 I init    : Command 'write /sys/devices/system/cpu/cpu2/online 0' action=ro.enable_core_ctl=true && sys.cw_corectl_mode=idle (/vendor/etc/init/hw/init.qcom.rc:951) took 135ms and succeeded
11-03 09:55:35.008625     0     0 W QSEECOM : qseecom_receive_req: Interrupted: exiting Listener Service = 11
11-03 09:55:35.008668     0     0 W QSEECOM : qseecom_receive_req: Interrupted: exiting Listener Service = 28672
11-03 09:55:35.008720     0     0 W QSEECOM : qseecom_receive_req: Interrupted: exiting Listener Service = 12288
11-03 09:55:35.008925     0     0 W QSEECOM : qseecom_receive_req: Interrupted: exiting Listener Service = 10
11-03 09:55:35.010139     0     0 I init    : Command 'write /sys/devices/system/cpu/cpu3/online 0' action=ro.enable_core_ctl=true && sys.cw_corectl_mode=idle (/vendor/etc/init/hw/init.qcom.rc:952) took 1ms and failed: Unable to write to file '/sys/devices/system/cpu/cpu3/online': Unable to write file contents: Device or resource busy
11-03 09:55:35.010345     0     0 W QSEECOM : qseecom_receive_req: Interrupted: exiting Listener Service = 8192
11-03 09:55:35.012527     0     0 I         : done.
11-03 09:55:35.013027     0     0 I PM      : suspend exit 2021-11-03 08:55:35.013027947 UTC
11-03 09:55:35.815347     0     0 I PM      : suspend entry 2021-11-03 08:55:35.815347478 UTC
11-03 09:55:35.815365     0     0 I PM      : Syncing filesystems ... done.
11-03 09:55:35.850253     0     0 I         : Freezing user space processes ... (elapsed 0.010 seconds) done.
11-03 09:55:35.861113     0     0 I         : Freezing remaining freezable tasks ... (elapsed 0.005 seconds) done.
11-03 09:55:35.867124     0     0 I         : Suspending console(s) (use no_console_suspend to debug)
11-03 09:55:35.883222     0     0 I mdss_dsi_panel_set_idle_mode: Idle (1->1)
11-03 09:55:35.925235     0     0 I bgcom   : bgcom_pm_suspend: suspended with : 0
11-03 09:55:35.963526     0     0 I PM      : suspend of devices complete after 92.076 msecs
11-03 09:55:35.969202     0     0 I PM      : late suspend of devices complete after 5.632 msecs
11-03 09:55:35.974834     0     0 I PM      : noirq suspend of devices complete after 5.596 msecs
11-03 09:55:35.974848     0     0 I         : Disabling non-boot CPUs ...
11-03 09:55:35.990351     0     0 W         : IRQ21 no longer affine to CPU1
11-03 09:55:35.992270     0     0 I CPU1    : shutdown
11-03 09:55:35.998897     0     0 I CPU0    : update max cpu_capacity 748
11-03 09:55:36.039834     0     0 W         : IRQ16 no longer affine to CPU3
11-03 09:55:36.039906     0     0 W         : IRQ93 no longer affine to CPU3
11-03 09:55:36.041205     0     0 I CPU3    : shutdown
11-03 09:55:36.043138     0     0 I suspend ns: 3321666983294	suspend cycles:    1175488850059
11-03 09:55:36.043120     0     0 I CPU0    : msm_cpu_pm_enter_sleep mode:3 during suspend
11-03 09:55:36.043120     0     0 I         : Suspended for 4.208 seconds
11-03 09:55:36.043120     0     0 I resume cycles: 1175569653111
11-03 09:55:36.043685     0     0 I         : Enabling non-boot CPUs ...
11-03 09:55:36.044527     0     0 I CPU1    : update cpu_capacity 1024
11-03 09:55:36.045659     0     0 I         : CPU1 is up
11-03 09:55:36.046753     0     0 I CPU3    : update cpu_capacity 1024
11-03 09:55:36.048312     0     0 I         : CPU3 is up
11-03 09:55:36.048725     0     0 I CPU1    : update max cpu_capacity 748
11-03 09:55:36.048759     0     0 I CPU3    : update max cpu_capacity 1024
--------- switch to system
11-03 09:55:40.362396  1686  1686 I PowerManagerService: Waking up from dozing (uid=1000 reason=tiltToWake)...
--------- switch to kernel
11-03 09:55:36.052083     0     0 I PM      : noirq resume of devices complete after 3.549 msecs
11-03 09:55:36.057359     0     0 I PM      : early resume of devices complete after 3.790 msecs
11-03 09:55:36.086742     0     0 I bgcom   : bgcom_pm_resume: Bgcom resumed with : 0
11-03 09:55:36.096846     0     0 I mdss_dsi_panel_set_idle_mode: Idle (1->1)
11-03 09:55:36.132628     0     0 I PM      : resume of devices complete after 75.222 msecs
11-03 09:55:36.137309     0     0 I         : Restarting tasks ...
11-03 09:55:36.140056     0     0 W QSEECOM : qseecom_receive_req: Interrupted: exiting Listener Service = 8192
--------- switch to system
11-03 09:55:40.368103  1686  1686 W UsageStatsService: Event reported without a package name
--------- switch to kernel
11-03 09:55:36.140165     0     0 W QSEECOM : qseecom_receive_req: Interrupted: exiting Listener Service = 12288
11-03 09:55:36.140215     0     0 W QSEECOM : qseecom_receive_req: Interrupted: exiting Listener Service = 10
11-03 09:55:36.140267     0     0 W QSEECOM : qseecom_receive_req: Interrupted: exiting Listener Service = 28672
11-03 09:55:36.141811     0     0 W QSEECOM : qseecom_receive_req: Interrupted: exiting Listener Service = 11
11-03 09:55:36.148413     0     0 I         : done.
11-03 09:55:40.359576     0     0 I PM      : suspend exit 2021-11-03 08:55:40.359576903 UTC
11-03 09:55:40.371060     0     0 E <CORE> tx_data: No Space in Fifo
11-03 09:55:40.383383     0     0 E FG      : fg_psy_get_property: unsupported property 7
11-03 09:55:40.278328     0     0 W healthd : battery l=19 v=3745 t=27.0 h=2 st=3 c=10 fc=443000 cc=0 chg=
--------- switch to main
11-03 09:55:40.406954   512  1749 I sensors-hal: batch:140, android.sensor.light/46, period=100000000, max_latency=0
11-03 09:55:40.407068   512  1749 I sensors-hal: batch:149, android.sensor.light/46, period=100000000, max_latency=0 request completed
11-03 09:55:40.407724   512  1749 I sensors-hal: activate:107, android.sensor.light/46 en=1
11-03 09:55:40.408029   512  1749 I sensors-hal: ssc_enable_rt_task:254, ssc_enable_rt_task : true
11-03 09:55:40.410722   512  1749 I sensors-hal: activate:118, android.sensor.light/46 en=1 completed
11-03 09:55:40.412138  1686  1823 I SidekickService: endDisplayLocked()
11-03 09:55:40.412545   512  1749 I sensors-hal: batch:140, android.sensor.accelerometer/48, period=66667000, max_latency=100000000
11-03 09:55:40.412550   416  2389 D SKGHAL  : sendAmbientEvent: enter: enable = 0
--------- switch to system
11-03 09:55:40.412566  1686  1710 I DisplayManagerService: Display device changed state: "Écran intégré", ON
--------- switch to main
11-03 09:55:40.412603   512  1749 I sensors-hal: batch:149, android.sensor.accelerometer/48, period=66667000, max_latency=100000000 request completed
11-03 09:55:40.412905   512  1749 I sensors-hal: activate:107, android.sensor.accelerometer/48 en=1
11-03 09:55:40.413162   512  1749 I sensors-hal: ssc_enable_rt_task:254, ssc_enable_rt_task : true
11-03 09:55:40.422279  4243  4243 D OMService: onDisplayChanged: not dozing
11-03 09:55:40.428277   512  1749 I sensors-hal: activate:118, android.sensor.accelerometer/48 en=1 completed
11-03 09:55:40.431032  1686  1759 I InputReader: Reconfiguring input devices.  changes=0x00000004
11-03 09:55:40.433048  2520  2520 D HOME    : [BatteryChange]action: android.intent.action.BATTERY_CHANGED
11-03 09:55:40.433452  2520 10295 D HOME    : [BatteryChange]HandleBatteryChangedTask
11-03 09:55:40.433820  2520 10295 D HOME    : [BatteryChange]level: 19, status: 3
11-03 09:55:40.435996  1686  1799 E WifiStateMachine: getWifiLinkLayerStats called without an interface
11-03 09:55:40.436062  1956  1956 D QtiCarrierConfigHelper: WARNING, no carrier configs on phone Id: 0
--------- switch to system
11-03 09:55:40.440643  1686  1702 W BroadcastQueue: Background execution not allowed: receiving Intent { act=android.intent.action.USER_PRESENT flg=0x10 } to com.google.android.gms/.auth.setup.devicesignals.LockScreenReceiver
--------- switch to main
11-03 09:55:40.442129  3205  3434 W WorkController: Loading failed for worker [trainingcache]: worker not found
11-03 09:55:40.443162  3205  3372 W A       : TrainingCache cache DEVICE_UNLOCKED failure
11-03 09:55:40.443162  3205  3372 W A       : com.google.android.apps.gsa.search.core.service.h.a.a: No worker found for Worker ID [trainingcache].
11-03 09:55:40.443162  3205  3372 W A       : 	at com.google.android.apps.gsa.search.core.service.g.a.c.a(Unknown Source:5)
11-03 09:55:40.443162  3205  3372 W A       : 	at com.google.android.libraries.gsa.c.a.d.a(Unknown Source:3)
11-03 09:55:40.443162  3205  3372 W A       : 	at com.google.common.p.a.cg.c(Unknown Source:2)
11-03 09:55:40.443162  3205  3372 W A       : 	at com.google.common.p.a.bk.run(SourceFile:3)
11-03 09:55:40.443162  3205  3372 W A       : 	at com.google.common.p.a.ci.run(Unknown Source:4)
11-03 09:55:40.443162  3205  3372 W A       : 	at com.google.apps.tiktok.concurrent.ab.run(SourceFile:1)
11-03 09:55:40.443162  3205  3372 W A       : 	at java.util.concurrent.ThreadPoolExecutor.runWorker(ThreadPoolExecutor.java:1167)
11-03 09:55:40.443162  3205  3372 W A       : 	at java.util.concurrent.ThreadPoolExecutor$Worker.run(ThreadPoolExecutor.java:641)
11-03 09:55:40.443162  3205  3372 W A       : 	at com.google.apps.tiktok.concurrent.c.run(Unknown Source:4)
11-03 09:55:40.443162  3205  3372 W A       : 	at java.lang.Thread.run(Thread.java:764)
--------- switch to system
11-03 09:55:40.441101  1686  1702 W BroadcastQueue: Background execution not allowed: receiving Intent { act=android.intent.action.USER_PRESENT flg=0x10 } to com.google.android.gms/.chimera.GmsIntentOperationService$PersistentTrustedReceiver
--------- switch to main
11-03 09:55:40.475986  1686  1686 I WearPower: [WearTouchMediator] changing touch input to enabled (ON_AUTO)
11-03 09:55:40.476912  1686  1759 I InputReader: Reconfiguring input devices.  changes=0x00000200
11-03 09:55:40.483672  1686  1686 D WristGestureCtrl: Starting: GesturesEnabled-false UngazeEnabled-true
11-03 09:55:40.483779  1686  1686 D DefaultUngazeDetector: starting
11-03 09:55:40.483845  1686  1686 D DefaultUngazeDetector: startUngazeStateEstimation(). startTime = 61219913
11-03 09:55:40.484006  1686  1686 W AlarmManagerProxy: Removing unknown listener
11-03 09:55:40.484845   512  1749 I sensors-hal: batch:140, android.sensor.accelerometer/48, period=19231000, max_latency=100000000
11-03 09:55:40.485586  1686  1686 W DefaultSettingsContentR: Value for ambient_low_bit_enabled not stored as number. Attempting parse as boolean.
