11-03 10:35:25.471586  1686  5849 D SidekickService: sendFontsLocked(): fontInfo = {.width = 20, .height = 27, .nGlyphs = 10, .id = 4}, image.size() = 919
11-03 10:35:25.474061   416  2389 D SKGHAL  : saveResource: resId = 4
11-03 10:35:25.479392  1686  5849 D SidekickService: sendFontsLocked(): status = 0, bytesUsed = 1374
11-03 10:35:25.480158  1686  5849 D SidekickServiceUtils: bitmapFromDrawable: Returning bitmap directly
11-03 10:35:25.589463  1686  5849 D SidekickService: sendBitmapsLocked(): bounds = RectF(0.0, 0.0, 1.0, 1.0), drawableInfo = {.id = 0, .width = 416, .height = 416, .display = true, .offsetX = 0.0, .offsetY = 0.0, .rotationInfo = {.hasRotation = false, .pivotX = 0.0, .pivotY = 0.0, .degreesPerDay = 0.0, .degreesPerStep = 0.0, .zeroDegreesTime = {.daysSinceLocalEpoch = 0, .msSinceMidnight = 0}}, .transformInfo = {.transformed = false, .flipX = false, .flipY = false, .flip45 = false, .scaleX = 0.0, .scaleY = 0.0}, .type = GENERIC, .blink = {.blinking = false, .periodOnMs = 0.0, .periodOffMs = 0.0, .startTime = {.daysSinceLocalEpoch = 0, .msSinceMidnight = 0}}, .zOrder = 1, .displayInTwm = true}, image.size() = 6063
11-03 10:35:25.603404   416  2389 D SKGHAL  : saveResource: resId = 0
11-03 10:35:25.621420  1686  5849 D SidekickService: sendBitmapsLocked(): status = 0, bytesUsed = 9429
11-03 10:35:25.622094  1686  5849 D SidekickServiceUtils: bitmapFromDrawable: Returning bitmap directly
11-03 10:35:25.623712  1686  5849 D SidekickService: sendBitmapsLocked(): bounds = RectF(0.0, 0.0, 0.0024038462, 0.0024038462), drawableInfo = {.id = 100000, .width = 1, .height = 1, .display = true, .offsetX = 0.0, .offsetY = 0.0, .rotationInfo = {.hasRotation = false, .pivotX = 0.0, .pivotY = 0.0, .degreesPerDay = 0.0, .degreesPerStep = 0.0, .zeroDegreesTime = {.daysSinceLocalEpoch = 0, .msSinceMidnight = 0}}, .transformInfo = {.transformed = false, .flipX = false, .flipY = false, .flip45 = false, .scaleX = 0.0, .scaleY = 0.0}, .type = GENERIC, .blink = {.blinking = false, .periodOnMs = 0.0, .periodOffMs = 0.0, .startTime = {.daysSinceLocalEpoch = 0, .msSinceMidnight = 0}}, .zOrder = 6, .displayInTwm = true}, image.size() = 84
11-03 10:35:25.624692   416  2389 D SKGHAL  : saveResource: resId = 100000
11-03 10:35:25.625241  1686  5849 D SidekickService: sendBitmapsLocked(): status = 0, bytesUsed = 18
11-03 10:35:25.626431  1686  5849 D SidekickService: sendNumbersLocked(): drawableInfo = {.id = 5, .width = 100, .height = 50, .display = true, .offsetX = 162.0, .offsetY = 30.0, .rotationInfo = {.hasRotation = false, .pivotX = 0.0, .pivotY = 0.0, .degreesPerDay = 0.0, .degreesPerStep = 0.0, .zeroDegreesTime = {.daysSinceLocalEpoch = 0, .msSinceMidnight = 0}}, .transformInfo = {.transformed = false, .flipX = false, .flipY = false, .flip45 = false, .scaleX = 0.0, .scaleY = 0.0}, .type = NUMBER, .blink = {.blinking = false, .periodOnMs = 0.0, .periodOffMs = 0.0, .startTime = {.daysSinceLocalEpoch = 0, .msSinceMidnight = 0}}, .zOrder = 5, .displayInTwm = true}, numberInfo = {.startTime = {.daysSinceLocalEpoch = 0, .msSinceMidnight = 0}, .startNumber = 0, .minNumber = 0, .maxNumber = 23, .increment = 1, .msPerIncrement = 3600000.0, .fontId = 4, .digits = 2, .leadingZeroes = 1, .digit = -1, .transitionMs = 0.0}
11-03 10:35:25.627055   416  2389 D SKGHAL  : saveResource: resId = 5
11-03 10:35:25.627316  1686  5849 D SidekickService: sendNumbersLocked(): status = 0, bytesUsed = 0
11-03 10:35:25.628275  1686  5849 D SidekickService: sendNumbersLocked(): drawableInfo = {.id = 6, .width = 100, .height = 50, .display = true, .offsetX = 214.0, .offsetY = 30.0, .rotationInfo = {.hasRotation = false, .pivotX = 0.0, .pivotY = 0.0, .degreesPerDay = 0.0, .degreesPerStep = 0.0, .zeroDegreesTime = {.daysSinceLocalEpoch = 0, .msSinceMidnight = 0}}, .transformInfo = {.transformed = false, .flipX = false, .flipY = false, .flip45 = false, .scaleX = 0.0, .scaleY = 0.0}, .type = NUMBER, .blink = {.blinking = false, .periodOnMs = 0.0, .periodOffMs = 0.0, .startTime = {.daysSinceLocalEpoch = 0, .msSinceMidnight = 0}}, .zOrder = 5, .displayInTwm = true}, numberInfo = {.startTime = {.daysSinceLocalEpoch = 0, .msSinceMidnight = 0}, .startNumber = 0, .minNumber = 0, .maxNumber = 59, .increment = 1, .msPerIncrement = 60000.0, .fontId = 4, .digits = 2, .leadingZeroes = 1, .digit = -1, .transitionMs = 0.0}
11-03 10:35:25.628825   416  2389 D SKGHAL  : saveResource: resId = 6
11-03 10:35:25.629092  1686  5849 D SidekickService: sendNumbersLocked(): status = 0, bytesUsed = 0
11-03 10:35:25.629211  1686  5849 D SidekickService: ISidekickGraphics#endResources()...
11-03 10:35:25.795567   416  2389 D SKGHAL  : sendResources: metadata size = 2400, font size = 72
11-03 10:35:25.828599   416  2389 D SKGHAL  : endResources: rc = 0
11-03 10:35:25.828699   416  2389 D SKGHAL  : Changing to ACTIVE state
11-03 10:35:25.830578  2520 12460 I SidekickManager: sendWatchFaceImpl(): watchFace = com.google.android.clockwork.decomposablewatchface.WatchFaceDecomposition@1f4c49 forTWM = false
11-03 10:35:25.830889  2520  2520 D HOME    : [SidekickManagerAsync]sendWatchFace(): Callback#onResult(): 0
11-03 10:35:25.836831  1686  5849 D SidekickService: sendWatchFaceComponents called: watchFace = com.google.android.clockwork.decomposablewatchface.WatchFaceDecomposition@b58705shouldReplace = true
11-03 10:35:25.837136  1686  5849 D SidekickService: Check decomposition for calling app com.google.android.wearable.app with uid 10049
11-03 10:35:25.838079  1686  5849 D SidekickService: sendWatchFaceLocked(): shouldReplace = true, mSidekickIsControlling = false, 2 images, 1 fonts, 2 numbers, 0 proportionalFonts, 0 strings
11-03 10:35:25.838198  1686  5849 D SidekickService: resetLocked()
11-03 10:35:25.854562   416  2389 D SKGHAL  : Changing to  RESET state
11-03 10:35:25.855290  1686  5849 D SidekickService: ISidekickGraphics#beginResources()...
11-03 10:35:25.855742   416  2389 D SKGHAL  : Changing to DOWNLOAD State
11-03 10:35:25.856669  1686  5849 D SidekickServiceUtils: bitmapFromDrawable: Returning bitmap directly
11-03 10:35:25.866429  1686  5849 W SidekickService: null digitDimensions in font, setting to PointF(20.0, 27.0)
11-03 10:35:25.866895  1686  5849 D SidekickService: sendFontsLocked(): fontInfo = {.width = 20, .height = 27, .nGlyphs = 10, .id = 4}, image.size() = 919
11-03 10:35:25.869121   416  2389 D SKGHAL  : saveResource: resId = 4
11-03 10:35:25.874421  1686  5849 D SidekickService: sendFontsLocked(): status = 0, bytesUsed = 1374
11-03 10:35:25.875441  1686  5849 D SidekickServiceUtils: bitmapFromDrawable: Returning bitmap directly
11-03 10:35:25.985953  1686  5849 D SidekickService: sendBitmapsLocked(): bounds = RectF(0.0, 0.0, 1.0, 1.0), drawableInfo = {.id = 0, .width = 416, .height = 416, .display = true, .offsetX = 0.0, .offsetY = 0.0, .rotationInfo = {.hasRotation = false, .pivotX = 0.0, .pivotY = 0.0, .degreesPerDay = 0.0, .degreesPerStep = 0.0, .zeroDegreesTime = {.daysSinceLocalEpoch = 0, .msSinceMidnight = 0}}, .transformInfo = {.transformed = false, .flipX = false, .flipY = false, .flip45 = false, .scaleX = 0.0, .scaleY = 0.0}, .type = GENERIC, .blink = {.blinking = false, .periodOnMs = 0.0, .periodOffMs = 0.0, .startTime = {.daysSinceLocalEpoch = 0, .msSinceMidnight = 0}}, .zOrder = 1, .displayInTwm = true}, image.size() = 6063
11-03 10:35:25.999987   416  2389 D SKGHAL  : saveResource: resId = 0
11-03 10:35:26.017324  1686  5849 D SidekickService: sendBitmapsLocked(): status = 0, bytesUsed = 9429
11-03 10:35:26.018079  1686  5849 D SidekickServiceUtils: bitmapFromDrawable: Returning bitmap directly
11-03 10:35:26.019547  1686  5849 D SidekickService: sendBitmapsLocked(): bounds = RectF(0.0, 0.0, 0.0024038462, 0.0024038462), drawableInfo = {.id = 100000, .width = 1, .height = 1, .display = true, .offsetX = 0.0, .offsetY = 0.0, .rotationInfo = {.hasRotation = false, .pivotX = 0.0, .pivotY = 0.0, .degreesPerDay = 0.0, .degreesPerStep = 0.0, .zeroDegreesTime = {.daysSinceLocalEpoch = 0, .msSinceMidnight = 0}}, .transformInfo = {.transformed = false, .flipX = false, .flipY = false, .flip45 = false, .scaleX = 0.0, .scaleY = 0.0}, .type = GENERIC, .blink = {.blinking = false, .periodOnMs = 0.0, .periodOffMs = 0.0, .startTime = {.daysSinceLocalEpoch = 0, .msSinceMidnight = 0}}, .zOrder = 6, .displayInTwm = true}, image.size() = 84
11-03 10:35:26.020640   416  2389 D SKGHAL  : saveResource: resId = 100000
11-03 10:35:26.021187  1686  5849 D SidekickService: sendBitmapsLocked(): status = 0, bytesUsed = 18
11-03 10:35:26.022733  1686  5849 D SidekickService: sendNumbersLocked(): drawableInfo = {.id = 5, .width = 100, .height = 50, .display = true, .offsetX = 162.0, .offsetY = 30.0, .rotationInfo = {.hasRotation = false, .pivotX = 0.0, .pivotY = 0.0, .degreesPerDay = 0.0, .degreesPerStep = 0.0, .zeroDegreesTime = {.daysSinceLocalEpoch = 0, .msSinceMidnight = 0}}, .transformInfo = {.transformed = false, .flipX = false, .flipY = false, .flip45 = false, .scaleX = 0.0, .scaleY = 0.0}, .type = NUMBER, .blink = {.blinking = false, .periodOnMs = 0.0, .periodOffMs = 0.0, .startTime = {.daysSinceLocalEpoch = 0, .msSinceMidnight = 0}}, .zOrder = 5, .displayInTwm = true}, numberInfo = {.startTime = {.daysSinceLocalEpoch = 0, .msSinceMidnight = 0}, .startNumber = 0, .minNumber = 0, .maxNumber = 23, .increment = 1, .msPerIncrement = 3600000.0, .fontId = 4, .digits = 2, .leadingZeroes = 1, .digit = -1, .transitionMs = 0.0}
11-03 10:35:26.023404   416  2389 D SKGHAL  : saveResource: resId = 5
11-03 10:35:26.024003  1686  5849 D SidekickService: sendNumbersLocked(): status = 0, bytesUsed = 0
11-03 10:35:26.025353  1686  5849 D SidekickService: sendNumbersLocked(): drawableInfo = {.id = 6, .width = 100, .height = 50, .display = true, .offsetX = 214.0, .offsetY = 30.0, .rotationInfo = {.hasRotation = false, .pivotX = 0.0, .pivotY = 0.0, .degreesPerDay = 0.0, .degreesPerStep = 0.0, .zeroDegreesTime = {.daysSinceLocalEpoch = 0, .msSinceMidnight = 0}}, .transformInfo = {.transformed = false, .flipX = false, .flipY = false, .flip45 = false, .scaleX = 0.0, .scaleY = 0.0}, .type = NUMBER, .blink = {.blinking = false, .periodOnMs = 0.0, .periodOffMs = 0.0, .startTime = {.daysSinceLocalEpoch = 0, .msSinceMidnight = 0}}, .zOrder = 5, .displayInTwm = true}, numberInfo = {.startTime = {.daysSinceLocalEpoch = 0, .msSinceMidnight = 0}, .startNumber = 0, .minNumber = 0, .maxNumber = 59, .increment = 1, .msPerIncrement = 60000.0, .fontId = 4, .digits = 2, .leadingZeroes = 1, .digit = -1, .transitionMs = 0.0}
11-03 10:35:26.025961   416  2389 D SKGHAL  : saveResource: resId = 6
11-03 10:35:26.026233  1686  5849 D SidekickService: sendNumbersLocked(): status = 0, bytesUsed = 0
11-03 10:35:26.026366  1686  5849 D SidekickService: ISidekickGraphics#endResources()...
11-03 10:35:26.191272   416  2389 D SKGHAL  : sendResources: metadata size = 2400, font size = 72
11-03 10:35:26.223215   416  2389 D SKGHAL  : endResources: rc = 0
11-03 10:35:26.223336   416  2389 D SKGHAL  : Changing to ACTIVE state
11-03 10:35:26.225631  2520  2520 D HOME    : [SidekickManagerAsync]sendWatchFace(): Callback#onResult(): 0
--------- switch to kernel
11-03 10:35:27.262743     0     0 E FG      : fg_psy_get_property: unsupported property 7
11-03 10:35:27.265600     0     0 W healthd : battery l=13 v=3652 t=29.0 h=2 st=3 c=118 fc=443000 cc=0 chg=
--------- switch to main
11-03 10:35:28.255612   512   512 I sensors-hal: batch:140, android.sensor.accelerometer/48, period=66667000, max_latency=100000000
11-03 10:35:28.258438   512   512 I sensors-hal: batch:149, android.sensor.accelerometer/48, period=66667000, max_latency=100000000 request completed
11-03 10:35:28.259280  1686  1686 D DefaultUngazeDetector: Ungaze event occurred; emitting gesture event!
11-03 10:35:28.259407  1686  1686 D WristGestureCtrl: Gesture:GESTURE UNGAZE, timestamp(ms): 63603795, confidence: 0.0, latency(ms): 0, duration(ms): 3894
11-03 10:35:28.261100   512   512 I sensors-hal: batch:140, android.sensor.accelerometer/48, period=19231000, max_latency=100000000
--------- switch to system
11-03 10:35:28.264221  1686  1686 I WindowManager: sleepRelease() calling goToSleep(GO_TO_SLEEP_REASON_SLEEP_BUTTON)
11-03 10:35:28.264832  1686  1686 I PowerManagerService: Going to sleep due to sleep button (uid 1000)...
--------- switch to main
11-03 10:35:28.264858   512   512 I sensors-hal: batch:149, android.sensor.accelerometer/48, period=19231000, max_latency=100000000 request completed
11-03 10:35:28.265647   512   512 I sensors-hal: flush:169, android.sensor.accelerometer/48
--------- switch to system
11-03 10:35:28.266616  1686  1712 I DreamManagerService: Entering dreamland.
11-03 10:35:28.266687  1686  1686 W UsageStatsService: Event reported without a package name
11-03 10:35:28.267619  1686  1712 I PowerManagerService: Dozing...
--------- switch to main
11-03 10:35:28.267950   512   512 I sensors-hal: flush:175, android.sensor.accelerometer/48 completed
--------- switch to system
11-03 10:35:28.279976  1686  1708 I DreamController: Starting dream: name=ComponentInfo{com.google.android.wearable.ambient/com.google.android.wearable.ambient.AmbientDream}, isTest=false, canDoze=true, userId=0
11-03 10:35:28.294545  1686  1686 W ContextImpl: Calling a method in the system process without a qualified user: android.app.ContextImpl.bindService:1611 android.content.ContextWrapper.bindService:698 com.google.android.wearable.ambient.AmbientDream.onCreate:191 android.app.ActivityThread.handleCreateService:3533 android.app.ActivityThread.access$1300:200 
11-03 10:35:28.297333  1686  1686 W ContextImpl: Calling a method in the system process without a qualified user: android.app.ContextImpl.sendBroadcast:1005 android.content.ContextWrapper.sendBroadcast:444 com.google.android.wearable.ambient.AmbientDream.onCreate:241 android.app.ActivityThread.handleCreateService:3533 android.app.ActivityThread.access$1300:200 
11-03 10:35:28.297983  1686  1686 V DreamService[AmbientDream]: onBind() intent = Intent { act=android.service.dreams.DreamService flg=0x800000 cmp=com.google.android.wearable.ambient/.AmbientDream }
--------- switch to main
11-03 10:35:28.299172  1686  1686 I AmbientService: [ce6a28c] Ambient Created
--------- switch to system
11-03 10:35:28.300070  1686  1686 V DreamService[AmbientDream]: Calling onDreamingStarted()
--------- switch to main
11-03 10:35:28.300204  1686  1686 I AmbientService: [ce6a28c] doOnDreamingStarted
11-03 10:35:28.300680  1686  1686 D SidekickService: setShouldControlDisplay called: true
11-03 10:35:28.301812  1686  1686 I AmbientService: [ce6a28c] Selected running activity for ambient mode: AmbientActivity[component=ComponentInfo{com.google.android.wearable.app/com.google.android.clockwork.home2.activity.HomeActivity2}, callbacks=@210b385, running=true, ambientRequested=true, ambientEnabled=true, offloadEnabled=true]
11-03 10:35:28.302468  1686  1686 I AmbientService: [ce6a28c] Sidekick is ready to display, requesting doze.
11-03 10:35:28.303156  1686  1686 I AmbientService: [ce6a28c] No auto-resume Activity.
11-03 10:35:28.306099  2520  2520 D HOME    : [HomeVisitsLogger]Logging streamlet event: enter_ambient_mode
11-03 10:35:28.306822  2520  2520 D HOME    : [HotwordController]updateClient MODE_WATCH_FACE false true false true
11-03 10:35:28.309326  2520 12460 D HOME    : [HomeVisitsLogger]Logging streamlet event: visit_end
11-03 10:35:28.310240  1686  1686 W DefaultSettingsContentR: Value for ambient_low_bit_enabled not stored as number. Attempting parse as boolean.
11-03 10:35:28.313039  1686  1686 I AmbientService: [ce6a28c] Showing watch face in offload mode, canceling alarm.
11-03 10:35:28.313114  1686  1686 W AlarmManagerProxy: Removing unknown listener
11-03 10:35:28.313215  1686  1686 D WristGestureCtrl: Stopping detectors: GesturesEnabled-false gestureDetector-false ungazeEnabled-true ungaze-true
11-03 10:35:28.313250  1686  1686 D DefaultUngazeDetector: stopping
11-03 10:35:28.315071   512   512 I sensors-hal: batch:140, android.sensor.accelerometer/48, period=66667000, max_latency=100000000
11-03 10:35:28.317440   512   512 I sensors-hal: batch:149, android.sensor.accelerometer/48, period=66667000, max_latency=100000000 request completed
11-03 10:35:28.347366  2520  2520 D HOME    : [WatchFaceUiController]setInAmbientMode true
11-03 10:35:28.348179  2520 12460 I SidekickManager: replaceWatchFaceComponentsImpl(): watchFace = com.google.android.clockwork.decomposablewatchface.WatchFaceDecomposition@cb3d426
11-03 10:35:28.349205  2520  2520 D HOME    : [StreamDBQueue]Promised revision #4400 to queue a new op
11-03 10:35:28.349464  2520  2520 D WatchStreamManager: Promised rank-blocked=false @ r#4400
11-03 10:35:28.349505  1686  5849 D SidekickService: sendWatchFaceComponents called: watchFace = com.google.android.clockwork.decomposablewatchface.WatchFaceDecomposition@920b457shouldReplace = false
11-03 10:35:28.349984  2520  2520 D HOME    : [StreamDBQueue]Promised revision #4401 to queue a new op
11-03 10:35:28.350394  2520  2520 D WatchStreamManager: Promised rank-blocked=false @ r#4401
11-03 10:35:28.350452  2520 12189 D HOME    : [WatchStreamDB]Item alerting conditions - isInterruptive: true, recentlyInterrupted: false, isItemPinned: false, isUnread: false
11-03 10:35:28.350835  2520 12189 D HOME    : [StreamAlertingRegulator]isTheaterModeEnabled: false, isAlertingAllowedByOffBody: true, matchesLocalInterruptionFilter: true
11-03 10:35:28.349733  1686  5849 D SidekickService: Check decomposition for calling app com.google.android.wearable.app with uid 10049
11-03 10:35:28.351180  2520 12189 D HOME    : [WatchStreamDB]couldItemAlert: false, isTopItemChanged: false, isDeferralForTopItem: false
11-03 10:35:28.351231  2520  2520 D HOME    : [EventBus]Wrapper pool is full. Discarding excess wrapper instance for event com.google.android.clockwork.sysui.events.KeyguardStateEvent
11-03 10:35:28.351320  2520  2520 D HOME    : [WatchFaceUiController]sendStateToWallpaper
11-03 10:35:28.351522  2520 12828 D HOME    : [StreamDBQueue]Promised revision #4402 to queue a new op
11-03 10:35:28.351523  1686  5849 D SidekickService: sendWatchFaceLocked(): shouldReplace = false, mSidekickIsControlling = false, 1 images, 0 fonts, 0 numbers, 0 proportionalFonts, 0 strings
11-03 10:35:28.351597  1686  5849 D SidekickService: ISidekickGraphics#beginResources()...
11-03 10:35:28.351670  2520 12828 D WatchStreamManager: Promised rerank @ r#4402
11-03 10:35:28.353242  1686  5849 D SidekickServiceUtils: bitmapFromDrawable: Returning bitmap directly
11-03 10:35:28.353341  2520  2520 D HOME    : [EventBus]Wrapper pool is full. Discarding excess wrapper instance for event com.google.android.clockwork.sysui.events.KeyguardStateEvent
11-03 10:35:28.353923  2520  2520 D HOME    : [EventBus]Wrapper pool is full. Discarding excess wrapper instance for event com.google.android.clockwork.sysui.events.KeyguardStateEvent
11-03 10:35:28.355854  1686  5849 D SidekickService: sendBitmapsLocked(): bounds = RectF(0.47115386, 0.33653846, 0.52884614, 0.39423078), drawableInfo = {.id = 100000, .width = 24, .height = 24, .display = true, .offsetX = 193.0, .offsetY = 137.0, .rotationInfo = {.hasRotation = false, .pivotX = 0.0, .pivotY = 0.0, .degreesPerDay = 0.0, .degreesPerStep = 0.0, .zeroDegreesTime = {.daysSinceLocalEpoch = 0, .msSinceMidnight = 0}}, .transformInfo = {.transformed = false, .flipX = false, .flipY = false, .flip45 = false, .scaleX = 0.0, .scaleY = 0.0}, .type = GENERIC, .blink = {.blinking = false, .periodOnMs = 0.0, .periodOffMs = 0.0, .startTime = {.daysSinceLocalEpoch = 0, .msSinceMidnight = 0}}, .zOrder = 6, .displayInTwm = true}, image.size() = 204
11-03 10:35:28.357049   416  2389 D SKGHAL  : saveResource: resId = 100000
11-03 10:35:28.358033  2520 12189 D HOME    : [WatchStreamDB]Item alerting conditions - isInterruptive: true, recentlyInterrupted: false, isItemPinned: false, isUnread: false
11-03 10:35:28.358224  1686  5849 D SidekickService: sendBitmapsLocked(): status = 0, bytesUsed = 267
11-03 10:35:28.358417  1686  5849 D SidekickService: ISidekickGraphics#endResources()...
11-03 10:35:28.359419  2520 12189 D HOME    : [StreamAlertingRegulator]isTheaterModeEnabled: false, isAlertingAllowedByOffBody: true, matchesLocalInterruptionFilter: true
11-03 10:35:28.359793  2520 12189 D HOME    : [WatchStreamDB]couldItemAlert: false, isTopItemChanged: false, isDeferralForTopItem: false
11-03 10:35:28.360312  2520 12189 D HOME    : [WatchStreamDB]updateRanking()
11-03 10:35:28.360364  2520  2520 W StaticLayout: maxLineHeight should not be -1.  maxLines:1 lineCount:1
11-03 10:35:28.361654  2520 12189 D HOME    : [WatchStreamDB]Item alerting conditions - isInterruptive: true, recentlyInterrupted: false, isItemPinned: false, isUnread: false
11-03 10:35:28.362139  2520 12189 D HOME    : [StreamAlertingRegulator]isTheaterModeEnabled: false, isAlertingAllowedByOffBody: true, matchesLocalInterruptionFilter: true
11-03 10:35:28.362419  2520 12189 D HOME    : [WatchStreamDB]couldItemAlert: false, isTopItemChanged: false, isDeferralForTopItem: false
11-03 10:35:28.364864  2520 12189 D HOME    : [NewStreamAdapter]Publishing revision #4402 to adapter clients
11-03 10:35:28.365895  2520 12828 D HOME    : [StreamDBQueue]Promised revision #4403 to queue a new op
11-03 10:35:28.366213  2520 12828 D WatchStreamManager: Promised rerank @ r#4403
11-03 10:35:28.366347  2520 12189 D HOME    : [WatchStreamDB]updateRanking()
11-03 10:35:28.367399  2520 12189 D HOME    : [WatchStreamDB]Item alerting conditions - isInterruptive: true, recentlyInterrupted: false, isItemPinned: false, isUnread: false
11-03 10:35:28.367781  2520 12189 D HOME    : [StreamAlertingRegulator]isTheaterModeEnabled: false, isAlertingAllowedByOffBody: true, matchesLocalInterruptionFilter: true
11-03 10:35:28.368185  2520 12189 D HOME    : [WatchStreamDB]couldItemAlert: false, isTopItemChanged: false, isDeferralForTopItem: false
11-03 10:35:28.368914  2520 12189 D HOME    : [NewStreamAdapter]Publishing revision #4403 to adapter clients
11-03 10:35:28.583224   416  2389 D SKGHAL  : sendResources: metadata size = 2400, font size = 72
11-03 10:35:28.627521   416  2389 D SKGHAL  : endResources: rc = 0
11-03 10:35:28.629241  1686  1686 W system_server: Long monitor contention with owner Binder:1686_18 (5849) at int com.google.android.clockwork.sidekick.SidekickService$BinderService.sendWatchFace(com.google.android.clockwork.decomposablewatchface.WatchFaceDecomposition, boolean)(SidekickService.java:1021) waiters=0 in boolean com.google.android.clockwork.sidekick.SidekickService$BinderService.readyToDisplay() for 270ms
11-03 10:35:28.631034  2520  2520 D HOME    : [SidekickManagerAsync]replaceWatchFaceComponents(): Callback#onResult(): 0
11-03 10:35:28.631622  2520  2520 D HOME    : [WatchFaceUiController]Complication updates sent, posting watch face hiding
11-03 10:35:28.631830  2520  2520 D HOME    : [WatchFaceUiController]Still in ambient watch face, hiding
11-03 10:35:28.631939  2520  2520 D HOME    : [WatchFaceUiController]Hiding watch face wallpaper.
--------- switch to system
11-03 10:35:28.632519  1686  1686 W Looper  : Slow dispatch took 274ms main h=android.os.Handler c=com.google.android.wearable.ambient.AmbientDream$Callbacks$1@c297b44 m=0
--------- switch to kernel
11-03 10:35:28.536175     0     0 E FG      : fg_psy_get_property: unsupported property 7
11-03 10:35:28.545961     0     0 W healthd : battery l=13 v=3635 t=29.0 h=2 st=3 c=139 fc=443000 cc=0 chg=
--------- switch to main
11-03 10:35:28.693822   512   512 I sensors-hal: activate:107, android.sensor.light/46 en=0
11-03 10:35:28.696776  1956  1956 D QtiCarrierConfigHelper: WARNING, no carrier configs on phone Id: 0
11-03 10:35:28.699588   512   512 I sensors-hal: activate:118, android.sensor.light/46 en=0 completed
11-03 10:35:28.705465  2520  2520 D HOME    : [BatteryChange]action: android.intent.action.BATTERY_CHANGED
11-03 10:35:28.707740  2520 12460 D HOME    : [BatteryChange]HandleBatteryChangedTask
11-03 10:35:28.709045  2520 12460 D HOME    : [BatteryChange]level: 13, status: 3
11-03 10:35:28.711398  2520 12460 D HOME    : [BatteryChange]updateStreamItem
--------- switch to system
11-03 10:35:28.715130  1686  1710 I DisplayManagerService: Display device changed state: "Écran intégré", DOZE_SUSPEND
--------- switch to main
11-03 10:35:28.749929  1686  1759 I InputReader: Reconfiguring input devices.  changes=0x00000004
11-03 10:35:28.750725   545   545 D SurfaceFlinger: Set power mode=3, type=0 flinger=0xb6bb6000
11-03 10:35:28.751917   504   764 I SDM     : DisplayBase::SetDisplayState: Set state = 3, display 0
11-03 10:35:28.791400   545   545 D SurfaceFlinger: Finished set power mode=3, type=0
11-03 10:35:28.792063  1686  1823 I SidekickService: beginDisplayLocked(): DOZE_SUSPEND
11-03 10:35:28.792683   416  2389 D SKGHAL  : sendAmbientPrepare: enter:
--------- switch to kernel
11-03 10:35:28.632149     0     0 I mdss_dsi_panel_set_idle_mode: Idle (0->1)
11-03 10:35:28.666855     0     0 I         : [touch]FB_BLANK_VSYNC_SUSPEND
11-03 10:35:28.666862     0     0 I         : [touch]irq disable
11-03 10:35:28.666867     0     0 I         : [touch]workqueue is empty!
11-03 10:35:28.666870     0     0 I         : [touch]raydium_ts_do_suspend.
11-03 10:35:28.666880     0     0 I         : [touch]Device may wakeup
11-03 10:35:28.671024     0     0 I         : [touch]irq enable
--------- switch to main
11-03 10:35:28.847306   416  2389 D SKGHAL  : sendAmbientEvent: enter: enable = 1
11-03 10:35:28.848417   504   523 I SDM     : DisplayBase::SetDisplayState: Set state = 4, display 0
11-03 10:35:28.848510   504   523 D SDM     : HWCDisplayPrimary::SetStandByMode: Null display is connected successfully
11-03 10:35:28.848685   416  2389 D SKGHAL  : standBy_update_control call succeed on 1
11-03 10:35:28.862177   416  2389 D SKGHAL  : sendAmbientEvent: done: enable = 1
11-03 10:35:28.862848  1686  1823 D SidekickService:    ... beginDisplay result: 0 for halPower: 1
11-03 10:35:28.866925   512   512 I sensors-hal: activate:107, android.sensor.accelerometer/48 en=0
11-03 10:35:28.869449   512   512 I sensors-hal: activate:118, android.sensor.accelerometer/48 en=0 completed
11-03 10:35:28.876665  1686  1799 E WifiStateMachine: getWifiLinkLayerStats called without an interface
--------- switch to kernel
11-03 10:35:28.771007     0     0 E bgrsb   : bgrsb_enable: gpio 32 is valid
--------- switch to main
11-03 10:35:28.899685  1686  1686 I WearPower: [WearTouchMediator] changing touch input to enabled (ON_AUTO)
11-03 10:35:28.901471  1686  1759 I InputReader: Reconfiguring input devices.  changes=0x00000200
--------- switch to kernel
11-03 10:35:28.784211     0     0 I init    : processing action (ro.enable_core_ctl=true && sys.cw_corectl_mode=idle) from (/vendor/etc/init/hw/init.qcom.rc:949)
--------- switch to main
11-03 10:35:28.913048  1686  1686 I AmbientService: [ce6a28c] Timeout alarm not required, auto-resume timeout handled by dream.
11-03 10:35:28.924115  3205  3434 W WorkController: Loading failed for worker [trainingcache]: worker not found
11-03 10:35:28.926945  3205  3372 W A       : TrainingCache cache SCREEN_OFF failure
11-03 10:35:28.926945  3205  3372 W A       : com.google.android.apps.gsa.search.core.service.h.a.a: No worker found for Worker ID [trainingcache].
11-03 10:35:28.926945  3205  3372 W A       : 	at com.google.android.apps.gsa.search.core.service.g.a.c.a(Unknown Source:5)
11-03 10:35:28.926945  3205  3372 W A       : 	at com.google.android.libraries.gsa.c.a.d.a(Unknown Source:3)
11-03 10:35:28.926945  3205  3372 W A       : 	at com.google.common.p.a.cg.c(Unknown Source:2)
11-03 10:35:28.926945  3205  3372 W A       : 	at com.google.common.p.a.bk.run(SourceFile:3)
11-03 10:35:28.926945  3205  3372 W A       : 	at com.google.common.p.a.ci.run(Unknown Source:4)
11-03 10:35:28.926945  3205  3372 W A       : 	at com.google.apps.tiktok.concurrent.ab.run(SourceFile:1)
11-03 10:35:28.926945  3205  3372 W A       : 	at java.util.concurrent.ThreadPoolExecutor.runWorker(ThreadPoolExecutor.java:1167)
11-03 10:35:28.926945  3205  3372 W A       : 	at java.util.concurrent.ThreadPoolExecutor$Worker.run(ThreadPoolExecutor.java:641)
11-03 10:35:28.926945  3205  3372 W A       : 	at com.google.apps.tiktok.concurrent.c.run(Unknown Source:4)
11-03 10:35:28.926945  3205  3372 W A       : 	at java.lang.Thread.run(Thread.java:764)
11-03 10:35:28.942613  2520  2520 D HOME    : [StreamDBQueue]Promised revision #4404 to queue a new op
11-03 10:35:28.942993  2520  2520 D WatchStreamManager: Promised rank-blocked=false @ r#4404
11-03 10:35:28.943345  2520  2520 D HOME    : [CompactHunStarter]detachWindow()
11-03 10:35:28.944165  2520 12460 D HOME    : [WatchStreamDB]Item alerting conditions - isInterruptive: true, recentlyInterrupted: false, isItemPinned: false, isUnread: false
11-03 10:35:28.944231  2520 12828 D HOME    : [StreamDBQueue]Promised revision #4405 to queue a new op
11-03 10:35:28.944709  2520 12460 D HOME    : [StreamAlertingRegulator]isTheaterModeEnabled: false, isAlertingAllowedByOffBody: true, matchesLocalInterruptionFilter: true
11-03 10:35:28.945018  2520 12460 D HOME    : [WatchStreamDB]couldItemAlert: false, isTopItemChanged: false, isDeferralForTopItem: false
11-03 10:35:28.945958  2520 12828 D WatchStreamManager: Promised rerank @ r#4405
11-03 10:35:28.946167  2520 12189 D HOME    : [WatchStreamDB]updateRanking()
11-03 10:35:28.947204  2520 12189 D HOME    : [WatchStreamDB]Item alerting conditions - isInterruptive: true, recentlyInterrupted: false, isItemPinned: false, isUnread: false
11-03 10:35:28.947631  2520 12189 D HOME    : [StreamAlertingRegulator]isTheaterModeEnabled: false, isAlertingAllowedByOffBody: true, matchesLocalInterruptionFilter: true
11-03 10:35:28.947969  2520 12189 D HOME    : [WatchStreamDB]couldItemAlert: false, isTopItemChanged: false, isDeferralForTopItem: false
11-03 10:35:28.949473  2520 12189 D HOME    : [NewStreamAdapter]Publishing revision #4405 to adapter clients
--------- switch to kernel
11-03 10:35:28.979522     0     0 I PM      : suspend entry 2021-11-03 09:35:28.979522769 UTC
11-03 10:35:28.979532     0     0 I PM      : Syncing filesystems ...
11-03 10:35:28.994733     0     0 I CPU1    : update max cpu_capacity 748
11-03 10:35:28.999162     0     0 I CPU3    : update max cpu_capacity 1024
11-03 10:35:29.002333     0     0 I         : done.
11-03 10:35:29.018102     0     0 I CPU2    : shutdown
11-03 10:35:29.019283     0     0 I         : Freezing user space processes ...
11-03 10:35:29.025181     0     0 I PM      : Wakeup pending, aborting suspend
11-03 10:35:29.025217     0     0 I         : active wakeup source: NETLINK
11-03 10:35:29.025258     0     0 E         : Freezing of tasks aborted after 0.005 seconds
11-03 10:35:29.025278     0     0 I         : Restarting tasks ...
11-03 10:35:29.025858     0     0 W QSEECOM : qseecom_receive_req: Interrupted: exiting Listener Service = 12288
11-03 10:35:29.025918     0     0 W QSEECOM : qseecom_receive_req: Interrupted: exiting Listener Service = 11
11-03 10:35:29.025961     0     0 W QSEECOM : qseecom_receive_req: Interrupted: exiting Listener Service = 10
11-03 10:35:29.027673     0     0 I init    : Command 'write /sys/devices/system/cpu/cpu2/online 0' action=ro.enable_core_ctl=true && sys.cw_corectl_mode=idle (/vendor/etc/init/hw/init.qcom.rc:951) took 123ms and succeeded
11-03 10:35:29.029361     0     0 I init    : Command 'write /sys/devices/system/cpu/cpu3/online 0' action=ro.enable_core_ctl=true && sys.cw_corectl_mode=idle (/vendor/etc/init/hw/init.qcom.rc:952) took 1ms and failed: Unable to write to file '/sys/devices/system/cpu/cpu3/online': Unable to write file contents: Device or resource busy
11-03 10:35:29.031173     0     0 W QSEECOM : qseecom_receive_req: Interrupted: exiting Listener Service = 8192
11-03 10:35:29.031225     0     0 W QSEECOM : qseecom_receive_req: Interrupted: exiting Listener Service = 28672
11-03 10:35:29.031275     0     0 I         : done.
11-03 10:35:29.031839     0     0 I PM      : suspend exit 2021-11-03 09:35:29.031839904 UTC
11-03 10:35:29.233421     0     0 I PM      : suspend entry 2021-11-03 09:35:29.233421206 UTC
11-03 10:35:29.233442     0     0 I PM      : Syncing filesystems ... done.
--------- switch to system
11-03 10:35:51.628608  1686  1686 I PowerManagerService: Waking up from dozing (uid=1000 reason=tiltToWake)...
--------- switch to kernel
11-03 10:35:29.262190     0     0 I         : Freezing user space processes ... (elapsed 0.012 seconds) done.
11-03 10:35:29.274368     0     0 I         : Freezing remaining freezable tasks ... (elapsed 0.006 seconds) done.
11-03 10:35:29.280804     0     0 I         : Suspending console(s) (use no_console_suspend to debug)
11-03 10:35:29.296797     0     0 I mdss_dsi_panel_set_idle_mode: Idle (1->1)
11-03 10:35:29.340940     0     0 I bgcom   : bgcom_pm_suspend: suspended with : 0
11-03 10:35:29.376676     0     0 I PM      : suspend of devices complete after 91.533 msecs
11-03 10:35:29.382714     0     0 I PM      : late suspend of devices complete after 5.995 msecs
11-03 10:35:29.389230     0     0 I PM      : noirq suspend of devices complete after 6.475 msecs
11-03 10:35:29.389245     0     0 I         : Disabling non-boot CPUs ...
11-03 10:35:29.418206     0     0 I CPU1    : shutdown
11-03 10:35:29.424636     0     0 I CPU0    : update max cpu_capacity 748
11-03 10:35:29.467207     0     0 I CPU3    : shutdown
11-03 10:35:29.469349     0     0 I suspend ns: 3854164897111	suspend cycles:    1221442633232
11-03 10:35:29.469327     0     0 I CPU0    : msm_cpu_pm_enter_sleep mode:3 during suspend
11-03 10:35:29.469327     0     0 I         : Suspended for 22.038 seconds
11-03 10:35:29.469327     0     0 I resume cycles: 1221865779688
11-03 10:35:29.469971     0     0 I         : Enabling non-boot CPUs ...
11-03 10:35:29.470831     0     0 I CPU1    : update cpu_capacity 1024
11-03 10:35:29.472142     0     0 I         : CPU1 is up
11-03 10:35:29.473343     0     0 I CPU3    : update cpu_capacity 1024
11-03 10:35:29.474359     0     0 I CPU1    : update max cpu_capacity 748
11-03 10:35:29.475581     0     0 I         : CPU3 is up
11-03 10:35:29.479374     0     0 I PM      : noirq resume of devices complete after 3.525 msecs
11-03 10:35:29.484726     0     0 I CPU1    : update max cpu_capacity 748
11-03 10:35:29.485475     0     0 I PM      : early resume of devices complete after 4.570 msecs
11-03 10:35:29.486707     0     0 I CPU3    : update max cpu_capacity 1024
11-03 10:35:29.518401     0     0 I bgcom   : bgcom_pm_resume: Bgcom resumed with : 0
11-03 10:35:29.528957     0     0 I mdss_dsi_panel_set_idle_mode: Idle (1->1)
11-03 10:35:29.569873     0     0 I PM      : resume of devices complete after 84.354 msecs
11-03 10:35:29.574691     0     0 I         : Restarting tasks ...
11-03 10:35:29.577693     0     0 W QSEECOM : qseecom_receive_req: Interrupted: exiting Listener Service = 12288
11-03 10:35:29.579170     0     0 W QSEECOM : qseecom_receive_req: Interrupted: exiting Listener Service = 8192
11-03 10:35:29.579247     0     0 W QSEECOM : qseecom_receive_req: Interrupted: exiting Listener Service = 11
11-03 10:35:29.581244     0     0 W QSEECOM : qseecom_receive_req: Interrupted: exiting Listener Service = 10
11-03 10:35:29.586483     0     0 W QSEECOM : qseecom_receive_req: Interrupted: exiting Listener Service = 28672
11-03 10:35:29.595095     0     0 I         : done.
11-03 10:35:51.638523     0     0 I PM      : suspend exit 2021-11-03 09:35:51.638523229 UTC
--------- switch to system
11-03 10:35:51.646082  1686  1686 W UsageStatsService: Event reported without a package name
--------- switch to kernel
11-03 10:35:51.654975     0     0 E FG      : fg_psy_get_property: unsupported property 7
11-03 10:35:51.537504     0     0 W healthd : battery l=13 v=3723 t=29.0 h=2 st=3 c=5 fc=443000 cc=0 chg=
--------- switch to main
11-03 10:35:51.691090   512  1749 I sensors-hal: batch:140, android.sensor.light/46, period=100000000, max_latency=0
11-03 10:35:51.691242   512  1749 I sensors-hal: batch:149, android.sensor.light/46, period=100000000, max_latency=0 request completed
11-03 10:35:51.691982   512  1749 I sensors-hal: activate:107, android.sensor.light/46 en=1
11-03 10:35:51.692397   512  1749 I sensors-hal: ssc_enable_rt_task:254, ssc_enable_rt_task : true
--------- switch to kernel
11-03 10:35:51.609372     0     0 I         : [touch]FB_BLANK_VSYNC_SUSPEND
11-03 10:35:51.609380     0     0 I         : [touch]Already in suspend state
--------- switch to main
11-03 10:35:51.696169   512  1749 I sensors-hal: activate:118, android.sensor.light/46 en=1 completed
11-03 10:35:51.698174  1686  1823 I SidekickService: endDisplayLocked()
11-03 10:35:51.698844   512  1749 I sensors-hal: batch:140, android.sensor.accelerometer/48, period=66667000, max_latency=100000000
11-03 10:35:51.698839   416  2389 D SKGHAL  : sendAmbientEvent: enter: enable = 0
11-03 10:35:51.698921   512  1749 I sensors-hal: batch:149, android.sensor.accelerometer/48, period=66667000, max_latency=100000000 request completed
--------- switch to system
11-03 10:35:51.698912  1686  1710 I DisplayManagerService: Display device changed state: "Écran intégré", ON
--------- switch to main
11-03 10:35:51.699459   512  1749 I sensors-hal: activate:107, android.sensor.accelerometer/48 en=1
11-03 10:35:51.700135   512  1749 I sensors-hal: ssc_enable_rt_task:254, ssc_enable_rt_task : true
11-03 10:35:51.719781   512  1749 I sensors-hal: activate:118, android.sensor.accelerometer/48 en=1 completed
11-03 10:35:51.725891  4243  4243 D OMService: onDisplayChanged: not dozing
11-03 10:35:51.729224   504   523 I SDM     : DisplayBase::SetDisplayState: Set state = 3, display 0
11-03 10:35:51.729624   504   523 D SDM     : HWCDisplayPrimary::SetStandByMode: Display is connected successfully
11-03 10:35:51.731448   416  2389 D SKGHAL  : standBy_update_control call succeed on 0
11-03 10:35:51.731606   416  2389 D SKGHAL  : sendAmbientEvent: done: enable = 0
11-03 10:35:51.735642  2520  2520 D HOME    : [BatteryChange]action: android.intent.action.BATTERY_CHANGED
11-03 10:35:51.736736  2520 12828 D HOME    : [BatteryChange]HandleBatteryChangedTask
11-03 10:35:51.736733  1686  1823 D SidekickService:    ... endDisplay returns void
11-03 10:35:51.737787   545   545 D SurfaceFlinger: Set power mode=2, type=0 flinger=0xb6bb6000
11-03 10:35:51.738446   504   764 I SDM     : DisplayBase::SetDisplayState: Set state = 1, display 0
11-03 10:35:51.749374   545   545 D SurfaceFlinger: Finished set power mode=2, type=0
--------- switch to system
11-03 10:35:51.754324  1686  1712 W PowerManagerService: Screen on took 253 ms
11-03 10:35:51.754891  1686  1712 I DreamManagerService: Gently waking up from dream.
--------- switch to main
11-03 10:35:51.756506  1956  1956 D QtiCarrierConfigHelper: WARNING, no carrier configs on phone Id: 0
11-03 10:35:51.760560  1686  1759 I InputReader: Reconfiguring input devices.  changes=0x00000004
11-03 10:35:51.763756  2520 12828 D HOME    : [BatteryChange]level: 13, status: 3
--------- switch to system
11-03 10:35:51.766656  1686  1708 I DreamManagerService: Performing gentle wake from dream.
--------- switch to main
11-03 10:35:51.769160  2520 12828 D HOME    : [BatteryChange]updateStreamItem
--------- switch to system
11-03 10:35:51.778025  1686  1702 W BroadcastQueue: Background execution not allowed: receiving Intent { act=android.intent.action.USER_PRESENT flg=0x10 } to com.google.android.gms/.auth.setup.devicesignals.LockScreenReceiver
11-03 10:35:51.778773  1686  1702 W BroadcastQueue: Background execution not allowed: receiving Intent { act=android.intent.action.USER_PRESENT flg=0x10 } to com.google.android.gms/.chimera.GmsIntentOperationService$PersistentTrustedReceiver
--------- switch to kernel
11-03 10:35:51.610079     0     0 E bgrsb   : bgrsb_enable: rsb will set report rate
11-03 10:35:51.625728     0     0 E bgrsb   : bgrsb_enable: gpio 32 is valid
11-03 10:35:51.625762     0     0 I mdss_dsi_panel_set_idle_mode: Idle (1->0)
11-03 10:35:51.627127     0     0 E mdp3_enable_panic_ctrl: mdp3_enable_panic_ctrl: Enable Panic Control
11-03 10:35:51.627263     0     0 I         : [touch]FB_BLANK_UNBLANK
11-03 10:35:51.627272     0     0 I         : [touch]raydium_ts_do_resume, 1.
11-03 10:35:51.627956     0     0 I         : [ raydium ]workqueue is empty!
11-03 10:35:51.627985     0     0 I raydium_ts 5-0039: [touch]Already enable irq
11-03 10:35:51.627988     0     0 I         : [touch]Device may wakeup
--------- switch to main
11-03 10:35:51.783537  3205  3434 W WorkController: Loading failed for worker [trainingcache]: worker not found
--------- switch to system
11-03 10:35:51.784673  1686  1686 V DreamService[AmbientDream]: wakeUp(): fromSystem=true, mWaking=false, mFinished=false
11-03 10:35:51.784910  1686  1686 V DreamService[AmbientDream]: finish(): mFinished=false
11-03 10:35:51.785115  1686  1686 I DreamManagerService: Leaving dreamland.
--------- switch to main
11-03 10:35:51.785451  3205  3294 W A       : TrainingCache cache DEVICE_UNLOCKED failure
11-03 10:35:51.785451  3205  3294 W A       : com.google.android.apps.gsa.search.core.service.h.a.a: No worker found for Worker ID [trainingcache].
11-03 10:35:51.785451  3205  3294 W A       : 	at com.google.android.apps.gsa.search.core.service.g.a.c.a(Unknown Source:5)
11-03 10:35:51.785451  3205  3294 W A       : 	at com.google.android.libraries.gsa.c.a.d.a(Unknown Source:3)
11-03 10:35:51.785451  3205  3294 W A       : 	at com.google.common.p.a.cg.c(Unknown Source:2)
11-03 10:35:51.785451  3205  3294 W A       : 	at com.google.common.p.a.bk.run(SourceFile:3)
11-03 10:35:51.785451  3205  3294 W A       : 	at com.google.common.p.a.ci.run(Unknown Source:4)
11-03 10:35:51.785451  3205  3294 W A       : 	at com.google.apps.tiktok.concurrent.ab.run(SourceFile:1)
11-03 10:35:51.785451  3205  3294 W A       : 	at java.util.concurrent.ThreadPoolExecutor.runWorker(ThreadPoolExecutor.java:1167)
11-03 10:35:51.785451  3205  3294 W A       : 	at java.util.concurrent.ThreadPoolExecutor$Worker.run(ThreadPoolExecutor.java:641)
11-03 10:35:51.785451  3205  3294 W A       : 	at com.google.apps.tiktok.concurrent.c.run(Unknown Source:4)
11-03 10:35:51.785451  3205  3294 W A       : 	at java.lang.Thread.run(Thread.java:764)
--------- switch to system
11-03 10:35:51.788408  1686  1708 I DreamManagerService: Performing gentle wake from dream.
11-03 10:35:51.788907  1686  1708 I DreamController: Stopping dream: name=ComponentInfo{com.google.android.wearable.ambient/com.google.android.wearable.ambient.AmbientDream}, isTest=false, canDoze=true, userId=0
--------- switch to main
11-03 10:35:51.798135   512 12846 I sensors-hal: handle_indication_realtime:355,  SCHED_FIFO(10) for qmi_cbk
11-03 10:35:51.798738  1686  1799 E WifiStateMachine: getWifiLinkLayerStats called without an interface
--------- switch to system
11-03 10:35:51.807069  1686  1686 V DreamService[AmbientDream]: detach(): Calling onDreamingStopped()
--------- switch to main
11-03 10:35:51.807461  1686  1686 I AmbientService: [ce6a28c] doOnDreamingStopped
11-03 10:35:51.807629  1686  1686 D WristGestureCtrl: Starting: GesturesEnabled-false UngazeEnabled-true
11-03 10:35:51.807715  1686  1686 D DefaultUngazeDetector: starting
11-03 10:35:51.807805  1686  1686 D DefaultUngazeDetector: startUngazeStateEstimation(). startTime = 63631237
11-03 10:35:51.808099  1686  1686 W AlarmManagerProxy: Removing unknown listener
11-03 10:35:51.810129   512  1749 I sensors-hal: batch:140, android.sensor.accelerometer/48, period=19231000, max_latency=100000000
11-03 10:35:51.814194   512 12848 I sensors-hal: handle_indication_realtime:355,  SCHED_FIFO(10) for qmi_cbk
11-03 10:35:51.815326   512  1749 I sensors-hal: batch:149, android.sensor.accelerometer/48, period=19231000, max_latency=100000000 request completed
11-03 10:35:51.816282   512  1749 I sensors-hal: flush:169, android.sensor.accelerometer/48
11-03 10:35:51.821220  1686  1686 I AmbientService: [ce6a28c] No auto-resume Activity.
11-03 10:35:51.818864   512  1749 I sensors-hal: flush:175, android.sensor.accelerometer/48 completed
11-03 10:35:51.836915  2520  2520 D HOME    : [HomeVisitsLogger]Logging streamlet event: visit_start
11-03 10:35:51.837557  2520  2520 D HOME    : [HomeVisitsLogger]Logging streamlet event: exit_ambient_mode
11-03 10:35:51.838361  2520  2520 D HOME    : [HotwordController]updateClient MODE_WATCH_FACE false false false true
--------- switch to system
11-03 10:35:51.838567  1686  1686 W ContextImpl: Calling a method in the system process without a qualified user: android.app.ContextImpl.sendBroadcast:1020 android.content.ContextWrapper.sendBroadcast:449 com.google.android.wearable.ambient.AmbientDream.onDestroy:273 android.app.ActivityThread.handleStopService:3698 android.app.ActivityThread.access$1700:200 
--------- switch to main
11-03 10:35:51.840230  2520  2520 D HOME    : [WatchFaceUiController]setInAmbientMode false
11-03 10:35:51.840415  2520  2520 D HOME    : [WatchFaceUiController]sendWatchFaceServiceBinder
11-03 10:35:51.839436  1686  1686 E AlarmManager: cancel() called with a null PendingIntent
11-03 10:35:51.857346  2520  2520 D HOME    : [WatchFaceUiController]sendStateToWallpaper
--------- switch to system
11-03 10:35:51.859060  1686  1686 V DreamService[AmbientDream]: onDestroy()
--------- switch to main
11-03 10:35:51.860056  2520  2520 D HOME    : [WatchFaceUiController]Showing watch face wallpaper.
11-03 10:35:51.860322  2520  2520 D HOME    : [WatchFaceUiController]sendStateToWallpaper
11-03 10:35:51.864693  2520  2520 D HOME    : [StreamDBQueue]Promised revision #4406 to queue a new op
11-03 10:35:51.865137  2520  2520 D WatchStreamManager: Promised rank-blocked=true @ r#4406
11-03 10:35:51.865653  2520  2520 D HOME    : [StreamDBQueue]Promised revision #4407 to queue a new op
11-03 10:35:51.865795  2520  2520 D WatchStreamManager: Promised rank-blocked=true @ r#4407
11-03 10:35:51.866446  2520  2520 D HOME    : [TilesController]Tile refresh optimization is enabled.
11-03 10:35:51.866877  2520  2520 D HOME    : [EventBus]Wrapper pool is full. Discarding excess wrapper instance for event com.google.android.clockwork.sysui.events.KeyguardStateEvent
11-03 10:35:51.866989  2520  2520 D HOME    : [WatchFaceUiController]sendStateToWallpaper
11-03 10:35:51.870279  2520  2520 D HOME    : [EventBus]Wrapper pool is full. Discarding excess wrapper instance for event com.google.android.clockwork.sysui.events.KeyguardStateEvent
11-03 10:35:51.870664  2520  2520 D HOME    : [EventBus]Wrapper pool is full. Discarding excess wrapper instance for event com.google.android.clockwork.sysui.events.KeyguardStateEvent
11-03 10:35:51.874439  2520 12460 D HOME    : [WatchStreamDB]Item alerting conditions - isInterruptive: true, recentlyInterrupted: false, isItemPinned: false, isUnread: false
11-03 10:35:51.876401  2520 12460 D HOME    : [StreamAlertingRegulator]isTheaterModeEnabled: false, isAlertingAllowedByOffBody: true, matchesLocalInterruptionFilter: true
11-03 10:35:51.877007  2520 12460 D HOME    : [WatchStreamDB]couldItemAlert: false, isTopItemChanged: false, isDeferralForTopItem: false
11-03 10:35:51.877725  2520  2520 D HOME    : [WatchFaceUiController]sendStateToWallpaper
11-03 10:35:51.884601  2520  2520 W StaticLayout: maxLineHeight should not be -1.  maxLines:1 lineCount:1
11-03 10:35:51.887019  2520 12460 D HOME    : [WatchStreamDB]Item alerting conditions - isInterruptive: true, recentlyInterrupted: false, isItemPinned: false, isUnread: false
11-03 10:35:51.887726  2520 12460 D HOME    : [StreamAlertingRegulator]isTheaterModeEnabled: false, isAlertingAllowedByOffBody: true, matchesLocalInterruptionFilter: true
11-03 10:35:51.888130  2520 12460 D HOME    : [WatchStreamDB]couldItemAlert: false, isTopItemChanged: false, isDeferralForTopItem: false
11-03 10:35:51.893967  1686  1686 W AlarmManager: Unrecognized alarm listener com.android.server.job.controllers.-$$Lambda$IdleController$IdlenessTracker$nTdS-lGBXcES5VWKcJFmQFgU7IU@1ab437a
11-03 10:35:51.948158  1686  1686 I WearPower: [WearTouchMediator] changing touch input to enabled (ON_AUTO)
11-03 10:35:51.950945  2520  2520 D HOME    : [WatchFaceUiController]sendWatchFaceServiceBinder
11-03 10:35:51.953702  1686  1759 I InputReader: Reconfiguring input devices.  changes=0x00000200
11-03 10:35:51.957756  2520  2520 D HOME    : [WatchFaceUiController]sendProperties
11-03 10:35:51.968118  2520  2520 D HOME    : [WatchFaceUiController]sendStateToWallpaper
11-03 10:35:51.973873 12353 12353 I SPORTSWATCH:: Updating stub zero data
11-03 10:35:51.974196 12353 12353 I SPORTSWATCH:: account mail is zero length
--------- switch to kernel
11-03 10:35:51.856792     0     0 I init    : processing action (ro.enable_core_ctl=true && sys.cw_corectl_mode=perf) from (/vendor/etc/init/hw/init.qcom.rc:954)
11-03 10:35:51.859452     0     0 I CPU2    : update cpu_capacity 1024
--------- switch to main
11-03 10:35:52.010632  1686  1686 W AlarmManagerProxy: Removing unknown listener
11-03 10:35:52.015185  1686  1686 W DefaultSettingsContentR: Value for ambient_low_bit_enabled not stored as number. Attempting parse as boolean.
--------- switch to kernel
11-03 10:35:51.884172     0     0 I CPU2    : update max cpu_capacity 1024
--------- switch to main
11-03 10:35:52.031292  2520 12189 I SidekickManager: sendWatchFaceImpl(): watchFace = com.google.android.clockwork.decomposablewatchface.WatchFaceDecomposition@ec48fe3 forTWM = false
11-03 10:35:52.037218  3205  3434 W WorkController: Loading failed for worker [trainingcache]: worker not found
11-03 10:35:52.038432  3205  3372 W A       : TrainingCache cache SCREEN_ON failure
