11-02 22:06:05.843607   416   416 D SKGHAL  : sendResources: metadata size = 2400, font size = 72
11-02 22:06:05.904080   416   416 D SKGHAL  : endResources: rc = 0
11-02 22:06:05.905004  1686  1823 W system_server: Long monitor contention with owner Binder:1686_C (2895) at int com.google.android.clockwork.sidekick.SidekickService$BinderService.sendWatchFace(com.google.android.clockwork.decomposablewatchface.WatchFaceDecomposition, boolean)(SidekickService.java:1021) waiters=0 in boolean com.google.android.clockwork.sidekick.SidekickService$LocalService.startDisplayControl(int) for 412ms
11-02 22:06:05.905522  1686  1823 I SidekickService: beginDisplayLocked(): DOZE_SUSPEND
11-02 22:06:05.905846  2520  2520 D HOME    : [SidekickManagerAsync]replaceWatchFaceComponents(): Callback#onResult(): 0
11-02 22:06:05.906092  2520  2520 D HOME    : [WatchFaceUiController]Complication updates sent, posting watch face hiding
11-02 22:06:05.906163  2520  2520 D HOME    : [WatchFaceUiController]Still in ambient watch face, hiding
11-02 22:06:05.906224  2520  2520 D HOME    : [WatchFaceUiController]Hiding watch face wallpaper.
11-02 22:06:05.906375   416   416 D SKGHAL  : sendAmbientPrepare: enter:
11-02 22:06:06.037465   416   416 D SKGHAL  : sendAmbientEvent: enter: enable = 1
11-02 22:06:06.038567   504   523 I SDM     : DisplayBase::SetDisplayState: Set state = 4, display 0
11-02 22:06:06.100410   504   523 D SDM     : HWCDisplayPrimary::SetStandByMode: Null display is connected successfully
11-02 22:06:06.100937   416   416 D SKGHAL  : standBy_update_control call succeed on 1
11-02 22:06:06.123187   416   416 D SKGHAL  : sendAmbientEvent: done: enable = 1
11-02 22:06:06.123603  1686  1823 D SidekickService:    ... beginDisplay result: 0 for halPower: 1
11-02 22:06:06.127089   512  1749 I sensors-hal: activate:107, android.sensor.accelerometer/48 en=0
11-02 22:06:06.128690   512  1749 I sensors-hal: activate:118, android.sensor.accelerometer/48 en=0 completed
--------- switch to kernel
11-02 22:06:06.071014     0     0 E bgrsb   : bgrsb_enable: gpio 32 is valid
--------- switch to main
11-02 22:06:06.133834  1686  1799 E WifiStateMachine: getWifiLinkLayerStats called without an interface
11-02 22:06:06.157474  1686  1686 I WearPower: [WearTouchMediator] changing touch input to enabled (ON_AUTO)
11-02 22:06:06.158716  1686  1759 I InputReader: Reconfiguring input devices.  changes=0x00000200
--------- switch to kernel
11-02 22:06:06.102196     0     0 I init    : processing action (ro.enable_core_ctl=true && sys.cw_corectl_mode=idle) from (/vendor/etc/init/hw/init.qcom.rc:949)
--------- switch to main
11-02 22:06:06.166615  1686  1686 I AmbientService: [ce6a28c] Timeout alarm not required, auto-resume timeout handled by dream.
11-02 22:06:06.179909  3205  3434 W WorkController: Loading failed for worker [trainingcache]: worker not found
11-02 22:06:06.181451  3205  3372 W A       : TrainingCache cache SCREEN_OFF failure
11-02 22:06:06.181451  3205  3372 W A       : com.google.android.apps.gsa.search.core.service.h.a.a: No worker found for Worker ID [trainingcache].
11-02 22:06:06.181451  3205  3372 W A       : 	at com.google.android.apps.gsa.search.core.service.g.a.c.a(Unknown Source:5)
11-02 22:06:06.181451  3205  3372 W A       : 	at com.google.android.libraries.gsa.c.a.d.a(Unknown Source:3)
11-02 22:06:06.181451  3205  3372 W A       : 	at com.google.common.p.a.cg.c(Unknown Source:2)
11-02 22:06:06.181451  3205  3372 W A       : 	at com.google.common.p.a.bk.run(SourceFile:3)
11-02 22:06:06.181451  3205  3372 W A       : 	at com.google.common.p.a.ci.run(Unknown Source:4)
11-02 22:06:06.181451  3205  3372 W A       : 	at com.google.apps.tiktok.concurrent.ab.run(SourceFile:1)
11-02 22:06:06.181451  3205  3372 W A       : 	at java.util.concurrent.ThreadPoolExecutor.runWorker(ThreadPoolExecutor.java:1167)
11-02 22:06:06.181451  3205  3372 W A       : 	at java.util.concurrent.ThreadPoolExecutor$Worker.run(ThreadPoolExecutor.java:641)
11-02 22:06:06.181451  3205  3372 W A       : 	at com.google.apps.tiktok.concurrent.c.run(Unknown Source:4)
11-02 22:06:06.181451  3205  3372 W A       : 	at java.lang.Thread.run(Thread.java:764)
11-02 22:06:06.196149  2520  2520 D HOME    : [StreamDBQueue]Promised revision #2221 to queue a new op
11-02 22:06:06.196513  2520  2520 D WatchStreamManager: Promised rank-blocked=false @ r#2221
11-02 22:06:06.196798  2520  2520 D HOME    : [CompactHunStarter]detachWindow()
11-02 22:06:06.197102  2520  8563 D HOME    : [WatchStreamDB]Item alerting conditions - isInterruptive: false, recentlyInterrupted: false, isItemPinned: false, isUnread: false
11-02 22:06:06.197479  2520  8563 D HOME    : [StreamAlertingRegulator]isTheaterModeEnabled: false, isAlertingAllowedByOffBody: true, matchesLocalInterruptionFilter: true
11-02 22:06:06.197786  2520  8563 D HOME    : [WatchStreamDB]couldItemAlert: false, isTopItemChanged: false, isDeferralForTopItem: false
11-02 22:06:06.197816  2520  7941 D HOME    : [StreamDBQueue]Promised revision #2222 to queue a new op
11-02 22:06:06.197923  2520  7941 D WatchStreamManager: Promised rerank @ r#2222
11-02 22:06:06.198215  2520  8563 D HOME    : [WatchStreamDB]updateRanking()
11-02 22:06:06.198777  2520  8563 D HOME    : [WatchStreamDB]Item alerting conditions - isInterruptive: false, recentlyInterrupted: false, isItemPinned: false, isUnread: false
11-02 22:06:06.199103  2520  8563 D HOME    : [StreamAlertingRegulator]isTheaterModeEnabled: false, isAlertingAllowedByOffBody: true, matchesLocalInterruptionFilter: true
11-02 22:06:06.199383  2520  8563 D HOME    : [WatchStreamDB]couldItemAlert: false, isTopItemChanged: false, isDeferralForTopItem: false
11-02 22:06:06.200050  2520  8563 D HOME    : [NewStreamAdapter]Publishing revision #2222 to adapter clients
--------- switch to kernel
11-02 22:06:06.176037     0     0 I CPU1    : update max cpu_capacity 748
11-02 22:06:06.242513     0     0 I PM      : suspend entry 2021-11-02 21:06:06.242513062 UTC
11-02 22:06:06.242525     0     0 I PM      : Syncing filesystems ...
11-02 22:06:06.243029     0     0 I CPU3    : update max cpu_capacity 1024
11-02 22:06:06.256149     0     0 W         : IRQ21 no longer affine to CPU2
11-02 22:06:06.256914     0     0 I CPU2    : shutdown
11-02 22:06:06.258711     0     0 I init    : Command 'write /sys/devices/system/cpu/cpu2/online 0' action=ro.enable_core_ctl=true && sys.cw_corectl_mode=idle (/vendor/etc/init/hw/init.qcom.rc:951) took 97ms and succeeded
11-02 22:06:06.305046     0     0 I CPU0    : update max cpu_capacity 748
11-02 22:06:06.336801     0     0 I CPU3    : shutdown
11-02 22:06:06.339221     0     0 I init    : Command 'write /sys/devices/system/cpu/cpu3/online 0' action=ro.enable_core_ctl=true && sys.cw_corectl_mode=idle (/vendor/etc/init/hw/init.qcom.rc:952) took 79ms and succeeded
11-02 22:06:06.343544     0     0 I         : done.
11-02 22:06:06.343801     0     0 I         : Freezing user space processes ...
11-02 22:06:06.347975     0     0 I PM      : Wakeup pending, aborting suspend
11-02 22:06:06.348055     0     0 I         : last active wakeup source: eventpoll
11-02 22:06:06.348074     0     0 E         : Freezing of tasks aborted after 0.004 seconds
11-02 22:06:06.348085     0     0 I         : Restarting tasks ...
11-02 22:06:06.348692     0     0 W QSEECOM : qseecom_receive_req: Interrupted: exiting Listener Service = 28672
11-02 22:06:06.351635     0     0 W QSEECOM : qseecom_receive_req: Interrupted: exiting Listener Service = 8192
11-02 22:06:06.351709     0     0 W QSEECOM : qseecom_receive_req: Interrupted: exiting Listener Service = 11
11-02 22:06:06.351735     0     0 W QSEECOM : qseecom_receive_req: Interrupted: exiting Listener Service = 10
11-02 22:06:06.352029     0     0 W QSEECOM : qseecom_receive_req: Interrupted: exiting Listener Service = 12288
11-02 22:06:06.352138     0     0 I         : done.
11-02 22:06:06.352733     0     0 I PM      : suspend exit 2021-11-02 21:06:06.352733739 UTC
11-02 22:06:06.553266     0     0 I PM      : suspend entry 2021-11-02 21:06:06.553266343 UTC
11-02 22:06:06.553278     0     0 I PM      : Syncing filesystems ... done.
--------- switch to main
11-02 22:06:06.785386   501  1904 I LocSvc_ApiV02: <--- globalEventCb line 152 QMI_LOC_EVENT_GNSS_SV_INFO_IND_V02
11-02 22:06:06.785780   501  1904 I LocSvc_ApiV02: <--- globalEventCb line 152 QMI_LOC_EVENT_POSITION_REPORT_IND_V02
11-02 22:06:06.794334  1686  4991 I GnssLocationProvider: WakeLock acquired by sendMessage(REPORT_SV_STATUS, 0, com.android.server.location.GnssLocationProvider$SvStatusInfo@2d1ed96)
11-02 22:06:06.797534  1686  1701 I GnssLocationProvider: WakeLock released by handleMessage(REPORT_SV_STATUS, 0, com.android.server.location.GnssLocationProvider$SvStatusInfo@2d1ed96)
--------- switch to kernel
11-02 22:06:06.571032     0     0 I         : Freezing user space processes ... (elapsed 0.007 seconds) done.
11-02 22:06:06.578392     0     0 I         : Freezing remaining freezable tasks ... (elapsed 0.003 seconds) done.
11-02 22:06:06.581565     0     0 I         : Suspending console(s) (use no_console_suspend to debug)
11-02 22:06:06.592706     0     0 I mdss_dsi_panel_set_idle_mode: Idle (1->1)
11-02 22:06:06.628603     0     0 I bgcom   : bgcom_pm_suspend: suspended with : 0
11-02 22:06:06.652490     0     0 I PM      : suspend of devices complete after 69.093 msecs
11-02 22:06:06.655887     0     0 I PM      : late suspend of devices complete after 3.375 msecs
11-02 22:06:06.659483     0     0 I PM      : noirq suspend of devices complete after 3.580 msecs
11-02 22:06:06.659491     0     0 I         : Disabling non-boot CPUs ...
11-02 22:06:06.694831     0     0 W         : IRQ16 no longer affine to CPU1
11-02 22:06:06.695036     0     0 W         : IRQ93 no longer affine to CPU1
11-02 22:06:06.695836     0     0 I CPU1    : shutdown
11-02 22:06:06.697056     0     0 I PM      : Wakeup pending, aborting suspend
11-02 22:06:06.697067     0     0 I         : active wakeup source: ipc0000005a_1894_Loc
11-02 22:06:06.697118     0     0 I         : Enabling non-boot CPUs ...
11-02 22:06:06.697496     0     0 I CPU1    : update cpu_capacity 1024
11-02 22:06:06.698712     0     0 I         : CPU1 is up
11-02 22:06:06.700797     0     0 I PM      : noirq resume of devices complete after 1.842 msecs
11-02 22:06:06.704163     0     0 I CPU1    : update max cpu_capacity 748
11-02 22:06:06.704272     0     0 I PM      : early resume of devices complete after 2.450 msecs
11-02 22:06:06.731152     0     0 I bgcom   : bgcom_pm_resume: Bgcom resumed with : 0
11-02 22:06:06.741302     0     0 I mdss_dsi_panel_set_idle_mode: Idle (1->1)
11-02 22:06:06.777959     0     0 I PM      : resume of devices complete after 73.666 msecs
11-02 22:06:06.780173     0     0 I         : Restarting tasks ...
11-02 22:06:06.782696     0     0 W QSEECOM : qseecom_receive_req: Interrupted: exiting Listener Service = 8192
11-02 22:06:06.782941     0     0 W QSEECOM : qseecom_receive_req: Interrupted: exiting Listener Service = 11
11-02 22:06:06.782985     0     0 W QSEECOM : qseecom_receive_req: Interrupted: exiting Listener Service = 10
11-02 22:06:06.786136     0     0 W QSEECOM : qseecom_receive_req: Interrupted: exiting Listener Service = 12288
11-02 22:06:06.786176     0     0 W QSEECOM : qseecom_receive_req: Interrupted: exiting Listener Service = 28672
11-02 22:06:06.789345     0     0 I         : done.
11-02 22:06:06.799424     0     0 I PM      : suspend exit 2021-11-02 21:06:06.799424103 UTC
11-02 22:06:06.912614     0     0 E mdss_dsi_gen_read_status: Read back value from panel is incorrect
11-02 22:06:07.201228     0     0 I PM      : suspend entry 2021-11-02 21:06:07.201228374 UTC
--------- switch to main
11-02 22:06:07.213671  2520  8562 D HOME    : [LocationOracleImpl]Fresh location fetch timed out.
11-02 22:06:07.215714  2520  4738 W HOME    : [LocationOracleImpl]Location fetch failed.
11-02 22:06:07.215714  2520  4738 W HOME    : java.util.concurrent.TimeoutException: Fresh location fetch timed out.
11-02 22:06:07.215714  2520  4738 W HOME    : 	at doo.run(AW782433232:1)
11-02 22:06:07.215714  2520  4738 W HOME    : 	at java.util.TimerThread.mainLoop(Timer.java:562)
11-02 22:06:07.215714  2520  4738 W HOME    : 	at java.util.TimerThread.run(Timer.java:512)
11-02 22:06:07.219251  2520  4738 W HOME    : [GetCardsRpc]making request without location
11-02 22:06:07.231332  1686  2895 I GnssLocationProvider: WakeLock acquired by sendMessage(SET_REQUEST, 0, com.android.server.location.GnssLocationProvider$GpsRequest@1ca0d17)
11-02 22:06:07.232473   501   501 I LocSvc_GnssInterface: ===> stop line 218 
11-02 22:06:07.232803   501  1894 I LocSvc_api_v02: ---> locClientSendReq line 2298 QMI_LOC_STOP_REQ_V02
11-02 22:06:07.233829  1686  1701 I GnssLocationProvider: WakeLock released by handleMessage(SET_REQUEST, 0, com.android.server.location.GnssLocationProvider$GpsRequest@1ca0d17)
11-02 22:06:07.234741   501  1904 I LocSvc_ApiV02: <--- globalEventCb line 152 QMI_LOC_EVENT_POSITION_REPORT_IND_V02
11-02 22:06:07.234741   501  1894 I LocSvc_api_v02: ---> locClientSendReq line 2298 QMI_LOC_REG_EVENTS_REQ_V02
--------- switch to kernel
11-02 22:06:07.201239     0     0 I PM      : Syncing filesystems ... done.
11-02 22:06:07.292604     0     0 I         : Freezing user space processes ...
11-02 22:06:07.297756     0     0 I PM      : Wakeup pending, aborting suspend
11-02 22:06:07.297843     0     0 I         : last active wakeup source: PowerManagerService.WakeLocks
11-02 22:06:07.297865     0     0 E         : Freezing of tasks aborted after 0.005 seconds
11-02 22:06:07.297878     0     0 I         : Restarting tasks ...
11-02 22:06:07.298604     0     0 W QSEECOM : qseecom_receive_req: Interrupted: exiting Listener Service = 8192
11-02 22:06:07.298661     0     0 W QSEECOM : qseecom_receive_req: Interrupted: exiting Listener Service = 11
11-02 22:06:07.298693     0     0 W QSEECOM : qseecom_receive_req: Interrupted: exiting Listener Service = 28672
11-02 22:06:07.302086     0     0 W QSEECOM : qseecom_receive_req: Interrupted: exiting Listener Service = 10
11-02 22:06:07.302141     0     0 W QSEECOM : qseecom_receive_req: Interrupted: exiting Listener Service = 12288
11-02 22:06:07.303884     0     0 I         : done.
11-02 22:06:07.304789     0     0 I PM      : suspend exit 2021-11-02 21:06:07.304789155 UTC
11-02 22:06:08.105580     0     0 I PM      : suspend entry 2021-11-02 21:06:08.105580926 UTC
11-02 22:06:08.105607     0     0 I PM      : Syncing filesystems ... done.
11-02 22:06:08.130462     0     0 I         : Freezing user space processes ... (elapsed 0.008 seconds) done.
11-02 22:06:08.138826     0     0 I         : Freezing remaining freezable tasks ... (elapsed 0.004 seconds) done.
11-02 22:06:08.143057     0     0 I         : Suspending console(s) (use no_console_suspend to debug)
11-02 22:06:08.155735     0     0 I mdss_dsi_panel_set_idle_mode: Idle (1->1)
11-02 22:06:08.199248     0     0 I bgcom   : bgcom_pm_suspend: suspended with : 0
11-02 22:06:08.237741     0     0 I PM      : suspend of devices complete after 91.953 msecs
11-02 22:06:08.243737     0     0 I PM      : late suspend of devices complete after 5.951 msecs
11-02 22:06:08.250190     0     0 I PM      : noirq suspend of devices complete after 6.408 msecs
11-02 22:06:08.250206     0     0 I         : Disabling non-boot CPUs ...
11-02 22:06:08.265456     0     0 W         : IRQ16 no longer affine to CPU1
11-02 22:06:08.265471     0     0 W         : IRQ21 no longer affine to CPU1
11-02 22:06:08.265801     0     0 W         : IRQ93 no longer affine to CPU1
11-02 22:06:08.267553     0     0 I CPU1    : shutdown
11-02 22:06:08.269670     0     0 I suspend ns: 1722186601733	suspend cycles:     358187599231
11-02 22:06:08.269648     0     0 I CPU0    : msm_cpu_pm_enter_sleep mode:3 during suspend
11-02 22:06:08.269648     0     0 I         : Suspended for 201.637 seconds
11-02 22:06:08.269648     0     0 I resume cycles: 362059051315
11-02 22:06:08.270065     0     0 I         : Enabling non-boot CPUs ...
11-02 22:06:08.270921     0     0 I CPU1    : update cpu_capacity 1024
11-02 22:06:08.272600     0     0 I         : CPU1 is up
11-02 22:06:08.273881     0     0 I CPU1    : update max cpu_capacity 748
11-02 22:06:08.276624     0     0 I PM      : noirq resume of devices complete after 3.660 msecs
11-02 22:06:08.282617     0     0 I PM      : early resume of devices complete after 4.044 msecs
11-02 22:06:08.320394     0     0 I bgcom   : bgcom_pm_resume: Bgcom resumed with : 0
11-02 22:06:08.331782     0     0 I mdss_dsi_panel_set_idle_mode: Idle (1->1)
11-02 22:06:08.369550     0     0 I PM      : resume of devices complete after 86.888 msecs
11-02 22:06:08.374285     0     0 I         : Restarting tasks ...
11-02 22:06:08.378620     0     0 W QSEECOM : qseecom_receive_req: Interrupted: exiting Listener Service = 8192
11-02 22:06:08.378731     0     0 W QSEECOM : qseecom_receive_req: Interrupted: exiting Listener Service = 11
11-02 22:06:08.378788     0     0 W QSEECOM : qseecom_receive_req: Interrupted: exiting Listener Service = 28672
11-02 22:06:08.382579     0     0 W QSEECOM : qseecom_receive_req: Interrupted: exiting Listener Service = 12288
11-02 22:06:08.382673     0     0 W QSEECOM : qseecom_receive_req: Interrupted: exiting Listener Service = 10
11-02 22:06:08.399108     0     0 I         : done.
11-02 22:09:30.038009     0     0 I PM      : suspend exit 2021-11-02 21:09:30.038009338 UTC
--------- switch to main
11-02 22:09:30.040962  2520  2714 D HOME    : [TickMonitor]Received time tick
11-02 22:09:30.103771  1686  1820 I WearCellularMediator: OFF_SIM_ABSENT changed radio power: false
11-02 22:09:30.106231  2520  2714 D HOME    : [TickMonitor]handleTimeTick() finished
--------- switch to kernel
11-02 22:09:30.141039     0     0 I PM      : suspend entry 2021-11-02 21:09:30.141039806 UTC
11-02 22:09:30.141054     0     0 I PM      : Syncing filesystems ... done.
11-02 22:09:30.153804     0     0 I         : Freezing user space processes ... (elapsed 0.009 seconds) done.
11-02 22:09:30.163654     0     0 I         : Freezing remaining freezable tasks ... (elapsed 0.004 seconds) done.
11-02 22:09:30.167684     0     0 I         : Suspending console(s) (use no_console_suspend to debug)
11-02 22:09:30.179591     0     0 I mdss_dsi_panel_set_idle_mode: Idle (1->1)
11-02 22:09:30.217126     0     0 I bgcom   : bgcom_pm_suspend: suspended with : 0
11-02 22:09:30.252932     0     0 I PM      : suspend of devices complete after 83.030 msecs
11-02 22:09:30.258341     0     0 I PM      : late suspend of devices complete after 5.365 msecs
11-02 22:09:30.264261     0     0 I PM      : noirq suspend of devices complete after 5.883 msecs
11-02 22:09:30.264275     0     0 I         : Disabling non-boot CPUs ...
11-02 22:09:30.283191     0     0 W         : IRQ21 no longer affine to CPU1
11-02 22:09:30.285095     0     0 I CPU1    : shutdown
11-02 22:09:30.287137     0     0 I suspend ns: 1722565929702	suspend cycles:     362066334412
11-02 22:09:30.287120     0     0 I CPU0    : msm_cpu_pm_enter_sleep mode:3 during suspend
11-02 22:09:30.287120     0     0 I         : Suspended for 140.139 seconds
11-02 22:09:30.287120     0     0 I resume cycles: 364757019560
11-02 22:09:30.287999     0     0 I         : Enabling non-boot CPUs ...
11-02 22:09:30.288911     0     0 I CPU1    : update cpu_capacity 1024
11-02 22:09:30.290375     0     0 I         : CPU1 is up
11-02 22:09:30.291895     0     0 I CPU1    : update max cpu_capacity 748
11-02 22:09:30.294473     0     0 I PM      : noirq resume of devices complete after 3.777 msecs
11-02 22:09:30.299735     0     0 I PM      : early resume of devices complete after 3.759 msecs
11-02 22:09:30.331572     0     0 I bgcom   : bgcom_pm_resume: Bgcom resumed with : 0
11-02 22:09:30.342320     0     0 I mdss_dsi_panel_set_idle_mode: Idle (1->1)
11-02 22:09:30.376643     0     0 I PM      : resume of devices complete after 76.868 msecs
11-02 22:09:30.380209     0     0 I         : Restarting tasks ...
11-02 22:09:30.382309     0     0 W QSEECOM : qseecom_receive_req: Interrupted: exiting Listener Service = 8192
11-02 22:09:30.382368     0     0 W QSEECOM : qseecom_receive_req: Interrupted: exiting Listener Service = 11
11-02 22:09:30.382399     0     0 W QSEECOM : qseecom_receive_req: Interrupted: exiting Listener Service = 10
11-02 22:09:30.385681     0     0 W QSEECOM : qseecom_receive_req: Interrupted: exiting Listener Service = 12288
11-02 22:09:30.385730     0     0 W QSEECOM : qseecom_receive_req: Interrupted: exiting Listener Service = 28672
--------- switch to system
11-02 22:11:50.540824  1686  1686 I PowerManagerService: Waking up from dozing (uid=1000 reason=tiltToWake)...
--------- switch to kernel
11-02 22:09:30.394679     0     0 I         : done.
11-02 22:11:50.535181     0     0 I PM      : suspend exit 2021-11-02 21:11:50.535181263 UTC
--------- switch to system
11-02 22:11:50.556316  1686  1686 W UsageStatsService: Event reported without a package name
--------- switch to kernel
11-02 22:11:50.569299     0     0 E FG      : fg_psy_get_property: unsupported property 7
11-02 22:11:50.513021     0     0 W healthd : battery l=54 v=3920 t=30.0 h=2 st=3 c=8 fc=443000 cc=0 chg=
--------- switch to main
11-02 22:11:50.625914   512   512 I sensors-hal: batch:140, android.sensor.light/46, period=100000000, max_latency=0
11-02 22:11:50.626192   512   512 I sensors-hal: batch:149, android.sensor.light/46, period=100000000, max_latency=0 request completed
11-02 22:11:50.630497   512   512 I sensors-hal: activate:107, android.sensor.light/46 en=1
11-02 22:11:50.631149   512   512 I sensors-hal: ssc_enable_rt_task:254, ssc_enable_rt_task : true
11-02 22:11:50.642255   512   512 I sensors-hal: activate:118, android.sensor.light/46 en=1 completed
11-02 22:11:50.652140  1686  1823 I SidekickService: endDisplayLocked()
--------- switch to system
11-02 22:11:50.652861  1686  1710 I DisplayManagerService: Display device changed state: "Écran intégré", ON
--------- switch to main
11-02 22:11:50.653114   416   416 D SKGHAL  : sendAmbientEvent: enter: enable = 0
11-02 22:11:50.687291  4243  4243 D OMService: onDisplayChanged: not dozing
11-02 22:11:50.701010  1686  1759 I InputReader: Reconfiguring input devices.  changes=0x00000004
11-02 22:11:50.726465   512   512 I sensors-hal: batch:140, android.sensor.accelerometer/48, period=66667000, max_latency=100000000
11-02 22:11:50.726564   512   512 I sensors-hal: batch:149, android.sensor.accelerometer/48, period=66667000, max_latency=100000000 request completed
11-02 22:11:50.726971   512   512 I sensors-hal: activate:107, android.sensor.accelerometer/48 en=1
11-02 22:11:50.727340   512   512 I sensors-hal: ssc_enable_rt_task:254, ssc_enable_rt_task : true
11-02 22:11:50.752404   512   512 I sensors-hal: activate:118, android.sensor.accelerometer/48 en=1 completed
--------- switch to system
11-02 22:11:50.753747  1686  1686 W Looper  : Slow dispatch took 125ms main h=com.android.server.power.Notifier$NotifierHandler c=com.android.server.power.Notifier$2@b74d22 m=0
11-02 22:11:50.755098  1686  1686 W Looper  : Slow delivery took 213ms main h=com.android.server.power.Notifier$NotifierHandler c=null m=2
--------- switch to kernel
11-02 22:11:50.678383     0     0 E bgrsb   : bgrsb_enable: rsb will set report rate
11-02 22:11:50.693890     0     0 E bgrsb   : bgrsb_enable: gpio 32 is valid
--------- switch to system
11-02 22:11:50.763294  1686  1686 W Looper  : Drained
--------- switch to main
11-02 22:11:50.829743   504   523 I SDM     : DisplayBase::SetDisplayState: Set state = 3, display 0
11-02 22:11:50.829998   504   523 D SDM     : HWCDisplayPrimary::SetStandByMode: Display is connected successfully
--------- switch to kernel
11-02 22:11:50.770537     0     0 I         : [touch]FB_BLANK_VSYNC_SUSPEND
11-02 22:11:50.770542     0     0 I         : [touch]Already in suspend state
--------- switch to main
11-02 22:11:50.830711   416   416 D SKGHAL  : standBy_update_control call succeed on 0
11-02 22:11:50.830796   416   416 D SKGHAL  : sendAmbientEvent: done: enable = 0
11-02 22:11:50.831488  1686  1823 D SidekickService:    ... endDisplay returns void
11-02 22:11:50.832714   545   545 D SurfaceFlinger: Set power mode=2, type=0 flinger=0xb6bb6000
11-02 22:11:50.833084   504   761 I SDM     : DisplayBase::SetDisplayState: Set state = 1, display 0
--------- switch to kernel
11-02 22:11:50.780784     0     0 I mdss_dsi_panel_set_idle_mode: Idle (1->0)
11-02 22:11:50.781684     0     0 E mdp3_enable_panic_ctrl: mdp3_enable_panic_ctrl: Enable Panic Control
11-02 22:11:50.781781     0     0 I         : [touch]FB_BLANK_UNBLANK
11-02 22:11:50.781787     0     0 I         : [touch]raydium_ts_do_resume, 1.
11-02 22:11:50.782093     0     0 I         : [ raydium ]workqueue is empty!
11-02 22:11:50.782109     0     0 I raydium_ts 5-0039: [touch]Already enable irq
11-02 22:11:50.782113     0     0 I         : [touch]Device may wakeup
--------- switch to main
11-02 22:11:50.842503   545   545 D SurfaceFlinger: Finished set power mode=2, type=0
--------- switch to system
11-02 22:11:50.846329  1686  1712 W PowerManagerService: Screen on took 430 ms
11-02 22:11:50.846735  1686  1712 I DreamManagerService: Gently waking up from dream.
11-02 22:11:50.847052  1686  1708 I DreamManagerService: Performing gentle wake from dream.
11-02 22:11:50.847582  1686  1686 V DreamService[AmbientDream]: wakeUp(): fromSystem=true, mWaking=false, mFinished=false
11-02 22:11:50.847693  1686  1686 V DreamService[AmbientDream]: finish(): mFinished=false
11-02 22:11:50.847796  1686  1686 I DreamManagerService: Leaving dreamland.
11-02 22:11:50.848313  1686  1708 I DreamManagerService: Performing gentle wake from dream.
11-02 22:11:50.848477  1686  1708 I DreamController: Stopping dream: name=ComponentInfo{com.google.android.wearable.ambient/com.google.android.wearable.ambient.AmbientDream}, isTest=false, canDoze=true, userId=0
11-02 22:11:50.849869  1686  1686 V DreamService[AmbientDream]: detach(): Calling onDreamingStopped()
--------- switch to main
11-02 22:11:50.850016  1686  1686 I AmbientService: [ce6a28c] doOnDreamingStopped
11-02 22:11:50.850112  1686  1686 D WristGestureCtrl: Starting: GesturesEnabled-false UngazeEnabled-true
11-02 22:11:50.850177  1686  1686 D DefaultUngazeDetector: starting
11-02 22:11:50.850275  1686  1686 D DefaultUngazeDetector: startUngazeStateEstimation(). startTime = 18990280
11-02 22:11:50.850497  1686  1686 W AlarmManagerProxy: Removing unknown listener
11-02 22:11:50.854533   512   512 I sensors-hal: batch:140, android.sensor.accelerometer/48, period=19231000, max_latency=100000000
11-02 22:11:50.856082   512  8571 I sensors-hal: handle_indication_realtime:355,  SCHED_FIFO(10) for qmi_cbk
11-02 22:11:50.857163   512   512 I sensors-hal: batch:149, android.sensor.accelerometer/48, period=19231000, max_latency=100000000 request completed
11-02 22:11:50.858352  1686  1686 I AmbientService: [ce6a28c] No auto-resume Activity.
11-02 22:11:50.860344  2520  2520 D HOME    : [HomeVisitsLogger]Logging streamlet event: visit_start
11-02 22:11:50.860626  2520  2520 D HOME    : [HomeVisitsLogger]Logging streamlet event: exit_ambient_mode
11-02 22:11:50.861064  2520  2520 D HOME    : [HotwordController]updateClient MODE_WATCH_FACE false false false true
11-02 22:11:50.862253  2520  2520 D HOME    : [WatchFaceUiController]setInAmbientMode false
11-02 22:11:50.862358  2520  2520 D HOME    : [WatchFaceUiController]sendWatchFaceServiceBinder
11-02 22:11:50.865664   512   512 I sensors-hal: flush:169, android.sensor.accelerometer/48
11-02 22:11:50.867114   512   512 I sensors-hal: flush:175, android.sensor.accelerometer/48 completed
--------- switch to system
11-02 22:11:50.868844  1686  1686 W ContextImpl: Calling a method in the system process without a qualified user: android.app.ContextImpl.sendBroadcast:1020 android.content.ContextWrapper.sendBroadcast:449 com.google.android.wearable.ambient.AmbientDream.onDestroy:273 android.app.ActivityThread.handleStopService:3698 android.app.ActivityThread.access$1700:200 
--------- switch to main
11-02 22:11:50.873838  2520  2520 D HOME    : [WatchFaceUiController]sendStateToWallpaper
11-02 22:11:50.878183  2520  2520 D HOME    : [WatchFaceUiController]Showing watch face wallpaper.
11-02 22:11:50.878397  2520  2520 D HOME    : [WatchFaceUiController]sendStateToWallpaper
11-02 22:11:50.878427  1686  1686 E AlarmManager: cancel() called with a null PendingIntent
--------- switch to system
11-02 22:11:50.882193  1686  1686 V DreamService[AmbientDream]: onDestroy()
--------- switch to main
11-02 22:11:50.884147  2520  2520 D HOME    : [StreamDBQueue]Promised revision #2223 to queue a new op
11-02 22:11:50.884859  2520  2520 D WatchStreamManager: Promised rank-blocked=true @ r#2223
11-02 22:11:50.885505  2520  2520 D HOME    : [StreamDBQueue]Promised revision #2224 to queue a new op
11-02 22:11:50.885705  2520  2520 D WatchStreamManager: Promised rank-blocked=true @ r#2224
11-02 22:11:50.886819  2520  2520 D HOME    : [TilesController]Tile refresh optimization is enabled.
11-02 22:11:50.888250  2520  2520 D HOME    : [EventBus]Wrapper pool is full. Discarding excess wrapper instance for event com.google.android.clockwork.sysui.events.KeyguardStateEvent
11-02 22:11:50.888462  2520  2520 D HOME    : [WatchFaceUiController]sendStateToWallpaper
11-02 22:11:50.888479  2520  8464 D HOME    : [DataRequester]cancelScheduledUpdates TileConfig{id=2, provider=ComponentInfo{com.google.android.wearable.app/com.google.android.clockwork.home.calendar.AgendaTileProviderService}}
11-02 22:11:50.891627  2520  2520 D HOME    : [EventBus]Wrapper pool is full. Discarding excess wrapper instance for event com.google.android.clockwork.sysui.events.KeyguardStateEvent
11-02 22:11:50.892523  2520  2520 D HOME    : [EventBus]Wrapper pool is full. Discarding excess wrapper instance for event com.google.android.clockwork.sysui.events.KeyguardStateEvent
11-02 22:11:50.894244   512  8569 I sensors-hal: handle_indication_realtime:355,  SCHED_FIFO(10) for qmi_cbk
11-02 22:11:50.905897  2520  2520 D HOME    : [WatchFaceUiController]sendStateToWallpaper
11-02 22:11:50.912409  2520  2520 W StaticLayout: maxLineHeight should not be -1.  maxLines:1 lineCount:1
11-02 22:11:50.932616  2520  8563 D HOME    : [WatchStreamDB]Item alerting conditions - isInterruptive: false, recentlyInterrupted: false, isItemPinned: false, isUnread: false
11-02 22:11:50.932946  2520  8563 D HOME    : [StreamAlertingRegulator]isTheaterModeEnabled: false, isAlertingAllowedByOffBody: true, matchesLocalInterruptionFilter: true
11-02 22:11:50.933136  2520  8563 D HOME    : [WatchStreamDB]couldItemAlert: false, isTopItemChanged: false, isDeferralForTopItem: false
11-02 22:11:50.933945  2520  8563 D HOME    : [WatchStreamDB]Item alerting conditions - isInterruptive: false, recentlyInterrupted: false, isItemPinned: false, isUnread: false
11-02 22:11:50.934199  2520  8563 D HOME    : [StreamAlertingRegulator]isTheaterModeEnabled: false, isAlertingAllowedByOffBody: true, matchesLocalInterruptionFilter: true
11-02 22:11:50.934369  2520  8563 D HOME    : [WatchStreamDB]couldItemAlert: false, isTopItemChanged: false, isDeferralForTopItem: false
11-02 22:11:50.961034  2520  8464 D HOME    : [DataRequester]requestUpdateFromProvider TileConfig{id=2, provider=ComponentInfo{com.google.android.wearable.app/com.google.android.clockwork.home.calendar.AgendaTileProviderService}}
11-02 22:11:50.963342  1956  1956 D QtiCarrierConfigHelper: WARNING, no carrier configs on phone Id: 0
--------- switch to system
11-02 22:11:50.980766  1686  1702 W BroadcastQueue: Background execution not allowed: receiving Intent { act=android.intent.action.USER_PRESENT flg=0x10 } to com.google.android.gms/.auth.setup.devicesignals.LockScreenReceiver
--------- switch to main
11-02 22:11:50.985693  3205  3434 W WorkController: Loading failed for worker [trainingcache]: worker not found
11-02 22:11:50.992176  3205  3294 W A       : TrainingCache cache DEVICE_UNLOCKED failure
11-02 22:11:50.992176  3205  3294 W A       : com.google.android.apps.gsa.search.core.service.h.a.a: No worker found for Worker ID [trainingcache].
11-02 22:11:50.992176  3205  3294 W A       : 	at com.google.android.apps.gsa.search.core.service.g.a.c.a(Unknown Source:5)
11-02 22:11:50.992176  3205  3294 W A       : 	at com.google.android.libraries.gsa.c.a.d.a(Unknown Source:3)
11-02 22:11:50.992176  3205  3294 W A       : 	at com.google.common.p.a.cg.c(Unknown Source:2)
11-02 22:11:50.992176  3205  3294 W A       : 	at com.google.common.p.a.bk.run(SourceFile:3)
11-02 22:11:50.992176  3205  3294 W A       : 	at com.google.common.p.a.ci.run(Unknown Source:4)
11-02 22:11:50.992176  3205  3294 W A       : 	at com.google.apps.tiktok.concurrent.ab.run(SourceFile:1)
11-02 22:11:50.992176  3205  3294 W A       : 	at java.util.concurrent.ThreadPoolExecutor.runWorker(ThreadPoolExecutor.java:1167)
11-02 22:11:50.992176  3205  3294 W A       : 	at java.util.concurrent.ThreadPoolExecutor$Worker.run(ThreadPoolExecutor.java:641)
11-02 22:11:50.992176  3205  3294 W A       : 	at com.google.apps.tiktok.concurrent.c.run(Unknown Source:4)
11-02 22:11:50.992176  3205  3294 W A       : 	at java.lang.Thread.run(Thread.java:764)
11-02 22:11:50.998230  2520  2520 D HOME    : [WatchFaceUiController]sendStateToWallpaper
11-02 22:11:51.005683  2520  2520 D HOME    : [BatteryChange]action: android.intent.action.BATTERY_CHANGED
11-02 22:11:51.006127  2520  8232 D HOME    : [BatteryChange]HandleBatteryChangedTask
11-02 22:11:51.006440  2520  8232 D HOME    : [BatteryChange]level: 54, status: 3
--------- switch to system
11-02 22:11:51.024668  1686  1702 W BroadcastQueue: Background execution not allowed: receiving Intent { act=android.intent.action.USER_PRESENT flg=0x10 } to com.google.android.gms/.chimera.GmsIntentOperationService$PersistentTrustedReceiver
--------- switch to main
11-02 22:11:51.026305  2520  2520 D HOME    : [WatchFaceUiController]sendWatchFaceServiceBinder
11-02 22:11:51.031031  2520  2520 D HOME    : [WatchFaceUiController]sendProperties
11-02 22:11:51.048548  2520  2520 D HOME    : [WatchFaceUiController]sendStateToWallpaper
11-02 22:11:51.056422  2520  7713 D HOME    : [ComplicationController]scheduleImmediateUpdateForAllFromProvider ComponentInfo{com.google.android.wearable.app/com.google.android.clockwork.home.complications.providers.BatteryProviderService}
11-02 22:11:51.093097  1686  1799 E WifiStateMachine: getWifiLinkLayerStats called without an interface
11-02 22:11:51.107103  2520  8232 D HOME    : [BatteryChange]level: 54, timestamp: 1635887511106
11-02 22:11:51.112395  7745  7756 I rtwatch.toolbo: Background concurrent copying GC freed 37458(1482KB) AllocSpace objects, 0(0B) LOS objects, 25% free, 2MB/2MB, paused 266us total 464.846ms
11-02 22:11:51.124135  1686  1686 W AlarmManager: Unrecognized alarm listener com.android.server.job.controllers.-$$Lambda$IdleController$IdlenessTracker$nTdS-lGBXcES5VWKcJFmQFgU7IU@1ab437a
11-02 22:11:51.213400  2520  2520 D HOME    : [AgendaController]loadEvents
11-02 22:11:51.216381  2520  7885 D HOME    : [AgendaController]Fetching event data for window: EventWindow{Tue Nov 02 00:00:00 GMT+01:00 2021,Thu Nov 04 23:59:59 GMT+01:00 2021}
--------- switch to kernel
11-02 22:11:51.203118     0     0 I init    : processing action (ro.enable_core_ctl=true && sys.cw_corectl_mode=perf) from (/vendor/etc/init/hw/init.qcom.rc:954)
11-02 22:11:51.204308     0     0 I CPU2    : update cpu_capacity 1024
--------- switch to main
11-02 22:11:51.249686  1686  1686 I WearPower: [WearTouchMediator] changing touch input to enabled (ON_AUTO)
11-02 22:11:51.250667  1686  1759 I InputReader: Reconfiguring input devices.  changes=0x00000200
11-02 22:11:51.266991  1686  1686 W AlarmManagerProxy: Removing unknown listener
11-02 22:11:51.268569  1686  1686 W DefaultSettingsContentR: Value for ambient_low_bit_enabled not stored as number. Attempting parse as boolean.
11-02 22:11:51.271830  2520  7885 D HOME    : [CwCal]CalendarEventsResolver:queryCalendarEventInstances:window=EventWindow{Tue Nov 02 00:00:00 GMT+01:00 2021,Thu Nov 04 23:59:59 GMT+01:00 2021}
11-02 22:11:51.289320  3205  3434 W WorkController: Loading failed for worker [trainingcache]: worker not found
11-02 22:11:51.290506  3205  3372 W A       : TrainingCache cache SCREEN_ON failure
11-02 22:11:51.290506  3205  3372 W A       : com.google.android.apps.gsa.search.core.service.h.a.a: No worker found for Worker ID [trainingcache].
11-02 22:11:51.290506  3205  3372 W A       : 	at com.google.android.apps.gsa.search.core.service.g.a.c.a(Unknown Source:5)
11-02 22:11:51.290506  3205  3372 W A       : 	at com.google.android.libraries.gsa.c.a.d.a(Unknown Source:3)
11-02 22:11:51.290506  3205  3372 W A       : 	at com.google.common.p.a.cg.c(Unknown Source:2)
11-02 22:11:51.290506  3205  3372 W A       : 	at com.google.common.p.a.bk.run(SourceFile:3)
11-02 22:11:51.290506  3205  3372 W A       : 	at com.google.common.p.a.ci.run(Unknown Source:4)
11-02 22:11:51.290506  3205  3372 W A       : 	at com.google.apps.tiktok.concurrent.ab.run(SourceFile:1)
11-02 22:11:51.290506  3205  3372 W A       : 	at java.util.concurrent.ThreadPoolExecutor.runWorker(ThreadPoolExecutor.java:1167)
11-02 22:11:51.290506  3205  3372 W A       : 	at java.util.concurrent.ThreadPoolExecutor$Worker.run(ThreadPoolExecutor.java:641)
11-02 22:11:51.290506  3205  3372 W A       : 	at com.google.apps.tiktok.concurrent.c.run(Unknown Source:4)
11-02 22:11:51.290506  3205  3372 W A       : 	at java.lang.Thread.run(Thread.java:764)
11-02 22:11:51.330945  2520  2520 D HOME    : [StreamDBQueue]Promised revision #2225 to queue a new op
11-02 22:11:51.331237  2520  2520 D WatchStreamManager: Promised rank-blocked=true @ r#2225
11-02 22:11:51.332694  2520  8232 D HOME    : [WatchStreamDB]Item alerting conditions - isInterruptive: false, recentlyInterrupted: false, isItemPinned: false, isUnread: false
11-02 22:11:51.333065  2520  8232 D HOME    : [StreamAlertingRegulator]isTheaterModeEnabled: false, isAlertingAllowedByOffBody: true, matchesLocalInterruptionFilter: true
--------- switch to kernel
11-02 22:11:51.232221     0     0 I CPU3    : update cpu_capacity 1024
11-02 22:11:51.280489     0     0 I CPU2    : update max cpu_capacity 1024
--------- switch to main
11-02 22:11:51.333324  2520  8232 D HOME    : [WatchStreamDB]couldItemAlert: false, isTopItemChanged: false, isDeferralForTopItem: false
11-02 22:11:51.339073  2520  2520 D HOME    : [AgendaController]Obtained events in UI thread: []
11-02 22:11:51.339638  2520  2520 D HOME    : [EventDiarizer]Constructing with window EventWindow{Tue Nov 02 00:00:00 GMT+01:00 2021,Thu Nov 04 23:59:59 GMT+01:00 2021}
11-02 22:11:51.341477  2520  2714 D HOME    : [TickMonitor]Received time tick
11-02 22:11:51.343377  2520  2714 D HOME    : [TickMonitor]handleTimeTick() finished
11-02 22:11:51.344124  2520  2520 D HOME    : [AgendaMetricsLogger]eventDataNotPresent
11-02 22:11:51.354567   512   512 I sensors-hal: activate:107, android.sensor.light/46 en=0
11-02 22:11:51.355450   512   512 I sensors-hal: activate:118, android.sensor.light/46 en=0 completed
--------- switch to kernel
11-02 22:11:51.292110     0     0 I CPU3    : update max cpu_capacity 1024
--------- switch to main
11-02 22:11:51.358928  2520  8232 D HOME    : [DataRequester]cancelScheduledUpdates TileConfig{id=2, provider=ComponentInfo{com.google.android.wearable.app/com.google.android.clockwork.home.calendar.AgendaTileProviderService}}
--------- switch to kernel
11-02 22:11:51.295995     0     0 I init    : Command 'write /sys/devices/system/cpu/cpu3/online 1' action=ro.enable_core_ctl=true && sys.cw_corectl_mode=perf (/vendor/etc/init/hw/init.qcom.rc:957) took 65ms and succeeded
--------- switch to main
11-02 22:11:51.359240  2520  8232 D HOME    : [DataRequester]cancelScheduledUpdates could not find jobId for provider 2
11-02 22:11:51.359499  2520  8232 D HOME    : [DataRequester]updateFinished 2
11-02 22:11:51.359619  2520  8232 D HOME    : [ProviderConnMgr]Unbinding from service
11-02 22:11:51.360287   512   512 I sensors-hal: batch:140, android.sensor.light/46, period=250000000, max_latency=0
11-02 22:11:51.360343   512   512 I sensors-hal: batch:149, android.sensor.light/46, period=250000000, max_latency=0 request completed
11-02 22:11:51.361899   512   512 I sensors-hal: activate:107, android.sensor.light/46 en=1
11-02 22:11:51.362240   512   512 I sensors-hal: ssc_enable_rt_task:254, ssc_enable_rt_task : true
11-02 22:11:51.371881   512   512 I sensors-hal: activate:118, android.sensor.light/46 en=1 completed
11-02 22:11:51.374981  2520  8232 D HOME    : [DataRequester]Scheduling job for TileConfig{id=2, provider=ComponentInfo{com.google.android.wearable.app/com.google.android.clockwork.home.calendar.AgendaTileProviderService}} delay=14400 jobId=2000083
11-02 22:11:51.434631   512  8581 I sensors-hal: handle_indication_realtime:355,  SCHED_FIFO(10) for qmi_cbk
11-02 22:11:51.492660  2520  2541 I id.wearable.ap: Background concurrent copying GC freed 63981(2MB) AllocSpace objects, 0(0B) LOS objects, 24% free, 7MB/10MB, paused 16.539ms total 437.019ms
11-02 22:11:51.539037  1686  1696 I system_server: Background concurrent copying GC freed 29536(1780KB) AllocSpace objects, 22(712KB) LOS objects, 19% free, 10MB/13MB, paused 435us total 937.932ms
11-02 22:11:52.583017   512  1749 I sensors-hal: batch:140, android.sensor.accelerometer/48, period=66667000, max_latency=100000000
11-02 22:11:52.584764   512  1749 I sensors-hal: batch:149, android.sensor.accelerometer/48, period=66667000, max_latency=100000000 request completed
11-02 22:11:52.585808  1686  1686 D DefaultUngazeDetector: Ungaze event occurred; emitting gesture event!
11-02 22:11:52.587316  1686  1686 D WristGestureCtrl: Gesture:GESTURE UNGAZE, timestamp(ms): 18990280, confidence: 0.0, latency(ms): 0, duration(ms): 1737
11-02 22:11:52.590709   512  1749 I sensors-hal: batch:140, android.sensor.accelerometer/48, period=19231000, max_latency=100000000
11-02 22:11:52.592724   512  1749 I sensors-hal: batch:149, android.sensor.accelerometer/48, period=19231000, max_latency=100000000 request completed
11-02 22:11:52.593307   512  1749 I sensors-hal: flush:169, android.sensor.accelerometer/48
11-02 22:11:52.595359   512  1749 I sensors-hal: flush:175, android.sensor.accelerometer/48 completed
--------- switch to system
11-02 22:11:52.596954  1686  1686 I WindowManager: sleepRelease() calling goToSleep(GO_TO_SLEEP_REASON_SLEEP_BUTTON)
11-02 22:11:52.597283  1686  1686 I PowerManagerService: Going to sleep due to sleep button (uid 1000)...
11-02 22:11:52.598300  1686  1686 W UsageStatsService: Event reported without a package name
11-02 22:11:52.598733  1686  1712 I DreamManagerService: Entering dreamland.
11-02 22:11:52.599481  1686  1712 I PowerManagerService: Dozing...
11-02 22:11:52.616141  1686  1708 I DreamController: Starting dream: name=ComponentInfo{com.google.android.wearable.ambient/com.google.android.wearable.ambient.AmbientDream}, isTest=false, canDoze=true, userId=0
11-02 22:11:52.632035  1686  1686 W ContextImpl: Calling a method in the system process without a qualified user: android.app.ContextImpl.bindService:1611 android.content.ContextWrapper.bindService:698 com.google.android.wearable.ambient.AmbientDream.onCreate:191 android.app.ActivityThread.handleCreateService:3533 android.app.ActivityThread.access$1300:200 
11-02 22:11:52.634933  1686  1686 W ContextImpl: Calling a method in the system process without a qualified user: android.app.ContextImpl.sendBroadcast:1005 android.content.ContextWrapper.sendBroadcast:444 com.google.android.wearable.ambient.AmbientDream.onCreate:241 android.app.ActivityThread.handleCreateService:3533 android.app.ActivityThread.access$1300:200 
11-02 22:11:52.638503  1686  1686 V DreamService[AmbientDream]: onBind() intent = Intent { act=android.service.dreams.DreamService flg=0x800000 cmp=com.google.android.wearable.ambient/.AmbientDream }
--------- switch to main
11-02 22:11:52.641264  1686  1686 I AmbientService: [ce6a28c] Ambient Created
--------- switch to system
11-02 22:11:52.642684  1686  1686 V DreamService[AmbientDream]: Calling onDreamingStarted()
--------- switch to main
11-02 22:11:52.642836  1686  1686 I AmbientService: [ce6a28c] doOnDreamingStarted
11-02 22:11:52.643655  1686  1686 D SidekickService: setShouldControlDisplay called: true
11-02 22:11:52.644739  1686  1686 I AmbientService: [ce6a28c] Selected running activity for ambient mode: AmbientActivity[component=ComponentInfo{com.google.android.wearable.app/com.google.android.clockwork.home2.activity.HomeActivity2}, callbacks=@210b385, running=true, ambientRequested=true, ambientEnabled=true, offloadEnabled=true]
11-02 22:11:52.645715  1686  1686 I AmbientService: [ce6a28c] Sidekick is ready to display, requesting doze.
11-02 22:11:52.646403  1686  1686 I AmbientService: [ce6a28c] No auto-resume Activity.
11-02 22:11:52.648410  1686  1686 W DefaultSettingsContentR: Value for ambient_low_bit_enabled not stored as number. Attempting parse as boolean.
11-02 22:11:52.649183  2520  2520 D HOME    : [HomeVisitsLogger]Logging streamlet event: enter_ambient_mode
11-02 22:11:52.650086  2520  2520 D HOME    : [HotwordController]updateClient MODE_WATCH_FACE false true false true
11-02 22:11:52.651228  2520  8232 D HOME    : [HomeVisitsLogger]Logging streamlet event: visit_end
11-02 22:11:52.651227  2520  2520 D HOME    : [WatchFaceUiController]setInAmbientMode true
11-02 22:11:52.652191  1686  1686 I AmbientService: [ce6a28c] Showing watch face in offload mode, canceling alarm.
11-02 22:11:52.652272  1686  1686 W AlarmManagerProxy: Removing unknown listener
11-02 22:11:52.652360  1686  1686 D WristGestureCtrl: Stopping detectors: GesturesEnabled-false gestureDetector-false ungazeEnabled-true ungaze-true
11-02 22:11:52.652395  1686  1686 D DefaultUngazeDetector: stopping
11-02 22:11:52.653549  2520  2520 D HOME    : [StreamDBQueue]Promised revision #2226 to queue a new op
11-02 22:11:52.653933  2520  2520 D WatchStreamManager: Promised rank-blocked=false @ r#2226
11-02 22:11:52.654424  2520  2520 D HOME    : [StreamDBQueue]Promised revision #2227 to queue a new op
11-02 22:11:52.654554  2520  2520 D WatchStreamManager: Promised rank-blocked=false @ r#2227
11-02 22:11:52.655275   512  1749 I sensors-hal: batch:140, android.sensor.accelerometer/48, period=66667000, max_latency=100000000
11-02 22:11:52.655541  2520  2520 D HOME    : [EventBus]Wrapper pool is full. Discarding excess wrapper instance for event com.google.android.clockwork.sysui.events.KeyguardStateEvent
11-02 22:11:52.655638  2520  2520 D HOME    : [WatchFaceUiController]sendStateToWallpaper
11-02 22:11:52.658076  2520  2520 D HOME    : [EventBus]Wrapper pool is full. Discarding excess wrapper instance for event com.google.android.clockwork.sysui.events.KeyguardStateEvent
11-02 22:11:52.658629  2520  2520 D HOME    : [EventBus]Wrapper pool is full. Discarding excess wrapper instance for event com.google.android.clockwork.sysui.events.KeyguardStateEvent
11-02 22:11:52.663258   512  1749 I sensors-hal: batch:149, android.sensor.accelerometer/48, period=66667000, max_latency=100000000 request completed
11-02 22:11:52.665638  2520  7941 I SidekickManager: replaceWatchFaceComponentsImpl(): watchFace = com.google.android.clockwork.decomposablewatchface.WatchFaceDecomposition@d8e8500
11-02 22:11:52.665938  2520  7713 D HOME    : [StreamDBQueue]Promised revision #2228 to queue a new op
11-02 22:11:52.666089  2520  7713 D WatchStreamManager: Promised rerank @ r#2228
11-02 22:11:52.666299  2520  8232 D HOME    : [WatchStreamDB]Item alerting conditions - isInterruptive: false, recentlyInterrupted: false, isItemPinned: false, isUnread: false
11-02 22:11:52.666624  2520  8232 D HOME    : [StreamAlertingRegulator]isTheaterModeEnabled: false, isAlertingAllowedByOffBody: true, matchesLocalInterruptionFilter: true
11-02 22:11:52.666607  1686  3998 D SidekickService: sendWatchFaceComponents called: watchFace = com.google.android.clockwork.decomposablewatchface.WatchFaceDecomposition@7ae39efshouldReplace = false
11-02 22:11:52.667158  1686  3998 D SidekickService: Check decomposition for calling app com.google.android.wearable.app with uid 10049
11-02 22:11:52.667652  1686  3998 D SidekickService: sendWatchFaceLocked(): shouldReplace = false, mSidekickIsControlling = false, 1 images, 0 fonts, 0 numbers, 0 proportionalFonts, 0 strings
11-02 22:11:52.667724  1686  3998 D SidekickService: ISidekickGraphics#beginResources()...
11-02 22:11:52.668828  1686  3998 D SidekickServiceUtils: bitmapFromDrawable: Returning bitmap directly
11-02 22:11:52.669337  2520  8232 D HOME    : [WatchStreamDB]couldItemAlert: false, isTopItemChanged: false, isDeferralForTopItem: false
11-02 22:11:52.670374  1686  3998 D SidekickService: sendBitmapsLocked(): bounds = RectF(0.0, 0.0, 0.0024038462, 0.0024038462), drawableInfo = {.id = 100000, .width = 1, .height = 1, .display = true, .offsetX = 0.0, .offsetY = 0.0, .rotationInfo = {.hasRotation = false, .pivotX = 0.0, .pivotY = 0.0, .degreesPerDay = 0.0, .degreesPerStep = 0.0, .zeroDegreesTime = {.daysSinceLocalEpoch = 0, .msSinceMidnight = 0}}, .transformInfo = {.transformed = false, .flipX = false, .flipY = false, .flip45 = false, .scaleX = 0.0, .scaleY = 0.0}, .type = GENERIC, .blink = {.blinking = false, .periodOnMs = 0.0, .periodOffMs = 0.0, .startTime = {.daysSinceLocalEpoch = 0, .msSinceMidnight = 0}}, .zOrder = 8, .displayInTwm = true}, image.size() = 84
11-02 22:11:52.670539  2520  8232 D HOME    : [WatchStreamDB]Item alerting conditions - isInterruptive: false, recentlyInterrupted: false, isItemPinned: false, isUnread: false
