11-03 10:54:46.197020  2520  2520 D HOME    : [StreamDBQueue]Promised revision #4693 to queue a new op
11-03 10:54:46.197634  2520  2520 D WatchStreamManager: Promised rank-blocked=true @ r#4693
11-03 10:54:46.198251  2520 12956 D HOME    : [WatchStreamDB]Item alerting conditions - isInterruptive: true, recentlyInterrupted: false, isItemPinned: false, isUnread: false
11-03 10:54:46.198620  2520 12956 D HOME    : [StreamAlertingRegulator]isTheaterModeEnabled: false, isAlertingAllowedByOffBody: true, matchesLocalInterruptionFilter: true
11-03 10:54:46.198913  2520 12956 D HOME    : [WatchStreamDB]couldItemAlert: false, isTopItemChanged: false, isDeferralForTopItem: false
--------- switch to kernel
11-03 10:54:46.057370     0     0 I CPU3    : update max cpu_capacity 1024
--------- switch to main
11-03 10:54:46.386057  3338  4013 E memtrack: Couldn't load memtrack module
11-03 10:54:46.386175  3338  4013 W android.os.Debug: failed to get memory consumption info: -1
11-03 10:54:46.560294   512  1749 I sensors-hal: activate:107, android.sensor.light/46 en=0
11-03 10:54:46.561634   512  1749 I sensors-hal: activate:118, android.sensor.light/46 en=0 completed
11-03 10:54:46.563841   512  1749 I sensors-hal: batch:140, android.sensor.light/46, period=250000000, max_latency=0
11-03 10:54:46.563963   512  1749 I sensors-hal: batch:149, android.sensor.light/46, period=250000000, max_latency=0 request completed
11-03 10:54:46.564458   512  1749 I sensors-hal: activate:107, android.sensor.light/46 en=1
11-03 10:54:46.564836   512  1749 I sensors-hal: ssc_enable_rt_task:254, ssc_enable_rt_task : true
11-03 10:54:46.573609   512  1749 I sensors-hal: activate:118, android.sensor.light/46 en=1 completed
11-03 10:54:46.640396   512 13313 I sensors-hal: handle_indication_realtime:355,  SCHED_FIFO(10) for qmi_cbk
11-03 10:54:46.976702   512   512 I sensors-hal: batch:140, android.sensor.accelerometer/48, period=66667000, max_latency=100000000
11-03 10:54:46.979494   512   512 I sensors-hal: batch:149, android.sensor.accelerometer/48, period=66667000, max_latency=100000000 request completed
11-03 10:54:46.980359  1686  1686 D DefaultUngazeDetector: Ungaze event occurred; emitting gesture event!
11-03 10:54:46.980481  1686  1686 D WristGestureCtrl: Gesture:GESTURE UNGAZE, timestamp(ms): 64765470, confidence: 0.0, latency(ms): 0, duration(ms): 940
11-03 10:54:46.981971   512   512 I sensors-hal: batch:140, android.sensor.accelerometer/48, period=19231000, max_latency=100000000
11-03 10:54:46.984005   512   512 I sensors-hal: batch:149, android.sensor.accelerometer/48, period=19231000, max_latency=100000000 request completed
11-03 10:54:46.984656   512   512 I sensors-hal: flush:169, android.sensor.accelerometer/48
--------- switch to system
11-03 10:54:46.986092  1686  1686 I WindowManager: sleepRelease() calling goToSleep(GO_TO_SLEEP_REASON_SLEEP_BUTTON)
--------- switch to main
11-03 10:54:46.986138   512   512 I sensors-hal: flush:175, android.sensor.accelerometer/48 completed
--------- switch to system
11-03 10:54:46.986474  1686  1686 I PowerManagerService: Going to sleep due to sleep button (uid 1000)...
11-03 10:54:46.987947  1686  1686 W UsageStatsService: Event reported without a package name
11-03 10:54:46.989042  1686  1712 I DreamManagerService: Entering dreamland.
11-03 10:54:46.990265  1686  1712 I PowerManagerService: Dozing...
11-03 10:54:47.002835  1686  1708 I DreamController: Starting dream: name=ComponentInfo{com.google.android.wearable.ambient/com.google.android.wearable.ambient.AmbientDream}, isTest=false, canDoze=true, userId=0
11-03 10:54:47.025883  1686  1686 W ContextImpl: Calling a method in the system process without a qualified user: android.app.ContextImpl.bindService:1611 android.content.ContextWrapper.bindService:698 com.google.android.wearable.ambient.AmbientDream.onCreate:191 android.app.ActivityThread.handleCreateService:3533 android.app.ActivityThread.access$1300:200 
11-03 10:54:47.035650  1686  1686 W ContextImpl: Calling a method in the system process without a qualified user: android.app.ContextImpl.sendBroadcast:1005 android.content.ContextWrapper.sendBroadcast:444 com.google.android.wearable.ambient.AmbientDream.onCreate:241 android.app.ActivityThread.handleCreateService:3533 android.app.ActivityThread.access$1300:200 
11-03 10:54:47.036738  1686  1686 V DreamService[AmbientDream]: onBind() intent = Intent { act=android.service.dreams.DreamService flg=0x800000 cmp=com.google.android.wearable.ambient/.AmbientDream }
--------- switch to main
11-03 10:54:47.039104  1686  1686 I AmbientService: [ce6a28c] Ambient Created
--------- switch to system
11-03 10:54:47.040001  1686  1686 V DreamService[AmbientDream]: Calling onDreamingStarted()
--------- switch to main
11-03 10:54:47.040152  1686  1686 I AmbientService: [ce6a28c] doOnDreamingStarted
11-03 10:54:47.041842  1686  1686 D SidekickService: setShouldControlDisplay called: true
11-03 10:54:47.043050  1686  1686 I AmbientService: [ce6a28c] Selected running activity for ambient mode: AmbientActivity[component=ComponentInfo{com.google.android.wearable.app/com.google.android.clockwork.home2.activity.HomeActivity2}, callbacks=@210b385, running=true, ambientRequested=true, ambientEnabled=true, offloadEnabled=true]
11-03 10:54:47.043857  1686  1686 I AmbientService: [ce6a28c] Sidekick is ready to display, requesting doze.
11-03 10:54:47.044569  1686  1686 I AmbientService: [ce6a28c] No auto-resume Activity.
11-03 10:54:47.046631  1686  1686 W DefaultSettingsContentR: Value for ambient_low_bit_enabled not stored as number. Attempting parse as boolean.
11-03 10:54:47.046972  2520  2520 D HOME    : [HomeVisitsLogger]Logging streamlet event: enter_ambient_mode
11-03 10:54:47.047624  2520  2520 D HOME    : [HotwordController]updateClient MODE_WATCH_FACE false true false true
11-03 10:54:47.047683  2520 12957 D HOME    : [HomeVisitsLogger]Logging streamlet event: visit_end
11-03 10:54:47.059500  1686  1686 I AmbientService: [ce6a28c] Showing watch face in offload mode, canceling alarm.
11-03 10:54:47.059607  1686  1686 W AlarmManagerProxy: Removing unknown listener
11-03 10:54:47.059734  1686  1686 D WristGestureCtrl: Stopping detectors: GesturesEnabled-false gestureDetector-false ungazeEnabled-true ungaze-true
11-03 10:54:47.059776  1686  1686 D DefaultUngazeDetector: stopping
11-03 10:54:47.062518   512   512 I sensors-hal: batch:140, android.sensor.accelerometer/48, period=66667000, max_latency=100000000
11-03 10:54:47.064433   512   512 I sensors-hal: batch:149, android.sensor.accelerometer/48, period=66667000, max_latency=100000000 request completed
11-03 10:54:47.089261  2520 12956 I id.wearable.ap: IncrementDisableThreadFlip blocked for 37.125ms
11-03 10:54:47.090024  2520  2520 D HOME    : [WatchFaceUiController]setInAmbientMode true
11-03 10:54:47.091513  2520 12957 I SidekickManager: replaceWatchFaceComponentsImpl(): watchFace = com.google.android.clockwork.decomposablewatchface.WatchFaceDecomposition@531101b
11-03 10:54:47.092260  2520  2520 D HOME    : [StreamDBQueue]Promised revision #4694 to queue a new op
11-03 10:54:47.092459  1686  1698 D SidekickService: sendWatchFaceComponents called: watchFace = com.google.android.clockwork.decomposablewatchface.WatchFaceDecomposition@f8a2575shouldReplace = false
11-03 10:54:47.092571  2520  2520 D WatchStreamManager: Promised rank-blocked=false @ r#4694
11-03 10:54:47.092693  1686  1698 D SidekickService: Check decomposition for calling app com.google.android.wearable.app with uid 10049
11-03 10:54:47.093081  2520  2520 D HOME    : [StreamDBQueue]Promised revision #4695 to queue a new op
11-03 10:54:47.093133  1686  1698 D SidekickService: sendWatchFaceLocked(): shouldReplace = false, mSidekickIsControlling = false, 1 images, 0 fonts, 0 numbers, 0 proportionalFonts, 0 strings
11-03 10:54:47.093190  1686  1698 D SidekickService: ISidekickGraphics#beginResources()...
11-03 10:54:47.093239  2520  2520 D WatchStreamManager: Promised rank-blocked=false @ r#4695
11-03 10:54:47.094318  1686  1698 D SidekickServiceUtils: bitmapFromDrawable: Returning bitmap directly
11-03 10:54:47.094718  2520  2520 D HOME    : [EventBus]Wrapper pool is full. Discarding excess wrapper instance for event com.google.android.clockwork.sysui.events.KeyguardStateEvent
11-03 10:54:47.094940  2520  2520 D HOME    : [WatchFaceUiController]sendStateToWallpaper
11-03 10:54:47.097103  2520  2520 D HOME    : [EventBus]Wrapper pool is full. Discarding excess wrapper instance for event com.google.android.clockwork.sysui.events.KeyguardStateEvent
11-03 10:54:47.097785  2520  2520 D HOME    : [EventBus]Wrapper pool is full. Discarding excess wrapper instance for event com.google.android.clockwork.sysui.events.KeyguardStateEvent
11-03 10:54:47.101527  2520 12958 D HOME    : [WatchStreamDB]Item alerting conditions - isInterruptive: true, recentlyInterrupted: false, isItemPinned: false, isUnread: false
11-03 10:54:47.103640  2520 12759 D HOME    : [StreamDBQueue]Promised revision #4696 to queue a new op
11-03 10:54:47.103902  2520 12759 D WatchStreamManager: Promised rerank @ r#4696
11-03 10:54:47.105742  1686  1698 D SidekickService: sendBitmapsLocked(): bounds = RectF(0.47115386, 0.33653846, 0.52884614, 0.39423078), drawableInfo = {.id = 100000, .width = 24, .height = 24, .display = true, .offsetX = 193.0, .offsetY = 137.0, .rotationInfo = {.hasRotation = false, .pivotX = 0.0, .pivotY = 0.0, .degreesPerDay = 0.0, .degreesPerStep = 0.0, .zeroDegreesTime = {.daysSinceLocalEpoch = 0, .msSinceMidnight = 0}}, .transformInfo = {.transformed = false, .flipX = false, .flipY = false, .flip45 = false, .scaleX = 0.0, .scaleY = 0.0}, .type = GENERIC, .blink = {.blinking = false, .periodOnMs = 0.0, .periodOffMs = 0.0, .startTime = {.daysSinceLocalEpoch = 0, .msSinceMidnight = 0}}, .zOrder = 6, .displayInTwm = true}, image.size() = 204
11-03 10:54:47.107112   416   416 D SKGHAL  : saveResource: resId = 100000
11-03 10:54:47.107192  2520  2520 W StaticLayout: maxLineHeight should not be -1.  maxLines:1 lineCount:1
11-03 10:54:47.108198  1686  1698 D SidekickService: sendBitmapsLocked(): status = 0, bytesUsed = 267
11-03 10:54:47.108419  1686  1698 D SidekickService: ISidekickGraphics#endResources()...
11-03 10:54:47.111275  2520 12958 D HOME    : [StreamAlertingRegulator]isTheaterModeEnabled: false, isAlertingAllowedByOffBody: true, matchesLocalInterruptionFilter: true
11-03 10:54:47.111640  2520 12958 D HOME    : [WatchStreamDB]couldItemAlert: false, isTopItemChanged: false, isDeferralForTopItem: false
11-03 10:54:47.113467  2520 12958 D HOME    : [WatchStreamDB]Item alerting conditions - isInterruptive: true, recentlyInterrupted: false, isItemPinned: false, isUnread: false
11-03 10:54:47.114551  2520 12958 D HOME    : [StreamAlertingRegulator]isTheaterModeEnabled: false, isAlertingAllowedByOffBody: true, matchesLocalInterruptionFilter: true
11-03 10:54:47.114849  2520 12958 D HOME    : [WatchStreamDB]couldItemAlert: false, isTopItemChanged: false, isDeferralForTopItem: false
11-03 10:54:47.125787  2520 12958 D HOME    : [WatchStreamDB]updateRanking()
11-03 10:54:47.126796  2520 12958 D HOME    : [WatchStreamDB]Item alerting conditions - isInterruptive: true, recentlyInterrupted: false, isItemPinned: false, isUnread: false
11-03 10:54:47.127339  2520 12958 D HOME    : [StreamAlertingRegulator]isTheaterModeEnabled: false, isAlertingAllowedByOffBody: true, matchesLocalInterruptionFilter: true
11-03 10:54:47.127658  2520 12958 D HOME    : [WatchStreamDB]couldItemAlert: false, isTopItemChanged: false, isDeferralForTopItem: false
11-03 10:54:47.128538  2520 12958 D HOME    : [NewStreamAdapter]Publishing revision #4696 to adapter clients
11-03 10:54:47.129389  2520 12759 D HOME    : [StreamDBQueue]Promised revision #4697 to queue a new op
11-03 10:54:47.129703  2520 12759 D WatchStreamManager: Promised rerank @ r#4697
11-03 10:54:47.130136  2520 12958 D HOME    : [WatchStreamDB]updateRanking()
11-03 10:54:47.130860  2520 12958 D HOME    : [WatchStreamDB]Item alerting conditions - isInterruptive: true, recentlyInterrupted: false, isItemPinned: false, isUnread: false
11-03 10:54:47.131434  2520 12958 D HOME    : [StreamAlertingRegulator]isTheaterModeEnabled: false, isAlertingAllowedByOffBody: true, matchesLocalInterruptionFilter: true
11-03 10:54:47.131783  2520 12958 D HOME    : [WatchStreamDB]couldItemAlert: false, isTopItemChanged: false, isDeferralForTopItem: false
11-03 10:54:47.132552  2520 12958 D HOME    : [NewStreamAdapter]Publishing revision #4697 to adapter clients
11-03 10:54:47.263438  1686  1696 I system_server: Background concurrent copying GC freed 26629(2MB) AllocSpace objects, 16(544KB) LOS objects, 19% free, 10MB/13MB, paused 1.179ms total 258.581ms
11-03 10:54:47.263438  2520  2541 I id.wearable.ap: NativeAlloc concurrent copying GC freed 68810(2MB) AllocSpace objects, 0(0B) LOS objects, 24% free, 8MB/11MB, paused 36.802ms total 214.049ms
11-03 10:54:47.385507   416   416 D SKGHAL  : sendResources: metadata size = 2400, font size = 72
11-03 10:54:47.421993   416   416 D SKGHAL  : endResources: rc = 0
11-03 10:54:47.423035  1686  1686 W system_server: Long monitor contention with owner Binder:1686_2 (1698) at int com.google.android.clockwork.sidekick.SidekickService$BinderService.sendWatchFace(com.google.android.clockwork.decomposablewatchface.WatchFaceDecomposition, boolean)(SidekickService.java:1021) waiters=0 in boolean com.google.android.clockwork.sidekick.SidekickService$BinderService.readyToDisplay() for 322ms
11-03 10:54:47.424085  2520  2520 D HOME    : [SidekickManagerAsync]replaceWatchFaceComponents(): Callback#onResult(): 0
11-03 10:54:47.424429  2520  2520 D HOME    : [WatchFaceUiController]Complication updates sent, posting watch face hiding
11-03 10:54:47.424565  2520  2520 D HOME    : [WatchFaceUiController]Still in ambient watch face, hiding
--------- switch to system
11-03 10:54:47.424571  1686  1686 W Looper  : Slow dispatch took 325ms main h=android.os.Handler c=com.google.android.wearable.ambient.AmbientDream$Callbacks$1@2b9c90a m=0
--------- switch to main
11-03 10:54:47.424639  2520  2520 D HOME    : [WatchFaceUiController]Hiding watch face wallpaper.
--------- switch to kernel
11-03 10:54:47.313256     0     0 E FG      : fg_psy_get_property: unsupported property 7
--------- switch to main
11-03 10:54:47.448712   512   512 I sensors-hal: activate:107, android.sensor.light/46 en=0
--------- switch to kernel
11-03 10:54:47.316939     0     0 W healthd : battery l=12 v=3722 t=28.0 h=2 st=3 c=4 fc=443000 cc=0 chg=
--------- switch to main
11-03 10:54:47.450983   512   512 I sensors-hal: activate:118, android.sensor.light/46 en=0 completed
11-03 10:54:47.456221   545   545 D SurfaceFlinger: Set power mode=3, type=0 flinger=0xb6bb6000
--------- switch to system
11-03 10:54:47.456372  1686  1710 I DisplayManagerService: Display device changed state: "Écran intégré", DOZE_SUSPEND
--------- switch to main
11-03 10:54:47.457416   504   764 I SDM     : DisplayBase::SetDisplayState: Set state = 3, display 0
11-03 10:54:47.458660  1956  1956 D QtiCarrierConfigHelper: WARNING, no carrier configs on phone Id: 0
11-03 10:54:47.468782  2520  2520 D HOME    : [BatteryChange]action: android.intent.action.BATTERY_CHANGED
11-03 10:54:47.484581  1686  1759 I InputReader: Reconfiguring input devices.  changes=0x00000004
11-03 10:54:47.490933  2520 12957 D HOME    : [BatteryChange]HandleBatteryChangedTask
11-03 10:54:47.491457  2520 12957 D HOME    : [BatteryChange]level: 12, status: 3
11-03 10:54:47.498786  2520 12957 D HOME    : [BatteryChange]updateStreamItem
11-03 10:54:47.504120   545   545 D SurfaceFlinger: Finished set power mode=3, type=0
11-03 10:54:47.504725  1686  1823 I SidekickService: beginDisplayLocked(): DOZE_SUSPEND
11-03 10:54:47.505241   416   416 D SKGHAL  : sendAmbientPrepare: enter:
--------- switch to kernel
11-03 10:54:47.338494     0     0 I mdss_dsi_panel_set_idle_mode: Idle (0->1)
11-03 10:54:47.375372     0     0 I         : [touch]FB_BLANK_VSYNC_SUSPEND
11-03 10:54:47.375378     0     0 I         : [touch]irq disable
11-03 10:54:47.375383     0     0 I         : [touch]workqueue is empty!
11-03 10:54:47.375386     0     0 I         : [touch]raydium_ts_do_suspend.
11-03 10:54:47.375396     0     0 I         : [touch]Device may wakeup
11-03 10:54:47.377248     0     0 I         : [touch]irq enable
--------- switch to main
11-03 10:54:47.556021   416   416 D SKGHAL  : sendAmbientEvent: enter: enable = 1
11-03 10:54:47.557154   504   523 I SDM     : DisplayBase::SetDisplayState: Set state = 4, display 0
11-03 10:54:47.596787   504   523 D SDM     : HWCDisplayPrimary::SetStandByMode: Null display is connected successfully
11-03 10:54:47.597056   416   416 D SKGHAL  : standBy_update_control call succeed on 1
11-03 10:54:47.606929   416   416 D SKGHAL  : sendAmbientEvent: done: enable = 1
11-03 10:54:47.607353  1686  1823 D SidekickService:    ... beginDisplay result: 0 for halPower: 1
11-03 10:54:47.610890   512  1749 I sensors-hal: activate:107, android.sensor.accelerometer/48 en=0
11-03 10:54:47.612260   512  1749 I sensors-hal: activate:118, android.sensor.accelerometer/48 en=0 completed
11-03 10:54:47.618828  1686  1799 E WifiStateMachine: getWifiLinkLayerStats called without an interface
--------- switch to kernel
11-03 10:54:47.488246     0     0 E bgrsb   : bgrsb_enable: gpio 32 is valid
--------- switch to main
11-03 10:54:47.642323  1686  1686 I WearPower: [WearTouchMediator] changing touch input to enabled (ON_AUTO)
11-03 10:54:47.643838  1686  1759 I InputReader: Reconfiguring input devices.  changes=0x00000200
--------- switch to kernel
11-03 10:54:47.520014     0     0 I init    : processing action (ro.enable_core_ctl=true && sys.cw_corectl_mode=idle) from (/vendor/etc/init/hw/init.qcom.rc:949)
--------- switch to main
11-03 10:54:47.653373  1686  1686 I AmbientService: [ce6a28c] Timeout alarm not required, auto-resume timeout handled by dream.
11-03 10:54:47.664031  3205  3434 W WorkController: Loading failed for worker [trainingcache]: worker not found
11-03 10:54:47.665279  3205  3372 W A       : TrainingCache cache SCREEN_OFF failure
11-03 10:54:47.665279  3205  3372 W A       : com.google.android.apps.gsa.search.core.service.h.a.a: No worker found for Worker ID [trainingcache].
11-03 10:54:47.665279  3205  3372 W A       : 	at com.google.android.apps.gsa.search.core.service.g.a.c.a(Unknown Source:5)
11-03 10:54:47.665279  3205  3372 W A       : 	at com.google.android.libraries.gsa.c.a.d.a(Unknown Source:3)
11-03 10:54:47.665279  3205  3372 W A       : 	at com.google.common.p.a.cg.c(Unknown Source:2)
11-03 10:54:47.665279  3205  3372 W A       : 	at com.google.common.p.a.bk.run(SourceFile:3)
11-03 10:54:47.665279  3205  3372 W A       : 	at com.google.common.p.a.ci.run(Unknown Source:4)
11-03 10:54:47.665279  3205  3372 W A       : 	at com.google.apps.tiktok.concurrent.ab.run(SourceFile:1)
11-03 10:54:47.665279  3205  3372 W A       : 	at java.util.concurrent.ThreadPoolExecutor.runWorker(ThreadPoolExecutor.java:1167)
11-03 10:54:47.665279  3205  3372 W A       : 	at java.util.concurrent.ThreadPoolExecutor$Worker.run(ThreadPoolExecutor.java:641)
11-03 10:54:47.665279  3205  3372 W A       : 	at com.google.apps.tiktok.concurrent.c.run(Unknown Source:4)
11-03 10:54:47.665279  3205  3372 W A       : 	at java.lang.Thread.run(Thread.java:764)
11-03 10:54:47.679432  2520  2520 D HOME    : [StreamDBQueue]Promised revision #4698 to queue a new op
11-03 10:54:47.679820  2520  2520 D WatchStreamManager: Promised rank-blocked=false @ r#4698
11-03 10:54:47.680228  2520  2520 D HOME    : [CompactHunStarter]detachWindow()
11-03 10:54:47.680851  2520 12759 D HOME    : [StreamDBQueue]Promised revision #4699 to queue a new op
11-03 10:54:47.680840  2520 12957 D HOME    : [WatchStreamDB]Item alerting conditions - isInterruptive: true, recentlyInterrupted: false, isItemPinned: false, isUnread: false
11-03 10:54:47.681195  2520 12759 D WatchStreamManager: Promised rerank @ r#4699
11-03 10:54:47.681412  2520 12957 D HOME    : [StreamAlertingRegulator]isTheaterModeEnabled: false, isAlertingAllowedByOffBody: true, matchesLocalInterruptionFilter: true
11-03 10:54:47.681781  2520 12957 D HOME    : [WatchStreamDB]couldItemAlert: false, isTopItemChanged: false, isDeferralForTopItem: false
11-03 10:54:47.682375  2520 12957 D HOME    : [WatchStreamDB]updateRanking()
11-03 10:54:47.683060  2520 12957 D HOME    : [WatchStreamDB]Item alerting conditions - isInterruptive: true, recentlyInterrupted: false, isItemPinned: false, isUnread: false
11-03 10:54:47.683486  2520 12957 D HOME    : [StreamAlertingRegulator]isTheaterModeEnabled: false, isAlertingAllowedByOffBody: true, matchesLocalInterruptionFilter: true
11-03 10:54:47.683829  2520 12957 D HOME    : [WatchStreamDB]couldItemAlert: false, isTopItemChanged: false, isDeferralForTopItem: false
11-03 10:54:47.684574  2520 12957 D HOME    : [NewStreamAdapter]Publishing revision #4699 to adapter clients
--------- switch to kernel
11-03 10:54:47.714475     0     0 I PM      : suspend entry 2021-11-03 09:54:47.714475064 UTC
11-03 10:54:47.714485     0     0 I PM      : Syncing filesystems ...
11-03 10:54:47.731195     0     0 I CPU0    : update max cpu_capacity 748
11-03 10:54:47.751244     0     0 I CPU3    : update max cpu_capacity 1024
11-03 10:54:47.763320     0     0 I CPU2    : shutdown
11-03 10:54:47.765122     0     0 I init    : Command 'write /sys/devices/system/cpu/cpu2/online 0' action=ro.enable_core_ctl=true && sys.cw_corectl_mode=idle (/vendor/etc/init/hw/init.qcom.rc:951) took 118ms and succeeded
11-03 10:54:47.772127     0     0 I         : done.
11-03 10:54:47.826154     0     0 I CPU3    : shutdown
11-03 10:54:47.827820     0     0 I         : Freezing user space processes ...
11-03 10:54:47.831891     0     0 I CPU0    : update max cpu_capacity 748
11-03 10:54:47.834261     0     0 I PM      : Wakeup pending, aborting suspend
11-03 10:54:47.834320     0     0 I         : active wakeup source: NETLINK
11-03 10:54:47.834375     0     0 E         : Freezing of tasks aborted after 0.006 seconds
11-03 10:54:47.834392     0     0 I         : Restarting tasks ...
11-03 10:54:47.835349     0     0 W QSEECOM : qseecom_receive_req: Interrupted: exiting Listener Service = 12288
11-03 10:54:47.835412     0     0 W QSEECOM : qseecom_receive_req: Interrupted: exiting Listener Service = 11
11-03 10:54:47.835462     0     0 W QSEECOM : qseecom_receive_req: Interrupted: exiting Listener Service = 10
11-03 10:54:47.835599     0     0 W QSEECOM : qseecom_receive_req: Interrupted: exiting Listener Service = 28672
11-03 10:54:47.839646     0     0 W QSEECOM : qseecom_receive_req: Interrupted: exiting Listener Service = 8192
11-03 10:54:47.840629     0     0 I init    : Command 'write /sys/devices/system/cpu/cpu3/online 0' action=ro.enable_core_ctl=true && sys.cw_corectl_mode=idle (/vendor/etc/init/hw/init.qcom.rc:952) took 75ms and succeeded
11-03 10:54:47.840695     0     0 I         : done.
11-03 10:54:47.841933     0     0 I PM      : suspend exit 2021-11-03 09:54:47.841933918 UTC
11-03 10:54:48.045940     0     0 I PM      : suspend entry 2021-11-03 09:54:48.045940793 UTC
--------- switch to system
11-03 10:55:06.974867  1686  1759 I PowerManagerService: Waking up from dozing (uid=1000 reason=android.policy:MOTION)...
--------- switch to kernel
11-03 10:54:48.045961     0     0 I PM      : Syncing filesystems ... done.
11-03 10:54:48.070619     0     0 I         : Freezing user space processes ... (elapsed 0.010 seconds) done.
11-03 10:54:48.080871     0     0 I         : Freezing remaining freezable tasks ... (elapsed 0.006 seconds) done.
11-03 10:54:48.087468     0     0 I         : Suspending console(s) (use no_console_suspend to debug)
11-03 10:54:48.102664     0     0 I mdss_dsi_panel_set_idle_mode: Idle (1->1)
11-03 10:54:48.147524     0     0 I bgcom   : bgcom_pm_suspend: suspended with : 0
11-03 10:54:48.175481     0     0 I PM      : suspend of devices complete after 83.721 msecs
11-03 10:54:48.181678     0     0 I PM      : late suspend of devices complete after 6.152 msecs
11-03 10:54:48.187718     0     0 I PM      : noirq suspend of devices complete after 6.002 msecs
11-03 10:54:48.187733     0     0 I         : Disabling non-boot CPUs ...
11-03 10:54:48.202625     0     0 W         : IRQ21 no longer affine to CPU1
11-03 10:54:48.204641     0     0 I CPU1    : shutdown
11-03 10:54:48.207134     0     0 I suspend ns: 4054099518636	suspend cycles:    1243690398669
11-03 10:54:48.207109     0     0 I CPU0    : msm_cpu_pm_enter_sleep mode:3 during suspend
11-03 10:54:48.207109     0     0 I         : Suspended for 18.655 seconds
11-03 10:54:48.207109     0     0 I resume cycles: 1244048584560
11-03 10:54:48.207774     0     0 I         : Enabling non-boot CPUs ...
11-03 10:54:48.208644     0     0 I CPU1    : update cpu_capacity 1024
11-03 10:54:48.210372     0     0 I         : CPU1 is up
11-03 10:54:48.210939     0     0 I CPU1    : update max cpu_capacity 748
11-03 10:54:48.214458     0     0 I PM      : noirq resume of devices complete after 3.680 msecs
11-03 10:54:48.218891     0     0 I         : [touch]display wake up
11-03 10:54:48.220189     0     0 I PM      : early resume of devices complete after 4.220 msecs
11-03 10:54:48.257576     0     0 I bgcom   : bgcom_pm_resume: Bgcom resumed with : 0
11-03 10:54:48.268950     0     0 I mdss_dsi_panel_set_idle_mode: Idle (1->1)
11-03 10:54:48.306650     0     0 I PM      : resume of devices complete after 86.417 msecs
11-03 10:54:48.311406     0     0 I         : Restarting tasks ...
11-03 10:54:48.315131     0     0 W QSEECOM : qseecom_receive_req: Interrupted: exiting Listener Service = 8192
11-03 10:54:48.315226     0     0 W QSEECOM : qseecom_receive_req: Interrupted: exiting Listener Service = 12288
11-03 10:54:48.319389     0     0 W QSEECOM : qseecom_receive_req: Interrupted: exiting Listener Service = 11
11-03 10:54:48.319480     0     0 W QSEECOM : qseecom_receive_req: Interrupted: exiting Listener Service = 10
11-03 10:54:48.319529     0     0 W QSEECOM : qseecom_receive_req: Interrupted: exiting Listener Service = 28672
--------- switch to system
11-03 10:55:06.978577  1686  1686 W UsageStatsService: Event reported without a package name
11-03 10:55:07.011995  2520  2520 W ViewRootImpl[HomeActivity2]: Dropping event due to no window focus: MotionEvent { action=ACTION_HOVER_ENTER, actionButton=0, id[0]=0, x[0]=100.0, y[0]=100.0, toolType[0]=TOOL_TYPE_FINGER, buttonState=0, metaState=0, flags=0x0, edgeFlags=0x0, pointerCount=1, historySize=0, eventTime=4054226, downTime=3918603, deviceId=1, source=0x1002 }
--------- switch to kernel
11-03 10:54:48.345037     0     0 I         : done.
11-03 10:55:07.001654     0     0 I PM      : suspend exit 2021-11-03 09:55:07.001654379 UTC
11-03 10:55:07.004801     0     0 E FG      : fg_psy_get_property: unsupported property 7
11-03 10:55:06.891797     0     0 W healthd : battery l=12 v=3722 t=28.0 h=2 st=3 c=4 fc=443000 cc=0 chg=
11-03 10:55:06.893409     0     0 E bgrsb   : bgrsb_enable: rsb will set report rate
11-03 10:55:06.907122     0     0 E bgrsb   : bgrsb_enable: gpio 32 is valid
--------- switch to main
11-03 10:55:07.058746   512   512 I sensors-hal: batch:140, android.sensor.light/46, period=100000000, max_latency=0
--------- switch to system
11-03 10:55:07.058875  2520  2520 W ViewRootImpl[HomeActivity2]: Cancelling event due to no window focus: MotionEvent { action=ACTION_CANCEL, actionButton=0, id[0]=0, x[0]=100.0, y[0]=100.0, toolType[0]=TOOL_TYPE_FINGER, buttonState=0, metaState=0, flags=0x0, edgeFlags=0x0, pointerCount=1, historySize=0, eventTime=4054237, downTime=3918603, deviceId=1, source=0x1002 }
--------- switch to main
11-03 10:55:07.059003   512   512 I sensors-hal: batch:149, android.sensor.light/46, period=100000000, max_latency=0 request completed
11-03 10:55:07.060709   512   512 I sensors-hal: activate:107, android.sensor.light/46 en=1
11-03 10:55:07.061418   512   512 I sensors-hal: ssc_enable_rt_task:254, ssc_enable_rt_task : true
11-03 10:55:07.065868   512   512 I sensors-hal: activate:118, android.sensor.light/46 en=1 completed
--------- switch to kernel
11-03 10:55:06.975552     0     0 I         : [touch]FB_BLANK_VSYNC_SUSPEND
11-03 10:55:06.975559     0     0 I         : [touch]Already in suspend state
11-03 10:55:06.987055     0     0 I mdss_dsi_panel_set_idle_mode: Idle (1->0)
11-03 10:55:06.988494     0     0 E mdp3_enable_panic_ctrl: mdp3_enable_panic_ctrl: Enable Panic Control
11-03 10:55:06.988620     0     0 I         : [touch]FB_BLANK_UNBLANK
11-03 10:55:06.988627     0     0 I         : [touch]raydium_ts_do_resume, 1.
11-03 10:55:06.989235     0     0 I         : [ raydium ]workqueue is empty!
11-03 10:55:06.989966     0     0 I         : [touch] raydium_esd_check
11-03 10:55:06.989996     0     0 I raydium_ts 5-0039: [touch]Already enable irq
11-03 10:55:06.989999     0     0 I         : [touch]Device may wakeup
--------- switch to main
11-03 10:55:07.069444  1686  1823 I SidekickService: endDisplayLocked()
--------- switch to system
11-03 10:55:07.059340  2520  2520 I chatty  : uid=10049(com.google.android.wearable.app) identical 2 lines
11-03 10:55:07.059558  2520  2520 W ViewRootImpl[HomeActivity2]: Cancelling event due to no window focus: MotionEvent { action=ACTION_CANCEL, actionButton=0, id[0]=0, x[0]=100.0, y[0]=100.0, toolType[0]=TOOL_TYPE_FINGER, buttonState=0, metaState=0, flags=0x0, edgeFlags=0x0, pointerCount=1, historySize=0, eventTime=4054237, downTime=3918603, deviceId=1, source=0x1002 }
11-03 10:55:07.070471  1686  1710 I DisplayManagerService: Display device changed state: "Écran intégré", ON
--------- switch to main
11-03 10:55:07.071179   416   416 D SKGHAL  : sendAmbientEvent: enter: enable = 0
11-03 10:55:07.083256   512 13317 I sensors-hal: handle_indication_realtime:355,  SCHED_FIFO(10) for qmi_cbk
11-03 10:55:07.102009   504   523 I SDM     : DisplayBase::SetDisplayState: Set state = 3, display 0
11-03 10:55:07.102383   504   523 D SDM     : HWCDisplayPrimary::SetStandByMode: Display is connected successfully
11-03 10:55:07.102794   416   416 D SKGHAL  : standBy_update_control call succeed on 0
11-03 10:55:07.102880   416   416 D SKGHAL  : sendAmbientEvent: done: enable = 0
11-03 10:55:07.104328  1686  1823 D SidekickService:    ... endDisplay returns void
11-03 10:55:07.105436   545   545 D SurfaceFlinger: Set power mode=2, type=0 flinger=0xb6bb6000
11-03 10:55:07.106000   504   764 I SDM     : DisplayBase::SetDisplayState: Set state = 1, display 0
11-03 10:55:07.117902   545   545 D SurfaceFlinger: Finished set power mode=2, type=0
--------- switch to system
11-03 10:55:07.122860  1686  1712 W PowerManagerService: Screen on took 259 ms
11-03 10:55:07.123299  1686  1712 I DreamManagerService: Gently waking up from dream.
11-03 10:55:07.123736  1686  1708 I DreamManagerService: Performing gentle wake from dream.
--------- switch to main
11-03 10:55:07.126914   512   512 I sensors-hal: batch:140, android.sensor.accelerometer/48, period=66667000, max_latency=100000000
11-03 10:55:07.127043   512   512 I sensors-hal: batch:149, android.sensor.accelerometer/48, period=66667000, max_latency=100000000 request completed
11-03 10:55:07.127739   512   512 I sensors-hal: activate:107, android.sensor.accelerometer/48 en=1
11-03 10:55:07.128412   512   512 I sensors-hal: ssc_enable_rt_task:254, ssc_enable_rt_task : true
11-03 10:55:07.131709  4243  4243 D OMService: onDisplayChanged: not dozing
11-03 10:55:07.133465  1686  1759 I InputReader: Reconfiguring input devices.  changes=0x00000004
11-03 10:55:07.135936   512   512 I sensors-hal: activate:118, android.sensor.accelerometer/48 en=1 completed
11-03 10:55:07.148850  2520  2520 D HOME    : [BatteryChange]action: android.intent.action.BATTERY_CHANGED
11-03 10:55:07.155931  2520 12759 D HOME    : [BatteryChange]HandleBatteryChangedTask
--------- switch to system
11-03 10:55:07.160389  1686  1686 V DreamService[AmbientDream]: wakeUp(): fromSystem=true, mWaking=false, mFinished=false
11-03 10:55:07.160603  1686  1686 V DreamService[AmbientDream]: finish(): mFinished=false
11-03 10:55:07.160791  1686  1686 I DreamManagerService: Leaving dreamland.
--------- switch to main
11-03 10:55:07.167180  2520 12759 D HOME    : [BatteryChange]level: 12, status: 3
--------- switch to system
11-03 10:55:07.183127  1686  1702 W BroadcastQueue: Background execution not allowed: receiving Intent { act=android.intent.action.USER_PRESENT flg=0x10 } to com.google.android.gms/.auth.setup.devicesignals.LockScreenReceiver
11-03 10:55:07.184032  1686  1702 W BroadcastQueue: Background execution not allowed: receiving Intent { act=android.intent.action.USER_PRESENT flg=0x10 } to com.google.android.gms/.chimera.GmsIntentOperationService$PersistentTrustedReceiver
--------- switch to main
11-03 10:55:07.184932  3205  3434 W WorkController: Loading failed for worker [trainingcache]: worker not found
11-03 10:55:07.188176  3205  3294 W A       : TrainingCache cache DEVICE_UNLOCKED failure
11-03 10:55:07.188176  3205  3294 W A       : com.google.android.apps.gsa.search.core.service.h.a.a: No worker found for Worker ID [trainingcache].
11-03 10:55:07.188176  3205  3294 W A       : 	at com.google.android.apps.gsa.search.core.service.g.a.c.a(Unknown Source:5)
11-03 10:55:07.188176  3205  3294 W A       : 	at com.google.android.libraries.gsa.c.a.d.a(Unknown Source:3)
11-03 10:55:07.188176  3205  3294 W A       : 	at com.google.common.p.a.cg.c(Unknown Source:2)
11-03 10:55:07.188176  3205  3294 W A       : 	at com.google.common.p.a.bk.run(SourceFile:3)
11-03 10:55:07.188176  3205  3294 W A       : 	at com.google.common.p.a.ci.run(Unknown Source:4)
11-03 10:55:07.188176  3205  3294 W A       : 	at com.google.apps.tiktok.concurrent.ab.run(SourceFile:1)
11-03 10:55:07.188176  3205  3294 W A       : 	at java.util.concurrent.ThreadPoolExecutor.runWorker(ThreadPoolExecutor.java:1167)
11-03 10:55:07.188176  3205  3294 W A       : 	at java.util.concurrent.ThreadPoolExecutor$Worker.run(ThreadPoolExecutor.java:641)
11-03 10:55:07.188176  3205  3294 W A       : 	at com.google.apps.tiktok.concurrent.c.run(Unknown Source:4)
11-03 10:55:07.188176  3205  3294 W A       : 	at java.lang.Thread.run(Thread.java:764)
--------- switch to system
11-03 10:55:07.188940  1686  1708 I DreamManagerService: Performing gentle wake from dream.
11-03 10:55:07.189261  1686  1708 I DreamController: Stopping dream: name=ComponentInfo{com.google.android.wearable.ambient/com.google.android.wearable.ambient.AmbientDream}, isTest=false, canDoze=true, userId=0
--------- switch to main
11-03 10:55:07.191997  2520 12759 D HOME    : [BatteryChange]updateStreamItem
11-03 10:55:07.198296  1956  1956 D QtiCarrierConfigHelper: WARNING, no carrier configs on phone Id: 0
11-03 10:55:07.243704   512 13319 I sensors-hal: handle_indication_realtime:355,  SCHED_FIFO(10) for qmi_cbk
--------- switch to system
11-03 10:55:07.293162  1686  1686 V DreamService[AmbientDream]: detach(): Calling onDreamingStopped()
--------- switch to main
11-03 10:55:07.293383  1686  1686 I AmbientService: [ce6a28c] doOnDreamingStopped
11-03 10:55:07.293496  1686  1686 D WristGestureCtrl: Starting: GesturesEnabled-false UngazeEnabled-true
11-03 10:55:07.293570  1686  1686 D DefaultUngazeDetector: starting
11-03 10:55:07.293648  1686  1686 D DefaultUngazeDetector: startUngazeStateEstimation(). startTime = 64786723
11-03 10:55:07.300874   512   512 I sensors-hal: batch:140, android.sensor.accelerometer/48, period=19231000, max_latency=100000000
11-03 10:55:07.301572  1686  1686 W AlarmManagerProxy: Removing unknown listener
11-03 10:55:07.303841   512   512 I sensors-hal: batch:149, android.sensor.accelerometer/48, period=19231000, max_latency=100000000 request completed
11-03 10:55:07.304430   512   512 I sensors-hal: flush:169, android.sensor.accelerometer/48
11-03 10:55:07.305769   512   512 I sensors-hal: flush:175, android.sensor.accelerometer/48 completed
11-03 10:55:07.307900  1686  1686 I AmbientService: [ce6a28c] No auto-resume Activity.
--------- switch to system
11-03 10:55:07.309847  1686  1686 W ContextImpl: Calling a method in the system process without a qualified user: android.app.ContextImpl.sendBroadcast:1020 android.content.ContextWrapper.sendBroadcast:449 com.google.android.wearable.ambient.AmbientDream.onDestroy:273 android.app.ActivityThread.handleStopService:3698 android.app.ActivityThread.access$1700:200 
--------- switch to main
11-03 10:55:07.310335  1686  1686 E AlarmManager: cancel() called with a null PendingIntent
--------- switch to system
11-03 10:55:07.313804  1686  1686 V DreamService[AmbientDream]: onDestroy()
--------- switch to main
11-03 10:55:07.314950  1686  1799 E WifiStateMachine: getWifiLinkLayerStats called without an interface
11-03 10:55:07.317730  2520  2520 D HOME    : [HomeVisitsLogger]Logging streamlet event: visit_start
11-03 10:55:07.318150  2520  2520 D HOME    : [HomeVisitsLogger]Logging streamlet event: exit_ambient_mode
11-03 10:55:07.318605  2520  2520 D HOME    : [HotwordController]updateClient MODE_WATCH_FACE false false false true
11-03 10:55:07.319570  2520  2520 D HOME    : [WatchFaceUiController]setInAmbientMode false
11-03 10:55:07.319652  2520  2520 D HOME    : [WatchFaceUiController]sendWatchFaceServiceBinder
11-03 10:55:07.324765  2520  2520 D HOME    : [WatchFaceUiController]sendStateToWallpaper
11-03 10:55:07.326148  2520  2520 D HOME    : [WatchFaceUiController]Showing watch face wallpaper.
11-03 10:55:07.326305  2520  2520 D HOME    : [WatchFaceUiController]sendStateToWallpaper
11-03 10:55:07.329002  2520  2520 D HOME    : [StreamDBQueue]Promised revision #4700 to queue a new op
11-03 10:55:07.329256  2520  2520 D WatchStreamManager: Promised rank-blocked=true @ r#4700
11-03 10:55:07.329654  2520  2520 D HOME    : [StreamDBQueue]Promised revision #4701 to queue a new op
11-03 10:55:07.329784  2520  2520 D WatchStreamManager: Promised rank-blocked=true @ r#4701
11-03 10:55:07.329984  2520 12958 D HOME    : [WatchStreamDB]Item alerting conditions - isInterruptive: true, recentlyInterrupted: false, isItemPinned: false, isUnread: false
11-03 10:55:07.330280  2520  2520 D HOME    : [TilesController]Tile refresh optimization is enabled.
11-03 10:55:07.330314  2520 12958 D HOME    : [StreamAlertingRegulator]isTheaterModeEnabled: false, isAlertingAllowedByOffBody: true, matchesLocalInterruptionFilter: true
11-03 10:55:07.330545  2520 12958 D HOME    : [WatchStreamDB]couldItemAlert: false, isTopItemChanged: false, isDeferralForTopItem: false
11-03 10:55:07.330566  2520  2520 D HOME    : [EventBus]Wrapper pool is full. Discarding excess wrapper instance for event com.google.android.clockwork.sysui.events.KeyguardStateEvent
11-03 10:55:07.330636  2520  2520 D HOME    : [WatchFaceUiController]sendStateToWallpaper
11-03 10:55:07.332180  2520  2520 D HOME    : [EventBus]Wrapper pool is full. Discarding excess wrapper instance for event com.google.android.clockwork.sysui.events.KeyguardStateEvent
11-03 10:55:07.332464  2520  2520 D HOME    : [EventBus]Wrapper pool is full. Discarding excess wrapper instance for event com.google.android.clockwork.sysui.events.KeyguardStateEvent
11-03 10:55:07.336197  1686  1686 W AlarmManager: Unrecognized alarm listener com.android.server.job.controllers.-$$Lambda$IdleController$IdlenessTracker$nTdS-lGBXcES5VWKcJFmQFgU7IU@1ab437a
11-03 10:55:07.337127  2520  2520 D HOME    : [WatchFaceUiController]sendStateToWallpaper
11-03 10:55:07.340907  2520  2520 W StaticLayout: maxLineHeight should not be -1.  maxLines:1 lineCount:1
11-03 10:55:07.382621  2520 12958 D HOME    : [WatchStreamDB]Item alerting conditions - isInterruptive: true, recentlyInterrupted: false, isItemPinned: false, isUnread: false
11-03 10:55:07.382814  1686  1686 I WearPower: [WearTouchMediator] changing touch input to enabled (ON_AUTO)
11-03 10:55:07.383030  2520 12958 D HOME    : [StreamAlertingRegulator]isTheaterModeEnabled: false, isAlertingAllowedByOffBody: true, matchesLocalInterruptionFilter: true
11-03 10:55:07.383286  2520 12958 D HOME    : [WatchStreamDB]couldItemAlert: false, isTopItemChanged: false, isDeferralForTopItem: false
11-03 10:55:07.383811  1686  1759 I InputReader: Reconfiguring input devices.  changes=0x00000200
11-03 10:55:07.407755  2520  2520 D HOME    : [WatchFaceUiController]sendWatchFaceServiceBinder
--------- switch to kernel
11-03 10:55:07.277346     0     0 I init    : processing action (ro.enable_core_ctl=true && sys.cw_corectl_mode=perf) from (/vendor/etc/init/hw/init.qcom.rc:954)
11-03 10:55:07.278719     0     0 I CPU2    : update cpu_capacity 1024
--------- switch to main
11-03 10:55:07.412481  2520  2520 D HOME    : [WatchFaceUiController]sendProperties
11-03 10:55:07.416154  2520  2520 D HOME    : [WatchFaceUiController]sendStateToWallpaper
11-03 10:55:07.429693  1686  1686 W AlarmManagerProxy: Removing unknown listener
11-03 10:55:07.434275  1686  1686 W DefaultSettingsContentR: Value for ambient_low_bit_enabled not stored as number. Attempting parse as boolean.
11-03 10:55:07.439486  1686  1686 D HandsFreeClientShard: Connecting HandsFree client profile (retry).
11-03 10:55:07.442353  1686  1686 D BluetoothHeadsetClient: disconnect(14:3C:C3:AD:3D:53)
11-03 10:55:07.444553  1686  1686 D BluetoothHeadsetClient: connect(14:3C:C3:AD:3D:53)
--------- switch to kernel
11-03 10:55:07.302451     0     0 I CPU3    : update cpu_capacity 1024
11-03 10:55:07.306050     0     0 I CPU0    : update max cpu_capacity 748
--------- switch to main
11-03 10:55:07.445856  3205  3434 W WorkController: Loading failed for worker [trainingcache]: worker not found
11-03 10:55:07.447627  3205  3372 W A       : TrainingCache cache SCREEN_ON failure
11-03 10:55:07.447627  3205  3372 W A       : com.google.android.apps.gsa.search.core.service.h.a.a: No worker found for Worker ID [trainingcache].
11-03 10:55:07.447627  3205  3372 W A       : 	at com.google.android.apps.gsa.search.core.service.g.a.c.a(Unknown Source:5)
11-03 10:55:07.447627  3205  3372 W A       : 	at com.google.android.libraries.gsa.c.a.d.a(Unknown Source:3)
11-03 10:55:07.447627  3205  3372 W A       : 	at com.google.common.p.a.cg.c(Unknown Source:2)
11-03 10:55:07.447627  3205  3372 W A       : 	at com.google.common.p.a.bk.run(SourceFile:3)
11-03 10:55:07.447627  3205  3372 W A       : 	at com.google.common.p.a.ci.run(Unknown Source:4)
11-03 10:55:07.447627  3205  3372 W A       : 	at com.google.apps.tiktok.concurrent.ab.run(SourceFile:1)
11-03 10:55:07.447627  3205  3372 W A       : 	at java.util.concurrent.ThreadPoolExecutor.runWorker(ThreadPoolExecutor.java:1167)
11-03 10:55:07.447627  3205  3372 W A       : 	at java.util.concurrent.ThreadPoolExecutor$Worker.run(ThreadPoolExecutor.java:641)
11-03 10:55:07.447627  3205  3372 W A       : 	at com.google.apps.tiktok.concurrent.c.run(Unknown Source:4)
11-03 10:55:07.447627  3205  3372 W A       : 	at java.lang.Thread.run(Thread.java:764)
--------- switch to kernel
11-03 10:55:07.330026     0     0 I CPU2    : update max cpu_capacity 1024
--------- switch to main
11-03 10:55:07.455406 10095 10167 D HeadsetClientStateMachine: Disconnected process message: 1
11-03 10:55:07.457055 10095 10133 I bt_btif_queue: queue_int_add: adding connection request: address=14:3c:c3:ad:3d:53 UUID=111E busy=false
11-03 10:55:07.457169 10095 10133 I bt_btif_queue: btif_queue_connect_next: executing connection request: address=14:3c:c3:ad:3d:53 UUID=111E busy=false
11-03 10:55:07.457211 10095 10133 E bt_btif : is_connected: not connected!
11-03 10:55:07.457271 10095 10133 W bt_btif : bta_hf_client_find_cb_by_bda: bdaddr mismatch for handle 0 alloc 0
11-03 10:55:07.457303 10095 10133 W bt_btif : bta_hf_client_find_cb_by_bda: bdaddr mismatch for handle 1 alloc 0
11-03 10:55:07.457333 10095 10133 W bt_btif : bta_hf_client_find_cb_by_bda: bdaddr mismatch for handle 2 alloc 0
11-03 10:55:07.457361 10095 10133 W bt_btif : bta_hf_client_find_cb_by_bda: bdaddr mismatch for handle 3 alloc 0
11-03 10:55:07.457389 10095 10133 W bt_btif : bta_hf_client_find_cb_by_bda: bdaddr mismatch for handle 4 alloc 0
11-03 10:55:07.457415 10095 10133 W bt_btif : bta_hf_client_find_cb_by_bda: bdaddr mismatch for handle 5 alloc 0
11-03 10:55:07.457443 10095 10133 W bt_btif : bta_hf_client_find_cb_by_bda: bdaddr mismatch for handle 6 alloc 0
11-03 10:55:07.457471 10095 10133 W bt_btif : bta_hf_client_find_cb_by_bda: bdaddr mismatch for handle 7 alloc 0
11-03 10:55:07.457499 10095 10133 W bt_btif : bta_hf_client_find_cb_by_bda: bdaddr mismatch for handle 8 alloc 0
11-03 10:55:07.457526 10095 10133 W bt_btif : bta_hf_client_find_cb_by_bda: bdaddr mismatch for handle 9 alloc 0
11-03 10:55:07.457552 10095 10133 E bt_btif : bta_hf_client_find_cb_by_bda: block not found
11-03 10:55:07.470654 10095 10095 D AdapterProperties: PROFILE_CONNECTION_STATE_CHANGE: profile=16, device=14:3C:C3:AD:3D:53, 0 -> 1
11-03 10:55:07.471093 10095 10095 D AdapterProperties: ADAPTER_CONNECTION_STATE_CHANGE: 14:3C:C3:AD:3D:53: 0 -> 1
11-03 10:55:07.479828  5603  5603 D BtTelecomReceiver: onReceive: Intent { act=android.bluetooth.headsetclient.profile.action.CONNECTION_STATE_CHANGED flg=0x10 cmp=com.google.android.apps.wearable.bluetooth/com.google.android.clockwork.hfp.BtTelecomBroadcastReceiver (has extras) }
--------- switch to kernel
11-03 10:55:07.339743     0     0 I CPU3    : update max cpu_capacity 1024
--------- switch to main
11-03 10:55:07.482111  5603  5603 D BtTelecomReceiver: Hfp connection changed: -724754873 0 -> 1
--------- switch to system
11-03 10:55:07.483549  1686  1698 W BroadcastQueue: Background execution not allowed: receiving Intent { act=android.bluetooth.adapter.action.CONNECTION_STATE_CHANGED flg=0x4000010 (has extras) } to com.google.android.gms/.chimera.GmsIntentOperationService$PersistentTrustedReceiver
--------- switch to main
11-03 10:55:07.490662  2520  2520 D HOME    : [StreamDBQueue]Promised revision #4702 to queue a new op
11-03 10:55:07.490946  2520  2520 D WatchStreamManager: Promised rank-blocked=true @ r#4702
11-03 10:55:07.491504  2520 12759 D HOME    : [WatchStreamDB]Item alerting conditions - isInterruptive: true, recentlyInterrupted: false, isItemPinned: false, isUnread: false
11-03 10:55:07.491847  2520 12759 D HOME    : [StreamAlertingRegulator]isTheaterModeEnabled: false, isAlertingAllowedByOffBody: true, matchesLocalInterruptionFilter: true
11-03 10:55:07.492174  2520 12759 D HOME    : [WatchStreamDB]couldItemAlert: false, isTopItemChanged: false, isDeferralForTopItem: false
11-03 10:55:07.493021  2520  2714 D HOME    : [TickMonitor]Received time tick
11-03 10:55:07.493290  2520  2714 D HOME    : [TickMonitor]handleTimeTick() finished
11-03 10:55:07.549474   512   512 I sensors-hal: activate:107, android.sensor.light/46 en=0
11-03 10:55:07.551597   512   512 I sensors-hal: activate:118, android.sensor.light/46 en=0 completed
11-03 10:55:07.553682   512   512 I sensors-hal: batch:140, android.sensor.light/46, period=250000000, max_latency=0
11-03 10:55:07.553755   512   512 I sensors-hal: batch:149, android.sensor.light/46, period=250000000, max_latency=0 request completed
11-03 10:55:07.554113   512   512 I sensors-hal: activate:107, android.sensor.light/46 en=1
11-03 10:55:07.554431   512   512 I sensors-hal: ssc_enable_rt_task:254, ssc_enable_rt_task : true
11-03 10:55:07.556898   512   512 I sensors-hal: activate:118, android.sensor.light/46 en=1 completed
--------- switch to system
11-03 10:55:07.559807  1686  1686 V SettingsProvider: Notifying for 0: content://settings/system/screen_brightness
--------- switch to main
11-03 10:55:07.561093  1686  1686 I SidekickService: loadBrightnessLocked()
11-03 10:55:07.561850  1686  1686 D SidekickService: screenBrightness  = 55
11-03 10:55:07.562497  1686  1686 D SidekickService: sendConfigValuesLocked(): alsThresholds = [40, 92, 95, 100, 125, 150, 175, 200, 225, 250, 300, 400, 500, 800, 1200], brightnessValuesBright = [50, 56, 60, 70, 80, 90, 100, 115, 120, 140, 160, 180, 200, 220, 240, 255], brightnessValuesDim= [50, 56, 60, 70, 80, 90, 100, 115, 120, 140, 160, 180, 200, 220, 240, 255]
11-03 10:55:07.571902  1686  1686 D SidekickService: setAlsMode(): mode = 2, brightenAlpha = 80, dimmingAlpha = 80
11-03 10:55:07.583176  1686  1686 D SidekickService: setTwmConfig():: msTiltToBright = 10000, tiltToBright = false
11-03 10:55:07.631000   512 13323 I sensors-hal: handle_indication_realtime:355,  SCHED_FIFO(10) for qmi_cbk
11-03 10:55:08.266742   512   512 I sensors-hal: batch:140, android.sensor.accelerometer/48, period=66667000, max_latency=100000000
11-03 10:55:08.269571   512   512 I sensors-hal: batch:149, android.sensor.accelerometer/48, period=66667000, max_latency=100000000 request completed
11-03 10:55:08.270498  1686  1686 D DefaultUngazeDetector: Ungaze event occurred; emitting gesture event!
11-03 10:55:08.270621  1686  1686 D WristGestureCtrl: Gesture:GESTURE UNGAZE, timestamp(ms): 64786723, confidence: 0.0, latency(ms): 0, duration(ms): 977
11-03 10:55:08.271995   512   512 I sensors-hal: batch:140, android.sensor.accelerometer/48, period=19231000, max_latency=100000000
--------- switch to system
11-03 10:55:08.273847  1686  1686 I WindowManager: sleepRelease() calling goToSleep(GO_TO_SLEEP_REASON_SLEEP_BUTTON)
--------- switch to main
11-03 10:55:08.274142   512   512 I sensors-hal: batch:149, android.sensor.accelerometer/48, period=19231000, max_latency=100000000 request completed
--------- switch to system
11-03 10:55:08.274165  1686  1686 I PowerManagerService: Going to sleep due to sleep button (uid 1000)...
11-03 10:55:08.275855  1686  1712 I DreamManagerService: Entering dreamland.
--------- switch to main
11-03 10:55:08.276048   512   512 I sensors-hal: flush:169, android.sensor.accelerometer/48
--------- switch to system
