11-03 09:54:45.772199  2520 10917 D HOME    : [CwCal]CalendarEventsResolver:queryCalendarEventInstances:window=EventWindow{Wed Nov 03 00:00:00 GMT+01:00 2021,Fri Nov 05 23:59:59 GMT+01:00 2021}
11-03 09:54:45.775404  2520  2520 D HOME    : [WatchFaceUiController]sendWatchFaceServiceBinder
11-03 09:54:45.780577  2520  2520 D HOME    : [WatchFaceUiController]sendProperties
11-03 09:54:45.782221  2520  2520 D HOME    : [WatchFaceUiController]sendStateToWallpaper
11-03 09:54:45.810432  2520  2520 D HOME    : [AgendaController]Obtained events in UI thread: []
11-03 09:54:45.810932  2520  2520 D HOME    : [EventDiarizer]Constructing with window EventWindow{Wed Nov 03 00:00:00 GMT+01:00 2021,Fri Nov 05 23:59:59 GMT+01:00 2021}
11-03 09:54:45.814087  2520  2520 D HOME    : [AgendaMetricsLogger]eventDataNotPresent
11-03 09:54:45.814330  2520 11644 D HOME    : [DataRequester]cancelScheduledUpdates TileConfig{id=2, provider=ComponentInfo{com.google.android.wearable.app/com.google.android.clockwork.home.calendar.AgendaTileProviderService}}
11-03 09:54:45.814537  2520 11644 D HOME    : [DataRequester]cancelScheduledUpdates could not find jobId for provider 2
11-03 09:54:45.814765  2520 11644 D HOME    : [DataRequester]updateFinished 2
11-03 09:54:45.814872  2520 11644 D HOME    : [ProviderConnMgr]Unbinding from service
11-03 09:54:45.817367  2520 11644 D HOME    : [DataRequester]Scheduling job for TileConfig{id=2, provider=ComponentInfo{com.google.android.wearable.app/com.google.android.clockwork.home.calendar.AgendaTileProviderService}} delay=14400 jobId=2000146
11-03 09:54:45.834477   512  1749 I sensors-hal: activate:107, android.sensor.light/46 en=0
11-03 09:54:45.835501   512  1749 I sensors-hal: activate:118, android.sensor.light/46 en=0 completed
11-03 09:54:45.837248   512  1749 I sensors-hal: batch:140, android.sensor.light/46, period=250000000, max_latency=0
11-03 09:54:45.837299   512  1749 I sensors-hal: batch:149, android.sensor.light/46, period=250000000, max_latency=0 request completed
11-03 09:54:45.837564   512  1749 I sensors-hal: activate:107, android.sensor.light/46 en=1
11-03 09:54:45.837819   512  1749 I sensors-hal: ssc_enable_rt_task:254, ssc_enable_rt_task : true
11-03 09:54:45.840420   512  1749 I sensors-hal: activate:118, android.sensor.light/46 en=1 completed
--------- switch to system
11-03 09:54:45.844921  1686  1686 V SettingsProvider: Notifying for 0: content://settings/system/screen_brightness
--------- switch to main
11-03 09:54:45.846689  1686  1686 I SidekickService: loadBrightnessLocked()
11-03 09:54:45.848001  1686  1686 D SidekickService: screenBrightness  = 57
11-03 09:54:45.848522  1686  1686 D SidekickService: sendConfigValuesLocked(): alsThresholds = [40, 92, 95, 100, 125, 150, 175, 200, 225, 250, 300, 400, 500, 800, 1200], brightnessValuesBright = [50, 56, 60, 70, 80, 90, 100, 115, 120, 140, 160, 180, 200, 220, 240, 255], brightnessValuesDim= [50, 56, 60, 70, 80, 90, 100, 115, 120, 140, 160, 180, 200, 220, 240, 255]
11-03 09:54:45.861742  1686  1686 D SidekickService: setAlsMode(): mode = 2, brightenAlpha = 80, dimmingAlpha = 80
11-03 09:54:45.875431  1686  1686 D SidekickService: setTwmConfig():: msTiltToBright = 10000, tiltToBright = false
11-03 09:54:45.917943   512 11702 I sensors-hal: handle_indication_realtime:355,  SCHED_FIFO(10) for qmi_cbk
11-03 09:54:46.349392   512   512 I sensors-hal: batch:140, android.sensor.accelerometer/48, period=66667000, max_latency=100000000
11-03 09:54:46.352103   512   512 I sensors-hal: batch:149, android.sensor.accelerometer/48, period=66667000, max_latency=100000000 request completed
11-03 09:54:46.354665  1686  1686 D DefaultUngazeDetector: Ungaze event occurred; emitting gesture event!
11-03 09:54:46.354799  1686  1686 D WristGestureCtrl: Gesture:GESTURE UNGAZE, timestamp(ms): 61164876, confidence: 0.0, latency(ms): 0, duration(ms): 908
11-03 09:54:46.356465   512   512 I sensors-hal: batch:140, android.sensor.accelerometer/48, period=19231000, max_latency=100000000
--------- switch to system
11-03 09:54:46.360610  1686  1686 I WindowManager: sleepRelease() calling goToSleep(GO_TO_SLEEP_REASON_SLEEP_BUTTON)
11-03 09:54:46.361022  1686  1686 I PowerManagerService: Going to sleep due to sleep button (uid 1000)...
--------- switch to main
11-03 09:54:46.361845   512   512 I sensors-hal: batch:149, android.sensor.accelerometer/48, period=19231000, max_latency=100000000 request completed
11-03 09:54:46.362372   512   512 I sensors-hal: flush:169, android.sensor.accelerometer/48
--------- switch to system
11-03 09:54:46.363330  1686  1712 I DreamManagerService: Entering dreamland.
11-03 09:54:46.363713  1686  1686 W UsageStatsService: Event reported without a package name
11-03 09:54:46.364164  1686  1712 I PowerManagerService: Dozing...
--------- switch to main
11-03 09:54:46.366547   512   512 I sensors-hal: flush:175, android.sensor.accelerometer/48 completed
--------- switch to system
11-03 09:54:46.373802  1686  1708 I DreamController: Starting dream: name=ComponentInfo{com.google.android.wearable.ambient/com.google.android.wearable.ambient.AmbientDream}, isTest=false, canDoze=true, userId=0
11-03 09:54:46.389632  1686  1686 W ContextImpl: Calling a method in the system process without a qualified user: android.app.ContextImpl.bindService:1611 android.content.ContextWrapper.bindService:698 com.google.android.wearable.ambient.AmbientDream.onCreate:191 android.app.ActivityThread.handleCreateService:3533 android.app.ActivityThread.access$1300:200 
11-03 09:54:46.391914  1686  1686 W ContextImpl: Calling a method in the system process without a qualified user: android.app.ContextImpl.sendBroadcast:1005 android.content.ContextWrapper.sendBroadcast:444 com.google.android.wearable.ambient.AmbientDream.onCreate:241 android.app.ActivityThread.handleCreateService:3533 android.app.ActivityThread.access$1300:200 
11-03 09:54:46.392458  1686  1686 V DreamService[AmbientDream]: onBind() intent = Intent { act=android.service.dreams.DreamService flg=0x800000 cmp=com.google.android.wearable.ambient/.AmbientDream }
--------- switch to main
11-03 09:54:46.393749  1686  1686 I AmbientService: [ce6a28c] Ambient Created
--------- switch to system
11-03 09:54:46.394439  1686  1686 V DreamService[AmbientDream]: Calling onDreamingStarted()
--------- switch to main
11-03 09:54:46.394564  1686  1686 I AmbientService: [ce6a28c] doOnDreamingStarted
11-03 09:54:46.395008  1686  1686 D SidekickService: setShouldControlDisplay called: true
11-03 09:54:46.396015  1686  1686 I AmbientService: [ce6a28c] Selected running activity for ambient mode: AmbientActivity[component=ComponentInfo{com.google.android.wearable.app/com.google.android.clockwork.home2.activity.HomeActivity2}, callbacks=@210b385, running=true, ambientRequested=true, ambientEnabled=true, offloadEnabled=true]
11-03 09:54:46.396575  1686  1686 I AmbientService: [ce6a28c] Sidekick is ready to display, requesting doze.
11-03 09:54:46.399909  1686  1686 I AmbientService: [ce6a28c] No auto-resume Activity.
11-03 09:54:46.401200  2520  2520 D HOME    : [HomeVisitsLogger]Logging streamlet event: enter_ambient_mode
11-03 09:54:46.402416  2520  2520 D HOME    : [HotwordController]updateClient MODE_WATCH_FACE false true false true
11-03 09:54:46.404217  2520  2520 D HOME    : [WatchFaceUiController]setInAmbientMode true
11-03 09:54:46.406401  2520 11644 D HOME    : [HomeVisitsLogger]Logging streamlet event: visit_end
11-03 09:54:46.406725  2520  2520 D HOME    : [StreamDBQueue]Promised revision #3735 to queue a new op
11-03 09:54:46.406916  2520  2520 D WatchStreamManager: Promised rank-blocked=false @ r#3735
11-03 09:54:46.407491  2520  2520 D HOME    : [StreamDBQueue]Promised revision #3736 to queue a new op
11-03 09:54:46.407687  2520  2520 D WatchStreamManager: Promised rank-blocked=false @ r#3736
11-03 09:54:46.408483  2520 10295 D HOME    : [WatchStreamDB]Item alerting conditions - isInterruptive: false, recentlyInterrupted: false, isItemPinned: false, isUnread: false
11-03 09:54:46.408539  2520  2520 D HOME    : [EventBus]Wrapper pool is full. Discarding excess wrapper instance for event com.google.android.clockwork.sysui.events.KeyguardStateEvent
11-03 09:54:46.408610  2520  2520 D HOME    : [WatchFaceUiController]sendStateToWallpaper
11-03 09:54:46.410295  2520 11078 I SidekickManager: replaceWatchFaceComponentsImpl(): watchFace = com.google.android.clockwork.decomposablewatchface.WatchFaceDecomposition@4474194
11-03 09:54:46.410455  2520 10449 D HOME    : [StreamDBQueue]Promised revision #3737 to queue a new op
11-03 09:54:46.410447  2520  2520 D HOME    : [EventBus]Wrapper pool is full. Discarding excess wrapper instance for event com.google.android.clockwork.sysui.events.KeyguardStateEvent
11-03 09:54:46.410582  2520 10449 D WatchStreamManager: Promised rerank @ r#3737
11-03 09:54:46.410679  2520  2520 D HOME    : [EventBus]Wrapper pool is full. Discarding excess wrapper instance for event com.google.android.clockwork.sysui.events.KeyguardStateEvent
11-03 09:54:46.411393  1686  1686 W DefaultSettingsContentR: Value for ambient_low_bit_enabled not stored as number. Attempting parse as boolean.
11-03 09:54:46.412001  1686  2583 D SidekickService: sendWatchFaceComponents called: watchFace = com.google.android.clockwork.decomposablewatchface.WatchFaceDecomposition@829e1b6shouldReplace = false
11-03 09:54:46.412213  1686  2583 D SidekickService: Check decomposition for calling app com.google.android.wearable.app with uid 10049
11-03 09:54:46.412545  1686  2583 D SidekickService: sendWatchFaceLocked(): shouldReplace = false, mSidekickIsControlling = false, 1 images, 0 fonts, 0 numbers, 0 proportionalFonts, 0 strings
11-03 09:54:46.412603  1686  2583 D SidekickService: ISidekickGraphics#beginResources()...
11-03 09:54:46.413662  1686  2583 D SidekickServiceUtils: bitmapFromDrawable: Returning bitmap directly
11-03 09:54:46.415022  1686  2583 D SidekickService: sendBitmapsLocked(): bounds = RectF(0.0, 0.0, 0.0024038462, 0.0024038462), drawableInfo = {.id = 100000, .width = 1, .height = 1, .display = true, .offsetX = 0.0, .offsetY = 0.0, .rotationInfo = {.hasRotation = false, .pivotX = 0.0, .pivotY = 0.0, .degreesPerDay = 0.0, .degreesPerStep = 0.0, .zeroDegreesTime = {.daysSinceLocalEpoch = 0, .msSinceMidnight = 0}}, .transformInfo = {.transformed = false, .flipX = false, .flipY = false, .flip45 = false, .scaleX = 0.0, .scaleY = 0.0}, .type = GENERIC, .blink = {.blinking = false, .periodOnMs = 0.0, .periodOffMs = 0.0, .startTime = {.daysSinceLocalEpoch = 0, .msSinceMidnight = 0}}, .zOrder = 8, .displayInTwm = true}, image.size() = 84
11-03 09:54:46.415796   416  2389 D SKGHAL  : saveResource: resId = 100000
11-03 09:54:46.416211  1686  2583 D SidekickService: sendBitmapsLocked(): status = 0, bytesUsed = 18
11-03 09:54:46.416393  1686  2583 D SidekickService: ISidekickGraphics#endResources()...
11-03 09:54:46.408830  2520 10295 D HOME    : [StreamAlertingRegulator]isTheaterModeEnabled: false, isAlertingAllowedByOffBody: true, matchesLocalInterruptionFilter: true
11-03 09:54:46.417341  2520 10295 D HOME    : [WatchStreamDB]couldItemAlert: false, isTopItemChanged: false, isDeferralForTopItem: false
11-03 09:54:46.418371  2520 10295 D HOME    : [WatchStreamDB]Item alerting conditions - isInterruptive: false, recentlyInterrupted: false, isItemPinned: false, isUnread: false
11-03 09:54:46.420113  2520 10295 D HOME    : [StreamAlertingRegulator]isTheaterModeEnabled: false, isAlertingAllowedByOffBody: true, matchesLocalInterruptionFilter: true
11-03 09:54:46.420523  2520 10295 D HOME    : [WatchStreamDB]couldItemAlert: false, isTopItemChanged: false, isDeferralForTopItem: false
11-03 09:54:46.420999  2520 10295 D HOME    : [WatchStreamDB]updateRanking()
11-03 09:54:46.421435  2520 10295 D HOME    : [WatchStreamDB]Item alerting conditions - isInterruptive: false, recentlyInterrupted: false, isItemPinned: false, isUnread: false
11-03 09:54:46.421709  2520 10295 D HOME    : [StreamAlertingRegulator]isTheaterModeEnabled: false, isAlertingAllowedByOffBody: true, matchesLocalInterruptionFilter: true
11-03 09:54:46.421935  2520 10295 D HOME    : [WatchStreamDB]couldItemAlert: false, isTopItemChanged: false, isDeferralForTopItem: false
11-03 09:54:46.424783  2520 10295 D HOME    : [NewStreamAdapter]Publishing revision #3737 to adapter clients
11-03 09:54:46.426067  2520 10449 D HOME    : [StreamDBQueue]Promised revision #3738 to queue a new op
11-03 09:54:46.426412  2520 10449 D WatchStreamManager: Promised rerank @ r#3738
11-03 09:54:46.426627  2520 11200 D HOME    : [WatchStreamDB]updateRanking()
11-03 09:54:46.427178  2520 11200 D HOME    : [WatchStreamDB]Item alerting conditions - isInterruptive: false, recentlyInterrupted: false, isItemPinned: false, isUnread: false
11-03 09:54:46.427514  2520 11200 D HOME    : [StreamAlertingRegulator]isTheaterModeEnabled: false, isAlertingAllowedByOffBody: true, matchesLocalInterruptionFilter: true
11-03 09:54:46.427782  2520 11200 D HOME    : [WatchStreamDB]couldItemAlert: false, isTopItemChanged: false, isDeferralForTopItem: false
11-03 09:54:46.428682  2520 11200 D HOME    : [NewStreamAdapter]Publishing revision #3738 to adapter clients
11-03 09:54:46.692950   416  2389 D SKGHAL  : sendResources: metadata size = 2400, font size = 72
11-03 09:54:46.756813   416  2389 D SKGHAL  : endResources: rc = 0
11-03 09:54:46.758025  1686  1686 W system_server: Long monitor contention with owner Binder:1686_B (2583) at int com.google.android.clockwork.sidekick.SidekickService$BinderService.sendWatchFace(com.google.android.clockwork.decomposablewatchface.WatchFaceDecomposition, boolean)(SidekickService.java:1021) waiters=0 in boolean com.google.android.clockwork.sidekick.SidekickService$BinderService.readyToDisplay() for 343ms
11-03 09:54:46.758632  1686  1686 I AmbientService: [ce6a28c] Showing watch face in offload mode, canceling alarm.
11-03 09:54:46.758708  1686  1686 W AlarmManagerProxy: Removing unknown listener
11-03 09:54:46.758915  1686  1686 D WristGestureCtrl: Stopping detectors: GesturesEnabled-false gestureDetector-false ungazeEnabled-true ungaze-true
11-03 09:54:46.758985  1686  1686 D DefaultUngazeDetector: stopping
--------- switch to system
11-03 09:54:46.759419  1686  1686 W Looper  : Slow dispatch took 364ms main h=android.os.Handler c=android.service.dreams.DreamService$1@55ebeb7 m=0
--------- switch to main
11-03 09:54:46.760782   512   512 I sensors-hal: batch:140, android.sensor.accelerometer/48, period=66667000, max_latency=100000000
--------- switch to system
11-03 09:54:46.762504  1686  1686 W Looper  : Slow delivery took 367ms main h=android.app.ActivityThread$H c=android.app.-$$Lambda$LoadedApk$ReceiverDispatcher$Args$_BumDX2UKsnxLVrE6UJsJZkotuA@ffd2624 m=0
--------- switch to main
11-03 09:54:46.763107   512   512 I sensors-hal: batch:149, android.sensor.accelerometer/48, period=66667000, max_latency=100000000 request completed
11-03 09:54:46.763889  2520  2520 W StaticLayout: maxLineHeight should not be -1.  maxLines:1 lineCount:1
--------- switch to system
11-03 09:54:46.765076  1686  1686 W Looper  : Drained
--------- switch to main
11-03 09:54:46.783625   512   512 I sensors-hal: activate:107, android.sensor.light/46 en=0
--------- switch to kernel
11-03 09:54:46.669839     0     0 E FG      : fg_psy_get_property: unsupported property 7
11-03 09:54:46.672079     0     0 W healthd : battery l=19 v=3743 t=26.0 h=2 st=3 c=5 fc=443000 cc=0 chg=
--------- switch to main
11-03 09:54:46.784863  1956  1956 D QtiCarrierConfigHelper: WARNING, no carrier configs on phone Id: 0
11-03 09:54:46.785424   512   512 I sensors-hal: activate:118, android.sensor.light/46 en=0 completed
11-03 09:54:46.799624  2520  2520 D HOME    : [SidekickManagerAsync]replaceWatchFaceComponents(): Callback#onResult(): 0
11-03 09:54:46.800528  2520  2520 D HOME    : [BatteryChange]action: android.intent.action.BATTERY_CHANGED
11-03 09:54:46.800880  2520  2520 D HOME    : [WatchFaceUiController]Complication updates sent, posting watch face hiding
11-03 09:54:46.800972  2520  2520 D HOME    : [WatchFaceUiController]Still in ambient watch face, hiding
11-03 09:54:46.801000  2520 11078 D HOME    : [BatteryChange]HandleBatteryChangedTask
11-03 09:54:46.801031  2520  2520 D HOME    : [WatchFaceUiController]Hiding watch face wallpaper.
11-03 09:54:46.801366  2520 11078 D HOME    : [BatteryChange]level: 19, status: 3
--------- switch to system
11-03 09:54:46.803824  1686  1710 I DisplayManagerService: Display device changed state: "Écran intégré", DOZE_SUSPEND
--------- switch to main
11-03 09:54:46.803891   545   545 D SurfaceFlinger: Set power mode=3, type=0 flinger=0xb6bb6000
11-03 09:54:46.804452   504   762 I SDM     : DisplayBase::SetDisplayState: Set state = 3, display 0
11-03 09:54:46.816868  1686  1759 I InputReader: Reconfiguring input devices.  changes=0x00000004
11-03 09:54:46.859088   545   545 D SurfaceFlinger: Finished set power mode=3, type=0
11-03 09:54:46.859769  1686  1823 I SidekickService: beginDisplayLocked(): DOZE_SUSPEND
11-03 09:54:46.860411   416  2389 D SKGHAL  : sendAmbientPrepare: enter:
--------- switch to kernel
11-03 09:54:46.701681     0     0 I mdss_dsi_panel_set_idle_mode: Idle (0->1)
11-03 09:54:46.748707     0     0 W mdss_resync_timeline: flush mdss_fb_0:1 TL(Nxt 72357 , Crnt 72356)
11-03 09:54:46.748778     0     0 I         : [touch]FB_BLANK_VSYNC_SUSPEND
11-03 09:54:46.748785     0     0 I         : [touch]irq disable
11-03 09:54:46.748789     0     0 I         : [touch]workqueue is empty!
11-03 09:54:46.748793     0     0 I         : [touch]raydium_ts_do_suspend.
11-03 09:54:46.748804     0     0 I         : [touch]Device may wakeup
11-03 09:54:46.751704     0     0 I         : [touch]irq enable
--------- switch to main
11-03 09:54:46.989916   416  2389 D SKGHAL  : sendAmbientEvent: enter: enable = 1
11-03 09:54:46.991067   504   523 I SDM     : DisplayBase::SetDisplayState: Set state = 4, display 0
11-03 09:54:46.991160   504   523 D SDM     : HWCDisplayPrimary::SetStandByMode: Null display is connected successfully
11-03 09:54:46.991325   416  2389 D SKGHAL  : standBy_update_control call succeed on 1
11-03 09:54:46.999175   416  2389 D SKGHAL  : sendAmbientEvent: done: enable = 1
11-03 09:54:46.999529  1686  1823 D SidekickService:    ... beginDisplay result: 0 for halPower: 1
11-03 09:54:47.002365   512   512 I sensors-hal: activate:107, android.sensor.accelerometer/48 en=0
11-03 09:54:47.003776   512   512 I sensors-hal: activate:118, android.sensor.accelerometer/48 en=0 completed
11-03 09:54:47.009065  1686  1799 E WifiStateMachine: getWifiLinkLayerStats called without an interface
--------- switch to kernel
11-03 09:54:46.899692     0     0 E bgrsb   : bgrsb_enable: gpio 32 is valid
--------- switch to main
11-03 09:54:47.031449  1686  1686 I WearPower: [WearTouchMediator] changing touch input to enabled (ON_AUTO)
11-03 09:54:47.032976  1686  1759 I InputReader: Reconfiguring input devices.  changes=0x00000200
11-03 09:54:47.042027  1686  1686 I AmbientService: [ce6a28c] Timeout alarm not required, auto-resume timeout handled by dream.
--------- switch to kernel
11-03 09:54:46.928920     0     0 I init    : processing action (ro.enable_core_ctl=true && sys.cw_corectl_mode=idle) from (/vendor/etc/init/hw/init.qcom.rc:949)
--------- switch to main
11-03 09:54:47.053038  3205  3434 W WorkController: Loading failed for worker [trainingcache]: worker not found
11-03 09:54:47.055303  3205  3294 W A       : TrainingCache cache SCREEN_OFF failure
11-03 09:54:47.055303  3205  3294 W A       : com.google.android.apps.gsa.search.core.service.h.a.a: No worker found for Worker ID [trainingcache].
11-03 09:54:47.055303  3205  3294 W A       : 	at com.google.android.apps.gsa.search.core.service.g.a.c.a(Unknown Source:5)
11-03 09:54:47.055303  3205  3294 W A       : 	at com.google.android.libraries.gsa.c.a.d.a(Unknown Source:3)
11-03 09:54:47.055303  3205  3294 W A       : 	at com.google.common.p.a.cg.c(Unknown Source:2)
11-03 09:54:47.055303  3205  3294 W A       : 	at com.google.common.p.a.bk.run(SourceFile:3)
11-03 09:54:47.055303  3205  3294 W A       : 	at com.google.common.p.a.ci.run(Unknown Source:4)
11-03 09:54:47.055303  3205  3294 W A       : 	at com.google.apps.tiktok.concurrent.ab.run(SourceFile:1)
11-03 09:54:47.055303  3205  3294 W A       : 	at java.util.concurrent.ThreadPoolExecutor.runWorker(ThreadPoolExecutor.java:1167)
11-03 09:54:47.055303  3205  3294 W A       : 	at java.util.concurrent.ThreadPoolExecutor$Worker.run(ThreadPoolExecutor.java:641)
11-03 09:54:47.055303  3205  3294 W A       : 	at com.google.apps.tiktok.concurrent.c.run(Unknown Source:4)
11-03 09:54:47.055303  3205  3294 W A       : 	at java.lang.Thread.run(Thread.java:764)
11-03 09:54:47.069137  2520  2520 D HOME    : [StreamDBQueue]Promised revision #3739 to queue a new op
11-03 09:54:47.069487  2520  2520 D WatchStreamManager: Promised rank-blocked=false @ r#3739
11-03 09:54:47.069801  2520  2520 D HOME    : [CompactHunStarter]detachWindow()
11-03 09:54:47.070185  2520 11078 D HOME    : [WatchStreamDB]Item alerting conditions - isInterruptive: false, recentlyInterrupted: false, isItemPinned: false, isUnread: false
11-03 09:54:47.070322  2520 10449 D HOME    : [StreamDBQueue]Promised revision #3740 to queue a new op
11-03 09:54:47.070465  2520 10449 D WatchStreamManager: Promised rerank @ r#3740
11-03 09:54:47.070544  2520 11078 D HOME    : [StreamAlertingRegulator]isTheaterModeEnabled: false, isAlertingAllowedByOffBody: true, matchesLocalInterruptionFilter: true
11-03 09:54:47.070815  2520 11078 D HOME    : [WatchStreamDB]couldItemAlert: false, isTopItemChanged: false, isDeferralForTopItem: false
11-03 09:54:47.071373  2520 11078 D HOME    : [WatchStreamDB]updateRanking()
11-03 09:54:47.071924  2520 11078 D HOME    : [WatchStreamDB]Item alerting conditions - isInterruptive: false, recentlyInterrupted: false, isItemPinned: false, isUnread: false
11-03 09:54:47.072335  2520 11078 D HOME    : [StreamAlertingRegulator]isTheaterModeEnabled: false, isAlertingAllowedByOffBody: true, matchesLocalInterruptionFilter: true
11-03 09:54:47.072605  2520 11078 D HOME    : [WatchStreamDB]couldItemAlert: false, isTopItemChanged: false, isDeferralForTopItem: false
11-03 09:54:47.074323  2520 11078 D HOME    : [NewStreamAdapter]Publishing revision #3740 to adapter clients
--------- switch to kernel
11-03 09:54:47.093957     0     0 I PM      : suspend entry 2021-11-03 08:54:47.093957653 UTC
11-03 09:54:47.093968     0     0 I PM      : Syncing filesystems ...
11-03 09:54:47.123451     0     0 I CPU1    : update max cpu_capacity 748
11-03 09:54:47.133710     0     0 I CPU3    : update max cpu_capacity 1024
11-03 09:54:47.138991     0     0 I         : done.
11-03 09:54:47.157872     0     0 I CPU2    : shutdown
--------- switch to system
11-03 09:54:47.175553  1686  1686 I PowerManagerService: Waking up from dozing (uid=1000 reason=tiltToWake)...
11-03 09:54:47.181007  1686  1686 W UsageStatsService: Event reported without a package name
--------- switch to kernel
11-03 09:54:47.159630     0     0 I         : Freezing user space processes ...
11-03 09:54:47.166720     0     0 I PM      : Wakeup pending, aborting suspend
11-03 09:54:47.166774     0     0 I         : active wakeup source: NETLINK
11-03 09:54:47.166825     0     0 E         : Freezing of tasks aborted after 0.007 seconds
11-03 09:54:47.166841     0     0 I         : Restarting tasks ...
11-03 09:54:47.167526     0     0 W QSEECOM : qseecom_receive_req: Interrupted: exiting Listener Service = 12288
11-03 09:54:47.167587     0     0 W QSEECOM : qseecom_receive_req: Interrupted: exiting Listener Service = 28672
11-03 09:54:47.167714     0     0 W QSEECOM : qseecom_receive_req: Interrupted: exiting Listener Service = 8192
11-03 09:54:47.167934     0     0 W QSEECOM : qseecom_receive_req: Interrupted: exiting Listener Service = 11
11-03 09:54:47.168002     0     0 W QSEECOM : qseecom_receive_req: Interrupted: exiting Listener Service = 10
11-03 09:54:47.170299     0     0 I init    : Command 'write /sys/devices/system/cpu/cpu2/online 0' action=ro.enable_core_ctl=true && sys.cw_corectl_mode=idle (/vendor/etc/init/hw/init.qcom.rc:951) took 134ms and succeeded
11-03 09:54:47.174043     0     0 I         : done.
11-03 09:54:47.175034     0     0 I PM      : suspend exit 2021-11-03 08:54:47.175034164 UTC
11-03 09:54:47.196948     0     0 E FG      : fg_psy_get_property: unsupported property 7
11-03 09:54:47.091551     0     0 W healthd : battery l=19 v=3652 t=27.0 h=2 st=3 c=140 fc=443000 cc=0 chg=
--------- switch to main
11-03 09:54:47.209810   512   512 I sensors-hal: batch:140, android.sensor.light/46, period=100000000, max_latency=0
11-03 09:54:47.209907   512   512 I sensors-hal: batch:149, android.sensor.light/46, period=100000000, max_latency=0 request completed
11-03 09:54:47.210753   512   512 I sensors-hal: activate:107, android.sensor.light/46 en=1
11-03 09:54:47.211066   512   512 I sensors-hal: ssc_enable_rt_task:254, ssc_enable_rt_task : true
11-03 09:54:47.213823   512   512 I sensors-hal: activate:118, android.sensor.light/46 en=1 completed
11-03 09:54:47.215090  1686  1823 I SidekickService: endDisplayLocked()
--------- switch to system
11-03 09:54:47.215382  1686  1710 I DisplayManagerService: Display device changed state: "Écran intégré", ON
--------- switch to main
11-03 09:54:47.215507   416  2389 D SKGHAL  : sendAmbientEvent: enter: enable = 0
11-03 09:54:47.225717  4243  4243 D OMService: onDisplayChanged: not dozing
11-03 09:54:47.226900  1686  1759 I InputReader: Reconfiguring input devices.  changes=0x00000004
11-03 09:54:47.227504   512   512 I sensors-hal: batch:140, android.sensor.accelerometer/48, period=66667000, max_latency=100000000
11-03 09:54:47.227551   512   512 I sensors-hal: batch:149, android.sensor.accelerometer/48, period=66667000, max_latency=100000000 request completed
11-03 09:54:47.228536   512   512 I sensors-hal: activate:107, android.sensor.accelerometer/48 en=1
11-03 09:54:47.228827   512   512 I sensors-hal: ssc_enable_rt_task:254, ssc_enable_rt_task : true
11-03 09:54:47.230883   512   512 I sensors-hal: activate:118, android.sensor.accelerometer/48 en=1 completed
11-03 09:54:47.236039  2520  2520 D HOME    : [BatteryChange]action: android.intent.action.BATTERY_CHANGED
11-03 09:54:47.236523  2520 10449 D HOME    : [BatteryChange]HandleBatteryChangedTask
11-03 09:54:47.237353  1956  1956 D QtiCarrierConfigHelper: WARNING, no carrier configs on phone Id: 0
11-03 09:54:47.237841  2520 10449 D HOME    : [BatteryChange]level: 19, status: 3
11-03 09:54:47.243818  1686  1799 E WifiStateMachine: getWifiLinkLayerStats called without an interface
--------- switch to system
11-03 09:54:47.246200  1686  1702 W BroadcastQueue: Background execution not allowed: receiving Intent { act=android.intent.action.USER_PRESENT flg=0x10 } to com.google.android.gms/.auth.setup.devicesignals.LockScreenReceiver
11-03 09:54:47.246605  1686  1702 W BroadcastQueue: Background execution not allowed: receiving Intent { act=android.intent.action.USER_PRESENT flg=0x10 } to com.google.android.gms/.chimera.GmsIntentOperationService$PersistentTrustedReceiver
--------- switch to main
11-03 09:54:47.247303  3205  3434 W WorkController: Loading failed for worker [trainingcache]: worker not found
11-03 09:54:47.249580  3205  3372 W A       : TrainingCache cache DEVICE_UNLOCKED failure
11-03 09:54:47.249580  3205  3372 W A       : com.google.android.apps.gsa.search.core.service.h.a.a: No worker found for Worker ID [trainingcache].
11-03 09:54:47.249580  3205  3372 W A       : 	at com.google.android.apps.gsa.search.core.service.g.a.c.a(Unknown Source:5)
11-03 09:54:47.249580  3205  3372 W A       : 	at com.google.android.libraries.gsa.c.a.d.a(Unknown Source:3)
11-03 09:54:47.249580  3205  3372 W A       : 	at com.google.common.p.a.cg.c(Unknown Source:2)
11-03 09:54:47.249580  3205  3372 W A       : 	at com.google.common.p.a.bk.run(SourceFile:3)
11-03 09:54:47.249580  3205  3372 W A       : 	at com.google.common.p.a.ci.run(Unknown Source:4)
11-03 09:54:47.249580  3205  3372 W A       : 	at com.google.apps.tiktok.concurrent.ab.run(SourceFile:1)
11-03 09:54:47.249580  3205  3372 W A       : 	at java.util.concurrent.ThreadPoolExecutor.runWorker(ThreadPoolExecutor.java:1167)
11-03 09:54:47.249580  3205  3372 W A       : 	at java.util.concurrent.ThreadPoolExecutor$Worker.run(ThreadPoolExecutor.java:641)
11-03 09:54:47.249580  3205  3372 W A       : 	at com.google.apps.tiktok.concurrent.c.run(Unknown Source:4)
11-03 09:54:47.249580  3205  3372 W A       : 	at java.lang.Thread.run(Thread.java:764)
--------- switch to kernel
11-03 09:54:47.148925     0     0 I CPU1    : update max cpu_capacity 748
--------- switch to main
11-03 09:54:47.276204  1686  1686 I WearPower: [WearTouchMediator] changing touch input to enabled (ON_AUTO)
11-03 09:54:47.277181  1686  1759 I InputReader: Reconfiguring input devices.  changes=0x00000200
--------- switch to kernel
11-03 09:54:47.177552     0     0 W         : IRQ21 no longer affine to CPU3
11-03 09:54:47.178244     0     0 I CPU3    : shutdown
11-03 09:54:47.180366     0     0 I init    : Command 'write /sys/devices/system/cpu/cpu3/online 0' action=ro.enable_core_ctl=true && sys.cw_corectl_mode=idle (/vendor/etc/init/hw/init.qcom.rc:952) took 116ms and succeeded
11-03 09:54:47.182828     0     0 I init    : processing action (ro.enable_core_ctl=true && sys.cw_corectl_mode=perf) from (/vendor/etc/init/hw/init.qcom.rc:954)
11-03 09:54:47.183966     0     0 I CPU2    : update cpu_capacity 1024
--------- switch to main
11-03 09:54:47.294569  1686  1686 D WristGestureCtrl: Starting: GesturesEnabled-false UngazeEnabled-true
11-03 09:54:47.294681  1686  1686 D DefaultUngazeDetector: starting
11-03 09:54:47.294741  1686  1686 D DefaultUngazeDetector: startUngazeStateEstimation(). startTime = 61166724
11-03 09:54:47.294896  1686  1686 W AlarmManagerProxy: Removing unknown listener
11-03 09:54:47.296221  1686  1686 W DefaultSettingsContentR: Value for ambient_low_bit_enabled not stored as number. Attempting parse as boolean.
11-03 09:54:47.296356   512   512 I sensors-hal: batch:140, android.sensor.accelerometer/48, period=19231000, max_latency=100000000
11-03 09:54:47.298403   512   512 I sensors-hal: batch:149, android.sensor.accelerometer/48, period=19231000, max_latency=100000000 request completed
11-03 09:54:47.298749   512   512 I sensors-hal: flush:169, android.sensor.accelerometer/48
11-03 09:54:47.299590   512   512 I sensors-hal: flush:175, android.sensor.accelerometer/48 completed
11-03 09:54:47.306188  3205  3434 W WorkController: Loading failed for worker [trainingcache]: worker not found
11-03 09:54:47.307243  3205  3294 W A       : TrainingCache cache SCREEN_ON failure
11-03 09:54:47.307243  3205  3294 W A       : com.google.android.apps.gsa.search.core.service.h.a.a: No worker found for Worker ID [trainingcache].
11-03 09:54:47.307243  3205  3294 W A       : 	at com.google.android.apps.gsa.search.core.service.g.a.c.a(Unknown Source:5)
11-03 09:54:47.307243  3205  3294 W A       : 	at com.google.android.libraries.gsa.c.a.d.a(Unknown Source:3)
11-03 09:54:47.307243  3205  3294 W A       : 	at com.google.common.p.a.cg.c(Unknown Source:2)
11-03 09:54:47.307243  3205  3294 W A       : 	at com.google.common.p.a.bk.run(SourceFile:3)
11-03 09:54:47.307243  3205  3294 W A       : 	at com.google.common.p.a.ci.run(Unknown Source:4)
11-03 09:54:47.307243  3205  3294 W A       : 	at com.google.apps.tiktok.concurrent.ab.run(SourceFile:1)
11-03 09:54:47.307243  3205  3294 W A       : 	at java.util.concurrent.ThreadPoolExecutor.runWorker(ThreadPoolExecutor.java:1167)
11-03 09:54:47.307243  3205  3294 W A       : 	at java.util.concurrent.ThreadPoolExecutor$Worker.run(ThreadPoolExecutor.java:641)
11-03 09:54:47.307243  3205  3294 W A       : 	at com.google.apps.tiktok.concurrent.c.run(Unknown Source:4)
11-03 09:54:47.307243  3205  3294 W A       : 	at java.lang.Thread.run(Thread.java:764)
11-03 09:54:47.325279  2520  2520 D HOME    : [StreamDBQueue]Promised revision #3741 to queue a new op
11-03 09:54:47.325588  2520  2520 D WatchStreamManager: Promised rank-blocked=true @ r#3741
11-03 09:54:47.326486  2520 10449 D HOME    : [WatchStreamDB]Item alerting conditions - isInterruptive: false, recentlyInterrupted: false, isItemPinned: false, isUnread: false
11-03 09:54:47.326848  2520 10449 D HOME    : [StreamAlertingRegulator]isTheaterModeEnabled: false, isAlertingAllowedByOffBody: true, matchesLocalInterruptionFilter: true
11-03 09:54:47.327045  2520 10449 D HOME    : [WatchStreamDB]couldItemAlert: false, isTopItemChanged: false, isDeferralForTopItem: false
--------- switch to kernel
11-03 09:54:47.201611     0     0 I CPU3    : update cpu_capacity 1024
11-03 09:54:47.206786     0     0 I CPU1    : update max cpu_capacity 748
11-03 09:54:47.210735     0     0 I CPU2    : update max cpu_capacity 1024
11-03 09:54:47.225415     0     0 E bgrsb   : bgrsb_enable: rsb will set report rate
11-03 09:54:47.247279     0     0 I CPU0    : update max cpu_capacity 748
11-03 09:54:47.257248     0     0 I CPU3    : update max cpu_capacity 1024
11-03 09:54:47.260599     0     0 E bgrsb   : bgrsb_enable: gpio 32 is valid
--------- switch to main
11-03 09:54:47.407532   504   523 I SDM     : DisplayBase::SetDisplayState: Set state = 3, display 0
11-03 09:54:47.407758   504   523 D SDM     : HWCDisplayPrimary::SetStandByMode: Display is connected successfully
11-03 09:54:47.408071   416  2389 D SKGHAL  : standBy_update_control call succeed on 0
11-03 09:54:47.408137   416  2389 D SKGHAL  : sendAmbientEvent: done: enable = 0
11-03 09:54:47.408885  1686  1823 D SidekickService:    ... endDisplay returns void
11-03 09:54:47.409863   545   545 D SurfaceFlinger: Set power mode=2, type=0 flinger=0xb6bb6000
11-03 09:54:47.410213   504   762 I SDM     : DisplayBase::SetDisplayState: Set state = 1, display 0
--------- switch to kernel
11-03 09:54:47.300727     0     0 I         : [touch]FB_BLANK_VSYNC_SUSPEND
11-03 09:54:47.300731     0     0 I         : [touch]Already in suspend state
--------- switch to main
11-03 09:54:47.422250   545   545 D SurfaceFlinger: Finished set power mode=2, type=0
--------- switch to system
11-03 09:54:47.425344  1686  1712 W PowerManagerService: Screen on took 255 ms
11-03 09:54:47.425748  1686  1712 I DreamManagerService: Gently waking up from dream.
11-03 09:54:47.426420  1686  1708 I DreamManagerService: Performing gentle wake from dream.
11-03 09:54:47.426826  1686  1686 V DreamService[AmbientDream]: wakeUp(): fromSystem=true, mWaking=false, mFinished=false
11-03 09:54:47.426941  1686  1686 V DreamService[AmbientDream]: finish(): mFinished=false
11-03 09:54:47.427030  1686  1686 I DreamManagerService: Leaving dreamland.
--------- switch to kernel
11-03 09:54:47.310454     0     0 I mdss_dsi_panel_set_idle_mode: Idle (1->0)
11-03 09:54:47.311440     0     0 I         : [touch]FB_BLANK_UNBLANK
11-03 09:54:47.311447     0     0 I         : [touch]raydium_ts_do_resume, 1.
11-03 09:54:47.313981     0     0 I         : [ raydium ]workqueue is empty!
11-03 09:54:47.313998     0     0 I raydium_ts 5-0039: [touch]Already enable irq
11-03 09:54:47.314000     0     0 I         : [touch]Device may wakeup
--------- switch to system
11-03 09:54:47.427865  1686  1708 I DreamManagerService: Performing gentle wake from dream.
11-03 09:54:47.428041  1686  1708 I DreamController: Stopping dream: name=ComponentInfo{com.google.android.wearable.ambient/com.google.android.wearable.ambient.AmbientDream}, isTest=false, canDoze=true, userId=0
11-03 09:54:47.429874  1686  1686 V DreamService[AmbientDream]: detach(): Calling onDreamingStopped()
--------- switch to main
11-03 09:54:47.430046  1686  1686 I AmbientService: [ce6a28c] doOnDreamingStopped
11-03 09:54:47.430132  1686  1686 W AlarmManagerProxy: Removing unknown listener
11-03 09:54:47.432592  1686  1686 I AmbientService: [ce6a28c] No auto-resume Activity.
11-03 09:54:47.435808  1686  1686 W AlarmManager: Unrecognized alarm listener com.android.server.job.controllers.-$$Lambda$IdleController$IdlenessTracker$nTdS-lGBXcES5VWKcJFmQFgU7IU@1ab437a
11-03 09:54:47.439855  2520  2520 D HOME    : [HomeVisitsLogger]Logging streamlet event: visit_start
11-03 09:54:47.440280  2520  2520 D HOME    : [HomeVisitsLogger]Logging streamlet event: exit_ambient_mode
11-03 09:54:47.440879  2520  2520 D HOME    : [HotwordController]updateClient MODE_WATCH_FACE false false false true
11-03 09:54:47.442069  2520  2520 D HOME    : [WatchFaceUiController]setInAmbientMode false
11-03 09:54:47.442251  2520  2520 D HOME    : [WatchFaceUiController]sendWatchFaceServiceBinder
--------- switch to system
11-03 09:54:47.444250  1686  1686 W ContextImpl: Calling a method in the system process without a qualified user: android.app.ContextImpl.sendBroadcast:1020 android.content.ContextWrapper.sendBroadcast:449 com.google.android.wearable.ambient.AmbientDream.onDestroy:273 android.app.ActivityThread.handleStopService:3698 android.app.ActivityThread.access$1700:200 
--------- switch to main
11-03 09:54:47.444932  1686  1686 E AlarmManager: cancel() called with a null PendingIntent
--------- switch to system
11-03 09:54:47.445713  1686  1686 V DreamService[AmbientDream]: onDestroy()
--------- switch to main
11-03 09:54:47.450803  2520  2520 D HOME    : [WatchFaceUiController]sendStateToWallpaper
11-03 09:54:47.454457  2520  2520 D HOME    : [WatchFaceUiController]Showing watch face wallpaper.
11-03 09:54:47.454821  2520  2520 D HOME    : [WatchFaceUiController]sendStateToWallpaper
11-03 09:54:47.455858   512 11706 I sensors-hal: handle_indication_realtime:355,  SCHED_FIFO(10) for qmi_cbk
11-03 09:54:47.460833  2520  2520 D HOME    : [StreamDBQueue]Promised revision #3742 to queue a new op
11-03 09:54:47.461327  2520  2520 D WatchStreamManager: Promised rank-blocked=true @ r#3742
11-03 09:54:47.462081  2520  2520 D HOME    : [StreamDBQueue]Promised revision #3743 to queue a new op
11-03 09:54:47.462379  2520  2520 D WatchStreamManager: Promised rank-blocked=true @ r#3743
11-03 09:54:47.463532  2520  2520 D HOME    : [TilesController]Tile refresh optimization is enabled.
11-03 09:54:47.464497  2520 11078 D HOME    : [WatchStreamDB]Item alerting conditions - isInterruptive: false, recentlyInterrupted: false, isItemPinned: false, isUnread: false
11-03 09:54:47.464497  2520  2520 D HOME    : [EventBus]Wrapper pool is full. Discarding excess wrapper instance for event com.google.android.clockwork.sysui.events.KeyguardStateEvent
11-03 09:54:47.464717  2520  2520 D HOME    : [WatchFaceUiController]sendStateToWallpaper
11-03 09:54:47.465577  2520 11078 D HOME    : [StreamAlertingRegulator]isTheaterModeEnabled: false, isAlertingAllowedByOffBody: true, matchesLocalInterruptionFilter: true
11-03 09:54:47.466273  2520 11078 D HOME    : [WatchStreamDB]couldItemAlert: false, isTopItemChanged: false, isDeferralForTopItem: false
11-03 09:54:47.467832  2520  2520 D HOME    : [EventBus]Wrapper pool is full. Discarding excess wrapper instance for event com.google.android.clockwork.sysui.events.KeyguardStateEvent
11-03 09:54:47.467843  2520 11078 D HOME    : [WatchStreamDB]Item alerting conditions - isInterruptive: false, recentlyInterrupted: false, isItemPinned: false, isUnread: false
11-03 09:54:47.468288  2520  2520 D HOME    : [EventBus]Wrapper pool is full. Discarding excess wrapper instance for event com.google.android.clockwork.sysui.events.KeyguardStateEvent
11-03 09:54:47.468288  2520 11078 D HOME    : [StreamAlertingRegulator]isTheaterModeEnabled: false, isAlertingAllowedByOffBody: true, matchesLocalInterruptionFilter: true
11-03 09:54:47.468585  2520 11078 D HOME    : [WatchStreamDB]couldItemAlert: false, isTopItemChanged: false, isDeferralForTopItem: false
11-03 09:54:47.475894  2520  2520 D HOME    : [WatchFaceUiController]sendStateToWallpaper
11-03 09:54:47.481698  2520  2520 W StaticLayout: maxLineHeight should not be -1.  maxLines:1 lineCount:1
11-03 09:54:47.537160  2520  2520 D HOME    : [WatchFaceUiController]sendWatchFaceServiceBinder
11-03 09:54:47.542794  2520  2520 D HOME    : [WatchFaceUiController]sendProperties
11-03 09:54:47.544691  2520  2520 D HOME    : [WatchFaceUiController]sendStateToWallpaper
11-03 09:54:47.566804   512 11708 I sensors-hal: handle_indication_realtime:355,  SCHED_FIFO(10) for qmi_cbk
11-03 09:54:47.931348   512   512 I sensors-hal: activate:107, android.sensor.light/46 en=0
11-03 09:54:47.934710   512   512 I sensors-hal: activate:118, android.sensor.light/46 en=0 completed
11-03 09:54:47.936746   512   512 I sensors-hal: batch:140, android.sensor.light/46, period=250000000, max_latency=0
11-03 09:54:47.936876   512   512 I sensors-hal: batch:149, android.sensor.light/46, period=250000000, max_latency=0 request completed
11-03 09:54:47.937810   512   512 I sensors-hal: activate:107, android.sensor.light/46 en=1
11-03 09:54:47.938207   512   512 I sensors-hal: ssc_enable_rt_task:254, ssc_enable_rt_task : true
11-03 09:54:47.941758   512   512 I sensors-hal: activate:118, android.sensor.light/46 en=1 completed
--------- switch to system
11-03 09:54:47.947224  1686  1686 V SettingsProvider: Notifying for 0: content://settings/system/screen_brightness
--------- switch to main
11-03 09:54:47.948125  1686  1686 I SidekickService: loadBrightnessLocked()
11-03 09:54:47.950770  1686  1686 D SidekickService: screenBrightness  = 51
11-03 09:54:47.952520  1686  1686 D SidekickService: sendConfigValuesLocked(): alsThresholds = [40, 92, 95, 100, 125, 150, 175, 200, 225, 250, 300, 400, 500, 800, 1200], brightnessValuesBright = [50, 56, 60, 70, 80, 90, 100, 115, 120, 140, 160, 180, 200, 220, 240, 255], brightnessValuesDim= [50, 56, 60, 70, 80, 90, 100, 115, 120, 140, 160, 180, 200, 220, 240, 255]
11-03 09:54:47.969890  1686  1686 D SidekickService: setAlsMode(): mode = 2, brightenAlpha = 80, dimmingAlpha = 80
11-03 09:54:47.981176  1686  1686 D SidekickService: setTwmConfig():: msTiltToBright = 10000, tiltToBright = false
11-03 09:54:48.012760   512 11713 I sensors-hal: handle_indication_realtime:355,  SCHED_FIFO(10) for qmi_cbk
11-03 09:54:49.543657   512  1749 I sensors-hal: batch:140, android.sensor.accelerometer/48, period=66667000, max_latency=100000000
11-03 09:54:49.546435   512  1749 I sensors-hal: batch:149, android.sensor.accelerometer/48, period=66667000, max_latency=100000000 request completed
11-03 09:54:49.547383  1686  1686 D DefaultUngazeDetector: Ungaze event occurred; emitting gesture event!
11-03 09:54:49.547543  1686  1686 D WristGestureCtrl: Gesture:GESTURE UNGAZE, timestamp(ms): 61166724, confidence: 0.0, latency(ms): 0, duration(ms): 2253
11-03 09:54:49.549835   512  1749 I sensors-hal: batch:140, android.sensor.accelerometer/48, period=19231000, max_latency=100000000
11-03 09:54:49.559637   512  1749 I sensors-hal: batch:149, android.sensor.accelerometer/48, period=19231000, max_latency=100000000 request completed
--------- switch to system
11-03 09:54:49.559668  1686  1686 I WindowManager: sleepRelease() calling goToSleep(GO_TO_SLEEP_REASON_SLEEP_BUTTON)
11-03 09:54:49.559957  1686  1686 I PowerManagerService: Going to sleep due to sleep button (uid 1000)...
--------- switch to main
11-03 09:54:49.560292   512  1749 I sensors-hal: flush:169, android.sensor.accelerometer/48
--------- switch to system
11-03 09:54:49.562376  1686  1712 I DreamManagerService: Entering dreamland.
11-03 09:54:49.562480  1686  1686 W UsageStatsService: Event reported without a package name
11-03 09:54:49.563289  1686  1712 I PowerManagerService: Dozing...
--------- switch to main
11-03 09:54:49.564710   512  1749 I sensors-hal: flush:175, android.sensor.accelerometer/48 completed
--------- switch to system
11-03 09:54:49.581239  1686  1708 I DreamController: Starting dream: name=ComponentInfo{com.google.android.wearable.ambient/com.google.android.wearable.ambient.AmbientDream}, isTest=false, canDoze=true, userId=0
11-03 09:54:49.596023  1686  1686 W ContextImpl: Calling a method in the system process without a qualified user: android.app.ContextImpl.bindService:1611 android.content.ContextWrapper.bindService:698 com.google.android.wearable.ambient.AmbientDream.onCreate:191 android.app.ActivityThread.handleCreateService:3533 android.app.ActivityThread.access$1300:200 
11-03 09:54:49.600060  1686  1686 W ContextImpl: Calling a method in the system process without a qualified user: android.app.ContextImpl.sendBroadcast:1005 android.content.ContextWrapper.sendBroadcast:444 com.google.android.wearable.ambient.AmbientDream.onCreate:241 android.app.ActivityThread.handleCreateService:3533 android.app.ActivityThread.access$1300:200 
11-03 09:54:49.600969  1686  1686 V DreamService[AmbientDream]: onBind() intent = Intent { act=android.service.dreams.DreamService flg=0x800000 cmp=com.google.android.wearable.ambient/.AmbientDream }
--------- switch to main
11-03 09:54:49.601884  1686  1686 I AmbientService: [ce6a28c] Ambient Created
--------- switch to system
11-03 09:54:49.602793  1686  1686 V DreamService[AmbientDream]: Calling onDreamingStarted()
--------- switch to main
11-03 09:54:49.602887  1686  1686 I AmbientService: [ce6a28c] doOnDreamingStarted
11-03 09:54:49.603467  1686  1686 D SidekickService: setShouldControlDisplay called: true
11-03 09:54:49.604510  1686  1686 I AmbientService: [ce6a28c] Selected running activity for ambient mode: AmbientActivity[component=ComponentInfo{com.google.android.wearable.app/com.google.android.clockwork.home2.activity.HomeActivity2}, callbacks=@210b385, running=true, ambientRequested=true, ambientEnabled=true, offloadEnabled=true]
11-03 09:54:49.605188  1686  1686 I AmbientService: [ce6a28c] Sidekick is ready to display, requesting doze.
11-03 09:54:49.605894  1686  1686 I AmbientService: [ce6a28c] No auto-resume Activity.
11-03 09:54:49.607420  1686  1686 W DefaultSettingsContentR: Value for ambient_low_bit_enabled not stored as number. Attempting parse as boolean.
11-03 09:54:49.608539  2520  2520 D HOME    : [HomeVisitsLogger]Logging streamlet event: enter_ambient_mode
11-03 09:54:49.609238  2520  2520 D HOME    : [HotwordController]updateClient MODE_WATCH_FACE false true false true
11-03 09:54:49.610966  2520  2520 D HOME    : [WatchFaceUiController]setInAmbientMode true
11-03 09:54:49.611348  1686  1686 I AmbientService: [ce6a28c] Showing watch face in offload mode, canceling alarm.
11-03 09:54:49.611430  1686  1686 W AlarmManagerProxy: Removing unknown listener
11-03 09:54:49.611529  1686  1686 D WristGestureCtrl: Stopping detectors: GesturesEnabled-false gestureDetector-false ungazeEnabled-true ungaze-true
11-03 09:54:49.611573  1686  1686 D DefaultUngazeDetector: stopping
11-03 09:54:49.611817  2520 11200 I SidekickManager: replaceWatchFaceComponentsImpl(): watchFace = com.google.android.clockwork.decomposablewatchface.WatchFaceDecomposition@1784ad5
11-03 09:54:49.612826  2520  2520 D HOME    : [StreamDBQueue]Promised revision #3744 to queue a new op
11-03 09:54:49.613087  2520  2520 D WatchStreamManager: Promised rank-blocked=false @ r#3744
11-03 09:54:49.613133   512  1749 I sensors-hal: batch:140, android.sensor.accelerometer/48, period=66667000, max_latency=100000000
11-03 09:54:49.613946  2520  2520 D HOME    : [StreamDBQueue]Promised revision #3745 to queue a new op
11-03 09:54:49.614151  2520  2520 D WatchStreamManager: Promised rank-blocked=false @ r#3745
11-03 09:54:49.614944  2520 10449 D HOME    : [HomeVisitsLogger]Logging streamlet event: visit_end
11-03 09:54:49.614945  2520  2520 D HOME    : [EventBus]Wrapper pool is full. Discarding excess wrapper instance for event com.google.android.clockwork.sysui.events.KeyguardStateEvent
11-03 09:54:49.615066  2520  2520 D HOME    : [WatchFaceUiController]sendStateToWallpaper
11-03 09:54:49.615941  2520 10295 D HOME    : [StreamDBQueue]Promised revision #3746 to queue a new op
11-03 09:54:49.616091  2520 10295 D WatchStreamManager: Promised rerank @ r#3746
11-03 09:54:49.616709  2520  2520 D HOME    : [EventBus]Wrapper pool is full. Discarding excess wrapper instance for event com.google.android.clockwork.sysui.events.KeyguardStateEvent
11-03 09:54:49.617029  2520  2520 D HOME    : [EventBus]Wrapper pool is full. Discarding excess wrapper instance for event com.google.android.clockwork.sysui.events.KeyguardStateEvent
11-03 09:54:49.618245   512  1749 I sensors-hal: batch:149, android.sensor.accelerometer/48, period=66667000, max_latency=100000000 request completed
11-03 09:54:49.623797  1686  2583 D SidekickService: sendWatchFaceComponents called: watchFace = com.google.android.clockwork.decomposablewatchface.WatchFaceDecomposition@b64aaa2shouldReplace = false
11-03 09:54:49.624183  1686  2583 D SidekickService: Check decomposition for calling app com.google.android.wearable.app with uid 10049
11-03 09:54:49.624750  1686  2583 D SidekickService: sendWatchFaceLocked(): shouldReplace = false, mSidekickIsControlling = false, 1 images, 0 fonts, 0 numbers, 0 proportionalFonts, 0 strings
11-03 09:54:49.624818  1686  2583 D SidekickService: ISidekickGraphics#beginResources()...
11-03 09:54:49.625916  1686  2583 D SidekickServiceUtils: bitmapFromDrawable: Returning bitmap directly
