11-03 20:42:02.890683     0     0 I mdss_dsi_panel_set_idle_mode: Idle (1->1)
11-03 20:42:02.925733     0     0 I bgcom   : bgcom_pm_suspend: suspended with : 0
11-03 20:42:02.961475     0     0 I PM      : suspend of devices complete after 81.844 msecs
11-03 20:42:02.967085     0     0 I PM      : late suspend of devices complete after 5.571 msecs
11-03 20:42:02.972894     0     0 I PM      : noirq suspend of devices complete after 5.783 msecs
11-03 20:42:02.972905     0     0 I         : Disabling non-boot CPUs ...
11-03 20:42:02.993380     0     0 I CPU1    : shutdown
11-03 20:42:02.995517     0     0 I suspend ns: 531041862966	suspend cycles:      12203652803
11-03 20:42:02.995495     0     0 I CPU0    : msm_cpu_pm_enter_sleep mode:3 during suspend
11-03 20:42:02.995495     0     0 I         : Suspended for 0.480 seconds
11-03 20:42:02.995495     0     0 I resume cycles: 12212872263
11-03 20:42:02.995740     0     0 I         : Enabling non-boot CPUs ...
11-03 20:42:02.996545     0     0 I CPU1    : update cpu_capacity 1024
11-03 20:42:02.997941     0     0 I         : CPU1 is up
11-03 20:42:03.000252     0     0 I CPU1    : update max cpu_capacity 1024
11-03 20:42:03.001733     0     0 I PM      : noirq resume of devices complete after 3.489 msecs
11-03 20:42:03.007221     0     0 I PM      : early resume of devices complete after 4.019 msecs
11-03 20:42:03.008705    20    20 E         : [20:42:03.488888] [00000002D7F581D0] [VosRX]  wlan: [E :WDI] WDTS_RxPacketDump RX Data frame is UC
11-03 20:42:03.008726    20    20 E         : [20:42:03.488919] [00000002D7F58405] [VosRX]  wlan: [E :WDI] WDTS_RxPacketDump: Data subtype:8 SA:44:fe:3b:41:13:4b DA:00:0a:f5:f2:a2:70
11-03 20:42:03.008822    20    20 E         : [20:42:03.489014] [00000002D7F58B27] [VosRX]  wlan: [E :HDD] hdd_log_ip_addr: src addr 192:168:1:3
11-03 20:42:03.008835    20    20 E         : [20:42:03.489029] [00000002D7F58C3F] [VosRX]  wlan: [E :HDD] hdd_log_ip_addr: dst addr 192:168:1:14
11-03 20:42:03.035892     0     0 I bgcom   : bgcom_pm_resume: Bgcom resumed with : 0
11-03 20:42:03.047391     0     0 I mdss_dsi_panel_set_idle_mode: Idle (1->1)
11-03 20:42:03.084606     0     0 I PM      : resume of devices complete after 77.354 msecs
11-03 20:42:03.087249     0     0 I         : Restarting tasks ...
11-03 20:42:03.091327     0     0 W QSEECOM : qseecom_receive_req: Interrupted: exiting Listener Service = 8192
11-03 20:42:03.091396     0     0 W QSEECOM : qseecom_receive_req: Interrupted: exiting Listener Service = 12288
11-03 20:42:03.091425     0     0 W QSEECOM : qseecom_receive_req: Interrupted: exiting Listener Service = 10
11-03 20:42:03.091457     0     0 W QSEECOM : qseecom_receive_req: Interrupted: exiting Listener Service = 28672
11-03 20:42:03.092517     0     0 W QSEECOM : qseecom_receive_req: Interrupted: exiting Listener Service = 11
11-03 20:42:03.092987     0     0 I         : done.
11-03 20:42:03.573915     0     0 I PM      : suspend exit 2021-11-03 19:42:03.573915654 UTC
11-03 20:42:03.679879     0     0 I PM      : suspend entry 2021-11-03 19:42:03.679879403 UTC
11-03 20:42:03.679894     0     0 I PM      : Syncing filesystems ... done.
11-03 20:42:03.789814     0     0 I         : Freezing user space processes ... (elapsed 0.007 seconds) done.
11-03 20:42:03.797453     0     0 I         : Freezing remaining freezable tasks ... (elapsed 0.004 seconds) done.
11-03 20:42:03.801741     0     0 I         : Suspending console(s) (use no_console_suspend to debug)
11-03 20:42:03.813756     0     0 I mdss_dsi_panel_set_idle_mode: Idle (1->1)
11-03 20:42:03.855197     0     0 I bgcom   : bgcom_pm_suspend: suspended with : 0
11-03 20:42:03.891911     0     0 I PM      : suspend of devices complete after 87.942 msecs
11-03 20:42:03.897388     0     0 I PM      : late suspend of devices complete after 5.434 msecs
11-03 20:42:03.903415     0     0 I PM      : noirq suspend of devices complete after 6.001 msecs
11-03 20:42:03.903428     0     0 I         : Disabling non-boot CPUs ...
11-03 20:42:03.921559     0     0 W         : IRQ16 no longer affine to CPU1
11-03 20:42:03.921572     0     0 W         : IRQ21 no longer affine to CPU1
11-03 20:42:03.921877     0     0 W         : IRQ93 no longer affine to CPU1
11-03 20:42:03.923542     0     0 I CPU1    : shutdown
11-03 20:42:03.925529     0     0 I suspend ns: 531491695363	suspend cycles:      12221509045
11-03 20:42:03.925509     0     0 I CPU0    : msm_cpu_pm_enter_sleep mode:3 during suspend
11-03 20:42:03.925509     0     0 I         : Suspended for 0.780 seconds
11-03 20:42:03.925509     0     0 I resume cycles: 12236493250
11-03 20:42:03.925770     0     0 I         : Enabling non-boot CPUs ...
11-03 20:42:03.926587     0     0 I CPU1    : update cpu_capacity 1024
11-03 20:42:03.927976     0     0 I         : CPU1 is up
11-03 20:42:03.930256     0     0 I CPU1    : update max cpu_capacity 1024
11-03 20:42:03.931836     0     0 I PM      : noirq resume of devices complete after 3.486 msecs
11-03 20:42:03.937020     0     0 I PM      : early resume of devices complete after 3.713 msecs
11-03 20:42:03.938257    20    20 E         : [20:42:04.718687] [00000002D95DCCAE] [VosRX]  wlan: [E :WDI] WDTS_RxPacketDump RX Data frame is UC
11-03 20:42:03.938278    20    20 E         : [20:42:04.718718] [00000002D95DCEE7] [VosRX]  wlan: [E :WDI] WDTS_RxPacketDump: Data subtype:8 SA:44:fe:3b:41:13:4b DA:00:0a:f5:f2:a2:70
11-03 20:42:03.938376    20    20 E         : [20:42:04.718814] [00000002D95DD632] [VosRX]  wlan: [E :HDD] hdd_log_ip_addr: src addr 192:168:1:3
11-03 20:42:03.938388    20    20 E         : [20:42:04.718829] [00000002D95DD73C] [VosRX]  wlan: [E :HDD] hdd_log_ip_addr: dst addr 192:168:1:14
11-03 20:42:03.966129     0     0 I bgcom   : bgcom_pm_resume: Bgcom resumed with : 0
11-03 20:42:03.974741     0     0 I mdss_dsi_panel_set_idle_mode: Idle (1->1)
11-03 20:42:04.015089     0     0 I PM      : resume of devices complete after 78.043 msecs
11-03 20:42:04.017749     0     0 I         : Restarting tasks ...
11-03 20:42:04.020342     0     0 W QSEECOM : qseecom_receive_req: Interrupted: exiting Listener Service = 8192
11-03 20:42:04.020408     0     0 W QSEECOM : qseecom_receive_req: Interrupted: exiting Listener Service = 12288
11-03 20:42:04.020450     0     0 W QSEECOM : qseecom_receive_req: Interrupted: exiting Listener Service = 10
11-03 20:42:04.023686     0     0 W QSEECOM : qseecom_receive_req: Interrupted: exiting Listener Service = 11
11-03 20:42:04.023745     0     0 W QSEECOM : qseecom_receive_req: Interrupted: exiting Listener Service = 28672
11-03 20:42:04.030385     0     0 I         : done.
11-03 20:42:04.811497     0     0 I PM      : suspend exit 2021-11-03 19:42:04.811497788 UTC
11-03 20:42:04.913451     0     0 I PM      : suspend entry 2021-11-03 19:42:04.913451538 UTC
11-03 20:42:04.913465     0     0 I PM      : Syncing filesystems ... done.
11-03 20:42:05.014673     0     0 I         : Freezing user space processes ... (elapsed 0.007 seconds) done.
11-03 20:42:05.022149     0     0 I         : Freezing remaining freezable tasks ... (elapsed 0.004 seconds) done.
11-03 20:42:05.026185     0     0 I         : Suspending console(s) (use no_console_suspend to debug)
11-03 20:42:05.038160     0     0 I mdss_dsi_panel_set_idle_mode: Idle (1->1)
11-03 20:42:05.076018     0     0 I bgcom   : bgcom_pm_suspend: suspended with : 0
11-03 20:42:05.112030     0     0 I PM      : suspend of devices complete after 83.623 msecs
11-03 20:42:05.117523     0     0 I PM      : late suspend of devices complete after 5.451 msecs
11-03 20:42:05.123663     0     0 I PM      : noirq suspend of devices complete after 6.116 msecs
11-03 20:42:05.123675     0     0 I         : Disabling non-boot CPUs ...
11-03 20:42:05.151711     0     0 W         : IRQ16 no longer affine to CPU1
11-03 20:42:05.152017     0     0 W         : IRQ93 no longer affine to CPU1
11-03 20:42:05.153672     0     0 I CPU1    : shutdown
11-03 20:42:05.155588     0     0 I suspend ns: 531941327447	suspend cycles:      12245126186
11-03 20:42:05.155569     0     0 I CPU0    : msm_cpu_pm_enter_sleep mode:3 during suspend
11-03 20:42:05.155569     0     0 I         : Suspended for 0.471 seconds
11-03 20:42:05.155569     0     0 I resume cycles: 12254187102
11-03 20:42:05.155826     0     0 I         : Enabling non-boot CPUs ...
11-03 20:42:05.156622     0     0 I CPU1    : update cpu_capacity 1024
11-03 20:42:05.158005     0     0 I         : CPU1 is up
11-03 20:42:05.160608     0     0 I CPU1    : update max cpu_capacity 1024
11-03 20:42:05.161841     0     0 I PM      : noirq resume of devices complete after 3.518 msecs
11-03 20:42:05.167050     0     0 I PM      : early resume of devices complete after 3.734 msecs
11-03 20:42:05.168328    20    20 E         : [20:42:05.640252] [00000002DA6BC9FF] [VosRX]  wlan: [E :WDI] WDTS_RxPacketDump RX Data frame is UC
11-03 20:42:05.168348    20    20 E         : [20:42:05.640282] [00000002DA6BCC3E] [VosRX]  wlan: [E :WDI] WDTS_RxPacketDump: Data subtype:8 SA:44:fe:3b:41:13:4b DA:00:0a:f5:f2:a2:70
11-03 20:42:05.168445    20    20 E         : [20:42:05.640377] [00000002DA6BD35C] [VosRX]  wlan: [E :HDD] hdd_log_ip_addr: src addr 192:168:1:3
11-03 20:42:05.168457    20    20 E         : [20:42:05.640392] [00000002DA6BD477] [VosRX]  wlan: [E :HDD] hdd_log_ip_addr: dst addr 192:168:1:14
11-03 20:42:05.195484     0     0 I bgcom   : bgcom_pm_resume: Bgcom resumed with : 0
11-03 20:42:05.206847     0     0 I mdss_dsi_panel_set_idle_mode: Idle (1->1)
11-03 20:42:05.245237     0     0 I PM      : resume of devices complete after 78.159 msecs
11-03 20:42:05.247875     0     0 I         : Restarting tasks ...
11-03 20:42:05.250428     0     0 W QSEECOM : qseecom_receive_req: Interrupted: exiting Listener Service = 12288
11-03 20:42:05.250579     0     0 W QSEECOM : qseecom_receive_req: Interrupted: exiting Listener Service = 11
11-03 20:42:05.253392     0     0 W QSEECOM : qseecom_receive_req: Interrupted: exiting Listener Service = 8192
11-03 20:42:05.253445     0     0 W QSEECOM : qseecom_receive_req: Interrupted: exiting Listener Service = 10
11-03 20:42:05.253479     0     0 W QSEECOM : qseecom_receive_req: Interrupted: exiting Listener Service = 28672
11-03 20:42:05.260631     0     0 I         : done.
11-03 20:42:05.733240     0     0 I PM      : suspend exit 2021-11-03 19:42:05.733240079 UTC
11-03 20:42:05.834740     0     0 I PM      : suspend entry 2021-11-03 19:42:05.834740236 UTC
11-03 20:42:05.834753     0     0 I PM      : Syncing filesystems ... done.
11-03 20:42:05.932595     0     0 I         : Freezing user space processes ... (elapsed 0.007 seconds) done.
11-03 20:42:05.939661     0     0 I         : Freezing remaining freezable tasks ... (elapsed 0.003 seconds) done.
11-03 20:42:05.943633     0     0 I         : Suspending console(s) (use no_console_suspend to debug)
11-03 20:42:05.955516     0     0 I mdss_dsi_panel_set_idle_mode: Idle (1->1)
11-03 20:42:05.997929     0     0 I bgcom   : bgcom_pm_suspend: suspended with : 0
11-03 20:42:06.033935     0     0 I PM      : suspend of devices complete after 88.089 msecs
11-03 20:42:06.039557     0     0 I PM      : late suspend of devices complete after 5.580 msecs
11-03 20:42:06.045356     0     0 I PM      : noirq suspend of devices complete after 5.773 msecs
11-03 20:42:06.045367     0     0 I         : Disabling non-boot CPUs ...
11-03 20:42:06.065523     0     0 I CPU1    : shutdown
11-03 20:42:06.067509     0     0 I suspend ns: 532381324323	suspend cycles:      12262635042
11-03 20:42:06.067488     0     0 I CPU0    : msm_cpu_pm_enter_sleep mode:3 during suspend
11-03 20:42:06.067488     0     0 I         : Suspended for 0.786 seconds
11-03 20:42:06.067488     0     0 I resume cycles: 12277746795
11-03 20:42:06.067749     0     0 I         : Enabling non-boot CPUs ...
11-03 20:42:06.068558     0     0 I CPU1    : update cpu_capacity 1024
11-03 20:42:06.069970     0     0 I         : CPU1 is up
11-03 20:42:06.072408     0     0 I CPU1    : update max cpu_capacity 1024
11-03 20:42:06.073834     0     0 I PM      : noirq resume of devices complete after 3.554 msecs
11-03 20:42:06.079780     0     0 I PM      : early resume of devices complete after 4.474 msecs
11-03 20:42:06.081402    20    20 E         : [20:42:06.868475] [00000002DBD39EB8] [VosRX]  wlan: [E :WDI] WDTS_RxPacketDump RX Data frame is UC
11-03 20:42:06.081423    20    20 E         : [20:42:06.868506] [00000002DBD3A102] [VosRX]  wlan: [E :WDI] WDTS_RxPacketDump: Data subtype:8 SA:44:fe:3b:41:13:4b DA:00:0a:f5:f2:a2:70
11-03 20:42:06.081516    20    20 E         : [20:42:06.868598] [00000002DBD3A7FD] [VosRX]  wlan: [E :HDD] hdd_log_ip_addr: src addr 192:168:1:3
11-03 20:42:06.081529    20    20 E         : [20:42:06.868613] [00000002DBD3A90E] [VosRX]  wlan: [E :HDD] hdd_log_ip_addr: dst addr 192:168:1:14
11-03 20:42:06.108458     0     0 I bgcom   : bgcom_pm_resume: Bgcom resumed with : 0
11-03 20:42:06.119952     0     0 I mdss_dsi_panel_set_idle_mode: Idle (1->1)
11-03 20:42:06.156833     0     0 I PM      : resume of devices complete after 77.004 msecs
11-03 20:42:06.159490     0     0 I         : Restarting tasks ...
11-03 20:42:06.162167     0     0 W QSEECOM : qseecom_receive_req: Interrupted: exiting Listener Service = 8192
11-03 20:42:06.162328     0     0 W QSEECOM : qseecom_receive_req: Interrupted: exiting Listener Service = 12288
11-03 20:42:06.162364     0     0 W QSEECOM : qseecom_receive_req: Interrupted: exiting Listener Service = 10
11-03 20:42:06.165040     0     0 W QSEECOM : qseecom_receive_req: Interrupted: exiting Listener Service = 11
11-03 20:42:06.165091     0     0 W QSEECOM : qseecom_receive_req: Interrupted: exiting Listener Service = 28672
11-03 20:42:06.165694     0     0 I         : done.
11-03 20:42:06.953505     0     0 I PM      : suspend exit 2021-11-03 19:42:06.953505599 UTC
11-03 20:42:07.058727     0     0 I PM      : suspend entry 2021-11-03 19:42:07.058727890 UTC
11-03 20:42:07.058742     0     0 I PM      : Syncing filesystems ... done.
11-03 20:42:07.159777     0     0 I         : Freezing user space processes ... (elapsed 0.007 seconds) done.
11-03 20:42:07.166991     0     0 I         : Freezing remaining freezable tasks ... (elapsed 0.003 seconds) done.
11-03 20:42:07.170687     0     0 I         : Suspending console(s) (use no_console_suspend to debug)
11-03 20:42:07.182363     0     0 I mdss_dsi_panel_set_idle_mode: Idle (1->1)
11-03 20:42:07.224912     0     0 I bgcom   : bgcom_pm_suspend: suspended with : 0
11-03 20:42:07.226540     0     0 E dpm_run_callback(): platform_pm_suspend+0x0/0x50 returns -16
11-03 20:42:07.226546     0     0 E PM      : Device alarmtimer failed to suspend: error -16
11-03 20:42:07.239387     0     0 E PM      : Some devices failed to suspend, or early wake event detected
11-03 20:42:07.242180     0     0 I bgcom   : bgcom_pm_resume: Bgcom resumed with : 0
11-03 20:42:07.251955     0     0 I mdss_dsi_panel_set_idle_mode: Idle (1->1)
11-03 20:42:07.293774     0     0 I PM      : resume of devices complete after 54.344 msecs
11-03 20:42:07.296433     0     0 I         : Restarting tasks ...
11-03 20:42:07.298141     0     0 W QSEECOM : qseecom_receive_req: Interrupted: exiting Listener Service = 12288
11-03 20:42:07.298201     0     0 W QSEECOM : qseecom_receive_req: Interrupted: exiting Listener Service = 10
11-03 20:42:07.302484     0     0 W QSEECOM : qseecom_receive_req: Interrupted: exiting Listener Service = 8192
11-03 20:42:07.302539     0     0 W QSEECOM : qseecom_receive_req: Interrupted: exiting Listener Service = 11
11-03 20:42:07.302573     0     0 W QSEECOM : qseecom_receive_req: Interrupted: exiting Listener Service = 28672
11-03 20:42:07.304319     0     0 I         : done.
11-03 20:42:07.304968     0     0 I PM      : suspend exit 2021-11-03 19:42:07.304968567 UTC
--------- switch to system
11-03 20:42:08.100512  1679  1679 I PowerManagerService: Waking up from dozing (uid=1000 reason=tiltToWake)...
--------- switch to main
11-03 20:42:08.108426   511   511 I sensors-hal: batch:140, android.sensor.light/46, period=100000000, max_latency=0
11-03 20:42:08.108614   511   511 I sensors-hal: batch:149, android.sensor.light/46, period=100000000, max_latency=0 request completed
11-03 20:42:08.110643   511   511 I sensors-hal: activate:107, android.sensor.light/46 en=1
--------- switch to system
11-03 20:42:08.111161  1679  1679 W UsageStatsService: Event reported without a package name
--------- switch to main
11-03 20:42:08.111183   511   511 I sensors-hal: ssc_enable_rt_task:254, ssc_enable_rt_task : true
11-03 20:42:08.114336   511   511 I sensors-hal: activate:118, android.sensor.light/46 en=1 completed
11-03 20:42:08.116490  1679  1781 I SidekickService: endDisplayLocked()
--------- switch to system
11-03 20:42:08.117655  1679  1702 I DisplayManagerService: Display device changed state: "cran intgr", ON
--------- switch to main
11-03 20:42:08.121455   414  1708 D SKGHAL  : sendAmbientEvent: enter: enable = 0
11-03 20:42:08.148222  3398  3398 D OMService: onDisplayChanged: not dozing
11-03 20:42:08.155617   511   511 I sensors-hal: batch:140, android.sensor.accelerometer/48, period=66667000, max_latency=100000000
11-03 20:42:08.155695   511   511 I sensors-hal: batch:149, android.sensor.accelerometer/48, period=66667000, max_latency=100000000 request completed
11-03 20:42:08.157373   511   511 I sensors-hal: activate:107, android.sensor.accelerometer/48 en=1
11-03 20:42:08.157782   511   511 I sensors-hal: ssc_enable_rt_task:254, ssc_enable_rt_task : true
11-03 20:42:08.161493  1679  1746 I InputReader: Reconfiguring input devices.  changes=0x00000004
11-03 20:42:08.162693   511   511 I sensors-hal: activate:118, android.sensor.accelerometer/48 en=1 completed
--------- switch to system
11-03 20:42:08.178035  1679  1694 W BroadcastQueue: Background execution not allowed: receiving Intent { act=android.intent.action.USER_PRESENT flg=0x10 } to com.google.android.gms/.auth.setup.devicesignals.LockScreenReceiver
11-03 20:42:08.178482  1679  1694 W BroadcastQueue: Background execution not allowed: receiving Intent { act=android.intent.action.USER_PRESENT flg=0x10 } to com.google.android.gms/.chimera.GmsIntentOperationService$PersistentTrustedReceiver
--------- switch to main
11-03 20:42:08.197169  2391  2760 W WorkController: Loading failed for worker [trainingcache]: worker not found
11-03 20:42:08.200324  2391  2571 W A       : TrainingCache cache DEVICE_UNLOCKED failure
11-03 20:42:08.200324  2391  2571 W A       : com.google.android.apps.gsa.search.core.service.h.a.a: No worker found for Worker ID [trainingcache].
11-03 20:42:08.200324  2391  2571 W A       : 	at com.google.android.apps.gsa.search.core.service.g.a.c.a(Unknown Source:5)
11-03 20:42:08.200324  2391  2571 W A       : 	at com.google.android.libraries.gsa.c.a.d.a(Unknown Source:3)
11-03 20:42:08.200324  2391  2571 W A       : 	at com.google.common.p.a.cg.c(Unknown Source:2)
11-03 20:42:08.200324  2391  2571 W A       : 	at com.google.common.p.a.bk.run(SourceFile:3)
11-03 20:42:08.200324  2391  2571 W A       : 	at com.google.common.p.a.ci.run(Unknown Source:4)
11-03 20:42:08.200324  2391  2571 W A       : 	at com.google.apps.tiktok.concurrent.ab.run(SourceFile:1)
11-03 20:42:08.200324  2391  2571 W A       : 	at java.util.concurrent.ThreadPoolExecutor.runWorker(ThreadPoolExecutor.java:1167)
11-03 20:42:08.200324  2391  2571 W A       : 	at java.util.concurrent.ThreadPoolExecutor$Worker.run(ThreadPoolExecutor.java:641)
11-03 20:42:08.200324  2391  2571 W A       : 	at com.google.apps.tiktok.concurrent.c.run(Unknown Source:4)
11-03 20:42:08.200324  2391  2571 W A       : 	at java.lang.Thread.run(Thread.java:764)
11-03 20:42:08.221532  1679  1679 I WearPower: [WearTouchMediator] changing touch input to enabled (ON_AUTO)
11-03 20:42:08.222752  1679  1746 I InputReader: Reconfiguring input devices.  changes=0x00000200
11-03 20:42:08.246302  1679  1679 D WristGestureCtrl: Starting: GesturesEnabled-false UngazeEnabled-true
11-03 20:42:08.246462  1679  1679 D DefaultUngazeDetector: starting
11-03 20:42:08.246615  1679  1679 D DefaultUngazeDetector: startUngazeStateEstimation(). startTime = 632869
11-03 20:42:08.246843  1679  1679 W AlarmManagerProxy: Removing unknown listener
11-03 20:42:08.248646  1679  1679 W DefaultSettingsContentR: Value for ambient_low_bit_enabled not stored as number. Attempting parse as boolean.
11-03 20:42:08.250728   511   511 I sensors-hal: batch:140, android.sensor.accelerometer/48, period=19231000, max_latency=100000000
11-03 20:42:08.254359   511   511 I sensors-hal: batch:149, android.sensor.accelerometer/48, period=19231000, max_latency=100000000 request completed
11-03 20:42:08.254882   511   511 I sensors-hal: flush:169, android.sensor.accelerometer/48
11-03 20:42:08.256012   511   511 I sensors-hal: flush:175, android.sensor.accelerometer/48 completed
11-03 20:42:08.267402  2365  2365 D HOME    : [StreamDBQueue]Promised revision #6098 to queue a new op
11-03 20:42:08.267793  2365  2365 D WatchStreamManager: Promised rank-blocked=true @ r#6098
11-03 20:42:08.273063  2391  2760 W WorkController: Loading failed for worker [trainingcache]: worker not found
11-03 20:42:08.275844  2391  2758 W A       : TrainingCache cache SCREEN_ON failure
11-03 20:42:08.275844  2391  2758 W A       : com.google.android.apps.gsa.search.core.service.h.a.a: No worker found for Worker ID [trainingcache].
11-03 20:42:08.275844  2391  2758 W A       : 	at com.google.android.apps.gsa.search.core.service.g.a.c.a(Unknown Source:5)
11-03 20:42:08.275844  2391  2758 W A       : 	at com.google.android.libraries.gsa.c.a.d.a(Unknown Source:3)
11-03 20:42:08.275844  2391  2758 W A       : 	at com.google.common.p.a.cg.c(Unknown Source:2)
11-03 20:42:08.275844  2391  2758 W A       : 	at com.google.common.p.a.bk.run(SourceFile:3)
11-03 20:42:08.275844  2391  2758 W A       : 	at com.google.common.p.a.ci.run(Unknown Source:4)
11-03 20:42:08.275844  2391  2758 W A       : 	at com.google.apps.tiktok.concurrent.ab.run(SourceFile:1)
11-03 20:42:08.275844  2391  2758 W A       : 	at java.util.concurrent.ThreadPoolExecutor.runWorker(ThreadPoolExecutor.java:1167)
11-03 20:42:08.275844  2391  2758 W A       : 	at java.util.concurrent.ThreadPoolExecutor$Worker.run(ThreadPoolExecutor.java:641)
11-03 20:42:08.275844  2391  2758 W A       : 	at com.google.apps.tiktok.concurrent.c.run(Unknown Source:4)
11-03 20:42:08.275844  2391  2758 W A       : 	at java.lang.Thread.run(Thread.java:764)
11-03 20:42:08.318209   511  5052 I sensors-hal: handle_indication_realtime:355,  SCHED_FIFO(10) for qmi_cbk
11-03 20:42:08.441368   511  5054 I sensors-hal: handle_indication_realtime:355,  SCHED_FIFO(10) for qmi_cbk
11-03 20:42:08.481409   503   520 I SDM     : DisplayBase::SetDisplayState: Set state = 3, display 0
11-03 20:42:08.481683   503   520 D SDM     : HWCDisplayPrimary::SetStandByMode: Display is connected successfully
11-03 20:42:08.481975   414  1708 D SKGHAL  : standBy_update_control call succeed on 0
11-03 20:42:08.482017   414  1708 D SKGHAL  : sendAmbientEvent: done: enable = 0
11-03 20:42:08.482699  1679  1781 D SidekickService:    ... endDisplay returns void
11-03 20:42:08.484052   538   538 D SurfaceFlinger: Set power mode=2, type=0 flinger=0xb5b36000
--------- switch to kernel
11-03 20:42:08.454439     0     0 E bgrsb   : bgrsb_enable: rsb will set report rate
11-03 20:42:08.480346     0     0 E bgrsb   : bgrsb_enable: gpio 32 is valid
11-03 20:42:08.481639     0     0 I         : [touch]FB_BLANK_VSYNC_SUSPEND
11-03 20:42:08.481643     0     0 I         : [touch]Already in suspend state
11-03 20:42:08.491790     0     0 I mdss_dsi_panel_set_idle_mode: Idle (1->0)
--------- switch to main
11-03 20:42:08.484482   503   726 I SDM     : DisplayBase::SetDisplayState: Set state = 1, display 0
11-03 20:42:08.496685   538   538 D SurfaceFlinger: Finished set power mode=2, type=0
--------- switch to kernel
11-03 20:42:08.495160     0     0 E mdp3_enable_panic_ctrl: mdp3_enable_panic_ctrl: Enable Panic Control
11-03 20:42:08.495251     0     0 I         : [touch]FB_BLANK_UNBLANK
11-03 20:42:08.495257     0     0 I         : [touch]raydium_ts_do_resume, 1.
11-03 20:42:08.495587     0     0 I         : [ raydium ]workqueue is empty!
11-03 20:42:08.495601     0     0 I raydium_ts 5-0039: [touch]Already enable irq
11-03 20:42:08.495603     0     0 I         : [touch]Device may wakeup
--------- switch to system
11-03 20:42:08.501419  1679  1704 W PowerManagerService: Screen on took 408 ms
11-03 20:42:08.501818  1679  1704 I DreamManagerService: Gently waking up from dream.
11-03 20:42:08.502460  1679  1700 I DreamManagerService: Performing gentle wake from dream.
11-03 20:42:08.502885  1679  1679 V DreamService[AmbientDream]: wakeUp(): fromSystem=true, mWaking=false, mFinished=false
11-03 20:42:08.502971  1679  1679 V DreamService[AmbientDream]: finish(): mFinished=false
11-03 20:42:08.503070  1679  1679 I DreamManagerService: Leaving dreamland.
11-03 20:42:08.503707  1679  1700 I DreamManagerService: Performing gentle wake from dream.
11-03 20:42:08.504036  1679  1700 I DreamController: Stopping dream: name=ComponentInfo{com.google.android.wearable.ambient/com.google.android.wearable.ambient.AmbientDream}, isTest=false, canDoze=true, userId=0
--------- switch to main
11-03 20:42:08.510486  1679  1679 W AlarmManager: Unrecognized alarm listener com.android.server.job.controllers.-$$Lambda$IdleController$IdlenessTracker$nTdS-lGBXcES5VWKcJFmQFgU7IU@4c930b1
--------- switch to system
11-03 20:42:08.510721  1679  1679 V DreamService[AmbientDream]: detach(): Calling onDreamingStopped()
--------- switch to main
11-03 20:42:08.510818  1679  1679 I AmbientService: [2f230a7] doOnDreamingStopped
11-03 20:42:08.510874  1679  1679 W AlarmManagerProxy: Removing unknown listener
11-03 20:42:08.518990  2365  2365 D HOME    : [HomeVisitsLogger]Logging streamlet event: visit_start
11-03 20:42:08.519619  2365  2365 D HOME    : [HomeVisitsLogger]Logging streamlet event: exit_ambient_mode
11-03 20:42:08.520078  2365  2365 D HOME    : [HotwordController]updateClient MODE_WATCH_FACE false false false true
11-03 20:42:08.521359  2365  2365 D HOME    : [WatchFaceUiController]setInAmbientMode false
11-03 20:42:08.521451  2365  2365 D HOME    : [WatchFaceUiController]sendWatchFaceServiceBinder
11-03 20:42:08.527382  2365  2365 D HOME    : [WatchFaceUiController]sendStateToWallpaper
11-03 20:42:08.530834  2365  2365 D HOME    : [WatchFaceUiController]Showing watch face wallpaper.
11-03 20:42:08.531058  2365  2365 D HOME    : [WatchFaceUiController]sendStateToWallpaper
11-03 20:42:08.534756  1679  1679 I AmbientService: [2f230a7] Have auto-resume Activity, but timeout has expired by 219457ms.
--------- switch to system
11-03 20:42:08.536743  1679  1679 W ContextImpl: Calling a method in the system process without a qualified user: android.app.ContextImpl.sendBroadcast:1020 android.content.ContextWrapper.sendBroadcast:449 com.google.android.wearable.ambient.AmbientDream.onDestroy:273 android.app.ActivityThread.handleStopService:3698 android.app.ActivityThread.access$1700:200 
11-03 20:42:08.539287  1679  1679 V DreamService[AmbientDream]: onDestroy()
--------- switch to main
11-03 20:42:08.571303  2365  2365 D HOME    : [StreamDBQueue]Promised revision #6099 to queue a new op
11-03 20:42:08.571908  2365  2365 D WatchStreamManager: Promised rank-blocked=true @ r#6099
11-03 20:42:08.572483  2365  2365 D HOME    : [StreamDBQueue]Promised revision #6100 to queue a new op
11-03 20:42:08.572579  2365  2365 D WatchStreamManager: Promised rank-blocked=true @ r#6100
11-03 20:42:08.572724  2365  2365 D HOME    : [TilesController]Tile refresh optimization is enabled.
11-03 20:42:08.572938  2365  2365 D HOME    : [EventBus]Wrapper pool is full. Discarding excess wrapper instance for event com.google.android.clockwork.sysui.events.KeyguardStateEvent
11-03 20:42:08.572999  2365  2365 D HOME    : [WatchFaceUiController]sendStateToWallpaper
11-03 20:42:08.574427  2365  2365 D HOME    : [EventBus]Wrapper pool is full. Discarding excess wrapper instance for event com.google.android.clockwork.sysui.events.KeyguardStateEvent
11-03 20:42:08.574590  2365  2365 D HOME    : [EventBus]Wrapper pool is full. Discarding excess wrapper instance for event com.google.android.clockwork.sysui.events.KeyguardStateEvent
11-03 20:42:08.580001  2365  2365 D HOME    : [WatchFaceUiController]sendStateToWallpaper
11-03 20:42:08.625900  2365  2365 D HOME    : [WatchFaceUiController]sendWatchFaceServiceBinder
11-03 20:42:08.630303  2365  2365 D HOME    : [WatchFaceUiController]sendProperties
11-03 20:42:08.636794  2365  2365 D HOME    : [WatchFaceUiController]sendStateToWallpaper
--------- switch to system
11-03 20:42:08.701725  1934  5065 W ContextImpl: Calling a method in the system process without a qualified user: android.app.ContextImpl.startService:1531 android.content.ContextWrapper.startService:664 com.google.android.clockwork.settings.time.PhoneTimeSyncer.sendGetCompanionTime:156 com.google.android.clockwork.settings.time.PhoneTimeSyncer.startUpdate:96 com.google.android.clockwork.settings.time.TimeSyncManager.startPhoneTimeUpdate:111 
--------- switch to main
11-03 20:42:08.718255  2365  5066 D HOME    : [CompanionRelayIntentSvc]onHandleIntent: Intent { act=com.google.android.clockwork.settings.RELAY_RPC_TO_COMPANION cmp=com.google.android.wearable.app/com.google.android.clockwork.home.CompanionRelayService (has extras) }
11-03 20:42:08.733419  1990  2189 I NetworkScheduler.Stats: Task com.google.android.apps.walletnfcrel/ started execution. cause:4 exec_start_elapsed_seconds: 633 [CONTEXT service_id=218 ]
11-03 20:42:08.742502  1990  2189 I NetworkScheduler.Stats: Task com.google.android.apps.walletnfcrel/ finished executing. cause:4 result: 3 elapsed_millis: 34 uptime_millis: 34 exec_start_elapsed_seconds: 633 [CONTEXT service_id=218 ]
11-03 20:42:08.800319   511   511 I sensors-hal: activate:107, android.sensor.light/46 en=0
11-03 20:42:08.801279   511   511 I sensors-hal: activate:118, android.sensor.light/46 en=0 completed
11-03 20:42:08.802637   511   511 I sensors-hal: batch:140, android.sensor.light/46, period=250000000, max_latency=0
11-03 20:42:08.802687   511   511 I sensors-hal: batch:149, android.sensor.light/46, period=250000000, max_latency=0 request completed
11-03 20:42:08.803405   511   511 I sensors-hal: activate:107, android.sensor.light/46 en=1
11-03 20:42:08.803649   511   511 I sensors-hal: ssc_enable_rt_task:254, ssc_enable_rt_task : true
11-03 20:42:08.809371   511   511 I sensors-hal: activate:118, android.sensor.light/46 en=1 completed
--------- switch to system
11-03 20:42:08.820949  1679  1679 V SettingsProvider: Notifying for 0: content://settings/system/screen_brightness
--------- switch to main
11-03 20:42:08.823172  1679  1679 I SidekickService: loadBrightnessLocked()
11-03 20:42:08.830512  1679  1679 D SidekickService: screenBrightness  = 51
11-03 20:42:08.831039  1679  1679 D SidekickService: sendConfigValuesLocked(): alsThresholds = [40, 92, 95, 100, 125, 150, 175, 200, 225, 250, 300, 400, 500, 800, 1200], brightnessValuesBright = [50, 56, 60, 70, 80, 90, 100, 115, 120, 140, 160, 180, 200, 220, 240, 255], brightnessValuesDim= [50, 56, 60, 70, 80, 90, 100, 115, 120, 140, 160, 180, 200, 220, 240, 255]
11-03 20:42:08.841502  1679  1679 D SidekickService: setAlsMode(): mode = 2, brightenAlpha = 80, dimmingAlpha = 80
11-03 20:42:08.850358  1679  1679 D SidekickService: setTwmConfig():: msTiltToBright = 10000, tiltToBright = false
11-03 20:42:08.859500  1934  4240 I TimeSyncManager: rescheduling failed time sync for 720000 ms from now
11-03 20:42:08.879993   511  5069 I sensors-hal: handle_indication_realtime:355,  SCHED_FIFO(10) for qmi_cbk
11-03 20:42:08.904693  1990  4917 I NetworkScheduler.Stats: Task com.google.android.gms/com.google.android.gms.clearcut.uploader.QosUploaderService started execution. cause:5 exec_start_elapsed_seconds: 633 [CONTEXT service_id=218 ]
11-03 20:42:09.062300  1990  4917 I NetworkScheduler.Stats: Task com.google.android.gms/com.google.android.gms.clearcut.uploader.QosUploaderService finished executing. cause:5 result: 1 elapsed_millis: 178 uptime_millis: 178 exec_start_elapsed_seconds: 633 [CONTEXT service_id=218 ]
--------- switch to kernel
11-03 20:42:10.300563     0     0 I [touch]x: 227,y:414
--------- switch to main
11-03 20:42:10.315739  2365  2365 D HOME    : [HomeVisitsLogger]Logging streamlet event: first_touch
11-03 20:42:10.318899  2365  2365 D HOME    : [GestureController]Ignoring duplicate ACTION_DOWN event.
11-03 20:42:10.659530  2365  2365 D HOME    : [StreamDBQueue]Promised revision #6101 to queue a new op
11-03 20:42:10.659919  2365  2365 D WatchStreamManager: Promised mark-all-read @ r#6101
11-03 20:42:10.663009  2365  5064 D HOME    : [NewStreamAdapter]Publishing revision #6101 to adapter clients
11-03 20:42:11.698106  1679  1689 I system_server: Background concurrent copying GC freed 41274(1977KB) AllocSpace objects, 10(248KB) LOS objects, 19% free, 9MB/11MB, paused 269us total 235.961ms
11-03 20:42:17.545073  1679  1746 D WindowManager: interceptKeyTq keycode=26 interactive=true keyguardActive=false policyFlags=22000000
--------- switch to system
11-03 20:42:17.979264  1679  1695 D WindowManager: powerPress: eventTime=543084 interactive=true count=1 beganFromNonInteractive=false mShortPressOnPowerBehavior=5
11-03 20:42:17.980039  1679  1695 I WindowManager: power button intercepted
11-03 20:42:17.980288  1679  1695 D WindowManager: requiresConfirmation? false mFocusedActivity: com.google.android.wearable.app/com.google.android.clockwork.home2.activity.HomeActivity2
11-03 20:42:18.002921  1679  1695 I ActivityManager: START u0 {act=android.intent.action.MAIN cat=[android.intent.category.HOME] flg=0x10200000 cmp=com.google.android.wearable.app/com.google.android.clockwork.home2.activity.HomeActivity2 (has extras)} from uid 1000
--------- switch to main
11-03 20:42:17.677102  1679  1746 D WindowManager: interceptKeyTq keycode=26 interactive=true keyguardActive=false policyFlags=22000000
11-03 20:42:18.017056  2365  2365 D HOME    : [HotwordController]updateClient MODE_WATCH_FACE false false true true
11-03 20:42:18.059068  2365  2365 D HOME    : [KeyHandlerRegistry]handleMainButtonPress, uiMode[MODE_WATCH_FACE]
11-03 20:42:18.097833  2365  2365 D HOME    : [HotwordController]updateClient MODE_WATCH_FACE false false false true
11-03 20:42:18.461599  2365  2365 D HOME    : [HotwordController]updateClient MODE_LAUNCHER false false false true
11-03 20:42:18.464948  2365  2365 D HOME    : [WatchFaceUiController]Hiding watch face wallpaper.
11-03 20:42:18.465765  2365  2365 D HOME    : [StreamModule]Updating gaze alerter state: inWetMode=false focused=true uiMode=MODE_LAUNCHER
--------- switch to kernel
11-03 20:42:19.550305     0     0 I [touch]x: 233,y:255
11-03 20:42:20.094364     0     0 I [touch]x: 258,y:272
11-03 20:42:20.618503     0     0 I [touch]x: 251,y:267
11-03 20:42:21.212321     0     0 I [touch]x: 275,y:260
11-03 20:42:21.989073     0     0 I [touch]x: 260,y:272
11-03 20:42:22.699970     0     0 I [touch]x: 251,y:175
11-03 20:42:23.607476     0     0 I [touch]x: 230,y:224
11-03 20:42:23.764446     0     0 E FG      : fg_psy_get_property: unsupported property 7
11-03 20:42:23.766651     0     0 I chatty  : uid=0(root) logd identical 1 line
11-03 20:42:23.768350     0     0 E FG      : fg_psy_get_property: unsupported property 7
11-03 20:42:23.773464     0     0 W healthd : battery l=15 v=3922 t=38.0 h=2 st=2 c=-287 fc=443000 cc=0 chg=a
--------- switch to main
11-03 20:42:23.809256  1906  1906 D QtiCarrierConfigHelper: WARNING, no carrier configs on phone Id: 0
11-03 20:42:23.831554  2365  2365 D HOME    : [WatchFaceUiController]sendStateToWallpaper
11-03 20:42:23.839867  2365  2365 D HOME    : [BatteryChange]action: android.intent.action.BATTERY_CHANGED
11-03 20:42:23.853300  2365  5064 D HOME    : [BatteryChange]HandleBatteryChangedTask
11-03 20:42:23.854002  2365  5064 D HOME    : [BatteryChange]level: 15, status: 2
11-03 20:42:23.855352  2365  5064 D HOME    : [BatteryChange]level: 15, timestamp: 1635968543855
11-03 20:42:23.856159  2365  5063 D HOME    : [ComplicationController]scheduleImmediateUpdateForAllFromProvider ComponentInfo{com.google.android.wearable.app/com.google.android.clockwork.home.complications.providers.BatteryProviderService}
11-03 20:42:23.994204  2365  2365 D HOME    : [LauncherInfo]launch: com.qualcomm.qti.usta/com.qualcomm.qti.usta.ui.UnifiedSensorTestActivity
11-03 20:42:23.994610  2365  2365 D HOME    : [HomeVisitsLogger]Logging streamlet event: launch_app
--------- switch to system
11-03 20:42:23.996335  1679  5047 I ActivityManager: START u0 {act=android.intent.action.MAIN cat=[android.intent.category.LAUNCHER] flg=0x10200000 cmp=com.qualcomm.qti.usta/.ui.UnifiedSensorTestActivity} from uid 10049
--------- switch to main
11-03 20:42:24.043620  2365  2365 D HOME    : [LauncherHistory]persisting history: 4
11-03 20:42:24.043620  2365  2365 D HOME    : Unified Sensor Test App : com.qualcomm.qti.usta.ui.UnifiedSensorTestActivity : com.qualcomm.qti.usta
11-03 20:42:24.043620  2365  2365 D HOME    : Paramtres : com.google.android.clockwork.settings.MainSettingsActivity : com.google.android.apps.wearable.settings
11-03 20:42:24.043620  2365  2365 D HOME    : Body Energy : fitness.smartwatch.montblanc.bodyresources.ui.activity.main.BodyResourcesActivity : fitness.smartwatch.montblanc.com.fitness
11-03 20:42:24.043620  2365  2365 D HOME    : Stress : fitness.smartwatch.montblanc.stress_new.ui.activity.main.StressActivity : fitness.smartwatch.montblanc.com.fitness
11-03 20:42:24.058568  2365  2365 D HOME    : [HotwordController]updateClient MODE_LAUNCHER false false true true
11-03 20:42:24.079795  2365  5064 D HOME    : [ComplicationController]scheduleImmediateUpdateForAllFromProvider ComponentInfo{com.google.android.wearable.app/com.google.android.clockwork.home.complications.providers.MostRecentAppProviderService}
--------- switch to system
11-03 20:42:24.111519  1679  1696 I ActivityManager: Start proc 5074:com.qualcomm.qti.usta/1000 for activity com.qualcomm.qti.usta/.ui.UnifiedSensorTestActivity
--------- switch to main
11-03 20:42:24.198027  2365  2365 D HOME    : [StreamModule]Updating gaze alerter state: inWetMode=false focused=false uiMode=MODE_LAUNCHER
--------- switch to system
11-03 20:42:24.276702  1679  1694 W BroadcastQueue: Background execution not allowed: receiving Intent { act=android.os.UpdateLock.UPDATE_LOCK_CHANGED flg=0x4000010 (has extras) } to com.google.android.gms/.chimera.GmsIntentOperationService$PersistentTrustedReceiver
--------- switch to main
11-03 20:42:24.328282  1679  1731 W View    : View not hardware-accelerated. Unable to observe frame stats
11-03 20:42:24.332704  5074  5074 I alcomm.qti.ust: The ClassLoaderContext is a special shared library.
11-03 20:42:24.724977  5074  5074 E QMI_FW  : qmi_cci_xprt_qrtr_supported: failed errno[13]
11-03 20:42:24.714000  5074  5074 W alcomm.qti.usta: type=1400 audit(0.0:261): avc: denied { create } for scontext=u:r:system_app:s0 tcontext=u:r:system_app:s0 tclass=socket permissive=0
11-03 20:42:24.773994  5074  5074 I USTA_Native_Info: JNI_OnLoad Start
11-03 20:42:24.786949  5074  5074 I USTA_Native_Info: JNI_OnLoad End
11-03 20:42:24.789009  5074  5074 D AndroidRuntime: Shutting down VM
--------- switch to crash
11-03 20:42:24.800362  5074  5074 E AndroidRuntime: FATAL EXCEPTION: main
11-03 20:42:24.800362  5074  5074 E AndroidRuntime: Process: com.qualcomm.qti.usta, PID: 5074
11-03 20:42:24.800362  5074  5074 E AndroidRuntime: java.lang.UnsatisfiedLinkError: dalvik.system.PathClassLoader[DexPathList[[zip file "/system/app/UnifiedSensorTestApp/UnifiedSensorTestApp.apk"],nativeLibraryDirectories=[/system/app/UnifiedSensorTestApp/lib/arm, /system/app/UnifiedSensorTestApp/UnifiedSensorTestApp.apk!/lib/armeabi, /system/lib, /system/lib]]] couldn't find "libSensorCalLibNative.so"
11-03 20:42:24.800362  5074  5074 E AndroidRuntime: 	at java.lang.Runtime.loadLibrary0(Runtime.java:1012)
11-03 20:42:24.800362  5074  5074 E AndroidRuntime: 	at java.lang.System.loadLibrary(System.java:1669)
11-03 20:42:24.800362  5074  5074 E AndroidRuntime: 	at com.qualcomm.qti.usta.ui.UnifiedSensorTestActivity.onCreate(UnifiedSensorTestActivity.java:41)
11-03 20:42:24.800362  5074  5074 E AndroidRuntime: 	at android.app.Activity.performCreate(Activity.java:7144)
11-03 20:42:24.800362  5074  5074 E AndroidRuntime: 	at android.app.Activity.performCreate(Activity.java:7135)
11-03 20:42:24.800362  5074  5074 E AndroidRuntime: 	at android.app.Instrumentation.callActivityOnCreate(Instrumentation.java:1271)
11-03 20:42:24.800362  5074  5074 E AndroidRuntime: 	at android.app.ActivityThread.performLaunchActivity(ActivityThread.java:2894)
11-03 20:42:24.800362  5074  5074 E AndroidRuntime: 	at android.app.ActivityThread.handleLaunchActivity(ActivityThread.java:3049)
11-03 20:42:24.800362  5074  5074 E AndroidRuntime: 	at android.app.servertransaction.LaunchActivityItem.execute(LaunchActivityItem.java:78)
11-03 20:42:24.800362  5074  5074 E AndroidRuntime: 	at android.app.servertransaction.TransactionExecutor.executeCallbacks(TransactionExecutor.java:108)
11-03 20:42:24.800362  5074  5074 E AndroidRuntime: 	at android.app.servertransaction.TransactionExecutor.execute(TransactionExecutor.java:68)
11-03 20:42:24.800362  5074  5074 E AndroidRuntime: 	at android.app.ActivityThread$H.handleMessage(ActivityThread.java:1809)
11-03 20:42:24.800362  5074  5074 E AndroidRuntime: 	at android.os.Handler.dispatchMessage(Handler.java:106)
11-03 20:42:24.800362  5074  5074 E AndroidRuntime: 	at android.os.Looper.loop(Looper.java:193)
11-03 20:42:24.800362  5074  5074 E AndroidRuntime: 	at android.app.ActivityThread.main(ActivityThread.java:6680)
11-03 20:42:24.800362  5074  5074 E AndroidRuntime: 	at java.lang.reflect.Method.invoke(Native Method)
11-03 20:42:24.800362  5074  5074 E AndroidRuntime: 	at com.android.internal.os.RuntimeInit$MethodAndArgsCaller.run(RuntimeInit.java:493)
11-03 20:42:24.800362  5074  5074 E AndroidRuntime: 	at com.android.internal.os.ZygoteInit.main(ZygoteInit.java:858)
--------- switch to system
11-03 20:42:24.807068  1679  5047 W ActivityManager:   Force finishing activity com.qualcomm.qti.usta/.ui.UnifiedSensorTestActivity
--------- switch to main
11-03 20:42:24.822174  2365  2365 D HOME    : [WatchFaceUiController]sendStateToWallpaper
11-03 20:42:24.825197  2365  2365 D HOME    : [StreamModule]Updating gaze alerter state: inWetMode=false focused=true uiMode=MODE_LAUNCHER
11-03 20:42:24.825458  2365  2365 D HOME    : [SurfaceRenderer]maybeRender: hasWindowFocus = true, hasViewFocus = false, hasModelToRender = false, shouldRender = false
11-03 20:42:24.828335  5074  5074 I Process : Sending signal. PID: 5074 SIG: 9
--------- switch to system
11-03 20:42:24.870557  1679  3654 I ActivityManager: Process com.qualcomm.qti.usta (pid 5074) has died: fore TOP 
--------- switch to main
11-03 20:42:24.871823   444   444 I Zygote  : Process 5074 exited due to signal (9)
11-03 20:42:24.877307  1679  1697 W libprocessgroup: kill(-5074, 9) failed: No such process
11-03 20:42:24.877591  1679  1697 I libprocessgroup: Successfully killed process cgroup uid 1000 pid 5074 in 5ms
--------- switch to system
11-03 20:42:24.912717  1679  1731 W WindowManager: Failed looking up window callers=com.android.server.wm.WindowManagerService.windowForClientLocked:5520 com.android.server.wm.WindowManagerService.removeWindow:1649 com.android.server.wm.Session.remove:228 
--------- switch to main
11-03 20:42:24.961697  2365  2365 D HOME    : [HotwordController]updateClient MODE_LAUNCHER false false false true
--------- switch to system
11-03 20:42:24.990022  1679  1694 W BroadcastQueue: Background execution not allowed: receiving Intent { act=android.intent.action.DROPBOX_ENTRY_ADDED flg=0x10 (has extras) } to com.google.android.gms/.stats.service.DropBoxEntryAddedReceiver
11-03 20:42:25.003444  1679  1694 W BroadcastQueue: Background execution not allowed: receiving Intent { act=android.intent.action.DROPBOX_ENTRY_ADDED flg=0x10 (has extras) } to com.google.android.gms/.chimera.GmsIntentOperationService$PersistentTrustedReceiver
11-03 20:42:25.003973  1679  1694 W BroadcastQueue: Background execution not allowed: receiving Intent { act=android.os.UpdateLock.UPDATE_LOCK_CHANGED flg=0x4000010 (has extras) } to com.google.android.gms/.chimera.GmsIntentOperationService$PersistentTrustedReceiver
--------- switch to kernel
11-03 20:42:23.775868     0     0 W healthd : battery l=15 v=3922 t=38.0 h=2 st=2 c=-287 fc=443000 cc=0 chg=a
11-03 20:42:25.611390     0     0 I [touch]x: 232,y:197
--------- switch to main
11-03 20:42:25.994359  2365  2365 D HOME    : [LauncherInfo]launch: com.qualcomm.qti.usta/com.qualcomm.qti.usta.ui.UnifiedSensorTestActivity
11-03 20:42:25.994846  2365  2365 D HOME    : [HomeVisitsLogger]Logging streamlet event: launch_app
--------- switch to system
11-03 20:42:25.996665  1679  5047 I ActivityManager: START u0 {act=android.intent.action.MAIN cat=[android.intent.category.LAUNCHER] flg=0x10200000 cmp=com.qualcomm.qti.usta/.ui.UnifiedSensorTestActivity} from uid 10049
--------- switch to main
11-03 20:42:26.035855  2365  2365 D HOME    : [LauncherHistory]persisting history: 4
11-03 20:42:26.035855  2365  2365 D HOME    : Unified Sensor Test App : com.qualcomm.qti.usta.ui.UnifiedSensorTestActivity : com.qualcomm.qti.usta
11-03 20:42:26.035855  2365  2365 D HOME    : Paramtres : com.google.android.clockwork.settings.MainSettingsActivity : com.google.android.apps.wearable.settings
11-03 20:42:26.035855  2365  2365 D HOME    : Body Energy : fitness.smartwatch.montblanc.bodyresources.ui.activity.main.BodyResourcesActivity : fitness.smartwatch.montblanc.com.fitness
11-03 20:42:26.035855  2365  2365 D HOME    : Stress : fitness.smartwatch.montblanc.stress_new.ui.activity.main.StressActivity : fitness.smartwatch.montblanc.com.fitness
11-03 20:42:26.053990  2365  2365 D HOME    : [HotwordController]updateClient MODE_LAUNCHER false false true true
11-03 20:42:26.060087  2365  5064 D HOME    : [ComplicationController]scheduleImmediateUpdateForAllFromProvider ComponentInfo{com.google.android.wearable.app/com.google.android.clockwork.home.complications.providers.MostRecentAppProviderService}
11-03 20:42:26.098171  1679  1731 W View    : View not hardware-accelerated. Unable to observe frame stats
--------- switch to system
11-03 20:42:26.112361  1679  1696 I ActivityManager: Start proc 5095:com.qualcomm.qti.usta/1000 for activity com.qualcomm.qti.usta/.ui.UnifiedSensorTestActivity
11-03 20:42:26.257417  1679  5047 W ActivityManager: Slow operation: 73ms so far, now at attachApplicationLocked: after mServices.attachApplicationLocked
--------- switch to main
11-03 20:42:26.276859  5095  5095 I alcomm.qti.ust: The ClassLoaderContext is a special shared library.
--------- switch to system
11-03 20:42:26.289900  1679  1694 W BroadcastQueue: Background execution not allowed: receiving Intent { act=android.os.UpdateLock.UPDATE_LOCK_CHANGED flg=0x4000010 (has extras) } to com.google.android.gms/.chimera.GmsIntentOperationService$PersistentTrustedReceiver
--------- switch to main
11-03 20:42:26.291093  2365  2365 D HOME    : [StreamModule]Updating gaze alerter state: inWetMode=false focused=false uiMode=MODE_LAUNCHER
11-03 20:42:26.384000  5095  5095 W alcomm.qti.usta: type=1400 audit(0.0:262): avc: denied { create } for scontext=u:r:system_app:s0 tcontext=u:r:system_app:s0 tclass=socket permissive=0
11-03 20:42:26.392866  5095  5095 E QMI_FW  : qmi_cci_xprt_qrtr_supported: failed errno[13]
11-03 20:42:26.407486  5095  5095 I USTA_Native_Info: JNI_OnLoad Start
11-03 20:42:26.408063  5095  5095 I USTA_Native_Info: JNI_OnLoad End
11-03 20:42:26.409918  5095  5095 D AndroidRuntime: Shutting down VM
--------- switch to crash
11-03 20:42:26.411519  5095  5095 E AndroidRuntime: FATAL EXCEPTION: main
11-03 20:42:26.411519  5095  5095 E AndroidRuntime: Process: com.qualcomm.qti.usta, PID: 5095
11-03 20:42:26.411519  5095  5095 E AndroidRuntime: java.lang.UnsatisfiedLinkError: dalvik.system.PathClassLoader[DexPathList[[zip file "/system/app/UnifiedSensorTestApp/UnifiedSensorTestApp.apk"],nativeLibraryDirectories=[/system/app/UnifiedSensorTestApp/lib/arm, /system/app/UnifiedSensorTestApp/UnifiedSensorTestApp.apk!/lib/armeabi, /system/lib, /system/lib]]] couldn't find "libSensorCalLibNative.so"
11-03 20:42:26.411519  5095  5095 E AndroidRuntime: 	at java.lang.Runtime.loadLibrary0(Runtime.java:1012)
11-03 20:42:26.411519  5095  5095 E AndroidRuntime: 	at java.lang.System.loadLibrary(System.java:1669)
11-03 20:42:26.411519  5095  5095 E AndroidRuntime: 	at com.qualcomm.qti.usta.ui.UnifiedSensorTestActivity.onCreate(UnifiedSensorTestActivity.java:41)
11-03 20:42:26.411519  5095  5095 E AndroidRuntime: 	at android.app.Activity.performCreate(Activity.java:7144)
11-03 20:42:26.411519  5095  5095 E AndroidRuntime: 	at android.app.Activity.performCreate(Activity.java:7135)
11-03 20:42:26.411519  5095  5095 E AndroidRuntime: 	at android.app.Instrumentation.callActivityOnCreate(Instrumentation.java:1271)
11-03 20:42:26.411519  5095  5095 E AndroidRuntime: 	at android.app.ActivityThread.performLaunchActivity(ActivityThread.java:2894)
11-03 20:42:26.411519  5095  5095 E AndroidRuntime: 	at android.app.ActivityThread.handleLaunchActivity(ActivityThread.java:3049)
11-03 20:42:26.411519  5095  5095 E AndroidRuntime: 	at android.app.servertransaction.LaunchActivityItem.execute(LaunchActivityItem.java:78)
11-03 20:42:26.411519  5095  5095 E AndroidRuntime: 	at android.app.servertransaction.TransactionExecutor.executeCallbacks(TransactionExecutor.java:108)
