11-03 07:44:51.600294  2520 10427 D HOME    : [StreamAlertingRegulator]isTheaterModeEnabled: false, isAlertingAllowedByOffBody: true, matchesLocalInterruptionFilter: true
11-03 07:44:51.600319  2520 10389 D HOME    : [StreamDBQueue]Promised revision #3011 to queue a new op
11-03 07:44:51.600437  2520 10389 D WatchStreamManager: Promised rerank @ r#3011
11-03 07:44:51.600525  2520 10427 D HOME    : [WatchStreamDB]couldItemAlert: false, isTopItemChanged: false, isDeferralForTopItem: false
11-03 07:44:51.601057  2520 10427 D HOME    : [WatchStreamDB]updateRanking()
11-03 07:44:51.601623  2520 10427 D HOME    : [WatchStreamDB]Item alerting conditions - isInterruptive: false, recentlyInterrupted: false, isItemPinned: false, isUnread: false
11-03 07:44:51.602009  2520 10427 D HOME    : [StreamAlertingRegulator]isTheaterModeEnabled: false, isAlertingAllowedByOffBody: true, matchesLocalInterruptionFilter: true
11-03 07:44:51.602290  2520 10427 D HOME    : [WatchStreamDB]couldItemAlert: false, isTopItemChanged: false, isDeferralForTopItem: false
11-03 07:44:51.602956  2520 10427 D HOME    : [NewStreamAdapter]Publishing revision #3011 to adapter clients
--------- switch to kernel
11-03 07:44:51.553868     0     0 I CPU0    : update max cpu_capacity 748
11-03 07:44:51.587268     0     0 I CPU2    : shutdown
11-03 07:44:51.591441     0     0 I init    : Command 'write /sys/devices/system/cpu/cpu2/online 0' action=ro.enable_core_ctl=true && sys.cw_corectl_mode=idle (/vendor/etc/init/hw/init.qcom.rc:951) took 116ms and succeeded
11-03 07:44:51.592998     0     0 I CPU3    : update max cpu_capacity 1024
11-03 07:44:51.683803     0     0 I CPU0    : update max cpu_capacity 748
11-03 07:44:51.715370     0     0 I CPU3    : shutdown
11-03 07:44:51.717323     0     0 I init    : Command 'write /sys/devices/system/cpu/cpu3/online 0' action=ro.enable_core_ctl=true && sys.cw_corectl_mode=idle (/vendor/etc/init/hw/init.qcom.rc:952) took 125ms and succeeded
11-03 07:44:54.782910     0     0 E mdss_dsi_gen_read_status: Read back value from panel is incorrect
--------- switch to system
11-03 07:45:01.603120  1686  1702 W BroadcastQueue: Timeout of broadcast BroadcastRecord{7118ec4 u-1 android.intent.action.SCREEN_OFF} - receiver=android.os.BinderProxy@ef21c49, started 10000ms ago
11-03 07:45:01.603890  1686  1702 W BroadcastQueue: Receiver during timeout of BroadcastRecord{7118ec4 u-1 android.intent.action.SCREEN_OFF} : BroadcastFilter{25f9a6f u0 ReceiverList{b2a794e 7745 com.montblanc.smartwatch.toolbox/10038/u0 remote:ef21c49}}
11-03 07:45:01.671744  1686  1702 I ActivityManager: Skipping duplicate ANR: ProcessRecord{361f4aa 7745:com.montblanc.smartwatch.toolbox/u0a38} Broadcast of Intent { act=android.intent.action.SCREEN_OFF flg=0x50200010 }
11-03 07:45:09.998316  1686  1686 I PowerManagerService: Waking up from dozing (uid=1000 reason=tiltToWake)...
11-03 07:45:10.011579  1686  1686 W UsageStatsService: Event reported without a package name
--------- switch to kernel
11-03 07:45:09.934998     0     0 E FG      : fg_psy_get_property: unsupported property 7
11-03 07:45:09.940621     0     0 W healthd : battery l=28 v=3671 t=24.0 h=2 st=3 c=166 fc=443000 cc=0 chg=
--------- switch to main
11-03 07:45:10.049216   512   512 I sensors-hal: batch:140, android.sensor.light/46, period=100000000, max_latency=0
11-03 07:45:10.049272   512   512 I sensors-hal: batch:149, android.sensor.light/46, period=100000000, max_latency=0 request completed
11-03 07:45:10.050269   512   512 I sensors-hal: activate:107, android.sensor.light/46 en=1
11-03 07:45:10.050541   512   512 I sensors-hal: ssc_enable_rt_task:254, ssc_enable_rt_task : true
11-03 07:45:10.052765   512   512 I sensors-hal: activate:118, android.sensor.light/46 en=1 completed
11-03 07:45:10.057584  1686  1823 I SidekickService: endDisplayLocked()
--------- switch to system
11-03 07:45:10.057804  1686  1710 I DisplayManagerService: Display device changed state: "Écran intégré", ON
--------- switch to main
11-03 07:45:10.057967   416   416 D SKGHAL  : sendAmbientEvent: enter: enable = 0
11-03 07:45:10.065421   512   512 I sensors-hal: batch:140, android.sensor.accelerometer/48, period=66667000, max_latency=100000000
11-03 07:45:10.065477   512   512 I sensors-hal: batch:149, android.sensor.accelerometer/48, period=66667000, max_latency=100000000 request completed
11-03 07:45:10.067488   512   512 I sensors-hal: activate:107, android.sensor.accelerometer/48 en=1
11-03 07:45:10.067755   512   512 I sensors-hal: ssc_enable_rt_task:254, ssc_enable_rt_task : true
11-03 07:45:10.078667   512   512 I sensors-hal: activate:118, android.sensor.accelerometer/48 en=1 completed
11-03 07:45:10.080887  1686  1759 I InputReader: Reconfiguring input devices.  changes=0x00000004
11-03 07:45:10.083718  2520  2520 D HOME    : [BatteryChange]action: android.intent.action.BATTERY_CHANGED
11-03 07:45:10.084520  2520 10428 D HOME    : [BatteryChange]HandleBatteryChangedTask
11-03 07:45:10.084884  2520 10428 D HOME    : [BatteryChange]level: 28, status: 3
11-03 07:45:10.085830  1956  1956 D QtiCarrierConfigHelper: WARNING, no carrier configs on phone Id: 0
--------- switch to system
11-03 07:45:10.091848  1686  1702 W BroadcastQueue: Background execution not allowed: receiving Intent { act=android.intent.action.USER_PRESENT flg=0x10 } to com.google.android.gms/.auth.setup.devicesignals.LockScreenReceiver
11-03 07:45:10.092196  1686  1702 W BroadcastQueue: Background execution not allowed: receiving Intent { act=android.intent.action.USER_PRESENT flg=0x10 } to com.google.android.gms/.chimera.GmsIntentOperationService$PersistentTrustedReceiver
--------- switch to main
11-03 07:45:10.092900  4243  4243 D OMService: onDisplayChanged: not dozing
11-03 07:45:10.097248  3205  3434 W WorkController: Loading failed for worker [trainingcache]: worker not found
11-03 07:45:10.100190  3205  3294 W A       : TrainingCache cache DEVICE_UNLOCKED failure
11-03 07:45:10.100190  3205  3294 W A       : com.google.android.apps.gsa.search.core.service.h.a.a: No worker found for Worker ID [trainingcache].
11-03 07:45:10.100190  3205  3294 W A       : 	at com.google.android.apps.gsa.search.core.service.g.a.c.a(Unknown Source:5)
11-03 07:45:10.100190  3205  3294 W A       : 	at com.google.android.libraries.gsa.c.a.d.a(Unknown Source:3)
11-03 07:45:10.100190  3205  3294 W A       : 	at com.google.common.p.a.cg.c(Unknown Source:2)
11-03 07:45:10.100190  3205  3294 W A       : 	at com.google.common.p.a.bk.run(SourceFile:3)
11-03 07:45:10.100190  3205  3294 W A       : 	at com.google.common.p.a.ci.run(Unknown Source:4)
11-03 07:45:10.100190  3205  3294 W A       : 	at com.google.apps.tiktok.concurrent.ab.run(SourceFile:1)
11-03 07:45:10.100190  3205  3294 W A       : 	at java.util.concurrent.ThreadPoolExecutor.runWorker(ThreadPoolExecutor.java:1167)
11-03 07:45:10.100190  3205  3294 W A       : 	at java.util.concurrent.ThreadPoolExecutor$Worker.run(ThreadPoolExecutor.java:641)
11-03 07:45:10.100190  3205  3294 W A       : 	at com.google.apps.tiktok.concurrent.c.run(Unknown Source:4)
11-03 07:45:10.100190  3205  3294 W A       : 	at java.lang.Thread.run(Thread.java:764)
11-03 07:45:10.233533   512 10434 I sensors-hal: handle_indication_realtime:355,  SCHED_FIFO(10) for qmi_cbk
11-03 07:45:10.285765   512 10436 I sensors-hal: handle_indication_realtime:355,  SCHED_FIFO(10) for qmi_cbk
--------- switch to kernel
11-03 07:45:10.269261     0     0 E bgrsb   : bgrsb_enable: rsb will set report rate
11-03 07:45:10.275162     0     0 E bgrsb   : bgrsb_enable: gpio 32 is valid
--------- switch to main
11-03 07:45:10.416756   504   523 I SDM     : DisplayBase::SetDisplayState: Set state = 3, display 0
11-03 07:45:10.417119   504   523 D SDM     : HWCDisplayPrimary::SetStandByMode: Display is connected successfully
--------- switch to kernel
11-03 07:45:10.330707     0     0 I         : [touch]FB_BLANK_VSYNC_SUSPEND
11-03 07:45:10.330713     0     0 I         : [touch]Already in suspend state
--------- switch to main
11-03 07:45:10.418720   416   416 D SKGHAL  : standBy_update_control call succeed on 0
11-03 07:45:10.418880   416   416 D SKGHAL  : sendAmbientEvent: done: enable = 0
11-03 07:45:10.419793  1686  1823 D SidekickService:    ... endDisplay returns void
11-03 07:45:10.420686   545   545 D SurfaceFlinger: Set power mode=2, type=0 flinger=0xb6bb6000
11-03 07:45:10.420944   504   764 I SDM     : DisplayBase::SetDisplayState: Set state = 1, display 0
11-03 07:45:10.430347   545   545 D SurfaceFlinger: Finished set power mode=2, type=0
--------- switch to kernel
11-03 07:45:10.341573     0     0 I mdss_dsi_panel_set_idle_mode: Idle (1->0)
11-03 07:45:10.342305     0     0 I         : [touch]FB_BLANK_UNBLANK
11-03 07:45:10.342310     0     0 I         : [touch]raydium_ts_do_resume, 1.
11-03 07:45:10.343297     0     0 I         : [ raydium ]workqueue is empty!
11-03 07:45:10.343308     0     0 I raydium_ts 5-0039: [touch]Already enable irq
11-03 07:45:10.343310     0     0 I         : [touch]Device may wakeup
--------- switch to system
11-03 07:45:10.432249  1686  1712 W PowerManagerService: Screen on took 436 ms
11-03 07:45:10.432618  1686  1712 I DreamManagerService: Gently waking up from dream.
11-03 07:45:10.434334  1686  1708 I DreamManagerService: Performing gentle wake from dream.
11-03 07:45:10.436967  1686  1686 V DreamService[AmbientDream]: wakeUp(): fromSystem=true, mWaking=false, mFinished=false
11-03 07:45:10.437210  1686  1686 V DreamService[AmbientDream]: finish(): mFinished=false
11-03 07:45:10.437308  1686  1686 I DreamManagerService: Leaving dreamland.
11-03 07:45:10.439575  1686  1708 I DreamManagerService: Performing gentle wake from dream.
11-03 07:45:10.439889  1686  1708 I DreamController: Stopping dream: name=ComponentInfo{com.google.android.wearable.ambient/com.google.android.wearable.ambient.AmbientDream}, isTest=false, canDoze=true, userId=0
11-03 07:45:10.450493  1686  1686 V DreamService[AmbientDream]: detach(): Calling onDreamingStopped()
--------- switch to main
11-03 07:45:10.450658  1686  1686 I AmbientService: [ce6a28c] doOnDreamingStopped
11-03 07:45:10.450734  1686  1686 D WristGestureCtrl: Starting: GesturesEnabled-false UngazeEnabled-true
11-03 07:45:10.450781  1686  1686 D DefaultUngazeDetector: starting
11-03 07:45:10.450834  1686  1686 D DefaultUngazeDetector: startUngazeStateEstimation(). startTime = 53389880
11-03 07:45:10.451951   512   512 I sensors-hal: batch:140, android.sensor.accelerometer/48, period=19231000, max_latency=100000000
11-03 07:45:10.452367  1686  1686 W AlarmManagerProxy: Removing unknown listener
11-03 07:45:10.453462   512   512 I sensors-hal: batch:149, android.sensor.accelerometer/48, period=19231000, max_latency=100000000 request completed
11-03 07:45:10.453811   512   512 I sensors-hal: flush:169, android.sensor.accelerometer/48
11-03 07:45:10.454647   512   512 I sensors-hal: flush:175, android.sensor.accelerometer/48 completed
11-03 07:45:10.456909  2520  2520 D HOME    : [HomeVisitsLogger]Logging streamlet event: visit_start
11-03 07:45:10.457146  2520  2520 D HOME    : [HomeVisitsLogger]Logging streamlet event: exit_ambient_mode
11-03 07:45:10.457464  2520  2520 D HOME    : [HotwordController]updateClient MODE_WATCH_FACE false false false true
11-03 07:45:10.458338  2520  2520 D HOME    : [WatchFaceUiController]setInAmbientMode false
11-03 07:45:10.458408  2520  2520 D HOME    : [WatchFaceUiController]sendWatchFaceServiceBinder
11-03 07:45:10.463640  2520  2520 D HOME    : [WatchFaceUiController]sendStateToWallpaper
11-03 07:45:10.465617  2520  2520 D HOME    : [WatchFaceUiController]Showing watch face wallpaper.
11-03 07:45:10.465766  2520  2520 D HOME    : [WatchFaceUiController]sendStateToWallpaper
11-03 07:45:10.466937  1686  1686 I AmbientService: [ce6a28c] No auto-resume Activity.
--------- switch to system
11-03 07:45:10.469111  1686  1686 W ContextImpl: Calling a method in the system process without a qualified user: android.app.ContextImpl.sendBroadcast:1020 android.content.ContextWrapper.sendBroadcast:449 com.google.android.wearable.ambient.AmbientDream.onDestroy:273 android.app.ActivityThread.handleStopService:3698 android.app.ActivityThread.access$1700:200 
--------- switch to main
11-03 07:45:10.469778  1686  1686 E AlarmManager: cancel() called with a null PendingIntent
--------- switch to system
11-03 07:45:10.470516  1686  1686 V DreamService[AmbientDream]: onDestroy()
--------- switch to main
11-03 07:45:10.474793  2520  2520 D HOME    : [StreamDBQueue]Promised revision #3012 to queue a new op
11-03 07:45:10.475292  2520  2520 D WatchStreamManager: Promised rank-blocked=true @ r#3012
11-03 07:45:10.476177  2520  2520 D HOME    : [StreamDBQueue]Promised revision #3013 to queue a new op
11-03 07:45:10.476348  2520  2520 D WatchStreamManager: Promised rank-blocked=true @ r#3013
11-03 07:45:10.476834  2520  2520 D HOME    : [TilesController]Tile refresh optimization is enabled.
11-03 07:45:10.477300  2520  2520 D HOME    : [EventBus]Wrapper pool is full. Discarding excess wrapper instance for event com.google.android.clockwork.sysui.events.KeyguardStateEvent
11-03 07:45:10.477391  2520  2520 D HOME    : [WatchFaceUiController]sendStateToWallpaper
11-03 07:45:10.477744  2520 10389 D HOME    : [WatchStreamDB]Item alerting conditions - isInterruptive: false, recentlyInterrupted: false, isItemPinned: false, isUnread: false
11-03 07:45:10.481307  2520  2520 D HOME    : [EventBus]Wrapper pool is full. Discarding excess wrapper instance for event com.google.android.clockwork.sysui.events.KeyguardStateEvent
11-03 07:45:10.481446  2520 10389 D HOME    : [StreamAlertingRegulator]isTheaterModeEnabled: false, isAlertingAllowedByOffBody: true, matchesLocalInterruptionFilter: true
11-03 07:45:10.481536  2520  2520 D HOME    : [EventBus]Wrapper pool is full. Discarding excess wrapper instance for event com.google.android.clockwork.sysui.events.KeyguardStateEvent
11-03 07:45:10.481635  2520 10389 D HOME    : [WatchStreamDB]couldItemAlert: false, isTopItemChanged: false, isDeferralForTopItem: false
11-03 07:45:10.485286  2520  2520 D HOME    : [WatchFaceUiController]sendStateToWallpaper
11-03 07:45:10.490692  2520  2520 W StaticLayout: maxLineHeight should not be -1.  maxLines:1 lineCount:1
11-03 07:45:10.498504  1686  1686 D HandsFreeClientShard: Connecting HandsFree client profile (retry).
11-03 07:45:10.501278  1686  1686 D BluetoothHeadsetClient: disconnect(14:3C:C3:AD:3D:53)
11-03 07:45:10.503319  1686  1686 D BluetoothHeadsetClient: connect(14:3C:C3:AD:3D:53)
11-03 07:45:10.505159 10095 10167 D HeadsetClientStateMachine: Disconnected process message: 1
11-03 07:45:10.520447 10095 10133 I bt_btif_queue: queue_int_add: adding connection request: address=14:3c:c3:ad:3d:53 UUID=111E busy=false
11-03 07:45:10.521236 10095 10133 I bt_btif_queue: btif_queue_connect_next: executing connection request: address=14:3c:c3:ad:3d:53 UUID=111E busy=false
11-03 07:45:10.521268 10095 10133 E bt_btif : is_connected: not connected!
11-03 07:45:10.521315 10095 10133 W bt_btif : bta_hf_client_find_cb_by_bda: bdaddr mismatch for handle 0 alloc 0
11-03 07:45:10.521338 10095 10133 W bt_btif : bta_hf_client_find_cb_by_bda: bdaddr mismatch for handle 1 alloc 0
11-03 07:45:10.521361 10095 10133 W bt_btif : bta_hf_client_find_cb_by_bda: bdaddr mismatch for handle 2 alloc 0
11-03 07:45:10.521383 10095 10133 W bt_btif : bta_hf_client_find_cb_by_bda: bdaddr mismatch for handle 3 alloc 0
11-03 07:45:10.521404 10095 10133 W bt_btif : bta_hf_client_find_cb_by_bda: bdaddr mismatch for handle 4 alloc 0
11-03 07:45:10.521426 10095 10133 W bt_btif : bta_hf_client_find_cb_by_bda: bdaddr mismatch for handle 5 alloc 0
11-03 07:45:10.521446 10095 10133 W bt_btif : bta_hf_client_find_cb_by_bda: bdaddr mismatch for handle 6 alloc 0
11-03 07:45:10.521466 10095 10133 W bt_btif : bta_hf_client_find_cb_by_bda: bdaddr mismatch for handle 7 alloc 0
11-03 07:45:10.521486 10095 10133 W bt_btif : bta_hf_client_find_cb_by_bda: bdaddr mismatch for handle 8 alloc 0
11-03 07:45:10.521508 10095 10133 W bt_btif : bta_hf_client_find_cb_by_bda: bdaddr mismatch for handle 9 alloc 0
11-03 07:45:10.521528 10095 10133 E bt_btif : bta_hf_client_find_cb_by_bda: block not found
11-03 07:45:10.524949 10095 10095 D AdapterProperties: PROFILE_CONNECTION_STATE_CHANGE: profile=16, device=14:3C:C3:AD:3D:53, 0 -> 1
11-03 07:45:10.525307 10095 10095 D AdapterProperties: ADAPTER_CONNECTION_STATE_CHANGE: 14:3C:C3:AD:3D:53: 0 -> 1
11-03 07:45:10.527236  2520 10389 D HOME    : [WatchStreamDB]Item alerting conditions - isInterruptive: false, recentlyInterrupted: false, isItemPinned: false, isUnread: false
11-03 07:45:10.535998  5603  5603 D BtTelecomReceiver: onReceive: Intent { act=android.bluetooth.headsetclient.profile.action.CONNECTION_STATE_CHANGED flg=0x10 cmp=com.google.android.apps.wearable.bluetooth/com.google.android.clockwork.hfp.BtTelecomBroadcastReceiver (has extras) }
11-03 07:45:10.536161  5603  5603 D BtTelecomReceiver: Hfp connection changed: -724754873 0 -> 1
--------- switch to system
11-03 07:45:10.538683  1686  5849 W BroadcastQueue: Background execution not allowed: receiving Intent { act=android.bluetooth.adapter.action.CONNECTION_STATE_CHANGED flg=0x4000010 (has extras) } to com.google.android.gms/.chimera.GmsIntentOperationService$PersistentTrustedReceiver
--------- switch to main
11-03 07:45:10.545795  2520 10389 D HOME    : [StreamAlertingRegulator]isTheaterModeEnabled: false, isAlertingAllowedByOffBody: true, matchesLocalInterruptionFilter: true
11-03 07:45:10.546124  2520 10389 D HOME    : [WatchStreamDB]couldItemAlert: false, isTopItemChanged: false, isDeferralForTopItem: false
11-03 07:45:10.703306   512   512 I sensors-hal: activate:107, android.sensor.light/46 en=0
11-03 07:45:10.704182   512   512 I sensors-hal: activate:118, android.sensor.light/46 en=0 completed
11-03 07:45:10.707847   512   512 I sensors-hal: batch:140, android.sensor.light/46, period=250000000, max_latency=0
11-03 07:45:10.707984   512   512 I sensors-hal: batch:149, android.sensor.light/46, period=250000000, max_latency=0 request completed
11-03 07:45:10.708826   512   512 I sensors-hal: activate:107, android.sensor.light/46 en=1
11-03 07:45:10.709197   512   512 I sensors-hal: ssc_enable_rt_task:254, ssc_enable_rt_task : true
11-03 07:45:10.713505   512   512 I sensors-hal: activate:118, android.sensor.light/46 en=1 completed
--------- switch to system
11-03 07:45:10.722523  1686  1686 V SettingsProvider: Notifying for 0: content://settings/system/screen_brightness
--------- switch to main
11-03 07:45:10.724190  1686  1686 I SidekickService: loadBrightnessLocked()
11-03 07:45:10.724825  1686  1686 D SidekickService: screenBrightness  = 52
11-03 07:45:10.725299  1686  1686 D SidekickService: sendConfigValuesLocked(): alsThresholds = [40, 92, 95, 100, 125, 150, 175, 200, 225, 250, 300, 400, 500, 800, 1200], brightnessValuesBright = [50, 56, 60, 70, 80, 90, 100, 115, 120, 140, 160, 180, 200, 220, 240, 255], brightnessValuesDim= [50, 56, 60, 70, 80, 90, 100, 115, 120, 140, 160, 180, 200, 220, 240, 255]
11-03 07:45:10.739585  1686  1686 D SidekickService: setAlsMode(): mode = 2, brightenAlpha = 80, dimmingAlpha = 80
11-03 07:45:10.751830  1686  1686 D SidekickService: setTwmConfig():: msTiltToBright = 10000, tiltToBright = false
11-03 07:45:10.770980   512 10448 I sensors-hal: handle_indication_realtime:355,  SCHED_FIFO(10) for qmi_cbk
--------- switch to system
11-03 07:45:11.606148  1686  1702 W BroadcastQueue: Timeout of broadcast BroadcastRecord{7118ec4 u-1 android.intent.action.SCREEN_OFF} - receiver=android.os.BinderProxy@9fa9c40, started 10001ms ago
11-03 07:45:11.606774  1686  1702 W BroadcastQueue: Receiver during timeout of BroadcastRecord{7118ec4 u-1 android.intent.action.SCREEN_OFF} : BroadcastFilter{e24acbe u0 ReceiverList{4d03779 7745 com.montblanc.smartwatch.toolbox/10038/u0 remote:9fa9c40}}
11-03 07:45:11.726687  1686  1702 I ActivityManager: Skipping duplicate ANR: ProcessRecord{361f4aa 7745:com.montblanc.smartwatch.toolbox/u0a38} Broadcast of Intent { act=android.intent.action.SCREEN_OFF flg=0x50200010 }
--------- switch to main
11-03 07:45:11.735277  1686  1799 E WifiStateMachine: getWifiLinkLayerStats called without an interface
11-03 07:45:11.744845  1686  1686 W AlarmManager: Unrecognized alarm listener com.android.server.job.controllers.-$$Lambda$IdleController$IdlenessTracker$nTdS-lGBXcES5VWKcJFmQFgU7IU@1ab437a
--------- switch to kernel
11-03 07:45:11.684573     0     0 I init    : processing action (ro.enable_core_ctl=true && sys.cw_corectl_mode=perf) from (/vendor/etc/init/hw/init.qcom.rc:954)
--------- switch to main
11-03 07:45:11.767562  1686  1686 I WearPower: [WearTouchMediator] changing touch input to enabled (ON_AUTO)
--------- switch to kernel
11-03 07:45:11.686825     0     0 I CPU2    : update cpu_capacity 1024
--------- switch to main
11-03 07:45:11.768461  1686  1759 I InputReader: Reconfiguring input devices.  changes=0x00000200
11-03 07:45:11.785432  1686  1686 W AlarmManagerProxy: Removing unknown listener
11-03 07:45:11.789745  1686  1686 W DefaultSettingsContentR: Value for ambient_low_bit_enabled not stored as number. Attempting parse as boolean.
11-03 07:45:11.803584  3205  3434 W WorkController: Loading failed for worker [trainingcache]: worker not found
11-03 07:45:11.805197  3205  3372 W A       : TrainingCache cache SCREEN_ON failure
11-03 07:45:11.805197  3205  3372 W A       : com.google.android.apps.gsa.search.core.service.h.a.a: No worker found for Worker ID [trainingcache].
11-03 07:45:11.805197  3205  3372 W A       : 	at com.google.android.apps.gsa.search.core.service.g.a.c.a(Unknown Source:5)
11-03 07:45:11.805197  3205  3372 W A       : 	at com.google.android.libraries.gsa.c.a.d.a(Unknown Source:3)
11-03 07:45:11.805197  3205  3372 W A       : 	at com.google.common.p.a.cg.c(Unknown Source:2)
11-03 07:45:11.805197  3205  3372 W A       : 	at com.google.common.p.a.bk.run(SourceFile:3)
11-03 07:45:11.805197  3205  3372 W A       : 	at com.google.common.p.a.ci.run(Unknown Source:4)
11-03 07:45:11.805197  3205  3372 W A       : 	at com.google.apps.tiktok.concurrent.ab.run(SourceFile:1)
11-03 07:45:11.805197  3205  3372 W A       : 	at java.util.concurrent.ThreadPoolExecutor.runWorker(ThreadPoolExecutor.java:1167)
11-03 07:45:11.805197  3205  3372 W A       : 	at java.util.concurrent.ThreadPoolExecutor$Worker.run(ThreadPoolExecutor.java:641)
11-03 07:45:11.805197  3205  3372 W A       : 	at com.google.apps.tiktok.concurrent.c.run(Unknown Source:4)
11-03 07:45:11.805197  3205  3372 W A       : 	at java.lang.Thread.run(Thread.java:764)
--------- switch to kernel
11-03 07:45:11.708359     0     0 I CPU3    : update cpu_capacity 1024
11-03 07:45:11.714087     0     0 I CPU2    : update max cpu_capacity 1024
--------- switch to main
11-03 07:45:11.843310  2520  2520 D HOME    : [StreamDBQueue]Promised revision #3014 to queue a new op
11-03 07:45:11.844090  2520  2520 D WatchStreamManager: Promised rank-blocked=true @ r#3014
--------- switch to kernel
11-03 07:45:11.753887     0     0 I CPU2    : update max cpu_capacity 1024
11-03 07:45:11.763408     0     0 I init    : Command 'write /sys/devices/system/cpu/cpu3/online 1' action=ro.enable_core_ctl=true && sys.cw_corectl_mode=perf (/vendor/etc/init/hw/init.qcom.rc:957) took 55ms and succeeded
--------- switch to main
11-03 07:45:11.847728  2520 10428 D HOME    : [WatchStreamDB]Item alerting conditions - isInterruptive: false, recentlyInterrupted: false, isItemPinned: false, isUnread: false
11-03 07:45:11.848558  2520 10428 D HOME    : [StreamAlertingRegulator]isTheaterModeEnabled: false, isAlertingAllowedByOffBody: true, matchesLocalInterruptionFilter: true
11-03 07:45:11.849098  2520 10428 D HOME    : [WatchStreamDB]couldItemAlert: false, isTopItemChanged: false, isDeferralForTopItem: false
11-03 07:45:11.849812  2520  2714 D HOME    : [TickMonitor]Received time tick
11-03 07:45:11.850320  2520  2714 D HOME    : [TickMonitor]handleTimeTick() finished
11-03 07:45:11.915110   512  1749 I sensors-hal: batch:140, android.sensor.accelerometer/48, period=66667000, max_latency=100000000
11-03 07:45:11.917542   512  1749 I sensors-hal: batch:149, android.sensor.accelerometer/48, period=66667000, max_latency=100000000 request completed
11-03 07:45:11.918537  1686  1686 D DefaultUngazeDetector: Ungaze event occurred; emitting gesture event!
11-03 07:45:11.918701  1686  1686 D WristGestureCtrl: Gesture:GESTURE UNGAZE, timestamp(ms): 53389880, confidence: 0.0, latency(ms): 0, duration(ms): 1468
11-03 07:45:11.924819   512  1749 I sensors-hal: batch:140, android.sensor.accelerometer/48, period=19231000, max_latency=100000000
11-03 07:45:11.927507   512  1749 I sensors-hal: batch:149, android.sensor.accelerometer/48, period=19231000, max_latency=100000000 request completed
--------- switch to system
11-03 07:45:11.927804  1686  1686 I WindowManager: sleepRelease() calling goToSleep(GO_TO_SLEEP_REASON_SLEEP_BUTTON)
11-03 07:45:11.928345  1686  1686 I PowerManagerService: Going to sleep due to sleep button (uid 1000)...
--------- switch to main
11-03 07:45:11.928635   512  1749 I sensors-hal: flush:169, android.sensor.accelerometer/48
11-03 07:45:11.934436   512  1749 I sensors-hal: flush:175, android.sensor.accelerometer/48 completed
--------- switch to system
11-03 07:45:11.935123  1686  1712 I DreamManagerService: Entering dreamland.
11-03 07:45:11.935972  1686  1712 I PowerManagerService: Dozing...
11-03 07:45:11.936704  1686  1686 W UsageStatsService: Event reported without a package name
11-03 07:45:11.948666  1686  1708 I DreamController: Starting dream: name=ComponentInfo{com.google.android.wearable.ambient/com.google.android.wearable.ambient.AmbientDream}, isTest=false, canDoze=true, userId=0
11-03 07:45:11.969617  1686  1686 W ContextImpl: Calling a method in the system process without a qualified user: android.app.ContextImpl.bindService:1611 android.content.ContextWrapper.bindService:698 com.google.android.wearable.ambient.AmbientDream.onCreate:191 android.app.ActivityThread.handleCreateService:3533 android.app.ActivityThread.access$1300:200 
11-03 07:45:11.972366  1686  1686 W ContextImpl: Calling a method in the system process without a qualified user: android.app.ContextImpl.sendBroadcast:1005 android.content.ContextWrapper.sendBroadcast:444 com.google.android.wearable.ambient.AmbientDream.onCreate:241 android.app.ActivityThread.handleCreateService:3533 android.app.ActivityThread.access$1300:200 
11-03 07:45:11.973033  1686  1686 V DreamService[AmbientDream]: onBind() intent = Intent { act=android.service.dreams.DreamService flg=0x800000 cmp=com.google.android.wearable.ambient/.AmbientDream }
--------- switch to main
11-03 07:45:11.974115  1686  1686 I AmbientService: [ce6a28c] Ambient Created
--------- switch to system
11-03 07:45:11.975186  1686  1686 V DreamService[AmbientDream]: Calling onDreamingStarted()
--------- switch to main
11-03 07:45:11.976457  1686  1686 I AmbientService: [ce6a28c] doOnDreamingStarted
11-03 07:45:11.977767  1686  1686 D SidekickService: setShouldControlDisplay called: true
11-03 07:45:11.981149  1686  1686 I AmbientService: [ce6a28c] Selected running activity for ambient mode: AmbientActivity[component=ComponentInfo{com.google.android.wearable.app/com.google.android.clockwork.home2.activity.HomeActivity2}, callbacks=@210b385, running=true, ambientRequested=true, ambientEnabled=true, offloadEnabled=true]
11-03 07:45:11.982969  1686  1686 I AmbientService: [ce6a28c] Sidekick is ready to display, requesting doze.
11-03 07:45:11.984278  1686  1686 I AmbientService: [ce6a28c] No auto-resume Activity.
11-03 07:45:11.986567  1686  1686 W DefaultSettingsContentR: Value for ambient_low_bit_enabled not stored as number. Attempting parse as boolean.
11-03 07:45:11.987623  2520  2520 D HOME    : [HomeVisitsLogger]Logging streamlet event: enter_ambient_mode
11-03 07:45:11.989714  2520  2520 D HOME    : [HotwordController]updateClient MODE_WATCH_FACE false true false true
11-03 07:45:11.991987  2520  2520 D HOME    : [WatchFaceUiController]setInAmbientMode true
11-03 07:45:11.993687  2520 10428 I SidekickManager: replaceWatchFaceComponentsImpl(): watchFace = com.google.android.clockwork.decomposablewatchface.WatchFaceDecomposition@ab22c23
11-03 07:45:11.995577  2520  2520 D HOME    : [StreamDBQueue]Promised revision #3015 to queue a new op
11-03 07:45:11.995950  2520  2520 D WatchStreamManager: Promised rank-blocked=false @ r#3015
11-03 07:45:11.996423  2520  2520 D HOME    : [StreamDBQueue]Promised revision #3016 to queue a new op
11-03 07:45:11.996532  1686  1686 I AmbientService: [ce6a28c] Showing watch face in offload mode, canceling alarm.
11-03 07:45:11.996586  1686  1686 W AlarmManagerProxy: Removing unknown listener
11-03 07:45:11.996596  2520  2520 D WatchStreamManager: Promised rank-blocked=false @ r#3016
11-03 07:45:11.996809  1686  1686 D WristGestureCtrl: Stopping detectors: GesturesEnabled-false gestureDetector-false ungazeEnabled-true ungaze-true
11-03 07:45:11.997520  2520 10244 D HOME    : [StreamDBQueue]Promised revision #3017 to queue a new op
11-03 07:45:11.997611  2520  2520 D HOME    : [EventBus]Wrapper pool is full. Discarding excess wrapper instance for event com.google.android.clockwork.sysui.events.KeyguardStateEvent
11-03 07:45:11.997707  2520  2520 D HOME    : [WatchFaceUiController]sendStateToWallpaper
11-03 07:45:11.997708  2520 10244 D WatchStreamManager: Promised rerank @ r#3017
11-03 07:45:12.000242  2520  2520 D HOME    : [EventBus]Wrapper pool is full. Discarding excess wrapper instance for event com.google.android.clockwork.sysui.events.KeyguardStateEvent
11-03 07:45:11.996843  1686  1686 D DefaultUngazeDetector: stopping
11-03 07:45:12.000602  2520  2520 D HOME    : [EventBus]Wrapper pool is full. Discarding excess wrapper instance for event com.google.android.clockwork.sysui.events.KeyguardStateEvent
11-03 07:45:12.003399  2520 10427 D HOME    : [WatchStreamDB]Item alerting conditions - isInterruptive: false, recentlyInterrupted: false, isItemPinned: false, isUnread: false
11-03 07:45:12.003742   512  1749 I sensors-hal: batch:140, android.sensor.accelerometer/48, period=66667000, max_latency=100000000
11-03 07:45:12.004202  1686  9763 D SidekickService: sendWatchFaceComponents called: watchFace = com.google.android.clockwork.decomposablewatchface.WatchFaceDecomposition@892442shouldReplace = false
11-03 07:45:12.004411  1686  9763 D SidekickService: Check decomposition for calling app com.google.android.wearable.app with uid 10049
11-03 07:45:12.004822  1686  9763 D SidekickService: sendWatchFaceLocked(): shouldReplace = false, mSidekickIsControlling = false, 1 images, 0 fonts, 0 numbers, 0 proportionalFonts, 0 strings
11-03 07:45:12.004897  1686  9763 D SidekickService: ISidekickGraphics#beginResources()...
11-03 07:45:12.006839  1686  9763 D SidekickServiceUtils: bitmapFromDrawable: Returning bitmap directly
11-03 07:45:12.007276  2520 10427 D HOME    : [StreamAlertingRegulator]isTheaterModeEnabled: false, isAlertingAllowedByOffBody: true, matchesLocalInterruptionFilter: true
11-03 07:45:12.007809  2520 10427 D HOME    : [WatchStreamDB]couldItemAlert: false, isTopItemChanged: false, isDeferralForTopItem: false
11-03 07:45:12.008328  2520  2520 W StaticLayout: maxLineHeight should not be -1.  maxLines:1 lineCount:1
11-03 07:45:12.008569  1686  9763 D SidekickService: sendBitmapsLocked(): bounds = RectF(0.0, 0.0, 0.0024038462, 0.0024038462), drawableInfo = {.id = 100000, .width = 1, .height = 1, .display = true, .offsetX = 0.0, .offsetY = 0.0, .rotationInfo = {.hasRotation = false, .pivotX = 0.0, .pivotY = 0.0, .degreesPerDay = 0.0, .degreesPerStep = 0.0, .zeroDegreesTime = {.daysSinceLocalEpoch = 0, .msSinceMidnight = 0}}, .transformInfo = {.transformed = false, .flipX = false, .flipY = false, .flip45 = false, .scaleX = 0.0, .scaleY = 0.0}, .type = GENERIC, .blink = {.blinking = false, .periodOnMs = 0.0, .periodOffMs = 0.0, .startTime = {.daysSinceLocalEpoch = 0, .msSinceMidnight = 0}}, .zOrder = 8, .displayInTwm = true}, image.size() = 84
11-03 07:45:12.009610   416  2389 D SKGHAL  : saveResource: resId = 100000
11-03 07:45:12.011672  1686  9763 D SidekickService: sendBitmapsLocked(): status = 0, bytesUsed = 18
11-03 07:45:12.010656   512  1749 I sensors-hal: batch:149, android.sensor.accelerometer/48, period=66667000, max_latency=100000000 request completed
11-03 07:45:12.012166  1686  9763 D SidekickService: ISidekickGraphics#endResources()...
11-03 07:45:12.017176  2520 10389 D HOME    : [HomeVisitsLogger]Logging streamlet event: visit_end
11-03 07:45:12.020494  2520 10427 D HOME    : [WatchStreamDB]Item alerting conditions - isInterruptive: false, recentlyInterrupted: false, isItemPinned: false, isUnread: false
11-03 07:45:12.022552  2520 10427 D HOME    : [StreamAlertingRegulator]isTheaterModeEnabled: false, isAlertingAllowedByOffBody: true, matchesLocalInterruptionFilter: true
11-03 07:45:12.023747  2520 10427 D HOME    : [WatchStreamDB]couldItemAlert: false, isTopItemChanged: false, isDeferralForTopItem: false
11-03 07:45:12.026405  2520 10427 D HOME    : [WatchStreamDB]updateRanking()
11-03 07:45:12.027128  2520 10427 D HOME    : [WatchStreamDB]Item alerting conditions - isInterruptive: false, recentlyInterrupted: false, isItemPinned: false, isUnread: false
11-03 07:45:12.027478  2520 10427 D HOME    : [StreamAlertingRegulator]isTheaterModeEnabled: false, isAlertingAllowedByOffBody: true, matchesLocalInterruptionFilter: true
11-03 07:45:12.027752  2520 10427 D HOME    : [WatchStreamDB]couldItemAlert: false, isTopItemChanged: false, isDeferralForTopItem: false
11-03 07:45:12.028407  2520 10427 D HOME    : [NewStreamAdapter]Publishing revision #3017 to adapter clients
11-03 07:45:12.029344  2520 10244 D HOME    : [StreamDBQueue]Promised revision #3018 to queue a new op
11-03 07:45:12.029499  2520 10244 D WatchStreamManager: Promised rerank @ r#3018
11-03 07:45:12.029765  2520 10295 D HOME    : [WatchStreamDB]updateRanking()
11-03 07:45:12.031430  2520 10295 D HOME    : [WatchStreamDB]Item alerting conditions - isInterruptive: false, recentlyInterrupted: false, isItemPinned: false, isUnread: false
11-03 07:45:12.032230  2520 10295 D HOME    : [StreamAlertingRegulator]isTheaterModeEnabled: false, isAlertingAllowedByOffBody: true, matchesLocalInterruptionFilter: true
11-03 07:45:12.032483  2520 10295 D HOME    : [WatchStreamDB]couldItemAlert: false, isTopItemChanged: false, isDeferralForTopItem: false
11-03 07:45:12.033156  2520 10295 D HOME    : [NewStreamAdapter]Publishing revision #3018 to adapter clients
11-03 07:45:12.466083   416  2389 D SKGHAL  : sendResources: metadata size = 2400, font size = 72
11-03 07:45:12.526791   416  2389 D SKGHAL  : endResources: rc = 0
11-03 07:45:12.528062  1686  1686 W system_server: Long monitor contention with owner Binder:1686_1B (9763) at int com.google.android.clockwork.sidekick.SidekickService$BinderService.sendWatchFace(com.google.android.clockwork.decomposablewatchface.WatchFaceDecomposition, boolean)(SidekickService.java:1021) waiters=0 in boolean com.google.android.clockwork.sidekick.SidekickService$BinderService.readyToDisplay() for 521ms
11-03 07:45:12.528867  2520  2520 D HOME    : [SidekickManagerAsync]replaceWatchFaceComponents(): Callback#onResult(): 0
11-03 07:45:12.529568  2520  2520 D HOME    : [WatchFaceUiController]Complication updates sent, posting watch face hiding
11-03 07:45:12.529772  2520  2520 D HOME    : [WatchFaceUiController]Still in ambient watch face, hiding
--------- switch to system
11-03 07:45:12.529750  1686  1686 W Looper  : Slow dispatch took 526ms main h=android.os.Handler c=com.google.android.wearable.ambient.AmbientDream$Callbacks$1@7cbc53 m=0
--------- switch to main
11-03 07:45:12.530336  2520  2520 D HOME    : [WatchFaceUiController]Hiding watch face wallpaper.
--------- switch to kernel
11-03 07:45:12.456932     0     0 E FG      : fg_psy_get_property: unsupported property 7
11-03 07:45:12.458663     0     0 W healthd : battery l=28 v=3662 t=24.0 h=2 st=3 c=162 fc=443000 cc=0 chg=
--------- switch to main
11-03 07:45:12.555675  1956  1956 D QtiCarrierConfigHelper: WARNING, no carrier configs on phone Id: 0
11-03 07:45:12.564518   512   512 I sensors-hal: activate:107, android.sensor.light/46 en=0
11-03 07:45:12.565470   512   512 I sensors-hal: activate:118, android.sensor.light/46 en=0 completed
11-03 07:45:12.567251   545   545 D SurfaceFlinger: Set power mode=3, type=0 flinger=0xb6bb6000
11-03 07:45:12.567860   504   764 I SDM     : DisplayBase::SetDisplayState: Set state = 3, display 0
11-03 07:45:12.573736  2520  2520 D HOME    : [BatteryChange]action: android.intent.action.BATTERY_CHANGED
11-03 07:45:12.574913  2520 10428 D HOME    : [BatteryChange]HandleBatteryChangedTask
11-03 07:45:12.576267  2520 10428 D HOME    : [BatteryChange]level: 28, status: 3
--------- switch to system
11-03 07:45:12.584713  1686  1710 I DisplayManagerService: Display device changed state: "Écran intégré", DOZE_SUSPEND
--------- switch to main
11-03 07:45:12.608807  1686  1759 I InputReader: Reconfiguring input devices.  changes=0x00000004
--------- switch to kernel
11-03 07:45:12.488719     0     0 I mdss_dsi_panel_set_idle_mode: Idle (0->1)
--------- switch to main
11-03 07:45:12.615229   545   545 D SurfaceFlinger: Finished set power mode=3, type=0
11-03 07:45:12.616446  1686  1823 I SidekickService: beginDisplayLocked(): DOZE_SUSPEND
11-03 07:45:12.617992   416  2389 D SKGHAL  : sendAmbientPrepare: enter:
--------- switch to kernel
11-03 07:45:12.525294     0     0 I         : [touch]FB_BLANK_VSYNC_SUSPEND
11-03 07:45:12.525313     0     0 I         : [touch]irq disable
11-03 07:45:12.525320     0     0 I         : [touch]workqueue is empty!
11-03 07:45:12.525330     0     0 I         : [touch]raydium_ts_do_suspend.
11-03 07:45:12.525354     0     0 I         : [touch]Device may wakeup
11-03 07:45:12.528286     0     0 I         : [touch]irq enable
--------- switch to main
11-03 07:45:12.750244   416  2389 D SKGHAL  : sendAmbientEvent: enter: enable = 1
11-03 07:45:12.751092   504   523 I SDM     : DisplayBase::SetDisplayState: Set state = 4, display 0
11-03 07:45:12.751160   504   523 D SDM     : HWCDisplayPrimary::SetStandByMode: Null display is connected successfully
11-03 07:45:12.751295   416  2389 D SKGHAL  : standBy_update_control call succeed on 1
11-03 07:45:12.761867   416  2389 D SKGHAL  : sendAmbientEvent: done: enable = 1
11-03 07:45:12.762791  1686  1823 D SidekickService:    ... beginDisplay result: 0 for halPower: 1
11-03 07:45:12.767859   512   512 I sensors-hal: activate:107, android.sensor.accelerometer/48 en=0
11-03 07:45:12.768874   512   512 I sensors-hal: activate:118, android.sensor.accelerometer/48 en=0 completed
11-03 07:45:12.773814  1686  1799 E WifiStateMachine: getWifiLinkLayerStats called without an interface
--------- switch to kernel
11-03 07:45:12.684320     0     0 E bgrsb   : bgrsb_enable: gpio 32 is valid
--------- switch to main
11-03 07:45:12.795307  1686  1686 I WearPower: [WearTouchMediator] changing touch input to enabled (ON_AUTO)
11-03 07:45:12.796350  1686  1759 I InputReader: Reconfiguring input devices.  changes=0x00000200
--------- switch to kernel
11-03 07:45:12.711889     0     0 I init    : processing action (ro.enable_core_ctl=true && sys.cw_corectl_mode=idle) from (/vendor/etc/init/hw/init.qcom.rc:949)
--------- switch to main
11-03 07:45:12.801766  1686  1686 I AmbientService: [ce6a28c] Timeout alarm not required, auto-resume timeout handled by dream.
11-03 07:45:12.817014  3205  3434 W WorkController: Loading failed for worker [trainingcache]: worker not found
11-03 07:45:12.818386  3205  3294 W A       : TrainingCache cache SCREEN_OFF failure
11-03 07:45:12.818386  3205  3294 W A       : com.google.android.apps.gsa.search.core.service.h.a.a: No worker found for Worker ID [trainingcache].
11-03 07:45:12.818386  3205  3294 W A       : 	at com.google.android.apps.gsa.search.core.service.g.a.c.a(Unknown Source:5)
11-03 07:45:12.818386  3205  3294 W A       : 	at com.google.android.libraries.gsa.c.a.d.a(Unknown Source:3)
11-03 07:45:12.818386  3205  3294 W A       : 	at com.google.common.p.a.cg.c(Unknown Source:2)
11-03 07:45:12.818386  3205  3294 W A       : 	at com.google.common.p.a.bk.run(SourceFile:3)
11-03 07:45:12.818386  3205  3294 W A       : 	at com.google.common.p.a.ci.run(Unknown Source:4)
11-03 07:45:12.818386  3205  3294 W A       : 	at com.google.apps.tiktok.concurrent.ab.run(SourceFile:1)
11-03 07:45:12.818386  3205  3294 W A       : 	at java.util.concurrent.ThreadPoolExecutor.runWorker(ThreadPoolExecutor.java:1167)
11-03 07:45:12.818386  3205  3294 W A       : 	at java.util.concurrent.ThreadPoolExecutor$Worker.run(ThreadPoolExecutor.java:641)
11-03 07:45:12.818386  3205  3294 W A       : 	at com.google.apps.tiktok.concurrent.c.run(Unknown Source:4)
11-03 07:45:12.818386  3205  3294 W A       : 	at java.lang.Thread.run(Thread.java:764)
11-03 07:45:12.839401  2520  2520 D HOME    : [StreamDBQueue]Promised revision #3019 to queue a new op
11-03 07:45:12.839741  2520  2520 D WatchStreamManager: Promised rank-blocked=false @ r#3019
11-03 07:45:12.840175  2520  2520 D HOME    : [CompactHunStarter]detachWindow()
11-03 07:45:12.840828  2520 10428 D HOME    : [WatchStreamDB]Item alerting conditions - isInterruptive: false, recentlyInterrupted: false, isItemPinned: false, isUnread: false
11-03 07:45:12.841209  2520 10428 D HOME    : [StreamAlertingRegulator]isTheaterModeEnabled: false, isAlertingAllowedByOffBody: true, matchesLocalInterruptionFilter: true
11-03 07:45:12.841464  2520 10428 D HOME    : [WatchStreamDB]couldItemAlert: false, isTopItemChanged: false, isDeferralForTopItem: false
11-03 07:45:12.842356  2520 10449 D HOME    : [StreamDBQueue]Promised revision #3020 to queue a new op
11-03 07:45:12.846454  2520 10449 D WatchStreamManager: Promised rerank @ r#3020
11-03 07:45:12.846576  2520 10244 D HOME    : [WatchStreamDB]updateRanking()
11-03 07:45:12.848432  2520 10244 D HOME    : [WatchStreamDB]Item alerting conditions - isInterruptive: false, recentlyInterrupted: false, isItemPinned: false, isUnread: false
11-03 07:45:12.849380  2520 10244 D HOME    : [StreamAlertingRegulator]isTheaterModeEnabled: false, isAlertingAllowedByOffBody: true, matchesLocalInterruptionFilter: true
11-03 07:45:12.851192  2520 10244 D HOME    : [WatchStreamDB]couldItemAlert: false, isTopItemChanged: false, isDeferralForTopItem: false
11-03 07:45:12.852241  2520 10244 D HOME    : [NewStreamAdapter]Publishing revision #3020 to adapter clients
--------- switch to kernel
11-03 07:45:12.793940     0     0 I CPU1    : update max cpu_capacity 748
11-03 07:45:12.825772     0     0 I CPU2    : shutdown
11-03 07:45:12.827814     0     0 I init    : Command 'write /sys/devices/system/cpu/cpu2/online 0' action=ro.enable_core_ctl=true && sys.cw_corectl_mode=idle (/vendor/etc/init/hw/init.qcom.rc:951) took 115ms and succeeded
11-03 07:45:12.913777     0     0 I CPU3    : update max cpu_capacity 1024
11-03 07:45:12.924012     0     0 I CPU1    : update max cpu_capacity 748
11-03 07:45:12.955604     0     0 I CPU3    : shutdown
11-03 07:45:12.959082     0     0 I init    : Command 'write /sys/devices/system/cpu/cpu3/online 0' action=ro.enable_core_ctl=true && sys.cw_corectl_mode=idle (/vendor/etc/init/hw/init.qcom.rc:952) took 131ms and succeeded
11-03 07:45:13.755476     0     0 E FG      : fg_psy_get_property: unsupported property 7
11-03 07:45:13.757562     0     0 I chatty  : uid=0(root) logd identical 1 line
11-03 07:45:13.758664     0     0 E FG      : fg_psy_get_property: unsupported property 7
11-03 07:45:13.762753     0     0 W healthd : battery l=28 v=3675 t=24.0 h=2 st=3 c=152 fc=443000 cc=0 chg=
--------- switch to main
11-03 07:45:13.864980  1956  1956 D QtiCarrierConfigHelper: WARNING, no carrier configs on phone Id: 0
11-03 07:45:13.866884  2520  2520 D HOME    : [BatteryChange]action: android.intent.action.BATTERY_CHANGED
11-03 07:45:13.867268  2520 10428 D HOME    : [BatteryChange]HandleBatteryChangedTask
11-03 07:45:13.867590  2520 10428 D HOME    : [BatteryChange]level: 28, status: 3
--------- switch to kernel
11-03 07:45:13.767239     0     0 W healthd : battery l=28 v=3675 t=24.0 h=2 st=3 c=152 fc=443000 cc=0 chg=
11-03 07:45:15.343936     0     0 E mdss_dsi_gen_read_status: Read back value from panel is incorrect
--------- switch to main
11-03 07:45:15.708729 10095 10150 W bt_sdp  : SDP - Rcvd conn cnf with error: 0x4  CID 0x48
11-03 07:45:15.709449 10095 10133 D BluetoothHeadsetClientServiceJni: connection_state_cb: state 0 peer_feat 0 chld_feat 0
11-03 07:45:15.710162 10095 10167 D HeadsetClientStateMachine: Enter Disconnected: 100
11-03 07:45:15.713838 10095 10095 D AdapterProperties: PROFILE_CONNECTION_STATE_CHANGE: profile=16, device=14:3C:C3:AD:3D:53, 1 -> 0
11-03 07:45:15.709908 10095 10133 E bt_btif : btif_hf_client_get_cb_by_bda: could not find block for bdaddr
11-03 07:45:15.714094 10095 10133 E bt_btif : btif_hf_client_upstreams_evt: event 3 but not allocating block: cb not found
11-03 07:45:15.714149 10095 10095 D AdapterProperties: ADAPTER_CONNECTION_STATE_CHANGE: 14:3C:C3:AD:3D:53: 1 -> 0
11-03 07:45:15.714189 10095 10133 I bt_btif_queue: queue_int_advance: removing connection request: address=14:3c:c3:ad:3d:53 UUID=111E busy=true
11-03 07:45:15.717460  5603  5603 D BtTelecomReceiver: onReceive: Intent { act=android.bluetooth.headsetclient.profile.action.CONNECTION_STATE_CHANGED flg=0x10 cmp=com.google.android.apps.wearable.bluetooth/com.google.android.clockwork.hfp.BtTelecomBroadcastReceiver (has extras) }
11-03 07:45:15.717687  5603  5603 D BtTelecomReceiver: Hfp connection changed: -724754873 1 -> 0
11-03 07:45:15.727061  5603  5603 D HfpClientConnService: onCreate
11-03 07:45:15.727705  5603  5603 D HfpClientConnService: disabling HFP
11-03 07:45:15.728396  5603  5603 I HfpClientConnService: enable request:Enable Request - time:1635921915717 type:false reason:headset client disconnected
--------- switch to system
11-03 07:45:15.734019  1686  9763 W BroadcastQueue: Background execution not allowed: receiving Intent { act=android.bluetooth.adapter.action.CONNECTION_STATE_CHANGED flg=0x4000010 (has extras) } to com.google.android.gms/.chimera.GmsIntentOperationService$PersistentTrustedReceiver
--------- switch to main
11-03 07:45:15.734617  5603  5603 I HfpClientConnService: account already disabled
--------- switch to system
11-03 07:45:22.844262  1686  1702 W BroadcastQueue: Timeout of broadcast BroadcastRecord{e09428e u-1 android.intent.action.SCREEN_OFF} - receiver=android.os.BinderProxy@ef21c49, started 10001ms ago
11-03 07:45:22.844567  1686  1702 W BroadcastQueue: Receiver during timeout of BroadcastRecord{e09428e u-1 android.intent.action.SCREEN_OFF} : BroadcastFilter{25f9a6f u0 ReceiverList{b2a794e 7745 com.montblanc.smartwatch.toolbox/10038/u0 remote:ef21c49}}
11-03 07:45:22.908366  1686  1702 I ActivityManager: Skipping duplicate ANR: ProcessRecord{361f4aa 7745:com.montblanc.smartwatch.toolbox/u0a38} Broadcast of Intent { act=android.intent.action.SCREEN_OFF flg=0x50200010 }
--------- switch to main
11-03 07:45:27.311522  7790  7806 I Finsky  : [295] com.google.android.finsky.bo.ac.run(5): Stats for Executor: BlockingExecutor com.google.android.finsky.bo.ad@a23a1d2[Running, pool size = 0, active threads = 0, queued tasks = 0, completed tasks = 2]
--------- switch to kernel
11-03 07:45:27.296198     0     0 E FG      : fg_psy_get_property: unsupported property 7
11-03 07:45:27.297963     0     0 W healthd : battery l=28 v=3682 t=24.0 h=2 st=3 c=137 fc=443000 cc=0 chg=
--------- switch to main
11-03 07:45:27.600900  7790  7806 I Finsky  : [295] com.google.android.finsky.bo.ac.run(5): Stats for Executor: LightweightExecutor com.google.android.finsky.bo.ad@6e612a3[Running, pool size = 3, active threads = 0, queued tasks = 0, completed tasks = 8]
--------- switch to system
11-03 07:45:32.855076  1686  1702 W BroadcastQueue: Timeout of broadcast BroadcastRecord{e09428e u-1 android.intent.action.SCREEN_OFF} - receiver=android.os.BinderProxy@9fa9c40, started 10010ms ago
11-03 07:45:32.855391  1686  1702 W BroadcastQueue: Receiver during timeout of BroadcastRecord{e09428e u-1 android.intent.action.SCREEN_OFF} : BroadcastFilter{e24acbe u0 ReceiverList{4d03779 7745 com.montblanc.smartwatch.toolbox/10038/u0 remote:9fa9c40}}
--------- switch to kernel
11-03 07:45:32.883103     0     0 I PM      : suspend entry 2021-11-03 06:45:32.883103038 UTC
11-03 07:45:32.883113     0     0 I PM      : Syncing filesystems ... done.
11-03 07:45:32.892615     0     0 I         : Freezing user space processes ... (elapsed 0.007 seconds) done.
11-03 07:45:32.900602     0     0 I         : Freezing remaining freezable tasks ... (elapsed 0.002 seconds) done.
11-03 07:45:32.903487     0     0 I         : Suspending console(s) (use no_console_suspend to debug)
11-03 07:45:32.913817     0     0 I mdss_dsi_panel_set_idle_mode: Idle (1->1)
11-03 07:45:32.956022     0     0 I bgcom   : bgcom_pm_suspend: suspended with : 0
11-03 07:45:32.976562     0     0 I PM      : suspend of devices complete after 71.535 msecs
11-03 07:45:32.979285     0     0 I PM      : late suspend of devices complete after 2.707 msecs
11-03 07:45:32.982425     0     0 I PM      : noirq suspend of devices complete after 3.123 msecs
11-03 07:45:32.982431     0     0 I         : Disabling non-boot CPUs ...
11-03 07:45:33.000717     0     0 W         : IRQ21 no longer affine to CPU1
11-03 07:45:33.001538     0     0 I CPU1    : shutdown
11-03 07:45:33.002505     0     0 I suspend ns: 2634696213627	suspend cycles:    1025670469693
11-03 07:45:33.002495     0     0 I CPU0    : msm_cpu_pm_enter_sleep mode:3 during suspend
11-03 07:45:33.002495     0     0 I         : Suspended for 15.748 seconds
