11-03 08:36:05.708262  1686  9965 W BroadcastQueue: Background execution not allowed: receiving Intent { act=android.bluetooth.adapter.action.CONNECTION_STATE_CHANGED flg=0x4000010 (has extras) } to com.google.android.gms/.chimera.GmsIntentOperationService$PersistentTrustedReceiver
--------- switch to main
11-03 08:36:05.708490  5603  5603 D HfpClientConnService: disabling HFP
11-03 08:36:05.708616  5603  5603 I HfpClientConnService: enable request:Enable Request - time:1635924965697 type:false reason:headset client disconnected
11-03 08:36:05.713072  5603  5603 I HfpClientConnService: account already disabled
--------- switch to kernel
11-03 08:36:06.042614     0     0 I PM      : suspend entry 2021-11-03 07:36:06.042614769 UTC
--------- switch to system
11-03 08:36:06.105707  1686  1686 I PowerManagerService: Waking up from dozing (uid=1000 reason=tiltToWake)...
--------- switch to kernel
11-03 08:36:06.042635     0     0 I PM      : Syncing filesystems ...
11-03 08:36:06.126774     0     0 E FG      : fg_psy_get_property: unsupported property 7
11-03 08:36:06.127918     0     0 I         : done.
11-03 08:36:06.138586     0     0 I healthd : battery l=24 v=3755 t=29.0 h=2 st=3 c=33 fc=443000 cc=0 chg=
11-03 08:36:06.130237     0     0 I         : Freezing user space processes ...
11-03 08:36:06.134423     0     0 I PM      : Wakeup pending, aborting suspend
11-03 08:36:06.134439     0     0 I         : active wakeup source: PowerManagerService.Broadcasts
11-03 08:36:06.134444     0     0 I         : active wakeup source: SensorService_wakelock
11-03 08:36:06.134535     0     0 E         : Freezing of tasks aborted after 0.004 seconds
11-03 08:36:06.134549     0     0 I         : Restarting tasks ...
11-03 08:36:06.135057     0     0 W QSEECOM : qseecom_receive_req: Interrupted: exiting Listener Service = 8192
11-03 08:36:06.135110     0     0 W QSEECOM : qseecom_receive_req: Interrupted: exiting Listener Service = 28672
11-03 08:36:06.135143     0     0 W QSEECOM : qseecom_receive_req: Interrupted: exiting Listener Service = 10
11-03 08:36:06.137390     0     0 W QSEECOM : qseecom_receive_req: Interrupted: exiting Listener Service = 12288
11-03 08:36:06.137436     0     0 W QSEECOM : qseecom_receive_req: Interrupted: exiting Listener Service = 11
--------- switch to system
11-03 08:36:06.149168  1686  1686 W UsageStatsService: Event reported without a package name
--------- switch to kernel
11-03 08:36:06.139474     0     0 I         : done.
11-03 08:36:06.140181     0     0 I PM      : suspend exit 2021-11-03 07:36:06.140181696 UTC
--------- switch to main
11-03 08:36:06.157379   512   512 I sensors-hal: batch:140, android.sensor.light/46, period=100000000, max_latency=0
11-03 08:36:06.157502   512   512 I sensors-hal: batch:149, android.sensor.light/46, period=100000000, max_latency=0 request completed
11-03 08:36:06.157928   512   512 I sensors-hal: activate:107, android.sensor.light/46 en=1
11-03 08:36:06.158263   512   512 I sensors-hal: ssc_enable_rt_task:254, ssc_enable_rt_task : true
11-03 08:36:06.160916   512   512 I sensors-hal: activate:118, android.sensor.light/46 en=1 completed
11-03 08:36:06.162808  1686  1823 I SidekickService: endDisplayLocked()
--------- switch to system
11-03 08:36:06.163682  1686  1710 I DisplayManagerService: Display device changed state: "Écran intégré", ON
--------- switch to main
11-03 08:36:06.167670   416   416 D SKGHAL  : sendAmbientEvent: enter: enable = 0
11-03 08:36:06.176159   512   512 I sensors-hal: batch:140, android.sensor.accelerometer/48, period=66667000, max_latency=100000000
11-03 08:36:06.176241   512   512 I sensors-hal: batch:149, android.sensor.accelerometer/48, period=66667000, max_latency=100000000 request completed
11-03 08:36:06.176579   512   512 I sensors-hal: activate:107, android.sensor.accelerometer/48 en=1
11-03 08:36:06.176965   512   512 I sensors-hal: ssc_enable_rt_task:254, ssc_enable_rt_task : true
11-03 08:36:06.188835  4243  4243 D OMService: onDisplayChanged: not dozing
11-03 08:36:06.198729   512   512 I sensors-hal: activate:118, android.sensor.accelerometer/48 en=1 completed
11-03 08:36:06.205503  2520  2520 D HOME    : [BatteryChange]action: android.intent.action.BATTERY_CHANGED
11-03 08:36:06.206007  2520 10693 D HOME    : [BatteryChange]HandleBatteryChangedTask
11-03 08:36:06.206434  2520 10693 D HOME    : [BatteryChange]level: 24, status: 3
11-03 08:36:06.212173  1956  1956 D QtiCarrierConfigHelper: WARNING, no carrier configs on phone Id: 0
11-03 08:36:06.212891  1686  1799 E WifiStateMachine: getWifiLinkLayerStats called without an interface
11-03 08:36:06.217856  1686  1759 I InputReader: Reconfiguring input devices.  changes=0x00000004
--------- switch to system
11-03 08:36:06.224210  1686  1702 W BroadcastQueue: Background execution not allowed: receiving Intent { act=android.intent.action.USER_PRESENT flg=0x10 } to com.google.android.gms/.auth.setup.devicesignals.LockScreenReceiver
11-03 08:36:06.224630  1686  1702 W BroadcastQueue: Background execution not allowed: receiving Intent { act=android.intent.action.USER_PRESENT flg=0x10 } to com.google.android.gms/.chimera.GmsIntentOperationService$PersistentTrustedReceiver
--------- switch to main
11-03 08:36:06.230269  3205  3434 W WorkController: Loading failed for worker [trainingcache]: worker not found
11-03 08:36:06.235627  3205  3372 W A       : TrainingCache cache DEVICE_UNLOCKED failure
11-03 08:36:06.235627  3205  3372 W A       : com.google.android.apps.gsa.search.core.service.h.a.a: No worker found for Worker ID [trainingcache].
11-03 08:36:06.235627  3205  3372 W A       : 	at com.google.android.apps.gsa.search.core.service.g.a.c.a(Unknown Source:5)
11-03 08:36:06.235627  3205  3372 W A       : 	at com.google.android.libraries.gsa.c.a.d.a(Unknown Source:3)
11-03 08:36:06.235627  3205  3372 W A       : 	at com.google.common.p.a.cg.c(Unknown Source:2)
11-03 08:36:06.235627  3205  3372 W A       : 	at com.google.common.p.a.bk.run(SourceFile:3)
11-03 08:36:06.235627  3205  3372 W A       : 	at com.google.common.p.a.ci.run(Unknown Source:4)
11-03 08:36:06.235627  3205  3372 W A       : 	at com.google.apps.tiktok.concurrent.ab.run(SourceFile:1)
11-03 08:36:06.235627  3205  3372 W A       : 	at java.util.concurrent.ThreadPoolExecutor.runWorker(ThreadPoolExecutor.java:1167)
11-03 08:36:06.235627  3205  3372 W A       : 	at java.util.concurrent.ThreadPoolExecutor$Worker.run(ThreadPoolExecutor.java:641)
11-03 08:36:06.235627  3205  3372 W A       : 	at com.google.apps.tiktok.concurrent.c.run(Unknown Source:4)
11-03 08:36:06.235627  3205  3372 W A       : 	at java.lang.Thread.run(Thread.java:764)
11-03 08:36:06.273478  1686  1686 I WearPower: [WearTouchMediator] changing touch input to enabled (ON_AUTO)
11-03 08:36:06.274619  1686  1759 I InputReader: Reconfiguring input devices.  changes=0x00000200
--------- switch to kernel
11-03 08:36:06.276998     0     0 I init    : processing action (ro.enable_core_ctl=true && sys.cw_corectl_mode=perf) from (/vendor/etc/init/hw/init.qcom.rc:954)
11-03 08:36:06.278805     0     0 I CPU2    : update cpu_capacity 1024
--------- switch to main
11-03 08:36:06.292219  1686  1686 D WristGestureCtrl: Starting: GesturesEnabled-false UngazeEnabled-true
11-03 08:36:06.292428  1686  1686 D DefaultUngazeDetector: starting
11-03 08:36:06.292517  1686  1686 D DefaultUngazeDetector: startUngazeStateEstimation(). startTime = 56445722
11-03 08:36:06.292743  1686  1686 W AlarmManagerProxy: Removing unknown listener
11-03 08:36:06.294257   512   512 I sensors-hal: batch:140, android.sensor.accelerometer/48, period=19231000, max_latency=100000000
11-03 08:36:06.295325  1686  1686 W DefaultSettingsContentR: Value for ambient_low_bit_enabled not stored as number. Attempting parse as boolean.
11-03 08:36:06.297334   512 10827 I sensors-hal: handle_indication_realtime:355,  SCHED_FIFO(10) for qmi_cbk
11-03 08:36:06.298348   512   512 I sensors-hal: batch:149, android.sensor.accelerometer/48, period=19231000, max_latency=100000000 request completed
11-03 08:36:06.299059   512   512 I sensors-hal: flush:169, android.sensor.accelerometer/48
11-03 08:36:06.301160   512   512 I sensors-hal: flush:175, android.sensor.accelerometer/48 completed
--------- switch to kernel
11-03 08:36:06.303617     0     0 I CPU3    : update cpu_capacity 1024
11-03 08:36:06.304996     0     0 I CPU0    : update max cpu_capacity 748
11-03 08:36:06.310623     0     0 I CPU2    : update max cpu_capacity 1024
--------- switch to main
11-03 08:36:06.321895  3205  3434 W WorkController: Loading failed for worker [trainingcache]: worker not found
11-03 08:36:06.323532  3205  3294 W A       : TrainingCache cache SCREEN_ON failure
11-03 08:36:06.323532  3205  3294 W A       : com.google.android.apps.gsa.search.core.service.h.a.a: No worker found for Worker ID [trainingcache].
11-03 08:36:06.323532  3205  3294 W A       : 	at com.google.android.apps.gsa.search.core.service.g.a.c.a(Unknown Source:5)
11-03 08:36:06.323532  3205  3294 W A       : 	at com.google.android.libraries.gsa.c.a.d.a(Unknown Source:3)
11-03 08:36:06.323532  3205  3294 W A       : 	at com.google.common.p.a.cg.c(Unknown Source:2)
11-03 08:36:06.323532  3205  3294 W A       : 	at com.google.common.p.a.bk.run(SourceFile:3)
11-03 08:36:06.323532  3205  3294 W A       : 	at com.google.common.p.a.ci.run(Unknown Source:4)
11-03 08:36:06.323532  3205  3294 W A       : 	at com.google.apps.tiktok.concurrent.ab.run(SourceFile:1)
11-03 08:36:06.323532  3205  3294 W A       : 	at java.util.concurrent.ThreadPoolExecutor.runWorker(ThreadPoolExecutor.java:1167)
11-03 08:36:06.323532  3205  3294 W A       : 	at java.util.concurrent.ThreadPoolExecutor$Worker.run(ThreadPoolExecutor.java:641)
11-03 08:36:06.323532  3205  3294 W A       : 	at com.google.apps.tiktok.concurrent.c.run(Unknown Source:4)
11-03 08:36:06.323532  3205  3294 W A       : 	at java.lang.Thread.run(Thread.java:764)
11-03 08:36:06.350907  2520  2520 D HOME    : [StreamDBQueue]Promised revision #3216 to queue a new op
11-03 08:36:06.351542  2520  2520 D WatchStreamManager: Promised rank-blocked=true @ r#3216
11-03 08:36:06.352970  2520 10693 D HOME    : [WatchStreamDB]Item alerting conditions - isInterruptive: false, recentlyInterrupted: false, isItemPinned: false, isUnread: false
11-03 08:36:06.353698  2520 10693 D HOME    : [StreamAlertingRegulator]isTheaterModeEnabled: false, isAlertingAllowedByOffBody: true, matchesLocalInterruptionFilter: true
11-03 08:36:06.354111  2520 10693 D HOME    : [WatchStreamDB]couldItemAlert: false, isTopItemChanged: false, isDeferralForTopItem: false
--------- switch to kernel
11-03 08:36:06.352260     0     0 I CPU1    : update max cpu_capacity 748
11-03 08:36:06.352959     0     0 I CPU3    : update max cpu_capacity 1024
--------- switch to main
11-03 08:36:06.567572   504   523 I SDM     : DisplayBase::SetDisplayState: Set state = 3, display 0
11-03 08:36:06.568060   504   523 D SDM     : HWCDisplayPrimary::SetStandByMode: Display is connected successfully
11-03 08:36:06.568644   416   416 D SKGHAL  : standBy_update_control call succeed on 0
11-03 08:36:06.568748   416   416 D SKGHAL  : sendAmbientEvent: done: enable = 0
--------- switch to kernel
11-03 08:36:06.506419     0     0 E bgrsb   : bgrsb_enable: rsb will set report rate
--------- switch to main
11-03 08:36:06.569995  1686  1823 D SidekickService:    ... endDisplay returns void
--------- switch to kernel
11-03 08:36:06.567973     0     0 I         : [touch]FB_BLANK_VSYNC_SUSPEND
11-03 08:36:06.567980     0     0 I         : [touch]Already in suspend state
--------- switch to main
11-03 08:36:06.571899   545   545 D SurfaceFlinger: Set power mode=2, type=0 flinger=0xb6bb6000
11-03 08:36:06.572832   504   764 I SDM     : DisplayBase::SetDisplayState: Set state = 1, display 0
--------- switch to kernel
11-03 08:36:06.572493     0     0 E bgrsb   : bgrsb_enable: gpio 32 is valid
11-03 08:36:06.580304     0     0 I mdss_dsi_panel_set_idle_mode: Idle (1->0)
--------- switch to main
11-03 08:36:06.584850   545   545 D SurfaceFlinger: Finished set power mode=2, type=0
--------- switch to system
11-03 08:36:06.589065  1686  1712 W PowerManagerService: Screen on took 488 ms
11-03 08:36:06.589596  1686  1712 I DreamManagerService: Gently waking up from dream.
11-03 08:36:06.590519  1686  1708 I DreamManagerService: Performing gentle wake from dream.
--------- switch to kernel
11-03 08:36:06.581795     0     0 E mdp3_enable_panic_ctrl: mdp3_enable_panic_ctrl: Enable Panic Control
11-03 08:36:06.581908     0     0 I         : [touch]FB_BLANK_UNBLANK
11-03 08:36:06.581915     0     0 I         : [touch]raydium_ts_do_resume, 1.
11-03 08:36:06.582944     0     0 I         : [ raydium ]workqueue is empty!
11-03 08:36:06.582973     0     0 I raydium_ts 5-0039: [touch]Already enable irq
11-03 08:36:06.582978     0     0 I         : [touch]Device may wakeup
--------- switch to system
11-03 08:36:06.592952  1686  1686 V DreamService[AmbientDream]: wakeUp(): fromSystem=true, mWaking=false, mFinished=false
11-03 08:36:06.593163  1686  1686 V DreamService[AmbientDream]: finish(): mFinished=false
11-03 08:36:06.593315  1686  1686 I DreamManagerService: Leaving dreamland.
11-03 08:36:06.594301  1686  1708 I DreamManagerService: Performing gentle wake from dream.
11-03 08:36:06.594526  1686  1708 I DreamController: Stopping dream: name=ComponentInfo{com.google.android.wearable.ambient/com.google.android.wearable.ambient.AmbientDream}, isTest=false, canDoze=true, userId=0
11-03 08:36:06.598685  1686  1686 V DreamService[AmbientDream]: detach(): Calling onDreamingStopped()
--------- switch to main
11-03 08:36:06.599011  1686  1686 I AmbientService: [ce6a28c] doOnDreamingStopped
11-03 08:36:06.599120  1686  1686 W AlarmManagerProxy: Removing unknown listener
11-03 08:36:06.613609  2520  2520 D HOME    : [HomeVisitsLogger]Logging streamlet event: visit_start
11-03 08:36:06.614769  2520  2520 D HOME    : [HomeVisitsLogger]Logging streamlet event: exit_ambient_mode
11-03 08:36:06.615085  1686  1686 I AmbientService: [ce6a28c] No auto-resume Activity.
11-03 08:36:06.615803  2520  2520 D HOME    : [HotwordController]updateClient MODE_WATCH_FACE false false false true
11-03 08:36:06.618215  2520  2520 D HOME    : [WatchFaceUiController]setInAmbientMode false
11-03 08:36:06.618464  2520  2520 D HOME    : [WatchFaceUiController]sendWatchFaceServiceBinder
11-03 08:36:06.618814  1686  1686 W AlarmManager: Unrecognized alarm listener com.android.server.job.controllers.-$$Lambda$IdleController$IdlenessTracker$nTdS-lGBXcES5VWKcJFmQFgU7IU@1ab437a
--------- switch to system
11-03 08:36:06.623446  1686  1686 W ContextImpl: Calling a method in the system process without a qualified user: android.app.ContextImpl.sendBroadcast:1020 android.content.ContextWrapper.sendBroadcast:449 com.google.android.wearable.ambient.AmbientDream.onDestroy:273 android.app.ActivityThread.handleStopService:3698 android.app.ActivityThread.access$1700:200 
--------- switch to main
11-03 08:36:06.624382  1686  1686 E AlarmManager: cancel() called with a null PendingIntent
--------- switch to system
11-03 08:36:06.625113  1686  1686 V DreamService[AmbientDream]: onDestroy()
--------- switch to main
11-03 08:36:06.630569  2520  2520 D HOME    : [WatchFaceUiController]sendStateToWallpaper
11-03 08:36:06.636060  2520  2520 D HOME    : [WatchFaceUiController]Showing watch face wallpaper.
11-03 08:36:06.636530  2520  2520 D HOME    : [WatchFaceUiController]sendStateToWallpaper
11-03 08:36:06.644448  2520  2520 D HOME    : [StreamDBQueue]Promised revision #3217 to queue a new op
11-03 08:36:06.645105  2520  2520 D WatchStreamManager: Promised rank-blocked=true @ r#3217
11-03 08:36:06.646140  2520  2520 D HOME    : [StreamDBQueue]Promised revision #3218 to queue a new op
11-03 08:36:06.646378  2520  2520 D WatchStreamManager: Promised rank-blocked=true @ r#3218
11-03 08:36:06.647567  2520  2520 D HOME    : [TilesController]Tile refresh optimization is enabled.
11-03 08:36:06.648474  2520  2520 D HOME    : [EventBus]Wrapper pool is full. Discarding excess wrapper instance for event com.google.android.clockwork.sysui.events.KeyguardStateEvent
11-03 08:36:06.648625  2520  2520 D HOME    : [WatchFaceUiController]sendStateToWallpaper
11-03 08:36:06.650533  2520 10295 D HOME    : [WatchStreamDB]Item alerting conditions - isInterruptive: false, recentlyInterrupted: false, isItemPinned: false, isUnread: false
11-03 08:36:06.651381  2520 10295 D HOME    : [StreamAlertingRegulator]isTheaterModeEnabled: false, isAlertingAllowedByOffBody: true, matchesLocalInterruptionFilter: true
11-03 08:36:06.651864  2520 10295 D HOME    : [WatchStreamDB]couldItemAlert: false, isTopItemChanged: false, isDeferralForTopItem: false
11-03 08:36:06.651854  2520  2520 D HOME    : [EventBus]Wrapper pool is full. Discarding excess wrapper instance for event com.google.android.clockwork.sysui.events.KeyguardStateEvent
11-03 08:36:06.652269  2520  2520 D HOME    : [EventBus]Wrapper pool is full. Discarding excess wrapper instance for event com.google.android.clockwork.sysui.events.KeyguardStateEvent
11-03 08:36:06.653289  2520 10295 D HOME    : [WatchStreamDB]Item alerting conditions - isInterruptive: false, recentlyInterrupted: false, isItemPinned: false, isUnread: false
11-03 08:36:06.653851  2520 10295 D HOME    : [StreamAlertingRegulator]isTheaterModeEnabled: false, isAlertingAllowedByOffBody: true, matchesLocalInterruptionFilter: true
11-03 08:36:06.654316  2520 10295 D HOME    : [WatchStreamDB]couldItemAlert: false, isTopItemChanged: false, isDeferralForTopItem: false
11-03 08:36:06.660229  2520  2520 D HOME    : [WatchFaceUiController]sendStateToWallpaper
11-03 08:36:06.665917  2520  2520 W StaticLayout: maxLineHeight should not be -1.  maxLines:1 lineCount:1
11-03 08:36:06.684647   512 10825 I sensors-hal: handle_indication_realtime:355,  SCHED_FIFO(10) for qmi_cbk
11-03 08:36:07.152456   512  1749 I sensors-hal: activate:107, android.sensor.light/46 en=0
11-03 08:36:07.154213   512  1749 I sensors-hal: activate:118, android.sensor.light/46 en=0 completed
11-03 08:36:07.156022   512  1749 I sensors-hal: batch:140, android.sensor.light/46, period=250000000, max_latency=0
11-03 08:36:07.156094   512  1749 I sensors-hal: batch:149, android.sensor.light/46, period=250000000, max_latency=0 request completed
11-03 08:36:07.156546   512  1749 I sensors-hal: activate:107, android.sensor.light/46 en=1
11-03 08:36:07.156941   512  1749 I sensors-hal: ssc_enable_rt_task:254, ssc_enable_rt_task : true
11-03 08:36:07.159701   512  1749 I sensors-hal: activate:118, android.sensor.light/46 en=1 completed
--------- switch to system
11-03 08:36:07.163258  1686  1686 V SettingsProvider: Notifying for 0: content://settings/system/screen_brightness
--------- switch to main
11-03 08:36:07.164597  1686  1686 I SidekickService: loadBrightnessLocked()
11-03 08:36:07.165563  1686  1686 D SidekickService: screenBrightness  = 56
11-03 08:36:07.166256  1686  1686 D SidekickService: sendConfigValuesLocked(): alsThresholds = [40, 92, 95, 100, 125, 150, 175, 200, 225, 250, 300, 400, 500, 800, 1200], brightnessValuesBright = [50, 56, 60, 70, 80, 90, 100, 115, 120, 140, 160, 180, 200, 220, 240, 255], brightnessValuesDim= [50, 56, 60, 70, 80, 90, 100, 115, 120, 140, 160, 180, 200, 220, 240, 255]
11-03 08:36:07.176434  1686  1686 D SidekickService: setAlsMode(): mode = 2, brightenAlpha = 80, dimmingAlpha = 80
11-03 08:36:07.185680  1686  1686 D SidekickService: setTwmConfig():: msTiltToBright = 10000, tiltToBright = false
11-03 08:36:07.246132   512 10837 I sensors-hal: handle_indication_realtime:355,  SCHED_FIFO(10) for qmi_cbk
--------- switch to kernel
11-03 08:36:08.141062     0     0 E FG      : fg_psy_get_property: unsupported property 7
11-03 08:36:08.143105     0     0 I chatty  : uid=0(root) logd identical 1 line
11-03 08:36:08.143344     0     0 E FG      : fg_psy_get_property: unsupported property 7
11-03 08:36:08.055165     0     0 W healthd : battery l=24 v=3707 t=29.0 h=2 st=3 c=118 fc=443000 cc=0 chg=
--------- switch to main
11-03 08:36:08.157267  2520  2520 D HOME    : [BatteryChange]action: android.intent.action.BATTERY_CHANGED
11-03 08:36:08.157343  1956  1956 D QtiCarrierConfigHelper: WARNING, no carrier configs on phone Id: 0
11-03 08:36:08.157722  2520 10693 D HOME    : [BatteryChange]HandleBatteryChangedTask
11-03 08:36:08.158152  2520 10693 D HOME    : [BatteryChange]level: 24, status: 3
11-03 08:36:10.108256   512   512 I sensors-hal: batch:140, android.sensor.accelerometer/48, period=66667000, max_latency=100000000
11-03 08:36:10.111297   512   512 I sensors-hal: batch:149, android.sensor.accelerometer/48, period=66667000, max_latency=100000000 request completed
11-03 08:36:10.112424  1686  1686 D DefaultUngazeDetector: Ungaze event occurred; emitting gesture event!
11-03 08:36:10.112587  1686  1686 D WristGestureCtrl: Gesture:GESTURE UNGAZE, timestamp(ms): 56445722, confidence: 0.0, latency(ms): 0, duration(ms): 3820
11-03 08:36:10.114334   512   512 I sensors-hal: batch:140, android.sensor.accelerometer/48, period=19231000, max_latency=100000000
--------- switch to system
11-03 08:36:10.116263  1686  1686 I WindowManager: sleepRelease() calling goToSleep(GO_TO_SLEEP_REASON_SLEEP_BUTTON)
--------- switch to main
11-03 08:36:10.116484   512   512 I sensors-hal: batch:149, android.sensor.accelerometer/48, period=19231000, max_latency=100000000 request completed
--------- switch to system
11-03 08:36:10.116573  1686  1686 I PowerManagerService: Going to sleep due to sleep button (uid 1000)...
--------- switch to main
11-03 08:36:10.116906   512   512 I sensors-hal: flush:169, android.sensor.accelerometer/48
--------- switch to system
11-03 08:36:10.117718  1686  1686 W UsageStatsService: Event reported without a package name
11-03 08:36:10.117901  1686  1712 I DreamManagerService: Entering dreamland.
11-03 08:36:10.118730  1686  1712 I PowerManagerService: Dozing...
--------- switch to main
11-03 08:36:10.119081   512   512 I sensors-hal: flush:175, android.sensor.accelerometer/48 completed
--------- switch to system
11-03 08:36:10.131433  1686  1708 I DreamController: Starting dream: name=ComponentInfo{com.google.android.wearable.ambient/com.google.android.wearable.ambient.AmbientDream}, isTest=false, canDoze=true, userId=0
11-03 08:36:10.145941  1686  1686 W ContextImpl: Calling a method in the system process without a qualified user: android.app.ContextImpl.bindService:1611 android.content.ContextWrapper.bindService:698 com.google.android.wearable.ambient.AmbientDream.onCreate:191 android.app.ActivityThread.handleCreateService:3533 android.app.ActivityThread.access$1300:200 
11-03 08:36:10.149232  1686  1686 W ContextImpl: Calling a method in the system process without a qualified user: android.app.ContextImpl.sendBroadcast:1005 android.content.ContextWrapper.sendBroadcast:444 com.google.android.wearable.ambient.AmbientDream.onCreate:241 android.app.ActivityThread.handleCreateService:3533 android.app.ActivityThread.access$1300:200 
11-03 08:36:10.149943  1686  1686 V DreamService[AmbientDream]: onBind() intent = Intent { act=android.service.dreams.DreamService flg=0x800000 cmp=com.google.android.wearable.ambient/.AmbientDream }
--------- switch to main
11-03 08:36:10.150739  1686  1686 I AmbientService: [ce6a28c] Ambient Created
--------- switch to system
11-03 08:36:10.157770  1686  1686 V DreamService[AmbientDream]: Calling onDreamingStarted()
--------- switch to main
11-03 08:36:10.157975  1686  1686 I AmbientService: [ce6a28c] doOnDreamingStarted
11-03 08:36:10.158656  1686  1686 D SidekickService: setShouldControlDisplay called: true
11-03 08:36:10.160225  1686  1686 I AmbientService: [ce6a28c] Selected running activity for ambient mode: AmbientActivity[component=ComponentInfo{com.google.android.wearable.app/com.google.android.clockwork.home2.activity.HomeActivity2}, callbacks=@210b385, running=true, ambientRequested=true, ambientEnabled=true, offloadEnabled=true]
11-03 08:36:10.161687  1686  1686 I AmbientService: [ce6a28c] Sidekick is ready to display, requesting doze.
11-03 08:36:10.162623  1686  1686 I AmbientService: [ce6a28c] No auto-resume Activity.
11-03 08:36:10.164768  1686  1686 W DefaultSettingsContentR: Value for ambient_low_bit_enabled not stored as number. Attempting parse as boolean.
11-03 08:36:10.165886  2520  2520 D HOME    : [HomeVisitsLogger]Logging streamlet event: enter_ambient_mode
11-03 08:36:10.166635  2520  2520 D HOME    : [HotwordController]updateClient MODE_WATCH_FACE false true false true
11-03 08:36:10.166618  2520 10693 D HOME    : [HomeVisitsLogger]Logging streamlet event: visit_end
11-03 08:36:10.167658  2520  2520 D HOME    : [WatchFaceUiController]setInAmbientMode true
11-03 08:36:10.168710  1686  1686 I AmbientService: [ce6a28c] Showing watch face in offload mode, canceling alarm.
11-03 08:36:10.168785  1686  1686 W AlarmManagerProxy: Removing unknown listener
11-03 08:36:10.168877  1686  1686 D WristGestureCtrl: Stopping detectors: GesturesEnabled-false gestureDetector-false ungazeEnabled-true ungaze-true
11-03 08:36:10.168867  2520 10693 I SidekickManager: replaceWatchFaceComponentsImpl(): watchFace = com.google.android.clockwork.decomposablewatchface.WatchFaceDecomposition@96ac2f3
11-03 08:36:10.168915  1686  1686 D DefaultUngazeDetector: stopping
11-03 08:36:10.169088  2520  2520 D HOME    : [StreamDBQueue]Promised revision #3219 to queue a new op
11-03 08:36:10.169402  2520  2520 D WatchStreamManager: Promised rank-blocked=false @ r#3219
11-03 08:36:10.169891  2520  2520 D HOME    : [StreamDBQueue]Promised revision #3220 to queue a new op
11-03 08:36:10.170026  2520  2520 D WatchStreamManager: Promised rank-blocked=false @ r#3220
11-03 08:36:10.170813   512   512 I sensors-hal: batch:140, android.sensor.accelerometer/48, period=66667000, max_latency=100000000
11-03 08:36:10.171013  2520  2520 D HOME    : [EventBus]Wrapper pool is full. Discarding excess wrapper instance for event com.google.android.clockwork.sysui.events.KeyguardStateEvent
11-03 08:36:10.171128  2520  2520 D HOME    : [WatchFaceUiController]sendStateToWallpaper
11-03 08:36:10.173082  2520  2520 D HOME    : [EventBus]Wrapper pool is full. Discarding excess wrapper instance for event com.google.android.clockwork.sysui.events.KeyguardStateEvent
11-03 08:36:10.173658  2520  2520 D HOME    : [EventBus]Wrapper pool is full. Discarding excess wrapper instance for event com.google.android.clockwork.sysui.events.KeyguardStateEvent
11-03 08:36:10.178875   512   512 I sensors-hal: batch:149, android.sensor.accelerometer/48, period=66667000, max_latency=100000000 request completed
11-03 08:36:10.180859  2520  2520 W StaticLayout: maxLineHeight should not be -1.  maxLines:1 lineCount:1
11-03 08:36:10.181520  2520 10603 D HOME    : [StreamDBQueue]Promised revision #3221 to queue a new op
11-03 08:36:10.181494  1686  3907 D SidekickService: sendWatchFaceComponents called: watchFace = com.google.android.clockwork.decomposablewatchface.WatchFaceDecomposition@d6e51fcshouldReplace = false
11-03 08:36:10.181696  2520 10603 D WatchStreamManager: Promised rerank @ r#3221
11-03 08:36:10.181756  1686  3907 D SidekickService: Check decomposition for calling app com.google.android.wearable.app with uid 10049
11-03 08:36:10.182485  2520 10692 D HOME    : [WatchStreamDB]Item alerting conditions - isInterruptive: false, recentlyInterrupted: false, isItemPinned: false, isUnread: false
11-03 08:36:10.182567  1686  3907 D SidekickService: sendWatchFaceLocked(): shouldReplace = false, mSidekickIsControlling = false, 1 images, 0 fonts, 0 numbers, 0 proportionalFonts, 0 strings
11-03 08:36:10.182633  1686  3907 D SidekickService: ISidekickGraphics#beginResources()...
11-03 08:36:10.182873  2520 10692 D HOME    : [StreamAlertingRegulator]isTheaterModeEnabled: false, isAlertingAllowedByOffBody: true, matchesLocalInterruptionFilter: true
11-03 08:36:10.183823  1686  3907 D SidekickServiceUtils: bitmapFromDrawable: Returning bitmap directly
11-03 08:36:10.183977  2520 10692 D HOME    : [WatchStreamDB]couldItemAlert: false, isTopItemChanged: false, isDeferralForTopItem: false
11-03 08:36:10.185054  2520 10692 D HOME    : [WatchStreamDB]Item alerting conditions - isInterruptive: false, recentlyInterrupted: false, isItemPinned: false, isUnread: false
11-03 08:36:10.185387  2520 10692 D HOME    : [StreamAlertingRegulator]isTheaterModeEnabled: false, isAlertingAllowedByOffBody: true, matchesLocalInterruptionFilter: true
11-03 08:36:10.185654  1686  3907 D SidekickService: sendBitmapsLocked(): bounds = RectF(0.0, 0.0, 0.0024038462, 0.0024038462), drawableInfo = {.id = 100000, .width = 1, .height = 1, .display = true, .offsetX = 0.0, .offsetY = 0.0, .rotationInfo = {.hasRotation = false, .pivotX = 0.0, .pivotY = 0.0, .degreesPerDay = 0.0, .degreesPerStep = 0.0, .zeroDegreesTime = {.daysSinceLocalEpoch = 0, .msSinceMidnight = 0}}, .transformInfo = {.transformed = false, .flipX = false, .flipY = false, .flip45 = false, .scaleX = 0.0, .scaleY = 0.0}, .type = GENERIC, .blink = {.blinking = false, .periodOnMs = 0.0, .periodOffMs = 0.0, .startTime = {.daysSinceLocalEpoch = 0, .msSinceMidnight = 0}}, .zOrder = 8, .displayInTwm = true}, image.size() = 84
11-03 08:36:10.186904   416   416 D SKGHAL  : saveResource: resId = 100000
11-03 08:36:10.187304  2520 10692 D HOME    : [WatchStreamDB]couldItemAlert: false, isTopItemChanged: false, isDeferralForTopItem: false
11-03 08:36:10.187364  1686  3907 D SidekickService: sendBitmapsLocked(): status = 0, bytesUsed = 18
11-03 08:36:10.187536  1686  3907 D SidekickService: ISidekickGraphics#endResources()...
11-03 08:36:10.187907  2520 10692 D HOME    : [WatchStreamDB]updateRanking()
11-03 08:36:10.188536  2520 10692 D HOME    : [WatchStreamDB]Item alerting conditions - isInterruptive: false, recentlyInterrupted: false, isItemPinned: false, isUnread: false
11-03 08:36:10.188959  2520 10692 D HOME    : [StreamAlertingRegulator]isTheaterModeEnabled: false, isAlertingAllowedByOffBody: true, matchesLocalInterruptionFilter: true
11-03 08:36:10.189201  2520 10692 D HOME    : [WatchStreamDB]couldItemAlert: false, isTopItemChanged: false, isDeferralForTopItem: false
11-03 08:36:10.189837  2520 10692 D HOME    : [NewStreamAdapter]Publishing revision #3221 to adapter clients
11-03 08:36:10.190923  2520 10603 D HOME    : [StreamDBQueue]Promised revision #3222 to queue a new op
11-03 08:36:10.191324  2520 10603 D WatchStreamManager: Promised rerank @ r#3222
11-03 08:36:10.192853  2520 10692 D HOME    : [WatchStreamDB]updateRanking()
11-03 08:36:10.193767  2520 10692 D HOME    : [WatchStreamDB]Item alerting conditions - isInterruptive: false, recentlyInterrupted: false, isItemPinned: false, isUnread: false
11-03 08:36:10.194379  2520 10692 D HOME    : [StreamAlertingRegulator]isTheaterModeEnabled: false, isAlertingAllowedByOffBody: true, matchesLocalInterruptionFilter: true
11-03 08:36:10.194747  2520 10692 D HOME    : [WatchStreamDB]couldItemAlert: false, isTopItemChanged: false, isDeferralForTopItem: false
11-03 08:36:10.195686  2520 10692 D HOME    : [NewStreamAdapter]Publishing revision #3222 to adapter clients
11-03 08:36:10.635548   416   416 D SKGHAL  : sendResources: metadata size = 2400, font size = 72
11-03 08:36:10.704798   416   416 D SKGHAL  : endResources: rc = 0
11-03 08:36:10.706672  1686  1686 W system_server: Long monitor contention with owner Binder:1686_13 (3907) at int com.google.android.clockwork.sidekick.SidekickService$BinderService.sendWatchFace(com.google.android.clockwork.decomposablewatchface.WatchFaceDecomposition, boolean)(SidekickService.java:1021) waiters=0 in boolean com.google.android.clockwork.sidekick.SidekickService$BinderService.readyToDisplay() for 523ms
11-03 08:36:10.708524  2520  2520 D HOME    : [SidekickManagerAsync]replaceWatchFaceComponents(): Callback#onResult(): 0
--------- switch to system
11-03 08:36:10.708707  1686  1686 W Looper  : Slow dispatch took 525ms main h=android.os.Handler c=com.google.android.wearable.ambient.AmbientDream$Callbacks$1@9dbe085 m=0
--------- switch to main
11-03 08:36:10.708993  2520  2520 D HOME    : [WatchFaceUiController]Complication updates sent, posting watch face hiding
11-03 08:36:10.709111  2520  2520 D HOME    : [WatchFaceUiController]Still in ambient watch face, hiding
11-03 08:36:10.709190  2520  2520 D HOME    : [WatchFaceUiController]Hiding watch face wallpaper.
--------- switch to kernel
11-03 08:36:08.056473     0     0 W healthd : battery l=24 v=3707 t=29.0 h=2 st=3 c=118 fc=443000 cc=0 chg=
11-03 08:36:10.638348     0     0 E FG      : fg_psy_get_property: unsupported property 7
11-03 08:36:10.642232     0     0 W healthd : battery l=24 v=3713 t=29.0 h=2 st=3 c=110 fc=443000 cc=0 chg=
--------- switch to main
11-03 08:36:10.747410  1956  1956 D QtiCarrierConfigHelper: WARNING, no carrier configs on phone Id: 0
11-03 08:36:10.752801  2520  2520 D HOME    : [BatteryChange]action: android.intent.action.BATTERY_CHANGED
11-03 08:36:10.753949  2520 10693 D HOME    : [BatteryChange]HandleBatteryChangedTask
11-03 08:36:10.755760   512  1749 I sensors-hal: activate:107, android.sensor.light/46 en=0
11-03 08:36:10.763100   512  1749 I sensors-hal: activate:118, android.sensor.light/46 en=0 completed
11-03 08:36:10.767879   545   545 D SurfaceFlinger: Set power mode=3, type=0 flinger=0xb6bb6000
--------- switch to system
11-03 08:36:10.767960  1686  1710 I DisplayManagerService: Display device changed state: "Écran intégré", DOZE_SUSPEND
--------- switch to main
11-03 08:36:10.768257  2520 10693 D HOME    : [BatteryChange]level: 24, status: 3
11-03 08:36:10.769771   504   764 I SDM     : DisplayBase::SetDisplayState: Set state = 3, display 0
11-03 08:36:10.810675  1686  1759 I InputReader: Reconfiguring input devices.  changes=0x00000004
11-03 08:36:10.817461   545   545 D SurfaceFlinger: Finished set power mode=3, type=0
11-03 08:36:10.818686  1686  1823 I SidekickService: beginDisplayLocked(): DOZE_SUSPEND
--------- switch to kernel
11-03 08:36:10.686389     0     0 I mdss_dsi_panel_set_idle_mode: Idle (0->1)
11-03 08:36:10.721742     0     0 I         : [touch]FB_BLANK_VSYNC_SUSPEND
11-03 08:36:10.721761     0     0 I         : [touch]irq disable
11-03 08:36:10.721772     0     0 I         : [touch]workqueue is empty!
11-03 08:36:10.721777     0     0 I         : [touch]raydium_ts_do_suspend.
11-03 08:36:10.721811     0     0 I         : [touch]Device may wakeup
11-03 08:36:10.725374     0     0 I         : [touch]irq enable
--------- switch to main
11-03 08:36:10.820563   416   416 D SKGHAL  : sendAmbientPrepare: enter:
11-03 08:36:10.954753   416   416 D SKGHAL  : sendAmbientEvent: enter: enable = 1
11-03 08:36:10.956571   504   523 I SDM     : DisplayBase::SetDisplayState: Set state = 4, display 0
11-03 08:36:10.956739   504   523 D SDM     : HWCDisplayPrimary::SetStandByMode: Null display is connected successfully
11-03 08:36:10.957027   416   416 D SKGHAL  : standBy_update_control call succeed on 1
11-03 08:36:10.972370   416   416 D SKGHAL  : sendAmbientEvent: done: enable = 1
11-03 08:36:10.973219  1686  1823 D SidekickService:    ... beginDisplay result: 0 for halPower: 1
11-03 08:36:10.979078   512  1749 I sensors-hal: activate:107, android.sensor.accelerometer/48 en=0
11-03 08:36:10.981833   512  1749 I sensors-hal: activate:118, android.sensor.accelerometer/48 en=0 completed
--------- switch to kernel
11-03 08:36:10.896613     0     0 E bgrsb   : bgrsb_enable: gpio 32 is valid
--------- switch to main
11-03 08:36:10.991656  1686  1799 E WifiStateMachine: getWifiLinkLayerStats called without an interface
11-03 08:36:11.026058  1686  1686 I WearPower: [WearTouchMediator] changing touch input to enabled (ON_AUTO)
11-03 08:36:11.028425  1686  1759 I InputReader: Reconfiguring input devices.  changes=0x00000200
--------- switch to kernel
11-03 08:36:10.941470     0     0 I init    : processing action (ro.enable_core_ctl=true && sys.cw_corectl_mode=idle) from (/vendor/etc/init/hw/init.qcom.rc:949)
--------- switch to main
11-03 08:36:11.042934  1686  1686 I AmbientService: [ce6a28c] Timeout alarm not required, auto-resume timeout handled by dream.
11-03 08:36:11.065177  3205  3434 W WorkController: Loading failed for worker [trainingcache]: worker not found
11-03 08:36:11.067861  3205  3372 W A       : TrainingCache cache SCREEN_OFF failure
11-03 08:36:11.067861  3205  3372 W A       : com.google.android.apps.gsa.search.core.service.h.a.a: No worker found for Worker ID [trainingcache].
11-03 08:36:11.067861  3205  3372 W A       : 	at com.google.android.apps.gsa.search.core.service.g.a.c.a(Unknown Source:5)
11-03 08:36:11.067861  3205  3372 W A       : 	at com.google.android.libraries.gsa.c.a.d.a(Unknown Source:3)
11-03 08:36:11.067861  3205  3372 W A       : 	at com.google.common.p.a.cg.c(Unknown Source:2)
11-03 08:36:11.067861  3205  3372 W A       : 	at com.google.common.p.a.bk.run(SourceFile:3)
11-03 08:36:11.067861  3205  3372 W A       : 	at com.google.common.p.a.ci.run(Unknown Source:4)
11-03 08:36:11.067861  3205  3372 W A       : 	at com.google.apps.tiktok.concurrent.ab.run(SourceFile:1)
11-03 08:36:11.067861  3205  3372 W A       : 	at java.util.concurrent.ThreadPoolExecutor.runWorker(ThreadPoolExecutor.java:1167)
11-03 08:36:11.067861  3205  3372 W A       : 	at java.util.concurrent.ThreadPoolExecutor$Worker.run(ThreadPoolExecutor.java:641)
11-03 08:36:11.067861  3205  3372 W A       : 	at com.google.apps.tiktok.concurrent.c.run(Unknown Source:4)
11-03 08:36:11.067861  3205  3372 W A       : 	at java.lang.Thread.run(Thread.java:764)
11-03 08:36:11.096450  2520  2520 D HOME    : [StreamDBQueue]Promised revision #3223 to queue a new op
11-03 08:36:11.097328  2520  2520 D WatchStreamManager: Promised rank-blocked=false @ r#3223
11-03 08:36:11.098041  2520  2520 D HOME    : [CompactHunStarter]detachWindow()
11-03 08:36:11.098864  2520 10693 D HOME    : [WatchStreamDB]Item alerting conditions - isInterruptive: false, recentlyInterrupted: false, isItemPinned: false, isUnread: false
11-03 08:36:11.099844  2520 10693 D HOME    : [StreamAlertingRegulator]isTheaterModeEnabled: false, isAlertingAllowedByOffBody: true, matchesLocalInterruptionFilter: true
11-03 08:36:11.100645  2520 10693 D HOME    : [WatchStreamDB]couldItemAlert: false, isTopItemChanged: false, isDeferralForTopItem: false
11-03 08:36:11.102348  2520 10295 D HOME    : [StreamDBQueue]Promised revision #3224 to queue a new op
11-03 08:36:11.104534  2520 10295 D WatchStreamManager: Promised rerank @ r#3224
11-03 08:36:11.106169  2520 10693 D HOME    : [WatchStreamDB]updateRanking()
11-03 08:36:11.107887  2520 10693 D HOME    : [WatchStreamDB]Item alerting conditions - isInterruptive: false, recentlyInterrupted: false, isItemPinned: false, isUnread: false
11-03 08:36:11.109052  2520 10693 D HOME    : [StreamAlertingRegulator]isTheaterModeEnabled: false, isAlertingAllowedByOffBody: true, matchesLocalInterruptionFilter: true
11-03 08:36:11.109744  2520 10693 D HOME    : [WatchStreamDB]couldItemAlert: false, isTopItemChanged: false, isDeferralForTopItem: false
11-03 08:36:11.114763  2520 10693 D HOME    : [NewStreamAdapter]Publishing revision #3224 to adapter clients
--------- switch to kernel
11-03 08:36:11.025046     0     0 I CPU1    : update max cpu_capacity 748
11-03 08:36:11.027140     0     0 I CPU3    : update max cpu_capacity 1024
11-03 08:36:11.051685     0     0 W         : IRQ16 no longer affine to CPU2
11-03 08:36:11.051706     0     0 W         : IRQ21 no longer affine to CPU2
11-03 08:36:11.051796     0     0 W         : IRQ93 no longer affine to CPU2
11-03 08:36:11.054593     0     0 I CPU2    : shutdown
11-03 08:36:11.066138     0     0 I init    : Command 'write /sys/devices/system/cpu/cpu2/online 0' action=ro.enable_core_ctl=true && sys.cw_corectl_mode=idle (/vendor/etc/init/hw/init.qcom.rc:951) took 124ms and succeeded
11-03 08:36:11.187537     0     0 I PM      : suspend entry 2021-11-03 07:36:11.187537684 UTC
11-03 08:36:11.187566     0     0 I PM      : Syncing filesystems ...
11-03 08:36:11.231097     0     0 I CPU1    : update max cpu_capacity 748
11-03 08:36:11.237144     0     0 I         : done.
11-03 08:36:11.256077     0     0 I CPU3    : shutdown
11-03 08:36:11.258449     0     0 I         : Freezing user space processes ...
11-03 08:36:11.265891     0     0 I PM      : Wakeup pending, aborting suspend
11-03 08:36:11.265984     0     0 I         : active wakeup source: NETLINK
11-03 08:36:11.266061     0     0 E         : Freezing of tasks aborted after 0.007 seconds
11-03 08:36:11.266081     0     0 I         : Restarting tasks ...
11-03 08:36:11.267216     0     0 W QSEECOM : qseecom_receive_req: Interrupted: exiting Listener Service = 11
11-03 08:36:11.267290     0     0 W QSEECOM : qseecom_receive_req: Interrupted: exiting Listener Service = 10
11-03 08:36:11.267332     0     0 W QSEECOM : qseecom_receive_req: Interrupted: exiting Listener Service = 28672
11-03 08:36:11.271823     0     0 W QSEECOM : qseecom_receive_req: Interrupted: exiting Listener Service = 8192
11-03 08:36:11.271912     0     0 W QSEECOM : qseecom_receive_req: Interrupted: exiting Listener Service = 12288
11-03 08:36:11.273861     0     0 I         : done.
11-03 08:36:11.274961     0     0 I PM      : suspend exit 2021-11-03 07:36:11.274961122 UTC
11-03 08:36:11.275030     0     0 I init    : Command 'write /sys/devices/system/cpu/cpu3/online 0' action=ro.enable_core_ctl=true && sys.cw_corectl_mode=idle (/vendor/etc/init/hw/init.qcom.rc:952) took 117ms and succeeded
11-03 08:36:11.613033     0     0 E mdss_dsi_gen_read_status: Read back value from panel is incorrect
11-03 08:36:11.678523     0     0 I PM      : suspend entry 2021-11-03 07:36:11.678523205 UTC
11-03 08:36:11.678548     0     0 I PM      : Syncing filesystems ... done.
11-03 08:36:11.702294     0     0 I         : Freezing user space processes ... (elapsed 0.011 seconds) done.
11-03 08:36:11.713604     0     0 I         : Freezing remaining freezable tasks ... (elapsed 0.006 seconds) done.
11-03 08:36:11.719717     0     0 I         : Suspending console(s) (use no_console_suspend to debug)
11-03 08:36:11.735586     0     0 I mdss_dsi_panel_set_idle_mode: Idle (1->1)
11-03 08:36:11.777304     0     0 I bgcom   : bgcom_pm_suspend: suspended with : 0
11-03 08:36:11.806309     0     0 I PM      : suspend of devices complete after 82.355 msecs
11-03 08:36:11.812484     0     0 I PM      : late suspend of devices complete after 6.130 msecs
11-03 08:36:11.818558     0     0 I PM      : noirq suspend of devices complete after 6.035 msecs
11-03 08:36:11.818574     0     0 I         : Disabling non-boot CPUs ...
11-03 08:36:11.832417     0     0 W         : IRQ16 no longer affine to CPU1
11-03 08:36:11.832431     0     0 W         : IRQ21 no longer affine to CPU1
11-03 08:36:11.832758     0     0 W         : IRQ93 no longer affine to CPU1
11-03 08:36:11.834503     0     0 I CPU1    : shutdown
11-03 08:36:11.836881     0     0 I suspend ns: 2980304589135	suspend cycles:    1084016089837
11-03 08:36:11.836861     0     0 I CPU0    : msm_cpu_pm_enter_sleep mode:3 during suspend
11-03 08:36:11.836861     0     0 I         : Suspended for 49.720 seconds
11-03 08:36:11.836861     0     0 I resume cycles: 1084970718508
11-03 08:36:11.837372     0     0 I         : Enabling non-boot CPUs ...
11-03 08:36:11.838223     0     0 I CPU1    : update cpu_capacity 1024
11-03 08:36:11.840001     0     0 I         : CPU1 is up
11-03 08:36:11.840933     0     0 I CPU1    : update max cpu_capacity 748
11-03 08:36:11.844094     0     0 I PM      : noirq resume of devices complete after 3.702 msecs
11-03 08:36:11.850251     0     0 I PM      : early resume of devices complete after 4.181 msecs
11-03 08:36:11.888615     0     0 I bgcom   : bgcom_pm_resume: Bgcom resumed with : 0
11-03 08:36:11.900028     0     0 I mdss_dsi_panel_set_idle_mode: Idle (1->1)
11-03 08:36:11.936626     0     0 I PM      : resume of devices complete after 86.289 msecs
11-03 08:36:11.941628     0     0 I         : Restarting tasks ...
11-03 08:36:11.945859     0     0 W QSEECOM : qseecom_receive_req: Interrupted: exiting Listener Service = 8192
11-03 08:36:11.945964     0     0 W QSEECOM : qseecom_receive_req: Interrupted: exiting Listener Service = 12288
11-03 08:36:11.949935     0     0 W QSEECOM : qseecom_receive_req: Interrupted: exiting Listener Service = 11
11-03 08:36:11.950022     0     0 W QSEECOM : qseecom_receive_req: Interrupted: exiting Listener Service = 10
11-03 08:36:11.950068     0     0 W QSEECOM : qseecom_receive_req: Interrupted: exiting Listener Service = 28672
11-03 08:36:11.958756     0     0 I         : done.
11-03 08:37:01.680105     0     0 I PM      : suspend exit 2021-11-03 07:37:01.680105737 UTC
11-03 08:37:01.782703     0     0 I PM      : suspend entry 2021-11-03 07:37:01.782703133 UTC
11-03 08:37:01.782727     0     0 I PM      : Syncing filesystems ... done.
11-03 08:37:01.871603     0     0 I         : Freezing user space processes ... (elapsed 0.007 seconds) done.
11-03 08:37:01.878903     0     0 I         : Freezing remaining freezable tasks ... (elapsed 0.003 seconds) done.
11-03 08:37:01.882544     0     0 I         : Suspending console(s) (use no_console_suspend to debug)
--------- switch to system
11-03 08:37:18.268755  1686  1686 I PowerManagerService: Waking up from dozing (uid=1000 reason=tiltToWake)...
--------- switch to kernel
11-03 08:37:01.894437     0     0 I mdss_dsi_panel_set_idle_mode: Idle (1->1)
11-03 08:37:01.936413     0     0 I bgcom   : bgcom_pm_suspend: suspended with : 0
11-03 08:37:01.972286     0     0 I PM      : suspend of devices complete after 87.523 msecs
11-03 08:37:01.977684     0     0 I PM      : late suspend of devices complete after 5.355 msecs
11-03 08:37:01.983511     0     0 I PM      : noirq suspend of devices complete after 5.786 msecs
11-03 08:37:01.983525     0     0 I         : Disabling non-boot CPUs ...
11-03 08:37:02.004210     0     0 I CPU1    : shutdown
11-03 08:37:02.006182     0     0 I suspend ns: 2980753653615	suspend cycles:    1084979340546
11-03 08:37:02.006160     0     0 I CPU0    : msm_cpu_pm_enter_sleep mode:3 during suspend
11-03 08:37:02.006160     0     0 I         : Suspended for 16.157 seconds
11-03 08:37:02.006160     0     0 I resume cycles: 1085289576387
11-03 08:37:02.006844     0     0 I         : Enabling non-boot CPUs ...
11-03 08:37:02.007678     0     0 I CPU1    : update cpu_capacity 1024
11-03 08:37:02.009123     0     0 I         : CPU1 is up
11-03 08:37:02.010990     0     0 I CPU1    : update max cpu_capacity 748
11-03 08:37:02.012938     0     0 I PM      : noirq resume of devices complete after 3.477 msecs
11-03 08:37:02.018131     0     0 I PM      : early resume of devices complete after 3.723 msecs
11-03 08:37:02.048184     0     0 I bgcom   : bgcom_pm_resume: Bgcom resumed with : 0
11-03 08:37:02.058216     0     0 I mdss_dsi_panel_set_idle_mode: Idle (1->1)
11-03 08:37:02.095253     0     0 I PM      : resume of devices complete after 77.094 msecs
11-03 08:37:02.097847     0     0 I         : Restarting tasks ...
11-03 08:37:02.101628     0     0 W QSEECOM : qseecom_receive_req: Interrupted: exiting Listener Service = 12288
11-03 08:37:02.106442     0     0 W QSEECOM : qseecom_receive_req: Interrupted: exiting Listener Service = 8192
11-03 08:37:02.106528     0     0 W QSEECOM : qseecom_receive_req: Interrupted: exiting Listener Service = 11
11-03 08:37:02.106576     0     0 W QSEECOM : qseecom_receive_req: Interrupted: exiting Listener Service = 10
11-03 08:37:02.106614     0     0 W QSEECOM : qseecom_receive_req: Interrupted: exiting Listener Service = 28672
11-03 08:37:02.130248     0     0 I         : done.
11-03 08:37:18.289586     0     0 I PM      : suspend exit 2021-11-03 07:37:18.289586460 UTC
--------- switch to system
11-03 08:37:18.295400  1686  1686 W UsageStatsService: Event reported without a package name
--------- switch to kernel
11-03 08:37:18.300371     0     0 E FG      : fg_psy_get_property: unsupported property 7
11-03 08:37:18.211598     0     0 W healthd : battery l=24 v=3773 t=29.0 h=2 st=3 c=7 fc=443000 cc=0 chg=
--------- switch to main
11-03 08:37:18.320261   512  1749 I sensors-hal: batch:140, android.sensor.light/46, period=100000000, max_latency=0
11-03 08:37:18.320350   512  1749 I sensors-hal: batch:149, android.sensor.light/46, period=100000000, max_latency=0 request completed
11-03 08:37:18.321760   512  1749 I sensors-hal: activate:107, android.sensor.light/46 en=1
11-03 08:37:18.322064   512  1749 I sensors-hal: ssc_enable_rt_task:254, ssc_enable_rt_task : true
11-03 08:37:18.323939   512  1749 I sensors-hal: activate:118, android.sensor.light/46 en=1 completed
11-03 08:37:18.325045  1686  1823 I SidekickService: endDisplayLocked()
11-03 08:37:18.325425   416   416 D SKGHAL  : sendAmbientEvent: enter: enable = 0
--------- switch to system
11-03 08:37:18.325947  1686  1710 I DisplayManagerService: Display device changed state: "Écran intégré", ON
--------- switch to main
11-03 08:37:18.334885   512  1749 I sensors-hal: batch:140, android.sensor.accelerometer/48, period=66667000, max_latency=100000000
11-03 08:37:18.334956   512  1749 I sensors-hal: batch:149, android.sensor.accelerometer/48, period=66667000, max_latency=100000000 request completed
11-03 08:37:18.337521   512  1749 I sensors-hal: activate:107, android.sensor.accelerometer/48 en=1
11-03 08:37:18.337772   512  1749 I sensors-hal: ssc_enable_rt_task:254, ssc_enable_rt_task : true
11-03 08:37:18.348960  4243  4243 D OMService: onDisplayChanged: not dozing
11-03 08:37:18.352367  1686  1759 I InputReader: Reconfiguring input devices.  changes=0x00000004
11-03 08:37:18.352757   512  1749 I sensors-hal: activate:118, android.sensor.accelerometer/48 en=1 completed
