11-02 23:27:50.447570     0     0 I         : [touch]display wake up
11-02 23:27:50.451708     0     0 E FG      : fg_psy_get_property: unsupported property 7
11-02 23:27:50.453686     0     0 W healthd : battery l=45 v=3763 t=33.0 h=2 st=3 c=155 fc=443000 cc=0 chg=
--------- switch to system
11-02 23:27:50.531762  2520  2520 W ViewRootImpl[HomeActivity2]: Cancelling event due to no window focus: MotionEvent { action=ACTION_CANCEL, actionButton=0, id[0]=0, x[0]=100.0, y[0]=100.0, toolType[0]=TOOL_TYPE_FINGER, buttonState=0, metaState=0, flags=0x0, edgeFlags=0x0, pointerCount=1, historySize=0, eventTime=2118582, downTime=1980708, deviceId=1, source=0x1002 }
--------- switch to main
11-02 23:27:50.543194   512  1749 I sensors-hal: batch:140, android.sensor.light/46, period=100000000, max_latency=0
11-02 23:27:50.543353   512  1749 I sensors-hal: batch:149, android.sensor.light/46, period=100000000, max_latency=0 request completed
11-02 23:27:50.545223   512  1749 I sensors-hal: activate:107, android.sensor.light/46 en=1
11-02 23:27:50.545861   512  1749 I sensors-hal: ssc_enable_rt_task:254, ssc_enable_rt_task : true
11-02 23:27:50.549576   512  1749 I sensors-hal: activate:118, android.sensor.light/46 en=1 completed
11-02 23:27:50.551626   512  1749 I sensors-hal: activate:107, android.sensor.accelerometer/48 en=0
11-02 23:27:50.552737   512  1749 I sensors-hal: activate:118, android.sensor.accelerometer/48 en=0 completed
11-02 23:27:50.558974   512  1749 I sensors-hal: batch:140, android.sensor.accelerometer/48, period=66667000, max_latency=100000000
11-02 23:27:50.559047   512  1749 I sensors-hal: batch:149, android.sensor.accelerometer/48, period=66667000, max_latency=100000000 request completed
11-02 23:27:50.559422   512  1749 I sensors-hal: activate:107, android.sensor.accelerometer/48 en=1
11-02 23:27:50.559938   512  1749 I sensors-hal: ssc_enable_rt_task:254, ssc_enable_rt_task : true
11-02 23:27:50.563541   512  1749 I sensors-hal: activate:118, android.sensor.accelerometer/48 en=1 completed
11-02 23:27:50.566460  1686  1799 E WifiStateMachine: getWifiLinkLayerStats called without an interface
--------- switch to system
11-02 23:27:50.532153  2520  2520 I chatty  : uid=10049(com.google.android.wearable.app) identical 2 lines
11-02 23:27:50.532348  2520  2520 W ViewRootImpl[HomeActivity2]: Cancelling event due to no window focus: MotionEvent { action=ACTION_CANCEL, actionButton=0, id[0]=0, x[0]=100.0, y[0]=100.0, toolType[0]=TOOL_TYPE_FINGER, buttonState=0, metaState=0, flags=0x0, edgeFlags=0x0, pointerCount=1, historySize=0, eventTime=2118582, downTime=1980708, deviceId=1, source=0x1002 }
11-02 23:27:50.568688  1686  1702 W BroadcastQueue: Background execution not allowed: receiving Intent { act=android.intent.action.USER_PRESENT flg=0x10 } to com.google.android.gms/.auth.setup.devicesignals.LockScreenReceiver
11-02 23:27:50.569116  1686  1702 W BroadcastQueue: Background execution not allowed: receiving Intent { act=android.intent.action.USER_PRESENT flg=0x10 } to com.google.android.gms/.chimera.GmsIntentOperationService$PersistentTrustedReceiver
--------- switch to main
11-02 23:27:50.571338   512  9593 I sensors-hal: handle_indication_realtime:355,  SCHED_FIFO(10) for qmi_cbk
11-02 23:27:50.571354  3205  3434 W WorkController: Loading failed for worker [trainingcache]: worker not found
11-02 23:27:50.573186  3205  3372 W A       : TrainingCache cache DEVICE_UNLOCKED failure
11-02 23:27:50.573186  3205  3372 W A       : com.google.android.apps.gsa.search.core.service.h.a.a: No worker found for Worker ID [trainingcache].
11-02 23:27:50.573186  3205  3372 W A       : 	at com.google.android.apps.gsa.search.core.service.g.a.c.a(Unknown Source:5)
11-02 23:27:50.573186  3205  3372 W A       : 	at com.google.android.libraries.gsa.c.a.d.a(Unknown Source:3)
11-02 23:27:50.573186  3205  3372 W A       : 	at com.google.common.p.a.cg.c(Unknown Source:2)
11-02 23:27:50.573186  3205  3372 W A       : 	at com.google.common.p.a.bk.run(SourceFile:3)
11-02 23:27:50.573186  3205  3372 W A       : 	at com.google.common.p.a.ci.run(Unknown Source:4)
11-02 23:27:50.573186  3205  3372 W A       : 	at com.google.apps.tiktok.concurrent.ab.run(SourceFile:1)
11-02 23:27:50.573186  3205  3372 W A       : 	at java.util.concurrent.ThreadPoolExecutor.runWorker(ThreadPoolExecutor.java:1167)
11-02 23:27:50.573186  3205  3372 W A       : 	at java.util.concurrent.ThreadPoolExecutor$Worker.run(ThreadPoolExecutor.java:641)
11-02 23:27:50.573186  3205  3372 W A       : 	at com.google.apps.tiktok.concurrent.c.run(Unknown Source:4)
11-02 23:27:50.573186  3205  3372 W A       : 	at java.lang.Thread.run(Thread.java:764)
11-02 23:27:50.730242   512  9595 I sensors-hal: handle_indication_realtime:355,  SCHED_FIFO(10) for qmi_cbk
11-02 23:27:50.816776   416  2389 D SKGHAL  : sendResources: metadata size = 2400, font size = 72
11-02 23:27:50.878668   416  2389 D SKGHAL  : endResources: rc = 0
11-02 23:27:50.879338  1686  1823 W system_server: Long monitor contention with owner Binder:1686_D (2896) at int com.google.android.clockwork.sidekick.SidekickService$BinderService.sendWatchFace(com.google.android.clockwork.decomposablewatchface.WatchFaceDecomposition, boolean)(SidekickService.java:1021) waiters=0 in boolean com.google.android.clockwork.sidekick.SidekickService$LocalService.startDisplayControl(int) for 412ms
11-02 23:27:50.879766  1686  1823 I SidekickService: beginDisplayLocked(): DOZE_SUSPEND
11-02 23:27:50.880216  2520  2520 D HOME    : [SidekickManagerAsync]replaceWatchFaceComponents(): Callback#onResult(): 0
11-02 23:27:50.880456  2520  2520 D HOME    : [WatchFaceUiController]Complication updates sent, posting watch face hiding
11-02 23:27:50.880518  2520  2520 D HOME    : [WatchFaceUiController]Still in ambient watch face, hiding
11-02 23:27:50.880568  2520  2520 D HOME    : [WatchFaceUiController]Hiding watch face wallpaper.
11-02 23:27:50.883154   416  2389 D SKGHAL  : sendAmbientPrepare: enter:
11-02 23:27:51.016892   416  2389 D SKGHAL  : sendAmbientEvent: enter: enable = 1
11-02 23:27:51.018267   504   523 I SDM     : DisplayBase::SetDisplayState: Set state = 4, display 0
11-02 23:27:51.034830   504   523 D SDM     : HWCDisplayPrimary::SetStandByMode: Null display is connected successfully
11-02 23:27:51.035739   416  2389 D SKGHAL  : standBy_update_control call succeed on 1
--------- switch to kernel
11-02 23:27:50.960974     0     0 E mdss_dsi_gen_read_status: Read back value from panel is incorrect
--------- switch to main
11-02 23:27:51.041298   512   512 I sensors-hal: activate:107, android.sensor.light/46 en=0
11-02 23:27:51.042758   512   512 I sensors-hal: activate:118, android.sensor.light/46 en=0 completed
11-02 23:27:51.045954   416  2389 D SKGHAL  : sendAmbientEvent: done: enable = 1
11-02 23:27:51.046269   512   512 I sensors-hal: batch:140, android.sensor.light/46, period=250000000, max_latency=0
11-02 23:27:51.046362   512   512 I sensors-hal: batch:149, android.sensor.light/46, period=250000000, max_latency=0 request completed
11-02 23:27:51.046499  1686  1823 D SidekickService:    ... beginDisplay result: 0 for halPower: 1
11-02 23:27:51.046866   512   512 I sensors-hal: activate:107, android.sensor.light/46 en=1
11-02 23:27:51.047408   512   512 I sensors-hal: ssc_enable_rt_task:254, ssc_enable_rt_task : true
11-02 23:27:51.047474  1686  1686 W system_server: Long monitor contention with owner Binder:1686_D (2896) at int com.google.android.clockwork.sidekick.SidekickService$BinderService.sendWatchFace(com.google.android.clockwork.decomposablewatchface.WatchFaceDecomposition, boolean)(SidekickService.java:1021) waiters=1 in void com.google.android.clockwork.sidekick.SidekickService$3.onReceive(android.content.Context, android.content.Intent) for 468ms
11-02 23:27:51.047545  1686  1823 I SidekickService: endDisplayLocked()
11-02 23:27:51.048354   416  2389 D SKGHAL  : sendAmbientEvent: enter: enable = 0
--------- switch to system
11-02 23:27:51.048497  1686  1710 I DisplayManagerService: Display device changed state: "Écran intégré", ON
--------- switch to main
11-02 23:27:51.059740   512   512 I sensors-hal: activate:118, android.sensor.light/46 en=1 completed
11-02 23:27:51.077524  4243  4243 D OMService: onDisplayChanged: not dozing
11-02 23:27:51.083095  1686  1759 I InputReader: Reconfiguring input devices.  changes=0x00000004
11-02 23:27:51.129642   504   523 I SDM     : DisplayBase::SetDisplayState: Set state = 3, display 0
11-02 23:27:51.129899   504   523 D SDM     : HWCDisplayPrimary::SetStandByMode: Display is connected successfully
11-02 23:27:51.130262   416  2389 D SKGHAL  : standBy_update_control call succeed on 0
11-02 23:27:51.130310   416  2389 D SKGHAL  : sendAmbientEvent: done: enable = 0
11-02 23:27:51.130524   512  9597 I sensors-hal: handle_indication_realtime:355,  SCHED_FIFO(10) for qmi_cbk
11-02 23:27:51.130868  1686  1823 D SidekickService:    ... endDisplay returns void
11-02 23:27:51.131906   545   545 D SurfaceFlinger: Set power mode=2, type=0 flinger=0xb6bb6000
--------- switch to kernel
11-02 23:27:51.055477     0     0 I         : [touch]FB_BLANK_VSYNC_SUSPEND
11-02 23:27:51.055572     0     0 I         : [touch]Already in suspend state
11-02 23:27:51.065603     0     0 I mdss_dsi_panel_set_idle_mode: Idle (1->0)
11-02 23:27:51.066602     0     0 I         : [touch]FB_BLANK_UNBLANK
11-02 23:27:51.066608     0     0 I         : [touch]raydium_ts_do_resume, 1.
11-02 23:27:51.068538     0     0 I         : [ raydium ]workqueue is empty!
--------- switch to system
11-02 23:27:51.132048  1686  1686 W Looper  : Slow dispatch took 553ms main h=android.app.ActivityThread$H c=android.app.-$$Lambda$LoadedApk$ReceiverDispatcher$Args$_BumDX2UKsnxLVrE6UJsJZkotuA@bc30ada m=0
--------- switch to main
11-02 23:27:51.132295   504   762 I SDM     : DisplayBase::SetDisplayState: Set state = 1, display 0
--------- switch to system
11-02 23:27:51.132293  1686  1686 W Looper  : Slow delivery took 550ms main h=com.android.server.locksettings.LockSettingsStrongAuth$1 c=null m=1
11-02 23:27:51.134904  1686  1686 V SettingsProvider: Notifying for 0: content://settings/system/screen_brightness
11-02 23:27:51.136338  1686  1686 W Looper  : Drained
--------- switch to main
11-02 23:27:51.136544  1686  1686 I SidekickService: loadBrightnessLocked()
11-02 23:27:51.138622  1686  1686 D SidekickService: screenBrightness  = 51
11-02 23:27:51.139287  1686  1686 D SidekickService: sendConfigValuesLocked(): alsThresholds = [40, 92, 95, 100, 125, 150, 175, 200, 225, 250, 300, 400, 500, 800, 1200], brightnessValuesBright = [50, 56, 60, 70, 80, 90, 100, 115, 120, 140, 160, 180, 200, 220, 240, 255], brightnessValuesDim= [50, 56, 60, 70, 80, 90, 100, 115, 120, 140, 160, 180, 200, 220, 240, 255]
11-02 23:27:51.144376   545   545 D SurfaceFlinger: Finished set power mode=2, type=0
--------- switch to system
11-02 23:27:51.146212  1686  1712 W PowerManagerService: Screen on took 634 ms
11-02 23:27:51.146445  1686  1712 I DreamManagerService: Gently waking up from dream.
11-02 23:27:51.146856  1686  1708 I DreamManagerService: Performing gentle wake from dream.
--------- switch to kernel
11-02 23:27:51.069199     0     0 I         : [touch] raydium_esd_check
11-02 23:27:51.069212     0     0 I raydium_ts 5-0039: [touch]Already enable irq
11-02 23:27:51.069215     0     0 I         : [touch]Device may wakeup
--------- switch to main
11-02 23:27:51.166640  1686  1686 D SidekickService: setAlsMode(): mode = 2, brightenAlpha = 80, dimmingAlpha = 80
11-02 23:27:51.177416  1686  1686 D SidekickService: setTwmConfig():: msTiltToBright = 10000, tiltToBright = false
--------- switch to system
11-02 23:27:51.180307  1686  1686 V DreamService[AmbientDream]: wakeUp(): fromSystem=true, mWaking=false, mFinished=false
11-02 23:27:51.180430  1686  1686 V DreamService[AmbientDream]: finish(): mFinished=false
11-02 23:27:51.180535  1686  1686 I DreamManagerService: Leaving dreamland.
11-02 23:27:51.183234  1686  1708 I DreamManagerService: Performing gentle wake from dream.
11-02 23:27:51.183443  1686  1708 I DreamController: Stopping dream: name=ComponentInfo{com.google.android.wearable.ambient/com.google.android.wearable.ambient.AmbientDream}, isTest=false, canDoze=true, userId=0
11-02 23:27:51.187839  1686  1686 V DreamService[AmbientDream]: detach(): Calling onDreamingStopped()
--------- switch to main
11-02 23:27:51.188001  1686  1686 I AmbientService: [ce6a28c] doOnDreamingStopped
11-02 23:27:51.188099  1686  1686 D WristGestureCtrl: Starting: GesturesEnabled-false UngazeEnabled-true
11-02 23:27:51.188159  1686  1686 D DefaultUngazeDetector: starting
11-02 23:27:51.188227  1686  1686 D DefaultUngazeDetector: startUngazeStateEstimation(). startTime = 23550618
11-02 23:27:51.188392  1686  1686 W AlarmManagerProxy: Removing unknown listener
11-02 23:27:51.190997   512   512 I sensors-hal: batch:140, android.sensor.accelerometer/48, period=19231000, max_latency=100000000
11-02 23:27:51.194106   512   512 I sensors-hal: batch:149, android.sensor.accelerometer/48, period=19231000, max_latency=100000000 request completed
11-02 23:27:51.194473  2520  2520 D HOME    : [HomeVisitsLogger]Logging streamlet event: visit_start
11-02 23:27:51.194618   512   512 I sensors-hal: flush:169, android.sensor.accelerometer/48
11-02 23:27:51.194767  2520  2520 D HOME    : [HomeVisitsLogger]Logging streamlet event: exit_ambient_mode
11-02 23:27:51.195441  2520  2520 D HOME    : [HotwordController]updateClient MODE_WATCH_FACE false false false true
11-02 23:27:51.196707   512   512 I sensors-hal: flush:175, android.sensor.accelerometer/48 completed
11-02 23:27:51.197775  2520  2520 D HOME    : [WatchFaceUiController]setInAmbientMode false
11-02 23:27:51.197886  2520  2520 D HOME    : [WatchFaceUiController]sendWatchFaceServiceBinder
11-02 23:27:51.198718  1686  1686 I AmbientService: [ce6a28c] No auto-resume Activity.
--------- switch to system
11-02 23:27:51.203799  1686  1686 W ContextImpl: Calling a method in the system process without a qualified user: android.app.ContextImpl.sendBroadcast:1020 android.content.ContextWrapper.sendBroadcast:449 com.google.android.wearable.ambient.AmbientDream.onDestroy:273 android.app.ActivityThread.handleStopService:3698 android.app.ActivityThread.access$1700:200 
--------- switch to main
11-02 23:27:51.203918  2520  2520 D HOME    : [WatchFaceUiController]sendStateToWallpaper
11-02 23:27:51.204228  1686  1686 E AlarmManager: cancel() called with a null PendingIntent
--------- switch to system
11-02 23:27:51.204558  1686  1686 V DreamService[AmbientDream]: onDestroy()
--------- switch to main
11-02 23:27:51.205773  1686  1686 I WearPower: [WearTouchMediator] changing touch input to enabled (ON_AUTO)
11-02 23:27:51.205932  2520  2520 D HOME    : [WatchFaceUiController]Showing watch face wallpaper.
11-02 23:27:51.206136  2520  2520 D HOME    : [WatchFaceUiController]sendStateToWallpaper
11-02 23:27:51.206770  1686  1759 I InputReader: Reconfiguring input devices.  changes=0x00000200
--------- switch to kernel
11-02 23:27:51.134963     0     0 I init    : processing action (ro.enable_core_ctl=true && sys.cw_corectl_mode=idle) from (/vendor/etc/init/hw/init.qcom.rc:949)
--------- switch to main
11-02 23:27:51.209001  2520  2520 D HOME    : [StreamDBQueue]Promised revision #2817 to queue a new op
11-02 23:27:51.209368  2520  2520 D WatchStreamManager: Promised rank-blocked=true @ r#2817
11-02 23:27:51.210090  2520  2520 D HOME    : [StreamDBQueue]Promised revision #2818 to queue a new op
11-02 23:27:51.210278  2520  2520 D WatchStreamManager: Promised rank-blocked=true @ r#2818
11-02 23:27:51.211086  2520  2520 D HOME    : [TilesController]Tile refresh optimization is enabled.
11-02 23:27:51.211248  2520  9575 D HOME    : [WatchStreamDB]Item alerting conditions - isInterruptive: false, recentlyInterrupted: false, isItemPinned: false, isUnread: false
11-02 23:27:51.211480  2520  2520 D HOME    : [EventBus]Wrapper pool is full. Discarding excess wrapper instance for event com.google.android.clockwork.sysui.events.KeyguardStateEvent
11-02 23:27:51.211528  2520  9575 D HOME    : [StreamAlertingRegulator]isTheaterModeEnabled: false, isAlertingAllowedByOffBody: true, matchesLocalInterruptionFilter: true
11-02 23:27:51.211569  2520  2520 D HOME    : [WatchFaceUiController]sendStateToWallpaper
11-02 23:27:51.211748  2520  9575 D HOME    : [WatchStreamDB]couldItemAlert: false, isTopItemChanged: false, isDeferralForTopItem: false
11-02 23:27:51.213582  2520  2520 D HOME    : [EventBus]Wrapper pool is full. Discarding excess wrapper instance for event com.google.android.clockwork.sysui.events.KeyguardStateEvent
11-02 23:27:51.213946  2520  2520 D HOME    : [EventBus]Wrapper pool is full. Discarding excess wrapper instance for event com.google.android.clockwork.sysui.events.KeyguardStateEvent
11-02 23:27:51.219172  1686  1686 D WristGestureCtrl: Stopping detectors: GesturesEnabled-false gestureDetector-false ungazeEnabled-true ungaze-true
11-02 23:27:51.219255  2520  2520 D HOME    : [WatchFaceUiController]sendStateToWallpaper
11-02 23:27:51.219300  1686  1686 D DefaultUngazeDetector: stopping
11-02 23:27:51.219487  1686  1686 I AmbientService: [ce6a28c] Timeout alarm not required, auto-resume timeout handled by dream.
11-02 23:27:51.219515  2520  9575 D HOME    : [WatchStreamDB]Item alerting conditions - isInterruptive: false, recentlyInterrupted: false, isItemPinned: false, isUnread: false
11-02 23:27:51.221272  2520  9575 D HOME    : [StreamAlertingRegulator]isTheaterModeEnabled: false, isAlertingAllowedByOffBody: true, matchesLocalInterruptionFilter: true
11-02 23:27:51.223483  2520  9575 D HOME    : [WatchStreamDB]couldItemAlert: false, isTopItemChanged: false, isDeferralForTopItem: false
11-02 23:27:51.225008  2520  2520 W StaticLayout: maxLineHeight should not be -1.  maxLines:1 lineCount:1
11-02 23:27:51.226201   512   512 I sensors-hal: batch:140, android.sensor.accelerometer/48, period=66667000, max_latency=100000000
11-02 23:27:51.231052   512   512 I sensors-hal: batch:149, android.sensor.accelerometer/48, period=66667000, max_latency=100000000 request completed
11-02 23:27:51.239261  3205  3434 W WorkController: Loading failed for worker [trainingcache]: worker not found
11-02 23:27:51.240781  3205  3294 W A       : TrainingCache cache SCREEN_OFF failure
11-02 23:27:51.240781  3205  3294 W A       : com.google.android.apps.gsa.search.core.service.h.a.a: No worker found for Worker ID [trainingcache].
11-02 23:27:51.240781  3205  3294 W A       : 	at com.google.android.apps.gsa.search.core.service.g.a.c.a(Unknown Source:5)
11-02 23:27:51.240781  3205  3294 W A       : 	at com.google.android.libraries.gsa.c.a.d.a(Unknown Source:3)
11-02 23:27:51.240781  3205  3294 W A       : 	at com.google.common.p.a.cg.c(Unknown Source:2)
11-02 23:27:51.240781  3205  3294 W A       : 	at com.google.common.p.a.bk.run(SourceFile:3)
11-02 23:27:51.240781  3205  3294 W A       : 	at com.google.common.p.a.ci.run(Unknown Source:4)
11-02 23:27:51.240781  3205  3294 W A       : 	at com.google.apps.tiktok.concurrent.ab.run(SourceFile:1)
11-02 23:27:51.240781  3205  3294 W A       : 	at java.util.concurrent.ThreadPoolExecutor.runWorker(ThreadPoolExecutor.java:1167)
11-02 23:27:51.240781  3205  3294 W A       : 	at java.util.concurrent.ThreadPoolExecutor$Worker.run(ThreadPoolExecutor.java:641)
11-02 23:27:51.240781  3205  3294 W A       : 	at com.google.apps.tiktok.concurrent.c.run(Unknown Source:4)
11-02 23:27:51.240781  3205  3294 W A       : 	at java.lang.Thread.run(Thread.java:764)
--------- switch to kernel
11-02 23:27:51.177092     0     0 I         : [touch]palm_status = 1.
--------- switch to main
11-02 23:27:51.277098  2520  2520 D HOME    : [StreamDBQueue]Promised revision #2819 to queue a new op
11-02 23:27:51.277436  2520  2520 D WatchStreamManager: Promised rank-blocked=false @ r#2819
11-02 23:27:51.277736  2520  2520 D HOME    : [CompactHunStarter]detachWindow()
11-02 23:27:51.278604  2520  9575 D HOME    : [StreamDBQueue]Promised revision #2820 to queue a new op
11-02 23:27:51.278752  2520  9393 D HOME    : [WatchStreamDB]Item alerting conditions - isInterruptive: false, recentlyInterrupted: false, isItemPinned: false, isUnread: false
11-02 23:27:51.278792  2520  9575 D WatchStreamManager: Promised rerank @ r#2820
11-02 23:27:51.279153  2520  9393 D HOME    : [StreamAlertingRegulator]isTheaterModeEnabled: false, isAlertingAllowedByOffBody: true, matchesLocalInterruptionFilter: true
11-02 23:27:51.279421  2520  9393 D HOME    : [WatchStreamDB]couldItemAlert: false, isTopItemChanged: false, isDeferralForTopItem: false
11-02 23:27:51.282169  2520  9393 D HOME    : [WatchStreamDB]updateRanking()
11-02 23:27:51.282931  2520  9393 D HOME    : [WatchStreamDB]Item alerting conditions - isInterruptive: false, recentlyInterrupted: false, isItemPinned: false, isUnread: false
11-02 23:27:51.282981  2520  2520 D HOME    : [WatchFaceUiController]sendWatchFaceServiceBinder
11-02 23:27:51.283280  2520  9393 D HOME    : [StreamAlertingRegulator]isTheaterModeEnabled: false, isAlertingAllowedByOffBody: true, matchesLocalInterruptionFilter: true
11-02 23:27:51.283581  2520  9393 D HOME    : [WatchStreamDB]couldItemAlert: false, isTopItemChanged: false, isDeferralForTopItem: false
11-02 23:27:51.284350  2520  9393 D HOME    : [NewStreamAdapter]Publishing revision #2820 to adapter clients
11-02 23:27:51.287262  2520  2520 D HOME    : [WatchFaceUiController]sendProperties
11-02 23:27:51.289876  2520  2520 D HOME    : [WatchFaceUiController]sendStateToWallpaper
--------- switch to kernel
11-02 23:27:51.227062     0     0 I CPU0    : update max cpu_capacity 748
11-02 23:27:51.256382     0     0 W         : IRQ21 no longer affine to CPU2
11-02 23:27:51.257123     0     0 I CPU2    : shutdown
11-02 23:27:51.261046     0     0 I init    : Command 'write /sys/devices/system/cpu/cpu2/online 0' action=ro.enable_core_ctl=true && sys.cw_corectl_mode=idle (/vendor/etc/init/hw/init.qcom.rc:951) took 125ms and succeeded
--------- switch to main
11-02 23:27:51.347843  1686  1799 E WifiStateMachine: getWifiLinkLayerStats called without an interface
11-02 23:27:51.351013  1686  1686 W AlarmManager: Unrecognized alarm listener com.android.server.job.controllers.-$$Lambda$IdleController$IdlenessTracker$nTdS-lGBXcES5VWKcJFmQFgU7IU@1ab437a
11-02 23:27:51.361431  1686  1686 I WearPower: [WearTouchMediator] changing touch input to enabled (ON_AUTO)
11-02 23:27:51.362682  1686  1759 I InputReader: Reconfiguring input devices.  changes=0x00000200
11-02 23:27:51.412454  2520  2541 I id.wearable.ap: Background concurrent copying GC freed 60630(2MB) AllocSpace objects, 0(0B) LOS objects, 24% free, 7MB/10MB, paused 339us total 217.600ms
--------- switch to kernel
11-02 23:27:51.338387     0     0 I CPU3    : update max cpu_capacity 1024
11-02 23:27:51.365882     0     0 I CPU0    : update max cpu_capacity 748
11-02 23:27:51.400146     0     0 W         : IRQ16 no longer affine to CPU3
11-02 23:27:51.400195     0     0 W         : IRQ93 no longer affine to CPU3
11-02 23:27:51.401039     0     0 I CPU3    : shutdown
11-02 23:27:51.403325     0     0 I init    : Command 'write /sys/devices/system/cpu/cpu3/online 0' action=ro.enable_core_ctl=true && sys.cw_corectl_mode=idle (/vendor/etc/init/hw/init.qcom.rc:952) took 142ms and succeeded
11-02 23:27:51.405202     0     0 I init    : processing action (ro.enable_core_ctl=true && sys.cw_corectl_mode=perf) from (/vendor/etc/init/hw/init.qcom.rc:954)
--------- switch to system
11-02 23:27:51.480842  1686  1686 W Looper  : Slow dispatch took 116ms main h=android.app.ActivityThread$H c=android.app.-$$Lambda$LoadedApk$ReceiverDispatcher$Args$_BumDX2UKsnxLVrE6UJsJZkotuA@4c90083 m=0
--------- switch to main
11-02 23:27:51.486083  1686  1686 D WristGestureCtrl: Starting: GesturesEnabled-false UngazeEnabled-true
11-02 23:27:51.486178  1686  1686 D DefaultUngazeDetector: starting
11-02 23:27:51.486241  1686  1686 D DefaultUngazeDetector: startUngazeStateEstimation(). startTime = 23550916
11-02 23:27:51.486404  1686  1686 W AlarmManagerProxy: Removing unknown listener
11-02 23:27:51.496069   512   512 I sensors-hal: batch:140, android.sensor.accelerometer/48, period=19231000, max_latency=100000000
11-02 23:27:51.498431   512   512 I sensors-hal: batch:149, android.sensor.accelerometer/48, period=19231000, max_latency=100000000 request completed
11-02 23:27:51.498896   512   512 I sensors-hal: flush:169, android.sensor.accelerometer/48
11-02 23:27:51.499509  1686  1686 W DefaultSettingsContentR: Value for ambient_low_bit_enabled not stored as number. Attempting parse as boolean.
11-02 23:27:51.503168   512   512 I sensors-hal: flush:175, android.sensor.accelerometer/48 completed
11-02 23:27:51.508600  3205  3434 W WorkController: Loading failed for worker [trainingcache]: worker not found
11-02 23:27:51.513509  3205  3372 W A       : TrainingCache cache SCREEN_ON failure
11-02 23:27:51.513509  3205  3372 W A       : com.google.android.apps.gsa.search.core.service.h.a.a: No worker found for Worker ID [trainingcache].
11-02 23:27:51.513509  3205  3372 W A       : 	at com.google.android.apps.gsa.search.core.service.g.a.c.a(Unknown Source:5)
11-02 23:27:51.513509  3205  3372 W A       : 	at com.google.android.libraries.gsa.c.a.d.a(Unknown Source:3)
11-02 23:27:51.513509  3205  3372 W A       : 	at com.google.common.p.a.cg.c(Unknown Source:2)
11-02 23:27:51.513509  3205  3372 W A       : 	at com.google.common.p.a.bk.run(SourceFile:3)
11-02 23:27:51.513509  3205  3372 W A       : 	at com.google.common.p.a.ci.run(Unknown Source:4)
11-02 23:27:51.513509  3205  3372 W A       : 	at com.google.apps.tiktok.concurrent.ab.run(SourceFile:1)
11-02 23:27:51.513509  3205  3372 W A       : 	at java.util.concurrent.ThreadPoolExecutor.runWorker(ThreadPoolExecutor.java:1167)
11-02 23:27:51.513509  3205  3372 W A       : 	at java.util.concurrent.ThreadPoolExecutor$Worker.run(ThreadPoolExecutor.java:641)
11-02 23:27:51.513509  3205  3372 W A       : 	at com.google.apps.tiktok.concurrent.c.run(Unknown Source:4)
11-02 23:27:51.513509  3205  3372 W A       : 	at java.lang.Thread.run(Thread.java:764)
11-02 23:27:51.543600  2520  2520 D HOME    : [StreamDBQueue]Promised revision #2821 to queue a new op
11-02 23:27:51.543844  2520  2520 D WatchStreamManager: Promised rank-blocked=true @ r#2821
11-02 23:27:51.545646  2520  9392 D HOME    : [WatchStreamDB]Item alerting conditions - isInterruptive: false, recentlyInterrupted: false, isItemPinned: false, isUnread: false
11-02 23:27:51.545988  2520  9392 D HOME    : [StreamAlertingRegulator]isTheaterModeEnabled: false, isAlertingAllowedByOffBody: true, matchesLocalInterruptionFilter: true
--------- switch to kernel
11-02 23:27:51.424240     0     0 I CPU2    : update cpu_capacity 1024
--------- switch to main
11-02 23:27:51.546206  2520  9392 D HOME    : [WatchStreamDB]couldItemAlert: false, isTopItemChanged: false, isDeferralForTopItem: false
--------- switch to kernel
11-02 23:27:51.445818     0     0 I CPU2    : update max cpu_capacity 1024
11-02 23:27:51.445968     0     0 I CPU3    : update cpu_capacity 1024
11-02 23:27:51.485742     0     0 I CPU0    : update max cpu_capacity 748
11-02 23:27:51.489705     0     0 I CPU3    : update max cpu_capacity 1024
--------- switch to system
11-02 23:27:55.512386  1686  1712 I PowerManagerService: Going to sleep due to screen timeout (uid 1000)...
11-02 23:27:55.514147  1686  1686 W UsageStatsService: Event reported without a package name
11-02 23:27:55.518391  1686  1712 I DreamManagerService: Entering dreamland.
11-02 23:27:55.519273  1686  1712 I PowerManagerService: Dozing...
11-02 23:27:55.529668  1686  1708 I DreamController: Starting dream: name=ComponentInfo{com.google.android.wearable.ambient/com.google.android.wearable.ambient.AmbientDream}, isTest=false, canDoze=true, userId=0
11-02 23:27:55.546015  1686  1686 W ContextImpl: Calling a method in the system process without a qualified user: android.app.ContextImpl.bindService:1611 android.content.ContextWrapper.bindService:698 com.google.android.wearable.ambient.AmbientDream.onCreate:191 android.app.ActivityThread.handleCreateService:3533 android.app.ActivityThread.access$1300:200 
11-02 23:27:55.548355  1686  1686 W ContextImpl: Calling a method in the system process without a qualified user: android.app.ContextImpl.sendBroadcast:1005 android.content.ContextWrapper.sendBroadcast:444 com.google.android.wearable.ambient.AmbientDream.onCreate:241 android.app.ActivityThread.handleCreateService:3533 android.app.ActivityThread.access$1300:200 
11-02 23:27:55.548947  1686  1686 V DreamService[AmbientDream]: onBind() intent = Intent { act=android.service.dreams.DreamService flg=0x800000 cmp=com.google.android.wearable.ambient/.AmbientDream }
--------- switch to main
11-02 23:27:55.550194  1686  1686 I AmbientService: [ce6a28c] Ambient Created
--------- switch to system
11-02 23:27:55.550823  1686  1686 V DreamService[AmbientDream]: Calling onDreamingStarted()
--------- switch to main
11-02 23:27:55.550953  1686  1686 I AmbientService: [ce6a28c] doOnDreamingStarted
11-02 23:27:55.551843  1686  1686 D SidekickService: setShouldControlDisplay called: true
11-02 23:27:55.552808  1686  1686 I AmbientService: [ce6a28c] Selected running activity for ambient mode: AmbientActivity[component=ComponentInfo{com.google.android.wearable.app/com.google.android.clockwork.home2.activity.HomeActivity2}, callbacks=@210b385, running=true, ambientRequested=true, ambientEnabled=true, offloadEnabled=true]
11-02 23:27:55.553430  1686  1686 I AmbientService: [ce6a28c] Sidekick is ready to display, requesting doze.
11-02 23:27:55.554206  1686  1686 I AmbientService: [ce6a28c] No auto-resume Activity.
11-02 23:27:55.556031  1686  1686 W DefaultSettingsContentR: Value for ambient_low_bit_enabled not stored as number. Attempting parse as boolean.
11-02 23:27:55.563044  2520  2520 D HOME    : [HomeVisitsLogger]Logging streamlet event: enter_ambient_mode
11-02 23:27:55.563284  1686  1686 I AmbientService: [ce6a28c] Showing watch face in offload mode, canceling alarm.
11-02 23:27:55.563350  1686  1686 W AlarmManagerProxy: Removing unknown listener
11-02 23:27:55.563455  1686  1686 D WristGestureCtrl: Stopping detectors: GesturesEnabled-false gestureDetector-false ungazeEnabled-true ungaze-true
11-02 23:27:55.563493  1686  1686 D DefaultUngazeDetector: stopping
11-02 23:27:55.563939  2520  2520 D HOME    : [HotwordController]updateClient MODE_WATCH_FACE false true false true
11-02 23:27:55.564005  2520  9575 D HOME    : [HomeVisitsLogger]Logging streamlet event: visit_end
11-02 23:27:55.565110  2520  2520 D HOME    : [WatchFaceUiController]setInAmbientMode true
11-02 23:27:55.566237   512  1749 I sensors-hal: batch:140, android.sensor.accelerometer/48, period=66667000, max_latency=100000000
11-02 23:27:55.567099  2520  2520 D HOME    : [StreamDBQueue]Promised revision #2822 to queue a new op
11-02 23:27:55.567511  2520  2520 D WatchStreamManager: Promised rank-blocked=false @ r#2822
11-02 23:27:55.567985  2520  2520 D HOME    : [StreamDBQueue]Promised revision #2823 to queue a new op
11-02 23:27:55.568009  2520  9131 D HOME    : [WatchStreamDB]Item alerting conditions - isInterruptive: false, recentlyInterrupted: false, isItemPinned: false, isUnread: false
11-02 23:27:55.568072   512  1749 I sensors-hal: batch:149, android.sensor.accelerometer/48, period=66667000, max_latency=100000000 request completed
11-02 23:27:55.568188  2520  2520 D WatchStreamManager: Promised rank-blocked=false @ r#2823
11-02 23:27:55.568308  2520  9131 D HOME    : [StreamAlertingRegulator]isTheaterModeEnabled: false, isAlertingAllowedByOffBody: true, matchesLocalInterruptionFilter: true
11-02 23:27:55.568532  2520  9131 D HOME    : [WatchStreamDB]couldItemAlert: false, isTopItemChanged: false, isDeferralForTopItem: false
11-02 23:27:55.568932  2520  2520 D HOME    : [EventBus]Wrapper pool is full. Discarding excess wrapper instance for event com.google.android.clockwork.sysui.events.KeyguardStateEvent
11-02 23:27:55.569032  2520  2520 D HOME    : [WatchFaceUiController]sendStateToWallpaper
11-02 23:27:55.569188  2520  9393 D HOME    : [StreamDBQueue]Promised revision #2824 to queue a new op
11-02 23:27:55.569300  2520  9393 D WatchStreamManager: Promised rerank @ r#2824
11-02 23:27:55.569363  2520  9131 D HOME    : [WatchStreamDB]Item alerting conditions - isInterruptive: false, recentlyInterrupted: false, isItemPinned: false, isUnread: false
11-02 23:27:55.569681  2520  9131 D HOME    : [StreamAlertingRegulator]isTheaterModeEnabled: false, isAlertingAllowedByOffBody: true, matchesLocalInterruptionFilter: true
11-02 23:27:55.569704  2520  9575 I SidekickManager: replaceWatchFaceComponentsImpl(): watchFace = com.google.android.clockwork.decomposablewatchface.WatchFaceDecomposition@e9dd833
11-02 23:27:55.570063  2520  9131 D HOME    : [WatchStreamDB]couldItemAlert: false, isTopItemChanged: false, isDeferralForTopItem: false
11-02 23:27:55.570706  2520  2520 D HOME    : [EventBus]Wrapper pool is full. Discarding excess wrapper instance for event com.google.android.clockwork.sysui.events.KeyguardStateEvent
11-02 23:27:55.570955  2520  2520 D HOME    : [EventBus]Wrapper pool is full. Discarding excess wrapper instance for event com.google.android.clockwork.sysui.events.KeyguardStateEvent
11-02 23:27:55.571406  2520  9131 D HOME    : [WatchStreamDB]updateRanking()
11-02 23:27:55.571456  1686  3992 D SidekickService: sendWatchFaceComponents called: watchFace = com.google.android.clockwork.decomposablewatchface.WatchFaceDecomposition@c7d3165shouldReplace = false
11-02 23:27:55.571655  1686  3992 D SidekickService: Check decomposition for calling app com.google.android.wearable.app with uid 10049
11-02 23:27:55.571967  2520  9131 D HOME    : [WatchStreamDB]Item alerting conditions - isInterruptive: false, recentlyInterrupted: false, isItemPinned: false, isUnread: false
11-02 23:27:55.572825  1686  3992 D SidekickService: sendWatchFaceLocked(): shouldReplace = false, mSidekickIsControlling = false, 1 images, 0 fonts, 0 numbers, 0 proportionalFonts, 0 strings
11-02 23:27:55.572906  1686  3992 D SidekickService: ISidekickGraphics#beginResources()...
11-02 23:27:55.574282  1686  3992 D SidekickServiceUtils: bitmapFromDrawable: Returning bitmap directly
11-02 23:27:55.575118  2520  9131 D HOME    : [StreamAlertingRegulator]isTheaterModeEnabled: false, isAlertingAllowedByOffBody: true, matchesLocalInterruptionFilter: true
11-02 23:27:55.575519  2520  9131 D HOME    : [WatchStreamDB]couldItemAlert: false, isTopItemChanged: false, isDeferralForTopItem: false
11-02 23:27:55.575924  1686  3992 D SidekickService: sendBitmapsLocked(): bounds = RectF(0.0, 0.0, 0.0024038462, 0.0024038462), drawableInfo = {.id = 100000, .width = 1, .height = 1, .display = true, .offsetX = 0.0, .offsetY = 0.0, .rotationInfo = {.hasRotation = false, .pivotX = 0.0, .pivotY = 0.0, .degreesPerDay = 0.0, .degreesPerStep = 0.0, .zeroDegreesTime = {.daysSinceLocalEpoch = 0, .msSinceMidnight = 0}}, .transformInfo = {.transformed = false, .flipX = false, .flipY = false, .flip45 = false, .scaleX = 0.0, .scaleY = 0.0}, .type = GENERIC, .blink = {.blinking = false, .periodOnMs = 0.0, .periodOffMs = 0.0, .startTime = {.daysSinceLocalEpoch = 0, .msSinceMidnight = 0}}, .zOrder = 8, .displayInTwm = true}, image.size() = 84
11-02 23:27:55.577153   416   416 D SKGHAL  : saveResource: resId = 100000
11-02 23:27:55.577775  2520  2520 W StaticLayout: maxLineHeight should not be -1.  maxLines:1 lineCount:1
11-02 23:27:55.580471  1686  3992 D SidekickService: sendBitmapsLocked(): status = 0, bytesUsed = 18
11-02 23:27:55.580853  1686  3992 D SidekickService: ISidekickGraphics#endResources()...
11-02 23:27:55.586845  2520  9131 D HOME    : [NewStreamAdapter]Publishing revision #2824 to adapter clients
11-02 23:27:55.589238  2520  9393 D HOME    : [StreamDBQueue]Promised revision #2825 to queue a new op
11-02 23:27:55.589474  2520  9393 D WatchStreamManager: Promised rerank @ r#2825
11-02 23:27:55.589990  2520  9131 D HOME    : [WatchStreamDB]updateRanking()
11-02 23:27:55.590632  2520  9131 D HOME    : [WatchStreamDB]Item alerting conditions - isInterruptive: false, recentlyInterrupted: false, isItemPinned: false, isUnread: false
11-02 23:27:55.590929  2520  9131 D HOME    : [StreamAlertingRegulator]isTheaterModeEnabled: false, isAlertingAllowedByOffBody: true, matchesLocalInterruptionFilter: true
11-02 23:27:55.591169  2520  9131 D HOME    : [WatchStreamDB]couldItemAlert: false, isTopItemChanged: false, isDeferralForTopItem: false
11-02 23:27:55.591810  2520  9131 D HOME    : [NewStreamAdapter]Publishing revision #2825 to adapter clients
11-02 23:27:55.860215   416   416 D SKGHAL  : sendResources: metadata size = 2400, font size = 72
11-02 23:27:55.923588   416   416 D SKGHAL  : endResources: rc = 0
--------- switch to system
11-02 23:27:55.924636  1686  1686 W Looper  : Slow dispatch took 352ms main h=android.os.Handler c=com.google.android.wearable.ambient.AmbientDream$Callbacks$1@f78fe3a m=0
--------- switch to main
11-02 23:27:55.924846  2520  2520 D HOME    : [SidekickManagerAsync]replaceWatchFaceComponents(): Callback#onResult(): 0
11-02 23:27:55.925072  2520  2520 D HOME    : [WatchFaceUiController]Complication updates sent, posting watch face hiding
11-02 23:27:55.925123  2520  2520 D HOME    : [WatchFaceUiController]Still in ambient watch face, hiding
11-02 23:27:55.925168  2520  2520 D HOME    : [WatchFaceUiController]Hiding watch face wallpaper.
--------- switch to kernel
11-02 23:27:55.864124     0     0 E FG      : fg_psy_get_property: unsupported property 7
--------- switch to main
11-02 23:27:55.946648   512  1749 I sensors-hal: activate:107, android.sensor.light/46 en=0
11-02 23:27:55.948661   512  1749 I sensors-hal: activate:118, android.sensor.light/46 en=0 completed
--------- switch to kernel
11-02 23:27:55.868085     0     0 W healthd : battery l=45 v=3771 t=33.0 h=2 st=3 c=138 fc=443000 cc=0 chg=
--------- switch to main
11-02 23:27:55.951207  1956  1956 D QtiCarrierConfigHelper: WARNING, no carrier configs on phone Id: 0
--------- switch to system
11-02 23:27:55.951680  1686  1710 I DisplayManagerService: Display device changed state: "Écran intégré", DOZE_SUSPEND
--------- switch to main
11-02 23:27:55.952434  2520  2520 D HOME    : [BatteryChange]action: android.intent.action.BATTERY_CHANGED
11-02 23:27:55.952991  2520  9575 D HOME    : [BatteryChange]HandleBatteryChangedTask
11-02 23:27:55.953346  2520  9575 D HOME    : [BatteryChange]level: 45, status: 3
11-02 23:27:55.965137   545   545 D SurfaceFlinger: Set power mode=3, type=0 flinger=0xb6bb6000
11-02 23:27:55.965723   504   762 I SDM     : DisplayBase::SetDisplayState: Set state = 3, display 0
11-02 23:27:55.971004  1686  1759 I InputReader: Reconfiguring input devices.  changes=0x00000004
11-02 23:27:56.015635   545   545 D SurfaceFlinger: Finished set power mode=3, type=0
11-02 23:27:56.016301  1686  1823 I SidekickService: beginDisplayLocked(): DOZE_SUSPEND
11-02 23:27:56.017044   416   416 D SKGHAL  : sendAmbientPrepare: enter:
--------- switch to kernel
11-02 23:27:55.891532     0     0 I mdss_dsi_panel_set_idle_mode: Idle (0->1)
11-02 23:27:55.937236     0     0 I         : [touch]FB_BLANK_VSYNC_SUSPEND
11-02 23:27:55.937243     0     0 I         : [touch]irq disable
11-02 23:27:55.937249     0     0 I         : [touch]workqueue is empty!
11-02 23:27:55.937253     0     0 I         : [touch]raydium_ts_do_suspend.
11-02 23:27:55.937263     0     0 I         : [touch]Device may wakeup
11-02 23:27:55.940997     0     0 I         : [touch]irq enable
--------- switch to system
11-02 23:27:56.066871  1686  1759 I PowerManagerService: Waking up from dozing (uid=1000 reason=android.policy:MOTION)...
11-02 23:27:56.067434  1686  1686 W UsageStatsService: Event reported without a package name
11-02 23:27:56.069231  2520  2520 W ViewRootImpl[HomeActivity2]: Dropping event due to no window focus: MotionEvent { action=ACTION_HOVER_ENTER, actionButton=0, id[0]=0, x[0]=100.0, y[0]=100.0, toolType[0]=TOOL_TYPE_FINGER, buttonState=0, metaState=0, flags=0x0, edgeFlags=0x0, pointerCount=1, historySize=0, eventTime=2124126, downTime=1980708, deviceId=1, source=0x1002 }
--------- switch to kernel
11-02 23:27:56.002722     0     0 I         : [touch]display wake up
--------- switch to system
11-02 23:27:56.088443  2520  2520 W ViewRootImpl[HomeActivity2]: Cancelling event due to no window focus: MotionEvent { action=ACTION_CANCEL, actionButton=0, id[0]=0, x[0]=100.0, y[0]=100.0, toolType[0]=TOOL_TYPE_FINGER, buttonState=0, metaState=0, flags=0x0, edgeFlags=0x0, pointerCount=1, historySize=0, eventTime=2124137, downTime=1980708, deviceId=1, source=0x1002 }
--------- switch to kernel
11-02 23:27:56.007392     0     0 E FG      : fg_psy_get_property: unsupported property 7
11-02 23:27:56.009591     0     0 W healthd : battery l=45 v=3771 t=33.0 h=2 st=3 c=138 fc=443000 cc=0 chg=
--------- switch to main
11-02 23:27:56.098715   512   512 I sensors-hal: batch:140, android.sensor.light/46, period=100000000, max_latency=0
11-02 23:27:56.098810   512   512 I sensors-hal: batch:149, android.sensor.light/46, period=100000000, max_latency=0 request completed
11-02 23:27:56.099644   512   512 I sensors-hal: activate:107, android.sensor.light/46 en=1
11-02 23:27:56.100180   512   512 I sensors-hal: ssc_enable_rt_task:254, ssc_enable_rt_task : true
11-02 23:27:56.103309   512   512 I sensors-hal: activate:118, android.sensor.light/46 en=1 completed
11-02 23:27:56.104147   512   512 I sensors-hal: activate:107, android.sensor.accelerometer/48 en=0
11-02 23:27:56.105362   512   512 I sensors-hal: activate:118, android.sensor.accelerometer/48 en=0 completed
11-02 23:27:56.110948   512   512 I sensors-hal: batch:140, android.sensor.accelerometer/48, period=66667000, max_latency=100000000
11-02 23:27:56.111083   512   512 I sensors-hal: batch:149, android.sensor.accelerometer/48, period=66667000, max_latency=100000000 request completed
11-02 23:27:56.111510   512   512 I sensors-hal: activate:107, android.sensor.accelerometer/48 en=1
11-02 23:27:56.112035   512   512 I sensors-hal: ssc_enable_rt_task:254, ssc_enable_rt_task : true
11-02 23:27:56.115604   512   512 I sensors-hal: activate:118, android.sensor.accelerometer/48 en=1 completed
11-02 23:27:56.117681   512  9603 I sensors-hal: handle_indication_realtime:355,  SCHED_FIFO(10) for qmi_cbk
--------- switch to system
11-02 23:27:56.088810  2520  2520 I chatty  : uid=10049(com.google.android.wearable.app) identical 2 lines
11-02 23:27:56.088991  2520  2520 W ViewRootImpl[HomeActivity2]: Cancelling event due to no window focus: MotionEvent { action=ACTION_CANCEL, actionButton=0, id[0]=0, x[0]=100.0, y[0]=100.0, toolType[0]=TOOL_TYPE_FINGER, buttonState=0, metaState=0, flags=0x0, edgeFlags=0x0, pointerCount=1, historySize=0, eventTime=2124137, downTime=1980708, deviceId=1, source=0x1002 }
11-02 23:27:56.122027  1686  1702 W BroadcastQueue: Background execution not allowed: receiving Intent { act=android.intent.action.USER_PRESENT flg=0x10 } to com.google.android.gms/.auth.setup.devicesignals.LockScreenReceiver
11-02 23:27:56.122540  1686  1702 W BroadcastQueue: Background execution not allowed: receiving Intent { act=android.intent.action.USER_PRESENT flg=0x10 } to com.google.android.gms/.chimera.GmsIntentOperationService$PersistentTrustedReceiver
--------- switch to main
11-02 23:27:56.124444  3205  3434 W WorkController: Loading failed for worker [trainingcache]: worker not found
11-02 23:27:56.125874  3205  3294 W A       : TrainingCache cache DEVICE_UNLOCKED failure
11-02 23:27:56.125874  3205  3294 W A       : com.google.android.apps.gsa.search.core.service.h.a.a: No worker found for Worker ID [trainingcache].
11-02 23:27:56.125874  3205  3294 W A       : 	at com.google.android.apps.gsa.search.core.service.g.a.c.a(Unknown Source:5)
11-02 23:27:56.125874  3205  3294 W A       : 	at com.google.android.libraries.gsa.c.a.d.a(Unknown Source:3)
11-02 23:27:56.125874  3205  3294 W A       : 	at com.google.common.p.a.cg.c(Unknown Source:2)
11-02 23:27:56.125874  3205  3294 W A       : 	at com.google.common.p.a.bk.run(SourceFile:3)
11-02 23:27:56.125874  3205  3294 W A       : 	at com.google.common.p.a.ci.run(Unknown Source:4)
11-02 23:27:56.125874  3205  3294 W A       : 	at com.google.apps.tiktok.concurrent.ab.run(SourceFile:1)
11-02 23:27:56.125874  3205  3294 W A       : 	at java.util.concurrent.ThreadPoolExecutor.runWorker(ThreadPoolExecutor.java:1167)
11-02 23:27:56.125874  3205  3294 W A       : 	at java.util.concurrent.ThreadPoolExecutor$Worker.run(ThreadPoolExecutor.java:641)
11-02 23:27:56.125874  3205  3294 W A       : 	at com.google.apps.tiktok.concurrent.c.run(Unknown Source:4)
11-02 23:27:56.125874  3205  3294 W A       : 	at java.lang.Thread.run(Thread.java:764)
11-02 23:27:56.134431  1686  1799 E WifiStateMachine: getWifiLinkLayerStats called without an interface
--------- switch to kernel
11-02 23:27:56.113342     0     0 E mdss_dsi_gen_read_status: Read back value from panel is incorrect
--------- switch to main
11-02 23:27:56.205889   416   416 D SKGHAL  : sendAmbientEvent: enter: enable = 1
11-02 23:27:56.206875   504   523 I SDM     : DisplayBase::SetDisplayState: Set state = 4, display 0
11-02 23:27:56.206957   504   523 D SDM     : HWCDisplayPrimary::SetStandByMode: Null display is connected successfully
11-02 23:27:56.207092   416   416 D SKGHAL  : standBy_update_control call succeed on 1
11-02 23:27:56.287711   512  9605 I sensors-hal: handle_indication_realtime:355,  SCHED_FIFO(10) for qmi_cbk
11-02 23:27:56.307128   416   416 D SKGHAL  : sendAmbientEvent: done: enable = 1
11-02 23:27:56.308457  1686  1823 D SidekickService:    ... beginDisplay result: 0 for halPower: 1
11-02 23:27:56.310515  1686  1823 I SidekickService: endDisplayLocked()
--------- switch to system
11-02 23:27:56.311224  1686  1686 W Looper  : Slow dispatch took 167ms main h=android.app.ActivityThread$H c=android.app.-$$Lambda$LoadedApk$ReceiverDispatcher$Args$_BumDX2UKsnxLVrE6UJsJZkotuA@5797ac7 m=0
11-02 23:27:56.311464  1686  1710 I DisplayManagerService: Display device changed state: "Écran intégré", ON
--------- switch to main
11-02 23:27:56.311516   416   416 D SKGHAL  : sendAmbientEvent: enter: enable = 0
11-02 23:27:56.335621  4243  4243 D OMService: onDisplayChanged: not dozing
11-02 23:27:56.342704  1686  1759 I InputReader: Reconfiguring input devices.  changes=0x00000004
11-02 23:27:56.354108  1686  1686 I WearPower: [WearTouchMediator] changing touch input to enabled (ON_AUTO)
11-02 23:27:56.355096  1686  1759 I InputReader: Reconfiguring input devices.  changes=0x00000200
--------- switch to kernel
11-02 23:27:56.282865     0     0 I init    : processing action (ro.enable_core_ctl=true && sys.cw_corectl_mode=idle) from (/vendor/etc/init/hw/init.qcom.rc:949)
--------- switch to main
11-02 23:27:56.360133  1686  1686 I AmbientService: [ce6a28c] Timeout alarm not required, auto-resume timeout handled by dream.
11-02 23:27:56.367453  3205  3434 W WorkController: Loading failed for worker [trainingcache]: worker not found
11-02 23:27:56.368740  3205  3372 W A       : TrainingCache cache SCREEN_OFF failure
11-02 23:27:56.368740  3205  3372 W A       : com.google.android.apps.gsa.search.core.service.h.a.a: No worker found for Worker ID [trainingcache].
11-02 23:27:56.368740  3205  3372 W A       : 	at com.google.android.apps.gsa.search.core.service.g.a.c.a(Unknown Source:5)
11-02 23:27:56.368740  3205  3372 W A       : 	at com.google.android.libraries.gsa.c.a.d.a(Unknown Source:3)
11-02 23:27:56.368740  3205  3372 W A       : 	at com.google.common.p.a.cg.c(Unknown Source:2)
11-02 23:27:56.368740  3205  3372 W A       : 	at com.google.common.p.a.bk.run(SourceFile:3)
11-02 23:27:56.368740  3205  3372 W A       : 	at com.google.common.p.a.ci.run(Unknown Source:4)
11-02 23:27:56.368740  3205  3372 W A       : 	at com.google.apps.tiktok.concurrent.ab.run(SourceFile:1)
11-02 23:27:56.368740  3205  3372 W A       : 	at java.util.concurrent.ThreadPoolExecutor.runWorker(ThreadPoolExecutor.java:1167)
11-02 23:27:56.368740  3205  3372 W A       : 	at java.util.concurrent.ThreadPoolExecutor$Worker.run(ThreadPoolExecutor.java:641)
11-02 23:27:56.368740  3205  3372 W A       : 	at com.google.apps.tiktok.concurrent.c.run(Unknown Source:4)
11-02 23:27:56.368740  3205  3372 W A       : 	at java.lang.Thread.run(Thread.java:764)
--------- switch to kernel
11-02 23:27:56.305185     0     0 I         : [touch]FB_BLANK_VSYNC_SUSPEND
11-02 23:27:56.305190     0     0 I         : [touch]Already in suspend state
--------- switch to main
11-02 23:27:56.379338   504   523 I SDM     : DisplayBase::SetDisplayState: Set state = 3, display 0
11-02 23:27:56.379512   504   523 D SDM     : HWCDisplayPrimary::SetStandByMode: Display is connected successfully
11-02 23:27:56.379766   416   416 D SKGHAL  : standBy_update_control call succeed on 0
11-02 23:27:56.379962   416   416 D SKGHAL  : sendAmbientEvent: done: enable = 0
11-02 23:27:56.380504  1686  1823 D SidekickService:    ... endDisplay returns void
11-02 23:27:56.381616   545   545 D SurfaceFlinger: Set power mode=2, type=0 flinger=0xb6bb6000
11-02 23:27:56.382078   504   762 I SDM     : DisplayBase::SetDisplayState: Set state = 1, display 0
11-02 23:27:56.382217  2520  2520 D HOME    : [StreamDBQueue]Promised revision #2826 to queue a new op
11-02 23:27:56.382464  2520  2520 D WatchStreamManager: Promised rank-blocked=false @ r#2826
11-02 23:27:56.382697  2520  2520 D HOME    : [CompactHunStarter]detachWindow()
11-02 23:27:56.383061  2520  9575 D HOME    : [WatchStreamDB]Item alerting conditions - isInterruptive: false, recentlyInterrupted: false, isItemPinned: false, isUnread: false
