11-02 20:37:03.484538  2520  2716 D HOME    : [StreamDBQueue]Promised revision #1630 to queue a new op
11-02 20:37:03.485306  2520  2716 D HOME    : [WatchStreamManager]Promised set @ r#1630 for (android,tag=com.android.server.wm.AlertWindowNotification - com.google.android.wearable.app,id=0,notifKey=0|android|0|com.android.server.wm.AlertWindowNotification - com.google.android.wearable.app|1000)
11-02 20:37:03.491946  2520  6840 D StreamDatabase:   filtering notification, reason=HOME_OVER_OTHER_APPS_NOTIFICATION, itemId=StreamItemIdAndRevision{notifKey=0|android|0|com.android.server.wm.AlertWindowNotification - com.google.android.wearable.app|1000, packageName=android, tag=com.android.server.wm.AlertWindowNotification - com.google.android.wearable.app, id=0, revision=1630, originalRevision=1630, updateCount=0}
11-02 20:37:03.493040  2520  6840 D HOME    : [WatchStreamDB]Item alerting conditions - isInterruptive: true, recentlyInterrupted: false, isItemPinned: true, isUnread: false
11-02 20:37:03.493500  2520  6840 D HOME    : [StreamAlertingRegulator]isTheaterModeEnabled: false, isAlertingAllowedByOffBody: true, matchesLocalInterruptionFilter: true
11-02 20:37:03.493796  2520  6840 D HOME    : [WatchStreamDB]couldItemAlert: false, isTopItemChanged: false, isDeferralForTopItem: false
11-02 20:37:03.494381  2520  6840 D HOME    : [StreamAdapter]onStreamChange StreamChangeEvent[modified=1, removed=0, modifiedTop=0, removedTop=0, reorder=false, possibleAlertingItem=none]
11-02 20:37:03.494825  2520  6840 D HOME    : [StreamAdapter]onStreamChange StreamChangeEvent[modified=1, removed=0, modifiedTop=0, removedTop=0, reorder=false, possibleAlertingItem=none]
11-02 20:37:03.495360  2520  2520 D HOME    : [TopNotificationReceiver]Sending request to TopNotificationProviderService for complication update
11-02 20:37:03.495511  2520  6840 D HOME    : [NewStreamAdapter]Publishing revision #1630 to adapter clients
11-02 20:37:03.498773  2520  2520 D HOME    : [StreamAdapter]setStreamItems, size 2
11-02 20:37:03.499386  2520  2520 D HOME    : [StreamAdapter]setStreamItems, size 1
11-02 20:37:03.503206  2520  6840 D HOME    : [ComplicationController]scheduleImmediateUpdateForAllFromProvider ComponentInfo{com.google.android.wearable.app/com.google.android.clockwork.wcs.notification.complication.TopNotificationProviderService}
11-02 20:37:03.571086   512  1749 I sensors-hal: activate:107, android.sensor.light/46 en=0
11-02 20:37:03.572931   512  1749 I sensors-hal: activate:118, android.sensor.light/46 en=0 completed
11-02 20:37:03.575911   512  1749 I sensors-hal: batch:140, android.sensor.light/46, period=250000000, max_latency=0
11-02 20:37:03.576005   512  1749 I sensors-hal: batch:149, android.sensor.light/46, period=250000000, max_latency=0 request completed
11-02 20:37:03.580248   512  1749 I sensors-hal: activate:107, android.sensor.light/46 en=1
11-02 20:37:03.580742   512  1749 I sensors-hal: ssc_enable_rt_task:254, ssc_enable_rt_task : true
11-02 20:37:03.584301   512  1749 I sensors-hal: activate:118, android.sensor.light/46 en=1 completed
--------- switch to system
11-02 20:37:03.587128  1686  1686 V SettingsProvider: Notifying for 0: content://settings/system/screen_brightness
--------- switch to main
11-02 20:37:03.587914  1686  1686 I SidekickService: loadBrightnessLocked()
11-02 20:37:03.588588  1686  1686 D SidekickService: screenBrightness  = 50
11-02 20:37:03.589284  1686  1686 D SidekickService: sendConfigValuesLocked(): alsThresholds = [40, 92, 95, 100, 125, 150, 175, 200, 225, 250, 300, 400, 500, 800, 1200], brightnessValuesBright = [50, 56, 60, 70, 80, 90, 100, 115, 120, 140, 160, 180, 200, 220, 240, 255], brightnessValuesDim= [50, 56, 60, 70, 80, 90, 100, 115, 120, 140, 160, 180, 200, 220, 240, 255]
11-02 20:37:03.599512  1686  1686 D SidekickService: setAlsMode(): mode = 2, brightenAlpha = 80, dimmingAlpha = 80
11-02 20:37:03.612331  1686  1686 D SidekickService: setTwmConfig():: msTiltToBright = 10000, tiltToBright = false
11-02 20:37:03.651152   512  7493 I sensors-hal: handle_indication_realtime:355,  SCHED_FIFO(10) for qmi_cbk
--------- switch to system
11-02 20:37:07.805367  1686  1712 I PowerManagerService: Going to sleep due to screen timeout (uid 1000)...
11-02 20:37:07.805996  1686  1686 W UsageStatsService: Event reported without a package name
11-02 20:37:07.806523  1686  1712 I DreamManagerService: Entering dreamland.
11-02 20:37:07.807301  1686  1712 I PowerManagerService: Dozing...
11-02 20:37:07.821446  1686  1708 I DreamController: Starting dream: name=ComponentInfo{com.google.android.wearable.ambient/com.google.android.wearable.ambient.AmbientDream}, isTest=false, canDoze=true, userId=0
11-02 20:37:07.836411  1686  1686 W ContextImpl: Calling a method in the system process without a qualified user: android.app.ContextImpl.bindService:1611 android.content.ContextWrapper.bindService:698 com.google.android.wearable.ambient.AmbientDream.onCreate:191 android.app.ActivityThread.handleCreateService:3533 android.app.ActivityThread.access$1300:200 
11-02 20:37:07.841344  1686  1686 W ContextImpl: Calling a method in the system process without a qualified user: android.app.ContextImpl.sendBroadcast:1005 android.content.ContextWrapper.sendBroadcast:444 com.google.android.wearable.ambient.AmbientDream.onCreate:241 android.app.ActivityThread.handleCreateService:3533 android.app.ActivityThread.access$1300:200 
11-02 20:37:07.843692  1686  1686 V DreamService[AmbientDream]: onBind() intent = Intent { act=android.service.dreams.DreamService flg=0x800000 cmp=com.google.android.wearable.ambient/.AmbientDream }
--------- switch to main
11-02 20:37:07.845327  1686  1686 I AmbientService: [ce6a28c] Ambient Created
--------- switch to system
11-02 20:37:07.846366  1686  1686 V DreamService[AmbientDream]: Calling onDreamingStarted()
--------- switch to main
11-02 20:37:07.846564  1686  1686 I AmbientService: [ce6a28c] doOnDreamingStarted
11-02 20:37:07.847155  1686  1686 D SidekickService: setShouldControlDisplay called: true
11-02 20:37:07.848513  1686  1686 I AmbientService: [ce6a28c] Selected running activity for ambient mode: AmbientActivity[component=ComponentInfo{com.google.android.wearable.app/com.google.android.clockwork.home2.activity.HomeActivity2}, callbacks=@210b385, running=true, ambientRequested=true, ambientEnabled=true, offloadEnabled=true]
11-02 20:37:07.849072  1686  1686 I AmbientService: [ce6a28c] Sidekick is ready to display, requesting doze.
11-02 20:37:07.849722  1686  1686 I AmbientService: [ce6a28c] No auto-resume Activity.
11-02 20:37:07.852321  1686  1686 W DefaultSettingsContentR: Value for ambient_low_bit_enabled not stored as number. Attempting parse as boolean.
11-02 20:37:07.854775  2520  2520 D HOME    : [HomeVisitsLogger]Logging streamlet event: enter_ambient_mode
11-02 20:37:07.855549  2520  2520 D HOME    : [HotwordController]updateClient MODE_WATCH_FACE false true false true
11-02 20:37:07.855722  2520  6840 D HOME    : [HomeVisitsLogger]Logging streamlet event: visit_end
11-02 20:37:07.857089  2520  2520 D HOME    : [WatchFaceUiController]setInAmbientMode true
11-02 20:37:07.859932  1686  1686 I AmbientService: [ce6a28c] Showing watch face in offload mode, canceling alarm.
11-02 20:37:07.863542  1686  1686 W AlarmManagerProxy: Removing unknown listener
11-02 20:37:07.864909  1686  1686 D WristGestureCtrl: Stopping detectors: GesturesEnabled-false gestureDetector-false ungazeEnabled-true ungaze-true
11-02 20:37:07.864972  1686  1686 D DefaultUngazeDetector: stopping
11-02 20:37:07.866313   512  1749 I sensors-hal: batch:140, android.sensor.accelerometer/48, period=66667000, max_latency=100000000
11-02 20:37:07.868449   512  1749 I sensors-hal: batch:149, android.sensor.accelerometer/48, period=66667000, max_latency=100000000 request completed
11-02 20:37:07.871566  2520  6840 I SidekickManager: replaceWatchFaceComponentsImpl(): watchFace = com.google.android.clockwork.decomposablewatchface.WatchFaceDecomposition@d04aebb
11-02 20:37:07.874554  1686  2015 D SidekickService: sendWatchFaceComponents called: watchFace = com.google.android.clockwork.decomposablewatchface.WatchFaceDecomposition@7891a7ashouldReplace = false
11-02 20:37:07.874810  1686  2015 D SidekickService: Check decomposition for calling app com.google.android.wearable.app with uid 10049
11-02 20:37:07.875187  1686  2015 D SidekickService: sendWatchFaceLocked(): shouldReplace = false, mSidekickIsControlling = false, 1 images, 0 fonts, 0 numbers, 0 proportionalFonts, 0 strings
11-02 20:37:07.875274  1686  2015 D SidekickService: ISidekickGraphics#beginResources()...
11-02 20:37:07.876152  2520  2520 D HOME    : [StreamDBQueue]Promised revision #1631 to queue a new op
11-02 20:37:07.876241  1686  2015 D SidekickServiceUtils: bitmapFromDrawable: Returning bitmap directly
11-02 20:37:07.876418  2520  2520 D WatchStreamManager: Promised rank-blocked=false @ r#1631
11-02 20:37:07.876991  2520  2520 D HOME    : [StreamDBQueue]Promised revision #1632 to queue a new op
11-02 20:37:07.877173  2520  2520 D WatchStreamManager: Promised rank-blocked=false @ r#1632
11-02 20:37:07.877866  1686  2015 D SidekickService: sendBitmapsLocked(): bounds = RectF(0.0, 0.0, 0.0024038462, 0.0024038462), drawableInfo = {.id = 100000, .width = 1, .height = 1, .display = true, .offsetX = 0.0, .offsetY = 0.0, .rotationInfo = {.hasRotation = false, .pivotX = 0.0, .pivotY = 0.0, .degreesPerDay = 0.0, .degreesPerStep = 0.0, .zeroDegreesTime = {.daysSinceLocalEpoch = 0, .msSinceMidnight = 0}}, .transformInfo = {.transformed = false, .flipX = false, .flipY = false, .flip45 = false, .scaleX = 0.0, .scaleY = 0.0}, .type = GENERIC, .blink = {.blinking = false, .periodOnMs = 0.0, .periodOffMs = 0.0, .startTime = {.daysSinceLocalEpoch = 0, .msSinceMidnight = 0}}, .zOrder = 8, .displayInTwm = true}, image.size() = 84
11-02 20:37:07.878487  2520  2520 D HOME    : [EventBus]Wrapper pool is full. Discarding excess wrapper instance for event com.google.android.clockwork.sysui.events.KeyguardStateEvent
11-02 20:37:07.878674  2520  2520 D HOME    : [WatchFaceUiController]sendStateToWallpaper
11-02 20:37:07.879019   416  2389 D SKGHAL  : saveResource: resId = 100000
11-02 20:37:07.880980  2520  2520 D HOME    : [EventBus]Wrapper pool is full. Discarding excess wrapper instance for event com.google.android.clockwork.sysui.events.KeyguardStateEvent
11-02 20:37:07.881524  2520  2520 D HOME    : [EventBus]Wrapper pool is full. Discarding excess wrapper instance for event com.google.android.clockwork.sysui.events.KeyguardStateEvent
11-02 20:37:07.884638  2520  7212 D HOME    : [WatchStreamDB]Item alerting conditions - isInterruptive: true, recentlyInterrupted: false, isItemPinned: true, isUnread: false
11-02 20:37:07.883531  2520  7213 D HOME    : [StreamDBQueue]Promised revision #1633 to queue a new op
11-02 20:37:07.886137  2520  7213 D WatchStreamManager: Promised rerank @ r#1633
11-02 20:37:07.887289  1686  2015 D SidekickService: sendBitmapsLocked(): status = 0, bytesUsed = 18
11-02 20:37:07.887535  1686  2015 D SidekickService: ISidekickGraphics#endResources()...
11-02 20:37:07.890411  2520  2520 W StaticLayout: maxLineHeight should not be -1.  maxLines:1 lineCount:1
11-02 20:37:07.892360  2520  7212 D HOME    : [StreamAlertingRegulator]isTheaterModeEnabled: false, isAlertingAllowedByOffBody: true, matchesLocalInterruptionFilter: true
11-02 20:37:07.893900  2520  7212 D HOME    : [WatchStreamDB]couldItemAlert: false, isTopItemChanged: false, isDeferralForTopItem: false
11-02 20:37:07.895054  2520  7212 D HOME    : [WatchStreamDB]Item alerting conditions - isInterruptive: true, recentlyInterrupted: false, isItemPinned: true, isUnread: false
11-02 20:37:07.895459  2520  7212 D HOME    : [StreamAlertingRegulator]isTheaterModeEnabled: false, isAlertingAllowedByOffBody: true, matchesLocalInterruptionFilter: true
11-02 20:37:07.909082  2520  7212 D HOME    : [WatchStreamDB]couldItemAlert: false, isTopItemChanged: false, isDeferralForTopItem: false
11-02 20:37:07.909931  2520  7212 D HOME    : [WatchStreamDB]updateRanking()
11-02 20:37:07.911236  2520  7212 D HOME    : [WatchStreamDB]Item alerting conditions - isInterruptive: true, recentlyInterrupted: false, isItemPinned: true, isUnread: false
11-02 20:37:07.911935   545   687 W SurfaceFlinger: Attempting to destroy on removed layer: 5b8a428 OobeOverlayHint#0
11-02 20:37:07.913025  2520  7212 D HOME    : [StreamAlertingRegulator]isTheaterModeEnabled: false, isAlertingAllowedByOffBody: true, matchesLocalInterruptionFilter: true
11-02 20:37:07.914007  2520  7212 D HOME    : [WatchStreamDB]couldItemAlert: false, isTopItemChanged: false, isDeferralForTopItem: false
11-02 20:37:07.914909  2520  7212 D HOME    : [NewStreamAdapter]Publishing revision #1633 to adapter clients
11-02 20:37:07.916323  2520  7213 D HOME    : [StreamDBQueue]Promised revision #1634 to queue a new op
11-02 20:37:07.916612  2520  7213 D WatchStreamManager: Promised rerank @ r#1634
11-02 20:37:07.917693  2520  7212 D HOME    : [WatchStreamDB]updateRanking()
11-02 20:37:07.918455  2520  7212 D HOME    : [WatchStreamDB]Item alerting conditions - isInterruptive: true, recentlyInterrupted: false, isItemPinned: true, isUnread: false
11-02 20:37:07.918844  2520  7212 D HOME    : [StreamAlertingRegulator]isTheaterModeEnabled: false, isAlertingAllowedByOffBody: true, matchesLocalInterruptionFilter: true
11-02 20:37:07.919139  2520  7212 D HOME    : [WatchStreamDB]couldItemAlert: false, isTopItemChanged: false, isDeferralForTopItem: false
11-02 20:37:07.919918  2520  7212 D HOME    : [NewStreamAdapter]Publishing revision #1634 to adapter clients
11-02 20:37:08.045978  2520  2541 I id.wearable.ap: Background concurrent copying GC freed 61513(2MB) AllocSpace objects, 0(0B) LOS objects, 24% free, 7MB/10MB, paused 809us total 186.668ms
11-02 20:37:08.128301   416  2389 D SKGHAL  : sendResources: metadata size = 2400, font size = 72
11-02 20:37:08.190720   416  2389 D SKGHAL  : endResources: rc = 0
11-02 20:37:08.192216  1686  1686 W system_server: Long monitor contention with owner Binder:1686_6 (2015) at int com.google.android.clockwork.sidekick.SidekickService$BinderService.sendWatchFace(com.google.android.clockwork.decomposablewatchface.WatchFaceDecomposition, boolean)(SidekickService.java:1021) waiters=0 in boolean com.google.android.clockwork.sidekick.SidekickService$BinderService.readyToDisplay() for 305ms
11-02 20:37:08.193218  2520  2520 D HOME    : [SidekickManagerAsync]replaceWatchFaceComponents(): Callback#onResult(): 0
11-02 20:37:08.193615  2520  2520 D HOME    : [WatchFaceUiController]Complication updates sent, posting watch face hiding
11-02 20:37:08.193703  2520  2520 D HOME    : [WatchFaceUiController]Still in ambient watch face, hiding
11-02 20:37:08.193764  2520  2520 D HOME    : [WatchFaceUiController]Hiding watch face wallpaper.
--------- switch to system
11-02 20:37:08.194981  1686  1686 W Looper  : Slow dispatch took 309ms main h=android.os.Handler c=com.google.android.wearable.ambient.AmbientDream$Callbacks$1@a395688 m=0
11-02 20:37:08.197731  1686  1686 W Looper  : Slow delivery took 299ms main h=com.android.server.notification.NotificationManagerService$WorkerHandler c=com.android.server.notification.NotificationManagerService$14@57e6446 m=0
--------- switch to kernel
11-02 20:37:08.172104     0     0 E FG      : fg_psy_get_property: unsupported property 7
11-02 20:37:08.174705     0     0 W healthd : battery l=63 v=3878 t=34.0 h=2 st=3 c=240 fc=443000 cc=0 chg=
--------- switch to main
11-02 20:37:08.224298   512  1749 I sensors-hal: activate:107, android.sensor.light/46 en=0
--------- switch to system
11-02 20:37:08.225903  1686  1686 V SettingsProvider: Notifying for 0: content://settings/system/screen_brightness
--------- switch to main
11-02 20:37:08.226197   512  1749 I sensors-hal: activate:118, android.sensor.light/46 en=0 completed
--------- switch to system
11-02 20:37:08.228515  1686  1686 W Looper  : Drained
--------- switch to main
11-02 20:37:08.229239  1686  1686 I SidekickService: loadBrightnessLocked()
11-02 20:37:08.229910  1686  1686 D SidekickService: screenBrightness  = 51
11-02 20:37:08.231027  1956  1956 D QtiCarrierConfigHelper: WARNING, no carrier configs on phone Id: 0
11-02 20:37:08.231215  1686  1686 D SidekickService: sendConfigValuesLocked(): alsThresholds = [40, 92, 95, 100, 125, 150, 175, 200, 225, 250, 300, 400, 500, 800, 1200], brightnessValuesBright = [50, 56, 60, 70, 80, 90, 100, 115, 120, 140, 160, 180, 200, 220, 240, 255], brightnessValuesDim= [50, 56, 60, 70, 80, 90, 100, 115, 120, 140, 160, 180, 200, 220, 240, 255]
11-02 20:37:08.234631  2520  2520 D HOME    : [StreamBackendInit]NotificationService onNotificationRemoved StatusBarNotification(pkg=android user=UserHandle{0} id=0 tag=com.android.server.wm.AlertWindowNotification - com.google.android.wearable.app key=0|android|0|com.android.server.wm.AlertWindowNotification - com.google.android.wearable.app|1000: Notification(channel=com.android.server.wm.AlertWindowNotification - com.google.android.wearable.app pri=0 contentView=null vibrate=null sound=null defaults=0x0 flags=0x102 color=0xff607d8b vis=PRIVATE))
11-02 20:37:08.235102  2520  2716 D CollectorHandler: handleMessage, event: ON_NOTIFICATION_REMOVED
11-02 20:37:08.235340  2520  2520 D HOME    : [BatteryChange]action: android.intent.action.BATTERY_CHANGED
11-02 20:37:08.236134  2520  6840 D HOME    : [BatteryChange]HandleBatteryChangedTask
11-02 20:37:08.236810  2520  6840 D HOME    : [BatteryChange]level: 63, status: 3
11-02 20:37:08.235532  2520  2716 D HOME    : [StreamDBQueue]Promised revision #1635 to queue a new op
11-02 20:37:08.240393  2520  2716 D HOME    : [WatchStreamManager]Promised remove @ r#1635 for StreamItemIdAndRevision{notifKey=0|android|0|com.android.server.wm.AlertWindowNotification - com.google.android.wearable.app|1000, packageName=android, tag=com.android.server.wm.AlertWindowNotification - com.google.android.wearable.app, id=0, revision=0, originalRevision=0, updateCount=0} (@1634): SBN removed: StreamItemIdAndRevision{notifKey=0|android|0|com.android.server.wm.AlertWindowNotification - com.google.android.wearable.app|1000, packageName=android, tag=com.android.server.wm.AlertWindowNotification - com.google.android.wearable.app, id=0, revision=0, originalRevision=0, updateCount=0}
11-02 20:37:08.240766  2520  7213 D StreamDatabase: remove. itemId: StreamItemIdAndRevision{notifKey=0|android|0|com.android.server.wm.AlertWindowNotification - com.google.android.wearable.app|1000, packageName=android, tag=com.android.server.wm.AlertWindowNotification - com.google.android.wearable.app, id=0, revision=1630, originalRevision=1630, updateCount=0}
11-02 20:37:08.243177  2520  7213 D HOME    : [WatchStreamDB]Item alerting conditions - isInterruptive: true, recentlyInterrupted: false, isItemPinned: true, isUnread: false
11-02 20:37:08.244521  1686  1686 D SidekickService: setAlsMode(): mode = 2, brightenAlpha = 80, dimmingAlpha = 80
11-02 20:37:08.248034  2520  7213 D HOME    : [StreamAlertingRegulator]isTheaterModeEnabled: false, isAlertingAllowedByOffBody: true, matchesLocalInterruptionFilter: true
11-02 20:37:08.248395  2520  7213 D HOME    : [WatchStreamDB]couldItemAlert: false, isTopItemChanged: false, isDeferralForTopItem: false
11-02 20:37:08.248797  2520  7213 D HOME    : [StreamAdapter]onStreamChange StreamChangeEvent[modified=0, removed=1, modifiedTop=0, removedTop=0, reorder=false, possibleAlertingItem=none]
11-02 20:37:08.249070  2520  7213 D HOME    : [StreamAdapter]onStreamChange StreamChangeEvent[modified=0, removed=1, modifiedTop=0, removedTop=0, reorder=false, possibleAlertingItem=none]
11-02 20:37:08.251793  1686  1686 D SidekickService: setTwmConfig():: msTiltToBright = 10000, tiltToBright = false
11-02 20:37:08.256346  2520  2520 D HOME    : [TopNotificationReceiver]Sending request to TopNotificationProviderService for complication update
--------- switch to system
11-02 20:37:08.259400  1686  1710 I DisplayManagerService: Display device changed state: "Écran intégré", DOZE_SUSPEND
--------- switch to main
11-02 20:37:08.271307  2520  7213 D HOME    : [NewStreamAdapter]Publishing revision #1635 to adapter clients
11-02 20:37:08.272545  2520  2520 D HOME    : [StreamAdapter]setStreamItems, size 2
11-02 20:37:08.273101  2520  2520 D HOME    : [StreamAdapter]setStreamItems, size 1
11-02 20:37:08.280314  2520  7213 D HOME    : [ComplicationController]scheduleImmediateUpdateForAllFromProvider ComponentInfo{com.google.android.wearable.app/com.google.android.clockwork.wcs.notification.complication.TopNotificationProviderService}
11-02 20:37:08.284522   545   545 D SurfaceFlinger: Set power mode=3, type=0 flinger=0xb6bb6000
11-02 20:37:08.285067   504   761 I SDM     : DisplayBase::SetDisplayState: Set state = 3, display 0
11-02 20:37:08.366407   545   545 D SurfaceFlinger: Finished set power mode=3, type=0
11-02 20:37:08.367248  1686  1823 I SidekickService: beginDisplayLocked(): DOZE_SUSPEND
--------- switch to kernel
11-02 20:37:08.256505     0     0 I mdss_dsi_panel_set_idle_mode: Idle (0->1)
--------- switch to main
11-02 20:37:08.368277   416  2389 D SKGHAL  : sendAmbientPrepare: enter:
--------- switch to kernel
11-02 20:37:08.321405     0     0 I         : [touch]FB_BLANK_VSYNC_SUSPEND
11-02 20:37:08.321413     0     0 I         : [touch]irq disable
11-02 20:37:08.321418     0     0 I         : [touch]workqueue is empty!
11-02 20:37:08.321421     0     0 I         : [touch]raydium_ts_do_suspend.
11-02 20:37:08.321436     0     0 I         : [touch]Device may wakeup
11-02 20:37:08.323907     0     0 I         : [touch]irq enable
--------- switch to main
11-02 20:37:08.376353  1686  1759 I InputReader: Reconfiguring input devices.  changes=0x00000004
11-02 20:37:08.502469   416  2389 D SKGHAL  : sendAmbientEvent: enter: enable = 1
11-02 20:37:08.504414   504   523 I SDM     : DisplayBase::SetDisplayState: Set state = 4, display 0
11-02 20:37:08.504575   504   523 D SDM     : HWCDisplayPrimary::SetStandByMode: Null display is connected successfully
11-02 20:37:08.504846   416  2389 D SKGHAL  : standBy_update_control call succeed on 1
11-02 20:37:08.520695   416  2389 D SKGHAL  : sendAmbientEvent: done: enable = 1
11-02 20:37:08.521472  1686  1823 D SidekickService:    ... beginDisplay result: 0 for halPower: 1
11-02 20:37:08.527164   512  1749 I sensors-hal: activate:107, android.sensor.accelerometer/48 en=0
11-02 20:37:08.531665   512  1749 I sensors-hal: activate:118, android.sensor.accelerometer/48 en=0 completed
--------- switch to kernel
11-02 20:37:08.500353     0     0 E bgrsb   : bgrsb_enable: gpio 32 is valid
--------- switch to main
11-02 20:37:08.542856  1686  1799 E WifiStateMachine: getWifiLinkLayerStats called without an interface
11-02 20:37:08.575512  1686  1686 I WearPower: [WearTouchMediator] changing touch input to enabled (ON_AUTO)
11-02 20:37:08.577797  1686  1759 I InputReader: Reconfiguring input devices.  changes=0x00000200
--------- switch to kernel
11-02 20:37:08.539794     0     0 I init    : processing action (ro.enable_core_ctl=true && sys.cw_corectl_mode=idle) from (/vendor/etc/init/hw/init.qcom.rc:949)
--------- switch to main
11-02 20:37:08.590691  1686  1686 I AmbientService: [ce6a28c] Timeout alarm not required, auto-resume timeout handled by dream.
11-02 20:37:08.612514  3205  3434 W WorkController: Loading failed for worker [trainingcache]: worker not found
11-02 20:37:08.615517  3205  3372 W A       : TrainingCache cache SCREEN_OFF failure
11-02 20:37:08.615517  3205  3372 W A       : com.google.android.apps.gsa.search.core.service.h.a.a: No worker found for Worker ID [trainingcache].
11-02 20:37:08.615517  3205  3372 W A       : 	at com.google.android.apps.gsa.search.core.service.g.a.c.a(Unknown Source:5)
11-02 20:37:08.615517  3205  3372 W A       : 	at com.google.android.libraries.gsa.c.a.d.a(Unknown Source:3)
11-02 20:37:08.615517  3205  3372 W A       : 	at com.google.common.p.a.cg.c(Unknown Source:2)
11-02 20:37:08.615517  3205  3372 W A       : 	at com.google.common.p.a.bk.run(SourceFile:3)
11-02 20:37:08.615517  3205  3372 W A       : 	at com.google.common.p.a.ci.run(Unknown Source:4)
11-02 20:37:08.615517  3205  3372 W A       : 	at com.google.apps.tiktok.concurrent.ab.run(SourceFile:1)
11-02 20:37:08.615517  3205  3372 W A       : 	at java.util.concurrent.ThreadPoolExecutor.runWorker(ThreadPoolExecutor.java:1167)
11-02 20:37:08.615517  3205  3372 W A       : 	at java.util.concurrent.ThreadPoolExecutor$Worker.run(ThreadPoolExecutor.java:641)
11-02 20:37:08.615517  3205  3372 W A       : 	at com.google.apps.tiktok.concurrent.c.run(Unknown Source:4)
11-02 20:37:08.615517  3205  3372 W A       : 	at java.lang.Thread.run(Thread.java:764)
11-02 20:37:08.641752  2520  2520 D HOME    : [StreamDBQueue]Promised revision #1636 to queue a new op
11-02 20:37:08.642564  2520  2520 D WatchStreamManager: Promised rank-blocked=false @ r#1636
11-02 20:37:08.643236  2520  2520 D HOME    : [CompactHunStarter]detachWindow()
11-02 20:37:08.645596  2520  6840 D HOME    : [StreamDBQueue]Promised revision #1637 to queue a new op
11-02 20:37:08.645700  2520  7213 D HOME    : [WatchStreamDB]Item alerting conditions - isInterruptive: true, recentlyInterrupted: false, isItemPinned: true, isUnread: false
11-02 20:37:08.646121  2520  6840 D WatchStreamManager: Promised rerank @ r#1637
11-02 20:37:08.646490  2520  7213 D HOME    : [StreamAlertingRegulator]isTheaterModeEnabled: false, isAlertingAllowedByOffBody: true, matchesLocalInterruptionFilter: true
11-02 20:37:08.647074  2520  7213 D HOME    : [WatchStreamDB]couldItemAlert: false, isTopItemChanged: false, isDeferralForTopItem: false
11-02 20:37:08.648443  2520  7213 D HOME    : [WatchStreamDB]updateRanking()
11-02 20:37:08.650005  2520  7213 D HOME    : [WatchStreamDB]Item alerting conditions - isInterruptive: true, recentlyInterrupted: false, isItemPinned: true, isUnread: false
11-02 20:37:08.651893  2520  7213 D HOME    : [StreamAlertingRegulator]isTheaterModeEnabled: false, isAlertingAllowedByOffBody: true, matchesLocalInterruptionFilter: true
11-02 20:37:08.652652  2520  7213 D HOME    : [WatchStreamDB]couldItemAlert: false, isTopItemChanged: false, isDeferralForTopItem: false
11-02 20:37:08.654775  2520  7213 D HOME    : [NewStreamAdapter]Publishing revision #1637 to adapter clients
--------- switch to kernel
11-02 20:37:08.653457     0     0 I PM      : suspend entry 2021-11-02 19:37:08.653457092 UTC
11-02 20:37:08.653491     0     0 I PM      : Syncing filesystems ...
11-02 20:37:08.670581     0     0 I CPU1    : update max cpu_capacity 748
11-02 20:37:08.683657     0     0 I CPU3    : update max cpu_capacity 1024
11-02 20:37:08.696729     0     0 I         : done.
11-02 20:37:08.714273     0     0 I CPU2    : shutdown
11-02 20:37:08.716957     0     0 I         : Freezing user space processes ... (elapsed 0.010 seconds) done.
11-02 20:37:08.727833     0     0 I         : Freezing remaining freezable tasks ...
11-02 20:37:08.731091     0     0 I PM      : Wakeup pending, aborting suspend
11-02 20:37:08.731180     0     0 I         : active wakeup source: NETLINK
11-02 20:37:08.731255     0     0 E         : Freezing of tasks aborted after 0.003 seconds
11-02 20:37:08.731272     0     0 I         : Restarting kernel threads ... done.
11-02 20:37:08.733902     0     0 I         : Restarting tasks ...
11-02 20:37:08.735190     0     0 W QSEECOM : qseecom_receive_req: Interrupted: exiting Listener Service = 8192
11-02 20:37:08.735211     0     0 W QSEECOM : qseecom_receive_req: Interrupted: exiting Listener Service = 12288
11-02 20:37:08.735290     0     0 W QSEECOM : qseecom_receive_req: Interrupted: exiting Listener Service = 11
11-02 20:37:08.735851     0     0 W QSEECOM : qseecom_receive_req: Interrupted: exiting Listener Service = 10
11-02 20:37:08.739337     0     0 I init    : Command 'write /sys/devices/system/cpu/cpu2/online 0' action=ro.enable_core_ctl=true && sys.cw_corectl_mode=idle (/vendor/etc/init/hw/init.qcom.rc:951) took 157ms and succeeded
11-02 20:37:08.741355     0     0 W QSEECOM : qseecom_receive_req: Interrupted: exiting Listener Service = 28672
11-02 20:37:08.741637     0     0 I         : done.
11-02 20:37:08.742708     0     0 I PM      : suspend exit 2021-11-02 19:37:08.742708030 UTC
11-02 20:37:08.800567     0     0 I CPU1    : update max cpu_capacity 748
11-02 20:37:08.833878     0     0 I CPU3    : shutdown
11-02 20:37:08.839320     0     0 I init    : Command 'write /sys/devices/system/cpu/cpu3/online 0' action=ro.enable_core_ctl=true && sys.cw_corectl_mode=idle (/vendor/etc/init/hw/init.qcom.rc:952) took 99ms and succeeded
--------- switch to main
11-02 20:37:08.951333  3316  3328 I .gms.persisten: Background concurrent copying GC freed 53802(2MB) AllocSpace objects, 0(0B) LOS objects, 24% free, 7MB/9MB, paused 356us total 250.797ms
--------- switch to kernel
11-02 20:37:08.945320     0     0 I PM      : suspend entry 2021-11-02 19:37:08.945320738 UTC
11-02 20:37:08.945347     0     0 I PM      : Syncing filesystems ... done.
11-02 20:37:08.963824     0     0 I         : Freezing user space processes ... (elapsed 0.013 seconds) done.
11-02 20:37:08.977856     0     0 I         : Freezing remaining freezable tasks ... (elapsed 0.006 seconds) done.
11-02 20:37:08.984071     0     0 I         : Suspending console(s) (use no_console_suspend to debug)
11-02 20:37:08.998994     0     0 I mdss_dsi_panel_set_idle_mode: Idle (1->1)
11-02 20:37:09.035721     0     0 I bgcom   : bgcom_pm_suspend: suspended with : 0
11-02 20:37:09.065412     0     0 I PM      : suspend of devices complete after 77.815 msecs
11-02 20:37:09.071313     0     0 I PM      : late suspend of devices complete after 5.858 msecs
11-02 20:37:09.076820     0     0 I PM      : noirq suspend of devices complete after 5.469 msecs
11-02 20:37:09.076835     0     0 I         : Disabling non-boot CPUs ...
11-02 20:37:09.111382     0     0 W         : IRQ21 no longer affine to CPU1
11-02 20:37:09.113310     0     0 I CPU1    : shutdown
11-02 20:37:09.115780     0     0 I suspend ns: 1246523774880	suspend cycles:     255675844474
11-02 20:37:09.115754     0     0 I CPU0    : msm_cpu_pm_enter_sleep mode:3 during suspend
11-02 20:37:09.115754     0     0 I         : Suspended for 7.845 seconds
11-02 20:37:09.115754     0     0 I resume cycles: 255826472851
11-02 20:37:09.116277     0     0 I         : Enabling non-boot CPUs ...
11-02 20:37:09.117107     0     0 I CPU1    : update cpu_capacity 1024
11-02 20:37:09.118574     0     0 I         : CPU1 is up
11-02 20:37:09.120147     0     0 I CPU1    : update max cpu_capacity 748
11-02 20:37:09.122372     0     0 I PM      : noirq resume of devices complete after 3.430 msecs
11-02 20:37:09.127972     0     0 I PM      : early resume of devices complete after 3.712 msecs
11-02 20:37:09.158762     0     0 I bgcom   : bgcom_pm_resume: Bgcom resumed with : 0
11-02 20:37:09.169601     0     0 I mdss_dsi_panel_set_idle_mode: Idle (1->1)
11-02 20:37:09.204984     0     0 I PM      : resume of devices complete after 76.970 msecs
11-02 20:37:09.209405     0     0 I         : Restarting tasks ...
11-02 20:37:09.212275     0     0 W QSEECOM : qseecom_receive_req: Interrupted: exiting Listener Service = 8192
11-02 20:37:09.212363     0     0 W QSEECOM : qseecom_receive_req: Interrupted: exiting Listener Service = 28672
11-02 20:37:09.219206     0     0 W QSEECOM : qseecom_receive_req: Interrupted: exiting Listener Service = 12288
11-02 20:37:09.219291     0     0 W QSEECOM : qseecom_receive_req: Interrupted: exiting Listener Service = 11
11-02 20:37:09.219331     0     0 W QSEECOM : qseecom_receive_req: Interrupted: exiting Listener Service = 10
11-02 20:37:09.223914     0     0 I         : done.
11-02 20:37:17.070170     0     0 I PM      : suspend exit 2021-11-02 19:37:17.070170266 UTC
11-02 20:37:17.171971     0     0 I PM      : suspend entry 2021-11-02 19:37:17.171971308 UTC
11-02 20:37:17.171993     0     0 I PM      : Syncing filesystems ... done.
11-02 20:37:17.284979     0     0 I         : Freezing user space processes ... (elapsed 0.007 seconds) done.
11-02 20:37:17.292412     0     0 I         : Freezing remaining freezable tasks ... (elapsed 0.004 seconds) done.
11-02 20:37:17.296485     0     0 I         : Suspending console(s) (use no_console_suspend to debug)
11-02 20:37:17.309289     0     0 I mdss_dsi_panel_set_idle_mode: Idle (1->1)
11-02 20:37:17.350281     0     0 I bgcom   : bgcom_pm_suspend: suspended with : 0
--------- switch to system
11-02 20:39:13.648931  1686  1686 I PowerManagerService: Waking up from dozing (uid=1000 reason=tiltToWake)...
--------- switch to kernel
11-02 20:37:17.386568     0     0 I PM      : suspend of devices complete after 87.865 msecs
11-02 20:37:17.391950     0     0 I PM      : late suspend of devices complete after 5.340 msecs
11-02 20:37:17.397828     0     0 I PM      : noirq suspend of devices complete after 5.839 msecs
11-02 20:37:17.397844     0     0 I         : Disabling non-boot CPUs ...
11-02 20:37:17.418348     0     0 I CPU1    : shutdown
11-02 20:37:17.420227     0     0 I suspend ns: 1246982986860	suspend cycles:     255835289721
11-02 20:37:17.420206     0     0 I CPU0    : msm_cpu_pm_enter_sleep mode:3 during suspend
11-02 20:37:17.420206     0     0 I         : Suspended for 116.125 seconds
11-02 20:37:17.420206     0     0 I resume cycles: 258064892591
11-02 20:37:17.420775     0     0 I         : Enabling non-boot CPUs ...
11-02 20:37:17.421613     0     0 I CPU1    : update cpu_capacity 1024
11-02 20:37:17.423052     0     0 I         : CPU1 is up
11-02 20:37:17.425143     0     0 I CPU1    : update max cpu_capacity 748
11-02 20:37:17.426809     0     0 I PM      : noirq resume of devices complete after 3.428 msecs
11-02 20:37:17.431991     0     0 I PM      : early resume of devices complete after 3.721 msecs
11-02 20:37:17.461791     0     0 I bgcom   : bgcom_pm_resume: Bgcom resumed with : 0
11-02 20:37:17.471760     0     0 I mdss_dsi_panel_set_idle_mode: Idle (1->1)
11-02 20:37:17.509335     0     0 I PM      : resume of devices complete after 77.310 msecs
11-02 20:37:17.513481     0     0 I         : Restarting tasks ...
11-02 20:37:17.516805     0     0 W QSEECOM : qseecom_receive_req: Interrupted: exiting Listener Service = 8192
11-02 20:37:17.516863     0     0 W QSEECOM : qseecom_receive_req: Interrupted: exiting Listener Service = 12288
11-02 20:37:17.516905     0     0 W QSEECOM : qseecom_receive_req: Interrupted: exiting Listener Service = 28672
11-02 20:37:17.520390     0     0 W QSEECOM : qseecom_receive_req: Interrupted: exiting Listener Service = 11
11-02 20:37:17.520447     0     0 W QSEECOM : qseecom_receive_req: Interrupted: exiting Listener Service = 10
11-02 20:37:17.526395     0     0 I         : done.
11-02 20:39:13.652286     0     0 I PM      : suspend exit 2021-11-02 19:39:13.652286107 UTC
11-02 20:39:13.663143     0     0 E FG      : fg_psy_get_property: unsupported property 7
11-02 20:39:13.623490     0     0 W healthd : battery l=63 v=3990 t=34.0 h=2 st=3 c=10 fc=443000 cc=0 chg=
--------- switch to system
11-02 20:39:13.689540  1686  1686 W UsageStatsService: Event reported without a package name
--------- switch to main
11-02 20:39:13.689553   512   512 I sensors-hal: batch:140, android.sensor.light/46, period=100000000, max_latency=0
11-02 20:39:13.689656   512   512 I sensors-hal: batch:149, android.sensor.light/46, period=100000000, max_latency=0 request completed
11-02 20:39:13.690405   512   512 I sensors-hal: activate:107, android.sensor.light/46 en=1
11-02 20:39:13.690790   512   512 I sensors-hal: ssc_enable_rt_task:254, ssc_enable_rt_task : true
11-02 20:39:13.694139   512   512 I sensors-hal: activate:118, android.sensor.light/46 en=1 completed
11-02 20:39:13.696206  1686  1823 I SidekickService: endDisplayLocked()
--------- switch to system
11-02 20:39:13.696498  1686  1710 I DisplayManagerService: Display device changed state: "Écran intégré", ON
--------- switch to main
11-02 20:39:13.696717   416  2389 D SKGHAL  : sendAmbientEvent: enter: enable = 0
11-02 20:39:13.708300  2520  2714 D HOME    : [TickMonitor]Received time tick
11-02 20:39:13.716842  4243  4243 D OMService: onDisplayChanged: not dozing
11-02 20:39:13.736017  1686  1759 I InputReader: Reconfiguring input devices.  changes=0x00000004
11-02 20:39:13.747161   512   512 I sensors-hal: batch:140, android.sensor.accelerometer/48, period=66667000, max_latency=100000000
11-02 20:39:13.747317   512   512 I sensors-hal: batch:149, android.sensor.accelerometer/48, period=66667000, max_latency=100000000 request completed
11-02 20:39:13.748142  2520  2714 D HOME    : [TickMonitor]handleTimeTick() finished
11-02 20:39:13.753811   512   512 I sensors-hal: activate:107, android.sensor.accelerometer/48 en=1
11-02 20:39:13.754546   512   512 I sensors-hal: ssc_enable_rt_task:254, ssc_enable_rt_task : true
11-02 20:39:13.757930   512   512 I sensors-hal: activate:118, android.sensor.accelerometer/48 en=1 completed
11-02 20:39:13.776218  1956  1956 D QtiCarrierConfigHelper: WARNING, no carrier configs on phone Id: 0
--------- switch to kernel
11-02 20:39:13.726690     0     0 E bgrsb   : bgrsb_enable: rsb will set report rate
11-02 20:39:13.736038     0     0 E bgrsb   : bgrsb_enable: gpio 32 is valid
--------- switch to main
11-02 20:39:13.781247  2520  2520 D HOME    : [BatteryChange]action: android.intent.action.BATTERY_CHANGED
11-02 20:39:13.782301  2520  7212 D HOME    : [BatteryChange]HandleBatteryChangedTask
11-02 20:39:13.783142  2520  7212 D HOME    : [BatteryChange]level: 63, status: 3
11-02 20:39:13.792009  1686  1799 E WifiStateMachine: getWifiLinkLayerStats called without an interface
--------- switch to kernel
11-02 20:39:13.757531     0     0 I         : [touch]FB_BLANK_VSYNC_SUSPEND
11-02 20:39:13.757538     0     0 I         : [touch]Already in suspend state
--------- switch to main
11-02 20:39:13.799448   504   523 I SDM     : DisplayBase::SetDisplayState: Set state = 3, display 0
11-02 20:39:13.799804   504   523 D SDM     : HWCDisplayPrimary::SetStandByMode: Display is connected successfully
11-02 20:39:13.800691   416  2389 D SKGHAL  : standBy_update_control call succeed on 0
11-02 20:39:13.801633   416  2389 D SKGHAL  : sendAmbientEvent: done: enable = 0
11-02 20:39:13.802527  1686  1823 D SidekickService:    ... endDisplay returns void
11-02 20:39:13.803832   545   545 D SurfaceFlinger: Set power mode=2, type=0 flinger=0xb6bb6000
--------- switch to kernel
11-02 20:39:13.769661     0     0 I mdss_dsi_panel_set_idle_mode: Idle (1->0)
11-02 20:39:13.770860     0     0 E mdp3_enable_panic_ctrl: mdp3_enable_panic_ctrl: Enable Panic Control
11-02 20:39:13.770984     0     0 I         : [touch]FB_BLANK_UNBLANK
11-02 20:39:13.770992     0     0 I         : [touch]raydium_ts_do_resume, 1.
11-02 20:39:13.771539     0     0 I         : [ raydium ]workqueue is empty!
11-02 20:39:13.771566     0     0 I raydium_ts 5-0039: [touch]Already enable irq
11-02 20:39:13.771569     0     0 I         : [touch]Device may wakeup
11-02 20:39:13.873895     0     0 I init    : processing action (ro.enable_core_ctl=true && sys.cw_corectl_mode=perf) from (/vendor/etc/init/hw/init.qcom.rc:954)
--------- switch to main
11-02 20:39:13.804418   504   762 I SDM     : DisplayBase::SetDisplayState: Set state = 1, display 0
11-02 20:39:13.814870   545   545 D SurfaceFlinger: Finished set power mode=2, type=0
11-02 20:39:13.817671  3205  3434 W WorkController: Loading failed for worker [trainingcache]: worker not found
11-02 20:39:13.820543  3205  3294 W A       : TrainingCache cache DEVICE_UNLOCKED failure
11-02 20:39:13.820543  3205  3294 W A       : com.google.android.apps.gsa.search.core.service.h.a.a: No worker found for Worker ID [trainingcache].
11-02 20:39:13.820543  3205  3294 W A       : 	at com.google.android.apps.gsa.search.core.service.g.a.c.a(Unknown Source:5)
11-02 20:39:13.820543  3205  3294 W A       : 	at com.google.android.libraries.gsa.c.a.d.a(Unknown Source:3)
11-02 20:39:13.820543  3205  3294 W A       : 	at com.google.common.p.a.cg.c(Unknown Source:2)
11-02 20:39:13.820543  3205  3294 W A       : 	at com.google.common.p.a.bk.run(SourceFile:3)
11-02 20:39:13.820543  3205  3294 W A       : 	at com.google.common.p.a.ci.run(Unknown Source:4)
11-02 20:39:13.820543  3205  3294 W A       : 	at com.google.apps.tiktok.concurrent.ab.run(SourceFile:1)
11-02 20:39:13.820543  3205  3294 W A       : 	at java.util.concurrent.ThreadPoolExecutor.runWorker(ThreadPoolExecutor.java:1167)
11-02 20:39:13.820543  3205  3294 W A       : 	at java.util.concurrent.ThreadPoolExecutor$Worker.run(ThreadPoolExecutor.java:641)
11-02 20:39:13.820543  3205  3294 W A       : 	at com.google.apps.tiktok.concurrent.c.run(Unknown Source:4)
11-02 20:39:13.820543  3205  3294 W A       : 	at java.lang.Thread.run(Thread.java:764)
11-02 20:39:13.828501   512  7497 I sensors-hal: handle_indication_realtime:355,  SCHED_FIFO(10) for qmi_cbk
--------- switch to system
11-02 20:39:13.828589  1686  1712 W PowerManagerService: Screen on took 293 ms
11-02 20:39:13.829181  1686  1712 I DreamManagerService: Gently waking up from dream.
11-02 20:39:13.830630  1686  1708 I DreamManagerService: Performing gentle wake from dream.
11-02 20:39:13.834726  1686  1702 W BroadcastQueue: Background execution not allowed: receiving Intent { act=android.intent.action.USER_PRESENT flg=0x10 } to com.google.android.gms/.auth.setup.devicesignals.LockScreenReceiver
11-02 20:39:13.847994  1686  1702 W BroadcastQueue: Background execution not allowed: receiving Intent { act=android.intent.action.USER_PRESENT flg=0x10 } to com.google.android.gms/.chimera.GmsIntentOperationService$PersistentTrustedReceiver
11-02 20:39:13.851622  1686  1686 V DreamService[AmbientDream]: wakeUp(): fromSystem=true, mWaking=false, mFinished=false
11-02 20:39:13.851722  1686  1686 V DreamService[AmbientDream]: finish(): mFinished=false
11-02 20:39:13.851792  1686  1686 I DreamManagerService: Leaving dreamland.
11-02 20:39:13.852404  1686  1708 I DreamManagerService: Performing gentle wake from dream.
11-02 20:39:13.852560  1686  1708 I DreamController: Stopping dream: name=ComponentInfo{com.google.android.wearable.ambient/com.google.android.wearable.ambient.AmbientDream}, isTest=false, canDoze=true, userId=0
11-02 20:39:13.864283  1686  1686 V DreamService[AmbientDream]: detach(): Calling onDreamingStopped()
--------- switch to main
11-02 20:39:13.864386  1686  1686 I AmbientService: [ce6a28c] doOnDreamingStopped
11-02 20:39:13.864459  1686  1686 D WristGestureCtrl: Starting: GesturesEnabled-false UngazeEnabled-true
11-02 20:39:13.864506  1686  1686 D DefaultUngazeDetector: starting
11-02 20:39:13.864587  1686  1686 D DefaultUngazeDetector: startUngazeStateEstimation(). startTime = 13433294
11-02 20:39:13.865652   512   512 I sensors-hal: batch:140, android.sensor.accelerometer/48, period=19231000, max_latency=100000000
11-02 20:39:13.866044  1686  1686 W AlarmManagerProxy: Removing unknown listener
11-02 20:39:13.866902   512  7501 I sensors-hal: handle_indication_realtime:355,  SCHED_FIFO(10) for qmi_cbk
11-02 20:39:13.867869   512   512 I sensors-hal: batch:149, android.sensor.accelerometer/48, period=19231000, max_latency=100000000 request completed
11-02 20:39:13.868194   512   512 I sensors-hal: flush:169, android.sensor.accelerometer/48
11-02 20:39:13.870000   512   512 I sensors-hal: flush:175, android.sensor.accelerometer/48 completed
11-02 20:39:13.871601  2520  2520 D HOME    : [HomeVisitsLogger]Logging streamlet event: visit_start
11-02 20:39:13.871832  2520  2520 D HOME    : [HomeVisitsLogger]Logging streamlet event: exit_ambient_mode
11-02 20:39:13.872156  2520  2520 D HOME    : [HotwordController]updateClient MODE_WATCH_FACE false false false true
11-02 20:39:13.872844  2520  2520 D HOME    : [WatchFaceUiController]setInAmbientMode false
11-02 20:39:13.872898  2520  2520 D HOME    : [WatchFaceUiController]sendWatchFaceServiceBinder
11-02 20:39:13.876948  2520  2520 D HOME    : [WatchFaceUiController]sendStateToWallpaper
11-02 20:39:13.877008  1686  1686 I AmbientService: [ce6a28c] No auto-resume Activity.
11-02 20:39:13.878249  2520  2520 D HOME    : [WatchFaceUiController]Showing watch face wallpaper.
11-02 20:39:13.878389  2520  2520 D HOME    : [WatchFaceUiController]sendStateToWallpaper
--------- switch to kernel
11-02 20:39:13.875398     0     0 I CPU2    : update cpu_capacity 1024
11-02 20:39:13.899099     0     0 I CPU2    : update max cpu_capacity 1024
11-02 20:39:13.899367     0     0 I CPU3    : update cpu_capacity 1024
--------- switch to main
11-02 20:39:13.879624  1686  1686 W AlarmManager: Unrecognized alarm listener com.android.server.job.controllers.-$$Lambda$IdleController$IdlenessTracker$nTdS-lGBXcES5VWKcJFmQFgU7IU@1ab437a
--------- switch to kernel
11-02 20:39:13.948426     0     0 I CPU1    : update max cpu_capacity 748
--------- switch to system
11-02 20:39:13.880878  1686  1686 W ContextImpl: Calling a method in the system process without a qualified user: android.app.ContextImpl.sendBroadcast:1020 android.content.ContextWrapper.sendBroadcast:449 com.google.android.wearable.ambient.AmbientDream.onDestroy:273 android.app.ActivityThread.handleStopService:3698 android.app.ActivityThread.access$1700:200 
--------- switch to main
11-02 20:39:13.881645  1686  1686 E AlarmManager: cancel() called with a null PendingIntent
--------- switch to system
11-02 20:39:13.882343  1686  1686 V DreamService[AmbientDream]: onDestroy()
--------- switch to main
11-02 20:39:13.891110  2520  2520 D HOME    : [StreamDBQueue]Promised revision #1638 to queue a new op
11-02 20:39:13.891426  2520  2520 D WatchStreamManager: Promised rank-blocked=true @ r#1638
11-02 20:39:13.891793  2520  2520 D HOME    : [StreamDBQueue]Promised revision #1639 to queue a new op
11-02 20:39:13.891908  2520  2520 D WatchStreamManager: Promised rank-blocked=true @ r#1639
11-02 20:39:13.892314  2520  2520 D HOME    : [TilesController]Tile refresh optimization is enabled.
11-02 20:39:13.892636  2520  2520 D HOME    : [EventBus]Wrapper pool is full. Discarding excess wrapper instance for event com.google.android.clockwork.sysui.events.KeyguardStateEvent
11-02 20:39:13.892718  2520  2520 D HOME    : [WatchFaceUiController]sendStateToWallpaper
11-02 20:39:13.894559  2520  2520 D HOME    : [EventBus]Wrapper pool is full. Discarding excess wrapper instance for event com.google.android.clockwork.sysui.events.KeyguardStateEvent
11-02 20:39:13.894760  2520  2520 D HOME    : [EventBus]Wrapper pool is full. Discarding excess wrapper instance for event com.google.android.clockwork.sysui.events.KeyguardStateEvent
11-02 20:39:13.898581  2520  2520 D HOME    : [WatchFaceUiController]sendStateToWallpaper
11-02 20:39:13.902499  2520  2520 W StaticLayout: maxLineHeight should not be -1.  maxLines:1 lineCount:1
11-02 20:39:13.911821  1686  1686 I WearPower: [WearTouchMediator] changing touch input to enabled (ON_AUTO)
11-02 20:39:13.914765  1686  1759 I InputReader: Reconfiguring input devices.  changes=0x00000200
11-02 20:39:13.926046  2520  6840 D HOME    : [WatchStreamDB]Item alerting conditions - isInterruptive: true, recentlyInterrupted: false, isItemPinned: true, isUnread: false
11-02 20:39:13.939913  1686  1686 W AlarmManagerProxy: Removing unknown listener
11-02 20:39:13.943016  2520  4718 W OpenGLRenderer: Incorrectly called buildLayer on View: HardwareButtonHintOverlayView, destroying layer...
11-02 20:39:13.946130  1686  1686 W DefaultSettingsContentR: Value for ambient_low_bit_enabled not stored as number. Attempting parse as boolean.
11-02 20:39:13.985632  2520  6840 D HOME    : [StreamAlertingRegulator]isTheaterModeEnabled: false, isAlertingAllowedByOffBody: true, matchesLocalInterruptionFilter: true
11-02 20:39:13.985871  2520  2520 D HOME    : [WatchFaceUiController]sendWatchFaceServiceBinder
11-02 20:39:13.991329  2520  2520 D HOME    : [WatchFaceUiController]sendProperties
11-02 20:39:13.992849  2520  2520 D HOME    : [WatchFaceUiController]sendStateToWallpaper
11-02 20:39:13.994497  2520  6840 D HOME    : [WatchStreamDB]couldItemAlert: false, isTopItemChanged: false, isDeferralForTopItem: false
11-02 20:39:13.997150  2520  6840 D HOME    : [WatchStreamDB]Item alerting conditions - isInterruptive: true, recentlyInterrupted: false, isItemPinned: true, isUnread: false
11-02 20:39:13.997478  2520  6840 D HOME    : [StreamAlertingRegulator]isTheaterModeEnabled: false, isAlertingAllowedByOffBody: true, matchesLocalInterruptionFilter: true
11-02 20:39:14.014360  2520  6840 D HOME    : [WatchStreamDB]couldItemAlert: false, isTopItemChanged: false, isDeferralForTopItem: false
--------- switch to kernel
11-02 20:39:13.951548     0     0 I CPU2    : update max cpu_capacity 1024
--------- switch to main
11-02 20:39:14.023638  3205  3434 W WorkController: Loading failed for worker [trainingcache]: worker not found
11-02 20:39:14.031480  3205  3372 W A       : TrainingCache cache SCREEN_ON failure
11-02 20:39:14.031480  3205  3372 W A       : com.google.android.apps.gsa.search.core.service.h.a.a: No worker found for Worker ID [trainingcache].
11-02 20:39:14.031480  3205  3372 W A       : 	at com.google.android.apps.gsa.search.core.service.g.a.c.a(Unknown Source:5)
11-02 20:39:14.031480  3205  3372 W A       : 	at com.google.android.libraries.gsa.c.a.d.a(Unknown Source:3)
11-02 20:39:14.031480  3205  3372 W A       : 	at com.google.common.p.a.cg.c(Unknown Source:2)
11-02 20:39:14.031480  3205  3372 W A       : 	at com.google.common.p.a.bk.run(SourceFile:3)
11-02 20:39:14.031480  3205  3372 W A       : 	at com.google.common.p.a.ci.run(Unknown Source:4)
11-02 20:39:14.031480  3205  3372 W A       : 	at com.google.apps.tiktok.concurrent.ab.run(SourceFile:1)
