11-03 20:47:21.298330     0     0 I bgcom   : bgcom_pm_resume: Bgcom resumed with : 0
11-03 20:47:21.309456     0     0 I mdss_dsi_panel_set_idle_mode: Idle (1->1)
11-03 20:47:21.347069     0     0 I PM      : resume of devices complete after 77.456 msecs
11-03 20:47:21.349684     0     0 I         : Restarting tasks ...
11-03 20:47:21.352168     0     0 W QSEECOM : qseecom_receive_req: Interrupted: exiting Listener Service = 8192
11-03 20:47:21.352235     0     0 W QSEECOM : qseecom_receive_req: Interrupted: exiting Listener Service = 10
11-03 20:47:21.352273     0     0 W QSEECOM : qseecom_receive_req: Interrupted: exiting Listener Service = 28672
11-03 20:47:21.355896     0     0 W QSEECOM : qseecom_receive_req: Interrupted: exiting Listener Service = 12288
11-03 20:47:21.355955     0     0 W QSEECOM : qseecom_receive_req: Interrupted: exiting Listener Service = 11
11-03 20:47:21.361848     0     0 I         : done.
11-03 20:47:22.147216     0     0 I PM      : suspend exit 2021-11-03 19:47:22.147216797 UTC
11-03 20:47:22.248670     0     0 I PM      : suspend entry 2021-11-03 19:47:22.248670964 UTC
11-03 20:47:22.248684     0     0 I PM      : Syncing filesystems ... done.
11-03 20:47:22.358167     0     0 I         : Freezing user space processes ... (elapsed 0.007 seconds) done.
11-03 20:47:22.365650     0     0 I         : Freezing remaining freezable tasks ... (elapsed 0.003 seconds) done.
11-03 20:47:22.369550     0     0 I         : Suspending console(s) (use no_console_suspend to debug)
11-03 20:47:22.381497     0     0 I mdss_dsi_panel_set_idle_mode: Idle (1->1)
11-03 20:47:22.423242     0     0 I bgcom   : bgcom_pm_suspend: suspended with : 0
11-03 20:47:22.460072     0     0 I PM      : suspend of devices complete after 88.299 msecs
11-03 20:47:22.465577     0     0 I PM      : late suspend of devices complete after 5.463 msecs
11-03 20:47:22.471482     0     0 I PM      : noirq suspend of devices complete after 5.877 msecs
11-03 20:47:22.471494     0     0 I         : Disabling non-boot CPUs ...
11-03 20:47:22.490537     0     0 I CPU1    : shutdown
11-03 20:47:22.492554     0     0 I suspend ns: 743419273633	suspend cycles:      18337995924
11-03 20:47:22.492532     0     0 I CPU0    : msm_cpu_pm_enter_sleep mode:3 during suspend
11-03 20:47:22.492532     0     0 I         : Suspended for 0.779 seconds
11-03 20:47:22.492532     0     0 I resume cycles: 18352966997
11-03 20:47:22.492790     0     0 I         : Enabling non-boot CPUs ...
11-03 20:47:22.493597     0     0 I CPU1    : update cpu_capacity 1024
11-03 20:47:22.495020     0     0 I         : CPU1 is up
11-03 20:47:22.497420     0     0 I CPU1    : update max cpu_capacity 1024
11-03 20:47:22.498889     0     0 I PM      : noirq resume of devices complete after 3.527 msecs
11-03 20:47:22.504395     0     0 I PM      : early resume of devices complete after 4.033 msecs
11-03 20:47:22.506444    20    20 E         : [20:47:23.286184] [0000000445F01EF8] [VosRX]  wlan: [E :WDI] WDTS_RxPacketDump RX Data frame is UC
11-03 20:47:22.506467    20    20 E         : [20:47:23.286222] [0000000445F021C7] [VosRX]  wlan: [E :WDI] WDTS_RxPacketDump: Data subtype:8 SA:44:fe:3b:41:13:4b DA:00:0a:f5:f2:a2:70
11-03 20:47:22.506565    20    20 E         : [20:47:23.286320] [0000000445F0292C] [VosRX]  wlan: [E :HDD] hdd_log_ip_addr: src addr 192:168:1:3
11-03 20:47:22.506577    20    20 E         : [20:47:23.286335] [0000000445F02A35] [VosRX]  wlan: [E :HDD] hdd_log_ip_addr: dst addr 192:168:1:14
11-03 20:47:22.533483     0     0 I bgcom   : bgcom_pm_resume: Bgcom resumed with : 0
11-03 20:47:22.545076     0     0 I mdss_dsi_panel_set_idle_mode: Idle (1->1)
11-03 20:47:22.582298     0     0 I PM      : resume of devices complete after 77.875 msecs
11-03 20:47:22.584968     0     0 I         : Restarting tasks ...
11-03 20:47:22.587579     0     0 W QSEECOM : qseecom_receive_req: Interrupted: exiting Listener Service = 12288
11-03 20:47:22.587638     0     0 W QSEECOM : qseecom_receive_req: Interrupted: exiting Listener Service = 11
11-03 20:47:22.590466     0     0 W QSEECOM : qseecom_receive_req: Interrupted: exiting Listener Service = 8192
11-03 20:47:22.590521     0     0 W QSEECOM : qseecom_receive_req: Interrupted: exiting Listener Service = 10
11-03 20:47:22.590552     0     0 W QSEECOM : qseecom_receive_req: Interrupted: exiting Listener Service = 28672
11-03 20:47:22.596993     0     0 I         : done.
11-03 20:47:23.377770     0     0 I PM      : suspend exit 2021-11-03 19:47:23.377770755 UTC
--------- switch to main
11-03 20:47:23.382000  4276  4276 W /system/bin/adbd: type=1400 audit(0.0:268): avc: denied { getattr } for comm=73796E6320737663203531 path="/init" dev="dm-0" ino=18 scontext=u:r:adbd:s0 tcontext=u:object_r:init_exec:s0 tclass=file permissive=0
11-03 20:47:23.382000  4276  4276 W /system/bin/adbd: type=1400 audit(0.0:269): avc: denied { getattr } for comm=73796E6320737663203531 path="/init.environ.rc" dev="dm-0" ino=13 scontext=u:r:adbd:s0 tcontext=u:object_r:rootfs:s0 tclass=file permissive=0
11-03 20:47:23.382000  4276  4276 W /system/bin/adbd: type=1400 audit(0.0:270): avc: denied { getattr } for comm=73796E6320737663203531 path="/init.coralia.rc" dev="dm-0" ino=14 scontext=u:r:adbd:s0 tcontext=u:object_r:rootfs:s0 tclass=file permissive=0
11-03 20:47:23.462000  4276  4276 W /system/bin/adbd: type=1400 audit(0.0:271): avc: denied { getattr } for comm=73796E6320737663203531 path="/init.common.rc" dev="dm-0" ino=35 scontext=u:r:adbd:s0 tcontext=u:object_r:rootfs:s0 tclass=file permissive=0
--------- switch to kernel
11-03 20:47:23.473496     0     0 W audit   : audit_lost=188 audit_rate_limit=5 audit_backlog_limit=64
11-03 20:47:23.473512     0     0 E audit   : rate limit exceeded
11-03 20:47:23.480616     0     0 I PM      : suspend entry 2021-11-03 19:47:23.480616849 UTC
11-03 20:47:23.480632     0     0 I PM      : Syncing filesystems ... done.
11-03 20:47:23.490586     0     0 I         : Freezing user space processes ...
11-03 20:47:23.496396     0     0 I PM      : Wakeup pending, aborting suspend
11-03 20:47:23.496411     0     0 I         : active wakeup source: qcom_rx_wakelock
11-03 20:47:23.496524     0     0 E         : Freezing of tasks aborted after 0.005 seconds
11-03 20:47:23.496539     0     0 I         : Restarting tasks ...
11-03 20:47:23.497418     0     0 W QSEECOM : qseecom_receive_req: Interrupted: exiting Listener Service = 8192
11-03 20:47:23.497484     0     0 W QSEECOM : qseecom_receive_req: Interrupted: exiting Listener Service = 12288
11-03 20:47:23.497531     0     0 W QSEECOM : qseecom_receive_req: Interrupted: exiting Listener Service = 11
11-03 20:47:23.497565     0     0 W QSEECOM : qseecom_receive_req: Interrupted: exiting Listener Service = 10
11-03 20:47:23.497602     0     0 W QSEECOM : qseecom_receive_req: Interrupted: exiting Listener Service = 28672
11-03 20:47:23.501806     0     0 I         : done.
11-03 20:47:23.502548     0     0 I PM      : suspend exit 2021-11-03 19:47:23.502548307 UTC
11-03 20:47:23.708991     0     0 I PM      : suspend entry 2021-11-03 19:47:23.708991849 UTC
11-03 20:47:23.709005     0     0 I PM      : Syncing filesystems ... done.
11-03 20:47:23.731655     0     0 I         : Freezing user space processes ... (elapsed 0.009 seconds) done.
11-03 20:47:23.740702     0     0 I         : Freezing remaining freezable tasks ... (elapsed 0.004 seconds) done.
11-03 20:47:23.744871     0     0 I         : Suspending console(s) (use no_console_suspend to debug)
11-03 20:47:23.757789     0     0 I mdss_dsi_panel_set_idle_mode: Idle (1->1)
11-03 20:47:23.801892     0     0 I bgcom   : bgcom_pm_suspend: suspended with : 0
11-03 20:47:23.836867     0     0 I PM      : suspend of devices complete after 89.206 msecs
11-03 20:47:23.843169     0     0 I PM      : late suspend of devices complete after 6.255 msecs
11-03 20:47:23.849541     0     0 I PM      : noirq suspend of devices complete after 6.344 msecs
11-03 20:47:23.849554     0     0 I         : Disabling non-boot CPUs ...
11-03 20:47:23.868450     0     0 W         : IRQ16 no longer affine to CPU1
11-03 20:47:23.868765     0     0 W         : IRQ93 no longer affine to CPU1
11-03 20:47:23.870540     0     0 I CPU1    : shutdown
11-03 20:47:23.872800     0     0 I suspend ns: 744019769311	suspend cycles:      18364496514
11-03 20:47:23.872772     0     0 I CPU0    : msm_cpu_pm_enter_sleep mode:3 during suspend
11-03 20:47:23.872772     0     0 I         : Suspended for 1.243 seconds
11-03 20:47:23.872772     0     0 I resume cycles: 18388379695
11-03 20:47:23.873066     0     0 I         : Enabling non-boot CPUs ...
11-03 20:47:23.873901     0     0 I CPU1    : update cpu_capacity 1024
11-03 20:47:23.875627     0     0 I         : CPU1 is up
11-03 20:47:23.876990     0     0 I CPU1    : update max cpu_capacity 1024
11-03 20:47:23.879750     0     0 I PM      : noirq resume of devices complete after 3.767 msecs
11-03 20:47:23.885564     0     0 I PM      : early resume of devices complete after 4.277 msecs
11-03 20:47:23.887256    20    20 E         : [20:47:25.131171] [00000004480CA4F0] [VosRX]  wlan: [E :WDI] WDTS_RxPacketDump RX Data frame is UC
11-03 20:47:23.887283    20    20 E         : [20:47:25.131209] [00000004480CA7C4] [VosRX]  wlan: [E :WDI] WDTS_RxPacketDump: Data subtype:8 SA:44:fe:3b:41:13:4b DA:00:0a:f5:f2:a2:70
11-03 20:47:23.887388    20    20 E         : [20:47:25.131312] [00000004480CAFA3] [VosRX]  wlan: [E :HDD] hdd_log_ip_addr: src addr 192:168:1:3
11-03 20:47:23.887464    20    20 E         : [20:47:25.131332] [00000004480CB109] [VosRX]  wlan: [E :HDD] hdd_log_ip_addr: dst addr 192:168:1:14
11-03 20:47:23.917361     0     0 I bgcom   : bgcom_pm_resume: Bgcom resumed with : 0
11-03 20:47:23.929393     0     0 I mdss_dsi_panel_set_idle_mode: Idle (1->1)
11-03 20:47:23.971419     0     0 I PM      : resume of devices complete after 85.824 msecs
11-03 20:47:23.974564     0     0 I         : Restarting tasks ...
11-03 20:47:23.977865     0     0 W QSEECOM : qseecom_receive_req: Interrupted: exiting Listener Service = 12288
11-03 20:47:23.977932     0     0 W QSEECOM : qseecom_receive_req: Interrupted: exiting Listener Service = 11
11-03 20:47:23.977980     0     0 W QSEECOM : qseecom_receive_req: Interrupted: exiting Listener Service = 10
11-03 20:47:23.978028     0     0 W QSEECOM : qseecom_receive_req: Interrupted: exiting Listener Service = 28672
11-03 20:47:23.981177     0     0 W QSEECOM : qseecom_receive_req: Interrupted: exiting Listener Service = 8192
11-03 20:47:23.986594     0     0 I         : done.
11-03 20:47:25.231451     0     0 I PM      : suspend exit 2021-11-03 19:47:25.231451952 UTC
11-03 20:47:25.333919     0     0 I PM      : suspend entry 2021-11-03 19:47:25.333919869 UTC
11-03 20:47:25.333934     0     0 I PM      : Syncing filesystems ... done.
11-03 20:47:25.437365     0     0 I         : Freezing user space processes ... (elapsed 0.007 seconds) done.
11-03 20:47:25.444876     0     0 I         : Freezing remaining freezable tasks ... (elapsed 0.003 seconds) done.
11-03 20:47:25.448867     0     0 I         : Suspending console(s) (use no_console_suspend to debug)
11-03 20:47:25.461031     0     0 I mdss_dsi_panel_set_idle_mode: Idle (1->1)
11-03 20:47:25.495921     0     0 I bgcom   : bgcom_pm_suspend: suspended with : 0
11-03 20:47:25.533177     0     0 I PM      : suspend of devices complete after 81.837 msecs
11-03 20:47:25.539203     0     0 I PM      : late suspend of devices complete after 5.983 msecs
11-03 20:47:25.545088     0     0 I PM      : noirq suspend of devices complete after 5.862 msecs
11-03 20:47:25.545102     0     0 I         : Disabling non-boot CPUs ...
11-03 20:47:25.562131     0     0 W         : IRQ16 no longer affine to CPU1
11-03 20:47:25.562437     0     0 W         : IRQ93 no longer affine to CPU1
11-03 20:47:25.564047     0     0 I CPU1    : shutdown
11-03 20:47:25.566009     0     0 I suspend ns: 744469070614	suspend cycles:      18397006280
11-03 20:47:25.565988     0     0 I CPU0    : msm_cpu_pm_enter_sleep mode:3 during suspend
11-03 20:47:25.565988     0     0 I         : Suspended for 0.780 seconds
11-03 20:47:25.565988     0     0 I resume cycles: 18411990344
11-03 20:47:25.566245     0     0 I         : Enabling non-boot CPUs ...
11-03 20:47:25.567053     0     0 I CPU1    : update cpu_capacity 1024
11-03 20:47:25.568464     0     0 I         : CPU1 is up
11-03 20:47:25.570748     0     0 I CPU1    : update max cpu_capacity 1024
11-03 20:47:25.572227     0     0 I PM      : noirq resume of devices complete after 3.459 msecs
11-03 20:47:25.577418     0     0 I PM      : early resume of devices complete after 3.722 msecs
11-03 20:47:25.578686    20    20 E         : [20:47:26.359110] [0000000449746472] [VosRX]  wlan: [E :WDI] WDTS_RxPacketDump RX Data frame is UC
11-03 20:47:25.578708    20    20 E         : [20:47:26.359141] [00000004497466AA] [VosRX]  wlan: [E :WDI] WDTS_RxPacketDump: Data subtype:8 SA:44:fe:3b:41:13:4b DA:00:0a:f5:f2:a2:70
11-03 20:47:25.578801    20    20 E         : [20:47:26.359234] [0000000449746DBD] [VosRX]  wlan: [E :HDD] hdd_log_ip_addr: src addr 192:168:1:3
11-03 20:47:25.578814    20    20 E         : [20:47:26.359248] [0000000449746EB9] [VosRX]  wlan: [E :HDD] hdd_log_ip_addr: dst addr 192:168:1:14
11-03 20:47:25.606061     0     0 I bgcom   : bgcom_pm_resume: Bgcom resumed with : 0
11-03 20:47:25.617423     0     0 I mdss_dsi_panel_set_idle_mode: Idle (1->1)
11-03 20:47:25.655527     0     0 I PM      : resume of devices complete after 78.082 msecs
11-03 20:47:25.658152     0     0 I         : Restarting tasks ...
11-03 20:47:25.660923     0     0 W QSEECOM : qseecom_receive_req: Interrupted: exiting Listener Service = 8192
11-03 20:47:25.661062     0     0 W QSEECOM : qseecom_receive_req: Interrupted: exiting Listener Service = 10
11-03 20:47:25.663909     0     0 W QSEECOM : qseecom_receive_req: Interrupted: exiting Listener Service = 12288
11-03 20:47:25.663964     0     0 W QSEECOM : qseecom_receive_req: Interrupted: exiting Listener Service = 11
11-03 20:47:25.663997     0     0 W QSEECOM : qseecom_receive_req: Interrupted: exiting Listener Service = 28672
11-03 20:47:25.665227     0     0 I         : done.
11-03 20:47:26.446358     0     0 I PM      : suspend exit 2021-11-03 19:47:26.446358097 UTC
11-03 20:47:26.551877     0     0 I PM      : suspend entry 2021-11-03 19:47:26.551877003 UTC
11-03 20:47:26.551891     0     0 I PM      : Syncing filesystems ... done.
11-03 20:47:26.653127     0     0 I         : Freezing user space processes ...
11-03 20:47:26.657892     0     0 I PM      : Wakeup pending, aborting suspend
11-03 20:47:26.657908     0     0 I         : active wakeup source: qcom_rx_wakelock
11-03 20:47:26.658003     0     0 E         : Freezing of tasks aborted after 0.004 seconds
11-03 20:47:26.658016     0     0 I         : Restarting tasks ...
11-03 20:47:26.658695     0     0 W QSEECOM : qseecom_receive_req: Interrupted: exiting Listener Service = 10
11-03 20:47:26.662471     0     0 W QSEECOM : qseecom_receive_req: Interrupted: exiting Listener Service = 11
11-03 20:47:26.662524     0     0 W QSEECOM : qseecom_receive_req: Interrupted: exiting Listener Service = 28672
11-03 20:47:26.662556     0     0 W QSEECOM : qseecom_receive_req: Interrupted: exiting Listener Service = 12288
11-03 20:47:26.662585     0     0 W QSEECOM : qseecom_receive_req: Interrupted: exiting Listener Service = 8192
11-03 20:47:26.662851     0     0 I         : done.
11-03 20:47:26.663537     0     0 I PM      : suspend exit 2021-11-03 19:47:26.663537836 UTC
11-03 20:47:26.866902     0     0 I PM      : suspend entry 2021-11-03 19:47:26.866902992 UTC
11-03 20:47:26.866915     0     0 I PM      : Syncing filesystems ... done.
11-03 20:47:26.889407     0     0 I         : Freezing user space processes ... (elapsed 0.009 seconds) done.
11-03 20:47:26.898626     0     0 I         : Freezing remaining freezable tasks ... (elapsed 0.004 seconds) done.
11-03 20:47:26.902956     0     0 I         : Suspending console(s) (use no_console_suspend to debug)
11-03 20:47:26.915665     0     0 I mdss_dsi_panel_set_idle_mode: Idle (1->1)
11-03 20:47:26.957002     0     0 I bgcom   : bgcom_pm_suspend: suspended with : 0
11-03 20:47:26.997897     0     0 I PM      : suspend of devices complete after 92.425 msecs
11-03 20:47:27.004446     0     0 I PM      : late suspend of devices complete after 6.502 msecs
11-03 20:47:27.010766     0     0 I PM      : noirq suspend of devices complete after 6.293 msecs
11-03 20:47:27.010781     0     0 I         : Disabling non-boot CPUs ...
11-03 20:47:27.034557     0     0 I CPU1    : shutdown
11-03 20:47:27.036521     0     0 I suspend ns: 745159163272	suspend cycles:      18425240123
11-03 20:47:27.036501     0     0 I CPU0    : msm_cpu_pm_enter_sleep mode:3 during suspend
11-03 20:47:27.036501     0     0 I         : Suspended for 0.229 seconds
11-03 20:47:27.036501     0     0 I resume cycles: 18429649344
11-03 20:47:27.036785     0     0 I         : Enabling non-boot CPUs ...
11-03 20:47:27.037619     0     0 I CPU1    : update cpu_capacity 1024
11-03 20:47:27.039298     0     0 I         : CPU1 is up
11-03 20:47:27.041075     0     0 I CPU1    : update max cpu_capacity 1024
11-03 20:47:27.043414     0     0 I PM      : noirq resume of devices complete after 3.768 msecs
11-03 20:47:27.049297     0     0 I PM      : early resume of devices complete after 4.318 msecs
11-03 20:47:27.050821    20    20 E         : [20:47:27.280466] [000000044A825222] [VosRX]  wlan: [E :WDI] WDTS_RxPacketDump RX Data frame is UC
11-03 20:47:27.050848    20    20 E         : [20:47:27.280505] [000000044A82550A] [VosRX]  wlan: [E :WDI] WDTS_RxPacketDump: Data subtype:8 SA:44:fe:3b:41:13:4b DA:00:0a:f5:f2:a2:70
11-03 20:47:27.051210    20    20 E         : [20:47:27.280862] [000000044A826FE6] [VosRX]  wlan: [E :HDD] hdd_log_ip_addr: src addr 192:168:1:2
11-03 20:47:27.051227    20    20 E         : [20:47:27.280886] [000000044A827194] [VosRX]  wlan: [E :HDD] hdd_log_ip_addr: dst addr 239:255:255:250
11-03 20:47:27.082797     0     0 I bgcom   : bgcom_pm_resume: Bgcom resumed with : 0
11-03 20:47:27.094785     0     0 I mdss_dsi_panel_set_idle_mode: Idle (1->1)
11-03 20:47:27.135646     0     0 I PM      : resume of devices complete after 86.319 msecs
11-03 20:47:27.138691     0     0 I         : Restarting tasks ...
11-03 20:47:27.141482     0     0 W QSEECOM : qseecom_receive_req: Interrupted: exiting Listener Service = 11
11-03 20:47:27.145582     0     0 W QSEECOM : qseecom_receive_req: Interrupted: exiting Listener Service = 12288
11-03 20:47:27.145646     0     0 W QSEECOM : qseecom_receive_req: Interrupted: exiting Listener Service = 10
11-03 20:47:27.145687     0     0 W QSEECOM : qseecom_receive_req: Interrupted: exiting Listener Service = 28672
11-03 20:47:27.145705     0     0 W QSEECOM : qseecom_receive_req: Interrupted: exiting Listener Service = 8192
11-03 20:47:27.155543     0     0 I         : done.
11-03 20:47:27.385979     0     0 I PM      : suspend exit 2021-11-03 19:47:27.385979137 UTC
11-03 20:47:27.487450     0     0 I PM      : suspend entry 2021-11-03 19:47:27.487450023 UTC
11-03 20:47:27.487465     0     0 I PM      : Syncing filesystems ... done.
11-03 20:47:27.591310     0     0 I         : Freezing user space processes ... (elapsed 0.007 seconds) done.
11-03 20:47:27.598566     0     0 I         : Freezing remaining freezable tasks ... (elapsed 0.003 seconds) done.
11-03 20:47:27.602447     0     0 I         : Suspending console(s) (use no_console_suspend to debug)
11-03 20:47:27.604829     0     0 I PM      : Wakeup pending, aborting suspend
11-03 20:47:27.604838     0     0 I         : active wakeup source: qcom_rx_wakelock
11-03 20:47:27.604923     0     0 E PM      : Some devices failed to suspend, or early wake event detected
11-03 20:47:27.604944     0     0 W vcsa63  : Unbalanced pm_runtime_enable!
11-03 20:47:27.604955     0     0 I PM      : resume of devices complete after 0.023 msecs
11-03 20:47:27.607312     0     0 I         : Restarting tasks ...
11-03 20:47:27.608738     0     0 W QSEECOM : qseecom_receive_req: Interrupted: exiting Listener Service = 8192
11-03 20:47:27.608799     0     0 W QSEECOM : qseecom_receive_req: Interrupted: exiting Listener Service = 11
11-03 20:47:27.608837     0     0 W QSEECOM : qseecom_receive_req: Interrupted: exiting Listener Service = 10
11-03 20:47:27.612881     0     0 W QSEECOM : qseecom_receive_req: Interrupted: exiting Listener Service = 28672
11-03 20:47:27.612941     0     0 W QSEECOM : qseecom_receive_req: Interrupted: exiting Listener Service = 12288
11-03 20:47:27.613164     0     0 I         : done.
11-03 20:47:27.613857     0     0 I PM      : suspend exit 2021-11-03 19:47:27.613857054 UTC
11-03 20:47:27.815343     0     0 I PM      : suspend entry 2021-11-03 19:47:27.815343929 UTC
11-03 20:47:27.815357     0     0 I PM      : Syncing filesystems ... done.
11-03 20:47:27.836653     0     0 I         : Freezing user space processes ... (elapsed 0.008 seconds) done.
11-03 20:47:27.845597     0     0 I         : Freezing remaining freezable tasks ... (elapsed 0.004 seconds) done.
11-03 20:47:27.849810     0     0 I         : Suspending console(s) (use no_console_suspend to debug)
11-03 20:47:27.862910     0     0 I mdss_dsi_panel_set_idle_mode: Idle (1->1)
11-03 20:47:27.906525     0     0 I bgcom   : bgcom_pm_suspend: suspended with : 0
11-03 20:47:27.947431     0     0 I PM      : suspend of devices complete after 94.763 msecs
11-03 20:47:27.953825     0     0 I PM      : late suspend of devices complete after 6.348 msecs
11-03 20:47:27.960069     0     0 I PM      : noirq suspend of devices complete after 6.217 msecs
11-03 20:47:27.960081     0     0 I         : Disabling non-boot CPUs ...
11-03 20:47:27.974098     0     0 I CPU1    : shutdown
11-03 20:47:27.976125     0     0 I suspend ns: 745869117701	suspend cycles:      18443280469
11-03 20:47:27.976103     0     0 I CPU0    : msm_cpu_pm_enter_sleep mode:3 during suspend
11-03 20:47:27.976103     0     0 I         : Suspended for 0.211 seconds
11-03 20:47:27.976103     0     0 I resume cycles: 18447346615
11-03 20:47:27.976388     0     0 I         : Enabling non-boot CPUs ...
11-03 20:47:27.977218     0     0 I CPU1    : update cpu_capacity 1024
11-03 20:47:27.978874     0     0 I         : CPU1 is up
11-03 20:47:27.980517     0     0 I CPU1    : update max cpu_capacity 1024
11-03 20:47:27.982915     0     0 I PM      : noirq resume of devices complete after 3.693 msecs
11-03 20:47:27.988544     0     0 I PM      : early resume of devices complete after 4.095 msecs
11-03 20:47:27.989847    20    20 E         : [20:47:28.201625] [000000044B903105] [VosRX]  wlan: [E :WDI] WDTS_RxPacketDump RX Data frame is UC
11-03 20:47:27.989875    20    20 E         : [20:47:28.201663] [000000044B9033D3] [VosRX]  wlan: [E :WDI] WDTS_RxPacketDump: Data subtype:8 SA:44:fe:3b:41:13:4b DA:00:0a:f5:f2:a2:70
11-03 20:47:27.989974    20    20 E         : [20:47:28.201762] [000000044B903B50] [VosRX]  wlan: [E :HDD] hdd_log_ip_addr: src addr 192:168:1:1
11-03 20:47:27.989992    20    20 E         : [20:47:28.201781] [000000044B903CA8] [VosRX]  wlan: [E :HDD] hdd_log_ip_addr: dst addr 192:168:1:14
11-03 20:47:28.020767     0     0 I bgcom   : bgcom_pm_resume: Bgcom resumed with : 0
11-03 20:47:28.032760     0     0 I mdss_dsi_panel_set_idle_mode: Idle (1->1)
11-03 20:47:28.075154     0     0 I PM      : resume of devices complete after 86.578 msecs
11-03 20:47:28.078169     0     0 I         : Restarting tasks ...
11-03 20:47:28.081349     0     0 W QSEECOM : qseecom_receive_req: Interrupted: exiting Listener Service = 8192
11-03 20:47:28.081416     0     0 W QSEECOM : qseecom_receive_req: Interrupted: exiting Listener Service = 11
11-03 20:47:28.081461     0     0 W QSEECOM : qseecom_receive_req: Interrupted: exiting Listener Service = 10
11-03 20:47:28.081513     0     0 W QSEECOM : qseecom_receive_req: Interrupted: exiting Listener Service = 28672
11-03 20:47:28.084621     0     0 W QSEECOM : qseecom_receive_req: Interrupted: exiting Listener Service = 12288
11-03 20:47:28.092863     0     0 I         : done.
11-03 20:47:28.305418     0     0 I PM      : suspend exit 2021-11-03 19:47:28.305418720 UTC
11-03 20:47:28.407339     0     0 I PM      : suspend entry 2021-11-03 19:47:28.407339501 UTC
11-03 20:47:28.407353     0     0 I PM      : Syncing filesystems ... done.
11-03 20:47:28.508498     0     0 I         : Freezing user space processes ... (elapsed 0.007 seconds) done.
11-03 20:47:28.516278     0     0 I         : Freezing remaining freezable tasks ... (elapsed 0.003 seconds) done.
11-03 20:47:28.520210     0     0 I         : Suspending console(s) (use no_console_suspend to debug)
11-03 20:47:28.533522     0     0 I mdss_dsi_panel_set_idle_mode: Idle (1->1)
11-03 20:47:28.577376     0     0 I bgcom   : bgcom_pm_suspend: suspended with : 0
11-03 20:47:28.615247     0     0 I PM      : suspend of devices complete after 92.561 msecs
11-03 20:47:28.621235     0     0 I PM      : late suspend of devices complete after 5.946 msecs
11-03 20:47:28.627061     0     0 I PM      : noirq suspend of devices complete after 5.801 msecs
11-03 20:47:28.627074     0     0 I         : Disabling non-boot CPUs ...
11-03 20:47:28.645360     0     0 I CPU1    : shutdown
11-03 20:47:28.647309     0     0 I suspend ns: 746328522546	suspend cycles:      18456167188
11-03 20:47:28.647287     0     0 I CPU0    : msm_cpu_pm_enter_sleep mode:3 during suspend
11-03 20:47:28.647287     0     0 I         : Suspended for 0.769 seconds
11-03 20:47:28.647287     0     0 I resume cycles: 18470946795
11-03 20:47:28.647551     0     0 I         : Enabling non-boot CPUs ...
11-03 20:47:28.648354     0     0 I CPU1    : update cpu_capacity 1024
11-03 20:47:28.649746     0     0 I         : CPU1 is up
11-03 20:47:28.652181     0     0 I CPU1    : update max cpu_capacity 1024
11-03 20:47:28.653566     0     0 I PM      : noirq resume of devices complete after 3.500 msecs
11-03 20:47:28.658777     0     0 I PM      : early resume of devices complete after 3.738 msecs
11-03 20:47:28.660031    20    20 E         : [20:47:29.429803] [000000044CF80269] [VosRX]  wlan: [E :WDI] WDTS_RxPacketDump RX Data frame is UC
11-03 20:47:28.660052    20    20 E         : [20:47:29.429835] [000000044CF804BA] [VosRX]  wlan: [E :WDI] WDTS_RxPacketDump: Data subtype:8 SA:44:fe:3b:41:13:4b DA:00:0a:f5:f2:a2:70
11-03 20:47:28.660150    20    20 E         : [20:47:29.429931] [000000044CF80C00] [VosRX]  wlan: [E :HDD] hdd_log_ip_addr: src addr 192:168:1:3
11-03 20:47:28.660163    20    20 E         : [20:47:29.429947] [000000044CF80D21] [VosRX]  wlan: [E :HDD] hdd_log_ip_addr: dst addr 192:168:1:14
11-03 20:47:28.687495     0     0 I bgcom   : bgcom_pm_resume: Bgcom resumed with : 0
11-03 20:47:28.698625     0     0 I mdss_dsi_panel_set_idle_mode: Idle (1->1)
11-03 20:47:28.736996     0     0 I PM      : resume of devices complete after 78.193 msecs
11-03 20:47:28.739618     0     0 I         : Restarting tasks ...
11-03 20:47:28.742286     0     0 W QSEECOM : qseecom_receive_req: Interrupted: exiting Listener Service = 11
11-03 20:47:28.742428     0     0 W QSEECOM : qseecom_receive_req: Interrupted: exiting Listener Service = 28672
11-03 20:47:28.745440     0     0 W QSEECOM : qseecom_receive_req: Interrupted: exiting Listener Service = 8192
11-03 20:47:28.745493     0     0 W QSEECOM : qseecom_receive_req: Interrupted: exiting Listener Service = 12288
11-03 20:47:28.745524     0     0 W QSEECOM : qseecom_receive_req: Interrupted: exiting Listener Service = 10
11-03 20:47:28.746433     0     0 I         : done.
11-03 20:47:29.516984     0     0 I PM      : suspend exit 2021-11-03 19:47:29.516984031 UTC
11-03 20:47:29.620767     0     0 I PM      : suspend entry 2021-11-03 19:47:29.620767989 UTC
11-03 20:47:29.620783     0     0 I PM      : Syncing filesystems ... done.
11-03 20:47:29.719904     0     0 I         : Freezing user space processes ... (elapsed 0.007 seconds) done.
11-03 20:47:29.727442     0     0 I         : Freezing remaining freezable tasks ... (elapsed 0.003 seconds) done.
11-03 20:47:29.731446     0     0 I         : Suspending console(s) (use no_console_suspend to debug)
11-03 20:47:29.744632     0     0 I mdss_dsi_panel_set_idle_mode: Idle (1->1)
11-03 20:47:29.786717     0     0 I bgcom   : bgcom_pm_suspend: suspended with : 0
11-03 20:47:29.823546     0     0 I PM      : suspend of devices complete after 89.688 msecs
11-03 20:47:29.829143     0     0 I PM      : late suspend of devices complete after 5.555 msecs
11-03 20:47:29.834985     0     0 I PM      : noirq suspend of devices complete after 5.820 msecs
11-03 20:47:29.834996     0     0 I         : Disabling non-boot CPUs ...
11-03 20:47:29.853046     0     0 W         : IRQ16 no longer affine to CPU1
11-03 20:47:29.853059     0     0 W         : IRQ21 no longer affine to CPU1
11-03 20:47:29.855001     0     0 I CPU1    : shutdown
11-03 20:47:29.856874     0     0 I suspend ns: 746768320516	suspend cycles:      18479390916
11-03 20:47:29.856855     0     0 I CPU0    : msm_cpu_pm_enter_sleep mode:3 during suspend
11-03 20:47:29.856855     0     0 I         : Suspended for 1.095 seconds
11-03 20:47:29.856855     0     0 I resume cycles: 18500421287
11-03 20:47:29.857112     0     0 I         : Enabling non-boot CPUs ...
11-03 20:47:29.857905     0     0 I CPU1    : update cpu_capacity 1024
11-03 20:47:29.859299     0     0 I         : CPU1 is up
11-03 20:47:29.861825     0     0 I CPU1    : update max cpu_capacity 1024
11-03 20:47:29.863183     0     0 I PM      : noirq resume of devices complete after 3.562 msecs
11-03 20:47:29.868372     0     0 I PM      : early resume of devices complete after 3.718 msecs
11-03 20:47:29.869654    20    20 E         : [20:47:30.964989] [000000044EB9C550] [VosRX]  wlan: [E :WDI] WDTS_RxPacketDump RX Data frame is UC
11-03 20:47:29.869675    20    20 E         : [20:47:30.965020] [000000044EB9C793] [VosRX]  wlan: [E :WDI] WDTS_RxPacketDump: Data subtype:8 SA:44:fe:3b:41:13:4b DA:00:0a:f5:f2:a2:70
11-03 20:47:29.869773    20    20 E         : [20:47:30.965115] [000000044EB9CEC9] [VosRX]  wlan: [E :HDD] hdd_log_ip_addr: src addr 192:168:1:3
11-03 20:47:29.869785    20    20 E         : [20:47:30.965131] [000000044EB9CFEE] [VosRX]  wlan: [E :HDD] hdd_log_ip_addr: dst addr 192:168:1:14
11-03 20:47:29.897556     0     0 I bgcom   : bgcom_pm_resume: Bgcom resumed with : 0
11-03 20:47:29.909079     0     0 I mdss_dsi_panel_set_idle_mode: Idle (1->1)
11-03 20:47:29.946275     0     0 I PM      : resume of devices complete after 77.877 msecs
11-03 20:47:29.948910     0     0 I         : Restarting tasks ...
11-03 20:47:29.951471     0     0 W QSEECOM : qseecom_receive_req: Interrupted: exiting Listener Service = 8192
11-03 20:47:29.951529     0     0 W QSEECOM : qseecom_receive_req: Interrupted: exiting Listener Service = 11
11-03 20:47:29.954702     0     0 W QSEECOM : qseecom_receive_req: Interrupted: exiting Listener Service = 12288
11-03 20:47:29.954756     0     0 W QSEECOM : qseecom_receive_req: Interrupted: exiting Listener Service = 10
11-03 20:47:29.954790     0     0 W QSEECOM : qseecom_receive_req: Interrupted: exiting Listener Service = 28672
11-03 20:47:29.962052     0     0 I         : done.
11-03 20:47:31.058070     0     0 I PM      : suspend exit 2021-11-03 19:47:31.058070801 UTC
11-03 20:47:31.159987     0     0 I PM      : suspend entry 2021-11-03 19:47:31.159987103 UTC
11-03 20:47:31.160000     0     0 I PM      : Syncing filesystems ... done.
11-03 20:47:31.260811     0     0 I         : Freezing user space processes ... (elapsed 0.007 seconds) done.
11-03 20:47:31.268243     0     0 I         : Freezing remaining freezable tasks ... (elapsed 0.003 seconds) done.
11-03 20:47:31.272242     0     0 I         : Suspending console(s) (use no_console_suspend to debug)
11-03 20:47:31.283830     0     0 I mdss_dsi_panel_set_idle_mode: Idle (1->1)
11-03 20:47:31.323012     0     0 I bgcom   : bgcom_pm_suspend: suspended with : 0
11-03 20:47:31.360101     0     0 I PM      : suspend of devices complete after 85.629 msecs
11-03 20:47:31.365777     0     0 I PM      : late suspend of devices complete after 5.634 msecs
11-03 20:47:31.371732     0     0 I PM      : noirq suspend of devices complete after 5.929 msecs
11-03 20:47:31.371746     0     0 I         : Disabling non-boot CPUs ...
11-03 20:47:31.390201     0     0 I CPU1    : shutdown
11-03 20:47:31.392177     0     0 I suspend ns: 747208286559	suspend cycles:      18508868635
11-03 20:47:31.392154     0     0 I CPU0    : msm_cpu_pm_enter_sleep mode:3 during suspend
11-03 20:47:31.392154     0     0 I         : Suspended for 0.174 seconds
11-03 20:47:31.392154     0     0 I resume cycles: 18512214429
11-03 20:47:31.392419     0     0 I         : Enabling non-boot CPUs ...
11-03 20:47:31.393221     0     0 I CPU1    : update cpu_capacity 1024
11-03 20:47:31.394662     0     0 I         : CPU1 is up
11-03 20:47:31.397019     0     0 I CPU1    : update max cpu_capacity 1024
11-03 20:47:31.398476     0     0 I PM      : noirq resume of devices complete after 3.491 msecs
11-03 20:47:31.403703     0     0 I PM      : early resume of devices complete after 3.748 msecs
11-03 20:47:31.404965    20    20 E         : [20:47:31.579226] [000000044F6DB922] [VosRX]  wlan: [E :WDI] WDTS_RxPacketDump RX Data frame is UC
11-03 20:47:31.404989    20    20 E         : [20:47:31.579260] [000000044F6DBB90] [VosRX]  wlan: [E :WDI] WDTS_RxPacketDump: Data subtype:8 SA:44:fe:3b:41:13:4b DA:00:0a:f5:f2:a2:70
11-03 20:47:31.432238     0     0 I bgcom   : bgcom_pm_resume: Bgcom resumed with : 0
11-03 20:47:31.443391     0     0 I mdss_dsi_panel_set_idle_mode: Idle (1->1)
11-03 20:47:31.481445     0     0 I PM      : resume of devices complete after 77.715 msecs
11-03 20:47:31.484042     0     0 I         : Restarting tasks ...
11-03 20:47:31.486758     0     0 W QSEECOM : qseecom_receive_req: Interrupted: exiting Listener Service = 8192
11-03 20:47:31.486819     0     0 W QSEECOM : qseecom_receive_req: Interrupted: exiting Listener Service = 12288
11-03 20:47:31.486853     0     0 W QSEECOM : qseecom_receive_req: Interrupted: exiting Listener Service = 28672
11-03 20:47:31.489919     0     0 W QSEECOM : qseecom_receive_req: Interrupted: exiting Listener Service = 11
11-03 20:47:31.489971     0     0 W QSEECOM : qseecom_receive_req: Interrupted: exiting Listener Service = 10
11-03 20:47:31.490669     0     0 I         : done.
11-03 20:47:31.665716     0     0 I PM      : suspend exit 2021-11-03 19:47:31.665716008 UTC
11-03 20:47:31.770750     0     0 I PM      : suspend entry 2021-11-03 19:47:31.770750748 UTC
11-03 20:47:31.770763     0     0 I PM      : Syncing filesystems ... done.
11-03 20:47:31.868609     0     0 I         : Freezing user space processes ... (elapsed 0.007 seconds) done.
11-03 20:47:31.876154     0     0 I         : Freezing remaining freezable tasks ... (elapsed 0.003 seconds) done.
11-03 20:47:31.880100     0     0 I         : Suspending console(s) (use no_console_suspend to debug)
11-03 20:47:31.893273     0     0 I mdss_dsi_panel_set_idle_mode: Idle (1->1)
11-03 20:47:31.936205     0     0 I bgcom   : bgcom_pm_suspend: suspended with : 0
11-03 20:47:31.972601     0     0 I PM      : suspend of devices complete after 90.052 msecs
11-03 20:47:31.978114     0     0 I PM      : late suspend of devices complete after 5.472 msecs
11-03 20:47:31.984100     0     0 I PM      : noirq suspend of devices complete after 5.959 msecs
11-03 20:47:31.984114     0     0 I         : Disabling non-boot CPUs ...
11-03 20:47:32.002494     0     0 W migrate_irqs: 1 callbacks suppressed
11-03 20:47:32.002502     0     0 W         : IRQ16 no longer affine to CPU1
11-03 20:47:32.002812     0     0 W         : IRQ93 no longer affine to CPU1
11-03 20:47:32.004481     0     0 I CPU1    : shutdown
11-03 20:47:32.006514     0     0 I suspend ns: 747648367758	suspend cycles:      18520663988
11-03 20:47:32.006493     0     0 I CPU0    : msm_cpu_pm_enter_sleep mode:3 during suspend
11-03 20:47:32.006493     0     0 I         : Suspended for 0.174 seconds
11-03 20:47:32.006493     0     0 I resume cycles: 18524007359
11-03 20:47:32.006757     0     0 I         : Enabling non-boot CPUs ...
11-03 20:47:32.007561     0     0 I CPU1    : update cpu_capacity 1024
11-03 20:47:32.009003     0     0 I         : CPU1 is up
11-03 20:47:32.011144     0     0 I CPU1    : update max cpu_capacity 1024
11-03 20:47:32.012815     0     0 I PM      : noirq resume of devices complete after 3.483 msecs
11-03 20:47:32.017999     0     0 I PM      : early resume of devices complete after 3.711 msecs
11-03 20:47:32.019636    20    20 E         : [20:47:32.193773] [000000045021C41F] [VosRX]  wlan: [E :WDI] WDTS_RxPacketDump RX Data frame is UC
11-03 20:47:32.019660    20    20 E         : [20:47:32.193806] [000000045021C68D] [VosRX]  wlan: [E :WDI] WDTS_RxPacketDump: Data subtype:8 SA:44:fe:3b:41:13:4b DA:00:0a:f5:f2:a2:70
11-03 20:47:32.019755    20    20 E         : [20:47:32.193901] [000000045021CDB7] [VosRX]  wlan: [E :HDD] hdd_log_ip_addr: src addr 192:168:1:3
11-03 20:47:32.019767    20    20 E         : [20:47:32.193916] [000000045021CED1] [VosRX]  wlan: [E :HDD] hdd_log_ip_addr: dst addr 192:168:1:14
11-03 20:47:32.047437     0     0 I bgcom   : bgcom_pm_resume: Bgcom resumed with : 0
11-03 20:47:32.057335     0     0 I mdss_dsi_panel_set_idle_mode: Idle (1->1)
11-03 20:47:32.095615     0     0 I PM      : resume of devices complete after 77.588 msecs
11-03 20:47:32.098254     0     0 I         : Restarting tasks ...
11-03 20:47:32.100708     0     0 W QSEECOM : qseecom_receive_req: Interrupted: exiting Listener Service = 11
11-03 20:47:32.100774     0     0 W QSEECOM : qseecom_receive_req: Interrupted: exiting Listener Service = 10
11-03 20:47:32.103881     0     0 W QSEECOM : qseecom_receive_req: Interrupted: exiting Listener Service = 8192
11-03 20:47:32.103941     0     0 W QSEECOM : qseecom_receive_req: Interrupted: exiting Listener Service = 12288
11-03 20:47:32.103978     0     0 W QSEECOM : qseecom_receive_req: Interrupted: exiting Listener Service = 28672
11-03 20:47:32.108086     0     0 I         : done.
11-03 20:47:32.282930     0     0 I PM      : suspend exit 2021-11-03 19:47:32.282930174 UTC
11-03 20:47:32.384878     0     0 I PM      : suspend entry 2021-11-03 19:47:32.384878038 UTC
11-03 20:47:32.384892     0     0 I PM      : Syncing filesystems ... done.
11-03 20:47:32.487001     0     0 I         : Freezing user space processes ... (elapsed 0.007 seconds) done.
11-03 20:47:32.494458     0     0 I         : Freezing remaining freezable tasks ... (elapsed 0.004 seconds) done.
11-03 20:47:32.498599     0     0 I         : Suspending console(s) (use no_console_suspend to debug)
11-03 20:47:32.510110     0     0 I mdss_dsi_panel_set_idle_mode: Idle (1->1)
11-03 20:47:32.550159     0     0 I bgcom   : bgcom_pm_suspend: suspended with : 0
11-03 20:47:32.586604     0     0 I PM      : suspend of devices complete after 85.785 msecs
11-03 20:47:32.592642     0     0 I PM      : late suspend of devices complete after 5.996 msecs
11-03 20:47:32.598461     0     0 I PM      : noirq suspend of devices complete after 5.794 msecs
11-03 20:47:32.598472     0     0 I         : Disabling non-boot CPUs ...
11-03 20:47:32.616515     0     0 W         : IRQ16 no longer affine to CPU1
11-03 20:47:32.616827     0     0 W         : IRQ93 no longer affine to CPU1
11-03 20:47:32.618429     0     0 I CPU1    : shutdown
11-03 20:47:32.620356     0     0 I suspend ns: 748088075207	suspend cycles:      18532449742
11-03 20:47:32.620338     0     0 I CPU0    : msm_cpu_pm_enter_sleep mode:3 during suspend
11-03 20:47:32.620338     0     0 I         : Suspended for 0.788 seconds
11-03 20:47:32.620338     0     0 I resume cycles: 18547599301
11-03 20:47:32.620588     0     0 I         : Enabling non-boot CPUs ...
11-03 20:47:32.621392     0     0 I CPU1    : update cpu_capacity 1024
11-03 20:47:32.622795     0     0 I         : CPU1 is up
11-03 20:47:32.625165     0     0 I CPU1    : update max cpu_capacity 1024
11-03 20:47:32.626657     0     0 I PM      : noirq resume of devices complete after 3.538 msecs
11-03 20:47:32.631871     0     0 I PM      : early resume of devices complete after 3.747 msecs
11-03 20:47:32.633595    20    20 E         : [20:47:33.422630] [000000045189C88A] [VosRX]  wlan: [E :WDI] WDTS_RxPacketDump RX Data frame is UC
11-03 20:47:32.633617    20    20 E         : [20:47:33.422667] [000000045189CB1F] [VosRX]  wlan: [E :WDI] WDTS_RxPacketDump: Data subtype:8 SA:44:fe:3b:41:13:4b DA:00:0a:f5:f2:a2:70
11-03 20:47:32.633713    20    20 E         : [20:47:33.422761] [000000045189D23C] [VosRX]  wlan: [E :HDD] hdd_log_ip_addr: src addr 192:168:1:3
11-03 20:47:32.633726    20    20 E         : [20:47:33.422777] [000000045189D364] [VosRX]  wlan: [E :HDD] hdd_log_ip_addr: dst addr 192:168:1:14
11-03 20:47:32.660995     0     0 I bgcom   : bgcom_pm_resume: Bgcom resumed with : 0
11-03 20:47:32.672211     0     0 I mdss_dsi_panel_set_idle_mode: Idle (1->1)
11-03 20:47:32.709384     0     0 I PM      : resume of devices complete after 77.483 msecs
11-03 20:47:32.711992     0     0 I         : Restarting tasks ...
11-03 20:47:32.714465     0     0 W QSEECOM : qseecom_receive_req: Interrupted: exiting Listener Service = 8192
11-03 20:47:32.714532     0     0 W QSEECOM : qseecom_receive_req: Interrupted: exiting Listener Service = 28672
11-03 20:47:32.717919     0     0 W QSEECOM : qseecom_receive_req: Interrupted: exiting Listener Service = 12288
11-03 20:47:32.717974     0     0 W QSEECOM : qseecom_receive_req: Interrupted: exiting Listener Service = 11
11-03 20:47:32.718007     0     0 W QSEECOM : qseecom_receive_req: Interrupted: exiting Listener Service = 10
11-03 20:47:32.725251     0     0 I         : done.
11-03 20:47:33.514980     0     0 I PM      : suspend exit 2021-11-03 19:47:33.514980589 UTC
11-03 20:47:33.616450     0     0 I PM      : suspend entry 2021-11-03 19:47:33.616450173 UTC
11-03 20:47:33.616464     0     0 I PM      : Syncing filesystems ... done.
11-03 20:47:33.716397     0     0 I         : Freezing user space processes ... (elapsed 0.007 seconds) done.
11-03 20:47:33.723743     0     0 I         : Freezing remaining freezable tasks ... (elapsed 0.004 seconds) done.
11-03 20:47:33.727849     0     0 I         : Suspending console(s) (use no_console_suspend to debug)
11-03 20:47:33.740321     0     0 I mdss_dsi_panel_set_idle_mode: Idle (1->1)
11-03 20:47:33.779584     0     0 I bgcom   : bgcom_pm_suspend: suspended with : 0
11-03 20:47:33.817114     0     0 I PM      : suspend of devices complete after 87.046 msecs
11-03 20:47:33.822627     0     0 I PM      : late suspend of devices complete after 5.469 msecs
11-03 20:47:33.828445     0     0 I PM      : noirq suspend of devices complete after 5.793 msecs
11-03 20:47:33.828458     0     0 I         : Disabling non-boot CPUs ...
11-03 20:47:33.847269     0     0 I CPU1    : shutdown
11-03 20:47:33.849237     0     0 I suspend ns: 748527914739	suspend cycles:      18556044220
11-03 20:47:33.849215     0     0 I CPU0    : msm_cpu_pm_enter_sleep mode:3 during suspend
11-03 20:47:33.849215     0     0 I         : Suspended for 0.481 seconds
11-03 20:47:33.849215     0     0 I resume cycles: 18565290910
11-03 20:47:33.849476     0     0 I         : Enabling non-boot CPUs ...
11-03 20:47:33.850291     0     0 I CPU1    : update cpu_capacity 1024
11-03 20:47:33.851707     0     0 I         : CPU1 is up
11-03 20:47:33.854066     0     0 I CPU1    : update max cpu_capacity 1024
11-03 20:47:33.855540     0     0 I PM      : noirq resume of devices complete after 3.520 msecs
11-03 20:47:33.860995     0     0 I PM      : early resume of devices complete after 3.981 msecs
11-03 20:47:33.862376    20    20 E         : [20:47:34.343976] [000000045297B560] [VosRX]  wlan: [E :WDI] WDTS_RxPacketDump RX Data frame is UC
11-03 20:47:33.862398    20    20 E         : [20:47:34.344008] [000000045297B7B2] [VosRX]  wlan: [E :WDI] WDTS_RxPacketDump: Data subtype:8 SA:44:fe:3b:41:13:4b DA:00:0a:f5:f2:a2:70
11-03 20:47:33.862494    20    20 E         : [20:47:34.344103] [000000045297BED4] [VosRX]  wlan: [E :HDD] hdd_log_ip_addr: src addr 192:168:1:3
11-03 20:47:33.862506    20    20 E         : [20:47:34.344118] [000000045297BFF0] [VosRX]  wlan: [E :HDD] hdd_log_ip_addr: dst addr 192:168:1:14
11-03 20:47:33.889783     0     0 I bgcom   : bgcom_pm_resume: Bgcom resumed with : 0
11-03 20:47:33.900903     0     0 I mdss_dsi_panel_set_idle_mode: Idle (1->1)
11-03 20:47:33.938384     0     0 I PM      : resume of devices complete after 77.360 msecs
11-03 20:47:33.941016     0     0 I         : Restarting tasks ...
11-03 20:47:33.943418     0     0 W QSEECOM : qseecom_receive_req: Interrupted: exiting Listener Service = 8192
11-03 20:47:33.943473     0     0 W QSEECOM : qseecom_receive_req: Interrupted: exiting Listener Service = 12288
11-03 20:47:33.943504     0     0 W QSEECOM : qseecom_receive_req: Interrupted: exiting Listener Service = 10
11-03 20:47:33.943544     0     0 W QSEECOM : qseecom_receive_req: Interrupted: exiting Listener Service = 28672
11-03 20:47:33.946776     0     0 W QSEECOM : qseecom_receive_req: Interrupted: exiting Listener Service = 11
11-03 20:47:33.947583     0     0 I         : done.
11-03 20:47:34.429938     0     0 I PM      : suspend exit 2021-11-03 19:47:34.429938401 UTC
11-03 20:47:34.533435     0     0 I PM      : suspend entry 2021-11-03 19:47:34.533435797 UTC
11-03 20:47:34.533449     0     0 I PM      : Syncing filesystems ... done.
11-03 20:47:34.632966     0     0 I         : Freezing user space processes ... (elapsed 0.007 seconds) done.
11-03 20:47:34.640624     0     0 I         : Freezing remaining freezable tasks ... (elapsed 0.003 seconds) done.
11-03 20:47:34.644609     0     0 I         : Suspending console(s) (use no_console_suspend to debug)
11-03 20:47:34.657837     0     0 I mdss_dsi_panel_set_idle_mode: Idle (1->1)
11-03 20:47:34.700368     0     0 I bgcom   : bgcom_pm_suspend: suspended with : 0
11-03 20:47:34.736708     0     0 I PM      : suspend of devices complete after 89.638 msecs
11-03 20:47:34.742714     0     0 I PM      : late suspend of devices complete after 5.965 msecs
11-03 20:47:34.748516     0     0 I PM      : noirq suspend of devices complete after 5.779 msecs
11-03 20:47:34.748528     0     0 I         : Disabling non-boot CPUs ...
11-03 20:47:34.766798     0     0 W         : IRQ16 no longer affine to CPU1
11-03 20:47:34.766810     0     0 W         : IRQ21 no longer affine to CPU1
11-03 20:47:34.767118     0     0 W         : IRQ93 no longer affine to CPU1
11-03 20:47:34.768723     0     0 I CPU1    : shutdown
11-03 20:47:34.770691     0     0 I suspend ns: 748967772813	suspend cycles:      18573736185
11-03 20:47:34.770674     0     0 I CPU0    : msm_cpu_pm_enter_sleep mode:3 during suspend
11-03 20:47:34.770674     0     0 I         : Suspended for 0.789 seconds
11-03 20:47:34.770674     0     0 I resume cycles: 18588895583
11-03 20:47:34.770929     0     0 I         : Enabling non-boot CPUs ...
11-03 20:47:34.771739     0     0 I CPU1    : update cpu_capacity 1024
11-03 20:47:34.773139     0     0 I         : CPU1 is up
11-03 20:47:34.775537     0     0 I CPU1    : update max cpu_capacity 1024
11-03 20:47:34.777042     0     0 I PM      : noirq resume of devices complete after 3.578 msecs
11-03 20:47:34.782268     0     0 I PM      : early resume of devices complete after 3.750 msecs
11-03 20:47:34.784007    20    20 E         : [20:47:35.573555] [0000000453FFEFC9] [VosRX]  wlan: [E :WDI] WDTS_RxPacketDump RX Data frame is UC
11-03 20:47:34.784030    20    20 E         : [20:47:35.573590] [0000000453FFF260] [VosRX]  wlan: [E :WDI] WDTS_RxPacketDump: Data subtype:8 SA:44:fe:3b:41:13:4b DA:00:0a:f5:f2:a2:70
11-03 20:47:34.784128    20    20 E         : [20:47:35.573689] [0000000453FFF9D8] [VosRX]  wlan: [E :HDD] hdd_log_ip_addr: src addr 192:168:1:3
11-03 20:47:34.784141    20    20 E         : [20:47:35.573703] [0000000453FFFAD6] [VosRX]  wlan: [E :HDD] hdd_log_ip_addr: dst addr 192:168:1:14
11-03 20:47:34.811662     0     0 I bgcom   : bgcom_pm_resume: Bgcom resumed with : 0
11-03 20:47:34.822851     0     0 I mdss_dsi_panel_set_idle_mode: Idle (1->1)
11-03 20:47:34.859999     0     0 I PM      : resume of devices complete after 77.705 msecs
11-03 20:47:34.862623     0     0 I         : Restarting tasks ...
11-03 20:47:34.865234     0     0 W QSEECOM : qseecom_receive_req: Interrupted: exiting Listener Service = 11
11-03 20:47:34.865311     0     0 W QSEECOM : qseecom_receive_req: Interrupted: exiting Listener Service = 10
11-03 20:47:34.868482     0     0 W QSEECOM : qseecom_receive_req: Interrupted: exiting Listener Service = 8192
11-03 20:47:34.868538     0     0 W QSEECOM : qseecom_receive_req: Interrupted: exiting Listener Service = 12288
11-03 20:47:34.868571     0     0 W QSEECOM : qseecom_receive_req: Interrupted: exiting Listener Service = 28672
11-03 20:47:34.875651     0     0 I         : done.
11-03 20:47:35.665879     0     0 I PM      : suspend exit 2021-11-03 19:47:35.665879337 UTC
11-03 20:47:35.767333     0     0 I PM      : suspend entry 2021-11-03 19:47:35.767333712 UTC
11-03 20:47:35.767347     0     0 I PM      : Syncing filesystems ... done.
11-03 20:47:35.866651     0     0 I         : Freezing user space processes ... (elapsed 0.007 seconds) done.
11-03 20:47:35.873854     0     0 I         : Freezing remaining freezable tasks ... (elapsed 0.004 seconds) done.
11-03 20:47:35.877979     0     0 I         : Suspending console(s) (use no_console_suspend to debug)
