11-03 11:53:07.358954     0     0 W QSEECOM : qseecom_receive_req: Interrupted: exiting Listener Service = 28672
11-03 11:53:07.366689     0     0 I         : done.
11-03 11:53:07.766129     0     0 I PM      : suspend exit 2021-11-03 10:53:07.766129109 UTC
11-03 11:53:07.867899     0     0 I PM      : suspend entry 2021-11-03 10:53:07.867899318 UTC
11-03 11:53:07.867909     0     0 I PM      : Syncing filesystems ... done.
11-03 11:53:07.961604     0     0 I         : Freezing user space processes ... (elapsed 0.006 seconds) done.
11-03 11:53:07.967781     0     0 I         : Freezing remaining freezable tasks ... (elapsed 0.003 seconds) done.
11-03 11:53:07.970811     0     0 I         : Suspending console(s) (use no_console_suspend to debug)
11-03 11:53:07.981309     0     0 I mdss_dsi_panel_set_idle_mode: Idle (1->1)
11-03 11:53:08.019517     0     0 I bgcom   : bgcom_pm_suspend: suspended with : 0
11-03 11:53:08.049604     0     0 I PM      : suspend of devices complete after 77.251 msecs
11-03 11:53:08.052399     0     0 I PM      : late suspend of devices complete after 2.777 msecs
11-03 11:53:08.055643     0     0 I PM      : noirq suspend of devices complete after 3.232 msecs
11-03 11:53:08.055649     0     0 I         : Disabling non-boot CPUs ...
11-03 11:53:08.075809     0     0 W         : IRQ16 no longer affine to CPU1
11-03 11:53:08.075992     0     0 W         : IRQ93 no longer affine to CPU1
11-03 11:53:08.076669     0     0 I CPU1    : shutdown
11-03 11:53:08.077552     0     0 I suspend ns: 4341066903695	suspend cycles:    1310887910723
11-03 11:53:08.077542     0     0 I CPU0    : msm_cpu_pm_enter_sleep mode:3 during suspend
11-03 11:53:08.077542     0     0 I         : Suspended for 0.591 seconds
11-03 11:53:08.077542     0     0 I resume cycles: 1310899266969
11-03 11:53:08.077829     0     0 I         : Enabling non-boot CPUs ...
11-03 11:53:08.078154     0     0 I CPU1    : update cpu_capacity 1024
11-03 11:53:08.079105     0     0 I         : CPU1 is up
11-03 11:53:08.080835     0     0 I PM      : noirq resume of devices complete after 1.566 msecs
11-03 11:53:08.083649     0     0 I PM      : early resume of devices complete after 1.840 msecs
11-03 11:53:08.085168     0     0 I CPU0    : update max cpu_capacity 748
11-03 11:53:08.106517     0     0 I bgcom   : bgcom_pm_resume: Bgcom resumed with : 0
11-03 11:53:08.116261     0     0 I mdss_dsi_panel_set_idle_mode: Idle (1->1)
11-03 11:53:08.149322     0     0 I PM      : resume of devices complete after 65.654 msecs
11-03 11:53:08.151368     0     0 I         : Restarting tasks ...
11-03 11:53:08.153520     0     0 W QSEECOM : qseecom_receive_req: Interrupted: exiting Listener Service = 8192
11-03 11:53:08.153567     0     0 W QSEECOM : qseecom_receive_req: Interrupted: exiting Listener Service = 12288
11-03 11:53:08.153603     0     0 W QSEECOM : qseecom_receive_req: Interrupted: exiting Listener Service = 28672
11-03 11:53:08.155972     0     0 W QSEECOM : qseecom_receive_req: Interrupted: exiting Listener Service = 11
11-03 11:53:08.156034     0     0 W QSEECOM : qseecom_receive_req: Interrupted: exiting Listener Service = 10
11-03 11:53:08.162775     0     0 I         : done.
11-03 11:53:08.754655     0     0 I PM      : suspend exit 2021-11-03 10:53:08.754655619 UTC
11-03 11:53:08.856787     0     0 I PM      : suspend entry 2021-11-03 10:53:08.856787441 UTC
11-03 11:53:08.856797     0     0 I PM      : Syncing filesystems ... done.
11-03 11:53:08.951675     0     0 I         : Freezing user space processes ... (elapsed 0.005 seconds) done.
11-03 11:53:08.957437     0     0 I         : Freezing remaining freezable tasks ... (elapsed 0.002 seconds) done.
11-03 11:53:08.960418     0     0 I         : Suspending console(s) (use no_console_suspend to debug)
11-03 11:53:08.971079     0     0 I mdss_dsi_panel_set_idle_mode: Idle (1->1)
11-03 11:53:09.010868     0     0 I bgcom   : bgcom_pm_suspend: suspended with : 0
11-03 11:53:09.040036     0     0 I PM      : suspend of devices complete after 78.072 msecs
11-03 11:53:09.042785     0     0 I PM      : late suspend of devices complete after 2.730 msecs
11-03 11:53:09.045860     0     0 I PM      : noirq suspend of devices complete after 3.064 msecs
11-03 11:53:09.045866     0     0 I         : Disabling non-boot CPUs ...
11-03 11:53:09.057178     0     0 W         : IRQ16 no longer affine to CPU1
11-03 11:53:09.057366     0     0 W         : IRQ93 no longer affine to CPU1
11-03 11:53:09.058046     0     0 I CPU1    : shutdown
11-03 11:53:09.058909     0     0 I suspend ns: 4341456791352	suspend cycles:    1310906752812
11-03 11:53:09.058900     0     0 I CPU0    : msm_cpu_pm_enter_sleep mode:3 during suspend
11-03 11:53:09.058900     0     0 I         : Suspended for 0.610 seconds
11-03 11:53:09.058900     0     0 I resume cycles: 1310918471832
11-03 11:53:09.059205     0     0 I         : Enabling non-boot CPUs ...
11-03 11:53:09.059531     0     0 I CPU1    : update cpu_capacity 1024
11-03 11:53:09.060467     0     0 I         : CPU1 is up
11-03 11:53:09.062232     0     0 I PM      : noirq resume of devices complete after 1.598 msecs
11-03 11:53:09.065061     0     0 I PM      : early resume of devices complete after 1.855 msecs
11-03 11:53:09.066594     0     0 I CPU1    : update max cpu_capacity 748
11-03 11:53:09.089160     0     0 I bgcom   : bgcom_pm_resume: Bgcom resumed with : 0
11-03 11:53:09.098696     0     0 I mdss_dsi_panel_set_idle_mode: Idle (1->1)
11-03 11:53:09.140760     0     0 I PM      : resume of devices complete after 75.679 msecs
11-03 11:53:09.142624     0     0 I         : Restarting tasks ...
11-03 11:53:09.144790     0     0 W QSEECOM : qseecom_receive_req: Interrupted: exiting Listener Service = 12288
11-03 11:53:09.144847     0     0 W QSEECOM : qseecom_receive_req: Interrupted: exiting Listener Service = 11
11-03 11:53:09.144872     0     0 W QSEECOM : qseecom_receive_req: Interrupted: exiting Listener Service = 28672
11-03 11:53:09.147305     0     0 W QSEECOM : qseecom_receive_req: Interrupted: exiting Listener Service = 8192
11-03 11:53:09.147349     0     0 W QSEECOM : qseecom_receive_req: Interrupted: exiting Listener Service = 10
11-03 11:53:09.148006     0     0 I         : done.
11-03 11:53:09.765033     0     0 I PM      : suspend exit 2021-11-03 10:53:09.765033535 UTC
11-03 11:53:09.866320     0     0 I PM      : suspend entry 2021-11-03 10:53:09.866320045 UTC
--------- switch to system
11-03 11:53:09.923632  1686  1686 I PowerManagerService: Waking up from dozing (uid=1000 reason=tiltToWake)...
--------- switch to kernel
11-03 11:53:09.866330     0     0 I PM      : Syncing filesystems ...
11-03 11:53:09.936953     0     0 E FG      : fg_psy_get_property: unsupported property 7
11-03 11:53:09.803150     0     0 W healthd : battery l=7 v=3668 t=29.0 h=2 st=3 c=56 fc=443000 cc=0 chg=
11-03 11:53:09.811761     0     0 I         : done.
11-03 11:53:09.811929     0     0 I         : Freezing user space processes ...
11-03 11:53:09.816221     0     0 I PM      : Wakeup pending, aborting suspend
11-03 11:53:09.816234     0     0 I         : active wakeup source: PowerManagerService.Broadcasts
11-03 11:53:09.816238     0     0 I         : active wakeup source: SensorService_wakelock
11-03 11:53:09.816301     0     0 E         : Freezing of tasks aborted after 0.004 seconds
11-03 11:53:09.816311     0     0 I         : Restarting tasks ...
11-03 11:53:09.816781     0     0 W QSEECOM : qseecom_receive_req: Interrupted: exiting Listener Service = 8192
11-03 11:53:09.816827     0     0 W QSEECOM : qseecom_receive_req: Interrupted: exiting Listener Service = 10
11-03 11:53:09.819607     0     0 W QSEECOM : qseecom_receive_req: Interrupted: exiting Listener Service = 12288
11-03 11:53:09.819658     0     0 W QSEECOM : qseecom_receive_req: Interrupted: exiting Listener Service = 28672
11-03 11:53:09.819785     0     0 W QSEECOM : qseecom_receive_req: Interrupted: exiting Listener Service = 11
11-03 11:53:09.820435     0     0 I         : done.
11-03 11:53:09.956661     0     0 I PM      : suspend exit 2021-11-03 10:53:09.956661295 UTC
--------- switch to system
11-03 11:53:09.959760  1686  1686 W UsageStatsService: Event reported without a package name
--------- switch to main
11-03 11:53:08.746214   501  1904 I chatty  : uid=1021(gps) Loc identical 2 lines
11-03 11:53:09.758305   501  1904 I LocSvc_ApiV02: <--- globalEventCb line 152 QMI_LOC_EVENT_POSITION_REPORT_IND_V02
11-03 11:53:09.970945   512   512 I sensors-hal: batch:140, android.sensor.light/46, period=100000000, max_latency=0
11-03 11:53:09.971034   512   512 I sensors-hal: batch:149, android.sensor.light/46, period=100000000, max_latency=0 request completed
11-03 11:53:09.971774   512   512 I sensors-hal: activate:107, android.sensor.light/46 en=1
11-03 11:53:09.972091   512   512 I sensors-hal: ssc_enable_rt_task:254, ssc_enable_rt_task : true
11-03 11:53:09.974905   512   512 I sensors-hal: activate:118, android.sensor.light/46 en=1 completed
11-03 11:53:09.976492  1686  1823 I SidekickService: endDisplayLocked()
--------- switch to system
11-03 11:53:09.976897  1686  1710 I DisplayManagerService: Display device changed state: "Écran intégré", ON
--------- switch to main
11-03 11:53:09.977458   416  2389 D SKGHAL  : sendAmbientEvent: enter: enable = 0
11-03 11:53:09.989043  4243  4243 D OMService: onDisplayChanged: not dozing
11-03 11:53:09.993136   512   512 I sensors-hal: batch:140, android.sensor.accelerometer/48, period=66667000, max_latency=100000000
11-03 11:53:09.993188   512   512 I sensors-hal: batch:149, android.sensor.accelerometer/48, period=66667000, max_latency=100000000 request completed
11-03 11:53:09.993470   512   512 I sensors-hal: activate:107, android.sensor.accelerometer/48 en=1
11-03 11:53:09.993732   512   512 I sensors-hal: ssc_enable_rt_task:254, ssc_enable_rt_task : true
11-03 11:53:09.997529   512   512 I sensors-hal: activate:118, android.sensor.accelerometer/48 en=1 completed
11-03 11:53:10.003036  1956  1956 D QtiCarrierConfigHelper: WARNING, no carrier configs on phone Id: 0
11-03 11:53:10.004627  2520  2520 D HOME    : [BatteryChange]action: android.intent.action.BATTERY_CHANGED
11-03 11:53:10.004969  2520 13835 D HOME    : [BatteryChange]HandleBatteryChangedTask
11-03 11:53:10.005306  2520 13835 D HOME    : [BatteryChange]level: 7, status: 3
11-03 11:53:10.007584  1686  1759 I InputReader: Reconfiguring input devices.  changes=0x00000004
11-03 11:53:10.007990  2520 13835 D HOME    : [BatteryChange]updateStreamItem
--------- switch to system
11-03 11:53:10.012405  1686  1702 W BroadcastQueue: Background execution not allowed: receiving Intent { act=android.intent.action.USER_PRESENT flg=0x10 } to com.google.android.gms/.auth.setup.devicesignals.LockScreenReceiver
11-03 11:53:10.012775  1686  1702 W BroadcastQueue: Background execution not allowed: receiving Intent { act=android.intent.action.USER_PRESENT flg=0x10 } to com.google.android.gms/.chimera.GmsIntentOperationService$PersistentTrustedReceiver
--------- switch to main
11-03 11:53:10.013033  3205  3434 W WorkController: Loading failed for worker [trainingcache]: worker not found
11-03 11:53:10.013767  3205  3372 W A       : TrainingCache cache DEVICE_UNLOCKED failure
11-03 11:53:10.013767  3205  3372 W A       : com.google.android.apps.gsa.search.core.service.h.a.a: No worker found for Worker ID [trainingcache].
11-03 11:53:10.013767  3205  3372 W A       : 	at com.google.android.apps.gsa.search.core.service.g.a.c.a(Unknown Source:5)
11-03 11:53:10.013767  3205  3372 W A       : 	at com.google.android.libraries.gsa.c.a.d.a(Unknown Source:3)
11-03 11:53:10.013767  3205  3372 W A       : 	at com.google.common.p.a.cg.c(Unknown Source:2)
11-03 11:53:10.013767  3205  3372 W A       : 	at com.google.common.p.a.bk.run(SourceFile:3)
11-03 11:53:10.013767  3205  3372 W A       : 	at com.google.common.p.a.ci.run(Unknown Source:4)
11-03 11:53:10.013767  3205  3372 W A       : 	at com.google.apps.tiktok.concurrent.ab.run(SourceFile:1)
11-03 11:53:10.013767  3205  3372 W A       : 	at java.util.concurrent.ThreadPoolExecutor.runWorker(ThreadPoolExecutor.java:1167)
11-03 11:53:10.013767  3205  3372 W A       : 	at java.util.concurrent.ThreadPoolExecutor$Worker.run(ThreadPoolExecutor.java:641)
11-03 11:53:10.013767  3205  3372 W A       : 	at com.google.apps.tiktok.concurrent.c.run(Unknown Source:4)
11-03 11:53:10.013767  3205  3372 W A       : 	at java.lang.Thread.run(Thread.java:764)
11-03 11:53:10.051266  1686  9965 I GnssLocationProvider: WakeLock acquired by sendMessage(SET_REQUEST, 0, com.android.server.location.GnssLocationProvider$GpsRequest@bd843ea)
11-03 11:53:10.052046   501   501 I LocSvc_GnssInterface: ===> stop line 218 
11-03 11:53:10.052331   501  1894 I LocSvc_api_v02: ---> locClientSendReq line 2298 QMI_LOC_STOP_REQ_V02
--------- switch to system
11-03 11:53:10.055184   618   618 I wificond: Pno scan stopped
--------- switch to main
11-03 11:53:10.057236   501  1904 I LocSvc_ApiV02: <--- globalEventCb line 152 QMI_LOC_EVENT_POSITION_REPORT_IND_V02
11-03 11:53:10.059989   501  1894 I LocSvc_api_v02: ---> locClientSendReq line 2298 QMI_LOC_REG_EVENTS_REQ_V02
11-03 11:53:10.066253  1686  1701 I GnssLocationProvider: WakeLock released by handleMessage(SET_REQUEST, 0, com.android.server.location.GnssLocationProvider$GpsRequest@bd843ea)
11-03 11:53:10.082252  1686  1686 I WearPower: [WearTouchMediator] changing touch input to enabled (ON_AUTO)
11-03 11:53:10.083126  1686  1759 I InputReader: Reconfiguring input devices.  changes=0x00000200
--------- switch to kernel
11-03 11:53:10.085006     0     0 I init    : processing action (ro.enable_core_ctl=true && sys.cw_corectl_mode=perf) from (/vendor/etc/init/hw/init.qcom.rc:954)
11-03 11:53:10.086176     0     0 I CPU2    : update cpu_capacity 1024
11-03 11:53:10.087119     0     0 W         : IRQ21 no longer affine to CPU2
11-03 11:53:10.087771     0     0 I CPU2    : shutdown
--------- switch to main
11-03 11:53:10.097216  1686  1686 D WristGestureCtrl: Starting: GesturesEnabled-false UngazeEnabled-true
11-03 11:53:10.097323  1686  1686 D DefaultUngazeDetector: starting
11-03 11:53:10.097388  1686  1686 D DefaultUngazeDetector: startUngazeStateEstimation(). startTime = 68269527
11-03 11:53:10.097524  1686  1686 W AlarmManagerProxy: Removing unknown listener
11-03 11:53:10.098812  1686  1686 W DefaultSettingsContentR: Value for ambient_low_bit_enabled not stored as number. Attempting parse as boolean.
11-03 11:53:10.098993  2520 13835 D HOME    : [BatteryChange]batteryHistory size: 20'
11-03 11:53:10.099418  2520 13835 D HOME    : [BatteryChange]timeDelta: 14851677
11-03 11:53:10.099587  2520 13835 D HOME    : [BatteryChange]levelDelta: 21
11-03 11:53:10.100101   512   512 I sensors-hal: batch:140, android.sensor.accelerometer/48, period=19231000, max_latency=100000000
--------- switch to kernel
11-03 11:53:10.090259     0     0 I CPU3    : update cpu_capacity 1024
11-03 11:53:10.091263     0     0 W         : IRQ21 no longer affine to CPU3
11-03 11:53:10.091907     0     0 I CPU3    : shutdown
--------- switch to main
11-03 11:53:10.101147   512 13885 I sensors-hal: handle_indication_realtime:355,  SCHED_FIFO(10) for qmi_cbk
11-03 11:53:10.101830   512   512 I sensors-hal: batch:149, android.sensor.accelerometer/48, period=19231000, max_latency=100000000 request completed
11-03 11:53:10.102176   512   512 I sensors-hal: flush:169, android.sensor.accelerometer/48
11-03 11:53:10.103159   512   512 I sensors-hal: flush:175, android.sensor.accelerometer/48 completed
11-03 11:53:10.110274  3205  3434 W WorkController: Loading failed for worker [trainingcache]: worker not found
11-03 11:53:10.111528  3205  3294 W A       : TrainingCache cache SCREEN_ON failure
11-03 11:53:10.111528  3205  3294 W A       : com.google.android.apps.gsa.search.core.service.h.a.a: No worker found for Worker ID [trainingcache].
11-03 11:53:10.111528  3205  3294 W A       : 	at com.google.android.apps.gsa.search.core.service.g.a.c.a(Unknown Source:5)
11-03 11:53:10.111528  3205  3294 W A       : 	at com.google.android.libraries.gsa.c.a.d.a(Unknown Source:3)
11-03 11:53:10.111528  3205  3294 W A       : 	at com.google.common.p.a.cg.c(Unknown Source:2)
11-03 11:53:10.111528  3205  3294 W A       : 	at com.google.common.p.a.bk.run(SourceFile:3)
11-03 11:53:10.111528  3205  3294 W A       : 	at com.google.common.p.a.ci.run(Unknown Source:4)
11-03 11:53:10.111528  3205  3294 W A       : 	at com.google.apps.tiktok.concurrent.ab.run(SourceFile:1)
11-03 11:53:10.111528  3205  3294 W A       : 	at java.util.concurrent.ThreadPoolExecutor.runWorker(ThreadPoolExecutor.java:1167)
11-03 11:53:10.111528  3205  3294 W A       : 	at java.util.concurrent.ThreadPoolExecutor$Worker.run(ThreadPoolExecutor.java:641)
11-03 11:53:10.111528  3205  3294 W A       : 	at com.google.apps.tiktok.concurrent.c.run(Unknown Source:4)
11-03 11:53:10.111528  3205  3294 W A       : 	at java.lang.Thread.run(Thread.java:764)
11-03 11:53:10.129451  2520  2520 D HOME    : [StreamDBQueue]Promised revision #5047 to queue a new op
11-03 11:53:10.129727  2520  2520 D WatchStreamManager: Promised rank-blocked=true @ r#5047
11-03 11:53:10.130737  2520 13835 D HOME    : [WatchStreamDB]Item alerting conditions - isInterruptive: true, recentlyInterrupted: false, isItemPinned: false, isUnread: true
11-03 11:53:10.131579  2520 13835 D HOME    : [StreamAlertingRegulator]isTheaterModeEnabled: false, isAlertingAllowedByOffBody: true, matchesLocalInterruptionFilter: true
11-03 11:53:10.131899  2520 13835 D HOME    : [WatchStreamDB]couldItemAlert: false, isTopItemChanged: false, isDeferralForTopItem: false
11-03 11:53:10.190194   512 13883 I sensors-hal: handle_indication_realtime:355,  SCHED_FIFO(10) for qmi_cbk
11-03 11:53:10.306179  2520  2541 I id.wearable.ap: Background concurrent copying GC freed 78735(3MB) AllocSpace objects, 8(416KB) LOS objects, 24% free, 8MB/11MB, paused 131us total 173.802ms
--------- switch to kernel
11-03 11:53:10.334202     0     0 E bgrsb   : bgrsb_enable: rsb will set report rate
11-03 11:53:10.348593     0     0 E bgrsb   : bgrsb_enable: gpio 32 is valid
--------- switch to main
11-03 11:53:10.361992   504   523 I SDM     : DisplayBase::SetDisplayState: Set state = 3, display 0
11-03 11:53:10.362329   504   523 D SDM     : HWCDisplayPrimary::SetStandByMode: Display is connected successfully
11-03 11:53:10.363259   416  2389 D SKGHAL  : standBy_update_control call succeed on 0
11-03 11:53:10.363364   416  2389 D SKGHAL  : sendAmbientEvent: done: enable = 0
11-03 11:53:10.364560  1686  1823 D SidekickService:    ... endDisplay returns void
11-03 11:53:10.366033   545   545 D SurfaceFlinger: Set power mode=2, type=0 flinger=0xb6bb6000
--------- switch to kernel
11-03 11:53:10.362271     0     0 I         : [touch]FB_BLANK_VSYNC_SUSPEND
11-03 11:53:10.362278     0     0 I         : [touch]Already in suspend state
--------- switch to main
11-03 11:53:10.366540   504   764 I SDM     : DisplayBase::SetDisplayState: Set state = 1, display 0
11-03 11:53:10.376531   545   545 D SurfaceFlinger: Finished set power mode=2, type=0
--------- switch to kernel
11-03 11:53:10.374252     0     0 I mdss_dsi_panel_set_idle_mode: Idle (1->0)
11-03 11:53:10.375095     0     0 E mdp3_enable_panic_ctrl: mdp3_enable_panic_ctrl: Enable Panic Control
11-03 11:53:10.375187     0     0 I         : [touch]FB_BLANK_UNBLANK
11-03 11:53:10.375194     0     0 I         : [touch]raydium_ts_do_resume, 1.
11-03 11:53:10.375557     0     0 I         : [ raydium ]workqueue is empty!
11-03 11:53:10.375574     0     0 I raydium_ts 5-0039: [touch]Already enable irq
11-03 11:53:10.375577     0     0 I         : [touch]Device may wakeup
--------- switch to system
11-03 11:53:10.379597  1686  1712 W PowerManagerService: Screen on took 463 ms
11-03 11:53:10.379977  1686  1712 I DreamManagerService: Gently waking up from dream.
11-03 11:53:10.380602  1686  1708 I DreamManagerService: Performing gentle wake from dream.
11-03 11:53:10.381268  1686  1686 V DreamService[AmbientDream]: wakeUp(): fromSystem=true, mWaking=false, mFinished=false
11-03 11:53:10.381368  1686  1686 V DreamService[AmbientDream]: finish(): mFinished=false
11-03 11:53:10.381462  1686  1686 I DreamManagerService: Leaving dreamland.
11-03 11:53:10.382193  1686  1708 I DreamManagerService: Performing gentle wake from dream.
11-03 11:53:10.382345  1686  1708 I DreamController: Stopping dream: name=ComponentInfo{com.google.android.wearable.ambient/com.google.android.wearable.ambient.AmbientDream}, isTest=false, canDoze=true, userId=0
11-03 11:53:10.384801  1686  1686 V DreamService[AmbientDream]: detach(): Calling onDreamingStopped()
--------- switch to main
11-03 11:53:10.384970  1686  1686 I AmbientService: [ce6a28c] doOnDreamingStopped
11-03 11:53:10.385050  1686  1686 W AlarmManagerProxy: Removing unknown listener
11-03 11:53:10.387241  1686  1686 I AmbientService: [ce6a28c] No auto-resume Activity.
11-03 11:53:10.389992  1686  1686 W AlarmManager: Unrecognized alarm listener com.android.server.job.controllers.-$$Lambda$IdleController$IdlenessTracker$nTdS-lGBXcES5VWKcJFmQFgU7IU@1ab437a
11-03 11:53:10.391502  2520  2520 D HOME    : [HomeVisitsLogger]Logging streamlet event: visit_start
11-03 11:53:10.391825  2520  2520 D HOME    : [HomeVisitsLogger]Logging streamlet event: exit_ambient_mode
11-03 11:53:10.392348  2520  2520 D HOME    : [HotwordController]updateClient MODE_WATCH_FACE false false false true
11-03 11:53:10.393465  2520  2520 D HOME    : [WatchFaceUiController]setInAmbientMode false
11-03 11:53:10.393573  2520  2520 D HOME    : [WatchFaceUiController]sendWatchFaceServiceBinder
--------- switch to system
11-03 11:53:10.399383  1686  1686 W ContextImpl: Calling a method in the system process without a qualified user: android.app.ContextImpl.sendBroadcast:1020 android.content.ContextWrapper.sendBroadcast:449 com.google.android.wearable.ambient.AmbientDream.onDestroy:273 android.app.ActivityThread.handleStopService:3698 android.app.ActivityThread.access$1700:200 
--------- switch to main
11-03 11:53:10.400049  1686  1686 E AlarmManager: cancel() called with a null PendingIntent
11-03 11:53:10.401062  2520  2520 D HOME    : [WatchFaceUiController]sendStateToWallpaper
--------- switch to system
11-03 11:53:10.403021  1686  1686 V DreamService[AmbientDream]: onDestroy()
--------- switch to main
11-03 11:53:10.404885  2520  2520 D HOME    : [WatchFaceUiController]Showing watch face wallpaper.
11-03 11:53:10.405061  2520  2520 D HOME    : [WatchFaceUiController]sendStateToWallpaper
11-03 11:53:10.408201  2520  2520 D HOME    : [StreamDBQueue]Promised revision #5048 to queue a new op
11-03 11:53:10.408514  2520  2520 D WatchStreamManager: Promised rank-blocked=true @ r#5048
11-03 11:53:10.409164  2520  2520 D HOME    : [StreamDBQueue]Promised revision #5049 to queue a new op
11-03 11:53:10.409434  2520  2520 D WatchStreamManager: Promised rank-blocked=true @ r#5049
11-03 11:53:10.410098  2520 13835 D HOME    : [WatchStreamDB]Item alerting conditions - isInterruptive: true, recentlyInterrupted: false, isItemPinned: false, isUnread: true
11-03 11:53:10.410110  2520  2520 D HOME    : [TilesController]Tile refresh optimization is enabled.
11-03 11:53:10.410451  2520  2520 D HOME    : [EventBus]Wrapper pool is full. Discarding excess wrapper instance for event com.google.android.clockwork.sysui.events.KeyguardStateEvent
11-03 11:53:10.410474  2520 13835 D HOME    : [StreamAlertingRegulator]isTheaterModeEnabled: false, isAlertingAllowedByOffBody: true, matchesLocalInterruptionFilter: true
11-03 11:53:10.410533  2520  2520 D HOME    : [WatchFaceUiController]sendStateToWallpaper
11-03 11:53:10.410657  2520 13835 D HOME    : [WatchStreamDB]couldItemAlert: false, isTopItemChanged: false, isDeferralForTopItem: false
11-03 11:53:10.412708  2520  2520 D HOME    : [EventBus]Wrapper pool is full. Discarding excess wrapper instance for event com.google.android.clockwork.sysui.events.KeyguardStateEvent
11-03 11:53:10.413003  2520  2520 D HOME    : [EventBus]Wrapper pool is full. Discarding excess wrapper instance for event com.google.android.clockwork.sysui.events.KeyguardStateEvent
11-03 11:53:10.418835  2520  2520 D HOME    : [WatchFaceUiController]sendStateToWallpaper
11-03 11:53:10.420579  2520 13835 D HOME    : [WatchStreamDB]Item alerting conditions - isInterruptive: true, recentlyInterrupted: false, isItemPinned: false, isUnread: true
11-03 11:53:10.420949  2520 13835 D HOME    : [StreamAlertingRegulator]isTheaterModeEnabled: false, isAlertingAllowedByOffBody: true, matchesLocalInterruptionFilter: true
11-03 11:53:10.421155  2520 13835 D HOME    : [WatchStreamDB]couldItemAlert: false, isTopItemChanged: false, isDeferralForTopItem: false
11-03 11:53:10.435790  2520  2520 W StaticLayout: maxLineHeight should not be -1.  maxLines:1 lineCount:1
11-03 11:53:10.511761  2520  2520 D HOME    : [WatchFaceUiController]sendWatchFaceServiceBinder
11-03 11:53:10.518384  2520  2520 D HOME    : [WatchFaceUiController]sendProperties
11-03 11:53:10.528455  2520  2520 D HOME    : [WatchFaceUiController]sendStateToWallpaper
11-03 11:53:10.676137   512  1749 I sensors-hal: activate:107, android.sensor.light/46 en=0
11-03 11:53:10.678482   512  1749 I sensors-hal: activate:118, android.sensor.light/46 en=0 completed
11-03 11:53:10.680532   512  1749 I sensors-hal: batch:140, android.sensor.light/46, period=250000000, max_latency=0
11-03 11:53:10.680603   512  1749 I sensors-hal: batch:149, android.sensor.light/46, period=250000000, max_latency=0 request completed
11-03 11:53:10.681638   512  1749 I sensors-hal: activate:107, android.sensor.light/46 en=1
11-03 11:53:10.681928   512  1749 I sensors-hal: ssc_enable_rt_task:254, ssc_enable_rt_task : true
11-03 11:53:10.684599   512  1749 I sensors-hal: activate:118, android.sensor.light/46 en=1 completed
11-03 11:53:10.756003   512 13889 I sensors-hal: handle_indication_realtime:355,  SCHED_FIFO(10) for qmi_cbk
11-03 11:53:10.793147   512   512 I sensors-hal: batch:140, android.sensor.accelerometer/48, period=66667000, max_latency=100000000
11-03 11:53:10.797097   512   512 I sensors-hal: batch:149, android.sensor.accelerometer/48, period=66667000, max_latency=100000000 request completed
11-03 11:53:10.797999  1686  1686 D DefaultUngazeDetector: Ungaze event occurred; emitting gesture event!
11-03 11:53:10.798220  1686  1686 D WristGestureCtrl: Gesture:GESTURE UNGAZE, timestamp(ms): 68269527, confidence: 0.0, latency(ms): 0, duration(ms): 701
11-03 11:53:10.800260   512   512 I sensors-hal: batch:140, android.sensor.accelerometer/48, period=19231000, max_latency=100000000
11-03 11:53:10.801903   512   512 I sensors-hal: batch:149, android.sensor.accelerometer/48, period=19231000, max_latency=100000000 request completed
--------- switch to system
11-03 11:53:10.802003  1686  1686 I WindowManager: sleepRelease() calling goToSleep(GO_TO_SLEEP_REASON_SLEEP_BUTTON)
11-03 11:53:10.802243  1686  1686 I PowerManagerService: Going to sleep due to sleep button (uid 1000)...
--------- switch to main
11-03 11:53:10.802324   512   512 I sensors-hal: flush:169, android.sensor.accelerometer/48
--------- switch to system
11-03 11:53:10.803351  1686  1712 I DreamManagerService: Entering dreamland.
11-03 11:53:10.803424  1686  1686 W UsageStatsService: Event reported without a package name
11-03 11:53:10.804022  1686  1712 I PowerManagerService: Dozing...
--------- switch to main
11-03 11:53:10.805618   512   512 I sensors-hal: flush:175, android.sensor.accelerometer/48 completed
--------- switch to system
11-03 11:53:10.828211  1686  1708 I DreamController: Starting dream: name=ComponentInfo{com.google.android.wearable.ambient/com.google.android.wearable.ambient.AmbientDream}, isTest=false, canDoze=true, userId=0
11-03 11:53:10.854484  1686  1686 W ContextImpl: Calling a method in the system process without a qualified user: android.app.ContextImpl.bindService:1611 android.content.ContextWrapper.bindService:698 com.google.android.wearable.ambient.AmbientDream.onCreate:191 android.app.ActivityThread.handleCreateService:3533 android.app.ActivityThread.access$1300:200 
11-03 11:53:10.860945  1686  1686 W ContextImpl: Calling a method in the system process without a qualified user: android.app.ContextImpl.sendBroadcast:1005 android.content.ContextWrapper.sendBroadcast:444 com.google.android.wearable.ambient.AmbientDream.onCreate:241 android.app.ActivityThread.handleCreateService:3533 android.app.ActivityThread.access$1300:200 
11-03 11:53:10.863080  1686  1686 V DreamService[AmbientDream]: onBind() intent = Intent { act=android.service.dreams.DreamService flg=0x800000 cmp=com.google.android.wearable.ambient/.AmbientDream }
--------- switch to main
11-03 11:53:10.864215  1686  1686 I AmbientService: [ce6a28c] Ambient Created
--------- switch to system
11-03 11:53:10.864809  1686  1686 V DreamService[AmbientDream]: Calling onDreamingStarted()
--------- switch to main
11-03 11:53:10.864919  1686  1686 I AmbientService: [ce6a28c] doOnDreamingStarted
11-03 11:53:10.865305  1686  1686 D SidekickService: setShouldControlDisplay called: true
11-03 11:53:10.866406  1686  1686 I AmbientService: [ce6a28c] Selected running activity for ambient mode: AmbientActivity[component=ComponentInfo{com.google.android.wearable.app/com.google.android.clockwork.home2.activity.HomeActivity2}, callbacks=@210b385, running=true, ambientRequested=true, ambientEnabled=true, offloadEnabled=true]
11-03 11:53:10.867435  1686  1686 I AmbientService: [ce6a28c] Sidekick is ready to display, requesting doze.
11-03 11:53:10.867964  1686  1686 I AmbientService: [ce6a28c] No auto-resume Activity.
11-03 11:53:10.869262  1686  1686 W DefaultSettingsContentR: Value for ambient_low_bit_enabled not stored as number. Attempting parse as boolean.
11-03 11:53:10.871582  2520  2520 D HOME    : [HomeVisitsLogger]Logging streamlet event: enter_ambient_mode
11-03 11:53:10.872177  2520  2520 D HOME    : [HotwordController]updateClient MODE_WATCH_FACE false true false true
11-03 11:53:10.874256  1686  1686 I AmbientService: [ce6a28c] Showing watch face in offload mode, canceling alarm.
11-03 11:53:10.874337  1686  1686 W AlarmManagerProxy: Removing unknown listener
11-03 11:53:10.874657  1686  1686 D WristGestureCtrl: Stopping detectors: GesturesEnabled-false gestureDetector-false ungazeEnabled-true ungaze-true
11-03 11:53:10.874777  1686  1686 D DefaultUngazeDetector: stopping
11-03 11:53:10.886408  2520 13838 D HOME    : [HomeVisitsLogger]Logging streamlet event: visit_end
11-03 11:53:10.888053   512   512 I sensors-hal: batch:140, android.sensor.accelerometer/48, period=66667000, max_latency=100000000
11-03 11:53:10.915227   512   512 I sensors-hal: batch:149, android.sensor.accelerometer/48, period=66667000, max_latency=100000000 request completed
11-03 11:53:10.916350  2520  2520 D HOME    : [WatchFaceUiController]setInAmbientMode true
11-03 11:53:10.917316  2520 13838 I SidekickManager: replaceWatchFaceComponentsImpl(): watchFace = com.google.android.clockwork.decomposablewatchface.WatchFaceDecomposition@45865d
11-03 11:53:10.918042  2520  2520 D HOME    : [StreamDBQueue]Promised revision #5050 to queue a new op
11-03 11:53:10.918236  2520  2520 D WatchStreamManager: Promised rank-blocked=false @ r#5050
11-03 11:53:10.918329  1686  7908 D SidekickService: sendWatchFaceComponents called: watchFace = com.google.android.clockwork.decomposablewatchface.WatchFaceDecomposition@badf79fshouldReplace = false
11-03 11:53:10.918507  1686  7908 D SidekickService: Check decomposition for calling app com.google.android.wearable.app with uid 10049
11-03 11:53:10.918588  2520  2520 D HOME    : [StreamDBQueue]Promised revision #5051 to queue a new op
11-03 11:53:10.918682  2520  2520 D WatchStreamManager: Promised rank-blocked=false @ r#5051
11-03 11:53:10.918824  1686  7908 D SidekickService: sendWatchFaceLocked(): shouldReplace = false, mSidekickIsControlling = false, 1 images, 0 fonts, 0 numbers, 0 proportionalFonts, 0 strings
11-03 11:53:10.918870  1686  7908 D SidekickService: ISidekickGraphics#beginResources()...
11-03 11:53:10.919382  2520  2520 D HOME    : [EventBus]Wrapper pool is full. Discarding excess wrapper instance for event com.google.android.clockwork.sysui.events.KeyguardStateEvent
11-03 11:53:10.919466  2520  2520 D HOME    : [WatchFaceUiController]sendStateToWallpaper
11-03 11:53:10.919811  1686  7908 D SidekickServiceUtils: bitmapFromDrawable: Returning bitmap directly
11-03 11:53:10.921487  2520  2520 D HOME    : [EventBus]Wrapper pool is full. Discarding excess wrapper instance for event com.google.android.clockwork.sysui.events.KeyguardStateEvent
11-03 11:53:10.921746  2520  2520 D HOME    : [EventBus]Wrapper pool is full. Discarding excess wrapper instance for event com.google.android.clockwork.sysui.events.KeyguardStateEvent
11-03 11:53:10.927858  2520  2520 W StaticLayout: maxLineHeight should not be -1.  maxLines:1 lineCount:1
11-03 11:53:10.934323  1686  7908 D SidekickService: sendBitmapsLocked(): bounds = RectF(0.47115386, 0.33653846, 0.52884614, 0.39423078), drawableInfo = {.id = 100000, .width = 24, .height = 24, .display = true, .offsetX = 193.0, .offsetY = 137.0, .rotationInfo = {.hasRotation = false, .pivotX = 0.0, .pivotY = 0.0, .degreesPerDay = 0.0, .degreesPerStep = 0.0, .zeroDegreesTime = {.daysSinceLocalEpoch = 0, .msSinceMidnight = 0}}, .transformInfo = {.transformed = false, .flipX = false, .flipY = false, .flip45 = false, .scaleX = 0.0, .scaleY = 0.0}, .type = GENERIC, .blink = {.blinking = false, .periodOnMs = 0.0, .periodOffMs = 0.0, .startTime = {.daysSinceLocalEpoch = 0, .msSinceMidnight = 0}}, .zOrder = 8, .displayInTwm = true}, image.size() = 97
11-03 11:53:10.935139   416  2389 D SKGHAL  : saveResource: resId = 100000
11-03 11:53:10.935729  1686  7908 D SidekickService: sendBitmapsLocked(): status = 0, bytesUsed = 64
11-03 11:53:10.935921  1686  7908 D SidekickService: ISidekickGraphics#endResources()...
11-03 11:53:10.935934  2520 13839 D HOME    : [StreamDBQueue]Promised revision #5052 to queue a new op
11-03 11:53:10.936072  2520 13839 D WatchStreamManager: Promised rerank @ r#5052
11-03 11:53:10.937285  2520 13693 D HOME    : [WatchStreamDB]Item alerting conditions - isInterruptive: true, recentlyInterrupted: false, isItemPinned: false, isUnread: true
11-03 11:53:10.937546  2520 13693 D HOME    : [StreamAlertingRegulator]isTheaterModeEnabled: false, isAlertingAllowedByOffBody: true, matchesLocalInterruptionFilter: true
11-03 11:53:10.937742  2520 13693 D HOME    : [WatchStreamDB]couldItemAlert: false, isTopItemChanged: false, isDeferralForTopItem: false
11-03 11:53:10.939655  2520 13693 D HOME    : [WatchStreamDB]Item alerting conditions - isInterruptive: true, recentlyInterrupted: false, isItemPinned: false, isUnread: true
11-03 11:53:10.939908  2520 13693 D HOME    : [StreamAlertingRegulator]isTheaterModeEnabled: false, isAlertingAllowedByOffBody: true, matchesLocalInterruptionFilter: true
11-03 11:53:10.940092  2520 13693 D HOME    : [WatchStreamDB]couldItemAlert: false, isTopItemChanged: false, isDeferralForTopItem: false
11-03 11:53:10.940507  2520 13693 D HOME    : [WatchStreamDB]updateRanking()
11-03 11:53:10.940946  2520 13693 D HOME    : [WatchStreamDB]Item alerting conditions - isInterruptive: true, recentlyInterrupted: false, isItemPinned: false, isUnread: true
11-03 11:53:10.941178  2520 13693 D HOME    : [StreamAlertingRegulator]isTheaterModeEnabled: false, isAlertingAllowedByOffBody: true, matchesLocalInterruptionFilter: true
11-03 11:53:10.941365  2520 13693 D HOME    : [WatchStreamDB]couldItemAlert: false, isTopItemChanged: false, isDeferralForTopItem: false
11-03 11:53:10.941862  2520 13693 D HOME    : [NewStreamAdapter]Publishing revision #5052 to adapter clients
11-03 11:53:10.951675  2520 13839 D HOME    : [StreamDBQueue]Promised revision #5053 to queue a new op
11-03 11:53:10.952423  2520 13839 D WatchStreamManager: Promised rerank @ r#5053
11-03 11:53:10.952740  2520 13693 D HOME    : [WatchStreamDB]updateRanking()
11-03 11:53:10.953471  2520 13693 D HOME    : [WatchStreamDB]Item alerting conditions - isInterruptive: true, recentlyInterrupted: false, isItemPinned: false, isUnread: true
11-03 11:53:10.953818  2520 13693 D HOME    : [StreamAlertingRegulator]isTheaterModeEnabled: false, isAlertingAllowedByOffBody: true, matchesLocalInterruptionFilter: true
11-03 11:53:10.954070  2520 13693 D HOME    : [WatchStreamDB]couldItemAlert: false, isTopItemChanged: false, isDeferralForTopItem: false
11-03 11:53:10.954644  2520 13693 D HOME    : [NewStreamAdapter]Publishing revision #5053 to adapter clients
11-03 11:53:11.119650  2520 13876 D HOME    : [LocationOracleImpl]Fresh location fetch timed out.
11-03 11:53:11.122553  2520  4738 W HOME    : [LocationOracleImpl]Location fetch failed.
11-03 11:53:11.122553  2520  4738 W HOME    : java.util.concurrent.TimeoutException: Fresh location fetch timed out.
11-03 11:53:11.122553  2520  4738 W HOME    : 	at doo.run(AW782433232:1)
11-03 11:53:11.122553  2520  4738 W HOME    : 	at java.util.TimerThread.mainLoop(Timer.java:562)
11-03 11:53:11.122553  2520  4738 W HOME    : 	at java.util.TimerThread.run(Timer.java:512)
11-03 11:53:11.122954  2520  4738 W HOME    : [GetCardsRpc]making request without location
11-03 11:53:11.224253   416  2389 D SKGHAL  : sendResources: metadata size = 2400, font size = 72
11-03 11:53:11.286461   416  2389 D SKGHAL  : endResources: rc = 0
11-03 11:53:11.288869  2520  2520 D HOME    : [SidekickManagerAsync]replaceWatchFaceComponents(): Callback#onResult(): 0
11-03 11:53:11.289232  2520  2520 D HOME    : [WatchFaceUiController]Complication updates sent, posting watch face hiding
11-03 11:53:11.289335  2520  2520 D HOME    : [WatchFaceUiController]Still in ambient watch face, hiding
11-03 11:53:11.289402  2520  2520 D HOME    : [WatchFaceUiController]Hiding watch face wallpaper.
11-03 11:53:11.288283  1686  1686 W system_server: Long monitor contention with owner Binder:1686_1A (7908) at int com.google.android.clockwork.sidekick.SidekickService$BinderService.sendWatchFace(com.google.android.clockwork.decomposablewatchface.WatchFaceDecomposition, boolean)(SidekickService.java:1021) waiters=0 in boolean com.google.android.clockwork.sidekick.SidekickService$BinderService.readyToDisplay() for 350ms
--------- switch to system
11-03 11:53:11.293151  1686  1686 W Looper  : Slow dispatch took 355ms main h=android.os.Handler c=com.google.android.wearable.ambient.AmbientDream$Callbacks$1@e7f10ec m=0
--------- switch to kernel
11-03 11:53:11.320793     0     0 E FG      : fg_psy_get_property: unsupported property 7
11-03 11:53:11.187583     0     0 W healthd : battery l=7 v=3581 t=30.0 h=2 st=3 c=218 fc=443000 cc=0 chg=
--------- switch to main
11-03 11:53:11.330093  1956  1956 D QtiCarrierConfigHelper: WARNING, no carrier configs on phone Id: 0
11-03 11:53:11.331056   512  1749 I sensors-hal: activate:107, android.sensor.light/46 en=0
11-03 11:53:11.334473  2520  2520 D HOME    : [BatteryChange]action: android.intent.action.BATTERY_CHANGED
11-03 11:53:11.335334  2520 13838 D HOME    : [BatteryChange]HandleBatteryChangedTask
11-03 11:53:11.335744  2520 13838 D HOME    : [BatteryChange]level: 7, status: 3
11-03 11:53:11.338674   512  1749 I sensors-hal: activate:118, android.sensor.light/46 en=0 completed
11-03 11:53:11.340218   545   545 D SurfaceFlinger: Set power mode=3, type=0 flinger=0xb6bb6000
11-03 11:53:11.340717   504   761 I SDM     : DisplayBase::SetDisplayState: Set state = 3, display 0
11-03 11:53:11.341948  2520 13838 D HOME    : [BatteryChange]updateStreamItem
11-03 11:53:11.350142  2520 13838 D HOME    : [BatteryChange]batteryHistory size: 20'
11-03 11:53:11.350411  2520 13838 D HOME    : [BatteryChange]timeDelta: 14851677
11-03 11:53:11.350572  2520 13838 D HOME    : [BatteryChange]levelDelta: 21
11-03 11:53:11.369899   545   545 D SurfaceFlinger: Finished set power mode=3, type=0
11-03 11:53:11.370440  1686  1823 I SidekickService: beginDisplayLocked(): DOZE_SUSPEND
11-03 11:53:11.372832   416  2389 D SKGHAL  : sendAmbientPrepare: enter:
--------- switch to kernel
11-03 11:53:11.205068     0     0 I mdss_dsi_panel_set_idle_mode: Idle (0->1)
11-03 11:53:11.231835     0     0 I         : [touch]FB_BLANK_VSYNC_SUSPEND
11-03 11:53:11.231841     0     0 I         : [touch]irq disable
11-03 11:53:11.231845     0     0 I         : [touch]workqueue is empty!
11-03 11:53:11.231848     0     0 I         : [touch]raydium_ts_do_suspend.
11-03 11:53:11.231856     0     0 I         : [touch]Device may wakeup
11-03 11:53:11.233904     0     0 I         : [touch]irq enable
--------- switch to system
11-03 11:53:11.374711  1686  1710 I DisplayManagerService: Display device changed state: "Écran intégré", DOZE_SUSPEND
--------- switch to main
11-03 11:53:11.405645  1686  1759 I InputReader: Reconfiguring input devices.  changes=0x00000004
11-03 11:53:11.510673   416  2389 D SKGHAL  : sendAmbientEvent: enter: enable = 1
11-03 11:53:11.511998   504   523 I SDM     : DisplayBase::SetDisplayState: Set state = 4, display 0
11-03 11:53:11.512119   504   523 D SDM     : HWCDisplayPrimary::SetStandByMode: Null display is connected successfully
11-03 11:53:11.512313   416  2389 D SKGHAL  : standBy_update_control call succeed on 1
11-03 11:53:11.523104   416  2389 D SKGHAL  : sendAmbientEvent: done: enable = 1
11-03 11:53:11.523672  1686  1823 D SidekickService:    ... beginDisplay result: 0 for halPower: 1
11-03 11:53:11.527773   512  1749 I sensors-hal: activate:107, android.sensor.accelerometer/48 en=0
11-03 11:53:11.528995   512  1749 I sensors-hal: activate:118, android.sensor.accelerometer/48 en=0 completed
--------- switch to kernel
11-03 11:53:11.394836     0     0 E bgrsb   : bgrsb_enable: gpio 32 is valid
--------- switch to main
11-03 11:53:11.567768  1686  1686 I WearPower: [WearTouchMediator] changing touch input to enabled (ON_AUTO)
11-03 11:53:11.569940  1686  1759 I InputReader: Reconfiguring input devices.  changes=0x00000200
--------- switch to kernel
11-03 11:53:11.437976     0     0 I init    : processing action (ro.enable_core_ctl=true && sys.cw_corectl_mode=idle) from (/vendor/etc/init/hw/init.qcom.rc:949)
--------- switch to main
11-03 11:53:11.582514  1686  1686 I AmbientService: [ce6a28c] Timeout alarm not required, auto-resume timeout handled by dream.
11-03 11:53:11.605472  3205  3434 W WorkController: Loading failed for worker [trainingcache]: worker not found
11-03 11:53:11.607434  3205  3372 W A       : TrainingCache cache SCREEN_OFF failure
11-03 11:53:11.607434  3205  3372 W A       : com.google.android.apps.gsa.search.core.service.h.a.a: No worker found for Worker ID [trainingcache].
11-03 11:53:11.607434  3205  3372 W A       : 	at com.google.android.apps.gsa.search.core.service.g.a.c.a(Unknown Source:5)
11-03 11:53:11.607434  3205  3372 W A       : 	at com.google.android.libraries.gsa.c.a.d.a(Unknown Source:3)
11-03 11:53:11.607434  3205  3372 W A       : 	at com.google.common.p.a.cg.c(Unknown Source:2)
11-03 11:53:11.607434  3205  3372 W A       : 	at com.google.common.p.a.bk.run(SourceFile:3)
11-03 11:53:11.607434  3205  3372 W A       : 	at com.google.common.p.a.ci.run(Unknown Source:4)
11-03 11:53:11.607434  3205  3372 W A       : 	at com.google.apps.tiktok.concurrent.ab.run(SourceFile:1)
11-03 11:53:11.607434  3205  3372 W A       : 	at java.util.concurrent.ThreadPoolExecutor.runWorker(ThreadPoolExecutor.java:1167)
11-03 11:53:11.607434  3205  3372 W A       : 	at java.util.concurrent.ThreadPoolExecutor$Worker.run(ThreadPoolExecutor.java:641)
11-03 11:53:11.607434  3205  3372 W A       : 	at com.google.apps.tiktok.concurrent.c.run(Unknown Source:4)
11-03 11:53:11.607434  3205  3372 W A       : 	at java.lang.Thread.run(Thread.java:764)
--------- switch to system
11-03 11:53:11.614689   618   618 W wificond: Skip match ssid for pno scan: Wifirst Les Valmonts, Pauline, HUAWEI-F3EF, PUBLIC WIFI Groupe Televerbier, TMR_PUBLIC_WIFI, SFR_1AE0, BINLAR_2.4G, Sira-WiFi, iPhone S, Siam Garden Cooking School, .@AirportAISFreeWiFi, iPhone de Ameulie, Paulo's iPhone, Beach  Park Hostel & Tree Bar, The Big_Easy, AndroidAPEC14, _VINCI Airports wifi, Yolo Hostel, .@AirportDTACFreeWiFi,    .@ TRUEWIFI, .@ AIS SUPER WiFi, .@AirportTrueFreeWiFi,     King Power,  Free Airport-Google WiFi by CAT, BangkokAirways, UPC5616060, ColocMegy, jcmjsm, iPhone Consti, ASGARD, FMEL, Florence 2.4Ghz, BENJI, IBIS_STYLES_NANTES_CENTRE_GARE_N, LACENNE , Jack's iPhone, Salt_2GHz_28C9D0, Salt_5GHz_28C9D0, Yah Hallo, ASGARD-24G, Livebox-22B4, LeBOen, App_111, Michaud1936, _VT21-VISITORS_, Sebi, RAFA 5, Verkehrshaus, iPhone, MONZOON, igluna-public, kepler, _WIFI_LYRIA, HUAWEI-C452, Vodafone-A54562143, WiFiFrecce, OSoleMioWifi, VodafoneDepretis19, SanLorenzo, Live Hotels Guest, Franci , iPhone de Soline, viktoria_intern, UPC7759032, Vodafone-4D65, WIFI
--------- switch to main
11-03 11:53:11.628403  2520  2520 D HOME    : [StreamDBQueue]Promised revision #5054 to queue a new op
11-03 11:53:11.628650  2520  2520 D WatchStreamManager: Promised rank-blocked=false @ r#5054
11-03 11:53:11.628859  2520  2520 D HOME    : [CompactHunStarter]detachWindow()
11-03 11:53:11.629277  2520 13835 D HOME    : [StreamDBQueue]Promised revision #5055 to queue a new op
11-03 11:53:11.629392  2520 13835 D WatchStreamManager: Promised rerank @ r#5055
11-03 11:53:11.629410  2520 13838 D HOME    : [WatchStreamDB]Item alerting conditions - isInterruptive: true, recentlyInterrupted: false, isItemPinned: false, isUnread: true
11-03 11:53:11.629665  2520 13838 D HOME    : [StreamAlertingRegulator]isTheaterModeEnabled: false, isAlertingAllowedByOffBody: true, matchesLocalInterruptionFilter: true
11-03 11:53:11.629841  2520 13838 D HOME    : [WatchStreamDB]couldItemAlert: false, isTopItemChanged: false, isDeferralForTopItem: false
11-03 11:53:11.630252  2520 13838 D HOME    : [WatchStreamDB]updateRanking()
11-03 11:53:11.630706  2520 13838 D HOME    : [WatchStreamDB]Item alerting conditions - isInterruptive: true, recentlyInterrupted: false, isItemPinned: false, isUnread: true
11-03 11:53:11.630992  2520 13838 D HOME    : [StreamAlertingRegulator]isTheaterModeEnabled: false, isAlertingAllowedByOffBody: true, matchesLocalInterruptionFilter: true
11-03 11:53:11.631199  2520 13838 D HOME    : [WatchStreamDB]couldItemAlert: false, isTopItemChanged: false, isDeferralForTopItem: false
11-03 11:53:11.631725  2520 13838 D HOME    : [NewStreamAdapter]Publishing revision #5055 to adapter clients
--------- switch to system
11-03 11:53:11.652173   618   618 I wificond: Pno scan started
--------- switch to kernel
11-03 11:53:11.655283     0     0 I PM      : suspend entry 2021-11-03 10:53:11.655283274 UTC
11-03 11:53:11.655293     0     0 I PM      : Syncing filesystems ... done.
11-03 11:53:11.691255     0     0 I         : Freezing user space processes ... (elapsed 0.005 seconds) done.
11-03 11:53:11.697091     0     0 I         : Freezing remaining freezable tasks ... (elapsed 0.002 seconds) done.
11-03 11:53:11.700088     0     0 I         : Suspending console(s) (use no_console_suspend to debug)
11-03 11:53:11.711075     0     0 I mdss_dsi_panel_set_idle_mode: Idle (1->1)
11-03 11:53:11.751121     0     0 I bgcom   : bgcom_pm_suspend: suspended with : 0
11-03 11:53:11.778465    11    11 E         : [11:53:11.778469] [000001313B3E5D95] [Power]  wlan: [E :HDD] hdd_is_apps_power_collapse_allowed: do not allow APPS power collapse-pmcState = 1 scanRspPending = 0 inMiddleOfRoaming = 0 connected = 0
11-03 11:53:11.778501    11    11 E         : [11:53:11.778511] [000001313B3E60BE] [Power]  wlan: [F :HDD] __hddDevSuspendHdlr: Not able to suspend wlan
11-03 11:53:11.778516     0     0 E dpm_run_callback(): platform_pm_suspend+0x0/0x50 returns -1
11-03 11:53:11.778522     0     0 E PM      : Device a000000.qcom,wcnss-wlan failed to suspend: error -1
11-03 11:53:11.778528     0     0 E PM      : Some devices failed to suspend, or early wake event detected
11-03 11:53:11.801808     0     0 I bgcom   : bgcom_pm_resume: Bgcom resumed with : 0
11-03 11:53:11.811531     0     0 I mdss_dsi_panel_set_idle_mode: Idle (1->1)
11-03 11:53:11.849968     0     0 I PM      : resume of devices complete after 71.423 msecs
11-03 11:53:11.851856     0     0 I         : Restarting tasks ...
11-03 11:53:11.853181     0     0 W QSEECOM : qseecom_receive_req: Interrupted: exiting Listener Service = 28672
11-03 11:53:11.856507     0     0 W QSEECOM : qseecom_receive_req: Interrupted: exiting Listener Service = 8192
11-03 11:53:11.856572     0     0 W QSEECOM : qseecom_receive_req: Interrupted: exiting Listener Service = 12288
11-03 11:53:11.856601     0     0 W QSEECOM : qseecom_receive_req: Interrupted: exiting Listener Service = 11
11-03 11:53:11.856632     0     0 W QSEECOM : qseecom_receive_req: Interrupted: exiting Listener Service = 10
11-03 11:53:11.860807     0     0 I         : done.
11-03 11:53:11.861494     0     0 I PM      : suspend exit 2021-11-03 10:53:11.861494576 UTC
11-03 11:53:12.263397     0     0 I PM      : suspend entry 2021-11-03 10:53:12.263397075 UTC
11-03 11:53:12.263409     0     0 I PM      : Syncing filesystems ... done.
11-03 11:53:12.367148     0     0 I         : Freezing user space processes ... (elapsed 0.007 seconds) done.
11-03 11:53:12.374260     0     0 I         : Freezing remaining freezable tasks ... (elapsed 0.003 seconds) done.
11-03 11:53:12.378161     0     0 I         : Suspending console(s) (use no_console_suspend to debug)
11-03 11:53:12.389876     0     0 I mdss_dsi_panel_set_idle_mode: Idle (1->1)
11-03 11:53:12.432204     0     0 I bgcom   : bgcom_pm_suspend: suspended with : 0
11-03 11:53:12.469392     0     0 I PM      : suspend of devices complete after 88.994 msecs
11-03 11:53:12.474916     0     0 I PM      : late suspend of devices complete after 5.481 msecs
