11-02 22:34:14.413451     0     0 I init    : processing action (ro.enable_core_ctl=true && sys.cw_corectl_mode=perf) from (/vendor/etc/init/hw/init.qcom.rc:954)
--------- switch to main
11-02 22:34:14.450435  2520  2520 D HOME    : [WatchFaceUiController]sendWatchFaceServiceBinder
11-02 22:34:14.457165  2520  2520 D HOME    : [WatchFaceUiController]sendProperties
11-02 22:34:14.459178  2520  2520 D HOME    : [WatchFaceUiController]sendStateToWallpaper
11-02 22:34:14.472869  1686  1686 I WearPower: [WearTouchMediator] changing touch input to enabled (ON_AUTO)
11-02 22:34:14.473863  1686  1759 I InputReader: Reconfiguring input devices.  changes=0x00000200
11-02 22:34:14.496255  2520  2520 D HOME    : [AgendaController]loadEvents
11-02 22:34:14.497529  1686  1686 W AlarmManagerProxy: Removing unknown listener
11-02 22:34:14.499770  1686  1686 W DefaultSettingsContentR: Value for ambient_low_bit_enabled not stored as number. Attempting parse as boolean.
11-02 22:34:14.512415  2520  6286 D HOME    : [AgendaController]Fetching event data for window: EventWindow{Tue Nov 02 00:00:00 GMT+01:00 2021,Thu Nov 04 23:59:59 GMT+01:00 2021}
11-02 22:34:14.513059  2520  6286 D HOME    : [CwCal]CalendarEventsResolver:queryCalendarEventInstances:window=EventWindow{Tue Nov 02 00:00:00 GMT+01:00 2021,Thu Nov 04 23:59:59 GMT+01:00 2021}
11-02 22:34:14.528689  3205  3434 W WorkController: Loading failed for worker [trainingcache]: worker not found
11-02 22:34:14.530516  3205  3294 W A       : TrainingCache cache SCREEN_ON failure
11-02 22:34:14.530516  3205  3294 W A       : com.google.android.apps.gsa.search.core.service.h.a.a: No worker found for Worker ID [trainingcache].
11-02 22:34:14.530516  3205  3294 W A       : 	at com.google.android.apps.gsa.search.core.service.g.a.c.a(Unknown Source:5)
11-02 22:34:14.530516  3205  3294 W A       : 	at com.google.android.libraries.gsa.c.a.d.a(Unknown Source:3)
11-02 22:34:14.530516  3205  3294 W A       : 	at com.google.common.p.a.cg.c(Unknown Source:2)
11-02 22:34:14.530516  3205  3294 W A       : 	at com.google.common.p.a.bk.run(SourceFile:3)
11-02 22:34:14.530516  3205  3294 W A       : 	at com.google.common.p.a.ci.run(Unknown Source:4)
11-02 22:34:14.530516  3205  3294 W A       : 	at com.google.apps.tiktok.concurrent.ab.run(SourceFile:1)
11-02 22:34:14.530516  3205  3294 W A       : 	at java.util.concurrent.ThreadPoolExecutor.runWorker(ThreadPoolExecutor.java:1167)
11-02 22:34:14.530516  3205  3294 W A       : 	at java.util.concurrent.ThreadPoolExecutor$Worker.run(ThreadPoolExecutor.java:641)
11-02 22:34:14.530516  3205  3294 W A       : 	at com.google.apps.tiktok.concurrent.c.run(Unknown Source:4)
11-02 22:34:14.530516  3205  3294 W A       : 	at java.lang.Thread.run(Thread.java:764)
11-02 22:34:14.554654  2520  2520 D HOME    : [StreamDBQueue]Promised revision #2433 to queue a new op
11-02 22:34:14.555036  2520  2520 D WatchStreamManager: Promised rank-blocked=true @ r#2433
11-02 22:34:14.555675  2520  8604 D HOME    : [WatchStreamDB]Item alerting conditions - isInterruptive: false, recentlyInterrupted: false, isItemPinned: false, isUnread: false
11-02 22:34:14.557876  2520  8604 D HOME    : [StreamAlertingRegulator]isTheaterModeEnabled: false, isAlertingAllowedByOffBody: true, matchesLocalInterruptionFilter: true
11-02 22:34:14.559220  2520  8604 D HOME    : [WatchStreamDB]couldItemAlert: false, isTopItemChanged: false, isDeferralForTopItem: false
--------- switch to kernel
11-02 22:34:14.420192     0     0 I CPU2    : update cpu_capacity 1024
11-02 22:34:14.444598     0     0 I CPU3    : update cpu_capacity 1024
11-02 22:34:14.492333     0     0 I CPU1    : update max cpu_capacity 748
11-02 22:34:14.493072     0     0 I CPU3    : update max cpu_capacity 1024
--------- switch to main
11-02 22:34:14.607170  7745  7756 I rtwatch.toolbo: Background concurrent copying GC freed 10326(450KB) AllocSpace objects, 0(0B) LOS objects, 24% free, 2MB/2MB, paused 20.877ms total 157.885ms
11-02 22:34:14.614246  2520  2520 D HOME    : [AgendaController]Obtained events in UI thread: []
11-02 22:34:14.614846  2520  2520 D HOME    : [EventDiarizer]Constructing with window EventWindow{Tue Nov 02 00:00:00 GMT+01:00 2021,Thu Nov 04 23:59:59 GMT+01:00 2021}
11-02 22:34:14.618453  2520  2520 D HOME    : [AgendaMetricsLogger]eventDataNotPresent
11-02 22:34:14.619000  2520  8603 D HOME    : [DataRequester]cancelScheduledUpdates TileConfig{id=2, provider=ComponentInfo{com.google.android.wearable.app/com.google.android.clockwork.home.calendar.AgendaTileProviderService}}
11-02 22:34:14.619262  2520  8603 D HOME    : [DataRequester]cancelScheduledUpdates could not find jobId for provider 2
11-02 22:34:14.619513  2520  8603 D HOME    : [DataRequester]updateFinished 2
11-02 22:34:14.619599  2520  8603 D HOME    : [ProviderConnMgr]Unbinding from service
11-02 22:34:14.622921  2520  8603 D HOME    : [DataRequester]Scheduling job for TileConfig{id=2, provider=ComponentInfo{com.google.android.wearable.app/com.google.android.clockwork.home.calendar.AgendaTileProviderService}} delay=14400 jobId=2000089
11-02 22:34:14.733379   512  1749 I sensors-hal: activate:107, android.sensor.light/46 en=0
11-02 22:34:14.734498   512  1749 I sensors-hal: activate:118, android.sensor.light/46 en=0 completed
11-02 22:34:14.736454   512  1749 I sensors-hal: batch:140, android.sensor.light/46, period=250000000, max_latency=0
11-02 22:34:14.736521   512  1749 I sensors-hal: batch:149, android.sensor.light/46, period=250000000, max_latency=0 request completed
11-02 22:34:14.736857   512  1749 I sensors-hal: activate:107, android.sensor.light/46 en=1
11-02 22:34:14.737431   512  1749 I sensors-hal: ssc_enable_rt_task:254, ssc_enable_rt_task : true
11-02 22:34:14.742798   512  1749 I sensors-hal: activate:118, android.sensor.light/46 en=1 completed
--------- switch to system
11-02 22:34:14.747678  1686  1686 V SettingsProvider: Notifying for 0: content://settings/system/screen_brightness
--------- switch to main
11-02 22:34:14.749446  1686  1686 I SidekickService: loadBrightnessLocked()
11-02 22:34:14.750665  1686  1686 D SidekickService: screenBrightness  = 50
11-02 22:34:14.751254  1686  1686 D SidekickService: sendConfigValuesLocked(): alsThresholds = [40, 92, 95, 100, 125, 150, 175, 200, 225, 250, 300, 400, 500, 800, 1200], brightnessValuesBright = [50, 56, 60, 70, 80, 90, 100, 115, 120, 140, 160, 180, 200, 220, 240, 255], brightnessValuesDim= [50, 56, 60, 70, 80, 90, 100, 115, 120, 140, 160, 180, 200, 220, 240, 255]
11-02 22:34:14.761377  1686  1686 D SidekickService: setAlsMode(): mode = 2, brightenAlpha = 80, dimmingAlpha = 80
11-02 22:34:14.770929  1686  1686 D SidekickService: setTwmConfig():: msTiltToBright = 10000, tiltToBright = false
11-02 22:34:14.824342   512  8900 I sensors-hal: handle_indication_realtime:355,  SCHED_FIFO(10) for qmi_cbk
11-02 22:34:14.860275  7745  7745 I Choreographer: Skipped 41 frames!  The application may be doing too much work on its main thread.
11-02 22:34:15.020689  1686  2468 D WificondControl: Scan result ready event
11-02 22:34:15.951687   512  1749 I sensors-hal: batch:140, android.sensor.accelerometer/48, period=66667000, max_latency=100000000
11-02 22:34:15.954723   512  1749 I sensors-hal: batch:149, android.sensor.accelerometer/48, period=66667000, max_latency=100000000 request completed
11-02 22:34:15.955476  1686  1686 D DefaultUngazeDetector: Ungaze event occurred; emitting gesture event!
11-02 22:34:15.955581  1686  1686 D WristGestureCtrl: Gesture:GESTURE UNGAZE, timestamp(ms): 20333727, confidence: 0.0, latency(ms): 0, duration(ms): 1658
11-02 22:34:15.956831   512  1749 I sensors-hal: batch:140, android.sensor.accelerometer/48, period=19231000, max_latency=100000000
11-02 22:34:15.958735   512  1749 I sensors-hal: batch:149, android.sensor.accelerometer/48, period=19231000, max_latency=100000000 request completed
--------- switch to system
11-02 22:34:15.958764  1686  1686 I WindowManager: sleepRelease() calling goToSleep(GO_TO_SLEEP_REASON_SLEEP_BUTTON)
11-02 22:34:15.958945  1686  1686 I PowerManagerService: Going to sleep due to sleep button (uid 1000)...
--------- switch to main
11-02 22:34:15.959115   512  1749 I sensors-hal: flush:169, android.sensor.accelerometer/48
--------- switch to system
11-02 22:34:15.960003  1686  1712 I DreamManagerService: Entering dreamland.
11-02 22:34:15.960129  1686  1686 W UsageStatsService: Event reported without a package name
11-02 22:34:15.960649  1686  1712 I PowerManagerService: Dozing...
--------- switch to main
11-02 22:34:15.961855   512  1749 I sensors-hal: flush:175, android.sensor.accelerometer/48 completed
--------- switch to system
11-02 22:34:15.974048  1686  1708 I DreamController: Starting dream: name=ComponentInfo{com.google.android.wearable.ambient/com.google.android.wearable.ambient.AmbientDream}, isTest=false, canDoze=true, userId=0
11-02 22:34:15.984835  1686  1686 W ContextImpl: Calling a method in the system process without a qualified user: android.app.ContextImpl.bindService:1611 android.content.ContextWrapper.bindService:698 com.google.android.wearable.ambient.AmbientDream.onCreate:191 android.app.ActivityThread.handleCreateService:3533 android.app.ActivityThread.access$1300:200 
11-02 22:34:15.989925  1686  1686 W ContextImpl: Calling a method in the system process without a qualified user: android.app.ContextImpl.sendBroadcast:1005 android.content.ContextWrapper.sendBroadcast:444 com.google.android.wearable.ambient.AmbientDream.onCreate:241 android.app.ActivityThread.handleCreateService:3533 android.app.ActivityThread.access$1300:200 
11-02 22:34:15.990832  1686  1686 V DreamService[AmbientDream]: onBind() intent = Intent { act=android.service.dreams.DreamService flg=0x800000 cmp=com.google.android.wearable.ambient/.AmbientDream }
--------- switch to main
11-02 22:34:15.992419  1686  1686 I AmbientService: [ce6a28c] Ambient Created
--------- switch to system
11-02 22:34:15.993431  1686  1686 V DreamService[AmbientDream]: Calling onDreamingStarted()
--------- switch to main
11-02 22:34:15.993566  1686  1686 I AmbientService: [ce6a28c] doOnDreamingStarted
11-02 22:34:15.994045  1686  1686 D SidekickService: setShouldControlDisplay called: true
11-02 22:34:15.995096  1686  1686 I AmbientService: [ce6a28c] Selected running activity for ambient mode: AmbientActivity[component=ComponentInfo{com.google.android.wearable.app/com.google.android.clockwork.home2.activity.HomeActivity2}, callbacks=@210b385, running=true, ambientRequested=true, ambientEnabled=true, offloadEnabled=true]
11-02 22:34:15.996426  1686  1686 I AmbientService: [ce6a28c] Sidekick is ready to display, requesting doze.
11-02 22:34:15.997182  1686  1686 I AmbientService: [ce6a28c] No auto-resume Activity.
11-02 22:34:15.998973  1686  1686 W DefaultSettingsContentR: Value for ambient_low_bit_enabled not stored as number. Attempting parse as boolean.
11-02 22:34:16.000372  2520  2520 D HOME    : [HomeVisitsLogger]Logging streamlet event: enter_ambient_mode
11-02 22:34:16.000978  2520  2520 D HOME    : [HotwordController]updateClient MODE_WATCH_FACE false true false true
11-02 22:34:16.001278  2520  8603 D HOME    : [HomeVisitsLogger]Logging streamlet event: visit_end
11-02 22:34:16.002147  2520  2520 D HOME    : [WatchFaceUiController]setInAmbientMode true
11-02 22:34:16.002224  1686  1686 I AmbientService: [ce6a28c] Showing watch face in offload mode, canceling alarm.
11-02 22:34:16.002279  1686  1686 W AlarmManagerProxy: Removing unknown listener
11-02 22:34:16.002366  1686  1686 D WristGestureCtrl: Stopping detectors: GesturesEnabled-false gestureDetector-false ungazeEnabled-true ungaze-true
11-02 22:34:16.002403  1686  1686 D DefaultUngazeDetector: stopping
11-02 22:34:16.003808  2520  2520 D HOME    : [StreamDBQueue]Promised revision #2434 to queue a new op
11-02 22:34:16.004077  2520  2520 D WatchStreamManager: Promised rank-blocked=false @ r#2434
11-02 22:34:16.004532  2520  2520 D HOME    : [StreamDBQueue]Promised revision #2435 to queue a new op
11-02 22:34:16.004665  2520  2520 D WatchStreamManager: Promised rank-blocked=false @ r#2435
11-02 22:34:16.005558  2520  8603 I SidekickManager: replaceWatchFaceComponentsImpl(): watchFace = com.google.android.clockwork.decomposablewatchface.WatchFaceDecomposition@4beea44
11-02 22:34:16.005558  2520  2520 D HOME    : [EventBus]Wrapper pool is full. Discarding excess wrapper instance for event com.google.android.clockwork.sysui.events.KeyguardStateEvent
11-02 22:34:16.005582  2520  7941 D HOME    : [WatchStreamDB]Item alerting conditions - isInterruptive: false, recentlyInterrupted: false, isItemPinned: false, isUnread: false
11-02 22:34:16.005689  2520  2520 D HOME    : [WatchFaceUiController]sendStateToWallpaper
11-02 22:34:16.006093  2520  7941 D HOME    : [StreamAlertingRegulator]isTheaterModeEnabled: false, isAlertingAllowedByOffBody: true, matchesLocalInterruptionFilter: true
11-02 22:34:16.007408  2520  8486 D HOME    : [StreamDBQueue]Promised revision #2436 to queue a new op
11-02 22:34:16.007408  2520  2520 D HOME    : [EventBus]Wrapper pool is full. Discarding excess wrapper instance for event com.google.android.clockwork.sysui.events.KeyguardStateEvent
11-02 22:34:16.007559  2520  8486 D WatchStreamManager: Promised rerank @ r#2436
11-02 22:34:16.007677  2520  2520 D HOME    : [EventBus]Wrapper pool is full. Discarding excess wrapper instance for event com.google.android.clockwork.sysui.events.KeyguardStateEvent
11-02 22:34:16.008125   512  1749 I sensors-hal: batch:140, android.sensor.accelerometer/48, period=66667000, max_latency=100000000
11-02 22:34:16.012500  1686  1742 D SidekickService: sendWatchFaceComponents called: watchFace = com.google.android.clockwork.decomposablewatchface.WatchFaceDecomposition@4fda635shouldReplace = false
11-02 22:34:16.013492  2520  7941 D HOME    : [WatchStreamDB]couldItemAlert: false, isTopItemChanged: false, isDeferralForTopItem: false
11-02 22:34:16.014574  1686  1742 D SidekickService: Check decomposition for calling app com.google.android.wearable.app with uid 10049
11-02 22:34:16.015211  1686  1742 D SidekickService: sendWatchFaceLocked(): shouldReplace = false, mSidekickIsControlling = false, 1 images, 0 fonts, 0 numbers, 0 proportionalFonts, 0 strings
11-02 22:34:16.015332  1686  1742 D SidekickService: ISidekickGraphics#beginResources()...
11-02 22:34:16.015458   512  1749 I sensors-hal: batch:149, android.sensor.accelerometer/48, period=66667000, max_latency=100000000 request completed
11-02 22:34:16.016062  2520  2520 W StaticLayout: maxLineHeight should not be -1.  maxLines:1 lineCount:1
11-02 22:34:16.016626  1686  1742 D SidekickServiceUtils: bitmapFromDrawable: Returning bitmap directly
11-02 22:34:16.019309  1686  1742 D SidekickService: sendBitmapsLocked(): bounds = RectF(0.0, 0.0, 0.0024038462, 0.0024038462), drawableInfo = {.id = 100000, .width = 1, .height = 1, .display = true, .offsetX = 0.0, .offsetY = 0.0, .rotationInfo = {.hasRotation = false, .pivotX = 0.0, .pivotY = 0.0, .degreesPerDay = 0.0, .degreesPerStep = 0.0, .zeroDegreesTime = {.daysSinceLocalEpoch = 0, .msSinceMidnight = 0}}, .transformInfo = {.transformed = false, .flipX = false, .flipY = false, .flip45 = false, .scaleX = 0.0, .scaleY = 0.0}, .type = GENERIC, .blink = {.blinking = false, .periodOnMs = 0.0, .periodOffMs = 0.0, .startTime = {.daysSinceLocalEpoch = 0, .msSinceMidnight = 0}}, .zOrder = 8, .displayInTwm = true}, image.size() = 84
11-02 22:34:16.020243   416  2389 D SKGHAL  : saveResource: resId = 100000
11-02 22:34:16.021906  1686  1742 D SidekickService: sendBitmapsLocked(): status = 0, bytesUsed = 18
11-02 22:34:16.022016  2520  7941 D HOME    : [WatchStreamDB]Item alerting conditions - isInterruptive: false, recentlyInterrupted: false, isItemPinned: false, isUnread: false
11-02 22:34:16.022122  1686  1742 D SidekickService: ISidekickGraphics#endResources()...
11-02 22:34:16.022350  2520  7941 D HOME    : [StreamAlertingRegulator]isTheaterModeEnabled: false, isAlertingAllowedByOffBody: true, matchesLocalInterruptionFilter: true
11-02 22:34:16.022647  2520  7941 D HOME    : [WatchStreamDB]couldItemAlert: false, isTopItemChanged: false, isDeferralForTopItem: false
11-02 22:34:16.023612  2520  7941 D HOME    : [WatchStreamDB]updateRanking()
11-02 22:34:16.025234  2520  7941 D HOME    : [WatchStreamDB]Item alerting conditions - isInterruptive: false, recentlyInterrupted: false, isItemPinned: false, isUnread: false
11-02 22:34:16.025705  2520  7941 D HOME    : [StreamAlertingRegulator]isTheaterModeEnabled: false, isAlertingAllowedByOffBody: true, matchesLocalInterruptionFilter: true
11-02 22:34:16.026165  2520  7941 D HOME    : [WatchStreamDB]couldItemAlert: false, isTopItemChanged: false, isDeferralForTopItem: false
11-02 22:34:16.026836  2520  7941 D HOME    : [NewStreamAdapter]Publishing revision #2436 to adapter clients
11-02 22:34:16.028454  2520  8486 D HOME    : [StreamDBQueue]Promised revision #2437 to queue a new op
11-02 22:34:16.028961  2520  8486 D WatchStreamManager: Promised rerank @ r#2437
11-02 22:34:16.029231  2520  7941 D HOME    : [WatchStreamDB]updateRanking()
11-02 22:34:16.030732  2520  7941 D HOME    : [WatchStreamDB]Item alerting conditions - isInterruptive: false, recentlyInterrupted: false, isItemPinned: false, isUnread: false
11-02 22:34:16.033407  2520  7941 D HOME    : [StreamAlertingRegulator]isTheaterModeEnabled: false, isAlertingAllowedByOffBody: true, matchesLocalInterruptionFilter: true
11-02 22:34:16.034105  2520  7941 D HOME    : [WatchStreamDB]couldItemAlert: false, isTopItemChanged: false, isDeferralForTopItem: false
11-02 22:34:16.036010  2520  7941 D HOME    : [NewStreamAdapter]Publishing revision #2437 to adapter clients
11-02 22:34:16.362049   416  2389 D SKGHAL  : sendResources: metadata size = 2400, font size = 72
11-02 22:34:16.428488   416  2389 D SKGHAL  : endResources: rc = 0
11-02 22:34:16.431194  1686  1686 W system_server: Long monitor contention with owner Binder:1686_4 (1742) at int com.google.android.clockwork.sidekick.SidekickService$BinderService.sendWatchFace(com.google.android.clockwork.decomposablewatchface.WatchFaceDecomposition, boolean)(SidekickService.java:1021) waiters=0 in boolean com.google.android.clockwork.sidekick.SidekickService$BinderService.readyToDisplay() for 408ms
11-02 22:34:16.434713  2520  2520 D HOME    : [SidekickManagerAsync]replaceWatchFaceComponents(): Callback#onResult(): 0
11-02 22:34:16.436180  2520  2520 D HOME    : [WatchFaceUiController]Complication updates sent, posting watch face hiding
11-02 22:34:16.436569  2520  2520 D HOME    : [WatchFaceUiController]Still in ambient watch face, hiding
11-02 22:34:16.436767  2520  2520 D HOME    : [WatchFaceUiController]Hiding watch face wallpaper.
--------- switch to system
11-02 22:34:16.437647  1686  1686 W Looper  : Slow dispatch took 421ms main h=android.os.Handler c=com.google.android.wearable.ambient.AmbientDream$Callbacks$1@aa21aca m=0
--------- switch to kernel
11-02 22:34:16.397877     0     0 E FG      : fg_psy_get_property: unsupported property 7
11-02 22:34:16.400654     0     0 W healthd : battery l=52 v=3823 t=34.0 h=2 st=3 c=159 fc=443000 cc=0 chg=
--------- switch to main
11-02 22:34:16.478225  1956  1956 D QtiCarrierConfigHelper: WARNING, no carrier configs on phone Id: 0
11-02 22:34:16.480592  2520  2520 D HOME    : [BatteryChange]action: android.intent.action.BATTERY_CHANGED
11-02 22:34:16.485125   512  1749 I sensors-hal: activate:107, android.sensor.light/46 en=0
11-02 22:34:16.485182  2520  8603 D HOME    : [BatteryChange]HandleBatteryChangedTask
11-02 22:34:16.486711   512  1749 I sensors-hal: activate:118, android.sensor.light/46 en=0 completed
11-02 22:34:16.491679   545   545 D SurfaceFlinger: Set power mode=3, type=0 flinger=0xb6bb6000
--------- switch to system
11-02 22:34:16.491624  1686  1710 I DisplayManagerService: Display device changed state: "Écran intégré", DOZE_SUSPEND
--------- switch to main
11-02 22:34:16.494614   504   761 I SDM     : DisplayBase::SetDisplayState: Set state = 3, display 0
11-02 22:34:16.517650  2520  8603 D HOME    : [BatteryChange]level: 52, status: 3
--------- switch to kernel
11-02 22:34:16.430409     0     0 I mdss_dsi_panel_set_idle_mode: Idle (0->1)
11-02 22:34:16.462740     0     0 I         : [touch]FB_BLANK_VSYNC_SUSPEND
11-02 22:34:16.462757     0     0 I         : [touch]irq disable
11-02 22:34:16.462768     0     0 I         : [touch]workqueue is empty!
11-02 22:34:16.462776     0     0 I         : [touch]raydium_ts_do_suspend.
11-02 22:34:16.462801     0     0 I         : [touch]Device may wakeup
11-02 22:34:16.467284     0     0 I         : [touch]irq enable
--------- switch to main
11-02 22:34:16.532386   545   545 D SurfaceFlinger: Finished set power mode=3, type=0
11-02 22:34:16.533775  1686  1823 I SidekickService: beginDisplayLocked(): DOZE_SUSPEND
11-02 22:34:16.535740   416  2389 D SKGHAL  : sendAmbientPrepare: enter:
11-02 22:34:16.548151  1686  1759 I InputReader: Reconfiguring input devices.  changes=0x00000004
11-02 22:34:16.668280   416  2389 D SKGHAL  : sendAmbientEvent: enter: enable = 1
11-02 22:34:16.669816   504   523 I SDM     : DisplayBase::SetDisplayState: Set state = 4, display 0
11-02 22:34:16.669935   504   523 D SDM     : HWCDisplayPrimary::SetStandByMode: Null display is connected successfully
11-02 22:34:16.670137   416  2389 D SKGHAL  : standBy_update_control call succeed on 1
11-02 22:34:16.682825   416  2389 D SKGHAL  : sendAmbientEvent: done: enable = 1
11-02 22:34:16.683321  1686  1823 D SidekickService:    ... beginDisplay result: 0 for halPower: 1
11-02 22:34:16.687668   512  1749 I sensors-hal: activate:107, android.sensor.accelerometer/48 en=0
--------- switch to kernel
11-02 22:34:16.626333     0     0 E bgrsb   : bgrsb_enable: gpio 32 is valid
--------- switch to main
11-02 22:34:16.689561   512  1749 I sensors-hal: activate:118, android.sensor.accelerometer/48 en=0 completed
11-02 22:34:16.727748  1686  1686 I WearPower: [WearTouchMediator] changing touch input to enabled (ON_AUTO)
11-02 22:34:16.729430  1686  1759 I InputReader: Reconfiguring input devices.  changes=0x00000200
--------- switch to kernel
11-02 22:34:16.667414     0     0 I init    : processing action (ro.enable_core_ctl=true && sys.cw_corectl_mode=idle) from (/vendor/etc/init/hw/init.qcom.rc:949)
--------- switch to main
11-02 22:34:16.738004  1686  1686 I AmbientService: [ce6a28c] Timeout alarm not required, auto-resume timeout handled by dream.
11-02 22:34:16.747642  3205  3434 W WorkController: Loading failed for worker [trainingcache]: worker not found
11-02 22:34:16.749274  3205  3372 W A       : TrainingCache cache SCREEN_OFF failure
11-02 22:34:16.749274  3205  3372 W A       : com.google.android.apps.gsa.search.core.service.h.a.a: No worker found for Worker ID [trainingcache].
11-02 22:34:16.749274  3205  3372 W A       : 	at com.google.android.apps.gsa.search.core.service.g.a.c.a(Unknown Source:5)
11-02 22:34:16.749274  3205  3372 W A       : 	at com.google.android.libraries.gsa.c.a.d.a(Unknown Source:3)
11-02 22:34:16.749274  3205  3372 W A       : 	at com.google.common.p.a.cg.c(Unknown Source:2)
11-02 22:34:16.749274  3205  3372 W A       : 	at com.google.common.p.a.bk.run(SourceFile:3)
11-02 22:34:16.749274  3205  3372 W A       : 	at com.google.common.p.a.ci.run(Unknown Source:4)
11-02 22:34:16.749274  3205  3372 W A       : 	at com.google.apps.tiktok.concurrent.ab.run(SourceFile:1)
11-02 22:34:16.749274  3205  3372 W A       : 	at java.util.concurrent.ThreadPoolExecutor.runWorker(ThreadPoolExecutor.java:1167)
11-02 22:34:16.749274  3205  3372 W A       : 	at java.util.concurrent.ThreadPoolExecutor$Worker.run(ThreadPoolExecutor.java:641)
11-02 22:34:16.749274  3205  3372 W A       : 	at com.google.apps.tiktok.concurrent.c.run(Unknown Source:4)
11-02 22:34:16.749274  3205  3372 W A       : 	at java.lang.Thread.run(Thread.java:764)
--------- switch to system
11-02 22:34:16.751825   618   618 W wificond: Skip match ssid for pno scan: Samsung Ingrid, Wifirst Les Valmonts, Pauline, HUAWEI-F3EF, PUBLIC WIFI Groupe Televerbier, TMR_PUBLIC_WIFI, SFR_1AE0, BINLAR_2.4G, Sira-WiFi, iPhone S, Siam Garden Cooking School, .@AirportAISFreeWiFi, iPhone de Ameulie, Paulo's iPhone, Beach  Park Hostel & Tree Bar, The Big_Easy, AndroidAPEC14, _VINCI Airports wifi, Yolo Hostel, .@AirportDTACFreeWiFi,    .@ TRUEWIFI, .@ AIS SUPER WiFi, .@AirportTrueFreeWiFi,     King Power,  Free Airport-Google WiFi by CAT, BangkokAirways, UPC5616060, ColocMegy, jcmjsm, iPhone Consti, ASGARD, FMEL, Florence 2.4Ghz, BENJI, IBIS_STYLES_NANTES_CENTRE_GARE_N, LACENNE , Jack's iPhone, Salt_2GHz_28C9D0, Salt_5GHz_28C9D0, Yah Hallo, ASGARD-24G, Livebox-22B4, LeBOen, App_111, Michaud1936, _VT21-VISITORS_, Sebi, RAFA 5, Verkehrshaus, iPhone, MONZOON, igluna-public, kepler, _WIFI_LYRIA, HUAWEI-C452, Vodafone-A54562143, WiFiFrecce, OSoleMioWifi, VodafoneDepretis19, SanLorenzo, Live Hotels Guest, Franci , iPhone de Soline, viktoria_intern, UPC7759032, Vod
--------- switch to main
11-02 22:34:16.763072  2520  2520 D HOME    : [StreamDBQueue]Promised revision #2438 to queue a new op
11-02 22:34:16.763428  2520  2520 D WatchStreamManager: Promised rank-blocked=false @ r#2438
11-02 22:34:16.763718  2520  2520 D HOME    : [CompactHunStarter]detachWindow()
11-02 22:34:16.764054  2520  8603 D HOME    : [WatchStreamDB]Item alerting conditions - isInterruptive: false, recentlyInterrupted: false, isItemPinned: false, isUnread: false
11-02 22:34:16.764359  2520  8603 D HOME    : [StreamAlertingRegulator]isTheaterModeEnabled: false, isAlertingAllowedByOffBody: true, matchesLocalInterruptionFilter: true
11-02 22:34:16.764350  2520  8604 D HOME    : [StreamDBQueue]Promised revision #2439 to queue a new op
11-02 22:34:16.764539  2520  8604 D WatchStreamManager: Promised rerank @ r#2439
11-02 22:34:16.764649  2520  8603 D HOME    : [WatchStreamDB]couldItemAlert: false, isTopItemChanged: false, isDeferralForTopItem: false
11-02 22:34:16.765157  2520  8603 D HOME    : [WatchStreamDB]updateRanking()
11-02 22:34:16.765715  2520  8603 D HOME    : [WatchStreamDB]Item alerting conditions - isInterruptive: false, recentlyInterrupted: false, isItemPinned: false, isUnread: false
11-02 22:34:16.766679  2520  8603 D HOME    : [StreamAlertingRegulator]isTheaterModeEnabled: false, isAlertingAllowedByOffBody: true, matchesLocalInterruptionFilter: true
11-02 22:34:16.767005  2520  8603 D HOME    : [WatchStreamDB]couldItemAlert: false, isTopItemChanged: false, isDeferralForTopItem: false
11-02 22:34:16.768263  2520  8603 D HOME    : [NewStreamAdapter]Publishing revision #2439 to adapter clients
--------- switch to system
11-02 22:34:16.788641   618   618 I wificond: Pno scan started
--------- switch to kernel
11-02 22:34:16.798081     0     0 I PM      : suspend entry 2021-11-02 21:34:16.798081405 UTC
11-02 22:34:16.798090     0     0 I PM      : Syncing filesystems ...
11-02 22:34:16.816109     0     0 I CPU3    : update max cpu_capacity 1024
11-02 22:34:16.832869     0     0 I         : done.
11-02 22:34:16.849653     0     0 I CPU2    : shutdown
11-02 22:34:16.850762     0     0 I         : Freezing user space processes ...
11-02 22:34:16.855155     0     0 I PM      : Wakeup pending, aborting suspend
11-02 22:34:16.855190     0     0 I         : active wakeup source: NETLINK
11-02 22:34:16.855225     0     0 E         : Freezing of tasks aborted after 0.004 seconds
11-02 22:34:16.855236     0     0 I         : Restarting tasks ...
11-02 22:34:16.855758     0     0 W QSEECOM : qseecom_receive_req: Interrupted: exiting Listener Service = 10
11-02 22:34:16.855985     0     0 W QSEECOM : qseecom_receive_req: Interrupted: exiting Listener Service = 28672
11-02 22:34:16.856047     0     0 W QSEECOM : qseecom_receive_req: Interrupted: exiting Listener Service = 8192
11-02 22:34:16.856223     0     0 W QSEECOM : qseecom_receive_req: Interrupted: exiting Listener Service = 12288
11-02 22:34:16.856853     0     0 I init    : Command 'write /sys/devices/system/cpu/cpu2/online 0' action=ro.enable_core_ctl=true && sys.cw_corectl_mode=idle (/vendor/etc/init/hw/init.qcom.rc:951) took 124ms and succeeded
11-02 22:34:16.858811     0     0 W QSEECOM : qseecom_receive_req: Interrupted: exiting Listener Service = 11
11-02 22:34:16.859368     0     0 I         : done.
11-02 22:34:16.863360     0     0 I init    : Command 'write /sys/devices/system/cpu/cpu3/online 0' action=ro.enable_core_ctl=true && sys.cw_corectl_mode=idle (/vendor/etc/init/hw/init.qcom.rc:952) took 2ms and failed: Unable to write to file '/sys/devices/system/cpu/cpu3/online': Unable to write file contents: Device or resource busy
11-02 22:34:16.859860     0     0 I PM      : suspend exit 2021-11-02 21:34:16.859860936 UTC
11-02 22:34:17.062423     0     0 I PM      : suspend entry 2021-11-02 21:34:17.062423905 UTC
11-02 22:34:17.062449     0     0 I PM      : Syncing filesystems ... done.
11-02 22:34:17.088292     0     0 I         : Freezing user space processes ... (elapsed 0.008 seconds) done.
11-02 22:34:17.096549     0     0 I         : Freezing remaining freezable tasks ... (elapsed 0.004 seconds) done.
11-02 22:34:17.100683     0     0 I         : Suspending console(s) (use no_console_suspend to debug)
11-02 22:34:17.112485     0     0 I mdss_dsi_panel_set_idle_mode: Idle (1->1)
11-02 22:34:17.151363     0     0 I bgcom   : bgcom_pm_suspend: suspended with : 0
11-02 22:34:17.185288     0     0 I PM      : suspend of devices complete after 82.372 msecs
11-02 22:34:17.191214     0     0 I PM      : late suspend of devices complete after 5.880 msecs
11-02 22:34:17.197339     0     0 I PM      : noirq suspend of devices complete after 6.100 msecs
11-02 22:34:17.197353     0     0 I         : Disabling non-boot CPUs ...
11-02 22:34:17.219309     0     0 I CPU1    : shutdown
11-02 22:34:17.226019     0     0 I CPU0    : update max cpu_capacity 748
11-02 22:34:17.256002     0     0 I CPU3    : update max cpu_capacity 1024
11-02 22:34:17.266888     0     0 W         : IRQ16 no longer affine to CPU3
11-02 22:34:17.266963     0     0 W         : IRQ93 no longer affine to CPU3
11-02 22:34:17.268339     0     0 I CPU3    : shutdown
11-02 22:34:17.270411     0     0 I suspend ns: 1857040038682	suspend cycles:     390616413558
11-02 22:34:17.270393     0     0 I CPU0    : msm_cpu_pm_enter_sleep mode:3 during suspend
11-02 22:34:17.270393     0     0 I         : Suspended for 5.830 seconds
11-02 22:34:17.270393     0     0 I resume cycles: 390728365799
11-02 22:34:17.271022     0     0 I         : Enabling non-boot CPUs ...
11-02 22:34:17.271854     0     0 I CPU1    : update cpu_capacity 1024
11-02 22:34:17.273008     0     0 I         : CPU1 is up
11-02 22:34:17.274151     0     0 I CPU3    : update cpu_capacity 1024
11-02 22:34:17.275805     0     0 I CPU1    : update max cpu_capacity 748
11-02 22:34:17.275920     0     0 I         : CPU3 is up
11-02 22:34:17.275964     0     0 I CPU3    : update max cpu_capacity 1024
11-02 22:34:17.279495     0     0 I PM      : noirq resume of devices complete after 3.334 msecs
11-02 22:34:17.284753     0     0 I PM      : early resume of devices complete after 3.770 msecs
11-02 22:34:17.320698     0     0 I bgcom   : bgcom_pm_resume: Bgcom resumed with : 0
11-02 22:34:17.330803     0     0 I mdss_dsi_panel_set_idle_mode: Idle (1->1)
11-02 22:34:17.369788     0     0 I PM      : resume of devices complete after 85.005 msecs
11-02 22:34:17.372631     0     0 I         : Restarting tasks ...
11-02 22:34:17.374970     0     0 W QSEECOM : qseecom_receive_req: Interrupted: exiting Listener Service = 8192
11-02 22:34:17.375069     0     0 W QSEECOM : qseecom_receive_req: Interrupted: exiting Listener Service = 12288
11-02 22:34:17.375126     0     0 W QSEECOM : qseecom_receive_req: Interrupted: exiting Listener Service = 11
11-02 22:34:17.375164     0     0 W QSEECOM : qseecom_receive_req: Interrupted: exiting Listener Service = 10
11-02 22:34:17.375226     0     0 W QSEECOM : qseecom_receive_req: Interrupted: exiting Listener Service = 28672
11-02 22:34:17.385454     0     0 I         : done.
11-02 22:34:23.217984     0     0 I PM      : suspend exit 2021-11-02 21:34:23.217984736 UTC
--------- switch to system
11-02 22:34:23.219323  1686  1686 I PowerManagerService: Waking up from dozing (uid=1000 reason=tiltToWake)...
11-02 22:34:23.226894  1686  1686 W UsageStatsService: Event reported without a package name
--------- switch to kernel
11-02 22:34:23.245221     0     0 E FG      : fg_psy_get_property: unsupported property 7
11-02 22:34:23.184667     0     0 W healthd : battery l=52 v=3892 t=34.0 h=2 st=3 c=6 fc=443000 cc=0 chg=
--------- switch to main
11-02 22:34:23.264040   512   512 I sensors-hal: batch:140, android.sensor.light/46, period=100000000, max_latency=0
11-02 22:34:23.264199   512   512 I sensors-hal: batch:149, android.sensor.light/46, period=100000000, max_latency=0 request completed
11-02 22:34:23.265562   512   512 I sensors-hal: activate:107, android.sensor.light/46 en=1
11-02 22:34:23.266039   512   512 I sensors-hal: ssc_enable_rt_task:254, ssc_enable_rt_task : true
11-02 22:34:23.270772   512   512 I sensors-hal: activate:118, android.sensor.light/46 en=1 completed
11-02 22:34:23.273466  1686  1823 I SidekickService: endDisplayLocked()
--------- switch to system
11-02 22:34:23.273897  1686  1710 I DisplayManagerService: Display device changed state: "Écran intégré", ON
--------- switch to main
11-02 22:34:23.274122   512   512 I sensors-hal: batch:140, android.sensor.accelerometer/48, period=66667000, max_latency=100000000
11-02 22:34:23.274127   416  2389 D SKGHAL  : sendAmbientEvent: enter: enable = 0
11-02 22:34:23.274185   512   512 I sensors-hal: batch:149, android.sensor.accelerometer/48, period=66667000, max_latency=100000000 request completed
11-02 22:34:23.283620   512   512 I sensors-hal: activate:107, android.sensor.accelerometer/48 en=1
11-02 22:34:23.287764   512   512 I sensors-hal: ssc_enable_rt_task:254, ssc_enable_rt_task : true
11-02 22:34:23.291949   512   512 I sensors-hal: activate:118, android.sensor.accelerometer/48 en=1 completed
11-02 22:34:23.293358  4243  4243 D OMService: onDisplayChanged: not dozing
11-02 22:34:23.301106  1686  1759 I InputReader: Reconfiguring input devices.  changes=0x00000004
11-02 22:34:23.314091  2520  2520 D HOME    : [BatteryChange]action: android.intent.action.BATTERY_CHANGED
11-02 22:34:23.315490  2520  8604 D HOME    : [BatteryChange]HandleBatteryChangedTask
11-02 22:34:23.316354  2520  8604 D HOME    : [BatteryChange]level: 52, status: 3
11-02 22:34:23.317950  1956  1956 D QtiCarrierConfigHelper: WARNING, no carrier configs on phone Id: 0
--------- switch to system
11-02 22:34:23.322586  1686  1702 W BroadcastQueue: Background execution not allowed: receiving Intent { act=android.intent.action.USER_PRESENT flg=0x10 } to com.google.android.gms/.auth.setup.devicesignals.LockScreenReceiver
11-02 22:34:23.323484  1686  1702 W BroadcastQueue: Background execution not allowed: receiving Intent { act=android.intent.action.USER_PRESENT flg=0x10 } to com.google.android.gms/.chimera.GmsIntentOperationService$PersistentTrustedReceiver
--------- switch to kernel
11-02 22:34:23.370487     0     0 I init    : processing action (ro.enable_core_ctl=true && sys.cw_corectl_mode=perf) from (/vendor/etc/init/hw/init.qcom.rc:954)
--------- switch to main
11-02 22:34:23.332215  3205  3434 W WorkController: Loading failed for worker [trainingcache]: worker not found
--------- switch to kernel
11-02 22:34:23.372688     0     0 I CPU2    : update cpu_capacity 1024
--------- switch to main
11-02 22:34:23.334736  3205  3294 W A       : TrainingCache cache DEVICE_UNLOCKED failure
11-02 22:34:23.334736  3205  3294 W A       : com.google.android.apps.gsa.search.core.service.h.a.a: No worker found for Worker ID [trainingcache].
11-02 22:34:23.334736  3205  3294 W A       : 	at com.google.android.apps.gsa.search.core.service.g.a.c.a(Unknown Source:5)
11-02 22:34:23.334736  3205  3294 W A       : 	at com.google.android.libraries.gsa.c.a.d.a(Unknown Source:3)
11-02 22:34:23.334736  3205  3294 W A       : 	at com.google.common.p.a.cg.c(Unknown Source:2)
11-02 22:34:23.334736  3205  3294 W A       : 	at com.google.common.p.a.bk.run(SourceFile:3)
11-02 22:34:23.334736  3205  3294 W A       : 	at com.google.common.p.a.ci.run(Unknown Source:4)
11-02 22:34:23.334736  3205  3294 W A       : 	at com.google.apps.tiktok.concurrent.ab.run(SourceFile:1)
11-02 22:34:23.334736  3205  3294 W A       : 	at java.util.concurrent.ThreadPoolExecutor.runWorker(ThreadPoolExecutor.java:1167)
11-02 22:34:23.334736  3205  3294 W A       : 	at java.util.concurrent.ThreadPoolExecutor$Worker.run(ThreadPoolExecutor.java:641)
11-02 22:34:23.334736  3205  3294 W A       : 	at com.google.apps.tiktok.concurrent.c.run(Unknown Source:4)
11-02 22:34:23.334736  3205  3294 W A       : 	at java.lang.Thread.run(Thread.java:764)
--------- switch to system
11-02 22:34:23.400620   618   618 I wificond: Pno scan stopped
--------- switch to main
11-02 22:34:23.430501  1686  1686 I WearPower: [WearTouchMediator] changing touch input to enabled (ON_AUTO)
11-02 22:34:23.431819  1686  1759 I InputReader: Reconfiguring input devices.  changes=0x00000200
11-02 22:34:23.441402  1686  1686 D WristGestureCtrl: Starting: GesturesEnabled-false UngazeEnabled-true
11-02 22:34:23.441532  1686  1686 D DefaultUngazeDetector: starting
11-02 22:34:23.441614  1686  1686 D DefaultUngazeDetector: startUngazeStateEstimation(). startTime = 20342871
11-02 22:34:23.441848  1686  1686 W AlarmManagerProxy: Removing unknown listener
11-02 22:34:23.443097   512   512 I sensors-hal: batch:140, android.sensor.accelerometer/48, period=19231000, max_latency=100000000
11-02 22:34:23.443793  1686  1686 W DefaultSettingsContentR: Value for ambient_low_bit_enabled not stored as number. Attempting parse as boolean.
11-02 22:34:23.444569   512  8906 I sensors-hal: handle_indication_realtime:355,  SCHED_FIFO(10) for qmi_cbk
11-02 22:34:23.445749   512   512 I sensors-hal: batch:149, android.sensor.accelerometer/48, period=19231000, max_latency=100000000 request completed
11-02 22:34:23.446358   512   512 I sensors-hal: flush:169, android.sensor.accelerometer/48
11-02 22:34:23.447952   512   512 I sensors-hal: flush:175, android.sensor.accelerometer/48 completed
11-02 22:34:23.467166  3205  3434 W WorkController: Loading failed for worker [trainingcache]: worker not found
11-02 22:34:23.469586  3205  3372 W A       : TrainingCache cache SCREEN_ON failure
11-02 22:34:23.469586  3205  3372 W A       : com.google.android.apps.gsa.search.core.service.h.a.a: No worker found for Worker ID [trainingcache].
11-02 22:34:23.469586  3205  3372 W A       : 	at com.google.android.apps.gsa.search.core.service.g.a.c.a(Unknown Source:5)
11-02 22:34:23.469586  3205  3372 W A       : 	at com.google.android.libraries.gsa.c.a.d.a(Unknown Source:3)
11-02 22:34:23.469586  3205  3372 W A       : 	at com.google.common.p.a.cg.c(Unknown Source:2)
11-02 22:34:23.469586  3205  3372 W A       : 	at com.google.common.p.a.bk.run(SourceFile:3)
11-02 22:34:23.469586  3205  3372 W A       : 	at com.google.common.p.a.ci.run(Unknown Source:4)
11-02 22:34:23.469586  3205  3372 W A       : 	at com.google.apps.tiktok.concurrent.ab.run(SourceFile:1)
11-02 22:34:23.469586  3205  3372 W A       : 	at java.util.concurrent.ThreadPoolExecutor.runWorker(ThreadPoolExecutor.java:1167)
11-02 22:34:23.469586  3205  3372 W A       : 	at java.util.concurrent.ThreadPoolExecutor$Worker.run(ThreadPoolExecutor.java:641)
11-02 22:34:23.469586  3205  3372 W A       : 	at com.google.apps.tiktok.concurrent.c.run(Unknown Source:4)
11-02 22:34:23.469586  3205  3372 W A       : 	at java.lang.Thread.run(Thread.java:764)
--------- switch to kernel
11-02 22:34:23.404115     0     0 I CPU0    : update max cpu_capacity 748
11-02 22:34:23.406298     0     0 I CPU2    : update max cpu_capacity 1024
--------- switch to main
11-02 22:34:23.496788  2520  2520 D HOME    : [StreamDBQueue]Promised revision #2440 to queue a new op
11-02 22:34:23.497407  2520  2520 D WatchStreamManager: Promised rank-blocked=true @ r#2440
11-02 22:34:23.499187  2520  8604 D HOME    : [WatchStreamDB]Item alerting conditions - isInterruptive: false, recentlyInterrupted: false, isItemPinned: false, isUnread: false
11-02 22:34:23.499882  2520  8604 D HOME    : [StreamAlertingRegulator]isTheaterModeEnabled: false, isAlertingAllowedByOffBody: true, matchesLocalInterruptionFilter: true
11-02 22:34:23.500287  2520  8604 D HOME    : [WatchStreamDB]couldItemAlert: false, isTopItemChanged: false, isDeferralForTopItem: false
11-02 22:34:23.646401   512  8904 I sensors-hal: handle_indication_realtime:355,  SCHED_FIFO(10) for qmi_cbk
--------- switch to kernel
11-02 22:34:23.571266     0     0 E bgrsb   : bgrsb_enable: rsb will set report rate
11-02 22:34:23.597523     0     0 E bgrsb   : bgrsb_enable: gpio 32 is valid
--------- switch to main
11-02 22:34:23.761296   504   523 I SDM     : DisplayBase::SetDisplayState: Set state = 3, display 0
11-02 22:34:23.761656   504   523 D SDM     : HWCDisplayPrimary::SetStandByMode: Display is connected successfully
11-02 22:34:23.762096   416  2389 D SKGHAL  : standBy_update_control call succeed on 0
11-02 22:34:23.762183   416  2389 D SKGHAL  : sendAmbientEvent: done: enable = 0
11-02 22:34:23.763343  1686  1823 D SidekickService:    ... endDisplay returns void
11-02 22:34:23.764823   545   545 D SurfaceFlinger: Set power mode=2, type=0 flinger=0xb6bb6000
--------- switch to kernel
11-02 22:34:23.696933     0     0 I         : [touch]FB_BLANK_VSYNC_SUSPEND
11-02 22:34:23.696940     0     0 I         : [touch]Already in suspend state
--------- switch to main
11-02 22:34:23.765637   504   764 I SDM     : DisplayBase::SetDisplayState: Set state = 1, display 0
11-02 22:34:23.777866   545   545 D SurfaceFlinger: Finished set power mode=2, type=0
--------- switch to kernel
11-02 22:34:23.708517     0     0 I mdss_dsi_panel_set_idle_mode: Idle (1->0)
11-02 22:34:23.709918     0     0 E mdp3_enable_panic_ctrl: mdp3_enable_panic_ctrl: Enable Panic Control
11-02 22:34:23.710042     0     0 I         : [touch]FB_BLANK_UNBLANK
11-02 22:34:23.710051     0     0 I         : [touch]raydium_ts_do_resume, 1.
11-02 22:34:23.711128     0     0 I         : [ raydium ]workqueue is empty!
11-02 22:34:23.711159     0     0 I raydium_ts 5-0039: [touch]Already enable irq
11-02 22:34:23.711163     0     0 I         : [touch]Device may wakeup
--------- switch to system
11-02 22:34:23.782346  1686  1712 W PowerManagerService: Screen on took 687 ms
11-02 22:34:23.782905  1686  1712 I DreamManagerService: Gently waking up from dream.
11-02 22:34:23.783568  1686  1708 I DreamManagerService: Performing gentle wake from dream.
11-02 22:34:23.784061  1686  1686 V DreamService[AmbientDream]: wakeUp(): fromSystem=true, mWaking=false, mFinished=false
11-02 22:34:23.784244  1686  1686 V DreamService[AmbientDream]: finish(): mFinished=false
11-02 22:34:23.784374  1686  1686 I DreamManagerService: Leaving dreamland.
11-02 22:34:23.785598  1686  1708 I DreamManagerService: Performing gentle wake from dream.
11-02 22:34:23.785844  1686  1708 I DreamController: Stopping dream: name=ComponentInfo{com.google.android.wearable.ambient/com.google.android.wearable.ambient.AmbientDream}, isTest=false, canDoze=true, userId=0
11-02 22:34:23.789215  1686  1686 V DreamService[AmbientDream]: detach(): Calling onDreamingStopped()
--------- switch to main
11-02 22:34:23.789456  1686  1686 I AmbientService: [ce6a28c] doOnDreamingStopped
11-02 22:34:23.789550  1686  1686 W AlarmManagerProxy: Removing unknown listener
11-02 22:34:23.808549  2520  2520 D HOME    : [HomeVisitsLogger]Logging streamlet event: visit_start
11-02 22:34:23.809431  2520  2520 D HOME    : [HomeVisitsLogger]Logging streamlet event: exit_ambient_mode
11-02 22:34:23.810671  2520  2520 D HOME    : [HotwordController]updateClient MODE_WATCH_FACE false false false true
11-02 22:34:23.812549  2520  2520 D HOME    : [WatchFaceUiController]setInAmbientMode false
11-02 22:34:23.812704  2520  2520 D HOME    : [WatchFaceUiController]sendWatchFaceServiceBinder
11-02 22:34:23.814821  1686  1686 I AmbientService: [ce6a28c] No auto-resume Activity.
11-02 22:34:23.816849  1686  1686 W AlarmManager: Unrecognized alarm listener com.android.server.job.controllers.-$$Lambda$IdleController$IdlenessTracker$nTdS-lGBXcES5VWKcJFmQFgU7IU@1ab437a
--------- switch to system
11-02 22:34:23.818387  1686  1686 W ContextImpl: Calling a method in the system process without a qualified user: android.app.ContextImpl.sendBroadcast:1020 android.content.ContextWrapper.sendBroadcast:449 com.google.android.wearable.ambient.AmbientDream.onDestroy:273 android.app.ActivityThread.handleStopService:3698 android.app.ActivityThread.access$1700:200 
--------- switch to main
11-02 22:34:23.819930  1686  1686 E AlarmManager: cancel() called with a null PendingIntent
--------- switch to system
11-02 22:34:23.820551  1686  1686 V DreamService[AmbientDream]: onDestroy()
--------- switch to main
11-02 22:34:23.821114  2520  2520 D HOME    : [WatchFaceUiController]sendStateToWallpaper
11-02 22:34:23.825188  2520  2520 D HOME    : [WatchFaceUiController]Showing watch face wallpaper.
11-02 22:34:23.825548  2520  2520 D HOME    : [WatchFaceUiController]sendStateToWallpaper
11-02 22:34:23.831068  2520  2520 D HOME    : [StreamDBQueue]Promised revision #2441 to queue a new op
11-02 22:34:23.831960  2520  2520 D WatchStreamManager: Promised rank-blocked=true @ r#2441
11-02 22:34:23.833140  2520  2520 D HOME    : [StreamDBQueue]Promised revision #2442 to queue a new op
11-02 22:34:23.833484  2520  2520 D WatchStreamManager: Promised rank-blocked=true @ r#2442
11-02 22:34:23.834879  2520  2520 D HOME    : [TilesController]Tile refresh optimization is enabled.
11-02 22:34:23.835352  2520  8486 D HOME    : [WatchStreamDB]Item alerting conditions - isInterruptive: false, recentlyInterrupted: false, isItemPinned: false, isUnread: false
11-02 22:34:23.835633  2520  2520 D HOME    : [EventBus]Wrapper pool is full. Discarding excess wrapper instance for event com.google.android.clockwork.sysui.events.KeyguardStateEvent
11-02 22:34:23.835920  2520  2520 D HOME    : [WatchFaceUiController]sendStateToWallpaper
11-02 22:34:23.836341  2520  8486 D HOME    : [StreamAlertingRegulator]isTheaterModeEnabled: false, isAlertingAllowedByOffBody: true, matchesLocalInterruptionFilter: true
11-02 22:34:23.841503  2520  2520 D HOME    : [EventBus]Wrapper pool is full. Discarding excess wrapper instance for event com.google.android.clockwork.sysui.events.KeyguardStateEvent
11-02 22:34:23.842458  2520  2520 D HOME    : [EventBus]Wrapper pool is full. Discarding excess wrapper instance for event com.google.android.clockwork.sysui.events.KeyguardStateEvent
11-02 22:34:23.847427  2520  8486 D HOME    : [WatchStreamDB]couldItemAlert: false, isTopItemChanged: false, isDeferralForTopItem: false
11-02 22:34:23.849741  2520  8486 D HOME    : [WatchStreamDB]Item alerting conditions - isInterruptive: false, recentlyInterrupted: false, isItemPinned: false, isUnread: false
11-02 22:34:23.850453  2520  8486 D HOME    : [StreamAlertingRegulator]isTheaterModeEnabled: false, isAlertingAllowedByOffBody: true, matchesLocalInterruptionFilter: true
11-02 22:34:23.850877  2520  8486 D HOME    : [WatchStreamDB]couldItemAlert: false, isTopItemChanged: false, isDeferralForTopItem: false
11-02 22:34:23.854094  2520  2520 D HOME    : [WatchFaceUiController]sendStateToWallpaper
11-02 22:34:23.859606  2520  2520 W StaticLayout: maxLineHeight should not be -1.  maxLines:1 lineCount:1
11-02 22:34:23.908982  2520  2520 D HOME    : [WatchFaceUiController]sendWatchFaceServiceBinder
11-02 22:34:23.914406  2520  2520 D HOME    : [WatchFaceUiController]sendProperties
11-02 22:34:23.916890  2520  2520 D HOME    : [WatchFaceUiController]sendStateToWallpaper
11-02 22:34:24.120565   512   512 I sensors-hal: activate:107, android.sensor.light/46 en=0
11-02 22:34:24.122550   512   512 I sensors-hal: activate:118, android.sensor.light/46 en=0 completed
11-02 22:34:24.125192   512   512 I sensors-hal: batch:140, android.sensor.light/46, period=250000000, max_latency=0
11-02 22:34:24.125265   512   512 I sensors-hal: batch:149, android.sensor.light/46, period=250000000, max_latency=0 request completed
11-02 22:34:24.125719   512   512 I sensors-hal: activate:107, android.sensor.light/46 en=1
11-02 22:34:24.126149   512   512 I sensors-hal: ssc_enable_rt_task:254, ssc_enable_rt_task : true
11-02 22:34:24.129617   512   512 I sensors-hal: activate:118, android.sensor.light/46 en=1 completed
--------- switch to system
11-02 22:34:24.132072  1686  1686 V SettingsProvider: Notifying for 0: content://settings/system/screen_brightness
--------- switch to main
11-02 22:34:24.133738  1686  1686 I SidekickService: loadBrightnessLocked()
11-02 22:34:24.134325  1686  1686 D SidekickService: screenBrightness  = 52
11-02 22:34:24.134803  1686  1686 D SidekickService: sendConfigValuesLocked(): alsThresholds = [40, 92, 95, 100, 125, 150, 175, 200, 225, 250, 300, 400, 500, 800, 1200], brightnessValuesBright = [50, 56, 60, 70, 80, 90, 100, 115, 120, 140, 160, 180, 200, 220, 240, 255], brightnessValuesDim= [50, 56, 60, 70, 80, 90, 100, 115, 120, 140, 160, 180, 200, 220, 240, 255]
11-02 22:34:24.143874  1686  1686 D SidekickService: setAlsMode(): mode = 2, brightenAlpha = 80, dimmingAlpha = 80
11-02 22:34:24.153878  1686  1686 D SidekickService: setTwmConfig():: msTiltToBright = 10000, tiltToBright = false
11-02 22:34:24.216040   512  8910 I sensors-hal: handle_indication_realtime:355,  SCHED_FIFO(10) for qmi_cbk
--------- switch to system
11-02 22:34:28.095573  1686  1712 I PowerManagerService: Going to sleep due to screen timeout (uid 1000)...
