11-03 10:40:44.079992   512   512 I sensors-hal: activate:107, android.sensor.accelerometer/48 en=0
11-03 10:40:44.081767   512   512 I sensors-hal: activate:118, android.sensor.accelerometer/48 en=0 completed
11-03 10:40:44.089838  1686  1799 E WifiStateMachine: getWifiLinkLayerStats called without an interface
--------- switch to kernel
11-03 10:40:43.963141     0     0 E bgrsb   : bgrsb_enable: gpio 32 is valid
--------- switch to main
11-03 10:40:44.111867  1686  1686 I WearPower: [WearTouchMediator] changing touch input to enabled (ON_AUTO)
11-03 10:40:44.113384  1686  1759 I InputReader: Reconfiguring input devices.  changes=0x00000200
--------- switch to kernel
11-03 10:40:43.994091     0     0 I init    : processing action (ro.enable_core_ctl=true && sys.cw_corectl_mode=idle) from (/vendor/etc/init/hw/init.qcom.rc:949)
--------- switch to main
11-03 10:40:44.124654  1686  1686 I AmbientService: [ce6a28c] Timeout alarm not required, auto-resume timeout handled by dream.
11-03 10:40:44.138356  3205  3434 W WorkController: Loading failed for worker [trainingcache]: worker not found
11-03 10:40:44.140298  3205  3372 W A       : TrainingCache cache SCREEN_OFF failure
11-03 10:40:44.140298  3205  3372 W A       : com.google.android.apps.gsa.search.core.service.h.a.a: No worker found for Worker ID [trainingcache].
11-03 10:40:44.140298  3205  3372 W A       : 	at com.google.android.apps.gsa.search.core.service.g.a.c.a(Unknown Source:5)
11-03 10:40:44.140298  3205  3372 W A       : 	at com.google.android.libraries.gsa.c.a.d.a(Unknown Source:3)
11-03 10:40:44.140298  3205  3372 W A       : 	at com.google.common.p.a.cg.c(Unknown Source:2)
11-03 10:40:44.140298  3205  3372 W A       : 	at com.google.common.p.a.bk.run(SourceFile:3)
11-03 10:40:44.140298  3205  3372 W A       : 	at com.google.common.p.a.ci.run(Unknown Source:4)
11-03 10:40:44.140298  3205  3372 W A       : 	at com.google.apps.tiktok.concurrent.ab.run(SourceFile:1)
11-03 10:40:44.140298  3205  3372 W A       : 	at java.util.concurrent.ThreadPoolExecutor.runWorker(ThreadPoolExecutor.java:1167)
11-03 10:40:44.140298  3205  3372 W A       : 	at java.util.concurrent.ThreadPoolExecutor$Worker.run(ThreadPoolExecutor.java:641)
11-03 10:40:44.140298  3205  3372 W A       : 	at com.google.apps.tiktok.concurrent.c.run(Unknown Source:4)
11-03 10:40:44.140298  3205  3372 W A       : 	at java.lang.Thread.run(Thread.java:764)
11-03 10:40:44.169729  2520  2520 D HOME    : [StreamDBQueue]Promised revision #4500 to queue a new op
11-03 10:40:44.170618  2520  2520 D WatchStreamManager: Promised rank-blocked=false @ r#4500
11-03 10:40:44.171330  2520  2520 D HOME    : [CompactHunStarter]detachWindow()
11-03 10:40:44.172660  2520 12958 D HOME    : [StreamDBQueue]Promised revision #4501 to queue a new op
11-03 10:40:44.173021  2520 12958 D WatchStreamManager: Promised rerank @ r#4501
11-03 10:40:44.172984  2520 12978 D HOME    : [WatchStreamDB]Item alerting conditions - isInterruptive: true, recentlyInterrupted: false, isItemPinned: false, isUnread: false
11-03 10:40:44.173900  2520 12978 D HOME    : [StreamAlertingRegulator]isTheaterModeEnabled: false, isAlertingAllowedByOffBody: true, matchesLocalInterruptionFilter: true
11-03 10:40:44.174522  2520 12978 D HOME    : [WatchStreamDB]couldItemAlert: false, isTopItemChanged: false, isDeferralForTopItem: false
11-03 10:40:44.176077  2520 12978 D HOME    : [WatchStreamDB]updateRanking()
11-03 10:40:44.177685  2520 12978 D HOME    : [WatchStreamDB]Item alerting conditions - isInterruptive: true, recentlyInterrupted: false, isItemPinned: false, isUnread: false
11-03 10:40:44.178493  2520 12978 D HOME    : [StreamAlertingRegulator]isTheaterModeEnabled: false, isAlertingAllowedByOffBody: true, matchesLocalInterruptionFilter: true
11-03 10:40:44.179030  2520 12978 D HOME    : [WatchStreamDB]couldItemAlert: false, isTopItemChanged: false, isDeferralForTopItem: false
11-03 10:40:44.181004  2520 12978 D HOME    : [NewStreamAdapter]Publishing revision #4501 to adapter clients
--------- switch to kernel
11-03 10:40:44.082748     0     0 I CPU1    : update max cpu_capacity 748
11-03 10:40:44.084221     0     0 I CPU3    : update max cpu_capacity 1024
11-03 10:40:44.207728     0     0 I PM      : suspend entry 2021-11-03 09:40:44.207728890 UTC
11-03 10:40:44.207738     0     0 I PM      : Syncing filesystems ... done.
11-03 10:40:44.237448     0     0 I CPU2    : shutdown
11-03 10:40:44.238418     0     0 I         : Freezing user space processes ...
11-03 10:40:44.242742     0     0 I PM      : Wakeup pending, aborting suspend
11-03 10:40:44.242775     0     0 I         : active wakeup source: NETLINK
11-03 10:40:44.242808     0     0 E         : Freezing of tasks aborted after 0.004 seconds
11-03 10:40:44.242818     0     0 I         : Restarting tasks ...
11-03 10:40:44.243385     0     0 W QSEECOM : qseecom_receive_req: Interrupted: exiting Listener Service = 11
11-03 10:40:44.243434     0     0 W QSEECOM : qseecom_receive_req: Interrupted: exiting Listener Service = 28672
11-03 10:40:44.243780     0     0 I init    : Command 'write /sys/devices/system/cpu/cpu2/online 0' action=ro.enable_core_ctl=true && sys.cw_corectl_mode=idle (/vendor/etc/init/hw/init.qcom.rc:951) took 127ms and succeeded
11-03 10:40:44.245696     0     0 I init    : Command 'write /sys/devices/system/cpu/cpu3/online 0' action=ro.enable_core_ctl=true && sys.cw_corectl_mode=idle (/vendor/etc/init/hw/init.qcom.rc:952) took 1ms and failed: Unable to write to file '/sys/devices/system/cpu/cpu3/online': Unable to write file contents: Device or resource busy
11-03 10:40:44.247017     0     0 W QSEECOM : qseecom_receive_req: Interrupted: exiting Listener Service = 8192
11-03 10:40:44.247063     0     0 W QSEECOM : qseecom_receive_req: Interrupted: exiting Listener Service = 12288
11-03 10:40:44.247091     0     0 W QSEECOM : qseecom_receive_req: Interrupted: exiting Listener Service = 10
11-03 10:40:44.247133     0     0 I         : done.
11-03 10:40:44.247635     0     0 I PM      : suspend exit 2021-11-03 09:40:44.247635192 UTC
11-03 10:40:44.448373     0     0 I PM      : suspend entry 2021-11-03 09:40:44.448373213 UTC
11-03 10:40:44.448393     0     0 I PM      : Syncing filesystems ... done.
11-03 10:40:44.479467     0     0 I         : Freezing user space processes ... (elapsed 0.010 seconds) done.
11-03 10:40:44.490346     0     0 I         : Freezing remaining freezable tasks ... (elapsed 0.006 seconds) done.
11-03 10:40:44.496671     0     0 I         : Suspending console(s) (use no_console_suspend to debug)
11-03 10:40:44.511445     0     0 I mdss_dsi_panel_set_idle_mode: Idle (1->1)
11-03 10:40:44.550962     0     0 I bgcom   : bgcom_pm_suspend: suspended with : 0
11-03 10:40:44.591401     0     0 I PM      : suspend of devices complete after 91.161 msecs
11-03 10:40:44.597335     0     0 I PM      : late suspend of devices complete after 5.889 msecs
11-03 10:40:44.602976     0     0 I PM      : noirq suspend of devices complete after 5.607 msecs
11-03 10:40:44.602992     0     0 I         : Disabling non-boot CPUs ...
11-03 10:40:44.628335     0     0 I CPU1    : shutdown
11-03 10:40:44.635118     0     0 I CPU0    : update max cpu_capacity 748
11-03 10:40:44.675962     0     0 W         : IRQ16 no longer affine to CPU3
11-03 10:40:44.676033     0     0 W         : IRQ93 no longer affine to CPU3
11-03 10:40:44.677386     0     0 I CPU3    : shutdown
11-03 10:40:44.679353     0     0 I suspend ns: 3939201966997	suspend cycles:    1227494665391
11-03 10:40:44.679334     0     0 I CPU0    : msm_cpu_pm_enter_sleep mode:3 during suspend
11-03 10:40:44.679334     0     0 I         : Suspended for 0.529 seconds
11-03 10:40:44.679334     0     0 I resume cycles: 1227504827312
11-03 10:40:44.679760     0     0 I         : Enabling non-boot CPUs ...
11-03 10:40:44.680591     0     0 I CPU1    : update cpu_capacity 1024
11-03 10:40:44.681701     0     0 I         : CPU1 is up
11-03 10:40:44.682826     0     0 I CPU3    : update cpu_capacity 1024
11-03 10:40:44.684364     0     0 I         : CPU3 is up
11-03 10:40:44.684905     0     0 I CPU3    : update max cpu_capacity 1024
11-03 10:40:44.684910     0     0 I CPU1    : update max cpu_capacity 748
11-03 10:40:44.688154     0     0 I PM      : noirq resume of devices complete after 3.552 msecs
11-03 10:40:44.693354     0     0 I PM      : early resume of devices complete after 3.716 msecs
11-03 10:40:44.731907     0     0 I bgcom   : bgcom_pm_resume: Bgcom resumed with : 0
11-03 10:40:44.742977     0     0 I mdss_dsi_panel_set_idle_mode: Idle (1->1)
11-03 10:40:44.780089     0     0 I PM      : resume of devices complete after 86.691 msecs
11-03 10:40:44.784287     0     0 I         : Restarting tasks ...
11-03 10:40:44.786912     0     0 W QSEECOM : qseecom_receive_req: Interrupted: exiting Listener Service = 8192
11-03 10:40:44.787020     0     0 W QSEECOM : qseecom_receive_req: Interrupted: exiting Listener Service = 12288
11-03 10:40:44.787069     0     0 W QSEECOM : qseecom_receive_req: Interrupted: exiting Listener Service = 11
11-03 10:40:44.787115     0     0 W QSEECOM : qseecom_receive_req: Interrupted: exiting Listener Service = 10
11-03 10:40:44.787152     0     0 W QSEECOM : qseecom_receive_req: Interrupted: exiting Listener Service = 28672
11-03 10:40:44.793115     0     0 I         : done.
11-03 10:40:45.323880     0     0 I PM      : suspend exit 2021-11-03 09:40:45.323880191 UTC
--------- switch to main
11-03 10:40:45.331246 10095 10150 W bt_sdp  : SDP - Rcvd conn cnf with error: 0x4  CID 0x54
11-03 10:40:45.332401 10095 10133 D BluetoothHeadsetClientServiceJni: connection_state_cb: state 0 peer_feat 0 chld_feat 0
11-03 10:40:45.333543 10095 10133 E bt_btif : btif_hf_client_get_cb_by_bda: could not find block for bdaddr
11-03 10:40:45.333749 10095 10133 E bt_btif : btif_hf_client_upstreams_evt: event 3 but not allocating block: cb not found
11-03 10:40:45.333722 10095 10167 D HeadsetClientStateMachine: Enter Disconnected: 100
11-03 10:40:45.333861 10095 10133 I bt_btif_queue: queue_int_advance: removing connection request: address=14:3c:c3:ad:3d:53 UUID=111E busy=true
11-03 10:40:45.343161  5603  5603 D BtTelecomReceiver: onReceive: Intent { act=android.bluetooth.headsetclient.profile.action.CONNECTION_STATE_CHANGED flg=0x10 cmp=com.google.android.apps.wearable.bluetooth/com.google.android.clockwork.hfp.BtTelecomBroadcastReceiver (has extras) }
11-03 10:40:45.343289 10095 10095 D AdapterProperties: PROFILE_CONNECTION_STATE_CHANGE: profile=16, device=14:3C:C3:AD:3D:53, 1 -> 0
11-03 10:40:45.343648  5603  5603 D BtTelecomReceiver: Hfp connection changed: -724754873 1 -> 0
11-03 10:40:45.344019 10095 10095 D AdapterProperties: ADAPTER_CONNECTION_STATE_CHANGE: 14:3C:C3:AD:3D:53: 1 -> 0
11-03 10:40:45.352869  5603  5603 D HfpClientConnService: onCreate
11-03 10:40:45.355042  5603  5603 D HfpClientConnService: disabling HFP
11-03 10:40:45.355550  5603  5603 I HfpClientConnService: enable request:Enable Request - time:1635932445343 type:false reason:headset client disconnected
--------- switch to system
11-03 10:40:45.357382  1686  1742 W BroadcastQueue: Background execution not allowed: receiving Intent { act=android.bluetooth.adapter.action.CONNECTION_STATE_CHANGED flg=0x4000010 (has extras) } to com.google.android.gms/.chimera.GmsIntentOperationService$PersistentTrustedReceiver
--------- switch to main
11-03 10:40:45.360582  5603  5603 I HfpClientConnService: account already disabled
--------- switch to kernel
11-03 10:40:45.706505     0     0 I PM      : suspend entry 2021-11-03 09:40:45.706505972 UTC
11-03 10:40:45.706526     0     0 I PM      : Syncing filesystems ... done.
11-03 10:40:45.823845     0     0 I         : Freezing user space processes ... (elapsed 0.007 seconds) done.
11-03 10:40:45.831870     0     0 I         : Freezing remaining freezable tasks ... (elapsed 0.003 seconds) done.
11-03 10:40:45.835862     0     0 I         : Suspending console(s) (use no_console_suspend to debug)
11-03 10:40:45.847666     0     0 I mdss_dsi_panel_set_idle_mode: Idle (1->1)
11-03 10:40:45.889899     0     0 I bgcom   : bgcom_pm_suspend: suspended with : 0
11-03 10:40:45.938306     0     0 I PM      : suspend of devices complete after 100.226 msecs
11-03 10:40:45.943643     0     0 I PM      : late suspend of devices complete after 5.293 msecs
11-03 10:40:45.949679     0     0 I PM      : noirq suspend of devices complete after 5.999 msecs
11-03 10:40:45.949694     0     0 I         : Disabling non-boot CPUs ...
11-03 10:40:45.967505     0     0 I CPU1    : shutdown
11-03 10:40:45.974184     0     0 I CPU0    : update max cpu_capacity 748
11-03 10:40:46.015135     0     0 W         : IRQ16 no longer affine to CPU3
11-03 10:40:46.015206     0     0 W         : IRQ93 no longer affine to CPU3
11-03 10:40:46.016499     0     0 I CPU3    : shutdown
11-03 10:40:46.018248     0     0 I suspend ns: 3940011600957	suspend cycles:    1227520372284
11-03 10:40:46.018231     0     0 I CPU0    : msm_cpu_pm_enter_sleep mode:3 during suspend
11-03 10:40:46.018231     0     0 I         : Suspended for 55.470 seconds
11-03 10:40:46.018231     0     0 I resume cycles: 1228585413142
11-03 10:40:46.018731     0     0 I         : Enabling non-boot CPUs ...
11-03 10:40:46.019559     0     0 I CPU1    : update cpu_capacity 1024
11-03 10:40:46.020670     0     0 I         : CPU1 is up
11-03 10:40:46.021794     0     0 I CPU3    : update cpu_capacity 1024
11-03 10:40:46.023321     0     0 I         : CPU3 is up
11-03 10:40:46.024049     0     0 I CPU3    : update max cpu_capacity 1024
11-03 10:40:46.027032     0     0 I PM      : noirq resume of devices complete after 3.457 msecs
11-03 10:40:46.032682     0     0 I PM      : early resume of devices complete after 3.749 msecs
11-03 10:40:46.065217     0     0 I bgcom   : bgcom_pm_resume: Bgcom resumed with : 0
11-03 10:40:46.076291     0     0 I mdss_dsi_panel_set_idle_mode: Idle (1->1)
11-03 10:40:46.120156     0     0 I PM      : resume of devices complete after 87.433 msecs
11-03 10:40:46.124909     0     0 I         : Restarting tasks ...
11-03 10:40:46.127504     0     0 W QSEECOM : qseecom_receive_req: Interrupted: exiting Listener Service = 11
11-03 10:40:46.127602     0     0 W QSEECOM : qseecom_receive_req: Interrupted: exiting Listener Service = 10
11-03 10:40:46.127651     0     0 W QSEECOM : qseecom_receive_req: Interrupted: exiting Listener Service = 28672
11-03 10:40:46.128591     0     0 W QSEECOM : qseecom_receive_req: Interrupted: exiting Listener Service = 8192
11-03 10:40:46.134348     0     0 W QSEECOM : qseecom_receive_req: Interrupted: exiting Listener Service = 12288
11-03 10:40:46.138288     0     0 I         : done.
11-03 10:41:41.610599     0     0 I PM      : suspend exit 2021-11-03 09:41:41.610599493 UTC
11-03 10:41:41.714588     0     0 I PM      : suspend entry 2021-11-03 09:41:41.714588347 UTC
11-03 10:41:41.714605     0     0 I PM      : Syncing filesystems ... done.
11-03 10:41:41.739228     0     0 I         : Freezing user space processes ... (elapsed 0.007 seconds) done.
11-03 10:41:41.746336     0     0 I         : Freezing remaining freezable tasks ... (elapsed 0.004 seconds) done.
11-03 10:41:41.750384     0     0 I         : Suspending console(s) (use no_console_suspend to debug)
11-03 10:41:41.762210     0     0 I mdss_dsi_panel_set_idle_mode: Idle (1->1)
11-03 10:41:41.800078     0     0 I bgcom   : bgcom_pm_suspend: suspended with : 0
11-03 10:41:41.836670     0     0 I PM      : suspend of devices complete after 84.073 msecs
11-03 10:41:41.842050     0     0 I PM      : late suspend of devices complete after 5.342 msecs
11-03 10:41:41.847860     0     0 I PM      : noirq suspend of devices complete after 5.770 msecs
11-03 10:41:41.847875     0     0 I         : Disabling non-boot CPUs ...
11-03 10:41:41.868257     0     0 I CPU1    : shutdown
11-03 10:41:41.875006     0     0 I CPU0    : update max cpu_capacity 748
11-03 10:41:41.917197     0     0 I CPU3    : shutdown
11-03 10:41:41.919015     0     0 I suspend ns: 3940441475333	suspend cycles:    1228593666730
11-03 10:41:41.918997     0     0 I CPU0    : msm_cpu_pm_enter_sleep mode:3 during suspend
11-03 10:41:41.918997     0     0 I         : Suspended for 9.341 seconds
11-03 10:41:41.918997     0     0 I resume cycles: 1228773032302
11-03 10:41:41.919524     0     0 I         : Enabling non-boot CPUs ...
11-03 10:41:41.920366     0     0 I CPU1    : update cpu_capacity 1024
11-03 10:41:41.921466     0     0 I         : CPU1 is up
11-03 10:41:41.922508     0     0 I CPU3    : update cpu_capacity 1024
11-03 10:41:41.924044     0     0 I         : CPU3 is up
11-03 10:41:41.924803     0     0 I CPU1    : update max cpu_capacity 748
11-03 10:41:41.924808     0     0 I CPU3    : update max cpu_capacity 1024
11-03 10:41:41.927741     0     0 I PM      : noirq resume of devices complete after 3.471 msecs
11-03 10:41:41.932978     0     0 I PM      : early resume of devices complete after 3.753 msecs
11-03 10:41:41.967653     0     0 I bgcom   : bgcom_pm_resume: Bgcom resumed with : 0
11-03 10:41:41.977603     0     0 I mdss_dsi_panel_set_idle_mode: Idle (1->1)
11-03 10:41:42.019984     0     0 I PM      : resume of devices complete after 86.960 msecs
11-03 10:41:42.024231     0     0 I         : Restarting tasks ...
11-03 10:41:42.029894     0     0 W QSEECOM : qseecom_receive_req: Interrupted: exiting Listener Service = 12288
11-03 10:41:42.033614     0     0 W QSEECOM : qseecom_receive_req: Interrupted: exiting Listener Service = 8192
11-03 10:41:42.033713     0     0 W QSEECOM : qseecom_receive_req: Interrupted: exiting Listener Service = 11
11-03 10:41:42.033758     0     0 W QSEECOM : qseecom_receive_req: Interrupted: exiting Listener Service = 10
11-03 10:41:42.033811     0     0 W QSEECOM : qseecom_receive_req: Interrupted: exiting Listener Service = 28672
11-03 10:41:42.042891     0     0 I         : done.
11-03 10:41:51.387640     0     0 I PM      : suspend exit 2021-11-03 09:41:51.387640687 UTC
--------- switch to system
11-03 10:41:51.381039  1686  1686 I PowerManagerService: Waking up from dozing (uid=1000 reason=tiltToWake)...
11-03 10:41:51.398545  1686  1686 W UsageStatsService: Event reported without a package name
--------- switch to kernel
11-03 10:41:51.403172     0     0 E FG      : fg_psy_get_property: unsupported property 7
11-03 10:41:51.283159     0     0 W healthd : battery l=12 v=3725 t=29.0 h=2 st=3 c=5 fc=443000 cc=0 chg=
--------- switch to main
11-03 10:41:51.466623   512  1749 I sensors-hal: batch:140, android.sensor.light/46, period=100000000, max_latency=0
11-03 10:41:51.467041   512  1749 I sensors-hal: batch:149, android.sensor.light/46, period=100000000, max_latency=0 request completed
11-03 10:41:51.473268   512  1749 I sensors-hal: activate:107, android.sensor.light/46 en=1
11-03 10:41:51.473666   512  1749 I sensors-hal: ssc_enable_rt_task:254, ssc_enable_rt_task : true
11-03 10:41:51.481511   512  1749 I sensors-hal: activate:118, android.sensor.light/46 en=1 completed
--------- switch to kernel
11-03 10:41:51.356975     0     0 E bgrsb   : bgrsb_enable: rsb will set report rate
11-03 10:41:51.366603     0     0 E bgrsb   : bgrsb_enable: gpio 32 is valid
--------- switch to main
11-03 10:41:51.484244  1686  1823 I SidekickService: endDisplayLocked()
--------- switch to system
11-03 10:41:51.485479  1686  1710 I DisplayManagerService: Display device changed state: "Écran intégré", ON
--------- switch to main
11-03 10:41:51.485861   512  1749 I sensors-hal: batch:140, android.sensor.accelerometer/48, period=66667000, max_latency=100000000
11-03 10:41:51.486008   512  1749 I sensors-hal: batch:149, android.sensor.accelerometer/48, period=66667000, max_latency=100000000 request completed
11-03 10:41:51.494721   416  2389 D SKGHAL  : sendAmbientEvent: enter: enable = 0
11-03 10:41:51.498258   512  1749 I sensors-hal: activate:107, android.sensor.accelerometer/48 en=1
11-03 10:41:51.498746   512  1749 I sensors-hal: ssc_enable_rt_task:254, ssc_enable_rt_task : true
11-03 10:41:51.507971  1686  1759 I InputReader: Reconfiguring input devices.  changes=0x00000004
--------- switch to kernel
11-03 10:41:51.388645     0     0 I         : [touch]FB_BLANK_VSYNC_SUSPEND
11-03 10:41:51.388650     0     0 I         : [touch]Already in suspend state
11-03 10:41:51.398381     0     0 I mdss_dsi_panel_set_idle_mode: Idle (1->0)
11-03 10:41:51.399360     0     0 E mdp3_enable_panic_ctrl: mdp3_enable_panic_ctrl: Enable Panic Control
11-03 10:41:51.399468     0     0 I         : [touch]FB_BLANK_UNBLANK
11-03 10:41:51.399473     0     0 I         : [touch]raydium_ts_do_resume, 1.
11-03 10:41:51.399893     0     0 I         : [ raydium ]workqueue is empty!
--------- switch to main
11-03 10:41:51.511243   504   523 I SDM     : DisplayBase::SetDisplayState: Set state = 3, display 0
--------- switch to kernel
11-03 10:41:51.399913     0     0 I raydium_ts 5-0039: [touch]Already enable irq
11-03 10:41:51.399916     0     0 I         : [touch]Device may wakeup
--------- switch to main
11-03 10:41:51.511514   504   523 D SDM     : HWCDisplayPrimary::SetStandByMode: Display is connected successfully
11-03 10:41:51.511839   416  2389 D SKGHAL  : standBy_update_control call succeed on 0
11-03 10:41:51.511910   416  2389 D SKGHAL  : sendAmbientEvent: done: enable = 0
11-03 10:41:51.512587  1686  1823 D SidekickService:    ... endDisplay returns void
11-03 10:41:51.512798  4243  4243 D OMService: onDisplayChanged: not dozing
11-03 10:41:51.513357   545   545 D SurfaceFlinger: Set power mode=2, type=0 flinger=0xb6bb6000
11-03 10:41:51.513745   504   764 I SDM     : DisplayBase::SetDisplayState: Set state = 1, display 0
11-03 10:41:51.514039   512  1749 I sensors-hal: activate:118, android.sensor.accelerometer/48 en=1 completed
11-03 10:41:51.523672   545   545 D SurfaceFlinger: Finished set power mode=2, type=0
11-03 10:41:51.524070  2520  2520 D HOME    : [BatteryChange]action: android.intent.action.BATTERY_CHANGED
11-03 10:41:51.524709  2520 12958 D HOME    : [BatteryChange]HandleBatteryChangedTask
11-03 10:41:51.525253  2520 12958 D HOME    : [BatteryChange]level: 12, status: 3
--------- switch to system
11-03 10:41:51.528612  1686  1712 W PowerManagerService: Screen on took 278 ms
11-03 10:41:51.529004  1686  1712 I DreamManagerService: Gently waking up from dream.
11-03 10:41:51.529466  1686  1708 I DreamManagerService: Performing gentle wake from dream.
--------- switch to main
11-03 10:41:51.530120   512 13022 I sensors-hal: handle_indication_realtime:355,  SCHED_FIFO(10) for qmi_cbk
11-03 10:41:51.539435  1956  1956 D QtiCarrierConfigHelper: WARNING, no carrier configs on phone Id: 0
11-03 10:41:51.544873  3205  3434 W WorkController: Loading failed for worker [trainingcache]: worker not found
--------- switch to system
11-03 10:41:51.545804  1686  1702 W BroadcastQueue: Background execution not allowed: receiving Intent { act=android.intent.action.USER_PRESENT flg=0x10 } to com.google.android.gms/.auth.setup.devicesignals.LockScreenReceiver
--------- switch to main
11-03 10:41:51.546387  3205  3294 W A       : TrainingCache cache DEVICE_UNLOCKED failure
11-03 10:41:51.546387  3205  3294 W A       : com.google.android.apps.gsa.search.core.service.h.a.a: No worker found for Worker ID [trainingcache].
11-03 10:41:51.546387  3205  3294 W A       : 	at com.google.android.apps.gsa.search.core.service.g.a.c.a(Unknown Source:5)
11-03 10:41:51.546387  3205  3294 W A       : 	at com.google.android.libraries.gsa.c.a.d.a(Unknown Source:3)
11-03 10:41:51.546387  3205  3294 W A       : 	at com.google.common.p.a.cg.c(Unknown Source:2)
11-03 10:41:51.546387  3205  3294 W A       : 	at com.google.common.p.a.bk.run(SourceFile:3)
11-03 10:41:51.546387  3205  3294 W A       : 	at com.google.common.p.a.ci.run(Unknown Source:4)
11-03 10:41:51.546387  3205  3294 W A       : 	at com.google.apps.tiktok.concurrent.ab.run(SourceFile:1)
11-03 10:41:51.546387  3205  3294 W A       : 	at java.util.concurrent.ThreadPoolExecutor.runWorker(ThreadPoolExecutor.java:1167)
11-03 10:41:51.546387  3205  3294 W A       : 	at java.util.concurrent.ThreadPoolExecutor$Worker.run(ThreadPoolExecutor.java:641)
11-03 10:41:51.546387  3205  3294 W A       : 	at com.google.apps.tiktok.concurrent.c.run(Unknown Source:4)
11-03 10:41:51.546387  3205  3294 W A       : 	at java.lang.Thread.run(Thread.java:764)
11-03 10:41:51.545412  2520 12958 D HOME    : [BatteryChange]updateStreamItem
--------- switch to system
11-03 10:41:51.561269  1686  1702 W BroadcastQueue: Background execution not allowed: receiving Intent { act=android.intent.action.USER_PRESENT flg=0x10 } to com.google.android.gms/.chimera.GmsIntentOperationService$PersistentTrustedReceiver
11-03 10:41:51.571493  1686  1686 V DreamService[AmbientDream]: wakeUp(): fromSystem=true, mWaking=false, mFinished=false
11-03 10:41:51.571683  1686  1686 V DreamService[AmbientDream]: finish(): mFinished=false
11-03 10:41:51.571812  1686  1686 I DreamManagerService: Leaving dreamland.
11-03 10:41:51.577891  1686  1708 I DreamManagerService: Performing gentle wake from dream.
11-03 10:41:51.578334  1686  1708 I DreamController: Stopping dream: name=ComponentInfo{com.google.android.wearable.ambient/com.google.android.wearable.ambient.AmbientDream}, isTest=false, canDoze=true, userId=0
11-03 10:41:51.599749  1686  1686 V DreamService[AmbientDream]: detach(): Calling onDreamingStopped()
--------- switch to main
11-03 10:41:51.600029  1686  1686 I AmbientService: [ce6a28c] doOnDreamingStopped
11-03 10:41:51.600195  1686  1686 D WristGestureCtrl: Starting: GesturesEnabled-false UngazeEnabled-true
11-03 10:41:51.600278  1686  1686 D DefaultUngazeDetector: starting
11-03 10:41:51.600364  1686  1686 D DefaultUngazeDetector: startUngazeStateEstimation(). startTime = 63991030
11-03 10:41:51.600610  1686  1686 W AlarmManagerProxy: Removing unknown listener
11-03 10:41:51.602212  1686  1799 E WifiStateMachine: getWifiLinkLayerStats called without an interface
11-03 10:41:51.603877   512  1749 I sensors-hal: batch:140, android.sensor.accelerometer/48, period=19231000, max_latency=100000000
11-03 10:41:51.605379   512 13024 I sensors-hal: handle_indication_realtime:355,  SCHED_FIFO(10) for qmi_cbk
11-03 10:41:51.606911   512  1749 I sensors-hal: batch:149, android.sensor.accelerometer/48, period=19231000, max_latency=100000000 request completed
11-03 10:41:51.607001  1686  1686 I AmbientService: [ce6a28c] No auto-resume Activity.
11-03 10:41:51.607721   512  1749 I sensors-hal: flush:169, android.sensor.accelerometer/48
11-03 10:41:51.610455   512  1749 I sensors-hal: flush:175, android.sensor.accelerometer/48 completed
11-03 10:41:51.611681  2520  2520 D HOME    : [HomeVisitsLogger]Logging streamlet event: visit_start
11-03 10:41:51.612073  2520  2520 D HOME    : [HomeVisitsLogger]Logging streamlet event: exit_ambient_mode
11-03 10:41:51.612677  2520  2520 D HOME    : [HotwordController]updateClient MODE_WATCH_FACE false false false true
11-03 10:41:51.613924  2520  2520 D HOME    : [WatchFaceUiController]setInAmbientMode false
11-03 10:41:51.614053  2520  2520 D HOME    : [WatchFaceUiController]sendWatchFaceServiceBinder
--------- switch to system
11-03 10:41:51.614446  1686  1686 W ContextImpl: Calling a method in the system process without a qualified user: android.app.ContextImpl.sendBroadcast:1020 android.content.ContextWrapper.sendBroadcast:449 com.google.android.wearable.ambient.AmbientDream.onDestroy:273 android.app.ActivityThread.handleStopService:3698 android.app.ActivityThread.access$1700:200 
--------- switch to main
11-03 10:41:51.621172  2520  2520 D HOME    : [WatchFaceUiController]sendStateToWallpaper
11-03 10:41:51.624123  2520  2520 D HOME    : [WatchFaceUiController]Showing watch face wallpaper.
11-03 10:41:51.624620  2520  2520 D HOME    : [WatchFaceUiController]sendStateToWallpaper
11-03 10:41:51.630064  2520  2520 D HOME    : [StreamDBQueue]Promised revision #4502 to queue a new op
11-03 10:41:51.630479  2520  2520 D WatchStreamManager: Promised rank-blocked=true @ r#4502
11-03 10:41:51.631137  2520  2520 D HOME    : [StreamDBQueue]Promised revision #4503 to queue a new op
11-03 10:41:51.631378  2520  2520 D WatchStreamManager: Promised rank-blocked=true @ r#4503
11-03 10:41:51.632309  2520  2520 D HOME    : [TilesController]Tile refresh optimization is enabled.
11-03 10:41:51.633005  2520  2520 D HOME    : [EventBus]Wrapper pool is full. Discarding excess wrapper instance for event com.google.android.clockwork.sysui.events.KeyguardStateEvent
11-03 10:41:51.633161  2520  2520 D HOME    : [WatchFaceUiController]sendStateToWallpaper
11-03 10:41:51.636119  2520  2520 D HOME    : [EventBus]Wrapper pool is full. Discarding excess wrapper instance for event com.google.android.clockwork.sysui.events.KeyguardStateEvent
11-03 10:41:51.636468  2520  2520 D HOME    : [EventBus]Wrapper pool is full. Discarding excess wrapper instance for event com.google.android.clockwork.sysui.events.KeyguardStateEvent
11-03 10:41:51.646279  1686  1686 E AlarmManager: cancel() called with a null PendingIntent
11-03 10:41:51.647337  2520  2520 D HOME    : [WatchFaceUiController]sendStateToWallpaper
--------- switch to system
11-03 10:41:51.647581  1686  1686 V DreamService[AmbientDream]: onDestroy()
--------- switch to main
11-03 10:41:51.652785  2520  2520 W StaticLayout: maxLineHeight should not be -1.  maxLines:1 lineCount:1
11-03 10:41:51.668213  2520 12958 D HOME    : [WatchStreamDB]Item alerting conditions - isInterruptive: true, recentlyInterrupted: false, isItemPinned: false, isUnread: false
11-03 10:41:51.668812  2520 12958 D HOME    : [StreamAlertingRegulator]isTheaterModeEnabled: false, isAlertingAllowedByOffBody: true, matchesLocalInterruptionFilter: true
11-03 10:41:51.679091  2520 12958 D HOME    : [WatchStreamDB]couldItemAlert: false, isTopItemChanged: false, isDeferralForTopItem: false
11-03 10:41:51.680847  2520 12958 D HOME    : [WatchStreamDB]Item alerting conditions - isInterruptive: true, recentlyInterrupted: false, isItemPinned: false, isUnread: false
11-03 10:41:51.681361  2520 12958 D HOME    : [StreamAlertingRegulator]isTheaterModeEnabled: false, isAlertingAllowedByOffBody: true, matchesLocalInterruptionFilter: true
11-03 10:41:51.695765  2520 12958 D HOME    : [WatchStreamDB]couldItemAlert: false, isTopItemChanged: false, isDeferralForTopItem: false
11-03 10:41:51.699385  1686  1686 W AlarmManager: Unrecognized alarm listener com.android.server.job.controllers.-$$Lambda$IdleController$IdlenessTracker$nTdS-lGBXcES5VWKcJFmQFgU7IU@1ab437a
11-03 10:41:51.709270  2520  2520 D HOME    : [WatchFaceUiController]sendWatchFaceServiceBinder
11-03 10:41:51.715048  2520  2520 D HOME    : [WatchFaceUiController]sendProperties
11-03 10:41:51.716591  2520  2520 D HOME    : [WatchFaceUiController]sendStateToWallpaper
11-03 10:41:51.718153 12353 12353 I SPORTSWATCH:: Updating stub zero data
11-03 10:41:51.718228 12353 12353 I SPORTSWATCH:: account mail is zero length
11-03 10:41:51.743533  2520 12978 I SidekickManager: sendWatchFaceImpl(): watchFace = com.google.android.clockwork.decomposablewatchface.WatchFaceDecomposition@6fa9781 forTWM = false
11-03 10:41:51.754385  1686  1686 I WearPower: [WearTouchMediator] changing touch input to enabled (ON_AUTO)
11-03 10:41:51.757045  1686  1759 I InputReader: Reconfiguring input devices.  changes=0x00000200
--------- switch to kernel
11-03 10:41:51.638109     0     0 I init    : processing action (ro.enable_core_ctl=true && sys.cw_corectl_mode=perf) from (/vendor/etc/init/hw/init.qcom.rc:954)
11-03 10:41:51.639740     0     0 I CPU2    : update cpu_capacity 1024
--------- switch to main
11-03 10:41:51.768668  1686  1686 W AlarmManagerProxy: Removing unknown listener
11-03 10:41:51.771924  1686  1686 W DefaultSettingsContentR: Value for ambient_low_bit_enabled not stored as number. Attempting parse as boolean.
11-03 10:41:51.787179  1686  9965 D SidekickService: sendWatchFaceComponents called: watchFace = com.google.android.clockwork.decomposablewatchface.WatchFaceDecomposition@6e41931shouldReplace = true
11-03 10:41:51.787521  1686  9965 D SidekickService: Check decomposition for calling app com.google.android.wearable.app with uid 10049
11-03 10:41:51.788541  1686  9965 D SidekickService: sendWatchFaceLocked(): shouldReplace = true, mSidekickIsControlling = false, 2 images, 1 fonts, 2 numbers, 0 proportionalFonts, 0 strings
11-03 10:41:51.788630  1686  9965 D SidekickService: resetLocked()
11-03 10:41:51.793410  3205  3434 W WorkController: Loading failed for worker [trainingcache]: worker not found
11-03 10:41:51.795095  3205  3372 W A       : TrainingCache cache SCREEN_ON failure
11-03 10:41:51.795095  3205  3372 W A       : com.google.android.apps.gsa.search.core.service.h.a.a: No worker found for Worker ID [trainingcache].
11-03 10:41:51.795095  3205  3372 W A       : 	at com.google.android.apps.gsa.search.core.service.g.a.c.a(Unknown Source:5)
11-03 10:41:51.795095  3205  3372 W A       : 	at com.google.android.libraries.gsa.c.a.d.a(Unknown Source:3)
11-03 10:41:51.795095  3205  3372 W A       : 	at com.google.common.p.a.cg.c(Unknown Source:2)
11-03 10:41:51.795095  3205  3372 W A       : 	at com.google.common.p.a.bk.run(SourceFile:3)
11-03 10:41:51.795095  3205  3372 W A       : 	at com.google.common.p.a.ci.run(Unknown Source:4)
11-03 10:41:51.795095  3205  3372 W A       : 	at com.google.apps.tiktok.concurrent.ab.run(SourceFile:1)
11-03 10:41:51.795095  3205  3372 W A       : 	at java.util.concurrent.ThreadPoolExecutor.runWorker(ThreadPoolExecutor.java:1167)
11-03 10:41:51.795095  3205  3372 W A       : 	at java.util.concurrent.ThreadPoolExecutor$Worker.run(ThreadPoolExecutor.java:641)
11-03 10:41:51.795095  3205  3372 W A       : 	at com.google.apps.tiktok.concurrent.c.run(Unknown Source:4)
11-03 10:41:51.795095  3205  3372 W A       : 	at java.lang.Thread.run(Thread.java:764)
11-03 10:41:51.804945   416  2389 D SKGHAL  : Changing to  RESET state
--------- switch to kernel
11-03 10:41:51.664053     0     0 I CPU0    : update max cpu_capacity 748
11-03 10:41:51.666236     0     0 I CPU2    : update max cpu_capacity 1024
--------- switch to main
11-03 10:41:51.806607  1686  9965 D SidekickService: ISidekickGraphics#beginResources()...
11-03 10:41:51.807177   416  2389 D SKGHAL  : Changing to DOWNLOAD State
11-03 10:41:51.808254  1686  9965 D SidekickServiceUtils: bitmapFromDrawable: Returning bitmap directly
11-03 10:41:51.817499  1686  9965 W SidekickService: null digitDimensions in font, setting to PointF(20.0, 27.0)
11-03 10:41:51.817768  1686  9965 D SidekickService: sendFontsLocked(): fontInfo = {.width = 20, .height = 27, .nGlyphs = 10, .id = 4}, image.size() = 919
11-03 10:41:51.819822   416  2389 D SKGHAL  : saveResource: resId = 4
11-03 10:41:51.828015  1686  9965 D SidekickService: sendFontsLocked(): status = 0, bytesUsed = 1374
11-03 10:41:51.831169  1686  9965 D SidekickServiceUtils: bitmapFromDrawable: Returning bitmap directly
11-03 10:41:51.870798  2520  2520 D HOME    : [StreamDBQueue]Promised revision #4504 to queue a new op
11-03 10:41:51.871173  2520  2520 D WatchStreamManager: Promised rank-blocked=true @ r#4504
11-03 10:41:51.877345  2520  2714 D HOME    : [TickMonitor]Received time tick
11-03 10:41:51.878272  2520  2714 D HOME    : [TickMonitor]handleTimeTick() finished
11-03 10:41:51.881781  2520 12958 D HOME    : [WatchStreamDB]Item alerting conditions - isInterruptive: true, recentlyInterrupted: false, isItemPinned: false, isUnread: false
11-03 10:41:51.882297  2520 12958 D HOME    : [StreamAlertingRegulator]isTheaterModeEnabled: false, isAlertingAllowedByOffBody: true, matchesLocalInterruptionFilter: true
11-03 10:41:51.882628  2520 12958 D HOME    : [WatchStreamDB]couldItemAlert: false, isTopItemChanged: false, isDeferralForTopItem: false
11-03 10:41:51.979425  1686  9965 D SidekickService: sendBitmapsLocked(): bounds = RectF(0.0, 0.0, 1.0, 1.0), drawableInfo = {.id = 0, .width = 416, .height = 416, .display = true, .offsetX = 0.0, .offsetY = 0.0, .rotationInfo = {.hasRotation = false, .pivotX = 0.0, .pivotY = 0.0, .degreesPerDay = 0.0, .degreesPerStep = 0.0, .zeroDegreesTime = {.daysSinceLocalEpoch = 0, .msSinceMidnight = 0}}, .transformInfo = {.transformed = false, .flipX = false, .flipY = false, .flip45 = false, .scaleX = 0.0, .scaleY = 0.0}, .type = GENERIC, .blink = {.blinking = false, .periodOnMs = 0.0, .periodOffMs = 0.0, .startTime = {.daysSinceLocalEpoch = 0, .msSinceMidnight = 0}}, .zOrder = 1, .displayInTwm = true}, image.size() = 6063
11-03 10:41:51.998920   416  2389 D SKGHAL  : saveResource: resId = 0
11-03 10:41:52.002605   512  1749 I sensors-hal: activate:107, android.sensor.light/46 en=0
11-03 10:41:52.003455   512  1749 I sensors-hal: activate:118, android.sensor.light/46 en=0 completed
11-03 10:41:52.007688   512  1749 I sensors-hal: batch:140, android.sensor.light/46, period=250000000, max_latency=0
11-03 10:41:52.007772   512  1749 I sensors-hal: batch:149, android.sensor.light/46, period=250000000, max_latency=0 request completed
11-03 10:41:52.008151   512  1749 I sensors-hal: activate:107, android.sensor.light/46 en=1
11-03 10:41:52.008636   512  1749 I sensors-hal: ssc_enable_rt_task:254, ssc_enable_rt_task : true
11-03 10:41:52.014146   512  1749 I sensors-hal: activate:118, android.sensor.light/46 en=1 completed
--------- switch to system
11-03 10:41:52.017525  1686  1686 V SettingsProvider: Notifying for 0: content://settings/system/screen_brightness
--------- switch to main
11-03 10:41:52.027603  1686  9965 D SidekickService: sendBitmapsLocked(): status = 0, bytesUsed = 9429
11-03 10:41:52.028463  1686  9965 D SidekickServiceUtils: bitmapFromDrawable: Returning bitmap directly
11-03 10:41:52.036042  1686  9965 D SidekickService: sendBitmapsLocked(): bounds = RectF(0.0, 0.0, 0.0024038462, 0.0024038462), drawableInfo = {.id = 100000, .width = 1, .height = 1, .display = true, .offsetX = 0.0, .offsetY = 0.0, .rotationInfo = {.hasRotation = false, .pivotX = 0.0, .pivotY = 0.0, .degreesPerDay = 0.0, .degreesPerStep = 0.0, .zeroDegreesTime = {.daysSinceLocalEpoch = 0, .msSinceMidnight = 0}}, .transformInfo = {.transformed = false, .flipX = false, .flipY = false, .flip45 = false, .scaleX = 0.0, .scaleY = 0.0}, .type = GENERIC, .blink = {.blinking = false, .periodOnMs = 0.0, .periodOffMs = 0.0, .startTime = {.daysSinceLocalEpoch = 0, .msSinceMidnight = 0}}, .zOrder = 6, .displayInTwm = true}, image.size() = 84
11-03 10:41:52.038027   416  2389 D SKGHAL  : saveResource: resId = 100000
11-03 10:41:52.039302  1686  9965 D SidekickService: sendBitmapsLocked(): status = 0, bytesUsed = 18
11-03 10:41:52.040423  1686  9965 D SidekickService: sendNumbersLocked(): drawableInfo = {.id = 5, .width = 100, .height = 50, .display = true, .offsetX = 162.0, .offsetY = 30.0, .rotationInfo = {.hasRotation = false, .pivotX = 0.0, .pivotY = 0.0, .degreesPerDay = 0.0, .degreesPerStep = 0.0, .zeroDegreesTime = {.daysSinceLocalEpoch = 0, .msSinceMidnight = 0}}, .transformInfo = {.transformed = false, .flipX = false, .flipY = false, .flip45 = false, .scaleX = 0.0, .scaleY = 0.0}, .type = NUMBER, .blink = {.blinking = false, .periodOnMs = 0.0, .periodOffMs = 0.0, .startTime = {.daysSinceLocalEpoch = 0, .msSinceMidnight = 0}}, .zOrder = 5, .displayInTwm = true}, numberInfo = {.startTime = {.daysSinceLocalEpoch = 0, .msSinceMidnight = 0}, .startNumber = 0, .minNumber = 0, .maxNumber = 23, .increment = 1, .msPerIncrement = 3600000.0, .fontId = 4, .digits = 2, .leadingZeroes = 1, .digit = -1, .transitionMs = 0.0}
11-03 10:41:52.041090   416  2389 D SKGHAL  : saveResource: resId = 5
11-03 10:41:52.041543  1686  9965 D SidekickService: sendNumbersLocked(): status = 0, bytesUsed = 0
11-03 10:41:52.042562  1686  9965 D SidekickService: sendNumbersLocked(): drawableInfo = {.id = 6, .width = 100, .height = 50, .display = true, .offsetX = 214.0, .offsetY = 30.0, .rotationInfo = {.hasRotation = false, .pivotX = 0.0, .pivotY = 0.0, .degreesPerDay = 0.0, .degreesPerStep = 0.0, .zeroDegreesTime = {.daysSinceLocalEpoch = 0, .msSinceMidnight = 0}}, .transformInfo = {.transformed = false, .flipX = false, .flipY = false, .flip45 = false, .scaleX = 0.0, .scaleY = 0.0}, .type = NUMBER, .blink = {.blinking = false, .periodOnMs = 0.0, .periodOffMs = 0.0, .startTime = {.daysSinceLocalEpoch = 0, .msSinceMidnight = 0}}, .zOrder = 5, .displayInTwm = true}, numberInfo = {.startTime = {.daysSinceLocalEpoch = 0, .msSinceMidnight = 0}, .startNumber = 0, .minNumber = 0, .maxNumber = 59, .increment = 1, .msPerIncrement = 60000.0, .fontId = 4, .digits = 2, .leadingZeroes = 1, .digit = -1, .transitionMs = 0.0}
11-03 10:41:52.043178   416  2389 D SKGHAL  : saveResource: resId = 6
11-03 10:41:52.044065  1686  9965 D SidekickService: sendNumbersLocked(): status = 0, bytesUsed = 0
11-03 10:41:52.044263  1686  9965 D SidekickService: ISidekickGraphics#endResources()...
11-03 10:41:52.066395  3316  3328 I .gms.persisten: Background concurrent copying GC freed 23380(1175KB) AllocSpace objects, 26(1352KB) LOS objects, 24% free, 10MB/14MB, paused 360us total 264.895ms
11-03 10:41:52.076266  2520  2541 I id.wearable.ap: NativeAlloc concurrent copying GC freed 48747(2029KB) AllocSpace objects, 4(208KB) LOS objects, 24% free, 8MB/11MB, paused 163us total 259.738ms
11-03 10:41:52.081191   512 13035 I sensors-hal: handle_indication_realtime:355,  SCHED_FIFO(10) for qmi_cbk
11-03 10:41:52.249821   416  2389 D SKGHAL  : sendResources: metadata size = 2400, font size = 72
11-03 10:41:52.314546   416  2389 D SKGHAL  : endResources: rc = 0
11-03 10:41:52.314648   416  2389 D SKGHAL  : Changing to ACTIVE state
11-03 10:41:52.315378  1686  1686 I SidekickService: loadBrightnessLocked()
11-03 10:41:52.316333  1686  1686 D SidekickService: screenBrightness  = 55
11-03 10:41:52.316334  2520 12978 I SidekickManager: sendWatchFaceImpl(): watchFace = com.google.android.clockwork.decomposablewatchface.WatchFaceDecomposition@6c1b5b9 forTWM = false
11-03 10:41:52.316656  2520  2520 D HOME    : [SidekickManagerAsync]sendWatchFace(): Callback#onResult(): 0
11-03 10:41:52.320193  1686  1686 D SidekickService: sendConfigValuesLocked(): alsThresholds = [40, 92, 95, 100, 125, 150, 175, 200, 225, 250, 300, 400, 500, 800, 1200], brightnessValuesBright = [50, 56, 60, 70, 80, 90, 100, 115, 120, 140, 160, 180, 200, 220, 240, 255], brightnessValuesDim= [50, 56, 60, 70, 80, 90, 100, 115, 120, 140, 160, 180, 200, 220, 240, 255]
11-03 10:41:52.325104  1686  9965 D SidekickService: sendWatchFaceComponents called: watchFace = com.google.android.clockwork.decomposablewatchface.WatchFaceDecomposition@193e597shouldReplace = true
11-03 10:41:52.356415  1686  1686 D SidekickService: setAlsMode(): mode = 2, brightenAlpha = 80, dimmingAlpha = 80
11-03 10:41:52.366980  1686  1686 D SidekickService: setTwmConfig():: msTiltToBright = 10000, tiltToBright = false
--------- switch to system
11-03 10:41:52.367955  1686  1686 W Looper  : Slow dispatch took 350ms main h=android.os.Handler c=android.database.ContentObserver$NotificationRunnable@5b6f384 m=0
--------- switch to main
11-03 10:41:52.368250  1686  9965 D SidekickService: Check decomposition for calling app com.google.android.wearable.app with uid 10049
11-03 10:41:52.369216  1686  9965 D SidekickService: sendWatchFaceLocked(): shouldReplace = true, mSidekickIsControlling = false, 2 images, 1 fonts, 2 numbers, 0 proportionalFonts, 0 strings
11-03 10:41:52.369320  1686  9965 D SidekickService: resetLocked()
11-03 10:41:52.376593   416  2389 D SKGHAL  : Changing to  RESET state
11-03 10:41:52.377237  1686  9965 D SidekickService: ISidekickGraphics#beginResources()...
11-03 10:41:52.377569   416  2389 D SKGHAL  : Changing to DOWNLOAD State
11-03 10:41:52.378456  1686  9965 D SidekickServiceUtils: bitmapFromDrawable: Returning bitmap directly
11-03 10:41:52.388108  1686  9965 W SidekickService: null digitDimensions in font, setting to PointF(20.0, 27.0)
11-03 10:41:52.388427  1686  9965 D SidekickService: sendFontsLocked(): fontInfo = {.width = 20, .height = 27, .nGlyphs = 10, .id = 4}, image.size() = 919
11-03 10:41:52.390741   416  2389 D SKGHAL  : saveResource: resId = 4
11-03 10:41:52.396045  1686  9965 D SidekickService: sendFontsLocked(): status = 0, bytesUsed = 1374
11-03 10:41:52.396993  1686  9965 D SidekickServiceUtils: bitmapFromDrawable: Returning bitmap directly
11-03 10:41:52.446975   512  1749 I sensors-hal: batch:140, android.sensor.accelerometer/48, period=66667000, max_latency=100000000
11-03 10:41:52.450733   512  1749 I sensors-hal: batch:149, android.sensor.accelerometer/48, period=66667000, max_latency=100000000 request completed
11-03 10:41:52.452244  1686  1686 D DefaultUngazeDetector: Ungaze event occurred; emitting gesture event!
11-03 10:41:52.452385  1686  1686 D WristGestureCtrl: Gesture:GESTURE UNGAZE, timestamp(ms): 63991030, confidence: 0.0, latency(ms): 0, duration(ms): 852
11-03 10:41:52.454193   512  1749 I sensors-hal: batch:140, android.sensor.accelerometer/48, period=19231000, max_latency=100000000
11-03 10:41:52.457382   512  1749 I sensors-hal: batch:149, android.sensor.accelerometer/48, period=19231000, max_latency=100000000 request completed
11-03 10:41:52.457887   512  1749 I sensors-hal: flush:169, android.sensor.accelerometer/48
11-03 10:41:52.459287   512  1749 I sensors-hal: flush:175, android.sensor.accelerometer/48 completed
--------- switch to system
11-03 10:41:52.460281  1686  1686 I WindowManager: sleepRelease() calling goToSleep(GO_TO_SLEEP_REASON_SLEEP_BUTTON)
11-03 10:41:52.460561  1686  1686 I PowerManagerService: Going to sleep due to sleep button (uid 1000)...
11-03 10:41:52.462095  1686  1712 I DreamManagerService: Entering dreamland.
11-03 10:41:52.462151  1686  1686 W UsageStatsService: Event reported without a package name
11-03 10:41:52.462834  1686  1712 I PowerManagerService: Dozing...
11-03 10:41:52.477491  1686  1708 I DreamController: Starting dream: name=ComponentInfo{com.google.android.wearable.ambient/com.google.android.wearable.ambient.AmbientDream}, isTest=false, canDoze=true, userId=0
--------- switch to main
11-03 10:41:52.514906  1686  9965 D SidekickService: sendBitmapsLocked(): bounds = RectF(0.0, 0.0, 1.0, 1.0), drawableInfo = {.id = 0, .width = 416, .height = 416, .display = true, .offsetX = 0.0, .offsetY = 0.0, .rotationInfo = {.hasRotation = false, .pivotX = 0.0, .pivotY = 0.0, .degreesPerDay = 0.0, .degreesPerStep = 0.0, .zeroDegreesTime = {.daysSinceLocalEpoch = 0, .msSinceMidnight = 0}}, .transformInfo = {.transformed = false, .flipX = false, .flipY = false, .flip45 = false, .scaleX = 0.0, .scaleY = 0.0}, .type = GENERIC, .blink = {.blinking = false, .periodOnMs = 0.0, .periodOffMs = 0.0, .startTime = {.daysSinceLocalEpoch = 0, .msSinceMidnight = 0}}, .zOrder = 1, .displayInTwm = true}, image.size() = 6063
11-03 10:41:52.529815   416  2389 D SKGHAL  : saveResource: resId = 0
11-03 10:41:52.548195  1686  9965 D SidekickService: sendBitmapsLocked(): status = 0, bytesUsed = 9429
11-03 10:41:52.548767  1686  9965 D SidekickServiceUtils: bitmapFromDrawable: Returning bitmap directly
11-03 10:41:52.550077  1686  9965 D SidekickService: sendBitmapsLocked(): bounds = RectF(0.0, 0.0, 0.0024038462, 0.0024038462), drawableInfo = {.id = 100000, .width = 1, .height = 1, .display = true, .offsetX = 0.0, .offsetY = 0.0, .rotationInfo = {.hasRotation = false, .pivotX = 0.0, .pivotY = 0.0, .degreesPerDay = 0.0, .degreesPerStep = 0.0, .zeroDegreesTime = {.daysSinceLocalEpoch = 0, .msSinceMidnight = 0}}, .transformInfo = {.transformed = false, .flipX = false, .flipY = false, .flip45 = false, .scaleX = 0.0, .scaleY = 0.0}, .type = GENERIC, .blink = {.blinking = false, .periodOnMs = 0.0, .periodOffMs = 0.0, .startTime = {.daysSinceLocalEpoch = 0, .msSinceMidnight = 0}}, .zOrder = 6, .displayInTwm = true}, image.size() = 84
11-03 10:41:52.551014   416  2389 D SKGHAL  : saveResource: resId = 100000
11-03 10:41:52.551535  1686  9965 D SidekickService: sendBitmapsLocked(): status = 0, bytesUsed = 18
11-03 10:41:52.552549  1686  9965 D SidekickService: sendNumbersLocked(): drawableInfo = {.id = 5, .width = 100, .height = 50, .display = true, .offsetX = 162.0, .offsetY = 30.0, .rotationInfo = {.hasRotation = false, .pivotX = 0.0, .pivotY = 0.0, .degreesPerDay = 0.0, .degreesPerStep = 0.0, .zeroDegreesTime = {.daysSinceLocalEpoch = 0, .msSinceMidnight = 0}}, .transformInfo = {.transformed = false, .flipX = false, .flipY = false, .flip45 = false, .scaleX = 0.0, .scaleY = 0.0}, .type = NUMBER, .blink = {.blinking = false, .periodOnMs = 0.0, .periodOffMs = 0.0, .startTime = {.daysSinceLocalEpoch = 0, .msSinceMidnight = 0}}, .zOrder = 5, .displayInTwm = true}, numberInfo = {.startTime = {.daysSinceLocalEpoch = 0, .msSinceMidnight = 0}, .startNumber = 0, .minNumber = 0, .maxNumber = 23, .increment = 1, .msPerIncrement = 3600000.0, .fontId = 4, .digits = 2, .leadingZeroes = 1, .digit = -1, .transitionMs = 0.0}
11-03 10:41:52.553076   416  2389 D SKGHAL  : saveResource: resId = 5
11-03 10:41:52.553502  1686  9965 D SidekickService: sendNumbersLocked(): status = 0, bytesUsed = 0
