11-02 22:16:13.750963  2520  2520 D HOME    : [WatchFaceUiController]sendStateToWallpaper
11-02 22:16:13.949615   512  1749 I sensors-hal: activate:107, android.sensor.light/46 en=0
11-02 22:16:13.950674   512  1749 I sensors-hal: activate:118, android.sensor.light/46 en=0 completed
11-02 22:16:13.952351   512  1749 I sensors-hal: batch:140, android.sensor.light/46, period=250000000, max_latency=0
11-02 22:16:13.952398   512  1749 I sensors-hal: batch:149, android.sensor.light/46, period=250000000, max_latency=0 request completed
11-02 22:16:13.952663   512  1749 I sensors-hal: activate:107, android.sensor.light/46 en=1
11-02 22:16:13.952927   512  1749 I sensors-hal: ssc_enable_rt_task:254, ssc_enable_rt_task : true
11-02 22:16:13.955408   512  1749 I sensors-hal: activate:118, android.sensor.light/46 en=1 completed
11-02 22:16:14.032215   512  8617 I sensors-hal: handle_indication_realtime:355,  SCHED_FIFO(10) for qmi_cbk
11-02 22:16:14.766588   512  1749 I sensors-hal: batch:140, android.sensor.accelerometer/48, period=66667000, max_latency=100000000
11-02 22:16:14.768591   512  1749 I sensors-hal: batch:149, android.sensor.accelerometer/48, period=66667000, max_latency=100000000 request completed
11-02 22:16:14.769748  1686  1686 D DefaultUngazeDetector: Ungaze event occurred; emitting gesture event!
11-02 22:16:14.769892  1686  1686 D WristGestureCtrl: Gesture:GESTURE UNGAZE, timestamp(ms): 19252792, confidence: 0.0, latency(ms): 0, duration(ms): 1407
11-02 22:16:14.771463   512  1749 I sensors-hal: batch:140, android.sensor.accelerometer/48, period=19231000, max_latency=100000000
--------- switch to system
11-02 22:16:14.773211  1686  1686 I WindowManager: sleepRelease() calling goToSleep(GO_TO_SLEEP_REASON_SLEEP_BUTTON)
--------- switch to main
11-02 22:16:14.773407   512  1749 I sensors-hal: batch:149, android.sensor.accelerometer/48, period=19231000, max_latency=100000000 request completed
--------- switch to system
11-02 22:16:14.773474  1686  1686 I PowerManagerService: Going to sleep due to sleep button (uid 1000)...
--------- switch to main
11-02 22:16:14.773857   512  1749 I sensors-hal: flush:169, android.sensor.accelerometer/48
--------- switch to system
11-02 22:16:14.774544  1686  1712 I DreamManagerService: Entering dreamland.
11-02 22:16:14.774610  1686  1686 W UsageStatsService: Event reported without a package name
11-02 22:16:14.775277  1686  1712 I PowerManagerService: Dozing...
--------- switch to main
11-02 22:16:14.776920   512  1749 I sensors-hal: flush:175, android.sensor.accelerometer/48 completed
--------- switch to system
11-02 22:16:14.790097  1686  1708 I DreamController: Starting dream: name=ComponentInfo{com.google.android.wearable.ambient/com.google.android.wearable.ambient.AmbientDream}, isTest=false, canDoze=true, userId=0
11-02 22:16:14.803629  1686  1686 W ContextImpl: Calling a method in the system process without a qualified user: android.app.ContextImpl.bindService:1611 android.content.ContextWrapper.bindService:698 com.google.android.wearable.ambient.AmbientDream.onCreate:191 android.app.ActivityThread.handleCreateService:3533 android.app.ActivityThread.access$1300:200 
11-02 22:16:14.807379  1686  1686 W ContextImpl: Calling a method in the system process without a qualified user: android.app.ContextImpl.sendBroadcast:1005 android.content.ContextWrapper.sendBroadcast:444 com.google.android.wearable.ambient.AmbientDream.onCreate:241 android.app.ActivityThread.handleCreateService:3533 android.app.ActivityThread.access$1300:200 
11-02 22:16:14.808339  1686  1686 V DreamService[AmbientDream]: onBind() intent = Intent { act=android.service.dreams.DreamService flg=0x800000 cmp=com.google.android.wearable.ambient/.AmbientDream }
--------- switch to main
11-02 22:16:14.810769  1686  1686 I AmbientService: [ce6a28c] Ambient Created
--------- switch to system
11-02 22:16:14.811911  1686  1686 V DreamService[AmbientDream]: Calling onDreamingStarted()
--------- switch to main
11-02 22:16:14.812060  1686  1686 I AmbientService: [ce6a28c] doOnDreamingStarted
11-02 22:16:14.812647  1686  1686 D SidekickService: setShouldControlDisplay called: true
11-02 22:16:14.814222  1686  1686 I AmbientService: [ce6a28c] Selected running activity for ambient mode: AmbientActivity[component=ComponentInfo{com.google.android.wearable.app/com.google.android.clockwork.home2.activity.HomeActivity2}, callbacks=@210b385, running=true, ambientRequested=true, ambientEnabled=true, offloadEnabled=true]
11-02 22:16:14.815316  1686  1686 I AmbientService: [ce6a28c] Sidekick is ready to display, requesting doze.
11-02 22:16:14.816388  1686  1686 I AmbientService: [ce6a28c] No auto-resume Activity.
11-02 22:16:14.818410  1686  1686 W DefaultSettingsContentR: Value for ambient_low_bit_enabled not stored as number. Attempting parse as boolean.
11-02 22:16:14.819239  2520  2520 D HOME    : [HomeVisitsLogger]Logging streamlet event: enter_ambient_mode
11-02 22:16:14.819983  2520  2520 D HOME    : [HotwordController]updateClient MODE_WATCH_FACE false true false true
11-02 22:16:14.820899  2520  8604 D HOME    : [HomeVisitsLogger]Logging streamlet event: visit_end
11-02 22:16:14.821368  2520  2520 D HOME    : [WatchFaceUiController]setInAmbientMode true
11-02 22:16:14.822599  2520  7713 I SidekickManager: replaceWatchFaceComponentsImpl(): watchFace = com.google.android.clockwork.decomposablewatchface.WatchFaceDecomposition@5530535
11-02 22:16:14.823473  1686  5849 D SidekickService: sendWatchFaceComponents called: watchFace = com.google.android.clockwork.decomposablewatchface.WatchFaceDecomposition@146c202shouldReplace = false
11-02 22:16:14.823535  1686  1686 I AmbientService: [ce6a28c] Showing watch face in offload mode, canceling alarm.
11-02 22:16:14.823536  2520  2520 D HOME    : [StreamDBQueue]Promised revision #2253 to queue a new op
11-02 22:16:14.823588  1686  1686 W AlarmManagerProxy: Removing unknown listener
11-02 22:16:14.823668  1686  1686 D WristGestureCtrl: Stopping detectors: GesturesEnabled-false gestureDetector-false ungazeEnabled-true ungaze-true
11-02 22:16:14.823677  1686  5849 D SidekickService: Check decomposition for calling app com.google.android.wearable.app with uid 10049
11-02 22:16:14.823702  1686  1686 D DefaultUngazeDetector: stopping
11-02 22:16:14.823892  2520  2520 D WatchStreamManager: Promised rank-blocked=false @ r#2253
11-02 22:16:14.824394  2520  2520 D HOME    : [StreamDBQueue]Promised revision #2254 to queue a new op
11-02 22:16:14.824561  2520  2520 D WatchStreamManager: Promised rank-blocked=false @ r#2254
11-02 22:16:14.824878  2520  8563 D HOME    : [StreamDBQueue]Promised revision #2255 to queue a new op
11-02 22:16:14.825031  2520  8563 D WatchStreamManager: Promised rerank @ r#2255
11-02 22:16:14.825218   512  1749 I sensors-hal: batch:140, android.sensor.accelerometer/48, period=66667000, max_latency=100000000
11-02 22:16:14.825437  2520  2520 D HOME    : [EventBus]Wrapper pool is full. Discarding excess wrapper instance for event com.google.android.clockwork.sysui.events.KeyguardStateEvent
11-02 22:16:14.825531  2520  2520 D HOME    : [WatchFaceUiController]sendStateToWallpaper
11-02 22:16:14.829117  2520  2520 D HOME    : [EventBus]Wrapper pool is full. Discarding excess wrapper instance for event com.google.android.clockwork.sysui.events.KeyguardStateEvent
11-02 22:16:14.829584  2520  2520 D HOME    : [EventBus]Wrapper pool is full. Discarding excess wrapper instance for event com.google.android.clockwork.sysui.events.KeyguardStateEvent
11-02 22:16:14.831143   512  1749 I sensors-hal: batch:149, android.sensor.accelerometer/48, period=66667000, max_latency=100000000 request completed
11-02 22:16:14.836782  1686  5849 D SidekickService: sendWatchFaceLocked(): shouldReplace = false, mSidekickIsControlling = false, 1 images, 0 fonts, 0 numbers, 0 proportionalFonts, 0 strings
11-02 22:16:14.836979  1686  5849 D SidekickService: ISidekickGraphics#beginResources()...
11-02 22:16:14.838872  2520  2520 W StaticLayout: maxLineHeight should not be -1.  maxLines:1 lineCount:1
11-02 22:16:14.843645  2520  8604 D HOME    : [WatchStreamDB]Item alerting conditions - isInterruptive: false, recentlyInterrupted: false, isItemPinned: false, isUnread: false
11-02 22:16:14.844023  2520  8604 D HOME    : [StreamAlertingRegulator]isTheaterModeEnabled: false, isAlertingAllowedByOffBody: true, matchesLocalInterruptionFilter: true
11-02 22:16:14.844298  2520  8604 D HOME    : [WatchStreamDB]couldItemAlert: false, isTopItemChanged: false, isDeferralForTopItem: false
11-02 22:16:14.844998  1686  5849 D SidekickServiceUtils: bitmapFromDrawable: Returning bitmap directly
11-02 22:16:14.845195  2520  8604 D HOME    : [WatchStreamDB]Item alerting conditions - isInterruptive: false, recentlyInterrupted: false, isItemPinned: false, isUnread: false
11-02 22:16:14.845557  2520  8604 D HOME    : [StreamAlertingRegulator]isTheaterModeEnabled: false, isAlertingAllowedByOffBody: true, matchesLocalInterruptionFilter: true
11-02 22:16:14.845851  2520  8604 D HOME    : [WatchStreamDB]couldItemAlert: false, isTopItemChanged: false, isDeferralForTopItem: false
11-02 22:16:14.846636  1686  5849 D SidekickService: sendBitmapsLocked(): bounds = RectF(0.0, 0.0, 0.0024038462, 0.0024038462), drawableInfo = {.id = 100000, .width = 1, .height = 1, .display = true, .offsetX = 0.0, .offsetY = 0.0, .rotationInfo = {.hasRotation = false, .pivotX = 0.0, .pivotY = 0.0, .degreesPerDay = 0.0, .degreesPerStep = 0.0, .zeroDegreesTime = {.daysSinceLocalEpoch = 0, .msSinceMidnight = 0}}, .transformInfo = {.transformed = false, .flipX = false, .flipY = false, .flip45 = false, .scaleX = 0.0, .scaleY = 0.0}, .type = GENERIC, .blink = {.blinking = false, .periodOnMs = 0.0, .periodOffMs = 0.0, .startTime = {.daysSinceLocalEpoch = 0, .msSinceMidnight = 0}}, .zOrder = 8, .displayInTwm = true}, image.size() = 84
11-02 22:16:14.848393  2520  8604 D HOME    : [WatchStreamDB]updateRanking()
11-02 22:16:14.849094  2520  8604 D HOME    : [WatchStreamDB]Item alerting conditions - isInterruptive: false, recentlyInterrupted: false, isItemPinned: false, isUnread: false
11-02 22:16:14.849468  2520  8604 D HOME    : [StreamAlertingRegulator]isTheaterModeEnabled: false, isAlertingAllowedByOffBody: true, matchesLocalInterruptionFilter: true
11-02 22:16:14.850376   416   416 D SKGHAL  : saveResource: resId = 100000
11-02 22:16:14.851121  1686  5849 D SidekickService: sendBitmapsLocked(): status = 0, bytesUsed = 18
11-02 22:16:14.851421  1686  5849 D SidekickService: ISidekickGraphics#endResources()...
11-02 22:16:14.851441  2520  8604 D HOME    : [WatchStreamDB]couldItemAlert: false, isTopItemChanged: false, isDeferralForTopItem: false
11-02 22:16:14.852257  2520  8604 D HOME    : [NewStreamAdapter]Publishing revision #2255 to adapter clients
11-02 22:16:14.854812  2520  8563 D HOME    : [StreamDBQueue]Promised revision #2256 to queue a new op
11-02 22:16:14.855346  2520  8603 D HOME    : [WatchStreamDB]updateRanking()
11-02 22:16:14.855581  2520  8563 D WatchStreamManager: Promised rerank @ r#2256
11-02 22:16:14.856100  2520  8603 D HOME    : [WatchStreamDB]Item alerting conditions - isInterruptive: false, recentlyInterrupted: false, isItemPinned: false, isUnread: false
11-02 22:16:14.856517  2520  8603 D HOME    : [StreamAlertingRegulator]isTheaterModeEnabled: false, isAlertingAllowedByOffBody: true, matchesLocalInterruptionFilter: true
11-02 22:16:14.856764  2520  8603 D HOME    : [WatchStreamDB]couldItemAlert: false, isTopItemChanged: false, isDeferralForTopItem: false
11-02 22:16:14.857393  2520  8603 D HOME    : [NewStreamAdapter]Publishing revision #2256 to adapter clients
11-02 22:16:15.305438   416   416 D SKGHAL  : sendResources: metadata size = 2400, font size = 72
11-02 22:16:15.370599   416   416 D SKGHAL  : endResources: rc = 0
11-02 22:16:15.372030  1686  1686 W system_server: Long monitor contention with owner Binder:1686_18 (5849) at int com.google.android.clockwork.sidekick.SidekickService$BinderService.sendWatchFace(com.google.android.clockwork.decomposablewatchface.WatchFaceDecomposition, boolean)(SidekickService.java:1021) waiters=0 in boolean com.google.android.clockwork.sidekick.SidekickService$BinderService.readyToDisplay() for 529ms
11-02 22:16:15.373261  2520  2520 D HOME    : [SidekickManagerAsync]replaceWatchFaceComponents(): Callback#onResult(): 0
--------- switch to system
11-02 22:16:15.373590  1686  1686 W Looper  : Slow dispatch took 535ms main h=android.os.Handler c=com.google.android.wearable.ambient.AmbientDream$Callbacks$1@9c96713 m=0
--------- switch to main
11-02 22:16:15.373676  2520  2520 D HOME    : [WatchFaceUiController]Complication updates sent, posting watch face hiding
11-02 22:16:15.373774  2520  2520 D HOME    : [WatchFaceUiController]Still in ambient watch face, hiding
11-02 22:16:15.373859  2520  2520 D HOME    : [WatchFaceUiController]Hiding watch face wallpaper.
--------- switch to kernel
11-02 22:16:15.335185     0     0 E FG      : fg_psy_get_property: unsupported property 7
11-02 22:16:15.340562     0     0 W healthd : battery l=54 v=3853 t=31.0 h=2 st=3 c=109 fc=443000 cc=0 chg=
--------- switch to main
11-02 22:16:15.411218  1956  1956 D QtiCarrierConfigHelper: WARNING, no carrier configs on phone Id: 0
11-02 22:16:15.412046   512   512 I sensors-hal: activate:107, android.sensor.light/46 en=0
11-02 22:16:15.413998   512   512 I sensors-hal: activate:118, android.sensor.light/46 en=0 completed
11-02 22:16:15.417426  2520  2520 D HOME    : [BatteryChange]action: android.intent.action.BATTERY_CHANGED
11-02 22:16:15.418253  2520  7713 D HOME    : [BatteryChange]HandleBatteryChangedTask
11-02 22:16:15.418870  2520  7713 D HOME    : [BatteryChange]level: 54, status: 3
--------- switch to system
11-02 22:16:15.420789  1686  1710 I DisplayManagerService: Display device changed state: "Écran intégré", DOZE_SUSPEND
--------- switch to main
11-02 22:16:15.422126   545   545 D SurfaceFlinger: Set power mode=3, type=0 flinger=0xb6bb6000
11-02 22:16:15.423083   504   764 I SDM     : DisplayBase::SetDisplayState: Set state = 3, display 0
11-02 22:16:15.455014  1686  1759 I InputReader: Reconfiguring input devices.  changes=0x00000004
11-02 22:16:15.464685   545   545 D SurfaceFlinger: Finished set power mode=3, type=0
11-02 22:16:15.465936  1686  1823 I SidekickService: beginDisplayLocked(): DOZE_SUSPEND
--------- switch to kernel
11-02 22:16:15.370035     0     0 I mdss_dsi_panel_set_idle_mode: Idle (0->1)
11-02 22:16:15.401242     0     0 I         : [touch]FB_BLANK_VSYNC_SUSPEND
11-02 22:16:15.401248     0     0 I         : [touch]irq disable
11-02 22:16:15.401252     0     0 I         : [touch]workqueue is empty!
11-02 22:16:15.401256     0     0 I         : [touch]raydium_ts_do_suspend.
11-02 22:16:15.401266     0     0 I         : [touch]Device may wakeup
11-02 22:16:15.404000     0     0 I         : [touch]irq enable
--------- switch to main
11-02 22:16:15.466502   416   416 D SKGHAL  : sendAmbientPrepare: enter:
11-02 22:16:15.593033   416   416 D SKGHAL  : sendAmbientEvent: enter: enable = 1
11-02 22:16:15.593817   504   523 I SDM     : DisplayBase::SetDisplayState: Set state = 4, display 0
11-02 22:16:15.593886   504   523 D SDM     : HWCDisplayPrimary::SetStandByMode: Null display is connected successfully
11-02 22:16:15.594024   416   416 D SKGHAL  : standBy_update_control call succeed on 1
11-02 22:16:15.602351   416   416 D SKGHAL  : sendAmbientEvent: done: enable = 1
11-02 22:16:15.602681  1686  1823 D SidekickService:    ... beginDisplay result: 0 for halPower: 1
11-02 22:16:15.605811   512   512 I sensors-hal: activate:107, android.sensor.accelerometer/48 en=0
11-02 22:16:15.606947   512   512 I sensors-hal: activate:118, android.sensor.accelerometer/48 en=0 completed
--------- switch to kernel
11-02 22:16:15.548510     0     0 E bgrsb   : bgrsb_enable: gpio 32 is valid
--------- switch to main
11-02 22:16:15.612828  1686  1799 E WifiStateMachine: getWifiLinkLayerStats called without an interface
11-02 22:16:15.634475  1686  1686 I WearPower: [WearTouchMediator] changing touch input to enabled (ON_AUTO)
11-02 22:16:15.635572  1686  1759 I InputReader: Reconfiguring input devices.  changes=0x00000200
--------- switch to kernel
11-02 22:16:15.577479     0     0 I init    : processing action (ro.enable_core_ctl=true && sys.cw_corectl_mode=idle) from (/vendor/etc/init/hw/init.qcom.rc:949)
--------- switch to main
11-02 22:16:15.640785  1686  1686 I AmbientService: [ce6a28c] Timeout alarm not required, auto-resume timeout handled by dream.
11-02 22:16:15.650697  3205  3434 W WorkController: Loading failed for worker [trainingcache]: worker not found
11-02 22:16:15.653611  3205  3372 W A       : TrainingCache cache SCREEN_OFF failure
11-02 22:16:15.653611  3205  3372 W A       : com.google.android.apps.gsa.search.core.service.h.a.a: No worker found for Worker ID [trainingcache].
11-02 22:16:15.653611  3205  3372 W A       : 	at com.google.android.apps.gsa.search.core.service.g.a.c.a(Unknown Source:5)
11-02 22:16:15.653611  3205  3372 W A       : 	at com.google.android.libraries.gsa.c.a.d.a(Unknown Source:3)
11-02 22:16:15.653611  3205  3372 W A       : 	at com.google.common.p.a.cg.c(Unknown Source:2)
11-02 22:16:15.653611  3205  3372 W A       : 	at com.google.common.p.a.bk.run(SourceFile:3)
11-02 22:16:15.653611  3205  3372 W A       : 	at com.google.common.p.a.ci.run(Unknown Source:4)
11-02 22:16:15.653611  3205  3372 W A       : 	at com.google.apps.tiktok.concurrent.ab.run(SourceFile:1)
11-02 22:16:15.653611  3205  3372 W A       : 	at java.util.concurrent.ThreadPoolExecutor.runWorker(ThreadPoolExecutor.java:1167)
11-02 22:16:15.653611  3205  3372 W A       : 	at java.util.concurrent.ThreadPoolExecutor$Worker.run(ThreadPoolExecutor.java:641)
11-02 22:16:15.653611  3205  3372 W A       : 	at com.google.apps.tiktok.concurrent.c.run(Unknown Source:4)
11-02 22:16:15.653611  3205  3372 W A       : 	at java.lang.Thread.run(Thread.java:764)
11-02 22:16:15.667192  1686  1696 I system_server: Background concurrent copying GC freed 40763(2MB) AllocSpace objects, 22(744KB) LOS objects, 19% free, 9MB/12MB, paused 525us total 220.882ms
11-02 22:16:15.673087  2520  2520 D HOME    : [StreamDBQueue]Promised revision #2257 to queue a new op
11-02 22:16:15.673422  2520  2520 D WatchStreamManager: Promised rank-blocked=false @ r#2257
11-02 22:16:15.673746  2520  2520 D HOME    : [CompactHunStarter]detachWindow()
11-02 22:16:15.674163  2520  8604 D HOME    : [StreamDBQueue]Promised revision #2258 to queue a new op
11-02 22:16:15.674302  2520  7713 D HOME    : [WatchStreamDB]Item alerting conditions - isInterruptive: false, recentlyInterrupted: false, isItemPinned: false, isUnread: false
11-02 22:16:15.674325  2520  8604 D WatchStreamManager: Promised rerank @ r#2258
11-02 22:16:15.674626  2520  7713 D HOME    : [StreamAlertingRegulator]isTheaterModeEnabled: false, isAlertingAllowedByOffBody: true, matchesLocalInterruptionFilter: true
11-02 22:16:15.674831  2520  7713 D HOME    : [WatchStreamDB]couldItemAlert: false, isTopItemChanged: false, isDeferralForTopItem: false
11-02 22:16:15.675283  2520  7713 D HOME    : [WatchStreamDB]updateRanking()
11-02 22:16:15.675795  2520  7713 D HOME    : [WatchStreamDB]Item alerting conditions - isInterruptive: false, recentlyInterrupted: false, isItemPinned: false, isUnread: false
11-02 22:16:15.676044  2520  7713 D HOME    : [StreamAlertingRegulator]isTheaterModeEnabled: false, isAlertingAllowedByOffBody: true, matchesLocalInterruptionFilter: true
11-02 22:16:15.676247  2520  7713 D HOME    : [WatchStreamDB]couldItemAlert: false, isTopItemChanged: false, isDeferralForTopItem: false
11-02 22:16:15.676746  2520  7713 D HOME    : [NewStreamAdapter]Publishing revision #2258 to adapter clients
--------- switch to kernel
11-02 22:16:15.640123     0     0 I CPU1    : update max cpu_capacity 748
11-02 22:16:15.644650     0     0 I CPU3    : update max cpu_capacity 1024
11-02 22:16:15.719895     0     0 I PM      : suspend entry 2021-11-02 21:16:15.719895167 UTC
11-02 22:16:15.719904     0     0 I PM      : Syncing filesystems ...
11-02 22:16:15.722676     0     0 I CPU2    : shutdown
11-02 22:16:15.724618     0     0 I init    : Command 'write /sys/devices/system/cpu/cpu2/online 0' action=ro.enable_core_ctl=true && sys.cw_corectl_mode=idle (/vendor/etc/init/hw/init.qcom.rc:951) took 86ms and succeeded
11-02 22:16:15.756746     0     0 I         : done.
11-02 22:16:15.782199     0     0 W         : IRQ16 no longer affine to CPU3
11-02 22:16:15.782250     0     0 W         : IRQ93 no longer affine to CPU3
11-02 22:16:15.782977     0     0 I CPU3    : shutdown
11-02 22:16:15.784004     0     0 I         : Freezing user space processes ...
11-02 22:16:15.789164     0     0 I PM      : Wakeup pending, aborting suspend
11-02 22:16:15.789220     0     0 I         : last active wakeup source: eventpoll
11-02 22:16:15.789243     0     0 E         : Freezing of tasks aborted after 0.005 seconds
11-02 22:16:15.789256     0     0 I         : Restarting tasks ...
11-02 22:16:15.789814     0     0 W QSEECOM : qseecom_receive_req: Interrupted: exiting Listener Service = 8192
11-02 22:16:15.789865     0     0 W QSEECOM : qseecom_receive_req: Interrupted: exiting Listener Service = 11
11-02 22:16:15.789906     0     0 W QSEECOM : qseecom_receive_req: Interrupted: exiting Listener Service = 28672
11-02 22:16:15.794334     0     0 W QSEECOM : qseecom_receive_req: Interrupted: exiting Listener Service = 10
11-02 22:16:15.794900     0     0 W QSEECOM : qseecom_receive_req: Interrupted: exiting Listener Service = 12288
11-02 22:16:15.795905     0     0 I         : done.
11-02 22:16:15.796656     0     0 I PM      : suspend exit 2021-11-02 21:16:15.796656313 UTC
11-02 22:16:15.803577     0     0 I CPU1    : update max cpu_capacity 748
11-02 22:16:15.803699     0     0 I init    : Command 'write /sys/devices/system/cpu/cpu3/online 0' action=ro.enable_core_ctl=true && sys.cw_corectl_mode=idle (/vendor/etc/init/hw/init.qcom.rc:952) took 78ms and succeeded
11-02 22:16:15.997153     0     0 I PM      : suspend entry 2021-11-02 21:16:15.997153865 UTC
11-02 22:16:15.997177     0     0 I PM      : Syncing filesystems ... done.
11-02 22:16:16.019384     0     0 I         : Freezing user space processes ... (elapsed 0.011 seconds) done.
11-02 22:16:16.031203     0     0 I         : Freezing remaining freezable tasks ... (elapsed 0.006 seconds) done.
11-02 22:16:16.037413     0     0 I         : Suspending console(s) (use no_console_suspend to debug)
11-02 22:16:16.052917     0     0 I mdss_dsi_panel_set_idle_mode: Idle (1->1)
11-02 22:16:16.095719     0     0 I bgcom   : bgcom_pm_suspend: suspended with : 0
11-02 22:16:16.128912     0     0 I PM      : suspend of devices complete after 87.153 msecs
11-02 22:16:16.135097     0     0 I PM      : late suspend of devices complete after 6.142 msecs
11-02 22:16:16.141525     0     0 I PM      : noirq suspend of devices complete after 6.385 msecs
11-02 22:16:16.141544     0     0 I         : Disabling non-boot CPUs ...
11-02 22:16:16.161575     0     0 W         : IRQ16 no longer affine to CPU1
11-02 22:16:16.161916     0     0 W         : IRQ93 no longer affine to CPU1
11-02 22:16:16.163709     0     0 I CPU1    : shutdown
11-02 22:16:16.166280     0     0 I suspend ns: 1738845743807	suspend cycles:     369859214000
11-02 22:16:16.166256     0     0 I CPU0    : msm_cpu_pm_enter_sleep mode:3 during suspend
11-02 22:16:16.166256     0     0 I         : Suspended for 41.349 seconds
11-02 22:16:16.166256     0     0 I resume cycles: 370653121794
11-02 22:16:16.167502     0     0 I         : Enabling non-boot CPUs ...
11-02 22:16:16.168435     0     0 I CPU1    : update cpu_capacity 1024
11-02 22:16:16.170125     0     0 I CPU0    : update max cpu_capacity 748
11-02 22:16:16.170499     0     0 I         : CPU1 is up
11-02 22:16:16.174363     0     0 I PM      : noirq resume of devices complete after 3.484 msecs
11-02 22:16:16.179858     0     0 I PM      : early resume of devices complete after 3.970 msecs
11-02 22:16:16.212839     0     0 I bgcom   : bgcom_pm_resume: Bgcom resumed with : 0
11-02 22:16:16.223352     0     0 I mdss_dsi_panel_set_idle_mode: Idle (1->1)
11-02 22:16:16.265423     0     0 I PM      : resume of devices complete after 85.515 msecs
11-02 22:16:16.270271     0     0 I         : Restarting tasks ...
11-02 22:16:16.279875     0     0 W QSEECOM : qseecom_receive_req: Interrupted: exiting Listener Service = 8192
11-02 22:16:16.280291     0     0 W QSEECOM : qseecom_receive_req: Interrupted: exiting Listener Service = 11
11-02 22:16:16.280386     0     0 W QSEECOM : qseecom_receive_req: Interrupted: exiting Listener Service = 28672
11-02 22:16:16.281274     0     0 W QSEECOM : qseecom_receive_req: Interrupted: exiting Listener Service = 12288
11-02 22:16:16.281341     0     0 W QSEECOM : qseecom_receive_req: Interrupted: exiting Listener Service = 10
--------- switch to system
11-02 22:16:57.642990  1686  1686 I PowerManagerService: Waking up from dozing (uid=1000 reason=tiltToWake)...
11-02 22:16:57.652768  1686  1686 W UsageStatsService: Event reported without a package name
--------- switch to kernel
11-02 22:16:16.291026     0     0 I         : done.
--------- switch to main
11-02 22:16:57.690501   512   512 I sensors-hal: batch:140, android.sensor.light/46, period=100000000, max_latency=0
11-02 22:16:57.690605   512   512 I sensors-hal: batch:149, android.sensor.light/46, period=100000000, max_latency=0 request completed
11-02 22:16:57.692084   512   512 I sensors-hal: activate:107, android.sensor.light/46 en=1
11-02 22:16:57.692519   512   512 I sensors-hal: ssc_enable_rt_task:254, ssc_enable_rt_task : true
--------- switch to kernel
11-02 22:16:57.647222     0     0 I PM      : suspend exit 2021-11-02 21:16:57.647222078 UTC
11-02 22:16:57.682701     0     0 E FG      : fg_psy_get_property: unsupported property 7
11-02 22:16:57.624521     0     0 W healthd : battery l=54 v=3915 t=31.0 h=2 st=3 c=7 fc=443000 cc=0 chg=
--------- switch to main
11-02 22:16:57.695541   512   512 I sensors-hal: activate:118, android.sensor.light/46 en=1 completed
11-02 22:16:57.697276  1686  1823 I SidekickService: endDisplayLocked()
11-02 22:16:57.698028   416   416 D SKGHAL  : sendAmbientEvent: enter: enable = 0
--------- switch to system
11-02 22:16:57.698508  1686  1710 I DisplayManagerService: Display device changed state: "Écran intégré", ON
--------- switch to main
11-02 22:16:57.731611  4243  4243 D OMService: onDisplayChanged: not dozing
11-02 22:16:57.731919  1686  1759 I InputReader: Reconfiguring input devices.  changes=0x00000004
--------- switch to kernel
11-02 22:16:57.710169     0     0 E bgrsb   : bgrsb_enable: rsb will set report rate
11-02 22:16:57.717443     0     0 E bgrsb   : bgrsb_enable: gpio 32 is valid
--------- switch to system
11-02 22:16:57.759598  1686  1686 W Looper  : Slow dispatch took 109ms main h=com.android.server.power.Notifier$NotifierHandler c=com.android.server.power.Notifier$1@b59616f m=0
--------- switch to main
11-02 22:16:57.762030   512   512 I sensors-hal: batch:140, android.sensor.accelerometer/48, period=66667000, max_latency=100000000
11-02 22:16:57.762115   512   512 I sensors-hal: batch:149, android.sensor.accelerometer/48, period=66667000, max_latency=100000000 request completed
11-02 22:16:57.767782   512   512 I sensors-hal: activate:107, android.sensor.accelerometer/48 en=1
11-02 22:16:57.768219   512   512 I sensors-hal: ssc_enable_rt_task:254, ssc_enable_rt_task : true
--------- switch to kernel
11-02 22:16:57.787790     0     0 I         : [touch]FB_BLANK_VSYNC_SUSPEND
11-02 22:16:57.787797     0     0 I         : [touch]Already in suspend state
--------- switch to main
11-02 22:16:57.789581   512   512 I sensors-hal: activate:118, android.sensor.accelerometer/48 en=1 completed
11-02 22:16:57.797717  2520  2520 D HOME    : [BatteryChange]action: android.intent.action.BATTERY_CHANGED
11-02 22:16:57.798158  1956  1956 D QtiCarrierConfigHelper: WARNING, no carrier configs on phone Id: 0
11-02 22:16:57.798665  2520  8604 D HOME    : [BatteryChange]HandleBatteryChangedTask
11-02 22:16:57.799144  2520  8604 D HOME    : [BatteryChange]level: 54, status: 3
11-02 22:16:57.804923  1686  1799 E WifiStateMachine: getWifiLinkLayerStats called without an interface
--------- switch to system
11-02 22:16:57.808452  1686  1702 W BroadcastQueue: Background execution not allowed: receiving Intent { act=android.intent.action.USER_PRESENT flg=0x10 } to com.google.android.gms/.auth.setup.devicesignals.LockScreenReceiver
11-02 22:16:57.808917  1686  1702 W BroadcastQueue: Background execution not allowed: receiving Intent { act=android.intent.action.USER_PRESENT flg=0x10 } to com.google.android.gms/.chimera.GmsIntentOperationService$PersistentTrustedReceiver
--------- switch to kernel
11-02 22:16:57.801607     0     0 I mdss_dsi_panel_set_idle_mode: Idle (1->0)
11-02 22:16:57.802918     0     0 E mdp3_enable_panic_ctrl: mdp3_enable_panic_ctrl: Enable Panic Control
11-02 22:16:57.803040     0     0 I         : [touch]FB_BLANK_UNBLANK
11-02 22:16:57.803048     0     0 I         : [touch]raydium_ts_do_resume, 1.
11-02 22:16:57.803568     0     0 I         : [ raydium ]workqueue is empty!
11-02 22:16:57.803592     0     0 I raydium_ts 5-0039: [touch]Already enable irq
11-02 22:16:57.803596     0     0 I         : [touch]Device may wakeup
--------- switch to main
11-02 22:16:57.819726  3205  3434 W WorkController: Loading failed for worker [trainingcache]: worker not found
11-02 22:16:57.824415  3205  3294 W A       : TrainingCache cache DEVICE_UNLOCKED failure
11-02 22:16:57.824415  3205  3294 W A       : com.google.android.apps.gsa.search.core.service.h.a.a: No worker found for Worker ID [trainingcache].
11-02 22:16:57.824415  3205  3294 W A       : 	at com.google.android.apps.gsa.search.core.service.g.a.c.a(Unknown Source:5)
11-02 22:16:57.824415  3205  3294 W A       : 	at com.google.android.libraries.gsa.c.a.d.a(Unknown Source:3)
11-02 22:16:57.824415  3205  3294 W A       : 	at com.google.common.p.a.cg.c(Unknown Source:2)
11-02 22:16:57.824415  3205  3294 W A       : 	at com.google.common.p.a.bk.run(SourceFile:3)
11-02 22:16:57.824415  3205  3294 W A       : 	at com.google.common.p.a.ci.run(Unknown Source:4)
11-02 22:16:57.824415  3205  3294 W A       : 	at com.google.apps.tiktok.concurrent.ab.run(SourceFile:1)
11-02 22:16:57.824415  3205  3294 W A       : 	at java.util.concurrent.ThreadPoolExecutor.runWorker(ThreadPoolExecutor.java:1167)
11-02 22:16:57.824415  3205  3294 W A       : 	at java.util.concurrent.ThreadPoolExecutor$Worker.run(ThreadPoolExecutor.java:641)
11-02 22:16:57.824415  3205  3294 W A       : 	at com.google.apps.tiktok.concurrent.c.run(Unknown Source:4)
11-02 22:16:57.824415  3205  3294 W A       : 	at java.lang.Thread.run(Thread.java:764)
11-02 22:16:57.848112   504   523 I SDM     : DisplayBase::SetDisplayState: Set state = 3, display 0
11-02 22:16:57.848443   504   523 D SDM     : HWCDisplayPrimary::SetStandByMode: Display is connected successfully
11-02 22:16:57.849097   416   416 D SKGHAL  : standBy_update_control call succeed on 0
11-02 22:16:57.849191   416   416 D SKGHAL  : sendAmbientEvent: done: enable = 0
11-02 22:16:57.851097  1686  1823 D SidekickService:    ... endDisplay returns void
11-02 22:16:57.853799   545   545 D SurfaceFlinger: Set power mode=2, type=0 flinger=0xb6bb6000
11-02 22:16:57.854515   504   764 I SDM     : DisplayBase::SetDisplayState: Set state = 1, display 0
11-02 22:16:57.865565   545   545 D SurfaceFlinger: Finished set power mode=2, type=0
--------- switch to system
11-02 22:16:57.869920  1686  1712 W PowerManagerService: Screen on took 360 ms
11-02 22:16:57.870358  1686  1712 I DreamManagerService: Gently waking up from dream.
11-02 22:16:57.870588  1686  1708 I DreamManagerService: Performing gentle wake from dream.
11-02 22:16:57.899208  1686  1686 V DreamService[AmbientDream]: wakeUp(): fromSystem=true, mWaking=false, mFinished=false
11-02 22:16:57.899430  1686  1686 V DreamService[AmbientDream]: finish(): mFinished=false
11-02 22:16:57.899529  1686  1686 I DreamManagerService: Leaving dreamland.
11-02 22:16:57.900939  1686  1708 I DreamManagerService: Performing gentle wake from dream.
11-02 22:16:57.901121  1686  1708 I DreamController: Stopping dream: name=ComponentInfo{com.google.android.wearable.ambient/com.google.android.wearable.ambient.AmbientDream}, isTest=false, canDoze=true, userId=0
--------- switch to main
11-02 22:16:57.923110  1686  1686 W AlarmManager: Unrecognized alarm listener com.android.server.job.controllers.-$$Lambda$IdleController$IdlenessTracker$nTdS-lGBXcES5VWKcJFmQFgU7IU@1ab437a
--------- switch to system
11-02 22:16:57.923283  1686  1686 V DreamService[AmbientDream]: detach(): Calling onDreamingStopped()
--------- switch to main
11-02 22:16:57.927809  1686  1686 I AmbientService: [ce6a28c] doOnDreamingStopped
11-02 22:16:57.927941  1686  1686 D WristGestureCtrl: Starting: GesturesEnabled-false UngazeEnabled-true
11-02 22:16:57.928002  1686  1686 D DefaultUngazeDetector: starting
11-02 22:16:57.928069  1686  1686 D DefaultUngazeDetector: startUngazeStateEstimation(). startTime = 19297358
11-02 22:16:57.929569   512   512 I sensors-hal: batch:140, android.sensor.accelerometer/48, period=19231000, max_latency=100000000
11-02 22:16:57.930040  1686  1686 W AlarmManagerProxy: Removing unknown listener
11-02 22:16:57.930484   512  8623 I sensors-hal: handle_indication_realtime:355,  SCHED_FIFO(10) for qmi_cbk
11-02 22:16:57.931338   512   512 I sensors-hal: batch:149, android.sensor.accelerometer/48, period=19231000, max_latency=100000000 request completed
11-02 22:16:57.931710   512   512 I sensors-hal: flush:169, android.sensor.accelerometer/48
11-02 22:16:57.932598   512   512 I sensors-hal: flush:175, android.sensor.accelerometer/48 completed
11-02 22:16:57.944876  2520  2520 D HOME    : [HomeVisitsLogger]Logging streamlet event: visit_start
11-02 22:16:57.945171  2520  2520 D HOME    : [HomeVisitsLogger]Logging streamlet event: exit_ambient_mode
11-02 22:16:57.945600  2520  2520 D HOME    : [HotwordController]updateClient MODE_WATCH_FACE false false false true
11-02 22:16:57.946494  2520  2520 D HOME    : [WatchFaceUiController]setInAmbientMode false
11-02 22:16:57.946578  2520  2520 D HOME    : [WatchFaceUiController]sendWatchFaceServiceBinder
11-02 22:16:57.952302  2520  2520 D HOME    : [WatchFaceUiController]sendStateToWallpaper
11-02 22:16:57.956340  2520  2520 D HOME    : [WatchFaceUiController]Showing watch face wallpaper.
11-02 22:16:57.956520  2520  2520 D HOME    : [WatchFaceUiController]sendStateToWallpaper
11-02 22:16:57.959167  2520  2520 D HOME    : [StreamDBQueue]Promised revision #2259 to queue a new op
11-02 22:16:57.959592  2520  2520 D WatchStreamManager: Promised rank-blocked=true @ r#2259
11-02 22:16:57.960026  2520  2520 D HOME    : [StreamDBQueue]Promised revision #2260 to queue a new op
11-02 22:16:57.960167  2520  2520 D WatchStreamManager: Promised rank-blocked=true @ r#2260
11-02 22:16:57.960683  2520  2520 D HOME    : [TilesController]Tile refresh optimization is enabled.
11-02 22:16:57.961462  2520  2520 D HOME    : [EventBus]Wrapper pool is full. Discarding excess wrapper instance for event com.google.android.clockwork.sysui.events.KeyguardStateEvent
11-02 22:16:57.961573  2520  2520 D HOME    : [WatchFaceUiController]sendStateToWallpaper
11-02 22:16:57.961585  2520  8563 D HOME    : [DataRequester]cancelScheduledUpdates TileConfig{id=2, provider=ComponentInfo{com.google.android.wearable.app/com.google.android.clockwork.home.calendar.AgendaTileProviderService}}
11-02 22:16:57.962642  2520  7713 D HOME    : [WatchStreamDB]Item alerting conditions - isInterruptive: false, recentlyInterrupted: false, isItemPinned: false, isUnread: false
11-02 22:16:57.963192  2520  2520 D HOME    : [EventBus]Wrapper pool is full. Discarding excess wrapper instance for event com.google.android.clockwork.sysui.events.KeyguardStateEvent
11-02 22:16:57.963458  2520  2520 D HOME    : [EventBus]Wrapper pool is full. Discarding excess wrapper instance for event com.google.android.clockwork.sysui.events.KeyguardStateEvent
11-02 22:16:57.968383  2520  2520 D HOME    : [WatchFaceUiController]sendStateToWallpaper
11-02 22:16:57.969029   512  8621 I sensors-hal: handle_indication_realtime:355,  SCHED_FIFO(10) for qmi_cbk
11-02 22:16:57.972498  2520  2520 W StaticLayout: maxLineHeight should not be -1.  maxLines:1 lineCount:1
11-02 22:16:57.985169  1686  1686 I AmbientService: [ce6a28c] No auto-resume Activity.
11-02 22:16:57.986437  2520  7713 D HOME    : [StreamAlertingRegulator]isTheaterModeEnabled: false, isAlertingAllowedByOffBody: true, matchesLocalInterruptionFilter: true
11-02 22:16:57.986792  2520  7713 D HOME    : [WatchStreamDB]couldItemAlert: false, isTopItemChanged: false, isDeferralForTopItem: false
11-02 22:16:57.987848  2520  7713 D HOME    : [WatchStreamDB]Item alerting conditions - isInterruptive: false, recentlyInterrupted: false, isItemPinned: false, isUnread: false
11-02 22:16:57.988180  2520  7713 D HOME    : [StreamAlertingRegulator]isTheaterModeEnabled: false, isAlertingAllowedByOffBody: true, matchesLocalInterruptionFilter: true
11-02 22:16:57.988436  2520  7713 D HOME    : [WatchStreamDB]couldItemAlert: false, isTopItemChanged: false, isDeferralForTopItem: false
--------- switch to system
11-02 22:16:57.988439  1686  1686 W ContextImpl: Calling a method in the system process without a qualified user: android.app.ContextImpl.sendBroadcast:1020 android.content.ContextWrapper.sendBroadcast:449 com.google.android.wearable.ambient.AmbientDream.onDestroy:273 android.app.ActivityThread.handleStopService:3698 android.app.ActivityThread.access$1700:200 
--------- switch to main
11-02 22:16:57.988784  1686  1686 E AlarmManager: cancel() called with a null PendingIntent
--------- switch to system
11-02 22:16:57.989183  1686  1686 V DreamService[AmbientDream]: onDestroy()
--------- switch to main
11-02 22:16:57.994342  2520  8563 D HOME    : [DataRequester]requestUpdateFromProvider TileConfig{id=2, provider=ComponentInfo{com.google.android.wearable.app/com.google.android.clockwork.home.calendar.AgendaTileProviderService}}
11-02 22:16:58.020218  2520  2520 D HOME    : [AgendaController]loadEvents
11-02 22:16:58.030328  2520  7885 D HOME    : [AgendaController]Fetching event data for window: EventWindow{Tue Nov 02 00:00:00 GMT+01:00 2021,Thu Nov 04 23:59:59 GMT+01:00 2021}
11-02 22:16:58.030869  2520  7885 D HOME    : [CwCal]CalendarEventsResolver:queryCalendarEventInstances:window=EventWindow{Tue Nov 02 00:00:00 GMT+01:00 2021,Thu Nov 04 23:59:59 GMT+01:00 2021}
11-02 22:16:58.041125  2520  2520 D HOME    : [WatchFaceUiController]sendWatchFaceServiceBinder
11-02 22:16:58.056115  2520  2520 D HOME    : [WatchFaceUiController]sendProperties
11-02 22:16:58.057595  2520  2520 D HOME    : [WatchFaceUiController]sendStateToWallpaper
11-02 22:16:58.064698  1686  1686 I WearPower: [WearTouchMediator] changing touch input to enabled (ON_AUTO)
11-02 22:16:58.065669  1686  1759 I InputReader: Reconfiguring input devices.  changes=0x00000200
--------- switch to kernel
11-02 22:16:58.018243     0     0 I init    : processing action (ro.enable_core_ctl=true && sys.cw_corectl_mode=perf) from (/vendor/etc/init/hw/init.qcom.rc:954)
11-02 22:16:58.019713     0     0 I CPU2    : update cpu_capacity 1024
--------- switch to main
11-02 22:16:58.095515  1686  1686 W AlarmManagerProxy: Removing unknown listener
11-02 22:16:58.098252  1686  1686 W DefaultSettingsContentR: Value for ambient_low_bit_enabled not stored as number. Attempting parse as boolean.
--------- switch to kernel
11-02 22:16:58.045885     0     0 I CPU3    : update cpu_capacity 1024
11-02 22:16:58.050076     0     0 I CPU0    : update max cpu_capacity 748
--------- switch to main
11-02 22:16:58.121491  3205  3434 W WorkController: Loading failed for worker [trainingcache]: worker not found
11-02 22:16:58.123402  3205  3372 W A       : TrainingCache cache SCREEN_ON failure
11-02 22:16:58.123402  3205  3372 W A       : com.google.android.apps.gsa.search.core.service.h.a.a: No worker found for Worker ID [trainingcache].
11-02 22:16:58.123402  3205  3372 W A       : 	at com.google.android.apps.gsa.search.core.service.g.a.c.a(Unknown Source:5)
11-02 22:16:58.123402  3205  3372 W A       : 	at com.google.android.libraries.gsa.c.a.d.a(Unknown Source:3)
11-02 22:16:58.123402  3205  3372 W A       : 	at com.google.common.p.a.cg.c(Unknown Source:2)
11-02 22:16:58.123402  3205  3372 W A       : 	at com.google.common.p.a.bk.run(SourceFile:3)
11-02 22:16:58.123402  3205  3372 W A       : 	at com.google.common.p.a.ci.run(Unknown Source:4)
11-02 22:16:58.123402  3205  3372 W A       : 	at com.google.apps.tiktok.concurrent.ab.run(SourceFile:1)
11-02 22:16:58.123402  3205  3372 W A       : 	at java.util.concurrent.ThreadPoolExecutor.runWorker(ThreadPoolExecutor.java:1167)
11-02 22:16:58.123402  3205  3372 W A       : 	at java.util.concurrent.ThreadPoolExecutor$Worker.run(ThreadPoolExecutor.java:641)
11-02 22:16:58.123402  3205  3372 W A       : 	at com.google.apps.tiktok.concurrent.c.run(Unknown Source:4)
11-02 22:16:58.123402  3205  3372 W A       : 	at java.lang.Thread.run(Thread.java:764)
--------- switch to kernel
11-02 22:16:58.070374     0     0 I CPU2    : update max cpu_capacity 1024
--------- switch to main
11-02 22:16:58.157947  2520  2520 D HOME    : [AgendaController]Obtained events in UI thread: []
11-02 22:16:58.158596  2520  2520 D HOME    : [EventDiarizer]Constructing with window EventWindow{Tue Nov 02 00:00:00 GMT+01:00 2021,Thu Nov 04 23:59:59 GMT+01:00 2021}
11-02 22:16:58.162160  2520  2520 D HOME    : [AgendaMetricsLogger]eventDataNotPresent
11-02 22:16:58.162772  2520  8604 D HOME    : [DataRequester]cancelScheduledUpdates TileConfig{id=2, provider=ComponentInfo{com.google.android.wearable.app/com.google.android.clockwork.home.calendar.AgendaTileProviderService}}
11-02 22:16:58.163035  2520  8604 D HOME    : [DataRequester]cancelScheduledUpdates could not find jobId for provider 2
11-02 22:16:58.163310  2520  8604 D HOME    : [DataRequester]updateFinished 2
11-02 22:16:58.163421  2520  8604 D HOME    : [ProviderConnMgr]Unbinding from service
11-02 22:16:58.164347  2520  2520 D HOME    : [StreamDBQueue]Promised revision #2261 to queue a new op
11-02 22:16:58.164786  2520  2520 D WatchStreamManager: Promised rank-blocked=true @ r#2261
11-02 22:16:58.166321  2520  8603 D HOME    : [WatchStreamDB]Item alerting conditions - isInterruptive: false, recentlyInterrupted: false, isItemPinned: false, isUnread: false
11-02 22:16:58.166631  2520  8603 D HOME    : [StreamAlertingRegulator]isTheaterModeEnabled: false, isAlertingAllowedByOffBody: true, matchesLocalInterruptionFilter: true
11-02 22:16:58.166943  2520  8603 D HOME    : [WatchStreamDB]couldItemAlert: false, isTopItemChanged: false, isDeferralForTopItem: false
11-02 22:16:58.167702  2520  8604 D HOME    : [DataRequester]Scheduling job for TileConfig{id=2, provider=ComponentInfo{com.google.android.wearable.app/com.google.android.clockwork.home.calendar.AgendaTileProviderService}} delay=14400 jobId=2000085
--------- switch to kernel
11-02 22:16:58.089129     0     0 I CPU0    : update max cpu_capacity 748
11-02 22:16:58.108649     0     0 I CPU3    : update max cpu_capacity 1024
--------- switch to main
11-02 22:16:58.434935   512  1749 I sensors-hal: activate:107, android.sensor.light/46 en=0
11-02 22:16:58.436581   512  1749 I sensors-hal: activate:118, android.sensor.light/46 en=0 completed
11-02 22:16:58.438431   512  1749 I sensors-hal: batch:140, android.sensor.light/46, period=250000000, max_latency=0
11-02 22:16:58.438556   512  1749 I sensors-hal: batch:149, android.sensor.light/46, period=250000000, max_latency=0 request completed
11-02 22:16:58.439109   512  1749 I sensors-hal: activate:107, android.sensor.light/46 en=1
11-02 22:16:58.439570   512  1749 I sensors-hal: ssc_enable_rt_task:254, ssc_enable_rt_task : true
11-02 22:16:58.443202   512  1749 I sensors-hal: activate:118, android.sensor.light/46 en=1 completed
11-02 22:16:58.516248   512  8628 I sensors-hal: handle_indication_realtime:355,  SCHED_FIFO(10) for qmi_cbk
11-02 22:16:59.350505   512  1749 I sensors-hal: batch:140, android.sensor.accelerometer/48, period=66667000, max_latency=100000000
11-02 22:16:59.352480   512  1749 I sensors-hal: batch:149, android.sensor.accelerometer/48, period=66667000, max_latency=100000000 request completed
11-02 22:16:59.354209  1686  1686 D DefaultUngazeDetector: Ungaze event occurred; emitting gesture event!
11-02 22:16:59.354329  1686  1686 D WristGestureCtrl: Gesture:GESTURE UNGAZE, timestamp(ms): 19297358, confidence: 0.0, latency(ms): 0, duration(ms): 1426
11-02 22:16:59.355192   512  1749 I sensors-hal: batch:140, android.sensor.accelerometer/48, period=19231000, max_latency=100000000
11-02 22:16:59.356811   512  1749 I sensors-hal: batch:149, android.sensor.accelerometer/48, period=19231000, max_latency=100000000 request completed
11-02 22:16:59.357296   512  1749 I sensors-hal: flush:169, android.sensor.accelerometer/48
11-02 22:16:59.359100   512  1749 I sensors-hal: flush:175, android.sensor.accelerometer/48 completed
--------- switch to system
11-02 22:16:59.364355  1686  1686 I WindowManager: sleepRelease() calling goToSleep(GO_TO_SLEEP_REASON_SLEEP_BUTTON)
11-02 22:16:59.364594  1686  1686 I PowerManagerService: Going to sleep due to sleep button (uid 1000)...
11-02 22:16:59.365682  1686  1686 W UsageStatsService: Event reported without a package name
11-02 22:16:59.366481  1686  1712 I DreamManagerService: Entering dreamland.
11-02 22:16:59.367116  1686  1712 I PowerManagerService: Dozing...
11-02 22:16:59.380990  1686  1708 I DreamController: Starting dream: name=ComponentInfo{com.google.android.wearable.ambient/com.google.android.wearable.ambient.AmbientDream}, isTest=false, canDoze=true, userId=0
11-02 22:16:59.393946  1686  1686 W ContextImpl: Calling a method in the system process without a qualified user: android.app.ContextImpl.bindService:1611 android.content.ContextWrapper.bindService:698 com.google.android.wearable.ambient.AmbientDream.onCreate:191 android.app.ActivityThread.handleCreateService:3533 android.app.ActivityThread.access$1300:200 
11-02 22:16:59.396195  1686  1686 W ContextImpl: Calling a method in the system process without a qualified user: android.app.ContextImpl.sendBroadcast:1005 android.content.ContextWrapper.sendBroadcast:444 com.google.android.wearable.ambient.AmbientDream.onCreate:241 android.app.ActivityThread.handleCreateService:3533 android.app.ActivityThread.access$1300:200 
11-02 22:16:59.396783  1686  1686 V DreamService[AmbientDream]: onBind() intent = Intent { act=android.service.dreams.DreamService flg=0x800000 cmp=com.google.android.wearable.ambient/.AmbientDream }
--------- switch to main
11-02 22:16:59.398268  1686  1686 I AmbientService: [ce6a28c] Ambient Created
--------- switch to system
11-02 22:16:59.399084  1686  1686 V DreamService[AmbientDream]: Calling onDreamingStarted()
--------- switch to main
11-02 22:16:59.399204  1686  1686 I AmbientService: [ce6a28c] doOnDreamingStarted
11-02 22:16:59.399755  1686  1686 D SidekickService: setShouldControlDisplay called: true
11-02 22:16:59.400757  1686  1686 I AmbientService: [ce6a28c] Selected running activity for ambient mode: AmbientActivity[component=ComponentInfo{com.google.android.wearable.app/com.google.android.clockwork.home2.activity.HomeActivity2}, callbacks=@210b385, running=true, ambientRequested=true, ambientEnabled=true, offloadEnabled=true]
11-02 22:16:59.401663  1686  1686 I AmbientService: [ce6a28c] Sidekick is ready to display, requesting doze.
11-02 22:16:59.404587  1686  1686 I AmbientService: [ce6a28c] No auto-resume Activity.
11-02 22:16:59.406887  1686  1686 W DefaultSettingsContentR: Value for ambient_low_bit_enabled not stored as number. Attempting parse as boolean.
11-02 22:16:59.411321  1686  1686 I AmbientService: [ce6a28c] Showing watch face in offload mode, canceling alarm.
11-02 22:16:59.411372  2520  2520 D HOME    : [HomeVisitsLogger]Logging streamlet event: enter_ambient_mode
11-02 22:16:59.411437  1686  1686 W AlarmManagerProxy: Removing unknown listener
11-02 22:16:59.411551  1686  1686 D WristGestureCtrl: Stopping detectors: GesturesEnabled-false gestureDetector-false ungazeEnabled-true ungaze-true
11-02 22:16:59.411592  1686  1686 D DefaultUngazeDetector: stopping
11-02 22:16:59.411979  2520  2520 D HOME    : [HotwordController]updateClient MODE_WATCH_FACE false true false true
11-02 22:16:59.412043  2520  8563 D HOME    : [HomeVisitsLogger]Logging streamlet event: visit_end
11-02 22:16:59.413233  2520  2520 D HOME    : [WatchFaceUiController]setInAmbientMode true
11-02 22:16:59.413463   512  1749 I sensors-hal: batch:140, android.sensor.accelerometer/48, period=66667000, max_latency=100000000
11-02 22:16:59.415119  2520  2520 D HOME    : [StreamDBQueue]Promised revision #2262 to queue a new op
11-02 22:16:59.415442  2520  2520 D WatchStreamManager: Promised rank-blocked=false @ r#2262
11-02 22:16:59.415587   512  1749 I sensors-hal: batch:149, android.sensor.accelerometer/48, period=66667000, max_latency=100000000 request completed
11-02 22:16:59.415951  2520  2520 D HOME    : [StreamDBQueue]Promised revision #2263 to queue a new op
11-02 22:16:59.416126  2520  2520 D WatchStreamManager: Promised rank-blocked=false @ r#2263
11-02 22:16:59.416533  2520  8464 D HOME    : [WatchStreamDB]Item alerting conditions - isInterruptive: false, recentlyInterrupted: false, isItemPinned: false, isUnread: false
11-02 22:16:59.416863  2520  8464 D HOME    : [StreamAlertingRegulator]isTheaterModeEnabled: false, isAlertingAllowedByOffBody: true, matchesLocalInterruptionFilter: true
