11-02 23:17:04.287648  1686  1799 E HalDevMgr: dispatchAvailableForRequestListeners: no chip info found
11-02 23:17:04.289833  1686  1799 I WifiNative: Successfully initiated teardown for iface=wlan0
11-02 23:17:04.290246  1686  1799 D WifiClientModeManager: expected stop, not triggering callbacks: newState = 1
11-02 23:17:04.296941  4243  4243 I OMService: mReceiver action: android.net.wifi.WIFI_STATE_CHANGED
11-02 23:17:04.307229  1686  1799 E SupplicantStaIfaceHal: Can't call listNetworks, ISupplicantStaIface is null
11-02 23:17:04.307500  1686  1799 E SupplicantStaIfaceHal: removeAllNetworks failed, got null networks
11-02 23:17:04.307653  1686  1799 E WifiStateMachine: Failed to remove networks on exiting connect mode
11-02 23:17:04.319279  3316  3374 W Settings: Setting airplane_mode_on has moved from android.provider.Settings.System to android.provider.Settings.Global, returning read-only value.
--------- switch to system
11-02 23:17:04.320551  1686  1706 E BatteryExternalStatsWorker: no controller energy info supplied for wifi
--------- switch to kernel
11-02 23:17:05.010254     0     0 I PM      : suspend entry 2021-11-02 22:17:05.010254873 UTC
11-02 23:17:05.010279     0     0 I PM      : Syncing filesystems ... done.
11-02 23:17:05.045036     0     0 I         : Freezing user space processes ... (elapsed 0.011 seconds) done.
11-02 23:17:05.056310     0     0 I         : Freezing remaining freezable tasks ... (elapsed 0.006 seconds) done.
11-02 23:17:05.062675     0     0 I         : Suspending console(s) (use no_console_suspend to debug)
11-02 23:17:05.076866     0     0 I mdss_dsi_panel_set_idle_mode: Idle (1->1)
11-02 23:17:05.115760     0     0 I bgcom   : bgcom_pm_suspend: suspended with : 0
11-02 23:17:05.139484     0     0 I PM      : suspend of devices complete after 73.258 msecs
11-02 23:17:05.144856     0     0 I PM      : late suspend of devices complete after 5.329 msecs
11-02 23:17:05.150579     0     0 I PM      : noirq suspend of devices complete after 5.686 msecs
11-02 23:17:05.150594     0     0 I         : Disabling non-boot CPUs ...
11-02 23:17:05.169024     0     0 W         : IRQ16 no longer affine to CPU1
11-02 23:17:05.169039     0     0 W         : IRQ21 no longer affine to CPU1
11-02 23:17:05.169349     0     0 W         : IRQ93 no longer affine to CPU1
11-02 23:17:05.171014     0     0 I CPU1    : shutdown
11-02 23:17:05.173551     0     0 I suspend ns: 1944444177040	suspend cycles:     439920153707
11-02 23:17:05.173527     0     0 I CPU0    : msm_cpu_pm_enter_sleep mode:3 during suspend
11-02 23:17:05.173527     0     0 I         : Suspended for 82.743 seconds
11-02 23:17:05.173527     0     0 I resume cycles: 441508827128
11-02 23:17:05.173877     0     0 I         : Enabling non-boot CPUs ...
11-02 23:17:05.174706     0     0 I CPU1    : update cpu_capacity 1024
11-02 23:17:05.176171     0     0 I         : CPU1 is up
11-02 23:17:05.177842     0     0 I CPU1    : update max cpu_capacity 748
11-02 23:17:05.179966     0     0 I PM      : noirq resume of devices complete after 3.472 msecs
11-02 23:17:05.185345     0     0 E FG      : fg_psy_get_property: unsupported property 7
11-02 23:17:05.187150     0     0 I PM      : early resume of devices complete after 5.163 msecs
11-02 23:17:05.220097     0     0 I bgcom   : bgcom_pm_resume: Bgcom resumed with : 0
11-02 23:17:05.229767     0     0 I mdss_dsi_panel_set_idle_mode: Idle (1->1)
11-02 23:17:05.272012     0     0 I PM      : resume of devices complete after 84.834 msecs
11-02 23:17:05.274610     0     0 I         : Restarting tasks ...
11-02 23:17:05.277132     0     0 W QSEECOM : qseecom_receive_req: Interrupted: exiting Listener Service = 11
11-02 23:17:05.279866     0     0 W QSEECOM : qseecom_receive_req: Interrupted: exiting Listener Service = 12288
11-02 23:17:05.279921     0     0 W QSEECOM : qseecom_receive_req: Interrupted: exiting Listener Service = 10
11-02 23:17:05.279955     0     0 W QSEECOM : qseecom_receive_req: Interrupted: exiting Listener Service = 28672
--------- switch to main
11-02 23:18:28.062109  1956  1956 D QtiCarrierConfigHelper: WARNING, no carrier configs on phone Id: 0
11-02 23:18:28.091045  2520  2520 D HOME    : [WatchFaceUiController]sendStateToWallpaper
11-02 23:18:28.091342  2520  8603 I SidekickManager: replaceWatchFaceComponentsImpl(): watchFace = com.google.android.clockwork.decomposablewatchface.WatchFaceDecomposition@ed23b57
11-02 23:18:28.099809  1686  4693 D SidekickService: sendWatchFaceComponents called: watchFace = com.google.android.clockwork.decomposablewatchface.WatchFaceDecomposition@1515112shouldReplace = false
11-02 23:18:28.100057  1686  4693 D SidekickService: Check decomposition for calling app com.google.android.wearable.app with uid 10049
11-02 23:18:28.100411  1686  4693 D SidekickService: sendWatchFaceLocked(): shouldReplace = false, mSidekickIsControlling = true, 1 images, 0 fonts, 0 numbers, 0 proportionalFonts, 0 strings
11-02 23:18:28.100479  1686  4693 D SidekickService: ISidekickGraphics#beginResources()...
11-02 23:18:28.101771  1686  4693 D SidekickServiceUtils: bitmapFromDrawable: Returning bitmap directly
11-02 23:18:28.105217  2520  2520 D HOME    : [BatteryChange]action: android.intent.action.BATTERY_CHANGED
11-02 23:18:28.105679  2520  8486 D HOME    : [BatteryChange]HandleBatteryChangedTask
11-02 23:18:28.106076  2520  8486 D HOME    : [BatteryChange]level: 47, status: 3
11-02 23:18:28.106144  1686  4693 D SidekickService: sendBitmapsLocked(): bounds = RectF(0.0, 0.0, 0.0024038462, 0.0024038462), drawableInfo = {.id = 100000, .width = 1, .height = 1, .display = true, .offsetX = 0.0, .offsetY = 0.0, .rotationInfo = {.hasRotation = false, .pivotX = 0.0, .pivotY = 0.0, .degreesPerDay = 0.0, .degreesPerStep = 0.0, .zeroDegreesTime = {.daysSinceLocalEpoch = 0, .msSinceMidnight = 0}}, .transformInfo = {.transformed = false, .flipX = false, .flipY = false, .flip45 = false, .scaleX = 0.0, .scaleY = 0.0}, .type = GENERIC, .blink = {.blinking = false, .periodOnMs = 0.0, .periodOffMs = 0.0, .startTime = {.daysSinceLocalEpoch = 0, .msSinceMidnight = 0}}, .zOrder = 8, .displayInTwm = true}, image.size() = 84
11-02 23:18:28.106858  2520  8486 D HOME    : [BatteryChange]level: 47, timestamp: 1635891508106
11-02 23:18:28.106844   416   416 D SKGHAL  : saveResource: resId = 100000
11-02 23:18:28.107237  1686  4693 D SidekickService: sendBitmapsLocked(): status = 0, bytesUsed = 18
11-02 23:18:28.107395  1686  4693 D SidekickService: ISidekickGraphics#endResources()...
--------- switch to kernel
11-02 23:17:05.283017     0     0 W QSEECOM : qseecom_receive_req: Interrupted: exiting Listener Service = 8192
11-02 23:17:05.286934     0     0 E FG      : fg_psy_get_property: unsupported property 7
11-02 23:17:05.288270     0     0 I         : done.
11-02 23:18:28.034627     0     0 I PM      : suspend exit 2021-11-02 22:18:28.034627861 UTC
11-02 23:18:28.037585     0     0 E FG      : fg_psy_get_property: unsupported property 7
11-02 23:18:27.982176     0     0 W healthd : battery l=47 v=3876 t=25.0 h=2 st=3 c=6 fc=443000 cc=0 chg=
--------- switch to main
11-02 23:18:28.115838  2520  8486 D HOME    : [ComplicationController]scheduleImmediateUpdateForAllFromProvider ComponentInfo{com.google.android.wearable.app/com.google.android.clockwork.home.complications.providers.BatteryProviderService}
11-02 23:18:28.227264   416   416 D SKGHAL  : sendResourceUpdates: Sending complication update for id=5, size=18:
--------- switch to kernel
11-02 23:18:27.995286     0     0 W healthd : battery l=47 v=3876 t=25.0 h=2 st=3 c=6 fc=443000 cc=0 chg=
11-02 23:18:28.227230     0     0 I PM      : suspend entry 2021-11-02 22:18:28.227230986 UTC
11-02 23:18:28.227240     0     0 I PM      : Syncing filesystems ... done.
11-02 23:18:28.239815     0     0 I         : Freezing user space processes ...
11-02 23:18:28.244993     0     0 I PM      : Wakeup pending, aborting suspend
11-02 23:18:28.245020     0     0 I         : active wakeup source: hal_skg_lock
11-02 23:18:28.245058     0     0 E         : Freezing of tasks aborted after 0.005 seconds
11-02 23:18:28.245069     0     0 I         : Restarting tasks ...
11-02 23:18:28.245568     0     0 W QSEECOM : qseecom_receive_req: Interrupted: exiting Listener Service = 8192
11-02 23:18:28.245610     0     0 W QSEECOM : qseecom_receive_req: Interrupted: exiting Listener Service = 11
11-02 23:18:28.248214     0     0 W QSEECOM : qseecom_receive_req: Interrupted: exiting Listener Service = 10
11-02 23:18:28.248273     0     0 W QSEECOM : qseecom_receive_req: Interrupted: exiting Listener Service = 12288
11-02 23:18:28.248469     0     0 W QSEECOM : qseecom_receive_req: Interrupted: exiting Listener Service = 28672
11-02 23:18:28.250122     0     0 I         : done.
11-02 23:18:28.250631     0     0 I PM      : suspend exit 2021-11-02 22:18:28.250631403 UTC
--------- switch to main
11-02 23:18:28.301879  2520  2541 I id.wearable.ap: Background concurrent copying GC freed 67186(2MB) AllocSpace objects, 3(96KB) LOS objects, 24% free, 7MB/10MB, paused 248us total 199.646ms
11-02 23:18:28.311216   416   416 D SKGHAL  : endResources: rc = 0
11-02 23:18:28.312442  2520  2520 D HOME    : [SidekickManagerAsync]replaceWatchFaceComponents(): Callback#onResult(): 0
--------- switch to kernel
11-02 23:18:28.451005     0     0 I PM      : suspend entry 2021-11-02 22:18:28.451005570 UTC
11-02 23:18:28.451021     0     0 I PM      : Syncing filesystems ... done.
--------- switch to system
11-02 23:17:04.337786  1686  1706 E BatteryExternalStatsWorker: no controller energy info supplied for wifi
11-02 23:18:40.841757  1686  1759 I PowerManagerService: Waking up from dozing (uid=1000 reason=android.policy:MOTION)...
11-02 23:18:40.846804  1686  1686 W UsageStatsService: Event reported without a package name
--------- switch to main
11-02 23:18:40.860712   512  3991 I sensors-hal: submit_sensors_hal_event:107, (pedometer_wrist  Non-wakeup)dropping un-ordered ts samples _previous 22994595682918 and current ts 22994595682918
--------- switch to kernel
11-02 23:18:28.488835     0     0 I         : Freezing user space processes ... (elapsed 0.008 seconds) done.
11-02 23:18:28.497776     0     0 I         : Freezing remaining freezable tasks ... (elapsed 0.004 seconds) done.
11-02 23:18:28.502238     0     0 I         : Suspending console(s) (use no_console_suspend to debug)
11-02 23:18:28.514724     0     0 I mdss_dsi_panel_set_idle_mode: Idle (1->1)
11-02 23:18:28.556344     0     0 I bgcom   : bgcom_pm_suspend: suspended with : 0
11-02 23:18:28.593312     0     0 I PM      : suspend of devices complete after 88.557 msecs
11-02 23:18:28.599271     0     0 I PM      : late suspend of devices complete after 5.913 msecs
11-02 23:18:28.605656     0     0 I PM      : noirq suspend of devices complete after 6.345 msecs
11-02 23:18:28.605673     0     0 I         : Disabling non-boot CPUs ...
11-02 23:18:28.622612     0     0 W         : IRQ16 no longer affine to CPU1
11-02 23:18:28.622954     0     0 W         : IRQ93 no longer affine to CPU1
11-02 23:18:28.624737     0     0 I CPU1    : shutdown
11-02 23:18:28.627057     0     0 I suspend ns: 1945154262354	suspend cycles:     441522460766
11-02 23:18:28.627034     0     0 I CPU0    : msm_cpu_pm_enter_sleep mode:3 during suspend
11-02 23:18:28.627034     0     0 I         : Suspended for 12.094 seconds
11-02 23:18:28.627034     0     0 I resume cycles: 441754668358
11-02 23:18:28.627623     0     0 I         : Enabling non-boot CPUs ...
11-02 23:18:28.628482     0     0 I CPU1    : update cpu_capacity 1024
11-02 23:18:28.630197     0     0 I         : CPU1 is up
11-02 23:18:28.631077     0     0 I CPU1    : update max cpu_capacity 748
11-02 23:18:28.634241     0     0 I PM      : noirq resume of devices complete after 3.662 msecs
11-02 23:18:28.638737     0     0 I         : [touch]display wake up
11-02 23:18:28.639957     0     0 I PM      : early resume of devices complete after 4.196 msecs
11-02 23:18:28.676537     0     0 I bgcom   : bgcom_pm_resume: Bgcom resumed with : 0
11-02 23:18:28.687872     0     0 I mdss_dsi_panel_set_idle_mode: Idle (1->1)
11-02 23:18:28.726538     0     0 I PM      : resume of devices complete after 86.517 msecs
11-02 23:18:28.731613     0     0 I         : Restarting tasks ...
11-02 23:18:28.735921     0     0 W QSEECOM : qseecom_receive_req: Interrupted: exiting Listener Service = 12288
11-02 23:18:28.736024     0     0 W QSEECOM : qseecom_receive_req: Interrupted: exiting Listener Service = 10
11-02 23:18:28.736081     0     0 W QSEECOM : qseecom_receive_req: Interrupted: exiting Listener Service = 28672
11-02 23:18:28.740501     0     0 W QSEECOM : qseecom_receive_req: Interrupted: exiting Listener Service = 8192
11-02 23:18:28.740588     0     0 W QSEECOM : qseecom_receive_req: Interrupted: exiting Listener Service = 11
11-02 23:18:28.750778     0     0 I         : done.
11-02 23:18:40.846123     0     0 I PM      : suspend exit 2021-11-02 22:18:40.846123846 UTC
11-02 23:18:40.905316     0     0 E FG      : fg_psy_get_property: unsupported property 7
11-02 23:18:40.837523     0     0 W healthd : battery l=47 v=3873 t=25.0 h=2 st=3 c=12 fc=443000 cc=0 chg=
--------- switch to main
11-02 23:18:40.951009   512  1749 I sensors-hal: batch:140, android.sensor.light/46, period=100000000, max_latency=0
11-02 23:18:40.951140   512  1749 I sensors-hal: batch:149, android.sensor.light/46, period=100000000, max_latency=0 request completed
11-02 23:18:40.952499   512  1749 I sensors-hal: activate:107, android.sensor.light/46 en=1
11-02 23:18:40.953020   512  1749 I sensors-hal: ssc_enable_rt_task:254, ssc_enable_rt_task : true
--------- switch to system
11-02 23:18:40.956540  1686  1686 W Looper  : Slow dispatch took 112ms main h=com.android.server.power.Notifier$NotifierHandler c=com.android.server.power.Notifier$1@c3f30e3 m=0
--------- switch to main
11-02 23:18:40.957002   512  1749 I sensors-hal: activate:118, android.sensor.light/46 en=1 completed
11-02 23:18:40.960045  1686  1823 I SidekickService: endDisplayLocked()
--------- switch to system
11-02 23:18:40.961142  1686  1710 I DisplayManagerService: Display device changed state: "Écran intégré", ON
--------- switch to main
11-02 23:18:40.963956   512  1749 I sensors-hal: batch:140, android.sensor.accelerometer/48, period=66667000, max_latency=100000000
11-02 23:18:40.964027   512  1749 I sensors-hal: batch:149, android.sensor.accelerometer/48, period=66667000, max_latency=100000000 request completed
11-02 23:18:40.967566   416   416 D SKGHAL  : sendAmbientEvent: enter: enable = 0
11-02 23:18:40.976449   512  1749 I sensors-hal: activate:107, android.sensor.accelerometer/48 en=1
--------- switch to kernel
11-02 23:18:40.844699     0     0 E bgrsb   : bgrsb_enable: rsb will set report rate
--------- switch to main
11-02 23:18:40.976848   512  1749 I sensors-hal: ssc_enable_rt_task:254, ssc_enable_rt_task : true
--------- switch to kernel
11-02 23:18:40.916798     0     0 E bgrsb   : bgrsb_enable: gpio 32 is valid
--------- switch to main
11-02 23:18:41.007961   512  1749 I sensors-hal: activate:118, android.sensor.accelerometer/48 en=1 completed
11-02 23:18:41.014958  1956  1956 D QtiCarrierConfigHelper: WARNING, no carrier configs on phone Id: 0
11-02 23:18:41.017702  2520  2520 D HOME    : [BatteryChange]action: android.intent.action.BATTERY_CHANGED
11-02 23:18:41.018398  2520  8603 D HOME    : [BatteryChange]HandleBatteryChangedTask
11-02 23:18:41.018817  2520  8603 D HOME    : [BatteryChange]level: 47, status: 3
11-02 23:18:41.023560  7745  7756 I rtwatch.toolbo: Background concurrent copying GC freed 21193(827KB) AllocSpace objects, 0(0B) LOS objects, 24% free, 2MB/3MB, paused 15.305ms total 154.789ms
11-02 23:18:41.031422  1686  1799 E WifiStateMachine: getWifiLinkLayerStats called without an interface
11-02 23:18:41.040114  3205  3434 W WorkController: Loading failed for worker [trainingcache]: worker not found
11-02 23:18:41.042439  3205  3294 W A       : TrainingCache cache DEVICE_UNLOCKED failure
11-02 23:18:41.042439  3205  3294 W A       : com.google.android.apps.gsa.search.core.service.h.a.a: No worker found for Worker ID [trainingcache].
11-02 23:18:41.042439  3205  3294 W A       : 	at com.google.android.apps.gsa.search.core.service.g.a.c.a(Unknown Source:5)
11-02 23:18:41.042439  3205  3294 W A       : 	at com.google.android.libraries.gsa.c.a.d.a(Unknown Source:3)
11-02 23:18:41.042439  3205  3294 W A       : 	at com.google.common.p.a.cg.c(Unknown Source:2)
11-02 23:18:41.042439  3205  3294 W A       : 	at com.google.common.p.a.bk.run(SourceFile:3)
11-02 23:18:41.042439  3205  3294 W A       : 	at com.google.common.p.a.ci.run(Unknown Source:4)
11-02 23:18:41.042439  3205  3294 W A       : 	at com.google.apps.tiktok.concurrent.ab.run(SourceFile:1)
11-02 23:18:41.042439  3205  3294 W A       : 	at java.util.concurrent.ThreadPoolExecutor.runWorker(ThreadPoolExecutor.java:1167)
11-02 23:18:41.042439  3205  3294 W A       : 	at java.util.concurrent.ThreadPoolExecutor$Worker.run(ThreadPoolExecutor.java:641)
11-02 23:18:41.042439  3205  3294 W A       : 	at com.google.apps.tiktok.concurrent.c.run(Unknown Source:4)
11-02 23:18:41.042439  3205  3294 W A       : 	at java.lang.Thread.run(Thread.java:764)
--------- switch to system
11-02 23:18:41.044220  1686  1702 W BroadcastQueue: Background execution not allowed: receiving Intent { act=android.intent.action.USER_PRESENT flg=0x10 } to com.google.android.gms/.auth.setup.devicesignals.LockScreenReceiver
11-02 23:18:41.044949  1686  1702 W BroadcastQueue: Background execution not allowed: receiving Intent { act=android.intent.action.USER_PRESENT flg=0x10 } to com.google.android.gms/.chimera.GmsIntentOperationService$PersistentTrustedReceiver
--------- switch to main
11-02 23:18:41.080369   504   523 I SDM     : DisplayBase::SetDisplayState: Set state = 3, display 0
11-02 23:18:41.080632   504   523 D SDM     : HWCDisplayPrimary::SetStandByMode: Display is connected successfully
11-02 23:18:41.081586   416   416 D SKGHAL  : standBy_update_control call succeed on 0
--------- switch to kernel
11-02 23:18:41.008767     0     0 I         : [touch]FB_BLANK_VSYNC_SUSPEND
11-02 23:18:41.008771     0     0 I         : [touch]Already in suspend state
--------- switch to main
11-02 23:18:41.081709   416   416 D SKGHAL  : sendAmbientEvent: done: enable = 0
11-02 23:18:41.082478  1686  1823 D SidekickService:    ... endDisplay returns void
11-02 23:18:41.083519   545   545 D SurfaceFlinger: Set power mode=2, type=0 flinger=0xb6bb6000
11-02 23:18:41.084082   504   762 I SDM     : DisplayBase::SetDisplayState: Set state = 1, display 0
--------- switch to kernel
11-02 23:18:41.019373     0     0 I mdss_dsi_panel_set_idle_mode: Idle (1->0)
11-02 23:18:41.020221     0     0 E mdp3_enable_panic_ctrl: mdp3_enable_panic_ctrl: Enable Panic Control
11-02 23:18:41.020292     0     0 I         : [touch]FB_BLANK_UNBLANK
11-02 23:18:41.020297     0     0 I         : [touch]raydium_ts_do_resume, 1.
11-02 23:18:41.020647     0     0 I         : [ raydium ]workqueue is empty!
11-02 23:18:41.021095     0     0 I         : [touch] raydium_esd_check
11-02 23:18:41.021110     0     0 I raydium_ts 5-0039: [touch]Already enable irq
11-02 23:18:41.021113     0     0 I         : [touch]Device may wakeup
--------- switch to main
11-02 23:18:41.093729   545   545 D SurfaceFlinger: Finished set power mode=2, type=0
11-02 23:18:41.093869   512  9161 I sensors-hal: handle_indication_realtime:355,  SCHED_FIFO(10) for qmi_cbk
--------- switch to system
11-02 23:18:41.101960  1686  1712 W PowerManagerService: Screen on took 380 ms
11-02 23:18:41.102343  1686  1712 I DreamManagerService: Gently waking up from dream.
11-02 23:18:41.104204  1686  1708 I DreamManagerService: Performing gentle wake from dream.
11-02 23:18:41.110062  1686  1686 V DreamService[AmbientDream]: wakeUp(): fromSystem=true, mWaking=false, mFinished=false
11-02 23:18:41.110205  1686  1686 V DreamService[AmbientDream]: finish(): mFinished=false
11-02 23:18:41.110288  1686  1686 I DreamManagerService: Leaving dreamland.
11-02 23:18:41.110776  1686  1708 I DreamManagerService: Performing gentle wake from dream.
11-02 23:18:41.110912  1686  1708 I DreamController: Stopping dream: name=ComponentInfo{com.google.android.wearable.ambient/com.google.android.wearable.ambient.AmbientDream}, isTest=false, canDoze=true, userId=0
--------- switch to main
11-02 23:18:41.115479  1686  1686 I WearPower: [WearTouchMediator] changing touch input to enabled (ON_AUTO)
11-02 23:18:41.123145  1686  1686 W AlarmManager: Unrecognized alarm listener com.android.server.job.controllers.-$$Lambda$IdleController$IdlenessTracker$nTdS-lGBXcES5VWKcJFmQFgU7IU@1ab437a
--------- switch to system
11-02 23:18:41.123342  1686  1686 V DreamService[AmbientDream]: detach(): Calling onDreamingStopped()
--------- switch to main
11-02 23:18:41.123429  1686  1686 I AmbientService: [ce6a28c] doOnDreamingStopped
11-02 23:18:41.123513  1686  1686 D WristGestureCtrl: Starting: GesturesEnabled-false UngazeEnabled-true
11-02 23:18:41.124620  1686  1686 D DefaultUngazeDetector: starting
11-02 23:18:41.124743  1686  1686 D DefaultUngazeDetector: startUngazeStateEstimation(). startTime = 23000554
11-02 23:18:41.124914  1686  1686 W AlarmManagerProxy: Removing unknown listener
11-02 23:18:41.127219   512  1749 I sensors-hal: batch:140, android.sensor.accelerometer/48, period=19231000, max_latency=100000000
11-02 23:18:41.128386   512  9163 I sensors-hal: handle_indication_realtime:355,  SCHED_FIFO(10) for qmi_cbk
11-02 23:18:41.130770  2520  2520 D HOME    : [HomeVisitsLogger]Logging streamlet event: visit_start
11-02 23:18:41.131074  2520  2520 D HOME    : [HomeVisitsLogger]Logging streamlet event: exit_ambient_mode
11-02 23:18:41.131502  2520  2520 D HOME    : [HotwordController]updateClient MODE_WATCH_FACE false false false true
11-02 23:18:41.132486  2520  2520 D HOME    : [WatchFaceUiController]setInAmbientMode false
11-02 23:18:41.132580  2520  2520 D HOME    : [WatchFaceUiController]sendWatchFaceServiceBinder
11-02 23:18:41.133078   512  1749 I sensors-hal: batch:149, android.sensor.accelerometer/48, period=19231000, max_latency=100000000 request completed
11-02 23:18:41.133583   512  1749 I sensors-hal: flush:169, android.sensor.accelerometer/48
11-02 23:18:41.136350   512  1749 I sensors-hal: flush:175, android.sensor.accelerometer/48 completed
11-02 23:18:41.137026  1686  1686 I AmbientService: [ce6a28c] No auto-resume Activity.
11-02 23:18:41.137817  2520  2520 D HOME    : [WatchFaceUiController]sendStateToWallpaper
11-02 23:18:41.139756  2520  2520 D HOME    : [WatchFaceUiController]Showing watch face wallpaper.
11-02 23:18:41.139954  2520  2520 D HOME    : [WatchFaceUiController]sendStateToWallpaper
--------- switch to system
11-02 23:18:41.143087  1686  1686 W ContextImpl: Calling a method in the system process without a qualified user: android.app.ContextImpl.sendBroadcast:1020 android.content.ContextWrapper.sendBroadcast:449 com.google.android.wearable.ambient.AmbientDream.onDestroy:273 android.app.ActivityThread.handleStopService:3698 android.app.ActivityThread.access$1700:200 
--------- switch to main
11-02 23:18:41.146299  2520  2520 D HOME    : [StreamDBQueue]Promised revision #2566 to queue a new op
--------- switch to kernel
11-02 23:18:41.185200     0     0 I init    : processing action (ro.enable_core_ctl=true && sys.cw_corectl_mode=perf) from (/vendor/etc/init/hw/init.qcom.rc:954)
11-02 23:18:41.194513     0     0 I CPU2    : update cpu_capacity 1024
11-02 23:18:41.223200     0     0 I CPU3    : update cpu_capacity 1024
11-02 23:18:41.250486     0     0 I CPU2    : update max cpu_capacity 1024
--------- switch to main
11-02 23:18:41.146566  2520  2520 D WatchStreamManager: Promised rank-blocked=true @ r#2566
11-02 23:18:41.146961  2520  2520 D HOME    : [StreamDBQueue]Promised revision #2567 to queue a new op
11-02 23:18:41.147135  2520  2520 D WatchStreamManager: Promised rank-blocked=true @ r#2567
11-02 23:18:41.147797  2520  2520 D HOME    : [TilesController]Tile refresh optimization is enabled.
11-02 23:18:41.148837  2520  2520 D HOME    : [EventBus]Wrapper pool is full. Discarding excess wrapper instance for event com.google.android.clockwork.sysui.events.KeyguardStateEvent
11-02 23:18:41.148966  2520  2520 D HOME    : [WatchFaceUiController]sendStateToWallpaper
11-02 23:18:41.150728  2520  8486 D HOME    : [WatchStreamDB]Item alerting conditions - isInterruptive: false, recentlyInterrupted: false, isItemPinned: false, isUnread: false
11-02 23:18:41.152444  2520  8486 D HOME    : [StreamAlertingRegulator]isTheaterModeEnabled: false, isAlertingAllowedByOffBody: true, matchesLocalInterruptionFilter: true
11-02 23:18:41.152774  2520  8486 D HOME    : [WatchStreamDB]couldItemAlert: false, isTopItemChanged: false, isDeferralForTopItem: false
11-02 23:18:41.154032  2520  8604 D HOME    : [DataRequester]cancelScheduledUpdates TileConfig{id=-1, provider=ComponentInfo{com.google.android.wearable.app/com.google.android.clockwork.home.jovi.tile.JoviTileProviderService}}
11-02 23:18:41.157609  2520  2520 D HOME    : [EventBus]Wrapper pool is full. Discarding excess wrapper instance for event com.google.android.clockwork.sysui.events.KeyguardStateEvent
11-02 23:18:41.157903  2520  2520 D HOME    : [EventBus]Wrapper pool is full. Discarding excess wrapper instance for event com.google.android.clockwork.sysui.events.KeyguardStateEvent
11-02 23:18:41.159586  1686  1686 E AlarmManager: cancel() called with a null PendingIntent
11-02 23:18:41.163730  2520  2520 D HOME    : [WatchFaceUiController]sendStateToWallpaper
11-02 23:18:41.170045  2520  2520 W StaticLayout: maxLineHeight should not be -1.  maxLines:1 lineCount:1
11-02 23:18:41.220038  1686  1759 W InputDispatcher: Excessive delay in interceptMotionBeforeQueueing; took 56 ms
11-02 23:18:41.225697  1686  1759 I InputReader: Reconfiguring input devices.  changes=0x00000204
--------- switch to system
11-02 23:18:41.229178  1686  1686 V DreamService[AmbientDream]: onDestroy()
--------- switch to main
11-02 23:18:41.248758  2520  2520 D HOME    : [WatchFaceUiController]sendWatchFaceServiceBinder
11-02 23:18:41.253647  2520  2520 D HOME    : [WatchFaceUiController]sendProperties
--------- switch to system
11-02 23:18:41.253949  1686  1686 W Looper  : Slow dispatch took 111ms main h=android.app.ActivityThread$H c=null m=116
--------- switch to main
11-02 23:18:41.294427  1686  1686 W AlarmManagerProxy: Removing unknown listener
11-02 23:18:41.296207  1686  1686 W DefaultSettingsContentR: Value for ambient_low_bit_enabled not stored as number. Attempting parse as boolean.
11-02 23:18:41.314353  3205  3434 W WorkController: Loading failed for worker [trainingcache]: worker not found
11-02 23:18:41.315796  3205  3372 W A       : TrainingCache cache SCREEN_ON failure
11-02 23:18:41.315796  3205  3372 W A       : com.google.android.apps.gsa.search.core.service.h.a.a: No worker found for Worker ID [trainingcache].
11-02 23:18:41.315796  3205  3372 W A       : 	at com.google.android.apps.gsa.search.core.service.g.a.c.a(Unknown Source:5)
11-02 23:18:41.315796  3205  3372 W A       : 	at com.google.android.libraries.gsa.c.a.d.a(Unknown Source:3)
11-02 23:18:41.315796  3205  3372 W A       : 	at com.google.common.p.a.cg.c(Unknown Source:2)
11-02 23:18:41.315796  3205  3372 W A       : 	at com.google.common.p.a.bk.run(SourceFile:3)
11-02 23:18:41.315796  3205  3372 W A       : 	at com.google.common.p.a.ci.run(Unknown Source:4)
11-02 23:18:41.315796  3205  3372 W A       : 	at com.google.apps.tiktok.concurrent.ab.run(SourceFile:1)
11-02 23:18:41.315796  3205  3372 W A       : 	at java.util.concurrent.ThreadPoolExecutor.runWorker(ThreadPoolExecutor.java:1167)
11-02 23:18:41.315796  3205  3372 W A       : 	at java.util.concurrent.ThreadPoolExecutor$Worker.run(ThreadPoolExecutor.java:641)
11-02 23:18:41.315796  3205  3372 W A       : 	at com.google.apps.tiktok.concurrent.c.run(Unknown Source:4)
11-02 23:18:41.315796  3205  3372 W A       : 	at java.lang.Thread.run(Thread.java:764)
11-02 23:18:41.317153  2520  8604 D HOME    : [DataRequester]requestUpdateFromProvider TileConfig{id=-1, provider=ComponentInfo{com.google.android.wearable.app/com.google.android.clockwork.home.jovi.tile.JoviTileProviderService}}
11-02 23:18:41.333105  2520  2520 D HOME    : [WatchFaceUiController]sendStateToWallpaper
--------- switch to kernel
11-02 23:18:41.267323     0     0 I CPU3    : update max cpu_capacity 1024
11-02 23:18:41.271020     0     0 I init    : Command 'write /sys/devices/system/cpu/cpu3/online 1' action=ro.enable_core_ctl=true && sys.cw_corectl_mode=perf (/vendor/etc/init/hw/init.qcom.rc:957) took 51ms and succeeded
--------- switch to main
11-02 23:18:41.357392  2520  8604 D HOME    : [DataRequester]cancelScheduledUpdates TileConfig{id=2, provider=ComponentInfo{com.google.android.wearable.app/com.google.android.clockwork.home.calendar.AgendaTileProviderService}}
11-02 23:18:41.364913  2520  8604 D HOME    : [DataRequester]requestUpdateFromProvider TileConfig{id=2, provider=ComponentInfo{com.google.android.wearable.app/com.google.android.clockwork.home.calendar.AgendaTileProviderService}}
11-02 23:18:41.367827  2520  8486 D HOME    : [WatchStreamDB]Item alerting conditions - isInterruptive: false, recentlyInterrupted: false, isItemPinned: false, isUnread: false
11-02 23:18:41.368335  2520  8486 D HOME    : [StreamAlertingRegulator]isTheaterModeEnabled: false, isAlertingAllowedByOffBody: true, matchesLocalInterruptionFilter: true
11-02 23:18:41.368584  2520  8486 D HOME    : [WatchStreamDB]couldItemAlert: false, isTopItemChanged: false, isDeferralForTopItem: false
11-02 23:18:41.368618  2520  2520 D HOME    : [StreamDBQueue]Promised revision #2568 to queue a new op
11-02 23:18:41.369011  2520  2520 D WatchStreamManager: Promised rank-blocked=true @ r#2568
11-02 23:18:41.371246  2520  2520 D HOME    : [JoviUpdater]background update started
11-02 23:18:41.377179  2520  8486 D HOME    : [WatchStreamDB]Item alerting conditions - isInterruptive: false, recentlyInterrupted: false, isItemPinned: false, isUnread: false
11-02 23:18:41.378545  2520  9131 D HOME    : [CwCal]CalendarEventsResolver:queryCalendarEventInstances:window=EventWindow{Tue Nov 02 00:00:00 GMT+01:00 2021,Wed Nov 03 23:59:59 GMT+01:00 2021}
11-02 23:18:41.377619  2520  8486 D HOME    : [StreamAlertingRegulator]isTheaterModeEnabled: false, isAlertingAllowedByOffBody: true, matchesLocalInterruptionFilter: true
11-02 23:18:41.379193  2520  8486 D HOME    : [WatchStreamDB]couldItemAlert: false, isTopItemChanged: false, isDeferralForTopItem: false
11-02 23:18:41.380728  2520  2714 D HOME    : [TickMonitor]Received time tick
11-02 23:18:41.380888  2520  2714 D HOME    : [TickMonitor]handleTimeTick() finished
11-02 23:18:41.383716  2520  2520 D HOME    : [LocationOracleImpl]Fetching last known location.
11-02 23:18:41.384223  2520  2520 D HOME    : [AccountOracleImpl]Fetching account of type: com.google
11-02 23:18:41.395609  2520  2520 W GmsAccountProvider: No accounts found.
11-02 23:18:41.395754  2520  2520 E HOME    : [OAuthOracleImpl]Account not found.
11-02 23:18:41.402808  2520  4738 E HOME    : [GetCardsRpc]One or more asynchronous tasks failed.
11-02 23:18:41.402808  2520  4738 E HOME    : android.accounts.AccountsException: Account not found.
11-02 23:18:41.402808  2520  4738 E HOME    : 	at djj.a(AW782433232:2)
11-02 23:18:41.402808  2520  4738 E HOME    : 	at dxa.d(AW782433232:6)
11-02 23:18:41.402808  2520  4738 E HOME    : 	at dwx.a(Unknown Source:3)
11-02 23:18:41.402808  2520  4738 E HOME    : 	at ltg.c(Unknown Source:2)
11-02 23:18:41.402808  2520  4738 E HOME    : 	at lsr.run(AW782433232:3)
11-02 23:18:41.402808  2520  4738 E HOME    : 	at lti.run(Unknown Source:4)
11-02 23:18:41.402808  2520  4738 E HOME    : 	at android.os.Handler.handleCallback(Handler.java:873)
11-02 23:18:41.402808  2520  4738 E HOME    : 	at android.os.Handler.dispatchMessage(Handler.java:99)
11-02 23:18:41.402808  2520  4738 E HOME    : 	at android.os.Looper.loop(Looper.java:193)
11-02 23:18:41.402808  2520  4738 E HOME    : 	at android.app.ActivityThread.main(ActivityThread.java:6680)
11-02 23:18:41.402808  2520  4738 E HOME    : 	at java.lang.reflect.Method.invoke(Native Method)
11-02 23:18:41.402808  2520  4738 E HOME    : 	at com.android.internal.os.RuntimeInit$MethodAndArgsCaller.run(RuntimeInit.java:493)
11-02 23:18:41.402808  2520  4738 E HOME    : 	at com.android.internal.os.ZygoteInit.main(ZygoteInit.java:858)
11-02 23:18:41.406496  2520  4738 D HOME    : [AccountOracleImpl]Fetching account of type: com.google
11-02 23:18:41.408782  2520  2520 D HOME    : [AgendaController]loadEvents
11-02 23:18:41.411110  2520  6286 D HOME    : [AgendaController]Fetching event data for window: EventWindow{Tue Nov 02 00:00:00 GMT+01:00 2021,Thu Nov 04 23:59:59 GMT+01:00 2021}
11-02 23:18:41.411600  2520  6286 D HOME    : [CwCal]CalendarEventsResolver:queryCalendarEventInstances:window=EventWindow{Tue Nov 02 00:00:00 GMT+01:00 2021,Thu Nov 04 23:59:59 GMT+01:00 2021}
11-02 23:18:41.434409  2520  4738 W GmsAccountProvider: No accounts found.
11-02 23:18:41.434568  2520  4738 D HOME    : [LocPermissionChecker]No account present for location permissions.
11-02 23:18:41.440833  2520  4738 W HOME    : [UpdateController]Data update failed
11-02 23:18:41.440833  2520  4738 W HOME    : djr: Some cache updates failed
11-02 23:18:41.440833  2520  4738 W HOME    : 	at dkh.b(Unknown Source:27)
11-02 23:18:41.440833  2520  4738 W HOME    : 	at mhz.bd(AW782433232:2)
11-02 23:18:41.440833  2520  4738 W HOME    : 	at lqz.f(Unknown Source:2)
11-02 23:18:41.440833  2520  4738 W HOME    : 	at lrb.run(AW782433232:9)
11-02 23:18:41.440833  2520  4738 W HOME    : 	at java.util.concurrent.ThreadPoolExecutor.runWorker(ThreadPoolExecutor.java:1167)
11-02 23:18:41.440833  2520  4738 W HOME    : 	at java.util.concurrent.ThreadPoolExecutor$Worker.run(ThreadPoolExecutor.java:641)
11-02 23:18:41.440833  2520  4738 W HOME    : 	at java.lang.Thread.run(Thread.java:764)
11-02 23:18:41.441706  2520  2520 D HOME    : [AccountOracleImpl]Fetching account of type: com.google
11-02 23:18:41.467296  2520  2520 W GmsAccountProvider: No accounts found.
11-02 23:18:41.468020  2520  2520 D HOME    : [AgendaController]Obtained events in UI thread: []
11-02 23:18:41.468644  2520  2520 D HOME    : [EventDiarizer]Constructing with window EventWindow{Tue Nov 02 00:00:00 GMT+01:00 2021,Thu Nov 04 23:59:59 GMT+01:00 2021}
11-02 23:18:41.472278  2520  2520 D HOME    : [AgendaMetricsLogger]eventDataNotPresent
11-02 23:18:41.478784  2520  8604 D HOME    : [DataRequester]cancelScheduledUpdates TileConfig{id=2, provider=ComponentInfo{com.google.android.wearable.app/com.google.android.clockwork.home.calendar.AgendaTileProviderService}}
11-02 23:18:41.479118  2520  8604 D HOME    : [DataRequester]cancelScheduledUpdates could not find jobId for provider 2
11-02 23:18:41.479465  2520  8604 D HOME    : [DataRequester]updateFinished 2
11-02 23:18:41.479597  2520  8604 D HOME    : [ProviderConnMgr]Unbinding from service
11-02 23:18:41.479769  2520  2520 D HOME    : [SurfaceRenderer]maybeRender: hasWindowFocus = true, hasViewFocus = false, hasModelToRender = true, shouldRender = true
11-02 23:18:41.480342  2520  2520 D HOME    : [SurfaceRenderer]cardLifecycleParent: onStart
11-02 23:18:41.480602  2520  2520 D HOME    : [SurfaceRenderer]cardLifecycleParent: onResume
11-02 23:18:41.484211  2520  8604 D HOME    : [DataRequester]Scheduling job for TileConfig{id=2, provider=ComponentInfo{com.google.android.wearable.app/com.google.android.clockwork.home.calendar.AgendaTileProviderService}} delay=14400 jobId=2000097
11-02 23:18:41.491205  2520  2520 D HOME    : [JoviUpdater]background update succeeded
11-02 23:18:41.494592  2520  8464 D HOME    : [DataRequester]cancelScheduledUpdates TileConfig{id=-1, provider=ComponentInfo{com.google.android.wearable.app/com.google.android.clockwork.home.jovi.tile.JoviTileProviderService}}
11-02 23:18:41.494874  2520  8464 D HOME    : [DataRequester]cancelScheduledUpdates could not find jobId for provider -1
11-02 23:18:41.499323  2520  8464 D HOME    : [DataRequester]updateFinished -1
11-02 23:18:41.499804  2520  8464 D HOME    : [ProviderConnMgr]Unbinding from service
11-02 23:18:41.503381  1686  3998 I GnssLocationProvider: WakeLock acquired by sendMessage(SET_REQUEST, 0, com.android.server.location.GnssLocationProvider$GpsRequest@658f6c5)
11-02 23:18:41.506751   501   501 I LocSvc_GnssInterface: ===> setPositionMode line 269 
11-02 23:18:41.507771   501   501 I LocSvc_GnssInterface: ===> start line 208 
11-02 23:18:41.507899   501   501 I LocSvc_APIClientBase: locAPIStartTracking:342] start new session: 42
11-02 23:18:41.508149   501  1894 I LocSvc_api_v02: ---> locClientSendReq line 2298 QMI_LOC_REG_EVENTS_REQ_V02
11-02 23:18:41.509247  1686  1701 I GnssLocationProvider: WakeLock released by handleMessage(SET_REQUEST, 0, com.android.server.location.GnssLocationProvider$GpsRequest@658f6c5)
11-02 23:18:41.509879   501  1894 I LocSvc_api_v02: ---> locClientSendReq line 2298 QMI_LOC_SET_OPERATION_MODE_REQ_V02
11-02 23:18:41.509879  2520  8464 D HOME    : [DataRequester]Scheduling job for TileConfig{id=-1, provider=ComponentInfo{com.google.android.wearable.app/com.google.android.clockwork.home.jovi.tile.JoviTileProviderService}} delay=14400 jobId=2000098
11-02 23:18:41.512936   501  1904 I LocSvc_ApiV02: <--- globalRespCb line 178 QMI_LOC_SET_OPERATION_MODE_REQ_V02
11-02 23:18:41.513142   501  1894 I LocSvc_api_v02: ---> locClientSendReq line 2298 QMI_LOC_START_REQ_V02
11-02 23:18:41.525356  2520  2520 D HOME    : [DataActivityController]Started data activity monitor
11-02 23:18:41.525838  2520  2520 D HOME    : [HotwordController]updateClient MODE_QUICK_SETTINGS false false false true
11-02 23:18:41.529626  2520  2520 D HOME    : [StreamModule]Updating gaze alerter state: inWetMode=false focused=true uiMode=MODE_QUICK_SETTINGS
11-02 23:18:41.560835   512   512 I sensors-hal: activate:107, android.sensor.light/46 en=0
11-02 23:18:41.562981   512   512 I sensors-hal: activate:118, android.sensor.light/46 en=0 completed
11-02 23:18:41.565342   512   512 I sensors-hal: batch:140, android.sensor.light/46, period=250000000, max_latency=0
11-02 23:18:41.565435   512   512 I sensors-hal: batch:149, android.sensor.light/46, period=250000000, max_latency=0 request completed
11-02 23:18:41.565907   512   512 I sensors-hal: activate:107, android.sensor.light/46 en=1
11-02 23:18:41.566293   512   512 I sensors-hal: ssc_enable_rt_task:254, ssc_enable_rt_task : true
11-02 23:18:41.569702   512   512 I sensors-hal: activate:118, android.sensor.light/46 en=1 completed
11-02 23:18:41.634295  3316  3328 I .gms.persisten: Background concurrent copying GC freed 107190(3MB) AllocSpace objects, 0(0B) LOS objects, 24% free, 7MB/10MB, paused 874us total 212.063ms
11-02 23:18:41.659755   512  9174 I sensors-hal: handle_indication_realtime:355,  SCHED_FIFO(10) for qmi_cbk
11-02 23:18:41.667017   501  1904 I LocSvc_ApiV02: <--- globalEventCb line 152 QMI_LOC_EVENT_POSITION_REPORT_IND_V02
11-02 23:18:41.789427   512   512 I sensors-hal: batch:140, android.sensor.accelerometer/48, period=66667000, max_latency=100000000
11-02 23:18:41.791258   512   512 I sensors-hal: batch:149, android.sensor.accelerometer/48, period=66667000, max_latency=100000000 request completed
11-02 23:18:41.793993  1686  1686 D DefaultUngazeDetector: Ungaze event occurred; emitting gesture event!
11-02 23:18:41.794193  1686  1686 D WristGestureCtrl: Gesture:GESTURE UNGAZE, timestamp(ms): 23000554, confidence: 0.0, latency(ms): 0, duration(ms): 670
11-02 23:18:41.795540   512   512 I sensors-hal: batch:140, android.sensor.accelerometer/48, period=19231000, max_latency=100000000
11-02 23:18:41.797139   512   512 I sensors-hal: batch:149, android.sensor.accelerometer/48, period=19231000, max_latency=100000000 request completed
11-02 23:18:41.797610   512   512 I sensors-hal: flush:169, android.sensor.accelerometer/48
--------- switch to system
11-02 23:18:41.798493  1686  1686 I WindowManager: sleepRelease() calling goToSleep(GO_TO_SLEEP_REASON_SLEEP_BUTTON)
11-02 23:18:41.798772  1686  1686 I PowerManagerService: Going to sleep due to sleep button (uid 1000)...
--------- switch to main
11-02 23:18:41.799452   512   512 I sensors-hal: flush:175, android.sensor.accelerometer/48 completed
--------- switch to system
11-02 23:18:41.799989  1686  1686 W UsageStatsService: Event reported without a package name
11-02 23:18:41.801180  1686  1712 I DreamManagerService: Entering dreamland.
11-02 23:18:41.802141  1686  1712 I PowerManagerService: Dozing...
11-02 23:18:41.817953  1686  1708 I DreamController: Starting dream: name=ComponentInfo{com.google.android.wearable.ambient/com.google.android.wearable.ambient.AmbientDream}, isTest=false, canDoze=true, userId=0
--------- switch to main
11-02 23:18:41.832827  2520  2520 D HOME    : [DataActivityController]Stopped data activity monitor
11-02 23:18:41.833719  2520  2520 D HOME    : [HotwordController]updateClient MODE_WATCH_FACE false false false true
11-02 23:18:41.839521  2520  2520 D HOME    : [StreamModule]Updating gaze alerter state: inWetMode=false focused=true uiMode=MODE_WATCH_FACE
--------- switch to system
11-02 23:18:41.855630  1686  1686 W ContextImpl: Calling a method in the system process without a qualified user: android.app.ContextImpl.bindService:1611 android.content.ContextWrapper.bindService:698 com.google.android.wearable.ambient.AmbientDream.onCreate:191 android.app.ActivityThread.handleCreateService:3533 android.app.ActivityThread.access$1300:200 
11-02 23:18:41.859475  1686  1686 W ContextImpl: Calling a method in the system process without a qualified user: android.app.ContextImpl.sendBroadcast:1005 android.content.ContextWrapper.sendBroadcast:444 com.google.android.wearable.ambient.AmbientDream.onCreate:241 android.app.ActivityThread.handleCreateService:3533 android.app.ActivityThread.access$1300:200 
11-02 23:18:41.860289  1686  1686 V DreamService[AmbientDream]: onBind() intent = Intent { act=android.service.dreams.DreamService flg=0x800000 cmp=com.google.android.wearable.ambient/.AmbientDream }
--------- switch to main
11-02 23:18:41.861608  1686  1686 I AmbientService: [ce6a28c] Ambient Created
--------- switch to system
11-02 23:18:41.862520  1686  1686 V DreamService[AmbientDream]: Calling onDreamingStarted()
--------- switch to main
11-02 23:18:41.862647  1686  1686 I AmbientService: [ce6a28c] doOnDreamingStarted
11-02 23:18:41.863107  1686  1686 D SidekickService: setShouldControlDisplay called: true
11-02 23:18:41.864172  1686  1686 I AmbientService: [ce6a28c] Selected running activity for ambient mode: AmbientActivity[component=ComponentInfo{com.google.android.wearable.app/com.google.android.clockwork.home2.activity.HomeActivity2}, callbacks=@210b385, running=true, ambientRequested=true, ambientEnabled=true, offloadEnabled=true]
11-02 23:18:41.864822  1686  1686 I AmbientService: [ce6a28c] Sidekick is ready to display, requesting doze.
11-02 23:18:41.865474  1686  1686 I AmbientService: [ce6a28c] No auto-resume Activity.
11-02 23:18:41.868008  1686  1686 W DefaultSettingsContentR: Value for ambient_low_bit_enabled not stored as number. Attempting parse as boolean.
11-02 23:18:41.868772  2520  2520 D HOME    : [HomeVisitsLogger]Logging streamlet event: enter_ambient_mode
11-02 23:18:41.870688  2520  8464 D HOME    : [HomeVisitsLogger]Logging streamlet event: visit_end
11-02 23:18:41.870690  2520  2520 D HOME    : [HotwordController]updateClient MODE_WATCH_FACE false true false true
11-02 23:18:41.871580  2520  2520 D HOME    : [WatchFaceUiController]setInAmbientMode true
11-02 23:18:41.873235  2520  8464 I SidekickManager: replaceWatchFaceComponentsImpl(): watchFace = com.google.android.clockwork.decomposablewatchface.WatchFaceDecomposition@2887985
11-02 23:18:41.874605  2520  2520 D HOME    : [StreamDBQueue]Promised revision #2569 to queue a new op
11-02 23:18:41.874915  2520  2520 D WatchStreamManager: Promised rank-blocked=false @ r#2569
11-02 23:18:41.875574  2520  2520 D HOME    : [StreamDBQueue]Promised revision #2570 to queue a new op
11-02 23:18:41.875756  2520  2520 D WatchStreamManager: Promised rank-blocked=false @ r#2570
11-02 23:18:41.875944  2520  9131 D HOME    : [WatchStreamDB]Item alerting conditions - isInterruptive: false, recentlyInterrupted: false, isItemPinned: false, isUnread: false
11-02 23:18:41.876316  2520  9131 D HOME    : [StreamAlertingRegulator]isTheaterModeEnabled: false, isAlertingAllowedByOffBody: true, matchesLocalInterruptionFilter: true
11-02 23:18:41.876598  2520  9131 D HOME    : [WatchStreamDB]couldItemAlert: false, isTopItemChanged: false, isDeferralForTopItem: false
11-02 23:18:41.877522  2520  2520 D HOME    : [EventBus]Wrapper pool is full. Discarding excess wrapper instance for event com.google.android.clockwork.sysui.events.KeyguardStateEvent
11-02 23:18:41.877525  2520  9131 D HOME    : [WatchStreamDB]Item alerting conditions - isInterruptive: false, recentlyInterrupted: false, isItemPinned: false, isUnread: false
11-02 23:18:41.877615  2520  2520 D HOME    : [WatchFaceUiController]sendStateToWallpaper
11-02 23:18:41.877835  2520  9131 D HOME    : [StreamAlertingRegulator]isTheaterModeEnabled: false, isAlertingAllowedByOffBody: true, matchesLocalInterruptionFilter: true
11-02 23:18:41.878085  2520  9131 D HOME    : [WatchStreamDB]couldItemAlert: false, isTopItemChanged: false, isDeferralForTopItem: false
11-02 23:18:41.879092  2520  8603 D HOME    : [StreamDBQueue]Promised revision #2571 to queue a new op
11-02 23:18:41.879382  2520  8603 D WatchStreamManager: Promised rerank @ r#2571
11-02 23:18:41.882074  1686  3295 D SidekickService: sendWatchFaceComponents called: watchFace = com.google.android.clockwork.decomposablewatchface.WatchFaceDecomposition@2af1a04shouldReplace = false
11-02 23:18:41.882315  1686  3295 D SidekickService: Check decomposition for calling app com.google.android.wearable.app with uid 10049
11-02 23:18:41.882694  1686  3295 D SidekickService: sendWatchFaceLocked(): shouldReplace = false, mSidekickIsControlling = false, 1 images, 0 fonts, 0 numbers, 0 proportionalFonts, 0 strings
11-02 23:18:41.882788  1686  3295 D SidekickService: ISidekickGraphics#beginResources()...
11-02 23:18:41.883103  2520  2520 D HOME    : [EventBus]Wrapper pool is full. Discarding excess wrapper instance for event com.google.android.clockwork.sysui.events.KeyguardStateEvent
11-02 23:18:41.883392  2520  2520 D HOME    : [EventBus]Wrapper pool is full. Discarding excess wrapper instance for event com.google.android.clockwork.sysui.events.KeyguardStateEvent
11-02 23:18:41.884044  1686  3295 D SidekickServiceUtils: bitmapFromDrawable: Returning bitmap directly
11-02 23:18:41.885702  2520  9131 D HOME    : [WatchStreamDB]updateRanking()
11-02 23:18:41.885838  1686  3295 D SidekickService: sendBitmapsLocked(): bounds = RectF(0.0, 0.0, 0.0024038462, 0.0024038462), drawableInfo = {.id = 100000, .width = 1, .height = 1, .display = true, .offsetX = 0.0, .offsetY = 0.0, .rotationInfo = {.hasRotation = false, .pivotX = 0.0, .pivotY = 0.0, .degreesPerDay = 0.0, .degreesPerStep = 0.0, .zeroDegreesTime = {.daysSinceLocalEpoch = 0, .msSinceMidnight = 0}}, .transformInfo = {.transformed = false, .flipX = false, .flipY = false, .flip45 = false, .scaleX = 0.0, .scaleY = 0.0}, .type = GENERIC, .blink = {.blinking = false, .periodOnMs = 0.0, .periodOffMs = 0.0, .startTime = {.daysSinceLocalEpoch = 0, .msSinceMidnight = 0}}, .zOrder = 8, .displayInTwm = true}, image.size() = 84
11-02 23:18:41.886340  2520  9131 D HOME    : [WatchStreamDB]Item alerting conditions - isInterruptive: false, recentlyInterrupted: false, isItemPinned: false, isUnread: false
11-02 23:18:41.886694  2520  9131 D HOME    : [StreamAlertingRegulator]isTheaterModeEnabled: false, isAlertingAllowedByOffBody: true, matchesLocalInterruptionFilter: true
11-02 23:18:41.886713   416   416 D SKGHAL  : saveResource: resId = 100000
11-02 23:18:41.886937  2520  9131 D HOME    : [WatchStreamDB]couldItemAlert: false, isTopItemChanged: false, isDeferralForTopItem: false
11-02 23:18:41.888218  1686  3295 D SidekickService: sendBitmapsLocked(): status = 0, bytesUsed = 18
11-02 23:18:41.888435  1686  3295 D SidekickService: ISidekickGraphics#endResources()...
11-02 23:18:41.889102  2520  9131 D HOME    : [NewStreamAdapter]Publishing revision #2571 to adapter clients
11-02 23:18:41.891050  2520  8603 D HOME    : [StreamDBQueue]Promised revision #2572 to queue a new op
11-02 23:18:41.891420  2520  8603 D WatchStreamManager: Promised rerank @ r#2572
11-02 23:18:41.891481  2520  8604 D HOME    : [WatchStreamDB]updateRanking()
11-02 23:18:41.892101  2520  8604 D HOME    : [WatchStreamDB]Item alerting conditions - isInterruptive: false, recentlyInterrupted: false, isItemPinned: false, isUnread: false
11-02 23:18:41.892423  2520  8604 D HOME    : [StreamAlertingRegulator]isTheaterModeEnabled: false, isAlertingAllowedByOffBody: true, matchesLocalInterruptionFilter: true
11-02 23:18:41.892708  2520  8604 D HOME    : [WatchStreamDB]couldItemAlert: false, isTopItemChanged: false, isDeferralForTopItem: false
11-02 23:18:41.895537  2520  8604 D HOME    : [NewStreamAdapter]Publishing revision #2572 to adapter clients
11-02 23:18:42.228105   416   416 D SKGHAL  : sendResources: metadata size = 2400, font size = 72
11-02 23:18:42.286231   416   416 D SKGHAL  : endResources: rc = 0
