11-03 20:58:42.745466     0     0 I         : Freezing remaining freezable tasks ... (elapsed 0.005 seconds) done.
11-03 20:58:42.751471     0     0 I         : Suspending console(s) (use no_console_suspend to debug)
11-03 20:58:42.764553     0     0 I bgcom   : bgcom_pm_suspend: suspended with : 0
11-03 20:58:42.790990     0     0 I PM      : suspend of devices complete after 35.955 msecs
11-03 20:58:42.796491     0     0 I PM      : late suspend of devices complete after 5.457 msecs
11-03 20:58:42.802389     0     0 I PM      : noirq suspend of devices complete after 5.872 msecs
11-03 20:58:42.802400     0     0 I         : Disabling non-boot CPUs ...
11-03 20:58:42.823427     0     0 I CPU1    : shutdown
11-03 20:58:42.825422     0     0 I suspend ns: 1088902168035	suspend cycles:      31400387270
11-03 20:58:42.825403     0     0 I CPU0    : msm_cpu_pm_enter_sleep mode:3 during suspend
11-03 20:58:42.825403     0     0 I         : Suspended for 1.203 seconds
11-03 20:58:42.825403     0     0 I resume cycles: 31423488216
11-03 20:58:42.825649     0     0 I         : Enabling non-boot CPUs ...
11-03 20:58:42.826449     0     0 I CPU1    : update cpu_capacity 1024
11-03 20:58:42.827879     0     0 I         : CPU1 is up
11-03 20:58:42.830271     0     0 I CPU1    : update max cpu_capacity 1024
11-03 20:58:42.831707     0     0 I PM      : noirq resume of devices complete after 3.509 msecs
11-03 20:58:42.837113     0     0 I PM      : early resume of devices complete after 3.934 msecs
11-03 20:58:42.838492    20    20 E         : [20:58:44.041681] [000000075100353B] [VosRX]  wlan: [E :WDI] WDTS_RxPacketDump RX Data frame is UC
11-03 20:58:42.838513    20    20 E         : [20:58:44.041712] [000000075100378C] [VosRX]  wlan: [E :WDI] WDTS_RxPacketDump: Data subtype:8 SA:44:fe:3b:41:13:4b DA:00:0a:f5:f2:a2:70
11-03 20:58:42.838611    20    20 E         : [20:58:44.041807] [0000000751003ECD] [VosRX]  wlan: [E :HDD] hdd_log_ip_addr: src addr 192:168:1:3
11-03 20:58:42.838624    20    20 E         : [20:58:44.041824] [0000000751003FE6] [VosRX]  wlan: [E :HDD] hdd_log_ip_addr: dst addr 192:168:1:14
11-03 20:58:42.866490     0     0 I bgcom   : bgcom_pm_resume: Bgcom resumed with : 0
11-03 20:58:42.872351     0     0 I PM      : resume of devices complete after 35.206 msecs
11-03 20:58:42.874976     0     0 I         : Restarting tasks ...
11-03 20:58:42.877671     0     0 W QSEECOM : qseecom_receive_req: Interrupted: exiting Listener Service = 12288
11-03 20:58:42.877744     0     0 W QSEECOM : qseecom_receive_req: Interrupted: exiting Listener Service = 10
11-03 20:58:42.877782     0     0 W QSEECOM : qseecom_receive_req: Interrupted: exiting Listener Service = 28672
11-03 20:58:42.880857     0     0 W QSEECOM : qseecom_receive_req: Interrupted: exiting Listener Service = 8192
11-03 20:58:42.880917     0     0 W QSEECOM : qseecom_receive_req: Interrupted: exiting Listener Service = 11
11-03 20:58:42.887745     0     0 I         : done.
11-03 20:58:44.091648     0     0 I PM      : suspend exit 2021-11-03 19:58:44.091648051 UTC
11-03 20:58:44.193095     0     0 I PM      : suspend entry 2021-11-03 19:58:44.193095395 UTC
11-03 20:58:44.193109     0     0 I PM      : Syncing filesystems ... done.
11-03 20:58:44.294516     0     0 I         : Freezing user space processes ... (elapsed 0.007 seconds) done.
11-03 20:58:44.301740     0     0 I         : Freezing remaining freezable tasks ... (elapsed 0.004 seconds) done.
11-03 20:58:44.306143     0     0 I         : Suspending console(s) (use no_console_suspend to debug)
11-03 20:58:44.313192     0     0 I bgcom   : bgcom_pm_suspend: suspended with : 0
11-03 20:58:44.348480     0     0 I PM      : suspend of devices complete after 40.118 msecs
11-03 20:58:44.354332     0     0 I PM      : late suspend of devices complete after 5.810 msecs
11-03 20:58:44.359919     0     0 I PM      : noirq suspend of devices complete after 5.561 msecs
11-03 20:58:44.359931     0     0 I         : Disabling non-boot CPUs ...
11-03 20:58:44.374502     0     0 W         : IRQ16 no longer affine to CPU1
11-03 20:58:44.374516     0     0 W         : IRQ21 no longer affine to CPU1
11-03 20:58:44.374794     0     0 W         : IRQ93 no longer affine to CPU1
11-03 20:58:44.376443     0     0 I CPU1    : shutdown
11-03 20:58:44.378414     0     0 I suspend ns: 1089251972567	suspend cycles:      31430204463
11-03 20:58:44.378394     0     0 I CPU0    : msm_cpu_pm_enter_sleep mode:3 during suspend
11-03 20:58:44.378394     0     0 I         : Suspended for 0.571 seconds
11-03 20:58:44.378394     0     0 I resume cycles: 31441182455
11-03 20:58:44.378658     0     0 I         : Enabling non-boot CPUs ...
11-03 20:58:44.379475     0     0 I CPU1    : update cpu_capacity 1024
11-03 20:58:44.380869     0     0 I         : CPU1 is up
11-03 20:58:44.383386     0     0 I CPU1    : update max cpu_capacity 1024
11-03 20:58:44.384710     0     0 I PM      : noirq resume of devices complete after 3.517 msecs
11-03 20:58:44.390213     0     0 I PM      : early resume of devices complete after 4.035 msecs
11-03 20:58:44.391712    20    20 E         : [20:58:44.963483] [00000007520E4482] [VosRX]  wlan: [E :WDI] WDTS_RxPacketDump RX Data frame is UC
11-03 20:58:44.391735    20    20 E         : [20:58:44.963518] [00000007520E46F8] [VosRX]  wlan: [E :WDI] WDTS_RxPacketDump: Data subtype:8 SA:44:fe:3b:41:13:4b DA:00:0a:f5:f2:a2:70
11-03 20:58:44.391832    20    20 E         : [20:58:44.963613] [00000007520E4E24] [VosRX]  wlan: [E :HDD] hdd_log_ip_addr: src addr 192:168:1:3
11-03 20:58:44.391844    20    20 E         : [20:58:44.963628] [00000007520E4F3E] [VosRX]  wlan: [E :HDD] hdd_log_ip_addr: dst addr 192:168:1:14
11-03 20:58:44.419447     0     0 I bgcom   : bgcom_pm_resume: Bgcom resumed with : 0
11-03 20:58:44.425393     0     0 I PM      : resume of devices complete after 35.151 msecs
11-03 20:58:44.428001     0     0 I         : Restarting tasks ...
11-03 20:58:44.430506     0     0 W QSEECOM : qseecom_receive_req: Interrupted: exiting Listener Service = 8192
11-03 20:58:44.430621     0     0 W QSEECOM : qseecom_receive_req: Interrupted: exiting Listener Service = 12288
11-03 20:58:44.430663     0     0 W QSEECOM : qseecom_receive_req: Interrupted: exiting Listener Service = 10
11-03 20:58:44.430691     0     0 W QSEECOM : qseecom_receive_req: Interrupted: exiting Listener Service = 28672
11-03 20:58:44.433654     0     0 W QSEECOM : qseecom_receive_req: Interrupted: exiting Listener Service = 11
11-03 20:58:44.434804     0     0 I         : done.
11-03 20:58:45.007293     0     0 I PM      : suspend exit 2021-11-03 19:58:45.007293675 UTC
11-03 20:58:45.111538     0     0 I PM      : suspend entry 2021-11-03 19:58:45.111538727 UTC
11-03 20:58:45.111552     0     0 I PM      : Syncing filesystems ... done.
11-03 20:58:45.211096     0     0 I         : Freezing user space processes ... (elapsed 0.007 seconds) done.
11-03 20:58:45.218893     0     0 I         : Freezing remaining freezable tasks ... (elapsed 0.003 seconds) done.
11-03 20:58:45.222868     0     0 I         : Suspending console(s) (use no_console_suspend to debug)
11-03 20:58:45.229835     0     0 I bgcom   : bgcom_pm_suspend: suspended with : 0
11-03 20:58:45.266037     0     0 I PM      : suspend of devices complete after 40.781 msecs
11-03 20:58:45.271605     0     0 I PM      : late suspend of devices complete after 5.521 msecs
11-03 20:58:45.277533     0     0 I PM      : noirq suspend of devices complete after 5.906 msecs
11-03 20:58:45.277546     0     0 I         : Disabling non-boot CPUs ...
11-03 20:58:45.296251     0     0 W         : IRQ21 no longer affine to CPU1
11-03 20:58:45.298125     0     0 I CPU1    : shutdown
11-03 20:58:45.300104     0     0 I suspend ns: 1089601893713	suspend cycles:      31447900941
11-03 20:58:45.300085     0     0 I CPU0    : msm_cpu_pm_enter_sleep mode:3 during suspend
11-03 20:58:45.300085     0     0 I         : Suspended for 0.878 seconds
11-03 20:58:45.300085     0     0 I resume cycles: 31464775179
11-03 20:58:45.300334     0     0 I         : Enabling non-boot CPUs ...
11-03 20:58:45.301149     0     0 I CPU1    : update cpu_capacity 1024
11-03 20:58:45.302556     0     0 I         : CPU1 is up
11-03 20:58:45.304966     0     0 I CPU1    : update max cpu_capacity 1024
11-03 20:58:45.306354     0     0 I PM      : noirq resume of devices complete after 3.489 msecs
11-03 20:58:45.312062     0     0 I PM      : early resume of devices complete after 4.231 msecs
11-03 20:58:45.313334    20    20 E         : [20:58:46.192203] [0000000753763E5F] [VosRX]  wlan: [E :WDI] WDTS_RxPacketDump RX Data frame is UC
11-03 20:58:45.313356    20    20 E         : [20:58:46.192236] [00000007537640D2] [VosRX]  wlan: [E :WDI] WDTS_RxPacketDump: Data subtype:8 SA:44:fe:3b:41:13:4b DA:00:0a:f5:f2:a2:70
11-03 20:58:45.313455    20    20 E         : [20:58:46.192333] [000000075376482E] [VosRX]  wlan: [E :HDD] hdd_log_ip_addr: src addr 192:168:1:3
11-03 20:58:45.313468    20    20 E         : [20:58:46.192348] [000000075376493D] [VosRX]  wlan: [E :HDD] hdd_log_ip_addr: dst addr 192:168:1:14
11-03 20:58:45.341748     0     0 I bgcom   : bgcom_pm_resume: Bgcom resumed with : 0
11-03 20:58:45.347630     0     0 I PM      : resume of devices complete after 35.539 msecs
11-03 20:58:45.350261     0     0 I         : Restarting tasks ...
11-03 20:58:45.352738     0     0 W QSEECOM : qseecom_receive_req: Interrupted: exiting Listener Service = 11
11-03 20:58:45.352794     0     0 W QSEECOM : qseecom_receive_req: Interrupted: exiting Listener Service = 28672
11-03 20:58:45.355914     0     0 W QSEECOM : qseecom_receive_req: Interrupted: exiting Listener Service = 8192
11-03 20:58:45.355979     0     0 W QSEECOM : qseecom_receive_req: Interrupted: exiting Listener Service = 12288
11-03 20:58:45.356009     0     0 W QSEECOM : qseecom_receive_req: Interrupted: exiting Listener Service = 10
11-03 20:58:45.362973     0     0 I         : done.
11-03 20:58:46.242539     0     0 I PM      : suspend exit 2021-11-03 19:58:46.242539507 UTC
11-03 20:58:46.344009     0     0 I PM      : suspend entry 2021-11-03 19:58:46.344009455 UTC
11-03 20:58:46.344023     0     0 I PM      : Syncing filesystems ... done.
11-03 20:58:46.444239     0     0 I         : Freezing user space processes ... (elapsed 0.007 seconds) done.
11-03 20:58:46.451904     0     0 I         : Freezing remaining freezable tasks ... (elapsed 0.003 seconds) done.
11-03 20:58:46.455690     0     0 I         : Suspending console(s) (use no_console_suspend to debug)
11-03 20:58:46.463559     0     0 I bgcom   : bgcom_pm_suspend: suspended with : 0
11-03 20:58:46.481775     0     0 I PM      : Wakeup pending, aborting suspend
11-03 20:58:46.481786     0     0 I         : active wakeup source: qcom_rx_wakelock
11-03 20:58:46.493982     0     0 E PM      : Some devices failed to suspend, or early wake event detected
11-03 20:58:46.518947     0     0 I bgcom   : bgcom_pm_resume: Bgcom resumed with : 0
11-03 20:58:46.524167     0     0 I PM      : resume of devices complete after 30.163 msecs
11-03 20:58:46.526763     0     0 I         : Restarting tasks ...
11-03 20:58:46.528359     0     0 W QSEECOM : qseecom_receive_req: Interrupted: exiting Listener Service = 12288
11-03 20:58:46.528418     0     0 W QSEECOM : qseecom_receive_req: Interrupted: exiting Listener Service = 11
11-03 20:58:46.528451     0     0 W QSEECOM : qseecom_receive_req: Interrupted: exiting Listener Service = 28672
11-03 20:58:46.532196     0     0 W QSEECOM : qseecom_receive_req: Interrupted: exiting Listener Service = 8192
11-03 20:58:46.532250     0     0 W QSEECOM : qseecom_receive_req: Interrupted: exiting Listener Service = 10
11-03 20:58:46.538417     0     0 I         : done.
11-03 20:58:46.538988     0     0 I PM      : suspend exit 2021-11-03 19:58:46.538988725 UTC
11-03 20:58:46.741030     0     0 I PM      : suspend entry 2021-11-03 19:58:46.741030600 UTC
11-03 20:58:46.741044     0     0 I PM      : Syncing filesystems ... done.
11-03 20:58:46.842348     0     0 I         : Freezing user space processes ... (elapsed 0.006 seconds) done.
11-03 20:58:46.849361     0     0 I         : Freezing remaining freezable tasks ... (elapsed 0.003 seconds) done.
11-03 20:58:46.853267     0     0 I         : Suspending console(s) (use no_console_suspend to debug)
11-03 20:58:46.861419     0     0 I bgcom   : bgcom_pm_suspend: suspended with : 0
11-03 20:58:46.900018     0     0 I PM      : suspend of devices complete after 44.310 msecs
11-03 20:58:46.905734     0     0 I PM      : late suspend of devices complete after 5.674 msecs
11-03 20:58:46.911336     0     0 I PM      : noirq suspend of devices complete after 5.576 msecs
11-03 20:58:46.911350     0     0 I         : Disabling non-boot CPUs ...
11-03 20:58:46.925013     0     0 W         : IRQ21 no longer affine to CPU1
11-03 20:58:46.926891     0     0 I CPU1    : shutdown
11-03 20:58:46.928788     0     0 I suspend ns: 1090351709340	suspend cycles:      31479171639
11-03 20:58:46.928769     0     0 I CPU0    : msm_cpu_pm_enter_sleep mode:3 during suspend
11-03 20:58:46.929022     0     0 I         : Enabling non-boot CPUs ...
11-03 20:58:46.929833     0     0 I CPU1    : update cpu_capacity 1024
11-03 20:58:46.931297     0     0 I         : CPU1 is up
11-03 20:58:46.933752     0     0 I CPU1    : update max cpu_capacity 1024
11-03 20:58:46.935133     0     0 I PM      : noirq resume of devices complete after 3.533 msecs
11-03 20:58:46.940678     0     0 I PM      : early resume of devices complete after 4.054 msecs
11-03 20:58:46.941964    20    20 E         : [20:58:47.115124] [000000075484A174] [VosRX]  wlan: [E :WDI] WDTS_RxPacketDump RX Data frame is UC
11-03 20:58:46.941988    20    20 E         : [20:58:47.115157] [000000075484A3EA] [VosRX]  wlan: [E :WDI] WDTS_RxPacketDump: Data subtype:8 SA:44:fe:3b:41:13:4b DA:00:0a:f5:f2:a2:70
11-03 20:58:46.942087    20    20 E         : [20:58:47.115257] [000000075484AB7C] [VosRX]  wlan: [E :HDD] hdd_log_ip_addr: src addr 192:168:1:3
11-03 20:58:46.942100    20    20 E         : [20:58:47.115271] [000000075484AC79] [VosRX]  wlan: [E :HDD] hdd_log_ip_addr: dst addr 192:168:1:14
11-03 20:58:46.969593     0     0 I bgcom   : bgcom_pm_resume: Bgcom resumed with : 0
11-03 20:58:46.975563     0     0 I PM      : resume of devices complete after 34.854 msecs
11-03 20:58:46.978188     0     0 I         : Restarting tasks ...
11-03 20:58:46.980524     0     0 W QSEECOM : qseecom_receive_req: Interrupted: exiting Listener Service = 12288
11-03 20:58:46.980586     0     0 W QSEECOM : qseecom_receive_req: Interrupted: exiting Listener Service = 10
11-03 20:58:46.983417     0     0 W QSEECOM : qseecom_receive_req: Interrupted: exiting Listener Service = 8192
11-03 20:58:46.983473     0     0 W QSEECOM : qseecom_receive_req: Interrupted: exiting Listener Service = 11
11-03 20:58:46.983506     0     0 W QSEECOM : qseecom_receive_req: Interrupted: exiting Listener Service = 28672
11-03 20:58:46.989870     0     0 I         : done.
11-03 20:58:47.163718     0     0 I PM      : suspend exit 2021-11-03 19:58:47.163718985 UTC
11-03 20:58:47.265609     0     0 I PM      : suspend entry 2021-11-03 19:58:47.265609193 UTC
11-03 20:58:47.265623     0     0 I PM      : Syncing filesystems ... done.
11-03 20:58:47.366346     0     0 I         : Freezing user space processes ... (elapsed 0.007 seconds) done.
11-03 20:58:47.374063     0     0 I         : Freezing remaining freezable tasks ... (elapsed 0.003 seconds) done.
11-03 20:58:47.378092     0     0 I         : Suspending console(s) (use no_console_suspend to debug)
11-03 20:58:47.385235     0     0 I bgcom   : bgcom_pm_suspend: suspended with : 0
11-03 20:58:47.421288     0     0 I PM      : suspend of devices complete after 40.981 msecs
11-03 20:58:47.427102     0     0 I PM      : late suspend of devices complete after 5.776 msecs
11-03 20:58:47.432715     0     0 I PM      : noirq suspend of devices complete after 5.588 msecs
11-03 20:58:47.432728     0     0 I         : Disabling non-boot CPUs ...
11-03 20:58:47.447967     0     0 W         : IRQ21 no longer affine to CPU1
11-03 20:58:47.449832     0     0 I CPU1    : shutdown
11-03 20:58:47.451827     0     0 I suspend ns: 1090701590851	suspend cycles:      31489214024
11-03 20:58:47.451808     0     0 I CPU0    : msm_cpu_pm_enter_sleep mode:3 during suspend
11-03 20:58:47.451808     0     0 I         : Suspended for 0.878 seconds
11-03 20:58:47.451808     0     0 I resume cycles: 31506091259
11-03 20:58:47.452054     0     0 I         : Enabling non-boot CPUs ...
11-03 20:58:47.452855     0     0 I CPU1    : update cpu_capacity 1024
11-03 20:58:47.454262     0     0 I         : CPU1 is up
11-03 20:58:47.456729     0     0 I CPU1    : update max cpu_capacity 1024
11-03 20:58:47.458044     0     0 I PM      : noirq resume of devices complete after 3.468 msecs
11-03 20:58:47.463520     0     0 I PM      : early resume of devices complete after 4.004 msecs
11-03 20:58:47.465022    20    20 E         : [20:58:48.344046] [0000000755ECAA9F] [VosRX]  wlan: [E :WDI] WDTS_RxPacketDump RX Data frame is UC
11-03 20:58:47.465045    20    20 E         : [20:58:48.344080] [0000000755ECAD21] [VosRX]  wlan: [E :WDI] WDTS_RxPacketDump: Data subtype:8 SA:44:fe:3b:41:13:4b DA:00:0a:f5:f2:a2:70
11-03 20:58:47.465140    20    20 E         : [20:58:48.344174] [0000000755ECB437] [VosRX]  wlan: [E :HDD] hdd_log_ip_addr: src addr 192:168:1:3
11-03 20:58:47.465152    20    20 E         : [20:58:48.344189] [0000000755ECB54D] [VosRX]  wlan: [E :HDD] hdd_log_ip_addr: dst addr 192:168:1:14
11-03 20:58:47.492459     0     0 I bgcom   : bgcom_pm_resume: Bgcom resumed with : 0
11-03 20:58:47.498249     0     0 I PM      : resume of devices complete after 34.700 msecs
11-03 20:58:47.500877     0     0 I         : Restarting tasks ...
11-03 20:58:47.503419     0     0 W QSEECOM : qseecom_receive_req: Interrupted: exiting Listener Service = 8192
11-03 20:58:47.503478     0     0 W QSEECOM : qseecom_receive_req: Interrupted: exiting Listener Service = 11
11-03 20:58:47.503520     0     0 W QSEECOM : qseecom_receive_req: Interrupted: exiting Listener Service = 10
11-03 20:58:47.503554     0     0 W QSEECOM : qseecom_receive_req: Interrupted: exiting Listener Service = 28672
11-03 20:58:47.505973     0     0 W QSEECOM : qseecom_receive_req: Interrupted: exiting Listener Service = 12288
11-03 20:58:47.511746     0     0 I         : done.
11-03 20:58:48.391485     0     0 I PM      : suspend exit 2021-11-03 19:58:48.391485390 UTC
11-03 20:58:48.493400     0     0 I PM      : suspend entry 2021-11-03 19:58:48.493400494 UTC
11-03 20:58:48.493414     0     0 I PM      : Syncing filesystems ... done.
11-03 20:58:48.592673     0     0 I         : Freezing user space processes ... (elapsed 0.007 seconds) done.
11-03 20:58:48.600204     0     0 I         : Freezing remaining freezable tasks ... (elapsed 0.003 seconds) done.
11-03 20:58:48.604205     0     0 I         : Suspending console(s) (use no_console_suspend to debug)
11-03 20:58:48.612362     0     0 I bgcom   : bgcom_pm_suspend: suspended with : 0
11-03 20:58:48.648196     0     0 I PM      : suspend of devices complete after 41.527 msecs
11-03 20:58:48.653732     0     0 I PM      : late suspend of devices complete after 5.491 msecs
11-03 20:58:48.659559     0     0 I PM      : noirq suspend of devices complete after 5.803 msecs
11-03 20:58:48.659572     0     0 I         : Disabling non-boot CPUs ...
11-03 20:58:48.676928     0     0 W         : IRQ21 no longer affine to CPU1
11-03 20:58:48.678795     0     0 I CPU1    : shutdown
11-03 20:58:48.680701     0     0 I suspend ns: 1091051437518	suspend cycles:      31512808315
11-03 20:58:48.680679     0     0 I CPU0    : msm_cpu_pm_enter_sleep mode:3 during suspend
11-03 20:58:48.680679     0     0 I         : Suspended for 0.571 seconds
11-03 20:58:48.680679     0     0 I resume cycles: 31523776138
11-03 20:58:48.680938     0     0 I         : Enabling non-boot CPUs ...
11-03 20:58:48.681744     0     0 I CPU1    : update cpu_capacity 1024
11-03 20:58:48.683177     0     0 I         : CPU1 is up
11-03 20:58:48.685674     0     0 I CPU1    : update max cpu_capacity 1024
11-03 20:58:48.687023     0     0 I PM      : noirq resume of devices complete after 3.517 msecs
11-03 20:58:48.692523     0     0 I PM      : early resume of devices complete after 4.033 msecs
11-03 20:58:48.694026    20    20 E         : [20:58:49.265266] [0000000756FA8E34] [VosRX]  wlan: [E :WDI] WDTS_RxPacketDump RX Data frame is UC
11-03 20:58:48.694047    20    20 E         : [20:58:49.265299] [0000000756FA908B] [VosRX]  wlan: [E :WDI] WDTS_RxPacketDump: Data subtype:8 SA:44:fe:3b:41:13:4b DA:00:0a:f5:f2:a2:70
11-03 20:58:48.694143    20    20 E         : [20:58:49.265394] [0000000756FA97C1] [VosRX]  wlan: [E :HDD] hdd_log_ip_addr: src addr 192:168:1:3
11-03 20:58:48.694156    20    20 E         : [20:58:49.265408] [0000000756FA98C4] [VosRX]  wlan: [E :HDD] hdd_log_ip_addr: dst addr 192:168:1:14
11-03 20:58:48.722794     0     0 I bgcom   : bgcom_pm_resume: Bgcom resumed with : 0
11-03 20:58:48.728796     0     0 I PM      : resume of devices complete after 36.244 msecs
11-03 20:58:48.731405     0     0 I         : Restarting tasks ...
11-03 20:58:48.733968     0     0 W QSEECOM : qseecom_receive_req: Interrupted: exiting Listener Service = 8192
11-03 20:58:48.734033     0     0 W QSEECOM : qseecom_receive_req: Interrupted: exiting Listener Service = 12288
11-03 20:58:48.734080     0     0 W QSEECOM : qseecom_receive_req: Interrupted: exiting Listener Service = 28672
11-03 20:58:48.736879     0     0 W QSEECOM : qseecom_receive_req: Interrupted: exiting Listener Service = 11
11-03 20:58:48.736930     0     0 W QSEECOM : qseecom_receive_req: Interrupted: exiting Listener Service = 10
11-03 20:58:48.744874     0     0 I         : done.
11-03 20:58:49.317122     0     0 I PM      : suspend exit 2021-11-03 19:58:49.317122942 UTC
11-03 20:58:49.418652     0     0 I PM      : suspend entry 2021-11-03 19:58:49.418652421 UTC
11-03 20:58:49.418667     0     0 I PM      : Syncing filesystems ... done.
11-03 20:58:49.517258     0     0 I         : Freezing user space processes ...
11-03 20:58:49.523367     0     0 I PM      : Wakeup pending, aborting suspend
11-03 20:58:49.523388     0     0 I         : active wakeup source: qcom_rx_wakelock
11-03 20:58:49.523501     0     0 E         : Freezing of tasks aborted after 0.006 seconds
11-03 20:58:49.523518     0     0 I         : Restarting tasks ...
11-03 20:58:49.524124     0     0 W QSEECOM : qseecom_receive_req: Interrupted: exiting Listener Service = 8192
11-03 20:58:49.524200     0     0 W QSEECOM : qseecom_receive_req: Interrupted: exiting Listener Service = 11
11-03 20:58:49.528991     0     0 W QSEECOM : qseecom_receive_req: Interrupted: exiting Listener Service = 10
11-03 20:58:49.529240     0     0 W QSEECOM : qseecom_receive_req: Interrupted: exiting Listener Service = 12288
11-03 20:58:49.529413     0     0 I         : done.
11-03 20:58:49.529621     0     0 W QSEECOM : qseecom_receive_req: Interrupted: exiting Listener Service = 28672
11-03 20:58:49.530146     0     0 I PM      : suspend exit 2021-11-03 19:58:49.530146431 UTC
11-03 20:58:49.768507     0     0 I PM      : suspend entry 2021-11-03 19:58:49.768507160 UTC
11-03 20:58:49.768520     0     0 I PM      : Syncing filesystems ... done.
11-03 20:58:49.787307     0     0 I         : Freezing user space processes ... (elapsed 0.008 seconds) done.
11-03 20:58:49.795558     0     0 I         : Freezing remaining freezable tasks ... (elapsed 0.004 seconds) done.
11-03 20:58:49.800008     0     0 I         : Suspending console(s) (use no_console_suspend to debug)
11-03 20:58:49.808350     0     0 I bgcom   : bgcom_pm_suspend: suspended with : 0
11-03 20:58:49.843658     0     0 I PM      : Wakeup pending, aborting suspend
11-03 20:58:49.843672     0     0 I         : active wakeup source: qcom_rx_wakelock
11-03 20:58:49.844468     0     0 E PM      : Some devices failed to suspend, or early wake event detected
11-03 20:58:49.876046     0     0 I bgcom   : bgcom_pm_resume: Bgcom resumed with : 0
11-03 20:58:49.882641     0     0 I PM      : resume of devices complete after 38.127 msecs
11-03 20:58:49.885640     0     0 I         : Restarting tasks ...
11-03 20:58:49.887411     0     0 W QSEECOM : qseecom_receive_req: Interrupted: exiting Listener Service = 8192
11-03 20:58:49.887490     0     0 W QSEECOM : qseecom_receive_req: Interrupted: exiting Listener Service = 12288
11-03 20:58:49.887538     0     0 W QSEECOM : qseecom_receive_req: Interrupted: exiting Listener Service = 11
11-03 20:58:49.887581     0     0 W QSEECOM : qseecom_receive_req: Interrupted: exiting Listener Service = 10
11-03 20:58:49.893356     0     0 W QSEECOM : qseecom_receive_req: Interrupted: exiting Listener Service = 28672
11-03 20:58:49.893952     0     0 I         : done.
11-03 20:58:49.894462     0     0 I PM      : suspend exit 2021-11-03 19:58:49.894462681 UTC
11-03 20:58:50.318492     0     0 I PM      : suspend entry 2021-11-03 19:58:50.318492056 UTC
11-03 20:58:50.318506     0     0 I PM      : Syncing filesystems ... done.
11-03 20:58:50.417777     0     0 I         : Freezing user space processes ... (elapsed 0.007 seconds) done.
11-03 20:58:50.425220     0     0 I         : Freezing remaining freezable tasks ... (elapsed 0.004 seconds) done.
11-03 20:58:50.429336     0     0 I         : Suspending console(s) (use no_console_suspend to debug)
11-03 20:58:50.436154     0     0 I bgcom   : bgcom_pm_suspend: suspended with : 0
11-03 20:58:50.473776     0     0 I PM      : suspend of devices complete after 42.209 msecs
11-03 20:58:50.479553     0     0 I PM      : late suspend of devices complete after 5.738 msecs
11-03 20:58:50.485174     0     0 I PM      : noirq suspend of devices complete after 5.596 msecs
11-03 20:58:50.485185     0     0 I         : Disabling non-boot CPUs ...
11-03 20:58:50.498032     0     0 W         : IRQ16 no longer affine to CPU1
11-03 20:58:50.498047     0     0 W         : IRQ21 no longer affine to CPU1
11-03 20:58:50.498336     0     0 W         : IRQ93 no longer affine to CPU1
11-03 20:58:50.499977     0     0 I CPU1    : shutdown
11-03 20:58:50.502009     0     0 I suspend ns: 1092301509344	suspend cycles:      31547777517
11-03 20:58:50.501990     0     0 I CPU0    : msm_cpu_pm_enter_sleep mode:3 during suspend
11-03 20:58:50.501990     0     0 I         : Suspended for 0.903 seconds
11-03 20:58:50.501990     0     0 I resume cycles: 31565122912
11-03 20:58:50.502256     0     0 I         : Enabling non-boot CPUs ...
11-03 20:58:50.503065     0     0 I CPU1    : update cpu_capacity 1024
11-03 20:58:50.504480     0     0 I         : CPU1 is up
11-03 20:58:50.506711     0     0 I CPU1    : update max cpu_capacity 1024
11-03 20:58:50.508241     0     0 I PM      : noirq resume of devices complete after 3.448 msecs
11-03 20:58:50.513725     0     0 I PM      : early resume of devices complete after 4.011 msecs
11-03 20:58:50.515218    20    20 E         : [20:58:51.418627] [0000000759716C36] [VosRX]  wlan: [E :WDI] WDTS_RxPacketDump RX Data frame is UC
11-03 20:58:50.515241    20    20 E         : [20:58:51.418658] [0000000759716E8B] [VosRX]  wlan: [E :WDI] WDTS_RxPacketDump: Data subtype:8 SA:44:fe:3b:41:13:4b DA:00:0a:f5:f2:a2:70
11-03 20:58:50.515338    20    20 E         : [20:58:51.418756] [00000007597175D4] [VosRX]  wlan: [E :HDD] hdd_log_ip_addr: src addr 192:168:1:3
11-03 20:58:50.515350    20    20 E         : [20:58:51.418771] [00000007597176E9] [VosRX]  wlan: [E :HDD] hdd_log_ip_addr: dst addr 192:168:1:14
11-03 20:58:50.543574     0     0 I bgcom   : bgcom_pm_resume: Bgcom resumed with : 0
11-03 20:58:50.549398     0     0 I PM      : resume of devices complete after 35.645 msecs
11-03 20:58:50.551990     0     0 I         : Restarting tasks ...
11-03 20:58:50.554797     0     0 W QSEECOM : qseecom_receive_req: Interrupted: exiting Listener Service = 8192
11-03 20:58:50.554852     0     0 W QSEECOM : qseecom_receive_req: Interrupted: exiting Listener Service = 11
11-03 20:58:50.558184     0     0 W QSEECOM : qseecom_receive_req: Interrupted: exiting Listener Service = 12288
11-03 20:58:50.558239     0     0 W QSEECOM : qseecom_receive_req: Interrupted: exiting Listener Service = 10
11-03 20:58:50.558271     0     0 W QSEECOM : qseecom_receive_req: Interrupted: exiting Listener Service = 28672
11-03 20:58:50.565813     0     0 I         : done.
11-03 20:58:51.469916     0     0 I PM      : suspend exit 2021-11-03 19:58:51.469916586 UTC
11-03 20:58:51.571853     0     0 I PM      : suspend entry 2021-11-03 19:58:51.571853409 UTC
11-03 20:58:51.571867     0     0 I PM      : Syncing filesystems ... done.
11-03 20:58:51.675990     0     0 I         : Freezing user space processes ... (elapsed 0.007 seconds) done.
11-03 20:58:51.683309     0     0 I         : Freezing remaining freezable tasks ... (elapsed 0.003 seconds) done.
11-03 20:58:51.687204     0     0 I         : Suspending console(s) (use no_console_suspend to debug)
11-03 20:58:51.693836     0     0 I bgcom   : bgcom_pm_suspend: suspended with : 0
11-03 20:58:51.730929     0     0 I PM      : suspend of devices complete after 41.496 msecs
11-03 20:58:51.736405     0     0 I PM      : late suspend of devices complete after 5.434 msecs
11-03 20:58:51.742305     0     0 I PM      : noirq suspend of devices complete after 5.872 msecs
11-03 20:58:51.742317     0     0 I         : Disabling non-boot CPUs ...
11-03 20:58:51.761219     0     0 W         : IRQ16 no longer affine to CPU1
11-03 20:58:51.761232     0     0 W         : IRQ21 no longer affine to CPU1
11-03 20:58:51.761515     0     0 W         : IRQ93 no longer affine to CPU1
11-03 20:58:51.763158     0     0 I CPU1    : shutdown
11-03 20:58:51.765126     0     0 I suspend ns: 1092661220230	suspend cycles:      31572029361
11-03 20:58:51.765107     0     0 I CPU0    : msm_cpu_pm_enter_sleep mode:3 during suspend
11-03 20:58:51.765107     0     0 I         : Suspended for 0.561 seconds
11-03 20:58:51.765107     0     0 I resume cycles: 31582805454
11-03 20:58:51.765367     0     0 I         : Enabling non-boot CPUs ...
11-03 20:58:51.766174     0     0 I CPU1    : update cpu_capacity 1024
11-03 20:58:51.767595     0     0 I         : CPU1 is up
11-03 20:58:51.770003     0     0 I CPU1    : update max cpu_capacity 1024
11-03 20:58:51.771390     0     0 I PM      : noirq resume of devices complete after 3.482 msecs
11-03 20:58:51.776553     0     0 I PM      : early resume of devices complete after 3.697 msecs
11-03 20:58:51.777796    20    20 E         : [20:58:52.339054] [000000075A7F143C] [VosRX]  wlan: [E :WDI] WDTS_RxPacketDump RX Data frame is UC
11-03 20:58:51.777818    20    20 E         : [20:58:52.339085] [000000075A7F167F] [VosRX]  wlan: [E :WDI] WDTS_RxPacketDump: Data subtype:8 SA:44:fe:3b:41:13:4b DA:00:0a:f5:f2:a2:70
11-03 20:58:51.777912    20    20 E         : [20:58:52.339178] [000000075A7F1D7C] [VosRX]  wlan: [E :HDD] hdd_log_ip_addr: src addr 192:168:1:3
11-03 20:58:51.777924    20    20 E         : [20:58:52.339193] [000000075A7F1EA1] [VosRX]  wlan: [E :HDD] hdd_log_ip_addr: dst addr 192:168:1:14
11-03 20:58:51.805779     0     0 I bgcom   : bgcom_pm_resume: Bgcom resumed with : 0
11-03 20:58:51.811765     0     0 I PM      : resume of devices complete after 35.179 msecs
11-03 20:58:51.814419     0     0 I         : Restarting tasks ...
11-03 20:58:51.816924     0     0 W QSEECOM : qseecom_receive_req: Interrupted: exiting Listener Service = 8192
11-03 20:58:51.816980     0     0 W QSEECOM : qseecom_receive_req: Interrupted: exiting Listener Service = 12288
11-03 20:58:51.817014     0     0 W QSEECOM : qseecom_receive_req: Interrupted: exiting Listener Service = 11
11-03 20:58:51.817049     0     0 W QSEECOM : qseecom_receive_req: Interrupted: exiting Listener Service = 28672
11-03 20:58:51.819589     0     0 W QSEECOM : qseecom_receive_req: Interrupted: exiting Listener Service = 10
11-03 20:58:51.820609     0     0 I         : done.
11-03 20:58:52.382551     0     0 I PM      : suspend exit 2021-11-03 19:58:52.382551638 UTC
11-03 20:58:52.485297     0     0 I PM      : suspend entry 2021-11-03 19:58:52.485297419 UTC
11-03 20:58:52.485311     0     0 I PM      : Syncing filesystems ... done.
11-03 20:58:52.587309     0     0 I         : Freezing user space processes ... (elapsed 0.007 seconds) done.
11-03 20:58:52.594546     0     0 I         : Freezing remaining freezable tasks ... (elapsed 0.003 seconds) done.
11-03 20:58:52.598522     0     0 I         : Suspending console(s) (use no_console_suspend to debug)
11-03 20:58:52.607301     0     0 I bgcom   : bgcom_pm_suspend: suspended with : 0
11-03 20:58:52.642071     0     0 I PM      : suspend of devices complete after 41.323 msecs
11-03 20:58:52.647605     0     0 I PM      : late suspend of devices complete after 5.492 msecs
11-03 20:58:52.653407     0     0 I PM      : noirq suspend of devices complete after 5.777 msecs
11-03 20:58:52.653419     0     0 I         : Disabling non-boot CPUs ...
11-03 20:58:52.672398     0     0 W         : IRQ21 no longer affine to CPU1
11-03 20:58:52.674275     0     0 I CPU1    : shutdown
11-03 20:58:52.676238     0     0 I suspend ns: 1093011077053	suspend cycles:      31589522705
11-03 20:58:52.676220     0     0 I CPU0    : msm_cpu_pm_enter_sleep mode:3 during suspend
11-03 20:58:52.676220     0     0 I         : Suspended for 0.261 seconds
11-03 20:58:52.676220     0     0 I resume cycles: 31594537507
11-03 20:58:52.676478     0     0 I         : Enabling non-boot CPUs ...
11-03 20:58:52.677286     0     0 I CPU1    : update cpu_capacity 1024
11-03 20:58:52.678698     0     0 I         : CPU1 is up
11-03 20:58:52.681162     0     0 I CPU1    : update max cpu_capacity 1024
11-03 20:58:52.682527     0     0 I PM      : noirq resume of devices complete after 3.520 msecs
11-03 20:58:52.688027     0     0 I PM      : early resume of devices complete after 4.019 msecs
11-03 20:58:52.689520    20    20 E         : [20:58:52.950712] [000000075B32468C] [VosRX]  wlan: [E :WDI] WDTS_RxPacketDump RX Data frame is UC
11-03 20:58:52.689544    20    20 E         : [20:58:52.950743] [000000075B3248D2] [VosRX]  wlan: [E :WDI] WDTS_RxPacketDump: Data subtype:8 SA:44:fe:3b:41:13:4b DA:00:0a:f5:f2:a2:70
11-03 20:58:52.689640    20    20 E         : [20:58:52.950838] [000000075B325002] [VosRX]  wlan: [E :HDD] hdd_log_ip_addr: src addr 192:168:1:1
11-03 20:58:52.689652    20    20 E         : [20:58:52.950853] [000000075B325118] [VosRX]  wlan: [E :HDD] hdd_log_ip_addr: dst addr 192:168:1:14
11-03 20:58:52.717116     0     0 I bgcom   : bgcom_pm_resume: Bgcom resumed with : 0
11-03 20:58:52.722942     0     0 I PM      : resume of devices complete after 34.885 msecs
11-03 20:58:52.725547     0     0 I         : Restarting tasks ...
11-03 20:58:52.728176     0     0 W QSEECOM : qseecom_receive_req: Interrupted: exiting Listener Service = 12288
11-03 20:58:52.728233     0     0 W QSEECOM : qseecom_receive_req: Interrupted: exiting Listener Service = 11
11-03 20:58:52.728274     0     0 W QSEECOM : qseecom_receive_req: Interrupted: exiting Listener Service = 28672
11-03 20:58:52.731197     0     0 W QSEECOM : qseecom_receive_req: Interrupted: exiting Listener Service = 8192
11-03 20:58:52.731252     0     0 W QSEECOM : qseecom_receive_req: Interrupted: exiting Listener Service = 10
11-03 20:58:52.735123     0     0 I         : done.
11-03 20:58:52.997100     0     0 I PM      : suspend exit 2021-11-03 19:58:52.997100439 UTC
11-03 20:58:53.098564     0     0 I PM      : suspend entry 2021-11-03 19:58:53.098564710 UTC
--------- switch to main
11-03 20:58:53.201267  1679  1679 D HandsFreeClientShard: Connecting HandsFree client profile (retry).
--------- switch to kernel
11-03 20:58:53.098578     0     0 I PM      : Syncing filesystems ... done.
11-03 20:58:53.204896     0     0 I         : Freezing user space processes ... (elapsed 0.007 seconds) done.
11-03 20:58:53.212626     0     0 I         : Freezing remaining freezable tasks ... (elapsed 0.003 seconds) done.
11-03 20:58:53.216623     0     0 I         : Suspending console(s) (use no_console_suspend to debug)
11-03 20:58:53.224274     0     0 I bgcom   : bgcom_pm_suspend: suspended with : 0
11-03 20:58:53.261041     0     0 I PM      : suspend of devices complete after 42.199 msecs
11-03 20:58:53.266770     0     0 I PM      : late suspend of devices complete after 5.685 msecs
11-03 20:58:53.272687     0     0 I PM      : noirq suspend of devices complete after 5.888 msecs
11-03 20:58:53.272702     0     0 I         : Disabling non-boot CPUs ...
11-03 20:58:53.293461     0     0 W         : IRQ21 no longer affine to CPU1
11-03 20:58:53.295321     0     0 I CPU1    : shutdown
11-03 20:58:53.297336     0     0 I suspend ns: 1093370988252	suspend cycles:      31601447802
11-03 20:58:53.297320     0     0 I CPU0    : msm_cpu_pm_enter_sleep mode:3 during suspend
11-03 20:58:53.297320     0     0 I         : Suspended for 0.255 seconds
11-03 20:58:53.297320     0     0 I resume cycles: 31606361892
11-03 20:58:53.297582     0     0 I         : Enabling non-boot CPUs ...
11-03 20:58:53.298391     0     0 I CPU1    : update cpu_capacity 1024
11-03 20:58:53.299804     0     0 I         : CPU1 is up
11-03 20:58:53.302229     0     0 I CPU1    : update max cpu_capacity 1024
11-03 20:58:53.303655     0     0 I PM      : noirq resume of devices complete after 3.538 msecs
11-03 20:58:53.309143     0     0 I PM      : early resume of devices complete after 4.002 msecs
11-03 20:58:53.310670    20    20 E         : [20:58:53.566613] [000000075BE6B71F] [VosRX]  wlan: [E :WDI] WDTS_RxPacketDump RX Data frame is UC
11-03 20:58:53.310691    20    20 E         : [20:58:53.566644] [000000075BE6B96D] [VosRX]  wlan: [E :WDI] WDTS_RxPacketDump: Data subtype:8 SA:44:fe:3b:41:13:4b DA:00:0a:f5:f2:a2:70
11-03 20:58:53.310787    20    20 E         : [20:58:53.566739] [000000075BE6C09F] [VosRX]  wlan: [E :HDD] hdd_log_ip_addr: src addr 192:168:1:3
11-03 20:58:53.310800    20    20 E         : [20:58:53.566754] [000000075BE6C1A8] [VosRX]  wlan: [E :HDD] hdd_log_ip_addr: dst addr 192:168:1:14
11-03 20:58:53.339230     0     0 I bgcom   : bgcom_pm_resume: Bgcom resumed with : 0
11-03 20:58:53.345115     0     0 I PM      : resume of devices complete after 35.944 msecs
11-03 20:58:53.347704     0     0 I         : Restarting tasks ...
11-03 20:58:53.350175     0     0 W QSEECOM : qseecom_receive_req: Interrupted: exiting Listener Service = 11
11-03 20:58:53.350241     0     0 W QSEECOM : qseecom_receive_req: Interrupted: exiting Listener Service = 10
11-03 20:58:53.350287     0     0 W QSEECOM : qseecom_receive_req: Interrupted: exiting Listener Service = 28672
11-03 20:58:53.353293     0     0 W QSEECOM : qseecom_receive_req: Interrupted: exiting Listener Service = 8192
11-03 20:58:53.353350     0     0 W QSEECOM : qseecom_receive_req: Interrupted: exiting Listener Service = 12288
--------- switch to main
11-03 20:58:53.612738  1679  1679 D BluetoothHeadsetClient: disconnect(14:3C:C3:AD:3D:53)
11-03 20:58:53.615373  1679  1679 D BluetoothHeadsetClient: connect(14:3C:C3:AD:3D:53)
11-03 20:58:53.618406  1784  2068 D HeadsetClientStateMachine: Disconnected process message: 1
11-03 20:58:53.619382  1784  1971 I bt_btif_queue: queue_int_add: adding connection request: address=14:3c:c3:ad:3d:53 UUID=111E busy=false
11-03 20:58:53.619501  1784  1971 I bt_btif_queue: btif_queue_connect_next: executing connection request: address=14:3c:c3:ad:3d:53 UUID=111E busy=false
11-03 20:58:53.619536  1784  1971 E bt_btif : is_connected: not connected!
11-03 20:58:53.619591  1784  1971 W bt_btif : bta_hf_client_find_cb_by_bda: bdaddr mismatch for handle 0 alloc 0
11-03 20:58:53.619620  1784  1971 W bt_btif : bta_hf_client_find_cb_by_bda: bdaddr mismatch for handle 1 alloc 0
11-03 20:58:53.619641  1784  1971 W bt_btif : bta_hf_client_find_cb_by_bda: bdaddr mismatch for handle 2 alloc 0
11-03 20:58:53.619663  1784  1971 W bt_btif : bta_hf_client_find_cb_by_bda: bdaddr mismatch for handle 3 alloc 0
11-03 20:58:53.619684  1784  1971 W bt_btif : bta_hf_client_find_cb_by_bda: bdaddr mismatch for handle 4 alloc 0
11-03 20:58:53.619705  1784  1971 W bt_btif : bta_hf_client_find_cb_by_bda: bdaddr mismatch for handle 5 alloc 0
11-03 20:58:53.619733  1784  1971 W bt_btif : bta_hf_client_find_cb_by_bda: bdaddr mismatch for handle 6 alloc 0
11-03 20:58:53.619756  1784  1971 W bt_btif : bta_hf_client_find_cb_by_bda: bdaddr mismatch for handle 7 alloc 0
11-03 20:58:53.619776  1784  1971 W bt_btif : bta_hf_client_find_cb_by_bda: bdaddr mismatch for handle 8 alloc 0
11-03 20:58:53.619797  1784  1971 W bt_btif : bta_hf_client_find_cb_by_bda: bdaddr mismatch for handle 9 alloc 0
11-03 20:58:53.619817  1784  1971 E bt_btif : bta_hf_client_find_cb_by_bda: block not found
--------- switch to system
11-03 20:58:53.623392  1679  1679 W Looper  : Slow dispatch took 166ms main h=com.android.clockwork.bluetooth.HandsFreeClientShard$1 c=null m=0
--------- switch to kernel
11-03 20:58:53.362432     0     0 I         : done.
11-03 20:58:53.619065     0     0 I PM      : suspend exit 2021-11-03 19:58:53.619065491 UTC
--------- switch to main
11-03 20:58:53.634717  3281  3281 D BtTelecomReceiver: onReceive: Intent { act=android.bluetooth.headsetclient.profile.action.CONNECTION_STATE_CHANGED flg=0x10 cmp=com.google.android.apps.wearable.bluetooth/com.google.android.clockwork.hfp.BtTelecomBroadcastReceiver (has extras) }
11-03 20:58:53.635100  3281  3281 D BtTelecomReceiver: Hfp connection changed: -724754873 0 -> 1
11-03 20:58:53.636527  1784  1784 D AdapterProperties: PROFILE_CONNECTION_STATE_CHANGE: profile=16, device=14:3C:C3:AD:3D:53, 0 -> 1
11-03 20:58:53.636982  1784  1784 D AdapterProperties: ADAPTER_CONNECTION_STATE_CHANGE: 14:3C:C3:AD:3D:53: 0 -> 1
--------- switch to system
11-03 20:58:53.643693  1679  1694 W BroadcastQueue: Background execution not allowed: receiving Intent { act=android.bluetooth.adapter.action.CONNECTION_STATE_CHANGED flg=0x4000010 (has extras) } to com.google.android.gms/.chimera.GmsIntentOperationService$PersistentTrustedReceiver
--------- switch to kernel
11-03 20:58:54.120052     0     0 I PM      : suspend entry 2021-11-03 19:58:54.120052938 UTC
11-03 20:58:54.120067     0     0 I PM      : Syncing filesystems ... done.
11-03 20:58:54.220247     0     0 I         : Freezing user space processes ... (elapsed 0.007 seconds) done.
11-03 20:58:54.227680     0     0 I         : Freezing remaining freezable tasks ... (elapsed 0.004 seconds) done.
11-03 20:58:54.231817     0     0 I         : Suspending console(s) (use no_console_suspend to debug)
11-03 20:58:54.239026     0     0 I bgcom   : bgcom_pm_suspend: suspended with : 0
11-03 20:58:54.276483     0     0 I PM      : suspend of devices complete after 42.446 msecs
11-03 20:58:54.282257     0     0 I PM      : late suspend of devices complete after 5.727 msecs
11-03 20:58:54.287881     0     0 I PM      : noirq suspend of devices complete after 5.600 msecs
11-03 20:58:54.287894     0     0 I         : Disabling non-boot CPUs ...
11-03 20:58:54.311052     0     0 I CPU1    : shutdown
11-03 20:58:54.313109     0     0 I suspend ns: 1094130816327	suspend cycles:      31620950591
11-03 20:58:54.313087     0     0 I CPU0    : msm_cpu_pm_enter_sleep mode:3 during suspend
11-03 20:58:54.313087     0     0 I         : Suspended for 0.550 seconds
11-03 20:58:54.313087     0     0 I resume cycles: 31631531557
11-03 20:58:54.313351     0     0 I         : Enabling non-boot CPUs ...
11-03 20:58:54.314157     0     0 I CPU1    : update cpu_capacity 1024
11-03 20:58:54.315569     0     0 I         : CPU1 is up
11-03 20:58:54.318041     0     0 I CPU1    : update max cpu_capacity 1024
11-03 20:58:54.319516     0     0 I PM      : noirq resume of devices complete after 3.634 msecs
11-03 20:58:54.325045     0     0 I PM      : early resume of devices complete after 4.049 msecs
11-03 20:58:54.326244    20    20 E         : [20:58:54.877341] [000000075D66B7BB] [VosRX]  wlan: [E :WDI] WDTS_RxPacketDump RX Data frame is UC
11-03 20:58:54.326266    20    20 E         : [20:58:54.877371] [000000075D66B9FC] [VosRX]  wlan: [E :WDI] WDTS_RxPacketDump: Data subtype:8 SA:44:fe:3b:41:13:4b DA:00:0a:f5:f2:a2:70
11-03 20:58:54.326364    20    20 E         : [20:58:54.877468] [000000075D66C15F] [VosRX]  wlan: [E :HDD] hdd_log_ip_addr: src addr 192:168:1:3
11-03 20:58:54.326379    20    20 E         : [20:58:54.877485] [000000075D66C281] [VosRX]  wlan: [E :HDD] hdd_log_ip_addr: dst addr 192:168:1:14
11-03 20:58:54.355990     0     0 I bgcom   : bgcom_pm_resume: Bgcom resumed with : 0
11-03 20:58:54.360411     0     0 I PM      : resume of devices complete after 35.336 msecs
11-03 20:58:54.363097     0     0 I         : Restarting tasks ...
11-03 20:58:54.365594     0     0 W QSEECOM : qseecom_receive_req: Interrupted: exiting Listener Service = 12288
11-03 20:58:54.365658     0     0 W QSEECOM : qseecom_receive_req: Interrupted: exiting Listener Service = 11
11-03 20:58:54.368678     0     0 W QSEECOM : qseecom_receive_req: Interrupted: exiting Listener Service = 8192
11-03 20:58:54.368733     0     0 W QSEECOM : qseecom_receive_req: Interrupted: exiting Listener Service = 10
11-03 20:58:54.368762     0     0 W QSEECOM : qseecom_receive_req: Interrupted: exiting Listener Service = 28672
11-03 20:58:54.375596     0     0 I         : done.
11-03 20:58:54.927416     0     0 I PM      : suspend exit 2021-11-03 19:58:54.927416271 UTC
11-03 20:58:55.028864     0     0 I PM      : suspend entry 2021-11-03 19:58:55.028864448 UTC
11-03 20:58:55.028878     0     0 I PM      : Syncing filesystems ... done.
11-03 20:58:55.129701     0     0 I         : Freezing user space processes ... (elapsed 0.007 seconds) done.
11-03 20:58:55.137148     0     0 I         : Freezing remaining freezable tasks ... (elapsed 0.003 seconds) done.
11-03 20:58:55.140914     0     0 I         : Suspending console(s) (use no_console_suspend to debug)
11-03 20:58:55.148069     0     0 I bgcom   : bgcom_pm_suspend: suspended with : 0
11-03 20:58:55.184300     0     0 I PM      : suspend of devices complete after 41.157 msecs
11-03 20:58:55.190130     0     0 I PM      : late suspend of devices complete after 5.787 msecs
11-03 20:58:55.195806     0     0 I PM      : noirq suspend of devices complete after 5.653 msecs
11-03 20:58:55.195818     0     0 I         : Disabling non-boot CPUs ...
11-03 20:58:55.212111     0     0 I CPU1    : shutdown
11-03 20:58:55.214041     0     0 I suspend ns: 1094480655546	suspend cycles:      31638248470
11-03 20:58:55.214021     0     0 I CPU0    : msm_cpu_pm_enter_sleep mode:3 during suspend
11-03 20:58:55.214021     0     0 I         : Suspended for 0.722 seconds
11-03 20:58:55.214021     0     0 I resume cycles: 31652123312
11-03 20:58:55.214277     0     0 I         : Enabling non-boot CPUs ...
11-03 20:58:55.215086     0     0 I CPU1    : update cpu_capacity 1024
11-03 20:58:55.216532     0     0 I         : CPU1 is up
11-03 20:58:55.218949     0     0 I CPU1    : update max cpu_capacity 1024
11-03 20:58:55.220344     0     0 I PM      : noirq resume of devices complete after 3.494 msecs
11-03 20:58:55.225839     0     0 I PM      : early resume of devices complete after 4.027 msecs
11-03 20:58:55.227334    20    20 E         : [20:58:55.949984] [000000075EA0F7F1] [VosRX]  wlan: [E :WDI] WDTS_RxPacketDump RX Data frame is UC
11-03 20:58:55.227397    20    20 E         : [20:58:55.950015] [000000075EA0FA45] [VosRX]  wlan: [E :WDI] WDTS_RxPacketDump: Data subtype:8 SA:44:fe:3b:41:13:4b DA:00:0a:f5:f2:a2:70
11-03 20:58:55.227497    20    20 E         : [20:58:55.950153] [000000075EA104AF] [VosRX]  wlan: [E :HDD] hdd_log_ip_addr: src addr 192:168:1:3
11-03 20:58:55.227509    20    20 E         : [20:58:55.950168] [000000075EA105C1] [VosRX]  wlan: [E :HDD] hdd_log_ip_addr: dst addr 192:168:1:14
11-03 20:58:55.255043     0     0 I bgcom   : bgcom_pm_resume: Bgcom resumed with : 0
11-03 20:58:55.260915     0     0 I PM      : resume of devices complete after 35.045 msecs
11-03 20:58:55.263542     0     0 I         : Restarting tasks ...
11-03 20:58:55.265853     0     0 W QSEECOM : qseecom_receive_req: Interrupted: exiting Listener Service = 8192
11-03 20:58:55.265920     0     0 W QSEECOM : qseecom_receive_req: Interrupted: exiting Listener Service = 11
11-03 20:58:55.265958     0     0 W QSEECOM : qseecom_receive_req: Interrupted: exiting Listener Service = 28672
11-03 20:58:55.269292     0     0 W QSEECOM : qseecom_receive_req: Interrupted: exiting Listener Service = 12288
11-03 20:58:55.269349     0     0 W QSEECOM : qseecom_receive_req: Interrupted: exiting Listener Service = 10
11-03 20:58:55.274935     0     0 I         : done.
11-03 20:58:55.998287     0     0 I PM      : suspend exit 2021-11-03 19:58:55.998287208 UTC
11-03 20:58:56.100201     0     0 I PM      : suspend entry 2021-11-03 19:58:56.100201635 UTC
11-03 20:58:56.100215     0     0 I PM      : Syncing filesystems ... done.
11-03 20:58:56.198964     0     0 I         : Freezing user space processes ... (elapsed 0.007 seconds) done.
11-03 20:58:56.206568     0     0 I         : Freezing remaining freezable tasks ... (elapsed 0.003 seconds) done.
11-03 20:58:56.210545     0     0 I         : Suspending console(s) (use no_console_suspend to debug)
11-03 20:58:56.218808     0     0 I bgcom   : bgcom_pm_suspend: suspended with : 0
11-03 20:58:56.255266     0     0 I PM      : suspend of devices complete after 42.176 msecs
11-03 20:58:56.260775     0     0 I PM      : late suspend of devices complete after 5.466 msecs
11-03 20:58:56.266650     0     0 I PM      : noirq suspend of devices complete after 5.851 msecs
