11-03 10:09:16.835678  4243  4243 D OMService: onDisplayChanged: not dozing
11-03 10:09:16.842361   512   512 I sensors-hal: activate:118, android.sensor.accelerometer/48 en=1 completed
--------- switch to kernel
11-03 10:09:16.744236     0     0 E bgrsb   : bgrsb_enable: rsb will set report rate
11-03 10:09:16.753219     0     0 E bgrsb   : bgrsb_enable: gpio 32 is valid
--------- switch to main
11-03 10:09:16.861603  2520  2520 D HOME    : [BatteryChange]action: android.intent.action.BATTERY_CHANGED
11-03 10:09:16.862802  2520 10449 D HOME    : [BatteryChange]HandleBatteryChangedTask
11-03 10:09:16.863939  2520 10449 D HOME    : [BatteryChange]level: 18, status: 3
11-03 10:09:16.871898  1686  1759 I InputReader: Reconfiguring input devices.  changes=0x00000004
11-03 10:09:16.877857  1956  1956 D QtiCarrierConfigHelper: WARNING, no carrier configs on phone Id: 0
11-03 10:09:16.893295   512 12017 I sensors-hal: handle_indication_realtime:355,  SCHED_FIFO(10) for qmi_cbk
--------- switch to system
11-03 10:09:16.904429  1686  1702 W BroadcastQueue: Background execution not allowed: receiving Intent { act=android.intent.action.USER_PRESENT flg=0x10 } to com.google.android.gms/.auth.setup.devicesignals.LockScreenReceiver
--------- switch to main
11-03 10:09:16.908354  3205  3434 W WorkController: Loading failed for worker [trainingcache]: worker not found
11-03 10:09:16.912033  3205  3372 W A       : TrainingCache cache DEVICE_UNLOCKED failure
11-03 10:09:16.912033  3205  3372 W A       : com.google.android.apps.gsa.search.core.service.h.a.a: No worker found for Worker ID [trainingcache].
11-03 10:09:16.912033  3205  3372 W A       : 	at com.google.android.apps.gsa.search.core.service.g.a.c.a(Unknown Source:5)
11-03 10:09:16.912033  3205  3372 W A       : 	at com.google.android.libraries.gsa.c.a.d.a(Unknown Source:3)
11-03 10:09:16.912033  3205  3372 W A       : 	at com.google.common.p.a.cg.c(Unknown Source:2)
11-03 10:09:16.912033  3205  3372 W A       : 	at com.google.common.p.a.bk.run(SourceFile:3)
11-03 10:09:16.912033  3205  3372 W A       : 	at com.google.common.p.a.ci.run(Unknown Source:4)
11-03 10:09:16.912033  3205  3372 W A       : 	at com.google.apps.tiktok.concurrent.ab.run(SourceFile:1)
11-03 10:09:16.912033  3205  3372 W A       : 	at java.util.concurrent.ThreadPoolExecutor.runWorker(ThreadPoolExecutor.java:1167)
11-03 10:09:16.912033  3205  3372 W A       : 	at java.util.concurrent.ThreadPoolExecutor$Worker.run(ThreadPoolExecutor.java:641)
11-03 10:09:16.912033  3205  3372 W A       : 	at com.google.apps.tiktok.concurrent.c.run(Unknown Source:4)
11-03 10:09:16.912033  3205  3372 W A       : 	at java.lang.Thread.run(Thread.java:764)
11-03 10:09:16.916656   504   523 I SDM     : DisplayBase::SetDisplayState: Set state = 3, display 0
11-03 10:09:16.917320   504   523 D SDM     : HWCDisplayPrimary::SetStandByMode: Display is connected successfully
11-03 10:09:16.918023   416  2389 D SKGHAL  : standBy_update_control call succeed on 0
11-03 10:09:16.918129   416  2389 D SKGHAL  : sendAmbientEvent: done: enable = 0
--------- switch to kernel
11-03 10:09:16.805571     0     0 I         : [touch]FB_BLANK_VSYNC_SUSPEND
11-03 10:09:16.805891     0     0 I         : [touch]Already in suspend state
--------- switch to main
11-03 10:09:16.924216  1686  1823 D SidekickService:    ... endDisplay returns void
11-03 10:09:16.926789   545   545 D SurfaceFlinger: Set power mode=2, type=0 flinger=0xb6bb6000
11-03 10:09:16.927887   504   764 I SDM     : DisplayBase::SetDisplayState: Set state = 1, display 0
--------- switch to system
11-03 10:09:16.928202  1686  1702 W BroadcastQueue: Background execution not allowed: receiving Intent { act=android.intent.action.USER_PRESENT flg=0x10 } to com.google.android.gms/.chimera.GmsIntentOperationService$PersistentTrustedReceiver
--------- switch to kernel
11-03 10:09:16.824034     0     0 I mdss_dsi_panel_set_idle_mode: Idle (1->0)
11-03 10:09:16.825346     0     0 E mdp3_enable_panic_ctrl: mdp3_enable_panic_ctrl: Enable Panic Control
11-03 10:09:16.825478     0     0 I         : [touch]FB_BLANK_UNBLANK
11-03 10:09:16.825484     0     0 I         : [touch]raydium_ts_do_resume, 1.
11-03 10:09:16.826214     0     0 I         : [ raydium ]workqueue is empty!
11-03 10:09:16.826241     0     0 I raydium_ts 5-0039: [touch]Already enable irq
11-03 10:09:16.826245     0     0 I         : [touch]Device may wakeup
--------- switch to main
11-03 10:09:16.938723   545   545 D SurfaceFlinger: Finished set power mode=2, type=0
--------- switch to system
11-03 10:09:16.943409  1686 10916 W PowerManagerService: Screen on took 329 ms
11-03 10:09:16.948967  1686  1712 I DreamManagerService: Gently waking up from dream.
11-03 10:09:16.951612  1686  1708 I DreamManagerService: Performing gentle wake from dream.
11-03 10:09:16.964903  1686  1686 V DreamService[AmbientDream]: wakeUp(): fromSystem=true, mWaking=false, mFinished=false
11-03 10:09:16.965172  1686  1686 V DreamService[AmbientDream]: finish(): mFinished=false
11-03 10:09:16.965354  1686  1686 I DreamManagerService: Leaving dreamland.
11-03 10:09:16.966177  1686  1708 I DreamManagerService: Performing gentle wake from dream.
11-03 10:09:16.966446  1686  1708 I DreamController: Stopping dream: name=ComponentInfo{com.google.android.wearable.ambient/com.google.android.wearable.ambient.AmbientDream}, isTest=false, canDoze=true, userId=0
--------- switch to main
11-03 10:09:16.968146  1686  1799 E WifiStateMachine: getWifiLinkLayerStats called without an interface
11-03 10:09:16.982228  1686  1686 W AlarmManager: Unrecognized alarm listener com.android.server.job.controllers.-$$Lambda$IdleController$IdlenessTracker$nTdS-lGBXcES5VWKcJFmQFgU7IU@1ab437a
--------- switch to system
11-03 10:09:16.982874  1686  1686 V DreamService[AmbientDream]: detach(): Calling onDreamingStopped()
--------- switch to main
11-03 10:09:16.982993  1686  1686 I AmbientService: [ce6a28c] doOnDreamingStopped
11-03 10:09:16.983075  1686  1686 D WristGestureCtrl: Starting: GesturesEnabled-false UngazeEnabled-true
11-03 10:09:16.983127  1686  1686 D DefaultUngazeDetector: starting
11-03 10:09:16.983180  1686  1686 D DefaultUngazeDetector: startUngazeStateEstimation(). startTime = 62036413
11-03 10:09:16.989104   512   512 I sensors-hal: batch:140, android.sensor.accelerometer/48, period=19231000, max_latency=100000000
11-03 10:09:16.990004  1686  1686 W AlarmManagerProxy: Removing unknown listener
11-03 10:09:16.990656   512 12019 I sensors-hal: handle_indication_realtime:355,  SCHED_FIFO(10) for qmi_cbk
11-03 10:09:16.996424  2520  2520 D HOME    : [HomeVisitsLogger]Logging streamlet event: visit_start
11-03 10:09:16.996755  2520  2520 D HOME    : [HomeVisitsLogger]Logging streamlet event: exit_ambient_mode
11-03 10:09:16.997472  2520  2520 D HOME    : [HotwordController]updateClient MODE_WATCH_FACE false false false true
11-03 10:09:16.998618  2520  2520 D HOME    : [WatchFaceUiController]setInAmbientMode false
11-03 10:09:16.998711  2520  2520 D HOME    : [WatchFaceUiController]sendWatchFaceServiceBinder
11-03 10:09:17.000049   512   512 I sensors-hal: batch:149, android.sensor.accelerometer/48, period=19231000, max_latency=100000000 request completed
11-03 10:09:17.001801   512   512 I sensors-hal: flush:169, android.sensor.accelerometer/48
11-03 10:09:17.004261  2520  2520 D HOME    : [WatchFaceUiController]sendStateToWallpaper
11-03 10:09:17.005614   512   512 I sensors-hal: flush:175, android.sensor.accelerometer/48 completed
11-03 10:09:17.007840  2520  2520 D HOME    : [WatchFaceUiController]Showing watch face wallpaper.
11-03 10:09:17.008061  2520  2520 D HOME    : [WatchFaceUiController]sendStateToWallpaper
11-03 10:09:17.012741  2520  2520 D HOME    : [StreamDBQueue]Promised revision #3957 to queue a new op
11-03 10:09:17.013058  2520  2520 D WatchStreamManager: Promised rank-blocked=true @ r#3957
11-03 10:09:17.013545  2520  2520 D HOME    : [StreamDBQueue]Promised revision #3958 to queue a new op
11-03 10:09:17.013692  2520  2520 D WatchStreamManager: Promised rank-blocked=true @ r#3958
11-03 10:09:17.014247  2520  2520 D HOME    : [TilesController]Tile refresh optimization is enabled.
11-03 10:09:17.014638  2520  2520 D HOME    : [EventBus]Wrapper pool is full. Discarding excess wrapper instance for event com.google.android.clockwork.sysui.events.KeyguardStateEvent
11-03 10:09:17.014726  2520  2520 D HOME    : [WatchFaceUiController]sendStateToWallpaper
11-03 10:09:17.017587  2520  2520 D HOME    : [EventBus]Wrapper pool is full. Discarding excess wrapper instance for event com.google.android.clockwork.sysui.events.KeyguardStateEvent
11-03 10:09:17.017982  2520  2520 D HOME    : [EventBus]Wrapper pool is full. Discarding excess wrapper instance for event com.google.android.clockwork.sysui.events.KeyguardStateEvent
11-03 10:09:17.026040  2520  2520 D HOME    : [WatchFaceUiController]sendStateToWallpaper
11-03 10:09:17.031474  2520  2520 W StaticLayout: maxLineHeight should not be -1.  maxLines:1 lineCount:1
11-03 10:09:17.045864  2520 11078 D HOME    : [WatchStreamDB]Item alerting conditions - isInterruptive: false, recentlyInterrupted: false, isItemPinned: false, isUnread: false
11-03 10:09:17.046260  2520 11078 D HOME    : [StreamAlertingRegulator]isTheaterModeEnabled: false, isAlertingAllowedByOffBody: true, matchesLocalInterruptionFilter: true
11-03 10:09:17.046531  2520 11078 D HOME    : [WatchStreamDB]couldItemAlert: false, isTopItemChanged: false, isDeferralForTopItem: false
11-03 10:09:17.068338  1686  1686 I AmbientService: [ce6a28c] No auto-resume Activity.
11-03 10:09:17.080501  2520 11078 D HOME    : [WatchStreamDB]Item alerting conditions - isInterruptive: false, recentlyInterrupted: false, isItemPinned: false, isUnread: false
11-03 10:09:17.082530  2520 11078 D HOME    : [StreamAlertingRegulator]isTheaterModeEnabled: false, isAlertingAllowedByOffBody: true, matchesLocalInterruptionFilter: true
11-03 10:09:17.093299  2520 11078 D HOME    : [WatchStreamDB]couldItemAlert: false, isTopItemChanged: false, isDeferralForTopItem: false
--------- switch to system
11-03 10:09:17.115212  1686  1686 W ContextImpl: Calling a method in the system process without a qualified user: android.app.ContextImpl.sendBroadcast:1020 android.content.ContextWrapper.sendBroadcast:449 com.google.android.wearable.ambient.AmbientDream.onDestroy:273 android.app.ActivityThread.handleStopService:3698 android.app.ActivityThread.access$1700:200 
--------- switch to main
11-03 10:09:17.115800  1686  1686 E AlarmManager: cancel() called with a null PendingIntent
--------- switch to system
11-03 10:09:17.116136  1686  1686 V DreamService[AmbientDream]: onDestroy()
--------- switch to main
11-03 10:09:17.148031  2520  2520 D HOME    : [WatchFaceUiController]sendWatchFaceServiceBinder
11-03 10:09:17.153389  2520  2520 D HOME    : [WatchFaceUiController]sendProperties
11-03 10:09:17.155420  2520  2520 D HOME    : [WatchFaceUiController]sendStateToWallpaper
11-03 10:09:17.181213  1686  1686 I WearPower: [WearTouchMediator] changing touch input to enabled (ON_AUTO)
11-03 10:09:17.182225  1686  1759 I InputReader: Reconfiguring input devices.  changes=0x00000200
--------- switch to kernel
11-03 10:09:17.085803     0     0 I init    : processing action (ro.enable_core_ctl=true && sys.cw_corectl_mode=perf) from (/vendor/etc/init/hw/init.qcom.rc:954)
11-03 10:09:17.088384     0     0 I CPU2    : update cpu_capacity 1024
--------- switch to main
11-03 10:09:17.216791  1686  1686 W AlarmManagerProxy: Removing unknown listener
11-03 10:09:17.219542  1686  1686 W DefaultSettingsContentR: Value for ambient_low_bit_enabled not stored as number. Attempting parse as boolean.
11-03 10:09:17.226090  2456  2475 I com.android.nf: Background concurrent copying GC freed 10004(418KB) AllocSpace objects, 0(0B) LOS objects, 30% free, 1160KB/1672KB, paused 200us total 325.740ms
11-03 10:09:17.228315  3205  3434 W WorkController: Loading failed for worker [trainingcache]: worker not found
11-03 10:09:17.229352  3205  3294 W A       : TrainingCache cache SCREEN_ON failure
11-03 10:09:17.229352  3205  3294 W A       : com.google.android.apps.gsa.search.core.service.h.a.a: No worker found for Worker ID [trainingcache].
11-03 10:09:17.229352  3205  3294 W A       : 	at com.google.android.apps.gsa.search.core.service.g.a.c.a(Unknown Source:5)
11-03 10:09:17.229352  3205  3294 W A       : 	at com.google.android.libraries.gsa.c.a.d.a(Unknown Source:3)
11-03 10:09:17.229352  3205  3294 W A       : 	at com.google.common.p.a.cg.c(Unknown Source:2)
11-03 10:09:17.229352  3205  3294 W A       : 	at com.google.common.p.a.bk.run(SourceFile:3)
11-03 10:09:17.229352  3205  3294 W A       : 	at com.google.common.p.a.ci.run(Unknown Source:4)
11-03 10:09:17.229352  3205  3294 W A       : 	at com.google.apps.tiktok.concurrent.ab.run(SourceFile:1)
11-03 10:09:17.229352  3205  3294 W A       : 	at java.util.concurrent.ThreadPoolExecutor.runWorker(ThreadPoolExecutor.java:1167)
11-03 10:09:17.229352  3205  3294 W A       : 	at java.util.concurrent.ThreadPoolExecutor$Worker.run(ThreadPoolExecutor.java:641)
11-03 10:09:17.229352  3205  3294 W A       : 	at com.google.apps.tiktok.concurrent.c.run(Unknown Source:4)
11-03 10:09:17.229352  3205  3294 W A       : 	at java.lang.Thread.run(Thread.java:764)
--------- switch to kernel
11-03 10:09:17.110720     0     0 I CPU3    : update cpu_capacity 1024
11-03 10:09:17.116998     0     0 I CPU2    : update max cpu_capacity 1024
--------- switch to main
11-03 10:09:17.252856  2520  2520 D HOME    : [StreamDBQueue]Promised revision #3959 to queue a new op
11-03 10:09:17.253153  2520  2520 D WatchStreamManager: Promised rank-blocked=true @ r#3959
11-03 10:09:17.253979  2520 12013 D HOME    : [WatchStreamDB]Item alerting conditions - isInterruptive: false, recentlyInterrupted: false, isItemPinned: false, isUnread: false
11-03 10:09:17.254330  2520 12013 D HOME    : [StreamAlertingRegulator]isTheaterModeEnabled: false, isAlertingAllowedByOffBody: true, matchesLocalInterruptionFilter: true
11-03 10:09:17.254557  2520 12013 D HOME    : [WatchStreamDB]couldItemAlert: false, isTopItemChanged: false, isDeferralForTopItem: false
--------- switch to kernel
11-03 10:09:17.155870     0     0 I CPU3    : update max cpu_capacity 1024
--------- switch to main
11-03 10:09:17.368515   512  1749 I sensors-hal: activate:107, android.sensor.light/46 en=0
11-03 10:09:17.369756   512  1749 I sensors-hal: activate:118, android.sensor.light/46 en=0 completed
11-03 10:09:17.371125   512  1749 I sensors-hal: batch:140, android.sensor.light/46, period=250000000, max_latency=0
11-03 10:09:17.371177   512  1749 I sensors-hal: batch:149, android.sensor.light/46, period=250000000, max_latency=0 request completed
11-03 10:09:17.371864   512  1749 I sensors-hal: activate:107, android.sensor.light/46 en=1
11-03 10:09:17.372139   512  1749 I sensors-hal: ssc_enable_rt_task:254, ssc_enable_rt_task : true
11-03 10:09:17.373885   512  1749 I sensors-hal: activate:118, android.sensor.light/46 en=1 completed
--------- switch to system
11-03 10:09:17.376350  1686  1686 V SettingsProvider: Notifying for 0: content://settings/system/screen_brightness
--------- switch to main
11-03 10:09:17.379596  1686  1686 I SidekickService: loadBrightnessLocked()
11-03 10:09:17.380450  1686  1686 D SidekickService: screenBrightness  = 55
11-03 10:09:17.380959  1686  1686 D SidekickService: sendConfigValuesLocked(): alsThresholds = [40, 92, 95, 100, 125, 150, 175, 200, 225, 250, 300, 400, 500, 800, 1200], brightnessValuesBright = [50, 56, 60, 70, 80, 90, 100, 115, 120, 140, 160, 180, 200, 220, 240, 255], brightnessValuesDim= [50, 56, 60, 70, 80, 90, 100, 115, 120, 140, 160, 180, 200, 220, 240, 255]
11-03 10:09:17.396748  1686  1686 D SidekickService: setAlsMode(): mode = 2, brightenAlpha = 80, dimmingAlpha = 80
11-03 10:09:17.407369  1686  1686 D SidekickService: setTwmConfig():: msTiltToBright = 10000, tiltToBright = false
11-03 10:09:17.459205   512 12029 I sensors-hal: handle_indication_realtime:355,  SCHED_FIFO(10) for qmi_cbk
11-03 10:09:17.886509   512  1749 I sensors-hal: batch:140, android.sensor.accelerometer/48, period=66667000, max_latency=100000000
11-03 10:09:17.889104   512  1749 I sensors-hal: batch:149, android.sensor.accelerometer/48, period=66667000, max_latency=100000000 request completed
11-03 10:09:17.890299  1686  1686 D DefaultUngazeDetector: Ungaze event occurred; emitting gesture event!
11-03 10:09:17.890437  1686  1686 D WristGestureCtrl: Gesture:GESTURE UNGAZE, timestamp(ms): 62036413, confidence: 0.0, latency(ms): 0, duration(ms): 907
11-03 10:09:17.891883   512  1749 I sensors-hal: batch:140, android.sensor.accelerometer/48, period=19231000, max_latency=100000000
11-03 10:09:17.894772   512  1749 I sensors-hal: batch:149, android.sensor.accelerometer/48, period=19231000, max_latency=100000000 request completed
11-03 10:09:17.895342   512  1749 I sensors-hal: flush:169, android.sensor.accelerometer/48
11-03 10:09:17.898933   512  1749 I sensors-hal: flush:175, android.sensor.accelerometer/48 completed
--------- switch to system
11-03 10:09:17.900391  1686  1686 I WindowManager: sleepRelease() calling goToSleep(GO_TO_SLEEP_REASON_SLEEP_BUTTON)
11-03 10:09:17.900712  1686  1686 I PowerManagerService: Going to sleep due to sleep button (uid 1000)...
11-03 10:09:17.901803  1686  1686 W UsageStatsService: Event reported without a package name
11-03 10:09:17.901916  1686  1712 I DreamManagerService: Entering dreamland.
11-03 10:09:17.902810  1686  1712 I PowerManagerService: Dozing...
11-03 10:09:17.915234  1686  1708 I DreamController: Starting dream: name=ComponentInfo{com.google.android.wearable.ambient/com.google.android.wearable.ambient.AmbientDream}, isTest=false, canDoze=true, userId=0
11-03 10:09:17.929428  1686  1686 W ContextImpl: Calling a method in the system process without a qualified user: android.app.ContextImpl.bindService:1611 android.content.ContextWrapper.bindService:698 com.google.android.wearable.ambient.AmbientDream.onCreate:191 android.app.ActivityThread.handleCreateService:3533 android.app.ActivityThread.access$1300:200 
11-03 10:09:17.932287  1686  1686 W ContextImpl: Calling a method in the system process without a qualified user: android.app.ContextImpl.sendBroadcast:1005 android.content.ContextWrapper.sendBroadcast:444 com.google.android.wearable.ambient.AmbientDream.onCreate:241 android.app.ActivityThread.handleCreateService:3533 android.app.ActivityThread.access$1300:200 
11-03 10:09:17.932904  1686  1686 V DreamService[AmbientDream]: onBind() intent = Intent { act=android.service.dreams.DreamService flg=0x800000 cmp=com.google.android.wearable.ambient/.AmbientDream }
--------- switch to main
11-03 10:09:17.933995  1686  1686 I AmbientService: [ce6a28c] Ambient Created
--------- switch to system
11-03 10:09:17.935071  1686  1686 V DreamService[AmbientDream]: Calling onDreamingStarted()
--------- switch to main
11-03 10:09:17.935227  1686  1686 I AmbientService: [ce6a28c] doOnDreamingStarted
11-03 10:09:17.935755  1686  1686 D SidekickService: setShouldControlDisplay called: true
11-03 10:09:17.936817  1686  1686 I AmbientService: [ce6a28c] Selected running activity for ambient mode: AmbientActivity[component=ComponentInfo{com.google.android.wearable.app/com.google.android.clockwork.home2.activity.HomeActivity2}, callbacks=@210b385, running=true, ambientRequested=true, ambientEnabled=true, offloadEnabled=true]
11-03 10:09:17.937438  1686  1686 I AmbientService: [ce6a28c] Sidekick is ready to display, requesting doze.
11-03 10:09:17.938062  1686  1686 I AmbientService: [ce6a28c] No auto-resume Activity.
11-03 10:09:17.940729  1686  1686 W DefaultSettingsContentR: Value for ambient_low_bit_enabled not stored as number. Attempting parse as boolean.
11-03 10:09:17.945073  1686  1686 I AmbientService: [ce6a28c] Showing watch face in offload mode, canceling alarm.
11-03 10:09:17.945218  1686  1686 W AlarmManagerProxy: Removing unknown listener
11-03 10:09:17.945334  1686  1686 D WristGestureCtrl: Stopping detectors: GesturesEnabled-false gestureDetector-false ungazeEnabled-true ungaze-true
11-03 10:09:17.945374  1686  1686 D DefaultUngazeDetector: stopping
11-03 10:09:17.946547   512  1749 I sensors-hal: batch:140, android.sensor.accelerometer/48, period=66667000, max_latency=100000000
11-03 10:09:17.949852  2520  2520 D HOME    : [HomeVisitsLogger]Logging streamlet event: enter_ambient_mode
11-03 10:09:17.950130   512  1749 I sensors-hal: batch:149, android.sensor.accelerometer/48, period=66667000, max_latency=100000000 request completed
11-03 10:09:17.950623  2520  2520 D HOME    : [HotwordController]updateClient MODE_WATCH_FACE false true false true
11-03 10:09:17.951687  2520  2520 D HOME    : [WatchFaceUiController]setInAmbientMode true
11-03 10:09:17.952805  2520 12013 I SidekickManager: replaceWatchFaceComponentsImpl(): watchFace = com.google.android.clockwork.decomposablewatchface.WatchFaceDecomposition@b28e0cd
11-03 10:09:17.953197  2520 11078 D HOME    : [HomeVisitsLogger]Logging streamlet event: visit_end
11-03 10:09:17.953646  2520  2520 D HOME    : [StreamDBQueue]Promised revision #3960 to queue a new op
11-03 10:09:17.953686  1686  2583 D SidekickService: sendWatchFaceComponents called: watchFace = com.google.android.clockwork.decomposablewatchface.WatchFaceDecomposition@bc701b8shouldReplace = false
11-03 10:09:17.953921  1686  2583 D SidekickService: Check decomposition for calling app com.google.android.wearable.app with uid 10049
11-03 10:09:17.953929  2520  2520 D WatchStreamManager: Promised rank-blocked=false @ r#3960
11-03 10:09:17.954328  2520  2520 D HOME    : [StreamDBQueue]Promised revision #3961 to queue a new op
11-03 10:09:17.954328  1686  2583 D SidekickService: sendWatchFaceLocked(): shouldReplace = false, mSidekickIsControlling = false, 1 images, 0 fonts, 0 numbers, 0 proportionalFonts, 0 strings
11-03 10:09:17.954435  1686  2583 D SidekickService: ISidekickGraphics#beginResources()...
11-03 10:09:17.954488  2520  2520 D WatchStreamManager: Promised rank-blocked=false @ r#3961
11-03 10:09:17.954564  2520 11078 D HOME    : [WatchStreamDB]Item alerting conditions - isInterruptive: false, recentlyInterrupted: false, isItemPinned: false, isUnread: false
11-03 10:09:17.954920  2520 11078 D HOME    : [StreamAlertingRegulator]isTheaterModeEnabled: false, isAlertingAllowedByOffBody: true, matchesLocalInterruptionFilter: true
11-03 10:09:17.955146  2520 11644 D HOME    : [StreamDBQueue]Promised revision #3962 to queue a new op
11-03 10:09:17.955140  2520  2520 D HOME    : [EventBus]Wrapper pool is full. Discarding excess wrapper instance for event com.google.android.clockwork.sysui.events.KeyguardStateEvent
11-03 10:09:17.955169  2520 11078 D HOME    : [WatchStreamDB]couldItemAlert: false, isTopItemChanged: false, isDeferralForTopItem: false
11-03 10:09:17.955235  2520  2520 D HOME    : [WatchFaceUiController]sendStateToWallpaper
11-03 10:09:17.955267  2520 11644 D WatchStreamManager: Promised rerank @ r#3962
11-03 10:09:17.955602  1686  2583 D SidekickServiceUtils: bitmapFromDrawable: Returning bitmap directly
11-03 10:09:17.956097  2520 11078 D HOME    : [WatchStreamDB]Item alerting conditions - isInterruptive: false, recentlyInterrupted: false, isItemPinned: false, isUnread: false
11-03 10:09:17.956775  2520 11078 D HOME    : [StreamAlertingRegulator]isTheaterModeEnabled: false, isAlertingAllowedByOffBody: true, matchesLocalInterruptionFilter: true
11-03 10:09:17.957409  2520 11078 D HOME    : [WatchStreamDB]couldItemAlert: false, isTopItemChanged: false, isDeferralForTopItem: false
11-03 10:09:17.957389  2520  2520 D HOME    : [EventBus]Wrapper pool is full. Discarding excess wrapper instance for event com.google.android.clockwork.sysui.events.KeyguardStateEvent
11-03 10:09:17.957715  2520  2520 D HOME    : [EventBus]Wrapper pool is full. Discarding excess wrapper instance for event com.google.android.clockwork.sysui.events.KeyguardStateEvent
11-03 10:09:17.957941  2520 11078 D HOME    : [WatchStreamDB]updateRanking()
11-03 10:09:17.958408  2520 11078 D HOME    : [WatchStreamDB]Item alerting conditions - isInterruptive: false, recentlyInterrupted: false, isItemPinned: false, isUnread: false
11-03 10:09:17.958724  2520 11078 D HOME    : [StreamAlertingRegulator]isTheaterModeEnabled: false, isAlertingAllowedByOffBody: true, matchesLocalInterruptionFilter: true
11-03 10:09:17.958974  1686  2583 D SidekickService: sendBitmapsLocked(): bounds = RectF(0.0, 0.0, 0.0024038462, 0.0024038462), drawableInfo = {.id = 100000, .width = 1, .height = 1, .display = true, .offsetX = 0.0, .offsetY = 0.0, .rotationInfo = {.hasRotation = false, .pivotX = 0.0, .pivotY = 0.0, .degreesPerDay = 0.0, .degreesPerStep = 0.0, .zeroDegreesTime = {.daysSinceLocalEpoch = 0, .msSinceMidnight = 0}}, .transformInfo = {.transformed = false, .flipX = false, .flipY = false, .flip45 = false, .scaleX = 0.0, .scaleY = 0.0}, .type = GENERIC, .blink = {.blinking = false, .periodOnMs = 0.0, .periodOffMs = 0.0, .startTime = {.daysSinceLocalEpoch = 0, .msSinceMidnight = 0}}, .zOrder = 8, .displayInTwm = true}, image.size() = 84
11-03 10:09:17.959438  2520 11078 D HOME    : [WatchStreamDB]couldItemAlert: false, isTopItemChanged: false, isDeferralForTopItem: false
11-03 10:09:17.961251  2520 11078 D HOME    : [NewStreamAdapter]Publishing revision #3962 to adapter clients
11-03 10:09:17.964684  2520  2520 W StaticLayout: maxLineHeight should not be -1.  maxLines:1 lineCount:1
11-03 10:09:17.965422   416  2389 D SKGHAL  : saveResource: resId = 100000
11-03 10:09:17.966719  1686  2583 D SidekickService: sendBitmapsLocked(): status = 0, bytesUsed = 18
11-03 10:09:17.967195  1686  2583 D SidekickService: ISidekickGraphics#endResources()...
11-03 10:09:17.968767  2520 11644 D HOME    : [StreamDBQueue]Promised revision #3963 to queue a new op
11-03 10:09:17.969150  2520 11644 D WatchStreamManager: Promised rerank @ r#3963
11-03 10:09:17.969559  2520 11078 D HOME    : [WatchStreamDB]updateRanking()
11-03 10:09:17.970324  2520 11078 D HOME    : [WatchStreamDB]Item alerting conditions - isInterruptive: false, recentlyInterrupted: false, isItemPinned: false, isUnread: false
11-03 10:09:17.970690  2520 11078 D HOME    : [StreamAlertingRegulator]isTheaterModeEnabled: false, isAlertingAllowedByOffBody: true, matchesLocalInterruptionFilter: true
11-03 10:09:17.970951  2520 11078 D HOME    : [WatchStreamDB]couldItemAlert: false, isTopItemChanged: false, isDeferralForTopItem: false
11-03 10:09:17.971540  2520 11078 D HOME    : [NewStreamAdapter]Publishing revision #3963 to adapter clients
11-03 10:09:18.288328   416  2389 D SKGHAL  : sendResources: metadata size = 2400, font size = 72
11-03 10:09:18.354798   416  2389 D SKGHAL  : endResources: rc = 0
--------- switch to system
11-03 10:09:18.357881  1686  1686 W Looper  : Slow dispatch took 398ms main h=android.os.Handler c=com.google.android.wearable.ambient.AmbientDream$Callbacks$1@291fb91 m=0
--------- switch to main
11-03 10:09:18.358286  2520  2520 D HOME    : [SidekickManagerAsync]replaceWatchFaceComponents(): Callback#onResult(): 0
11-03 10:09:18.358998  2520  2520 D HOME    : [WatchFaceUiController]Complication updates sent, posting watch face hiding
11-03 10:09:18.359139  2520  2520 D HOME    : [WatchFaceUiController]Still in ambient watch face, hiding
11-03 10:09:18.359214  2520  2520 D HOME    : [WatchFaceUiController]Hiding watch face wallpaper.
--------- switch to kernel
11-03 10:09:18.271756     0     0 E FG      : fg_psy_get_property: unsupported property 7
11-03 10:09:18.274436     0     0 W healthd : battery l=18 v=3740 t=28.0 h=2 st=3 c=5 fc=443000 cc=0 chg=
--------- switch to main
11-03 10:09:18.392687   512   512 I sensors-hal: activate:107, android.sensor.light/46 en=0
11-03 10:09:18.394523   512   512 I sensors-hal: activate:118, android.sensor.light/46 en=0 completed
11-03 10:09:18.399284  1956  1956 D QtiCarrierConfigHelper: WARNING, no carrier configs on phone Id: 0
11-03 10:09:18.399405  2520  2520 D HOME    : [BatteryChange]action: android.intent.action.BATTERY_CHANGED
11-03 10:09:18.400058  2520 12013 D HOME    : [BatteryChange]HandleBatteryChangedTask
--------- switch to system
11-03 10:09:18.401773  1686  1710 I DisplayManagerService: Display device changed state: "Écran intégré", DOZE_SUSPEND
--------- switch to main
11-03 10:09:18.408661   545   545 D SurfaceFlinger: Set power mode=3, type=0 flinger=0xb6bb6000
11-03 10:09:18.409897   504   762 I SDM     : DisplayBase::SetDisplayState: Set state = 3, display 0
11-03 10:09:18.418017  2520 12013 D HOME    : [BatteryChange]level: 18, status: 3
11-03 10:09:18.443829   545   545 D SurfaceFlinger: Finished set power mode=3, type=0
11-03 10:09:18.445022  1686  1823 I SidekickService: beginDisplayLocked(): DOZE_SUSPEND
--------- switch to kernel
11-03 10:09:18.298763     0     0 I mdss_dsi_panel_set_idle_mode: Idle (0->1)
--------- switch to main
11-03 10:09:18.446649   416  2389 D SKGHAL  : sendAmbientPrepare: enter:
--------- switch to kernel
11-03 10:09:18.328263     0     0 I         : [touch]FB_BLANK_VSYNC_SUSPEND
11-03 10:09:18.328281     0     0 I         : [touch]irq disable
11-03 10:09:18.328289     0     0 I         : [touch]workqueue is empty!
11-03 10:09:18.328295     0     0 I         : [touch]raydium_ts_do_suspend.
11-03 10:09:18.328318     0     0 I         : [touch]Device may wakeup
11-03 10:09:18.331363     0     0 I         : [touch]irq enable
--------- switch to main
11-03 10:09:18.473887  1686  1759 I InputReader: Reconfiguring input devices.  changes=0x00000004
11-03 10:09:18.576406   416  2389 D SKGHAL  : sendAmbientEvent: enter: enable = 1
11-03 10:09:18.578136   504   523 I SDM     : DisplayBase::SetDisplayState: Set state = 4, display 0
11-03 10:09:18.593234   504   523 D SDM     : HWCDisplayPrimary::SetStandByMode: Null display is connected successfully
11-03 10:09:18.593600   416  2389 D SKGHAL  : standBy_update_control call succeed on 1
11-03 10:09:18.603694   416  2389 D SKGHAL  : sendAmbientEvent: done: enable = 1
11-03 10:09:18.604266  1686  1823 D SidekickService:    ... beginDisplay result: 0 for halPower: 1
11-03 10:09:18.608382   512   512 I sensors-hal: activate:107, android.sensor.accelerometer/48 en=0
11-03 10:09:18.610267   512   512 I sensors-hal: activate:118, android.sensor.accelerometer/48 en=0 completed
--------- switch to kernel
11-03 10:09:18.499982     0     0 E bgrsb   : bgrsb_enable: gpio 32 is valid
--------- switch to main
11-03 10:09:18.616470  1686  1799 E WifiStateMachine: getWifiLinkLayerStats called without an interface
11-03 10:09:18.639248  1686  1686 I WearPower: [WearTouchMediator] changing touch input to enabled (ON_AUTO)
11-03 10:09:18.640733  1686  1759 I InputReader: Reconfiguring input devices.  changes=0x00000200
--------- switch to kernel
11-03 10:09:18.533346     0     0 I init    : processing action (ro.enable_core_ctl=true && sys.cw_corectl_mode=idle) from (/vendor/etc/init/hw/init.qcom.rc:949)
--------- switch to main
11-03 10:09:18.650345  1686  1686 I AmbientService: [ce6a28c] Timeout alarm not required, auto-resume timeout handled by dream.
11-03 10:09:18.661043  3205  3434 W WorkController: Loading failed for worker [trainingcache]: worker not found
11-03 10:09:18.664865  3205  3372 W A       : TrainingCache cache SCREEN_OFF failure
11-03 10:09:18.664865  3205  3372 W A       : com.google.android.apps.gsa.search.core.service.h.a.a: No worker found for Worker ID [trainingcache].
11-03 10:09:18.664865  3205  3372 W A       : 	at com.google.android.apps.gsa.search.core.service.g.a.c.a(Unknown Source:5)
11-03 10:09:18.664865  3205  3372 W A       : 	at com.google.android.libraries.gsa.c.a.d.a(Unknown Source:3)
11-03 10:09:18.664865  3205  3372 W A       : 	at com.google.common.p.a.cg.c(Unknown Source:2)
11-03 10:09:18.664865  3205  3372 W A       : 	at com.google.common.p.a.bk.run(SourceFile:3)
11-03 10:09:18.664865  3205  3372 W A       : 	at com.google.common.p.a.ci.run(Unknown Source:4)
11-03 10:09:18.664865  3205  3372 W A       : 	at com.google.apps.tiktok.concurrent.ab.run(SourceFile:1)
11-03 10:09:18.664865  3205  3372 W A       : 	at java.util.concurrent.ThreadPoolExecutor.runWorker(ThreadPoolExecutor.java:1167)
11-03 10:09:18.664865  3205  3372 W A       : 	at java.util.concurrent.ThreadPoolExecutor$Worker.run(ThreadPoolExecutor.java:641)
11-03 10:09:18.664865  3205  3372 W A       : 	at com.google.apps.tiktok.concurrent.c.run(Unknown Source:4)
11-03 10:09:18.664865  3205  3372 W A       : 	at java.lang.Thread.run(Thread.java:764)
11-03 10:09:18.679835  2520  2520 D HOME    : [StreamDBQueue]Promised revision #3964 to queue a new op
11-03 10:09:18.680234  2520  2520 D WatchStreamManager: Promised rank-blocked=false @ r#3964
11-03 10:09:18.680634  2520  2520 D HOME    : [CompactHunStarter]detachWindow()
11-03 10:09:18.681029  2520 11644 D HOME    : [StreamDBQueue]Promised revision #3965 to queue a new op
11-03 10:09:18.681185  2520 11644 D WatchStreamManager: Promised rerank @ r#3965
11-03 10:09:18.681903  2520 12013 D HOME    : [WatchStreamDB]Item alerting conditions - isInterruptive: false, recentlyInterrupted: false, isItemPinned: false, isUnread: false
11-03 10:09:18.682303  2520 12013 D HOME    : [StreamAlertingRegulator]isTheaterModeEnabled: false, isAlertingAllowedByOffBody: true, matchesLocalInterruptionFilter: true
11-03 10:09:18.682609  2520 12013 D HOME    : [WatchStreamDB]couldItemAlert: false, isTopItemChanged: false, isDeferralForTopItem: false
11-03 10:09:18.683217  2520 12013 D HOME    : [WatchStreamDB]updateRanking()
11-03 10:09:18.683825  2520 12013 D HOME    : [WatchStreamDB]Item alerting conditions - isInterruptive: false, recentlyInterrupted: false, isItemPinned: false, isUnread: false
11-03 10:09:18.684224  2520 12013 D HOME    : [StreamAlertingRegulator]isTheaterModeEnabled: false, isAlertingAllowedByOffBody: true, matchesLocalInterruptionFilter: true
11-03 10:09:18.684556  2520 12013 D HOME    : [WatchStreamDB]couldItemAlert: false, isTopItemChanged: false, isDeferralForTopItem: false
11-03 10:09:18.685331  2520 12013 D HOME    : [NewStreamAdapter]Publishing revision #3965 to adapter clients
--------- switch to kernel
11-03 10:09:18.586767     0     0 I CPU3    : update max cpu_capacity 1024
11-03 10:09:18.702048     0     0 I PM      : suspend entry 2021-11-03 09:09:18.702048398 UTC
11-03 10:09:18.702060     0     0 I PM      : Syncing filesystems ...
11-03 10:09:18.728741     0     0 W         : IRQ16 no longer affine to CPU2
11-03 10:09:18.728790     0     0 W         : IRQ93 no longer affine to CPU2
11-03 10:09:18.729507     0     0 I CPU2    : shutdown
11-03 10:09:18.731372     0     0 I init    : Command 'write /sys/devices/system/cpu/cpu2/online 0' action=ro.enable_core_ctl=true && sys.cw_corectl_mode=idle (/vendor/etc/init/hw/init.qcom.rc:951) took 86ms and succeeded
11-03 10:09:18.783893     0     0 I         : done.
11-03 10:09:18.811915     0     0 I CPU3    : shutdown
11-03 10:09:18.813326     0     0 I         : Freezing user space processes ...
11-03 10:09:18.817170     0     0 I CPU1    : update max cpu_capacity 748
11-03 10:09:18.819938     0     0 I PM      : Wakeup pending, aborting suspend
11-03 10:09:18.819999     0     0 I         : active wakeup source: NETLINK
11-03 10:09:18.820055     0     0 E         : Freezing of tasks aborted after 0.006 seconds
11-03 10:09:18.820071     0     0 I         : Restarting tasks ...
11-03 10:09:18.820679     0     0 W QSEECOM : qseecom_receive_req: Interrupted: exiting Listener Service = 8192
11-03 10:09:18.820778     0     0 W QSEECOM : qseecom_receive_req: Interrupted: exiting Listener Service = 11
11-03 10:09:18.820821     0     0 W QSEECOM : qseecom_receive_req: Interrupted: exiting Listener Service = 28672
11-03 10:09:18.825690     0     0 W QSEECOM : qseecom_receive_req: Interrupted: exiting Listener Service = 10
11-03 10:09:18.825755     0     0 W QSEECOM : qseecom_receive_req: Interrupted: exiting Listener Service = 12288
11-03 10:09:18.826218     0     0 I         : done.
11-03 10:09:18.832571     0     0 I init    : Command 'write /sys/devices/system/cpu/cpu3/online 0' action=ro.enable_core_ctl=true && sys.cw_corectl_mode=idle (/vendor/etc/init/hw/init.qcom.rc:952) took 95ms and succeeded
11-03 10:09:18.827105     0     0 I PM      : suspend exit 2021-11-03 09:09:18.827105273 UTC
11-03 10:09:19.031252     0     0 I PM      : suspend entry 2021-11-03 09:09:19.031252252 UTC
11-03 10:09:19.031273     0     0 I PM      : Syncing filesystems ... done.
11-03 10:09:19.048105     0     0 I         : Freezing user space processes ... (elapsed 0.010 seconds) done.
11-03 10:09:19.058899     0     0 I         : Freezing remaining freezable tasks ... (elapsed 0.005 seconds) done.
11-03 10:09:19.064935     0     0 I         : Suspending console(s) (use no_console_suspend to debug)
11-03 10:09:19.080505     0     0 I mdss_dsi_panel_set_idle_mode: Idle (1->1)
11-03 10:09:19.123164     0     0 I bgcom   : bgcom_pm_suspend: suspended with : 0
11-03 10:09:19.153417     0     0 I PM      : suspend of devices complete after 84.145 msecs
11-03 10:09:19.159549     0     0 I PM      : late suspend of devices complete after 6.084 msecs
11-03 10:09:19.165631     0     0 I PM      : noirq suspend of devices complete after 6.046 msecs
11-03 10:09:19.165647     0     0 I         : Disabling non-boot CPUs ...
11-03 10:09:19.178364     0     0 W         : IRQ16 no longer affine to CPU1
11-03 10:09:19.178704     0     0 W         : IRQ93 no longer affine to CPU1
11-03 10:09:19.180431     0     0 I CPU1    : shutdown
11-03 10:09:19.182854     0     0 I suspend ns: 3432494539034	suspend cycles:    1191293132500
11-03 10:09:19.182831     0     0 I CPU0    : msm_cpu_pm_enter_sleep mode:3 during suspend
11-03 10:09:19.182831     0     0 I         : Suspended for 12.088 seconds
11-03 10:09:19.182831     0     0 I resume cycles: 1191525230955
11-03 10:09:19.183464     0     0 I         : Enabling non-boot CPUs ...
11-03 10:09:19.184331     0     0 I CPU1    : update cpu_capacity 1024
11-03 10:09:19.186064     0     0 I         : CPU1 is up
11-03 10:09:19.186896     0     0 I CPU1    : update max cpu_capacity 748
11-03 10:09:19.190156     0     0 I PM      : noirq resume of devices complete after 3.717 msecs
11-03 10:09:19.195643     0     0 I PM      : early resume of devices complete after 3.966 msecs
11-03 10:09:19.229937     0     0 I bgcom   : bgcom_pm_resume: Bgcom resumed with : 0
11-03 10:09:19.240351     0     0 I mdss_dsi_panel_set_idle_mode: Idle (1->1)
11-03 10:09:19.281960     0     0 I PM      : resume of devices complete after 86.252 msecs
11-03 10:09:19.287098     0     0 I         : Restarting tasks ...
11-03 10:09:19.290194     0     0 W QSEECOM : qseecom_receive_req: Interrupted: exiting Listener Service = 8192
11-03 10:09:19.290284     0     0 W QSEECOM : qseecom_receive_req: Interrupted: exiting Listener Service = 12288
11-03 10:09:19.297144     0     0 W QSEECOM : qseecom_receive_req: Interrupted: exiting Listener Service = 11
11-03 10:09:19.297238     0     0 W QSEECOM : qseecom_receive_req: Interrupted: exiting Listener Service = 10
11-03 10:09:19.297292     0     0 W QSEECOM : qseecom_receive_req: Interrupted: exiting Listener Service = 28672
11-03 10:09:19.305676     0     0 I         : done.
--------- switch to system
11-03 10:09:31.398416  1686  1686 I PowerManagerService: Waking up from dozing (uid=1000 reason=tiltToWake)...
11-03 10:09:31.405725  1686  1686 W UsageStatsService: Event reported without a package name
--------- switch to kernel
11-03 10:09:31.396939     0     0 I PM      : suspend exit 2021-11-03 09:09:31.396939434 UTC
11-03 10:09:31.421218     0     0 E FG      : fg_psy_get_property: unsupported property 7
11-03 10:09:31.312474     0     0 W healthd : battery l=18 v=3739 t=28.0 h=2 st=3 c=5 fc=443000 cc=0 chg=
--------- switch to main
11-03 10:09:31.454309   512   512 I sensors-hal: batch:140, android.sensor.light/46, period=100000000, max_latency=0
11-03 10:09:31.454435   512   512 I sensors-hal: batch:149, android.sensor.light/46, period=100000000, max_latency=0 request completed
11-03 10:09:31.455555   512   512 I sensors-hal: activate:107, android.sensor.light/46 en=1
11-03 10:09:31.455971   512   512 I sensors-hal: ssc_enable_rt_task:254, ssc_enable_rt_task : true
--------- switch to kernel
11-03 10:09:31.375383     0     0 E bgrsb   : bgrsb_enable: rsb will set report rate
11-03 10:09:31.398868     0     0 E bgrsb   : bgrsb_enable: gpio 32 is valid
--------- switch to main
11-03 10:09:31.458743   512   512 I sensors-hal: activate:118, android.sensor.light/46 en=1 completed
11-03 10:09:31.460571  1686  1823 I SidekickService: endDisplayLocked()
--------- switch to system
11-03 10:09:31.461477  1686  1710 I DisplayManagerService: Display device changed state: "Écran intégré", ON
--------- switch to main
11-03 10:09:31.465465   416  2389 D SKGHAL  : sendAmbientEvent: enter: enable = 0
11-03 10:09:31.478404  4243  4243 D OMService: onDisplayChanged: not dozing
11-03 10:09:31.479421   512   512 I sensors-hal: batch:140, android.sensor.accelerometer/48, period=66667000, max_latency=100000000
11-03 10:09:31.479510   512   512 I sensors-hal: batch:149, android.sensor.accelerometer/48, period=66667000, max_latency=100000000 request completed
11-03 10:09:31.479950   512   512 I sensors-hal: activate:107, android.sensor.accelerometer/48 en=1
11-03 10:09:31.480557   512   512 I sensors-hal: ssc_enable_rt_task:254, ssc_enable_rt_task : true
11-03 10:09:31.483485  1686  1759 I InputReader: Reconfiguring input devices.  changes=0x00000004
11-03 10:09:31.486454   512   512 I sensors-hal: activate:118, android.sensor.accelerometer/48 en=1 completed
11-03 10:09:31.496365  2520  2520 D HOME    : [BatteryChange]action: android.intent.action.BATTERY_CHANGED
11-03 10:09:31.520422  3205  3434 W WorkController: Loading failed for worker [trainingcache]: worker not found
11-03 10:09:31.522143   504   523 I SDM     : DisplayBase::SetDisplayState: Set state = 3, display 0
11-03 10:09:31.522493   504   523 D SDM     : HWCDisplayPrimary::SetStandByMode: Display is connected successfully
11-03 10:09:31.523012   416  2389 D SKGHAL  : standBy_update_control call succeed on 0
11-03 10:09:31.523092   416  2389 D SKGHAL  : sendAmbientEvent: done: enable = 0
11-03 10:09:31.523193  3205  3294 W A       : TrainingCache cache DEVICE_UNLOCKED failure
11-03 10:09:31.523193  3205  3294 W A       : com.google.android.apps.gsa.search.core.service.h.a.a: No worker found for Worker ID [trainingcache].
11-03 10:09:31.523193  3205  3294 W A       : 	at com.google.android.apps.gsa.search.core.service.g.a.c.a(Unknown Source:5)
11-03 10:09:31.523193  3205  3294 W A       : 	at com.google.android.libraries.gsa.c.a.d.a(Unknown Source:3)
11-03 10:09:31.523193  3205  3294 W A       : 	at com.google.common.p.a.cg.c(Unknown Source:2)
11-03 10:09:31.523193  3205  3294 W A       : 	at com.google.common.p.a.bk.run(SourceFile:3)
11-03 10:09:31.523193  3205  3294 W A       : 	at com.google.common.p.a.ci.run(Unknown Source:4)
11-03 10:09:31.523193  3205  3294 W A       : 	at com.google.apps.tiktok.concurrent.ab.run(SourceFile:1)
11-03 10:09:31.523193  3205  3294 W A       : 	at java.util.concurrent.ThreadPoolExecutor.runWorker(ThreadPoolExecutor.java:1167)
11-03 10:09:31.523193  3205  3294 W A       : 	at java.util.concurrent.ThreadPoolExecutor$Worker.run(ThreadPoolExecutor.java:641)
11-03 10:09:31.523193  3205  3294 W A       : 	at com.google.apps.tiktok.concurrent.c.run(Unknown Source:4)
11-03 10:09:31.523193  3205  3294 W A       : 	at java.lang.Thread.run(Thread.java:764)
11-03 10:09:31.524784  2520 11644 D HOME    : [BatteryChange]HandleBatteryChangedTask
--------- switch to kernel
11-03 10:09:31.410910     0     0 I         : [touch]FB_BLANK_VSYNC_SUSPEND
11-03 10:09:31.410918     0     0 I         : [touch]Already in suspend state
11-03 10:09:31.431563     0     0 I mdss_dsi_panel_set_idle_mode: Idle (1->0)
11-03 10:09:31.432818     0     0 E mdp3_enable_panic_ctrl: mdp3_enable_panic_ctrl: Enable Panic Control
11-03 10:09:31.432934     0     0 I         : [touch]FB_BLANK_UNBLANK
11-03 10:09:31.432941     0     0 I         : [touch]raydium_ts_do_resume, 1.
11-03 10:09:31.433412     0     0 I         : [ raydium ]workqueue is empty!
11-03 10:09:31.433438     0     0 I raydium_ts 5-0039: [touch]Already enable irq
11-03 10:09:31.433442     0     0 I         : [touch]Device may wakeup
--------- switch to main
11-03 10:09:31.532831  1686  1823 D SidekickService:    ... endDisplay returns void
11-03 10:09:31.534802   545   545 D SurfaceFlinger: Set power mode=2, type=0 flinger=0xb6bb6000
11-03 10:09:31.535652   504   764 I SDM     : DisplayBase::SetDisplayState: Set state = 1, display 0
11-03 10:09:31.546209   545   545 D SurfaceFlinger: Finished set power mode=2, type=0
--------- switch to system
11-03 10:09:31.548196  1686  1702 W BroadcastQueue: Background execution not allowed: receiving Intent { act=android.intent.action.USER_PRESENT flg=0x10 } to com.google.android.gms/.auth.setup.devicesignals.LockScreenReceiver
11-03 10:09:31.551898  1686  1712 W PowerManagerService: Screen on took 285 ms
11-03 10:09:31.552292  1686  1712 I DreamManagerService: Gently waking up from dream.
11-03 10:09:31.553169  1686  1708 I DreamManagerService: Performing gentle wake from dream.
11-03 10:09:31.553858  1686  1702 W BroadcastQueue: Background execution not allowed: receiving Intent { act=android.intent.action.USER_PRESENT flg=0x10 } to com.google.android.gms/.chimera.GmsIntentOperationService$PersistentTrustedReceiver
--------- switch to main
11-03 10:09:31.561063   512 12033 I sensors-hal: handle_indication_realtime:355,  SCHED_FIFO(10) for qmi_cbk
11-03 10:09:31.576540  1956  1956 D QtiCarrierConfigHelper: WARNING, no carrier configs on phone Id: 0
11-03 10:09:31.578000  2520 11644 D HOME    : [BatteryChange]level: 18, status: 3
--------- switch to system
11-03 10:09:31.589583  1686  1686 V DreamService[AmbientDream]: wakeUp(): fromSystem=true, mWaking=false, mFinished=false
11-03 10:09:31.589828  1686  1686 V DreamService[AmbientDream]: finish(): mFinished=false
11-03 10:09:31.589986  1686  1686 I DreamManagerService: Leaving dreamland.
11-03 10:09:31.591554  1686  1708 I DreamManagerService: Performing gentle wake from dream.
11-03 10:09:31.591881  1686  1708 I DreamController: Stopping dream: name=ComponentInfo{com.google.android.wearable.ambient/com.google.android.wearable.ambient.AmbientDream}, isTest=false, canDoze=true, userId=0
--------- switch to main
11-03 10:09:31.603464  1686  1799 E WifiStateMachine: getWifiLinkLayerStats called without an interface
--------- switch to system
11-03 10:09:31.610319  1686  1686 V DreamService[AmbientDream]: detach(): Calling onDreamingStopped()
--------- switch to main
11-03 10:09:31.610617  1686  1686 I AmbientService: [ce6a28c] doOnDreamingStopped
11-03 10:09:31.610747  1686  1686 D WristGestureCtrl: Starting: GesturesEnabled-false UngazeEnabled-true
11-03 10:09:31.610812  1686  1686 D DefaultUngazeDetector: starting
11-03 10:09:31.610893  1686  1686 D DefaultUngazeDetector: startUngazeStateEstimation(). startTime = 62051040
11-03 10:09:31.611349  1686  1686 W AlarmManagerProxy: Removing unknown listener
11-03 10:09:31.614507   512   512 I sensors-hal: batch:140, android.sensor.accelerometer/48, period=19231000, max_latency=100000000
11-03 10:09:31.616553   512 12035 I sensors-hal: handle_indication_realtime:355,  SCHED_FIFO(10) for qmi_cbk
11-03 10:09:31.619128   512   512 I sensors-hal: batch:149, android.sensor.accelerometer/48, period=19231000, max_latency=100000000 request completed
11-03 10:09:31.632686   512   512 I sensors-hal: flush:169, android.sensor.accelerometer/48
11-03 10:09:31.632798  2520  2520 D HOME    : [HomeVisitsLogger]Logging streamlet event: visit_start
11-03 10:09:31.633226  2520  2520 D HOME    : [HomeVisitsLogger]Logging streamlet event: exit_ambient_mode
11-03 10:09:31.633869  2520  2520 D HOME    : [HotwordController]updateClient MODE_WATCH_FACE false false false true
11-03 10:09:31.635857  2520  2520 D HOME    : [WatchFaceUiController]setInAmbientMode false
11-03 10:09:31.636102  2520  2520 D HOME    : [WatchFaceUiController]sendWatchFaceServiceBinder
11-03 10:09:31.645082  2520  2520 D HOME    : [WatchFaceUiController]sendStateToWallpaper
11-03 10:09:31.648793  2520  2520 D HOME    : [WatchFaceUiController]Showing watch face wallpaper.
11-03 10:09:31.649218  2520  2520 D HOME    : [WatchFaceUiController]sendStateToWallpaper
11-03 10:09:31.655108  2520  2520 D HOME    : [StreamDBQueue]Promised revision #3966 to queue a new op
11-03 10:09:31.655597  2520  2520 D WatchStreamManager: Promised rank-blocked=true @ r#3966
11-03 10:09:31.656093  2520  2520 D HOME    : [StreamDBQueue]Promised revision #3967 to queue a new op
11-03 10:09:31.656243  2520  2520 D WatchStreamManager: Promised rank-blocked=true @ r#3967
11-03 10:09:31.656860  2520  2520 D HOME    : [TilesController]Tile refresh optimization is enabled.
11-03 10:09:31.657372  2520  2520 D HOME    : [EventBus]Wrapper pool is full. Discarding excess wrapper instance for event com.google.android.clockwork.sysui.events.KeyguardStateEvent
11-03 10:09:31.657483  2520  2520 D HOME    : [WatchFaceUiController]sendStateToWallpaper
11-03 10:09:31.659720  2520  2520 D HOME    : [EventBus]Wrapper pool is full. Discarding excess wrapper instance for event com.google.android.clockwork.sysui.events.KeyguardStateEvent
11-03 10:09:31.660108  2520  2520 D HOME    : [EventBus]Wrapper pool is full. Discarding excess wrapper instance for event com.google.android.clockwork.sysui.events.KeyguardStateEvent
11-03 10:09:31.662314  2520 12013 D HOME    : [WatchStreamDB]Item alerting conditions - isInterruptive: false, recentlyInterrupted: false, isItemPinned: false, isUnread: false
