11-03 12:11:27.736731  2520  2520 D HOME    : [HotwordController]updateClient MODE_WATCH_FACE false false false true
11-03 12:11:27.737839  2520  2520 D HOME    : [WatchFaceUiController]setInAmbientMode false
11-03 12:11:27.737916  2520  2520 D HOME    : [WatchFaceUiController]sendWatchFaceServiceBinder
11-03 12:11:27.748413  1686  1686 I AmbientService: [ce6a28c] No auto-resume Activity.
--------- switch to system
11-03 12:11:27.750794  1686  1686 W ContextImpl: Calling a method in the system process without a qualified user: android.app.ContextImpl.sendBroadcast:1020 android.content.ContextWrapper.sendBroadcast:449 com.google.android.wearable.ambient.AmbientDream.onDestroy:273 android.app.ActivityThread.handleStopService:3698 android.app.ActivityThread.access$1700:200 
--------- switch to main
11-03 12:11:27.751243  1686  1686 E AlarmManager: cancel() called with a null PendingIntent
--------- switch to system
11-03 12:11:27.755555  1686  1686 V DreamService[AmbientDream]: onDestroy()
--------- switch to main
11-03 12:11:27.756575  1686  1686 W AlarmManager: Unrecognized alarm listener com.android.server.job.controllers.-$$Lambda$IdleController$IdlenessTracker$nTdS-lGBXcES5VWKcJFmQFgU7IU@1ab437a
11-03 12:11:27.769226  2520  2520 D HOME    : [WatchFaceUiController]sendStateToWallpaper
11-03 12:11:27.770825  2520  2520 D HOME    : [WatchFaceUiController]Showing watch face wallpaper.
--------- switch to kernel
11-03 12:11:27.647998     0     0 I init    : processing action (ro.enable_core_ctl=true && sys.cw_corectl_mode=perf) from (/vendor/etc/init/hw/init.qcom.rc:954)
11-03 12:11:27.649200     0     0 I CPU2    : update cpu_capacity 1024
11-03 12:11:27.650148     0     0 W         : IRQ21 no longer affine to CPU2
11-03 12:11:27.650793     0     0 I CPU2    : shutdown
--------- switch to main
11-03 12:11:27.770996  2520  2520 D HOME    : [WatchFaceUiController]sendStateToWallpaper
11-03 12:11:27.770640  1686  1686 I WearPower: [WearTouchMediator] changing touch input to enabled (ON_AUTO)
11-03 12:11:27.773580  2520  2520 D HOME    : [StreamDBQueue]Promised revision #5248 to queue a new op
11-03 12:11:27.773824  2520  2520 D WatchStreamManager: Promised rank-blocked=true @ r#5248
11-03 12:11:27.774206  2520  2520 D HOME    : [StreamDBQueue]Promised revision #5249 to queue a new op
11-03 12:11:27.774529  2520  2520 D WatchStreamManager: Promised rank-blocked=true @ r#5249
11-03 12:11:27.775423  2520  2520 D HOME    : [TilesController]Tile refresh optimization is enabled.
11-03 12:11:27.776497  1686  1759 I InputReader: Reconfiguring input devices.  changes=0x00000200
11-03 12:11:27.777620  2520 13836 D HOME    : [WatchStreamDB]Item alerting conditions - isInterruptive: true, recentlyInterrupted: false, isItemPinned: false, isUnread: false
11-03 12:11:27.777623  2520  2520 D HOME    : [EventBus]Wrapper pool is full. Discarding excess wrapper instance for event com.google.android.clockwork.sysui.events.KeyguardStateEvent
11-03 12:11:27.777729  2520  2520 D HOME    : [WatchFaceUiController]sendStateToWallpaper
11-03 12:11:27.777933  2520 13836 D HOME    : [StreamAlertingRegulator]isTheaterModeEnabled: false, isAlertingAllowedByOffBody: true, matchesLocalInterruptionFilter: true
11-03 12:11:27.779294  2520  2520 D HOME    : [EventBus]Wrapper pool is full. Discarding excess wrapper instance for event com.google.android.clockwork.sysui.events.KeyguardStateEvent
11-03 12:11:27.779585  2520  2520 D HOME    : [EventBus]Wrapper pool is full. Discarding excess wrapper instance for event com.google.android.clockwork.sysui.events.KeyguardStateEvent
11-03 12:11:27.779688  2520 13693 D HOME    : [DataRequester]cancelScheduledUpdates TileConfig{id=2, provider=ComponentInfo{com.google.android.wearable.app/com.google.android.clockwork.home.calendar.AgendaTileProviderService}}
11-03 12:11:27.783634  2520  2520 D HOME    : [WatchFaceUiController]sendStateToWallpaper
11-03 12:11:27.788592  2520  2520 W StaticLayout: maxLineHeight should not be -1.  maxLines:1 lineCount:1
--------- switch to kernel
11-03 12:11:27.662818     0     0 I CPU3    : update cpu_capacity 1024
11-03 12:11:27.663786     0     0 W         : IRQ21 no longer affine to CPU3
11-03 12:11:27.664436     0     0 I CPU3    : shutdown
--------- switch to main
11-03 12:11:27.805353  1686  1686 W AlarmManagerProxy: Removing unknown listener
11-03 12:11:27.806980  1686  1686 W DefaultSettingsContentR: Value for ambient_low_bit_enabled not stored as number. Attempting parse as boolean.
11-03 12:11:27.820606  3205  3434 W WorkController: Loading failed for worker [trainingcache]: worker not found
11-03 12:11:27.821487  3205  3294 W A       : TrainingCache cache SCREEN_ON failure
11-03 12:11:27.821487  3205  3294 W A       : com.google.android.apps.gsa.search.core.service.h.a.a: No worker found for Worker ID [trainingcache].
11-03 12:11:27.821487  3205  3294 W A       : 	at com.google.android.apps.gsa.search.core.service.g.a.c.a(Unknown Source:5)
11-03 12:11:27.821487  3205  3294 W A       : 	at com.google.android.libraries.gsa.c.a.d.a(Unknown Source:3)
11-03 12:11:27.821487  3205  3294 W A       : 	at com.google.common.p.a.cg.c(Unknown Source:2)
11-03 12:11:27.821487  3205  3294 W A       : 	at com.google.common.p.a.bk.run(SourceFile:3)
11-03 12:11:27.821487  3205  3294 W A       : 	at com.google.common.p.a.ci.run(Unknown Source:4)
11-03 12:11:27.821487  3205  3294 W A       : 	at com.google.apps.tiktok.concurrent.ab.run(SourceFile:1)
11-03 12:11:27.821487  3205  3294 W A       : 	at java.util.concurrent.ThreadPoolExecutor.runWorker(ThreadPoolExecutor.java:1167)
11-03 12:11:27.821487  3205  3294 W A       : 	at java.util.concurrent.ThreadPoolExecutor$Worker.run(ThreadPoolExecutor.java:641)
11-03 12:11:27.821487  3205  3294 W A       : 	at com.google.apps.tiktok.concurrent.c.run(Unknown Source:4)
11-03 12:11:27.821487  3205  3294 W A       : 	at java.lang.Thread.run(Thread.java:764)
11-03 12:11:27.851528  2520 13693 D HOME    : [DataRequester]requestUpdateFromProvider TileConfig{id=2, provider=ComponentInfo{com.google.android.wearable.app/com.google.android.clockwork.home.calendar.AgendaTileProviderService}}
11-03 12:11:27.853025  2520 13836 D HOME    : [WatchStreamDB]couldItemAlert: false, isTopItemChanged: false, isDeferralForTopItem: false
11-03 12:11:27.854514  2520 13836 D HOME    : [WatchStreamDB]Item alerting conditions - isInterruptive: true, recentlyInterrupted: false, isItemPinned: false, isUnread: false
11-03 12:11:27.854976  2520 13836 D HOME    : [StreamAlertingRegulator]isTheaterModeEnabled: false, isAlertingAllowedByOffBody: true, matchesLocalInterruptionFilter: true
11-03 12:11:27.855204  2520 13836 D HOME    : [WatchStreamDB]couldItemAlert: false, isTopItemChanged: false, isDeferralForTopItem: false
11-03 12:11:27.858718  2520  2520 D HOME    : [WatchFaceUiController]sendWatchFaceServiceBinder
11-03 12:11:27.866669  2520  2520 D HOME    : [WatchFaceUiController]sendProperties
11-03 12:11:27.868463  2520  2520 D HOME    : [WatchFaceUiController]sendStateToWallpaper
11-03 12:11:27.958784  2520  2520 D HOME    : [StreamDBQueue]Promised revision #5250 to queue a new op
11-03 12:11:27.958957  2520  2520 D WatchStreamManager: Promised rank-blocked=true @ r#5250
11-03 12:11:27.960518  2520 13836 D HOME    : [WatchStreamDB]Item alerting conditions - isInterruptive: true, recentlyInterrupted: false, isItemPinned: false, isUnread: false
11-03 12:11:27.960855  2520 13836 D HOME    : [StreamAlertingRegulator]isTheaterModeEnabled: false, isAlertingAllowedByOffBody: true, matchesLocalInterruptionFilter: true
11-03 12:11:27.967979  2520  2520 D HOME    : [AgendaController]loadEvents
11-03 12:11:28.001514  2520 13476 D HOME    : [AgendaController]Fetching event data for window: EventWindow{Wed Nov 03 00:00:00 GMT+01:00 2021,Fri Nov 05 23:59:59 GMT+01:00 2021}
11-03 12:11:28.002231  2520 13836 D HOME    : [WatchStreamDB]couldItemAlert: false, isTopItemChanged: false, isDeferralForTopItem: false
11-03 12:11:28.003599  2520 13476 D HOME    : [CwCal]CalendarEventsResolver:queryCalendarEventInstances:window=EventWindow{Wed Nov 03 00:00:00 GMT+01:00 2021,Fri Nov 05 23:59:59 GMT+01:00 2021}
11-03 12:11:28.022973  3316 13879 I NetworkScheduler.Stats: Task com.google.android.gms/com.google.android.gms.checkin.EventLogService started execution. cause:11 exec_start_elapsed_seconds: 69367 [CONTEXT service_id=218 ]
11-03 12:11:28.069331  3338  3983 I Checkin : [EventLogChimeraService] Opted in for usage reporting: true
11-03 12:11:28.069483  3338  3983 I Checkin : [EventLogChimeraService] Aggregate from 1635935373701 (log), 1635935373701 (data)
11-03 12:11:28.120788   512  1749 I sensors-hal: activate:107, android.sensor.light/46 en=0
11-03 12:11:28.121934   512  1749 I sensors-hal: activate:118, android.sensor.light/46 en=0 completed
11-03 12:11:28.123424   512  1749 I sensors-hal: batch:140, android.sensor.light/46, period=250000000, max_latency=0
11-03 12:11:28.123471   512  1749 I sensors-hal: batch:149, android.sensor.light/46, period=250000000, max_latency=0 request completed
11-03 12:11:28.124150   512  1749 I sensors-hal: activate:107, android.sensor.light/46 en=1
11-03 12:11:28.124391   512  1749 I sensors-hal: ssc_enable_rt_task:254, ssc_enable_rt_task : true
11-03 12:11:28.131201   512  1749 I sensors-hal: activate:118, android.sensor.light/46 en=1 completed
--------- switch to system
11-03 12:11:28.140058  1686  1686 V SettingsProvider: Notifying for 0: content://settings/system/screen_brightness
--------- switch to main
11-03 12:11:28.141208  1686  1686 I SidekickService: loadBrightnessLocked()
11-03 12:11:28.141929  1686  1686 D SidekickService: screenBrightness  = 51
11-03 12:11:28.142549  1686  1686 D SidekickService: sendConfigValuesLocked(): alsThresholds = [40, 92, 95, 100, 125, 150, 175, 200, 225, 250, 300, 400, 500, 800, 1200], brightnessValuesBright = [50, 56, 60, 70, 80, 90, 100, 115, 120, 140, 160, 180, 200, 220, 240, 255], brightnessValuesDim= [50, 56, 60, 70, 80, 90, 100, 115, 120, 140, 160, 180, 200, 220, 240, 255]
11-03 12:11:28.157295  1686  1686 D SidekickService: setAlsMode(): mode = 2, brightenAlpha = 80, dimmingAlpha = 80
11-03 12:11:28.179825  1686  1686 D SidekickService: setTwmConfig():: msTiltToBright = 10000, tiltToBright = false
11-03 12:11:28.181140  2520  2520 D HOME    : [AgendaController]Obtained events in UI thread: []
11-03 12:11:28.181647  2520  2520 D HOME    : [EventDiarizer]Constructing with window EventWindow{Wed Nov 03 00:00:00 GMT+01:00 2021,Fri Nov 05 23:59:59 GMT+01:00 2021}
11-03 12:11:28.182587  2520 13476 W CwExecutors: Finished  Q:     1 E:   213 AgendaController.RequestData (Slow)
--------- switch to kernel
11-03 12:11:28.017577     0     0 D logd    : logdr: UID=10034 GID=10034 PID=3338 n tail=0 logMask=4 pid=0 start=0ns timeout=0ns
--------- switch to main
11-03 12:11:28.184341  2520  2520 D HOME    : [AgendaMetricsLogger]eventDataNotPresent
11-03 12:11:28.186852  2520 13838 D HOME    : [DataRequester]cancelScheduledUpdates TileConfig{id=2, provider=ComponentInfo{com.google.android.wearable.app/com.google.android.clockwork.home.calendar.AgendaTileProviderService}}
11-03 12:11:28.187062  2520 13838 D HOME    : [DataRequester]cancelScheduledUpdates could not find jobId for provider 2
11-03 12:11:28.187297  2520 13838 D HOME    : [DataRequester]updateFinished 2
11-03 12:11:28.187388  2520 13838 D HOME    : [ProviderConnMgr]Unbinding from service
11-03 12:11:28.202193   512 14161 I sensors-hal: handle_indication_realtime:355,  SCHED_FIFO(10) for qmi_cbk
11-03 12:11:28.205445  2520 13476 D StrictMode: StrictMode policy violation: android.os.strictmode.CustomViolation: Slow task AgendaController.RequestData took 213ms on User executor
11-03 12:11:28.205445  2520 13476 D StrictMode: 	at android.os.StrictMode$AndroidBlockGuardPolicy.onCustomSlowCall(StrictMode.java:1471)
11-03 12:11:28.205445  2520 13476 D StrictMode: 	at android.os.StrictMode.noteSlowCall(StrictMode.java:2324)
11-03 12:11:28.205445  2520 13476 D StrictMode: 	at bvs.a(AW782433232:9)
11-03 12:11:28.205445  2520 13476 D StrictMode: 	at bvw.run(AW782433232:7)
11-03 12:11:28.205445  2520 13476 D StrictMode: 	at bvy.run(AW782433232:5)
11-03 12:11:28.205445  2520 13476 D StrictMode: 	at java.util.concurrent.ThreadPoolExecutor.runWorker(ThreadPoolExecutor.java:1167)
11-03 12:11:28.205445  2520 13476 D StrictMode: 	at java.util.concurrent.ThreadPoolExecutor$Worker.run(ThreadPoolExecutor.java:641)
11-03 12:11:28.205445  2520 13476 D StrictMode: 	at bvl.run(AW782433232:4)
11-03 12:11:28.205445  2520 13476 D StrictMode: 	at java.lang.Thread.run(Thread.java:764)
11-03 12:11:28.206665  2520 13838 D HOME    : [DataRequester]Scheduling job for TileConfig{id=2, provider=ComponentInfo{com.google.android.wearable.app/com.google.android.clockwork.home.calendar.AgendaTileProviderService}} delay=14400 jobId=2000191
11-03 12:11:28.332452  2520  2541 I id.wearable.ap: Background concurrent copying GC freed 71652(2MB) AllocSpace objects, 0(0B) LOS objects, 25% free, 8MB/11MB, paused 141us total 693.273ms
11-03 12:11:28.525860  1686  1696 I system_server: Background concurrent copying GC freed 34836(2001KB) AllocSpace objects, 27(860KB) LOS objects, 19% free, 10MB/13MB, paused 201us total 796.149ms
11-03 12:11:28.936904   512  1749 I sensors-hal: batch:140, android.sensor.accelerometer/48, period=66667000, max_latency=100000000
11-03 12:11:28.939060   512  1749 I sensors-hal: batch:149, android.sensor.accelerometer/48, period=66667000, max_latency=100000000 request completed
11-03 12:11:28.941382  1686  1686 D DefaultUngazeDetector: Ungaze event occurred; emitting gesture event!
11-03 12:11:28.941508  1686  1686 D WristGestureCtrl: Gesture:GESTURE UNGAZE, timestamp(ms): 69367153, confidence: 0.0, latency(ms): 0, duration(ms): 1218
11-03 12:11:28.942263   512  1749 I sensors-hal: batch:140, android.sensor.accelerometer/48, period=19231000, max_latency=100000000
11-03 12:11:28.944058   512  1749 I sensors-hal: batch:149, android.sensor.accelerometer/48, period=19231000, max_latency=100000000 request completed
11-03 12:11:28.944527   512  1749 I sensors-hal: flush:169, android.sensor.accelerometer/48
--------- switch to system
11-03 12:11:28.944632  1686  1686 I WindowManager: sleepRelease() calling goToSleep(GO_TO_SLEEP_REASON_SLEEP_BUTTON)
11-03 12:11:28.944838  1686  1686 I PowerManagerService: Going to sleep due to sleep button (uid 1000)...
11-03 12:11:28.945728  1686  1686 W UsageStatsService: Event reported without a package name
11-03 12:11:28.945739  1686  1712 I DreamManagerService: Entering dreamland.
11-03 12:11:28.946226  1686  1712 I PowerManagerService: Dozing...
--------- switch to main
11-03 12:11:28.947242   512  1749 I sensors-hal: flush:175, android.sensor.accelerometer/48 completed
--------- switch to system
11-03 12:11:28.965110  1686  1708 I DreamController: Starting dream: name=ComponentInfo{com.google.android.wearable.ambient/com.google.android.wearable.ambient.AmbientDream}, isTest=false, canDoze=true, userId=0
11-03 12:11:28.987807  1686  1686 W ContextImpl: Calling a method in the system process without a qualified user: android.app.ContextImpl.bindService:1611 android.content.ContextWrapper.bindService:698 com.google.android.wearable.ambient.AmbientDream.onCreate:191 android.app.ActivityThread.handleCreateService:3533 android.app.ActivityThread.access$1300:200 
11-03 12:11:28.990129  1686  1686 W ContextImpl: Calling a method in the system process without a qualified user: android.app.ContextImpl.sendBroadcast:1005 android.content.ContextWrapper.sendBroadcast:444 com.google.android.wearable.ambient.AmbientDream.onCreate:241 android.app.ActivityThread.handleCreateService:3533 android.app.ActivityThread.access$1300:200 
11-03 12:11:28.991378  1686  1686 V DreamService[AmbientDream]: onBind() intent = Intent { act=android.service.dreams.DreamService flg=0x800000 cmp=com.google.android.wearable.ambient/.AmbientDream }
--------- switch to main
11-03 12:11:28.992052  1686  1686 I AmbientService: [ce6a28c] Ambient Created
--------- switch to system
11-03 12:11:28.995848  1686  1686 V DreamService[AmbientDream]: Calling onDreamingStarted()
--------- switch to main
11-03 12:11:28.995985  1686  1686 I AmbientService: [ce6a28c] doOnDreamingStarted
11-03 12:11:28.996386  1686  1686 D SidekickService: setShouldControlDisplay called: true
11-03 12:11:29.002264  1686  1686 I AmbientService: [ce6a28c] Selected running activity for ambient mode: AmbientActivity[component=ComponentInfo{com.google.android.wearable.app/com.google.android.clockwork.home2.activity.HomeActivity2}, callbacks=@210b385, running=true, ambientRequested=true, ambientEnabled=true, offloadEnabled=true]
11-03 12:11:29.003146  1686  1686 I AmbientService: [ce6a28c] Sidekick is ready to display, requesting doze.
11-03 12:11:29.005510  1686  1686 I AmbientService: [ce6a28c] No auto-resume Activity.
11-03 12:11:29.006506  2520  2520 D HOME    : [HomeVisitsLogger]Logging streamlet event: enter_ambient_mode
11-03 12:11:29.007077  2520  2520 D HOME    : [HotwordController]updateClient MODE_WATCH_FACE false true false true
11-03 12:11:29.007386  2520 13838 D HOME    : [HomeVisitsLogger]Logging streamlet event: visit_end
11-03 12:11:29.027406  1686  1686 W DefaultSettingsContentR: Value for ambient_low_bit_enabled not stored as number. Attempting parse as boolean.
11-03 12:11:29.029811  1686  1686 I AmbientService: [ce6a28c] Showing watch face in offload mode, canceling alarm.
11-03 12:11:29.029876  1686  1686 W AlarmManagerProxy: Removing unknown listener
11-03 12:11:29.029970  1686  1686 D WristGestureCtrl: Stopping detectors: GesturesEnabled-false gestureDetector-false ungazeEnabled-true ungaze-true
11-03 12:11:29.030003  1686  1686 D DefaultUngazeDetector: stopping
11-03 12:11:29.051028  2520  2520 D HOME    : [WatchFaceUiController]setInAmbientMode true
11-03 12:11:29.052593  2520  2520 D HOME    : [StreamDBQueue]Promised revision #5251 to queue a new op
11-03 12:11:29.052825  2520  2520 D WatchStreamManager: Promised rank-blocked=false @ r#5251
11-03 12:11:29.053110  2520  2520 D HOME    : [StreamDBQueue]Promised revision #5252 to queue a new op
11-03 12:11:29.053202  2520  2520 D WatchStreamManager: Promised rank-blocked=false @ r#5252
11-03 12:11:29.053872  2520  2520 D HOME    : [EventBus]Wrapper pool is full. Discarding excess wrapper instance for event com.google.android.clockwork.sysui.events.KeyguardStateEvent
11-03 12:11:29.053949  2520  2520 D HOME    : [WatchFaceUiController]sendStateToWallpaper
11-03 12:11:29.055481  2520  2520 D HOME    : [EventBus]Wrapper pool is full. Discarding excess wrapper instance for event com.google.android.clockwork.sysui.events.KeyguardStateEvent
11-03 12:11:29.055483  2520 12958 D HOME    : [StreamDBQueue]Promised revision #5253 to queue a new op
11-03 12:11:29.055606  2520 12958 D WatchStreamManager: Promised rerank @ r#5253
11-03 12:11:29.055665  2520  2520 D HOME    : [EventBus]Wrapper pool is full. Discarding excess wrapper instance for event com.google.android.clockwork.sysui.events.KeyguardStateEvent
11-03 12:11:29.056330  2520 13693 D HOME    : [WatchStreamDB]Item alerting conditions - isInterruptive: true, recentlyInterrupted: false, isItemPinned: false, isUnread: false
11-03 12:11:29.056604  2520 13693 D HOME    : [StreamAlertingRegulator]isTheaterModeEnabled: false, isAlertingAllowedByOffBody: true, matchesLocalInterruptionFilter: true
11-03 12:11:29.056787  2520 13693 D HOME    : [WatchStreamDB]couldItemAlert: false, isTopItemChanged: false, isDeferralForTopItem: false
11-03 12:11:29.057820   512  1749 I sensors-hal: batch:140, android.sensor.accelerometer/48, period=66667000, max_latency=100000000
11-03 12:11:29.064886   512  1749 I sensors-hal: batch:149, android.sensor.accelerometer/48, period=66667000, max_latency=100000000 request completed
--------- switch to kernel
11-03 12:11:28.938574     0     0 E FG      : fg_psy_get_property: unsupported property 7
11-03 12:11:28.940184     0     0 W healthd : battery l=6 v=3538 t=23.0 h=2 st=3 c=229 fc=443000 cc=0 chg=
--------- switch to main
11-03 12:11:29.085166  1956  1956 D QtiCarrierConfigHelper: WARNING, no carrier configs on phone Id: 0
11-03 12:11:29.099589   512   512 I sensors-hal: activate:107, android.sensor.light/46 en=0
11-03 12:11:29.100292   512   512 I sensors-hal: activate:118, android.sensor.light/46 en=0 completed
--------- switch to system
11-03 12:11:29.102475  1686  1710 I DisplayManagerService: Display device changed state: "Écran intégré", DOZE_SUSPEND
--------- switch to main
11-03 12:11:29.103879   545   545 D SurfaceFlinger: Set power mode=3, type=0 flinger=0xb6bb6000
11-03 12:11:29.104373   504   764 I SDM     : DisplayBase::SetDisplayState: Set state = 3, display 0
11-03 12:11:29.122908  1686  1759 I InputReader: Reconfiguring input devices.  changes=0x00000004
11-03 12:11:29.128845  2520 13693 D HOME    : [WatchStreamDB]Item alerting conditions - isInterruptive: true, recentlyInterrupted: false, isItemPinned: false, isUnread: false
11-03 12:11:29.129247  2520 13693 D HOME    : [StreamAlertingRegulator]isTheaterModeEnabled: false, isAlertingAllowedByOffBody: true, matchesLocalInterruptionFilter: true
11-03 12:11:29.129464  2520 13693 D HOME    : [WatchStreamDB]couldItemAlert: false, isTopItemChanged: false, isDeferralForTopItem: false
11-03 12:11:29.130810  2520 13838 I SidekickManager: replaceWatchFaceComponentsImpl(): watchFace = com.google.android.clockwork.decomposablewatchface.WatchFaceDecomposition@5662eae
--------- switch to kernel
11-03 12:11:28.964927     0     0 I mdss_dsi_panel_set_idle_mode: Idle (0->1)
11-03 12:11:28.995677     0     0 I         : [touch]FB_BLANK_VSYNC_SUSPEND
11-03 12:11:28.995683     0     0 I         : [touch]irq disable
11-03 12:11:28.995687     0     0 I         : [touch]workqueue is empty!
11-03 12:11:28.995689     0     0 I         : [touch]raydium_ts_do_suspend.
11-03 12:11:28.995698     0     0 I         : [touch]Device may wakeup
11-03 12:11:28.997548     0     0 I         : [touch]irq enable
--------- switch to main
11-03 12:11:29.133453  1686  2895 D SidekickService: sendWatchFaceComponents called: watchFace = com.google.android.clockwork.decomposablewatchface.WatchFaceDecomposition@f8701bdshouldReplace = false
11-03 12:11:29.134225  1686  2895 D SidekickService: Check decomposition for calling app com.google.android.wearable.app with uid 10049
11-03 12:11:29.135368  1686  2895 D SidekickService: sendWatchFaceLocked(): shouldReplace = false, mSidekickIsControlling = false, 1 images, 0 fonts, 0 numbers, 0 proportionalFonts, 0 strings
11-03 12:11:29.135478  1686  2895 D SidekickService: ISidekickGraphics#beginResources()...
11-03 12:11:29.136760  1686  2895 D SidekickServiceUtils: bitmapFromDrawable: Returning bitmap directly
11-03 12:11:29.137420   545   545 D SurfaceFlinger: Finished set power mode=3, type=0
11-03 12:11:29.141488  1686  2895 D SidekickService: sendBitmapsLocked(): bounds = RectF(0.47115386, 0.33653846, 0.52884614, 0.39423078), drawableInfo = {.id = 100000, .width = 24, .height = 24, .display = true, .offsetX = 193.0, .offsetY = 137.0, .rotationInfo = {.hasRotation = false, .pivotX = 0.0, .pivotY = 0.0, .degreesPerDay = 0.0, .degreesPerStep = 0.0, .zeroDegreesTime = {.daysSinceLocalEpoch = 0, .msSinceMidnight = 0}}, .transformInfo = {.transformed = false, .flipX = false, .flipY = false, .flip45 = false, .scaleX = 0.0, .scaleY = 0.0}, .type = GENERIC, .blink = {.blinking = false, .periodOnMs = 0.0, .periodOffMs = 0.0, .startTime = {.daysSinceLocalEpoch = 0, .msSinceMidnight = 0}}, .zOrder = 8, .displayInTwm = true}, image.size() = 97
11-03 12:11:29.142344   416  2389 D SKGHAL  : saveResource: resId = 100000
11-03 12:11:29.142931  1686  2895 D SidekickService: sendBitmapsLocked(): status = 0, bytesUsed = 64
11-03 12:11:29.143085  1686  2895 D SidekickService: ISidekickGraphics#endResources()...
11-03 12:11:29.148429  2520  2520 W StaticLayout: maxLineHeight should not be -1.  maxLines:1 lineCount:1
11-03 12:11:29.156671  2520  2520 D HOME    : [BatteryChange]action: android.intent.action.BATTERY_CHANGED
11-03 12:11:29.160771  2520 13839 D HOME    : [BatteryChange]HandleBatteryChangedTask
11-03 12:11:29.161225  2520 13839 D HOME    : [BatteryChange]level: 6, status: 3
11-03 12:11:29.161948  2520 13839 D HOME    : [BatteryChange]updateStreamItem
11-03 12:11:29.170151  2520 13839 D HOME    : [BatteryChange]batteryHistory size: 20'
11-03 12:11:29.170400  2520 13839 D HOME    : [BatteryChange]timeDelta: 15219944
11-03 12:11:29.170575  2520 13839 D HOME    : [BatteryChange]levelDelta: 21
11-03 12:11:29.173866  2520 13693 D HOME    : [WatchStreamDB]updateRanking()
11-03 12:11:29.194700  2520 13693 D HOME    : [WatchStreamDB]Item alerting conditions - isInterruptive: true, recentlyInterrupted: false, isItemPinned: false, isUnread: false
11-03 12:11:29.195055  2520 13693 D HOME    : [StreamAlertingRegulator]isTheaterModeEnabled: false, isAlertingAllowedByOffBody: true, matchesLocalInterruptionFilter: true
11-03 12:11:29.195254  2520 13693 D HOME    : [WatchStreamDB]couldItemAlert: false, isTopItemChanged: false, isDeferralForTopItem: false
11-03 12:11:29.195822  2520 13693 D HOME    : [NewStreamAdapter]Publishing revision #5253 to adapter clients
11-03 12:11:29.205216  2520 12958 D HOME    : [StreamDBQueue]Promised revision #5254 to queue a new op
11-03 12:11:29.205464  2520 12958 D WatchStreamManager: Promised rerank @ r#5254
11-03 12:11:29.207411  2520 13839 D HOME    : [WatchStreamDB]updateRanking()
11-03 12:11:29.208033  2520 13839 D HOME    : [WatchStreamDB]Item alerting conditions - isInterruptive: true, recentlyInterrupted: false, isItemPinned: false, isUnread: false
11-03 12:11:29.208282  2520 13839 D HOME    : [StreamAlertingRegulator]isTheaterModeEnabled: false, isAlertingAllowedByOffBody: true, matchesLocalInterruptionFilter: true
11-03 12:11:29.208458  2520 13839 D HOME    : [WatchStreamDB]couldItemAlert: false, isTopItemChanged: false, isDeferralForTopItem: false
11-03 12:11:29.208964  2520 13839 D HOME    : [NewStreamAdapter]Publishing revision #5254 to adapter clients
--------- switch to system
11-03 12:11:29.328505  1686  1702 W BroadcastQueue: Background execution not allowed: receiving Intent { act=android.intent.action.DROPBOX_ENTRY_ADDED flg=0x10 (has extras) } to com.google.android.gms/.stats.service.DropBoxEntryAddedReceiver
11-03 12:11:29.328922  1686  1702 W BroadcastQueue: Background execution not allowed: receiving Intent { act=android.intent.action.DROPBOX_ENTRY_ADDED flg=0x10 (has extras) } to com.google.android.gms/.chimera.GmsIntentOperationService$PersistentTrustedReceiver
--------- switch to main
11-03 12:11:29.345741   416  2389 D SKGHAL  : sendResources: metadata size = 2400, font size = 72
--------- switch to system
11-03 12:11:29.346602  1686  1702 W BroadcastQueue: Background execution not allowed: receiving Intent { act=android.intent.action.DROPBOX_ENTRY_ADDED flg=0x10 (has extras) } to com.google.android.gms/.stats.service.DropBoxEntryAddedReceiver
11-03 12:11:29.347032  1686  1702 W BroadcastQueue: Background execution not allowed: receiving Intent { act=android.intent.action.DROPBOX_ENTRY_ADDED flg=0x10 (has extras) } to com.google.android.gms/.chimera.GmsIntentOperationService$PersistentTrustedReceiver
--------- switch to main
11-03 12:11:29.380950  3316  3328 I .gms.persisten: Background concurrent copying GC freed 82826(2MB) AllocSpace objects, 0(0B) LOS objects, 25% free, 8MB/10MB, paused 133us total 301.018ms
11-03 12:11:29.399144   416  2389 D SKGHAL  : endResources: rc = 0
11-03 12:11:29.399896  1686  1823 W system_server: Long monitor contention with owner Binder:1686_C (2895) at int com.google.android.clockwork.sidekick.SidekickService$BinderService.sendWatchFace(com.google.android.clockwork.decomposablewatchface.WatchFaceDecomposition, boolean)(SidekickService.java:1021) waiters=0 in boolean com.google.android.clockwork.sidekick.SidekickService$LocalService.startDisplayControl(int) for 262ms
11-03 12:11:29.400326  2520  2520 D HOME    : [SidekickManagerAsync]replaceWatchFaceComponents(): Callback#onResult(): 0
11-03 12:11:29.400538  2520  2520 D HOME    : [WatchFaceUiController]Complication updates sent, posting watch face hiding
11-03 12:11:29.400602  2520  2520 D HOME    : [WatchFaceUiController]Still in ambient watch face, hiding
11-03 12:11:29.400653  2520  2520 D HOME    : [WatchFaceUiController]Hiding watch face wallpaper.
11-03 12:11:29.402643  1686  1823 I SidekickService: beginDisplayLocked(): DOZE_SUSPEND
11-03 12:11:29.403573   416  2389 D SKGHAL  : sendAmbientPrepare: enter:
11-03 12:11:29.423614  3338  3983 I Checkin : [ServiceDumpSys] dumping service [batterystats]
--------- switch to system
11-03 12:11:29.431345  1686  1706 E BatteryExternalStatsWorker: no controller energy info supplied for wifi
11-03 12:11:29.458748  1686  1702 W BroadcastQueue: Background execution not allowed: receiving Intent { act=android.intent.action.DROPBOX_ENTRY_ADDED flg=0x10 (has extras) } to com.google.android.gms/.stats.service.DropBoxEntryAddedReceiver
11-03 12:11:29.459180  1686  1702 W BroadcastQueue: Background execution not allowed: receiving Intent { act=android.intent.action.DROPBOX_ENTRY_ADDED flg=0x10 (has extras) } to com.google.android.gms/.chimera.GmsIntentOperationService$PersistentTrustedReceiver
--------- switch to main
11-03 12:11:29.528208   416  2389 D SKGHAL  : sendAmbientEvent: enter: enable = 1
11-03 12:11:29.529453   504   523 I SDM     : DisplayBase::SetDisplayState: Set state = 4, display 0
11-03 12:11:29.529534   504   523 D SDM     : HWCDisplayPrimary::SetStandByMode: Null display is connected successfully
11-03 12:11:29.529672   416  2389 D SKGHAL  : standBy_update_control call succeed on 1
11-03 12:11:29.536468   416  2389 D SKGHAL  : sendAmbientEvent: done: enable = 1
11-03 12:11:29.536841  1686  1823 D SidekickService:    ... beginDisplay result: 0 for halPower: 1
--------- switch to kernel
11-03 12:11:29.420348     0     0 E bgrsb   : bgrsb_enable: gpio 32 is valid
--------- switch to main
11-03 12:11:29.557002   512   512 I sensors-hal: activate:107, android.sensor.accelerometer/48 en=0
11-03 12:11:29.560192   512   512 I sensors-hal: activate:118, android.sensor.accelerometer/48 en=0 completed
11-03 12:11:29.568891  1686  1799 E WifiStateMachine: getWifiLinkLayerStats called without an interface
11-03 12:11:29.589073  1686  1686 I WearPower: [WearTouchMediator] changing touch input to enabled (ON_AUTO)
11-03 12:11:29.589905  1686  1759 I InputReader: Reconfiguring input devices.  changes=0x00000200
--------- switch to kernel
11-03 12:11:29.452948     0     0 I init    : processing action (ro.enable_core_ctl=true && sys.cw_corectl_mode=idle) from (/vendor/etc/init/hw/init.qcom.rc:949)
--------- switch to main
11-03 12:11:29.602628  1686  1686 I AmbientService: [ce6a28c] Timeout alarm not required, auto-resume timeout handled by dream.
11-03 12:11:29.608932  3205  3434 W WorkController: Loading failed for worker [trainingcache]: worker not found
11-03 12:11:29.609952  3205  3372 W A       : TrainingCache cache SCREEN_OFF failure
11-03 12:11:29.609952  3205  3372 W A       : com.google.android.apps.gsa.search.core.service.h.a.a: No worker found for Worker ID [trainingcache].
11-03 12:11:29.609952  3205  3372 W A       : 	at com.google.android.apps.gsa.search.core.service.g.a.c.a(Unknown Source:5)
11-03 12:11:29.609952  3205  3372 W A       : 	at com.google.android.libraries.gsa.c.a.d.a(Unknown Source:3)
11-03 12:11:29.609952  3205  3372 W A       : 	at com.google.common.p.a.cg.c(Unknown Source:2)
11-03 12:11:29.609952  3205  3372 W A       : 	at com.google.common.p.a.bk.run(SourceFile:3)
11-03 12:11:29.609952  3205  3372 W A       : 	at com.google.common.p.a.ci.run(Unknown Source:4)
11-03 12:11:29.609952  3205  3372 W A       : 	at com.google.apps.tiktok.concurrent.ab.run(SourceFile:1)
11-03 12:11:29.609952  3205  3372 W A       : 	at java.util.concurrent.ThreadPoolExecutor.runWorker(ThreadPoolExecutor.java:1167)
11-03 12:11:29.609952  3205  3372 W A       : 	at java.util.concurrent.ThreadPoolExecutor$Worker.run(ThreadPoolExecutor.java:641)
11-03 12:11:29.609952  3205  3372 W A       : 	at com.google.apps.tiktok.concurrent.c.run(Unknown Source:4)
11-03 12:11:29.609952  3205  3372 W A       : 	at java.lang.Thread.run(Thread.java:764)
--------- switch to system
11-03 12:11:29.618645  1686  1702 W BroadcastQueue: Background execution not allowed: receiving Intent { act=android.intent.action.DROPBOX_ENTRY_ADDED flg=0x10 (has extras) } to com.google.android.gms/.stats.service.DropBoxEntryAddedReceiver
11-03 12:11:29.619061  1686  1702 W BroadcastQueue: Background execution not allowed: receiving Intent { act=android.intent.action.DROPBOX_ENTRY_ADDED flg=0x10 (has extras) } to com.google.android.gms/.chimera.GmsIntentOperationService$PersistentTrustedReceiver
--------- switch to main
11-03 12:11:29.622281  3338  3983 I Checkin : [ServiceDumpSys] dumping service [package]
--------- switch to system
11-03 12:11:29.652856  1686  1702 W BroadcastQueue: Background execution not allowed: receiving Intent { act=android.intent.action.DROPBOX_ENTRY_ADDED flg=0x10 (has extras) } to com.google.android.gms/.stats.service.DropBoxEntryAddedReceiver
11-03 12:11:29.653353  1686  1702 W BroadcastQueue: Background execution not allowed: receiving Intent { act=android.intent.action.DROPBOX_ENTRY_ADDED flg=0x10 (has extras) } to com.google.android.gms/.chimera.GmsIntentOperationService$PersistentTrustedReceiver
--------- switch to main
11-03 12:11:29.664098  3338  3983 I Checkin : [ServiceDumpSys] dumping service [procstats]
--------- switch to system
11-03 12:11:29.672906  1686  1702 W BroadcastQueue: Background execution not allowed: receiving Intent { act=android.intent.action.DROPBOX_ENTRY_ADDED flg=0x10 (has extras) } to com.google.android.gms/.stats.service.DropBoxEntryAddedReceiver
11-03 12:11:29.673337  1686  1702 W BroadcastQueue: Background execution not allowed: receiving Intent { act=android.intent.action.DROPBOX_ENTRY_ADDED flg=0x10 (has extras) } to com.google.android.gms/.chimera.GmsIntentOperationService$PersistentTrustedReceiver
--------- switch to main
11-03 12:11:29.687172  3316 13811 I NetworkScheduler.Stats: Task com.google.android.gms/com.google.android.gms.checkin.EventLogService finished executing. cause:11 result: 1 elapsed_millis: 1740 uptime_millis: 1740 exec_start_elapsed_seconds: 69367 [CONTEXT service_id=218 ]
11-03 12:11:29.692973  2520  2520 D HOME    : [StreamDBQueue]Promised revision #5255 to queue a new op
11-03 12:11:29.693191  2520  2520 D WatchStreamManager: Promised rank-blocked=false @ r#5255
11-03 12:11:29.693444  2520  2520 D HOME    : [CompactHunStarter]detachWindow()
11-03 12:11:29.694023  2520 13838 D HOME    : [WatchStreamDB]Item alerting conditions - isInterruptive: true, recentlyInterrupted: false, isItemPinned: false, isUnread: false
11-03 12:11:29.694291  2520 13838 D HOME    : [StreamAlertingRegulator]isTheaterModeEnabled: false, isAlertingAllowedByOffBody: true, matchesLocalInterruptionFilter: true
11-03 12:11:29.699317  2520 12958 D HOME    : [StreamDBQueue]Promised revision #5256 to queue a new op
11-03 12:11:29.699486  2520 12958 D WatchStreamManager: Promised rerank @ r#5256
11-03 12:11:29.729283  2520 13838 D HOME    : [WatchStreamDB]couldItemAlert: false, isTopItemChanged: false, isDeferralForTopItem: false
11-03 12:11:29.729977  2520 13838 D HOME    : [WatchStreamDB]updateRanking()
11-03 12:11:29.730494  2520 13838 D HOME    : [WatchStreamDB]Item alerting conditions - isInterruptive: true, recentlyInterrupted: false, isItemPinned: false, isUnread: false
11-03 12:11:29.730765  2520 13838 D HOME    : [StreamAlertingRegulator]isTheaterModeEnabled: false, isAlertingAllowedByOffBody: true, matchesLocalInterruptionFilter: true
11-03 12:11:29.730990  2520 13838 D HOME    : [WatchStreamDB]couldItemAlert: false, isTopItemChanged: false, isDeferralForTopItem: false
11-03 12:11:29.731532  2520 13838 D HOME    : [NewStreamAdapter]Publishing revision #5256 to adapter clients
--------- switch to kernel
11-03 12:11:29.935006     0     0 I PM      : suspend entry 2021-11-03 11:11:29.935006793 UTC
11-03 12:11:29.935028     0     0 I PM      : Syncing filesystems ...
11-03 12:11:30.111827     0     0 E mdss_dsi_gen_read_status: Read back value from panel is incorrect
11-03 12:11:30.884537     0     0 I         : done.
11-03 12:11:30.887047     0     0 I         : Freezing user space processes ... (elapsed 0.010 seconds) done.
11-03 12:11:30.897106     0     0 I         : Freezing remaining freezable tasks ... (elapsed 0.003 seconds) done.
11-03 12:11:30.901051     0     0 I         : Suspending console(s) (use no_console_suspend to debug)
11-03 12:11:30.912643     0     0 I mdss_dsi_panel_set_idle_mode: Idle (1->1)
11-03 12:11:30.949387     0     0 I bgcom   : bgcom_pm_suspend: suspended with : 0
11-03 12:11:30.975498     0     0 I PM      : suspend of devices complete after 72.227 msecs
11-03 12:11:30.980872     0     0 I PM      : late suspend of devices complete after 5.340 msecs
11-03 12:11:30.986640     0     0 I PM      : noirq suspend of devices complete after 5.729 msecs
11-03 12:11:30.986654     0     0 I         : Disabling non-boot CPUs ...
11-03 12:11:31.005727     0     0 W         : IRQ21 no longer affine to CPU1
11-03 12:11:31.007607     0     0 I CPU1    : shutdown
11-03 12:11:31.009972     0     0 I suspend ns: 4441405917573	suspend cycles:    1332064213251
11-03 12:11:31.009950     0     0 I CPU0    : msm_cpu_pm_enter_sleep mode:3 during suspend
11-03 12:11:31.009950     0     0 I         : Suspended for 87.467 seconds
11-03 12:11:31.009950     0     0 I resume cycles: 1333743582850
11-03 12:11:31.010579     0     0 I         : Enabling non-boot CPUs ...
11-03 12:11:31.011437     0     0 I CPU1    : update cpu_capacity 1024
11-03 12:11:31.012909     0     0 I         : CPU1 is up
11-03 12:11:31.014355     0     0 I CPU1    : update max cpu_capacity 748
11-03 12:11:31.016690     0     0 I PM      : noirq resume of devices complete after 3.439 msecs
11-03 12:11:31.021853     0     0 I PM      : early resume of devices complete after 3.699 msecs
11-03 12:11:31.051517     0     0 I bgcom   : bgcom_pm_resume: Bgcom resumed with : 0
11-03 12:11:31.061542     0     0 I mdss_dsi_panel_set_idle_mode: Idle (1->1)
11-03 12:11:31.098454     0     0 I PM      : resume of devices complete after 76.571 msecs
11-03 12:11:31.102489     0     0 I         : Restarting tasks ...
11-03 12:11:31.107344     0     0 W QSEECOM : qseecom_receive_req: Interrupted: exiting Listener Service = 8192
11-03 12:11:31.107448     0     0 W QSEECOM : qseecom_receive_req: Interrupted: exiting Listener Service = 12288
11-03 12:11:31.107489     0     0 W QSEECOM : qseecom_receive_req: Interrupted: exiting Listener Service = 11
11-03 12:11:31.110125     0     0 W QSEECOM : qseecom_receive_req: Interrupted: exiting Listener Service = 10
11-03 12:11:31.110213     0     0 W QSEECOM : qseecom_receive_req: Interrupted: exiting Listener Service = 28672
--------- switch to system
11-03 12:12:58.587424  1686  1686 I PowerManagerService: Waking up from dozing (uid=1000 reason=tiltToWake)...
--------- switch to main
11-03 12:12:58.590500  3316  3353 D SharedPreferencesImpl: Time required to fsync /data/user/0/com.google.android.gms/shared_prefs/LocalSensorState.xml: [<1: 0, <2: 0, <4: 3, <8: 2, <16: 1, <32: 0, <64: 1, <128: 0, <256: 0, <512: 0, <1024: 0, <2048: 0, <4096: 0, <8192: 0, <16384: 0, >=16384: 1]
--------- switch to kernel
11-03 12:11:31.124628     0     0 I         : done.
11-03 12:12:58.593212     0     0 I PM      : suspend exit 2021-11-03 11:12:58.593212383 UTC
--------- switch to system
11-03 12:12:58.603333  1686  1686 W UsageStatsService: Event reported without a package name
--------- switch to kernel
11-03 12:12:58.629121     0     0 E FG      : fg_psy_get_property: unsupported property 7
11-03 12:12:58.492690     0     0 W healthd : battery l=6 v=3698 t=23.0 h=2 st=3 c=5 fc=443000 cc=0 chg=
--------- switch to main
11-03 12:12:58.668075   512   512 I sensors-hal: batch:140, android.sensor.light/46, period=100000000, max_latency=0
11-03 12:12:58.668139   512   512 I sensors-hal: batch:149, android.sensor.light/46, period=100000000, max_latency=0 request completed
11-03 12:12:58.672139   512   512 I sensors-hal: activate:107, android.sensor.light/46 en=1
11-03 12:12:58.672602   512   512 I sensors-hal: ssc_enable_rt_task:254, ssc_enable_rt_task : true
11-03 12:12:58.675617   512   512 I sensors-hal: activate:118, android.sensor.light/46 en=1 completed
11-03 12:12:58.677902  1686  1823 I SidekickService: endDisplayLocked()
--------- switch to system
11-03 12:12:58.678280  1686  1710 I DisplayManagerService: Display device changed state: "Écran intégré", ON
--------- switch to main
11-03 12:12:58.679014   512   512 I sensors-hal: batch:140, android.sensor.accelerometer/48, period=66667000, max_latency=100000000
11-03 12:12:58.679081   512   512 I sensors-hal: batch:149, android.sensor.accelerometer/48, period=66667000, max_latency=100000000 request completed
11-03 12:12:58.679313   416  2389 D SKGHAL  : sendAmbientEvent: enter: enable = 0
11-03 12:12:58.695635  4243  4243 D OMService: onDisplayChanged: not dozing
11-03 12:12:58.696888   512   512 I sensors-hal: activate:107, android.sensor.accelerometer/48 en=1
11-03 12:12:58.697589   512   512 I sensors-hal: ssc_enable_rt_task:254, ssc_enable_rt_task : true
11-03 12:12:58.716350  1686  1759 I InputReader: Reconfiguring input devices.  changes=0x00000004
--------- switch to kernel
11-03 12:12:58.563441     0     0 E bgrsb   : bgrsb_enable: rsb will set report rate
11-03 12:12:58.585443     0     0 E bgrsb   : bgrsb_enable: gpio 32 is valid
11-03 12:12:58.597339     0     0 I         : [touch]FB_BLANK_VSYNC_SUSPEND
11-03 12:12:58.597342     0     0 I         : [touch]Already in suspend state
11-03 12:12:58.610293     0     0 I mdss_dsi_panel_set_idle_mode: Idle (1->0)
11-03 12:12:58.610998     0     0 E mdp3_enable_panic_ctrl: mdp3_enable_panic_ctrl: Enable Panic Control
11-03 12:12:58.611057     0     0 I         : [touch]FB_BLANK_UNBLANK
11-03 12:12:58.611062     0     0 I         : [touch]raydium_ts_do_resume, 1.
11-03 12:12:58.611320     0     0 I         : [ raydium ]workqueue is empty!
11-03 12:12:58.611332     0     0 I raydium_ts 5-0039: [touch]Already enable irq
11-03 12:12:58.611334     0     0 I         : [touch]Device may wakeup
--------- switch to main
11-03 12:12:58.721065   512   512 I sensors-hal: activate:118, android.sensor.accelerometer/48 en=1 completed
11-03 12:12:58.730369  2520  2520 D HOME    : [BatteryChange]action: android.intent.action.BATTERY_CHANGED
11-03 12:12:58.730721  2520 13693 D HOME    : [BatteryChange]HandleBatteryChangedTask
11-03 12:12:58.730737  1956  1956 D QtiCarrierConfigHelper: WARNING, no carrier configs on phone Id: 0
11-03 12:12:58.731030  2520 13693 D HOME    : [BatteryChange]level: 6, status: 3
11-03 12:12:58.737024   504   523 I SDM     : DisplayBase::SetDisplayState: Set state = 3, display 0
11-03 12:12:58.737171   504   523 D SDM     : HWCDisplayPrimary::SetStandByMode: Display is connected successfully
11-03 12:12:58.738955  1686  1799 E WifiStateMachine: getWifiLinkLayerStats called without an interface
11-03 12:12:58.741518   416  2389 D SKGHAL  : standBy_update_control call succeed on 0
11-03 12:12:58.741581   416  2389 D SKGHAL  : sendAmbientEvent: done: enable = 0
11-03 12:12:58.742252  1686  1823 D SidekickService:    ... endDisplay returns void
11-03 12:12:58.742889   545   545 D SurfaceFlinger: Set power mode=2, type=0 flinger=0xb6bb6000
11-03 12:12:58.743113   504   764 I SDM     : DisplayBase::SetDisplayState: Set state = 1, display 0
11-03 12:12:58.743232  2520 13693 D HOME    : [BatteryChange]updateStreamItem
11-03 12:12:58.751799   545   545 D SurfaceFlinger: Finished set power mode=2, type=0
--------- switch to system
11-03 12:12:58.754926  1686  1712 W PowerManagerService: Screen on took 288 ms
11-03 12:12:58.755133  1686  1712 I DreamManagerService: Gently waking up from dream.
11-03 12:12:58.755698  1686  1708 I DreamManagerService: Performing gentle wake from dream.
--------- switch to main
11-03 12:12:58.756069   512 14170 I sensors-hal: handle_indication_realtime:355,  SCHED_FIFO(10) for qmi_cbk
11-03 12:12:58.760957  3205  3434 W WorkController: Loading failed for worker [trainingcache]: worker not found
--------- switch to system
11-03 12:12:58.761872  1686  1702 W BroadcastQueue: Background execution not allowed: receiving Intent { act=android.intent.action.USER_PRESENT flg=0x10 } to com.google.android.gms/.auth.setup.devicesignals.LockScreenReceiver
--------- switch to main
11-03 12:12:58.762002  3205  3294 W A       : TrainingCache cache DEVICE_UNLOCKED failure
11-03 12:12:58.762002  3205  3294 W A       : com.google.android.apps.gsa.search.core.service.h.a.a: No worker found for Worker ID [trainingcache].
11-03 12:12:58.762002  3205  3294 W A       : 	at com.google.android.apps.gsa.search.core.service.g.a.c.a(Unknown Source:5)
11-03 12:12:58.762002  3205  3294 W A       : 	at com.google.android.libraries.gsa.c.a.d.a(Unknown Source:3)
11-03 12:12:58.762002  3205  3294 W A       : 	at com.google.common.p.a.cg.c(Unknown Source:2)
11-03 12:12:58.762002  3205  3294 W A       : 	at com.google.common.p.a.bk.run(SourceFile:3)
11-03 12:12:58.762002  3205  3294 W A       : 	at com.google.common.p.a.ci.run(Unknown Source:4)
11-03 12:12:58.762002  3205  3294 W A       : 	at com.google.apps.tiktok.concurrent.ab.run(SourceFile:1)
11-03 12:12:58.762002  3205  3294 W A       : 	at java.util.concurrent.ThreadPoolExecutor.runWorker(ThreadPoolExecutor.java:1167)
11-03 12:12:58.762002  3205  3294 W A       : 	at java.util.concurrent.ThreadPoolExecutor$Worker.run(ThreadPoolExecutor.java:641)
11-03 12:12:58.762002  3205  3294 W A       : 	at com.google.apps.tiktok.concurrent.c.run(Unknown Source:4)
11-03 12:12:58.762002  3205  3294 W A       : 	at java.lang.Thread.run(Thread.java:764)
--------- switch to system
11-03 12:12:58.762429  1686  1702 W BroadcastQueue: Background execution not allowed: receiving Intent { act=android.intent.action.USER_PRESENT flg=0x10 } to com.google.android.gms/.chimera.GmsIntentOperationService$PersistentTrustedReceiver
11-03 12:12:58.763791  1686  1686 V DreamService[AmbientDream]: wakeUp(): fromSystem=true, mWaking=false, mFinished=false
11-03 12:12:58.763893  1686  1686 V DreamService[AmbientDream]: finish(): mFinished=false
11-03 12:12:58.763963  1686  1686 I DreamManagerService: Leaving dreamland.
11-03 12:12:58.765507  1686  1708 I DreamManagerService: Performing gentle wake from dream.
11-03 12:12:58.765669  1686  1708 I DreamController: Stopping dream: name=ComponentInfo{com.google.android.wearable.ambient/com.google.android.wearable.ambient.AmbientDream}, isTest=false, canDoze=true, userId=0
--------- switch to main
11-03 12:12:58.785056  2520 13693 D HOME    : [BatteryChange]batteryHistory size: 20'
11-03 12:12:58.785266  2520 13693 D HOME    : [BatteryChange]timeDelta: 15219944
11-03 12:12:58.785444  2520 13693 D HOME    : [BatteryChange]levelDelta: 21
--------- switch to system
11-03 12:12:58.800934  1686  1686 V DreamService[AmbientDream]: detach(): Calling onDreamingStopped()
--------- switch to main
11-03 12:12:58.801106  1686  1686 I AmbientService: [ce6a28c] doOnDreamingStopped
11-03 12:12:58.801189  1686  1686 D WristGestureCtrl: Starting: GesturesEnabled-false UngazeEnabled-true
11-03 12:12:58.801236  1686  1686 D DefaultUngazeDetector: starting
11-03 12:12:58.801289  1686  1686 D DefaultUngazeDetector: startUngazeStateEstimation(). startTime = 69458231
11-03 12:12:58.802506   512   512 I sensors-hal: batch:140, android.sensor.accelerometer/48, period=19231000, max_latency=100000000
11-03 12:12:58.803562   512 14172 I sensors-hal: handle_indication_realtime:355,  SCHED_FIFO(10) for qmi_cbk
11-03 12:12:58.804244   512   512 I sensors-hal: batch:149, android.sensor.accelerometer/48, period=19231000, max_latency=100000000 request completed
11-03 12:12:58.804750   512   512 I sensors-hal: flush:169, android.sensor.accelerometer/48
11-03 12:12:58.811794   512   512 I sensors-hal: flush:175, android.sensor.accelerometer/48 completed
11-03 12:12:58.823908  1686  1686 W AlarmManagerProxy: Removing unknown listener
11-03 12:12:58.829216  2520  2520 D HOME    : [HomeVisitsLogger]Logging streamlet event: visit_start
11-03 12:12:58.829418  2520  2520 D HOME    : [HomeVisitsLogger]Logging streamlet event: exit_ambient_mode
11-03 12:12:58.829772  2520  2520 D HOME    : [HotwordController]updateClient MODE_WATCH_FACE false false false true
11-03 12:12:58.830516  2520  2520 D HOME    : [WatchFaceUiController]setInAmbientMode false
11-03 12:12:58.830581  2520  2520 D HOME    : [WatchFaceUiController]sendWatchFaceServiceBinder
11-03 12:12:58.834590  2520  2520 D HOME    : [WatchFaceUiController]sendStateToWallpaper
11-03 12:12:58.836048  2520  2520 D HOME    : [WatchFaceUiController]Showing watch face wallpaper.
11-03 12:12:58.836188  2520  2520 D HOME    : [WatchFaceUiController]sendStateToWallpaper
11-03 12:12:58.838554  2520  2520 D HOME    : [StreamDBQueue]Promised revision #5257 to queue a new op
11-03 12:12:58.838827  2520  2520 D WatchStreamManager: Promised rank-blocked=true @ r#5257
11-03 12:12:58.839249  2520  2520 D HOME    : [StreamDBQueue]Promised revision #5258 to queue a new op
11-03 12:12:58.839360  2520  2520 D WatchStreamManager: Promised rank-blocked=true @ r#5258
11-03 12:12:58.839851  2520  2520 D HOME    : [TilesController]Tile refresh optimization is enabled.
11-03 12:12:58.840151  2520  2520 D HOME    : [EventBus]Wrapper pool is full. Discarding excess wrapper instance for event com.google.android.clockwork.sysui.events.KeyguardStateEvent
11-03 12:12:58.840224  2520  2520 D HOME    : [WatchFaceUiController]sendStateToWallpaper
