11-03 05:43:41.356677     0     0 W QSEECOM : qseecom_receive_req: Interrupted: exiting Listener Service = 12288
11-03 05:43:41.357498     0     0 W QSEECOM : qseecom_receive_req: Interrupted: exiting Listener Service = 10
11-03 05:43:41.359659     0     0 W QSEECOM : qseecom_receive_req: Interrupted: exiting Listener Service = 11
11-03 05:43:41.359696     0     0 W QSEECOM : qseecom_receive_req: Interrupted: exiting Listener Service = 28672
11-03 05:43:41.362192     0     0 I         : done.
11-03 05:43:41.363046     0     0 I PM      : suspend exit 2021-11-03 04:43:41.363046263 UTC
11-03 05:43:41.565819     0     0 I PM      : suspend entry 2021-11-03 04:43:41.565819961 UTC
11-03 05:43:41.565837     0     0 I PM      : Syncing filesystems ... done.
11-03 05:43:41.576643     0     0 I         : Freezing user space processes ... (elapsed 0.005 seconds) done.
11-03 05:43:41.582265     0     0 I         : Freezing remaining freezable tasks ... (elapsed 0.003 seconds) done.
11-03 05:43:41.585400     0     0 I         : Suspending console(s) (use no_console_suspend to debug)
11-03 05:43:41.591871     0     0 I bgcom   : bgcom_pm_suspend: suspended with : 0
11-03 05:43:41.618863     0     0 I PM      : suspend of devices complete after 31.907 msecs
11-03 05:43:41.621528     0     0 I PM      : late suspend of devices complete after 2.647 msecs
11-03 05:43:41.624522     0     0 I PM      : noirq suspend of devices complete after 2.980 msecs
11-03 05:43:41.624529     0     0 I         : Disabling non-boot CPUs ...
11-03 05:43:41.635639     0     0 W         : IRQ16 no longer affine to CPU1
11-03 05:43:41.635647     0     0 W         : IRQ21 no longer affine to CPU1
11-03 05:43:41.635829     0     0 W         : IRQ93 no longer affine to CPU1
11-03 05:43:41.636505     0     0 I CPU1    : shutdown
11-03 05:43:41.637394     0     0 I suspend ns: 2325288481452	suspend cycles:     885292259817
11-03 05:43:41.637385     0     0 I CPU0    : msm_cpu_pm_enter_sleep mode:3 during suspend
11-03 05:43:41.637385     0     0 I         : Suspended for 106.016 seconds
11-03 05:43:41.637385     0     0 I resume cycles: 887327783276
11-03 05:43:41.637640     0     0 I         : Enabling non-boot CPUs ...
11-03 05:43:41.637965     0     0 I CPU1    : update cpu_capacity 1024
11-03 05:43:41.638967     0     0 I         : CPU1 is up
11-03 05:43:41.640557     0     0 I PM      : noirq resume of devices complete after 1.417 msecs
11-03 05:43:41.643460     0     0 I PM      : early resume of devices complete after 1.694 msecs
11-03 05:43:41.644982     0     0 I CPU0    : update max cpu_capacity 748
11-03 05:43:41.666709     0     0 I bgcom   : bgcom_pm_resume: Bgcom resumed with : 0
11-03 05:43:41.670467     0     0 I PM      : resume of devices complete after 26.988 msecs
11-03 05:43:41.672320     0     0 I         : Restarting tasks ...
11-03 05:43:41.674127     0     0 W QSEECOM : qseecom_receive_req: Interrupted: exiting Listener Service = 8192
11-03 05:43:41.674178     0     0 W QSEECOM : qseecom_receive_req: Interrupted: exiting Listener Service = 12288
11-03 05:43:41.674208     0     0 W QSEECOM : qseecom_receive_req: Interrupted: exiting Listener Service = 11
11-03 05:43:41.674234     0     0 W QSEECOM : qseecom_receive_req: Interrupted: exiting Listener Service = 10
11-03 05:43:41.674258     0     0 W QSEECOM : qseecom_receive_req: Interrupted: exiting Listener Service = 28672
11-03 05:43:41.677037     0     0 E FG      : fg_psy_get_property: unsupported property 7
11-03 05:45:27.611621     0     0 W healthd : battery l=34 v=3819 t=21.0 h=2 st=3 c=5 fc=443000 cc=0 chg=
11-03 05:45:27.618696     0     0 I         : done.
11-03 05:45:27.703265     0     0 I PM      : suspend exit 2021-11-03 04:45:27.703265701 UTC
11-03 05:45:27.805657     0     0 I PM      : suspend entry 2021-11-03 04:45:27.805657055 UTC
--------- switch to main
11-03 05:45:27.839662  1686  1820 I WearCellularMediator: OFF_USER_ABSENT changed radio power: false
--------- switch to kernel
11-03 05:45:27.805673     0     0 I PM      : Syncing filesystems ... done.
11-03 05:45:27.875256     0     0 I         : Freezing user space processes ... (elapsed 0.006 seconds) done.
11-03 05:45:27.881323     0     0 I         : Freezing remaining freezable tasks ... (elapsed 0.003 seconds) done.
11-03 05:45:27.884469     0     0 I         : Suspending console(s) (use no_console_suspend to debug)
11-03 05:45:27.889897     0     0 I bgcom   : bgcom_pm_suspend: suspended with : 0
11-03 05:45:27.917682     0     0 I PM      : suspend of devices complete after 31.676 msecs
11-03 05:45:27.920338     0     0 I PM      : late suspend of devices complete after 2.639 msecs
11-03 05:45:27.923472     0     0 I PM      : noirq suspend of devices complete after 3.118 msecs
11-03 05:45:27.923479     0     0 I         : Disabling non-boot CPUs ...
11-03 05:45:27.942447     0     0 W         : IRQ21 no longer affine to CPU1
11-03 05:45:27.943269     0     0 I CPU1    : shutdown
11-03 05:45:27.944094     0     0 I suspend ns: 2325578333484	suspend cycles:     887333348435
11-03 05:45:27.944084     0     0 I CPU0    : msm_cpu_pm_enter_sleep mode:3 during suspend
11-03 05:45:27.944084     0     0 I         : Suspended for 371.706 seconds
11-03 05:45:27.944084     0     0 I resume cycles: 894470118350
11-03 05:45:27.944306     0     0 I         : Enabling non-boot CPUs ...
11-03 05:45:27.944631     0     0 I CPU1    : update cpu_capacity 1024
11-03 05:45:27.945642     0     0 I         : CPU1 is up
11-03 05:45:27.947219     0     0 I PM      : noirq resume of devices complete after 1.406 msecs
11-03 05:45:27.950123     0     0 I PM      : early resume of devices complete after 1.694 msecs
11-03 05:45:27.951740     0     0 I CPU0    : update max cpu_capacity 748
11-03 05:45:27.972703     0     0 I bgcom   : bgcom_pm_resume: Bgcom resumed with : 0
11-03 05:45:27.976255     0     0 I PM      : resume of devices complete after 26.098 msecs
11-03 05:45:27.978335     0     0 I         : Restarting tasks ...
11-03 05:45:27.980229     0     0 W QSEECOM : qseecom_receive_req: Interrupted: exiting Listener Service = 8192
11-03 05:45:27.980270     0     0 W QSEECOM : qseecom_receive_req: Interrupted: exiting Listener Service = 11
11-03 05:45:27.980302     0     0 W QSEECOM : qseecom_receive_req: Interrupted: exiting Listener Service = 10
11-03 05:45:27.980331     0     0 W QSEECOM : qseecom_receive_req: Interrupted: exiting Listener Service = 28672
11-03 05:45:27.982259     0     0 W QSEECOM : qseecom_receive_req: Interrupted: exiting Listener Service = 12288
11-03 05:45:27.999370     0     0 I         : done.
11-03 05:51:39.707466     0     0 I PM      : suspend exit 2021-11-03 04:51:39.707466705 UTC
--------- switch to main
11-03 05:51:39.796862  3316  9973 E WakeLock: GCM_HB_ALARM release without a matched acquire!
11-03 05:51:39.797356  3316  9973 W WakeLock: GCM_HB_ALARM counter does not exist
11-03 05:51:39.823575  3316  9973 E WakeLock: GCM_CONN_ALARM release without a matched acquire!
--------- switch to kernel
11-03 05:51:39.833659     0     0 I PM      : suspend entry 2021-11-03 04:51:39.833659517 UTC
11-03 05:51:39.833668     0     0 I PM      : Syncing filesystems ... done.
11-03 05:51:39.934442     0     0 I         : Freezing user space processes ... (elapsed 0.005 seconds) done.
11-03 05:51:39.940358     0     0 I         : Freezing remaining freezable tasks ... (elapsed 0.002 seconds) done.
11-03 05:51:39.943288     0     0 I         : Suspending console(s) (use no_console_suspend to debug)
11-03 05:51:39.948930     0     0 I bgcom   : bgcom_pm_suspend: suspended with : 0
11-03 05:51:39.976068     0     0 I PM      : suspend of devices complete after 31.236 msecs
11-03 05:51:39.978827     0     0 I PM      : late suspend of devices complete after 2.740 msecs
11-03 05:51:39.981811     0     0 I PM      : noirq suspend of devices complete after 2.969 msecs
11-03 05:51:39.981817     0     0 I         : Disabling non-boot CPUs ...
11-03 05:51:39.999978     0     0 I CPU1    : shutdown
11-03 05:51:40.000938     0     0 I suspend ns: 2325928403016	suspend cycles:     894476839685
11-03 05:51:40.000929     0     0 I CPU0    : msm_cpu_pm_enter_sleep mode:3 during suspend
11-03 05:51:40.000929     0     0 I         : Suspended for 228.647 seconds
11-03 05:51:40.000929     0     0 I resume cycles: 898866877647
11-03 05:51:40.001179     0     0 I         : Enabling non-boot CPUs ...
11-03 05:51:40.001501     0     0 I CPU1    : update cpu_capacity 1024
11-03 05:51:40.002502     0     0 I         : CPU1 is up
11-03 05:51:40.004101     0     0 I PM      : noirq resume of devices complete after 1.418 msecs
11-03 05:51:40.006995     0     0 I PM      : early resume of devices complete after 1.689 msecs
11-03 05:51:40.008458     0     0 I CPU1    : update max cpu_capacity 748
11-03 05:51:40.031205     0     0 I bgcom   : bgcom_pm_resume: Bgcom resumed with : 0
11-03 05:51:40.034570     0     0 I PM      : resume of devices complete after 27.557 msecs
11-03 05:51:40.036402     0     0 I         : Restarting tasks ...
11-03 05:51:40.037638     0     0 W QSEECOM : qseecom_receive_req: Interrupted: exiting Listener Service = 8192
11-03 05:51:40.037682     0     0 W QSEECOM : qseecom_receive_req: Interrupted: exiting Listener Service = 12288
11-03 05:51:40.037710     0     0 W QSEECOM : qseecom_receive_req: Interrupted: exiting Listener Service = 11
11-03 05:51:40.037745     0     0 W QSEECOM : qseecom_receive_req: Interrupted: exiting Listener Service = 28672
11-03 05:51:40.042010     0     0 W QSEECOM : qseecom_receive_req: Interrupted: exiting Listener Service = 10
11-03 05:51:40.044946     0     0 E FG      : fg_psy_get_property: unsupported property 7
11-03 05:51:40.048586     0     0 I         : done.
11-03 05:55:28.702148     0     0 I healthd : battery l=34 v=3817 t=21.0 h=2 st=3 c=5 fc=443000 cc=0 chg=
11-03 05:55:28.699990     0     0 I PM      : suspend exit 2021-11-03 04:55:28.699990575 UTC
11-03 05:55:28.802407     0     0 I PM      : suspend entry 2021-11-03 04:55:28.802407034 UTC
11-03 05:55:28.802417     0     0 I PM      : Syncing filesystems ... done.
11-03 05:55:28.883787     0     0 I         : Freezing user space processes ... (elapsed 0.005 seconds) done.
11-03 05:55:28.889602     0     0 I         : Freezing remaining freezable tasks ... (elapsed 0.002 seconds) done.
11-03 05:55:28.892518     0     0 I         : Suspending console(s) (use no_console_suspend to debug)
11-03 05:55:28.897697     0     0 I bgcom   : bgcom_pm_suspend: suspended with : 0
11-03 05:55:28.924580     0     0 I PM      : suspend of devices complete after 30.518 msecs
11-03 05:55:28.927502     0     0 I PM      : late suspend of devices complete after 2.905 msecs
11-03 05:55:28.930481     0     0 I PM      : noirq suspend of devices complete after 2.965 msecs
11-03 05:55:28.930488     0     0 I         : Disabling non-boot CPUs ...
11-03 05:55:28.946860     0     0 W         : IRQ21 no longer affine to CPU1
11-03 05:55:28.947714     0     0 I CPU1    : shutdown
11-03 05:55:28.948541     0     0 I suspend ns: 2326228190568	suspend cycles:     898872633568
11-03 05:55:28.948532     0     0 I CPU0    : msm_cpu_pm_enter_sleep mode:3 during suspend
11-03 05:55:28.948532     0     0 I         : Suspended for 40.699 seconds
11-03 05:55:28.948532     0     0 I resume cycles: 899654069414
11-03 05:55:28.948749     0     0 I         : Enabling non-boot CPUs ...
11-03 05:55:28.949073     0     0 I CPU1    : update cpu_capacity 1024
11-03 05:55:28.950086     0     0 I         : CPU1 is up
11-03 05:55:28.951681     0     0 I PM      : noirq resume of devices complete after 1.422 msecs
11-03 05:55:28.954583     0     0 I PM      : early resume of devices complete after 1.694 msecs
11-03 05:55:28.956212     0     0 I CPU0    : update max cpu_capacity 748
11-03 05:55:28.977605     0     0 I bgcom   : bgcom_pm_resume: Bgcom resumed with : 0
11-03 05:55:28.981438     0     0 I PM      : resume of devices complete after 26.837 msecs
11-03 05:55:28.983282     0     0 I         : Restarting tasks ...
11-03 05:55:28.985228     0     0 W QSEECOM : qseecom_receive_req: Interrupted: exiting Listener Service = 8192
11-03 05:55:28.985277     0     0 W QSEECOM : qseecom_receive_req: Interrupted: exiting Listener Service = 11
11-03 05:55:28.985303     0     0 W QSEECOM : qseecom_receive_req: Interrupted: exiting Listener Service = 10
11-03 05:55:28.985337     0     0 W QSEECOM : qseecom_receive_req: Interrupted: exiting Listener Service = 28672
11-03 05:55:28.987138     0     0 W QSEECOM : qseecom_receive_req: Interrupted: exiting Listener Service = 12288
11-03 05:55:29.010830     0     0 I         : done.
11-03 05:56:09.711131     0     0 I PM      : suspend exit 2021-11-03 04:56:09.711131809 UTC
11-03 05:56:09.811638     0     0 I PM      : suspend entry 2021-11-03 04:56:09.811638997 UTC
11-03 05:56:09.811655     0     0 I PM      : Syncing filesystems ... done.
11-03 05:56:09.885529     0     0 I         : Freezing user space processes ... (elapsed 0.005 seconds) done.
11-03 05:56:09.891297     0     0 I         : Freezing remaining freezable tasks ... (elapsed 0.002 seconds) done.
11-03 05:56:09.894239     0     0 I         : Suspending console(s) (use no_console_suspend to debug)
11-03 05:56:09.899883     0     0 I bgcom   : bgcom_pm_suspend: suspended with : 0
11-03 05:56:09.926531     0     0 I PM      : suspend of devices complete after 30.748 msecs
11-03 05:56:09.929186     0     0 I PM      : late suspend of devices complete after 2.638 msecs
11-03 05:56:09.932174     0     0 I PM      : noirq suspend of devices complete after 2.973 msecs
11-03 05:56:09.932181     0     0 I         : Disabling non-boot CPUs ...
11-03 05:56:09.946583     0     0 W         : IRQ21 no longer affine to CPU1
11-03 05:56:09.947431     0     0 I CPU1    : shutdown
11-03 05:56:09.948249     0     0 I suspend ns: 2326528132183	suspend cycles:     899659828293
11-03 05:56:09.948240     0     0 I CPU0    : msm_cpu_pm_enter_sleep mode:3 during suspend
11-03 05:56:09.948240     0     0 I         : Suspended for 558.694 seconds
11-03 05:56:09.948240     0     0 I resume cycles: 910386770312
11-03 05:56:09.948486     0     0 I         : Enabling non-boot CPUs ...
11-03 05:56:09.948812     0     0 I CPU1    : update cpu_capacity 1024
11-03 05:56:09.949821     0     0 I         : CPU1 is up
11-03 05:56:09.951414     0     0 I PM      : noirq resume of devices complete after 1.411 msecs
11-03 05:56:09.954317     0     0 I PM      : early resume of devices complete after 1.696 msecs
11-03 05:56:09.955924     0     0 I CPU0    : update max cpu_capacity 748
11-03 05:56:09.977211     0     0 I bgcom   : bgcom_pm_resume: Bgcom resumed with : 0
11-03 05:56:09.980697     0     0 I PM      : resume of devices complete after 26.360 msecs
11-03 05:56:09.983265     0     0 I         : Restarting tasks ...
11-03 05:56:09.985040     0     0 W QSEECOM : qseecom_receive_req: Interrupted: exiting Listener Service = 12288
11-03 05:56:09.985089     0     0 W QSEECOM : qseecom_receive_req: Interrupted: exiting Listener Service = 11
11-03 05:56:09.985115     0     0 W QSEECOM : qseecom_receive_req: Interrupted: exiting Listener Service = 10
11-03 05:56:09.985148     0     0 W QSEECOM : qseecom_receive_req: Interrupted: exiting Listener Service = 28672
11-03 05:56:09.986348     0     0 E FG      : fg_psy_get_property: unsupported property 7
11-03 05:56:09.987013     0     0 W QSEECOM : qseecom_receive_req: Interrupted: exiting Listener Service = 8192
11-03 06:05:28.600042     0     0 W healthd : battery l=34 v=3816 t=21.0 h=2 st=3 c=5 fc=443000 cc=0 chg=
11-03 06:05:28.605413     0     0 I         : done.
11-03 06:05:28.691048     0     0 I PM      : suspend exit 2021-11-03 05:05:28.691048522 UTC
11-03 06:05:28.791746     0     0 I PM      : suspend entry 2021-11-03 05:05:28.791746178 UTC
11-03 06:05:28.791773     0     0 I PM      : Syncing filesystems ... done.
11-03 06:05:28.898601     0     0 I         : Freezing user space processes ... (elapsed 0.007 seconds) done.
11-03 06:05:28.905756     0     0 I         : Freezing remaining freezable tasks ... (elapsed 0.002 seconds) done.
11-03 06:05:28.908740     0     0 I         : Suspending console(s) (use no_console_suspend to debug)
11-03 06:05:28.914229     0     0 I bgcom   : bgcom_pm_suspend: suspended with : 0
11-03 06:05:28.940581     0     0 I PM      : suspend of devices complete after 30.295 msecs
11-03 06:05:28.943448     0     0 I PM      : late suspend of devices complete after 2.848 msecs
11-03 06:05:28.946440     0     0 I PM      : noirq suspend of devices complete after 2.977 msecs
11-03 06:05:28.946447     0     0 I         : Disabling non-boot CPUs ...
11-03 06:05:28.981366     0     0 W         : IRQ21 no longer affine to CPU1
11-03 06:05:28.982184     0     0 I CPU1    : shutdown
11-03 06:05:28.982982     0     0 I suspend ns: 2326867980986	suspend cycles:     910393295409
11-03 06:05:28.982973     0     0 I CPU0    : msm_cpu_pm_enter_sleep mode:3 during suspend
11-03 06:05:28.983197     0     0 I         : Enabling non-boot CPUs ...
11-03 06:05:28.983524     0     0 I CPU1    : update cpu_capacity 1024
11-03 06:05:28.984530     0     0 I         : CPU1 is up
11-03 06:05:28.986103     0     0 I PM      : noirq resume of devices complete after 1.402 msecs
11-03 06:05:28.989002     0     0 I PM      : early resume of devices complete after 1.693 msecs
11-03 06:05:28.990747     0     0 I CPU0    : update max cpu_capacity 748
11-03 06:05:29.013349     0     0 I bgcom   : bgcom_pm_resume: Bgcom resumed with : 0
11-03 06:05:29.017240     0     0 I PM      : resume of devices complete after 28.220 msecs
11-03 06:05:29.019081     0     0 I         : Restarting tasks ...
11-03 06:05:29.021108     0     0 W QSEECOM : qseecom_receive_req: Interrupted: exiting Listener Service = 12288
11-03 06:05:29.021150     0     0 W QSEECOM : qseecom_receive_req: Interrupted: exiting Listener Service = 11
11-03 06:05:29.021186     0     0 W QSEECOM : qseecom_receive_req: Interrupted: exiting Listener Service = 28672
11-03 06:05:29.023110     0     0 W QSEECOM : qseecom_receive_req: Interrupted: exiting Listener Service = 8192
11-03 06:05:29.023153     0     0 W QSEECOM : qseecom_receive_req: Interrupted: exiting Listener Service = 10
11-03 06:05:29.029482     0     0 I         : done.
11-03 06:08:10.701398     0     0 I PM      : suspend exit 2021-11-03 05:08:10.701398981 UTC
11-03 06:08:10.801929     0     0 I PM      : suspend entry 2021-11-03 05:08:10.801929866 UTC
11-03 06:08:10.801940     0     0 I PM      : Syncing filesystems ... done.
11-03 06:08:10.908458     0     0 I         : Freezing user space processes ... (elapsed 0.007 seconds) done.
11-03 06:08:10.916475     0     0 I         : Freezing remaining freezable tasks ... (elapsed 0.003 seconds) done.
11-03 06:08:10.919570     0     0 I         : Suspending console(s) (use no_console_suspend to debug)
11-03 06:08:10.924841     0     0 I bgcom   : bgcom_pm_suspend: suspended with : 0
11-03 06:08:10.953565     0     0 I PM      : suspend of devices complete after 32.451 msecs
11-03 06:08:10.956251     0     0 I PM      : late suspend of devices complete after 2.667 msecs
11-03 06:08:10.959338     0     0 I PM      : noirq suspend of devices complete after 3.071 msecs
11-03 06:08:10.959344     0     0 I         : Disabling non-boot CPUs ...
11-03 06:08:10.980825     0     0 I CPU1    : shutdown
11-03 06:08:10.981629     0     0 I suspend ns: 2327208004112	suspend cycles:     913503668880
11-03 06:08:10.981619     0     0 I CPU0    : msm_cpu_pm_enter_sleep mode:3 during suspend
11-03 06:08:10.981619     0     0 I         : Suspended for 437.655 seconds
11-03 06:08:10.981619     0     0 I resume cycles: 921906663056
11-03 06:08:10.981871     0     0 I         : Enabling non-boot CPUs ...
11-03 06:08:10.982196     0     0 I CPU1    : update cpu_capacity 1024
11-03 06:08:10.983200     0     0 I         : CPU1 is up
11-03 06:08:10.984791     0     0 I PM      : noirq resume of devices complete after 1.416 msecs
11-03 06:08:10.987694     0     0 I PM      : early resume of devices complete after 1.696 msecs
11-03 06:08:10.989318     0     0 I CPU0    : update max cpu_capacity 748
11-03 06:08:11.010509     0     0 I bgcom   : bgcom_pm_resume: Bgcom resumed with : 0
11-03 06:08:11.014227     0     0 I PM      : resume of devices complete after 26.516 msecs
11-03 06:08:11.016054     0     0 I         : Restarting tasks ...
11-03 06:08:11.017956     0     0 W QSEECOM : qseecom_receive_req: Interrupted: exiting Listener Service = 8192
11-03 06:08:11.017998     0     0 W QSEECOM : qseecom_receive_req: Interrupted: exiting Listener Service = 28672
11-03 06:08:11.020395     0     0 W QSEECOM : qseecom_receive_req: Interrupted: exiting Listener Service = 12288
11-03 06:08:11.020489     0     0 W QSEECOM : qseecom_receive_req: Interrupted: exiting Listener Service = 11
11-03 06:08:11.020546     0     0 W QSEECOM : qseecom_receive_req: Interrupted: exiting Listener Service = 10
11-03 06:08:11.026525     0     0 I         : done.
11-03 06:15:28.688659     0     0 I PM      : suspend exit 2021-11-03 05:15:28.688659959 UTC
11-03 06:15:28.694934     0     0 E FG      : fg_psy_get_property: unsupported property 7
11-03 06:15:28.629706     0     0 W healthd : battery l=33 v=3812 t=21.0 h=2 st=3 c=13 fc=443000 cc=0 chg=
11-03 06:15:28.789122     0     0 I PM      : suspend entry 2021-11-03 05:15:28.789122719 UTC
11-03 06:15:28.789131     0     0 I PM      : Syncing filesystems ... done.
11-03 06:15:28.921154     0     0 I         : Freezing user space processes ... (elapsed 0.006 seconds) done.
11-03 06:15:28.927910     0     0 I         : Freezing remaining freezable tasks ... (elapsed 0.002 seconds) done.
11-03 06:15:28.930843     0     0 I         : Suspending console(s) (use no_console_suspend to debug)
11-03 06:15:28.936323     0     0 I bgcom   : bgcom_pm_suspend: suspended with : 0
11-03 06:15:28.963444     0     0 I PM      : suspend of devices complete after 31.061 msecs
--------- switch to main
11-03 06:25:28.743364  1686  1820 I WearCellularMediator: OFF_USER_ABSENT changed radio power: false
--------- switch to kernel
11-03 06:15:28.966357     0     0 I PM      : late suspend of devices complete after 2.895 msecs
11-03 06:15:28.969363     0     0 I PM      : noirq suspend of devices complete after 2.989 msecs
11-03 06:15:28.969369     0     0 I         : Disabling non-boot CPUs ...
11-03 06:15:28.986710     0     0 I CPU1    : shutdown
11-03 06:15:28.987513     0     0 I suspend ns: 2327557943956	suspend cycles:     921913381901
11-03 06:15:28.987504     0     0 I CPU0    : msm_cpu_pm_enter_sleep mode:3 during suspend
11-03 06:15:28.987504     0     0 I         : Suspended for 599.644 seconds
11-03 06:15:28.987504     0     0 I resume cycles: 933426555091
11-03 06:15:28.987754     0     0 I         : Enabling non-boot CPUs ...
11-03 06:15:28.988078     0     0 I CPU1    : update cpu_capacity 1024
11-03 06:15:28.989077     0     0 I         : CPU1 is up
11-03 06:15:28.990739     0     0 I PM      : noirq resume of devices complete after 1.483 msecs
11-03 06:15:28.993650     0     0 I PM      : early resume of devices complete after 1.705 msecs
11-03 06:15:28.995215     0     0 I CPU1    : update max cpu_capacity 748
11-03 06:15:29.016353     0     0 I bgcom   : bgcom_pm_resume: Bgcom resumed with : 0
11-03 06:15:29.019771     0     0 I PM      : resume of devices complete after 26.102 msecs
11-03 06:15:29.022088     0     0 I         : Restarting tasks ...
11-03 06:15:29.023943     0     0 W QSEECOM : qseecom_receive_req: Interrupted: exiting Listener Service = 8192
11-03 06:15:29.023993     0     0 W QSEECOM : qseecom_receive_req: Interrupted: exiting Listener Service = 28672
11-03 06:15:29.027234     0     0 W QSEECOM : qseecom_receive_req: Interrupted: exiting Listener Service = 12288
11-03 06:15:29.027281     0     0 W QSEECOM : qseecom_receive_req: Interrupted: exiting Listener Service = 11
11-03 06:15:29.027333     0     0 W QSEECOM : qseecom_receive_req: Interrupted: exiting Listener Service = 10
11-03 06:15:29.044786     0     0 I         : done.
11-03 06:25:28.690603     0     0 I PM      : suspend exit 2021-11-03 05:25:28.690603688 UTC
11-03 06:25:28.706684     0     0 E FG      : fg_psy_get_property: unsupported property 7
11-03 06:25:28.653856     0     0 W healthd : battery l=33 v=3815 t=21.0 h=2 st=3 c=5 fc=443000 cc=0 chg=
11-03 06:25:28.809329     0     0 I PM      : suspend entry 2021-11-03 05:25:28.809329833 UTC
11-03 06:25:28.809341     0     0 I PM      : Syncing filesystems ... done.
11-03 06:25:28.922635     0     0 I         : Freezing user space processes ... (elapsed 0.005 seconds) done.
11-03 06:25:28.928578     0     0 I         : Freezing remaining freezable tasks ... (elapsed 0.003 seconds) done.
11-03 06:25:28.931607     0     0 I         : Suspending console(s) (use no_console_suspend to debug)
11-03 06:25:28.936365     0     0 I bgcom   : bgcom_pm_suspend: suspended with : 0
11-03 06:25:28.963682     0     0 I PM      : suspend of devices complete after 30.531 msecs
11-03 06:25:28.966344     0     0 I PM      : late suspend of devices complete after 2.644 msecs
11-03 06:25:28.969336     0     0 I PM      : noirq suspend of devices complete after 2.977 msecs
11-03 06:25:28.969343     0     0 I         : Disabling non-boot CPUs ...
11-03 06:25:28.991135     0     0 I CPU1    : shutdown
11-03 06:25:28.992021     0     0 I suspend ns: 2327918013540	suspend cycles:     933433468427
11-03 06:25:28.992012     0     0 I CPU0    : msm_cpu_pm_enter_sleep mode:3 during suspend
11-03 06:25:28.992012     0     0 I         : Suspended for 43.639 seconds
11-03 06:25:28.992012     0     0 I resume cycles: 934271346557
11-03 06:25:28.992231     0     0 I         : Enabling non-boot CPUs ...
11-03 06:25:28.992559     0     0 I CPU1    : update cpu_capacity 1024
11-03 06:25:28.993538     0     0 I         : CPU1 is up
11-03 06:25:28.995132     0     0 I PM      : noirq resume of devices complete after 1.424 msecs
11-03 06:25:28.998067     0     0 I PM      : early resume of devices complete after 1.703 msecs
11-03 06:25:28.999580     0     0 I CPU0    : update max cpu_capacity 748
11-03 06:25:29.020757     0     0 I bgcom   : bgcom_pm_resume: Bgcom resumed with : 0
11-03 06:25:29.024417     0     0 I PM      : resume of devices complete after 26.331 msecs
11-03 06:25:29.026268     0     0 I         : Restarting tasks ...
11-03 06:25:29.027921     0     0 W QSEECOM : qseecom_receive_req: Interrupted: exiting Listener Service = 8192
11-03 06:25:29.027973     0     0 W QSEECOM : qseecom_receive_req: Interrupted: exiting Listener Service = 28672
11-03 06:25:29.031474     0     0 W QSEECOM : qseecom_receive_req: Interrupted: exiting Listener Service = 12288
11-03 06:25:29.031584     0     0 W QSEECOM : qseecom_receive_req: Interrupted: exiting Listener Service = 11
11-03 06:25:29.031655     0     0 W QSEECOM : qseecom_receive_req: Interrupted: exiting Listener Service = 10
11-03 06:25:29.059632     0     0 I         : done.
11-03 06:26:12.710886     0     0 I PM      : suspend exit 2021-11-03 05:26:12.710886118 UTC
--------- switch to main
11-03 06:26:12.870414  1686  1686 D WearWifiMediator: Wifi Backoff expired.
11-03 06:26:12.870801  1686  1686 D WearWifiMediator: setWifiDecision: false; reason: OFF_USER_ABSENT
11-03 06:26:12.871005  1686  1686 D WearWifiMediator: Scheduling wifi backoff
--------- switch to kernel
11-03 06:26:12.873181     0     0 I PM      : suspend entry 2021-11-03 05:26:12.873181795 UTC
11-03 06:26:12.873191     0     0 I PM      : Syncing filesystems ... done.
11-03 06:26:12.945527     0     0 I         : Freezing user space processes ... (elapsed 0.006 seconds) done.
11-03 06:26:12.951863     0     0 I         : Freezing remaining freezable tasks ... (elapsed 0.002 seconds) done.
11-03 06:26:12.954841     0     0 I         : Suspending console(s) (use no_console_suspend to debug)
11-03 06:26:12.960485     0     0 I bgcom   : bgcom_pm_suspend: suspended with : 0
11-03 06:26:12.987935     0     0 I PM      : suspend of devices complete after 31.554 msecs
11-03 06:26:12.990692     0     0 I PM      : late suspend of devices complete after 2.739 msecs
11-03 06:26:12.993696     0     0 I PM      : noirq suspend of devices complete after 2.989 msecs
11-03 06:26:12.993703     0     0 I         : Disabling non-boot CPUs ...
11-03 06:26:13.009717     0     0 W migrate_irqs: 1 callbacks suppressed
11-03 06:26:13.009722     0     0 W         : IRQ21 no longer affine to CPU1
11-03 06:26:13.010572     0     0 I CPU1    : shutdown
11-03 06:26:13.011418     0     0 I suspend ns: 2328297922968	suspend cycles:     934278640818
11-03 06:26:13.011408     0     0 I CPU0    : msm_cpu_pm_enter_sleep mode:3 during suspend
11-03 06:26:13.011408     0     0 I         : Suspended for 116.618 seconds
11-03 06:26:13.011408     0     0 I resume cycles: 936517726615
11-03 06:26:13.011631     0     0 I         : Enabling non-boot CPUs ...
11-03 06:26:13.011956     0     0 I CPU1    : update cpu_capacity 1024
11-03 06:26:13.012947     0     0 I         : CPU1 is up
11-03 06:26:13.014531     0     0 I PM      : noirq resume of devices complete after 1.414 msecs
11-03 06:26:13.017460     0     0 I PM      : early resume of devices complete after 1.692 msecs
11-03 06:26:13.019003     0     0 I CPU0    : update max cpu_capacity 748
11-03 06:26:13.040058     0     0 I bgcom   : bgcom_pm_resume: Bgcom resumed with : 0
11-03 06:26:13.043577     0     0 I PM      : resume of devices complete after 26.099 msecs
11-03 06:26:13.045730     0     0 I         : Restarting tasks ...
11-03 06:26:13.047681     0     0 W QSEECOM : qseecom_receive_req: Interrupted: exiting Listener Service = 8192
11-03 06:26:13.047721     0     0 W QSEECOM : qseecom_receive_req: Interrupted: exiting Listener Service = 12288
11-03 06:26:13.047745     0     0 W QSEECOM : qseecom_receive_req: Interrupted: exiting Listener Service = 11
11-03 06:26:13.047773     0     0 W QSEECOM : qseecom_receive_req: Interrupted: exiting Listener Service = 28672
11-03 06:26:13.049677     0     0 W QSEECOM : qseecom_receive_req: Interrupted: exiting Listener Service = 10
--------- switch to main
11-03 06:28:09.679387  2520  2714 D HOME    : [TickMonitor]Received time tick
11-03 06:28:09.679568  2520  2714 D HOME    : [TickMonitor]handleTimeTick() finished
--------- switch to kernel
11-03 06:26:13.063639     0     0 I         : done.
11-03 06:28:09.683336     0     0 I PM      : suspend exit 2021-11-03 05:28:09.683336333 UTC
--------- switch to main
11-03 06:28:09.778523  1686  9965 I GnssLocationProvider: WakeLock acquired by sendMessage(SET_REQUEST, 0, com.android.server.location.GnssLocationProvider$GpsRequest@39c8c48)
--------- switch to system
11-03 06:28:09.819841  1686  1686 W Looper  : Slow dispatch took 141ms main h=android.app.ActivityThread$H c=android.app.-$$Lambda$LoadedApk$ReceiverDispatcher$Args$_BumDX2UKsnxLVrE6UJsJZkotuA@ae036c7 m=0
--------- switch to main
11-03 06:28:09.824040  1686  1701 I GnssLocationProvider: WakeLock released by handleMessage(SET_REQUEST, 0, com.android.server.location.GnssLocationProvider$GpsRequest@39c8c48)
11-03 06:28:09.846968  2520  2714 D HOME    : [TickMonitor]Received time tick
11-03 06:28:09.847452  2520  2714 D HOME    : [TickMonitor]handleTimeTick() finished
11-03 06:28:09.923520  3316  9981 E WorkSourceUtil: Could not find package: com.google.android.gms.westworld
11-03 06:28:09.997076  2520  2520 D HOME    : [TilesJobService]onStartJob id= -1 provider= com.google.android.wearable.app/com.google.android.clockwork.home.jovi.tile.JoviTileProviderService
11-03 06:28:09.997739  3205  3205 I BgTaskExecutorImpl: Starting PERIODIC background task PERIODIC_PROPERTIES_UPDATE_IN_PHENOTYPE.
11-03 06:28:10.000546  2520  9968 D HOME    : [DataRequester]cancelScheduledUpdates TileConfig{id=-1, provider=ComponentInfo{com.google.android.wearable.app/com.google.android.clockwork.home.jovi.tile.JoviTileProviderService}}
11-03 06:28:10.001888  2520  9968 D HOME    : [DataRequester]requestUpdateFromProvider TileConfig{id=-1, provider=ComponentInfo{com.google.android.wearable.app/com.google.android.clockwork.home.jovi.tile.JoviTileProviderService}}
11-03 06:28:10.003946  2520  9866 D HOME    : [WFSnapshotAnnotator]Annotating. Current watch face: ComponentInfo{com.montblanc.smartwatch.configurator.chrono390/com.montblanc.smartwatch.configurator.watchface.ConfiguratorWatchfaceService}
11-03 06:28:10.006258  2520  2520 D HOME    : [TilesJobService]onStartJob id= 1 provider= com.google.android.wearable.app/com.google.android.clockwork.home.weather.WeatherTileProviderService
11-03 06:28:10.007293  2520  2520 D HOME    : [TilesJobService]onStartJob id= 2 provider= com.google.android.wearable.app/com.google.android.clockwork.home.calendar.AgendaTileProviderService
11-03 06:28:10.042148   501   501 I LocSvc_GnssInterface: ===> setPositionMode line 269 
11-03 06:28:10.051853   501   501 I LocSvc_GnssInterface: ===> start line 208 
11-03 06:28:10.051981   501   501 I LocSvc_APIClientBase: locAPIStartTracking:342] start new session: 47
11-03 06:28:10.052235   501  1894 I LocSvc_api_v02: ---> locClientSendReq line 2298 QMI_LOC_REG_EVENTS_REQ_V02
11-03 06:28:10.053538  2520  9968 D HOME    : [DataRequester]cancelScheduledUpdates TileConfig{id=1, provider=ComponentInfo{com.google.android.wearable.app/com.google.android.clockwork.home.weather.WeatherTileProviderService}}
11-03 06:28:10.054963   501  1894 I LocSvc_api_v02: ---> locClientSendReq line 2298 QMI_LOC_SET_OPERATION_MODE_REQ_V02
11-03 06:28:10.056374   501  1904 I LocSvc_ApiV02: <--- globalRespCb line 178 QMI_LOC_SET_OPERATION_MODE_REQ_V02
11-03 06:28:10.056486   501  1894 I LocSvc_api_v02: ---> locClientSendReq line 2298 QMI_LOC_START_REQ_V02
--------- switch to kernel
11-03 06:28:10.061506     0     0 I         : [touch]raydium_ts_open()+
11-03 06:28:10.061516     0     0 I [touch]ts->blank: 4
--------- switch to system
11-03 06:28:10.059027  1686  1819 D BluetoothManagerService: enable(null):  mBluetooth =null mBinding = false mState = OFF
11-03 06:28:10.059381  1686  1819 D BluetoothManagerService: enable returning
--------- switch to main
11-03 06:28:10.059572  1686  1819 I WearBluetooth: ON_AUTO changed radio power: true
--------- switch to system
11-03 06:28:10.059986  1686  1709 D BluetoothManagerService: MESSAGE_ENABLE(0): mBluetooth = null
--------- switch to main
11-03 06:28:10.060467  1686  1686 I WearPower: [WearTouchMediator] changing touch input to enabled (ON_AUTO)
11-03 06:28:10.061074  1686  1686 D WearWifiMediator: setWifiDecision: true; reason: ON_PROXY_DISCONNECTED
11-03 06:28:10.061372  1686  1759 I InputReader: Reconfiguring input devices.  changes=0x00000200
--------- switch to system
11-03 06:28:10.063749  1686  1821 D WifiService: setWifiEnabled: true pid=1686, uid=1000, package=android
--------- switch to main
11-03 06:28:10.063918  1686  1821 I WifiService: setWifiEnabled package=android uid=1000 enable=true
11-03 06:28:10.065038  1686  1798 D WifiController: StaEnabledState.enter()
11-03 06:28:10.073700  2520  2520 D HOME    : [JoviUpdater]background update started
11-03 06:28:10.074796  2520  2520 D HOME    : [LocationOracleImpl]Fetching last known location.
11-03 06:28:10.075153  2520  2520 D HOME    : [AccountOracleImpl]Fetching account of type: com.google
11-03 06:28:10.084890  2520  9968 D HOME    : [DataRequester]requestUpdateFromProvider TileConfig{id=1, provider=ComponentInfo{com.google.android.wearable.app/com.google.android.clockwork.home.weather.WeatherTileProviderService}}
--------- switch to system
11-03 06:28:10.091084  1686  1704 I ActivityManager: Start proc 9988:com.android.bluetooth/1002 for service com.android.bluetooth/.btservice.AdapterService
--------- switch to main
11-03 06:28:10.093233  2520  9575 D HOME    : [CwCal]CalendarEventsResolver:queryCalendarEventInstances:window=EventWindow{Wed Nov 03 00:00:00 GMT+01:00 2021,Thu Nov 04 23:59:59 GMT+01:00 2021}
--------- switch to system
11-03 06:28:10.097125  1686  1686 V SettingsProvider: Notifying for 0: content://settings/global/wifi_on
--------- switch to main
11-03 06:28:10.099173  2520  9968 D HOME    : [DataRequester]cancelScheduledUpdates TileConfig{id=2, provider=ComponentInfo{com.google.android.wearable.app/com.google.android.clockwork.home.calendar.AgendaTileProviderService}}
11-03 06:28:10.101265  1686  1799 D WifiStateMachinePrime: received a message in WifiDisabledState: { when=-36ms what=0 target=com.android.internal.util.StateMachine$SmHandler }
11-03 06:28:10.101429  1686  1799 D WifiStateMachinePrime: Switching from WifiDisabledState to ClientMode
11-03 06:28:10.101517  1686  1799 D WifiStateMachinePrime: Entering ClientModeActiveState
11-03 06:28:10.102083  1686  1799 D WifiClientModeManager: entering IdleState
11-03 06:28:10.102402  1686  1799 D WifiStateMachinePrime: State changed from client mode. state = 2
11-03 06:28:10.118181  2520  9968 D HOME    : [DataRequester]requestUpdateFromProvider TileConfig{id=2, provider=ComponentInfo{com.google.android.wearable.app/com.google.android.clockwork.home.calendar.AgendaTileProviderService}}
11-03 06:28:10.138867  7790  7806 I Finsky  : [295] com.google.android.finsky.bo.ac.run(5): Stats for Executor: BlockingExecutor com.google.android.finsky.bo.ad@a23a1d2[Running, pool size = 0, active threads = 0, queued tasks = 0, completed tasks = 2]
11-03 06:28:10.165416  2520  9866 D HOME    : [WifiSnapshotAnnotator]numWifiNetworks is: 83
11-03 06:28:10.188257  1686  1759 W EventHub: Unable to disable kernel key repeat for /dev/input/event4: Function not implemented
11-03 06:28:10.188388  1686  1759 I EventHub: wakeMechanism=EPOLLWAKEUP, usingClockIoctl=true
--------- switch to kernel
11-03 06:28:10.188101     0     0 I         : [touch]irq enable
11-03 06:28:10.188141     0     0 I         : [touch]disable touch lock.
11-03 06:28:10.189688     0     0 E         : [touch]raydium_read_touchdata -> filter irq, FW state = 0x55
11-03 06:28:10.189704     0     0 I         : [touch]raydium_work_handler, read_touchdata error, ret:-1
--------- switch to main
11-03 06:28:10.265829  9988  9988 I droid.bluetoot: The ClassLoaderContext is a special shared library.
11-03 06:28:10.282593  9988  9988 I droid.bluetoot: The ClassLoaderContext is a special shared library.
11-03 06:28:10.367842  2520  2520 W GmsAccountProvider: No accounts found.
11-03 06:28:10.368172  2520  2520 E HOME    : [OAuthOracleImpl]Account not found.
11-03 06:28:10.369525  2520  4738 E HOME    : [GetCardsRpc]One or more asynchronous tasks failed.
11-03 06:28:10.369525  2520  4738 E HOME    : android.accounts.AccountsException: Account not found.
11-03 06:28:10.369525  2520  4738 E HOME    : 	at djj.a(AW782433232:2)
11-03 06:28:10.369525  2520  4738 E HOME    : 	at dxa.d(AW782433232:6)
11-03 06:28:10.369525  2520  4738 E HOME    : 	at dwx.a(Unknown Source:3)
11-03 06:28:10.369525  2520  4738 E HOME    : 	at ltg.c(Unknown Source:2)
11-03 06:28:10.369525  2520  4738 E HOME    : 	at lsr.run(AW782433232:3)
11-03 06:28:10.369525  2520  4738 E HOME    : 	at lti.run(Unknown Source:4)
11-03 06:28:10.369525  2520  4738 E HOME    : 	at android.os.Handler.handleCallback(Handler.java:873)
11-03 06:28:10.369525  2520  4738 E HOME    : 	at android.os.Handler.dispatchMessage(Handler.java:99)
11-03 06:28:10.369525  2520  4738 E HOME    : 	at android.os.Looper.loop(Looper.java:193)
11-03 06:28:10.369525  2520  4738 E HOME    : 	at android.app.ActivityThread.main(ActivityThread.java:6680)
11-03 06:28:10.369525  2520  4738 E HOME    : 	at java.lang.reflect.Method.invoke(Native Method)
11-03 06:28:10.369525  2520  4738 E HOME    : 	at com.android.internal.os.RuntimeInit$MethodAndArgsCaller.run(RuntimeInit.java:493)
11-03 06:28:10.369525  2520  4738 E HOME    : 	at com.android.internal.os.ZygoteInit.main(ZygoteInit.java:858)
11-03 06:28:10.380641  3316  9982 E WorkSourceUtil: Could not find package: com.google.android.gms.westworld
11-03 06:28:10.384495  2520  2520 D StrictMode: StrictMode policy violation; ~duration=2 ms: android.os.strictmode.DiskReadViolation
11-03 06:28:10.384495  2520  2520 D StrictMode: 	at android.os.StrictMode$AndroidBlockGuardPolicy.onReadFromDisk(StrictMode.java:1504)
11-03 06:28:10.384495  2520  2520 D StrictMode: 	at java.io.UnixFileSystem.checkAccess(UnixFileSystem.java:251)
11-03 06:28:10.384495  2520  2520 D StrictMode: 	at java.io.File.exists(File.java:815)
11-03 06:28:10.384495  2520  2520 D StrictMode: 	at android.app.ContextImpl.getDataDir(ContextImpl.java:2253)
11-03 06:28:10.384495  2520  2520 D StrictMode: 	at android.app.ContextImpl.getPreferencesDir(ContextImpl.java:550)
11-03 06:28:10.384495  2520  2520 D StrictMode: 	at android.app.ContextImpl.getSharedPreferencesPath(ContextImpl.java:747)
11-03 06:28:10.384495  2520  2520 D StrictMode: 	at android.app.ContextImpl.getSharedPreferences(ContextImpl.java:400)
11-03 06:28:10.384495  2520  2520 D StrictMode: 	at android.content.ContextWrapper.getSharedPreferences(ContextWrapper.java:174)
11-03 06:28:10.384495  2520  2520 D StrictMode: 	at fmz.<init>(AW782433232:1)
11-03 06:28:10.384495  2520  2520 D StrictMode: 	at com.google.android.clockwork.home.weather.WeatherTileProviderService.onCreate(AW782433232:2)
11-03 06:28:10.384495  2520  2520 D StrictMode: 	at android.app.ActivityThread.handleCreateService(ActivityThread.java:3533)
11-03 06:28:10.384495  2520  2520 D StrictMode: 	at android.app.ActivityThread.access$1300(ActivityThread.java:200)
11-03 06:28:10.384495  2520  2520 D StrictMode: 	at android.app.ActivityThread$H.handleMessage(ActivityThread.java:1667)
11-03 06:28:10.384495  2520  2520 D StrictMode: 	at android.os.Handler.dispatchMessage(Handler.java:106)
11-03 06:28:10.384495  2520  2520 D StrictMode: 	at android.os.Looper.loop(Looper.java:193)
11-03 06:28:10.384495  2520  2520 D StrictMode: 	at android.app.ActivityThread.main(ActivityThread.java:6680)
11-03 06:28:10.384495  2520  2520 D StrictMode: 	at java.lang.reflect.Method.invoke(Native Method)
11-03 06:28:10.384495  2520  2520 D StrictMode: 	at com.android.internal.os.RuntimeInit$MethodAndArgsCaller.run(RuntimeInit.java:493)
11-03 06:28:10.384495  2520  2520 D StrictMode: 	at com.android.internal.os.ZygoteInit.main(ZygoteInit.java:858)
11-03 06:28:10.385315  2520  2520 D StrictMode: StrictMode policy violation; ~duration=1 ms: android.os.strictmode.DiskReadViolation
11-03 06:28:10.385315  2520  2520 D StrictMode: 	at android.os.StrictMode$AndroidBlockGuardPolicy.onReadFromDisk(StrictMode.java:1504)
11-03 06:28:10.385315  2520  2520 D StrictMode: 	at java.io.UnixFileSystem.checkAccess(UnixFileSystem.java:251)
11-03 06:28:10.385315  2520  2520 D StrictMode: 	at java.io.File.exists(File.java:815)
11-03 06:28:10.385315  2520  2520 D StrictMode: 	at android.app.ContextImpl.ensurePrivateDirExists(ContextImpl.java:605)
11-03 06:28:10.385315  2520  2520 D StrictMode: 	at android.app.ContextImpl.ensurePrivateDirExists(ContextImpl.java:596)
11-03 06:28:10.385315  2520  2520 D StrictMode: 	at android.app.ContextImpl.getPreferencesDir(ContextImpl.java:552)
11-03 06:28:10.385315  2520  2520 D StrictMode: 	at android.app.ContextImpl.getSharedPreferencesPath(ContextImpl.java:747)
11-03 06:28:10.385315  2520  2520 D StrictMode: 	at android.app.ContextImpl.getSharedPreferences(ContextImpl.java:400)
11-03 06:28:10.385315  2520  2520 D StrictMode: 	at android.content.ContextWrapper.getSharedPreferences(ContextWrapper.java:174)
11-03 06:28:10.385315  2520  2520 D StrictMode: 	at fmz.<init>(AW782433232:1)
11-03 06:28:10.385315  2520  2520 D StrictMode: 	at com.google.android.clockwork.home.weather.WeatherTileProviderService.onCreate(AW782433232:2)
11-03 06:28:10.385315  2520  2520 D StrictMode: 	at android.app.ActivityThread.handleCreateService(ActivityThread.java:3533)
11-03 06:28:10.385315  2520  2520 D StrictMode: 	at android.app.ActivityThread.access$1300(ActivityThread.java:200)
11-03 06:28:10.385315  2520  2520 D StrictMode: 	at android.app.ActivityThread$H.handleMessage(ActivityThread.java:1667)
11-03 06:28:10.385315  2520  2520 D StrictMode: 	at android.os.Handler.dispatchMessage(Handler.java:106)
11-03 06:28:10.385315  2520  2520 D StrictMode: 	at android.os.Looper.loop(Looper.java:193)
11-03 06:28:10.385315  2520  2520 D StrictMode: 	at android.app.ActivityThread.main(ActivityThread.java:6680)
11-03 06:28:10.385315  2520  2520 D StrictMode: 	at java.lang.reflect.Method.invoke(Native Method)
11-03 06:28:10.385315  2520  2520 D StrictMode: 	at com.android.internal.os.RuntimeInit$MethodAndArgsCaller.run(RuntimeInit.java:493)
11-03 06:28:10.385315  2520  2520 D StrictMode: 	at com.android.internal.os.ZygoteInit.main(ZygoteInit.java:858)
11-03 06:28:10.386013  2520  2520 D StrictMode: StrictMode policy violation; ~duration=0 ms: android.os.strictmode.DiskReadViolation
11-03 06:28:10.386013  2520  2520 D StrictMode: 	at android.os.StrictMode$AndroidBlockGuardPolicy.onReadFromDisk(StrictMode.java:1504)
11-03 06:28:10.386013  2520  2520 D StrictMode: 	at java.io.UnixFileSystem.checkAccess(UnixFileSystem.java:251)
11-03 06:28:10.386013  2520  2520 D StrictMode: 	at java.io.File.exists(File.java:815)
11-03 06:28:10.386013  2520  2520 D StrictMode: 	at android.app.ContextImpl.ensurePrivateDirExists(ContextImpl.java:605)
11-03 06:28:10.386013  2520  2520 D StrictMode: 	at android.app.ContextImpl.ensurePrivateDirExists(ContextImpl.java:596)
11-03 06:28:10.386013  2520  2520 D StrictMode: 	at android.app.ContextImpl.getPreferencesDir(ContextImpl.java:552)
11-03 06:28:10.386013  2520  2520 D StrictMode: 	at android.app.ContextImpl.getSharedPreferencesPath(ContextImpl.java:747)
11-03 06:28:10.386013  2520  2520 D StrictMode: 	at android.app.ContextImpl.getSharedPreferences(ContextImpl.java:400)
11-03 06:28:10.386013  2520  2520 D StrictMode: 	at android.content.ContextWrapper.getSharedPreferences(ContextWrapper.java:174)
11-03 06:28:10.386013  2520  2520 D StrictMode: 	at flk.<init>(Unknown Source:8)
11-03 06:28:10.386013  2520  2520 D StrictMode: 	at fmz.<init>(AW782433232:2)
11-03 06:28:10.386013  2520  2520 D StrictMode: 	at com.google.android.clockwork.home.weather.WeatherTileProviderService.onCreate(AW782433232:2)
11-03 06:28:10.386013  2520  2520 D StrictMode: 	at android.app.ActivityThread.handleCreateService(ActivityThread.java:3533)
11-03 06:28:10.386013  2520  2520 D StrictMode: 	at android.app.ActivityThread.access$1300(ActivityThread.java:200)
11-03 06:28:10.386013  2520  2520 D StrictMode: 	at android.app.ActivityThread$H.handleMessage(ActivityThread.java:1667)
11-03 06:28:10.386013  2520  2520 D StrictMode: 	at android.os.Handler.dispatchMessage(Handler.java:106)
11-03 06:28:10.386013  2520  2520 D StrictMode: 	at android.os.Looper.loop(Looper.java:193)
11-03 06:28:10.386013  2520  2520 D StrictMode: 	at android.app.ActivityThread.main(ActivityThread.java:6680)
11-03 06:28:10.386013  2520  2520 D StrictMode: 	at java.lang.reflect.Method.invoke(Native Method)
11-03 06:28:10.386013  2520  2520 D StrictMode: 	at com.android.internal.os.RuntimeInit$MethodAndArgsCaller.run(RuntimeInit.java:493)
11-03 06:28:10.386013  2520  2520 D StrictMode: 	at com.android.internal.os.ZygoteInit.main(ZygoteInit.java:858)
11-03 06:28:10.409732  2520  4738 W HOME    : [UpdateController]Data update failed
11-03 06:28:10.409732  2520  4738 W HOME    : djr: Some cache updates failed
11-03 06:28:10.409732  2520  4738 W HOME    : 	at dkh.b(Unknown Source:27)
11-03 06:28:10.409732  2520  4738 W HOME    : 	at mhz.bd(AW782433232:2)
11-03 06:28:10.409732  2520  4738 W HOME    : 	at lqz.f(Unknown Source:2)
11-03 06:28:10.409732  2520  4738 W HOME    : 	at lrb.run(AW782433232:9)
11-03 06:28:10.409732  2520  4738 W HOME    : 	at java.util.concurrent.ThreadPoolExecutor.runWorker(ThreadPoolExecutor.java:1167)
11-03 06:28:10.409732  2520  4738 W HOME    : 	at java.util.concurrent.ThreadPoolExecutor$Worker.run(ThreadPoolExecutor.java:641)
11-03 06:28:10.409732  2520  4738 W HOME    : 	at java.lang.Thread.run(Thread.java:764)
11-03 06:28:10.410533  2520  2520 D HOME    : [AccountOracleImpl]Fetching account of type: com.google
11-03 06:28:10.422222  2520  2520 W GmsAccountProvider: No accounts found.
11-03 06:28:10.422604  2520  2520 D HOME    : [WeatherTileProvServ]onTileUpdate
11-03 06:28:10.423671  2520  2520 D HOME    : [WeatherTileProCtr]getWeatherData
11-03 06:28:10.424533  2520  2520 D HOME    : [WeatherProviderPrefs]getLatestWeather lastUpdateTime = [1635869074185]
11-03 06:28:10.425200  2520  2520 D HOME    : [WeatherTileProCtr]Requesting new weather data
11-03 06:28:10.430149  2520  2520 D HOME    : [WeatherTileProvServ]Receive NO_ERROR
11-03 06:28:10.439580  2520  4738 D HOME    : [AccountOracleImpl]Fetching account of type: com.google
11-03 06:28:10.448719  7790  7806 I Finsky  : [295] com.google.android.finsky.bo.ac.run(5): Stats for Executor: LightweightExecutor com.google.android.finsky.bo.ad@6e612a3[Running, pool size = 3, active threads = 0, queued tasks = 0, completed tasks = 8]
11-03 06:28:10.456178  2520  2520 D HOME    : [WeatherClientImpl]Requests weather from network isFetchingWeather: false lastRequestTimeMs: 0
11-03 06:28:10.456429  2520  2520 D HOME    : [WeatherClientImpl]requestTimeMs = 1635917290456 current: 1635917290456
11-03 06:28:10.456664  2520  2520 D HOME    : [AgendaController]loadEvents
11-03 06:28:10.458557  2520  6286 D HOME    : [AgendaController]Fetching event data for window: EventWindow{Wed Nov 03 00:00:00 GMT+01:00 2021,Fri Nov 05 23:59:59 GMT+01:00 2021}
11-03 06:28:10.458915  2520  6286 D HOME    : [CwCal]CalendarEventsResolver:queryCalendarEventInstances:window=EventWindow{Wed Nov 03 00:00:00 GMT+01:00 2021,Fri Nov 05 23:59:59 GMT+01:00 2021}
