11-03 10:25:28.935502     0     0 I         : Disabling non-boot CPUs ...
11-03 10:25:28.955870     0     0 I CPU1    : shutdown
11-03 10:25:28.957913     0     0 I suspend ns: 3653949532092	suspend cycles:    1209912813500
11-03 10:25:28.957892     0     0 I CPU0    : msm_cpu_pm_enter_sleep mode:3 during suspend
11-03 10:25:28.957892     0     0 I         : Suspended for 1.157 seconds
11-03 10:25:28.957892     0     0 I resume cycles: 1209935039867
11-03 10:25:28.958423     0     0 I         : Enabling non-boot CPUs ...
11-03 10:25:28.959273     0     0 I CPU1    : update cpu_capacity 1024
11-03 10:25:28.960729     0     0 I         : CPU1 is up
11-03 10:25:28.962643     0     0 I CPU1    : update max cpu_capacity 748
11-03 10:25:28.964488     0     0 I PM      : noirq resume of devices complete after 3.438 msecs
11-03 10:25:28.969647     0     0 I PM      : early resume of devices complete after 3.694 msecs
11-03 10:25:28.998504     0     0 I bgcom   : bgcom_pm_resume: Bgcom resumed with : 0
11-03 10:25:29.008440     0     0 I mdss_dsi_panel_set_idle_mode: Idle (1->1)
11-03 10:25:29.048580     0     0 I PM      : resume of devices complete after 78.892 msecs
11-03 10:25:29.053260     0     0 I         : Restarting tasks ...
11-03 10:25:29.058099     0     0 W QSEECOM : qseecom_receive_req: Interrupted: exiting Listener Service = 8192
11-03 10:25:29.060671     0     0 W QSEECOM : qseecom_receive_req: Interrupted: exiting Listener Service = 12288
11-03 10:25:29.060744     0     0 W QSEECOM : qseecom_receive_req: Interrupted: exiting Listener Service = 11
11-03 10:25:29.060783     0     0 W QSEECOM : qseecom_receive_req: Interrupted: exiting Listener Service = 10
11-03 10:25:29.060824     0     0 W QSEECOM : qseecom_receive_req: Interrupted: exiting Listener Service = 28672
--------- switch to system
11-03 10:25:30.219959  1686  1686 I PowerManagerService: Waking up from dozing (uid=1000 reason=tiltToWake)...
11-03 10:25:30.239287  1686  1686 W UsageStatsService: Event reported without a package name
--------- switch to kernel
11-03 10:25:29.075553     0     0 I         : done.
11-03 10:25:30.234239     0     0 I PM      : suspend exit 2021-11-03 09:25:30.234239002 UTC
11-03 10:25:30.242949     0     0 E <CORE> tx_data: No Space in Fifo
11-03 10:25:30.253996     0     0 E FG      : fg_psy_get_property: unsupported property 7
11-03 10:25:30.140766     0     0 W healthd : battery l=16 v=3706 t=29.0 h=2 st=3 c=51 fc=443000 cc=0 chg=
--------- switch to main
11-03 10:25:30.287036   512  1749 I sensors-hal: batch:140, android.sensor.light/46, period=100000000, max_latency=0
11-03 10:25:30.287213   512  1749 I sensors-hal: batch:149, android.sensor.light/46, period=100000000, max_latency=0 request completed
11-03 10:25:30.287863   512  1749 I sensors-hal: activate:107, android.sensor.light/46 en=1
11-03 10:25:30.288618   512  1749 I sensors-hal: ssc_enable_rt_task:254, ssc_enable_rt_task : true
11-03 10:25:30.293907   512  1749 I sensors-hal: activate:118, android.sensor.light/46 en=1 completed
--------- switch to kernel
11-03 10:25:30.203226     0     0 E bgrsb   : bgrsb_enable: rsb will set report rate
11-03 10:25:30.213681     0     0 I         : [touch]FB_BLANK_VSYNC_SUSPEND
11-03 10:25:30.213685     0     0 I         : [touch]Already in suspend state
--------- switch to main
11-03 10:25:30.300141  1686  1823 I SidekickService: endDisplayLocked()
11-03 10:25:30.301145   512  1749 I sensors-hal: batch:140, android.sensor.accelerometer/48, period=66667000, max_latency=100000000
11-03 10:25:30.301250   512  1749 I sensors-hal: batch:149, android.sensor.accelerometer/48, period=66667000, max_latency=100000000 request completed
11-03 10:25:30.301821   512  1749 I sensors-hal: activate:107, android.sensor.accelerometer/48 en=1
--------- switch to system
11-03 10:25:30.301819  1686  1710 I DisplayManagerService: Display device changed state: "cran intgr", ON
--------- switch to main
11-03 10:25:30.302195   512  1749 I sensors-hal: ssc_enable_rt_task:254, ssc_enable_rt_task : true
11-03 10:25:30.305378   416   416 D SKGHAL  : sendAmbientEvent: enter: enable = 0
11-03 10:25:30.320507  4243  4243 D OMService: onDisplayChanged: not dozing
11-03 10:25:30.329250   504   523 I SDM     : DisplayBase::SetDisplayState: Set state = 3, display 0
11-03 10:25:30.329568   504   523 D SDM     : HWCDisplayPrimary::SetStandByMode: Display is connected successfully
11-03 10:25:30.330004   416   416 D SKGHAL  : standBy_update_control call succeed on 0
11-03 10:25:30.330063   416   416 D SKGHAL  : sendAmbientEvent: done: enable = 0
11-03 10:25:30.331803  1686  1823 D SidekickService:    ... endDisplay returns void
11-03 10:25:30.332415   545   545 D SurfaceFlinger: Set power mode=2, type=0 flinger=0xb6bb6000
11-03 10:25:30.332710   504   762 I SDM     : DisplayBase::SetDisplayState: Set state = 1, display 0
--------- switch to kernel
11-03 10:25:30.216640     0     0 E bgrsb   : bgrsb_enable: gpio 32 is valid
11-03 10:25:30.223983     0     0 I mdss_dsi_panel_set_idle_mode: Idle (1->0)
--------- switch to main
11-03 10:25:30.341951   545   545 D SurfaceFlinger: Finished set power mode=2, type=0
--------- switch to kernel
11-03 10:25:30.224974     0     0 E mdp3_enable_panic_ctrl: mdp3_enable_panic_ctrl: Enable Panic Control
11-03 10:25:30.225056     0     0 I         : [touch]FB_BLANK_UNBLANK
11-03 10:25:30.225062     0     0 I         : [touch]raydium_ts_do_resume, 1.
11-03 10:25:30.225388     0     0 I         : [ raydium ]workqueue is empty!
11-03 10:25:30.225402     0     0 I raydium_ts 5-0039: [touch]Already enable irq
11-03 10:25:30.225404     0     0 I         : [touch]Device may wakeup
--------- switch to main
11-03 10:25:30.348365   512  1749 I sensors-hal: activate:118, android.sensor.accelerometer/48 en=1 completed
11-03 10:25:30.348460  1686  1759 I InputReader: Reconfiguring input devices.  changes=0x00000004
11-03 10:25:30.355585  2520  2520 D HOME    : [BatteryChange]action: android.intent.action.BATTERY_CHANGED
--------- switch to system
11-03 10:25:30.357411  1686  1712 W PowerManagerService: Screen on took 253 ms
11-03 10:25:30.357765  1686  1712 I DreamManagerService: Gently waking up from dream.
--------- switch to main
11-03 10:25:30.357916  1956  1956 D QtiCarrierConfigHelper: WARNING, no carrier configs on phone Id: 0
--------- switch to system
11-03 10:25:30.358180  1686  1708 I DreamManagerService: Performing gentle wake from dream.
--------- switch to main
11-03 10:25:30.358427  2520 12459 D HOME    : [BatteryChange]HandleBatteryChangedTask
11-03 10:25:30.359123  2520 12459 D HOME    : [BatteryChange]level: 16, status: 3
--------- switch to system
11-03 10:25:30.375906  1686  1686 V DreamService[AmbientDream]: wakeUp(): fromSystem=true, mWaking=false, mFinished=false
11-03 10:25:30.376084  1686  1686 V DreamService[AmbientDream]: finish(): mFinished=false
11-03 10:25:30.376223  1686  1686 I DreamManagerService: Leaving dreamland.
11-03 10:25:30.379988  1686  1702 W BroadcastQueue: Background execution not allowed: receiving Intent { act=android.intent.action.USER_PRESENT flg=0x10 } to com.google.android.gms/.auth.setup.devicesignals.LockScreenReceiver
11-03 10:25:30.383334  1686  1708 I DreamManagerService: Performing gentle wake from dream.
11-03 10:25:30.383806  1686  1708 I DreamController: Stopping dream: name=ComponentInfo{com.google.android.wearable.ambient/com.google.android.wearable.ambient.AmbientDream}, isTest=false, canDoze=true, userId=0
--------- switch to main
11-03 10:25:30.385576  3205  3434 W WorkController: Loading failed for worker [trainingcache]: worker not found
11-03 10:25:30.389076  3205  3372 W A       : TrainingCache cache DEVICE_UNLOCKED failure
11-03 10:25:30.389076  3205  3372 W A       : com.google.android.apps.gsa.search.core.service.h.a.a: No worker found for Worker ID [trainingcache].
11-03 10:25:30.389076  3205  3372 W A       : 	at com.google.android.apps.gsa.search.core.service.g.a.c.a(Unknown Source:5)
11-03 10:25:30.389076  3205  3372 W A       : 	at com.google.android.libraries.gsa.c.a.d.a(Unknown Source:3)
11-03 10:25:30.389076  3205  3372 W A       : 	at com.google.common.p.a.cg.c(Unknown Source:2)
11-03 10:25:30.389076  3205  3372 W A       : 	at com.google.common.p.a.bk.run(SourceFile:3)
11-03 10:25:30.389076  3205  3372 W A       : 	at com.google.common.p.a.ci.run(Unknown Source:4)
11-03 10:25:30.389076  3205  3372 W A       : 	at com.google.apps.tiktok.concurrent.ab.run(SourceFile:1)
11-03 10:25:30.389076  3205  3372 W A       : 	at java.util.concurrent.ThreadPoolExecutor.runWorker(ThreadPoolExecutor.java:1167)
11-03 10:25:30.389076  3205  3372 W A       : 	at java.util.concurrent.ThreadPoolExecutor$Worker.run(ThreadPoolExecutor.java:641)
11-03 10:25:30.389076  3205  3372 W A       : 	at com.google.apps.tiktok.concurrent.c.run(Unknown Source:4)
11-03 10:25:30.389076  3205  3372 W A       : 	at java.lang.Thread.run(Thread.java:764)
11-03 10:25:30.391312   512 12498 I sensors-hal: handle_indication_realtime:355,  SCHED_FIFO(10) for qmi_cbk
--------- switch to system
11-03 10:25:30.395911  1686  1702 W BroadcastQueue: Background execution not allowed: receiving Intent { act=android.intent.action.USER_PRESENT flg=0x10 } to com.google.android.gms/.chimera.GmsIntentOperationService$PersistentTrustedReceiver
11-03 10:25:30.423602  1686  1686 V DreamService[AmbientDream]: detach(): Calling onDreamingStopped()
--------- switch to main
11-03 10:25:30.423722  1686  1686 I AmbientService: [ce6a28c] doOnDreamingStopped
11-03 10:25:30.423795  1686  1686 D WristGestureCtrl: Starting: GesturesEnabled-false UngazeEnabled-true
11-03 10:25:30.423841  1686  1686 D DefaultUngazeDetector: starting
11-03 10:25:30.423895  1686  1686 D DefaultUngazeDetector: startUngazeStateEstimation(). startTime = 63009853
11-03 10:25:30.424027  1686  1686 W AlarmManagerProxy: Removing unknown listener
11-03 10:25:30.424785   512  1749 I sensors-hal: batch:140, android.sensor.accelerometer/48, period=19231000, max_latency=100000000
11-03 10:25:30.426293   512 12500 I sensors-hal: handle_indication_realtime:355,  SCHED_FIFO(10) for qmi_cbk
11-03 10:25:30.426784   512  1749 I sensors-hal: batch:149, android.sensor.accelerometer/48, period=19231000, max_latency=100000000 request completed
11-03 10:25:30.427851   512  1749 I sensors-hal: flush:169, android.sensor.accelerometer/48
11-03 10:25:30.428664  2520  2520 D HOME    : [HomeVisitsLogger]Logging streamlet event: visit_start
11-03 10:25:30.428871  2520  2520 D HOME    : [HomeVisitsLogger]Logging streamlet event: exit_ambient_mode
11-03 10:25:30.429204  2520  2520 D HOME    : [HotwordController]updateClient MODE_WATCH_FACE false false false true
11-03 10:25:30.429834  2520  2520 D HOME    : [WatchFaceUiController]setInAmbientMode false
11-03 10:25:30.429901  2520  2520 D HOME    : [WatchFaceUiController]sendWatchFaceServiceBinder
11-03 10:25:30.431743   512  1749 I sensors-hal: flush:175, android.sensor.accelerometer/48 completed
11-03 10:25:30.434654  2520  2520 D HOME    : [WatchFaceUiController]sendStateToWallpaper
11-03 10:25:30.438468  2520  2520 D HOME    : [WatchFaceUiController]Showing watch face wallpaper.
11-03 10:25:30.438619  2520  2520 D HOME    : [WatchFaceUiController]sendStateToWallpaper
11-03 10:25:30.441028  2520  2520 D HOME    : [StreamDBQueue]Promised revision #4192 to queue a new op
11-03 10:25:30.441253  2520  2520 D WatchStreamManager: Promised rank-blocked=true @ r#4192
11-03 10:25:30.441778  2520  2520 D HOME    : [StreamDBQueue]Promised revision #4193 to queue a new op
11-03 10:25:30.441910  2520  2520 D WatchStreamManager: Promised rank-blocked=true @ r#4193
11-03 10:25:30.442335  2520  2520 D HOME    : [TilesController]Tile refresh optimization is enabled.
11-03 10:25:30.442673  2520  2520 D HOME    : [EventBus]Wrapper pool is full. Discarding excess wrapper instance for event com.google.android.clockwork.sysui.events.KeyguardStateEvent
11-03 10:25:30.442753  2520  2520 D HOME    : [WatchFaceUiController]sendStateToWallpaper
11-03 10:25:30.444722  2520  2520 D HOME    : [EventBus]Wrapper pool is full. Discarding excess wrapper instance for event com.google.android.clockwork.sysui.events.KeyguardStateEvent
11-03 10:25:30.444978  2520  2520 D HOME    : [EventBus]Wrapper pool is full. Discarding excess wrapper instance for event com.google.android.clockwork.sysui.events.KeyguardStateEvent
11-03 10:25:30.448930  2520  2520 D HOME    : [WatchFaceUiController]sendStateToWallpaper
11-03 10:25:30.448971  2520 12459 D HOME    : [WatchStreamDB]Item alerting conditions - isInterruptive: false, recentlyInterrupted: false, isItemPinned: false, isUnread: false
11-03 10:25:30.452538  2520  2520 W StaticLayout: maxLineHeight should not be -1.  maxLines:1 lineCount:1
11-03 10:25:30.449269  2520 12459 D HOME    : [StreamAlertingRegulator]isTheaterModeEnabled: false, isAlertingAllowedByOffBody: true, matchesLocalInterruptionFilter: true
11-03 10:25:30.466692  2520 12459 D HOME    : [WatchStreamDB]couldItemAlert: false, isTopItemChanged: false, isDeferralForTopItem: false
11-03 10:25:30.467560  2520 12459 D HOME    : [WatchStreamDB]Item alerting conditions - isInterruptive: false, recentlyInterrupted: false, isItemPinned: false, isUnread: false
11-03 10:25:30.467828  2520 12459 D HOME    : [StreamAlertingRegulator]isTheaterModeEnabled: false, isAlertingAllowedByOffBody: true, matchesLocalInterruptionFilter: true
11-03 10:25:30.468019  2520 12459 D HOME    : [WatchStreamDB]couldItemAlert: false, isTopItemChanged: false, isDeferralForTopItem: false
11-03 10:25:30.470147  1686  1686 I AmbientService: [ce6a28c] No auto-resume Activity.
--------- switch to system
11-03 10:25:30.475500  1686  1686 W ContextImpl: Calling a method in the system process without a qualified user: android.app.ContextImpl.sendBroadcast:1020 android.content.ContextWrapper.sendBroadcast:449 com.google.android.wearable.ambient.AmbientDream.onDestroy:273 android.app.ActivityThread.handleStopService:3698 android.app.ActivityThread.access$1700:200 
--------- switch to main
11-03 10:25:30.475826  1686  1686 E AlarmManager: cancel() called with a null PendingIntent
--------- switch to system
11-03 10:25:30.476073  1686  1686 V DreamService[AmbientDream]: onDestroy()
--------- switch to main
11-03 10:25:30.476825  1686  1799 E WifiStateMachine: getWifiLinkLayerStats called without an interface
11-03 10:25:30.499129  1686  1686 W AlarmManager: Unrecognized alarm listener com.android.server.job.controllers.-$$Lambda$IdleController$IdlenessTracker$nTdS-lGBXcES5VWKcJFmQFgU7IU@1ab437a
11-03 10:25:30.517664  2520  2520 D HOME    : [WatchFaceUiController]sendWatchFaceServiceBinder
11-03 10:25:30.521140 12353 12353 I SPORTSWATCH:: Updating stub zero data
11-03 10:25:30.521223 12353 12353 I SPORTSWATCH:: account mail is zero length
11-03 10:25:30.521754  2520  2520 D HOME    : [WatchFaceUiController]sendProperties
11-03 10:25:30.526092  2520  2520 D HOME    : [WatchFaceUiController]sendStateToWallpaper
11-03 10:25:30.559119  1686  1686 I WearPower: [WearTouchMediator] changing touch input to enabled (ON_AUTO)
--------- switch to kernel
11-03 10:25:30.446693     0     0 I init    : processing action (ro.enable_core_ctl=true && sys.cw_corectl_mode=perf) from (/vendor/etc/init/hw/init.qcom.rc:954)
11-03 10:25:30.447984     0     0 I CPU2    : update cpu_capacity 1024
--------- switch to main
11-03 10:25:30.562659  1686  1759 I InputReader: Reconfiguring input devices.  changes=0x00000200
11-03 10:25:30.563170  2520 12461 I SidekickManager: sendWatchFaceImpl(): watchFace = com.google.android.clockwork.decomposablewatchface.WatchFaceDecomposition@f300f66 forTWM = false
11-03 10:25:30.580565  1686  1686 W AlarmManagerProxy: Removing unknown listener
11-03 10:25:30.582728  1686  1686 W DefaultSettingsContentR: Value for ambient_low_bit_enabled not stored as number. Attempting parse as boolean.
11-03 10:25:30.593211  1686  7908 D SidekickService: sendWatchFaceComponents called: watchFace = com.google.android.clockwork.decomposablewatchface.WatchFaceDecomposition@4b5610dshouldReplace = true
11-03 10:25:30.593426  1686  7908 D SidekickService: Check decomposition for calling app com.google.android.wearable.app with uid 10049
11-03 10:25:30.594102  1686  7908 D SidekickService: sendWatchFaceLocked(): shouldReplace = true, mSidekickIsControlling = false, 2 images, 1 fonts, 2 numbers, 0 proportionalFonts, 0 strings
11-03 10:25:30.594186  1686  7908 D SidekickService: resetLocked()
11-03 10:25:30.599311  3205  3434 W WorkController: Loading failed for worker [trainingcache]: worker not found
11-03 10:25:30.606216  3205  3294 W A       : TrainingCache cache SCREEN_ON failure
11-03 10:25:30.606216  3205  3294 W A       : com.google.android.apps.gsa.search.core.service.h.a.a: No worker found for Worker ID [trainingcache].
11-03 10:25:30.606216  3205  3294 W A       : 	at com.google.android.apps.gsa.search.core.service.g.a.c.a(Unknown Source:5)
11-03 10:25:30.606216  3205  3294 W A       : 	at com.google.android.libraries.gsa.c.a.d.a(Unknown Source:3)
11-03 10:25:30.606216  3205  3294 W A       : 	at com.google.common.p.a.cg.c(Unknown Source:2)
11-03 10:25:30.606216  3205  3294 W A       : 	at com.google.common.p.a.bk.run(SourceFile:3)
11-03 10:25:30.606216  3205  3294 W A       : 	at com.google.common.p.a.ci.run(Unknown Source:4)
11-03 10:25:30.606216  3205  3294 W A       : 	at com.google.apps.tiktok.concurrent.ab.run(SourceFile:1)
11-03 10:25:30.606216  3205  3294 W A       : 	at java.util.concurrent.ThreadPoolExecutor.runWorker(ThreadPoolExecutor.java:1167)
11-03 10:25:30.606216  3205  3294 W A       : 	at java.util.concurrent.ThreadPoolExecutor$Worker.run(ThreadPoolExecutor.java:641)
11-03 10:25:30.606216  3205  3294 W A       : 	at com.google.apps.tiktok.concurrent.c.run(Unknown Source:4)
11-03 10:25:30.606216  3205  3294 W A       : 	at java.lang.Thread.run(Thread.java:764)
--------- switch to kernel
11-03 10:25:30.469972     0     0 I CPU3    : update cpu_capacity 1024
11-03 10:25:30.475421     0     0 I CPU1    : update max cpu_capacity 748
11-03 10:25:30.487613     0     0 I CPU2    : update max cpu_capacity 1024
--------- switch to main
11-03 10:25:30.643558  2520  2520 D HOME    : [StreamDBQueue]Promised revision #4194 to queue a new op
11-03 10:25:30.643883  2520  2520 D WatchStreamManager: Promised rank-blocked=true @ r#4194
11-03 10:25:30.644890  2520 12459 D HOME    : [WatchStreamDB]Item alerting conditions - isInterruptive: false, recentlyInterrupted: false, isItemPinned: false, isUnread: false
11-03 10:25:30.645238  2520 12459 D HOME    : [StreamAlertingRegulator]isTheaterModeEnabled: false, isAlertingAllowedByOffBody: true, matchesLocalInterruptionFilter: true
11-03 10:25:30.645782  2520 12459 D HOME    : [WatchStreamDB]couldItemAlert: false, isTopItemChanged: false, isDeferralForTopItem: false
--------- switch to kernel
11-03 10:25:30.514708     0     0 I CPU3    : update max cpu_capacity 1024
--------- switch to main
11-03 10:25:30.664620   416   416 D SKGHAL  : Changing to  RESET state
11-03 10:25:30.665418  1686  7908 D SidekickService: ISidekickGraphics#beginResources()...
11-03 10:25:30.665988   416   416 D SKGHAL  : Changing to DOWNLOAD State
11-03 10:25:30.667177  1686  7908 D SidekickServiceUtils: bitmapFromDrawable: Returning bitmap directly
11-03 10:25:30.674591  1686  7908 W SidekickService: null digitDimensions in font, setting to PointF(20.0, 27.0)
11-03 10:25:30.674907  1686  7908 D SidekickService: sendFontsLocked(): fontInfo = {.width = 20, .height = 27, .nGlyphs = 10, .id = 4}, image.size() = 919
11-03 10:25:30.676615   416   416 D SKGHAL  : saveResource: resId = 4
11-03 10:25:30.682201  1686  7908 D SidekickService: sendFontsLocked(): status = 0, bytesUsed = 1374
11-03 10:25:30.683054  1686  7908 D SidekickServiceUtils: bitmapFromDrawable: Returning bitmap directly
11-03 10:25:30.792346  1686  7908 D SidekickService: sendBitmapsLocked(): bounds = RectF(0.0, 0.0, 1.0, 1.0), drawableInfo = {.id = 0, .width = 416, .height = 416, .display = true, .offsetX = 0.0, .offsetY = 0.0, .rotationInfo = {.hasRotation = false, .pivotX = 0.0, .pivotY = 0.0, .degreesPerDay = 0.0, .degreesPerStep = 0.0, .zeroDegreesTime = {.daysSinceLocalEpoch = 0, .msSinceMidnight = 0}}, .transformInfo = {.transformed = false, .flipX = false, .flipY = false, .flip45 = false, .scaleX = 0.0, .scaleY = 0.0}, .type = GENERIC, .blink = {.blinking = false, .periodOnMs = 0.0, .periodOffMs = 0.0, .startTime = {.daysSinceLocalEpoch = 0, .msSinceMidnight = 0}}, .zOrder = 1, .displayInTwm = true}, image.size() = 6063
11-03 10:25:30.806347   416   416 D SKGHAL  : saveResource: resId = 0
11-03 10:25:30.823467  1686  7908 D SidekickService: sendBitmapsLocked(): status = 0, bytesUsed = 9429
11-03 10:25:30.823985  1686  7908 D SidekickServiceUtils: bitmapFromDrawable: Returning bitmap directly
11-03 10:25:30.825063  1686  7908 D SidekickService: sendBitmapsLocked(): bounds = RectF(0.0, 0.0, 0.0024038462, 0.0024038462), drawableInfo = {.id = 100000, .width = 1, .height = 1, .display = true, .offsetX = 0.0, .offsetY = 0.0, .rotationInfo = {.hasRotation = false, .pivotX = 0.0, .pivotY = 0.0, .degreesPerDay = 0.0, .degreesPerStep = 0.0, .zeroDegreesTime = {.daysSinceLocalEpoch = 0, .msSinceMidnight = 0}}, .transformInfo = {.transformed = false, .flipX = false, .flipY = false, .flip45 = false, .scaleX = 0.0, .scaleY = 0.0}, .type = GENERIC, .blink = {.blinking = false, .periodOnMs = 0.0, .periodOffMs = 0.0, .startTime = {.daysSinceLocalEpoch = 0, .msSinceMidnight = 0}}, .zOrder = 6, .displayInTwm = true}, image.size() = 84
11-03 10:25:30.825793   416  2389 D SKGHAL  : saveResource: resId = 100000
11-03 10:25:30.826750  1686  7908 D SidekickService: sendBitmapsLocked(): status = 0, bytesUsed = 18
11-03 10:25:30.827746  1686  7908 D SidekickService: sendNumbersLocked(): drawableInfo = {.id = 5, .width = 100, .height = 50, .display = true, .offsetX = 162.0, .offsetY = 30.0, .rotationInfo = {.hasRotation = false, .pivotX = 0.0, .pivotY = 0.0, .degreesPerDay = 0.0, .degreesPerStep = 0.0, .zeroDegreesTime = {.daysSinceLocalEpoch = 0, .msSinceMidnight = 0}}, .transformInfo = {.transformed = false, .flipX = false, .flipY = false, .flip45 = false, .scaleX = 0.0, .scaleY = 0.0}, .type = NUMBER, .blink = {.blinking = false, .periodOnMs = 0.0, .periodOffMs = 0.0, .startTime = {.daysSinceLocalEpoch = 0, .msSinceMidnight = 0}}, .zOrder = 5, .displayInTwm = true}, numberInfo = {.startTime = {.daysSinceLocalEpoch = 0, .msSinceMidnight = 0}, .startNumber = 0, .minNumber = 0, .maxNumber = 23, .increment = 1, .msPerIncrement = 3600000.0, .fontId = 4, .digits = 2, .leadingZeroes = 1, .digit = -1, .transitionMs = 0.0}
11-03 10:25:30.828300   416   416 D SKGHAL  : saveResource: resId = 5
11-03 10:25:30.828725  1686  7908 D SidekickService: sendNumbersLocked(): status = 0, bytesUsed = 0
11-03 10:25:30.829669  1686  7908 D SidekickService: sendNumbersLocked(): drawableInfo = {.id = 6, .width = 100, .height = 50, .display = true, .offsetX = 214.0, .offsetY = 30.0, .rotationInfo = {.hasRotation = false, .pivotX = 0.0, .pivotY = 0.0, .degreesPerDay = 0.0, .degreesPerStep = 0.0, .zeroDegreesTime = {.daysSinceLocalEpoch = 0, .msSinceMidnight = 0}}, .transformInfo = {.transformed = false, .flipX = false, .flipY = false, .flip45 = false, .scaleX = 0.0, .scaleY = 0.0}, .type = NUMBER, .blink = {.blinking = false, .periodOnMs = 0.0, .periodOffMs = 0.0, .startTime = {.daysSinceLocalEpoch = 0, .msSinceMidnight = 0}}, .zOrder = 5, .displayInTwm = true}, numberInfo = {.startTime = {.daysSinceLocalEpoch = 0, .msSinceMidnight = 0}, .startNumber = 0, .minNumber = 0, .maxNumber = 59, .increment = 1, .msPerIncrement = 60000.0, .fontId = 4, .digits = 2, .leadingZeroes = 1, .digit = -1, .transitionMs = 0.0}
11-03 10:25:30.830418   416   416 D SKGHAL  : saveResource: resId = 6
11-03 10:25:30.830706  1686  7908 D SidekickService: sendNumbersLocked(): status = 0, bytesUsed = 0
11-03 10:25:30.830849  1686  7908 D SidekickService: ISidekickGraphics#endResources()...
11-03 10:25:30.859928   512   512 I sensors-hal: activate:107, android.sensor.light/46 en=0
11-03 10:25:30.861036   512   512 I sensors-hal: activate:118, android.sensor.light/46 en=0 completed
11-03 10:25:30.863465   512   512 I sensors-hal: batch:140, android.sensor.light/46, period=250000000, max_latency=0
11-03 10:25:30.863558   512   512 I sensors-hal: batch:149, android.sensor.light/46, period=250000000, max_latency=0 request completed
11-03 10:25:30.864009   512   512 I sensors-hal: activate:107, android.sensor.light/46 en=1
11-03 10:25:30.864386   512   512 I sensors-hal: ssc_enable_rt_task:254, ssc_enable_rt_task : true
11-03 10:25:30.867331   512   512 I sensors-hal: activate:118, android.sensor.light/46 en=1 completed
--------- switch to system
11-03 10:25:30.870754  1686  1686 V SettingsProvider: Notifying for 0: content://settings/system/screen_brightness
--------- switch to main
11-03 10:25:30.941002   512 12508 I sensors-hal: handle_indication_realtime:355,  SCHED_FIFO(10) for qmi_cbk
11-03 10:25:31.053868   416   416 D SKGHAL  : sendResources: metadata size = 2400, font size = 72
11-03 10:25:31.116107   416   416 D SKGHAL  : endResources: rc = 0
11-03 10:25:31.116187   416   416 D SKGHAL  : Changing to ACTIVE state
11-03 10:25:31.116809  1686  1686 I SidekickService: loadBrightnessLocked()
11-03 10:25:31.117482  2520 12461 I SidekickManager: sendWatchFaceImpl(): watchFace = com.google.android.clockwork.decomposablewatchface.WatchFaceDecomposition@1b9c1f9 forTWM = false
11-03 10:25:31.117482  1686  1686 D SidekickService: screenBrightness  = 58
11-03 10:25:31.117764  2520  2520 D HOME    : [SidekickManagerAsync]sendWatchFace(): Callback#onResult(): 0
11-03 10:25:31.117962  1686  1686 D SidekickService: sendConfigValuesLocked(): alsThresholds = [40, 92, 95, 100, 125, 150, 175, 200, 225, 250, 300, 400, 500, 800, 1200], brightnessValuesBright = [50, 56, 60, 70, 80, 90, 100, 115, 120, 140, 160, 180, 200, 220, 240, 255], brightnessValuesDim= [50, 56, 60, 70, 80, 90, 100, 115, 120, 140, 160, 180, 200, 220, 240, 255]
11-03 10:25:31.123613  1686  7908 D SidekickService: sendWatchFaceComponents called: watchFace = com.google.android.clockwork.decomposablewatchface.WatchFaceDecomposition@1da78c2shouldReplace = true
11-03 10:25:31.143209  1686  1686 D SidekickService: setAlsMode(): mode = 2, brightenAlpha = 80, dimmingAlpha = 80
11-03 10:25:31.163322  1686  1686 D SidekickService: setTwmConfig():: msTiltToBright = 10000, tiltToBright = false
--------- switch to system
11-03 10:25:31.164307  1686  1686 W Looper  : Slow dispatch took 291ms main h=android.os.Handler c=android.database.ContentObserver$NotificationRunnable@2dcb6d3 m=0
--------- switch to main
11-03 10:25:31.164776  1686  7908 D SidekickService: Check decomposition for calling app com.google.android.wearable.app with uid 10049
--------- switch to system
11-03 10:25:31.165469  1686  1686 W Looper  : Slow delivery took 222ms main h=com.android.clockwork.gestures.detector.gaze.SensorDataChecker$1 c=null m=1
--------- switch to main
11-03 10:25:31.165724  1686  7908 D SidekickService: sendWatchFaceLocked(): shouldReplace = true, mSidekickIsControlling = false, 2 images, 1 fonts, 2 numbers, 0 proportionalFonts, 0 strings
11-03 10:25:31.165880  1686  7908 D SidekickService: resetLocked()
11-03 10:25:31.202107   416   416 D SKGHAL  : Changing to  RESET state
11-03 10:25:31.202582  1686  7908 D SidekickService: ISidekickGraphics#beginResources()...
11-03 10:25:31.202906   416   416 D SKGHAL  : Changing to DOWNLOAD State
11-03 10:25:31.203691  1686  7908 D SidekickServiceUtils: bitmapFromDrawable: Returning bitmap directly
11-03 10:25:31.213660  1686  7908 W SidekickService: null digitDimensions in font, setting to PointF(20.0, 27.0)
11-03 10:25:31.213998  1686  7908 D SidekickService: sendFontsLocked(): fontInfo = {.width = 20, .height = 27, .nGlyphs = 10, .id = 4}, image.size() = 919
11-03 10:25:31.216463   416   416 D SKGHAL  : saveResource: resId = 4
11-03 10:25:31.221960  1686  7908 D SidekickService: sendFontsLocked(): status = 0, bytesUsed = 1374
11-03 10:25:31.222723  1686  7908 D SidekickServiceUtils: bitmapFromDrawable: Returning bitmap directly
--------- switch to system
11-03 10:25:31.232992  1686  1686 W Looper  : Drained
--------- switch to main
11-03 10:25:31.333197  1686  7908 D SidekickService: sendBitmapsLocked(): bounds = RectF(0.0, 0.0, 1.0, 1.0), drawableInfo = {.id = 0, .width = 416, .height = 416, .display = true, .offsetX = 0.0, .offsetY = 0.0, .rotationInfo = {.hasRotation = false, .pivotX = 0.0, .pivotY = 0.0, .degreesPerDay = 0.0, .degreesPerStep = 0.0, .zeroDegreesTime = {.daysSinceLocalEpoch = 0, .msSinceMidnight = 0}}, .transformInfo = {.transformed = false, .flipX = false, .flipY = false, .flip45 = false, .scaleX = 0.0, .scaleY = 0.0}, .type = GENERIC, .blink = {.blinking = false, .periodOnMs = 0.0, .periodOffMs = 0.0, .startTime = {.daysSinceLocalEpoch = 0, .msSinceMidnight = 0}}, .zOrder = 1, .displayInTwm = true}, image.size() = 6063
11-03 10:25:31.348208   416   416 D SKGHAL  : saveResource: resId = 0
11-03 10:25:31.367741  1686  7908 D SidekickService: sendBitmapsLocked(): status = 0, bytesUsed = 9429
11-03 10:25:31.369978  1686  7908 D SidekickServiceUtils: bitmapFromDrawable: Returning bitmap directly
11-03 10:25:31.371881  1686  7908 D SidekickService: sendBitmapsLocked(): bounds = RectF(0.0, 0.0, 0.0024038462, 0.0024038462), drawableInfo = {.id = 100000, .width = 1, .height = 1, .display = true, .offsetX = 0.0, .offsetY = 0.0, .rotationInfo = {.hasRotation = false, .pivotX = 0.0, .pivotY = 0.0, .degreesPerDay = 0.0, .degreesPerStep = 0.0, .zeroDegreesTime = {.daysSinceLocalEpoch = 0, .msSinceMidnight = 0}}, .transformInfo = {.transformed = false, .flipX = false, .flipY = false, .flip45 = false, .scaleX = 0.0, .scaleY = 0.0}, .type = GENERIC, .blink = {.blinking = false, .periodOnMs = 0.0, .periodOffMs = 0.0, .startTime = {.daysSinceLocalEpoch = 0, .msSinceMidnight = 0}}, .zOrder = 6, .displayInTwm = true}, image.size() = 84
11-03 10:25:31.373178   416   416 D SKGHAL  : saveResource: resId = 100000
11-03 10:25:31.373659  1686  7908 D SidekickService: sendBitmapsLocked(): status = 0, bytesUsed = 18
11-03 10:25:31.374991  1686  7908 D SidekickService: sendNumbersLocked(): drawableInfo = {.id = 5, .width = 100, .height = 50, .display = true, .offsetX = 162.0, .offsetY = 30.0, .rotationInfo = {.hasRotation = false, .pivotX = 0.0, .pivotY = 0.0, .degreesPerDay = 0.0, .degreesPerStep = 0.0, .zeroDegreesTime = {.daysSinceLocalEpoch = 0, .msSinceMidnight = 0}}, .transformInfo = {.transformed = false, .flipX = false, .flipY = false, .flip45 = false, .scaleX = 0.0, .scaleY = 0.0}, .type = NUMBER, .blink = {.blinking = false, .periodOnMs = 0.0, .periodOffMs = 0.0, .startTime = {.daysSinceLocalEpoch = 0, .msSinceMidnight = 0}}, .zOrder = 5, .displayInTwm = true}, numberInfo = {.startTime = {.daysSinceLocalEpoch = 0, .msSinceMidnight = 0}, .startNumber = 0, .minNumber = 0, .maxNumber = 23, .increment = 1, .msPerIncrement = 3600000.0, .fontId = 4, .digits = 2, .leadingZeroes = 1, .digit = -1, .transitionMs = 0.0}
11-03 10:25:31.375794   416   416 D SKGHAL  : saveResource: resId = 5
11-03 10:25:31.376271  1686  7908 D SidekickService: sendNumbersLocked(): status = 0, bytesUsed = 0
11-03 10:25:31.377334  1686  7908 D SidekickService: sendNumbersLocked(): drawableInfo = {.id = 6, .width = 100, .height = 50, .display = true, .offsetX = 214.0, .offsetY = 30.0, .rotationInfo = {.hasRotation = false, .pivotX = 0.0, .pivotY = 0.0, .degreesPerDay = 0.0, .degreesPerStep = 0.0, .zeroDegreesTime = {.daysSinceLocalEpoch = 0, .msSinceMidnight = 0}}, .transformInfo = {.transformed = false, .flipX = false, .flipY = false, .flip45 = false, .scaleX = 0.0, .scaleY = 0.0}, .type = NUMBER, .blink = {.blinking = false, .periodOnMs = 0.0, .periodOffMs = 0.0, .startTime = {.daysSinceLocalEpoch = 0, .msSinceMidnight = 0}}, .zOrder = 5, .displayInTwm = true}, numberInfo = {.startTime = {.daysSinceLocalEpoch = 0, .msSinceMidnight = 0}, .startNumber = 0, .minNumber = 0, .maxNumber = 59, .increment = 1, .msPerIncrement = 60000.0, .fontId = 4, .digits = 2, .leadingZeroes = 1, .digit = -1, .transitionMs = 0.0}
11-03 10:25:31.377885   416   416 D SKGHAL  : saveResource: resId = 6
11-03 10:25:31.378157  1686  7908 D SidekickService: sendNumbersLocked(): status = 0, bytesUsed = 0
11-03 10:25:31.378302  1686  7908 D SidekickService: ISidekickGraphics#endResources()...
11-03 10:25:31.378575   512   512 I sensors-hal: batch:140, android.sensor.accelerometer/48, period=66667000, max_latency=100000000
11-03 10:25:31.381026   512   512 I sensors-hal: batch:149, android.sensor.accelerometer/48, period=66667000, max_latency=100000000 request completed
11-03 10:25:31.381715  1686  1686 D DefaultUngazeDetector: Ungaze event occurred; emitting gesture event!
11-03 10:25:31.381832  1686  1686 D WristGestureCtrl: Gesture:GESTURE UNGAZE, timestamp(ms): 63009853, confidence: 0.0, latency(ms): 0, duration(ms): 958
11-03 10:25:31.383209   512   512 I sensors-hal: batch:140, android.sensor.accelerometer/48, period=19231000, max_latency=100000000
11-03 10:25:31.385562   512   512 I sensors-hal: batch:149, android.sensor.accelerometer/48, period=19231000, max_latency=100000000 request completed
--------- switch to system
11-03 10:25:31.386213  1686  1686 I WindowManager: sleepRelease() calling goToSleep(GO_TO_SLEEP_REASON_SLEEP_BUTTON)
11-03 10:25:31.386478  1686  1686 I PowerManagerService: Going to sleep due to sleep button (uid 1000)...
--------- switch to main
11-03 10:25:31.387251   512   512 I sensors-hal: flush:169, android.sensor.accelerometer/48
--------- switch to system
11-03 10:25:31.388531  1686  1712 I DreamManagerService: Entering dreamland.
11-03 10:25:31.389595  1686  1712 I PowerManagerService: Dozing...
11-03 10:25:31.391425  1686  1686 W UsageStatsService: Event reported without a package name
--------- switch to main
11-03 10:25:31.396157   512   512 I sensors-hal: flush:175, android.sensor.accelerometer/48 completed
--------- switch to system
11-03 10:25:31.402062  1686  1708 I DreamController: Starting dream: name=ComponentInfo{com.google.android.wearable.ambient/com.google.android.wearable.ambient.AmbientDream}, isTest=false, canDoze=true, userId=0
--------- switch to main
11-03 10:25:31.700512   416   416 D SKGHAL  : sendResources: metadata size = 2400, font size = 72
11-03 10:25:31.732442   416   416 D SKGHAL  : endResources: rc = 0
11-03 10:25:31.732541   416   416 D SKGHAL  : Changing to ACTIVE state
11-03 10:25:31.733282  1686  1686 W system_server: Long monitor contention with owner Binder:1686_1A (7908) at int com.google.android.clockwork.sidekick.SidekickService$BinderService.sendWatchFace(com.google.android.clockwork.decomposablewatchface.WatchFaceDecomposition, boolean)(SidekickService.java:1021) waiters=0 in boolean com.google.android.clockwork.sidekick.SidekickService$BinderService.sidekickExists() for 323ms
11-03 10:25:31.733764  2520 12461 I SidekickManager: sendWatchFaceImpl(): watchFace = com.google.android.clockwork.decomposablewatchface.WatchFaceDecomposition@94e6f9f forTWM = false
11-03 10:25:31.734023  2520  2520 D HOME    : [SidekickManagerAsync]sendWatchFace(): Callback#onResult(): 0
--------- switch to system
11-03 10:25:31.738701  1686  1686 W ContextImpl: Calling a method in the system process without a qualified user: android.app.ContextImpl.bindService:1611 android.content.ContextWrapper.bindService:698 com.google.android.wearable.ambient.AmbientDream.onCreate:191 android.app.ActivityThread.handleCreateService:3533 android.app.ActivityThread.access$1300:200 
--------- switch to main
11-03 10:25:31.739315  1686  7908 D SidekickService: sendWatchFaceComponents called: watchFace = com.google.android.clockwork.decomposablewatchface.WatchFaceDecomposition@c3c5327shouldReplace = true
11-03 10:25:31.739866  1686  7908 D SidekickService: Check decomposition for calling app com.google.android.wearable.app with uid 10049
11-03 10:25:31.741032  1686  7908 D SidekickService: sendWatchFaceLocked(): shouldReplace = true, mSidekickIsControlling = false, 2 images, 1 fonts, 2 numbers, 0 proportionalFonts, 0 strings
11-03 10:25:31.741178  1686  7908 D SidekickService: resetLocked()
--------- switch to system
11-03 10:25:31.742920  1686  1686 W ContextImpl: Calling a method in the system process without a qualified user: android.app.ContextImpl.sendBroadcast:1005 android.content.ContextWrapper.sendBroadcast:444 com.google.android.wearable.ambient.AmbientDream.onCreate:241 android.app.ActivityThread.handleCreateService:3533 android.app.ActivityThread.access$1300:200 
11-03 10:25:31.743821  1686  1686 W Looper  : Slow dispatch took 337ms main h=android.app.ActivityThread$H c=null m=114
11-03 10:25:31.745050  1686  1686 V DreamService[AmbientDream]: onBind() intent = Intent { act=android.service.dreams.DreamService flg=0x800000 cmp=com.google.android.wearable.ambient/.AmbientDream }
11-03 10:25:31.745660  1686  1686 W Looper  : Slow delivery took 338ms main h=android.app.ActivityThread$H c=null m=121
--------- switch to main
11-03 10:25:31.747999  1686  1686 I AmbientService: [ce6a28c] Ambient Created
--------- switch to system
11-03 10:25:31.748179  1686  1686 W Looper  : Drained
11-03 10:25:31.749636  1686  1686 V DreamService[AmbientDream]: Calling onDreamingStarted()
--------- switch to main
11-03 10:25:31.749819  1686  1686 I AmbientService: [ce6a28c] doOnDreamingStarted
11-03 10:25:31.750762  1686  1686 D SidekickService: setShouldControlDisplay called: true
11-03 10:25:31.752597   416   416 D SKGHAL  : Changing to  RESET state
11-03 10:25:31.753143  1686  7908 D SidekickService: ISidekickGraphics#beginResources()...
11-03 10:25:31.753431   416   416 D SKGHAL  : Changing to DOWNLOAD State
11-03 10:25:31.754724  1686  7908 D SidekickServiceUtils: bitmapFromDrawable: Returning bitmap directly
11-03 10:25:31.761485  1686  7908 W SidekickService: null digitDimensions in font, setting to PointF(20.0, 27.0)
11-03 10:25:31.761661  1686  7908 D SidekickService: sendFontsLocked(): fontInfo = {.width = 20, .height = 27, .nGlyphs = 10, .id = 4}, image.size() = 919
11-03 10:25:31.763239   416   416 D SKGHAL  : saveResource: resId = 4
11-03 10:25:31.767343  1686  7908 D SidekickService: sendFontsLocked(): status = 0, bytesUsed = 1374
11-03 10:25:31.768959  1686  7908 D SidekickServiceUtils: bitmapFromDrawable: Returning bitmap directly
11-03 10:25:31.876733  1686  7908 D SidekickService: sendBitmapsLocked(): bounds = RectF(0.0, 0.0, 1.0, 1.0), drawableInfo = {.id = 0, .width = 416, .height = 416, .display = true, .offsetX = 0.0, .offsetY = 0.0, .rotationInfo = {.hasRotation = false, .pivotX = 0.0, .pivotY = 0.0, .degreesPerDay = 0.0, .degreesPerStep = 0.0, .zeroDegreesTime = {.daysSinceLocalEpoch = 0, .msSinceMidnight = 0}}, .transformInfo = {.transformed = false, .flipX = false, .flipY = false, .flip45 = false, .scaleX = 0.0, .scaleY = 0.0}, .type = GENERIC, .blink = {.blinking = false, .periodOnMs = 0.0, .periodOffMs = 0.0, .startTime = {.daysSinceLocalEpoch = 0, .msSinceMidnight = 0}}, .zOrder = 1, .displayInTwm = true}, image.size() = 6063
11-03 10:25:31.891326   416   416 D SKGHAL  : saveResource: resId = 0
11-03 10:25:31.909069  1686  7908 D SidekickService: sendBitmapsLocked(): status = 0, bytesUsed = 9429
11-03 10:25:31.909788  1686  7908 D SidekickServiceUtils: bitmapFromDrawable: Returning bitmap directly
11-03 10:25:31.911063  1686  7908 D SidekickService: sendBitmapsLocked(): bounds = RectF(0.0, 0.0, 0.0024038462, 0.0024038462), drawableInfo = {.id = 100000, .width = 1, .height = 1, .display = true, .offsetX = 0.0, .offsetY = 0.0, .rotationInfo = {.hasRotation = false, .pivotX = 0.0, .pivotY = 0.0, .degreesPerDay = 0.0, .degreesPerStep = 0.0, .zeroDegreesTime = {.daysSinceLocalEpoch = 0, .msSinceMidnight = 0}}, .transformInfo = {.transformed = false, .flipX = false, .flipY = false, .flip45 = false, .scaleX = 0.0, .scaleY = 0.0}, .type = GENERIC, .blink = {.blinking = false, .periodOnMs = 0.0, .periodOffMs = 0.0, .startTime = {.daysSinceLocalEpoch = 0, .msSinceMidnight = 0}}, .zOrder = 6, .displayInTwm = true}, image.size() = 84
11-03 10:25:31.911833   416   416 D SKGHAL  : saveResource: resId = 100000
11-03 10:25:31.912419  1686  7908 D SidekickService: sendBitmapsLocked(): status = 0, bytesUsed = 18
11-03 10:25:31.913400  1686  7908 D SidekickService: sendNumbersLocked(): drawableInfo = {.id = 5, .width = 100, .height = 50, .display = true, .offsetX = 162.0, .offsetY = 30.0, .rotationInfo = {.hasRotation = false, .pivotX = 0.0, .pivotY = 0.0, .degreesPerDay = 0.0, .degreesPerStep = 0.0, .zeroDegreesTime = {.daysSinceLocalEpoch = 0, .msSinceMidnight = 0}}, .transformInfo = {.transformed = false, .flipX = false, .flipY = false, .flip45 = false, .scaleX = 0.0, .scaleY = 0.0}, .type = NUMBER, .blink = {.blinking = false, .periodOnMs = 0.0, .periodOffMs = 0.0, .startTime = {.daysSinceLocalEpoch = 0, .msSinceMidnight = 0}}, .zOrder = 5, .displayInTwm = true}, numberInfo = {.startTime = {.daysSinceLocalEpoch = 0, .msSinceMidnight = 0}, .startNumber = 0, .minNumber = 0, .maxNumber = 23, .increment = 1, .msPerIncrement = 3600000.0, .fontId = 4, .digits = 2, .leadingZeroes = 1, .digit = -1, .transitionMs = 0.0}
11-03 10:25:31.913924   416   416 D SKGHAL  : saveResource: resId = 5
11-03 10:25:31.914164  1686  7908 D SidekickService: sendNumbersLocked(): status = 0, bytesUsed = 0
11-03 10:25:31.915068  1686  7908 D SidekickService: sendNumbersLocked(): drawableInfo = {.id = 6, .width = 100, .height = 50, .display = true, .offsetX = 214.0, .offsetY = 30.0, .rotationInfo = {.hasRotation = false, .pivotX = 0.0, .pivotY = 0.0, .degreesPerDay = 0.0, .degreesPerStep = 0.0, .zeroDegreesTime = {.daysSinceLocalEpoch = 0, .msSinceMidnight = 0}}, .transformInfo = {.transformed = false, .flipX = false, .flipY = false, .flip45 = false, .scaleX = 0.0, .scaleY = 0.0}, .type = NUMBER, .blink = {.blinking = false, .periodOnMs = 0.0, .periodOffMs = 0.0, .startTime = {.daysSinceLocalEpoch = 0, .msSinceMidnight = 0}}, .zOrder = 5, .displayInTwm = true}, numberInfo = {.startTime = {.daysSinceLocalEpoch = 0, .msSinceMidnight = 0}, .startNumber = 0, .minNumber = 0, .maxNumber = 59, .increment = 1, .msPerIncrement = 60000.0, .fontId = 4, .digits = 2, .leadingZeroes = 1, .digit = -1, .transitionMs = 0.0}
11-03 10:25:31.915563   416   416 D SKGHAL  : saveResource: resId = 6
11-03 10:25:31.915997  1686  7908 D SidekickService: sendNumbersLocked(): status = 0, bytesUsed = 0
11-03 10:25:31.916126  1686  7908 D SidekickService: ISidekickGraphics#endResources()...
11-03 10:25:32.070444   416   416 D SKGHAL  : sendResources: metadata size = 2400, font size = 72
11-03 10:25:32.113597   416   416 D SKGHAL  : endResources: rc = 0
11-03 10:25:32.113695   416   416 D SKGHAL  : Changing to ACTIVE state
11-03 10:25:32.114459  1686  1686 W system_server: Long monitor contention with owner Binder:1686_1A (7908) at int com.google.android.clockwork.sidekick.SidekickService$BinderService.sendWatchFace(com.google.android.clockwork.decomposablewatchface.WatchFaceDecomposition, boolean)(SidekickService.java:1021) waiters=0 in void com.google.android.clockwork.sidekick.SidekickService$BinderService.setShouldControlDisplay(boolean) for 364ms
11-03 10:25:32.114924  2520 12461 I SidekickManager: sendWatchFaceImpl(): watchFace = com.google.android.clockwork.decomposablewatchface.WatchFaceDecomposition@4cb84b5 forTWM = false
11-03 10:25:32.115259  2520  2520 D HOME    : [SidekickManagerAsync]sendWatchFace(): Callback#onResult(): 0
11-03 10:25:32.116063  1686  1686 I AmbientService: [ce6a28c] Selected running activity for ambient mode: AmbientActivity[component=ComponentInfo{com.google.android.wearable.app/com.google.android.clockwork.home2.activity.HomeActivity2}, callbacks=@210b385, running=true, ambientRequested=true, ambientEnabled=true, offloadEnabled=true]
11-03 10:25:32.116917  1686  1686 I AmbientService: [ce6a28c] Sidekick is ready to display, requesting doze.
11-03 10:25:32.117749  1686  1686 I AmbientService: [ce6a28c] No auto-resume Activity.
11-03 10:25:32.121455  2520  2520 D HOME    : [HomeVisitsLogger]Logging streamlet event: enter_ambient_mode
11-03 10:25:32.122555  2520 12460 D HOME    : [HomeVisitsLogger]Logging streamlet event: visit_end
11-03 10:25:32.122545  2520  2520 D HOME    : [HotwordController]updateClient MODE_WATCH_FACE false true false true
11-03 10:25:32.129401  1686  1686 W DefaultSettingsContentR: Value for ambient_low_bit_enabled not stored as number. Attempting parse as boolean.
11-03 10:25:32.133850  1686  1686 I AmbientService: [ce6a28c] Showing watch face in offload mode, canceling alarm.
11-03 10:25:32.133985  1686  1686 W AlarmManagerProxy: Removing unknown listener
11-03 10:25:32.134101  1686  1686 D WristGestureCtrl: Stopping detectors: GesturesEnabled-false gestureDetector-false ungazeEnabled-true ungaze-true
11-03 10:25:32.134149  1686  1686 D DefaultUngazeDetector: stopping
--------- switch to system
11-03 10:25:32.134457  1686  1686 W Looper  : Slow dispatch took 385ms main h=android.os.Handler c=android.service.dreams.DreamService$1@62e81ca m=0
11-03 10:25:32.136814  1686  1686 W Looper  : Slow delivery took 386ms main h=android.app.ActivityThread$H c=android.app.-$$Lambda$LoadedApk$ReceiverDispatcher$Args$_BumDX2UKsnxLVrE6UJsJZkotuA@994ff3b m=0
--------- switch to main
11-03 10:25:32.137138   512   512 I sensors-hal: batch:140, android.sensor.accelerometer/48, period=66667000, max_latency=100000000
11-03 10:25:32.139387  1686  7908 D SidekickService: sendWatchFaceComponents called: watchFace = com.google.android.clockwork.decomposablewatchface.WatchFaceDecomposition@cd6d658shouldReplace = true
11-03 10:25:32.139669  1686  7908 D SidekickService: Check decomposition for calling app com.google.android.wearable.app with uid 10049
11-03 10:25:32.140716  1686  7908 D SidekickService: sendWatchFaceLocked(): shouldReplace = true, mSidekickIsControlling = false, 2 images, 1 fonts, 2 numbers, 0 proportionalFonts, 0 strings
11-03 10:25:32.140840  1686  7908 D SidekickService: resetLocked()
11-03 10:25:32.151509   512   512 I sensors-hal: batch:149, android.sensor.accelerometer/48, period=66667000, max_latency=100000000 request completed
11-03 10:25:32.179763  2520  2520 D HOME    : [WatchFaceUiController]setInAmbientMode true
11-03 10:25:32.182352  2520  2520 D HOME    : [StreamDBQueue]Promised revision #4195 to queue a new op
11-03 10:25:32.182644  2520  2520 D WatchStreamManager: Promised rank-blocked=false @ r#4195
11-03 10:25:32.182996  2520  2520 D HOME    : [StreamDBQueue]Promised revision #4196 to queue a new op
11-03 10:25:32.183081  2520 12459 D HOME    : [WatchStreamDB]Item alerting conditions - isInterruptive: false, recentlyInterrupted: false, isItemPinned: false, isUnread: false
11-03 10:25:32.183162  2520  2520 D WatchStreamManager: Promised rank-blocked=false @ r#4196
11-03 10:25:32.183347  2520 12459 D HOME    : [StreamAlertingRegulator]isTheaterModeEnabled: false, isAlertingAllowedByOffBody: true, matchesLocalInterruptionFilter: true
11-03 10:25:32.183441  2520 12460 D HOME    : [StreamDBQueue]Promised revision #4197 to queue a new op
11-03 10:25:32.183532  2520 12459 D HOME    : [WatchStreamDB]couldItemAlert: false, isTopItemChanged: false, isDeferralForTopItem: false
11-03 10:25:32.183533  2520 12460 D WatchStreamManager: Promised rerank @ r#4197
11-03 10:25:32.183728  2520  2520 D HOME    : [EventBus]Wrapper pool is full. Discarding excess wrapper instance for event com.google.android.clockwork.sysui.events.KeyguardStateEvent
11-03 10:25:32.183824  2520  2520 D HOME    : [WatchFaceUiController]sendStateToWallpaper
11-03 10:25:32.184246  2520 12459 D HOME    : [WatchStreamDB]Item alerting conditions - isInterruptive: false, recentlyInterrupted: false, isItemPinned: false, isUnread: false
11-03 10:25:32.184563  2520 12459 D HOME    : [StreamAlertingRegulator]isTheaterModeEnabled: false, isAlertingAllowedByOffBody: true, matchesLocalInterruptionFilter: true
11-03 10:25:32.184808  2520 12459 D HOME    : [WatchStreamDB]couldItemAlert: false, isTopItemChanged: false, isDeferralForTopItem: false
11-03 10:25:32.185301  2520 12459 D HOME    : [WatchStreamDB]updateRanking()
11-03 10:25:32.185554  2520  2520 D HOME    : [EventBus]Wrapper pool is full. Discarding excess wrapper instance for event com.google.android.clockwork.sysui.events.KeyguardStateEvent
11-03 10:25:32.185806  2520 12459 D HOME    : [WatchStreamDB]Item alerting conditions - isInterruptive: false, recentlyInterrupted: false, isItemPinned: false, isUnread: false
11-03 10:25:32.185790  2520  2520 D HOME    : [EventBus]Wrapper pool is full. Discarding excess wrapper instance for event com.google.android.clockwork.sysui.events.KeyguardStateEvent
11-03 10:25:32.186444  2520 12459 D HOME    : [StreamAlertingRegulator]isTheaterModeEnabled: false, isAlertingAllowedByOffBody: true, matchesLocalInterruptionFilter: true
11-03 10:25:32.186779  2520 12459 D HOME    : [WatchStreamDB]couldItemAlert: false, isTopItemChanged: false, isDeferralForTopItem: false
11-03 10:25:32.187520  2520 12459 D HOME    : [NewStreamAdapter]Publishing revision #4197 to adapter clients
11-03 10:25:32.188598  2520 12460 D HOME    : [StreamDBQueue]Promised revision #4198 to queue a new op
11-03 10:25:32.189102  2520 12460 D WatchStreamManager: Promised rerank @ r#4198
11-03 10:25:32.192385  2520 11756 D HOME    : [WatchStreamDB]updateRanking()
11-03 10:25:32.193196  2520 11756 D HOME    : [WatchStreamDB]Item alerting conditions - isInterruptive: false, recentlyInterrupted: false, isItemPinned: false, isUnread: false
11-03 10:25:32.193668  2520 11756 D HOME    : [StreamAlertingRegulator]isTheaterModeEnabled: false, isAlertingAllowedByOffBody: true, matchesLocalInterruptionFilter: true
