11-03 10:25:48.465395  2520  2520 D HOME    : [StreamDBQueue]Promised revision #4210 to queue a new op
11-03 10:25:48.465595  2520  2520 D WatchStreamManager: Promised rank-blocked=true @ r#4210
11-03 10:25:48.465956  2520  2520 D HOME    : [StreamDBQueue]Promised revision #4211 to queue a new op
11-03 10:25:48.466065  2520  2520 D WatchStreamManager: Promised rank-blocked=true @ r#4211
11-03 10:25:48.466372  2520 12460 D HOME    : [WatchStreamDB]Item alerting conditions - isInterruptive: false, recentlyInterrupted: false, isItemPinned: false, isUnread: false
11-03 10:25:48.466562  2520  2520 D HOME    : [TilesController]Tile refresh optimization is enabled.
11-03 10:25:48.466775   512 12522 I sensors-hal: handle_indication_realtime:355,  SCHED_FIFO(10) for qmi_cbk
11-03 10:25:48.466832  2520  2520 D HOME    : [EventBus]Wrapper pool is full. Discarding excess wrapper instance for event com.google.android.clockwork.sysui.events.KeyguardStateEvent
11-03 10:25:48.466905  2520  2520 D HOME    : [WatchFaceUiController]sendStateToWallpaper
11-03 10:25:48.467928  2520 12460 D HOME    : [StreamAlertingRegulator]isTheaterModeEnabled: false, isAlertingAllowedByOffBody: true, matchesLocalInterruptionFilter: true
11-03 10:25:48.468371  2520  2520 D HOME    : [EventBus]Wrapper pool is full. Discarding excess wrapper instance for event com.google.android.clockwork.sysui.events.KeyguardStateEvent
11-03 10:25:48.468565  2520  2520 D HOME    : [EventBus]Wrapper pool is full. Discarding excess wrapper instance for event com.google.android.clockwork.sysui.events.KeyguardStateEvent
11-03 10:25:48.472810  2520  2520 D HOME    : [WatchFaceUiController]sendStateToWallpaper
11-03 10:25:48.475895  2520  2520 W StaticLayout: maxLineHeight should not be -1.  maxLines:1 lineCount:1
11-03 10:25:48.492938  2520 12460 D HOME    : [WatchStreamDB]couldItemAlert: false, isTopItemChanged: false, isDeferralForTopItem: false
11-03 10:25:48.493820  2520 12460 D HOME    : [WatchStreamDB]Item alerting conditions - isInterruptive: false, recentlyInterrupted: false, isItemPinned: false, isUnread: false
11-03 10:25:48.494086  2520 12460 D HOME    : [StreamAlertingRegulator]isTheaterModeEnabled: false, isAlertingAllowedByOffBody: true, matchesLocalInterruptionFilter: true
11-03 10:25:48.494270  2520 12460 D HOME    : [WatchStreamDB]couldItemAlert: false, isTopItemChanged: false, isDeferralForTopItem: false
11-03 10:25:48.496757  1686  1686 I WearPower: [WearTouchMediator] changing touch input to enabled (ON_AUTO)
11-03 10:25:48.501236  1686  1759 I InputReader: Reconfiguring input devices.  changes=0x00000200
11-03 10:25:48.510033  1686  1686 W AlarmManagerProxy: Removing unknown listener
11-03 10:25:48.511319  1686  1686 W DefaultSettingsContentR: Value for ambient_low_bit_enabled not stored as number. Attempting parse as boolean.
11-03 10:25:48.543616  3205  3434 W WorkController: Loading failed for worker [trainingcache]: worker not found
11-03 10:25:48.544649  3205  3294 W A       : TrainingCache cache SCREEN_ON failure
11-03 10:25:48.544649  3205  3294 W A       : com.google.android.apps.gsa.search.core.service.h.a.a: No worker found for Worker ID [trainingcache].
11-03 10:25:48.544649  3205  3294 W A       : 	at com.google.android.apps.gsa.search.core.service.g.a.c.a(Unknown Source:5)
11-03 10:25:48.544649  3205  3294 W A       : 	at com.google.android.libraries.gsa.c.a.d.a(Unknown Source:3)
11-03 10:25:48.544649  3205  3294 W A       : 	at com.google.common.p.a.cg.c(Unknown Source:2)
11-03 10:25:48.544649  3205  3294 W A       : 	at com.google.common.p.a.bk.run(SourceFile:3)
11-03 10:25:48.544649  3205  3294 W A       : 	at com.google.common.p.a.ci.run(Unknown Source:4)
11-03 10:25:48.544649  3205  3294 W A       : 	at com.google.apps.tiktok.concurrent.ab.run(SourceFile:1)
11-03 10:25:48.544649  3205  3294 W A       : 	at java.util.concurrent.ThreadPoolExecutor.runWorker(ThreadPoolExecutor.java:1167)
11-03 10:25:48.544649  3205  3294 W A       : 	at java.util.concurrent.ThreadPoolExecutor$Worker.run(ThreadPoolExecutor.java:641)
11-03 10:25:48.544649  3205  3294 W A       : 	at com.google.apps.tiktok.concurrent.c.run(Unknown Source:4)
11-03 10:25:48.544649  3205  3294 W A       : 	at java.lang.Thread.run(Thread.java:764)
--------- switch to kernel
11-03 10:25:48.424166     0     0 I CPU3    : update cpu_capacity 1024
11-03 10:25:48.424651     0     0 I CPU1    : update max cpu_capacity 748
11-03 10:25:48.426098     0     0 I CPU2    : update max cpu_capacity 1024
--------- switch to main
11-03 10:25:48.559141  2520  2520 D HOME    : [WatchFaceUiController]sendWatchFaceServiceBinder
11-03 10:25:48.560910 12353 12353 I SPORTSWATCH:: Updating stub zero data
11-03 10:25:48.562048 12353 12353 I SPORTSWATCH:: account mail is zero length
11-03 10:25:48.565153  2520  2520 D HOME    : [WatchFaceUiController]sendProperties
11-03 10:25:48.566434  2520  2520 D HOME    : [WatchFaceUiController]sendStateToWallpaper
11-03 10:25:48.580893   512 12524 I sensors-hal: handle_indication_realtime:355,  SCHED_FIFO(10) for qmi_cbk
11-03 10:25:48.593985  2520  2520 D HOME    : [StreamDBQueue]Promised revision #4212 to queue a new op
11-03 10:25:48.594305  2520  2520 D WatchStreamManager: Promised rank-blocked=true @ r#4212
11-03 10:25:48.594738  2520 12459 I SidekickManager: sendWatchFaceImpl(): watchFace = com.google.android.clockwork.decomposablewatchface.WatchFaceDecomposition@538fdd3 forTWM = false
--------- switch to kernel
11-03 10:25:48.464316     0     0 I CPU2    : update max cpu_capacity 1024
11-03 10:25:48.481986     0     0 I [touch]x: 187,y:271
--------- switch to main
11-03 10:25:48.598520  2520 12461 D HOME    : [WatchStreamDB]Item alerting conditions - isInterruptive: false, recentlyInterrupted: false, isItemPinned: false, isUnread: false
11-03 10:25:48.599160  2520 12461 D HOME    : [StreamAlertingRegulator]isTheaterModeEnabled: false, isAlertingAllowedByOffBody: true, matchesLocalInterruptionFilter: true
11-03 10:25:48.599817  2520 12461 D HOME    : [WatchStreamDB]couldItemAlert: false, isTopItemChanged: false, isDeferralForTopItem: false
11-03 10:25:48.605721  2520  2520 D HOME    : [HomeVisitsLogger]Logging streamlet event: first_touch
11-03 10:25:48.607614  2520  2520 D HOME    : [GestureController]Ignoring duplicate ACTION_DOWN event.
11-03 10:25:48.615535  1686  5241 D SidekickService: sendWatchFaceComponents called: watchFace = com.google.android.clockwork.decomposablewatchface.WatchFaceDecomposition@c3b4c00shouldReplace = true
11-03 10:25:48.615744  1686  5241 D SidekickService: Check decomposition for calling app com.google.android.wearable.app with uid 10049
11-03 10:25:48.616587  1686  5241 D SidekickService: sendWatchFaceLocked(): shouldReplace = true, mSidekickIsControlling = false, 2 images, 1 fonts, 2 numbers, 0 proportionalFonts, 0 strings
11-03 10:25:48.616676  1686  5241 D SidekickService: resetLocked()
11-03 10:25:48.623765   416   416 D SKGHAL  : Changing to  RESET state
11-03 10:25:48.624663  1686  5241 D SidekickService: ISidekickGraphics#beginResources()...
11-03 10:25:48.625196   416   416 D SKGHAL  : Changing to DOWNLOAD State
11-03 10:25:48.629034  1686  5241 D SidekickServiceUtils: bitmapFromDrawable: Returning bitmap directly
11-03 10:25:48.660019  1686  5241 W SidekickService: null digitDimensions in font, setting to PointF(20.0, 27.0)
11-03 10:25:48.660428  1686  5241 D SidekickService: sendFontsLocked(): fontInfo = {.width = 20, .height = 27, .nGlyphs = 10, .id = 4}, image.size() = 919
11-03 10:25:48.662454   416   416 D SKGHAL  : saveResource: resId = 4
11-03 10:25:48.668993  1686  5241 D SidekickService: sendFontsLocked(): status = 0, bytesUsed = 1374
11-03 10:25:48.671473  1686  5241 D SidekickServiceUtils: bitmapFromDrawable: Returning bitmap directly
11-03 10:25:48.797992  1686  5241 D SidekickService: sendBitmapsLocked(): bounds = RectF(0.0, 0.0, 1.0, 1.0), drawableInfo = {.id = 0, .width = 416, .height = 416, .display = true, .offsetX = 0.0, .offsetY = 0.0, .rotationInfo = {.hasRotation = false, .pivotX = 0.0, .pivotY = 0.0, .degreesPerDay = 0.0, .degreesPerStep = 0.0, .zeroDegreesTime = {.daysSinceLocalEpoch = 0, .msSinceMidnight = 0}}, .transformInfo = {.transformed = false, .flipX = false, .flipY = false, .flip45 = false, .scaleX = 0.0, .scaleY = 0.0}, .type = GENERIC, .blink = {.blinking = false, .periodOnMs = 0.0, .periodOffMs = 0.0, .startTime = {.daysSinceLocalEpoch = 0, .msSinceMidnight = 0}}, .zOrder = 1, .displayInTwm = true}, image.size() = 6063
11-03 10:25:48.816601   416   416 D SKGHAL  : saveResource: resId = 0
11-03 10:25:48.834123  1686  5241 D SidekickService: sendBitmapsLocked(): status = 0, bytesUsed = 9429
11-03 10:25:48.834922  1686  5241 D SidekickServiceUtils: bitmapFromDrawable: Returning bitmap directly
11-03 10:25:48.836321  1686  5241 D SidekickService: sendBitmapsLocked(): bounds = RectF(0.0, 0.0, 0.0024038462, 0.0024038462), drawableInfo = {.id = 100000, .width = 1, .height = 1, .display = true, .offsetX = 0.0, .offsetY = 0.0, .rotationInfo = {.hasRotation = false, .pivotX = 0.0, .pivotY = 0.0, .degreesPerDay = 0.0, .degreesPerStep = 0.0, .zeroDegreesTime = {.daysSinceLocalEpoch = 0, .msSinceMidnight = 0}}, .transformInfo = {.transformed = false, .flipX = false, .flipY = false, .flip45 = false, .scaleX = 0.0, .scaleY = 0.0}, .type = GENERIC, .blink = {.blinking = false, .periodOnMs = 0.0, .periodOffMs = 0.0, .startTime = {.daysSinceLocalEpoch = 0, .msSinceMidnight = 0}}, .zOrder = 6, .displayInTwm = true}, image.size() = 84
11-03 10:25:48.837119   416   416 D SKGHAL  : saveResource: resId = 100000
11-03 10:25:48.837850  1686  5241 D SidekickService: sendBitmapsLocked(): status = 0, bytesUsed = 18
11-03 10:25:48.838877  1686  5241 D SidekickService: sendNumbersLocked(): drawableInfo = {.id = 5, .width = 100, .height = 50, .display = true, .offsetX = 162.0, .offsetY = 30.0, .rotationInfo = {.hasRotation = false, .pivotX = 0.0, .pivotY = 0.0, .degreesPerDay = 0.0, .degreesPerStep = 0.0, .zeroDegreesTime = {.daysSinceLocalEpoch = 0, .msSinceMidnight = 0}}, .transformInfo = {.transformed = false, .flipX = false, .flipY = false, .flip45 = false, .scaleX = 0.0, .scaleY = 0.0}, .type = NUMBER, .blink = {.blinking = false, .periodOnMs = 0.0, .periodOffMs = 0.0, .startTime = {.daysSinceLocalEpoch = 0, .msSinceMidnight = 0}}, .zOrder = 5, .displayInTwm = true}, numberInfo = {.startTime = {.daysSinceLocalEpoch = 0, .msSinceMidnight = 0}, .startNumber = 0, .minNumber = 0, .maxNumber = 23, .increment = 1, .msPerIncrement = 3600000.0, .fontId = 4, .digits = 2, .leadingZeroes = 1, .digit = -1, .transitionMs = 0.0}
11-03 10:25:48.839618   416   416 D SKGHAL  : saveResource: resId = 5
11-03 10:25:48.839914  1686  5241 D SidekickService: sendNumbersLocked(): status = 0, bytesUsed = 0
11-03 10:25:48.840830  1686  5241 D SidekickService: sendNumbersLocked(): drawableInfo = {.id = 6, .width = 100, .height = 50, .display = true, .offsetX = 214.0, .offsetY = 30.0, .rotationInfo = {.hasRotation = false, .pivotX = 0.0, .pivotY = 0.0, .degreesPerDay = 0.0, .degreesPerStep = 0.0, .zeroDegreesTime = {.daysSinceLocalEpoch = 0, .msSinceMidnight = 0}}, .transformInfo = {.transformed = false, .flipX = false, .flipY = false, .flip45 = false, .scaleX = 0.0, .scaleY = 0.0}, .type = NUMBER, .blink = {.blinking = false, .periodOnMs = 0.0, .periodOffMs = 0.0, .startTime = {.daysSinceLocalEpoch = 0, .msSinceMidnight = 0}}, .zOrder = 5, .displayInTwm = true}, numberInfo = {.startTime = {.daysSinceLocalEpoch = 0, .msSinceMidnight = 0}, .startNumber = 0, .minNumber = 0, .maxNumber = 59, .increment = 1, .msPerIncrement = 60000.0, .fontId = 4, .digits = 2, .leadingZeroes = 1, .digit = -1, .transitionMs = 0.0}
11-03 10:25:48.841365   416   416 D SKGHAL  : saveResource: resId = 6
11-03 10:25:48.841786  1686  5241 D SidekickService: sendNumbersLocked(): status = 0, bytesUsed = 0
11-03 10:25:48.841938  1686  5241 D SidekickService: ISidekickGraphics#endResources()...
11-03 10:25:48.936893   512   512 I sensors-hal: activate:107, android.sensor.light/46 en=0
11-03 10:25:48.938190   512   512 I sensors-hal: activate:118, android.sensor.light/46 en=0 completed
11-03 10:25:48.942029   512   512 I sensors-hal: batch:140, android.sensor.light/46, period=250000000, max_latency=0
11-03 10:25:48.942177   512   512 I sensors-hal: batch:149, android.sensor.light/46, period=250000000, max_latency=0 request completed
11-03 10:25:48.942641   512   512 I sensors-hal: activate:107, android.sensor.light/46 en=1
11-03 10:25:48.943021   512   512 I sensors-hal: ssc_enable_rt_task:254, ssc_enable_rt_task : true
11-03 10:25:48.946127   512   512 I sensors-hal: activate:118, android.sensor.light/46 en=1 completed
11-03 10:25:49.017471   512 12528 I sensors-hal: handle_indication_realtime:355,  SCHED_FIFO(10) for qmi_cbk
11-03 10:25:49.072971   416   416 D SKGHAL  : sendResources: metadata size = 2400, font size = 72
11-03 10:25:49.160294   416   416 D SKGHAL  : endResources: rc = 0
11-03 10:25:49.160400   416   416 D SKGHAL  : Changing to ACTIVE state
11-03 10:25:49.162215  2520  2520 D HOME    : [SidekickManagerAsync]sendWatchFace(): Callback#onResult(): 0
11-03 10:25:49.163155  2520 12459 I SidekickManager: sendWatchFaceImpl(): watchFace = com.google.android.clockwork.decomposablewatchface.WatchFaceDecomposition@f24b3c5 forTWM = false
11-03 10:25:49.170146  1686  5241 D SidekickService: sendWatchFaceComponents called: watchFace = com.google.android.clockwork.decomposablewatchface.WatchFaceDecomposition@e678c39shouldReplace = true
11-03 10:25:49.170430  1686  5241 D SidekickService: Check decomposition for calling app com.google.android.wearable.app with uid 10049
11-03 10:25:49.171381  1686  5241 D SidekickService: sendWatchFaceLocked(): shouldReplace = true, mSidekickIsControlling = false, 2 images, 1 fonts, 2 numbers, 0 proportionalFonts, 0 strings
11-03 10:25:49.171479  1686  5241 D SidekickService: resetLocked()
11-03 10:25:49.179960   416   416 D SKGHAL  : Changing to  RESET state
11-03 10:25:49.180423  1686  5241 D SidekickService: ISidekickGraphics#beginResources()...
11-03 10:25:49.180830   416   416 D SKGHAL  : Changing to DOWNLOAD State
11-03 10:25:49.183042  1686  5241 D SidekickServiceUtils: bitmapFromDrawable: Returning bitmap directly
11-03 10:25:49.193440  1686  5241 W SidekickService: null digitDimensions in font, setting to PointF(20.0, 27.0)
11-03 10:25:49.193673  1686  5241 D SidekickService: sendFontsLocked(): fontInfo = {.width = 20, .height = 27, .nGlyphs = 10, .id = 4}, image.size() = 919
11-03 10:25:49.195651   416   416 D SKGHAL  : saveResource: resId = 4
11-03 10:25:49.201532  1686  5241 D SidekickService: sendFontsLocked(): status = 0, bytesUsed = 1374
11-03 10:25:49.202173  1686  5241 D SidekickServiceUtils: bitmapFromDrawable: Returning bitmap directly
11-03 10:25:49.310959  1686  5241 D SidekickService: sendBitmapsLocked(): bounds = RectF(0.0, 0.0, 1.0, 1.0), drawableInfo = {.id = 0, .width = 416, .height = 416, .display = true, .offsetX = 0.0, .offsetY = 0.0, .rotationInfo = {.hasRotation = false, .pivotX = 0.0, .pivotY = 0.0, .degreesPerDay = 0.0, .degreesPerStep = 0.0, .zeroDegreesTime = {.daysSinceLocalEpoch = 0, .msSinceMidnight = 0}}, .transformInfo = {.transformed = false, .flipX = false, .flipY = false, .flip45 = false, .scaleX = 0.0, .scaleY = 0.0}, .type = GENERIC, .blink = {.blinking = false, .periodOnMs = 0.0, .periodOffMs = 0.0, .startTime = {.daysSinceLocalEpoch = 0, .msSinceMidnight = 0}}, .zOrder = 1, .displayInTwm = true}, image.size() = 6063
11-03 10:25:49.325112   416   416 D SKGHAL  : saveResource: resId = 0
11-03 10:25:49.344060  1686  5241 D SidekickService: sendBitmapsLocked(): status = 0, bytesUsed = 9429
11-03 10:25:49.344649  1686  5241 D SidekickServiceUtils: bitmapFromDrawable: Returning bitmap directly
11-03 10:25:49.345930  1686  5241 D SidekickService: sendBitmapsLocked(): bounds = RectF(0.0, 0.0, 0.0024038462, 0.0024038462), drawableInfo = {.id = 100000, .width = 1, .height = 1, .display = true, .offsetX = 0.0, .offsetY = 0.0, .rotationInfo = {.hasRotation = false, .pivotX = 0.0, .pivotY = 0.0, .degreesPerDay = 0.0, .degreesPerStep = 0.0, .zeroDegreesTime = {.daysSinceLocalEpoch = 0, .msSinceMidnight = 0}}, .transformInfo = {.transformed = false, .flipX = false, .flipY = false, .flip45 = false, .scaleX = 0.0, .scaleY = 0.0}, .type = GENERIC, .blink = {.blinking = false, .periodOnMs = 0.0, .periodOffMs = 0.0, .startTime = {.daysSinceLocalEpoch = 0, .msSinceMidnight = 0}}, .zOrder = 6, .displayInTwm = true}, image.size() = 84
11-03 10:25:49.347343   416   416 D SKGHAL  : saveResource: resId = 100000
11-03 10:25:49.347818  1686  5241 D SidekickService: sendBitmapsLocked(): status = 0, bytesUsed = 18
11-03 10:25:49.349130  1686  5241 D SidekickService: sendNumbersLocked(): drawableInfo = {.id = 5, .width = 100, .height = 50, .display = true, .offsetX = 162.0, .offsetY = 30.0, .rotationInfo = {.hasRotation = false, .pivotX = 0.0, .pivotY = 0.0, .degreesPerDay = 0.0, .degreesPerStep = 0.0, .zeroDegreesTime = {.daysSinceLocalEpoch = 0, .msSinceMidnight = 0}}, .transformInfo = {.transformed = false, .flipX = false, .flipY = false, .flip45 = false, .scaleX = 0.0, .scaleY = 0.0}, .type = NUMBER, .blink = {.blinking = false, .periodOnMs = 0.0, .periodOffMs = 0.0, .startTime = {.daysSinceLocalEpoch = 0, .msSinceMidnight = 0}}, .zOrder = 5, .displayInTwm = true}, numberInfo = {.startTime = {.daysSinceLocalEpoch = 0, .msSinceMidnight = 0}, .startNumber = 0, .minNumber = 0, .maxNumber = 23, .increment = 1, .msPerIncrement = 3600000.0, .fontId = 4, .digits = 2, .leadingZeroes = 1, .digit = -1, .transitionMs = 0.0}
11-03 10:25:49.349782   416   416 D SKGHAL  : saveResource: resId = 5
11-03 10:25:49.350074  1686  5241 D SidekickService: sendNumbersLocked(): status = 0, bytesUsed = 0
11-03 10:25:49.351016  1686  5241 D SidekickService: sendNumbersLocked(): drawableInfo = {.id = 6, .width = 100, .height = 50, .display = true, .offsetX = 214.0, .offsetY = 30.0, .rotationInfo = {.hasRotation = false, .pivotX = 0.0, .pivotY = 0.0, .degreesPerDay = 0.0, .degreesPerStep = 0.0, .zeroDegreesTime = {.daysSinceLocalEpoch = 0, .msSinceMidnight = 0}}, .transformInfo = {.transformed = false, .flipX = false, .flipY = false, .flip45 = false, .scaleX = 0.0, .scaleY = 0.0}, .type = NUMBER, .blink = {.blinking = false, .periodOnMs = 0.0, .periodOffMs = 0.0, .startTime = {.daysSinceLocalEpoch = 0, .msSinceMidnight = 0}}, .zOrder = 5, .displayInTwm = true}, numberInfo = {.startTime = {.daysSinceLocalEpoch = 0, .msSinceMidnight = 0}, .startNumber = 0, .minNumber = 0, .maxNumber = 59, .increment = 1, .msPerIncrement = 60000.0, .fontId = 4, .digits = 2, .leadingZeroes = 1, .digit = -1, .transitionMs = 0.0}
11-03 10:25:49.351547   416   416 D SKGHAL  : saveResource: resId = 6
11-03 10:25:49.351778  1686  5241 D SidekickService: sendNumbersLocked(): status = 0, bytesUsed = 0
11-03 10:25:49.351908  1686  5241 D SidekickService: ISidekickGraphics#endResources()...
11-03 10:25:49.445124  2520  2520 D HOME    : [GestureController]Ignoring duplicate ACTION_DOWN event.
--------- switch to kernel
11-03 10:25:49.325883     0     0 I [touch]x: 316,y:147
--------- switch to main
11-03 10:25:49.489743 12353 12353 I SPORTSWATCH:: Updating stub zero data
11-03 10:25:49.489879 12353 12353 I SPORTSWATCH:: account mail is zero length
11-03 10:25:49.506628   416   416 D SKGHAL  : sendResources: metadata size = 2400, font size = 72
11-03 10:25:49.545485   416   416 D SKGHAL  : endResources: rc = 0
11-03 10:25:49.545598   416   416 D SKGHAL  : Changing to ACTIVE state
11-03 10:25:49.547697  2520  2520 D HOME    : [SidekickManagerAsync]sendWatchFace(): Callback#onResult(): 0
11-03 10:25:49.548297  2520 12459 I SidekickManager: sendWatchFaceImpl(): watchFace = com.google.android.clockwork.decomposablewatchface.WatchFaceDecomposition@72cee28 forTWM = false
11-03 10:25:49.555486  1686  5241 D SidekickService: sendWatchFaceComponents called: watchFace = com.google.android.clockwork.decomposablewatchface.WatchFaceDecomposition@be6427eshouldReplace = true
11-03 10:25:49.555778  1686  5241 D SidekickService: Check decomposition for calling app com.google.android.wearable.app with uid 10049
11-03 10:25:49.556426  1686  5241 D SidekickService: sendWatchFaceLocked(): shouldReplace = true, mSidekickIsControlling = false, 2 images, 1 fonts, 2 numbers, 0 proportionalFonts, 0 strings
11-03 10:25:49.556491  1686  5241 D SidekickService: resetLocked()
11-03 10:25:49.568538   416   416 D SKGHAL  : Changing to  RESET state
11-03 10:25:49.569238  1686  5241 D SidekickService: ISidekickGraphics#beginResources()...
11-03 10:25:49.569884   416   416 D SKGHAL  : Changing to DOWNLOAD State
11-03 10:25:49.570879  1686  5241 D SidekickServiceUtils: bitmapFromDrawable: Returning bitmap directly
11-03 10:25:49.577592  1686  5241 W SidekickService: null digitDimensions in font, setting to PointF(20.0, 27.0)
11-03 10:25:49.577821  1686  5241 D SidekickService: sendFontsLocked(): fontInfo = {.width = 20, .height = 27, .nGlyphs = 10, .id = 4}, image.size() = 919
11-03 10:25:49.579568   416   416 D SKGHAL  : saveResource: resId = 4
11-03 10:25:49.587223  1686  5241 D SidekickService: sendFontsLocked(): status = 0, bytesUsed = 1374
11-03 10:25:49.589152  1686  5241 D SidekickServiceUtils: bitmapFromDrawable: Returning bitmap directly
11-03 10:25:49.697857  1686  5241 D SidekickService: sendBitmapsLocked(): bounds = RectF(0.0, 0.0, 1.0, 1.0), drawableInfo = {.id = 0, .width = 416, .height = 416, .display = true, .offsetX = 0.0, .offsetY = 0.0, .rotationInfo = {.hasRotation = false, .pivotX = 0.0, .pivotY = 0.0, .degreesPerDay = 0.0, .degreesPerStep = 0.0, .zeroDegreesTime = {.daysSinceLocalEpoch = 0, .msSinceMidnight = 0}}, .transformInfo = {.transformed = false, .flipX = false, .flipY = false, .flip45 = false, .scaleX = 0.0, .scaleY = 0.0}, .type = GENERIC, .blink = {.blinking = false, .periodOnMs = 0.0, .periodOffMs = 0.0, .startTime = {.daysSinceLocalEpoch = 0, .msSinceMidnight = 0}}, .zOrder = 1, .displayInTwm = true}, image.size() = 6063
11-03 10:25:49.712142   416   416 D SKGHAL  : saveResource: resId = 0
11-03 10:25:49.729103  1686  5241 D SidekickService: sendBitmapsLocked(): status = 0, bytesUsed = 9429
11-03 10:25:49.729881  1686  5241 D SidekickServiceUtils: bitmapFromDrawable: Returning bitmap directly
11-03 10:25:49.731103  1686  5241 D SidekickService: sendBitmapsLocked(): bounds = RectF(0.0, 0.0, 0.0024038462, 0.0024038462), drawableInfo = {.id = 100000, .width = 1, .height = 1, .display = true, .offsetX = 0.0, .offsetY = 0.0, .rotationInfo = {.hasRotation = false, .pivotX = 0.0, .pivotY = 0.0, .degreesPerDay = 0.0, .degreesPerStep = 0.0, .zeroDegreesTime = {.daysSinceLocalEpoch = 0, .msSinceMidnight = 0}}, .transformInfo = {.transformed = false, .flipX = false, .flipY = false, .flip45 = false, .scaleX = 0.0, .scaleY = 0.0}, .type = GENERIC, .blink = {.blinking = false, .periodOnMs = 0.0, .periodOffMs = 0.0, .startTime = {.daysSinceLocalEpoch = 0, .msSinceMidnight = 0}}, .zOrder = 6, .displayInTwm = true}, image.size() = 84
11-03 10:25:49.732111   416   416 D SKGHAL  : saveResource: resId = 100000
11-03 10:25:49.732408  1686  5241 D SidekickService: sendBitmapsLocked(): status = 0, bytesUsed = 18
11-03 10:25:49.733398  1686  5241 D SidekickService: sendNumbersLocked(): drawableInfo = {.id = 5, .width = 100, .height = 50, .display = true, .offsetX = 162.0, .offsetY = 30.0, .rotationInfo = {.hasRotation = false, .pivotX = 0.0, .pivotY = 0.0, .degreesPerDay = 0.0, .degreesPerStep = 0.0, .zeroDegreesTime = {.daysSinceLocalEpoch = 0, .msSinceMidnight = 0}}, .transformInfo = {.transformed = false, .flipX = false, .flipY = false, .flip45 = false, .scaleX = 0.0, .scaleY = 0.0}, .type = NUMBER, .blink = {.blinking = false, .periodOnMs = 0.0, .periodOffMs = 0.0, .startTime = {.daysSinceLocalEpoch = 0, .msSinceMidnight = 0}}, .zOrder = 5, .displayInTwm = true}, numberInfo = {.startTime = {.daysSinceLocalEpoch = 0, .msSinceMidnight = 0}, .startNumber = 0, .minNumber = 0, .maxNumber = 23, .increment = 1, .msPerIncrement = 3600000.0, .fontId = 4, .digits = 2, .leadingZeroes = 1, .digit = -1, .transitionMs = 0.0}
11-03 10:25:49.733922   416   416 D SKGHAL  : saveResource: resId = 5
11-03 10:25:49.734141  1686  5241 D SidekickService: sendNumbersLocked(): status = 0, bytesUsed = 0
11-03 10:25:49.735015  1686  5241 D SidekickService: sendNumbersLocked(): drawableInfo = {.id = 6, .width = 100, .height = 50, .display = true, .offsetX = 214.0, .offsetY = 30.0, .rotationInfo = {.hasRotation = false, .pivotX = 0.0, .pivotY = 0.0, .degreesPerDay = 0.0, .degreesPerStep = 0.0, .zeroDegreesTime = {.daysSinceLocalEpoch = 0, .msSinceMidnight = 0}}, .transformInfo = {.transformed = false, .flipX = false, .flipY = false, .flip45 = false, .scaleX = 0.0, .scaleY = 0.0}, .type = NUMBER, .blink = {.blinking = false, .periodOnMs = 0.0, .periodOffMs = 0.0, .startTime = {.daysSinceLocalEpoch = 0, .msSinceMidnight = 0}}, .zOrder = 5, .displayInTwm = true}, numberInfo = {.startTime = {.daysSinceLocalEpoch = 0, .msSinceMidnight = 0}, .startNumber = 0, .minNumber = 0, .maxNumber = 59, .increment = 1, .msPerIncrement = 60000.0, .fontId = 4, .digits = 2, .leadingZeroes = 1, .digit = -1, .transitionMs = 0.0}
11-03 10:25:49.735599   416   416 D SKGHAL  : saveResource: resId = 6
11-03 10:25:49.735962  1686  5241 D SidekickService: sendNumbersLocked(): status = 0, bytesUsed = 0
11-03 10:25:49.736241  1686  5241 D SidekickService: ISidekickGraphics#endResources()...
11-03 10:25:49.891261   416   416 D SKGHAL  : sendResources: metadata size = 2400, font size = 72
--------- switch to kernel
11-03 10:25:49.781653     0     0 I [touch]x: 271,y:290
--------- switch to main
11-03 10:25:49.901981  2520  2520 D HOME    : [GestureController]Ignoring duplicate ACTION_DOWN event.
11-03 10:25:49.922260   416   416 D SKGHAL  : endResources: rc = 0
11-03 10:25:49.922361   416   416 D SKGHAL  : Changing to ACTIVE state
11-03 10:25:49.923950  2520  2520 D HOME    : [SidekickManagerAsync]sendWatchFace(): Callback#onResult(): 0
11-03 10:25:49.924040  2520 12459 I SidekickManager: sendWatchFaceImpl(): watchFace = com.google.android.clockwork.decomposablewatchface.WatchFaceDecomposition@582967d forTWM = false
11-03 10:25:49.930475  1686  5241 D SidekickService: sendWatchFaceComponents called: watchFace = com.google.android.clockwork.decomposablewatchface.WatchFaceDecomposition@4c0e3dfshouldReplace = true
11-03 10:25:49.930783  1686  5241 D SidekickService: Check decomposition for calling app com.google.android.wearable.app with uid 10049
11-03 10:25:49.931821  1686  5241 D SidekickService: sendWatchFaceLocked(): shouldReplace = true, mSidekickIsControlling = false, 2 images, 1 fonts, 2 numbers, 0 proportionalFonts, 0 strings
11-03 10:25:49.931970  1686  5241 D SidekickService: resetLocked()
11-03 10:25:49.941373   416   416 D SKGHAL  : Changing to  RESET state
11-03 10:25:49.942299  1686  5241 D SidekickService: ISidekickGraphics#beginResources()...
11-03 10:25:49.943016   416   416 D SKGHAL  : Changing to DOWNLOAD State
11-03 10:25:49.944249  1686  5241 D SidekickServiceUtils: bitmapFromDrawable: Returning bitmap directly
11-03 10:25:49.954022  1686  5241 W SidekickService: null digitDimensions in font, setting to PointF(20.0, 27.0)
11-03 10:25:49.954324  1686  5241 D SidekickService: sendFontsLocked(): fontInfo = {.width = 20, .height = 27, .nGlyphs = 10, .id = 4}, image.size() = 919
11-03 10:25:49.956422   416   416 D SKGHAL  : saveResource: resId = 4
11-03 10:25:49.963831  1686  5241 D SidekickService: sendFontsLocked(): status = 0, bytesUsed = 1374
11-03 10:25:49.964798  1686  5241 D SidekickServiceUtils: bitmapFromDrawable: Returning bitmap directly
11-03 10:25:49.990769  2520  2520 D HOME    : [HotwordController]updateClient MODE_STREAM false false false true
11-03 10:25:49.995820  2520  2520 D HOME    : [StreamModule]Updating gaze alerter state: inWetMode=false focused=true uiMode=MODE_STREAM
11-03 10:25:50.096693  1686  5241 D SidekickService: sendBitmapsLocked(): bounds = RectF(0.0, 0.0, 1.0, 1.0), drawableInfo = {.id = 0, .width = 416, .height = 416, .display = true, .offsetX = 0.0, .offsetY = 0.0, .rotationInfo = {.hasRotation = false, .pivotX = 0.0, .pivotY = 0.0, .degreesPerDay = 0.0, .degreesPerStep = 0.0, .zeroDegreesTime = {.daysSinceLocalEpoch = 0, .msSinceMidnight = 0}}, .transformInfo = {.transformed = false, .flipX = false, .flipY = false, .flip45 = false, .scaleX = 0.0, .scaleY = 0.0}, .type = GENERIC, .blink = {.blinking = false, .periodOnMs = 0.0, .periodOffMs = 0.0, .startTime = {.daysSinceLocalEpoch = 0, .msSinceMidnight = 0}}, .zOrder = 1, .displayInTwm = true}, image.size() = 6063
11-03 10:25:50.111441   416   416 D SKGHAL  : saveResource: resId = 0
11-03 10:25:50.131436  1686  5241 D SidekickService: sendBitmapsLocked(): status = 0, bytesUsed = 9429
11-03 10:25:50.132025  1686  5241 D SidekickServiceUtils: bitmapFromDrawable: Returning bitmap directly
11-03 10:25:50.133360  1686  5241 D SidekickService: sendBitmapsLocked(): bounds = RectF(0.0, 0.0, 0.0024038462, 0.0024038462), drawableInfo = {.id = 100000, .width = 1, .height = 1, .display = true, .offsetX = 0.0, .offsetY = 0.0, .rotationInfo = {.hasRotation = false, .pivotX = 0.0, .pivotY = 0.0, .degreesPerDay = 0.0, .degreesPerStep = 0.0, .zeroDegreesTime = {.daysSinceLocalEpoch = 0, .msSinceMidnight = 0}}, .transformInfo = {.transformed = false, .flipX = false, .flipY = false, .flip45 = false, .scaleX = 0.0, .scaleY = 0.0}, .type = GENERIC, .blink = {.blinking = false, .periodOnMs = 0.0, .periodOffMs = 0.0, .startTime = {.daysSinceLocalEpoch = 0, .msSinceMidnight = 0}}, .zOrder = 6, .displayInTwm = true}, image.size() = 84
11-03 10:25:50.134222   416   416 D SKGHAL  : saveResource: resId = 100000
11-03 10:25:50.134656  1686  5241 D SidekickService: sendBitmapsLocked(): status = 0, bytesUsed = 18
11-03 10:25:50.135871  1686  5241 D SidekickService: sendNumbersLocked(): drawableInfo = {.id = 5, .width = 100, .height = 50, .display = true, .offsetX = 162.0, .offsetY = 30.0, .rotationInfo = {.hasRotation = false, .pivotX = 0.0, .pivotY = 0.0, .degreesPerDay = 0.0, .degreesPerStep = 0.0, .zeroDegreesTime = {.daysSinceLocalEpoch = 0, .msSinceMidnight = 0}}, .transformInfo = {.transformed = false, .flipX = false, .flipY = false, .flip45 = false, .scaleX = 0.0, .scaleY = 0.0}, .type = NUMBER, .blink = {.blinking = false, .periodOnMs = 0.0, .periodOffMs = 0.0, .startTime = {.daysSinceLocalEpoch = 0, .msSinceMidnight = 0}}, .zOrder = 5, .displayInTwm = true}, numberInfo = {.startTime = {.daysSinceLocalEpoch = 0, .msSinceMidnight = 0}, .startNumber = 0, .minNumber = 0, .maxNumber = 23, .increment = 1, .msPerIncrement = 3600000.0, .fontId = 4, .digits = 2, .leadingZeroes = 1, .digit = -1, .transitionMs = 0.0}
11-03 10:25:50.139160   416   416 D SKGHAL  : saveResource: resId = 5
11-03 10:25:50.140417  1686  5241 D SidekickService: sendNumbersLocked(): status = 0, bytesUsed = 0
11-03 10:25:50.142656  1686  5241 D SidekickService: sendNumbersLocked(): drawableInfo = {.id = 6, .width = 100, .height = 50, .display = true, .offsetX = 214.0, .offsetY = 30.0, .rotationInfo = {.hasRotation = false, .pivotX = 0.0, .pivotY = 0.0, .degreesPerDay = 0.0, .degreesPerStep = 0.0, .zeroDegreesTime = {.daysSinceLocalEpoch = 0, .msSinceMidnight = 0}}, .transformInfo = {.transformed = false, .flipX = false, .flipY = false, .flip45 = false, .scaleX = 0.0, .scaleY = 0.0}, .type = NUMBER, .blink = {.blinking = false, .periodOnMs = 0.0, .periodOffMs = 0.0, .startTime = {.daysSinceLocalEpoch = 0, .msSinceMidnight = 0}}, .zOrder = 5, .displayInTwm = true}, numberInfo = {.startTime = {.daysSinceLocalEpoch = 0, .msSinceMidnight = 0}, .startNumber = 0, .minNumber = 0, .maxNumber = 59, .increment = 1, .msPerIncrement = 60000.0, .fontId = 4, .digits = 2, .leadingZeroes = 1, .digit = -1, .transitionMs = 0.0}
11-03 10:25:50.143401   416   416 D SKGHAL  : saveResource: resId = 6
11-03 10:25:50.144147  1686  5241 D SidekickService: sendNumbersLocked(): status = 0, bytesUsed = 0
11-03 10:25:50.144375  1686  5241 D SidekickService: ISidekickGraphics#endResources()...
11-03 10:25:50.193474  1686  1696 I system_server: NativeAlloc concurrent copying GC freed 16225(2MB) AllocSpace objects, 6(200KB) LOS objects, 19% free, 10MB/12MB, paused 372us total 261.465ms
11-03 10:25:50.203935  2520  2520 D HOME    : [HomeVisitsLogger]Logging streamlet event: scroll_into_stream
11-03 10:25:50.301192   416   416 D SKGHAL  : sendResources: metadata size = 2400, font size = 72
11-03 10:25:50.334087   416   416 D SKGHAL  : endResources: rc = 0
11-03 10:25:50.334180   416   416 D SKGHAL  : Changing to ACTIVE state
11-03 10:25:50.335882  2520 12459 I SidekickManager: sendWatchFaceImpl(): watchFace = com.google.android.clockwork.decomposablewatchface.WatchFaceDecomposition@9a71d79 forTWM = false
11-03 10:25:50.335985  2520  2520 D HOME    : [SidekickManagerAsync]sendWatchFace(): Callback#onResult(): 0
11-03 10:25:50.343847  1686  5241 D SidekickService: sendWatchFaceComponents called: watchFace = com.google.android.clockwork.decomposablewatchface.WatchFaceDecomposition@909282cshouldReplace = true
11-03 10:25:50.344164  1686  5241 D SidekickService: Check decomposition for calling app com.google.android.wearable.app with uid 10049
11-03 10:25:50.345078  1686  5241 D SidekickService: sendWatchFaceLocked(): shouldReplace = true, mSidekickIsControlling = false, 2 images, 1 fonts, 2 numbers, 0 proportionalFonts, 0 strings
11-03 10:25:50.345167  1686  5241 D SidekickService: resetLocked()
11-03 10:25:50.357059   416   416 D SKGHAL  : Changing to  RESET state
11-03 10:25:50.357493  1686  5241 D SidekickService: ISidekickGraphics#beginResources()...
11-03 10:25:50.357915   416   416 D SKGHAL  : Changing to DOWNLOAD State
11-03 10:25:50.358886  1686  5241 D SidekickServiceUtils: bitmapFromDrawable: Returning bitmap directly
11-03 10:25:50.369518  1686  5241 W SidekickService: null digitDimensions in font, setting to PointF(20.0, 27.0)
11-03 10:25:50.369802  1686  5241 D SidekickService: sendFontsLocked(): fontInfo = {.width = 20, .height = 27, .nGlyphs = 10, .id = 4}, image.size() = 919
11-03 10:25:50.372038   416   416 D SKGHAL  : saveResource: resId = 4
11-03 10:25:50.377169  1686  5241 D SidekickService: sendFontsLocked(): status = 0, bytesUsed = 1374
11-03 10:25:50.377920  1686  5241 D SidekickServiceUtils: bitmapFromDrawable: Returning bitmap directly
11-03 10:25:50.487833  1686  5241 D SidekickService: sendBitmapsLocked(): bounds = RectF(0.0, 0.0, 1.0, 1.0), drawableInfo = {.id = 0, .width = 416, .height = 416, .display = true, .offsetX = 0.0, .offsetY = 0.0, .rotationInfo = {.hasRotation = false, .pivotX = 0.0, .pivotY = 0.0, .degreesPerDay = 0.0, .degreesPerStep = 0.0, .zeroDegreesTime = {.daysSinceLocalEpoch = 0, .msSinceMidnight = 0}}, .transformInfo = {.transformed = false, .flipX = false, .flipY = false, .flip45 = false, .scaleX = 0.0, .scaleY = 0.0}, .type = GENERIC, .blink = {.blinking = false, .periodOnMs = 0.0, .periodOffMs = 0.0, .startTime = {.daysSinceLocalEpoch = 0, .msSinceMidnight = 0}}, .zOrder = 1, .displayInTwm = true}, image.size() = 6063
11-03 10:25:50.502623   416   416 D SKGHAL  : saveResource: resId = 0
11-03 10:25:50.521209  1686  5241 D SidekickService: sendBitmapsLocked(): status = 0, bytesUsed = 9429
11-03 10:25:50.521805  1686  5241 D SidekickServiceUtils: bitmapFromDrawable: Returning bitmap directly
11-03 10:25:50.522936  1686  5241 D SidekickService: sendBitmapsLocked(): bounds = RectF(0.0, 0.0, 0.0024038462, 0.0024038462), drawableInfo = {.id = 100000, .width = 1, .height = 1, .display = true, .offsetX = 0.0, .offsetY = 0.0, .rotationInfo = {.hasRotation = false, .pivotX = 0.0, .pivotY = 0.0, .degreesPerDay = 0.0, .degreesPerStep = 0.0, .zeroDegreesTime = {.daysSinceLocalEpoch = 0, .msSinceMidnight = 0}}, .transformInfo = {.transformed = false, .flipX = false, .flipY = false, .flip45 = false, .scaleX = 0.0, .scaleY = 0.0}, .type = GENERIC, .blink = {.blinking = false, .periodOnMs = 0.0, .periodOffMs = 0.0, .startTime = {.daysSinceLocalEpoch = 0, .msSinceMidnight = 0}}, .zOrder = 6, .displayInTwm = true}, image.size() = 84
11-03 10:25:50.523757   416   416 D SKGHAL  : saveResource: resId = 100000
11-03 10:25:50.524211  1686  5241 D SidekickService: sendBitmapsLocked(): status = 0, bytesUsed = 18
11-03 10:25:50.525233  1686  5241 D SidekickService: sendNumbersLocked(): drawableInfo = {.id = 5, .width = 100, .height = 50, .display = true, .offsetX = 162.0, .offsetY = 30.0, .rotationInfo = {.hasRotation = false, .pivotX = 0.0, .pivotY = 0.0, .degreesPerDay = 0.0, .degreesPerStep = 0.0, .zeroDegreesTime = {.daysSinceLocalEpoch = 0, .msSinceMidnight = 0}}, .transformInfo = {.transformed = false, .flipX = false, .flipY = false, .flip45 = false, .scaleX = 0.0, .scaleY = 0.0}, .type = NUMBER, .blink = {.blinking = false, .periodOnMs = 0.0, .periodOffMs = 0.0, .startTime = {.daysSinceLocalEpoch = 0, .msSinceMidnight = 0}}, .zOrder = 5, .displayInTwm = true}, numberInfo = {.startTime = {.daysSinceLocalEpoch = 0, .msSinceMidnight = 0}, .startNumber = 0, .minNumber = 0, .maxNumber = 23, .increment = 1, .msPerIncrement = 3600000.0, .fontId = 4, .digits = 2, .leadingZeroes = 1, .digit = -1, .transitionMs = 0.0}
11-03 10:25:50.525918   416   416 D SKGHAL  : saveResource: resId = 5
11-03 10:25:50.526425  1686  5241 D SidekickService: sendNumbersLocked(): status = 0, bytesUsed = 0
11-03 10:25:50.527340  1686  5241 D SidekickService: sendNumbersLocked(): drawableInfo = {.id = 6, .width = 100, .height = 50, .display = true, .offsetX = 214.0, .offsetY = 30.0, .rotationInfo = {.hasRotation = false, .pivotX = 0.0, .pivotY = 0.0, .degreesPerDay = 0.0, .degreesPerStep = 0.0, .zeroDegreesTime = {.daysSinceLocalEpoch = 0, .msSinceMidnight = 0}}, .transformInfo = {.transformed = false, .flipX = false, .flipY = false, .flip45 = false, .scaleX = 0.0, .scaleY = 0.0}, .type = NUMBER, .blink = {.blinking = false, .periodOnMs = 0.0, .periodOffMs = 0.0, .startTime = {.daysSinceLocalEpoch = 0, .msSinceMidnight = 0}}, .zOrder = 5, .displayInTwm = true}, numberInfo = {.startTime = {.daysSinceLocalEpoch = 0, .msSinceMidnight = 0}, .startNumber = 0, .minNumber = 0, .maxNumber = 59, .increment = 1, .msPerIncrement = 60000.0, .fontId = 4, .digits = 2, .leadingZeroes = 1, .digit = -1, .transitionMs = 0.0}
11-03 10:25:50.527878   416   416 D SKGHAL  : saveResource: resId = 6
11-03 10:25:50.528110  1686  5241 D SidekickService: sendNumbersLocked(): status = 0, bytesUsed = 0
11-03 10:25:50.528234  1686  5241 D SidekickService: ISidekickGraphics#endResources()...
11-03 10:25:50.692650   416   416 D SKGHAL  : sendResources: metadata size = 2400, font size = 72
11-03 10:25:50.724321   416   416 D SKGHAL  : endResources: rc = 0
11-03 10:25:50.724423   416   416 D SKGHAL  : Changing to ACTIVE state
11-03 10:25:50.725774  2520 12459 I SidekickManager: sendWatchFaceImpl(): watchFace = com.google.android.clockwork.decomposablewatchface.WatchFaceDecomposition@9b3f71f forTWM = false
11-03 10:25:50.726198  2520  2520 D HOME    : [SidekickManagerAsync]sendWatchFace(): Callback#onResult(): 0
11-03 10:25:50.732479  1686  5241 D SidekickService: sendWatchFaceComponents called: watchFace = com.google.android.clockwork.decomposablewatchface.WatchFaceDecomposition@12bb2f5shouldReplace = true
11-03 10:25:50.732753  1686  5241 D SidekickService: Check decomposition for calling app com.google.android.wearable.app with uid 10049
11-03 10:25:50.733531  1686  5241 D SidekickService: sendWatchFaceLocked(): shouldReplace = true, mSidekickIsControlling = false, 2 images, 1 fonts, 2 numbers, 0 proportionalFonts, 0 strings
11-03 10:25:50.733599  1686  5241 D SidekickService: resetLocked()
11-03 10:25:50.752721   416   416 D SKGHAL  : Changing to  RESET state
11-03 10:25:50.753282  1686  5241 D SidekickService: ISidekickGraphics#beginResources()...
11-03 10:25:50.753679   416   416 D SKGHAL  : Changing to DOWNLOAD State
11-03 10:25:50.754524  1686  5241 D SidekickServiceUtils: bitmapFromDrawable: Returning bitmap directly
11-03 10:25:50.764423  1686  5241 W SidekickService: null digitDimensions in font, setting to PointF(20.0, 27.0)
11-03 10:25:50.764762  1686  5241 D SidekickService: sendFontsLocked(): fontInfo = {.width = 20, .height = 27, .nGlyphs = 10, .id = 4}, image.size() = 919
11-03 10:25:50.766878   416   416 D SKGHAL  : saveResource: resId = 4
11-03 10:25:50.772221  1686  5241 D SidekickService: sendFontsLocked(): status = 0, bytesUsed = 1374
11-03 10:25:50.772985  1686  5241 D SidekickServiceUtils: bitmapFromDrawable: Returning bitmap directly
11-03 10:25:50.858674  1686  1686 D HandsFreeClientShard: Connecting HandsFree client profile (retry).
11-03 10:25:50.861678  1686  1686 D BluetoothHeadsetClient: disconnect(14:3C:C3:AD:3D:53)
11-03 10:25:50.863211  1686  1686 D BluetoothHeadsetClient: connect(14:3C:C3:AD:3D:53)
11-03 10:25:50.865658 10095 10167 D HeadsetClientStateMachine: Disconnected process message: 1
11-03 10:25:50.866290 10095 10133 I bt_btif_queue: queue_int_add: adding connection request: address=14:3c:c3:ad:3d:53 UUID=111E busy=false
11-03 10:25:50.866364 10095 10133 I bt_btif_queue: btif_queue_connect_next: executing connection request: address=14:3c:c3:ad:3d:53 UUID=111E busy=false
11-03 10:25:50.866394 10095 10133 E bt_btif : is_connected: not connected!
11-03 10:25:50.866436 10095 10133 W bt_btif : bta_hf_client_find_cb_by_bda: bdaddr mismatch for handle 0 alloc 0
11-03 10:25:50.866459 10095 10133 W bt_btif : bta_hf_client_find_cb_by_bda: bdaddr mismatch for handle 1 alloc 0
11-03 10:25:50.866480 10095 10133 W bt_btif : bta_hf_client_find_cb_by_bda: bdaddr mismatch for handle 2 alloc 0
11-03 10:25:50.866500 10095 10133 W bt_btif : bta_hf_client_find_cb_by_bda: bdaddr mismatch for handle 3 alloc 0
11-03 10:25:50.866519 10095 10133 W bt_btif : bta_hf_client_find_cb_by_bda: bdaddr mismatch for handle 4 alloc 0
11-03 10:25:50.866540 10095 10133 W bt_btif : bta_hf_client_find_cb_by_bda: bdaddr mismatch for handle 5 alloc 0
11-03 10:25:50.866560 10095 10133 W bt_btif : bta_hf_client_find_cb_by_bda: bdaddr mismatch for handle 6 alloc 0
11-03 10:25:50.866580 10095 10133 W bt_btif : bta_hf_client_find_cb_by_bda: bdaddr mismatch for handle 7 alloc 0
11-03 10:25:50.866601 10095 10133 W bt_btif : bta_hf_client_find_cb_by_bda: bdaddr mismatch for handle 8 alloc 0
11-03 10:25:50.866622 10095 10133 W bt_btif : bta_hf_client_find_cb_by_bda: bdaddr mismatch for handle 9 alloc 0
11-03 10:25:50.866641 10095 10133 E bt_btif : bta_hf_client_find_cb_by_bda: block not found
11-03 10:25:50.876817  5603  5603 D BtTelecomReceiver: onReceive: Intent { act=android.bluetooth.headsetclient.profile.action.CONNECTION_STATE_CHANGED flg=0x10 cmp=com.google.android.apps.wearable.bluetooth/com.google.android.clockwork.hfp.BtTelecomBroadcastReceiver (has extras) }
11-03 10:25:50.877107  5603  5603 D BtTelecomReceiver: Hfp connection changed: -724754873 0 -> 1
11-03 10:25:50.880712 10095 10095 D AdapterProperties: PROFILE_CONNECTION_STATE_CHANGE: profile=16, device=14:3C:C3:AD:3D:53, 0 -> 1
11-03 10:25:50.881466 10095 10095 D AdapterProperties: ADAPTER_CONNECTION_STATE_CHANGE: 14:3C:C3:AD:3D:53: 0 -> 1
--------- switch to system
11-03 10:25:50.883607  1686  1702 W BroadcastQueue: Background execution not allowed: receiving Intent { act=android.bluetooth.adapter.action.CONNECTION_STATE_CHANGED flg=0x4000010 (has extras) } to com.google.android.gms/.chimera.GmsIntentOperationService$PersistentTrustedReceiver
--------- switch to main
11-03 10:25:50.887467  1686  5241 D SidekickService: sendBitmapsLocked(): bounds = RectF(0.0, 0.0, 1.0, 1.0), drawableInfo = {.id = 0, .width = 416, .height = 416, .display = true, .offsetX = 0.0, .offsetY = 0.0, .rotationInfo = {.hasRotation = false, .pivotX = 0.0, .pivotY = 0.0, .degreesPerDay = 0.0, .degreesPerStep = 0.0, .zeroDegreesTime = {.daysSinceLocalEpoch = 0, .msSinceMidnight = 0}}, .transformInfo = {.transformed = false, .flipX = false, .flipY = false, .flip45 = false, .scaleX = 0.0, .scaleY = 0.0}, .type = GENERIC, .blink = {.blinking = false, .periodOnMs = 0.0, .periodOffMs = 0.0, .startTime = {.daysSinceLocalEpoch = 0, .msSinceMidnight = 0}}, .zOrder = 1, .displayInTwm = true}, image.size() = 6063
11-03 10:25:50.902580   416   416 D SKGHAL  : saveResource: resId = 0
11-03 10:25:50.921207  1686  5241 D SidekickService: sendBitmapsLocked(): status = 0, bytesUsed = 9429
11-03 10:25:50.921767  1686  5241 D SidekickServiceUtils: bitmapFromDrawable: Returning bitmap directly
11-03 10:25:50.923282  1686  5241 D SidekickService: sendBitmapsLocked(): bounds = RectF(0.0, 0.0, 0.0024038462, 0.0024038462), drawableInfo = {.id = 100000, .width = 1, .height = 1, .display = true, .offsetX = 0.0, .offsetY = 0.0, .rotationInfo = {.hasRotation = false, .pivotX = 0.0, .pivotY = 0.0, .degreesPerDay = 0.0, .degreesPerStep = 0.0, .zeroDegreesTime = {.daysSinceLocalEpoch = 0, .msSinceMidnight = 0}}, .transformInfo = {.transformed = false, .flipX = false, .flipY = false, .flip45 = false, .scaleX = 0.0, .scaleY = 0.0}, .type = GENERIC, .blink = {.blinking = false, .periodOnMs = 0.0, .periodOffMs = 0.0, .startTime = {.daysSinceLocalEpoch = 0, .msSinceMidnight = 0}}, .zOrder = 6, .displayInTwm = true}, image.size() = 84
11-03 10:25:50.924247   416   416 D SKGHAL  : saveResource: resId = 100000
11-03 10:25:50.924932  1686  5241 D SidekickService: sendBitmapsLocked(): status = 0, bytesUsed = 18
11-03 10:25:50.926082  1686  5241 D SidekickService: sendNumbersLocked(): drawableInfo = {.id = 5, .width = 100, .height = 50, .display = true, .offsetX = 162.0, .offsetY = 30.0, .rotationInfo = {.hasRotation = false, .pivotX = 0.0, .pivotY = 0.0, .degreesPerDay = 0.0, .degreesPerStep = 0.0, .zeroDegreesTime = {.daysSinceLocalEpoch = 0, .msSinceMidnight = 0}}, .transformInfo = {.transformed = false, .flipX = false, .flipY = false, .flip45 = false, .scaleX = 0.0, .scaleY = 0.0}, .type = NUMBER, .blink = {.blinking = false, .periodOnMs = 0.0, .periodOffMs = 0.0, .startTime = {.daysSinceLocalEpoch = 0, .msSinceMidnight = 0}}, .zOrder = 5, .displayInTwm = true}, numberInfo = {.startTime = {.daysSinceLocalEpoch = 0, .msSinceMidnight = 0}, .startNumber = 0, .minNumber = 0, .maxNumber = 23, .increment = 1, .msPerIncrement = 3600000.0, .fontId = 4, .digits = 2, .leadingZeroes = 1, .digit = -1, .transitionMs = 0.0}
11-03 10:25:50.926648   416   416 D SKGHAL  : saveResource: resId = 5
11-03 10:25:50.927130  1686  5241 D SidekickService: sendNumbersLocked(): status = 0, bytesUsed = 0
11-03 10:25:50.928032  1686  5241 D SidekickService: sendNumbersLocked(): drawableInfo = {.id = 6, .width = 100, .height = 50, .display = true, .offsetX = 214.0, .offsetY = 30.0, .rotationInfo = {.hasRotation = false, .pivotX = 0.0, .pivotY = 0.0, .degreesPerDay = 0.0, .degreesPerStep = 0.0, .zeroDegreesTime = {.daysSinceLocalEpoch = 0, .msSinceMidnight = 0}}, .transformInfo = {.transformed = false, .flipX = false, .flipY = false, .flip45 = false, .scaleX = 0.0, .scaleY = 0.0}, .type = NUMBER, .blink = {.blinking = false, .periodOnMs = 0.0, .periodOffMs = 0.0, .startTime = {.daysSinceLocalEpoch = 0, .msSinceMidnight = 0}}, .zOrder = 5, .displayInTwm = true}, numberInfo = {.startTime = {.daysSinceLocalEpoch = 0, .msSinceMidnight = 0}, .startNumber = 0, .minNumber = 0, .maxNumber = 59, .increment = 1, .msPerIncrement = 60000.0, .fontId = 4, .digits = 2, .leadingZeroes = 1, .digit = -1, .transitionMs = 0.0}
11-03 10:25:50.928549   416   416 D SKGHAL  : saveResource: resId = 6
11-03 10:25:50.928786  1686  5241 D SidekickService: sendNumbersLocked(): status = 0, bytesUsed = 0
11-03 10:25:50.928902  1686  5241 D SidekickService: ISidekickGraphics#endResources()...
11-03 10:25:51.093070   416   416 D SKGHAL  : sendResources: metadata size = 2400, font size = 72
11-03 10:25:51.125129   416   416 D SKGHAL  : endResources: rc = 0
11-03 10:25:51.125221   416   416 D SKGHAL  : Changing to ACTIVE state
11-03 10:25:51.126696  2520 12459 I SidekickManager: sendWatchFaceImpl(): watchFace = com.google.android.clockwork.decomposablewatchface.WatchFaceDecomposition@f31835 forTWM = false
11-03 10:25:51.126956  2520  2520 D HOME    : [SidekickManagerAsync]sendWatchFace(): Callback#onResult(): 0
11-03 10:25:51.132951  1686  5241 D SidekickService: sendWatchFaceComponents called: watchFace = com.google.android.clockwork.decomposablewatchface.WatchFaceDecomposition@179defbshouldReplace = true
11-03 10:25:51.133239  1686  5241 D SidekickService: Check decomposition for calling app com.google.android.wearable.app with uid 10049
11-03 10:25:51.134039  1686  5241 D SidekickService: sendWatchFaceLocked(): shouldReplace = true, mSidekickIsControlling = false, 2 images, 1 fonts, 2 numbers, 0 proportionalFonts, 0 strings
11-03 10:25:51.134113  1686  5241 D SidekickService: resetLocked()
11-03 10:25:51.149648   416   416 D SKGHAL  : Changing to  RESET state
11-03 10:25:51.150178  1686  5241 D SidekickService: ISidekickGraphics#beginResources()...
11-03 10:25:51.150499   416   416 D SKGHAL  : Changing to DOWNLOAD State
11-03 10:25:51.151335  1686  5241 D SidekickServiceUtils: bitmapFromDrawable: Returning bitmap directly
11-03 10:25:51.160452  1686  5241 W SidekickService: null digitDimensions in font, setting to PointF(20.0, 27.0)
11-03 10:25:51.160748  1686  5241 D SidekickService: sendFontsLocked(): fontInfo = {.width = 20, .height = 27, .nGlyphs = 10, .id = 4}, image.size() = 919
11-03 10:25:51.163760   416   416 D SKGHAL  : saveResource: resId = 4
11-03 10:25:51.169563  1686  5241 D SidekickService: sendFontsLocked(): status = 0, bytesUsed = 1374
11-03 10:25:51.170552  1686  5241 D SidekickServiceUtils: bitmapFromDrawable: Returning bitmap directly
