11-02 20:20:50.574654  2520  7213 D HOME    : [WatchStreamDB]updateRanking()
11-02 20:20:50.575441  2520  2520 W StaticLayout: maxLineHeight should not be -1.  maxLines:1 lineCount:1
11-02 20:20:50.575670  2520  7213 D HOME    : [WatchStreamDB]Item alerting conditions - isInterruptive: true, recentlyInterrupted: false, isItemPinned: true, isUnread: false
11-02 20:20:50.576115  2520  7213 D HOME    : [StreamAlertingRegulator]isTheaterModeEnabled: false, isAlertingAllowedByOffBody: true, matchesLocalInterruptionFilter: true
11-02 20:20:50.576400  2520  7213 D HOME    : [WatchStreamDB]couldItemAlert: false, isTopItemChanged: false, isDeferralForTopItem: false
11-02 20:20:50.577876  2520  7213 D HOME    : [NewStreamAdapter]Publishing revision #1443 to adapter clients
11-02 20:20:50.578869  2520  7212 D HOME    : [StreamDBQueue]Promised revision #1444 to queue a new op
11-02 20:20:50.579151  2520  7212 D WatchStreamManager: Promised rerank @ r#1444
11-02 20:20:50.579579  2520  7213 D HOME    : [WatchStreamDB]updateRanking()
11-02 20:20:50.580368  2520  7213 D HOME    : [WatchStreamDB]Item alerting conditions - isInterruptive: true, recentlyInterrupted: false, isItemPinned: true, isUnread: false
11-02 20:20:50.580855  2520  7213 D HOME    : [StreamAlertingRegulator]isTheaterModeEnabled: false, isAlertingAllowedByOffBody: true, matchesLocalInterruptionFilter: true
11-02 20:20:50.581892  2520  7213 D HOME    : [WatchStreamDB]couldItemAlert: false, isTopItemChanged: false, isDeferralForTopItem: false
11-02 20:20:50.582685  2520  7213 D HOME    : [NewStreamAdapter]Publishing revision #1444 to adapter clients
11-02 20:20:50.594584   545  1334 W SurfaceFlinger: Attempting to destroy on removed layer: 7e954c1 OobeOverlayHint#0
--------- switch to system
11-02 20:20:50.877744   516   516 I android.hardware.wifi@1.0-service: Wifi HAL stopped
--------- switch to main
11-02 20:20:50.879181  1686  1799 I WifiVendorHal: Vendor Hal stopped
11-02 20:20:50.879406  1686  1799 D WifiClientModeManager: STA iface wlan0 was destroyed, stopping client mode
11-02 20:20:50.879654  1686  1799 E SupplicantStaIfaceHal: Can't call setPowerSave, ISupplicantStaIface is null
11-02 20:20:50.879761  1686  1799 E SupplicantStaIfaceHal: Can't call setBtCoexistenceMode, ISupplicantStaIface is null
11-02 20:20:50.881709  1686  1799 I WifiNative: Successfully torn down Iface:{Name=wlan0,Id=2,Type=STA}
11-02 20:20:50.882906  1686  1799 E HalDevMgr: Should have at least 1 chip!
11-02 20:20:50.884122  1686  1799 E HalDevMgr: dispatchAvailableForRequestListeners: no chip info found
11-02 20:20:50.886904  1686  1799 I WifiNative: Successfully initiated teardown for iface=wlan0
11-02 20:20:50.887446  1686  1799 D WifiClientModeManager: expected stop, not triggering callbacks: newState = 1
11-02 20:20:50.897203  4243  4243 I OMService: mReceiver action: android.net.wifi.WIFI_STATE_CHANGED
11-02 20:20:50.898371  1686  1799 E SupplicantStaIfaceHal: Can't call listNetworks, ISupplicantStaIface is null
11-02 20:20:50.898593  1686  1799 E SupplicantStaIfaceHal: removeAllNetworks failed, got null networks
11-02 20:20:50.898774  1686  1799 E WifiStateMachine: Failed to remove networks on exiting connect mode
11-02 20:20:50.901319   416  2389 D SKGHAL  : sendResources: metadata size = 2400, font size = 72
11-02 20:20:50.908675  3316  3374 W Settings: Setting airplane_mode_on has moved from android.provider.Settings.System to android.provider.Settings.Global, returning read-only value.
--------- switch to system
11-02 20:20:50.914687  1686  1706 E BatteryExternalStatsWorker: no controller energy info supplied for wifi
--------- switch to main
11-02 20:20:50.976358   416  2389 D SKGHAL  : endResources: rc = 0
11-02 20:20:50.977017  1686  1686 W system_server: Long monitor contention with owner Binder:1686_6 (2015) at int com.google.android.clockwork.sidekick.SidekickService$BinderService.sendWatchFace(com.google.android.clockwork.decomposablewatchface.WatchFaceDecomposition, boolean)(SidekickService.java:1021) waiters=0 in boolean com.google.android.clockwork.sidekick.SidekickService$BinderService.readyToDisplay() for 406ms
11-02 20:20:50.977564  2520  2520 D HOME    : [SidekickManagerAsync]replaceWatchFaceComponents(): Callback#onResult(): 0
11-02 20:20:50.977825  2520  2520 D HOME    : [WatchFaceUiController]Complication updates sent, posting watch face hiding
--------- switch to system
11-02 20:20:50.930431  1686  1706 E BatteryExternalStatsWorker: no controller energy info supplied for wifi
11-02 20:20:50.977853  1686  1686 W Looper  : Slow dispatch took 407ms main h=android.os.Handler c=com.google.android.wearable.ambient.AmbientDream$Callbacks$1@2ea08b4 m=0
--------- switch to main
11-02 20:20:50.977885  2520  2520 D HOME    : [WatchFaceUiController]Still in ambient watch face, hiding
11-02 20:20:50.977929  2520  2520 D HOME    : [WatchFaceUiController]Hiding watch face wallpaper.
--------- switch to system
11-02 20:20:50.979642  1686  1686 W Looper  : Slow delivery took 393ms main h=com.android.server.notification.NotificationManagerService$WorkerHandler c=com.android.server.notification.NotificationManagerService$14@8fdf052 m=0
--------- switch to kernel
11-02 20:20:50.950320     0     0 E FG      : fg_psy_get_property: unsupported property 7
11-02 20:20:50.952493     0     0 W healthd : battery l=64 v=4000 t=33.0 h=2 st=3 c=4 fc=443000 cc=0 chg=
--------- switch to main
11-02 20:20:50.994895   512   512 I sensors-hal: activate:107, android.sensor.light/46 en=0
11-02 20:20:50.996129   512   512 I sensors-hal: activate:118, android.sensor.light/46 en=0 completed
11-02 20:20:50.999473  1686  1686 D WearWifiMediator: NETWORK_STATE_CHANGED : Disconnected
11-02 20:20:51.003987   545   545 D SurfaceFlinger: Set power mode=3, type=0 flinger=0xb6bb6000
11-02 20:20:51.004748   504   761 I SDM     : DisplayBase::SetDisplayState: Set state = 3, display 0
--------- switch to system
11-02 20:20:51.005510  1686  1710 I DisplayManagerService: Display device changed state: "Écran intégré", DOZE_SUSPEND
11-02 20:20:51.006503  1686  1686 W Looper  : Drained
--------- switch to main
11-02 20:20:51.006567  2520  2520 D HOME    : [StreamBackendInit]NotificationService onNotificationRemoved StatusBarNotification(pkg=android user=UserHandle{0} id=0 tag=com.android.server.wm.AlertWindowNotification - com.google.android.wearable.app key=0|android|0|com.android.server.wm.AlertWindowNotification - com.google.android.wearable.app|1000: Notification(channel=com.android.server.wm.AlertWindowNotification - com.google.android.wearable.app pri=0 contentView=null vibrate=null sound=null defaults=0x0 flags=0x102 color=0xff607d8b vis=PRIVATE))
11-02 20:20:51.007989  2520  2716 D CollectorHandler: handleMessage, event: ON_NOTIFICATION_REMOVED
11-02 20:20:51.012502  1956  1956 D QtiCarrierConfigHelper: WARNING, no carrier configs on phone Id: 0
11-02 20:20:51.014776  2520  2520 D HOME    : [BatteryChange]action: android.intent.action.BATTERY_CHANGED
11-02 20:20:51.015790  2520  6932 D HOME    : [BatteryChange]HandleBatteryChangedTask
11-02 20:20:51.009349  2520  2716 D HOME    : [StreamDBQueue]Promised revision #1445 to queue a new op
11-02 20:20:51.017798  2520  2716 D HOME    : [WatchStreamManager]Promised remove @ r#1445 for StreamItemIdAndRevision{notifKey=0|android|0|com.android.server.wm.AlertWindowNotification - com.google.android.wearable.app|1000, packageName=android, tag=com.android.server.wm.AlertWindowNotification - com.google.android.wearable.app, id=0, revision=0, originalRevision=0, updateCount=0} (@1444): SBN removed: StreamItemIdAndRevision{notifKey=0|android|0|com.android.server.wm.AlertWindowNotification - com.google.android.wearable.app|1000, packageName=android, tag=com.android.server.wm.AlertWindowNotification - com.google.android.wearable.app, id=0, revision=0, originalRevision=0, updateCount=0}
11-02 20:20:51.018183  2520  6572 D StreamDatabase: remove. itemId: StreamItemIdAndRevision{notifKey=0|android|0|com.android.server.wm.AlertWindowNotification - com.google.android.wearable.app|1000, packageName=android, tag=com.android.server.wm.AlertWindowNotification - com.google.android.wearable.app, id=0, revision=1440, originalRevision=1440, updateCount=0}
11-02 20:20:51.018462  2520  6932 D HOME    : [BatteryChange]level: 64, status: 3
11-02 20:20:51.018776  2520  6572 D HOME    : [WatchStreamDB]Item alerting conditions - isInterruptive: true, recentlyInterrupted: false, isItemPinned: true, isUnread: false
11-02 20:20:51.023785  1686  1759 I InputReader: Reconfiguring input devices.  changes=0x00000004
11-02 20:20:51.025288  2520  6572 D HOME    : [StreamAlertingRegulator]isTheaterModeEnabled: false, isAlertingAllowedByOffBody: true, matchesLocalInterruptionFilter: true
11-02 20:20:51.025614  2520  6572 D HOME    : [WatchStreamDB]couldItemAlert: false, isTopItemChanged: false, isDeferralForTopItem: false
11-02 20:20:51.026239  2520  6572 D HOME    : [StreamAdapter]onStreamChange StreamChangeEvent[modified=0, removed=1, modifiedTop=0, removedTop=0, reorder=false, possibleAlertingItem=none]
11-02 20:20:51.026628  2520  6572 D HOME    : [StreamAdapter]onStreamChange StreamChangeEvent[modified=0, removed=1, modifiedTop=0, removedTop=0, reorder=false, possibleAlertingItem=none]
11-02 20:20:51.026994  2520  2520 D HOME    : [TopNotificationReceiver]Sending request to TopNotificationProviderService for complication update
11-02 20:20:51.027174  2520  6572 D HOME    : [NewStreamAdapter]Publishing revision #1445 to adapter clients
11-02 20:20:51.030226  2520  2520 D HOME    : [StreamAdapter]setStreamItems, size 1
11-02 20:20:51.030817  2520  2520 D HOME    : [StreamAdapter]setStreamItems, size 2
11-02 20:20:51.034326  2520  6932 D HOME    : [ComplicationController]scheduleImmediateUpdateForAllFromProvider ComponentInfo{com.google.android.wearable.app/com.google.android.clockwork.wcs.notification.complication.TopNotificationProviderService}
11-02 20:20:51.058579   545   545 D SurfaceFlinger: Finished set power mode=3, type=0
11-02 20:20:51.059297  1686  1823 I SidekickService: beginDisplayLocked(): DOZE_SUSPEND
11-02 20:20:51.059921   416  2389 D SKGHAL  : sendAmbientPrepare: enter:
--------- switch to kernel
11-02 20:20:50.970003     0     0 I mdss_dsi_panel_set_idle_mode: Idle (0->1)
11-02 20:20:51.018104     0     0 I         : [touch]FB_BLANK_VSYNC_SUSPEND
11-02 20:20:51.018111     0     0 I         : [touch]irq disable
11-02 20:20:51.018116     0     0 I         : [touch]workqueue is empty!
11-02 20:20:51.018120     0     0 I         : [touch]raydium_ts_do_suspend.
11-02 20:20:51.018130     0     0 I         : [touch]Device may wakeup
11-02 20:20:51.020240     0     0 I         : [touch]irq enable
--------- switch to main
11-02 20:20:51.206043   416  2389 D SKGHAL  : sendAmbientEvent: enter: enable = 1
11-02 20:20:51.208738   504   523 I SDM     : DisplayBase::SetDisplayState: Set state = 4, display 0
11-02 20:20:51.208938   504   523 D SDM     : HWCDisplayPrimary::SetStandByMode: Null display is connected successfully
11-02 20:20:51.209198   416  2389 D SKGHAL  : standBy_update_control call succeed on 1
11-02 20:20:51.222970   416  2389 D SKGHAL  : sendAmbientEvent: done: enable = 1
11-02 20:20:51.223959  1686  1823 D SidekickService:    ... beginDisplay result: 0 for halPower: 1
11-02 20:20:51.230089   512   512 I sensors-hal: activate:107, android.sensor.accelerometer/48 en=0
11-02 20:20:51.232439   512   512 I sensors-hal: activate:118, android.sensor.accelerometer/48 en=0 completed
--------- switch to kernel
11-02 20:20:51.196406     0     0 E bgrsb   : bgrsb_enable: gpio 32 is valid
--------- switch to main
11-02 20:20:51.241932  1686  1799 E WifiStateMachine: getWifiLinkLayerStats called without an interface
11-02 20:20:51.275802  1686  1686 I WearPower: [WearTouchMediator] changing touch input to enabled (ON_AUTO)
11-02 20:20:51.278091  1686  1759 I InputReader: Reconfiguring input devices.  changes=0x00000200
11-02 20:20:51.291509  1686  1686 I AmbientService: [ce6a28c] Timeout alarm not required, auto-resume timeout handled by dream.
11-02 20:20:51.315718  3205  3434 W WorkController: Loading failed for worker [trainingcache]: worker not found
11-02 20:20:51.319436  3205  3372 W A       : TrainingCache cache SCREEN_OFF failure
11-02 20:20:51.319436  3205  3372 W A       : com.google.android.apps.gsa.search.core.service.h.a.a: No worker found for Worker ID [trainingcache].
11-02 20:20:51.319436  3205  3372 W A       : 	at com.google.android.apps.gsa.search.core.service.g.a.c.a(Unknown Source:5)
11-02 20:20:51.319436  3205  3372 W A       : 	at com.google.android.libraries.gsa.c.a.d.a(Unknown Source:3)
11-02 20:20:51.319436  3205  3372 W A       : 	at com.google.common.p.a.cg.c(Unknown Source:2)
11-02 20:20:51.319436  3205  3372 W A       : 	at com.google.common.p.a.bk.run(SourceFile:3)
11-02 20:20:51.319436  3205  3372 W A       : 	at com.google.common.p.a.ci.run(Unknown Source:4)
11-02 20:20:51.319436  3205  3372 W A       : 	at com.google.apps.tiktok.concurrent.ab.run(SourceFile:1)
11-02 20:20:51.319436  3205  3372 W A       : 	at java.util.concurrent.ThreadPoolExecutor.runWorker(ThreadPoolExecutor.java:1167)
11-02 20:20:51.319436  3205  3372 W A       : 	at java.util.concurrent.ThreadPoolExecutor$Worker.run(ThreadPoolExecutor.java:641)
11-02 20:20:51.319436  3205  3372 W A       : 	at com.google.apps.tiktok.concurrent.c.run(Unknown Source:4)
11-02 20:20:51.319436  3205  3372 W A       : 	at java.lang.Thread.run(Thread.java:764)
11-02 20:20:51.346409  2520  2520 D HOME    : [StreamDBQueue]Promised revision #1446 to queue a new op
11-02 20:20:51.347404  2520  2520 D WatchStreamManager: Promised rank-blocked=false @ r#1446
11-02 20:20:51.348122  2520  2520 D HOME    : [CompactHunStarter]detachWindow()
11-02 20:20:51.349358  2520  6572 D HOME    : [StreamDBQueue]Promised revision #1447 to queue a new op
11-02 20:20:51.349462  2520  6932 D HOME    : [WatchStreamDB]Item alerting conditions - isInterruptive: true, recentlyInterrupted: false, isItemPinned: true, isUnread: false
11-02 20:20:51.349885  2520  6572 D WatchStreamManager: Promised rerank @ r#1447
11-02 20:20:51.350330  2520  6932 D HOME    : [StreamAlertingRegulator]isTheaterModeEnabled: false, isAlertingAllowedByOffBody: true, matchesLocalInterruptionFilter: true
11-02 20:20:51.350936  2520  6932 D HOME    : [WatchStreamDB]couldItemAlert: false, isTopItemChanged: false, isDeferralForTopItem: false
11-02 20:20:51.352048  2520  6932 D HOME    : [WatchStreamDB]updateRanking()
11-02 20:20:51.354312  2520  6932 D HOME    : [WatchStreamDB]Item alerting conditions - isInterruptive: true, recentlyInterrupted: false, isItemPinned: true, isUnread: false
11-02 20:20:51.355405  2520  6932 D HOME    : [StreamAlertingRegulator]isTheaterModeEnabled: false, isAlertingAllowedByOffBody: true, matchesLocalInterruptionFilter: true
11-02 20:20:51.355880  2520  6932 D HOME    : [WatchStreamDB]couldItemAlert: false, isTopItemChanged: false, isDeferralForTopItem: false
11-02 20:20:51.357332  2520  6932 D HOME    : [NewStreamAdapter]Publishing revision #1447 to adapter clients
--------- switch to kernel
11-02 20:20:51.361374     0     0 I PM      : suspend entry 2021-11-02 19:20:51.361374407 UTC
11-02 20:20:51.361416     0     0 I PM      : Syncing filesystems ...
11-02 20:20:51.363713     0     0 I CPU3    : update max cpu_capacity 1024
11-02 20:20:51.389039     0     0 I CPU2    : shutdown
11-02 20:20:51.411833     0     0 I         : done.
11-02 20:20:51.461044     0     0 I CPU3    : shutdown
11-02 20:20:51.464172     0     0 I         : Freezing user space processes ...
11-02 20:20:51.471512     0     0 I CPU0    : update max cpu_capacity 748
11-02 20:20:51.472266     0     0 I PM      : Wakeup pending, aborting suspend
11-02 20:20:51.472377     0     0 I         : active wakeup source: NETLINK
11-02 20:20:51.472464     0     0 E         : Freezing of tasks aborted after 0.008 seconds
11-02 20:20:51.472487     0     0 I         : Restarting tasks ...
11-02 20:20:51.474029     0     0 W QSEECOM : qseecom_receive_req: Interrupted: exiting Listener Service = 12288
11-02 20:20:51.474209     0     0 W QSEECOM : qseecom_receive_req: Interrupted: exiting Listener Service = 11
11-02 20:20:51.474258     0     0 W QSEECOM : qseecom_receive_req: Interrupted: exiting Listener Service = 10
11-02 20:20:51.474312     0     0 W QSEECOM : qseecom_receive_req: Interrupted: exiting Listener Service = 28672
11-02 20:20:51.480006     0     0 W QSEECOM : qseecom_receive_req: Interrupted: exiting Listener Service = 8192
11-02 20:20:51.481565     0     0 I         : done.
11-02 20:20:51.482729     0     0 I PM      : suspend exit 2021-11-02 19:20:51.482729459 UTC
11-02 20:20:51.687678     0     0 I PM      : suspend entry 2021-11-02 19:20:51.687678886 UTC
11-02 20:20:51.687698     0     0 I PM      : Syncing filesystems ... done.
11-02 20:20:51.723973     0     0 I         : Freezing user space processes ... (elapsed 0.010 seconds) done.
11-02 20:20:51.734500     0     0 I         : Freezing remaining freezable tasks ... (elapsed 0.005 seconds) done.
11-02 20:20:51.740458     0     0 I         : Suspending console(s) (use no_console_suspend to debug)
11-02 20:20:51.755515     0     0 I mdss_dsi_panel_set_idle_mode: Idle (1->1)
11-02 20:20:51.798882     0     0 I bgcom   : bgcom_pm_suspend: suspended with : 0
11-02 20:20:51.801223     0     0 E dpm_run_callback(): platform_pm_suspend+0x0/0x50 returns -16
11-02 20:20:51.801230     0     0 E PM      : Device alarmtimer failed to suspend: error -16
11-02 20:20:51.813529     0     0 E PM      : Some devices failed to suspend, or early wake event detected
11-02 20:20:51.817693     0     0 I bgcom   : bgcom_pm_resume: Bgcom resumed with : 0
11-02 20:20:51.828352     0     0 I mdss_dsi_panel_set_idle_mode: Idle (1->1)
11-02 20:20:51.868242     0     0 I PM      : resume of devices complete after 54.658 msecs
11-02 20:20:51.872636     0     0 I         : Restarting tasks ...
11-02 20:20:51.875348     0     0 W QSEECOM : qseecom_receive_req: Interrupted: exiting Listener Service = 8192
11-02 20:20:51.880450     0     0 W QSEECOM : qseecom_receive_req: Interrupted: exiting Listener Service = 12288
11-02 20:20:51.880536     0     0 W QSEECOM : qseecom_receive_req: Interrupted: exiting Listener Service = 11
11-02 20:20:51.880581     0     0 W QSEECOM : qseecom_receive_req: Interrupted: exiting Listener Service = 10
11-02 20:20:51.880621     0     0 W QSEECOM : qseecom_receive_req: Interrupted: exiting Listener Service = 28672
11-02 20:20:51.884417     0     0 I         : done.
11-02 20:20:51.885603     0     0 I PM      : suspend exit 2021-11-02 19:20:51.885603365 UTC
11-02 20:20:53.815394     0     0 I PM      : suspend entry 2021-11-02 19:20:53.815394146 UTC
11-02 20:20:53.815414     0     0 I PM      : Syncing filesystems ... done.
11-02 20:20:53.933912     0     0 I         : Freezing user space processes ... (elapsed 0.010 seconds) done.
11-02 20:20:53.944963     0     0 I         : Freezing remaining freezable tasks ... (elapsed 0.005 seconds) done.
11-02 20:20:53.950995     0     0 I         : Suspending console(s) (use no_console_suspend to debug)
11-02 20:20:53.966046     0     0 I mdss_dsi_panel_set_idle_mode: Idle (1->1)
11-02 20:20:54.010851     0     0 I bgcom   : bgcom_pm_suspend: suspended with : 0
11-02 20:20:54.036773     0     0 I PM      : suspend of devices complete after 81.782 msecs
11-02 20:20:54.042079     0     0 I PM      : late suspend of devices complete after 5.265 msecs
11-02 20:20:54.047806     0     0 I PM      : noirq suspend of devices complete after 5.692 msecs
11-02 20:20:54.047822     0     0 I         : Disabling non-boot CPUs ...
11-02 20:20:54.064404     0     0 W         : IRQ16 no longer affine to CPU1
11-02 20:20:54.064416     0     0 W         : IRQ21 no longer affine to CPU1
11-02 20:20:54.064714     0     0 W         : IRQ93 no longer affine to CPU1
11-02 20:20:54.066367     0     0 I CPU1    : shutdown
11-02 20:20:54.068937     0     0 I suspend ns: 1159257876973	suspend cycles:     236954944968
11-02 20:20:54.068911     0     0 I CPU0    : msm_cpu_pm_enter_sleep mode:3 during suspend
11-02 20:20:54.068911     0     0 I         : Suspended for 11.899 seconds
11-02 20:20:54.068911     0     0 I resume cycles: 237183420263
11-02 20:20:54.069272     0     0 I         : Enabling non-boot CPUs ...
11-02 20:20:54.070095     0     0 I CPU1    : update cpu_capacity 1024
11-02 20:20:54.071522     0     0 I         : CPU1 is up
11-02 20:20:54.073071     0     0 I CPU1    : update max cpu_capacity 748
11-02 20:20:54.075370     0     0 I PM      : noirq resume of devices complete after 3.515 msecs
11-02 20:20:54.077002     0     0 E mdss_dsi_gen_read_status: Read back value from panel is incorrect
11-02 20:20:54.081414     0     0 I PM      : early resume of devices complete after 3.879 msecs
11-02 20:20:54.113700     0     0 I bgcom   : bgcom_pm_resume: Bgcom resumed with : 0
11-02 20:20:54.124494     0     0 I mdss_dsi_panel_set_idle_mode: Idle (1->1)
11-02 20:20:54.168193     0     0 I PM      : resume of devices complete after 86.733 msecs
11-02 20:20:54.172362     0     0 I         : Restarting tasks ...
11-02 20:20:54.177949     0     0 W QSEECOM : qseecom_receive_req: Interrupted: exiting Listener Service = 8192
11-02 20:20:54.179250     0     0 W QSEECOM : qseecom_receive_req: Interrupted: exiting Listener Service = 12288
11-02 20:20:54.179318     0     0 W QSEECOM : qseecom_receive_req: Interrupted: exiting Listener Service = 11
11-02 20:20:54.179359     0     0 W QSEECOM : qseecom_receive_req: Interrupted: exiting Listener Service = 10
--------- switch to main
11-02 20:21:06.096703  1686  1800 E WificondScannerImpl: Timed out waiting for scan result from wificond
--------- switch to kernel
11-02 20:20:54.179395     0     0 W QSEECOM : qseecom_receive_req: Interrupted: exiting Listener Service = 28672
11-02 20:20:54.189555     0     0 I         : done.
11-02 20:21:06.090332     0     0 I PM      : suspend exit 2021-11-02 19:21:06.090332578 UTC
--------- switch to main
11-02 20:21:06.103165  2520  2714 D HOME    : [TickMonitor]Received time tick
11-02 20:21:06.103791  2520  2714 D HOME    : [TickMonitor]handleTimeTick() finished
--------- switch to kernel
11-02 20:21:06.191227     0     0 I PM      : suspend entry 2021-11-02 19:21:06.191227682 UTC
11-02 20:21:06.191250     0     0 I PM      : Syncing filesystems ... done.
11-02 20:21:06.303223     0     0 I         : Freezing user space processes ... (elapsed 0.006 seconds) done.
11-02 20:21:06.310159     0     0 I         : Freezing remaining freezable tasks ... (elapsed 0.003 seconds) done.
11-02 20:21:06.314186     0     0 I         : Suspending console(s) (use no_console_suspend to debug)
11-02 20:21:06.326093     0     0 I mdss_dsi_panel_set_idle_mode: Idle (1->1)
11-02 20:21:06.368120     0     0 I bgcom   : bgcom_pm_suspend: suspended with : 0
11-02 20:21:06.404531     0     0 I PM      : suspend of devices complete after 88.131 msecs
11-02 20:21:06.410001     0     0 I PM      : late suspend of devices complete after 5.429 msecs
11-02 20:21:06.415756     0     0 I PM      : noirq suspend of devices complete after 5.717 msecs
11-02 20:21:06.415770     0     0 I         : Disabling non-boot CPUs ...
11-02 20:21:06.435815     0     0 I CPU1    : shutdown
11-02 20:21:06.437837     0     0 I suspend ns: 1159727024682	suspend cycles:     237192427899
11-02 20:21:06.437818     0     0 I CPU0    : msm_cpu_pm_enter_sleep mode:3 during suspend
11-02 20:21:06.437818     0     0 I         : Suspended for 20.311 seconds
11-02 20:21:06.437818     0     0 I resume cycles: 237582414521
11-02 20:21:06.438344     0     0 I         : Enabling non-boot CPUs ...
11-02 20:21:06.439181     0     0 I CPU1    : update cpu_capacity 1024
11-02 20:21:06.440657     0     0 I         : CPU1 is up
11-02 20:21:06.442663     0     0 I CPU1    : update max cpu_capacity 748
11-02 20:21:06.444541     0     0 I PM      : noirq resume of devices complete after 3.558 msecs
11-02 20:21:06.449700     0     0 I PM      : early resume of devices complete after 3.700 msecs
11-02 20:21:06.479385     0     0 I bgcom   : bgcom_pm_resume: Bgcom resumed with : 0
11-02 20:21:06.490116     0     0 I mdss_dsi_panel_set_idle_mode: Idle (1->1)
11-02 20:21:06.527707     0     0 I PM      : resume of devices complete after 77.963 msecs
11-02 20:21:06.531924     0     0 I         : Restarting tasks ...
--------- switch to system
11-02 20:21:26.850531  1686  1686 I PowerManagerService: Waking up from dozing (uid=1000 reason=tiltToWake)...
--------- switch to kernel
11-02 20:21:06.535771     0     0 W QSEECOM : qseecom_receive_req: Interrupted: exiting Listener Service = 12288
11-02 20:21:06.537805     0     0 W QSEECOM : qseecom_receive_req: Interrupted: exiting Listener Service = 8192
11-02 20:21:06.537960     0     0 W QSEECOM : qseecom_receive_req: Interrupted: exiting Listener Service = 11
11-02 20:21:06.538002     0     0 W QSEECOM : qseecom_receive_req: Interrupted: exiting Listener Service = 10
11-02 20:21:06.538151     0     0 W QSEECOM : qseecom_receive_req: Interrupted: exiting Listener Service = 28672
11-02 20:21:06.544975     0     0 I         : done.
11-02 20:21:26.857513     0     0 I PM      : suspend exit 2021-11-02 19:21:26.857513612 UTC
--------- switch to system
11-02 20:21:26.865958  1686  1686 W UsageStatsService: Event reported without a package name
--------- switch to kernel
11-02 20:21:26.867709     0     0 E FG      : fg_psy_get_property: unsupported property 7
11-02 20:21:26.831599     0     0 W healthd : battery l=64 v=3997 t=33.0 h=2 st=3 c=7 fc=443000 cc=0 chg=
--------- switch to main
11-02 20:21:26.896388   512  1749 I sensors-hal: batch:140, android.sensor.light/46, period=100000000, max_latency=0
11-02 20:21:26.896507   512  1749 I sensors-hal: batch:149, android.sensor.light/46, period=100000000, max_latency=0 request completed
11-02 20:21:26.902904   512  1749 I sensors-hal: activate:107, android.sensor.light/46 en=1
11-02 20:21:26.903329   512  1749 I sensors-hal: ssc_enable_rt_task:254, ssc_enable_rt_task : true
11-02 20:21:26.908293   512  1749 I sensors-hal: activate:118, android.sensor.light/46 en=1 completed
11-02 20:21:26.911999  1686  1823 I SidekickService: endDisplayLocked()
11-02 20:21:26.912876   416  2389 D SKGHAL  : sendAmbientEvent: enter: enable = 0
11-02 20:21:26.914581   512  1749 I sensors-hal: batch:140, android.sensor.accelerometer/48, period=66667000, max_latency=100000000
11-02 20:21:26.914711   512  1749 I sensors-hal: batch:149, android.sensor.accelerometer/48, period=66667000, max_latency=100000000 request completed
--------- switch to system
11-02 20:21:26.914819  1686  1710 I DisplayManagerService: Display device changed state: "Écran intégré", ON
--------- switch to main
11-02 20:21:26.915577   512  1749 I sensors-hal: activate:107, android.sensor.accelerometer/48 en=1
11-02 20:21:26.916821   512  1749 I sensors-hal: ssc_enable_rt_task:254, ssc_enable_rt_task : true
--------- switch to kernel
11-02 20:21:26.920085     0     0 E bgrsb   : bgrsb_enable: rsb will set report rate
11-02 20:21:26.933642     0     0 E bgrsb   : bgrsb_enable: gpio 32 is valid
11-02 20:21:26.944574     0     0 I         : [touch]FB_BLANK_VSYNC_SUSPEND
11-02 20:21:26.944578     0     0 I         : [touch]Already in suspend state
11-02 20:21:26.954077     0     0 I mdss_dsi_panel_set_idle_mode: Idle (1->0)
11-02 20:21:26.954951     0     0 E mdp3_enable_panic_ctrl: mdp3_enable_panic_ctrl: Enable Panic Control
11-02 20:21:26.955036     0     0 I         : [touch]FB_BLANK_UNBLANK
11-02 20:21:26.955041     0     0 I         : [touch]raydium_ts_do_resume, 1.
11-02 20:21:26.955406     0     0 I         : [ raydium ]workqueue is empty!
11-02 20:21:26.955421     0     0 I raydium_ts 5-0039: [touch]Already enable irq
11-02 20:21:26.955424     0     0 I         : [touch]Device may wakeup
--------- switch to main
11-02 20:21:26.946331   512  1749 I sensors-hal: activate:118, android.sensor.accelerometer/48 en=1 completed
11-02 20:21:26.961021  2520  2520 D HOME    : [BatteryChange]action: android.intent.action.BATTERY_CHANGED
11-02 20:21:26.961481  2520  7212 D HOME    : [BatteryChange]HandleBatteryChangedTask
11-02 20:21:26.962723  2520  7212 D HOME    : [BatteryChange]level: 64, status: 3
11-02 20:21:26.963864  1956  1956 D QtiCarrierConfigHelper: WARNING, no carrier configs on phone Id: 0
11-02 20:21:26.967882  1686  1759 I InputReader: Reconfiguring input devices.  changes=0x00000004
11-02 20:21:26.972928  1686  1799 E WifiStateMachine: getWifiLinkLayerStats called without an interface
11-02 20:21:26.982671   504   523 I SDM     : DisplayBase::SetDisplayState: Set state = 3, display 0
11-02 20:21:26.982870   504   523 D SDM     : HWCDisplayPrimary::SetStandByMode: Display is connected successfully
11-02 20:21:26.983131   416  2389 D SKGHAL  : standBy_update_control call succeed on 0
11-02 20:21:26.983178   416  2389 D SKGHAL  : sendAmbientEvent: done: enable = 0
11-02 20:21:26.983832  1686  1823 D SidekickService:    ... endDisplay returns void
11-02 20:21:26.984889   545   545 D SurfaceFlinger: Set power mode=2, type=0 flinger=0xb6bb6000
11-02 20:21:26.985249   504   761 I SDM     : DisplayBase::SetDisplayState: Set state = 1, display 0
11-02 20:21:26.994502   545   545 D SurfaceFlinger: Finished set power mode=2, type=0
--------- switch to system
11-02 20:21:26.996359  1686  1702 W BroadcastQueue: Background execution not allowed: receiving Intent { act=android.intent.action.USER_PRESENT flg=0x10 } to com.google.android.gms/.auth.setup.devicesignals.LockScreenReceiver
11-02 20:21:26.996813  1686  1702 W BroadcastQueue: Background execution not allowed: receiving Intent { act=android.intent.action.USER_PRESENT flg=0x10 } to com.google.android.gms/.chimera.GmsIntentOperationService$PersistentTrustedReceiver
11-02 20:21:26.997377  1686  1712 W PowerManagerService: Screen on took 254 ms
11-02 20:21:26.997788  1686  1712 I DreamManagerService: Gently waking up from dream.
11-02 20:21:27.001285  1686  1708 I DreamManagerService: Performing gentle wake from dream.
--------- switch to main
11-02 20:21:27.009327  3205  3434 W WorkController: Loading failed for worker [trainingcache]: worker not found
11-02 20:21:27.012042  3205  3294 W A       : TrainingCache cache DEVICE_UNLOCKED failure
11-02 20:21:27.012042  3205  3294 W A       : com.google.android.apps.gsa.search.core.service.h.a.a: No worker found for Worker ID [trainingcache].
11-02 20:21:27.012042  3205  3294 W A       : 	at com.google.android.apps.gsa.search.core.service.g.a.c.a(Unknown Source:5)
11-02 20:21:27.012042  3205  3294 W A       : 	at com.google.android.libraries.gsa.c.a.d.a(Unknown Source:3)
11-02 20:21:27.012042  3205  3294 W A       : 	at com.google.common.p.a.cg.c(Unknown Source:2)
11-02 20:21:27.012042  3205  3294 W A       : 	at com.google.common.p.a.bk.run(SourceFile:3)
11-02 20:21:27.012042  3205  3294 W A       : 	at com.google.common.p.a.ci.run(Unknown Source:4)
11-02 20:21:27.012042  3205  3294 W A       : 	at com.google.apps.tiktok.concurrent.ab.run(SourceFile:1)
11-02 20:21:27.012042  3205  3294 W A       : 	at java.util.concurrent.ThreadPoolExecutor.runWorker(ThreadPoolExecutor.java:1167)
11-02 20:21:27.012042  3205  3294 W A       : 	at java.util.concurrent.ThreadPoolExecutor$Worker.run(ThreadPoolExecutor.java:641)
11-02 20:21:27.012042  3205  3294 W A       : 	at com.google.apps.tiktok.concurrent.c.run(Unknown Source:4)
11-02 20:21:27.012042  3205  3294 W A       : 	at java.lang.Thread.run(Thread.java:764)
11-02 20:21:27.027745   512  7278 I sensors-hal: handle_indication_realtime:355,  SCHED_FIFO(10) for qmi_cbk
--------- switch to system
11-02 20:21:27.072455  1686  1686 V DreamService[AmbientDream]: wakeUp(): fromSystem=true, mWaking=false, mFinished=false
11-02 20:21:27.072795  1686  1686 V DreamService[AmbientDream]: finish(): mFinished=false
11-02 20:21:27.072962  1686  1686 I DreamManagerService: Leaving dreamland.
11-02 20:21:27.089889  1686  1708 I DreamManagerService: Performing gentle wake from dream.
11-02 20:21:27.090486  1686  1708 I DreamController: Stopping dream: name=ComponentInfo{com.google.android.wearable.ambient/com.google.android.wearable.ambient.AmbientDream}, isTest=false, canDoze=true, userId=0
11-02 20:21:27.127565  1686  1686 V DreamService[AmbientDream]: detach(): Calling onDreamingStopped()
--------- switch to main
11-02 20:21:27.127698  1686  1686 I AmbientService: [ce6a28c] doOnDreamingStopped
11-02 20:21:27.127780  1686  1686 D WristGestureCtrl: Starting: GesturesEnabled-false UngazeEnabled-true
11-02 20:21:27.127837  1686  1686 D DefaultUngazeDetector: starting
11-02 20:21:27.127890  1686  1686 D DefaultUngazeDetector: startUngazeStateEstimation(). startTime = 12366557
11-02 20:21:27.132241   512  1749 I sensors-hal: batch:140, android.sensor.accelerometer/48, period=19231000, max_latency=100000000
11-02 20:21:27.132690  1686  1686 W AlarmManagerProxy: Removing unknown listener
11-02 20:21:27.133799   512  7280 I sensors-hal: handle_indication_realtime:355,  SCHED_FIFO(10) for qmi_cbk
11-02 20:21:27.134529   512  1749 I sensors-hal: batch:149, android.sensor.accelerometer/48, period=19231000, max_latency=100000000 request completed
11-02 20:21:27.134995   512  1749 I sensors-hal: flush:169, android.sensor.accelerometer/48
11-02 20:21:27.138277  2520  2520 D HOME    : [HomeVisitsLogger]Logging streamlet event: visit_start
11-02 20:21:27.138495  2520  2520 D HOME    : [HomeVisitsLogger]Logging streamlet event: exit_ambient_mode
11-02 20:21:27.138838  2520  2520 D HOME    : [HotwordController]updateClient MODE_WATCH_FACE false false false true
11-02 20:21:27.139597  2520  2520 D HOME    : [WatchFaceUiController]setInAmbientMode false
11-02 20:21:27.139666  2520  2520 D HOME    : [WatchFaceUiController]sendWatchFaceServiceBinder
11-02 20:21:27.141232   512  1749 I sensors-hal: flush:175, android.sensor.accelerometer/48 completed
11-02 20:21:27.143767  2520  2520 D HOME    : [WatchFaceUiController]sendStateToWallpaper
11-02 20:21:27.145788  2520  2520 D HOME    : [WatchFaceUiController]Showing watch face wallpaper.
11-02 20:21:27.145937  2520  2520 D HOME    : [WatchFaceUiController]sendStateToWallpaper
11-02 20:21:27.158524  1686  1686 I AmbientService: [ce6a28c] No auto-resume Activity.
11-02 20:21:27.159539  2520  2520 D HOME    : [StreamDBQueue]Promised revision #1448 to queue a new op
11-02 20:21:27.159812  2520  2520 D WatchStreamManager: Promised rank-blocked=true @ r#1448
11-02 20:21:27.160119  2520  2520 D HOME    : [StreamDBQueue]Promised revision #1449 to queue a new op
11-02 20:21:27.160207  2520  2520 D WatchStreamManager: Promised rank-blocked=true @ r#1449
11-02 20:21:27.160614  2520  2520 D HOME    : [TilesController]Tile refresh optimization is enabled.
11-02 20:21:27.160951  2520  2520 D HOME    : [EventBus]Wrapper pool is full. Discarding excess wrapper instance for event com.google.android.clockwork.sysui.events.KeyguardStateEvent
11-02 20:21:27.161092  2520  2520 D HOME    : [WatchFaceUiController]sendStateToWallpaper
11-02 20:21:27.162873  2520  2520 D HOME    : [EventBus]Wrapper pool is full. Discarding excess wrapper instance for event com.google.android.clockwork.sysui.events.KeyguardStateEvent
11-02 20:21:27.163113  2520  2520 D HOME    : [EventBus]Wrapper pool is full. Discarding excess wrapper instance for event com.google.android.clockwork.sysui.events.KeyguardStateEvent
11-02 20:21:27.167475  2520  7212 D HOME    : [WatchStreamDB]Item alerting conditions - isInterruptive: true, recentlyInterrupted: false, isItemPinned: true, isUnread: false
11-02 20:21:27.167853  2520  2520 D HOME    : [WatchFaceUiController]sendStateToWallpaper
11-02 20:21:27.171407  2520  2520 W StaticLayout: maxLineHeight should not be -1.  maxLines:1 lineCount:1
11-02 20:21:27.184302  2520  7212 D HOME    : [StreamAlertingRegulator]isTheaterModeEnabled: false, isAlertingAllowedByOffBody: true, matchesLocalInterruptionFilter: true
11-02 20:21:27.188847  1686  1686 W AlarmManager: Unrecognized alarm listener com.android.server.job.controllers.-$$Lambda$IdleController$IdlenessTracker$nTdS-lGBXcES5VWKcJFmQFgU7IU@1ab437a
--------- switch to system
11-02 20:21:27.192749  1686  1686 W ContextImpl: Calling a method in the system process without a qualified user: android.app.ContextImpl.sendBroadcast:1020 android.content.ContextWrapper.sendBroadcast:449 com.google.android.wearable.ambient.AmbientDream.onDestroy:273 android.app.ActivityThread.handleStopService:3698 android.app.ActivityThread.access$1700:200 
--------- switch to main
11-02 20:21:27.193581  1686  1686 E AlarmManager: cancel() called with a null PendingIntent
--------- switch to system
11-02 20:21:27.194744  1686  1686 V DreamService[AmbientDream]: onDestroy()
--------- switch to main
11-02 20:21:27.200271  2520  7212 D HOME    : [WatchStreamDB]couldItemAlert: false, isTopItemChanged: false, isDeferralForTopItem: false
11-02 20:21:27.201172  2520  7212 D HOME    : [WatchStreamDB]Item alerting conditions - isInterruptive: true, recentlyInterrupted: false, isItemPinned: true, isUnread: false
11-02 20:21:27.201460  2520  7212 D HOME    : [StreamAlertingRegulator]isTheaterModeEnabled: false, isAlertingAllowedByOffBody: true, matchesLocalInterruptionFilter: true
11-02 20:21:27.201643  2520  7212 D HOME    : [WatchStreamDB]couldItemAlert: false, isTopItemChanged: false, isDeferralForTopItem: false
--------- switch to kernel
11-02 20:21:27.202561     0     0 I init    : processing action (ro.enable_core_ctl=true && sys.cw_corectl_mode=perf) from (/vendor/etc/init/hw/init.qcom.rc:954)
11-02 20:21:27.204239     0     0 I CPU2    : update cpu_capacity 1024
--------- switch to main
11-02 20:21:27.214946  2520  4718 W OpenGLRenderer: Incorrectly called buildLayer on View: HardwareButtonHintOverlayView, destroying layer...
11-02 20:21:27.218770  1686  1686 I WearPower: [WearTouchMediator] changing touch input to enabled (ON_AUTO)
11-02 20:21:27.235967  1686  1759 I InputReader: Reconfiguring input devices.  changes=0x00000200
11-02 20:21:27.251400  1686  1686 W AlarmManagerProxy: Removing unknown listener
11-02 20:21:27.253348  1686  1686 W DefaultSettingsContentR: Value for ambient_low_bit_enabled not stored as number. Attempting parse as boolean.
11-02 20:21:27.275828  2520  2520 D HOME    : [WatchFaceUiController]sendWatchFaceServiceBinder
--------- switch to kernel
11-02 20:21:27.233548     0     0 I CPU3    : update cpu_capacity 1024
11-02 20:21:27.236764     0     0 I CPU2    : update max cpu_capacity 1024
--------- switch to main
11-02 20:21:27.280176  2520  2520 D HOME    : [WatchFaceUiController]sendProperties
11-02 20:21:27.281676  2520  2520 D HOME    : [WatchFaceUiController]sendStateToWallpaper
11-02 20:21:27.284137  3205  3434 W WorkController: Loading failed for worker [trainingcache]: worker not found
11-02 20:21:27.285840  3205  3372 W A       : TrainingCache cache SCREEN_ON failure
11-02 20:21:27.285840  3205  3372 W A       : com.google.android.apps.gsa.search.core.service.h.a.a: No worker found for Worker ID [trainingcache].
11-02 20:21:27.285840  3205  3372 W A       : 	at com.google.android.apps.gsa.search.core.service.g.a.c.a(Unknown Source:5)
11-02 20:21:27.285840  3205  3372 W A       : 	at com.google.android.libraries.gsa.c.a.d.a(Unknown Source:3)
11-02 20:21:27.285840  3205  3372 W A       : 	at com.google.common.p.a.cg.c(Unknown Source:2)
11-02 20:21:27.285840  3205  3372 W A       : 	at com.google.common.p.a.bk.run(SourceFile:3)
11-02 20:21:27.285840  3205  3372 W A       : 	at com.google.common.p.a.ci.run(Unknown Source:4)
11-02 20:21:27.285840  3205  3372 W A       : 	at com.google.apps.tiktok.concurrent.ab.run(SourceFile:1)
11-02 20:21:27.285840  3205  3372 W A       : 	at java.util.concurrent.ThreadPoolExecutor.runWorker(ThreadPoolExecutor.java:1167)
11-02 20:21:27.285840  3205  3372 W A       : 	at java.util.concurrent.ThreadPoolExecutor$Worker.run(ThreadPoolExecutor.java:641)
11-02 20:21:27.285840  3205  3372 W A       : 	at com.google.apps.tiktok.concurrent.c.run(Unknown Source:4)
11-02 20:21:27.285840  3205  3372 W A       : 	at java.lang.Thread.run(Thread.java:764)
11-02 20:21:27.335245  2520  2520 D HOME    : [StreamDBQueue]Promised revision #1450 to queue a new op
11-02 20:21:27.335528  2520  2520 D WatchStreamManager: Promised rank-blocked=true @ r#1450
--------- switch to kernel
11-02 20:21:27.276385     0     0 I CPU0    : update max cpu_capacity 748
11-02 20:21:27.288698     0     0 I CPU3    : update max cpu_capacity 1024
--------- switch to main
11-02 20:21:27.337734  2520  6572 D HOME    : [WatchStreamDB]Item alerting conditions - isInterruptive: true, recentlyInterrupted: false, isItemPinned: true, isUnread: false
11-02 20:21:27.339359  2520  6572 D HOME    : [StreamAlertingRegulator]isTheaterModeEnabled: false, isAlertingAllowedByOffBody: true, matchesLocalInterruptionFilter: true
11-02 20:21:27.341056  2520  6572 D HOME    : [WatchStreamDB]couldItemAlert: false, isTopItemChanged: false, isDeferralForTopItem: false
--------- switch to system
11-02 20:21:27.377463  1686  1686 W Looper  : Slow dispatch took 105ms main h=com.android.server.notification.NotificationManagerService$WorkerHandler c=null m=3
--------- switch to main
11-02 20:21:27.400352  2520  2520 D HOME    : [StreamBackendInit]NotificationService onNotificationPosted StatusBarNotification(pkg=android user=UserHandle{0} id=0 tag=com.android.server.wm.AlertWindowNotification - com.google.android.wearable.app key=0|android|0|com.android.server.wm.AlertWindowNotification - com.google.android.wearable.app|1000: Notification(channel=com.android.server.wm.AlertWindowNotification - com.google.android.wearable.app pri=0 contentView=null vibrate=null sound=null defaults=0x0 flags=0x102 color=0xff607d8b vis=PRIVATE))
11-02 20:21:27.401289  2520  2716 D CollectorHandler: handleMessage, event: ON_NOTIFICATION_POSTED_WITH_RANKING
11-02 20:21:27.413310  2520  2716 D HOME    : [StreamDBQueue]Promised revision #1451 to queue a new op
11-02 20:21:27.415324  2520  7212 D StreamDatabase:   filtering notification, reason=HOME_OVER_OTHER_APPS_NOTIFICATION, itemId=StreamItemIdAndRevision{notifKey=0|android|0|com.android.server.wm.AlertWindowNotification - com.google.android.wearable.app|1000, packageName=android, tag=com.android.server.wm.AlertWindowNotification - com.google.android.wearable.app, id=0, revision=1451, originalRevision=1451, updateCount=0}
11-02 20:21:27.416215  2520  2716 D HOME    : [WatchStreamManager]Promised set @ r#1451 for (android,tag=com.android.server.wm.AlertWindowNotification - com.google.android.wearable.app,id=0,notifKey=0|android|0|com.android.server.wm.AlertWindowNotification - com.google.android.wearable.app|1000)
11-02 20:21:27.416429  2520  7212 D HOME    : [WatchStreamDB]Item alerting conditions - isInterruptive: true, recentlyInterrupted: false, isItemPinned: true, isUnread: false
11-02 20:21:27.416906  2520  7212 D HOME    : [StreamAlertingRegulator]isTheaterModeEnabled: false, isAlertingAllowedByOffBody: true, matchesLocalInterruptionFilter: true
11-02 20:21:27.417176  2520  7212 D HOME    : [WatchStreamDB]couldItemAlert: false, isTopItemChanged: false, isDeferralForTopItem: false
11-02 20:21:27.417704  2520  7212 D HOME    : [StreamAdapter]onStreamChange StreamChangeEvent[modified=1, removed=0, modifiedTop=0, removedTop=0, reorder=false, possibleAlertingItem=none]
11-02 20:21:27.418423  2520  7212 D HOME    : [StreamAdapter]onStreamChange StreamChangeEvent[modified=1, removed=0, modifiedTop=0, removedTop=0, reorder=false, possibleAlertingItem=none]
11-02 20:21:27.418948  2520  2520 D HOME    : [TopNotificationReceiver]Sending request to TopNotificationProviderService for complication update
11-02 20:21:27.419107  2520  7212 D HOME    : [NewStreamAdapter]Publishing revision #1451 to adapter clients
11-02 20:21:27.422712  2520  2520 D HOME    : [StreamAdapter]setStreamItems, size 2
11-02 20:21:27.423289  2520  2520 D HOME    : [StreamAdapter]setStreamItems, size 1
11-02 20:21:27.428020  2520  7212 D HOME    : [ComplicationController]scheduleImmediateUpdateForAllFromProvider ComponentInfo{com.google.android.wearable.app/com.google.android.clockwork.wcs.notification.complication.TopNotificationProviderService}
11-02 20:21:27.457473  1686  1696 I system_server: Background concurrent copying GC freed 37512(1998KB) AllocSpace objects, 25(948KB) LOS objects, 19% free, 10MB/12MB, paused 362us total 569.742ms
11-02 20:21:27.500041   512   512 I sensors-hal: activate:107, android.sensor.light/46 en=0
11-02 20:21:27.501567   512   512 I sensors-hal: activate:118, android.sensor.light/46 en=0 completed
11-02 20:21:27.504273   512   512 I sensors-hal: batch:140, android.sensor.light/46, period=250000000, max_latency=0
11-02 20:21:27.504353   512   512 I sensors-hal: batch:149, android.sensor.light/46, period=250000000, max_latency=0 request completed
11-02 20:21:27.505088   512   512 I sensors-hal: activate:107, android.sensor.light/46 en=1
11-02 20:21:27.505584   512   512 I sensors-hal: ssc_enable_rt_task:254, ssc_enable_rt_task : true
11-02 20:21:27.509196   512   512 I sensors-hal: activate:118, android.sensor.light/46 en=1 completed
--------- switch to system
11-02 20:21:27.512024  1686  1686 V SettingsProvider: Notifying for 0: content://settings/system/screen_brightness
--------- switch to main
11-02 20:21:27.512734  1686  1686 I SidekickService: loadBrightnessLocked()
11-02 20:21:27.513399  1686  1686 D SidekickService: screenBrightness  = 51
11-02 20:21:27.513949  1686  1686 D SidekickService: sendConfigValuesLocked(): alsThresholds = [40, 92, 95, 100, 125, 150, 175, 200, 225, 250, 300, 400, 500, 800, 1200], brightnessValuesBright = [50, 56, 60, 70, 80, 90, 100, 115, 120, 140, 160, 180, 200, 220, 240, 255], brightnessValuesDim= [50, 56, 60, 70, 80, 90, 100, 115, 120, 140, 160, 180, 200, 220, 240, 255]
11-02 20:21:27.524517  1686  1686 D SidekickService: setAlsMode(): mode = 2, brightenAlpha = 80, dimmingAlpha = 80
11-02 20:21:27.533053  1686  1686 D SidekickService: setTwmConfig():: msTiltToBright = 10000, tiltToBright = false
11-02 20:21:27.552362  3316  3328 I .gms.persisten: Background concurrent copying GC freed 66784(3MB) AllocSpace objects, 0(0B) LOS objects, 24% free, 7MB/9MB, paused 314us total 205.661ms
11-02 20:21:27.581016   512  7288 I sensors-hal: handle_indication_realtime:355,  SCHED_FIFO(10) for qmi_cbk
--------- switch to system
11-02 20:21:31.744214  1686  1712 I PowerManagerService: Going to sleep due to screen timeout (uid 1000)...
11-02 20:21:31.745240  1686  1686 W UsageStatsService: Event reported without a package name
11-02 20:21:31.745831  1686  1712 I DreamManagerService: Entering dreamland.
11-02 20:21:31.746630  1686  1712 I PowerManagerService: Dozing...
11-02 20:21:31.768965  1686  1708 I DreamController: Starting dream: name=ComponentInfo{com.google.android.wearable.ambient/com.google.android.wearable.ambient.AmbientDream}, isTest=false, canDoze=true, userId=0
11-02 20:21:31.783007  1686  1686 W ContextImpl: Calling a method in the system process without a qualified user: android.app.ContextImpl.bindService:1611 android.content.ContextWrapper.bindService:698 com.google.android.wearable.ambient.AmbientDream.onCreate:191 android.app.ActivityThread.handleCreateService:3533 android.app.ActivityThread.access$1300:200 
11-02 20:21:31.789847  1686  1686 W ContextImpl: Calling a method in the system process without a qualified user: android.app.ContextImpl.sendBroadcast:1005 android.content.ContextWrapper.sendBroadcast:444 com.google.android.wearable.ambient.AmbientDream.onCreate:241 android.app.ActivityThread.handleCreateService:3533 android.app.ActivityThread.access$1300:200 
11-02 20:21:31.790631  1686  1686 V DreamService[AmbientDream]: onBind() intent = Intent { act=android.service.dreams.DreamService flg=0x800000 cmp=com.google.android.wearable.ambient/.AmbientDream }
--------- switch to main
11-02 20:21:31.792114  1686  1686 I AmbientService: [ce6a28c] Ambient Created
--------- switch to system
11-02 20:21:31.793237  1686  1686 V DreamService[AmbientDream]: Calling onDreamingStarted()
--------- switch to main
11-02 20:21:31.793355  1686  1686 I AmbientService: [ce6a28c] doOnDreamingStarted
11-02 20:21:31.794732  1686  1686 D SidekickService: setShouldControlDisplay called: true
11-02 20:21:31.795660  1686  1686 I AmbientService: [ce6a28c] Selected running activity for ambient mode: AmbientActivity[component=ComponentInfo{com.google.android.wearable.app/com.google.android.clockwork.home2.activity.HomeActivity2}, callbacks=@210b385, running=true, ambientRequested=true, ambientEnabled=true, offloadEnabled=true]
11-02 20:21:31.796180  1686  1686 I AmbientService: [ce6a28c] Sidekick is ready to display, requesting doze.
11-02 20:21:31.796749  1686  1686 I AmbientService: [ce6a28c] No auto-resume Activity.
11-02 20:21:31.798315  1686  1686 W DefaultSettingsContentR: Value for ambient_low_bit_enabled not stored as number. Attempting parse as boolean.
11-02 20:21:31.801925  2520  2520 D HOME    : [HomeVisitsLogger]Logging streamlet event: enter_ambient_mode
11-02 20:21:31.802603  2520  2520 D HOME    : [HotwordController]updateClient MODE_WATCH_FACE false true false true
11-02 20:21:31.802590  2520  7212 D HOME    : [HomeVisitsLogger]Logging streamlet event: visit_end
11-02 20:21:31.803676  2520  2520 D HOME    : [WatchFaceUiController]setInAmbientMode true
11-02 20:21:31.803763  1686  1686 I AmbientService: [ce6a28c] Showing watch face in offload mode, canceling alarm.
11-02 20:21:31.803819  1686  1686 W AlarmManagerProxy: Removing unknown listener
11-02 20:21:31.803910  1686  1686 D WristGestureCtrl: Stopping detectors: GesturesEnabled-false gestureDetector-false ungazeEnabled-true ungaze-true
11-02 20:21:31.803953  1686  1686 D DefaultUngazeDetector: stopping
