11-03 20:54:27.695565     0     0 I PM      : suspend exit 2021-11-03 19:54:27.695565215 UTC
11-03 20:54:27.800773     0     0 I PM      : suspend entry 2021-11-03 19:54:27.800773236 UTC
11-03 20:54:27.800786     0     0 I PM      : Syncing filesystems ... done.
11-03 20:54:27.897011     0     0 I         : Freezing user space processes ...
11-03 20:54:27.901563     0     0 I PM      : Wakeup pending, aborting suspend
11-03 20:54:27.901682     0     0 I         : last active wakeup source: qcom_rx_wakelock
11-03 20:54:27.901705     0     0 E         : Freezing of tasks aborted after 0.004 seconds
11-03 20:54:27.901718     0     0 I         : Restarting tasks ...
11-03 20:54:27.902387     0     0 W QSEECOM : qseecom_receive_req: Interrupted: exiting Listener Service = 8192
11-03 20:54:27.902447     0     0 W QSEECOM : qseecom_receive_req: Interrupted: exiting Listener Service = 11
11-03 20:54:27.902476     0     0 W QSEECOM : qseecom_receive_req: Interrupted: exiting Listener Service = 10
11-03 20:54:27.906377     0     0 W QSEECOM : qseecom_receive_req: Interrupted: exiting Listener Service = 28672
11-03 20:54:27.906467     0     0 W QSEECOM : qseecom_receive_req: Interrupted: exiting Listener Service = 12288
11-03 20:54:27.906790     0     0 I         : done.
11-03 20:54:27.907498     0     0 I PM      : suspend exit 2021-11-03 19:54:27.907498653 UTC
11-03 20:54:28.155203     0     0 I PM      : suspend entry 2021-11-03 19:54:28.155203184 UTC
11-03 20:54:28.155217     0     0 I PM      : Syncing filesystems ... done.
11-03 20:54:28.175985     0     0 I         : Freezing user space processes ... (elapsed 0.008 seconds) done.
11-03 20:54:28.184949     0     0 I         : Freezing remaining freezable tasks ... (elapsed 0.004 seconds) done.
11-03 20:54:28.189155     0     0 I         : Suspending console(s) (use no_console_suspend to debug)
11-03 20:54:28.197099     0     0 I bgcom   : bgcom_pm_suspend: suspended with : 0
11-03 20:54:28.199035     0     0 E dpm_run_callback(): platform_pm_suspend+0x0/0x50 returns -16
11-03 20:54:28.199043     0     0 E PM      : Device alarmtimer failed to suspend: error -16
11-03 20:54:28.211768     0     0 E PM      : Some devices failed to suspend, or early wake event detected
11-03 20:54:28.214623     0     0 I bgcom   : bgcom_pm_resume: Bgcom resumed with : 0
11-03 20:54:28.220903     0     0 I PM      : resume of devices complete after 9.109 msecs
11-03 20:54:28.223851     0     0 I         : Restarting tasks ...
11-03 20:54:28.225886     0     0 W QSEECOM : qseecom_receive_req: Interrupted: exiting Listener Service = 11
11-03 20:54:28.225953     0     0 W QSEECOM : qseecom_receive_req: Interrupted: exiting Listener Service = 10
11-03 20:54:28.225995     0     0 W QSEECOM : qseecom_receive_req: Interrupted: exiting Listener Service = 28672
11-03 20:54:28.231839     0     0 W QSEECOM : qseecom_receive_req: Interrupted: exiting Listener Service = 12288
11-03 20:54:28.232121     0     0 W QSEECOM : qseecom_receive_req: Interrupted: exiting Listener Service = 8192
11-03 20:54:28.232201     0     0 I         : done.
11-03 20:54:28.232746     0     0 I PM      : suspend exit 2021-11-03 19:54:28.232746986 UTC
--------- switch to main
11-03 20:54:31.080920  1784  2040 W bt_sdp  : SDP - Rcvd conn cnf with error: 0x4  CID 0x4a
11-03 20:54:31.081885  1784  1971 D BluetoothHeadsetClientServiceJni: connection_state_cb: state 0 peer_feat 0 chld_feat 0
11-03 20:54:31.082866  1784  1971 E bt_btif : btif_hf_client_get_cb_by_bda: could not find block for bdaddr
11-03 20:54:31.083012  1784  1971 E bt_btif : btif_hf_client_upstreams_evt: event 3 but not allocating block: cb not found
11-03 20:54:31.083126  1784  1971 I bt_btif_queue: queue_int_advance: removing connection request: address=14:3c:c3:ad:3d:53 UUID=111E busy=true
11-03 20:54:31.083543  1784  2068 D HeadsetClientStateMachine: Enter Disconnected: 100
11-03 20:54:31.094289  3281  3281 D BtTelecomReceiver: onReceive: Intent { act=android.bluetooth.headsetclient.profile.action.CONNECTION_STATE_CHANGED flg=0x10 cmp=com.google.android.apps.wearable.bluetooth/com.google.android.clockwork.hfp.BtTelecomBroadcastReceiver (has extras) }
11-03 20:54:31.094645  3281  3281 D BtTelecomReceiver: Hfp connection changed: -724754873 1 -> 0
11-03 20:54:31.090353  1784  1784 D AdapterProperties: PROFILE_CONNECTION_STATE_CHANGE: profile=16, device=14:3C:C3:AD:3D:53, 1 -> 0
11-03 20:54:31.097505  1784  1784 D AdapterProperties: ADAPTER_CONNECTION_STATE_CHANGE: 14:3C:C3:AD:3D:53: 1 -> 0
11-03 20:54:31.118695  3281  3281 D HfpClientConnService: onCreate
11-03 20:54:31.120133  3281  3281 D HfpClientConnService: disabling HFP
11-03 20:54:31.120310  3281  3281 I HfpClientConnService: enable request:Enable Request - time:1635969271094 type:false reason:headset client disconnected
--------- switch to system
11-03 20:54:31.123324  1679  5047 W BroadcastQueue: Background execution not allowed: receiving Intent { act=android.bluetooth.adapter.action.CONNECTION_STATE_CHANGED flg=0x4000010 (has extras) } to com.google.android.gms/.chimera.GmsIntentOperationService$PersistentTrustedReceiver
--------- switch to main
11-03 20:54:31.127108  3281  3281 I HfpClientConnService: account already disabled
--------- switch to kernel
11-03 20:54:34.508314     0     0 I PM      : suspend entry 2021-11-03 19:54:34.508314744 UTC
11-03 20:54:34.508337     0     0 I PM      : Syncing filesystems ... done.
11-03 20:54:34.543304     0     0 I         : Freezing user space processes ... (elapsed 0.010 seconds) done.
11-03 20:54:34.554351     0     0 I         : Freezing remaining freezable tasks ... (elapsed 0.004 seconds) done.
11-03 20:54:34.558632     0     0 I         : Suspending console(s) (use no_console_suspend to debug)
11-03 20:54:34.567740     0     0 I bgcom   : bgcom_pm_suspend: suspended with : 0
11-03 20:54:34.589865     0     0 I PM      : Wakeup pending, aborting suspend
11-03 20:54:34.589872     0     0 I         : active wakeup source: qcom_rx_wakelock
11-03 20:54:34.589952     0     0 E PM      : Some devices failed to suspend, or early wake event detected
11-03 20:54:34.612295     0     0 I bgcom   : bgcom_pm_resume: Bgcom resumed with : 0
11-03 20:54:34.618111     0     0 I PM      : resume of devices complete after 28.137 msecs
11-03 20:54:34.620704     0     0 I         : Restarting tasks ...
11-03 20:54:34.622536     0     0 W QSEECOM : qseecom_receive_req: Interrupted: exiting Listener Service = 8192
11-03 20:54:34.622589     0     0 W QSEECOM : qseecom_receive_req: Interrupted: exiting Listener Service = 12288
11-03 20:54:34.622616     0     0 W QSEECOM : qseecom_receive_req: Interrupted: exiting Listener Service = 11
11-03 20:54:34.622664     0     0 W QSEECOM : qseecom_receive_req: Interrupted: exiting Listener Service = 10
11-03 20:54:34.622697     0     0 W QSEECOM : qseecom_receive_req: Interrupted: exiting Listener Service = 28672
11-03 20:54:34.629511     0     0 I         : done.
11-03 20:54:34.630197     0     0 I PM      : suspend exit 2021-11-03 19:54:34.630197609 UTC
11-03 20:54:35.431805     0     0 I PM      : suspend entry 2021-11-03 19:54:35.431805525 UTC
11-03 20:54:35.431827     0     0 I PM      : Syncing filesystems ... done.
11-03 20:54:35.541679     0     0 I         : Freezing user space processes ... (elapsed 0.007 seconds) done.
11-03 20:54:35.549280     0     0 I         : Freezing remaining freezable tasks ... (elapsed 0.003 seconds) done.
11-03 20:54:35.553257     0     0 I         : Suspending console(s) (use no_console_suspend to debug)
11-03 20:54:35.560183     0     0 I bgcom   : bgcom_pm_suspend: suspended with : 0
11-03 20:54:35.598124     0     0 I PM      : suspend of devices complete after 42.500 msecs
11-03 20:54:35.603626     0     0 I PM      : late suspend of devices complete after 5.462 msecs
11-03 20:54:35.609548     0     0 I PM      : noirq suspend of devices complete after 5.899 msecs
11-03 20:54:35.609560     0     0 I         : Disabling non-boot CPUs ...
11-03 20:54:35.625219     0     0 W         : IRQ16 no longer affine to CPU1
11-03 20:54:35.625231     0     0 W         : IRQ21 no longer affine to CPU1
11-03 20:54:35.625537     0     0 W         : IRQ93 no longer affine to CPU1
11-03 20:54:35.627178     0     0 I CPU1    : shutdown
11-03 20:54:35.629313     0     0 I suspend ns: 982966521188	suspend cycles:      26654221900
11-03 20:54:35.629295     0     0 I CPU0    : msm_cpu_pm_enter_sleep mode:3 during suspend
11-03 20:54:35.629295     0     0 I         : Suspended for 0.180 seconds
11-03 20:54:35.629295     0     0 I resume cycles: 26657695693
11-03 20:54:35.629551     0     0 I         : Enabling non-boot CPUs ...
11-03 20:54:35.630363     0     0 I CPU1    : update cpu_capacity 1024
11-03 20:54:35.631799     0     0 I         : CPU1 is up
11-03 20:54:35.633920     0     0 I CPU1    : update max cpu_capacity 1024
11-03 20:54:35.635628     0     0 I PM      : noirq resume of devices complete after 3.506 msecs
11-03 20:54:35.641124     0     0 I PM      : early resume of devices complete after 4.027 msecs
11-03 20:54:35.642617    20    20 E         : [20:54:35.823553] [0000000634F00DA5] [VosRX]  wlan: [E :WDI] WDTS_RxPacketDump RX Data frame is UC
11-03 20:54:35.642639    20    20 E         : [20:54:35.823585] [0000000634F0100C] [VosRX]  wlan: [E :WDI] WDTS_RxPacketDump: Data subtype:8 SA:44:fe:3b:41:13:4b DA:00:0a:f5:f2:a2:70
11-03 20:54:35.642738    20    20 E         : [20:54:35.823684] [0000000634F01777] [VosRX]  wlan: [E :HDD] hdd_log_ip_addr: src addr 192:168:1:3
11-03 20:54:35.642751    20    20 E         : [20:54:35.823699] [0000000634F0188A] [VosRX]  wlan: [E :HDD] hdd_log_ip_addr: dst addr 192:168:1:14
11-03 20:54:35.670647     0     0 I bgcom   : bgcom_pm_resume: Bgcom resumed with : 0
11-03 20:54:35.676498     0     0 I PM      : resume of devices complete after 35.345 msecs
11-03 20:54:35.679121     0     0 I         : Restarting tasks ...
11-03 20:54:35.681709     0     0 W QSEECOM : qseecom_receive_req: Interrupted: exiting Listener Service = 12288
11-03 20:54:35.681769     0     0 W QSEECOM : qseecom_receive_req: Interrupted: exiting Listener Service = 10
11-03 20:54:35.681807     0     0 W QSEECOM : qseecom_receive_req: Interrupted: exiting Listener Service = 28672
11-03 20:54:35.684991     0     0 W QSEECOM : qseecom_receive_req: Interrupted: exiting Listener Service = 8192
11-03 20:54:35.685051     0     0 W QSEECOM : qseecom_receive_req: Interrupted: exiting Listener Service = 11
11-03 20:54:35.689974     0     0 I         : done.
11-03 20:54:35.871670     0     0 I PM      : suspend exit 2021-11-03 19:54:35.871670368 UTC
11-03 20:54:35.973608     0     0 I PM      : suspend entry 2021-11-03 19:54:35.973608025 UTC
11-03 20:54:35.973622     0     0 I PM      : Syncing filesystems ... done.
11-03 20:54:36.074603     0     0 I         : Freezing user space processes ... (elapsed 0.007 seconds) done.
11-03 20:54:36.082094     0     0 I         : Freezing remaining freezable tasks ... (elapsed 0.004 seconds) done.
11-03 20:54:36.086255     0     0 I         : Suspending console(s) (use no_console_suspend to debug)
11-03 20:54:36.093475     0     0 I bgcom   : bgcom_pm_suspend: suspended with : 0
11-03 20:54:36.128629     0     0 I PM      : suspend of devices complete after 40.155 msecs
11-03 20:54:36.134152     0     0 I PM      : late suspend of devices complete after 5.481 msecs
11-03 20:54:36.139995     0     0 I PM      : noirq suspend of devices complete after 5.818 msecs
11-03 20:54:36.140006     0     0 I         : Disabling non-boot CPUs ...
11-03 20:54:36.155899     0     0 W         : IRQ16 no longer affine to CPU1
11-03 20:54:36.155913     0     0 W         : IRQ21 no longer affine to CPU1
11-03 20:54:36.156192     0     0 W         : IRQ93 no longer affine to CPU1
11-03 20:54:36.157849     0     0 I CPU1    : shutdown
11-03 20:54:36.159808     0     0 I suspend ns: 983316079834	suspend cycles:      26664407219
11-03 20:54:36.159788     0     0 I CPU0    : msm_cpu_pm_enter_sleep mode:3 during suspend
11-03 20:54:36.159788     0     0 I         : Suspended for 0.897 seconds
11-03 20:54:36.159788     0     0 I resume cycles: 26681632804
11-03 20:54:36.160044     0     0 I         : Enabling non-boot CPUs ...
11-03 20:54:36.160863     0     0 I CPU1    : update cpu_capacity 1024
11-03 20:54:36.162315     0     0 I         : CPU1 is up
11-03 20:54:36.164785     0     0 I CPU1    : update max cpu_capacity 1024
11-03 20:54:36.166171     0     0 I PM      : noirq resume of devices complete after 3.536 msecs
11-03 20:54:36.171675     0     0 I PM      : early resume of devices complete after 4.030 msecs
11-03 20:54:36.173165    20    20 E         : [20:54:37.070333] [00000006365D5222] [VosRX]  wlan: [E :WDI] WDTS_RxPacketDump RX Data frame is UC
11-03 20:54:36.173186    20    20 E         : [20:54:37.070364] [00000006365D5470] [VosRX]  wlan: [E :WDI] WDTS_RxPacketDump: Data subtype:8 SA:44:fe:3b:41:13:4b DA:00:0a:f5:f2:a2:70
11-03 20:54:36.173284    20    20 E         : [20:54:37.070459] [00000006365D5B8E] [VosRX]  wlan: [E :HDD] hdd_log_ip_addr: src addr 192:168:1:3
11-03 20:54:36.173297    20    20 E         : [20:54:37.070475] [00000006365D5CC1] [VosRX]  wlan: [E :HDD] hdd_log_ip_addr: dst addr 192:168:1:14
11-03 20:54:36.200756     0     0 I bgcom   : bgcom_pm_resume: Bgcom resumed with : 0
11-03 20:54:36.206642     0     0 I PM      : resume of devices complete after 34.937 msecs
11-03 20:54:36.209267     0     0 I         : Restarting tasks ...
11-03 20:54:36.211913     0     0 W QSEECOM : qseecom_receive_req: Interrupted: exiting Listener Service = 8192
11-03 20:54:36.211972     0     0 W QSEECOM : qseecom_receive_req: Interrupted: exiting Listener Service = 12288
11-03 20:54:36.212002     0     0 W QSEECOM : qseecom_receive_req: Interrupted: exiting Listener Service = 11
11-03 20:54:36.212040     0     0 W QSEECOM : qseecom_receive_req: Interrupted: exiting Listener Service = 28672
11-03 20:54:36.214526     0     0 W QSEECOM : qseecom_receive_req: Interrupted: exiting Listener Service = 10
11-03 20:54:36.219883     0     0 I         : done.
11-03 20:54:37.117781     0     0 I PM      : suspend exit 2021-11-03 19:54:37.117781461 UTC
11-03 20:54:37.219647     0     0 I PM      : suspend entry 2021-11-03 19:54:37.219647815 UTC
11-03 20:54:37.219660     0     0 I PM      : Syncing filesystems ... done.
11-03 20:54:37.321217     0     0 I         : Freezing user space processes ... (elapsed 0.007 seconds) done.
11-03 20:54:37.328755     0     0 I         : Freezing remaining freezable tasks ... (elapsed 0.004 seconds) done.
11-03 20:54:37.332881     0     0 I         : Suspending console(s) (use no_console_suspend to debug)
11-03 20:54:37.340012     0     0 I bgcom   : bgcom_pm_suspend: suspended with : 0
11-03 20:54:37.376858     0     0 I PM      : suspend of devices complete after 41.749 msecs
11-03 20:54:37.382989     0     0 I PM      : late suspend of devices complete after 6.089 msecs
11-03 20:54:37.388543     0     0 I PM      : noirq suspend of devices complete after 5.529 msecs
11-03 20:54:37.388556     0     0 I         : Disabling non-boot CPUs ...
11-03 20:54:37.403011     0     0 W         : IRQ21 no longer affine to CPU1
11-03 20:54:37.404928     0     0 I CPU1    : shutdown
11-03 20:54:37.406918     0     0 I suspend ns: 983666026553	suspend cycles:      26688351781
11-03 20:54:37.406900     0     0 I CPU0    : msm_cpu_pm_enter_sleep mode:3 during suspend
11-03 20:54:37.406900     0     0 I         : Suspended for 0.557 seconds
11-03 20:54:37.406900     0     0 I resume cycles: 26699050604
11-03 20:54:37.407151     0     0 I         : Enabling non-boot CPUs ...
11-03 20:54:37.407956     0     0 I CPU1    : update cpu_capacity 1024
11-03 20:54:37.409409     0     0 I         : CPU1 is up
11-03 20:54:37.411758     0     0 I CPU1    : update max cpu_capacity 1024
11-03 20:54:37.413209     0     0 I PM      : noirq resume of devices complete after 3.472 msecs
11-03 20:54:37.418394     0     0 I PM      : early resume of devices complete after 3.709 msecs
11-03 20:54:37.419651    20    20 E         : [20:54:37.976883] [000000063766E967] [VosRX]  wlan: [E :WDI] WDTS_RxPacketDump RX Data frame is UC
11-03 20:54:37.419673    20    20 E         : [20:54:37.976916] [000000063766EBCB] [VosRX]  wlan: [E :WDI] WDTS_RxPacketDump: Data subtype:8 SA:44:fe:3b:41:13:4b DA:00:0a:f5:f2:a2:70
11-03 20:54:37.419768    20    20 E         : [20:54:37.977010] [000000063766F2F0] [VosRX]  wlan: [E :HDD] hdd_log_ip_addr: src addr 192:168:1:3
11-03 20:54:37.419781    20    20 E         : [20:54:37.977025] [000000063766F401] [VosRX]  wlan: [E :HDD] hdd_log_ip_addr: dst addr 192:168:1:14
11-03 20:54:37.447464     0     0 I bgcom   : bgcom_pm_resume: Bgcom resumed with : 0
11-03 20:54:37.453499     0     0 I PM      : resume of devices complete after 35.073 msecs
11-03 20:54:37.456155     0     0 I         : Restarting tasks ...
11-03 20:54:37.457906     0     0 W QSEECOM : qseecom_receive_req: Interrupted: exiting Listener Service = 8192
11-03 20:54:37.457961     0     0 W QSEECOM : qseecom_receive_req: Interrupted: exiting Listener Service = 12288
11-03 20:54:37.457995     0     0 W QSEECOM : qseecom_receive_req: Interrupted: exiting Listener Service = 11
11-03 20:54:37.458020     0     0 W QSEECOM : qseecom_receive_req: Interrupted: exiting Listener Service = 10
11-03 20:54:37.463656     0     0 W QSEECOM : qseecom_receive_req: Interrupted: exiting Listener Service = 28672
11-03 20:54:37.466280     0     0 I         : done.
11-03 20:54:38.024232     0     0 I PM      : suspend exit 2021-11-03 19:54:38.024232346 UTC
11-03 20:54:38.125686     0     0 I PM      : suspend entry 2021-11-03 19:54:38.125686200 UTC
11-03 20:54:38.125701     0     0 I PM      : Syncing filesystems ... done.
11-03 20:54:38.225263     0     0 I         : Freezing user space processes ... (elapsed 0.007 seconds) done.
11-03 20:54:38.232755     0     0 I         : Freezing remaining freezable tasks ... (elapsed 0.003 seconds) done.
11-03 20:54:38.236651     0     0 I         : Suspending console(s) (use no_console_suspend to debug)
11-03 20:54:38.245517     0     0 I bgcom   : bgcom_pm_suspend: suspended with : 0
11-03 20:54:38.281471     0     0 I PM      : suspend of devices complete after 42.370 msecs
11-03 20:54:38.287032     0     0 I PM      : late suspend of devices complete after 5.520 msecs
11-03 20:54:38.292877     0     0 I PM      : noirq suspend of devices complete after 5.819 msecs
11-03 20:54:38.292891     0     0 I         : Disabling non-boot CPUs ...
11-03 20:54:38.310106     0     0 W         : IRQ21 no longer affine to CPU1
11-03 20:54:38.311968     0     0 I CPU1    : shutdown
11-03 20:54:38.313987     0     0 I suspend ns: 984015862856	suspend cycles:      26705767461
11-03 20:54:38.313968     0     0 I CPU0    : msm_cpu_pm_enter_sleep mode:3 during suspend
11-03 20:54:38.313968     0     0 I         : Suspended for 0.876 seconds
11-03 20:54:38.313968     0     0 I resume cycles: 26722598919
11-03 20:54:38.314219     0     0 I         : Enabling non-boot CPUs ...
11-03 20:54:38.315035     0     0 I CPU1    : update cpu_capacity 1024
11-03 20:54:38.316457     0     0 I         : CPU1 is up
11-03 20:54:38.318926     0     0 I CPU1    : update max cpu_capacity 1024
11-03 20:54:38.320336     0     0 I PM      : noirq resume of devices complete after 3.567 msecs
11-03 20:54:38.325887     0     0 I PM      : early resume of devices complete after 4.075 msecs
11-03 20:54:38.327389    20    20 E         : [20:54:39.204027] [0000000638CE6D38] [VosRX]  wlan: [E :WDI] WDTS_RxPacketDump RX Data frame is UC
11-03 20:54:38.327412    20    20 E         : [20:54:39.204061] [0000000638CE6FB0] [VosRX]  wlan: [E :WDI] WDTS_RxPacketDump: Data subtype:8 SA:44:fe:3b:41:13:4b DA:00:0a:f5:f2:a2:70
11-03 20:54:38.327513    20    20 E         : [20:54:39.204160] [0000000638CE7739] [VosRX]  wlan: [E :HDD] hdd_log_ip_addr: src addr 192:168:1:3
11-03 20:54:38.327526    20    20 E         : [20:54:39.204176] [0000000638CE7857] [VosRX]  wlan: [E :HDD] hdd_log_ip_addr: dst addr 192:168:1:14
11-03 20:54:38.356338     0     0 I bgcom   : bgcom_pm_resume: Bgcom resumed with : 0
11-03 20:54:38.362300     0     0 I PM      : resume of devices complete after 36.383 msecs
11-03 20:54:38.364900     0     0 I         : Restarting tasks ...
11-03 20:54:38.367457     0     0 W QSEECOM : qseecom_receive_req: Interrupted: exiting Listener Service = 8192
11-03 20:54:38.367521     0     0 W QSEECOM : qseecom_receive_req: Interrupted: exiting Listener Service = 11
11-03 20:54:38.367557     0     0 W QSEECOM : qseecom_receive_req: Interrupted: exiting Listener Service = 10
11-03 20:54:38.370559     0     0 W QSEECOM : qseecom_receive_req: Interrupted: exiting Listener Service = 12288
11-03 20:54:38.370611     0     0 W QSEECOM : qseecom_receive_req: Interrupted: exiting Listener Service = 28672
11-03 20:54:38.376184     0     0 I         : done.
11-03 20:54:39.253588     0     0 I PM      : suspend exit 2021-11-03 19:54:39.253588699 UTC
11-03 20:54:39.355050     0     0 I PM      : suspend entry 2021-11-03 19:54:39.355050522 UTC
11-03 20:54:39.355064     0     0 I PM      : Syncing filesystems ... done.
11-03 20:54:39.460568     0     0 I         : Freezing user space processes ... (elapsed 0.007 seconds) done.
11-03 20:54:39.467702     0     0 I         : Freezing remaining freezable tasks ... (elapsed 0.003 seconds) done.
11-03 20:54:39.471673     0     0 I         : Suspending console(s) (use no_console_suspend to debug)
11-03 20:54:39.478957     0     0 I bgcom   : bgcom_pm_suspend: suspended with : 0
11-03 20:54:39.516742     0     0 I PM      : suspend of devices complete after 42.838 msecs
11-03 20:54:39.522248     0     0 I PM      : late suspend of devices complete after 5.462 msecs
11-03 20:54:39.528214     0     0 I PM      : noirq suspend of devices complete after 5.939 msecs
11-03 20:54:39.528227     0     0 I         : Disabling non-boot CPUs ...
11-03 20:54:39.546655     0     0 W         : IRQ21 no longer affine to CPU1
11-03 20:54:39.548542     0     0 I CPU1    : shutdown
11-03 20:54:39.550569     0     0 I suspend ns: 984375806190	suspend cycles:      26729509831
11-03 20:54:39.550549     0     0 I CPU0    : msm_cpu_pm_enter_sleep mode:3 during suspend
11-03 20:54:39.550549     0     0 I         : Suspended for 0.560 seconds
11-03 20:54:39.550549     0     0 I resume cycles: 26740274890
11-03 20:54:39.550810     0     0 I         : Enabling non-boot CPUs ...
11-03 20:54:39.551625     0     0 I CPU1    : update cpu_capacity 1024
11-03 20:54:39.553027     0     0 I         : CPU1 is up
11-03 20:54:39.555415     0     0 I CPU1    : update max cpu_capacity 1024
11-03 20:54:39.556842     0     0 I PM      : noirq resume of devices complete after 3.516 msecs
11-03 20:54:39.562379     0     0 I PM      : early resume of devices complete after 4.068 msecs
11-03 20:54:39.563575    20    20 E         : [20:54:40.124258] [0000000639DC067C] [VosRX]  wlan: [E :WDI] WDTS_RxPacketDump RX Data frame is UC
11-03 20:54:39.563598    20    20 E         : [20:54:40.124289] [0000000639DC08D9] [VosRX]  wlan: [E :WDI] WDTS_RxPacketDump: Data subtype:8 SA:44:fe:3b:41:13:4b DA:00:0a:f5:f2:a2:70
11-03 20:54:39.563695    20    20 E         : [20:54:40.124387] [0000000639DC1033] [VosRX]  wlan: [E :HDD] hdd_log_ip_addr: src addr 192:168:1:3
11-03 20:54:39.563707    20    20 E         : [20:54:40.124401] [0000000639DC1139] [VosRX]  wlan: [E :HDD] hdd_log_ip_addr: dst addr 192:168:1:14
11-03 20:54:39.591687     0     0 I bgcom   : bgcom_pm_resume: Bgcom resumed with : 0
11-03 20:54:39.597594     0     0 I PM      : resume of devices complete after 35.188 msecs
11-03 20:54:39.600220     0     0 I         : Restarting tasks ...
11-03 20:54:39.602912     0     0 W QSEECOM : qseecom_receive_req: Interrupted: exiting Listener Service = 8192
11-03 20:54:39.602974     0     0 W QSEECOM : qseecom_receive_req: Interrupted: exiting Listener Service = 12288
11-03 20:54:39.603009     0     0 W QSEECOM : qseecom_receive_req: Interrupted: exiting Listener Service = 28672
11-03 20:54:39.605905     0     0 W QSEECOM : qseecom_receive_req: Interrupted: exiting Listener Service = 11
11-03 20:54:39.605954     0     0 W QSEECOM : qseecom_receive_req: Interrupted: exiting Listener Service = 10
11-03 20:54:39.606776     0     0 I         : done.
11-03 20:54:40.168180     0     0 I PM      : suspend exit 2021-11-03 19:54:40.168180052 UTC
11-03 20:54:40.271893     0     0 I PM      : suspend entry 2021-11-03 19:54:40.271893438 UTC
11-03 20:54:40.271907     0     0 I PM      : Syncing filesystems ... done.
11-03 20:54:40.372540     0     0 I         : Freezing user space processes ... (elapsed 0.007 seconds) done.
11-03 20:54:40.379834     0     0 I         : Freezing remaining freezable tasks ... (elapsed 0.003 seconds) done.
11-03 20:54:40.383719     0     0 I         : Suspending console(s) (use no_console_suspend to debug)
11-03 20:54:40.390590     0     0 I bgcom   : bgcom_pm_suspend: suspended with : 0
11-03 20:54:40.392007     0     0 E dpm_run_callback(): platform_pm_suspend+0x0/0x50 returns -16
11-03 20:54:40.392015     0     0 E PM      : Device alarmtimer failed to suspend: error -16
11-03 20:54:40.405207     0     0 E PM      : Some devices failed to suspend, or early wake event detected
11-03 20:54:40.408227     0     0 I bgcom   : bgcom_pm_resume: Bgcom resumed with : 0
11-03 20:54:40.413689     0     0 I PM      : resume of devices complete after 8.460 msecs
11-03 20:54:40.416771     0     0 I         : Restarting tasks ...
11-03 20:54:40.418260     0     0 W QSEECOM : qseecom_receive_req: Interrupted: exiting Listener Service = 8192
11-03 20:54:40.418327     0     0 W QSEECOM : qseecom_receive_req: Interrupted: exiting Listener Service = 12288
11-03 20:54:40.418362     0     0 W QSEECOM : qseecom_receive_req: Interrupted: exiting Listener Service = 11
11-03 20:54:40.418397     0     0 W QSEECOM : qseecom_receive_req: Interrupted: exiting Listener Service = 10
11-03 20:54:40.418436     0     0 W QSEECOM : qseecom_receive_req: Interrupted: exiting Listener Service = 28672
11-03 20:54:40.422692     0     0 I         : done.
11-03 20:54:40.423450     0     0 I PM      : suspend exit 2021-11-03 19:54:40.423450729 UTC
11-03 20:54:42.297789     0     0 E FG      : fg_psy_get_property: unsupported property 7
11-03 20:54:42.221940     0     0 W healthd : battery l=27 v=3976 t=38.0 h=2 st=2 c=-287 fc=443000 cc=0 chg=a
11-03 20:54:42.458092     0     0 I PM      : suspend entry 2021-11-03 19:54:42.458092395 UTC
11-03 20:54:42.458108     0     0 I PM      : Syncing filesystems ... done.
11-03 20:54:42.576751     0     0 I         : Freezing user space processes ...
11-03 20:54:42.583211     0     0 I PM      : Wakeup pending, aborting suspend
11-03 20:54:42.583234     0     0 I         : active wakeup source: qcom_rx_wakelock
11-03 20:54:42.583396     0     0 E         : Freezing of tasks aborted after 0.006 seconds
11-03 20:54:42.583418     0     0 I         : Restarting tasks ...
11-03 20:54:42.584322     0     0 W QSEECOM : qseecom_receive_req: Interrupted: exiting Listener Service = 8192
11-03 20:54:42.584396     0     0 W QSEECOM : qseecom_receive_req: Interrupted: exiting Listener Service = 12288
11-03 20:54:42.584443     0     0 W QSEECOM : qseecom_receive_req: Interrupted: exiting Listener Service = 10
11-03 20:54:42.589474     0     0 I         : done.
11-03 20:54:42.591625     0     0 I PM      : suspend exit 2021-11-03 19:54:42.591625364 UTC
11-03 20:54:42.592339     0     0 W QSEECOM : qseecom_receive_req: Interrupted: exiting Listener Service = 28672
11-03 20:54:42.592429     0     0 W QSEECOM : qseecom_receive_req: Interrupted: exiting Listener Service = 11
11-03 20:54:42.996320     0     0 I PM      : suspend entry 2021-11-03 19:54:42.996320051 UTC
11-03 20:54:42.996340     0     0 I PM      : Syncing filesystems ... done.
11-03 20:54:43.022390     0     0 I         : Freezing user space processes ... (elapsed 0.011 seconds) done.
11-03 20:54:43.033592     0     0 I         : Freezing remaining freezable tasks ... (elapsed 0.006 seconds) done.
11-03 20:54:43.040096     0     0 I         : Suspending console(s) (use no_console_suspend to debug)
11-03 20:54:43.051212     0     0 I bgcom   : bgcom_pm_suspend: suspended with : 0
11-03 20:54:43.084360     0     0 I PM      : suspend of devices complete after 40.421 msecs
11-03 20:54:43.090634     0     0 I PM      : late suspend of devices complete after 6.227 msecs
11-03 20:54:43.097042     0     0 I PM      : noirq suspend of devices complete after 6.386 msecs
11-03 20:54:43.097055     0     0 I         : Disabling non-boot CPUs ...
11-03 20:54:43.117400     0     0 W         : IRQ16 no longer affine to CPU1
11-03 20:54:43.119475     0     0 I CPU1    : shutdown
11-03 20:54:43.121634     0     0 I suspend ns: 987386197970	suspend cycles:      26798074412
11-03 20:54:43.121611     0     0 I CPU0    : msm_cpu_pm_enter_sleep mode:3 during suspend
11-03 20:54:43.121611     0     0 I         : Suspended for 0.675 seconds
11-03 20:54:43.121611     0     0 I resume cycles: 26811042535
11-03 20:54:43.121900     0     0 I         : Enabling non-boot CPUs ...
11-03 20:54:43.122737     0     0 I CPU1    : update cpu_capacity 1024
11-03 20:54:43.124459     0     0 I         : CPU1 is up
11-03 20:54:43.125882     0     0 I CPU1    : update max cpu_capacity 1024
11-03 20:54:43.128554     0     0 I PM      : noirq resume of devices complete after 3.728 msecs
11-03 20:54:43.134099     0     0 I PM      : early resume of devices complete after 4.015 msecs
11-03 20:54:43.135390    20    20 E         : [20:54:43.810820] [000000063E1412C9] [VosRX]  wlan: [E :WDI] WDTS_RxPacketDump RX Data frame is UC
11-03 20:54:43.135417    20    20 E         : [20:54:43.810859] [000000063E141595] [VosRX]  wlan: [E :WDI] WDTS_RxPacketDump: Data subtype:8 SA:44:fe:3b:41:13:4b DA:00:0a:f5:f2:a2:70
11-03 20:54:43.135521    20    20 E         : [20:54:43.810961] [000000063E141D59] [VosRX]  wlan: [E :HDD] hdd_log_ip_addr: src addr 192:168:1:3
11-03 20:54:43.135538    20    20 E         : [20:54:43.810981] [000000063E141EB5] [VosRX]  wlan: [E :HDD] hdd_log_ip_addr: dst addr 192:168:1:14
11-03 20:54:43.166190     0     0 I bgcom   : bgcom_pm_resume: Bgcom resumed with : 0
11-03 20:54:43.172510     0     0 I PM      : resume of devices complete after 38.380 msecs
11-03 20:54:43.175726     0     0 I         : Restarting tasks ...
11-03 20:54:43.178833     0     0 W QSEECOM : qseecom_receive_req: Interrupted: exiting Listener Service = 8192
11-03 20:54:43.178907     0     0 W QSEECOM : qseecom_receive_req: Interrupted: exiting Listener Service = 12288
11-03 20:54:43.178959     0     0 W QSEECOM : qseecom_receive_req: Interrupted: exiting Listener Service = 11
11-03 20:54:43.179004     0     0 W QSEECOM : qseecom_receive_req: Interrupted: exiting Listener Service = 10
11-03 20:54:43.179053     0     0 W QSEECOM : qseecom_receive_req: Interrupted: exiting Listener Service = 28672
11-03 20:54:43.187256     0     0 I         : done.
11-03 20:54:43.863451     0     0 I PM      : suspend exit 2021-11-03 19:54:43.863451040 UTC
11-03 20:54:43.964920     0     0 I PM      : suspend entry 2021-11-03 19:54:43.964920727 UTC
11-03 20:54:43.964934     0     0 I PM      : Syncing filesystems ... done.
11-03 20:54:44.064192     0     0 I         : Freezing user space processes ... (elapsed 0.007 seconds) done.
11-03 20:54:44.071752     0     0 I         : Freezing remaining freezable tasks ... (elapsed 0.003 seconds) done.
11-03 20:54:44.075735     0     0 I         : Suspending console(s) (use no_console_suspend to debug)
11-03 20:54:44.083118     0     0 I bgcom   : bgcom_pm_suspend: suspended with : 0
11-03 20:54:44.120413     0     0 I PM      : suspend of devices complete after 42.446 msecs
11-03 20:54:44.126053     0     0 I PM      : late suspend of devices complete after 5.595 msecs
11-03 20:54:44.131931     0     0 I PM      : noirq suspend of devices complete after 5.851 msecs
11-03 20:54:44.131942     0     0 I         : Disabling non-boot CPUs ...
11-03 20:54:44.154323     0     0 I CPU1    : shutdown
11-03 20:54:44.156389     0     0 I suspend ns: 987745523804	suspend cycles:      26817941591
11-03 20:54:44.156369     0     0 I CPU0    : msm_cpu_pm_enter_sleep mode:3 during suspend
11-03 20:54:44.156369     0     0 I         : Suspended for 0.870 seconds
11-03 20:54:44.156369     0     0 I resume cycles: 26834666374
11-03 20:54:44.156629     0     0 I         : Enabling non-boot CPUs ...
11-03 20:54:44.157437     0     0 I CPU1    : update cpu_capacity 1024
11-03 20:54:44.158857     0     0 I         : CPU1 is up
11-03 20:54:44.161177     0     0 I CPU1    : update max cpu_capacity 1024
11-03 20:54:44.162774     0     0 I PM      : noirq resume of devices complete after 3.599 msecs
11-03 20:54:44.167979     0     0 I PM      : early resume of devices complete after 3.723 msecs
11-03 20:54:44.169210    20    20 E         : [20:54:45.040296] [000000063F7C4558] [VosRX]  wlan: [E :WDI] WDTS_RxPacketDump RX Data frame is UC
11-03 20:54:44.169233    20    20 E         : [20:54:45.040327] [000000063F7C47A8] [VosRX]  wlan: [E :WDI] WDTS_RxPacketDump: Data subtype:8 SA:44:fe:3b:41:13:4b DA:00:0a:f5:f2:a2:70
11-03 20:54:44.169329    20    20 E         : [20:54:45.040424] [000000063F7C4EEA] [VosRX]  wlan: [E :HDD] hdd_log_ip_addr: src addr 192:168:1:3
11-03 20:54:44.169342    20    20 E         : [20:54:45.040438] [000000063F7C4FF0] [VosRX]  wlan: [E :HDD] hdd_log_ip_addr: dst addr 192:168:1:14
11-03 20:54:44.196939     0     0 I bgcom   : bgcom_pm_resume: Bgcom resumed with : 0
11-03 20:54:44.202849     0     0 I PM      : resume of devices complete after 34.840 msecs
11-03 20:54:44.205480     0     0 I         : Restarting tasks ...
11-03 20:54:44.208096     0     0 W QSEECOM : qseecom_receive_req: Interrupted: exiting Listener Service = 8192
11-03 20:54:44.208157     0     0 W QSEECOM : qseecom_receive_req: Interrupted: exiting Listener Service = 12288
11-03 20:54:44.208199     0     0 W QSEECOM : qseecom_receive_req: Interrupted: exiting Listener Service = 11
11-03 20:54:44.208231     0     0 W QSEECOM : qseecom_receive_req: Interrupted: exiting Listener Service = 10
11-03 20:54:44.210951     0     0 W QSEECOM : qseecom_receive_req: Interrupted: exiting Listener Service = 28672
11-03 20:54:44.218444     0     0 I         : done.
11-03 20:54:45.089971     0     0 I PM      : suspend exit 2021-11-03 19:54:45.089971976 UTC
11-03 20:54:45.191455     0     0 I PM      : suspend entry 2021-11-03 19:54:45.191455622 UTC
11-03 20:54:45.191468     0     0 I PM      : Syncing filesystems ... done.
11-03 20:54:45.296005     0     0 I         : Freezing user space processes ... (elapsed 0.007 seconds) done.
11-03 20:54:45.303443     0     0 I         : Freezing remaining freezable tasks ... (elapsed 0.003 seconds) done.
11-03 20:54:45.307369     0     0 I         : Suspending console(s) (use no_console_suspend to debug)
11-03 20:54:45.314750     0     0 I bgcom   : bgcom_pm_suspend: suspended with : 0
11-03 20:54:45.350593     0     0 I PM      : suspend of devices complete after 41.001 msecs
11-03 20:54:45.356270     0     0 I PM      : late suspend of devices complete after 5.631 msecs
11-03 20:54:45.361996     0     0 I PM      : noirq suspend of devices complete after 5.697 msecs
11-03 20:54:45.362009     0     0 I         : Disabling non-boot CPUs ...
11-03 20:54:45.385305     0     0 I CPU1    : shutdown
11-03 20:54:45.387131     0     0 I suspend ns: 988105183492	suspend cycles:      26841571840
11-03 20:54:45.387111     0     0 I CPU0    : msm_cpu_pm_enter_sleep mode:3 during suspend
11-03 20:54:45.387111     0     0 I         : Suspended for 0.560 seconds
11-03 20:54:45.387111     0     0 I resume cycles: 26852336529
11-03 20:54:45.387367     0     0 I         : Enabling non-boot CPUs ...
11-03 20:54:45.388181     0     0 I CPU1    : update cpu_capacity 1024
11-03 20:54:45.389610     0     0 I         : CPU1 is up
11-03 20:54:45.392144     0     0 I CPU1    : update max cpu_capacity 1024
11-03 20:54:45.393403     0     0 I PM      : noirq resume of devices complete after 3.477 msecs
11-03 20:54:45.398909     0     0 I PM      : early resume of devices complete after 4.034 msecs
11-03 20:54:45.400396    20    20 E         : [20:54:45.961060] [00000006408A06AA] [VosRX]  wlan: [E :WDI] WDTS_RxPacketDump RX Data frame is UC
11-03 20:54:45.400419    20    20 E         : [20:54:45.961092] [00000006408A0907] [VosRX]  wlan: [E :WDI] WDTS_RxPacketDump: Data subtype:8 SA:44:fe:3b:41:13:4b DA:00:0a:f5:f2:a2:70
11-03 20:54:45.400512    20    20 E         : [20:54:45.961186] [00000006408A101F] [VosRX]  wlan: [E :HDD] hdd_log_ip_addr: src addr 192:168:1:3
11-03 20:54:45.400526    20    20 E         : [20:54:45.961200] [00000006408A112B] [VosRX]  wlan: [E :HDD] hdd_log_ip_addr: dst addr 192:168:1:14
11-03 20:54:45.428711     0     0 I bgcom   : bgcom_pm_resume: Bgcom resumed with : 0
11-03 20:54:45.434631     0     0 I PM      : resume of devices complete after 35.690 msecs
11-03 20:54:45.437261     0     0 I         : Restarting tasks ...
11-03 20:54:45.440081     0     0 W QSEECOM : qseecom_receive_req: Interrupted: exiting Listener Service = 28672
11-03 20:54:45.443126     0     0 W QSEECOM : qseecom_receive_req: Interrupted: exiting Listener Service = 8192
11-03 20:54:45.443191     0     0 W QSEECOM : qseecom_receive_req: Interrupted: exiting Listener Service = 12288
11-03 20:54:45.443222     0     0 W QSEECOM : qseecom_receive_req: Interrupted: exiting Listener Service = 11
11-03 20:54:45.443253     0     0 W QSEECOM : qseecom_receive_req: Interrupted: exiting Listener Service = 10
11-03 20:54:45.446623     0     0 I         : done.
11-03 20:54:46.007988     0     0 I PM      : suspend exit 2021-11-03 19:54:46.007988382 UTC
11-03 20:54:46.109438     0     0 I PM      : suspend entry 2021-11-03 19:54:46.109438069 UTC
11-03 20:54:46.109451     0     0 I PM      : Syncing filesystems ...
11-03 20:54:46.192086     0     0 E FG      : fg_psy_get_property: unsupported property 7
11-03 20:54:46.200134     0     0 I chatty  : uid=0(root) logd identical 1 line
11-03 20:54:46.200502     0     0 E FG      : fg_psy_get_property: unsupported property 7
11-03 20:54:46.201086     0     0 I         : done.
11-03 20:54:46.201567     0     0 I         : Freezing user space processes ...
11-03 20:54:46.206707     0     0 I PM      : Wakeup pending, aborting suspend
11-03 20:54:46.206843     0     0 I         : active wakeup source: NETLINK
11-03 20:54:46.206896     0     0 E         : Freezing of tasks aborted after 0.005 seconds
11-03 20:54:46.206911     0     0 I         : Restarting tasks ...
11-03 20:54:46.207670     0     0 W QSEECOM : qseecom_receive_req: Interrupted: exiting Listener Service = 11
11-03 20:54:46.207724     0     0 W QSEECOM : qseecom_receive_req: Interrupted: exiting Listener Service = 10
11-03 20:54:46.211230     0     0 W QSEECOM : qseecom_receive_req: Interrupted: exiting Listener Service = 28672
11-03 20:54:46.211455     0     0 W QSEECOM : qseecom_receive_req: Interrupted: exiting Listener Service = 8192
11-03 20:54:46.211649     0     0 I         : done.
11-03 20:54:46.212308     0     0 W QSEECOM : qseecom_receive_req: Interrupted: exiting Listener Service = 12288
--------- switch to main
11-03 20:54:46.226527  1906  1906 D QtiCarrierConfigHelper: WARNING, no carrier configs on phone Id: 0
11-03 20:54:46.227206  2365  2365 D HOME    : [BatteryChange]action: android.intent.action.BATTERY_CHANGED
11-03 20:54:46.227627  2365  5231 D HOME    : [BatteryChange]HandleBatteryChangedTask
11-03 20:54:46.228057  2365  5231 D HOME    : [BatteryChange]level: 27, status: 2
--------- switch to kernel
11-03 20:54:46.216704     0     0 I PM      : suspend exit 2021-11-03 19:54:46.216704059 UTC
11-03 20:54:46.136917     0     0 W healthd : battery l=27 v=3976 t=38.0 h=2 st=2 c=-287 fc=443000 cc=0 chg=a
11-03 20:54:46.139500     0     0 W healthd : battery l=27 v=3976 t=38.0 h=2 st=2 c=-287 fc=443000 cc=0 chg=a
11-03 20:54:46.418353     0     0 I PM      : suspend entry 2021-11-03 19:54:46.418353954 UTC
11-03 20:54:46.418376     0     0 I PM      : Syncing filesystems ... done.
11-03 20:54:46.443012     0     0 I         : Freezing user space processes ... (elapsed 0.008 seconds) done.
11-03 20:54:46.451084     0     0 I         : Freezing remaining freezable tasks ... (elapsed 0.004 seconds) done.
11-03 20:54:46.455334     0     0 I         : Suspending console(s) (use no_console_suspend to debug)
11-03 20:54:46.462451     0     0 I bgcom   : bgcom_pm_suspend: suspended with : 0
11-03 20:54:46.501466     0     0 I PM      : suspend of devices complete after 43.620 msecs
11-03 20:54:46.508306     0     0 I PM      : late suspend of devices complete after 6.794 msecs
11-03 20:54:46.514648     0     0 I PM      : noirq suspend of devices complete after 6.315 msecs
11-03 20:54:46.514661     0     0 I         : Disabling non-boot CPUs ...
11-03 20:54:46.534155     0     0 W migrate_irqs: 5 callbacks suppressed
11-03 20:54:46.534165     0     0 W         : IRQ16 no longer affine to CPU1
11-03 20:54:46.534178     0     0 W         : IRQ21 no longer affine to CPU1
11-03 20:54:46.534510     0     0 W         : IRQ93 no longer affine to CPU1
11-03 20:54:46.536218     0     0 I CPU1    : shutdown
11-03 20:54:46.538347     0     0 I suspend ns: 988695748337	suspend cycles:      26863675374
11-03 20:54:46.538326     0     0 I CPU0    : msm_cpu_pm_enter_sleep mode:3 during suspend
11-03 20:54:46.538326     0     0 I         : Suspended for 0.639 seconds
11-03 20:54:46.538326     0     0 I resume cycles: 26875961070
11-03 20:54:46.538612     0     0 I         : Enabling non-boot CPUs ...
11-03 20:54:46.539435     0     0 I CPU1    : update cpu_capacity 1024
11-03 20:54:46.541166     0     0 I         : CPU1 is up
11-03 20:54:46.542834     0     0 I CPU1    : update max cpu_capacity 1024
11-03 20:54:46.545330     0     0 I PM      : noirq resume of devices complete after 3.777 msecs
11-03 20:54:46.550858     0     0 I PM      : early resume of devices complete after 3.998 msecs
11-03 20:54:46.552179    20    20 E         : [20:54:47.192070] [0000000641F2AC91] [VosRX]  wlan: [E :WDI] WDTS_RxPacketDump RX Data frame is UC
11-03 20:54:46.552205    20    20 E         : [20:54:47.192107] [0000000641F2AF2B] [VosRX]  wlan: [E :WDI] WDTS_RxPacketDump: Data subtype:8 SA:44:fe:3b:41:13:4b DA:00:0a:f5:f2:a2:70
11-03 20:54:46.552310    20    20 E         : [20:54:47.192210] [0000000641F2B6ED] [VosRX]  wlan: [E :HDD] hdd_log_ip_addr: src addr 192:168:1:3
11-03 20:54:46.552326    20    20 E         : [20:54:47.192229] [0000000641F2B84F] [VosRX]  wlan: [E :HDD] hdd_log_ip_addr: dst addr 192:168:1:14
11-03 20:54:46.582962     0     0 I bgcom   : bgcom_pm_resume: Bgcom resumed with : 0
11-03 20:54:46.589458     0     0 I PM      : resume of devices complete after 38.569 msecs
11-03 20:54:46.592459     0     0 I         : Restarting tasks ...
11-03 20:54:46.595371     0     0 W QSEECOM : qseecom_receive_req: Interrupted: exiting Listener Service = 8192
11-03 20:54:46.595440     0     0 W QSEECOM : qseecom_receive_req: Interrupted: exiting Listener Service = 11
11-03 20:54:46.595555     0     0 W QSEECOM : qseecom_receive_req: Interrupted: exiting Listener Service = 28672
11-03 20:54:46.599226     0     0 W QSEECOM : qseecom_receive_req: Interrupted: exiting Listener Service = 12288
11-03 20:54:46.599287     0     0 W QSEECOM : qseecom_receive_req: Interrupted: exiting Listener Service = 10
11-03 20:54:46.603821     0     0 I         : done.
11-03 20:54:47.244469     0     0 I PM      : suspend exit 2021-11-03 19:54:47.244469943 UTC
11-03 20:54:47.345952     0     0 I PM      : suspend entry 2021-11-03 19:54:47.345952599 UTC
11-03 20:54:47.345965     0     0 I PM      : Syncing filesystems ... done.
11-03 20:54:47.444281     0     0 I         : Freezing user space processes ... (elapsed 0.007 seconds) done.
11-03 20:54:47.451885     0     0 I         : Freezing remaining freezable tasks ... (elapsed 0.004 seconds) done.
11-03 20:54:47.456006     0     0 I         : Suspending console(s) (use no_console_suspend to debug)
11-03 20:54:47.463206     0     0 I bgcom   : bgcom_pm_suspend: suspended with : 0
11-03 20:54:47.500082     0     0 I PM      : suspend of devices complete after 41.852 msecs
11-03 20:54:47.505953     0     0 I PM      : late suspend of devices complete after 5.826 msecs
11-03 20:54:47.511590     0     0 I PM      : noirq suspend of devices complete after 5.615 msecs
11-03 20:54:47.511604     0     0 I         : Disabling non-boot CPUs ...
11-03 20:54:47.525588     0     0 I CPU1    : shutdown
11-03 20:54:47.527610     0     0 I suspend ns: 989045121358	suspend cycles:      26882669032
11-03 20:54:47.527590     0     0 I CPU0    : msm_cpu_pm_enter_sleep mode:3 during suspend
11-03 20:54:47.527590     0     0 I         : Suspended for 1.185 seconds
11-03 20:54:47.527590     0     0 I resume cycles: 26905425680
11-03 20:54:47.527849     0     0 I         : Enabling non-boot CPUs ...
11-03 20:54:47.528661     0     0 I CPU1    : update cpu_capacity 1024
11-03 20:54:47.530080     0     0 I         : CPU1 is up
11-03 20:54:47.532402     0     0 I CPU1    : update max cpu_capacity 1024
11-03 20:54:47.533844     0     0 I PM      : noirq resume of devices complete after 3.454 msecs
11-03 20:54:47.539314     0     0 I PM      : early resume of devices complete after 4.005 msecs
11-03 20:54:47.540507    20    20 E         : [20:54:48.725753] [0000000643B3FE9E] [VosRX]  wlan: [E :WDI] WDTS_RxPacketDump RX Data frame is UC
11-03 20:54:47.540528    20    20 E         : [20:54:48.725784] [0000000643B400E6] [VosRX]  wlan: [E :WDI] WDTS_RxPacketDump: Data subtype:8 SA:44:fe:3b:41:13:4b DA:00:0a:f5:f2:a2:70
11-03 20:54:47.540623    20    20 E         : [20:54:48.725877] [0000000643B407EB] [VosRX]  wlan: [E :HDD] hdd_log_ip_addr: src addr 192:168:1:3
11-03 20:54:47.540636    20    20 E         : [20:54:48.725892] [0000000643B40900] [VosRX]  wlan: [E :HDD] hdd_log_ip_addr: dst addr 192:168:1:14
11-03 20:54:47.567669     0     0 I bgcom   : bgcom_pm_resume: Bgcom resumed with : 0
11-03 20:54:47.573701     0     0 I PM      : resume of devices complete after 34.357 msecs
11-03 20:54:47.576331     0     0 I         : Restarting tasks ...
11-03 20:54:47.579080     0     0 W QSEECOM : qseecom_receive_req: Interrupted: exiting Listener Service = 8192
11-03 20:54:47.579136     0     0 W QSEECOM : qseecom_receive_req: Interrupted: exiting Listener Service = 12288
11-03 20:54:47.581724     0     0 W QSEECOM : qseecom_receive_req: Interrupted: exiting Listener Service = 11
11-03 20:54:47.581773     0     0 W QSEECOM : qseecom_receive_req: Interrupted: exiting Listener Service = 10
11-03 20:54:47.581802     0     0 W QSEECOM : qseecom_receive_req: Interrupted: exiting Listener Service = 28672
11-03 20:54:47.588926     0     0 I         : done.
11-03 20:54:48.774883     0     0 I PM      : suspend exit 2021-11-03 19:54:48.774883275 UTC
11-03 20:54:48.876316     0     0 I PM      : suspend entry 2021-11-03 19:54:48.876316452 UTC
11-03 20:54:48.876330     0     0 I PM      : Syncing filesystems ... done.
11-03 20:54:48.991202     0     0 I         : Freezing user space processes ... (elapsed 0.007 seconds) done.
11-03 20:54:48.998793     0     0 I         : Freezing remaining freezable tasks ... (elapsed 0.003 seconds) done.
11-03 20:54:49.002783     0     0 I         : Suspending console(s) (use no_console_suspend to debug)
11-03 20:54:49.010132     0     0 I bgcom   : bgcom_pm_suspend: suspended with : 0
11-03 20:54:49.046621     0     0 I PM      : suspend of devices complete after 41.615 msecs
11-03 20:54:49.052383     0     0 I PM      : late suspend of devices complete after 5.718 msecs
11-03 20:54:49.058292     0     0 I PM      : noirq suspend of devices complete after 5.877 msecs
11-03 20:54:49.058306     0     0 I         : Disabling non-boot CPUs ...
11-03 20:54:49.078722     0     0 W         : IRQ21 no longer affine to CPU1
11-03 20:54:49.080589     0     0 I CPU1    : shutdown
11-03 20:54:49.082551     0     0 I suspend ns: 989414820265	suspend cycles:      26912523899
11-03 20:54:49.082532     0     0 I CPU0    : msm_cpu_pm_enter_sleep mode:3 during suspend
11-03 20:54:49.082532     0     0 I         : Suspended for 0.245 seconds
11-03 20:54:49.082532     0     0 I resume cycles: 26917236416
11-03 20:54:49.082790     0     0 I         : Enabling non-boot CPUs ...
11-03 20:54:49.083599     0     0 I CPU1    : update cpu_capacity 1024
11-03 20:54:49.085040     0     0 I         : CPU1 is up
11-03 20:54:49.087568     0     0 I CPU1    : update max cpu_capacity 1024
11-03 20:54:49.088882     0     0 I PM      : noirq resume of devices complete after 3.527 msecs
11-03 20:54:49.094404     0     0 I PM      : early resume of devices complete after 4.047 msecs
11-03 20:54:49.095580    20    20 E         : [20:54:49.341027] [0000000644684038] [VosRX]  wlan: [E :WDI] WDTS_RxPacketDump RX Data frame is UC
11-03 20:54:49.095603    20    20 E         : [20:54:49.341058] [0000000644684278] [VosRX]  wlan: [E :WDI] WDTS_RxPacketDump: Data subtype:8 SA:44:fe:3b:41:13:4b DA:00:0a:f5:f2:a2:70
11-03 20:54:49.095699    20    20 E         : [20:54:49.341154] [00000006446849BC] [VosRX]  wlan: [E :HDD] hdd_log_ip_addr: src addr 192:168:1:3
11-03 20:54:49.095711    20    20 E         : [20:54:49.341168] [0000000644684AB8] [VosRX]  wlan: [E :HDD] hdd_log_ip_addr: dst addr 192:168:1:14
11-03 20:54:49.123081     0     0 I bgcom   : bgcom_pm_resume: Bgcom resumed with : 0
11-03 20:54:49.129236     0     0 I PM      : resume of devices complete after 34.801 msecs
11-03 20:54:49.131850     0     0 I         : Restarting tasks ...
