11-03 21:00:01.296849     0     0 I PM      : Syncing filesystems ... done.
11-03 21:00:01.400655     0     0 I         : Freezing user space processes ... (elapsed 0.007 seconds) done.
11-03 21:00:01.407870     0     0 I         : Freezing remaining freezable tasks ... (elapsed 0.003 seconds) done.
11-03 21:00:01.411835     0     0 I         : Suspending console(s) (use no_console_suspend to debug)
11-03 21:00:01.420770     0     0 I bgcom   : bgcom_pm_suspend: suspended with : 0
11-03 21:00:01.458124     0     0 I PM      : suspend of devices complete after 43.654 msecs
11-03 21:00:01.463911     0     0 I PM      : late suspend of devices complete after 5.746 msecs
11-03 21:00:01.469499     0     0 I PM      : noirq suspend of devices complete after 5.563 msecs
11-03 21:00:01.469510     0     0 I         : Disabling non-boot CPUs ...
11-03 21:00:01.485070     0     0 I CPU1    : shutdown
11-03 21:00:01.487102     0     0 I suspend ns: 1128324018800	suspend cycles:      32910691203
11-03 21:00:01.487079     0     0 I CPU0    : msm_cpu_pm_enter_sleep mode:3 during suspend
11-03 21:00:01.487079     0     0 I         : Suspended for 0.877 seconds
11-03 21:00:01.487079     0     0 I resume cycles: 32927541342
11-03 21:00:01.487326     0     0 I         : Enabling non-boot CPUs ...
11-03 21:00:01.488131     0     0 I CPU1    : update cpu_capacity 1024
11-03 21:00:01.489532     0     0 I         : CPU1 is up
11-03 21:00:01.491975     0     0 I CPU1    : update max cpu_capacity 1024
11-03 21:00:01.493339     0     0 I PM      : noirq resume of devices complete after 3.499 msecs
11-03 21:00:01.498900     0     0 I PM      : early resume of devices complete after 4.087 msecs
11-03 21:00:01.500377    21    21 E         : [21:00:02.377992] [00000007AAA64C8E] [VosRX]  wlan: [E :WDI] WDTS_RxPacketDump RX Data frame is UC
11-03 21:00:01.500399    21    21 E         : [21:00:02.378021] [00000007AAA64EBA] [VosRX]  wlan: [E :WDI] WDTS_RxPacketDump: Data subtype:8 SA:44:fe:3b:41:13:4b DA:00:0a:f5:f2:a2:70
11-03 21:00:01.500498    21    21 E         : [21:00:02.378119] [00000007AAA6561D] [VosRX]  wlan: [E :HDD] hdd_log_ip_addr: src addr 192:168:1:3
11-03 21:00:01.500511    21    21 E         : [21:00:02.378135] [00000007AAA6573C] [VosRX]  wlan: [E :HDD] hdd_log_ip_addr: dst addr 192:168:1:14
11-03 21:00:01.529218     0     0 I bgcom   : bgcom_pm_resume: Bgcom resumed with : 0
11-03 21:00:01.535441     0     0 I PM      : resume of devices complete after 36.510 msecs
11-03 21:00:01.538104     0     0 I         : Restarting tasks ...
11-03 21:00:01.541018     0     0 W QSEECOM : qseecom_receive_req: Interrupted: exiting Listener Service = 12288
11-03 21:00:01.541076     0     0 W QSEECOM : qseecom_receive_req: Interrupted: exiting Listener Service = 28672
11-03 21:00:01.543895     0     0 W QSEECOM : qseecom_receive_req: Interrupted: exiting Listener Service = 8192
11-03 21:00:01.543945     0     0 W QSEECOM : qseecom_receive_req: Interrupted: exiting Listener Service = 11
11-03 21:00:01.543978     0     0 W QSEECOM : qseecom_receive_req: Interrupted: exiting Listener Service = 10
11-03 21:00:01.544464     0     0 I         : done.
11-03 21:00:02.422807     0     0 I PM      : suspend exit 2021-11-03 20:00:02.422807105 UTC
11-03 21:00:02.527364     0     0 I PM      : suspend entry 2021-11-03 20:00:02.527364084 UTC
11-03 21:00:02.527378     0     0 I PM      : Syncing filesystems ... done.
11-03 21:00:02.624876     0     0 I         : Freezing user space processes ... (elapsed 0.007 seconds) done.
11-03 21:00:02.631990     0     0 I         : Freezing remaining freezable tasks ... (elapsed 0.003 seconds) done.
11-03 21:00:02.635931     0     0 I         : Suspending console(s) (use no_console_suspend to debug)
11-03 21:00:02.642735     0     0 I bgcom   : bgcom_pm_suspend: suspended with : 0
11-03 21:00:02.680302     0     0 I PM      : suspend of devices complete after 42.149 msecs
11-03 21:00:02.685846     0     0 I PM      : late suspend of devices complete after 5.500 msecs
11-03 21:00:02.691691     0     0 I PM      : noirq suspend of devices complete after 5.818 msecs
11-03 21:00:02.691705     0     0 I         : Disabling non-boot CPUs ...
11-03 21:00:02.712598     0     0 I CPU1    : shutdown
11-03 21:00:02.714616     0     0 I suspend ns: 1128673925363	suspend cycles:      32934259548
11-03 21:00:02.714596     0     0 I CPU0    : msm_cpu_pm_enter_sleep mode:3 during suspend
11-03 21:00:02.714596     0     0 I         : Suspended for 0.563 seconds
11-03 21:00:02.714596     0     0 I resume cycles: 32945083943
11-03 21:00:02.714856     0     0 I         : Enabling non-boot CPUs ...
11-03 21:00:02.715665     0     0 I CPU1    : update cpu_capacity 1024
11-03 21:00:02.717082     0     0 I         : CPU1 is up
11-03 21:00:02.719385     0     0 I CPU1    : update max cpu_capacity 1024
11-03 21:00:02.720899     0     0 I PM      : noirq resume of devices complete after 3.507 msecs
11-03 21:00:02.726314     0     0 I PM      : early resume of devices complete after 3.940 msecs
11-03 21:00:02.727658    21    21 E         : [21:00:03.291431] [00000007ABB1E873] [VosRX]  wlan: [E :WDI] WDTS_RxPacketDump RX Data frame is UC
11-03 21:00:02.727680    21    21 E         : [21:00:03.291463] [00000007ABB1EAEE] [VosRX]  wlan: [E :WDI] WDTS_RxPacketDump: Data subtype:8 SA:44:fe:3b:41:13:4b DA:00:0a:f5:f2:a2:70
11-03 21:00:02.727777    21    21 E         : [21:00:03.291557] [00000007ABB1F20A] [VosRX]  wlan: [E :HDD] hdd_log_ip_addr: src addr 192:168:1:6
11-03 21:00:02.727790    21    21 E         : [21:00:03.291574] [00000007ABB1F32A] [VosRX]  wlan: [E :HDD] hdd_log_ip_addr: dst addr 239:255:255:250
11-03 21:00:02.755149     0     0 I bgcom   : bgcom_pm_resume: Bgcom resumed with : 0
11-03 21:00:02.760930     0     0 I PM      : resume of devices complete after 34.587 msecs
11-03 21:00:02.763660     0     0 I         : Restarting tasks ...
11-03 21:00:02.766230     0     0 W QSEECOM : qseecom_receive_req: Interrupted: exiting Listener Service = 8192
11-03 21:00:02.766288     0     0 W QSEECOM : qseecom_receive_req: Interrupted: exiting Listener Service = 12288
11-03 21:00:02.766324     0     0 W QSEECOM : qseecom_receive_req: Interrupted: exiting Listener Service = 11
11-03 21:00:02.766357     0     0 W QSEECOM : qseecom_receive_req: Interrupted: exiting Listener Service = 28672
11-03 21:00:02.769150     0     0 W QSEECOM : qseecom_receive_req: Interrupted: exiting Listener Service = 10
11-03 21:00:02.773773     0     0 I         : done.
11-03 21:00:03.338241     0     0 I PM      : suspend exit 2021-11-03 20:00:03.338241584 UTC
11-03 21:00:03.454368     0     0 I PM      : suspend entry 2021-11-03 20:00:03.454368302 UTC
11-03 21:00:03.454381     0     0 I PM      : Syncing filesystems ... done.
11-03 21:00:03.554938     0     0 I         : Freezing user space processes ... (elapsed 0.007 seconds) done.
11-03 21:00:03.562406     0     0 I         : Freezing remaining freezable tasks ... (elapsed 0.004 seconds) done.
11-03 21:00:03.566589     0     0 I         : Suspending console(s) (use no_console_suspend to debug)
11-03 21:00:03.573562     0     0 I bgcom   : bgcom_pm_suspend: suspended with : 0
11-03 21:00:03.610532     0     0 I PM      : suspend of devices complete after 41.725 msecs
11-03 21:00:03.616299     0     0 I PM      : late suspend of devices complete after 5.722 msecs
11-03 21:00:03.621903     0     0 I PM      : noirq suspend of devices complete after 5.581 msecs
11-03 21:00:03.621915     0     0 I         : Disabling non-boot CPUs ...
11-03 21:00:03.636145     0     0 I CPU1    : shutdown
11-03 21:00:03.638133     0     0 I suspend ns: 1129033672499	suspend cycles:      32951991088
11-03 21:00:03.638113     0     0 I CPU0    : msm_cpu_pm_enter_sleep mode:3 during suspend
11-03 21:00:03.638113     0     0 I         : Suspended for 0.877 seconds
11-03 21:00:03.638113     0     0 I resume cycles: 32968837981
11-03 21:00:03.638372     0     0 I         : Enabling non-boot CPUs ...
11-03 21:00:03.639184     0     0 I CPU1    : update cpu_capacity 1024
11-03 21:00:03.640613     0     0 I         : CPU1 is up
11-03 21:00:03.643019     0     0 I CPU1    : update max cpu_capacity 1024
11-03 21:00:03.644473     0     0 I PM      : noirq resume of devices complete after 3.558 msecs
11-03 21:00:03.649665     0     0 I PM      : early resume of devices complete after 3.724 msecs
11-03 21:00:03.650900    21    21 E         : [21:00:04.528344] [00000007AD1C490F] [VosRX]  wlan: [E :WDI] WDTS_RxPacketDump RX Data frame is UC
11-03 21:00:03.650923    21    21 E         : [21:00:04.528378] [00000007AD1C4B7A] [VosRX]  wlan: [E :WDI] WDTS_RxPacketDump: Data subtype:8 SA:44:fe:3b:41:13:4b DA:00:0a:f5:f2:a2:70
11-03 21:00:03.651022    21    21 E         : [21:00:04.528476] [00000007AD1C52E5] [VosRX]  wlan: [E :HDD] hdd_log_ip_addr: src addr 192:168:1:3
11-03 21:00:03.651036    21    21 E         : [21:00:04.528492] [00000007AD1C540A] [VosRX]  wlan: [E :HDD] hdd_log_ip_addr: dst addr 192:168:1:14
11-03 21:00:03.680721     0     0 I bgcom   : bgcom_pm_resume: Bgcom resumed with : 0
11-03 21:00:03.686608     0     0 I PM      : resume of devices complete after 36.913 msecs
11-03 21:00:03.689249     0     0 I         : Restarting tasks ...
11-03 21:00:03.691810     0     0 W QSEECOM : qseecom_receive_req: Interrupted: exiting Listener Service = 8192
11-03 21:00:03.691883     0     0 W QSEECOM : qseecom_receive_req: Interrupted: exiting Listener Service = 11
11-03 21:00:03.691916     0     0 W QSEECOM : qseecom_receive_req: Interrupted: exiting Listener Service = 10
11-03 21:00:03.695117     0     0 W QSEECOM : qseecom_receive_req: Interrupted: exiting Listener Service = 12288
11-03 21:00:03.695175     0     0 W QSEECOM : qseecom_receive_req: Interrupted: exiting Listener Service = 28672
11-03 21:00:03.702417     0     0 I         : done.
11-03 21:00:04.580325     0     0 I PM      : suspend exit 2021-11-03 20:00:04.580325801 UTC
11-03 21:00:04.681718     0     0 I PM      : suspend entry 2021-11-03 20:00:04.681718249 UTC
11-03 21:00:04.681731     0     0 I PM      : Syncing filesystems ... done.
11-03 21:00:04.779071     0     0 I         : Freezing user space processes ... (elapsed 0.007 seconds) done.
11-03 21:00:04.786371     0     0 I         : Freezing remaining freezable tasks ... (elapsed 0.004 seconds) done.
11-03 21:00:04.790736     0     0 I         : Suspending console(s) (use no_console_suspend to debug)
11-03 21:00:04.799265     0     0 I bgcom   : bgcom_pm_suspend: suspended with : 0
11-03 21:00:04.835081     0     0 I PM      : suspend of devices complete after 42.127 msecs
11-03 21:00:04.840854     0     0 I PM      : late suspend of devices complete after 5.731 msecs
11-03 21:00:04.846468     0     0 I PM      : noirq suspend of devices complete after 5.590 msecs
11-03 21:00:04.846480     0     0 I         : Disabling non-boot CPUs ...
11-03 21:00:04.863503     0     0 I CPU1    : shutdown
11-03 21:00:04.865453     0     0 I suspend ns: 1129383546093	suspend cycles:      32975555554
11-03 21:00:04.865431     0     0 I CPU0    : msm_cpu_pm_enter_sleep mode:3 during suspend
11-03 21:00:04.865431     0     0 I         : Suspended for 0.573 seconds
11-03 21:00:04.865431     0     0 I resume cycles: 32986563727
11-03 21:00:04.865686     0     0 I         : Enabling non-boot CPUs ...
11-03 21:00:04.866500     0     0 I CPU1    : update cpu_capacity 1024
11-03 21:00:04.867937     0     0 I         : CPU1 is up
11-03 21:00:04.870397     0     0 I CPU1    : update max cpu_capacity 1024
11-03 21:00:04.871749     0     0 I PM      : noirq resume of devices complete after 3.485 msecs
11-03 21:00:04.877247     0     0 I PM      : early resume of devices complete after 4.032 msecs
11-03 21:00:04.878749    21    21 E         : [21:00:05.452092] [00000007AE2AEA1E] [VosRX]  wlan: [E :WDI] WDTS_RxPacketDump RX Data frame is UC
11-03 21:00:04.878770    21    21 E         : [21:00:05.452123] [00000007AE2AEC5E] [VosRX]  wlan: [E :WDI] WDTS_RxPacketDump: Data subtype:8 SA:44:fe:3b:41:13:4b DA:00:0a:f5:f2:a2:70
11-03 21:00:04.878868    21    21 E         : [21:00:05.452220] [00000007AE2AF3A5] [VosRX]  wlan: [E :HDD] hdd_log_ip_addr: src addr 192:168:1:6
11-03 21:00:04.878881    21    21 E         : [21:00:05.452235] [00000007AE2AF4C8] [VosRX]  wlan: [E :HDD] hdd_log_ip_addr: dst addr 239:255:255:250
11-03 21:00:04.907000     0     0 I bgcom   : bgcom_pm_resume: Bgcom resumed with : 0
11-03 21:00:04.912873     0     0 I PM      : resume of devices complete after 35.596 msecs
11-03 21:00:04.915463     0     0 I         : Restarting tasks ...
11-03 21:00:04.918136     0     0 W QSEECOM : qseecom_receive_req: Interrupted: exiting Listener Service = 8192
11-03 21:00:04.918195     0     0 W QSEECOM : qseecom_receive_req: Interrupted: exiting Listener Service = 11
11-03 21:00:04.918227     0     0 W QSEECOM : qseecom_receive_req: Interrupted: exiting Listener Service = 10
11-03 21:00:04.918261     0     0 W QSEECOM : qseecom_receive_req: Interrupted: exiting Listener Service = 28672
11-03 21:00:04.920777     0     0 W QSEECOM : qseecom_receive_req: Interrupted: exiting Listener Service = 12288
11-03 21:00:04.922001     0     0 I         : done.
11-03 21:00:05.496030     0     0 I PM      : suspend exit 2021-11-03 20:00:05.496030696 UTC
11-03 21:00:05.602764     0     0 I PM      : suspend entry 2021-11-03 20:00:05.602764133 UTC
11-03 21:00:05.602778     0     0 I PM      : Syncing filesystems ... done.
11-03 21:00:05.704446     0     0 I         : Freezing user space processes ... (elapsed 0.007 seconds) done.
11-03 21:00:05.711915     0     0 I         : Freezing remaining freezable tasks ... (elapsed 0.004 seconds) done.
11-03 21:00:05.716000     0     0 I         : Suspending console(s) (use no_console_suspend to debug)
11-03 21:00:05.723184     0     0 I bgcom   : bgcom_pm_suspend: suspended with : 0
11-03 21:00:05.760041     0     0 I PM      : suspend of devices complete after 41.812 msecs
11-03 21:00:05.765797     0     0 I PM      : late suspend of devices complete after 5.715 msecs
11-03 21:00:05.771388     0     0 I PM      : noirq suspend of devices complete after 5.568 msecs
11-03 21:00:05.771401     0     0 I         : Disabling non-boot CPUs ...
11-03 21:00:05.786830     0     0 I CPU1    : shutdown
11-03 21:00:05.788869     0     0 I suspend ns: 1129733620104	suspend cycles:      32993285148
11-03 21:00:05.788847     0     0 I CPU0    : msm_cpu_pm_enter_sleep mode:3 during suspend
11-03 21:00:05.788847     0     0 I         : Suspended for 0.876 seconds
11-03 21:00:05.788847     0     0 I resume cycles: 33010125420
11-03 21:00:05.789095     0     0 I         : Enabling non-boot CPUs ...
11-03 21:00:05.789898     0     0 I CPU1    : update cpu_capacity 1024
11-03 21:00:05.791321     0     0 I         : CPU1 is up
11-03 21:00:05.793535     0     0 I CPU1    : update max cpu_capacity 1024
11-03 21:00:05.795109     0     0 I PM      : noirq resume of devices complete after 3.474 msecs
11-03 21:00:05.800284     0     0 I PM      : early resume of devices complete after 3.710 msecs
11-03 21:00:05.801526    21    21 E         : [21:00:06.678624] [00000007AF923FFB] [VosRX]  wlan: [E :WDI] WDTS_RxPacketDump RX Data frame is UC
11-03 21:00:05.801549    21    21 E         : [21:00:06.678657] [00000007AF924274] [VosRX]  wlan: [E :WDI] WDTS_RxPacketDump: Data subtype:8 SA:44:fe:3b:41:13:4b DA:00:0a:f5:f2:a2:70
11-03 21:00:05.801644    21    21 E         : [21:00:06.678752] [00000007AF924998] [VosRX]  wlan: [E :HDD] hdd_log_ip_addr: src addr 192:168:1:3
11-03 21:00:05.801657    21    21 E         : [21:00:06.678768] [00000007AF924AB3] [VosRX]  wlan: [E :HDD] hdd_log_ip_addr: dst addr 192:168:1:14
11-03 21:00:05.829059     0     0 I bgcom   : bgcom_pm_resume: Bgcom resumed with : 0
11-03 21:00:05.834175     0     0 I PM      : resume of devices complete after 33.860 msecs
11-03 21:00:05.836791     0     0 I         : Restarting tasks ...
11-03 21:00:05.839427     0     0 W QSEECOM : qseecom_receive_req: Interrupted: exiting Listener Service = 12288
11-03 21:00:05.839492     0     0 W QSEECOM : qseecom_receive_req: Interrupted: exiting Listener Service = 10
11-03 21:00:05.842000     0     0 W QSEECOM : qseecom_receive_req: Interrupted: exiting Listener Service = 8192
11-03 21:00:05.842051     0     0 W QSEECOM : qseecom_receive_req: Interrupted: exiting Listener Service = 11
11-03 21:00:05.842081     0     0 W QSEECOM : qseecom_receive_req: Interrupted: exiting Listener Service = 28672
11-03 21:00:05.843203     0     0 I         : done.
11-03 21:00:06.721157     0     0 I PM      : suspend exit 2021-11-03 20:00:06.721157309 UTC
11-03 21:00:06.823895     0     0 I PM      : suspend entry 2021-11-03 20:00:06.823895018 UTC
11-03 21:00:06.823909     0     0 I PM      : Syncing filesystems ... done.
11-03 21:00:06.920197     0     0 I         : Freezing user space processes ... (elapsed 0.007 seconds) done.
11-03 21:00:06.928099     0     0 I         : Freezing remaining freezable tasks ... (elapsed 0.003 seconds) done.
11-03 21:00:06.932039     0     0 I         : Suspending console(s) (use no_console_suspend to debug)
11-03 21:00:06.939147     0     0 I bgcom   : bgcom_pm_suspend: suspended with : 0
11-03 21:00:06.976117     0     0 I PM      : suspend of devices complete after 41.858 msecs
11-03 21:00:06.981924     0     0 I PM      : late suspend of devices complete after 5.765 msecs
11-03 21:00:06.987556     0     0 I PM      : noirq suspend of devices complete after 5.610 msecs
11-03 21:00:06.987569     0     0 I         : Disabling non-boot CPUs ...
11-03 21:00:07.003640     0     0 I CPU1    : shutdown
11-03 21:00:07.005605     0     0 I suspend ns: 1130073261042	suspend cycles:      33016646526
11-03 21:00:07.005585     0     0 I CPU0    : msm_cpu_pm_enter_sleep mode:3 during suspend
11-03 21:00:07.005585     0     0 I         : Suspended for 0.585 seconds
11-03 21:00:07.005585     0     0 I resume cycles: 33027896333
11-03 21:00:07.005840     0     0 I         : Enabling non-boot CPUs ...
11-03 21:00:07.006660     0     0 I CPU1    : update cpu_capacity 1024
11-03 21:00:07.008068     0     0 I         : CPU1 is up
11-03 21:00:07.010502     0     0 I CPU1    : update max cpu_capacity 1024
11-03 21:00:07.011860     0     0 I PM      : noirq resume of devices complete after 3.475 msecs
11-03 21:00:07.018067     0     0 I PM      : early resume of devices complete after 4.726 msecs
11-03 21:00:07.019229    21    21 E         : [21:00:07.605160] [00000007B0A1B22B] [VosRX]  wlan: [E :WDI] WDTS_RxPacketDump RX Data frame is UC
11-03 21:00:07.019280    21    21 E         : [21:00:07.605189] [00000007B0A1B454] [VosRX]  wlan: [E :WDI] WDTS_RxPacketDump: Data subtype:8 SA:44:fe:3b:41:13:4b DA:00:0a:f5:f2:a2:70
11-03 21:00:07.019377    21    21 E         : [21:00:07.605316] [00000007B0A1BDED] [VosRX]  wlan: [E :HDD] hdd_log_ip_addr: src addr 192:168:1:6
11-03 21:00:07.019391    21    21 E         : [21:00:07.605331] [00000007B0A1BEFF] [VosRX]  wlan: [E :HDD] hdd_log_ip_addr: dst addr 239:255:255:250
11-03 21:00:07.046316     0     0 I bgcom   : bgcom_pm_resume: Bgcom resumed with : 0
11-03 21:00:07.051551     0     0 I PM      : resume of devices complete after 33.454 msecs
11-03 21:00:07.054177     0     0 I         : Restarting tasks ...
11-03 21:00:07.056399     0     0 W QSEECOM : qseecom_receive_req: Interrupted: exiting Listener Service = 12288
11-03 21:00:07.056455     0     0 W QSEECOM : qseecom_receive_req: Interrupted: exiting Listener Service = 28672
11-03 21:00:07.059552     0     0 W QSEECOM : qseecom_receive_req: Interrupted: exiting Listener Service = 8192
11-03 21:00:07.059606     0     0 W QSEECOM : qseecom_receive_req: Interrupted: exiting Listener Service = 11
11-03 21:00:07.059637     0     0 W QSEECOM : qseecom_receive_req: Interrupted: exiting Listener Service = 10
11-03 21:00:07.066442     0     0 I         : done.
11-03 21:00:07.652937     0     0 I PM      : suspend exit 2021-11-03 20:00:07.652937881 UTC
11-03 21:00:07.754497     0     0 I PM      : suspend entry 2021-11-03 20:00:07.754497100 UTC
11-03 21:00:07.754510     0     0 I PM      : Syncing filesystems ... done.
11-03 21:00:07.869737     0     0 I         : Freezing user space processes ... (elapsed 0.007 seconds) done.
11-03 21:00:07.877373     0     0 I         : Freezing remaining freezable tasks ... (elapsed 0.003 seconds) done.
11-03 21:00:07.881358     0     0 I         : Suspending console(s) (use no_console_suspend to debug)
11-03 21:00:07.888409     0     0 I bgcom   : bgcom_pm_suspend: suspended with : 0
11-03 21:00:07.915099     0     0 I PM      : Wakeup pending, aborting suspend
11-03 21:00:07.915108     0     0 I         : active wakeup source: qcom_rx_wakelock
11-03 21:00:07.920944     0     0 E PM      : Some devices failed to suspend, or early wake event detected
11-03 21:00:07.945453     0     0 I bgcom   : bgcom_pm_resume: Bgcom resumed with : 0
11-03 21:00:07.951415     0     0 I PM      : resume of devices complete after 30.447 msecs
11-03 21:00:07.953970     0     0 I         : Restarting tasks ...
11-03 21:00:07.955444     0     0 W QSEECOM : qseecom_receive_req: Interrupted: exiting Listener Service = 8192
11-03 21:00:07.955521     0     0 W QSEECOM : qseecom_receive_req: Interrupted: exiting Listener Service = 12288
11-03 21:00:07.955565     0     0 W QSEECOM : qseecom_receive_req: Interrupted: exiting Listener Service = 11
11-03 21:00:07.955603     0     0 W QSEECOM : qseecom_receive_req: Interrupted: exiting Listener Service = 28672
11-03 21:00:07.959955     0     0 W QSEECOM : qseecom_receive_req: Interrupted: exiting Listener Service = 10
11-03 21:00:07.962764     0     0 I         : done.
11-03 21:00:07.963450     0     0 I PM      : suspend exit 2021-11-03 20:00:07.963450746 UTC
11-03 21:00:08.165382     0     0 I PM      : suspend entry 2021-11-03 20:00:08.165382517 UTC
11-03 21:00:08.165395     0     0 I PM      : Syncing filesystems ... done.
11-03 21:00:08.282322     0     0 I         : Freezing user space processes ... (elapsed 0.007 seconds) done.
11-03 21:00:08.289846     0     0 I         : Freezing remaining freezable tasks ... (elapsed 0.003 seconds) done.
11-03 21:00:08.293830     0     0 I         : Suspending console(s) (use no_console_suspend to debug)
11-03 21:00:08.301059     0     0 I bgcom   : bgcom_pm_suspend: suspended with : 0
11-03 21:00:08.338935     0     0 I PM      : suspend of devices complete after 42.882 msecs
11-03 21:00:08.344904     0     0 I PM      : late suspend of devices complete after 5.924 msecs
11-03 21:00:08.350719     0     0 I PM      : noirq suspend of devices complete after 5.792 msecs
11-03 21:00:08.350732     0     0 I         : Disabling non-boot CPUs ...
11-03 21:00:08.369457     0     0 I CPU1    : shutdown
11-03 21:00:08.371434     0     0 I suspend ns: 1130853162450	suspend cycles:      33042870440
11-03 21:00:08.371415     0     0 I CPU0    : msm_cpu_pm_enter_sleep mode:3 during suspend
11-03 21:00:08.371415     0     0 I         : Suspended for 0.754 seconds
11-03 21:00:08.371415     0     0 I resume cycles: 33057357168
11-03 21:00:08.371668     0     0 I         : Enabling non-boot CPUs ...
11-03 21:00:08.372479     0     0 I CPU1    : update cpu_capacity 1024
11-03 21:00:08.373884     0     0 I         : CPU1 is up
11-03 21:00:08.376315     0     0 I CPU1    : update max cpu_capacity 1024
11-03 21:00:08.377658     0     0 I PM      : noirq resume of devices complete after 3.479 msecs
11-03 21:00:08.383136     0     0 I PM      : early resume of devices complete after 4.012 msecs
11-03 21:00:08.384344    21    21 E         : [21:00:09.138862] [00000007B26305D6] [VosRX]  wlan: [E :WDI] WDTS_RxPacketDump RX Data frame is UC
11-03 21:00:08.384366    21    21 E         : [21:00:09.138894] [00000007B263082F] [VosRX]  wlan: [E :WDI] WDTS_RxPacketDump: Data subtype:8 SA:44:fe:3b:41:13:4b DA:00:0a:f5:f2:a2:70
11-03 21:00:08.384467    21    21 E         : [21:00:09.138993] [00000007B2630FB1] [VosRX]  wlan: [E :HDD] hdd_log_ip_addr: src addr 192:168:1:3
11-03 21:00:08.384480    21    21 E         : [21:00:09.139008] [00000007B26310CC] [VosRX]  wlan: [E :HDD] hdd_log_ip_addr: dst addr 192:168:1:14
11-03 21:00:08.412052     0     0 I bgcom   : bgcom_pm_resume: Bgcom resumed with : 0
11-03 21:00:08.417952     0     0 I PM      : resume of devices complete after 34.787 msecs
11-03 21:00:08.420575     0     0 I         : Restarting tasks ...
11-03 21:00:08.423061     0     0 W QSEECOM : qseecom_receive_req: Interrupted: exiting Listener Service = 8192
11-03 21:00:08.423122     0     0 W QSEECOM : qseecom_receive_req: Interrupted: exiting Listener Service = 11
11-03 21:00:08.423161     0     0 W QSEECOM : qseecom_receive_req: Interrupted: exiting Listener Service = 28672
11-03 21:00:08.425897     0     0 W QSEECOM : qseecom_receive_req: Interrupted: exiting Listener Service = 12288
11-03 21:00:08.425950     0     0 W QSEECOM : qseecom_receive_req: Interrupted: exiting Listener Service = 10
11-03 21:00:08.429612     0     0 I         : done.
11-03 21:00:09.184825     0     0 I PM      : suspend exit 2021-11-03 20:00:09.184825277 UTC
11-03 21:00:09.286300     0     0 I PM      : suspend entry 2021-11-03 20:00:09.286300849 UTC
11-03 21:00:09.286313     0     0 I PM      : Syncing filesystems ... done.
11-03 21:00:09.384396     0     0 I         : Freezing user space processes ... (elapsed 0.007 seconds) done.
11-03 21:00:09.391943     0     0 I         : Freezing remaining freezable tasks ... (elapsed 0.003 seconds) done.
11-03 21:00:09.395950     0     0 I         : Suspending console(s) (use no_console_suspend to debug)
11-03 21:00:09.402981     0     0 I bgcom   : bgcom_pm_suspend: suspended with : 0
11-03 21:00:09.429551     0     0 I PM      : Wakeup pending, aborting suspend
11-03 21:00:09.429558     0     0 I         : active wakeup source: qcom_rx_wakelock
11-03 21:00:09.435359     0     0 E PM      : Some devices failed to suspend, or early wake event detected
11-03 21:00:09.460678     0     0 I bgcom   : bgcom_pm_resume: Bgcom resumed with : 0
11-03 21:00:09.466555     0     0 I PM      : resume of devices complete after 31.142 msecs
11-03 21:00:09.469202     0     0 I         : Restarting tasks ...
11-03 21:00:09.470940     0     0 W QSEECOM : qseecom_receive_req: Interrupted: exiting Listener Service = 8192
11-03 21:00:09.470991     0     0 W QSEECOM : qseecom_receive_req: Interrupted: exiting Listener Service = 12288
11-03 21:00:09.471040     0     0 W QSEECOM : qseecom_receive_req: Interrupted: exiting Listener Service = 11
11-03 21:00:09.471073     0     0 W QSEECOM : qseecom_receive_req: Interrupted: exiting Listener Service = 10
11-03 21:00:09.471106     0     0 W QSEECOM : qseecom_receive_req: Interrupted: exiting Listener Service = 28672
11-03 21:00:09.476159     0     0 I         : done.
11-03 21:00:09.476860     0     0 I PM      : suspend exit 2021-11-03 20:00:09.476860954 UTC
11-03 21:00:09.680941     0     0 I PM      : suspend entry 2021-11-03 20:00:09.680941422 UTC
11-03 21:00:09.680963     0     0 I PM      : Syncing filesystems ... done.
11-03 21:00:09.788804     0     0 I         : Freezing user space processes ... (elapsed 0.007 seconds) done.
11-03 21:00:09.795947     0     0 I         : Freezing remaining freezable tasks ... (elapsed 0.003 seconds) done.
11-03 21:00:09.799816     0     0 I         : Suspending console(s) (use no_console_suspend to debug)
11-03 21:00:09.808726     0     0 I bgcom   : bgcom_pm_suspend: suspended with : 0
11-03 21:00:09.846728     0     0 I PM      : suspend of devices complete after 44.450 msecs
11-03 21:00:09.852570     0     0 I PM      : late suspend of devices complete after 5.800 msecs
11-03 21:00:09.858120     0     0 I PM      : noirq suspend of devices complete after 5.523 msecs
11-03 21:00:09.858134     0     0 I         : Disabling non-boot CPUs ...
11-03 21:00:09.871875     0     0 W migrate_irqs: 18 callbacks suppressed
11-03 21:00:09.871883     0     0 W         : IRQ16 no longer affine to CPU1
11-03 21:00:09.871896     0     0 W         : IRQ21 no longer affine to CPU1
11-03 21:00:09.872204     0     0 W         : IRQ93 no longer affine to CPU1
11-03 21:00:09.873863     0     0 I CPU1    : shutdown
11-03 21:00:09.875851     0     0 I suspend ns: 1131603073389	suspend cycles:      33071755458
11-03 21:00:09.875831     0     0 I CPU0    : msm_cpu_pm_enter_sleep mode:3 during suspend
11-03 21:00:09.875831     0     0 I         : Suspended for 0.481 seconds
11-03 21:00:09.875831     0     0 I resume cycles: 33081011945
11-03 21:00:09.876090     0     0 I         : Enabling non-boot CPUs ...
11-03 21:00:09.876900     0     0 I CPU1    : update cpu_capacity 1024
11-03 21:00:09.878363     0     0 I         : CPU1 is up
11-03 21:00:09.880728     0     0 I CPU1    : update max cpu_capacity 1024
11-03 21:00:09.882196     0     0 I PM      : noirq resume of devices complete after 3.525 msecs
11-03 21:00:09.887706     0     0 I PM      : early resume of devices complete after 4.046 msecs
11-03 21:00:09.889189    21    21 E         : [21:00:10.371312] [00000007B3CC1797] [VosRX]  wlan: [E :WDI] WDTS_RxPacketDump RX Data frame is UC
11-03 21:00:09.889212    21    21 E         : [21:00:10.371343] [00000007B3CC19DD] [VosRX]  wlan: [E :WDI] WDTS_RxPacketDump: Data subtype:8 SA:44:fe:3b:41:13:4b DA:00:0a:f5:f2:a2:70
11-03 21:00:09.889309    21    21 E         : [21:00:10.371440] [00000007B3CC2122] [VosRX]  wlan: [E :HDD] hdd_log_ip_addr: src addr 192:168:1:3
11-03 21:00:09.889323    21    21 E         : [21:00:10.371454] [00000007B3CC223A] [VosRX]  wlan: [E :HDD] hdd_log_ip_addr: dst addr 192:168:1:14
11-03 21:00:09.917436     0     0 I bgcom   : bgcom_pm_resume: Bgcom resumed with : 0
11-03 21:00:09.923369     0     0 I PM      : resume of devices complete after 35.631 msecs
11-03 21:00:09.926016     0     0 I         : Restarting tasks ...
11-03 21:00:09.928511     0     0 W QSEECOM : qseecom_receive_req: Interrupted: exiting Listener Service = 8192
11-03 21:00:09.928580     0     0 W QSEECOM : qseecom_receive_req: Interrupted: exiting Listener Service = 12288
11-03 21:00:09.928621     0     0 W QSEECOM : qseecom_receive_req: Interrupted: exiting Listener Service = 10
11-03 21:00:09.928655     0     0 W QSEECOM : qseecom_receive_req: Interrupted: exiting Listener Service = 28672
11-03 21:00:09.931462     0     0 W QSEECOM : qseecom_receive_req: Interrupted: exiting Listener Service = 11
11-03 21:00:09.931777     0     0 I         : done.
11-03 21:00:10.414565     0     0 I PM      : suspend exit 2021-11-03 20:00:10.414565796 UTC
11-03 21:00:10.533990     0     0 I PM      : suspend entry 2021-11-03 20:00:10.533990536 UTC
11-03 21:00:10.534004     0     0 I PM      : Syncing filesystems ... done.
11-03 21:00:10.633225     0     0 I         : Freezing user space processes ... (elapsed 0.007 seconds) done.
11-03 21:00:10.640290     0     0 I         : Freezing remaining freezable tasks ... (elapsed 0.003 seconds) done.
11-03 21:00:10.644164     0     0 I         : Suspending console(s) (use no_console_suspend to debug)
11-03 21:00:10.651991     0     0 I bgcom   : bgcom_pm_suspend: suspended with : 0
11-03 21:00:10.686612     0     0 I PM      : suspend of devices complete after 40.229 msecs
11-03 21:00:10.692066     0     0 I PM      : late suspend of devices complete after 5.410 msecs
11-03 21:00:10.697965     0     0 I PM      : noirq suspend of devices complete after 5.871 msecs
11-03 21:00:10.697978     0     0 I         : Disabling non-boot CPUs ...
11-03 21:00:10.713943     0     0 W         : IRQ21 no longer affine to CPU1
11-03 21:00:10.715823     0     0 I CPU1    : shutdown
11-03 21:00:10.717802     0     0 I suspend ns: 1131962901515	suspend cycles:      33087920645
11-03 21:00:10.717779     0     0 I CPU0    : msm_cpu_pm_enter_sleep mode:3 during suspend
11-03 21:00:10.717779     0     0 I         : Suspended for 0.874 seconds
11-03 21:00:10.717779     0     0 I resume cycles: 33104710015
11-03 21:00:10.718026     0     0 I         : Enabling non-boot CPUs ...
11-03 21:00:10.718834     0     0 I CPU1    : update cpu_capacity 1024
11-03 21:00:10.720284     0     0 I         : CPU1 is up
11-03 21:00:10.722708     0     0 I CPU1    : update max cpu_capacity 1024
11-03 21:00:10.724141     0     0 I PM      : noirq resume of devices complete after 3.533 msecs
11-03 21:00:10.729679     0     0 I PM      : early resume of devices complete after 4.070 msecs
11-03 21:00:10.730908    21    21 E         : [21:00:11.605357] [00000007B535A0FD] [VosRX]  wlan: [E :WDI] WDTS_RxPacketDump RX Data frame is UC
11-03 21:00:10.730928    21    21 E         : [21:00:11.605386] [00000007B535A317] [VosRX]  wlan: [E :WDI] WDTS_RxPacketDump: Data subtype:8 SA:44:fe:3b:41:13:4b DA:00:0a:f5:f2:a2:70
11-03 21:00:10.731022    21    21 E         : [21:00:11.605479] [00000007B535AA22] [VosRX]  wlan: [E :HDD] hdd_log_ip_addr: src addr 192:168:1:6
11-03 21:00:10.731035    21    21 E         : [21:00:11.605494] [00000007B535AB2E] [VosRX]  wlan: [E :HDD] hdd_log_ip_addr: dst addr 239:255:255:250
11-03 21:00:10.758585     0     0 I bgcom   : bgcom_pm_resume: Bgcom resumed with : 0
11-03 21:00:10.764515     0     0 I PM      : resume of devices complete after 34.809 msecs
11-03 21:00:10.767127     0     0 I         : Restarting tasks ...
11-03 21:00:10.769570     0     0 W QSEECOM : qseecom_receive_req: Interrupted: exiting Listener Service = 8192
11-03 21:00:10.769639     0     0 W QSEECOM : qseecom_receive_req: Interrupted: exiting Listener Service = 12288
11-03 21:00:10.769729     0     0 W QSEECOM : qseecom_receive_req: Interrupted: exiting Listener Service = 11
11-03 21:00:10.769763     0     0 W QSEECOM : qseecom_receive_req: Interrupted: exiting Listener Service = 10
11-03 21:00:10.769791     0     0 W QSEECOM : qseecom_receive_req: Interrupted: exiting Listener Service = 28672
11-03 21:00:10.773423     0     0 I         : done.
11-03 21:00:11.648600     0     0 I PM      : suspend exit 2021-11-03 20:00:11.648600014 UTC
11-03 21:00:11.753202     0     0 I PM      : suspend entry 2021-11-03 20:00:11.753202566 UTC
11-03 21:00:11.753216     0     0 I PM      : Syncing filesystems ... done.
11-03 21:00:11.855689     0     0 I         : Freezing user space processes ... (elapsed 0.007 seconds) done.
11-03 21:00:11.862914     0     0 I         : Freezing remaining freezable tasks ... (elapsed 0.003 seconds) done.
11-03 21:00:11.866811     0     0 I         : Suspending console(s) (use no_console_suspend to debug)
11-03 21:00:11.873398     0     0 I bgcom   : bgcom_pm_suspend: suspended with : 0
11-03 21:00:11.910599     0     0 I PM      : suspend of devices complete after 41.371 msecs
11-03 21:00:11.916383     0     0 I PM      : late suspend of devices complete after 5.744 msecs
11-03 21:00:11.922134     0     0 I PM      : noirq suspend of devices complete after 5.724 msecs
11-03 21:00:11.922148     0     0 I         : Disabling non-boot CPUs ...
11-03 21:00:11.938315     0     0 W         : IRQ16 no longer affine to CPU1
11-03 21:00:11.938328     0     0 W         : IRQ21 no longer affine to CPU1
11-03 21:00:11.938615     0     0 W         : IRQ93 no longer affine to CPU1
11-03 21:00:11.940268     0     0 I CPU1    : shutdown
11-03 21:00:11.942275     0     0 I suspend ns: 1132312933443	suspend cycles:      33111430628
11-03 21:00:11.942256     0     0 I CPU0    : msm_cpu_pm_enter_sleep mode:3 during suspend
11-03 21:00:11.942256     0     0 I         : Suspended for 0.561 seconds
11-03 21:00:11.942256     0     0 I resume cycles: 33122217804
11-03 21:00:11.942513     0     0 I         : Enabling non-boot CPUs ...
11-03 21:00:11.943329     0     0 I CPU1    : update cpu_capacity 1024
11-03 21:00:11.944770     0     0 I         : CPU1 is up
11-03 21:00:11.946962     0     0 I CPU1    : update max cpu_capacity 1024
11-03 21:00:11.948551     0     0 I PM      : noirq resume of devices complete after 3.474 msecs
11-03 21:00:11.954081     0     0 I PM      : early resume of devices complete after 4.046 msecs
11-03 21:00:11.955578    21    21 E         : [21:00:12.517412] [00000007B640D52B] [VosRX]  wlan: [E :WDI] WDTS_RxPacketDump RX Data frame is UC
11-03 21:00:11.955600    21    21 E         : [21:00:12.517445] [00000007B640D785] [VosRX]  wlan: [E :WDI] WDTS_RxPacketDump: Data subtype:8 SA:44:fe:3b:41:13:4b DA:00:0a:f5:f2:a2:70
11-03 21:00:11.955695    21    21 E         : [21:00:12.517539] [00000007B640DE9C] [VosRX]  wlan: [E :HDD] hdd_log_ip_addr: src addr 192:168:1:3
11-03 21:00:11.955707    21    21 E         : [21:00:12.517554] [00000007B640DFA8] [VosRX]  wlan: [E :HDD] hdd_log_ip_addr: dst addr 192:168:1:14
11-03 21:00:11.984015     0     0 I bgcom   : bgcom_pm_resume: Bgcom resumed with : 0
11-03 21:00:11.989928     0     0 I PM      : resume of devices complete after 35.815 msecs
11-03 21:00:11.992563     0     0 I         : Restarting tasks ...
11-03 21:00:11.995188     0     0 W QSEECOM : qseecom_receive_req: Interrupted: exiting Listener Service = 8192
11-03 21:00:11.995256     0     0 W QSEECOM : qseecom_receive_req: Interrupted: exiting Listener Service = 12288
11-03 21:00:11.995297     0     0 W QSEECOM : qseecom_receive_req: Interrupted: exiting Listener Service = 10
11-03 21:00:11.995334     0     0 W QSEECOM : qseecom_receive_req: Interrupted: exiting Listener Service = 28672
11-03 21:00:11.998401     0     0 W QSEECOM : qseecom_receive_req: Interrupted: exiting Listener Service = 11
11-03 21:00:11.999009     0     0 I         : done.
11-03 21:00:12.561471     0     0 I PM      : suspend exit 2021-11-03 20:00:12.561471993 UTC
11-03 21:00:12.665417     0     0 I PM      : suspend entry 2021-11-03 20:00:12.665417670 UTC
11-03 21:00:12.665431     0     0 I PM      : Syncing filesystems ... done.
11-03 21:00:12.768015     0     0 I         : Freezing user space processes ... (elapsed 0.007 seconds) done.
11-03 21:00:12.775422     0     0 I         : Freezing remaining freezable tasks ... (elapsed 0.004 seconds) done.
11-03 21:00:12.779723     0     0 I         : Suspending console(s) (use no_console_suspend to debug)
11-03 21:00:12.788197     0     0 I bgcom   : bgcom_pm_suspend: suspended with : 0
11-03 21:00:12.825320     0     0 I PM      : suspend of devices complete after 43.364 msecs
11-03 21:00:12.831040     0     0 I PM      : late suspend of devices complete after 5.679 msecs
11-03 21:00:12.836688     0     0 I PM      : noirq suspend of devices complete after 5.623 msecs
11-03 21:00:12.836701     0     0 I         : Disabling non-boot CPUs ...
11-03 21:00:12.849869     0     0 W         : IRQ16 no longer affine to CPU1
11-03 21:00:12.849884     0     0 W         : IRQ21 no longer affine to CPU1
11-03 21:00:12.850166     0     0 W         : IRQ93 no longer affine to CPU1
11-03 21:00:12.851826     0     0 I CPU1    : shutdown
11-03 21:00:12.853804     0     0 I suspend ns: 1132662629850	suspend cycles:      33128931975
11-03 21:00:12.853784     0     0 I CPU0    : msm_cpu_pm_enter_sleep mode:3 during suspend
11-03 21:00:12.853784     0     0 I         : Suspended for 1.186 seconds
11-03 21:00:12.853784     0     0 I resume cycles: 33151710369
11-03 21:00:12.854044     0     0 I         : Enabling non-boot CPUs ...
11-03 21:00:12.854859     0     0 I CPU1    : update cpu_capacity 1024
11-03 21:00:12.856256     0     0 I         : CPU1 is up
11-03 21:00:12.858723     0     0 I CPU1    : update max cpu_capacity 1024
11-03 21:00:12.860088     0     0 I PM      : noirq resume of devices complete after 3.526 msecs
11-03 21:00:12.865631     0     0 I PM      : early resume of devices complete after 4.062 msecs
11-03 21:00:12.867187    21    21 E         : [21:00:14.053565] [00000007B802E08C] [VosRX]  wlan: [E :WDI] WDTS_RxPacketDump RX Data frame is UC
11-03 21:00:12.867210    21    21 E         : [21:00:14.053598] [00000007B802E2F5] [VosRX]  wlan: [E :WDI] WDTS_RxPacketDump: Data subtype:8 SA:44:fe:3b:41:13:4b DA:00:0a:f5:f2:a2:70
11-03 21:00:12.867309    21    21 E         : [21:00:14.053695] [00000007B802EA54] [VosRX]  wlan: [E :HDD] hdd_log_ip_addr: src addr 192:168:1:2
11-03 21:00:12.867322    21    21 E         : [21:00:14.053711] [00000007B802EB6C] [VosRX]  wlan: [E :HDD] hdd_log_ip_addr: dst addr 239:255:255:250
11-03 21:00:12.894743     0     0 I bgcom   : bgcom_pm_resume: Bgcom resumed with : 0
11-03 21:00:12.900538     0     0 I PM      : resume of devices complete after 34.879 msecs
11-03 21:00:12.903156     0     0 I         : Restarting tasks ...
11-03 21:00:12.905788     0     0 W QSEECOM : qseecom_receive_req: Interrupted: exiting Listener Service = 8192
11-03 21:00:12.905846     0     0 W QSEECOM : qseecom_receive_req: Interrupted: exiting Listener Service = 28672
11-03 21:00:12.909005     0     0 W QSEECOM : qseecom_receive_req: Interrupted: exiting Listener Service = 12288
11-03 21:00:12.909058     0     0 W QSEECOM : qseecom_receive_req: Interrupted: exiting Listener Service = 11
11-03 21:00:12.909089     0     0 W QSEECOM : qseecom_receive_req: Interrupted: exiting Listener Service = 10
11-03 21:00:12.909692     0     0 I         : done.
11-03 21:00:14.096802     0     0 I PM      : suspend exit 2021-11-03 20:00:14.096802460 UTC
11-03 21:00:14.200842     0     0 I PM      : suspend entry 2021-11-03 20:00:14.200842304 UTC
11-03 21:00:14.200856     0     0 I PM      : Syncing filesystems ... done.
11-03 21:00:14.301038     0     0 I         : Freezing user space processes ...
11-03 21:00:14.306054     0     0 I PM      : Wakeup pending, aborting suspend
11-03 21:00:14.306146     0     0 I         : last active wakeup source: qcom_rx_wakelock
11-03 21:00:14.306168     0     0 E         : Freezing of tasks aborted after 0.005 seconds
11-03 21:00:14.306181     0     0 I         : Restarting tasks ...
11-03 21:00:14.306835     0     0 W QSEECOM : qseecom_receive_req: Interrupted: exiting Listener Service = 8192
11-03 21:00:14.306889     0     0 W QSEECOM : qseecom_receive_req: Interrupted: exiting Listener Service = 11
11-03 21:00:14.306921     0     0 W QSEECOM : qseecom_receive_req: Interrupted: exiting Listener Service = 28672
11-03 21:00:14.310701     0     0 W QSEECOM : qseecom_receive_req: Interrupted: exiting Listener Service = 10
11-03 21:00:14.310753     0     0 W QSEECOM : qseecom_receive_req: Interrupted: exiting Listener Service = 12288
11-03 21:00:14.311033     0     0 I         : done.
11-03 21:00:14.311764     0     0 I PM      : suspend exit 2021-11-03 20:00:14.311764179 UTC
11-03 21:00:14.513450     0     0 I PM      : suspend entry 2021-11-03 20:00:14.513450429 UTC
11-03 21:00:14.513471     0     0 I PM      : Syncing filesystems ... done.
11-03 21:00:14.535865     0     0 I         : Freezing user space processes ... (elapsed 0.008 seconds) done.
11-03 21:00:14.544354     0     0 I         : Freezing remaining freezable tasks ... (elapsed 0.004 seconds) done.
11-03 21:00:14.548770     0     0 I         : Suspending console(s) (use no_console_suspend to debug)
11-03 21:00:14.556669     0     0 I bgcom   : bgcom_pm_suspend: suspended with : 0
11-03 21:00:14.596146     0     0 I PM      : suspend of devices complete after 44.863 msecs
11-03 21:00:14.602180     0     0 I PM      : late suspend of devices complete after 5.987 msecs
11-03 21:00:14.608717     0     0 I PM      : noirq suspend of devices complete after 6.509 msecs
11-03 21:00:14.608732     0     0 I         : Disabling non-boot CPUs ...
11-03 21:00:14.628465     0     0 I CPU1    : shutdown
11-03 21:00:14.630573     0     0 I suspend ns: 1133253028028	suspend cycles:      33163046014
11-03 21:00:14.630550     0     0 I CPU0    : msm_cpu_pm_enter_sleep mode:3 during suspend
11-03 21:00:14.630550     0     0 I         : Suspended for 0.023 seconds
11-03 21:00:14.630550     0     0 I resume cycles: 33163491365
11-03 21:00:14.630824     0     0 I         : Enabling non-boot CPUs ...
11-03 21:00:14.631667     0     0 I CPU1    : update cpu_capacity 1024
11-03 21:00:14.633373     0     0 I         : CPU1 is up
11-03 21:00:14.634883     0     0 I CPU1    : update max cpu_capacity 1024
11-03 21:00:14.637471     0     0 I PM      : noirq resume of devices complete after 3.756 msecs
11-03 21:00:14.643004     0     0 I PM      : early resume of devices complete after 4.004 msecs
11-03 21:00:14.644334    21    21 E         : [21:00:14.667537] [00000007B8B6C09B] [VosRX]  wlan: [E :WDI] WDTS_RxPacketDump RX Data frame is UC
11-03 21:00:14.644363    21    21 E         : [21:00:14.667576] [00000007B8B6C362] [VosRX]  wlan: [E :WDI] WDTS_RxPacketDump: Data subtype:8 SA:44:fe:3b:41:13:4b DA:00:0a:f5:f2:a2:70
11-03 21:00:14.644470    21    21 E         : [21:00:14.667681] [00000007B8B6CB55] [VosRX]  wlan: [E :HDD] hdd_log_ip_addr: src addr 192:168:1:2
11-03 21:00:14.644487    21    21 E         : [21:00:14.667701] [00000007B8B6CCC3] [VosRX]  wlan: [E :HDD] hdd_log_ip_addr: dst addr 239:255:255:250
11-03 21:00:14.674996     0     0 I bgcom   : bgcom_pm_resume: Bgcom resumed with : 0
11-03 21:00:14.681445     0     0 I PM      : resume of devices complete after 38.408 msecs
11-03 21:00:14.684429     0     0 I         : Restarting tasks ...
11-03 21:00:14.687466     0     0 W QSEECOM : qseecom_receive_req: Interrupted: exiting Listener Service = 12288
11-03 21:00:14.687705     0     0 W QSEECOM : qseecom_receive_req: Interrupted: exiting Listener Service = 11
11-03 21:00:14.687764     0     0 W QSEECOM : qseecom_receive_req: Interrupted: exiting Listener Service = 28672
11-03 21:00:14.691312     0     0 W QSEECOM : qseecom_receive_req: Interrupted: exiting Listener Service = 8192
11-03 21:00:14.691374     0     0 W QSEECOM : qseecom_receive_req: Interrupted: exiting Listener Service = 10
11-03 21:00:14.698620     0     0 I         : done.
11-03 21:00:14.722590     0     0 I PM      : suspend exit 2021-11-03 20:00:14.722590741 UTC
11-03 21:00:14.848460     0     0 I PM      : suspend entry 2021-11-03 20:00:14.848460741 UTC
11-03 21:00:14.848474     0     0 I PM      : Syncing filesystems ... done.
11-03 21:00:14.949957     0     0 I         : Freezing user space processes ...
11-03 21:00:14.955002     0     0 I PM      : Wakeup pending, aborting suspend
11-03 21:00:14.955019     0     0 I         : active wakeup source: qcom_rx_wakelock
11-03 21:00:14.955120     0     0 E         : Freezing of tasks aborted after 0.005 seconds
11-03 21:00:14.955136     0     0 I         : Restarting tasks ...
11-03 21:00:14.955828     0     0 W QSEECOM : qseecom_receive_req: Interrupted: exiting Listener Service = 8192
11-03 21:00:14.955881     0     0 W QSEECOM : qseecom_receive_req: Interrupted: exiting Listener Service = 10
11-03 21:00:14.959494     0     0 W QSEECOM : qseecom_receive_req: Interrupted: exiting Listener Service = 11
11-03 21:00:14.959549     0     0 W QSEECOM : qseecom_receive_req: Interrupted: exiting Listener Service = 28672
11-03 21:00:14.959580     0     0 W QSEECOM : qseecom_receive_req: Interrupted: exiting Listener Service = 12288
11-03 21:00:14.959846     0     0 I         : done.
11-03 21:00:14.960593     0     0 I PM      : suspend exit 2021-11-03 20:00:14.960593970 UTC
11-03 21:00:15.161838     0     0 I PM      : suspend entry 2021-11-03 20:00:15.161838970 UTC
11-03 21:00:15.161851     0     0 I PM      : Syncing filesystems ... done.
11-03 21:00:15.183630     0     0 I         : Freezing user space processes ...
11-03 21:00:15.189651     0     0 I PM      : Wakeup pending, aborting suspend
11-03 21:00:15.189666     0     0 I         : active wakeup source: qcom_rx_wakelock
11-03 21:00:15.189770     0     0 E         : Freezing of tasks aborted after 0.006 seconds
11-03 21:00:15.189788     0     0 I         : Restarting tasks ...
11-03 21:00:15.190504     0     0 W QSEECOM : qseecom_receive_req: Interrupted: exiting Listener Service = 8192
11-03 21:00:15.190565     0     0 W QSEECOM : qseecom_receive_req: Interrupted: exiting Listener Service = 12288
11-03 21:00:15.190605     0     0 W QSEECOM : qseecom_receive_req: Interrupted: exiting Listener Service = 28672
11-03 21:00:15.195410     0     0 W QSEECOM : qseecom_receive_req: Interrupted: exiting Listener Service = 11
11-03 21:00:15.195472     0     0 W QSEECOM : qseecom_receive_req: Interrupted: exiting Listener Service = 10
11-03 21:00:15.195672     0     0 I         : done.
11-03 21:00:15.196665     0     0 I PM      : suspend exit 2021-11-03 20:00:15.196665689 UTC
11-03 21:00:15.602793     0     0 I PM      : suspend entry 2021-11-03 20:00:15.602793188 UTC
11-03 21:00:15.602807     0     0 I PM      : Syncing filesystems ... done.
11-03 21:00:15.629247     0     0 I         : Freezing user space processes ... (elapsed 0.008 seconds) done.
11-03 21:00:15.637406     0     0 I         : Freezing remaining freezable tasks ... (elapsed 0.004 seconds) done.
11-03 21:00:15.641836     0     0 I         : Suspending console(s) (use no_console_suspend to debug)
11-03 21:00:15.650126     0     0 I bgcom   : bgcom_pm_suspend: suspended with : 0
11-03 21:00:15.685324     0     0 I PM      : suspend of devices complete after 40.973 msecs
11-03 21:00:15.691774     0     0 I PM      : late suspend of devices complete after 6.403 msecs
11-03 21:00:15.697454     0     0 E dpm_run_callback(): wcnss_wlan_suspend_noirq+0x0/0x58 returns -1
11-03 21:00:15.697465     0     0 E PM      : Device a000000.qcom,wcnss-wlan failed to suspend noirq: error -1
11-03 21:00:15.700211     0     0 I PM      : noirq resume of devices complete after 2.711 msecs
11-03 21:00:15.701617     0     0 E PM      : noirq suspend of devices failed
11-03 21:00:15.705735     0     0 I PM      : early resume of devices complete after 4.076 msecs
11-03 21:00:15.707035    21    21 E         : [21:00:15.707033] [00000007B9E74ABA] [VosRX]  wlan: [E :WDI] WDTS_RxPacketDump RX Data frame is UC
