11-03 11:16:20.925112  2520  2520 D HOME    : [HomeVisitsLogger]Logging streamlet event: visit_start
11-03 11:16:20.925399  2520  2520 D HOME    : [HomeVisitsLogger]Logging streamlet event: exit_ambient_mode
11-03 11:16:20.925868  2520  2520 D HOME    : [HotwordController]updateClient MODE_WATCH_FACE false false false true
11-03 11:16:20.927049  2520  2520 D HOME    : [WatchFaceUiController]setInAmbientMode false
11-03 11:16:20.927146  2520  2520 D HOME    : [WatchFaceUiController]sendWatchFaceServiceBinder
11-03 11:16:20.929277   512   512 I sensors-hal: batch:149, android.sensor.accelerometer/48, period=19231000, max_latency=100000000 request completed
11-03 11:16:20.931800   512   512 I sensors-hal: flush:169, android.sensor.accelerometer/48
11-03 11:16:20.932841  2520  2520 D HOME    : [WatchFaceUiController]sendStateToWallpaper
11-03 11:16:20.934690  2520  2520 D HOME    : [WatchFaceUiController]Showing watch face wallpaper.
11-03 11:16:20.934893  2520  2520 D HOME    : [WatchFaceUiController]sendStateToWallpaper
11-03 11:16:20.938214  2520  2520 D HOME    : [StreamDBQueue]Promised revision #4877 to queue a new op
11-03 11:16:20.938497  2520  2520 D WatchStreamManager: Promised rank-blocked=true @ r#4877
11-03 11:16:20.938946  2520  2520 D HOME    : [StreamDBQueue]Promised revision #4878 to queue a new op
11-03 11:16:20.939075  2520  2520 D WatchStreamManager: Promised rank-blocked=true @ r#4878
11-03 11:16:20.939704  2520  2520 D HOME    : [TilesController]Tile refresh optimization is enabled.
11-03 11:16:20.939925  2520 12956 D HOME    : [WatchStreamDB]Item alerting conditions - isInterruptive: true, recentlyInterrupted: false, isItemPinned: false, isUnread: false
11-03 11:16:20.940031  2520  2520 D HOME    : [EventBus]Wrapper pool is full. Discarding excess wrapper instance for event com.google.android.clockwork.sysui.events.KeyguardStateEvent
11-03 11:16:20.940108  2520  2520 D HOME    : [WatchFaceUiController]sendStateToWallpaper
11-03 11:16:20.940219  2520 12956 D HOME    : [StreamAlertingRegulator]isTheaterModeEnabled: false, isAlertingAllowedByOffBody: true, matchesLocalInterruptionFilter: true
11-03 11:16:20.940430  2520 12956 D HOME    : [WatchStreamDB]couldItemAlert: false, isTopItemChanged: false, isDeferralForTopItem: false
11-03 11:16:20.941197   512   512 I sensors-hal: flush:175, android.sensor.accelerometer/48 completed
11-03 11:16:20.942146  2520  2520 D HOME    : [EventBus]Wrapper pool is full. Discarding excess wrapper instance for event com.google.android.clockwork.sysui.events.KeyguardStateEvent
11-03 11:16:20.942479  2520  2520 D HOME    : [EventBus]Wrapper pool is full. Discarding excess wrapper instance for event com.google.android.clockwork.sysui.events.KeyguardStateEvent
11-03 11:16:20.948227  2520  2520 D HOME    : [WatchFaceUiController]sendStateToWallpaper
11-03 11:16:20.952599  2520  2520 W StaticLayout: maxLineHeight should not be -1.  maxLines:1 lineCount:1
11-03 11:16:20.987889  1686  1686 I AmbientService: [ce6a28c] No auto-resume Activity.
11-03 11:16:21.007989  2520 12956 D HOME    : [WatchStreamDB]Item alerting conditions - isInterruptive: true, recentlyInterrupted: false, isItemPinned: false, isUnread: false
11-03 11:16:21.008554  2520 12956 D HOME    : [StreamAlertingRegulator]isTheaterModeEnabled: false, isAlertingAllowedByOffBody: true, matchesLocalInterruptionFilter: true
11-03 11:16:21.008855  2520 12956 D HOME    : [WatchStreamDB]couldItemAlert: false, isTopItemChanged: false, isDeferralForTopItem: false
--------- switch to system
11-03 11:16:21.013494  1686  1686 W ContextImpl: Calling a method in the system process without a qualified user: android.app.ContextImpl.sendBroadcast:1020 android.content.ContextWrapper.sendBroadcast:449 com.google.android.wearable.ambient.AmbientDream.onDestroy:273 android.app.ActivityThread.handleStopService:3698 android.app.ActivityThread.access$1700:200 
--------- switch to main
11-03 11:16:21.015015  1686  1686 E AlarmManager: cancel() called with a null PendingIntent
--------- switch to system
11-03 11:16:21.015388  1686  1686 V DreamService[AmbientDream]: onDestroy()
--------- switch to main
11-03 11:16:21.017686  1686  1799 E WifiStateMachine: getWifiLinkLayerStats called without an interface
11-03 11:16:21.026699  1686  1686 W AlarmManager: Unrecognized alarm listener com.android.server.job.controllers.-$$Lambda$IdleController$IdlenessTracker$nTdS-lGBXcES5VWKcJFmQFgU7IU@1ab437a
11-03 11:16:21.039411  2520  2520 D HOME    : [WatchFaceUiController]sendWatchFaceServiceBinder
11-03 11:16:21.040106 12353 12353 I SPORTSWATCH:: Updating stub zero data
11-03 11:16:21.040182 12353 12353 I SPORTSWATCH:: account mail is zero length
11-03 11:16:21.045435  2520  2520 D HOME    : [WatchFaceUiController]sendProperties
11-03 11:16:21.049870  2520  2520 D HOME    : [WatchFaceUiController]sendStateToWallpaper
11-03 11:16:21.067064  2520 12978 D HOME    : [BatteryChange]batteryHistory size: 20'
11-03 11:16:21.067371  2520 12978 D HOME    : [BatteryChange]timeDelta: 13617768
11-03 11:16:21.067566  2520 12978 D HOME    : [BatteryChange]levelDelta: 21
11-03 11:16:21.082725  1686  1686 I WearPower: [WearTouchMediator] changing touch input to enabled (ON_AUTO)
11-03 11:16:21.083597  1686  1759 I InputReader: Reconfiguring input devices.  changes=0x00000200
--------- switch to kernel
11-03 11:16:20.960016     0     0 I init    : processing action (ro.enable_core_ctl=true && sys.cw_corectl_mode=perf) from (/vendor/etc/init/hw/init.qcom.rc:954)
11-03 11:16:20.961390     0     0 I CPU2    : update cpu_capacity 1024
11-03 11:16:20.962458     0     0 W         : IRQ21 no longer affine to CPU2
11-03 11:16:20.963233     0     0 I CPU2    : shutdown
--------- switch to main
11-03 11:16:21.097107  1686  1686 W AlarmManagerProxy: Removing unknown listener
11-03 11:16:21.098498  1686  1686 W DefaultSettingsContentR: Value for ambient_low_bit_enabled not stored as number. Attempting parse as boolean.
11-03 11:16:21.108860  3205  3434 W WorkController: Loading failed for worker [trainingcache]: worker not found
11-03 11:16:21.109628  3205  3294 W A       : TrainingCache cache SCREEN_ON failure
11-03 11:16:21.109628  3205  3294 W A       : com.google.android.apps.gsa.search.core.service.h.a.a: No worker found for Worker ID [trainingcache].
11-03 11:16:21.109628  3205  3294 W A       : 	at com.google.android.apps.gsa.search.core.service.g.a.c.a(Unknown Source:5)
11-03 11:16:21.109628  3205  3294 W A       : 	at com.google.android.libraries.gsa.c.a.d.a(Unknown Source:3)
11-03 11:16:21.109628  3205  3294 W A       : 	at com.google.common.p.a.cg.c(Unknown Source:2)
11-03 11:16:21.109628  3205  3294 W A       : 	at com.google.common.p.a.bk.run(SourceFile:3)
11-03 11:16:21.109628  3205  3294 W A       : 	at com.google.common.p.a.ci.run(Unknown Source:4)
11-03 11:16:21.109628  3205  3294 W A       : 	at com.google.apps.tiktok.concurrent.ab.run(SourceFile:1)
11-03 11:16:21.109628  3205  3294 W A       : 	at java.util.concurrent.ThreadPoolExecutor.runWorker(ThreadPoolExecutor.java:1167)
11-03 11:16:21.109628  3205  3294 W A       : 	at java.util.concurrent.ThreadPoolExecutor$Worker.run(ThreadPoolExecutor.java:641)
11-03 11:16:21.109628  3205  3294 W A       : 	at com.google.apps.tiktok.concurrent.c.run(Unknown Source:4)
11-03 11:16:21.109628  3205  3294 W A       : 	at java.lang.Thread.run(Thread.java:764)
--------- switch to kernel
11-03 11:16:20.975055     0     0 I CPU3    : update cpu_capacity 1024
11-03 11:16:20.975946     0     0 W         : IRQ21 no longer affine to CPU3
11-03 11:16:20.976667     0     0 I CPU3    : shutdown
--------- switch to main
11-03 11:16:21.116055  2520 12978 I SidekickManager: sendWatchFaceImpl(): watchFace = com.google.android.clockwork.decomposablewatchface.WatchFaceDecomposition@ff37ea7 forTWM = false
11-03 11:16:21.174598  2520  2520 D HOME    : [StreamDBQueue]Promised revision #4879 to queue a new op
11-03 11:16:21.174853  2520  2520 D WatchStreamManager: Promised rank-blocked=true @ r#4879
11-03 11:16:21.186315  2520 12956 D HOME    : [WatchStreamDB]Item alerting conditions - isInterruptive: true, recentlyInterrupted: false, isItemPinned: false, isUnread: false
11-03 11:16:21.187618  2520 12956 D HOME    : [StreamAlertingRegulator]isTheaterModeEnabled: false, isAlertingAllowedByOffBody: true, matchesLocalInterruptionFilter: true
11-03 11:16:21.188755  2520 12956 D HOME    : [WatchStreamDB]couldItemAlert: false, isTopItemChanged: false, isDeferralForTopItem: false
11-03 11:16:21.205933  1686  2468 D SidekickService: sendWatchFaceComponents called: watchFace = com.google.android.clockwork.decomposablewatchface.WatchFaceDecomposition@4493a46shouldReplace = true
11-03 11:16:21.206195  1686  2468 D SidekickService: Check decomposition for calling app com.google.android.wearable.app with uid 10049
11-03 11:16:21.208533  1686  2468 D SidekickService: sendWatchFaceLocked(): shouldReplace = true, mSidekickIsControlling = false, 2 images, 1 fonts, 2 numbers, 0 proportionalFonts, 0 strings
11-03 11:16:21.208671  1686  2468 D SidekickService: resetLocked()
11-03 11:16:21.246171   416  1715 D SKGHAL  : Changing to  RESET state
11-03 11:16:21.246885  1686  2468 D SidekickService: ISidekickGraphics#beginResources()...
11-03 11:16:21.247291   416  1715 D SKGHAL  : Changing to DOWNLOAD State
11-03 11:16:21.248103  1686  2468 D SidekickServiceUtils: bitmapFromDrawable: Returning bitmap directly
11-03 11:16:21.262586  1686  2468 W SidekickService: null digitDimensions in font, setting to PointF(20.0, 27.0)
11-03 11:16:21.262823  1686  2468 D SidekickService: sendFontsLocked(): fontInfo = {.width = 20, .height = 27, .nGlyphs = 10, .id = 4}, image.size() = 919
11-03 11:16:21.264928   416  1715 D SKGHAL  : saveResource: resId = 4
11-03 11:16:21.269027  1686  2468 D SidekickService: sendFontsLocked(): status = 0, bytesUsed = 1374
11-03 11:16:21.269622  1686  2468 D SidekickServiceUtils: bitmapFromDrawable: Returning bitmap directly
11-03 11:16:21.285371   512   512 I sensors-hal: activate:107, android.sensor.light/46 en=0
11-03 11:16:21.286684   512   512 I sensors-hal: activate:118, android.sensor.light/46 en=0 completed
11-03 11:16:21.288322   512   512 I sensors-hal: batch:140, android.sensor.light/46, period=250000000, max_latency=0
11-03 11:16:21.288376   512   512 I sensors-hal: batch:149, android.sensor.light/46, period=250000000, max_latency=0 request completed
11-03 11:16:21.288638   512   512 I sensors-hal: activate:107, android.sensor.light/46 en=1
11-03 11:16:21.288919   512   512 I sensors-hal: ssc_enable_rt_task:254, ssc_enable_rt_task : true
11-03 11:16:21.291321   512   512 I sensors-hal: activate:118, android.sensor.light/46 en=1 completed
--------- switch to system
11-03 11:16:21.294023  1686  1686 V SettingsProvider: Notifying for 0: content://settings/system/screen_brightness
--------- switch to main
11-03 11:16:21.394929   512 13590 I sensors-hal: handle_indication_realtime:355,  SCHED_FIFO(10) for qmi_cbk
11-03 11:16:21.412121  1686  2468 D SidekickService: sendBitmapsLocked(): bounds = RectF(0.0, 0.0, 1.0, 1.0), drawableInfo = {.id = 0, .width = 416, .height = 416, .display = true, .offsetX = 0.0, .offsetY = 0.0, .rotationInfo = {.hasRotation = false, .pivotX = 0.0, .pivotY = 0.0, .degreesPerDay = 0.0, .degreesPerStep = 0.0, .zeroDegreesTime = {.daysSinceLocalEpoch = 0, .msSinceMidnight = 0}}, .transformInfo = {.transformed = false, .flipX = false, .flipY = false, .flip45 = false, .scaleX = 0.0, .scaleY = 0.0}, .type = GENERIC, .blink = {.blinking = false, .periodOnMs = 0.0, .periodOffMs = 0.0, .startTime = {.daysSinceLocalEpoch = 0, .msSinceMidnight = 0}}, .zOrder = 1, .displayInTwm = true}, image.size() = 6063
11-03 11:16:21.428474   416  1715 D SKGHAL  : saveResource: resId = 0
11-03 11:16:21.449888  1686  2468 D SidekickService: sendBitmapsLocked(): status = 0, bytesUsed = 9429
11-03 11:16:21.450439  1686  2468 D SidekickServiceUtils: bitmapFromDrawable: Returning bitmap directly
11-03 11:16:21.452865  1686  2468 D SidekickService: sendBitmapsLocked(): bounds = RectF(0.0, 0.0, 0.0024038462, 0.0024038462), drawableInfo = {.id = 100000, .width = 1, .height = 1, .display = true, .offsetX = 0.0, .offsetY = 0.0, .rotationInfo = {.hasRotation = false, .pivotX = 0.0, .pivotY = 0.0, .degreesPerDay = 0.0, .degreesPerStep = 0.0, .zeroDegreesTime = {.daysSinceLocalEpoch = 0, .msSinceMidnight = 0}}, .transformInfo = {.transformed = false, .flipX = false, .flipY = false, .flip45 = false, .scaleX = 0.0, .scaleY = 0.0}, .type = GENERIC, .blink = {.blinking = false, .periodOnMs = 0.0, .periodOffMs = 0.0, .startTime = {.daysSinceLocalEpoch = 0, .msSinceMidnight = 0}}, .zOrder = 6, .displayInTwm = true}, image.size() = 84
11-03 11:16:21.454372   416  1715 D SKGHAL  : saveResource: resId = 100000
11-03 11:16:21.455450  1686  2468 D SidekickService: sendBitmapsLocked(): status = 0, bytesUsed = 18
11-03 11:16:21.456977  1686  2468 D SidekickService: sendNumbersLocked(): drawableInfo = {.id = 5, .width = 100, .height = 50, .display = true, .offsetX = 162.0, .offsetY = 30.0, .rotationInfo = {.hasRotation = false, .pivotX = 0.0, .pivotY = 0.0, .degreesPerDay = 0.0, .degreesPerStep = 0.0, .zeroDegreesTime = {.daysSinceLocalEpoch = 0, .msSinceMidnight = 0}}, .transformInfo = {.transformed = false, .flipX = false, .flipY = false, .flip45 = false, .scaleX = 0.0, .scaleY = 0.0}, .type = NUMBER, .blink = {.blinking = false, .periodOnMs = 0.0, .periodOffMs = 0.0, .startTime = {.daysSinceLocalEpoch = 0, .msSinceMidnight = 0}}, .zOrder = 5, .displayInTwm = true}, numberInfo = {.startTime = {.daysSinceLocalEpoch = 0, .msSinceMidnight = 0}, .startNumber = 0, .minNumber = 0, .maxNumber = 23, .increment = 1, .msPerIncrement = 3600000.0, .fontId = 4, .digits = 2, .leadingZeroes = 1, .digit = -1, .transitionMs = 0.0}
11-03 11:16:21.457901   416  1715 D SKGHAL  : saveResource: resId = 5
11-03 11:16:21.458233  1686  2468 D SidekickService: sendNumbersLocked(): status = 0, bytesUsed = 0
11-03 11:16:21.459253  1686  2468 D SidekickService: sendNumbersLocked(): drawableInfo = {.id = 6, .width = 100, .height = 50, .display = true, .offsetX = 214.0, .offsetY = 30.0, .rotationInfo = {.hasRotation = false, .pivotX = 0.0, .pivotY = 0.0, .degreesPerDay = 0.0, .degreesPerStep = 0.0, .zeroDegreesTime = {.daysSinceLocalEpoch = 0, .msSinceMidnight = 0}}, .transformInfo = {.transformed = false, .flipX = false, .flipY = false, .flip45 = false, .scaleX = 0.0, .scaleY = 0.0}, .type = NUMBER, .blink = {.blinking = false, .periodOnMs = 0.0, .periodOffMs = 0.0, .startTime = {.daysSinceLocalEpoch = 0, .msSinceMidnight = 0}}, .zOrder = 5, .displayInTwm = true}, numberInfo = {.startTime = {.daysSinceLocalEpoch = 0, .msSinceMidnight = 0}, .startNumber = 0, .minNumber = 0, .maxNumber = 59, .increment = 1, .msPerIncrement = 60000.0, .fontId = 4, .digits = 2, .leadingZeroes = 1, .digit = -1, .transitionMs = 0.0}
11-03 11:16:21.460394   416  1715 D SKGHAL  : saveResource: resId = 6
11-03 11:16:21.461182  1686  2468 D SidekickService: sendNumbersLocked(): status = 0, bytesUsed = 0
11-03 11:16:21.461332  1686  2468 D SidekickService: ISidekickGraphics#endResources()...
11-03 11:16:21.625249   416  1715 D SKGHAL  : sendResources: metadata size = 2400, font size = 72
11-03 11:16:21.657541   416  1715 D SKGHAL  : endResources: rc = 0
11-03 11:16:21.657658   416  1715 D SKGHAL  : Changing to ACTIVE state
11-03 11:16:21.660146  2520  2520 D HOME    : [SidekickManagerAsync]sendWatchFace(): Callback#onResult(): 0
11-03 11:16:21.660998  2520 12978 I SidekickManager: sendWatchFaceImpl(): watchFace = com.google.android.clockwork.decomposablewatchface.WatchFaceDecomposition@5ff9b9f forTWM = false
11-03 11:16:21.661552  1686  1686 W system_server: Long monitor contention with owner Binder:1686_9 (2468) at int com.google.android.clockwork.sidekick.SidekickService$BinderService.sendWatchFace(com.google.android.clockwork.decomposablewatchface.WatchFaceDecomposition, boolean)(SidekickService.java:1021) waiters=0 in void com.google.android.clockwork.sidekick.SidekickService$2.onChange(boolean) for 364ms
11-03 11:16:21.662608  1686  1686 I SidekickService: loadBrightnessLocked()
11-03 11:16:21.663442  1686  1686 D SidekickService: screenBrightness  = 58
11-03 11:16:21.665332  1686  1686 D SidekickService: sendConfigValuesLocked(): alsThresholds = [40, 92, 95, 100, 125, 150, 175, 200, 225, 250, 300, 400, 500, 800, 1200], brightnessValuesBright = [50, 56, 60, 70, 80, 90, 100, 115, 120, 140, 160, 180, 200, 220, 240, 255], brightnessValuesDim= [50, 56, 60, 70, 80, 90, 100, 115, 120, 140, 160, 180, 200, 220, 240, 255]
11-03 11:16:21.669164  1686  2468 D SidekickService: sendWatchFaceComponents called: watchFace = com.google.android.clockwork.decomposablewatchface.WatchFaceDecomposition@b135407shouldReplace = true
11-03 11:16:21.674281  1686  1686 D SidekickService: setAlsMode(): mode = 2, brightenAlpha = 80, dimmingAlpha = 80
11-03 11:16:21.688340  1686  1686 D SidekickService: setTwmConfig():: msTiltToBright = 10000, tiltToBright = false
--------- switch to system
11-03 11:16:21.689077  1686  1686 W Looper  : Slow dispatch took 392ms main h=android.os.Handler c=android.database.ContentObserver$NotificationRunnable@f3f1934 m=0
--------- switch to main
11-03 11:16:21.689313  1686  2468 D SidekickService: Check decomposition for calling app com.google.android.wearable.app with uid 10049
11-03 11:16:21.690171  1686  2468 D SidekickService: sendWatchFaceLocked(): shouldReplace = true, mSidekickIsControlling = false, 2 images, 1 fonts, 2 numbers, 0 proportionalFonts, 0 strings
11-03 11:16:21.690250  1686  2468 D SidekickService: resetLocked()
--------- switch to system
11-03 11:16:21.690777  1686  1686 W Looper  : Slow delivery took 314ms main h=com.android.clockwork.gestures.detector.gaze.SensorDataChecker$1 c=null m=1
--------- switch to main
11-03 11:16:21.697618   416  2389 D SKGHAL  : Changing to  RESET state
11-03 11:16:21.698179  1686  2468 D SidekickService: ISidekickGraphics#beginResources()...
11-03 11:16:21.700992   416  2389 D SKGHAL  : Changing to DOWNLOAD State
11-03 11:16:21.702060  1686  2468 D SidekickServiceUtils: bitmapFromDrawable: Returning bitmap directly
11-03 11:16:21.713559  1686  2468 W SidekickService: null digitDimensions in font, setting to PointF(20.0, 27.0)
11-03 11:16:21.713804  1686  2468 D SidekickService: sendFontsLocked(): fontInfo = {.width = 20, .height = 27, .nGlyphs = 10, .id = 4}, image.size() = 919
11-03 11:16:21.715946   416  2389 D SKGHAL  : saveResource: resId = 4
11-03 11:16:21.729768  1686  2468 D SidekickService: sendFontsLocked(): status = 0, bytesUsed = 1374
11-03 11:16:21.730476  1686  2468 D SidekickServiceUtils: bitmapFromDrawable: Returning bitmap directly
--------- switch to system
11-03 11:16:21.741063  1686  1686 W Looper  : Drained
--------- switch to main
11-03 11:16:21.860056  1686  2468 D SidekickService: sendBitmapsLocked(): bounds = RectF(0.0, 0.0, 1.0, 1.0), drawableInfo = {.id = 0, .width = 416, .height = 416, .display = true, .offsetX = 0.0, .offsetY = 0.0, .rotationInfo = {.hasRotation = false, .pivotX = 0.0, .pivotY = 0.0, .degreesPerDay = 0.0, .degreesPerStep = 0.0, .zeroDegreesTime = {.daysSinceLocalEpoch = 0, .msSinceMidnight = 0}}, .transformInfo = {.transformed = false, .flipX = false, .flipY = false, .flip45 = false, .scaleX = 0.0, .scaleY = 0.0}, .type = GENERIC, .blink = {.blinking = false, .periodOnMs = 0.0, .periodOffMs = 0.0, .startTime = {.daysSinceLocalEpoch = 0, .msSinceMidnight = 0}}, .zOrder = 1, .displayInTwm = true}, image.size() = 6063
11-03 11:16:21.882362   416  2389 D SKGHAL  : saveResource: resId = 0
11-03 11:16:21.903690  1686  2468 D SidekickService: sendBitmapsLocked(): status = 0, bytesUsed = 9429
11-03 11:16:21.904484  1686  2468 D SidekickServiceUtils: bitmapFromDrawable: Returning bitmap directly
11-03 11:16:21.906525  1686  2468 D SidekickService: sendBitmapsLocked(): bounds = RectF(0.0, 0.0, 0.0024038462, 0.0024038462), drawableInfo = {.id = 100000, .width = 1, .height = 1, .display = true, .offsetX = 0.0, .offsetY = 0.0, .rotationInfo = {.hasRotation = false, .pivotX = 0.0, .pivotY = 0.0, .degreesPerDay = 0.0, .degreesPerStep = 0.0, .zeroDegreesTime = {.daysSinceLocalEpoch = 0, .msSinceMidnight = 0}}, .transformInfo = {.transformed = false, .flipX = false, .flipY = false, .flip45 = false, .scaleX = 0.0, .scaleY = 0.0}, .type = GENERIC, .blink = {.blinking = false, .periodOnMs = 0.0, .periodOffMs = 0.0, .startTime = {.daysSinceLocalEpoch = 0, .msSinceMidnight = 0}}, .zOrder = 6, .displayInTwm = true}, image.size() = 84
11-03 11:16:21.907357   416  1715 D SKGHAL  : saveResource: resId = 100000
11-03 11:16:21.907735  1686  2468 D SidekickService: sendBitmapsLocked(): status = 0, bytesUsed = 18
11-03 11:16:21.910961  1686  2468 D SidekickService: sendNumbersLocked(): drawableInfo = {.id = 5, .width = 100, .height = 50, .display = true, .offsetX = 162.0, .offsetY = 30.0, .rotationInfo = {.hasRotation = false, .pivotX = 0.0, .pivotY = 0.0, .degreesPerDay = 0.0, .degreesPerStep = 0.0, .zeroDegreesTime = {.daysSinceLocalEpoch = 0, .msSinceMidnight = 0}}, .transformInfo = {.transformed = false, .flipX = false, .flipY = false, .flip45 = false, .scaleX = 0.0, .scaleY = 0.0}, .type = NUMBER, .blink = {.blinking = false, .periodOnMs = 0.0, .periodOffMs = 0.0, .startTime = {.daysSinceLocalEpoch = 0, .msSinceMidnight = 0}}, .zOrder = 5, .displayInTwm = true}, numberInfo = {.startTime = {.daysSinceLocalEpoch = 0, .msSinceMidnight = 0}, .startNumber = 0, .minNumber = 0, .maxNumber = 23, .increment = 1, .msPerIncrement = 3600000.0, .fontId = 4, .digits = 2, .leadingZeroes = 1, .digit = -1, .transitionMs = 0.0}
11-03 11:16:21.911705   416  2389 D SKGHAL  : saveResource: resId = 5
11-03 11:16:21.911970  1686  2468 D SidekickService: sendNumbersLocked(): status = 0, bytesUsed = 0
11-03 11:16:21.912877  1686  2468 D SidekickService: sendNumbersLocked(): drawableInfo = {.id = 6, .width = 100, .height = 50, .display = true, .offsetX = 214.0, .offsetY = 30.0, .rotationInfo = {.hasRotation = false, .pivotX = 0.0, .pivotY = 0.0, .degreesPerDay = 0.0, .degreesPerStep = 0.0, .zeroDegreesTime = {.daysSinceLocalEpoch = 0, .msSinceMidnight = 0}}, .transformInfo = {.transformed = false, .flipX = false, .flipY = false, .flip45 = false, .scaleX = 0.0, .scaleY = 0.0}, .type = NUMBER, .blink = {.blinking = false, .periodOnMs = 0.0, .periodOffMs = 0.0, .startTime = {.daysSinceLocalEpoch = 0, .msSinceMidnight = 0}}, .zOrder = 5, .displayInTwm = true}, numberInfo = {.startTime = {.daysSinceLocalEpoch = 0, .msSinceMidnight = 0}, .startNumber = 0, .minNumber = 0, .maxNumber = 59, .increment = 1, .msPerIncrement = 60000.0, .fontId = 4, .digits = 2, .leadingZeroes = 1, .digit = -1, .transitionMs = 0.0}
11-03 11:16:21.913394   416  2389 D SKGHAL  : saveResource: resId = 6
11-03 11:16:21.913611  1686  2468 D SidekickService: sendNumbersLocked(): status = 0, bytesUsed = 0
11-03 11:16:21.913727  1686  2468 D SidekickService: ISidekickGraphics#endResources()...
11-03 11:16:22.065047   416  2389 D SKGHAL  : sendResources: metadata size = 2400, font size = 72
11-03 11:16:22.095364   416  2389 D SKGHAL  : endResources: rc = 0
11-03 11:16:22.095464   416  2389 D SKGHAL  : Changing to ACTIVE state
11-03 11:16:22.097469  2520  2520 D HOME    : [SidekickManagerAsync]sendWatchFace(): Callback#onResult(): 0
11-03 11:16:22.098221  2520 12978 I SidekickManager: sendWatchFaceImpl(): watchFace = com.google.android.clockwork.decomposablewatchface.WatchFaceDecomposition@5ee90b5 forTWM = false
11-03 11:16:22.115542  1686  2468 D SidekickService: sendWatchFaceComponents called: watchFace = com.google.android.clockwork.decomposablewatchface.WatchFaceDecomposition@9c3c35dshouldReplace = true
11-03 11:16:22.115826  1686  2468 D SidekickService: Check decomposition for calling app com.google.android.wearable.app with uid 10049
11-03 11:16:22.116601  1686  2468 D SidekickService: sendWatchFaceLocked(): shouldReplace = true, mSidekickIsControlling = false, 2 images, 1 fonts, 2 numbers, 0 proportionalFonts, 0 strings
11-03 11:16:22.116667  1686  2468 D SidekickService: resetLocked()
11-03 11:16:22.128514   416  2389 D SKGHAL  : Changing to  RESET state
11-03 11:16:22.129054  1686  2468 D SidekickService: ISidekickGraphics#beginResources()...
11-03 11:16:22.129559   416  2389 D SKGHAL  : Changing to DOWNLOAD State
11-03 11:16:22.130462  1686  2468 D SidekickServiceUtils: bitmapFromDrawable: Returning bitmap directly
11-03 11:16:22.139597  1686  2468 W SidekickService: null digitDimensions in font, setting to PointF(20.0, 27.0)
11-03 11:16:22.139829  1686  2468 D SidekickService: sendFontsLocked(): fontInfo = {.width = 20, .height = 27, .nGlyphs = 10, .id = 4}, image.size() = 919
11-03 11:16:22.151726   416  2389 D SKGHAL  : saveResource: resId = 4
11-03 11:16:22.156313  1686  2468 D SidekickService: sendFontsLocked(): status = 0, bytesUsed = 1374
11-03 11:16:22.156951  1686  2468 D SidekickServiceUtils: bitmapFromDrawable: Returning bitmap directly
11-03 11:16:22.288265  1686  2468 D SidekickService: sendBitmapsLocked(): bounds = RectF(0.0, 0.0, 1.0, 1.0), drawableInfo = {.id = 0, .width = 416, .height = 416, .display = true, .offsetX = 0.0, .offsetY = 0.0, .rotationInfo = {.hasRotation = false, .pivotX = 0.0, .pivotY = 0.0, .degreesPerDay = 0.0, .degreesPerStep = 0.0, .zeroDegreesTime = {.daysSinceLocalEpoch = 0, .msSinceMidnight = 0}}, .transformInfo = {.transformed = false, .flipX = false, .flipY = false, .flip45 = false, .scaleX = 0.0, .scaleY = 0.0}, .type = GENERIC, .blink = {.blinking = false, .periodOnMs = 0.0, .periodOffMs = 0.0, .startTime = {.daysSinceLocalEpoch = 0, .msSinceMidnight = 0}}, .zOrder = 1, .displayInTwm = true}, image.size() = 6063
11-03 11:16:22.309518   416  2389 D SKGHAL  : saveResource: resId = 0
11-03 11:16:22.331580  1686  2468 D SidekickService: sendBitmapsLocked(): status = 0, bytesUsed = 9429
11-03 11:16:22.332111  1686  2468 D SidekickServiceUtils: bitmapFromDrawable: Returning bitmap directly
11-03 11:16:22.333217  1686  2468 D SidekickService: sendBitmapsLocked(): bounds = RectF(0.0, 0.0, 0.0024038462, 0.0024038462), drawableInfo = {.id = 100000, .width = 1, .height = 1, .display = true, .offsetX = 0.0, .offsetY = 0.0, .rotationInfo = {.hasRotation = false, .pivotX = 0.0, .pivotY = 0.0, .degreesPerDay = 0.0, .degreesPerStep = 0.0, .zeroDegreesTime = {.daysSinceLocalEpoch = 0, .msSinceMidnight = 0}}, .transformInfo = {.transformed = false, .flipX = false, .flipY = false, .flip45 = false, .scaleX = 0.0, .scaleY = 0.0}, .type = GENERIC, .blink = {.blinking = false, .periodOnMs = 0.0, .periodOffMs = 0.0, .startTime = {.daysSinceLocalEpoch = 0, .msSinceMidnight = 0}}, .zOrder = 6, .displayInTwm = true}, image.size() = 84
11-03 11:16:22.334037   416  1715 D SKGHAL  : saveResource: resId = 100000
11-03 11:16:22.334668  1686  2468 D SidekickService: sendBitmapsLocked(): status = 0, bytesUsed = 18
11-03 11:16:22.335634  1686  2468 D SidekickService: sendNumbersLocked(): drawableInfo = {.id = 5, .width = 100, .height = 50, .display = true, .offsetX = 162.0, .offsetY = 30.0, .rotationInfo = {.hasRotation = false, .pivotX = 0.0, .pivotY = 0.0, .degreesPerDay = 0.0, .degreesPerStep = 0.0, .zeroDegreesTime = {.daysSinceLocalEpoch = 0, .msSinceMidnight = 0}}, .transformInfo = {.transformed = false, .flipX = false, .flipY = false, .flip45 = false, .scaleX = 0.0, .scaleY = 0.0}, .type = NUMBER, .blink = {.blinking = false, .periodOnMs = 0.0, .periodOffMs = 0.0, .startTime = {.daysSinceLocalEpoch = 0, .msSinceMidnight = 0}}, .zOrder = 5, .displayInTwm = true}, numberInfo = {.startTime = {.daysSinceLocalEpoch = 0, .msSinceMidnight = 0}, .startNumber = 0, .minNumber = 0, .maxNumber = 23, .increment = 1, .msPerIncrement = 3600000.0, .fontId = 4, .digits = 2, .leadingZeroes = 1, .digit = -1, .transitionMs = 0.0}
11-03 11:16:22.336165   416  2389 D SKGHAL  : saveResource: resId = 5
11-03 11:16:22.336406  1686  2468 D SidekickService: sendNumbersLocked(): status = 0, bytesUsed = 0
11-03 11:16:22.337299  1686  2468 D SidekickService: sendNumbersLocked(): drawableInfo = {.id = 6, .width = 100, .height = 50, .display = true, .offsetX = 214.0, .offsetY = 30.0, .rotationInfo = {.hasRotation = false, .pivotX = 0.0, .pivotY = 0.0, .degreesPerDay = 0.0, .degreesPerStep = 0.0, .zeroDegreesTime = {.daysSinceLocalEpoch = 0, .msSinceMidnight = 0}}, .transformInfo = {.transformed = false, .flipX = false, .flipY = false, .flip45 = false, .scaleX = 0.0, .scaleY = 0.0}, .type = NUMBER, .blink = {.blinking = false, .periodOnMs = 0.0, .periodOffMs = 0.0, .startTime = {.daysSinceLocalEpoch = 0, .msSinceMidnight = 0}}, .zOrder = 5, .displayInTwm = true}, numberInfo = {.startTime = {.daysSinceLocalEpoch = 0, .msSinceMidnight = 0}, .startNumber = 0, .minNumber = 0, .maxNumber = 59, .increment = 1, .msPerIncrement = 60000.0, .fontId = 4, .digits = 2, .leadingZeroes = 1, .digit = -1, .transitionMs = 0.0}
11-03 11:16:22.337799   416  2389 D SKGHAL  : saveResource: resId = 6
11-03 11:16:22.338217  1686  2468 D SidekickService: sendNumbersLocked(): status = 0, bytesUsed = 0
11-03 11:16:22.338344  1686  2468 D SidekickService: ISidekickGraphics#endResources()...
11-03 11:16:22.389737  1686  1686 D HandsFreeClientShard: Connecting HandsFree client profile (retry).
11-03 11:16:22.395434  1686  1686 D BluetoothHeadsetClient: disconnect(14:3C:C3:AD:3D:53)
11-03 11:16:22.398290  1686  1686 D BluetoothHeadsetClient: connect(14:3C:C3:AD:3D:53)
11-03 11:16:22.400613 10095 10167 D HeadsetClientStateMachine: Disconnected process message: 1
11-03 11:16:22.401300 10095 10133 I bt_btif_queue: queue_int_add: adding connection request: address=14:3c:c3:ad:3d:53 UUID=111E busy=false
11-03 11:16:22.401422 10095 10133 I bt_btif_queue: btif_queue_connect_next: executing connection request: address=14:3c:c3:ad:3d:53 UUID=111E busy=false
11-03 11:16:22.401462 10095 10133 E bt_btif : is_connected: not connected!
11-03 11:16:22.401518 10095 10133 W bt_btif : bta_hf_client_find_cb_by_bda: bdaddr mismatch for handle 0 alloc 0
11-03 11:16:22.401550 10095 10133 W bt_btif : bta_hf_client_find_cb_by_bda: bdaddr mismatch for handle 1 alloc 0
11-03 11:16:22.401579 10095 10133 W bt_btif : bta_hf_client_find_cb_by_bda: bdaddr mismatch for handle 2 alloc 0
11-03 11:16:22.401609 10095 10133 W bt_btif : bta_hf_client_find_cb_by_bda: bdaddr mismatch for handle 3 alloc 0
11-03 11:16:22.401638 10095 10133 W bt_btif : bta_hf_client_find_cb_by_bda: bdaddr mismatch for handle 4 alloc 0
11-03 11:16:22.401667 10095 10133 W bt_btif : bta_hf_client_find_cb_by_bda: bdaddr mismatch for handle 5 alloc 0
11-03 11:16:22.401694 10095 10133 W bt_btif : bta_hf_client_find_cb_by_bda: bdaddr mismatch for handle 6 alloc 0
11-03 11:16:22.401722 10095 10133 W bt_btif : bta_hf_client_find_cb_by_bda: bdaddr mismatch for handle 7 alloc 0
11-03 11:16:22.401752 10095 10133 W bt_btif : bta_hf_client_find_cb_by_bda: bdaddr mismatch for handle 8 alloc 0
11-03 11:16:22.401779 10095 10133 W bt_btif : bta_hf_client_find_cb_by_bda: bdaddr mismatch for handle 9 alloc 0
11-03 11:16:22.401805 10095 10133 E bt_btif : bta_hf_client_find_cb_by_bda: block not found
11-03 11:16:22.410282 10095 10095 D AdapterProperties: PROFILE_CONNECTION_STATE_CHANGE: profile=16, device=14:3C:C3:AD:3D:53, 0 -> 1
11-03 11:16:22.417113 10095 10095 D AdapterProperties: ADAPTER_CONNECTION_STATE_CHANGE: 14:3C:C3:AD:3D:53: 0 -> 1
11-03 11:16:22.418774  5603  5603 D BtTelecomReceiver: onReceive: Intent { act=android.bluetooth.headsetclient.profile.action.CONNECTION_STATE_CHANGED flg=0x10 cmp=com.google.android.apps.wearable.bluetooth/com.google.android.clockwork.hfp.BtTelecomBroadcastReceiver (has extras) }
11-03 11:16:22.419002  5603  5603 D BtTelecomReceiver: Hfp connection changed: -724754873 0 -> 1
--------- switch to system
11-03 11:16:22.428336  1686  1702 W BroadcastQueue: Background execution not allowed: receiving Intent { act=android.bluetooth.adapter.action.CONNECTION_STATE_CHANGED flg=0x4000010 (has extras) } to com.google.android.gms/.chimera.GmsIntentOperationService$PersistentTrustedReceiver
--------- switch to main
11-03 11:16:22.488861   416  2389 D SKGHAL  : sendResources: metadata size = 2400, font size = 72
11-03 11:16:22.528833   416  2389 D SKGHAL  : endResources: rc = 0
11-03 11:16:22.528942   416  2389 D SKGHAL  : Changing to ACTIVE state
11-03 11:16:22.530187  2520 12978 I SidekickManager: sendWatchFaceImpl(): watchFace = com.google.android.clockwork.decomposablewatchface.WatchFaceDecomposition@7a8f34a forTWM = false
11-03 11:16:22.530323  2520  2520 D HOME    : [SidekickManagerAsync]sendWatchFace(): Callback#onResult(): 0
11-03 11:16:22.536395  1686  2468 D SidekickService: sendWatchFaceComponents called: watchFace = com.google.android.clockwork.decomposablewatchface.WatchFaceDecomposition@38729a3shouldReplace = true
11-03 11:16:22.536687  1686  2468 D SidekickService: Check decomposition for calling app com.google.android.wearable.app with uid 10049
11-03 11:16:22.537515  1686  2468 D SidekickService: sendWatchFaceLocked(): shouldReplace = true, mSidekickIsControlling = false, 2 images, 1 fonts, 2 numbers, 0 proportionalFonts, 0 strings
11-03 11:16:22.537581  1686  2468 D SidekickService: resetLocked()
11-03 11:16:22.550872   416  2389 D SKGHAL  : Changing to  RESET state
11-03 11:16:22.551427  1686  2468 D SidekickService: ISidekickGraphics#beginResources()...
11-03 11:16:22.551792   416  2389 D SKGHAL  : Changing to DOWNLOAD State
11-03 11:16:22.552960  1686  2468 D SidekickServiceUtils: bitmapFromDrawable: Returning bitmap directly
11-03 11:16:22.562659  1686  2468 W SidekickService: null digitDimensions in font, setting to PointF(20.0, 27.0)
11-03 11:16:22.563234  1686  2468 D SidekickService: sendFontsLocked(): fontInfo = {.width = 20, .height = 27, .nGlyphs = 10, .id = 4}, image.size() = 919
11-03 11:16:22.569740   416  2389 D SKGHAL  : saveResource: resId = 4
11-03 11:16:22.576211  1686  2468 D SidekickService: sendFontsLocked(): status = 0, bytesUsed = 1374
11-03 11:16:22.576991  1686  2468 D SidekickServiceUtils: bitmapFromDrawable: Returning bitmap directly
11-03 11:16:22.728262  1686  2468 D SidekickService: sendBitmapsLocked(): bounds = RectF(0.0, 0.0, 1.0, 1.0), drawableInfo = {.id = 0, .width = 416, .height = 416, .display = true, .offsetX = 0.0, .offsetY = 0.0, .rotationInfo = {.hasRotation = false, .pivotX = 0.0, .pivotY = 0.0, .degreesPerDay = 0.0, .degreesPerStep = 0.0, .zeroDegreesTime = {.daysSinceLocalEpoch = 0, .msSinceMidnight = 0}}, .transformInfo = {.transformed = false, .flipX = false, .flipY = false, .flip45 = false, .scaleX = 0.0, .scaleY = 0.0}, .type = GENERIC, .blink = {.blinking = false, .periodOnMs = 0.0, .periodOffMs = 0.0, .startTime = {.daysSinceLocalEpoch = 0, .msSinceMidnight = 0}}, .zOrder = 1, .displayInTwm = true}, image.size() = 6063
11-03 11:16:22.747034   416  2389 D SKGHAL  : saveResource: resId = 0
11-03 11:16:22.767069  1686  2468 D SidekickService: sendBitmapsLocked(): status = 0, bytesUsed = 9429
11-03 11:16:22.771452  1686  2468 D SidekickServiceUtils: bitmapFromDrawable: Returning bitmap directly
11-03 11:16:22.772837  1686  2468 D SidekickService: sendBitmapsLocked(): bounds = RectF(0.0, 0.0, 0.0024038462, 0.0024038462), drawableInfo = {.id = 100000, .width = 1, .height = 1, .display = true, .offsetX = 0.0, .offsetY = 0.0, .rotationInfo = {.hasRotation = false, .pivotX = 0.0, .pivotY = 0.0, .degreesPerDay = 0.0, .degreesPerStep = 0.0, .zeroDegreesTime = {.daysSinceLocalEpoch = 0, .msSinceMidnight = 0}}, .transformInfo = {.transformed = false, .flipX = false, .flipY = false, .flip45 = false, .scaleX = 0.0, .scaleY = 0.0}, .type = GENERIC, .blink = {.blinking = false, .periodOnMs = 0.0, .periodOffMs = 0.0, .startTime = {.daysSinceLocalEpoch = 0, .msSinceMidnight = 0}}, .zOrder = 6, .displayInTwm = true}, image.size() = 84
11-03 11:16:22.774020   416  2389 D SKGHAL  : saveResource: resId = 100000
11-03 11:16:22.774409  1686  2468 D SidekickService: sendBitmapsLocked(): status = 0, bytesUsed = 18
11-03 11:16:22.775648  1686  2468 D SidekickService: sendNumbersLocked(): drawableInfo = {.id = 5, .width = 100, .height = 50, .display = true, .offsetX = 162.0, .offsetY = 30.0, .rotationInfo = {.hasRotation = false, .pivotX = 0.0, .pivotY = 0.0, .degreesPerDay = 0.0, .degreesPerStep = 0.0, .zeroDegreesTime = {.daysSinceLocalEpoch = 0, .msSinceMidnight = 0}}, .transformInfo = {.transformed = false, .flipX = false, .flipY = false, .flip45 = false, .scaleX = 0.0, .scaleY = 0.0}, .type = NUMBER, .blink = {.blinking = false, .periodOnMs = 0.0, .periodOffMs = 0.0, .startTime = {.daysSinceLocalEpoch = 0, .msSinceMidnight = 0}}, .zOrder = 5, .displayInTwm = true}, numberInfo = {.startTime = {.daysSinceLocalEpoch = 0, .msSinceMidnight = 0}, .startNumber = 0, .minNumber = 0, .maxNumber = 23, .increment = 1, .msPerIncrement = 3600000.0, .fontId = 4, .digits = 2, .leadingZeroes = 1, .digit = -1, .transitionMs = 0.0}
11-03 11:16:22.776203   416  2389 D SKGHAL  : saveResource: resId = 5
11-03 11:16:22.776430  1686  2468 D SidekickService: sendNumbersLocked(): status = 0, bytesUsed = 0
11-03 11:16:22.777266  1686  2468 D SidekickService: sendNumbersLocked(): drawableInfo = {.id = 6, .width = 100, .height = 50, .display = true, .offsetX = 214.0, .offsetY = 30.0, .rotationInfo = {.hasRotation = false, .pivotX = 0.0, .pivotY = 0.0, .degreesPerDay = 0.0, .degreesPerStep = 0.0, .zeroDegreesTime = {.daysSinceLocalEpoch = 0, .msSinceMidnight = 0}}, .transformInfo = {.transformed = false, .flipX = false, .flipY = false, .flip45 = false, .scaleX = 0.0, .scaleY = 0.0}, .type = NUMBER, .blink = {.blinking = false, .periodOnMs = 0.0, .periodOffMs = 0.0, .startTime = {.daysSinceLocalEpoch = 0, .msSinceMidnight = 0}}, .zOrder = 5, .displayInTwm = true}, numberInfo = {.startTime = {.daysSinceLocalEpoch = 0, .msSinceMidnight = 0}, .startNumber = 0, .minNumber = 0, .maxNumber = 59, .increment = 1, .msPerIncrement = 60000.0, .fontId = 4, .digits = 2, .leadingZeroes = 1, .digit = -1, .transitionMs = 0.0}
11-03 11:16:22.777687   416  2389 D SKGHAL  : saveResource: resId = 6
11-03 11:16:22.778239  1686  2468 D SidekickService: sendNumbersLocked(): status = 0, bytesUsed = 0
11-03 11:16:22.778380  1686  2468 D SidekickService: ISidekickGraphics#endResources()...
11-03 11:16:22.948353   416  2389 D SKGHAL  : sendResources: metadata size = 2400, font size = 72
11-03 11:16:22.978531   416  2389 D SKGHAL  : endResources: rc = 0
11-03 11:16:22.978631   416  2389 D SKGHAL  : Changing to ACTIVE state
11-03 11:16:22.979986  2520  2520 D HOME    : [SidekickManagerAsync]sendWatchFace(): Callback#onResult(): 0
11-03 11:16:24.541905  2520  2520 D HOME    : [HomeVisitsLogger]Logging streamlet event: first_touch
11-03 11:16:24.543257  2520  2520 D HOME    : [GestureController]Ignoring duplicate ACTION_DOWN event.
--------- switch to kernel
11-03 11:16:24.403742     0     0 I [touch]x: 159,y:159
--------- switch to main
11-03 11:16:25.068820  2520  2520 D HOME    : [WFPController]Fetched 4 favorites in 24ms
11-03 11:16:25.068964  2520  2520 D HOME    : [WFPController]Favorites cache not valid, updating
11-03 11:16:25.069250  2520  2520 D HOME    : [WFPController]updateFavoritesState. current is index 2 of [WatchFaceInfo[com.montblanc.smartwatch.configurator.summit/com.montblanc.smartwatch.configurator.watchface.ConfiguratorWatchfaceService], WatchFaceInfo[com.montblanc.smartwatch.configurator.chrono390/com.montblanc.smartwatch.configurator.watchface.ConfiguratorWatchfaceService], WatchFaceInfo[com.montblanc.smart.watch.sportswatchface/com.montblanc.smartwatch.sportswatchface.ui.SportsWatchService], WatchFaceInfo[com.montblanc.smartwatch.configurator.boheme.date/com.montblanc.smartwatch.configurator.watchface.ConfiguratorWatchfaceService]]
11-03 11:16:25.069333  2520  2520 D HOME    : [WFPController]notifyUiOfBackgroundFavoritesChange
11-03 11:16:25.069507  2520  2520 D HOME    : [WFPView]setFavoriteWatchFaces: 4, current: 2
11-03 11:16:25.069761  2520  2520 D HOME    : [WFPView]focusFavoriteAtIndex 2: screenWidth=416, previewWidth=258, previewHeight=258,  totalPreviewWidth=298, offset=-70
11-03 11:16:25.069804  2520  2520 D HOME    : [WFPEntryAnim]Notified of impending layout
11-03 11:16:25.070283  2520  2520 D HOME    : [WFPController]showPicker: currentWatchFace WatchFaceInfo[com.montblanc.smart.watch.sportswatchface/com.montblanc.smartwatch.sportswatchface.ui.SportsWatchService] and favorites [WatchFaceInfo[com.montblanc.smartwatch.configurator.summit/com.montblanc.smartwatch.configurator.watchface.ConfiguratorWatchfaceService], WatchFaceInfo[com.montblanc.smartwatch.configurator.chrono390/com.montblanc.smartwatch.configurator.watchface.ConfiguratorWatchfaceService], WatchFaceInfo[com.montblanc.smart.watch.sportswatchface/com.montblanc.smartwatch.sportswatchface.ui.SportsWatchService], WatchFaceInfo[com.montblanc.smartwatch.configurator.boheme.date/com.montblanc.smartwatch.configurator.watchface.ConfiguratorWatchfaceService]]
11-03 11:16:25.071736  2520  2520 D HOME    : [WFPController]updateSnapshot: about to get snapshot of current face
11-03 11:16:25.085010  2520  2520 D HOME    : [WFPController]updateSnapshot: snapshot obtained, about to set snapshot to UI
11-03 11:16:25.185685  2520  2520 D HOME    : [WFPView]Updating current watchface snapshot
11-03 11:16:25.186117  2520  2520 D HOME    : [WFPController]updateSnapshot: UI updated
11-03 11:16:25.186177  2520  2520 D HOME    : [WFPController]showPicker: about to show UI
11-03 11:16:25.186279  2520  2520 D HOME    : [WFPView]Showing picker view
11-03 11:16:25.186883  2520  2520 D HOME    : [WFPController]Starting new WFP session with entry mechanism: 4
11-03 11:16:25.186952  2520  2520 D HOME    : [WFPUsageLog]Starting new session
11-03 11:16:25.187103  2520  2520 D HOME    : [WFPController]showPicker: end
11-03 11:16:25.187883  2520  2520 W CwExecutors: Finished  Q:     0 E:   119 WatchFaceRepository#fetchFavorites (Slow)
11-03 11:16:25.189498  2520  2520 D StrictMode: StrictMode policy violation; ~duration=103 ms: android.os.strictmode.CustomViolation: Warning: attempt to read pixels from hardware bitmap, which is very slow operation
11-03 11:16:25.189498  2520  2520 D StrictMode: 	at android.os.StrictMode$AndroidBlockGuardPolicy.onCustomSlowCall(StrictMode.java:1471)
11-03 11:16:25.189498  2520  2520 D StrictMode: 	at android.os.StrictMode.noteSlowCall(StrictMode.java:2324)
11-03 11:16:25.189498  2520  2520 D StrictMode: 	at android.graphics.Bitmap.noteHardwareBitmapSlowCall(Bitmap.java:638)
11-03 11:16:25.189498  2520  2520 D StrictMode: 	at android.graphics.Bitmap.copy(Bitmap.java:661)
11-03 11:16:25.189498  2520  2520 D StrictMode: 	at hap.e(AW782433232:5)
11-03 11:16:25.189498  2520  2520 D StrictMode: 	at hap.d(Unknown Source:4)
11-03 11:16:25.189498  2520  2520 D StrictMode: 	at com.google.android.clockwork.sysui.mainui.module.watchfacepicker.WatchFacePickerView.a(AW782433232:1)
11-03 11:16:25.189498  2520  2520 D StrictMode: 	at gys.d(AW782433232:22)
11-03 11:16:25.189498  2520  2520 D StrictMode: 	at gyd.a(Unknown Source:2)
11-03 11:16:25.189498  2520  2520 D StrictMode: 	at gyg.a(Unknown Source:14)
11-03 11:16:25.189498  2520  2520 D StrictMode: 	at gxi.onSuccess(Unknown Source:14)
11-03 11:16:25.189498  2520  2520 D StrictMode: 	at buq.run(AW782433232:8)
11-03 11:16:25.189498  2520  2520 D StrictMode: 	at java.util.concurrent.Executors$RunnableAdapter.call(Executors.java:458)
11-03 11:16:25.189498  2520  2520 D StrictMode: 	at java.util.concurrent.FutureTask.run(FutureTask.java:266)
11-03 11:16:25.189498  2520  2520 D StrictMode: 	at bvw.run(AW782433232:6)
11-03 11:16:25.189498  2520  2520 D StrictMode: 	at android.os.Handler.handleCallback(Handler.java:873)
11-03 11:16:25.189498  2520  2520 D StrictMode: 	at android.os.Handler.dispatchMessage(Handler.java:99)
11-03 11:16:25.189498  2520  2520 D StrictMode: 	at android.os.Looper.loop(Looper.java:193)
11-03 11:16:25.189498  2520  2520 D StrictMode: 	at android.app.ActivityThread.main(ActivityThread.java:6680)
11-03 11:16:25.189498  2520  2520 D StrictMode: 	at java.lang.reflect.Method.invoke(Native Method)
11-03 11:16:25.189498  2520  2520 D StrictMode: 	at com.android.internal.os.RuntimeInit$MethodAndArgsCaller.run(RuntimeInit.java:493)
11-03 11:16:25.189498  2520  2520 D StrictMode: 	at com.android.internal.os.ZygoteInit.main(ZygoteInit.java:858)
11-03 11:16:25.190036  2520  2520 D StrictMode: StrictMode policy violation; ~duration=0 ms: android.os.strictmode.CustomViolation: Slow task WatchFaceRepository#fetchFavorites took 119ms on UI executor
11-03 11:16:25.190036  2520  2520 D StrictMode: 	at android.os.StrictMode$AndroidBlockGuardPolicy.onCustomSlowCall(StrictMode.java:1471)
11-03 11:16:25.190036  2520  2520 D StrictMode: 	at android.os.StrictMode.noteSlowCall(StrictMode.java:2324)
11-03 11:16:25.190036  2520  2520 D StrictMode: 	at bvs.a(AW782433232:9)
11-03 11:16:25.190036  2520  2520 D StrictMode: 	at bvw.run(AW782433232:7)
11-03 11:16:25.190036  2520  2520 D StrictMode: 	at android.os.Handler.handleCallback(Handler.java:873)
11-03 11:16:25.190036  2520  2520 D StrictMode: 	at android.os.Handler.dispatchMessage(Handler.java:99)
11-03 11:16:25.190036  2520  2520 D StrictMode: 	at android.os.Looper.loop(Looper.java:193)
11-03 11:16:25.190036  2520  2520 D StrictMode: 	at android.app.ActivityThread.main(ActivityThread.java:6680)
11-03 11:16:25.190036  2520  2520 D StrictMode: 	at java.lang.reflect.Method.invoke(Native Method)
11-03 11:16:25.190036  2520  2520 D StrictMode: 	at com.android.internal.os.RuntimeInit$MethodAndArgsCaller.run(RuntimeInit.java:493)
11-03 11:16:25.190036  2520  2520 D StrictMode: 	at com.android.internal.os.ZygoteInit.main(ZygoteInit.java:858)
11-03 11:16:25.190542  2520  2520 D HOME    : [HotwordController]updateClient MODE_WATCH_FACE_PICKER false false false true
11-03 11:16:25.193601  2520  2520 D HOME    : [StreamModule]Updating gaze alerter state: inWetMode=false focused=true uiMode=MODE_WATCH_FACE_PICKER
11-03 11:16:25.193806  2520  2520 D HOME    : [WatchFaceUiController]Hiding watch face wallpaper.
11-03 11:16:25.194313  2520  2520 D HOME    : [EventBus]Wrapper pool is full. Discarding excess wrapper instance for event hos
11-03 11:16:25.197843  2520  2520 D HOME    : [WFPFavoritesCache]Missed preview in cache, scheduling load: WatchFaceInfo[com.montblanc.smartwatch.configurator.boheme.date/com.montblanc.smartwatch.configurator.watchface.ConfiguratorWatchfaceService]
11-03 11:16:25.198541  2520 12978 D HOME    : [WFPFavoritesCache]Loading favorite: WatchFaceInfo[com.montblanc.smartwatch.configurator.boheme.date/com.montblanc.smartwatch.configurator.watchface.ConfiguratorWatchfaceService]
11-03 11:16:25.198770  2520 12978 D HOME    : [WFPFavoritesCache]No cached favorite preview found. Using built-in preview image.
11-03 11:16:25.199526  2520  2520 D HOME    : [WFPFavoritesCache]Missed preview in cache, scheduling load: WatchFaceInfo[com.montblanc.smartwatch.configurator.chrono390/com.montblanc.smartwatch.configurator.watchface.ConfiguratorWatchfaceService]
11-03 11:16:25.200192  2520 12956 D HOME    : [WFPFavoritesCache]Loading favorite: WatchFaceInfo[com.montblanc.smartwatch.configurator.chrono390/com.montblanc.smartwatch.configurator.watchface.ConfiguratorWatchfaceService]
11-03 11:16:25.200646  2520  2520 D HOME    : [WFPEntryAnim]Notified that view layouts have completed
11-03 11:16:25.334524  2520 12956 D HOME    : [WFPFavoritesCache]Finished loading favorite preview for WatchFaceInfo[com.montblanc.smartwatch.configurator.chrono390/com.montblanc.smartwatch.configurator.watchface.ConfiguratorWatchfaceService]: android.graphics.drawable.BitmapDrawable@a6cb752
11-03 11:16:25.337069  2520  2520 D HOME    : [WFPFavoritesCache]Applying result for ComponentInfo{com.montblanc.smartwatch.configurator.chrono390/com.montblanc.smartwatch.configurator.watchface.ConfiguratorWatchfaceService}
11-03 11:16:25.447404  2520 12978 D HOME    : [WFPFavoritesCache]Finished loading favorite preview for WatchFaceInfo[com.montblanc.smartwatch.configurator.boheme.date/com.montblanc.smartwatch.configurator.watchface.ConfiguratorWatchfaceService]: android.graphics.drawable.BitmapDrawable@b913a23
11-03 11:16:25.450148  2520  2520 D HOME    : [WFPView]Entering picking state. Applying snap helper with current scroll offset = 666
11-03 11:16:25.458990  2520  2520 D HOME    : [WFPFavoritesCache]Applying result for ComponentInfo{com.montblanc.smartwatch.configurator.boheme.date/com.montblanc.smartwatch.configurator.watchface.ConfiguratorWatchfaceService}
11-03 11:16:25.508757  2520 12957 D HOME    : [WFPFavoritesCache]Snapshot persisted to: /data/user/0/com.google.android.wearable.app/cache/com.montblanc.smart.watch.sportswatchface-com.montblanc.smartwatch.sportswatchface.ui.SportsWatchService.png
11-03 11:16:26.261440  2520  2520 D HOME    : [WFPController]Clearing exit timeout
--------- switch to kernel
11-03 11:16:26.128574     0     0 I [touch]x: 170,y:236
--------- switch to main
11-03 11:16:26.338153  2520  2520 D HOME    : [WFPController]Clearing exit timeout
11-03 11:16:26.362731  2520  2520 D HOME    : [WFPFavoritesCache]Missed preview in cache, scheduling load: WatchFaceInfo[com.montblanc.smartwatch.configurator.summit/com.montblanc.smartwatch.configurator.watchface.ConfiguratorWatchfaceService]
11-03 11:16:26.367203  2520 12957 D HOME    : [WFPFavoritesCache]Loading favorite: WatchFaceInfo[com.montblanc.smartwatch.configurator.summit/com.montblanc.smartwatch.configurator.watchface.ConfiguratorWatchfaceService]
11-03 11:16:26.400108  2520 12957 D HOME    : [WFPFavoritesCache]Finished loading favorite preview for WatchFaceInfo[com.montblanc.smartwatch.configurator.summit/com.montblanc.smartwatch.configurator.watchface.ConfiguratorWatchfaceService]: android.graphics.drawable.BitmapDrawable@f8bfcd9
