11-03 20:53:12.090717     0     0 I         : Restarting tasks ...
11-03 20:53:12.092379     0     0 W QSEECOM : qseecom_receive_req: Interrupted: exiting Listener Service = 8192
11-03 20:53:12.092472     0     0 W QSEECOM : qseecom_receive_req: Interrupted: exiting Listener Service = 12288
11-03 20:53:12.092513     0     0 W QSEECOM : qseecom_receive_req: Interrupted: exiting Listener Service = 11
11-03 20:53:12.092554     0     0 W QSEECOM : qseecom_receive_req: Interrupted: exiting Listener Service = 10
11-03 20:53:12.098485     0     0 W QSEECOM : qseecom_receive_req: Interrupted: exiting Listener Service = 28672
11-03 20:53:12.110878     0     0 I         : done.
11-03 20:53:12.111943     0     0 I PM      : suspend exit 2021-11-03 19:53:12.111943402 UTC
11-03 20:53:12.315719     0     0 I PM      : suspend entry 2021-11-03 19:53:12.315719183 UTC
11-03 20:53:12.315742     0     0 I PM      : Syncing filesystems ... done.
11-03 20:53:12.420469     0     0 I         : Freezing user space processes ... (elapsed 0.007 seconds) done.
11-03 20:53:12.428113     0     0 I         : Freezing remaining freezable tasks ... (elapsed 0.003 seconds) done.
11-03 20:53:12.431981     0     0 I         : Suspending console(s) (use no_console_suspend to debug)
11-03 20:53:12.445231     0     0 I mdss_dsi_panel_set_idle_mode: Idle (1->1)
11-03 20:53:12.488452     0     0 I bgcom   : bgcom_pm_suspend: suspended with : 0
11-03 20:53:12.525617     0     0 I PM      : suspend of devices complete after 91.126 msecs
11-03 20:53:12.531221     0     0 I PM      : late suspend of devices complete after 5.564 msecs
11-03 20:53:12.537049     0     0 I PM      : noirq suspend of devices complete after 5.804 msecs
11-03 20:53:12.537062     0     0 I         : Disabling non-boot CPUs ...
11-03 20:53:12.554928     0     0 W         : IRQ16 no longer affine to CPU1
11-03 20:53:12.555211     0     0 W         : IRQ93 no longer affine to CPU1
11-03 20:53:12.556871     0     0 I CPU1    : shutdown
11-03 20:53:12.559114     0     0 I         : Enabling non-boot CPUs ...
11-03 20:53:12.559936     0     0 I CPU1    : update cpu_capacity 1024
11-03 20:53:12.561434     0     0 I         : CPU1 is up
11-03 20:53:12.563804     0     0 I CPU1    : update max cpu_capacity 1024
11-03 20:53:12.565263     0     0 I PM      : noirq resume of devices complete after 3.508 msecs
11-03 20:53:12.570799     0     0 I PM      : early resume of devices complete after 4.027 msecs
11-03 20:53:12.572289    20    20 E         : [20:53:12.572302] [00000005D5AA09C9] [VosRX]  wlan: [E :WDI] WDTS_RxPacketDump RX Data frame is UC
11-03 20:53:12.572310    20    20 E         : [20:53:12.572331] [00000005D5AA0BE9] [VosRX]  wlan: [E :WDI] WDTS_RxPacketDump: Data subtype:8 SA:44:fe:3b:41:13:4b DA:00:0a:f5:f2:a2:70
11-03 20:53:12.572408    20    20 E         : [20:53:12.572426] [00000005D5AA1321] [VosRX]  wlan: [E :HDD] hdd_log_ip_addr: src addr 192:168:1:3
11-03 20:53:12.572421    20    20 E         : [20:53:12.572442] [00000005D5AA144A] [VosRX]  wlan: [E :HDD] hdd_log_ip_addr: dst addr 192:168:1:14
11-03 20:53:12.602442     0     0 I bgcom   : bgcom_pm_resume: Bgcom resumed with : 0
11-03 20:53:12.613883     0     0 I mdss_dsi_panel_set_idle_mode: Idle (1->1)
11-03 20:53:12.647986     0     0 I PM      : resume of devices complete after 77.161 msecs
11-03 20:53:12.650607     0     0 I         : Restarting tasks ...
11-03 20:53:12.653578     0     0 W QSEECOM : qseecom_receive_req: Interrupted: exiting Listener Service = 8192
11-03 20:53:12.653637     0     0 W QSEECOM : qseecom_receive_req: Interrupted: exiting Listener Service = 12288
11-03 20:53:12.653868     0     0 W QSEECOM : qseecom_receive_req: Interrupted: exiting Listener Service = 28672
11-03 20:53:12.656401     0     0 W QSEECOM : qseecom_receive_req: Interrupted: exiting Listener Service = 10
11-03 20:53:12.657137     0     0 I         : done.
11-03 20:53:12.657836     0     0 I PM      : suspend exit 2021-11-03 19:53:12.657836318 UTC
11-03 20:53:12.663940     0     0 W QSEECOM : qseecom_receive_req: Interrupted: exiting Listener Service = 11
11-03 20:53:13.064486     0     0 I PM      : suspend entry 2021-11-03 19:53:13.064486787 UTC
11-03 20:53:13.064508     0     0 I PM      : Syncing filesystems ... done.
11-03 20:53:13.174081     0     0 I         : Freezing user space processes ... (elapsed 0.007 seconds) done.
11-03 20:53:13.181578     0     0 I         : Freezing remaining freezable tasks ... (elapsed 0.003 seconds) done.
11-03 20:53:13.185418     0     0 I         : Suspending console(s) (use no_console_suspend to debug)
11-03 20:53:13.197079     0     0 I mdss_dsi_panel_set_idle_mode: Idle (1->1)
11-03 20:53:13.238684     0     0 I bgcom   : bgcom_pm_suspend: suspended with : 0
11-03 20:53:13.274826     0     0 I PM      : suspend of devices complete after 87.192 msecs
11-03 20:53:13.280326     0     0 I PM      : late suspend of devices complete after 5.460 msecs
11-03 20:53:13.286133     0     0 I PM      : noirq suspend of devices complete after 5.784 msecs
11-03 20:53:13.286146     0     0 I         : Disabling non-boot CPUs ...
11-03 20:53:13.304892     0     0 W         : IRQ16 no longer affine to CPU1
11-03 20:53:13.304905     0     0 W         : IRQ21 no longer affine to CPU1
11-03 20:53:13.305207     0     0 W         : IRQ93 no longer affine to CPU1
11-03 20:53:13.306858     0     0 I CPU1    : shutdown
11-03 20:53:13.309027     0     0 I suspend ns: 938984270665	suspend cycles:      25073672325
11-03 20:53:13.309005     0     0 I CPU0    : msm_cpu_pm_enter_sleep mode:3 during suspend
11-03 20:53:13.309005     0     0 I         : Suspended for 0.787 seconds
11-03 20:53:13.309005     0     0 I resume cycles: 25088785223
11-03 20:53:13.309263     0     0 I         : Enabling non-boot CPUs ...
11-03 20:53:13.310068     0     0 I CPU1    : update cpu_capacity 1024
11-03 20:53:13.311504     0     0 I         : CPU1 is up
11-03 20:53:13.313729     0     0 I CPU1    : update max cpu_capacity 1024
11-03 20:53:13.315378     0     0 I PM      : noirq resume of devices complete after 3.545 msecs
11-03 20:53:13.320919     0     0 I PM      : early resume of devices complete after 4.057 msecs
11-03 20:53:13.322419    20    20 E         : [20:53:14.109558] [00000005D76C6815] [VosRX]  wlan: [E :WDI] WDTS_RxPacketDump RX Data frame is UC
11-03 20:53:13.322441    20    20 E         : [20:53:14.109590] [00000005D76C6A65] [VosRX]  wlan: [E :WDI] WDTS_RxPacketDump: Data subtype:8 SA:44:fe:3b:41:13:4b DA:00:0a:f5:f2:a2:70
11-03 20:53:13.322536    20    20 E         : [20:53:14.109685] [00000005D76C718B] [VosRX]  wlan: [E :HDD] hdd_log_ip_addr: src addr 192:168:1:3
11-03 20:53:13.322549    20    20 E         : [20:53:14.109699] [00000005D76C7290] [VosRX]  wlan: [E :HDD] hdd_log_ip_addr: dst addr 192:168:1:14
11-03 20:53:13.349964     0     0 I bgcom   : bgcom_pm_resume: Bgcom resumed with : 0
11-03 20:53:13.361255     0     0 I mdss_dsi_panel_set_idle_mode: Idle (1->1)
11-03 20:53:13.397956     0     0 I PM      : resume of devices complete after 77.007 msecs
11-03 20:53:13.400605     0     0 I         : Restarting tasks ...
11-03 20:53:13.403232     0     0 W QSEECOM : qseecom_receive_req: Interrupted: exiting Listener Service = 12288
11-03 20:53:13.406056     0     0 W QSEECOM : qseecom_receive_req: Interrupted: exiting Listener Service = 8192
11-03 20:53:13.406111     0     0 W QSEECOM : qseecom_receive_req: Interrupted: exiting Listener Service = 11
11-03 20:53:13.406141     0     0 W QSEECOM : qseecom_receive_req: Interrupted: exiting Listener Service = 10
11-03 20:53:13.406169     0     0 W QSEECOM : qseecom_receive_req: Interrupted: exiting Listener Service = 28672
11-03 20:53:13.413484     0     0 I         : done.
11-03 20:53:14.201561     0     0 I PM      : suspend exit 2021-11-03 19:53:14.201561474 UTC
11-03 20:53:14.303491     0     0 I PM      : suspend entry 2021-11-03 19:53:14.303491838 UTC
11-03 20:53:14.303504     0     0 I PM      : Syncing filesystems ... done.
11-03 20:53:14.402485     0     0 I         : Freezing user space processes ... (elapsed 0.007 seconds) done.
11-03 20:53:14.410041     0     0 I         : Freezing remaining freezable tasks ... (elapsed 0.004 seconds) done.
11-03 20:53:14.414131     0     0 I         : Suspending console(s) (use no_console_suspend to debug)
11-03 20:53:14.425675     0     0 I mdss_dsi_panel_set_idle_mode: Idle (1->1)
11-03 20:53:14.466188     0     0 I bgcom   : bgcom_pm_suspend: suspended with : 0
11-03 20:53:14.501337     0     0 I PM      : suspend of devices complete after 84.990 msecs
11-03 20:53:14.506866     0     0 I PM      : late suspend of devices complete after 5.483 msecs
11-03 20:53:14.512627     0     0 I PM      : noirq suspend of devices complete after 5.736 msecs
11-03 20:53:14.512641     0     0 I         : Disabling non-boot CPUs ...
11-03 20:53:14.533809     0     0 I CPU1    : shutdown
11-03 20:53:14.535789     0     0 I suspend ns: 939423896135	suspend cycles:      25097226032
11-03 20:53:14.535768     0     0 I CPU0    : msm_cpu_pm_enter_sleep mode:3 during suspend
11-03 20:53:14.535768     0     0 I         : Suspended for 0.787 seconds
11-03 20:53:14.535768     0     0 I resume cycles: 25112355557
11-03 20:53:14.536021     0     0 I         : Enabling non-boot CPUs ...
11-03 20:53:14.536822     0     0 I CPU1    : update cpu_capacity 1024
11-03 20:53:14.538281     0     0 I         : CPU1 is up
11-03 20:53:14.540739     0     0 I CPU1    : update max cpu_capacity 1024
11-03 20:53:14.542194     0     0 I PM      : noirq resume of devices complete after 3.598 msecs
11-03 20:53:14.547697     0     0 I PM      : early resume of devices complete after 4.027 msecs
11-03 20:53:14.549179    20    20 E         : [20:53:15.337182] [00000005D8D40FD1] [VosRX]  wlan: [E :WDI] WDTS_RxPacketDump RX Data frame is UC
11-03 20:53:14.549200    20    20 E         : [20:53:15.337209] [00000005D8D411D1] [VosRX]  wlan: [E :WDI] WDTS_RxPacketDump: Data subtype:8 SA:44:fe:3b:41:13:4b DA:00:0a:f5:f2:a2:70
11-03 20:53:14.549295    20    20 E         : [20:53:15.337301] [00000005D8D418BC] [VosRX]  wlan: [E :HDD] hdd_log_ip_addr: src addr 192:168:1:3
11-03 20:53:14.549308    20    20 E         : [20:53:15.337317] [00000005D8D419E8] [VosRX]  wlan: [E :HDD] hdd_log_ip_addr: dst addr 192:168:1:14
11-03 20:53:14.576839     0     0 I bgcom   : bgcom_pm_resume: Bgcom resumed with : 0
11-03 20:53:14.588354     0     0 I mdss_dsi_panel_set_idle_mode: Idle (1->1)
11-03 20:53:14.625189     0     0 I PM      : resume of devices complete after 77.464 msecs
11-03 20:53:14.627851     0     0 I         : Restarting tasks ...
11-03 20:53:14.630477     0     0 W QSEECOM : qseecom_receive_req: Interrupted: exiting Listener Service = 11
11-03 20:53:14.630540     0     0 W QSEECOM : qseecom_receive_req: Interrupted: exiting Listener Service = 28672
11-03 20:53:14.633178     0     0 W QSEECOM : qseecom_receive_req: Interrupted: exiting Listener Service = 8192
11-03 20:53:14.633234     0     0 W QSEECOM : qseecom_receive_req: Interrupted: exiting Listener Service = 12288
11-03 20:53:14.633263     0     0 W QSEECOM : qseecom_receive_req: Interrupted: exiting Listener Service = 10
11-03 20:53:14.640259     0     0 I         : done.
11-03 20:53:15.429204     0     0 I PM      : suspend exit 2021-11-03 19:53:15.429204389 UTC
11-03 20:53:15.530797     0     0 I PM      : suspend entry 2021-11-03 19:53:15.530797150 UTC
11-03 20:53:15.530811     0     0 I PM      : Syncing filesystems ... done.
11-03 20:53:15.639429     0     0 I         : Freezing user space processes ... (elapsed 0.007 seconds) done.
11-03 20:53:15.646706     0     0 I         : Freezing remaining freezable tasks ... (elapsed 0.003 seconds) done.
11-03 20:53:15.650569     0     0 I         : Suspending console(s) (use no_console_suspend to debug)
11-03 20:53:15.662315     0     0 I mdss_dsi_panel_set_idle_mode: Idle (1->1)
11-03 20:53:15.703570     0     0 I bgcom   : bgcom_pm_suspend: suspended with : 0
11-03 20:53:15.741299     0     0 I PM      : suspend of devices complete after 88.507 msecs
11-03 20:53:15.746769     0     0 I PM      : late suspend of devices complete after 5.428 msecs
11-03 20:53:15.752730     0     0 I PM      : noirq suspend of devices complete after 5.934 msecs
11-03 20:53:15.752741     0     0 I         : Disabling non-boot CPUs ...
11-03 20:53:15.769857     0     0 W         : IRQ16 no longer affine to CPU1
11-03 20:53:15.771814     0     0 I CPU1    : shutdown
11-03 20:53:15.773712     0     0 I suspend ns: 939873824625	suspend cycles:      25120994184
11-03 20:53:15.773691     0     0 I CPU0    : msm_cpu_pm_enter_sleep mode:3 during suspend
11-03 20:53:15.773691     0     0 I         : Suspended for 0.463 seconds
11-03 20:53:15.773691     0     0 I resume cycles: 25129896268
11-03 20:53:15.773951     0     0 I         : Enabling non-boot CPUs ...
11-03 20:53:15.774751     0     0 I CPU1    : update cpu_capacity 1024
11-03 20:53:15.776186     0     0 I         : CPU1 is up
11-03 20:53:15.778530     0     0 I CPU1    : update max cpu_capacity 1024
11-03 20:53:15.779986     0     0 I PM      : noirq resume of devices complete after 3.483 msecs
11-03 20:53:15.785517     0     0 I PM      : early resume of devices complete after 4.055 msecs
11-03 20:53:15.786836    20    20 E         : [20:53:16.250488] [00000005D9DFA1E2] [VosRX]  wlan: [E :WDI] WDTS_RxPacketDump RX Data frame is UC
11-03 20:53:15.786858    20    20 E         : [20:53:16.250520] [00000005D9DFA42C] [VosRX]  wlan: [E :WDI] WDTS_RxPacketDump: Data subtype:8 SA:44:fe:3b:41:13:4b DA:00:0a:f5:f2:a2:70
11-03 20:53:15.786955    20    20 E         : [20:53:16.250616] [00000005D9DFAB73] [VosRX]  wlan: [E :HDD] hdd_log_ip_addr: src addr 192:168:1:3
11-03 20:53:15.786969    20    20 E         : [20:53:16.250632] [00000005D9DFAC87] [VosRX]  wlan: [E :HDD] hdd_log_ip_addr: dst addr 192:168:1:14
11-03 20:53:15.814364     0     0 I bgcom   : bgcom_pm_resume: Bgcom resumed with : 0
11-03 20:53:15.825936     0     0 I mdss_dsi_panel_set_idle_mode: Idle (1->1)
11-03 20:53:15.862975     0     0 I PM      : resume of devices complete after 77.429 msecs
11-03 20:53:15.865592     0     0 I         : Restarting tasks ...
11-03 20:53:15.868317     0     0 W QSEECOM : qseecom_receive_req: Interrupted: exiting Listener Service = 12288
11-03 20:53:15.868378     0     0 W QSEECOM : qseecom_receive_req: Interrupted: exiting Listener Service = 28672
11-03 20:53:15.871351     0     0 W QSEECOM : qseecom_receive_req: Interrupted: exiting Listener Service = 8192
11-03 20:53:15.871404     0     0 W QSEECOM : qseecom_receive_req: Interrupted: exiting Listener Service = 11
11-03 20:53:15.871437     0     0 W QSEECOM : qseecom_receive_req: Interrupted: exiting Listener Service = 10
11-03 20:53:15.874953     0     0 I         : done.
11-03 20:53:16.339326     0     0 I PM      : suspend exit 2021-11-03 19:53:16.339326992 UTC
11-03 20:53:16.441238     0     0 I PM      : suspend entry 2021-11-03 19:53:16.441238607 UTC
11-03 20:53:16.441252     0     0 I PM      : Syncing filesystems ... done.
11-03 20:53:16.541905     0     0 I         : Freezing user space processes ... (elapsed 0.007 seconds) done.
11-03 20:53:16.549229     0     0 I         : Freezing remaining freezable tasks ... (elapsed 0.004 seconds) done.
11-03 20:53:16.553293     0     0 I         : Suspending console(s) (use no_console_suspend to debug)
11-03 20:53:16.565341     0     0 I mdss_dsi_panel_set_idle_mode: Idle (1->1)
11-03 20:53:16.607554     0     0 I bgcom   : bgcom_pm_suspend: suspended with : 0
11-03 20:53:16.644511     0     0 I PM      : suspend of devices complete after 88.998 msecs
11-03 20:53:16.649994     0     0 I PM      : late suspend of devices complete after 5.437 msecs
11-03 20:53:16.655914     0     0 I PM      : noirq suspend of devices complete after 5.893 msecs
11-03 20:53:16.655927     0     0 I         : Disabling non-boot CPUs ...
11-03 20:53:16.675252     0     0 I CPU1    : shutdown
11-03 20:53:16.677125     0     0 I suspend ns: 940313588949	suspend cycles:      25138339743
11-03 20:53:16.677106     0     0 I CPU0    : msm_cpu_pm_enter_sleep mode:3 during suspend
11-03 20:53:16.677106     0     0 I         : Suspended for 0.799 seconds
11-03 20:53:16.677106     0     0 I resume cycles: 25153683576
11-03 20:53:16.677366     0     0 I         : Enabling non-boot CPUs ...
11-03 20:53:16.678170     0     0 I CPU1    : update cpu_capacity 1024
11-03 20:53:16.679629     0     0 I         : CPU1 is up
11-03 20:53:16.682056     0     0 I CPU1    : update max cpu_capacity 1024
11-03 20:53:16.683453     0     0 I PM      : noirq resume of devices complete after 3.513 msecs
11-03 20:53:16.688962     0     0 I PM      : early resume of devices complete after 4.034 msecs
11-03 20:53:16.690467    20    20 E         : [20:53:17.489624] [00000005DB4AA907] [VosRX]  wlan: [E :WDI] WDTS_RxPacketDump RX Data frame is UC
11-03 20:53:16.690489    20    20 E         : [20:53:17.489659] [00000005DB4AAB8B] [VosRX]  wlan: [E :WDI] WDTS_RxPacketDump: Data subtype:8 SA:44:fe:3b:41:13:4b DA:00:0a:f5:f2:a2:70
11-03 20:53:16.690587    20    20 E         : [20:53:17.489756] [00000005DB4AB2E1] [VosRX]  wlan: [E :HDD] hdd_log_ip_addr: src addr 192:168:1:3
11-03 20:53:16.690600    20    20 E         : [20:53:17.489771] [00000005DB4AB3F7] [VosRX]  wlan: [E :HDD] hdd_log_ip_addr: dst addr 192:168:1:14
11-03 20:53:16.717737     0     0 I bgcom   : bgcom_pm_resume: Bgcom resumed with : 0
11-03 20:53:16.728864     0     0 I mdss_dsi_panel_set_idle_mode: Idle (1->1)
11-03 20:53:16.766463     0     0 I PM      : resume of devices complete after 77.474 msecs
11-03 20:53:16.769071     0     0 I         : Restarting tasks ...
11-03 20:53:16.771774     0     0 W QSEECOM : qseecom_receive_req: Interrupted: exiting Listener Service = 8192
11-03 20:53:16.771835     0     0 W QSEECOM : qseecom_receive_req: Interrupted: exiting Listener Service = 10
11-03 20:53:16.771872     0     0 W QSEECOM : qseecom_receive_req: Interrupted: exiting Listener Service = 28672
11-03 20:53:16.774724     0     0 W QSEECOM : qseecom_receive_req: Interrupted: exiting Listener Service = 12288
11-03 20:53:16.774780     0     0 W QSEECOM : qseecom_receive_req: Interrupted: exiting Listener Service = 11
11-03 20:53:16.778522     0     0 I         : done.
11-03 20:53:17.578453     0     0 I PM      : suspend exit 2021-11-03 19:53:17.578453814 UTC
11-03 20:53:17.680413     0     0 I PM      : suspend entry 2021-11-03 19:53:17.680413918 UTC
11-03 20:53:17.680428     0     0 I PM      : Syncing filesystems ... done.
11-03 20:53:17.781215     0     0 I         : Freezing user space processes ... (elapsed 0.007 seconds) done.
11-03 20:53:17.788680     0     0 I         : Freezing remaining freezable tasks ... (elapsed 0.003 seconds) done.
11-03 20:53:17.792588     0     0 I         : Suspending console(s) (use no_console_suspend to debug)
11-03 20:53:17.804425     0     0 I mdss_dsi_panel_set_idle_mode: Idle (1->1)
11-03 20:53:17.846288     0     0 I bgcom   : bgcom_pm_suspend: suspended with : 0
11-03 20:53:17.883230     0     0 I PM      : suspend of devices complete after 88.417 msecs
11-03 20:53:17.889283     0     0 I PM      : late suspend of devices complete after 6.011 msecs
11-03 20:53:17.895128     0     0 I PM      : noirq suspend of devices complete after 5.822 msecs
11-03 20:53:17.895141     0     0 I         : Disabling non-boot CPUs ...
11-03 20:53:17.914352     0     0 I CPU1    : shutdown
11-03 20:53:17.916217     0     0 I suspend ns: 940753521710	suspend cycles:      25162130285
11-03 20:53:17.916197     0     0 I CPU0    : msm_cpu_pm_enter_sleep mode:3 during suspend
11-03 20:53:17.916197     0     0 I         : Suspended for 0.479 seconds
11-03 20:53:17.916197     0     0 I resume cycles: 25171340804
11-03 20:53:17.916460     0     0 I         : Enabling non-boot CPUs ...
11-03 20:53:17.917269     0     0 I CPU1    : update cpu_capacity 1024
11-03 20:53:17.918696     0     0 I         : CPU1 is up
11-03 20:53:17.921095     0     0 I CPU1    : update max cpu_capacity 1024
11-03 20:53:17.922447     0     0 I PM      : noirq resume of devices complete after 3.441 msecs
11-03 20:53:17.928214     0     0 I PM      : early resume of devices complete after 4.299 msecs
11-03 20:53:17.929528    20    20 E         : [20:53:18.409246] [00000005DC5814A0] [VosRX]  wlan: [E :WDI] WDTS_RxPacketDump RX Data frame is UC
11-03 20:53:17.929552    20    20 E         : [20:53:18.409278] [00000005DC5816F8] [VosRX]  wlan: [E :WDI] WDTS_RxPacketDump: Data subtype:8 SA:44:fe:3b:41:13:4b DA:00:0a:f5:f2:a2:70
11-03 20:53:17.929650    20    20 E         : [20:53:18.409375] [00000005DC581E54] [VosRX]  wlan: [E :HDD] hdd_log_ip_addr: src addr 192:168:1:3
11-03 20:53:17.929662    20    20 E         : [20:53:18.409390] [00000005DC581F63] [VosRX]  wlan: [E :HDD] hdd_log_ip_addr: dst addr 192:168:1:14
11-03 20:53:17.957090     0     0 I bgcom   : bgcom_pm_resume: Bgcom resumed with : 0
11-03 20:53:17.968302     0     0 I mdss_dsi_panel_set_idle_mode: Idle (1->1)
11-03 20:53:18.005552     0     0 I PM      : resume of devices complete after 77.314 msecs
11-03 20:53:18.008160     0     0 I         : Restarting tasks ...
11-03 20:53:18.010585     0     0 W QSEECOM : qseecom_receive_req: Interrupted: exiting Listener Service = 11
11-03 20:53:18.010637     0     0 W QSEECOM : qseecom_receive_req: Interrupted: exiting Listener Service = 28672
11-03 20:53:18.014049     0     0 W QSEECOM : qseecom_receive_req: Interrupted: exiting Listener Service = 8192
11-03 20:53:18.014115     0     0 W QSEECOM : qseecom_receive_req: Interrupted: exiting Listener Service = 12288
11-03 20:53:18.014145     0     0 W QSEECOM : qseecom_receive_req: Interrupted: exiting Listener Service = 10
11-03 20:53:18.020048     0     0 I         : done.
11-03 20:53:18.500468     0     0 I PM      : suspend exit 2021-11-03 19:53:18.500468761 UTC
11-03 20:53:18.602385     0     0 I PM      : suspend entry 2021-11-03 19:53:18.602385949 UTC
11-03 20:53:18.602398     0     0 I PM      : Syncing filesystems ... done.
11-03 20:53:18.702422     0     0 I         : Freezing user space processes ... (elapsed 0.007 seconds) done.
11-03 20:53:18.709881     0     0 I         : Freezing remaining freezable tasks ... (elapsed 0.004 seconds) done.
11-03 20:53:18.713987     0     0 I         : Suspending console(s) (use no_console_suspend to debug)
11-03 20:53:18.725991     0     0 I mdss_dsi_panel_set_idle_mode: Idle (1->1)
11-03 20:53:18.766487     0     0 I bgcom   : bgcom_pm_suspend: suspended with : 0
11-03 20:53:18.804091     0     0 I PM      : suspend of devices complete after 87.878 msecs
11-03 20:53:18.810108     0     0 I PM      : late suspend of devices complete after 5.971 msecs
11-03 20:53:18.815943     0     0 I PM      : noirq suspend of devices complete after 5.813 msecs
11-03 20:53:18.815955     0     0 I         : Disabling non-boot CPUs ...
11-03 20:53:18.833948     0     0 I CPU1    : shutdown
11-03 20:53:18.835993     0     0 I suspend ns: 941193582128	suspend cycles:      25179789964
11-03 20:53:18.835971     0     0 I CPU0    : msm_cpu_pm_enter_sleep mode:3 during suspend
11-03 20:53:18.835971     0     0 I         : Suspended for 0.788 seconds
11-03 20:53:18.835971     0     0 I resume cycles: 25194931777
11-03 20:53:18.836228     0     0 I         : Enabling non-boot CPUs ...
11-03 20:53:18.837035     0     0 I CPU1    : update cpu_capacity 1024
11-03 20:53:18.838460     0     0 I         : CPU1 is up
11-03 20:53:18.840652     0     0 I CPU1    : update max cpu_capacity 1024
11-03 20:53:18.842261     0     0 I PM      : noirq resume of devices complete after 3.485 msecs
11-03 20:53:18.847488     0     0 I PM      : early resume of devices complete after 3.757 msecs
11-03 20:53:18.848787    20    20 E         : [20:53:19.637426] [00000005DDBFE624] [VosRX]  wlan: [E :WDI] WDTS_RxPacketDump RX Data frame is UC
11-03 20:53:18.848812    20    20 E         : [20:53:19.637460] [00000005DDBFE894] [VosRX]  wlan: [E :WDI] WDTS_RxPacketDump: Data subtype:8 SA:44:fe:3b:41:13:4b DA:00:0a:f5:f2:a2:70
11-03 20:53:18.848909    20    20 E         : [20:53:19.637557] [00000005DDBFEFFF] [VosRX]  wlan: [E :HDD] hdd_log_ip_addr: src addr 192:168:1:3
11-03 20:53:18.848922    20    20 E         : [20:53:19.637573] [00000005DDBFF115] [VosRX]  wlan: [E :HDD] hdd_log_ip_addr: dst addr 192:168:1:14
11-03 20:53:18.875785     0     0 I bgcom   : bgcom_pm_resume: Bgcom resumed with : 0
11-03 20:53:18.886922     0     0 I mdss_dsi_panel_set_idle_mode: Idle (1->1)
11-03 20:53:18.925174     0     0 I PM      : resume of devices complete after 77.638 msecs
11-03 20:53:18.927970     0     0 I         : Restarting tasks ...
11-03 20:53:18.930496     0     0 W QSEECOM : qseecom_receive_req: Interrupted: exiting Listener Service = 8192
11-03 20:53:18.930782     0     0 W QSEECOM : qseecom_receive_req: Interrupted: exiting Listener Service = 11
11-03 20:53:18.930831     0     0 W QSEECOM : qseecom_receive_req: Interrupted: exiting Listener Service = 10
11-03 20:53:18.930868     0     0 W QSEECOM : qseecom_receive_req: Interrupted: exiting Listener Service = 28672
11-03 20:53:18.933128     0     0 W QSEECOM : qseecom_receive_req: Interrupted: exiting Listener Service = 12288
11-03 20:53:18.942698     0     0 I         : done.
11-03 20:53:19.731847     0     0 I PM      : suspend exit 2021-11-03 19:53:19.731847301 UTC
--------- switch to main
11-03 20:53:19.811242  2365  2811 W ProcessReaper: Memory state is: 100
--------- switch to kernel
11-03 20:53:19.832593     0     0 I PM      : suspend entry 2021-11-03 19:53:19.832593447 UTC
11-03 20:53:19.832609     0     0 I PM      : Syncing filesystems ... done.
11-03 20:53:19.855195     0     0 I         : Freezing user space processes ...
11-03 20:53:19.861327     0     0 I PM      : Wakeup pending, aborting suspend
11-03 20:53:19.861343     0     0 I         : active wakeup source: qcom_rx_wakelock
11-03 20:53:19.861461     0     0 E         : Freezing of tasks aborted after 0.006 seconds
11-03 20:53:19.861479     0     0 I         : Restarting tasks ...
11-03 20:53:19.862232     0     0 W QSEECOM : qseecom_receive_req: Interrupted: exiting Listener Service = 11
11-03 20:53:19.862300     0     0 W QSEECOM : qseecom_receive_req: Interrupted: exiting Listener Service = 10
11-03 20:53:19.862341     0     0 W QSEECOM : qseecom_receive_req: Interrupted: exiting Listener Service = 28672
11-03 20:53:19.862446     0     0 W QSEECOM : qseecom_receive_req: Interrupted: exiting Listener Service = 8192
11-03 20:53:19.868765     0     0 W QSEECOM : qseecom_receive_req: Interrupted: exiting Listener Service = 12288
11-03 20:53:19.868884     0     0 I         : done.
11-03 20:53:19.869801     0     0 I PM      : suspend exit 2021-11-03 19:53:19.869801520 UTC
11-03 20:53:20.071174     0     0 I PM      : suspend entry 2021-11-03 19:53:20.071174437 UTC
11-03 20:53:20.071188     0     0 I PM      : Syncing filesystems ... done.
11-03 20:53:20.092622     0     0 I         : Freezing user space processes ...
11-03 20:53:20.098450     0     0 I PM      : Wakeup pending, aborting suspend
11-03 20:53:20.098464     0     0 I         : active wakeup source: qcom_rx_wakelock
11-03 20:53:20.098577     0     0 E         : Freezing of tasks aborted after 0.005 seconds
11-03 20:53:20.098594     0     0 I         : Restarting tasks ...
11-03 20:53:20.099454     0     0 W QSEECOM : qseecom_receive_req: Interrupted: exiting Listener Service = 11
11-03 20:53:20.099520     0     0 W QSEECOM : qseecom_receive_req: Interrupted: exiting Listener Service = 10
11-03 20:53:20.099572     0     0 W QSEECOM : qseecom_receive_req: Interrupted: exiting Listener Service = 28672
11-03 20:53:20.104327     0     0 W QSEECOM : qseecom_receive_req: Interrupted: exiting Listener Service = 12288
11-03 20:53:20.104481     0     0 W QSEECOM : qseecom_receive_req: Interrupted: exiting Listener Service = 8192
11-03 20:53:20.104822     0     0 I         : done.
11-03 20:53:20.105619     0     0 I PM      : suspend exit 2021-11-03 19:53:20.105619020 UTC
11-03 20:53:20.506522     0     0 I PM      : suspend entry 2021-11-03 19:53:20.506522562 UTC
11-03 20:53:20.506544     0     0 I PM      : Syncing filesystems ... done.
11-03 20:53:20.531079     0     0 I         : Freezing user space processes ... (elapsed 0.009 seconds) done.
11-03 20:53:20.540309     0     0 I         : Freezing remaining freezable tasks ... (elapsed 0.004 seconds) done.
11-03 20:53:20.544449     0     0 I         : Suspending console(s) (use no_console_suspend to debug)
11-03 20:53:20.547145     0     0 I PM      : Wakeup pending, aborting suspend
11-03 20:53:20.547153     0     0 I         : active wakeup source: qcom_rx_wakelock
11-03 20:53:20.547245     0     0 E PM      : Some devices failed to suspend, or early wake event detected
11-03 20:53:20.547268     0     0 W vcsa63  : Unbalanced pm_runtime_enable!
11-03 20:53:20.547280     0     0 I PM      : resume of devices complete after 0.024 msecs
11-03 20:53:20.550308     0     0 I         : Restarting tasks ...
11-03 20:53:20.551974     0     0 W QSEECOM : qseecom_receive_req: Interrupted: exiting Listener Service = 12288
11-03 20:53:20.552039     0     0 W QSEECOM : qseecom_receive_req: Interrupted: exiting Listener Service = 28672
11-03 20:53:20.553131     0     0 W QSEECOM : qseecom_receive_req: Interrupted: exiting Listener Service = 10
11-03 20:53:20.558423     0     0 W QSEECOM : qseecom_receive_req: Interrupted: exiting Listener Service = 11
11-03 20:53:20.558484     0     0 W QSEECOM : qseecom_receive_req: Interrupted: exiting Listener Service = 8192
11-03 20:53:20.558554     0     0 I         : done.
11-03 20:53:20.559547     0     0 I PM      : suspend exit 2021-11-03 19:53:20.559547041 UTC
11-03 20:53:21.361615     0     0 I PM      : suspend entry 2021-11-03 19:53:21.361615895 UTC
11-03 20:53:21.361638     0     0 I PM      : Syncing filesystems ... done.
11-03 20:53:21.384815     0     0 I         : Freezing user space processes ... (elapsed 0.009 seconds) done.
11-03 20:53:21.394464     0     0 I         : Freezing remaining freezable tasks ... (elapsed 0.004 seconds) done.
11-03 20:53:21.398642     0     0 I         : Suspending console(s) (use no_console_suspend to debug)
11-03 20:53:21.412250     0     0 I mdss_dsi_panel_set_idle_mode: Idle (1->1)
11-03 20:53:21.455008     0     0 I bgcom   : bgcom_pm_suspend: suspended with : 0
11-03 20:53:21.456736     0     0 E dpm_run_callback(): platform_pm_suspend+0x0/0x50 returns -16
11-03 20:53:21.456745     0     0 E PM      : Device alarmtimer failed to suspend: error -16
11-03 20:53:21.468860     0     0 E PM      : Some devices failed to suspend, or early wake event detected
11-03 20:53:21.471589     0     0 I bgcom   : bgcom_pm_resume: Bgcom resumed with : 0
11-03 20:53:21.483606     0     0 I mdss_dsi_panel_set_idle_mode: Idle (1->1)
11-03 20:53:21.523783     0     0 I PM      : resume of devices complete after 54.899 msecs
11-03 20:53:21.527118     0     0 I         : Restarting tasks ...
11-03 20:53:21.529071     0     0 W QSEECOM : qseecom_receive_req: Interrupted: exiting Listener Service = 8192
11-03 20:53:21.529277     0     0 W QSEECOM : qseecom_receive_req: Interrupted: exiting Listener Service = 12288
11-03 20:53:21.529324     0     0 W QSEECOM : qseecom_receive_req: Interrupted: exiting Listener Service = 11
11-03 20:53:21.529369     0     0 W QSEECOM : qseecom_receive_req: Interrupted: exiting Listener Service = 28672
11-03 20:53:21.534120     0     0 W QSEECOM : qseecom_receive_req: Interrupted: exiting Listener Service = 10
11-03 20:53:21.534379     0     0 I         : done.
11-03 20:53:21.535732     0     0 I PM      : suspend exit 2021-11-03 19:53:21.535732405 UTC
--------- switch to main
11-03 20:53:21.657312  1679  1679 D HandsFreeClientShard: Connecting HandsFree client profile (retry).
11-03 20:53:21.662546  1679  1679 D BluetoothHeadsetClient: disconnect(14:3C:C3:AD:3D:53)
11-03 20:53:21.664958  1679  1679 D BluetoothHeadsetClient: connect(14:3C:C3:AD:3D:53)
11-03 20:53:21.668491  1784  2068 D HeadsetClientStateMachine: Disconnected process message: 1
11-03 20:53:21.669157  1784  1971 I bt_btif_queue: queue_int_add: adding connection request: address=14:3c:c3:ad:3d:53 UUID=111E busy=false
11-03 20:53:21.669485  1784  1971 I bt_btif_queue: btif_queue_connect_next: executing connection request: address=14:3c:c3:ad:3d:53 UUID=111E busy=false
11-03 20:53:21.669542  1784  1971 E bt_btif : is_connected: not connected!
11-03 20:53:21.669626  1784  1971 W bt_btif : bta_hf_client_find_cb_by_bda: bdaddr mismatch for handle 0 alloc 0
11-03 20:53:21.669665  1784  1971 W bt_btif : bta_hf_client_find_cb_by_bda: bdaddr mismatch for handle 1 alloc 0
11-03 20:53:21.669701  1784  1971 W bt_btif : bta_hf_client_find_cb_by_bda: bdaddr mismatch for handle 2 alloc 0
11-03 20:53:21.669733  1784  1971 W bt_btif : bta_hf_client_find_cb_by_bda: bdaddr mismatch for handle 3 alloc 0
11-03 20:53:21.669764  1784  1971 W bt_btif : bta_hf_client_find_cb_by_bda: bdaddr mismatch for handle 4 alloc 0
11-03 20:53:21.669798  1784  1971 W bt_btif : bta_hf_client_find_cb_by_bda: bdaddr mismatch for handle 5 alloc 0
11-03 20:53:21.669831  1784  1971 W bt_btif : bta_hf_client_find_cb_by_bda: bdaddr mismatch for handle 6 alloc 0
11-03 20:53:21.669862  1784  1971 W bt_btif : bta_hf_client_find_cb_by_bda: bdaddr mismatch for handle 7 alloc 0
11-03 20:53:21.669893  1784  1971 W bt_btif : bta_hf_client_find_cb_by_bda: bdaddr mismatch for handle 8 alloc 0
11-03 20:53:21.669923  1784  1971 W bt_btif : bta_hf_client_find_cb_by_bda: bdaddr mismatch for handle 9 alloc 0
11-03 20:53:21.669955  1784  1971 E bt_btif : bta_hf_client_find_cb_by_bda: block not found
11-03 20:53:21.682767  3281  3281 D BtTelecomReceiver: onReceive: Intent { act=android.bluetooth.headsetclient.profile.action.CONNECTION_STATE_CHANGED flg=0x10 cmp=com.google.android.apps.wearable.bluetooth/com.google.android.clockwork.hfp.BtTelecomBroadcastReceiver (has extras) }
11-03 20:53:21.682948  3281  3281 D BtTelecomReceiver: Hfp connection changed: -724754873 0 -> 1
11-03 20:53:21.682944  1784  1784 D AdapterProperties: PROFILE_CONNECTION_STATE_CHANGE: profile=16, device=14:3C:C3:AD:3D:53, 0 -> 1
11-03 20:53:21.683328  1784  1784 D AdapterProperties: ADAPTER_CONNECTION_STATE_CHANGE: 14:3C:C3:AD:3D:53: 0 -> 1
--------- switch to system
11-03 20:52:40.627803  1679  5047 W BroadcastQueue: Background execution not allowed: receiving Intent { act=android.bluetooth.adapter.action.CONNECTION_STATE_CHANGED flg=0x4000010 (has extras) } to com.google.android.gms/.chimera.GmsIntentOperationService$PersistentTrustedReceiver
11-03 20:53:21.686498  1679  2733 W BroadcastQueue: Background execution not allowed: receiving Intent { act=android.bluetooth.adapter.action.CONNECTION_STATE_CHANGED flg=0x4000010 (has extras) } to com.google.android.gms/.chimera.GmsIntentOperationService$PersistentTrustedReceiver
11-03 20:53:23.542200  1679  1704 I DisplayPowerController: Blocking screen off
11-03 20:53:23.551923  1679  1704 I DisplayPowerController: Unblocked screen off after 1 ms
--------- switch to main
11-03 20:53:23.582984  1679  1960 I AmbientService: [2f230a7] Current ambient activity was paused: AmbientActivity[component=ComponentInfo{com.google.android.wearable.app/com.google.android.clockwork.home2.activity.HomeActivity2}, callbacks=@965d446, running=false, ambientRequested=true, ambientEnabled=true, offloadEnabled=true]
11-03 20:53:23.583740  1679  1960 D SidekickService: setShouldControlDisplay called: false
11-03 20:53:23.584668  1679  1960 I AmbientService: [2f230a7] We need an ambient activity, but nothing to use, requesting doze.
11-03 20:53:23.585807  1679  1960 I AmbientService: [2f230a7] No auto-resume Activity.
11-03 20:53:23.587372  1679  1960 W DefaultSettingsContentR: Value for ambient_low_bit_enabled not stored as number. Attempting parse as boolean.
11-03 20:53:23.589853  1679  1960 I AmbientService: [2f230a7] There is no running ambient activity, canceling alarm.
11-03 20:53:23.589954  1679  1960 W AlarmManagerProxy: Removing unknown listener
11-03 20:53:23.594538  2365  2365 D HOME    : [HotwordController]updateClient MODE_WATCH_FACE false true true true
11-03 20:53:23.619061  1679  1781 I SidekickService: endDisplayLocked()
--------- switch to system
11-03 20:53:23.620019  1679  1702 I DisplayManagerService: Display device changed state: "cran intgr", OFF
--------- switch to main
11-03 20:53:23.620336   414  1707 D SKGHAL  : sendAmbientEvent: enter: enable = 0
--------- switch to kernel
11-03 20:53:23.666487     0     0 I         : [touch]FB_BLANK_VSYNC_SUSPEND
11-03 20:53:23.666493     0     0 I         : [touch]Already in suspend state
11-03 20:53:23.672013     0     0 I         : [touch]FB_BLANK_VSYNC_SUSPEND
11-03 20:53:23.672020     0     0 I         : [touch]Already in suspend state
--------- switch to main
11-03 20:53:23.660739  1679  1746 I InputReader: Reconfiguring input devices.  changes=0x00000004
11-03 20:53:23.666096   503   520 I SDM     : DisplayBase::SetDisplayState: Set state = 3, display 0
11-03 20:53:23.666571   503   520 D SDM     : HWCDisplayPrimary::SetStandByMode: Display is connected successfully
11-03 20:53:23.668702   414  1707 D SKGHAL  : standBy_update_control call succeed on 0
11-03 20:53:23.668841   414  1707 D SKGHAL  : sendAmbientEvent: done: enable = 0
11-03 20:53:23.669705  1679  1781 D SidekickService:    ... endDisplay returns void
11-03 20:53:23.670640   538   538 D SurfaceFlinger: Set power mode=1, type=0 flinger=0xb5b36000
11-03 20:53:23.671834   503   503 I SDM     : DisplayBase::SetDisplayState: Set state = 2, display 0
11-03 20:53:23.672837   538   538 D SurfaceFlinger: Finished set power mode=1, type=0
11-03 20:53:23.686441   538   538 E HWComposer: presentAndGetReleaseFences: present failed for display 0: NotValidated (7)
11-03 20:53:23.707766   538   538 D SurfaceFlinger: Set power mode=0, type=0 flinger=0xb5b36000
11-03 20:53:23.713390   503   503 I SDM     : DisplayBase::SetDisplayState: Set state = 0, display 0
11-03 20:53:23.740913  2365  2365 D HOME    : [HotwordController]updateClient MODE_WATCH_FACE false true true true
11-03 20:53:23.893752   538   538 D SurfaceFlinger: Finished set power mode=0, type=0
11-03 20:53:23.897893  1679  1781 D SurfaceControl: Excessive delay in setPowerMode()
--------- switch to kernel
11-03 20:53:23.893273     0     0 I         : [touch]FB_BLANK_POWERDOWN
11-03 20:53:23.893278     0     0 I         : [touch]Already in suspend state
11-03 20:53:23.920103     0     0 I PM      : suspend entry 2021-11-03 19:53:23.920103029 UTC
11-03 20:53:23.920117     0     0 I PM      : Syncing filesystems ... done.
11-03 20:53:23.988920     0     0 I         : Freezing user space processes ... (elapsed 0.008 seconds) done.
11-03 20:53:23.997376     0     0 I         : Freezing remaining freezable tasks ... (elapsed 0.003 seconds) done.
11-03 20:53:24.001153     0     0 I         : Suspending console(s) (use no_console_suspend to debug)
11-03 20:53:24.008150     0     0 I bgcom   : bgcom_pm_suspend: suspended with : 0
11-03 20:53:24.033740     0     0 I PM      : suspend of devices complete after 30.349 msecs
11-03 20:53:24.039578     0     0 I PM      : late suspend of devices complete after 5.798 msecs
11-03 20:53:24.045211     0     0 I PM      : noirq suspend of devices complete after 5.611 msecs
11-03 20:53:24.045224     0     0 I         : Disabling non-boot CPUs ...
11-03 20:53:24.062355     0     0 I CPU1    : shutdown
11-03 20:53:24.064577     0     0 I suspend ns: 945633528079	suspend cycles:      25280178739
11-03 20:53:24.064555     0     0 I CPU0    : msm_cpu_pm_enter_sleep mode:3 during suspend
11-03 20:53:24.064555     0     0 I         : Suspended for 0.927 seconds
11-03 20:53:24.064555     0     0 I resume cycles: 25297983741
11-03 20:53:24.064810     0     0 I         : Enabling non-boot CPUs ...
11-03 20:53:24.065635     0     0 I CPU1    : update cpu_capacity 1024
11-03 20:53:24.067078     0     0 I         : CPU1 is up
11-03 20:53:24.069141     0     0 I CPU1    : update max cpu_capacity 1024
11-03 20:53:24.070892     0     0 I PM      : noirq resume of devices complete after 3.493 msecs
11-03 20:53:24.076509     0     0 I PM      : early resume of devices complete after 4.131 msecs
11-03 20:53:24.078010    20    20 E         : [20:53:25.005355] [00000005E3E488DD] [VosRX]  wlan: [E :WDI] WDTS_RxPacketDump RX Data frame is UC
11-03 20:53:24.078032    20    20 E         : [20:53:25.005388] [00000005E3E48B36] [VosRX]  wlan: [E :WDI] WDTS_RxPacketDump: Data subtype:8 SA:44:fe:3b:41:13:4b DA:00:0a:f5:f2:a2:70
11-03 20:53:24.078132    20    20 E         : [20:53:25.005486] [00000005E3E492A0] [VosRX]  wlan: [E :HDD] hdd_log_ip_addr: src addr 192:168:1:3
11-03 20:53:24.078145    20    20 E         : [20:53:25.005501] [00000005E3E493BE] [VosRX]  wlan: [E :HDD] hdd_log_ip_addr: dst addr 192:168:1:14
11-03 20:53:24.105314     0     0 I bgcom   : bgcom_pm_resume: Bgcom resumed with : 0
11-03 20:53:24.110515     0     0 I PM      : resume of devices complete after 33.978 msecs
11-03 20:53:24.113144     0     0 I         : Restarting tasks ...
11-03 20:53:24.115692     0     0 W QSEECOM : qseecom_receive_req: Interrupted: exiting Listener Service = 8192
11-03 20:53:24.115797     0     0 W QSEECOM : qseecom_receive_req: Interrupted: exiting Listener Service = 10
11-03 20:53:24.115832     0     0 W QSEECOM : qseecom_receive_req: Interrupted: exiting Listener Service = 28672
11-03 20:53:24.118738     0     0 W QSEECOM : qseecom_receive_req: Interrupted: exiting Listener Service = 12288
11-03 20:53:24.118797     0     0 W QSEECOM : qseecom_receive_req: Interrupted: exiting Listener Service = 11
11-03 20:53:24.125167     0     0 I         : done.
11-03 20:53:25.053148     0     0 I PM      : suspend exit 2021-11-03 19:53:25.053148132 UTC
11-03 20:53:25.154663     0     0 I PM      : suspend entry 2021-11-03 19:53:25.154663288 UTC
11-03 20:53:25.154676     0     0 I PM      : Syncing filesystems ... done.
11-03 20:53:25.267875     0     0 I         : Freezing user space processes ... (elapsed 0.007 seconds) done.
11-03 20:53:25.275073     0     0 I         : Freezing remaining freezable tasks ... (elapsed 0.004 seconds) done.
11-03 20:53:25.279185     0     0 I         : Suspending console(s) (use no_console_suspend to debug)
11-03 20:53:25.285689     0     0 I bgcom   : bgcom_pm_suspend: suspended with : 0
11-03 20:53:25.318441     0     0 I PM      : suspend of devices complete after 37.031 msecs
11-03 20:53:25.323929     0     0 I PM      : late suspend of devices complete after 5.445 msecs
11-03 20:53:25.329773     0     0 I PM      : noirq suspend of devices complete after 5.818 msecs
11-03 20:53:25.329787     0     0 I         : Disabling non-boot CPUs ...
11-03 20:53:25.347573     0     0 W migrate_irqs: 3 callbacks suppressed
11-03 20:53:25.347580     0     0 W         : IRQ16 no longer affine to CPU1
11-03 20:53:25.347594     0     0 W         : IRQ21 no longer affine to CPU1
11-03 20:53:25.347875     0     0 W         : IRQ93 no longer affine to CPU1
11-03 20:53:25.349525     0     0 I CPU1    : shutdown
11-03 20:53:25.351400     0     0 I suspend ns: 945993008548	suspend cycles:      25304885766
11-03 20:53:25.351380     0     0 I CPU0    : msm_cpu_pm_enter_sleep mode:3 during suspend
11-03 20:53:25.351380     0     0 I         : Suspended for 0.718 seconds
11-03 20:53:25.351380     0     0 I resume cycles: 25318677816
11-03 20:53:25.351644     0     0 I         : Enabling non-boot CPUs ...
11-03 20:53:25.352466     0     0 I CPU1    : update cpu_capacity 1024
11-03 20:53:25.353924     0     0 I         : CPU1 is up
11-03 20:53:25.356363     0     0 I CPU1    : update max cpu_capacity 1024
11-03 20:53:25.357759     0     0 I PM      : noirq resume of devices complete after 3.511 msecs
11-03 20:53:25.363506     0     0 I PM      : early resume of devices complete after 4.272 msecs
11-03 20:53:25.364811    20    20 E         : [20:53:26.083147] [00000005E5204B41] [VosRX]  wlan: [E :WDI] WDTS_RxPacketDump RX Data frame is UC
11-03 20:53:25.364834    20    20 E         : [20:53:26.083181] [00000005E5204DAF] [VosRX]  wlan: [E :WDI] WDTS_RxPacketDump: Data subtype:8 SA:44:fe:3b:41:13:4b DA:00:0a:f5:f2:a2:70
11-03 20:53:25.364933    20    20 E         : [20:53:26.083279] [00000005E5205513] [VosRX]  wlan: [E :HDD] hdd_log_ip_addr: src addr 192:168:1:3
11-03 20:53:25.364946    20    20 E         : [20:53:26.083294] [00000005E5205622] [VosRX]  wlan: [E :HDD] hdd_log_ip_addr: dst addr 192:168:1:14
11-03 20:53:25.392217     0     0 I bgcom   : bgcom_pm_resume: Bgcom resumed with : 0
11-03 20:53:25.398130     0     0 I PM      : resume of devices complete after 34.598 msecs
11-03 20:53:25.400775     0     0 I         : Restarting tasks ...
11-03 20:53:25.403350     0     0 W QSEECOM : qseecom_receive_req: Interrupted: exiting Listener Service = 8192
11-03 20:53:25.403420     0     0 W QSEECOM : qseecom_receive_req: Interrupted: exiting Listener Service = 12288
11-03 20:53:25.403453     0     0 W QSEECOM : qseecom_receive_req: Interrupted: exiting Listener Service = 10
11-03 20:53:25.406056     0     0 W QSEECOM : qseecom_receive_req: Interrupted: exiting Listener Service = 11
11-03 20:53:25.406105     0     0 W QSEECOM : qseecom_receive_req: Interrupted: exiting Listener Service = 28672
11-03 20:53:25.412965     0     0 I         : done.
11-03 20:53:26.132018     0     0 I PM      : suspend exit 2021-11-03 19:53:26.132018965 UTC
11-03 20:53:26.233483     0     0 I PM      : suspend entry 2021-11-03 19:53:26.233483808 UTC
11-03 20:53:26.233497     0     0 I PM      : Syncing filesystems ... done.
11-03 20:53:26.352273     0     0 I         : Freezing user space processes ... (elapsed 0.007 seconds) done.
11-03 20:53:26.359913     0     0 I         : Freezing remaining freezable tasks ... (elapsed 0.003 seconds) done.
11-03 20:53:26.363834     0     0 I         : Suspending console(s) (use no_console_suspend to debug)
11-03 20:53:26.372107     0     0 I bgcom   : bgcom_pm_suspend: suspended with : 0
11-03 20:53:26.404227     0     0 I PM      : suspend of devices complete after 37.848 msecs
11-03 20:53:26.409909     0     0 I PM      : late suspend of devices complete after 5.636 msecs
11-03 20:53:26.415661     0     0 I PM      : noirq suspend of devices complete after 5.730 msecs
11-03 20:53:26.415674     0     0 I         : Disabling non-boot CPUs ...
11-03 20:53:26.435840     0     0 W         : IRQ21 no longer affine to CPU1
11-03 20:53:26.437762     0     0 I CPU1    : shutdown
11-03 20:53:26.439596     0     0 I suspend ns: 946362869694	suspend cycles:      25325779150
11-03 20:53:26.439576     0     0 I CPU0    : msm_cpu_pm_enter_sleep mode:3 during suspend
11-03 20:53:26.439576     0     0 I         : Suspended for 0.690 seconds
11-03 20:53:26.439576     0     0 I resume cycles: 25339038566
11-03 20:53:26.439832     0     0 I         : Enabling non-boot CPUs ...
11-03 20:53:26.440635     0     0 I CPU1    : update cpu_capacity 1024
11-03 20:53:26.442078     0     0 I         : CPU1 is up
11-03 20:53:26.444609     0     0 I CPU1    : update max cpu_capacity 1024
11-03 20:53:26.445918     0     0 I PM      : noirq resume of devices complete after 3.526 msecs
11-03 20:53:26.451451     0     0 I PM      : early resume of devices complete after 4.052 msecs
11-03 20:53:26.452958    20    20 E         : [20:53:27.143552] [00000005E656F5A7] [VosRX]  wlan: [E :WDI] WDTS_RxPacketDump RX Data frame is UC
11-03 20:53:26.452981    20    20 E         : [20:53:27.143587] [00000005E656F82B] [VosRX]  wlan: [E :WDI] WDTS_RxPacketDump: Data subtype:8 SA:44:fe:3b:41:13:4b DA:00:0a:f5:f2:a2:70
11-03 20:53:26.453083    20    20 E         : [20:53:27.143687] [00000005E656FFBB] [VosRX]  wlan: [E :HDD] hdd_log_ip_addr: src addr 192:168:1:2
11-03 20:53:26.453095    20    20 E         : [20:53:27.143703] [00000005E65700D0] [VosRX]  wlan: [E :HDD] hdd_log_ip_addr: dst addr 239:255:255:250
11-03 20:53:26.480317     0     0 I bgcom   : bgcom_pm_resume: Bgcom resumed with : 0
11-03 20:53:26.486373     0     0 I PM      : resume of devices complete after 34.892 msecs
11-03 20:53:26.488959     0     0 I         : Restarting tasks ...
11-03 20:53:26.491538     0     0 W QSEECOM : qseecom_receive_req: Interrupted: exiting Listener Service = 12288
11-03 20:53:26.491603     0     0 W QSEECOM : qseecom_receive_req: Interrupted: exiting Listener Service = 11
11-03 20:53:26.491641     0     0 W QSEECOM : qseecom_receive_req: Interrupted: exiting Listener Service = 10
11-03 20:53:26.491678     0     0 W QSEECOM : qseecom_receive_req: Interrupted: exiting Listener Service = 28672
11-03 20:53:26.493733     0     0 W QSEECOM : qseecom_receive_req: Interrupted: exiting Listener Service = 8192
11-03 20:53:26.499280     0     0 I         : done.
11-03 20:53:27.190584     0     0 I PM      : suspend exit 2021-11-03 19:53:27.190584589 UTC
11-03 20:53:27.292024     0     0 I PM      : suspend entry 2021-11-03 19:53:27.292024120 UTC
11-03 20:53:27.292037     0     0 I PM      : Syncing filesystems ... done.
11-03 20:53:27.410937     0     0 I         : Freezing user space processes ... (elapsed 0.007 seconds) done.
11-03 20:53:27.418572     0     0 I         : Freezing remaining freezable tasks ... (elapsed 0.003 seconds) done.
11-03 20:53:27.422527     0     0 I         : Suspending console(s) (use no_console_suspend to debug)
11-03 20:53:27.429374     0     0 I bgcom   : bgcom_pm_suspend: suspended with : 0
11-03 20:53:27.461619     0     0 I PM      : suspend of devices complete after 36.862 msecs
11-03 20:53:27.467881     0     0 I PM      : late suspend of devices complete after 6.221 msecs
11-03 20:53:27.473389     0     0 I PM      : noirq suspend of devices complete after 5.484 msecs
