11-02 21:13:05.018826  2520  8231 D HOME    : [DataRequester]Scheduling job for TileConfig{id=2, provider=ComponentInfo{com.google.android.wearable.app/com.google.android.clockwork.home.calendar.AgendaTileProviderService}} delay=14400 jobId=2000071
11-02 21:13:05.022712  2520  2520 D HOME    : [SurfaceRenderer]maybeRender: hasWindowFocus = true, hasViewFocus = false, hasModelToRender = true, shouldRender = true
11-02 21:13:05.023015  2520  2520 D HOME    : [SurfaceRenderer]cardLifecycleParent: onStart
11-02 21:13:05.023159  2520  2520 D HOME    : [SurfaceRenderer]cardLifecycleParent: onResume
11-02 21:13:05.029542  2520  2520 D HOME    : [JoviUpdater]background update succeeded
11-02 21:13:05.034977  2520  7941 D HOME    : [DataRequester]cancelScheduledUpdates TileConfig{id=-1, provider=ComponentInfo{com.google.android.wearable.app/com.google.android.clockwork.home.jovi.tile.JoviTileProviderService}}
11-02 21:13:05.035443  2520  7941 D HOME    : [DataRequester]cancelScheduledUpdates could not find jobId for provider -1
11-02 21:13:05.035795  2520  7941 D HOME    : [DataRequester]updateFinished -1
11-02 21:13:05.035940  2520  7941 D HOME    : [ProviderConnMgr]Unbinding from service
11-02 21:13:05.039579  2520  7941 D HOME    : [DataRequester]Scheduling job for TileConfig{id=-1, provider=ComponentInfo{com.google.android.wearable.app/com.google.android.clockwork.home.jovi.tile.JoviTileProviderService}} delay=14400 jobId=2000072
11-02 21:13:05.042746  1686  5849 I GnssLocationProvider: WakeLock acquired by sendMessage(SET_REQUEST, 0, com.android.server.location.GnssLocationProvider$GpsRequest@edbad74)
11-02 21:13:05.044700   501   501 I LocSvc_GnssInterface: ===> setPositionMode line 269 
11-02 21:13:05.045406   501   501 I LocSvc_GnssInterface: ===> start line 208 
11-02 21:13:05.045501   501   501 I LocSvc_APIClientBase: locAPIStartTracking:342] start new session: 31
11-02 21:13:05.045790   501  1894 I LocSvc_api_v02: ---> locClientSendReq line 2298 QMI_LOC_REG_EVENTS_REQ_V02
11-02 21:13:05.046864   501  1894 I LocSvc_api_v02: ---> locClientSendReq line 2298 QMI_LOC_SET_OPERATION_MODE_REQ_V02
11-02 21:13:05.047618   501  1904 I LocSvc_ApiV02: <--- globalRespCb line 178 QMI_LOC_SET_OPERATION_MODE_REQ_V02
11-02 21:13:05.047793   501  1894 I LocSvc_api_v02: ---> locClientSendReq line 2298 QMI_LOC_START_REQ_V02
11-02 21:13:05.049631  1686  1701 I GnssLocationProvider: WakeLock released by handleMessage(SET_REQUEST, 0, com.android.server.location.GnssLocationProvider$GpsRequest@edbad74)
11-02 21:13:05.269857  1686  1696 I system_server: Background concurrent copying GC freed 31407(1792KB) AllocSpace objects, 23(716KB) LOS objects, 19% free, 9MB/12MB, paused 531us total 231.894ms
11-02 21:13:05.667207   501  1904 I LocSvc_ApiV02: <--- globalEventCb line 152 QMI_LOC_EVENT_POSITION_REPORT_IND_V02
11-02 21:13:06.023988  2520  2520 D HOME    : [SurfaceRenderer]cardLifecycleParent: onPause
11-02 21:13:06.024329  2520  2520 D HOME    : [SurfaceRenderer]cardLifecycleParent: onStop
11-02 21:13:06.668107   501  1904 I LocSvc_ApiV02: <--- globalEventCb line 152 QMI_LOC_EVENT_GNSS_SV_INFO_IND_V02
11-02 21:13:06.668515   501  1904 I LocSvc_ApiV02: <--- globalEventCb line 152 QMI_LOC_EVENT_POSITION_REPORT_IND_V02
11-02 21:13:06.670164  1686  4991 I GnssLocationProvider: WakeLock acquired by sendMessage(REPORT_SV_STATUS, 0, com.android.server.location.GnssLocationProvider$SvStatusInfo@e1a629d)
11-02 21:13:06.673446  1686  1701 I GnssLocationProvider: WakeLock released by handleMessage(REPORT_SV_STATUS, 0, com.android.server.location.GnssLocationProvider$SvStatusInfo@e1a629d)
11-02 21:13:07.072805  7790  7806 I Finsky  : [295] com.google.android.finsky.bo.ac.run(5): Stats for Executor: BlockingExecutor com.google.android.finsky.bo.ad@a23a1d2[Running, pool size = 0, active threads = 0, queued tasks = 0, completed tasks = 2]
11-02 21:13:07.395802  7790  7806 I Finsky  : [295] com.google.android.finsky.bo.ac.run(5): Stats for Executor: LightweightExecutor com.google.android.finsky.bo.ad@6e612a3[Running, pool size = 3, active threads = 0, queued tasks = 0, completed tasks = 8]
11-02 21:13:07.667402   501  1904 I LocSvc_ApiV02: <--- globalEventCb line 152 QMI_LOC_EVENT_GNSS_SV_INFO_IND_V02
11-02 21:13:07.667908   501  1904 I LocSvc_ApiV02: <--- globalEventCb line 152 QMI_LOC_EVENT_POSITION_REPORT_IND_V02
11-02 21:13:07.669252  1686  4991 I GnssLocationProvider: WakeLock acquired by sendMessage(REPORT_SV_STATUS, 0, com.android.server.location.GnssLocationProvider$SvStatusInfo@db60312)
11-02 21:13:07.670483  1686  1701 I GnssLocationProvider: WakeLock released by handleMessage(REPORT_SV_STATUS, 0, com.android.server.location.GnssLocationProvider$SvStatusInfo@db60312)
11-02 21:13:08.667420   501  1904 I LocSvc_ApiV02: <--- globalEventCb line 152 QMI_LOC_EVENT_GNSS_SV_INFO_IND_V02
11-02 21:13:08.668180   501  1904 I LocSvc_ApiV02: <--- globalEventCb line 152 QMI_LOC_EVENT_POSITION_REPORT_IND_V02
11-02 21:13:08.669439  1686  4991 I GnssLocationProvider: WakeLock acquired by sendMessage(REPORT_SV_STATUS, 0, com.android.server.location.GnssLocationProvider$SvStatusInfo@d5afae3)
11-02 21:13:08.670897  1686  1701 I GnssLocationProvider: WakeLock released by handleMessage(REPORT_SV_STATUS, 0, com.android.server.location.GnssLocationProvider$SvStatusInfo@d5afae3)
--------- switch to system
11-02 21:13:08.912200  1686  1712 I PowerManagerService: Going to sleep due to screen timeout (uid 1000)...
11-02 21:13:08.913555  1686  1712 I DreamManagerService: Entering dreamland.
11-02 21:13:08.914372  1686  1712 I PowerManagerService: Dozing...
11-02 21:13:08.915038  1686  1686 W UsageStatsService: Event reported without a package name
11-02 21:13:08.927585  1686  1708 I DreamController: Starting dream: name=ComponentInfo{com.google.android.wearable.ambient/com.google.android.wearable.ambient.AmbientDream}, isTest=false, canDoze=true, userId=0
11-02 21:13:08.944904  1686  1686 W ContextImpl: Calling a method in the system process without a qualified user: android.app.ContextImpl.bindService:1611 android.content.ContextWrapper.bindService:698 com.google.android.wearable.ambient.AmbientDream.onCreate:191 android.app.ActivityThread.handleCreateService:3533 android.app.ActivityThread.access$1300:200 
11-02 21:13:08.947459  1686  1686 W ContextImpl: Calling a method in the system process without a qualified user: android.app.ContextImpl.sendBroadcast:1005 android.content.ContextWrapper.sendBroadcast:444 com.google.android.wearable.ambient.AmbientDream.onCreate:241 android.app.ActivityThread.handleCreateService:3533 android.app.ActivityThread.access$1300:200 
11-02 21:13:08.948082  1686  1686 V DreamService[AmbientDream]: onBind() intent = Intent { act=android.service.dreams.DreamService flg=0x800000 cmp=com.google.android.wearable.ambient/.AmbientDream }
--------- switch to main
11-02 21:13:08.949215  1686  1686 I AmbientService: [ce6a28c] Ambient Created
--------- switch to system
11-02 21:13:08.949942  1686  1686 V DreamService[AmbientDream]: Calling onDreamingStarted()
--------- switch to main
11-02 21:13:08.950047  1686  1686 I AmbientService: [ce6a28c] doOnDreamingStarted
11-02 21:13:08.950419  1686  1686 D SidekickService: setShouldControlDisplay called: true
11-02 21:13:08.951207  1686  1686 I AmbientService: [ce6a28c] Selected running activity for ambient mode: AmbientActivity[component=ComponentInfo{com.google.android.wearable.app/com.google.android.clockwork.home2.activity.HomeActivity2}, callbacks=@210b385, running=true, ambientRequested=true, ambientEnabled=true, offloadEnabled=true]
11-02 21:13:08.952099  1686  1686 I AmbientService: [ce6a28c] Sidekick is ready to display, requesting doze.
11-02 21:13:08.952691  1686  1686 I AmbientService: [ce6a28c] No auto-resume Activity.
11-02 21:13:08.954242  1686  1686 W DefaultSettingsContentR: Value for ambient_low_bit_enabled not stored as number. Attempting parse as boolean.
11-02 21:13:08.963153  1686  1686 I AmbientService: [ce6a28c] Showing watch face in offload mode, canceling alarm.
11-02 21:13:08.963322  1686  1686 W AlarmManagerProxy: Removing unknown listener
11-02 21:13:08.963443  1686  1686 D WristGestureCtrl: Stopping detectors: GesturesEnabled-false gestureDetector-false ungazeEnabled-true ungaze-true
11-02 21:13:08.963483  1686  1686 D DefaultUngazeDetector: stopping
11-02 21:13:08.964570   512  1749 I sensors-hal: batch:140, android.sensor.accelerometer/48, period=66667000, max_latency=100000000
11-02 21:13:08.966845   512  1749 I sensors-hal: batch:149, android.sensor.accelerometer/48, period=66667000, max_latency=100000000 request completed
11-02 21:13:08.969146  2520  2520 D HOME    : [HomeVisitsLogger]Logging streamlet event: enter_ambient_mode
11-02 21:13:08.969782  2520  2520 D HOME    : [HotwordController]updateClient MODE_WATCH_FACE false true false true
11-02 21:13:08.969838  2520  7941 D HOME    : [HomeVisitsLogger]Logging streamlet event: visit_end
11-02 21:13:08.970734  2520  2520 D HOME    : [WatchFaceUiController]setInAmbientMode true
11-02 21:13:08.971510  2520  7941 I SidekickManager: replaceWatchFaceComponentsImpl(): watchFace = com.google.android.clockwork.decomposablewatchface.WatchFaceDecomposition@9ce5df
11-02 21:13:08.972409  2520  2520 D HOME    : [StreamDBQueue]Promised revision #2064 to queue a new op
11-02 21:13:08.972414  1686  2468 D SidekickService: sendWatchFaceComponents called: watchFace = com.google.android.clockwork.decomposablewatchface.WatchFaceDecomposition@3f07b3cshouldReplace = false
11-02 21:13:08.972613  1686  2468 D SidekickService: Check decomposition for calling app com.google.android.wearable.app with uid 10049
11-02 21:13:08.972637  2520  2520 D WatchStreamManager: Promised rank-blocked=false @ r#2064
11-02 21:13:08.972950  1686  2468 D SidekickService: sendWatchFaceLocked(): shouldReplace = false, mSidekickIsControlling = false, 1 images, 0 fonts, 0 numbers, 0 proportionalFonts, 0 strings
11-02 21:13:08.973008  1686  2468 D SidekickService: ISidekickGraphics#beginResources()...
11-02 21:13:08.973016  2520  2520 D HOME    : [StreamDBQueue]Promised revision #2065 to queue a new op
11-02 21:13:08.973124  2520  2520 D WatchStreamManager: Promised rank-blocked=false @ r#2065
11-02 21:13:08.973855  2520  2520 D HOME    : [EventBus]Wrapper pool is full. Discarding excess wrapper instance for event com.google.android.clockwork.sysui.events.KeyguardStateEvent
11-02 21:13:08.973963  2520  2520 D HOME    : [WatchFaceUiController]sendStateToWallpaper
11-02 21:13:08.974255  2520  8131 D HOME    : [WatchStreamDB]Item alerting conditions - isInterruptive: false, recentlyInterrupted: false, isItemPinned: false, isUnread: false
11-02 21:13:08.975471  1686  2468 D SidekickServiceUtils: bitmapFromDrawable: Returning bitmap directly
11-02 21:13:08.976284  2520  2520 D HOME    : [EventBus]Wrapper pool is full. Discarding excess wrapper instance for event com.google.android.clockwork.sysui.events.KeyguardStateEvent
11-02 21:13:08.976554  2520  2520 D HOME    : [EventBus]Wrapper pool is full. Discarding excess wrapper instance for event com.google.android.clockwork.sysui.events.KeyguardStateEvent
11-02 21:13:08.977214  1686  2468 D SidekickService: sendBitmapsLocked(): bounds = RectF(0.0, 0.0, 0.0024038462, 0.0024038462), drawableInfo = {.id = 100000, .width = 1, .height = 1, .display = true, .offsetX = 0.0, .offsetY = 0.0, .rotationInfo = {.hasRotation = false, .pivotX = 0.0, .pivotY = 0.0, .degreesPerDay = 0.0, .degreesPerStep = 0.0, .zeroDegreesTime = {.daysSinceLocalEpoch = 0, .msSinceMidnight = 0}}, .transformInfo = {.transformed = false, .flipX = false, .flipY = false, .flip45 = false, .scaleX = 0.0, .scaleY = 0.0}, .type = GENERIC, .blink = {.blinking = false, .periodOnMs = 0.0, .periodOffMs = 0.0, .startTime = {.daysSinceLocalEpoch = 0, .msSinceMidnight = 0}}, .zOrder = 8, .displayInTwm = true}, image.size() = 84
11-02 21:13:08.977868  2520  7713 D HOME    : [StreamDBQueue]Promised revision #2066 to queue a new op
11-02 21:13:08.978061  2520  7713 D WatchStreamManager: Promised rerank @ r#2066
11-02 21:13:08.978164   416  2389 D SKGHAL  : saveResource: resId = 100000
11-02 21:13:08.978528  1686  2468 D SidekickService: sendBitmapsLocked(): status = 0, bytesUsed = 18
11-02 21:13:08.974592  2520  8131 D HOME    : [StreamAlertingRegulator]isTheaterModeEnabled: false, isAlertingAllowedByOffBody: true, matchesLocalInterruptionFilter: true
11-02 21:13:08.978703  1686  2468 D SidekickService: ISidekickGraphics#endResources()...
11-02 21:13:08.978871  2520  8131 D HOME    : [WatchStreamDB]couldItemAlert: false, isTopItemChanged: false, isDeferralForTopItem: false
11-02 21:13:08.984303  2520  2520 W StaticLayout: maxLineHeight should not be -1.  maxLines:1 lineCount:1
11-02 21:13:08.987894  2520  8131 D HOME    : [WatchStreamDB]Item alerting conditions - isInterruptive: false, recentlyInterrupted: false, isItemPinned: false, isUnread: false
11-02 21:13:08.989390  2520  8131 D HOME    : [StreamAlertingRegulator]isTheaterModeEnabled: false, isAlertingAllowedByOffBody: true, matchesLocalInterruptionFilter: true
11-02 21:13:08.994042  2520  8131 D HOME    : [WatchStreamDB]couldItemAlert: false, isTopItemChanged: false, isDeferralForTopItem: false
11-02 21:13:08.995342  2520  8131 D HOME    : [WatchStreamDB]updateRanking()
11-02 21:13:08.996145  2520  8131 D HOME    : [WatchStreamDB]Item alerting conditions - isInterruptive: false, recentlyInterrupted: false, isItemPinned: false, isUnread: false
11-02 21:13:08.996709  2520  8131 D HOME    : [StreamAlertingRegulator]isTheaterModeEnabled: false, isAlertingAllowedByOffBody: true, matchesLocalInterruptionFilter: true
11-02 21:13:08.996990  2520  8131 D HOME    : [WatchStreamDB]couldItemAlert: false, isTopItemChanged: false, isDeferralForTopItem: false
11-02 21:13:08.999622  2520  8131 D HOME    : [NewStreamAdapter]Publishing revision #2066 to adapter clients
11-02 21:13:09.000167  2520  7713 D HOME    : [StreamDBQueue]Promised revision #2067 to queue a new op
11-02 21:13:09.000288  2520  7713 D WatchStreamManager: Promised rerank @ r#2067
11-02 21:13:09.000502  2520  8131 D HOME    : [WatchStreamDB]updateRanking()
11-02 21:13:09.000997  2520  8131 D HOME    : [WatchStreamDB]Item alerting conditions - isInterruptive: false, recentlyInterrupted: false, isItemPinned: false, isUnread: false
11-02 21:13:09.001269  2520  8131 D HOME    : [StreamAlertingRegulator]isTheaterModeEnabled: false, isAlertingAllowedByOffBody: true, matchesLocalInterruptionFilter: true
11-02 21:13:09.003034  2520  8131 D HOME    : [WatchStreamDB]couldItemAlert: false, isTopItemChanged: false, isDeferralForTopItem: false
11-02 21:13:09.007168  2520  8131 D HOME    : [NewStreamAdapter]Publishing revision #2067 to adapter clients
11-02 21:13:09.261976   416  2389 D SKGHAL  : sendResources: metadata size = 2400, font size = 72
11-02 21:13:09.334343   416  2389 D SKGHAL  : endResources: rc = 0
11-02 21:13:09.335121  1686  1686 W system_server: Long monitor contention with owner Binder:1686_9 (2468) at int com.google.android.clockwork.sidekick.SidekickService$BinderService.sendWatchFace(com.google.android.clockwork.decomposablewatchface.WatchFaceDecomposition, boolean)(SidekickService.java:1021) waiters=0 in boolean com.google.android.clockwork.sidekick.SidekickService$BinderService.readyToDisplay() for 347ms
11-02 21:13:09.335758  2520  2520 D HOME    : [SidekickManagerAsync]replaceWatchFaceComponents(): Callback#onResult(): 0
11-02 21:13:09.335988  2520  2520 D HOME    : [WatchFaceUiController]Complication updates sent, posting watch face hiding
11-02 21:13:09.336097  2520  2520 D HOME    : [WatchFaceUiController]Still in ambient watch face, hiding
--------- switch to system
11-02 21:13:09.336097  1686  1686 W Looper  : Slow dispatch took 355ms main h=android.os.Handler c=com.google.android.wearable.ambient.AmbientDream$Callbacks$1@f58f0c5 m=0
--------- switch to main
11-02 21:13:09.336159  2520  2520 D HOME    : [WatchFaceUiController]Hiding watch face wallpaper.
--------- switch to system
11-02 21:13:09.336371  1686  1686 W Looper  : Slow delivery took 356ms main h=com.android.server.job.JobSchedulerService$JobHandler c=null m=7
--------- switch to kernel
11-02 21:13:09.299084     0     0 E FG      : fg_psy_get_property: unsupported property 7
--------- switch to system
11-02 21:13:09.356894  1686  1686 W Looper  : Drained
--------- switch to main
11-02 21:13:09.359564   512  1749 I sensors-hal: activate:107, android.sensor.light/46 en=0
--------- switch to kernel
11-02 21:13:09.301420     0     0 W healthd : battery l=58 v=3862 t=34.0 h=2 st=3 c=197 fc=443000 cc=0 chg=
--------- switch to main
11-02 21:13:09.361280  1956  1956 D QtiCarrierConfigHelper: WARNING, no carrier configs on phone Id: 0
11-02 21:13:09.363214   512  1749 I sensors-hal: activate:118, android.sensor.light/46 en=0 completed
11-02 21:13:09.373685  2520  2520 D HOME    : [BatteryChange]action: android.intent.action.BATTERY_CHANGED
11-02 21:13:09.374530  2520  7941 D HOME    : [BatteryChange]HandleBatteryChangedTask
11-02 21:13:09.375117  2520  7941 D HOME    : [BatteryChange]level: 58, status: 3
--------- switch to system
11-02 21:13:09.386710  1686  1710 I DisplayManagerService: Display device changed state: "Écran intégré", DOZE_SUSPEND
--------- switch to main
11-02 21:13:09.399503   545   545 D SurfaceFlinger: Set power mode=3, type=0 flinger=0xb6bb6000
11-02 21:13:09.400118   504   761 I SDM     : DisplayBase::SetDisplayState: Set state = 3, display 0
11-02 21:13:09.418779  1686  1759 I InputReader: Reconfiguring input devices.  changes=0x00000004
11-02 21:13:09.446934   545   545 D SurfaceFlinger: Finished set power mode=3, type=0
11-02 21:13:09.447507  1686  1823 I SidekickService: beginDisplayLocked(): DOZE_SUSPEND
11-02 21:13:09.448033   416  2389 D SKGHAL  : sendAmbientPrepare: enter:
--------- switch to kernel
11-02 21:13:09.355283     0     0 I mdss_dsi_panel_set_idle_mode: Idle (0->1)
11-02 21:13:09.391109     0     0 I         : [touch]FB_BLANK_VSYNC_SUSPEND
11-02 21:13:09.391116     0     0 I         : [touch]irq disable
11-02 21:13:09.391119     0     0 I         : [touch]workqueue is empty!
11-02 21:13:09.391122     0     0 I         : [touch]raydium_ts_do_suspend.
11-02 21:13:09.391131     0     0 I         : [touch]Device may wakeup
11-02 21:13:09.394609     0     0 I         : [touch]irq enable
--------- switch to main
11-02 21:13:09.587540   416  2389 D SKGHAL  : sendAmbientEvent: enter: enable = 1
11-02 21:13:09.588396   504   523 I SDM     : DisplayBase::SetDisplayState: Set state = 4, display 0
11-02 21:13:09.588466   504   523 D SDM     : HWCDisplayPrimary::SetStandByMode: Null display is connected successfully
11-02 21:13:09.588630   416  2389 D SKGHAL  : standBy_update_control call succeed on 1
11-02 21:13:09.597739   416  2389 D SKGHAL  : sendAmbientEvent: done: enable = 1
11-02 21:13:09.598106  1686  1823 D SidekickService:    ... beginDisplay result: 0 for halPower: 1
11-02 21:13:09.601939   512   512 I sensors-hal: activate:107, android.sensor.accelerometer/48 en=0
11-02 21:13:09.604083   512   512 I sensors-hal: activate:118, android.sensor.accelerometer/48 en=0 completed
--------- switch to kernel
11-02 21:13:09.553891     0     0 E bgrsb   : bgrsb_enable: gpio 32 is valid
--------- switch to main
11-02 21:13:09.609277  1686  1799 E WifiStateMachine: getWifiLinkLayerStats called without an interface
11-02 21:13:09.628013  1686  1686 I WearPower: [WearTouchMediator] changing touch input to enabled (ON_AUTO)
11-02 21:13:09.629077  1686  1759 I InputReader: Reconfiguring input devices.  changes=0x00000200
11-02 21:13:09.637462  1686  1686 I AmbientService: [ce6a28c] Timeout alarm not required, auto-resume timeout handled by dream.
--------- switch to kernel
11-02 21:13:09.580366     0     0 I init    : processing action (ro.enable_core_ctl=true && sys.cw_corectl_mode=idle) from (/vendor/etc/init/hw/init.qcom.rc:949)
--------- switch to main
11-02 21:13:09.648273  3205  3434 W WorkController: Loading failed for worker [trainingcache]: worker not found
11-02 21:13:09.649680  3205  3294 W A       : TrainingCache cache SCREEN_OFF failure
11-02 21:13:09.649680  3205  3294 W A       : com.google.android.apps.gsa.search.core.service.h.a.a: No worker found for Worker ID [trainingcache].
11-02 21:13:09.649680  3205  3294 W A       : 	at com.google.android.apps.gsa.search.core.service.g.a.c.a(Unknown Source:5)
11-02 21:13:09.649680  3205  3294 W A       : 	at com.google.android.libraries.gsa.c.a.d.a(Unknown Source:3)
11-02 21:13:09.649680  3205  3294 W A       : 	at com.google.common.p.a.cg.c(Unknown Source:2)
11-02 21:13:09.649680  3205  3294 W A       : 	at com.google.common.p.a.bk.run(SourceFile:3)
11-02 21:13:09.649680  3205  3294 W A       : 	at com.google.common.p.a.ci.run(Unknown Source:4)
11-02 21:13:09.649680  3205  3294 W A       : 	at com.google.apps.tiktok.concurrent.ab.run(SourceFile:1)
11-02 21:13:09.649680  3205  3294 W A       : 	at java.util.concurrent.ThreadPoolExecutor.runWorker(ThreadPoolExecutor.java:1167)
11-02 21:13:09.649680  3205  3294 W A       : 	at java.util.concurrent.ThreadPoolExecutor$Worker.run(ThreadPoolExecutor.java:641)
11-02 21:13:09.649680  3205  3294 W A       : 	at com.google.apps.tiktok.concurrent.c.run(Unknown Source:4)
11-02 21:13:09.649680  3205  3294 W A       : 	at java.lang.Thread.run(Thread.java:764)
11-02 21:13:09.663177  2520  2520 D HOME    : [StreamDBQueue]Promised revision #2068 to queue a new op
11-02 21:13:09.663511  2520  2520 D WatchStreamManager: Promised rank-blocked=false @ r#2068
11-02 21:13:09.663845  2520  2520 D HOME    : [CompactHunStarter]detachWindow()
11-02 21:13:09.664434  2520  7941 D HOME    : [WatchStreamDB]Item alerting conditions - isInterruptive: false, recentlyInterrupted: false, isItemPinned: false, isUnread: false
11-02 21:13:09.665141  2520  7713 D HOME    : [StreamDBQueue]Promised revision #2069 to queue a new op
11-02 21:13:09.665400  2520  7713 D WatchStreamManager: Promised rerank @ r#2069
11-02 21:13:09.667724   501  1904 I LocSvc_ApiV02: <--- globalEventCb line 152 QMI_LOC_EVENT_GNSS_SV_INFO_IND_V02
11-02 21:13:09.668181   501  1904 I LocSvc_ApiV02: <--- globalEventCb line 152 QMI_LOC_EVENT_POSITION_REPORT_IND_V02
11-02 21:13:09.668366  2520  7941 D HOME    : [StreamAlertingRegulator]isTheaterModeEnabled: false, isAlertingAllowedByOffBody: true, matchesLocalInterruptionFilter: true
11-02 21:13:09.668930  2520  7941 D HOME    : [WatchStreamDB]couldItemAlert: false, isTopItemChanged: false, isDeferralForTopItem: false
11-02 21:13:09.669255  1686  1813 I GnssLocationProvider: WakeLock acquired by sendMessage(REPORT_SV_STATUS, 0, com.android.server.location.GnssLocationProvider$SvStatusInfo@55cd441)
11-02 21:13:09.669554  2520  7941 D HOME    : [WatchStreamDB]updateRanking()
11-02 21:13:09.670202  2520  7941 D HOME    : [WatchStreamDB]Item alerting conditions - isInterruptive: false, recentlyInterrupted: false, isItemPinned: false, isUnread: false
11-02 21:13:09.670603  2520  7941 D HOME    : [StreamAlertingRegulator]isTheaterModeEnabled: false, isAlertingAllowedByOffBody: true, matchesLocalInterruptionFilter: true
11-02 21:13:09.670858  1686  1701 I GnssLocationProvider: WakeLock released by handleMessage(REPORT_SV_STATUS, 0, com.android.server.location.GnssLocationProvider$SvStatusInfo@55cd441)
11-02 21:13:09.671772  2520  7941 D HOME    : [WatchStreamDB]couldItemAlert: false, isTopItemChanged: false, isDeferralForTopItem: false
11-02 21:13:09.672488  2520  7941 D HOME    : [NewStreamAdapter]Publishing revision #2069 to adapter clients
--------- switch to kernel
11-02 21:13:09.639877     0     0 I CPU3    : update max cpu_capacity 1024
11-02 21:13:09.703085     0     0 I PM      : suspend entry 2021-11-02 20:13:09.703085189 UTC
11-02 21:13:09.703097     0     0 I PM      : Syncing filesystems ...
11-02 21:13:09.723033     0     0 W         : IRQ16 no longer affine to CPU2
11-02 21:13:09.723041     0     0 W         : IRQ21 no longer affine to CPU2
11-02 21:13:09.723079     0     0 W         : IRQ93 no longer affine to CPU2
11-02 21:13:09.723726     0     0 I CPU2    : shutdown
11-02 21:13:09.725549     0     0 I init    : Command 'write /sys/devices/system/cpu/cpu2/online 0' action=ro.enable_core_ctl=true && sys.cw_corectl_mode=idle (/vendor/etc/init/hw/init.qcom.rc:951) took 93ms and succeeded
11-02 21:13:09.738613     0     0 I         : done.
11-02 21:13:09.794820     0     0 W         : IRQ21 no longer affine to CPU3
11-02 21:13:09.795591     0     0 I CPU3    : shutdown
11-02 21:13:09.796688     0     0 I         : Freezing user space processes ...
11-02 21:13:09.801638     0     0 I CPU1    : update max cpu_capacity 748
11-02 21:13:09.802234     0     0 I PM      : Wakeup pending, aborting suspend
11-02 21:13:09.802270     0     0 I         : active wakeup source: NETLINK
11-02 21:13:09.802308     0     0 E         : Freezing of tasks aborted after 0.005 seconds
11-02 21:13:09.802322     0     0 I         : Restarting tasks ...
11-02 21:13:09.802811     0     0 W QSEECOM : qseecom_receive_req: Interrupted: exiting Listener Service = 8192
11-02 21:13:09.802867     0     0 W QSEECOM : qseecom_receive_req: Interrupted: exiting Listener Service = 12288
11-02 21:13:09.806968     0     0 W QSEECOM : qseecom_receive_req: Interrupted: exiting Listener Service = 11
11-02 21:13:09.807066     0     0 W QSEECOM : qseecom_receive_req: Interrupted: exiting Listener Service = 10
11-02 21:13:09.807270     0     0 W QSEECOM : qseecom_receive_req: Interrupted: exiting Listener Service = 28672
11-02 21:13:09.807810     0     0 I         : done.
11-02 21:13:09.813274     0     0 I init    : Command 'write /sys/devices/system/cpu/cpu3/online 0' action=ro.enable_core_ctl=true && sys.cw_corectl_mode=idle (/vendor/etc/init/hw/init.qcom.rc:952) took 82ms and succeeded
11-02 21:13:09.808402     0     0 I PM      : suspend exit 2021-11-02 20:13:09.808402845 UTC
11-02 21:13:09.959856     0     0 E mdss_dsi_gen_read_status: Read back value from panel is incorrect
--------- switch to main
11-02 21:13:09.996254  2520  8299 D HOME    : [LocationOracleImpl]Fresh location fetch timed out.
11-02 21:13:09.998313  2520  4738 W HOME    : [LocationOracleImpl]Location fetch failed.
11-02 21:13:09.998313  2520  4738 W HOME    : java.util.concurrent.TimeoutException: Fresh location fetch timed out.
11-02 21:13:09.998313  2520  4738 W HOME    : 	at doo.run(AW782433232:1)
11-02 21:13:09.998313  2520  4738 W HOME    : 	at java.util.TimerThread.mainLoop(Timer.java:562)
11-02 21:13:09.998313  2520  4738 W HOME    : 	at java.util.TimerThread.run(Timer.java:512)
11-02 21:13:09.998643  2520  4738 W HOME    : [GetCardsRpc]making request without location
11-02 21:13:10.015263  1686  2583 I GnssLocationProvider: WakeLock acquired by sendMessage(SET_REQUEST, 0, com.android.server.location.GnssLocationProvider$GpsRequest@c785de6)
--------- switch to kernel
11-02 21:13:10.019532     0     0 I PM      : suspend entry 2021-11-02 20:13:10.019532793 UTC
--------- switch to main
11-02 21:13:10.016484   501   501 I LocSvc_GnssInterface: ===> stop line 218 
11-02 21:13:10.016893   501  1894 I LocSvc_api_v02: ---> locClientSendReq line 2298 QMI_LOC_STOP_REQ_V02
11-02 21:13:10.018224  1686  1701 I GnssLocationProvider: WakeLock released by handleMessage(SET_REQUEST, 0, com.android.server.location.GnssLocationProvider$GpsRequest@c785de6)
11-02 21:13:10.018922   501  1904 I LocSvc_ApiV02: <--- globalEventCb line 152 QMI_LOC_EVENT_POSITION_REPORT_IND_V02
11-02 21:13:10.019242   501  1894 I LocSvc_api_v02: ---> locClientSendReq line 2298 QMI_LOC_REG_EVENTS_REQ_V02
--------- switch to kernel
11-02 21:13:10.019543     0     0 I PM      : Syncing filesystems ... done.
11-02 21:13:10.035465     0     0 I         : Freezing user space processes ...
11-02 21:13:10.039924     0     0 I PM      : Wakeup pending, aborting suspend
11-02 21:13:10.040021     0     0 I         : last active wakeup source: ipc0000005a_1894_Loc
11-02 21:13:10.040043     0     0 E         : Freezing of tasks aborted after 0.004 seconds
11-02 21:13:10.040058     0     0 I         : Restarting tasks ...
11-02 21:13:10.040541     0     0 W QSEECOM : qseecom_receive_req: Interrupted: exiting Listener Service = 8192
11-02 21:13:10.040585     0     0 W QSEECOM : qseecom_receive_req: Interrupted: exiting Listener Service = 11
11-02 21:13:10.040620     0     0 W QSEECOM : qseecom_receive_req: Interrupted: exiting Listener Service = 10
11-02 21:13:10.040646     0     0 W QSEECOM : qseecom_receive_req: Interrupted: exiting Listener Service = 28672
11-02 21:13:10.044070     0     0 W QSEECOM : qseecom_receive_req: Interrupted: exiting Listener Service = 12288
11-02 21:13:10.046356     0     0 I         : done.
11-02 21:13:10.046989     0     0 I PM      : suspend exit 2021-11-02 20:13:10.046989043 UTC
11-02 21:13:10.447899     0     0 I PM      : suspend entry 2021-11-02 20:13:10.447899720 UTC
11-02 21:13:10.447923     0     0 I PM      : Syncing filesystems ... done.
11-02 21:13:10.478675     0     0 I         : Freezing user space processes ... (elapsed 0.010 seconds) done.
11-02 21:13:10.489395     0     0 I         : Freezing remaining freezable tasks ... (elapsed 0.006 seconds) done.
11-02 21:13:10.495844     0     0 I         : Suspending console(s) (use no_console_suspend to debug)
11-02 21:13:10.511091     0     0 I mdss_dsi_panel_set_idle_mode: Idle (1->1)
11-02 21:13:10.547728     0     0 I bgcom   : bgcom_pm_suspend: suspended with : 0
11-02 21:13:10.576472     0     0 I PM      : suspend of devices complete after 76.783 msecs
11-02 21:13:10.582634     0     0 I PM      : late suspend of devices complete after 6.117 msecs
11-02 21:13:10.588684     0     0 I PM      : noirq suspend of devices complete after 6.009 msecs
11-02 21:13:10.588699     0     0 I         : Disabling non-boot CPUs ...
11-02 21:13:10.602745     0     0 W         : IRQ16 no longer affine to CPU1
11-02 21:13:10.602760     0     0 W         : IRQ21 no longer affine to CPU1
11-02 21:13:10.603096     0     0 W         : IRQ93 no longer affine to CPU1
11-02 21:13:10.604868     0     0 I CPU1    : shutdown
11-02 21:13:10.607342     0     0 I suspend ns: 1611884090386	suspend cycles:     297176482461
--------- switch to system
11-02 21:14:12.615595  1686  1686 I PowerManagerService: Waking up from dozing (uid=1000 reason=tiltToWake)...
--------- switch to kernel
11-02 21:13:10.607320     0     0 I CPU0    : msm_cpu_pm_enter_sleep mode:3 during suspend
11-02 21:13:10.607320     0     0 I         : Suspended for 61.869 seconds
11-02 21:13:10.607320     0     0 I resume cycles: 298364386876
11-02 21:13:10.608642     0     0 I         : Enabling non-boot CPUs ...
11-02 21:13:10.609747     0     0 I CPU1    : update cpu_capacity 1024
11-02 21:13:10.611887     0     0 I         : CPU1 is up
11-02 21:13:10.615829     0     0 I PM      : noirq resume of devices complete after 3.505 msecs
11-02 21:13:10.621783     0     0 I PM      : early resume of devices complete after 4.423 msecs
11-02 21:13:10.622390     0     0 I CPU1    : update max cpu_capacity 748
11-02 21:13:10.657427     0     0 I bgcom   : bgcom_pm_resume: Bgcom resumed with : 0
11-02 21:13:10.668646     0     0 I mdss_dsi_panel_set_idle_mode: Idle (1->1)
11-02 21:13:10.706568     0     0 I PM      : resume of devices complete after 84.738 msecs
11-02 21:13:10.711103     0     0 I         : Restarting tasks ...
11-02 21:13:10.716839     0     0 W QSEECOM : qseecom_receive_req: Interrupted: exiting Listener Service = 12288
11-02 21:13:10.728913     0     0 W QSEECOM : qseecom_receive_req: Interrupted: exiting Listener Service = 8192
11-02 21:13:10.729009     0     0 W QSEECOM : qseecom_receive_req: Interrupted: exiting Listener Service = 11
11-02 21:13:10.729060     0     0 W QSEECOM : qseecom_receive_req: Interrupted: exiting Listener Service = 10
11-02 21:13:10.729109     0     0 W QSEECOM : qseecom_receive_req: Interrupted: exiting Listener Service = 28672
11-02 21:13:10.736627     0     0 I         : done.
11-02 21:14:12.612768     0     0 I PM      : suspend exit 2021-11-02 20:14:12.612768655 UTC
--------- switch to system
11-02 21:14:12.644349  1686  1686 W UsageStatsService: Event reported without a package name
--------- switch to kernel
11-02 21:14:12.658469     0     0 E FG      : fg_psy_get_property: unsupported property 7
11-02 21:14:12.608736     0     0 W healthd : battery l=58 v=3949 t=34.0 h=2 st=3 c=7 fc=443000 cc=0 chg=
--------- switch to main
11-02 21:14:12.688529   512   512 I sensors-hal: batch:140, android.sensor.light/46, period=100000000, max_latency=0
11-02 21:14:12.688650   512   512 I sensors-hal: batch:149, android.sensor.light/46, period=100000000, max_latency=0 request completed
11-02 21:14:12.691802   512   512 I sensors-hal: activate:107, android.sensor.light/46 en=1
11-02 21:14:12.692130   512   512 I sensors-hal: ssc_enable_rt_task:254, ssc_enable_rt_task : true
11-02 21:14:12.695094   512   512 I sensors-hal: activate:118, android.sensor.light/46 en=1 completed
11-02 21:14:12.696952  1686  1823 I SidekickService: endDisplayLocked()
--------- switch to system
11-02 21:14:12.697257  1686  1710 I DisplayManagerService: Display device changed state: "Écran intégré", ON
--------- switch to main
11-02 21:14:12.697856   416  2389 D SKGHAL  : sendAmbientEvent: enter: enable = 0
11-02 21:14:12.698747   512   512 I sensors-hal: batch:140, android.sensor.accelerometer/48, period=66667000, max_latency=100000000
11-02 21:14:12.698813   512   512 I sensors-hal: batch:149, android.sensor.accelerometer/48, period=66667000, max_latency=100000000 request completed
11-02 21:14:12.704925   512   512 I sensors-hal: activate:107, android.sensor.accelerometer/48 en=1
11-02 21:14:12.705249   512   512 I sensors-hal: ssc_enable_rt_task:254, ssc_enable_rt_task : true
11-02 21:14:12.717256  4243  4243 D OMService: onDisplayChanged: not dozing
11-02 21:14:12.721504   512   512 I sensors-hal: activate:118, android.sensor.accelerometer/48 en=1 completed
11-02 21:14:12.728694  2520  2520 D HOME    : [BatteryChange]action: android.intent.action.BATTERY_CHANGED
11-02 21:14:12.729968  2520  8131 D HOME    : [BatteryChange]HandleBatteryChangedTask
11-02 21:14:12.730403  2520  8131 D HOME    : [BatteryChange]level: 58, status: 3
11-02 21:14:12.735556  1956  1956 D QtiCarrierConfigHelper: WARNING, no carrier configs on phone Id: 0
11-02 21:14:12.744509  1686  1759 I InputReader: Reconfiguring input devices.  changes=0x00000004
--------- switch to system
11-02 21:14:12.749801  1686  1702 W BroadcastQueue: Background execution not allowed: receiving Intent { act=android.intent.action.USER_PRESENT flg=0x10 } to com.google.android.gms/.auth.setup.devicesignals.LockScreenReceiver
--------- switch to main
11-02 21:14:12.751155  3205  3434 W WorkController: Loading failed for worker [trainingcache]: worker not found
--------- switch to system
11-02 21:14:12.751993  1686  1702 W BroadcastQueue: Background execution not allowed: receiving Intent { act=android.intent.action.USER_PRESENT flg=0x10 } to com.google.android.gms/.chimera.GmsIntentOperationService$PersistentTrustedReceiver
--------- switch to main
11-02 21:14:12.755241  3205  3372 W A       : TrainingCache cache DEVICE_UNLOCKED failure
11-02 21:14:12.755241  3205  3372 W A       : com.google.android.apps.gsa.search.core.service.h.a.a: No worker found for Worker ID [trainingcache].
11-02 21:14:12.755241  3205  3372 W A       : 	at com.google.android.apps.gsa.search.core.service.g.a.c.a(Unknown Source:5)
11-02 21:14:12.755241  3205  3372 W A       : 	at com.google.android.libraries.gsa.c.a.d.a(Unknown Source:3)
11-02 21:14:12.755241  3205  3372 W A       : 	at com.google.common.p.a.cg.c(Unknown Source:2)
11-02 21:14:12.755241  3205  3372 W A       : 	at com.google.common.p.a.bk.run(SourceFile:3)
11-02 21:14:12.755241  3205  3372 W A       : 	at com.google.common.p.a.ci.run(Unknown Source:4)
11-02 21:14:12.755241  3205  3372 W A       : 	at com.google.apps.tiktok.concurrent.ab.run(SourceFile:1)
11-02 21:14:12.755241  3205  3372 W A       : 	at java.util.concurrent.ThreadPoolExecutor.runWorker(ThreadPoolExecutor.java:1167)
11-02 21:14:12.755241  3205  3372 W A       : 	at java.util.concurrent.ThreadPoolExecutor$Worker.run(ThreadPoolExecutor.java:641)
11-02 21:14:12.755241  3205  3372 W A       : 	at com.google.apps.tiktok.concurrent.c.run(Unknown Source:4)
11-02 21:14:12.755241  3205  3372 W A       : 	at java.lang.Thread.run(Thread.java:764)
11-02 21:14:12.793464  1686  1799 E WifiStateMachine: getWifiLinkLayerStats called without an interface
--------- switch to kernel
11-02 21:14:12.751617     0     0 E bgrsb   : bgrsb_enable: rsb will set report rate
11-02 21:14:12.787144     0     0 I init    : processing action (ro.enable_core_ctl=true && sys.cw_corectl_mode=perf) from (/vendor/etc/init/hw/init.qcom.rc:954)
11-02 21:14:12.788497     0     0 I CPU2    : update cpu_capacity 1024
--------- switch to main
11-02 21:14:12.829101  1686  1820 I WearCellularMediator: OFF_SIM_ABSENT changed radio power: false
11-02 21:14:12.835548  1686  1686 I WearPower: [WearTouchMediator] changing touch input to enabled (ON_AUTO)
11-02 21:14:12.836564  1686  1759 I InputReader: Reconfiguring input devices.  changes=0x00000200
11-02 21:14:12.848799  1686  1686 D WristGestureCtrl: Starting: GesturesEnabled-false UngazeEnabled-true
11-02 21:14:12.848895  1686  1686 D DefaultUngazeDetector: starting
11-02 21:14:12.848988  1686  1686 D DefaultUngazeDetector: startUngazeStateEstimation(). startTime = 15532279
11-02 21:14:12.849174  1686  1686 W AlarmManagerProxy: Removing unknown listener
11-02 21:14:12.850031   512   512 I sensors-hal: batch:140, android.sensor.accelerometer/48, period=19231000, max_latency=100000000
11-02 21:14:12.851107   512  8305 I sensors-hal: handle_indication_realtime:355,  SCHED_FIFO(10) for qmi_cbk
11-02 21:14:12.852104   512   512 I sensors-hal: batch:149, android.sensor.accelerometer/48, period=19231000, max_latency=100000000 request completed
11-02 21:14:12.852123  1686  1686 W DefaultSettingsContentR: Value for ambient_low_bit_enabled not stored as number. Attempting parse as boolean.
11-02 21:14:12.852536   512   512 I sensors-hal: flush:169, android.sensor.accelerometer/48
11-02 21:14:12.853385   512   512 I sensors-hal: flush:175, android.sensor.accelerometer/48 completed
11-02 21:14:12.869275  3205  3434 W WorkController: Loading failed for worker [trainingcache]: worker not found
11-02 21:14:12.870742  3205  3294 W A       : TrainingCache cache SCREEN_ON failure
11-02 21:14:12.870742  3205  3294 W A       : com.google.android.apps.gsa.search.core.service.h.a.a: No worker found for Worker ID [trainingcache].
11-02 21:14:12.870742  3205  3294 W A       : 	at com.google.android.apps.gsa.search.core.service.g.a.c.a(Unknown Source:5)
11-02 21:14:12.870742  3205  3294 W A       : 	at com.google.android.libraries.gsa.c.a.d.a(Unknown Source:3)
11-02 21:14:12.870742  3205  3294 W A       : 	at com.google.common.p.a.cg.c(Unknown Source:2)
11-02 21:14:12.870742  3205  3294 W A       : 	at com.google.common.p.a.bk.run(SourceFile:3)
11-02 21:14:12.870742  3205  3294 W A       : 	at com.google.common.p.a.ci.run(Unknown Source:4)
11-02 21:14:12.870742  3205  3294 W A       : 	at com.google.apps.tiktok.concurrent.ab.run(SourceFile:1)
11-02 21:14:12.870742  3205  3294 W A       : 	at java.util.concurrent.ThreadPoolExecutor.runWorker(ThreadPoolExecutor.java:1167)
11-02 21:14:12.870742  3205  3294 W A       : 	at java.util.concurrent.ThreadPoolExecutor$Worker.run(ThreadPoolExecutor.java:641)
11-02 21:14:12.870742  3205  3294 W A       : 	at com.google.apps.tiktok.concurrent.c.run(Unknown Source:4)
11-02 21:14:12.870742  3205  3294 W A       : 	at java.lang.Thread.run(Thread.java:764)
11-02 21:14:12.906179  2520  2520 D HOME    : [StreamDBQueue]Promised revision #2070 to queue a new op
11-02 21:14:12.906541  2520  2520 D WatchStreamManager: Promised rank-blocked=true @ r#2070
--------- switch to kernel
11-02 21:14:12.820617     0     0 I CPU3    : update cpu_capacity 1024
11-02 21:14:12.840853     0     0 I CPU1    : update max cpu_capacity 748
--------- switch to main
11-02 21:14:12.907765  2520  8131 D HOME    : [WatchStreamDB]Item alerting conditions - isInterruptive: false, recentlyInterrupted: false, isItemPinned: false, isUnread: false
11-02 21:14:12.908203  2520  8131 D HOME    : [StreamAlertingRegulator]isTheaterModeEnabled: false, isAlertingAllowedByOffBody: true, matchesLocalInterruptionFilter: true
11-02 21:14:12.908463  2520  8131 D HOME    : [WatchStreamDB]couldItemAlert: false, isTopItemChanged: false, isDeferralForTopItem: false
11-02 21:14:12.914972  2520  2714 D HOME    : [TickMonitor]Received time tick
11-02 21:14:12.915217  2520  2714 D HOME    : [TickMonitor]handleTimeTick() finished
11-02 21:14:12.918504   512  8303 I sensors-hal: handle_indication_realtime:355,  SCHED_FIFO(10) for qmi_cbk
11-02 21:14:12.918967  1956  1982 I m.android.phon: Background concurrent copying GC freed 9355(418KB) AllocSpace objects, 0(0B) LOS objects, 24% free, 1589KB/2MB, paused 137us total 182.315ms
11-02 21:14:12.927962   504   523 I SDM     : DisplayBase::SetDisplayState: Set state = 3, display 0
11-02 21:14:12.928124   504   523 D SDM     : HWCDisplayPrimary::SetStandByMode: Display is connected successfully
11-02 21:14:12.928621   416  2389 D SKGHAL  : standBy_update_control call succeed on 0
11-02 21:14:12.928698   416  2389 D SKGHAL  : sendAmbientEvent: done: enable = 0
11-02 21:14:12.929197  1686  1823 D SidekickService:    ... endDisplay returns void
11-02 21:14:12.929717   545   545 D SurfaceFlinger: Set power mode=2, type=0 flinger=0xb6bb6000
--------- switch to kernel
11-02 21:14:12.867034     0     0 I CPU0    : update max cpu_capacity 748
11-02 21:14:12.868802     0     0 I CPU3    : update max cpu_capacity 1024
11-02 21:14:12.875968     0     0 I         : [touch]FB_BLANK_VSYNC_SUSPEND
11-02 21:14:12.875971     0     0 I         : [touch]Already in suspend state
11-02 21:14:12.884949     0     0 I mdss_dsi_panel_set_idle_mode: Idle (1->0)
11-02 21:14:12.885790     0     0 E mdp3_enable_panic_ctrl: mdp3_enable_panic_ctrl: Enable Panic Control
11-02 21:14:12.885862     0     0 I         : [touch]FB_BLANK_UNBLANK
11-02 21:14:12.885867     0     0 I         : [touch]raydium_ts_do_resume, 1.
11-02 21:14:12.886170     0     0 I         : [ raydium ]workqueue is empty!
11-02 21:14:12.886182     0     0 I raydium_ts 5-0039: [touch]Already enable irq
11-02 21:14:12.886184     0     0 I         : [touch]Device may wakeup
--------- switch to main
11-02 21:14:12.930011   504   761 I SDM     : DisplayBase::SetDisplayState: Set state = 1, display 0
11-02 21:14:12.938863   545   545 D SurfaceFlinger: Finished set power mode=2, type=0
--------- switch to system
11-02 21:14:12.940879  1686  1712 W PowerManagerService: Screen on took 474 ms
11-02 21:14:12.941319  1686  1712 I DreamManagerService: Gently waking up from dream.
11-02 21:14:12.941733  1686  1708 I DreamManagerService: Performing gentle wake from dream.
11-02 21:14:12.942065  1686  1686 V DreamService[AmbientDream]: wakeUp(): fromSystem=true, mWaking=false, mFinished=false
11-02 21:14:12.942157  1686  1686 V DreamService[AmbientDream]: finish(): mFinished=false
11-02 21:14:12.942231  1686  1686 I DreamManagerService: Leaving dreamland.
11-02 21:14:12.943064  1686  1708 I DreamManagerService: Performing gentle wake from dream.
11-02 21:14:12.943191  1686  1708 I DreamController: Stopping dream: name=ComponentInfo{com.google.android.wearable.ambient/com.google.android.wearable.ambient.AmbientDream}, isTest=false, canDoze=true, userId=0
--------- switch to main
11-02 21:14:12.945584  1686  1686 W AlarmManager: Unrecognized alarm listener com.android.server.job.controllers.-$$Lambda$IdleController$IdlenessTracker$nTdS-lGBXcES5VWKcJFmQFgU7IU@1ab437a
--------- switch to system
11-02 21:14:12.947415  1686  1686 V DreamService[AmbientDream]: detach(): Calling onDreamingStopped()
--------- switch to main
11-02 21:14:12.947575  1686  1686 I AmbientService: [ce6a28c] doOnDreamingStopped
11-02 21:14:12.947640  1686  1686 W AlarmManagerProxy: Removing unknown listener
11-02 21:14:12.952042  2520  2520 D HOME    : [HomeVisitsLogger]Logging streamlet event: visit_start
11-02 21:14:12.952377  2520  2520 D HOME    : [HomeVisitsLogger]Logging streamlet event: exit_ambient_mode
11-02 21:14:12.952745  2520  2520 D HOME    : [HotwordController]updateClient MODE_WATCH_FACE false false false true
11-02 21:14:12.953551  2520  2520 D HOME    : [WatchFaceUiController]setInAmbientMode false
11-02 21:14:12.953626  2520  2520 D HOME    : [WatchFaceUiController]sendWatchFaceServiceBinder
11-02 21:14:12.958110  2520  2520 D HOME    : [WatchFaceUiController]sendStateToWallpaper
11-02 21:14:12.963583  2520  2520 D HOME    : [WatchFaceUiController]Showing watch face wallpaper.
11-02 21:14:12.963797  2520  2520 D HOME    : [WatchFaceUiController]sendStateToWallpaper
11-02 21:14:12.973781  2520  2520 D HOME    : [StreamDBQueue]Promised revision #2071 to queue a new op
11-02 21:14:12.974018  2520  2520 D WatchStreamManager: Promised rank-blocked=true @ r#2071
11-02 21:14:12.974316  1686  1686 I AmbientService: [ce6a28c] No auto-resume Activity.
11-02 21:14:12.974499  2520  2520 D HOME    : [StreamDBQueue]Promised revision #2072 to queue a new op
11-02 21:14:12.974625  2520  2520 D WatchStreamManager: Promised rank-blocked=true @ r#2072
11-02 21:14:12.975132  2520  2520 D HOME    : [TilesController]Tile refresh optimization is enabled.
11-02 21:14:12.975524  2520  2520 D HOME    : [EventBus]Wrapper pool is full. Discarding excess wrapper instance for event com.google.android.clockwork.sysui.events.KeyguardStateEvent
11-02 21:14:12.975628  2520  2520 D HOME    : [WatchFaceUiController]sendStateToWallpaper
11-02 21:14:12.977394  2520  2520 D HOME    : [EventBus]Wrapper pool is full. Discarding excess wrapper instance for event com.google.android.clockwork.sysui.events.KeyguardStateEvent
11-02 21:14:12.977704  2520  2520 D HOME    : [EventBus]Wrapper pool is full. Discarding excess wrapper instance for event com.google.android.clockwork.sysui.events.KeyguardStateEvent
11-02 21:14:12.979833  3316  6095 I NetworkScheduler.Stats: Task com.google.android.gms/com.google.android.gms.checkin.EventLogService started execution. cause:4 exec_start_elapsed_seconds: 15532 [CONTEXT service_id=218 ]
--------- switch to system
11-02 21:14:12.982543  1686  1686 W ContextImpl: Calling a method in the system process without a qualified user: android.app.ContextImpl.sendBroadcast:1020 android.content.ContextWrapper.sendBroadcast:449 com.google.android.wearable.ambient.AmbientDream.onDestroy:273 android.app.ActivityThread.handleStopService:3698 android.app.ActivityThread.access$1700:200 
--------- switch to main
11-02 21:14:12.982945  1686  1686 E AlarmManager: cancel() called with a null PendingIntent
--------- switch to system
11-02 21:14:12.983244  1686  1686 V DreamService[AmbientDream]: onDestroy()
--------- switch to main
11-02 21:14:12.984126  2520  7713 D HOME    : [WatchStreamDB]Item alerting conditions - isInterruptive: false, recentlyInterrupted: false, isItemPinned: false, isUnread: false
11-02 21:14:12.985953  2520  7713 D HOME    : [StreamAlertingRegulator]isTheaterModeEnabled: false, isAlertingAllowedByOffBody: true, matchesLocalInterruptionFilter: true
11-02 21:14:12.986566  2520  2520 D HOME    : [WatchFaceUiController]sendStateToWallpaper
11-02 21:14:12.987855  2520  7713 D HOME    : [WatchStreamDB]couldItemAlert: false, isTopItemChanged: false, isDeferralForTopItem: false
11-02 21:14:12.988874  2520  7713 D HOME    : [WatchStreamDB]Item alerting conditions - isInterruptive: false, recentlyInterrupted: false, isItemPinned: false, isUnread: false
11-02 21:14:12.989210  2520  7713 D HOME    : [StreamAlertingRegulator]isTheaterModeEnabled: false, isAlertingAllowedByOffBody: true, matchesLocalInterruptionFilter: true
11-02 21:14:12.989465  2520  7713 D HOME    : [WatchStreamDB]couldItemAlert: false, isTopItemChanged: false, isDeferralForTopItem: false
11-02 21:14:12.993579  2520  2520 W StaticLayout: maxLineHeight should not be -1.  maxLines:1 lineCount:1
11-02 21:14:13.005136  3338  3983 I Checkin : [EventLogChimeraService] Opted in for usage reporting: true
11-02 21:14:13.005281  3338  3983 I Checkin : [EventLogChimeraService] Aggregate from 1635882250735 (log), 1635882250735 (data)
--------- switch to kernel
11-02 21:14:12.955807     0     0 D logd    : logdr: UID=10034 GID=10034 PID=3338 n tail=0 logMask=4 pid=0 start=0ns timeout=0ns
11-02 21:14:12.970247     0     0 E bgrsb   : bgrsb_enable: gpio 32 is valid
--------- switch to main
11-02 21:14:13.041341  2520  2520 D HOME    : [WatchFaceUiController]sendWatchFaceServiceBinder
11-02 21:14:13.045839  2520  2520 D HOME    : [WatchFaceUiController]sendProperties
11-02 21:14:13.047383  2520  2520 D HOME    : [WatchFaceUiController]sendStateToWallpaper
11-02 21:14:13.393729   512  1749 I sensors-hal: activate:107, android.sensor.light/46 en=0
11-02 21:14:13.396170   512  1749 I sensors-hal: activate:118, android.sensor.light/46 en=0 completed
11-02 21:14:13.398470   512  1749 I sensors-hal: batch:140, android.sensor.light/46, period=250000000, max_latency=0
11-02 21:14:13.398558   512  1749 I sensors-hal: batch:149, android.sensor.light/46, period=250000000, max_latency=0 request completed
11-02 21:14:13.398957   512  1749 I sensors-hal: activate:107, android.sensor.light/46 en=1
11-02 21:14:13.399466   512  1749 I sensors-hal: ssc_enable_rt_task:254, ssc_enable_rt_task : true
11-02 21:14:13.402666   512  1749 I sensors-hal: activate:118, android.sensor.light/46 en=1 completed
--------- switch to system
