11-03 02:37:57.533201  9890  9890 D BluetoothAdapterService: handleMessage() - Message: 3
11-03 02:37:57.533246  9890  9890 D BluetoothAdapterService: handleMessage() - MESSAGE_PROFILE_SERVICE_UNREGISTERED
11-03 02:37:57.533776  9890  9890 I A2dpService: cleanup()
11-03 02:37:57.534381  9890  9890 D BluetoothAdapterService: handleMessage() - Message: 1
11-03 02:37:57.534444  9890  9890 D BluetoothAdapterService: handleMessage() - MESSAGE_PROFILE_SERVICE_STATE_CHANGED
11-03 02:37:57.534508  9890  9890 D BluetoothAdapterService: handleMessage() - Message: 3
11-03 02:37:57.534537  9890  9890 D BluetoothAdapterService: handleMessage() - MESSAGE_PROFILE_SERVICE_UNREGISTERED
11-03 02:37:57.535655  9890  9890 D BluetoothAdapterService: handleMessage() - Message: 1
11-03 02:37:57.535707  9890  9890 D BluetoothAdapterService: handleMessage() - MESSAGE_PROFILE_SERVICE_STATE_CHANGED
11-03 02:37:57.535775  9890  9890 D BluetoothAdapterService: handleMessage() - Message: 3
11-03 02:37:57.535806  9890  9890 D BluetoothAdapterService: handleMessage() - MESSAGE_PROFILE_SERVICE_UNREGISTERED
11-03 02:37:57.536452  9890  9890 D BluetoothAdapterService: handleMessage() - Message: 1
11-03 02:37:57.536498  9890  9890 D BluetoothAdapterService: handleMessage() - MESSAGE_PROFILE_SERVICE_STATE_CHANGED
11-03 02:37:57.536733  9890  9890 D BluetoothSocket: close() this: android.bluetooth.BluetoothSocket@1aa16b3, channel: 5, mSocketIS: android.net.LocalSocketImpl$SocketInputStream@9c86470, mSocketOS: android.net.LocalSocketImpl$SocketOutputStream@78d13e9mSocket: android.net.LocalSocket@258a86e impl:android.net.LocalSocketImpl@6256b0f fd:java.io.FileDescriptor@127579c, mSocketState: LISTENING
11-03 02:37:57.537537  9890  9890 D BluetoothAdapterService: handleMessage() - Message: 3
11-03 02:37:57.537604  9890  9890 D BluetoothAdapterService: handleMessage() - MESSAGE_PROFILE_SERVICE_UNREGISTERED
11-03 02:37:57.538361   545   545 D SurfaceFlinger: Finished set power mode=0, type=0
11-03 02:37:57.538619  1686  1823 D SurfaceControl: Excessive delay in setPowerMode()
11-03 02:37:57.540059  9890  9890 D BluetoothAdapterService: handleMessage() - Message: 1
11-03 02:37:57.540119  9890  9890 D BluetoothAdapterService: handleMessage() - MESSAGE_PROFILE_SERVICE_STATE_CHANGED
11-03 02:37:57.540277  9890  9890 D BluetoothAdapterService: handleMessage() - Message: 3
11-03 02:37:57.540313  9890  9890 D BluetoothAdapterService: handleMessage() - MESSAGE_PROFILE_SERVICE_UNREGISTERED
11-03 02:37:57.540369  9890  9906 I AdapterState: BLE_ON : entered 
11-03 02:37:57.540423  9890  9906 D AdapterProperties: Setting state to BLE_ON
11-03 02:37:57.540470  9890  9906 D BluetoothAdapterService: updateAdapterState() - Broadcasting state BLE_ON to 1 receivers.
11-03 02:37:57.541176  9890  9890 I BluetoothPhonePolicy: processProfileActiveDeviceChanged, activeDevice=null, profile=2
--------- switch to system
11-03 02:37:57.541174  1686  1709 D BluetoothManagerService: MESSAGE_BLUETOOTH_STATE_CHANGE: TURNING_OFF > BLE_ON
--------- switch to main
11-03 02:37:57.541234  9890  9890 W BluetoothPhonePolicy: processProfileActiveDeviceChanged: ignore null A2DP active device
--------- switch to system
11-03 02:37:57.541270  1686  1709 D BluetoothManagerService: Intermediate off, back to LE only mode
11-03 02:37:57.541331  1686  1709 D BluetoothManagerService: Sending BLE State Change: TURNING_OFF > BLE_ON
11-03 02:37:57.542043  1686  1709 D BluetoothManagerService: Broadcasting onBluetoothStateChange(false) to 7 receivers.
--------- switch to main
11-03 02:37:57.542127  1686  1709 D BluetoothHeadset: onBluetoothStateChange: up=false
11-03 02:37:57.542199  1686  1709 D BluetoothA2dp: onBluetoothStateChange: up=false
11-03 02:37:57.542784  1686  1709 D BluetoothHeadset: onBluetoothStateChange: up=false
11-03 02:37:57.542872  1686  1709 D BluetoothHeadset: onBluetoothStateChange: up=false
11-03 02:37:57.543181  1956  8491 D BluetoothHeadset: onBluetoothStateChange: up=false
11-03 02:37:57.543396  2520  4792 D BluetoothA2dp: onBluetoothStateChange: up=false
11-03 02:37:57.543887  1686  1709 E BluetoothHearingAid: 
11-03 02:37:57.543887  1686  1709 E BluetoothHearingAid: java.lang.IllegalArgumentException: Service not registered: android.bluetooth.BluetoothHearingAid$2@f7b494b
11-03 02:37:57.543887  1686  1709 E BluetoothHearingAid: 	at android.app.LoadedApk.forgetServiceDispatcher(LoadedApk.java:1562)
11-03 02:37:57.543887  1686  1709 E BluetoothHearingAid: 	at android.app.ContextImpl.unbindService(ContextImpl.java:1692)
11-03 02:37:57.543887  1686  1709 E BluetoothHearingAid: 	at android.bluetooth.BluetoothHearingAid$1.onBluetoothStateChange(BluetoothHearingAid.java:159)
11-03 02:37:57.543887  1686  1709 E BluetoothHearingAid: 	at com.android.server.BluetoothManagerService.sendBluetoothStateCallback(BluetoothManagerService.java:1296)
11-03 02:37:57.543887  1686  1709 E BluetoothHearingAid: 	at com.android.server.BluetoothManagerService.bluetoothStateChangeHandler(BluetoothManagerService.java:2068)
11-03 02:37:57.543887  1686  1709 E BluetoothHearingAid: 	at com.android.server.BluetoothManagerService.access$4100(BluetoothManagerService.java:79)
11-03 02:37:57.543887  1686  1709 E BluetoothHearingAid: 	at com.android.server.BluetoothManagerService$BluetoothHandler.handleMessage(BluetoothManagerService.java:1693)
11-03 02:37:57.543887  1686  1709 E BluetoothHearingAid: 	at android.os.Handler.dispatchMessage(Handler.java:106)
11-03 02:37:57.543887  1686  1709 E BluetoothHearingAid: 	at android.os.Looper.loop(Looper.java:193)
11-03 02:37:57.543887  1686  1709 E BluetoothHearingAid: 	at android.os.HandlerThread.run(HandlerThread.java:65)
11-03 02:37:57.543887  1686  1709 E BluetoothHearingAid: 	at com.android.server.ServiceThread.run(ServiceThread.java:44)
--------- switch to system
11-03 02:37:57.543987  1686  1709 D BluetoothManagerService: Calling sendBrEdrDownCallback callbacks
11-03 02:37:57.544083  1686  1709 D BluetoothManagerService: isBleAppPresent() count: 0
--------- switch to main
11-03 02:37:57.544768  9890  9906 I AdapterState: BLE_TURNING_OFF : entered 
11-03 02:37:57.544849  9890  9906 D AdapterProperties: Setting state to BLE_TURNING_OFF
11-03 02:37:57.544899  9890  9906 D BluetoothAdapterService: updateAdapterState() - Broadcasting state BLE_TURNING_OFF to 1 receivers.
11-03 02:37:57.545393  9890  9906 D AdapterProperties: onBleDisable
11-03 02:37:57.549506  9890  9890 D BtGatt.DebugUtils: handleDebugAction() action=null
11-03 02:37:57.551169  9890  9913 D AdapterProperties: Scan Mode:20
11-03 02:37:57.558526  4243  4243 I OMService: mReceiver action: android.bluetooth.adapter.action.STATE_CHANGED
11-03 02:37:57.559033  5603  5603 D BtTelecomReceiver: onReceive: Intent { act=android.bluetooth.adapter.action.STATE_CHANGED flg=0x4000010 cmp=com.google.android.apps.wearable.bluetooth/com.google.android.clockwork.hfp.BtTelecomBroadcastReceiver (has extras) }
--------- switch to system
11-03 02:37:57.592291  1686  1709 D BluetoothManagerService: MESSAGE_BLUETOOTH_STATE_CHANGE: BLE_ON > BLE_TURNING_OFF
11-03 02:37:57.592462  1686  1709 D BluetoothManagerService: Sending BLE State Change: BLE_ON > BLE_TURNING_OFF
--------- switch to main
11-03 02:37:57.596246  1686  1686 I AudioService: setBtScoActiveDevice: null -> null
11-03 02:37:57.603236  3316  3316 D BluetoothSocket: close() this: android.bluetooth.BluetoothSocket@fd72e6c, channel: 4, mSocketIS: android.net.LocalSocketImpl$SocketInputStream@24bdc35, mSocketOS: android.net.LocalSocketImpl$SocketOutputStream@d6318camSocket: android.net.LocalSocket@afb4a3b impl:android.net.LocalSocketImpl@23ec558 fd:java.io.FileDescriptor@eeb06b1, mSocketState: LISTENING
11-03 02:37:57.606215  1686  1686 D WearBluetooth: Bluetooth Adapter disabled. Stopping all shards.
11-03 02:37:57.614625  1686  1686 D WearBluetooth: Stop sysproxy
11-03 02:37:57.614845  1686  1686 W WearBluetooth: CompanionProxyShard  Already closed
11-03 02:37:57.614866  5603  5603 D HfpClientConnService: onCreate
11-03 02:37:57.614901  1686  1686 D DeviceInformationGattServer: DeviceInformationService.stop()
11-03 02:37:57.614954  1686  1686 D BluetoothGattServer: close()
11-03 02:37:57.615121  1686  1686 D BluetoothGattServer: unregisterCallback() - mServerIf=4
11-03 02:37:57.616885  5603  5603 D HfpClientConnService: disabling HFP
11-03 02:37:57.617460  5603  5603 I HfpClientConnService: enable request:Enable Request - time:1635903477559 type:false reason:bluetooth adapter turned off
11-03 02:37:57.617781  9890  9936 E BtGatt.GattService: getService() - Service requested, but not available!
11-03 02:37:57.628228  9890  9890 D BluetoothAdapterService: handleMessage() - Message: 1
11-03 02:37:57.628314  9890  9890 D BluetoothAdapterService: handleMessage() - MESSAGE_PROFILE_SERVICE_STATE_CHANGED
11-03 02:37:57.628491  9890  9907 I bt_stack_manager: event_shut_down_stack is bringing down the stack
11-03 02:37:57.628569  9890  9907 I bt_btif_core: btif_disable_bluetooth entered
11-03 02:37:57.628859  9890  9906 I AdapterState: OFF : entered 
11-03 02:37:57.628920  9890  9906 D AdapterProperties: Setting state to OFF
11-03 02:37:57.628968  9890  9906 D BluetoothAdapterService: updateAdapterState() - Broadcasting state OFF to 1 receivers.
11-03 02:37:57.629089  9890  9890 D BluetoothAdapterService: handleMessage() - Message: 3
11-03 02:37:57.629125  9890  9890 D BluetoothAdapterService: handleMessage() - MESSAGE_PROFILE_SERVICE_UNREGISTERED
11-03 02:37:57.629271  9890  9914 D BluetoothActiveDeviceManager: handleMessage(MESSAGE_ADAPTER_ACTION_STATE_CHANGED): newState=10
11-03 02:37:57.629631  9890  9930 E bt_stack: [ERROR:bta_jv_act.cc(607)] bta_jv_disable
11-03 02:37:57.629833  9890  9933 W bt_osi_thread: run_thread: thread id 9933, thread name btif_sock exited
11-03 02:37:57.631933  9890  9907 I bt_btif_core: btif_disable_bluetooth finished
11-03 02:37:57.632094  9890  9930 W bt_btif : bta_dm_disable BTA_DISABLE_DELAY set to 1000 ms
11-03 02:37:57.633184  9890  9907 I bt_core_module: module_shut_down Shutting down module "btif_config_module"
11-03 02:37:57.634244  9890  9930 I bt_stack: [INFO:gatt_api.cc(380)] GATTS_StopService: 0x28
--------- switch to system
11-03 02:37:57.634821  1686  1709 D BluetoothManagerService: MESSAGE_BLUETOOTH_STATE_CHANGE: BLE_TURNING_OFF > OFF
11-03 02:37:57.634913  1686  1709 D BluetoothManagerService: Bluetooth is complete send Service Down
11-03 02:37:57.635010  1686  1709 D BluetoothManagerService: Broadcasting onBluetoothServiceDown() to 11 receivers.
--------- switch to main
11-03 02:37:57.635435  3316  3551 D BluetoothAdapter: onBluetoothServiceDown: android.bluetooth.IBluetooth$Stub$Proxy@ef46d77
11-03 02:37:57.636062  2456  2480 D BluetoothAdapter: onBluetoothServiceDown: android.bluetooth.IBluetooth$Stub$Proxy@2ffe9a2
11-03 02:37:57.637154  3338  9954 D BluetoothAdapter: onBluetoothServiceDown: android.bluetooth.IBluetooth$Stub$Proxy@60fb52a
11-03 02:37:57.637416  4243  4258 D BluetoothAdapter: onBluetoothServiceDown: android.bluetooth.IBluetooth$Stub$Proxy@9da5b7b
11-03 02:37:57.637494  2520  4792 D BluetoothAdapter: onBluetoothServiceDown: android.bluetooth.IBluetooth$Stub$Proxy@70ffc03
11-03 02:37:57.637798  5603  5619 D BluetoothAdapter: onBluetoothServiceDown: android.bluetooth.IBluetooth$Stub$Proxy@a2f353d
11-03 02:37:57.638125  2163  2175 D BluetoothAdapter: onBluetoothServiceDown: android.bluetooth.IBluetooth$Stub$Proxy@9b57ab9
11-03 02:37:57.638454  3205  5219 D BluetoothAdapter: onBluetoothServiceDown: android.bluetooth.IBluetooth$Stub$Proxy@f9560c6
11-03 02:37:57.638472  9890  9936 D BluetoothAdapter: onBluetoothServiceDown: com.android.bluetooth.btservice.AdapterService$AdapterServiceBinder@6dc329d
11-03 02:37:57.639881  5603  5603 I HfpClientConnService: account already disabled
11-03 02:37:57.645446  1686  1709 D BluetoothAdapter: onBluetoothServiceDown: android.bluetooth.IBluetooth$Stub$Proxy@c6f04a2
11-03 02:37:57.646022  1956  8491 D BluetoothAdapter: onBluetoothServiceDown: android.bluetooth.IBluetooth$Stub$Proxy@f56a185
--------- switch to system
11-03 02:37:57.646022  1686  1709 D BluetoothManagerService: unbindAndFinish(): android.bluetooth.IBluetooth$Stub$Proxy@c6f04a2 mBinding = false mUnbinding = false
--------- switch to main
11-03 02:37:57.655858  9890  9890 D BluetoothAdapterService: onUnbind() - calling cleanup
11-03 02:37:57.655938  9890  9890 D BluetoothAdapterService: cleanup()
11-03 02:37:57.664135  9890  9907 I bt_core_module: module_shut_down Shutdown of module "btif_config_module" completed
--------- switch to system
11-03 02:37:57.666461  1686  1709 D BluetoothManagerService: Sending BLE State Change: BLE_TURNING_OFF > OFF
11-03 02:37:57.669238  1686  2944 W BroadcastQueue: Background execution not allowed: receiving Intent { act=android.bluetooth.adapter.action.STATE_CHANGED flg=0x4000010 (has extras) } to com.google.android.gms/.trustagent.eid.server.InitializeEidServerReceiver
11-03 02:37:57.670830  1686  1702 W BroadcastQueue: Background execution not allowed: receiving Intent { act=android.bluetooth.adapter.action.STATE_CHANGED flg=0x4000010 (has extras) } to com.google.android.gms/.chimera.GmsIntentOperationService$PersistentTrustedReceiver
--------- switch to main
11-03 02:37:57.687010  9890  9890 W BluetoothSdpJni: Cleaning up Bluetooth SDP Interface...
11-03 02:37:57.687115  9890  9890 W BluetoothSdpJni: Cleaning up Bluetooth SDP object
11-03 02:37:57.687173  9890  9890 D BluetoothAdapterService: cleanup() - Cleaning up adapter native
11-03 02:37:57.728945  2520  2762 D HOME    : [TileDataItemWriter]Requested 0 screenshot(s)
11-03 02:37:58.079116  3316  3328 I .gms.persisten: Background concurrent copying GC freed 28113(1352KB) AllocSpace objects, 30(1596KB) LOS objects, 25% free, 7MB/10MB, paused 144us total 276.128ms
11-03 02:37:58.081674  3316  3326 D BluetoothSocket: close() this: android.bluetooth.BluetoothSocket@fd72e6c, channel: 4, mSocketIS: android.net.LocalSocketImpl$SocketInputStream@24bdc35, mSocketOS: android.net.LocalSocketImpl$SocketOutputStream@d6318camSocket: null, mSocketState: CLOSED
11-03 02:37:58.227146  1686  1693 W JavaBinder: BinderProxy is being destroyed but the application did not call unlinkToDeath to unlink all of its death recipients beforehand.  Releasing leaked death recipient: com.android.server.media.MediaSessionService$SessionManagerImpl$1
11-03 02:37:58.230970  1686  1693 W JavaBinder: BinderProxy is being destroyed but the application did not call unlinkToDeath to unlink all of its death recipients beforehand.  Releasing leaked death recipient: com.android.server.media.MediaSessionService$SessionManagerImpl$1
11-03 02:37:58.238013  1686  1696 I system_server: Background concurrent copying GC freed 61701(2MB) AllocSpace objects, 14(392KB) LOS objects, 19% free, 10MB/12MB, paused 28.630ms total 679.798ms
11-03 02:37:58.634655  9890  9912 E BluetoothAdapterService: Repeated wake lock release; aborting release: bluetooth_timer
11-03 02:37:58.635436  9890  9913 I bt_btif_core: btif_disable_bluetooth_evt entered
11-03 02:37:58.635885  9890  9913 I bt_core_module: module_shut_down Shutting down module "hci_module"
11-03 02:37:58.635970  9890  9913 I bt_hci  : hci_module_shut_down
11-03 02:37:58.636454  9890  9924 W bt_osi_thread: run_thread: thread id 9924, thread name hci_thread exited
11-03 02:37:58.637209   494   494 W vendor.qti.bluetooth@1.0-bluetooth_hci: BluetoothHci::close()
11-03 02:37:58.637312   494   494 I vendor.qti.bluetooth@1.0-data_handler: Sending HCI Reset 
11-03 02:37:58.709596   494  9928 W vendor.qti.bluetooth@1.0-data_handler: OnPacketReady: Received event for command sent internally: 03 0c 
11-03 02:37:58.709934   494   494 W vendor.qti.bluetooth@1.0-data_handler: DataHandler::CleanUp()
11-03 02:37:58.709981   494   494 D vendor.qti.bluetooth@1.0-data_handler: Close: Wait for collecting crash dump to finish
11-03 02:37:58.710010   494   494 I vendor.qti.bluetooth@1.0-data_handler: DataHandler:: init_status 3
11-03 02:37:58.710447   494   494 W vendor.qti.bluetooth@1.0-async_fd_watcher: StopThread: stopped the work thread
11-03 02:37:58.710538   494   494 I vendor.qti.bluetooth@1.0-mct_transport: CleanUp:> soc_type: 0
11-03 02:37:58.711577   494   494 W vendor.qti.bluetooth@1.0-data_handler: controller Cleanup done
11-03 02:37:58.711696   494   494 I vendor.qti.bluetooth@1.0-data_handler: DataHandler:: joined Init thread 
11-03 02:37:58.711791   494   494 D vendor.qti.bluetooth@1.0-wake_lock: CleanUp wakelock is destroyed 
11-03 02:37:58.713849   494   494 W vendor.qti.bluetooth@1.0-bluetooth_hci: BluetoothHci::close, finish cleanup
11-03 02:37:58.714321  9890  9913 I bt_core_module: module_shut_down Shutdown of module "hci_module" completed
11-03 02:37:58.714655  9890  9913 I bt_core_module: module_shut_down Shutting down module "btsnoop_module"
11-03 02:37:58.714778  9890  9913 I bt_core_module: module_shut_down Shutdown of module "btsnoop_module" completed
11-03 02:37:58.716153  9890  9913 I bt_core_module: module_clean_up Cleaning up module "bte_logmsg_module"
11-03 02:37:58.716291  9890  9913 I bt_core_module: module_clean_up Cleanup of module "bte_logmsg_module" completed
11-03 02:37:58.717048  9890  9929 W bt_osi_thread: run_thread: thread id 9929, thread name bt_workqueue exited
11-03 02:37:58.719915  9890  9907 I bt_core_module: module_shut_down Shutting down module "controller_module"
11-03 02:37:58.720124  9890  9907 I bt_core_module: module_shut_down Shutdown of module "controller_module" completed
11-03 02:37:58.720311  9890  9913 I bt_btif_core: btif_disable_bluetooth_evt finished
11-03 02:37:58.720461  9890  9913 D BluetoothAdapterService: stateChangeCallback: disableNative() completed
11-03 02:37:58.720660  9890  9907 I bt_stack_manager: event_shut_down_stack finished
11-03 02:37:58.720746  9890  9907 I bt_stack_manager: event_clean_up_stack is cleaning up the stack
11-03 02:37:58.720771  9890  9907 I bt_btif_core: btif_cleanup_bluetooth entered
11-03 02:37:58.720806  9890  9907 E bt_btif : do_in_bta_thread: MessageLooper not initialized
11-03 02:37:58.720846  9890  9907 E BluetoothServiceJni: Callback: 'callback_thread_event' is not called on the correct thread
11-03 02:37:58.720873  9890  9907 I bt_btif_queue: btif_queue_release
11-03 02:37:58.721087  9890  9913 I bt_btif_core: run_message_loop finished
11-03 02:37:58.721224  9890  9913 W bt_osi_thread: run_thread: thread id 9913, thread name bt_jni_workqueue exited
11-03 02:37:58.721903  9890  9907 I bt_core_module: module_clean_up Cleaning up module "stack_config_module"
11-03 02:37:58.722001  9890  9907 I bt_core_module: module_clean_up Cleanup of module "stack_config_module" completed
11-03 02:37:58.722174  9890  9907 I bt_core_module: module_clean_up Cleaning up module "interop_module"
11-03 02:37:58.722219  9890  9907 I bt_core_module: module_clean_up Cleanup of module "interop_module" completed
11-03 02:37:58.722246  9890  9907 I bt_btif_core: btif_cleanup_bluetooth finished
11-03 02:37:58.722393  9890  9907 I bt_core_module: module_clean_up Cleaning up module "btif_config_module"
11-03 02:37:58.743139  9890  9907 I bt_core_module: module_clean_up Cleanup of module "btif_config_module" completed
11-03 02:37:58.743636  9890  9907 I bt_core_module: module_clean_up Cleaning up module "bt_utils_module"
11-03 02:37:58.743691  9890  9907 I bt_core_module: module_clean_up Cleanup of module "bt_utils_module" completed
11-03 02:37:58.743890  9890  9907 I bt_core_module: module_clean_up Cleaning up module "osi_module"
11-03 02:37:58.744021  9890  9912 D bt_osi_alarm: callback_dispatch Callback thread exited
11-03 02:37:58.744155  9890  9912 W bt_osi_thread: run_thread: thread id 9912, thread name alarm_dispatcher exited
11-03 02:37:58.745420  9890  9911 W bt_osi_thread: run_thread: thread id 9911, thread name alarm_default_ca exited
11-03 02:37:58.746330  9890  9907 I bt_core_module: module_clean_up Cleanup of module "osi_module" completed
11-03 02:37:58.746400  9890  9907 I bt_stack_manager: event_clean_up_stack finished
11-03 02:37:58.746513  9890  9890 I BluetoothServiceJni: cleanupNative: return from cleanup
11-03 02:37:58.748010  9890  9890 D BluetoothActiveDeviceManager: cleanup()
11-03 02:37:58.749070  9890  9890 D BluetoothAdapterService: onDestroy()
11-03 02:37:58.750706  9890  9890 I BluetoothAdapterService: Force exit to cleanup internal state in Bluetooth stack
11-03 02:37:58.756877  9890  9890 I droid.bluetoot: System.exit called, status: 0
11-03 02:37:58.757030  9890  9890 I AndroidRuntime: VM exiting with result code 0, cleanup skipped.
11-03 02:37:58.808908  1686  3295 W AudioService.PlaybackActivityMonitor: client died
--------- switch to system
11-03 02:37:58.809664  1686  2468 I ActivityManager: Process com.android.bluetooth (pid 9890) has died: fore SVC 
--------- switch to main
11-03 02:37:58.810020  1686  1705 W libprocessgroup: kill(-9890, 9) failed: No such process
11-03 02:37:58.812550   444   444 I Zygote  : Process 9890 exited cleanly (0)
11-03 02:37:58.846131  1686  1705 W libprocessgroup: kill(-9890, 9) failed: No such process
11-03 02:37:58.846646  1686  1705 I libprocessgroup: Successfully killed process cgroup uid 1002 pid 9890 in 36ms
--------- switch to system
11-03 02:38:02.255026  1686  1702 W ActivityManager: Sleep timeout!  Sleeping now.
--------- switch to kernel
11-03 02:38:02.259866     0     0 I PM      : suspend entry 2021-11-03 01:38:02.259866416 UTC
11-03 02:38:02.259875     0     0 I PM      : Syncing filesystems ... done.
11-03 02:38:02.302064     0     0 I         : Freezing user space processes ... (elapsed 0.007 seconds) done.
11-03 02:38:02.309465     0     0 I         : Freezing remaining freezable tasks ... (elapsed 0.002 seconds) done.
11-03 02:38:02.312456     0     0 I         : Suspending console(s) (use no_console_suspend to debug)
11-03 02:38:02.319576     0     0 I bgcom   : bgcom_pm_suspend: suspended with : 0
11-03 02:38:02.340819     0     0 I PM      : suspend of devices complete after 26.824 msecs
11-03 02:38:02.343539     0     0 I PM      : late suspend of devices complete after 2.704 msecs
11-03 02:38:02.346633     0     0 I PM      : noirq suspend of devices complete after 3.079 msecs
--------- switch to main
11-03 02:38:10.814884  1686  1820 I WearCellularMediator: OFF_USER_ABSENT changed radio power: false
--------- switch to kernel
11-03 02:38:02.346639     0     0 I         : Disabling non-boot CPUs ...
11-03 02:38:02.366266     0     0 W         : IRQ21 no longer affine to CPU1
11-03 02:38:02.367085     0     0 I CPU1    : shutdown
11-03 02:38:02.368103     0     0 I suspend ns: 2310990816795	suspend cycles:     671418289058
11-03 02:38:02.368093     0     0 I CPU0    : msm_cpu_pm_enter_sleep mode:3 during suspend
11-03 02:38:02.368093     0     0 I         : Suspended for 8.390 seconds
11-03 02:38:02.368093     0     0 I resume cycles: 671579393216
11-03 02:38:02.368317     0     0 I         : Enabling non-boot CPUs ...
11-03 02:38:02.368643     0     0 I CPU1    : update cpu_capacity 1024
11-03 02:38:02.369635     0     0 I         : CPU1 is up
11-03 02:38:02.371238     0     0 I PM      : noirq resume of devices complete after 1.407 msecs
11-03 02:38:02.374132     0     0 I PM      : early resume of devices complete after 1.686 msecs
11-03 02:38:02.375587     0     0 I CPU0    : update max cpu_capacity 748
11-03 02:38:02.397659     0     0 I bgcom   : bgcom_pm_resume: Bgcom resumed with : 0
11-03 02:38:02.401399     0     0 I PM      : resume of devices complete after 27.247 msecs
11-03 02:38:02.403258     0     0 I         : Restarting tasks ...
11-03 02:38:02.405069     0     0 W QSEECOM : qseecom_receive_req: Interrupted: exiting Listener Service = 8192
11-03 02:38:02.405119     0     0 W QSEECOM : qseecom_receive_req: Interrupted: exiting Listener Service = 12288
11-03 02:38:02.405155     0     0 W QSEECOM : qseecom_receive_req: Interrupted: exiting Listener Service = 28672
11-03 02:38:02.407200     0     0 W QSEECOM : qseecom_receive_req: Interrupted: exiting Listener Service = 11
11-03 02:38:02.407239     0     0 W QSEECOM : qseecom_receive_req: Interrupted: exiting Listener Service = 10
11-03 02:38:02.425608     0     0 I         : done.
11-03 02:38:10.816997     0     0 I PM      : suspend exit 2021-11-03 01:38:10.816997453 UTC
11-03 02:38:10.918221     0     0 I PM      : suspend entry 2021-11-03 01:38:10.918221724 UTC
11-03 02:38:10.918231     0     0 I PM      : Syncing filesystems ... done.
11-03 02:38:10.989737     0     0 I         : Freezing user space processes ... (elapsed 0.007 seconds) done.
11-03 02:38:10.997042     0     0 I         : Freezing remaining freezable tasks ... (elapsed 0.002 seconds) done.
11-03 02:38:11.000016     0     0 I         : Suspending console(s) (use no_console_suspend to debug)
11-03 02:38:11.005158     0     0 I bgcom   : bgcom_pm_suspend: suspended with : 0
11-03 02:38:11.033298     0     0 I PM      : suspend of devices complete after 31.739 msecs
11-03 02:38:11.035969     0     0 I PM      : late suspend of devices complete after 2.654 msecs
11-03 02:38:11.039062     0     0 I PM      : noirq suspend of devices complete after 3.078 msecs
11-03 02:38:11.039069     0     0 I         : Disabling non-boot CPUs ...
11-03 02:38:11.057046     0     0 W         : IRQ16 no longer affine to CPU1
11-03 02:38:11.057231     0     0 W         : IRQ93 no longer affine to CPU1
11-03 02:38:11.057909     0     0 I CPU1    : shutdown
11-03 02:38:11.058712     0     0 I suspend ns: 2311290585597	suspend cycles:     671585148777
11-03 02:38:11.058703     0     0 I CPU0    : msm_cpu_pm_enter_sleep mode:3 during suspend
11-03 02:38:11.058703     0     0 I         : Suspended for 437.696 seconds
11-03 02:38:11.058703     0     0 I resume cycles: 679988915318
11-03 02:38:11.058958     0     0 I         : Enabling non-boot CPUs ...
11-03 02:38:11.059282     0     0 I CPU1    : update cpu_capacity 1024
11-03 02:38:11.060292     0     0 I         : CPU1 is up
11-03 02:38:11.061948     0     0 I PM      : noirq resume of devices complete after 1.471 msecs
11-03 02:38:11.064852     0     0 I PM      : early resume of devices complete after 1.703 msecs
11-03 02:38:11.066395     0     0 I CPU1    : update max cpu_capacity 748
11-03 02:38:11.087676     0     0 I bgcom   : bgcom_pm_resume: Bgcom resumed with : 0
11-03 02:38:11.091435     0     0 I PM      : resume of devices complete after 26.564 msecs
11-03 02:38:11.093323     0     0 I         : Restarting tasks ...
11-03 02:38:11.095248     0     0 W QSEECOM : qseecom_receive_req: Interrupted: exiting Listener Service = 12288
11-03 02:38:11.095356     0     0 W QSEECOM : qseecom_receive_req: Interrupted: exiting Listener Service = 28672
11-03 02:38:11.097025     0     0 E FG      : fg_psy_get_property: unsupported property 7
11-03 02:38:11.097382     0     0 W QSEECOM : qseecom_receive_req: Interrupted: exiting Listener Service = 8192
11-03 02:38:11.097422     0     0 W QSEECOM : qseecom_receive_req: Interrupted: exiting Listener Service = 11
11-03 02:38:11.097449     0     0 W QSEECOM : qseecom_receive_req: Interrupted: exiting Listener Service = 10
11-03 02:45:28.726857     0     0 W healthd : battery l=37 v=3833 t=22.0 h=2 st=3 c=3 fc=443000 cc=0 chg=
11-03 02:45:28.730621     0     0 I         : done.
11-03 02:45:28.813038     0     0 I PM      : suspend exit 2021-11-03 01:45:28.813038276 UTC
11-03 02:45:28.914455     0     0 I PM      : suspend entry 2021-11-03 01:45:28.914455307 UTC
11-03 02:45:28.914464     0     0 I PM      : Syncing filesystems ... done.
11-03 02:45:28.977979     0     0 I         : Freezing user space processes ... (elapsed 0.005 seconds) done.
11-03 02:45:28.983219     0     0 I         : Freezing remaining freezable tasks ... (elapsed 0.002 seconds) done.
11-03 02:45:28.986075     0     0 I         : Suspending console(s) (use no_console_suspend to debug)
11-03 02:45:28.991168     0     0 I bgcom   : bgcom_pm_suspend: suspended with : 0
11-03 02:45:29.018133     0     0 I PM      : suspend of devices complete after 30.515 msecs
11-03 02:45:29.020787     0     0 I PM      : late suspend of devices complete after 2.637 msecs
11-03 02:45:29.023908     0     0 I PM      : noirq suspend of devices complete after 3.104 msecs
11-03 02:45:29.023914     0     0 I         : Disabling non-boot CPUs ...
11-03 02:45:29.043189     0     0 W         : IRQ21 no longer affine to CPU1
11-03 02:45:29.044042     0     0 I CPU1    : shutdown
11-03 02:45:29.044871     0     0 I suspend ns: 2311580570389	suspend cycles:     679994483026
11-03 02:45:29.044862     0     0 I CPU0    : msm_cpu_pm_enter_sleep mode:3 during suspend
11-03 02:45:29.044862     0     0 I         : Suspended for 366.706 seconds
11-03 02:45:29.044862     0     0 I resume cycles: 687035249575
11-03 02:45:29.045084     0     0 I         : Enabling non-boot CPUs ...
11-03 02:45:29.045411     0     0 I CPU1    : update cpu_capacity 1024
11-03 02:45:29.046420     0     0 I         : CPU1 is up
11-03 02:45:29.048007     0     0 I PM      : noirq resume of devices complete after 1.422 msecs
11-03 02:45:29.050917     0     0 I PM      : early resume of devices complete after 1.705 msecs
11-03 02:45:29.052416     0     0 I CPU0    : update max cpu_capacity 748
11-03 02:45:29.073608     0     0 I bgcom   : bgcom_pm_resume: Bgcom resumed with : 0
11-03 02:45:29.076656     0     0 I PM      : resume of devices complete after 25.720 msecs
11-03 02:45:29.078839     0     0 I         : Restarting tasks ...
11-03 02:45:29.080593     0     0 W QSEECOM : qseecom_receive_req: Interrupted: exiting Listener Service = 8192
11-03 02:45:29.080724     0     0 W QSEECOM : qseecom_receive_req: Interrupted: exiting Listener Service = 11
11-03 02:45:29.082599     0     0 W QSEECOM : qseecom_receive_req: Interrupted: exiting Listener Service = 12288
11-03 02:45:29.082639     0     0 W QSEECOM : qseecom_receive_req: Interrupted: exiting Listener Service = 10
11-03 02:45:29.082668     0     0 W QSEECOM : qseecom_receive_req: Interrupted: exiting Listener Service = 28672
--------- switch to main
11-03 02:51:35.872828  3316  9966 E WakeLock: GCM_HB_ALARM release without a matched acquire!
11-03 02:51:35.877282  3316  9966 W WakeLock: GCM_HB_ALARM counter does not exist
--------- switch to kernel
11-03 02:45:29.113415     0     0 I         : done.
11-03 02:51:35.820851     0     0 I PM      : suspend exit 2021-11-03 01:51:35.820851990 UTC
--------- switch to main
11-03 02:51:35.900889  3316  9966 E WakeLock: GCM_CONN_ALARM release without a matched acquire!
--------- switch to kernel
11-03 02:51:35.922279     0     0 I PM      : suspend entry 2021-11-03 01:51:35.922279698 UTC
11-03 02:51:35.922290     0     0 I PM      : Syncing filesystems ... done.
11-03 02:51:35.988594     0     0 I         : Freezing user space processes ... (elapsed 0.006 seconds) done.
11-03 02:51:35.995328     0     0 I         : Freezing remaining freezable tasks ... (elapsed 0.002 seconds) done.
11-03 02:51:35.998258     0     0 I         : Suspending console(s) (use no_console_suspend to debug)
11-03 02:51:36.003872     0     0 I bgcom   : bgcom_pm_suspend: suspended with : 0
11-03 02:51:36.032251     0     0 I PM      : suspend of devices complete after 32.274 msecs
11-03 02:51:36.034934     0     0 I PM      : late suspend of devices complete after 2.666 msecs
11-03 02:51:36.037935     0     0 I PM      : noirq suspend of devices complete after 2.986 msecs
11-03 02:51:36.037941     0     0 I         : Disabling non-boot CPUs ...
11-03 02:51:36.049733     0     0 W         : IRQ21 no longer affine to CPU1
11-03 02:51:36.050556     0     0 I CPU1    : shutdown
11-03 02:51:36.051449     0     0 I suspend ns: 2311880557733	suspend cycles:     687041009332
11-03 02:51:36.051439     0     0 I CPU0    : msm_cpu_pm_enter_sleep mode:3 during suspend
11-03 02:51:36.051439     0     0 I         : Suspended for 187.040 seconds
11-03 02:51:36.051439     0     0 I resume cycles: 690632195402
11-03 02:51:36.051649     0     0 I         : Enabling non-boot CPUs ...
--------- switch to main
11-03 02:54:43.150649  1956  1956 D QtiCarrierConfigHelper: WARNING, no carrier configs on phone Id: 0
11-03 02:54:43.204373  2520  2520 D HOME    : [WatchFaceUiController]sendStateToWallpaper
11-03 02:54:43.206098  2520  9866 I SidekickManager: replaceWatchFaceComponentsImpl(): watchFace = com.google.android.clockwork.decomposablewatchface.WatchFaceDecomposition@9face62
11-03 02:54:43.258877  1686  9965 D SidekickService: sendWatchFaceComponents called: watchFace = com.google.android.clockwork.decomposablewatchface.WatchFaceDecomposition@228647eshouldReplace = false
11-03 02:54:43.259110  1686  9965 D SidekickService: Check decomposition for calling app com.google.android.wearable.app with uid 10049
11-03 02:54:43.259477  1686  9965 D SidekickService: sendWatchFaceLocked(): shouldReplace = false, mSidekickIsControlling = false, 1 images, 0 fonts, 0 numbers, 0 proportionalFonts, 0 strings
11-03 02:54:43.259537  1686  9965 D SidekickService: ISidekickGraphics#beginResources()...
11-03 02:54:43.260587  1686  9965 D SidekickServiceUtils: bitmapFromDrawable: Returning bitmap directly
11-03 02:54:43.262005  1686  9965 D SidekickService: sendBitmapsLocked(): bounds = RectF(0.0, 0.0, 0.0024038462, 0.0024038462), drawableInfo = {.id = 100000, .width = 1, .height = 1, .display = true, .offsetX = 0.0, .offsetY = 0.0, .rotationInfo = {.hasRotation = false, .pivotX = 0.0, .pivotY = 0.0, .degreesPerDay = 0.0, .degreesPerStep = 0.0, .zeroDegreesTime = {.daysSinceLocalEpoch = 0, .msSinceMidnight = 0}}, .transformInfo = {.transformed = false, .flipX = false, .flipY = false, .flip45 = false, .scaleX = 0.0, .scaleY = 0.0}, .type = GENERIC, .blink = {.blinking = false, .periodOnMs = 0.0, .periodOffMs = 0.0, .startTime = {.daysSinceLocalEpoch = 0, .msSinceMidnight = 0}}, .zOrder = 8, .displayInTwm = true}, image.size() = 84
11-03 02:54:43.262712   416   416 D SKGHAL  : saveResource: resId = 100000
11-03 02:54:43.263058  1686  9965 D SidekickService: sendBitmapsLocked(): status = 0, bytesUsed = 18
11-03 02:54:43.263215  1686  9965 D SidekickService: ISidekickGraphics#endResources()...
--------- switch to kernel
11-03 02:51:36.051979     0     0 I CPU1    : update cpu_capacity 1024
11-03 02:51:36.052967     0     0 I         : CPU1 is up
11-03 02:51:36.054541     0     0 I PM      : noirq resume of devices complete after 1.405 msecs
11-03 02:51:36.057380     0     0 I PM      : early resume of devices complete after 1.689 msecs
11-03 02:51:36.058963     0     0 I CPU0    : update max cpu_capacity 748
11-03 02:51:36.061507     0     0 E FG      : fg_psy_get_property: unsupported property 7
11-03 02:51:36.080040     0     0 I bgcom   : bgcom_pm_resume: Bgcom resumed with : 0
11-03 02:51:36.083512     0     0 I PM      : resume of devices complete after 26.088 msecs
11-03 02:51:36.085623     0     0 I         : Restarting tasks ...
11-03 02:51:36.087771     0     0 W QSEECOM : qseecom_receive_req: Interrupted: exiting Listener Service = 8192
11-03 02:51:36.087814     0     0 W QSEECOM : qseecom_receive_req: Interrupted: exiting Listener Service = 11
11-03 02:51:36.087843     0     0 W QSEECOM : qseecom_receive_req: Interrupted: exiting Listener Service = 10
11-03 02:51:36.089770     0     0 W QSEECOM : qseecom_receive_req: Interrupted: exiting Listener Service = 12288
11-03 02:51:36.089811     0     0 W QSEECOM : qseecom_receive_req: Interrupted: exiting Listener Service = 28672
11-03 02:51:36.091636     0     0 E FG      : fg_psy_get_property: unsupported property 7
11-03 02:51:36.092550     0     0 E FG      : fg_psy_get_property: unsupported property 7
11-03 02:54:43.059824     0     0 W healthd : battery l=37 v=3832 t=21.0 h=2 st=3 c=6 fc=443000 cc=0 chg=
11-03 02:54:43.059903     0     0 W healthd : battery l=37 v=3832 t=21.0 h=2 st=3 c=6 fc=443000 cc=0 chg=
11-03 02:54:43.067174     0     0 I         : done.
11-03 02:54:43.151640     0     0 I PM      : suspend exit 2021-11-03 01:54:43.151640720 UTC
--------- switch to main
11-03 02:54:43.276265  2520  2520 D HOME    : [BatteryChange]action: android.intent.action.BATTERY_CHANGED
11-03 02:54:43.276666  2520  9575 D HOME    : [BatteryChange]HandleBatteryChangedTask
11-03 02:54:43.276967  2520  9575 D HOME    : [BatteryChange]level: 37, status: 3
11-03 02:54:43.290495  2520  9575 D HOME    : [BatteryChange]level: 37, timestamp: 1635904483290
11-03 02:54:43.294659  2520  9968 D HOME    : [ComplicationController]scheduleImmediateUpdateForAllFromProvider ComponentInfo{com.google.android.wearable.app/com.google.android.clockwork.home.complications.providers.BatteryProviderService}
11-03 02:54:43.304715  3316  3328 I .gms.persisten: Background concurrent copying GC freed 67587(2MB) AllocSpace objects, 2(104KB) LOS objects, 25% free, 7MB/10MB, paused 144us total 758.555ms
11-03 02:54:43.507641   416   416 D SKGHAL  : sendResources: metadata size = 2400, font size = 72
--------- switch to kernel
11-03 02:54:43.501607     0     0 I PM      : suspend entry 2021-11-03 01:54:43.501607959 UTC
11-03 02:54:43.501624     0     0 I PM      : Syncing filesystems ... done.
11-03 02:54:43.575924     0     0 I         : Freezing user space processes ...
11-03 02:54:43.579266     0     0 I PM      : Wakeup pending, aborting suspend
11-03 02:54:43.579293     0     0 I         : active wakeup source: hal_skg_lock
11-03 02:54:43.579331     0     0 E         : Freezing of tasks aborted after 0.003 seconds
11-03 02:54:43.579342     0     0 I         : Restarting tasks ...
11-03 02:54:43.579637     0     0 W QSEECOM : qseecom_receive_req: Interrupted: exiting Listener Service = 8192
11-03 02:54:43.579706     0     0 W QSEECOM : qseecom_receive_req: Interrupted: exiting Listener Service = 11
11-03 02:54:43.579731     0     0 W QSEECOM : qseecom_receive_req: Interrupted: exiting Listener Service = 10
11-03 02:54:43.582099     0     0 W QSEECOM : qseecom_receive_req: Interrupted: exiting Listener Service = 12288
11-03 02:54:43.582136     0     0 W QSEECOM : qseecom_receive_req: Interrupted: exiting Listener Service = 28672
--------- switch to main
11-03 02:54:43.583972   416   416 D SKGHAL  : endResources: rc = 0
11-03 02:54:43.585227  2520  2520 D HOME    : [SidekickManagerAsync]replaceWatchFaceComponents(): Callback#onResult(): 0
--------- switch to kernel
11-03 02:54:43.585724     0     0 I         : done.
11-03 02:54:43.586202     0     0 I PM      : suspend exit 2021-11-03 01:54:43.586202699 UTC
11-03 02:54:43.788661     0     0 I PM      : suspend entry 2021-11-03 01:54:43.788661813 UTC
11-03 02:54:43.788671     0     0 I PM      : Syncing filesystems ... done.
11-03 02:54:43.802371     0     0 I         : Freezing user space processes ... (elapsed 0.006 seconds) done.
11-03 02:54:43.808899     0     0 I         : Freezing remaining freezable tasks ... (elapsed 0.003 seconds) done.
11-03 02:54:43.811939     0     0 I         : Suspending console(s) (use no_console_suspend to debug)
11-03 02:54:43.817691     0     0 I bgcom   : bgcom_pm_suspend: suspended with : 0
11-03 02:54:43.846332     0     0 I PM      : suspend of devices complete after 32.854 msecs
11-03 02:54:43.849006     0     0 I PM      : late suspend of devices complete after 2.656 msecs
11-03 02:54:43.852127     0     0 I PM      : noirq suspend of devices complete after 3.104 msecs
11-03 02:54:43.852134     0     0 I         : Disabling non-boot CPUs ...
11-03 02:54:43.870590     0     0 W         : IRQ21 no longer affine to CPU1
11-03 02:54:43.871413     0     0 I CPU1    : shutdown
11-03 02:54:43.872381     0     0 I suspend ns: 2312660546641	suspend cycles:     690647171189
11-03 02:54:43.872370     0     0 I CPU0    : msm_cpu_pm_enter_sleep mode:3 during suspend
11-03 02:54:43.872370     0     0 I         : Suspended for 44.876 seconds
11-03 02:54:43.872370     0     0 I resume cycles: 691508808957
11-03 02:54:43.872625     0     0 I         : Enabling non-boot CPUs ...
11-03 02:54:43.872952     0     0 I CPU1    : update cpu_capacity 1024
11-03 02:54:43.873955     0     0 I         : CPU1 is up
11-03 02:54:43.875576     0     0 I PM      : noirq resume of devices complete after 1.418 msecs
11-03 02:54:43.878465     0     0 I PM      : early resume of devices complete after 1.685 msecs
11-03 02:54:43.879859     0     0 I CPU0    : update max cpu_capacity 748
11-03 02:54:43.901402     0     0 I bgcom   : bgcom_pm_resume: Bgcom resumed with : 0
11-03 02:54:43.904651     0     0 I PM      : resume of devices complete after 26.167 msecs
11-03 02:54:43.906712     0     0 I         : Restarting tasks ...
11-03 02:54:43.908486     0     0 W QSEECOM : qseecom_receive_req: Interrupted: exiting Listener Service = 12288
11-03 02:54:43.908534     0     0 W QSEECOM : qseecom_receive_req: Interrupted: exiting Listener Service = 11
11-03 02:54:43.908563     0     0 W QSEECOM : qseecom_receive_req: Interrupted: exiting Listener Service = 10
11-03 02:54:43.911148     0     0 W QSEECOM : qseecom_receive_req: Interrupted: exiting Listener Service = 8192
11-03 02:54:43.911191     0     0 W QSEECOM : qseecom_receive_req: Interrupted: exiting Listener Service = 28672
11-03 02:54:43.912616     0     0 E FG      : fg_psy_get_property: unsupported property 7
11-03 02:55:28.709654     0     0 W healthd : battery l=37 v=3832 t=22.0 h=2 st=3 c=5 fc=443000 cc=0 chg=
11-03 02:55:28.718154     0     0 I         : done.
11-03 02:55:28.800873     0     0 I PM      : suspend exit 2021-11-03 01:55:28.800873045 UTC
11-03 02:55:28.903277     0     0 I PM      : suspend entry 2021-11-03 01:55:28.903277680 UTC
11-03 02:55:28.903287     0     0 I PM      : Syncing filesystems ... done.
11-03 02:55:28.977650     0     0 I         : Freezing user space processes ... (elapsed 0.007 seconds) done.
11-03 02:55:28.984810     0     0 I         : Freezing remaining freezable tasks ... (elapsed 0.002 seconds) done.
11-03 02:55:28.987726     0     0 I         : Suspending console(s) (use no_console_suspend to debug)
11-03 02:55:28.993071     0     0 I bgcom   : bgcom_pm_suspend: suspended with : 0
11-03 02:55:29.020766     0     0 I PM      : suspend of devices complete after 31.497 msecs
11-03 02:55:29.023435     0     0 I PM      : late suspend of devices complete after 2.651 msecs
11-03 02:55:29.026427     0     0 I PM      : noirq suspend of devices complete after 2.977 msecs
11-03 02:55:29.026434     0     0 I         : Disabling non-boot CPUs ...
11-03 02:55:29.037465     0     0 W         : IRQ21 no longer affine to CPU1
11-03 02:55:29.038293     0     0 I CPU1    : shutdown
11-03 02:55:29.039114     0     0 I suspend ns: 2312950313568	suspend cycles:     691514372482
11-03 02:55:29.039104     0     0 I CPU0    : msm_cpu_pm_enter_sleep mode:3 during suspend
11-03 02:55:29.039104     0     0 I         : Suspended for 40.709 seconds
11-03 02:55:29.039104     0     0 I resume cycles: 692296000960
11-03 02:55:29.039329     0     0 I         : Enabling non-boot CPUs ...
11-03 02:55:29.039653     0     0 I CPU1    : update cpu_capacity 1024
11-03 02:55:29.040645     0     0 I         : CPU1 is up
11-03 02:55:29.042227     0     0 I PM      : noirq resume of devices complete after 1.417 msecs
11-03 02:55:29.045138     0     0 I PM      : early resume of devices complete after 1.707 msecs
11-03 02:55:29.046798     0     0 I CPU0    : update max cpu_capacity 748
11-03 02:55:29.067997     0     0 I bgcom   : bgcom_pm_resume: Bgcom resumed with : 0
11-03 02:55:29.071775     0     0 I PM      : resume of devices complete after 26.619 msecs
11-03 02:55:29.073621     0     0 I         : Restarting tasks ...
11-03 02:55:29.075492     0     0 W QSEECOM : qseecom_receive_req: Interrupted: exiting Listener Service = 12288
11-03 02:55:29.075537     0     0 W QSEECOM : qseecom_receive_req: Interrupted: exiting Listener Service = 11
11-03 02:55:29.075567     0     0 W QSEECOM : qseecom_receive_req: Interrupted: exiting Listener Service = 10
11-03 02:55:29.077972     0     0 W QSEECOM : qseecom_receive_req: Interrupted: exiting Listener Service = 8192
11-03 02:55:29.078015     0     0 W QSEECOM : qseecom_receive_req: Interrupted: exiting Listener Service = 28672
11-03 02:55:29.086932     0     0 I         : done.
11-03 02:56:09.797244     0     0 I PM      : suspend exit 2021-11-03 01:56:09.797244956 UTC
--------- switch to main
11-03 02:56:09.855386  1686  1820 I WearCellularMediator: OFF_USER_ABSENT changed radio power: false
--------- switch to kernel
11-03 02:56:09.897965     0     0 I PM      : suspend entry 2021-11-03 01:56:09.897965008 UTC
11-03 02:56:09.897983     0     0 I PM      : Syncing filesystems ... done.
11-03 02:56:09.968658     0     0 I         : Freezing user space processes ... (elapsed 0.006 seconds) done.
11-03 02:56:09.975092     0     0 I         : Freezing remaining freezable tasks ... (elapsed 0.002 seconds) done.
11-03 02:56:09.977913     0     0 I         : Suspending console(s) (use no_console_suspend to debug)
11-03 02:56:09.983653     0     0 I bgcom   : bgcom_pm_suspend: suspended with : 0
11-03 02:56:10.012199     0     0 I PM      : suspend of devices complete after 32.744 msecs
11-03 02:56:10.015093     0     0 I PM      : late suspend of devices complete after 2.876 msecs
11-03 02:56:10.018248     0     0 I PM      : noirq suspend of devices complete after 3.138 msecs
11-03 02:56:10.018255     0     0 I         : Disabling non-boot CPUs ...
11-03 02:56:10.037174     0     0 W         : IRQ21 no longer affine to CPU1
11-03 02:56:10.038028     0     0 I CPU1    : shutdown
11-03 02:56:10.038863     0     0 I suspend ns: 2313240260756	suspend cycles:     692301567946
11-03 02:56:10.038853     0     0 I CPU0    : msm_cpu_pm_enter_sleep mode:3 during suspend
11-03 02:56:10.038853     0     0 I         : Suspended for 558.704 seconds
11-03 02:56:10.038853     0     0 I resume cycles: 703028700606
11-03 02:56:10.039106     0     0 I         : Enabling non-boot CPUs ...
11-03 02:56:10.039431     0     0 I CPU1    : update cpu_capacity 1024
11-03 02:56:10.040436     0     0 I         : CPU1 is up
11-03 02:56:10.042044     0     0 I PM      : noirq resume of devices complete after 1.423 msecs
11-03 02:56:10.044949     0     0 I PM      : early resume of devices complete after 1.700 msecs
11-03 02:56:10.046458     0     0 I CPU0    : update max cpu_capacity 748
11-03 02:56:10.067612     0     0 I bgcom   : bgcom_pm_resume: Bgcom resumed with : 0
11-03 02:56:10.071146     0     0 I PM      : resume of devices complete after 26.178 msecs
11-03 02:56:10.073231     0     0 I         : Restarting tasks ...
11-03 02:56:10.074926     0     0 W QSEECOM : qseecom_receive_req: Interrupted: exiting Listener Service = 12288
11-03 02:56:10.074975     0     0 W QSEECOM : qseecom_receive_req: Interrupted: exiting Listener Service = 11
11-03 02:56:10.075004     0     0 W QSEECOM : qseecom_receive_req: Interrupted: exiting Listener Service = 10
11-03 02:56:10.076169     0     0 E FG      : fg_psy_get_property: unsupported property 7
11-03 02:56:10.077167     0     0 W QSEECOM : qseecom_receive_req: Interrupted: exiting Listener Service = 8192
11-03 02:56:10.077205     0     0 W QSEECOM : qseecom_receive_req: Interrupted: exiting Listener Service = 28672
11-03 03:05:28.708593     0     0 W healthd : battery l=37 v=3832 t=21.0 h=2 st=3 c=4 fc=443000 cc=0 chg=
11-03 03:05:28.709256     0     0 I         : done.
11-03 03:05:28.791985     0     0 I PM      : suspend exit 2021-11-03 02:05:28.791985524 UTC
11-03 03:05:28.893616     0     0 I PM      : suspend entry 2021-11-03 02:05:28.893616461 UTC
11-03 03:05:28.893626     0     0 I PM      : Syncing filesystems ... done.
11-03 03:05:29.052147     0     0 I         : Freezing user space processes ... (elapsed 0.006 seconds) done.
11-03 03:05:29.059088     0     0 I         : Freezing remaining freezable tasks ... (elapsed 0.003 seconds) done.
11-03 03:05:29.062156     0     0 I         : Suspending console(s) (use no_console_suspend to debug)
11-03 03:05:29.067019     0     0 I bgcom   : bgcom_pm_suspend: suspended with : 0
11-03 03:05:29.094244     0     0 I PM      : suspend of devices complete after 30.543 msecs
11-03 03:05:29.096904     0     0 I PM      : late suspend of devices complete after 2.642 msecs
11-03 03:05:29.099897     0     0 I PM      : noirq suspend of devices complete after 2.979 msecs
11-03 03:05:29.099904     0     0 I         : Disabling non-boot CPUs ...
11-03 03:05:29.112818     0     0 I CPU1    : shutdown
11-03 03:05:29.113676     0     0 I suspend ns: 2313610234142	suspend cycles:     703035804095
11-03 03:05:29.113666     0     0 I CPU0    : msm_cpu_pm_enter_sleep mode:3 during suspend
11-03 03:05:29.113666     0     0 I         : Suspended for 161.628 seconds
11-03 03:05:29.113666     0     0 I resume cycles: 706139071190
11-03 03:05:29.113883     0     0 I         : Enabling non-boot CPUs ...
11-03 03:05:29.114210     0     0 I CPU1    : update cpu_capacity 1024
11-03 03:05:29.115205     0     0 I         : CPU1 is up
11-03 03:05:29.116780     0     0 I PM      : noirq resume of devices complete after 1.412 msecs
11-03 03:05:29.119686     0     0 I PM      : early resume of devices complete after 1.700 msecs
11-03 03:05:29.121339     0     0 I CPU1    : update max cpu_capacity 748
11-03 03:05:29.142755     0     0 I bgcom   : bgcom_pm_resume: Bgcom resumed with : 0
11-03 03:05:29.146504     0     0 I PM      : resume of devices complete after 26.800 msecs
11-03 03:05:29.148343     0     0 I         : Restarting tasks ...
11-03 03:05:29.150394     0     0 W QSEECOM : qseecom_receive_req: Interrupted: exiting Listener Service = 11
11-03 03:05:29.150447     0     0 W QSEECOM : qseecom_receive_req: Interrupted: exiting Listener Service = 10
11-03 03:05:29.152793     0     0 W QSEECOM : qseecom_receive_req: Interrupted: exiting Listener Service = 8192
