11-03 09:36:50.322108     0     0 I CPU0    : update max cpu_capacity 748
11-03 09:36:50.322332     0     0 I PM      : Wakeup pending, aborting suspend
11-03 09:36:50.322362     0     0 I         : active wakeup source: NETLINK
11-03 09:36:50.322395     0     0 E         : Freezing of tasks aborted after 0.001 seconds
11-03 09:36:50.322404     0     0 I         : Restarting kernel threads ...
11-03 09:36:50.322601     0     0 I CPU3    : update max cpu_capacity 1024
11-03 09:36:50.323699     0     0 I         : done.
11-03 09:36:50.323704     0     0 I         : Restarting tasks ...
11-03 09:36:50.324263     0     0 W QSEECOM : qseecom_receive_req: Interrupted: exiting Listener Service = 8192
11-03 09:36:50.324284     0     0 W QSEECOM : qseecom_receive_req: Interrupted: exiting Listener Service = 12288
11-03 09:36:50.324302     0     0 W QSEECOM : qseecom_receive_req: Interrupted: exiting Listener Service = 11
11-03 09:36:50.324335     0     0 W QSEECOM : qseecom_receive_req: Interrupted: exiting Listener Service = 10
11-03 09:36:50.324443     0     0 W QSEECOM : qseecom_receive_req: Interrupted: exiting Listener Service = 28672
11-03 09:36:50.324756     0     0 I init    : Command 'write /sys/devices/system/cpu/cpu2/online 0' action=ro.enable_core_ctl=true && sys.cw_corectl_mode=idle (/vendor/etc/init/hw/init.qcom.rc:951) took 93ms and succeeded
11-03 09:36:50.326373     0     0 I init    : Command 'write /sys/devices/system/cpu/cpu3/online 0' action=ro.enable_core_ctl=true && sys.cw_corectl_mode=idle (/vendor/etc/init/hw/init.qcom.rc:952) took 1ms and failed: Unable to write to file '/sys/devices/system/cpu/cpu3/online': Unable to write file contents: Device or resource busy
11-03 09:36:50.331930     0     0 I         : done.
11-03 09:36:50.332497     0     0 I PM      : suspend exit 2021-11-03 08:36:50.332497772 UTC
--------- switch to main
11-03 09:36:50.420309  2520  2541 I id.wearable.ap: Background concurrent copying GC freed 63921(2MB) AllocSpace objects, 0(0B) LOS objects, 25% free, 7MB/10MB, paused 176us total 158.433ms
11-03 09:36:50.430130  1686  1696 I system_server: Background concurrent copying GC freed 47610(2MB) AllocSpace objects, 16(464KB) LOS objects, 19% free, 10MB/12MB, paused 223us total 238.278ms
--------- switch to kernel
11-03 09:36:50.535238     0     0 I PM      : suspend entry 2021-11-03 08:36:50.535238501 UTC
11-03 09:36:50.535249     0     0 I PM      : Syncing filesystems ... done.
11-03 09:36:50.568606     0     0 I         : Freezing user space processes ... (elapsed 0.007 seconds) done.
11-03 09:36:50.576380     0     0 I         : Freezing remaining freezable tasks ... (elapsed 0.003 seconds) done.
11-03 09:36:50.579611     0     0 I         : Suspending console(s) (use no_console_suspend to debug)
11-03 09:36:50.590970     0     0 I mdss_dsi_panel_set_idle_mode: Idle (1->1)
11-03 09:36:50.626797     0     0 I bgcom   : bgcom_pm_suspend: suspended with : 0
11-03 09:36:50.646410     0     0 E mdss_dsi_gen_read_status: Read back value from panel is incorrect
11-03 09:36:50.648428     0     0 I PM      : suspend of devices complete after 66.988 msecs
11-03 09:36:50.651721     0     0 I PM      : late suspend of devices complete after 3.271 msecs
11-03 09:36:50.655735     0     0 I PM      : noirq suspend of devices complete after 3.994 msecs
11-03 09:36:50.655743     0     0 I         : Disabling non-boot CPUs ...
11-03 09:36:50.693966     0     0 I CPU1    : shutdown
11-03 09:36:50.701923     0     0 I CPU0    : update max cpu_capacity 748
11-03 09:36:50.737560     0     0 I CPU3    : update max cpu_capacity 1024
11-03 09:36:50.742625     0     0 W         : IRQ21 no longer affine to CPU3
11-03 09:36:50.743311     0     0 I CPU3    : shutdown
11-03 09:36:50.744455     0     0 I PM      : Wakeup pending, aborting suspend
11-03 09:36:50.744465     0     0 I         : active wakeup source: ipc0000005a_1894_Loc
11-03 09:36:50.744516     0     0 I         : Enabling non-boot CPUs ...
11-03 09:36:50.744899     0     0 I CPU1    : update cpu_capacity 1024
11-03 09:36:50.745782     0     0 I         : CPU1 is up
11-03 09:36:50.746346     0     0 I CPU3    : update cpu_capacity 1024
11-03 09:36:50.747847     0     0 I         : CPU3 is up
11-03 09:36:50.749881     0     0 I PM      : noirq resume of devices complete after 1.860 msecs
11-03 09:36:50.752163     0     0 I CPU3    : update max cpu_capacity 1024
11-03 09:36:50.753520     0     0 I PM      : early resume of devices complete after 2.606 msecs
11-03 09:36:50.779185     0     0 I bgcom   : bgcom_pm_resume: Bgcom resumed with : 0
11-03 09:36:50.789388     0     0 I mdss_dsi_panel_set_idle_mode: Idle (1->1)
11-03 09:36:50.824997     0     0 I PM      : resume of devices complete after 71.457 msecs
11-03 09:36:50.827598     0     0 I         : Restarting tasks ...
11-03 09:36:50.830453     0     0 W QSEECOM : qseecom_receive_req: Interrupted: exiting Listener Service = 8192
11-03 09:36:50.830536     0     0 W QSEECOM : qseecom_receive_req: Interrupted: exiting Listener Service = 11
11-03 09:36:50.830569     0     0 W QSEECOM : qseecom_receive_req: Interrupted: exiting Listener Service = 10
11-03 09:36:50.835024     0     0 W QSEECOM : qseecom_receive_req: Interrupted: exiting Listener Service = 12288
11-03 09:36:50.835075     0     0 W QSEECOM : qseecom_receive_req: Interrupted: exiting Listener Service = 28672
--------- switch to main
11-03 09:36:50.836248   501  1904 I LocSvc_ApiV02: <--- globalEventCb line 152 QMI_LOC_EVENT_POSITION_REPORT_IND_V02
--------- switch to kernel
11-03 09:36:50.840103     0     0 I         : done.
11-03 09:36:50.840563     0     0 I PM      : suspend exit 2021-11-03 08:36:50.840563814 UTC
--------- switch to main
11-03 09:36:50.906449  2520 11393 D HOME    : [LocationOracleImpl]Fresh location fetch timed out.
11-03 09:36:50.907703  2520  4738 W HOME    : [LocationOracleImpl]Location fetch failed.
11-03 09:36:50.907703  2520  4738 W HOME    : java.util.concurrent.TimeoutException: Fresh location fetch timed out.
11-03 09:36:50.907703  2520  4738 W HOME    : 	at doo.run(AW782433232:1)
11-03 09:36:50.907703  2520  4738 W HOME    : 	at java.util.TimerThread.mainLoop(Timer.java:562)
11-03 09:36:50.907703  2520  4738 W HOME    : 	at java.util.TimerThread.run(Timer.java:512)
11-03 09:36:50.908933  2520  4738 W HOME    : [GetCardsRpc]making request without location
11-03 09:36:50.923643  1686  4693 I GnssLocationProvider: WakeLock acquired by sendMessage(SET_REQUEST, 0, com.android.server.location.GnssLocationProvider$GpsRequest@1e61b36)
11-03 09:36:50.924563   501   501 I LocSvc_GnssInterface: ===> stop line 218 
11-03 09:36:50.924942   501  1894 I LocSvc_api_v02: ---> locClientSendReq line 2298 QMI_LOC_STOP_REQ_V02
11-03 09:36:50.926138   501  1894 I LocSvc_api_v02: ---> locClientSendReq line 2298 QMI_LOC_REG_EVENTS_REQ_V02
11-03 09:36:50.926137   501  1904 I LocSvc_ApiV02: <--- globalEventCb line 152 QMI_LOC_EVENT_POSITION_REPORT_IND_V02
11-03 09:36:50.927541  1686  1701 I GnssLocationProvider: WakeLock released by handleMessage(SET_REQUEST, 0, com.android.server.location.GnssLocationProvider$GpsRequest@1e61b36)
--------- switch to kernel
11-03 09:36:51.242372     0     0 I PM      : suspend entry 2021-11-03 08:36:51.242372043 UTC
11-03 09:36:51.242386     0     0 I PM      : Syncing filesystems ... done.
11-03 09:36:51.346016     0     0 I         : Freezing user space processes ...
11-03 09:36:51.351554     0     0 I PM      : Wakeup pending, aborting suspend
11-03 09:36:51.351652     0     0 I         : last active wakeup source: KeyEvents
11-03 09:36:51.351677     0     0 E         : Freezing of tasks aborted after 0.005 seconds
11-03 09:36:51.351692     0     0 I         : Restarting tasks ...
11-03 09:36:51.352618     0     0 W QSEECOM : qseecom_receive_req: Interrupted: exiting Listener Service = 10
11-03 09:36:51.352623     0     0 W QSEECOM : qseecom_receive_req: Interrupted: exiting Listener Service = 28672
11-03 09:36:51.352672     0     0 W QSEECOM : qseecom_receive_req: Interrupted: exiting Listener Service = 12288
11-03 09:36:51.352676     0     0 W QSEECOM : qseecom_receive_req: Interrupted: exiting Listener Service = 8192
11-03 09:36:51.353544     0     0 W QSEECOM : qseecom_receive_req: Interrupted: exiting Listener Service = 11
11-03 09:36:51.357047     0     0 I         : done.
11-03 09:36:51.357657     0     0 I PM      : suspend exit 2021-11-03 08:36:51.357657459 UTC
11-03 09:36:52.160160     0     0 I PM      : suspend entry 2021-11-03 08:36:52.160160845 UTC
11-03 09:36:52.160182     0     0 I PM      : Syncing filesystems ... done.
11-03 09:36:52.190084     0     0 I         : Freezing user space processes ... (elapsed 0.007 seconds) done.
11-03 09:36:52.197937     0     0 I         : Freezing remaining freezable tasks ... (elapsed 0.004 seconds) done.
11-03 09:36:52.202190     0     0 I         : Suspending console(s) (use no_console_suspend to debug)
11-03 09:36:52.215221     0     0 I mdss_dsi_panel_set_idle_mode: Idle (1->1)
11-03 09:36:52.257600     0     0 I bgcom   : bgcom_pm_suspend: suspended with : 0
11-03 09:36:52.304206     0     0 I PM      : suspend of devices complete after 99.786 msecs
11-03 09:36:52.309692     0     0 I PM      : late suspend of devices complete after 5.442 msecs
11-03 09:36:52.315527     0     0 I PM      : noirq suspend of devices complete after 5.798 msecs
11-03 09:36:52.315542     0     0 I         : Disabling non-boot CPUs ...
11-03 09:36:52.335250     0     0 I CPU1    : shutdown
11-03 09:36:52.341955     0     0 I CPU0    : update max cpu_capacity 748
11-03 09:36:52.381966     0     0 I CPU3    : update max cpu_capacity 1024
11-03 09:36:52.382882     0     0 W         : IRQ16 no longer affine to CPU3
11-03 09:36:52.382950     0     0 W         : IRQ93 no longer affine to CPU3
11-03 09:36:52.384268     0     0 I CPU3    : shutdown
11-03 09:36:52.386024     0     0 I suspend ns: 3199582763620	suspend cycles:    1153914633490
11-03 09:36:52.386005     0     0 I CPU0    : msm_cpu_pm_enter_sleep mode:3 during suspend
11-03 09:36:52.386005     0     0 I         : Suspended for 8.139 seconds
11-03 09:36:52.386005     0     0 I resume cycles: 1154070908429
11-03 09:36:52.386397     0     0 I         : Enabling non-boot CPUs ...
11-03 09:36:52.387206     0     0 I CPU1    : update cpu_capacity 1024
11-03 09:36:52.388293     0     0 I         : CPU1 is up
11-03 09:36:52.389361     0     0 I CPU3    : update cpu_capacity 1024
11-03 09:36:52.390929     0     0 I         : CPU3 is up
11-03 09:36:52.391767     0     0 I CPU3    : update max cpu_capacity 1024
11-03 09:36:52.394746     0     0 I PM      : noirq resume of devices complete after 3.592 msecs
11-03 09:36:52.400500     0     0 I PM      : early resume of devices complete after 3.888 msecs
11-03 09:36:52.437595     0     0 I bgcom   : bgcom_pm_resume: Bgcom resumed with : 0
11-03 09:36:52.448473     0     0 I mdss_dsi_panel_set_idle_mode: Idle (1->1)
11-03 09:36:52.486926     0     0 I PM      : resume of devices complete after 86.384 msecs
11-03 09:36:52.491119     0     0 I         : Restarting tasks ...
11-03 09:36:52.493829     0     0 W QSEECOM : qseecom_receive_req: Interrupted: exiting Listener Service = 12288
11-03 09:36:52.495085     0     0 W QSEECOM : qseecom_receive_req: Interrupted: exiting Listener Service = 28672
11-03 09:36:52.498452     0     0 W QSEECOM : qseecom_receive_req: Interrupted: exiting Listener Service = 8192
11-03 09:36:52.498532     0     0 W QSEECOM : qseecom_receive_req: Interrupted: exiting Listener Service = 11
11-03 09:36:52.498566     0     0 W QSEECOM : qseecom_receive_req: Interrupted: exiting Listener Service = 10
11-03 09:36:52.499642     0     0 I         : done.
11-03 09:37:00.640393     0     0 I PM      : suspend exit 2021-11-03 08:37:00.640393497 UTC
--------- switch to main
11-03 09:37:00.648506  2520  2714 D HOME    : [TickMonitor]Received time tick
11-03 09:37:00.648876  2520  2714 D HOME    : [TickMonitor]handleTimeTick() finished
--------- switch to kernel
11-03 09:37:00.741241     0     0 I PM      : suspend entry 2021-11-03 08:37:00.741241986 UTC
11-03 09:37:00.741254     0     0 I PM      : Syncing filesystems ... done.
11-03 09:37:00.846355     0     0 I         : Freezing user space processes ... (elapsed 0.008 seconds) done.
--------- switch to system
11-03 09:38:48.516729  1686  1686 I PowerManagerService: Waking up from dozing (uid=1000 reason=tiltToWake)...
--------- switch to kernel
11-03 09:37:00.854412     0     0 I         : Freezing remaining freezable tasks ... (elapsed 0.003 seconds) done.
11-03 09:37:00.858336     0     0 I         : Suspending console(s) (use no_console_suspend to debug)
11-03 09:37:00.870516     0     0 I mdss_dsi_panel_set_idle_mode: Idle (1->1)
11-03 09:37:00.906650     0     0 I bgcom   : bgcom_pm_suspend: suspended with : 0
11-03 09:37:00.943484     0     0 I PM      : suspend of devices complete after 82.930 msecs
11-03 09:37:00.948894     0     0 I PM      : late suspend of devices complete after 5.374 msecs
11-03 09:37:00.954792     0     0 I PM      : noirq suspend of devices complete after 5.866 msecs
11-03 09:37:00.954807     0     0 I         : Disabling non-boot CPUs ...
11-03 09:37:00.974404     0     0 I CPU1    : shutdown
11-03 09:37:00.981156     0     0 I CPU0    : update max cpu_capacity 748
11-03 09:37:01.011162     0     0 I CPU3    : update max cpu_capacity 1024
11-03 09:37:01.023415     0     0 I CPU3    : shutdown
11-03 09:37:01.025151     0     0 I suspend ns: 3200082558569	suspend cycles:    1154080504492
11-03 09:37:01.025131     0     0 I CPU0    : msm_cpu_pm_enter_sleep mode:3 during suspend
11-03 09:37:01.025131     0     0 I         : Suspended for 107.373 seconds
11-03 09:37:01.025131     0     0 I resume cycles: 1156142078973
11-03 09:37:01.025683     0     0 I         : Enabling non-boot CPUs ...
11-03 09:37:01.026512     0     0 I CPU1    : update cpu_capacity 1024
11-03 09:37:01.027599     0     0 I         : CPU1 is up
11-03 09:37:01.028668     0     0 I CPU3    : update cpu_capacity 1024
11-03 09:37:01.030200     0     0 I         : CPU3 is up
11-03 09:37:01.030970     0     0 I CPU1    : update max cpu_capacity 748
11-03 09:37:01.030974     0     0 I CPU3    : update max cpu_capacity 1024
11-03 09:37:01.033949     0     0 I PM      : noirq resume of devices complete after 3.503 msecs
11-03 09:37:01.039181     0     0 I PM      : early resume of devices complete after 3.750 msecs
11-03 09:37:01.075776     0     0 I bgcom   : bgcom_pm_resume: Bgcom resumed with : 0
11-03 09:37:01.086391     0     0 I mdss_dsi_panel_set_idle_mode: Idle (1->1)
11-03 09:37:01.126133     0     0 I PM      : resume of devices complete after 86.887 msecs
11-03 09:37:01.130450     0     0 I         : Restarting tasks ...
11-03 09:37:01.133312     0     0 W QSEECOM : qseecom_receive_req: Interrupted: exiting Listener Service = 8192
11-03 09:37:01.136062     0     0 W QSEECOM : qseecom_receive_req: Interrupted: exiting Listener Service = 12288
11-03 09:37:01.136158     0     0 W QSEECOM : qseecom_receive_req: Interrupted: exiting Listener Service = 10
11-03 09:37:01.139705     0     0 W QSEECOM : qseecom_receive_req: Interrupted: exiting Listener Service = 11
11-03 09:37:01.139802     0     0 W QSEECOM : qseecom_receive_req: Interrupted: exiting Listener Service = 28672
11-03 09:37:01.143216     0     0 I         : done.
11-03 09:38:48.518251     0     0 I PM      : suspend exit 2021-11-03 08:38:48.518251840 UTC
11-03 09:38:48.545562     0     0 E FG      : fg_psy_get_property: unsupported property 7
11-03 09:38:48.446019     0     0 W healthd : battery l=21 v=3765 t=28.0 h=2 st=3 c=4 fc=443000 cc=0 chg=
--------- switch to main
11-03 09:38:48.578495   512   512 I sensors-hal: batch:140, android.sensor.light/46, period=100000000, max_latency=0
11-03 09:38:48.578727   512   512 I sensors-hal: batch:149, android.sensor.light/46, period=100000000, max_latency=0 request completed
--------- switch to system
11-03 09:38:48.578783  1686  1686 W UsageStatsService: Event reported without a package name
--------- switch to main
11-03 09:38:48.579573   512   512 I sensors-hal: activate:107, android.sensor.light/46 en=1
11-03 09:38:48.580360   512   512 I sensors-hal: ssc_enable_rt_task:254, ssc_enable_rt_task : true
11-03 09:38:48.585138   512   512 I sensors-hal: activate:118, android.sensor.light/46 en=1 completed
11-03 09:38:48.588040  1686  1823 I SidekickService: endDisplayLocked()
--------- switch to system
11-03 09:38:48.589816  1686  1710 I DisplayManagerService: Display device changed state: "Écran intégré", ON
--------- switch to main
11-03 09:38:48.593986   416   416 D SKGHAL  : sendAmbientEvent: enter: enable = 0
11-03 09:38:48.608654   512   512 I sensors-hal: batch:140, android.sensor.accelerometer/48, period=66667000, max_latency=100000000
11-03 09:38:48.608837   512   512 I sensors-hal: batch:149, android.sensor.accelerometer/48, period=66667000, max_latency=100000000 request completed
11-03 09:38:48.610136   512   512 I sensors-hal: activate:107, android.sensor.accelerometer/48 en=1
11-03 09:38:48.614187   512   512 I sensors-hal: ssc_enable_rt_task:254, ssc_enable_rt_task : true
11-03 09:38:48.642374  1686  1759 I InputReader: Reconfiguring input devices.  changes=0x00000004
11-03 09:38:48.643160   504   523 I SDM     : DisplayBase::SetDisplayState: Set state = 3, display 0
11-03 09:38:48.643528   504   523 D SDM     : HWCDisplayPrimary::SetStandByMode: Display is connected successfully
--------- switch to kernel
11-03 09:38:48.512203     0     0 E bgrsb   : bgrsb_enable: rsb will set report rate
11-03 09:38:48.541738     0     0 I         : [touch]FB_BLANK_VSYNC_SUSPEND
--------- switch to main
11-03 09:38:48.644800   512   512 I sensors-hal: activate:118, android.sensor.accelerometer/48 en=1 completed
--------- switch to kernel
11-03 09:38:48.541747     0     0 I         : [touch]Already in suspend state
11-03 09:38:48.552183     0     0 E bgrsb   : bgrsb_enable: gpio 32 is valid
11-03 09:38:48.558099     0     0 I mdss_dsi_panel_set_idle_mode: Idle (1->0)
11-03 09:38:48.559659     0     0 E mdp3_enable_panic_ctrl: mdp3_enable_panic_ctrl: Enable Panic Control
11-03 09:38:48.559797     0     0 I         : [touch]FB_BLANK_UNBLANK
11-03 09:38:48.559803     0     0 I         : [touch]raydium_ts_do_resume, 1.
11-03 09:38:48.560494     0     0 I         : [ raydium ]workqueue is empty!
11-03 09:38:48.560521     0     0 I raydium_ts 5-0039: [touch]Already enable irq
11-03 09:38:48.560525     0     0 I         : [touch]Device may wakeup
--------- switch to main
11-03 09:38:48.649373   416   416 D SKGHAL  : standBy_update_control call succeed on 0
11-03 09:38:48.649529   416   416 D SKGHAL  : sendAmbientEvent: done: enable = 0
11-03 09:38:48.650378  1686  1823 D SidekickService:    ... endDisplay returns void
11-03 09:38:48.651601   545   545 D SurfaceFlinger: Set power mode=2, type=0 flinger=0xb6bb6000
11-03 09:38:48.652254   504   764 I SDM     : DisplayBase::SetDisplayState: Set state = 1, display 0
11-03 09:38:48.656571  2520  2520 D HOME    : [BatteryChange]action: android.intent.action.BATTERY_CHANGED
11-03 09:38:48.657381  2520 11200 D HOME    : [BatteryChange]HandleBatteryChangedTask
11-03 09:38:48.657980  2520 11200 D HOME    : [BatteryChange]level: 21, status: 3
11-03 09:38:48.659011  1956  1956 D QtiCarrierConfigHelper: WARNING, no carrier configs on phone Id: 0
11-03 09:38:48.663562   545   545 D SurfaceFlinger: Finished set power mode=2, type=0
--------- switch to system
11-03 09:38:48.670427  1686  1712 W PowerManagerService: Screen on took 283 ms
11-03 09:38:48.670938  1686  1712 I DreamManagerService: Gently waking up from dream.
11-03 09:38:48.671933  1686  1708 I DreamManagerService: Performing gentle wake from dream.
11-03 09:38:48.673509  1686  1702 W BroadcastQueue: Background execution not allowed: receiving Intent { act=android.intent.action.USER_PRESENT flg=0x10 } to com.google.android.gms/.auth.setup.devicesignals.LockScreenReceiver
--------- switch to main
11-03 09:38:48.679137   512 11399 I sensors-hal: handle_indication_realtime:355,  SCHED_FIFO(10) for qmi_cbk
11-03 09:38:48.688552  3205  3434 W WorkController: Loading failed for worker [trainingcache]: worker not found
11-03 09:38:48.691000  3205  3372 W A       : TrainingCache cache DEVICE_UNLOCKED failure
11-03 09:38:48.691000  3205  3372 W A       : com.google.android.apps.gsa.search.core.service.h.a.a: No worker found for Worker ID [trainingcache].
11-03 09:38:48.691000  3205  3372 W A       : 	at com.google.android.apps.gsa.search.core.service.g.a.c.a(Unknown Source:5)
11-03 09:38:48.691000  3205  3372 W A       : 	at com.google.android.libraries.gsa.c.a.d.a(Unknown Source:3)
11-03 09:38:48.691000  3205  3372 W A       : 	at com.google.common.p.a.cg.c(Unknown Source:2)
11-03 09:38:48.691000  3205  3372 W A       : 	at com.google.common.p.a.bk.run(SourceFile:3)
11-03 09:38:48.691000  3205  3372 W A       : 	at com.google.common.p.a.ci.run(Unknown Source:4)
11-03 09:38:48.691000  3205  3372 W A       : 	at com.google.apps.tiktok.concurrent.ab.run(SourceFile:1)
11-03 09:38:48.691000  3205  3372 W A       : 	at java.util.concurrent.ThreadPoolExecutor.runWorker(ThreadPoolExecutor.java:1167)
11-03 09:38:48.691000  3205  3372 W A       : 	at java.util.concurrent.ThreadPoolExecutor$Worker.run(ThreadPoolExecutor.java:641)
11-03 09:38:48.691000  3205  3372 W A       : 	at com.google.apps.tiktok.concurrent.c.run(Unknown Source:4)
11-03 09:38:48.691000  3205  3372 W A       : 	at java.lang.Thread.run(Thread.java:764)
--------- switch to system
11-03 09:38:48.692131  1686  1702 W BroadcastQueue: Background execution not allowed: receiving Intent { act=android.intent.action.USER_PRESENT flg=0x10 } to com.google.android.gms/.chimera.GmsIntentOperationService$PersistentTrustedReceiver
11-03 09:38:48.714452  1686  1686 V DreamService[AmbientDream]: wakeUp(): fromSystem=true, mWaking=false, mFinished=false
11-03 09:38:48.714928  1686  1686 V DreamService[AmbientDream]: finish(): mFinished=false
11-03 09:38:48.715053  1686  1686 I DreamManagerService: Leaving dreamland.
11-03 09:38:48.715785  1686  1708 I DreamManagerService: Performing gentle wake from dream.
11-03 09:38:48.716058  1686  1708 I DreamController: Stopping dream: name=ComponentInfo{com.google.android.wearable.ambient/com.google.android.wearable.ambient.AmbientDream}, isTest=false, canDoze=true, userId=0
--------- switch to main
11-03 09:38:48.717629  1686  1799 E WifiStateMachine: getWifiLinkLayerStats called without an interface
--------- switch to system
11-03 09:38:48.720544  1686  1686 V DreamService[AmbientDream]: detach(): Calling onDreamingStopped()
--------- switch to main
11-03 09:38:48.720814  1686  1686 I AmbientService: [ce6a28c] doOnDreamingStopped
11-03 09:38:48.720939  1686  1686 D WristGestureCtrl: Starting: GesturesEnabled-false UngazeEnabled-true
11-03 09:38:48.721002  1686  1686 D DefaultUngazeDetector: starting
11-03 09:38:48.721080  1686  1686 D DefaultUngazeDetector: startUngazeStateEstimation(). startTime = 60208151
11-03 09:38:48.721291  1686  1686 W AlarmManagerProxy: Removing unknown listener
11-03 09:38:48.722901   512   512 I sensors-hal: batch:140, android.sensor.accelerometer/48, period=19231000, max_latency=100000000
11-03 09:38:48.725107   512 11401 I sensors-hal: handle_indication_realtime:355,  SCHED_FIFO(10) for qmi_cbk
11-03 09:38:48.726602   512   512 I sensors-hal: batch:149, android.sensor.accelerometer/48, period=19231000, max_latency=100000000 request completed
11-03 09:38:48.726550  1686  1686 I AmbientService: [ce6a28c] No auto-resume Activity.
11-03 09:38:48.727275   512   512 I sensors-hal: flush:169, android.sensor.accelerometer/48
11-03 09:38:48.731953  2520  2520 D HOME    : [HomeVisitsLogger]Logging streamlet event: visit_start
11-03 09:38:48.732361  2520  2520 D HOME    : [HomeVisitsLogger]Logging streamlet event: exit_ambient_mode
11-03 09:38:48.732881  2520  2520 D HOME    : [HotwordController]updateClient MODE_WATCH_FACE false false false true
11-03 09:38:48.733322  2520  2520 D HOME    : [AmbientUpdateScheduler]Unscheduling task 0
11-03 09:38:48.733924   512   512 I sensors-hal: flush:175, android.sensor.accelerometer/48 completed
11-03 09:38:48.739108  2520  2520 D HOME    : [WatchFaceUiController]setInAmbientMode false
11-03 09:38:48.739374  2520  2520 D HOME    : [WatchFaceUiController]sendWatchFaceServiceBinder
11-03 09:38:48.748709  2520  2520 D HOME    : [WatchFaceUiController]sendStateToWallpaper
--------- switch to system
11-03 09:38:48.748785  1686  1686 W ContextImpl: Calling a method in the system process without a qualified user: android.app.ContextImpl.sendBroadcast:1020 android.content.ContextWrapper.sendBroadcast:449 com.google.android.wearable.ambient.AmbientDream.onDestroy:273 android.app.ActivityThread.handleStopService:3698 android.app.ActivityThread.access$1700:200 
--------- switch to main
11-03 09:38:48.749727  1686  1686 E AlarmManager: cancel() called with a null PendingIntent
--------- switch to system
11-03 09:38:48.750370  1686  1686 V DreamService[AmbientDream]: onDestroy()
--------- switch to main
11-03 09:38:48.756270  2520  2520 D HOME    : [WatchFaceUiController]Showing watch face wallpaper.
11-03 09:38:48.756511  2520  2520 D HOME    : [WatchFaceUiController]sendStateToWallpaper
11-03 09:38:48.757429  1686  1686 W AlarmManager: Unrecognized alarm listener com.android.server.job.controllers.-$$Lambda$IdleController$IdlenessTracker$nTdS-lGBXcES5VWKcJFmQFgU7IU@1ab437a
11-03 09:38:48.759357  2520  2520 D HOME    : [StreamDBQueue]Promised revision #3525 to queue a new op
11-03 09:38:48.759575  2520  2520 D WatchStreamManager: Promised rank-blocked=true @ r#3525
11-03 09:38:48.759969  2520  2520 D HOME    : [StreamDBQueue]Promised revision #3526 to queue a new op
11-03 09:38:48.760090  2520  2520 D WatchStreamManager: Promised rank-blocked=true @ r#3526
11-03 09:38:48.760506  2520  2520 D HOME    : [TilesController]Tile refresh optimization is enabled.
11-03 09:38:48.760810  2520  2520 D HOME    : [EventBus]Wrapper pool is full. Discarding excess wrapper instance for event com.google.android.clockwork.sysui.events.KeyguardStateEvent
11-03 09:38:48.760914  2520  2520 D HOME    : [WatchFaceUiController]sendStateToWallpaper
11-03 09:38:48.762591  2520  2520 D HOME    : [EventBus]Wrapper pool is full. Discarding excess wrapper instance for event com.google.android.clockwork.sysui.events.KeyguardStateEvent
11-03 09:38:48.768090  2520  2520 D HOME    : [EventBus]Wrapper pool is full. Discarding excess wrapper instance for event com.google.android.clockwork.sysui.events.KeyguardStateEvent
11-03 09:38:48.772494  2520  2520 D HOME    : [WatchFaceUiController]sendStateToWallpaper
11-03 09:38:48.776140  2520  2520 W StaticLayout: maxLineHeight should not be -1.  maxLines:1 lineCount:1
11-03 09:38:48.779651  2520 10295 D HOME    : [WatchStreamDB]Item alerting conditions - isInterruptive: false, recentlyInterrupted: false, isItemPinned: false, isUnread: false
11-03 09:38:48.800123  2520 10295 D HOME    : [StreamAlertingRegulator]isTheaterModeEnabled: false, isAlertingAllowedByOffBody: true, matchesLocalInterruptionFilter: true
11-03 09:38:48.800517  2520 10295 D HOME    : [WatchStreamDB]couldItemAlert: false, isTopItemChanged: false, isDeferralForTopItem: false
11-03 09:38:48.806445  1686  1686 I WearPower: [WearTouchMediator] changing touch input to enabled (ON_AUTO)
11-03 09:38:48.806449  2520 10295 D HOME    : [WatchStreamDB]Item alerting conditions - isInterruptive: false, recentlyInterrupted: false, isItemPinned: false, isUnread: false
11-03 09:38:48.810554  2520 10295 D HOME    : [StreamAlertingRegulator]isTheaterModeEnabled: false, isAlertingAllowedByOffBody: true, matchesLocalInterruptionFilter: true
11-03 09:38:48.808968  1686  1759 I InputReader: Reconfiguring input devices.  changes=0x00000200
11-03 09:38:48.810983  2520 10295 D HOME    : [WatchStreamDB]couldItemAlert: false, isTopItemChanged: false, isDeferralForTopItem: false
11-03 09:38:48.822086  2520  2520 D HOME    : [WatchFaceUiController]sendWatchFaceServiceBinder
--------- switch to kernel
11-03 09:38:48.717393     0     0 I init    : processing action (ro.enable_core_ctl=true && sys.cw_corectl_mode=perf) from (/vendor/etc/init/hw/init.qcom.rc:954)
11-03 09:38:48.719011     0     0 I CPU2    : update cpu_capacity 1024
--------- switch to main
11-03 09:38:48.826788  2520  2520 D HOME    : [WatchFaceUiController]sendProperties
11-03 09:38:48.827691  1686  1686 W AlarmManagerProxy: Removing unknown listener
11-03 09:38:48.829159  1686  1686 W DefaultSettingsContentR: Value for ambient_low_bit_enabled not stored as number. Attempting parse as boolean.
11-03 09:38:48.834005  2520  2520 D HOME    : [WatchFaceUiController]sendStateToWallpaper
11-03 09:38:48.841799  3205  3434 W WorkController: Loading failed for worker [trainingcache]: worker not found
11-03 09:38:48.845443  3205  3294 W A       : TrainingCache cache SCREEN_ON failure
11-03 09:38:48.845443  3205  3294 W A       : com.google.android.apps.gsa.search.core.service.h.a.a: No worker found for Worker ID [trainingcache].
11-03 09:38:48.845443  3205  3294 W A       : 	at com.google.android.apps.gsa.search.core.service.g.a.c.a(Unknown Source:5)
11-03 09:38:48.845443  3205  3294 W A       : 	at com.google.android.libraries.gsa.c.a.d.a(Unknown Source:3)
11-03 09:38:48.845443  3205  3294 W A       : 	at com.google.common.p.a.cg.c(Unknown Source:2)
11-03 09:38:48.845443  3205  3294 W A       : 	at com.google.common.p.a.bk.run(SourceFile:3)
11-03 09:38:48.845443  3205  3294 W A       : 	at com.google.common.p.a.ci.run(Unknown Source:4)
11-03 09:38:48.845443  3205  3294 W A       : 	at com.google.apps.tiktok.concurrent.ab.run(SourceFile:1)
11-03 09:38:48.845443  3205  3294 W A       : 	at java.util.concurrent.ThreadPoolExecutor.runWorker(ThreadPoolExecutor.java:1167)
11-03 09:38:48.845443  3205  3294 W A       : 	at java.util.concurrent.ThreadPoolExecutor$Worker.run(ThreadPoolExecutor.java:641)
11-03 09:38:48.845443  3205  3294 W A       : 	at com.google.apps.tiktok.concurrent.c.run(Unknown Source:4)
11-03 09:38:48.845443  3205  3294 W A       : 	at java.lang.Thread.run(Thread.java:764)
--------- switch to kernel
11-03 09:38:48.743045     0     0 I CPU1    : update max cpu_capacity 748
11-03 09:38:48.752191     0     0 I CPU3    : update max cpu_capacity 1024
--------- switch to main
11-03 09:38:48.871942  2520  2520 D HOME    : [StreamDBQueue]Promised revision #3527 to queue a new op
11-03 09:38:48.872300  2520  2520 D WatchStreamManager: Promised rank-blocked=true @ r#3527
11-03 09:38:48.874146  2520 11200 D HOME    : [WatchStreamDB]Item alerting conditions - isInterruptive: false, recentlyInterrupted: false, isItemPinned: false, isUnread: false
11-03 09:38:48.874861  2520 11200 D HOME    : [StreamAlertingRegulator]isTheaterModeEnabled: false, isAlertingAllowedByOffBody: true, matchesLocalInterruptionFilter: true
11-03 09:38:48.875052  2520  2714 D HOME    : [TickMonitor]Received time tick
11-03 09:38:48.875125  2520 11200 D HOME    : [WatchStreamDB]couldItemAlert: false, isTopItemChanged: false, isDeferralForTopItem: false
11-03 09:38:48.875235  2520  2714 D HOME    : [TickMonitor]handleTimeTick() finished
11-03 09:38:49.145175   512   512 I sensors-hal: activate:107, android.sensor.light/46 en=0
11-03 09:38:49.146454   512   512 I sensors-hal: activate:118, android.sensor.light/46 en=0 completed
11-03 09:38:49.148672   512  1749 I sensors-hal: batch:140, android.sensor.light/46, period=250000000, max_latency=0
11-03 09:38:49.148737   512  1749 I sensors-hal: batch:149, android.sensor.light/46, period=250000000, max_latency=0 request completed
11-03 09:38:49.149057   512   512 I sensors-hal: activate:107, android.sensor.light/46 en=1
11-03 09:38:49.149360   512   512 I sensors-hal: ssc_enable_rt_task:254, ssc_enable_rt_task : true
11-03 09:38:49.153392   512   512 I sensors-hal: activate:118, android.sensor.light/46 en=1 completed
--------- switch to system
11-03 09:38:49.164704  1686  1686 V SettingsProvider: Notifying for 0: content://settings/system/screen_brightness
--------- switch to main
11-03 09:38:49.165897  1686  1686 I SidekickService: loadBrightnessLocked()
11-03 09:38:49.166484  1686  1686 D SidekickService: screenBrightness  = 89
11-03 09:38:49.166976  1686  1686 D SidekickService: sendConfigValuesLocked(): alsThresholds = [40, 92, 95, 100, 125, 150, 175, 200, 225, 250, 300, 400, 500, 800, 1200], brightnessValuesBright = [50, 56, 60, 70, 80, 90, 100, 115, 120, 140, 160, 180, 200, 220, 240, 255], brightnessValuesDim= [50, 56, 60, 70, 80, 90, 100, 115, 120, 140, 160, 180, 200, 220, 240, 255]
11-03 09:38:49.187013  1686  1686 D SidekickService: setAlsMode(): mode = 2, brightenAlpha = 80, dimmingAlpha = 80
11-03 09:38:49.198000  1686  1686 D SidekickService: setTwmConfig():: msTiltToBright = 10000, tiltToBright = false
11-03 09:38:49.266315   512 11411 I sensors-hal: handle_indication_realtime:355,  SCHED_FIFO(10) for qmi_cbk
11-03 09:38:49.563826   512   512 I sensors-hal: batch:140, android.sensor.accelerometer/48, period=66667000, max_latency=100000000
11-03 09:38:49.566441   512   512 I sensors-hal: batch:149, android.sensor.accelerometer/48, period=66667000, max_latency=100000000 request completed
11-03 09:38:49.567214  1686  1686 D DefaultUngazeDetector: Ungaze event occurred; emitting gesture event!
11-03 09:38:49.567335  1686  1686 D WristGestureCtrl: Gesture:GESTURE UNGAZE, timestamp(ms): 60208151, confidence: 0.0, latency(ms): 0, duration(ms): 846
11-03 09:38:49.568514   512   512 I sensors-hal: batch:140, android.sensor.accelerometer/48, period=19231000, max_latency=100000000
11-03 09:38:49.570166   512   512 I sensors-hal: batch:149, android.sensor.accelerometer/48, period=19231000, max_latency=100000000 request completed
--------- switch to system
11-03 09:38:49.570215  1686  1686 I WindowManager: sleepRelease() calling goToSleep(GO_TO_SLEEP_REASON_SLEEP_BUTTON)
11-03 09:38:49.570418  1686  1686 I PowerManagerService: Going to sleep due to sleep button (uid 1000)...
--------- switch to main
11-03 09:38:49.570552   512   512 I sensors-hal: flush:169, android.sensor.accelerometer/48
11-03 09:38:49.571643   512   512 I sensors-hal: flush:175, android.sensor.accelerometer/48 completed
--------- switch to system
11-03 09:38:49.572929  1686  1712 I DreamManagerService: Entering dreamland.
11-03 09:38:49.573367  1686  1686 W UsageStatsService: Event reported without a package name
11-03 09:38:49.573562  1686  1712 I PowerManagerService: Dozing...
11-03 09:38:49.590192  1686  1708 I DreamController: Starting dream: name=ComponentInfo{com.google.android.wearable.ambient/com.google.android.wearable.ambient.AmbientDream}, isTest=false, canDoze=true, userId=0
11-03 09:38:49.604994  1686  1686 W ContextImpl: Calling a method in the system process without a qualified user: android.app.ContextImpl.bindService:1611 android.content.ContextWrapper.bindService:698 com.google.android.wearable.ambient.AmbientDream.onCreate:191 android.app.ActivityThread.handleCreateService:3533 android.app.ActivityThread.access$1300:200 
11-03 09:38:49.608075  1686  1686 W ContextImpl: Calling a method in the system process without a qualified user: android.app.ContextImpl.sendBroadcast:1005 android.content.ContextWrapper.sendBroadcast:444 com.google.android.wearable.ambient.AmbientDream.onCreate:241 android.app.ActivityThread.handleCreateService:3533 android.app.ActivityThread.access$1300:200 
11-03 09:38:49.608735  1686  1686 V DreamService[AmbientDream]: onBind() intent = Intent { act=android.service.dreams.DreamService flg=0x800000 cmp=com.google.android.wearable.ambient/.AmbientDream }
--------- switch to main
11-03 09:38:49.610305  1686  1686 I AmbientService: [ce6a28c] Ambient Created
--------- switch to system
11-03 09:38:49.610963  1686  1686 V DreamService[AmbientDream]: Calling onDreamingStarted()
--------- switch to main
11-03 09:38:49.611068  1686  1686 I AmbientService: [ce6a28c] doOnDreamingStarted
11-03 09:38:49.611482  1686  1686 D SidekickService: setShouldControlDisplay called: true
11-03 09:38:49.612390  1686  1686 I AmbientService: [ce6a28c] Selected running activity for ambient mode: AmbientActivity[component=ComponentInfo{com.google.android.wearable.app/com.google.android.clockwork.home2.activity.HomeActivity2}, callbacks=@210b385, running=true, ambientRequested=true, ambientEnabled=true, offloadEnabled=true]
11-03 09:38:49.612891  1686  1686 I AmbientService: [ce6a28c] Sidekick is ready to display, requesting doze.
11-03 09:38:49.613496  1686  1686 I AmbientService: [ce6a28c] No auto-resume Activity.
11-03 09:38:49.615344  1686  1686 W DefaultSettingsContentR: Value for ambient_low_bit_enabled not stored as number. Attempting parse as boolean.
11-03 09:38:49.616662  2520  2520 D HOME    : [HomeVisitsLogger]Logging streamlet event: enter_ambient_mode
11-03 09:38:49.617340  2520  2520 D HOME    : [HotwordController]updateClient MODE_WATCH_FACE false true false true
11-03 09:38:49.617396  2520 10603 D HOME    : [HomeVisitsLogger]Logging streamlet event: visit_end
11-03 09:38:49.618418  2520  2520 D HOME    : [WatchFaceUiController]setInAmbientMode true
11-03 09:38:49.619271  2520 10603 I SidekickManager: replaceWatchFaceComponentsImpl(): watchFace = com.google.android.clockwork.decomposablewatchface.WatchFaceDecomposition@7a75f66
11-03 09:38:49.620095  2520  2520 D HOME    : [StreamDBQueue]Promised revision #3528 to queue a new op
11-03 09:38:49.620321  2520  2520 D WatchStreamManager: Promised rank-blocked=false @ r#3528
11-03 09:38:49.620731  2520  2520 D HOME    : [StreamDBQueue]Promised revision #3529 to queue a new op
11-03 09:38:49.620862  2520  2520 D WatchStreamManager: Promised rank-blocked=false @ r#3529
11-03 09:38:49.621056  1686 10916 D SidekickService: sendWatchFaceComponents called: watchFace = com.google.android.clockwork.decomposablewatchface.WatchFaceDecomposition@f1bc22shouldReplace = false
11-03 09:38:49.621313  1686 10916 D SidekickService: Check decomposition for calling app com.google.android.wearable.app with uid 10049
11-03 09:38:49.621661  2520  2520 D HOME    : [EventBus]Wrapper pool is full. Discarding excess wrapper instance for event com.google.android.clockwork.sysui.events.KeyguardStateEvent
11-03 09:38:49.621972  2520  2520 D HOME    : [WatchFaceUiController]sendStateToWallpaper
11-03 09:38:49.622407  2520 10295 D HOME    : [WatchStreamDB]Item alerting conditions - isInterruptive: false, recentlyInterrupted: false, isItemPinned: false, isUnread: false
11-03 09:38:49.624450  2520  2520 D HOME    : [EventBus]Wrapper pool is full. Discarding excess wrapper instance for event com.google.android.clockwork.sysui.events.KeyguardStateEvent
11-03 09:38:49.625013  2520  2520 D HOME    : [EventBus]Wrapper pool is full. Discarding excess wrapper instance for event com.google.android.clockwork.sysui.events.KeyguardStateEvent
11-03 09:38:49.626109  1686 10916 D SidekickService: sendWatchFaceLocked(): shouldReplace = false, mSidekickIsControlling = false, 1 images, 0 fonts, 0 numbers, 0 proportionalFonts, 0 strings
11-03 09:38:49.626227  1686 10916 D SidekickService: ISidekickGraphics#beginResources()...
11-03 09:38:49.626485  2520 10295 D HOME    : [StreamAlertingRegulator]isTheaterModeEnabled: false, isAlertingAllowedByOffBody: true, matchesLocalInterruptionFilter: true
11-03 09:38:49.626855  2520 10295 D HOME    : [WatchStreamDB]couldItemAlert: false, isTopItemChanged: false, isDeferralForTopItem: false
11-03 09:38:49.627795  1686 10916 D SidekickServiceUtils: bitmapFromDrawable: Returning bitmap directly
11-03 09:38:49.628471  2520 10295 D HOME    : [WatchStreamDB]Item alerting conditions - isInterruptive: false, recentlyInterrupted: false, isItemPinned: false, isUnread: false
11-03 09:38:49.628978  2520 10295 D HOME    : [StreamAlertingRegulator]isTheaterModeEnabled: false, isAlertingAllowedByOffBody: true, matchesLocalInterruptionFilter: true
11-03 09:38:49.629356  2520 10295 D HOME    : [WatchStreamDB]couldItemAlert: false, isTopItemChanged: false, isDeferralForTopItem: false
11-03 09:38:49.629613  1686 10916 D SidekickService: sendBitmapsLocked(): bounds = RectF(0.0, 0.0, 0.0024038462, 0.0024038462), drawableInfo = {.id = 100000, .width = 1, .height = 1, .display = true, .offsetX = 0.0, .offsetY = 0.0, .rotationInfo = {.hasRotation = false, .pivotX = 0.0, .pivotY = 0.0, .degreesPerDay = 0.0, .degreesPerStep = 0.0, .zeroDegreesTime = {.daysSinceLocalEpoch = 0, .msSinceMidnight = 0}}, .transformInfo = {.transformed = false, .flipX = false, .flipY = false, .flip45 = false, .scaleX = 0.0, .scaleY = 0.0}, .type = GENERIC, .blink = {.blinking = false, .periodOnMs = 0.0, .periodOffMs = 0.0, .startTime = {.daysSinceLocalEpoch = 0, .msSinceMidnight = 0}}, .zOrder = 8, .displayInTwm = true}, image.size() = 84
11-03 09:38:49.630680   416  2389 D SKGHAL  : saveResource: resId = 100000
11-03 09:38:49.631298  1686 10916 D SidekickService: sendBitmapsLocked(): status = 0, bytesUsed = 18
11-03 09:38:49.631516  1686 10916 D SidekickService: ISidekickGraphics#endResources()...
11-03 09:38:49.632334  2520 10449 D HOME    : [StreamDBQueue]Promised revision #3530 to queue a new op
11-03 09:38:49.638089  2520 10449 D WatchStreamManager: Promised rerank @ r#3530
11-03 09:38:49.638190  2520 10295 D HOME    : [WatchStreamDB]updateRanking()
11-03 09:38:49.638748  2520 10295 D HOME    : [WatchStreamDB]Item alerting conditions - isInterruptive: false, recentlyInterrupted: false, isItemPinned: false, isUnread: false
11-03 09:38:49.639077  2520 10295 D HOME    : [StreamAlertingRegulator]isTheaterModeEnabled: false, isAlertingAllowedByOffBody: true, matchesLocalInterruptionFilter: true
11-03 09:38:49.639294  2520 10295 D HOME    : [WatchStreamDB]couldItemAlert: false, isTopItemChanged: false, isDeferralForTopItem: false
11-03 09:38:49.639831  2520 10295 D HOME    : [NewStreamAdapter]Publishing revision #3530 to adapter clients
11-03 09:38:49.640378  2520 10449 D HOME    : [StreamDBQueue]Promised revision #3531 to queue a new op
11-03 09:38:49.640639  2520 10449 D WatchStreamManager: Promised rerank @ r#3531
11-03 09:38:49.641048  2520 11412 D HOME    : [WatchStreamDB]updateRanking()
11-03 09:38:49.641590  2520 11412 D HOME    : [WatchStreamDB]Item alerting conditions - isInterruptive: false, recentlyInterrupted: false, isItemPinned: false, isUnread: false
11-03 09:38:49.641914  2520 11412 D HOME    : [StreamAlertingRegulator]isTheaterModeEnabled: false, isAlertingAllowedByOffBody: true, matchesLocalInterruptionFilter: true
11-03 09:38:49.642177  2520 11412 D HOME    : [WatchStreamDB]couldItemAlert: false, isTopItemChanged: false, isDeferralForTopItem: false
11-03 09:38:49.643121  2520 11412 D HOME    : [NewStreamAdapter]Publishing revision #3531 to adapter clients
11-03 09:38:49.896090   416  2389 D SKGHAL  : sendResources: metadata size = 2400, font size = 72
11-03 09:38:49.953449   416  2389 D SKGHAL  : endResources: rc = 0
11-03 09:38:49.955298  1686  1686 W system_server: Long monitor contention with owner Binder:1686_1F (10916) at int com.google.android.clockwork.sidekick.SidekickService$BinderService.sendWatchFace(com.google.android.clockwork.decomposablewatchface.WatchFaceDecomposition, boolean)(SidekickService.java:1021) waiters=0 in boolean com.google.android.clockwork.sidekick.SidekickService$BinderService.readyToDisplay() for 334ms
11-03 09:38:49.955949  1686  1686 I AmbientService: [ce6a28c] Showing watch face in offload mode, canceling alarm.
11-03 09:38:49.956051  1686  1686 W AlarmManagerProxy: Removing unknown listener
11-03 09:38:49.956807  1686  1698 W system_server: Long monitor contention with owner main (1686) at void com.google.android.wearable.ambient.AmbientService.doOnDreamingStarted()(AmbientService.java:659) waiters=0 in void com.google.android.wearable.ambient.AmbientService.maybeSendDozeCommand() for 329ms
11-03 09:38:49.957715  1686  1686 D WristGestureCtrl: Stopping detectors: GesturesEnabled-false gestureDetector-false ungazeEnabled-true ungaze-true
11-03 09:38:49.957830  1686  1686 D DefaultUngazeDetector: stopping
--------- switch to system
11-03 09:38:49.958599  1686  1686 W Looper  : Slow dispatch took 347ms main h=android.os.Handler c=android.service.dreams.DreamService$1@28ba6b3 m=0
11-03 09:38:49.961240  1686  1686 W Looper  : Slow delivery took 349ms main h=android.app.ActivityThread$H c=android.app.-$$Lambda$LoadedApk$ReceiverDispatcher$Args$_BumDX2UKsnxLVrE6UJsJZkotuA@3b2b470 m=0
--------- switch to main
11-03 09:38:49.964254   512   512 I sensors-hal: batch:140, android.sensor.accelerometer/48, period=66667000, max_latency=100000000
--------- switch to system
11-03 09:38:49.965571  1686  1686 W Looper  : Drained
--------- switch to main
11-03 09:38:49.965970  2520  2520 W StaticLayout: maxLineHeight should not be -1.  maxLines:1 lineCount:1
11-03 09:38:49.975703   512   512 I sensors-hal: batch:149, android.sensor.accelerometer/48, period=66667000, max_latency=100000000 request completed
--------- switch to kernel
11-03 09:38:49.874801     0     0 E FG      : fg_psy_get_property: unsupported property 7
11-03 09:38:49.878114     0     0 W healthd : battery l=21 v=3698 t=29.0 h=2 st=3 c=144 fc=443000 cc=0 chg=
--------- switch to main
11-03 09:38:49.993848  2520  2520 D HOME    : [SidekickManagerAsync]replaceWatchFaceComponents(): Callback#onResult(): 0
11-03 09:38:49.993914   512   512 I sensors-hal: activate:107, android.sensor.light/46 en=0
11-03 09:38:49.994248  2520  2520 D HOME    : [WatchFaceUiController]Complication updates sent, posting watch face hiding
11-03 09:38:49.994321  2520  2520 D HOME    : [WatchFaceUiController]Still in ambient watch face, hiding
11-03 09:38:49.994375  2520  2520 D HOME    : [WatchFaceUiController]Hiding watch face wallpaper.
11-03 09:38:49.994818   512   512 I sensors-hal: activate:118, android.sensor.light/46 en=0 completed
11-03 09:38:49.997688   545   545 D SurfaceFlinger: Set power mode=3, type=0 flinger=0xb6bb6000
11-03 09:38:49.998341   504   764 I SDM     : DisplayBase::SetDisplayState: Set state = 3, display 0
--------- switch to system
11-03 09:38:50.000416  1686  1710 I DisplayManagerService: Display device changed state: "Écran intégré", DOZE_SUSPEND
--------- switch to main
11-03 09:38:49.999226  1956  1956 D QtiCarrierConfigHelper: WARNING, no carrier configs on phone Id: 0
11-03 09:38:50.006508  2520  2520 D HOME    : [BatteryChange]action: android.intent.action.BATTERY_CHANGED
11-03 09:38:50.007023  2520 10603 D HOME    : [BatteryChange]HandleBatteryChangedTask
11-03 09:38:50.007408  2520 10603 D HOME    : [BatteryChange]level: 21, status: 3
--------- switch to kernel
11-03 09:38:49.896746     0     0 I mdss_dsi_panel_set_idle_mode: Idle (0->1)
11-03 09:38:49.944125     0     0 I         : [touch]FB_BLANK_VSYNC_SUSPEND
--------- switch to main
11-03 09:38:50.019150  1686  1759 I InputReader: Reconfiguring input devices.  changes=0x00000004
--------- switch to kernel
11-03 09:38:49.944131     0     0 I         : [touch]irq disable
--------- switch to main
11-03 09:38:50.048409   545   545 D SurfaceFlinger: Finished set power mode=3, type=0
--------- switch to kernel
11-03 09:38:49.944135     0     0 I         : [touch]workqueue is empty!
--------- switch to main
11-03 09:38:50.050170  1686  1823 I SidekickService: beginDisplayLocked(): DOZE_SUSPEND
--------- switch to kernel
11-03 09:38:49.944138     0     0 I         : [touch]raydium_ts_do_suspend.
--------- switch to main
11-03 09:38:50.050735   416  2389 D SKGHAL  : sendAmbientPrepare: enter:
--------- switch to kernel
11-03 09:38:49.944146     0     0 I         : [touch]Device may wakeup
11-03 09:38:49.946330     0     0 I         : [touch]irq enable
--------- switch to main
11-03 09:38:50.189349   416  2389 D SKGHAL  : sendAmbientEvent: enter: enable = 1
11-03 09:38:50.190621   504   523 I SDM     : DisplayBase::SetDisplayState: Set state = 4, display 0
11-03 09:38:50.190758   504   523 D SDM     : HWCDisplayPrimary::SetStandByMode: Null display is connected successfully
11-03 09:38:50.190961   416  2389 D SKGHAL  : standBy_update_control call succeed on 1
11-03 09:38:50.204237   416  2389 D SKGHAL  : sendAmbientEvent: done: enable = 1
11-03 09:38:50.204973  1686  1823 D SidekickService:    ... beginDisplay result: 0 for halPower: 1
11-03 09:38:50.208950   512   512 I sensors-hal: activate:107, android.sensor.accelerometer/48 en=0
11-03 09:38:50.210834   512   512 I sensors-hal: activate:118, android.sensor.accelerometer/48 en=0 completed
--------- switch to kernel
11-03 09:38:50.112701     0     0 E bgrsb   : bgrsb_enable: gpio 32 is valid
--------- switch to main
11-03 09:38:50.219038  1686  1799 E WifiStateMachine: getWifiLinkLayerStats called without an interface
11-03 09:38:50.248494  1686  1686 I WearPower: [WearTouchMediator] changing touch input to enabled (ON_AUTO)
11-03 09:38:50.250756  1686  1759 I InputReader: Reconfiguring input devices.  changes=0x00000200
--------- switch to kernel
11-03 09:38:50.152409     0     0 I init    : processing action (ro.enable_core_ctl=true && sys.cw_corectl_mode=idle) from (/vendor/etc/init/hw/init.qcom.rc:949)
--------- switch to main
11-03 09:38:50.264368  1686  1686 I AmbientService: [ce6a28c] Timeout alarm not required, auto-resume timeout handled by dream.
11-03 09:38:50.284030  3205  3434 W WorkController: Loading failed for worker [trainingcache]: worker not found
11-03 09:38:50.287390  3205  3372 W A       : TrainingCache cache SCREEN_OFF failure
11-03 09:38:50.287390  3205  3372 W A       : com.google.android.apps.gsa.search.core.service.h.a.a: No worker found for Worker ID [trainingcache].
11-03 09:38:50.287390  3205  3372 W A       : 	at com.google.android.apps.gsa.search.core.service.g.a.c.a(Unknown Source:5)
