11-03 09:43:41.407638     0     0 I CPU1    : shutdown
11-03 09:43:41.409919     0     0 I suspend ns: 3219863300033	suspend cycles:    1161767892145
11-03 09:43:41.409896     0     0 I CPU0    : msm_cpu_pm_enter_sleep mode:3 during suspend
11-03 09:43:41.409896     0     0 I         : Suspended for 4.706 seconds
11-03 09:43:41.409896     0     0 I resume cycles: 1161858262510
11-03 09:43:41.410498     0     0 I         : Enabling non-boot CPUs ...
11-03 09:43:41.411355     0     0 I CPU1    : update cpu_capacity 1024
11-03 09:43:41.413096     0     0 I         : CPU1 is up
11-03 09:43:41.413990     0     0 I CPU1    : update max cpu_capacity 748
11-03 09:43:41.417131     0     0 I PM      : noirq resume of devices complete after 3.664 msecs
11-03 09:43:41.422674     0     0 I PM      : early resume of devices complete after 4.017 msecs
11-03 09:43:41.456270     0     0 I bgcom   : bgcom_pm_resume: Bgcom resumed with : 0
11-03 09:43:41.466736     0     0 I mdss_dsi_panel_set_idle_mode: Idle (1->1)
11-03 09:43:41.509247     0     0 I PM      : resume of devices complete after 86.521 msecs
11-03 09:43:41.513824     0     0 I         : Restarting tasks ...
11-03 09:43:41.516799     0     0 W QSEECOM : qseecom_receive_req: Interrupted: exiting Listener Service = 11
11-03 09:43:41.516897     0     0 W QSEECOM : qseecom_receive_req: Interrupted: exiting Listener Service = 10
11-03 09:43:41.516947     0     0 W QSEECOM : qseecom_receive_req: Interrupted: exiting Listener Service = 28672
11-03 09:43:41.524556     0     0 W QSEECOM : qseecom_receive_req: Interrupted: exiting Listener Service = 8192
11-03 09:43:41.524660     0     0 W QSEECOM : qseecom_receive_req: Interrupted: exiting Listener Service = 12288
--------- switch to system
11-03 09:43:46.231937  1686  1686 I PowerManagerService: Waking up from dozing (uid=1000 reason=tiltToWake)...
11-03 09:43:46.259508  1686  1686 W UsageStatsService: Event reported without a package name
--------- switch to kernel
11-03 09:43:41.538956     0     0 I         : done.
11-03 09:43:46.247023     0     0 I PM      : suspend exit 2021-11-03 08:43:46.247023183 UTC
11-03 09:43:46.258279     0     0 E FG      : fg_psy_get_property: unsupported property 7
11-03 09:43:46.159381     0     0 W healthd : battery l=20 v=3758 t=28.0 h=2 st=3 c=4 fc=443000 cc=0 chg=
--------- switch to main
11-03 09:43:46.279303   512  1749 I sensors-hal: batch:140, android.sensor.light/46, period=100000000, max_latency=0
11-03 09:43:46.279469   512  1749 I sensors-hal: batch:149, android.sensor.light/46, period=100000000, max_latency=0 request completed
11-03 09:43:46.281551   512  1749 I sensors-hal: activate:107, android.sensor.light/46 en=1
11-03 09:43:46.282029   512  1749 I sensors-hal: ssc_enable_rt_task:254, ssc_enable_rt_task : true
11-03 09:43:46.288108   512  1749 I sensors-hal: activate:118, android.sensor.light/46 en=1 completed
11-03 09:43:46.290353  1686  1823 I SidekickService: endDisplayLocked()
--------- switch to system
11-03 09:43:46.290975  1686  1710 I DisplayManagerService: Display device changed state: "Écran intégré", ON
--------- switch to main
11-03 09:43:46.291736   416   416 D SKGHAL  : sendAmbientEvent: enter: enable = 0
11-03 09:43:46.307082   512  1749 I sensors-hal: batch:140, android.sensor.accelerometer/48, period=66667000, max_latency=100000000
11-03 09:43:46.307283   512  1749 I sensors-hal: batch:149, android.sensor.accelerometer/48, period=66667000, max_latency=100000000 request completed
11-03 09:43:46.308065   512  1749 I sensors-hal: activate:107, android.sensor.accelerometer/48 en=1
11-03 09:43:46.308750   512  1749 I sensors-hal: ssc_enable_rt_task:254, ssc_enable_rt_task : true
11-03 09:43:46.311358  4243  4243 D OMService: onDisplayChanged: not dozing
11-03 09:43:46.322802   512  1749 I sensors-hal: activate:118, android.sensor.accelerometer/48 en=1 completed
11-03 09:43:46.334619  1686  1799 E WifiStateMachine: getWifiLinkLayerStats called without an interface
--------- switch to kernel
11-03 09:43:46.237508     0     0 E bgrsb   : bgrsb_enable: rsb will set report rate
--------- switch to main
11-03 09:43:46.341287  2520  2520 D HOME    : [BatteryChange]action: android.intent.action.BATTERY_CHANGED
11-03 09:43:46.342358  2520 10603 D HOME    : [BatteryChange]HandleBatteryChangedTask
--------- switch to kernel
11-03 09:43:46.249219     0     0 E bgrsb   : bgrsb_enable: gpio 32 is valid
--------- switch to main
11-03 09:43:46.344426  2520 10603 D HOME    : [BatteryChange]level: 20, status: 3
11-03 09:43:46.345356  1686  1759 I InputReader: Reconfiguring input devices.  changes=0x00000004
11-03 09:43:46.355339  1956  1956 D QtiCarrierConfigHelper: WARNING, no carrier configs on phone Id: 0
--------- switch to kernel
11-03 09:43:46.279301     0     0 I         : [touch]FB_BLANK_VSYNC_SUSPEND
11-03 09:43:46.279309     0     0 I         : [touch]Already in suspend state
11-03 09:43:46.295710     0     0 I mdss_dsi_panel_set_idle_mode: Idle (1->0)
11-03 09:43:46.297070     0     0 E mdp3_enable_panic_ctrl: mdp3_enable_panic_ctrl: Enable Panic Control
11-03 09:43:46.297218     0     0 I         : [touch]FB_BLANK_UNBLANK
11-03 09:43:46.297227     0     0 I         : [touch]raydium_ts_do_resume, 1.
11-03 09:43:46.297842     0     0 I         : [ raydium ]workqueue is empty!
11-03 09:43:46.297869     0     0 I raydium_ts 5-0039: [touch]Already enable irq
11-03 09:43:46.297873     0     0 I         : [touch]Device may wakeup
--------- switch to main
11-03 09:43:46.380327   504   523 I SDM     : DisplayBase::SetDisplayState: Set state = 3, display 0
11-03 09:43:46.382132   504   523 D SDM     : HWCDisplayPrimary::SetStandByMode: Display is connected successfully
11-03 09:43:46.382652   416   416 D SKGHAL  : standBy_update_control call succeed on 0
11-03 09:43:46.382750   416   416 D SKGHAL  : sendAmbientEvent: done: enable = 0
11-03 09:43:46.383375  3205  3434 W WorkController: Loading failed for worker [trainingcache]: worker not found
11-03 09:43:46.385352  3205  3372 W A       : TrainingCache cache DEVICE_UNLOCKED failure
11-03 09:43:46.385352  3205  3372 W A       : com.google.android.apps.gsa.search.core.service.h.a.a: No worker found for Worker ID [trainingcache].
11-03 09:43:46.385352  3205  3372 W A       : 	at com.google.android.apps.gsa.search.core.service.g.a.c.a(Unknown Source:5)
11-03 09:43:46.385352  3205  3372 W A       : 	at com.google.android.libraries.gsa.c.a.d.a(Unknown Source:3)
11-03 09:43:46.385352  3205  3372 W A       : 	at com.google.common.p.a.cg.c(Unknown Source:2)
11-03 09:43:46.385352  3205  3372 W A       : 	at com.google.common.p.a.bk.run(SourceFile:3)
11-03 09:43:46.385352  3205  3372 W A       : 	at com.google.common.p.a.ci.run(Unknown Source:4)
11-03 09:43:46.385352  3205  3372 W A       : 	at com.google.apps.tiktok.concurrent.ab.run(SourceFile:1)
11-03 09:43:46.385352  3205  3372 W A       : 	at java.util.concurrent.ThreadPoolExecutor.runWorker(ThreadPoolExecutor.java:1167)
11-03 09:43:46.385352  3205  3372 W A       : 	at java.util.concurrent.ThreadPoolExecutor$Worker.run(ThreadPoolExecutor.java:641)
11-03 09:43:46.385352  3205  3372 W A       : 	at com.google.apps.tiktok.concurrent.c.run(Unknown Source:4)
11-03 09:43:46.385352  3205  3372 W A       : 	at java.lang.Thread.run(Thread.java:764)
11-03 09:43:46.386400  1686  1823 D SidekickService:    ... endDisplay returns void
11-03 09:43:46.389928   545   545 D SurfaceFlinger: Set power mode=2, type=0 flinger=0xb6bb6000
--------- switch to system
11-03 09:43:46.390181  1686  1702 W BroadcastQueue: Background execution not allowed: receiving Intent { act=android.intent.action.USER_PRESENT flg=0x10 } to com.google.android.gms/.auth.setup.devicesignals.LockScreenReceiver
--------- switch to main
11-03 09:43:46.390577   504   761 I SDM     : DisplayBase::SetDisplayState: Set state = 1, display 0
11-03 09:43:46.402007   545   545 D SurfaceFlinger: Finished set power mode=2, type=0
--------- switch to system
11-03 09:43:46.407742  1686  1702 W BroadcastQueue: Background execution not allowed: receiving Intent { act=android.intent.action.USER_PRESENT flg=0x10 } to com.google.android.gms/.chimera.GmsIntentOperationService$PersistentTrustedReceiver
11-03 09:43:46.409310  1686  1712 W PowerManagerService: Screen on took 301 ms
11-03 09:43:46.409786  1686  1712 I DreamManagerService: Gently waking up from dream.
11-03 09:43:46.410423  1686  1708 I DreamManagerService: Performing gentle wake from dream.
--------- switch to main
11-03 09:43:46.412094   512 11456 I sensors-hal: handle_indication_realtime:355,  SCHED_FIFO(10) for qmi_cbk
--------- switch to system
11-03 09:43:46.428182  1686  1686 V DreamService[AmbientDream]: wakeUp(): fromSystem=true, mWaking=false, mFinished=false
11-03 09:43:46.428440  1686  1686 V DreamService[AmbientDream]: finish(): mFinished=false
11-03 09:43:46.428619  1686  1686 I DreamManagerService: Leaving dreamland.
11-03 09:43:46.429401  1686  1708 I DreamManagerService: Performing gentle wake from dream.
11-03 09:43:46.429617  1686  1708 I DreamController: Stopping dream: name=ComponentInfo{com.google.android.wearable.ambient/com.google.android.wearable.ambient.AmbientDream}, isTest=false, canDoze=true, userId=0
--------- switch to main
11-03 09:43:46.473828  1686  1686 W AlarmManager: Unrecognized alarm listener com.android.server.job.controllers.-$$Lambda$IdleController$IdlenessTracker$nTdS-lGBXcES5VWKcJFmQFgU7IU@1ab437a
--------- switch to system
11-03 09:43:46.474255  1686  1686 V DreamService[AmbientDream]: detach(): Calling onDreamingStopped()
--------- switch to main
11-03 09:43:46.474416  1686  1686 I AmbientService: [ce6a28c] doOnDreamingStopped
11-03 09:43:46.474544  1686  1686 D WristGestureCtrl: Starting: GesturesEnabled-false UngazeEnabled-true
11-03 09:43:46.474620  1686  1686 D DefaultUngazeDetector: starting
11-03 09:43:46.474714  1686  1686 D DefaultUngazeDetector: startUngazeStateEstimation(). startTime = 60505904
11-03 09:43:46.502606   512  1749 I sensors-hal: batch:140, android.sensor.accelerometer/48, period=19231000, max_latency=100000000
11-03 09:43:46.503278  1686  1686 W AlarmManagerProxy: Removing unknown listener
11-03 09:43:46.506328   512 11458 I sensors-hal: handle_indication_realtime:355,  SCHED_FIFO(10) for qmi_cbk
11-03 09:43:46.507875   512  1749 I sensors-hal: batch:149, android.sensor.accelerometer/48, period=19231000, max_latency=100000000 request completed
11-03 09:43:46.508414   512  1749 I sensors-hal: flush:169, android.sensor.accelerometer/48
11-03 09:43:46.514478  2520  2520 D HOME    : [HomeVisitsLogger]Logging streamlet event: visit_start
11-03 09:43:46.514804  2520  2520 D HOME    : [HomeVisitsLogger]Logging streamlet event: exit_ambient_mode
11-03 09:43:46.515326  2520  2520 D HOME    : [HotwordController]updateClient MODE_WATCH_FACE false false false true
11-03 09:43:46.516369  2520  2520 D HOME    : [WatchFaceUiController]setInAmbientMode false
11-03 09:43:46.516473  2520  2520 D HOME    : [WatchFaceUiController]sendWatchFaceServiceBinder
11-03 09:43:46.518167   512  1749 I sensors-hal: flush:175, android.sensor.accelerometer/48 completed
11-03 09:43:46.523090  2520  2520 D HOME    : [WatchFaceUiController]sendStateToWallpaper
11-03 09:43:46.525017  2520  2520 D HOME    : [WatchFaceUiController]Showing watch face wallpaper.
11-03 09:43:46.525238  2520  2520 D HOME    : [WatchFaceUiController]sendStateToWallpaper
11-03 09:43:46.528467  2520  2520 D HOME    : [StreamDBQueue]Promised revision #3561 to queue a new op
11-03 09:43:46.528812  2520  2520 D WatchStreamManager: Promised rank-blocked=true @ r#3561
11-03 09:43:46.529349  2520  2520 D HOME    : [StreamDBQueue]Promised revision #3562 to queue a new op
11-03 09:43:46.529510  2520  2520 D WatchStreamManager: Promised rank-blocked=true @ r#3562
11-03 09:43:46.530122  2520  2520 D HOME    : [TilesController]Tile refresh optimization is enabled.
11-03 09:43:46.530613  2520  2520 D HOME    : [EventBus]Wrapper pool is full. Discarding excess wrapper instance for event com.google.android.clockwork.sysui.events.KeyguardStateEvent
11-03 09:43:46.530953  2520  2520 D HOME    : [WatchFaceUiController]sendStateToWallpaper
11-03 09:43:46.533758  2520  2520 D HOME    : [EventBus]Wrapper pool is full. Discarding excess wrapper instance for event com.google.android.clockwork.sysui.events.KeyguardStateEvent
11-03 09:43:46.534127  2520  2520 D HOME    : [EventBus]Wrapper pool is full. Discarding excess wrapper instance for event com.google.android.clockwork.sysui.events.KeyguardStateEvent
11-03 09:43:46.540133  2520  2520 D HOME    : [WatchFaceUiController]sendStateToWallpaper
11-03 09:43:46.545499  2520  2520 W StaticLayout: maxLineHeight should not be -1.  maxLines:1 lineCount:1
11-03 09:43:46.546212  2520 10295 D HOME    : [WatchStreamDB]Item alerting conditions - isInterruptive: false, recentlyInterrupted: false, isItemPinned: false, isUnread: false
11-03 09:43:46.546680  2520 10295 D HOME    : [StreamAlertingRegulator]isTheaterModeEnabled: false, isAlertingAllowedByOffBody: true, matchesLocalInterruptionFilter: true
11-03 09:43:46.547004  2520 10295 D HOME    : [WatchStreamDB]couldItemAlert: false, isTopItemChanged: false, isDeferralForTopItem: false
11-03 09:43:46.557722  1686  1686 I AmbientService: [ce6a28c] No auto-resume Activity.
--------- switch to system
11-03 09:43:46.559618  1686  1686 W ContextImpl: Calling a method in the system process without a qualified user: android.app.ContextImpl.sendBroadcast:1020 android.content.ContextWrapper.sendBroadcast:449 com.google.android.wearable.ambient.AmbientDream.onDestroy:273 android.app.ActivityThread.handleStopService:3698 android.app.ActivityThread.access$1700:200 
--------- switch to main
11-03 09:43:46.560126  1686  1686 E AlarmManager: cancel() called with a null PendingIntent
--------- switch to system
11-03 09:43:46.560512  1686  1686 V DreamService[AmbientDream]: onDestroy()
--------- switch to main
11-03 09:43:46.594567  1686  1686 I WearPower: [WearTouchMediator] changing touch input to enabled (ON_AUTO)
11-03 09:43:46.595945  1686  1759 I InputReader: Reconfiguring input devices.  changes=0x00000200
--------- switch to kernel
11-03 09:43:46.517051     0     0 I init    : processing action (ro.enable_core_ctl=true && sys.cw_corectl_mode=perf) from (/vendor/etc/init/hw/init.qcom.rc:954)
11-03 09:43:46.519729     0     0 I CPU2    : update cpu_capacity 1024
--------- switch to main
11-03 09:43:46.613892  1686  1686 W AlarmManagerProxy: Removing unknown listener
11-03 09:43:46.616659  1686  1686 W DefaultSettingsContentR: Value for ambient_low_bit_enabled not stored as number. Attempting parse as boolean.
11-03 09:43:46.638337  2520 10295 D HOME    : [WatchStreamDB]Item alerting conditions - isInterruptive: false, recentlyInterrupted: false, isItemPinned: false, isUnread: false
11-03 09:43:46.655343  2520  2520 D HOME    : [WatchFaceUiController]sendWatchFaceServiceBinder
11-03 09:43:46.654771  2520 10295 D HOME    : [StreamAlertingRegulator]isTheaterModeEnabled: false, isAlertingAllowedByOffBody: true, matchesLocalInterruptionFilter: true
11-03 09:43:46.657088  2520 10295 D HOME    : [WatchStreamDB]couldItemAlert: false, isTopItemChanged: false, isDeferralForTopItem: false
11-03 09:43:46.662579  2520  2520 D HOME    : [WatchFaceUiController]sendProperties
11-03 09:43:46.665543  2520  2520 D HOME    : [WatchFaceUiController]sendStateToWallpaper
11-03 09:43:46.679143  3205  3434 W WorkController: Loading failed for worker [trainingcache]: worker not found
11-03 09:43:46.682303  3205  3294 W A       : TrainingCache cache SCREEN_ON failure
11-03 09:43:46.682303  3205  3294 W A       : com.google.android.apps.gsa.search.core.service.h.a.a: No worker found for Worker ID [trainingcache].
11-03 09:43:46.682303  3205  3294 W A       : 	at com.google.android.apps.gsa.search.core.service.g.a.c.a(Unknown Source:5)
11-03 09:43:46.682303  3205  3294 W A       : 	at com.google.android.libraries.gsa.c.a.d.a(Unknown Source:3)
11-03 09:43:46.682303  3205  3294 W A       : 	at com.google.common.p.a.cg.c(Unknown Source:2)
11-03 09:43:46.682303  3205  3294 W A       : 	at com.google.common.p.a.bk.run(SourceFile:3)
11-03 09:43:46.682303  3205  3294 W A       : 	at com.google.common.p.a.ci.run(Unknown Source:4)
11-03 09:43:46.682303  3205  3294 W A       : 	at com.google.apps.tiktok.concurrent.ab.run(SourceFile:1)
11-03 09:43:46.682303  3205  3294 W A       : 	at java.util.concurrent.ThreadPoolExecutor.runWorker(ThreadPoolExecutor.java:1167)
11-03 09:43:46.682303  3205  3294 W A       : 	at java.util.concurrent.ThreadPoolExecutor$Worker.run(ThreadPoolExecutor.java:641)
11-03 09:43:46.682303  3205  3294 W A       : 	at com.google.apps.tiktok.concurrent.c.run(Unknown Source:4)
11-03 09:43:46.682303  3205  3294 W A       : 	at java.lang.Thread.run(Thread.java:764)
--------- switch to kernel
11-03 09:43:46.558991     0     0 I CPU0    : update max cpu_capacity 748
11-03 09:43:46.572968     0     0 I CPU3    : update cpu_capacity 1024
11-03 09:43:46.598701     0     0 I CPU1    : update max cpu_capacity 748
11-03 09:43:46.601103     0     0 I CPU3    : update max cpu_capacity 1024
--------- switch to main
11-03 09:43:46.712399  2520  2520 D HOME    : [StreamDBQueue]Promised revision #3563 to queue a new op
11-03 09:43:46.712702  2520  2520 D WatchStreamManager: Promised rank-blocked=true @ r#3563
11-03 09:43:46.714096  2520 10603 D HOME    : [WatchStreamDB]Item alerting conditions - isInterruptive: false, recentlyInterrupted: false, isItemPinned: false, isUnread: false
11-03 09:43:46.714627  2520 10603 D HOME    : [StreamAlertingRegulator]isTheaterModeEnabled: false, isAlertingAllowedByOffBody: true, matchesLocalInterruptionFilter: true
11-03 09:43:46.715000  2520 10603 D HOME    : [WatchStreamDB]couldItemAlert: false, isTopItemChanged: false, isDeferralForTopItem: false
11-03 09:43:46.879455   512  1749 I sensors-hal: activate:107, android.sensor.light/46 en=0
11-03 09:43:46.880835   512  1749 I sensors-hal: activate:118, android.sensor.light/46 en=0 completed
11-03 09:43:46.882747   512  1749 I sensors-hal: batch:140, android.sensor.light/46, period=250000000, max_latency=0
11-03 09:43:46.882830   512  1749 I sensors-hal: batch:149, android.sensor.light/46, period=250000000, max_latency=0 request completed
11-03 09:43:46.883552   512  1749 I sensors-hal: activate:107, android.sensor.light/46 en=1
11-03 09:43:46.883925   512  1749 I sensors-hal: ssc_enable_rt_task:254, ssc_enable_rt_task : true
11-03 09:43:46.886579   512  1749 I sensors-hal: activate:118, android.sensor.light/46 en=1 completed
--------- switch to system
11-03 09:43:46.890232  1686  1686 V SettingsProvider: Notifying for 0: content://settings/system/screen_brightness
--------- switch to main
11-03 09:43:46.893298  1686  1686 I SidekickService: loadBrightnessLocked()
11-03 09:43:46.894286  1686  1686 D SidekickService: screenBrightness  = 93
11-03 09:43:46.894937  1686  1686 D SidekickService: sendConfigValuesLocked(): alsThresholds = [40, 92, 95, 100, 125, 150, 175, 200, 225, 250, 300, 400, 500, 800, 1200], brightnessValuesBright = [50, 56, 60, 70, 80, 90, 100, 115, 120, 140, 160, 180, 200, 220, 240, 255], brightnessValuesDim= [50, 56, 60, 70, 80, 90, 100, 115, 120, 140, 160, 180, 200, 220, 240, 255]
11-03 09:43:46.904553  1686  1686 D SidekickService: setAlsMode(): mode = 2, brightenAlpha = 80, dimmingAlpha = 80
11-03 09:43:46.915412  1686  1686 D SidekickService: setTwmConfig():: msTiltToBright = 10000, tiltToBright = false
11-03 09:43:46.961584   512 11462 I sensors-hal: handle_indication_realtime:355,  SCHED_FIFO(10) for qmi_cbk
11-03 09:43:47.865668   512   512 I sensors-hal: batch:140, android.sensor.accelerometer/48, period=66667000, max_latency=100000000
11-03 09:43:47.868062   512   512 I sensors-hal: batch:149, android.sensor.accelerometer/48, period=66667000, max_latency=100000000 request completed
11-03 09:43:47.868992  1686  1686 D DefaultUngazeDetector: Ungaze event occurred; emitting gesture event!
11-03 09:43:47.869120  1686  1686 D WristGestureCtrl: Gesture:GESTURE UNGAZE, timestamp(ms): 60505904, confidence: 0.0, latency(ms): 0, duration(ms): 1395
11-03 09:43:47.871020   512   512 I sensors-hal: batch:140, android.sensor.accelerometer/48, period=19231000, max_latency=100000000
11-03 09:43:47.872533   512   512 I sensors-hal: batch:149, android.sensor.accelerometer/48, period=19231000, max_latency=100000000 request completed
11-03 09:43:47.872939   512   512 I sensors-hal: flush:169, android.sensor.accelerometer/48
--------- switch to system
11-03 09:43:47.873818  1686  1686 I WindowManager: sleepRelease() calling goToSleep(GO_TO_SLEEP_REASON_SLEEP_BUTTON)
11-03 09:43:47.874088  1686  1686 I PowerManagerService: Going to sleep due to sleep button (uid 1000)...
--------- switch to main
11-03 09:43:47.874345   512   512 I sensors-hal: flush:175, android.sensor.accelerometer/48 completed
--------- switch to system
11-03 09:43:47.876125  1686  1686 W UsageStatsService: Event reported without a package name
11-03 09:43:47.876145  1686  1712 I DreamManagerService: Entering dreamland.
11-03 09:43:47.876888  1686  1712 I PowerManagerService: Dozing...
11-03 09:43:47.897633  1686  1708 I DreamController: Starting dream: name=ComponentInfo{com.google.android.wearable.ambient/com.google.android.wearable.ambient.AmbientDream}, isTest=false, canDoze=true, userId=0
11-03 09:43:47.913926  1686  1686 W ContextImpl: Calling a method in the system process without a qualified user: android.app.ContextImpl.bindService:1611 android.content.ContextWrapper.bindService:698 com.google.android.wearable.ambient.AmbientDream.onCreate:191 android.app.ActivityThread.handleCreateService:3533 android.app.ActivityThread.access$1300:200 
11-03 09:43:47.917431  1686  1686 W ContextImpl: Calling a method in the system process without a qualified user: android.app.ContextImpl.sendBroadcast:1005 android.content.ContextWrapper.sendBroadcast:444 com.google.android.wearable.ambient.AmbientDream.onCreate:241 android.app.ActivityThread.handleCreateService:3533 android.app.ActivityThread.access$1300:200 
11-03 09:43:47.918145  1686  1686 V DreamService[AmbientDream]: onBind() intent = Intent { act=android.service.dreams.DreamService flg=0x800000 cmp=com.google.android.wearable.ambient/.AmbientDream }
--------- switch to main
11-03 09:43:47.919308  1686  1686 I AmbientService: [ce6a28c] Ambient Created
--------- switch to system
11-03 09:43:47.920206  1686  1686 V DreamService[AmbientDream]: Calling onDreamingStarted()
--------- switch to main
11-03 09:43:47.920354  1686  1686 I AmbientService: [ce6a28c] doOnDreamingStarted
11-03 09:43:47.921044  1686  1686 D SidekickService: setShouldControlDisplay called: true
11-03 09:43:47.921997  1686  1686 I AmbientService: [ce6a28c] Selected running activity for ambient mode: AmbientActivity[component=ComponentInfo{com.google.android.wearable.app/com.google.android.clockwork.home2.activity.HomeActivity2}, callbacks=@210b385, running=true, ambientRequested=true, ambientEnabled=true, offloadEnabled=true]
11-03 09:43:47.922504  1686  1686 I AmbientService: [ce6a28c] Sidekick is ready to display, requesting doze.
11-03 09:43:47.923118  1686  1686 I AmbientService: [ce6a28c] No auto-resume Activity.
11-03 09:43:47.926582  1686  1686 W DefaultSettingsContentR: Value for ambient_low_bit_enabled not stored as number. Attempting parse as boolean.
11-03 09:43:47.928019  2520  2520 D HOME    : [HomeVisitsLogger]Logging streamlet event: enter_ambient_mode
11-03 09:43:47.929416  2520  2520 D HOME    : [HotwordController]updateClient MODE_WATCH_FACE false true false true
11-03 09:43:47.929589  2520 10449 D HOME    : [HomeVisitsLogger]Logging streamlet event: visit_end
11-03 09:43:47.930652  2520  2520 D HOME    : [WatchFaceUiController]setInAmbientMode true
11-03 09:43:47.932768  2520  2520 D HOME    : [StreamDBQueue]Promised revision #3564 to queue a new op
11-03 09:43:47.933030  2520  2520 D WatchStreamManager: Promised rank-blocked=false @ r#3564
11-03 09:43:47.933272  1686  1686 I AmbientService: [ce6a28c] Showing watch face in offload mode, canceling alarm.
11-03 09:43:47.933342  1686  1686 W AlarmManagerProxy: Removing unknown listener
11-03 09:43:47.933453  1686  1686 D WristGestureCtrl: Stopping detectors: GesturesEnabled-false gestureDetector-false ungazeEnabled-true ungaze-true
11-03 09:43:47.933499  1686  1686 D DefaultUngazeDetector: stopping
11-03 09:43:47.933506  2520  2520 D HOME    : [StreamDBQueue]Promised revision #3565 to queue a new op
11-03 09:43:47.933621  2520  2520 D WatchStreamManager: Promised rank-blocked=false @ r#3565
11-03 09:43:47.934079  2520 11412 D HOME    : [StreamDBQueue]Promised revision #3566 to queue a new op
11-03 09:43:47.934216  2520 11412 D WatchStreamManager: Promised rerank @ r#3566
11-03 09:43:47.934248  2520  2520 D HOME    : [EventBus]Wrapper pool is full. Discarding excess wrapper instance for event com.google.android.clockwork.sysui.events.KeyguardStateEvent
11-03 09:43:47.934332  2520  2520 D HOME    : [WatchFaceUiController]sendStateToWallpaper
11-03 09:43:47.934957   512  1749 I sensors-hal: batch:140, android.sensor.accelerometer/48, period=66667000, max_latency=100000000
11-03 09:43:47.936546  2520  2520 D HOME    : [EventBus]Wrapper pool is full. Discarding excess wrapper instance for event com.google.android.clockwork.sysui.events.KeyguardStateEvent
11-03 09:43:47.937056  2520  2520 D HOME    : [EventBus]Wrapper pool is full. Discarding excess wrapper instance for event com.google.android.clockwork.sysui.events.KeyguardStateEvent
11-03 09:43:47.937640  2520 10449 I SidekickManager: replaceWatchFaceComponentsImpl(): watchFace = com.google.android.clockwork.decomposablewatchface.WatchFaceDecomposition@62b9792
11-03 09:43:47.937848  2520 10295 D HOME    : [WatchStreamDB]Item alerting conditions - isInterruptive: false, recentlyInterrupted: false, isItemPinned: false, isUnread: false
11-03 09:43:47.938226  2520 10295 D HOME    : [StreamAlertingRegulator]isTheaterModeEnabled: false, isAlertingAllowedByOffBody: true, matchesLocalInterruptionFilter: true
11-03 09:43:47.938493  2520 10295 D HOME    : [WatchStreamDB]couldItemAlert: false, isTopItemChanged: false, isDeferralForTopItem: false
11-03 09:43:47.940192   512  1749 I sensors-hal: batch:149, android.sensor.accelerometer/48, period=66667000, max_latency=100000000 request completed
11-03 09:43:47.941141  2520 10295 D HOME    : [WatchStreamDB]Item alerting conditions - isInterruptive: false, recentlyInterrupted: false, isItemPinned: false, isUnread: false
11-03 09:43:47.942858  1686  9965 D SidekickService: sendWatchFaceComponents called: watchFace = com.google.android.clockwork.decomposablewatchface.WatchFaceDecomposition@bb48638shouldReplace = false
11-03 09:43:47.943121  1686  9965 D SidekickService: Check decomposition for calling app com.google.android.wearable.app with uid 10049
11-03 09:43:47.943635  1686  9965 D SidekickService: sendWatchFaceLocked(): shouldReplace = false, mSidekickIsControlling = false, 1 images, 0 fonts, 0 numbers, 0 proportionalFonts, 0 strings
11-03 09:43:47.943712  1686  9965 D SidekickService: ISidekickGraphics#beginResources()...
11-03 09:43:47.944611  1686  9965 D SidekickServiceUtils: bitmapFromDrawable: Returning bitmap directly
11-03 09:43:47.946333  1686  9965 D SidekickService: sendBitmapsLocked(): bounds = RectF(0.0, 0.0, 0.0024038462, 0.0024038462), drawableInfo = {.id = 100000, .width = 1, .height = 1, .display = true, .offsetX = 0.0, .offsetY = 0.0, .rotationInfo = {.hasRotation = false, .pivotX = 0.0, .pivotY = 0.0, .degreesPerDay = 0.0, .degreesPerStep = 0.0, .zeroDegreesTime = {.daysSinceLocalEpoch = 0, .msSinceMidnight = 0}}, .transformInfo = {.transformed = false, .flipX = false, .flipY = false, .flip45 = false, .scaleX = 0.0, .scaleY = 0.0}, .type = GENERIC, .blink = {.blinking = false, .periodOnMs = 0.0, .periodOffMs = 0.0, .startTime = {.daysSinceLocalEpoch = 0, .msSinceMidnight = 0}}, .zOrder = 8, .displayInTwm = true}, image.size() = 84
11-03 09:43:47.947344   416  2389 D SKGHAL  : saveResource: resId = 100000
11-03 09:43:47.947875  1686  9965 D SidekickService: sendBitmapsLocked(): status = 0, bytesUsed = 18
11-03 09:43:47.948072  1686  9965 D SidekickService: ISidekickGraphics#endResources()...
11-03 09:43:47.949409  2520 10295 D HOME    : [StreamAlertingRegulator]isTheaterModeEnabled: false, isAlertingAllowedByOffBody: true, matchesLocalInterruptionFilter: true
11-03 09:43:47.953771  2520 10295 D HOME    : [WatchStreamDB]couldItemAlert: false, isTopItemChanged: false, isDeferralForTopItem: false
11-03 09:43:47.954462  2520 10295 D HOME    : [WatchStreamDB]updateRanking()
11-03 09:43:47.955163  2520 10295 D HOME    : [WatchStreamDB]Item alerting conditions - isInterruptive: false, recentlyInterrupted: false, isItemPinned: false, isUnread: false
11-03 09:43:47.955678  2520 10295 D HOME    : [StreamAlertingRegulator]isTheaterModeEnabled: false, isAlertingAllowedByOffBody: true, matchesLocalInterruptionFilter: true
11-03 09:43:47.956106  2520 10295 D HOME    : [WatchStreamDB]couldItemAlert: false, isTopItemChanged: false, isDeferralForTopItem: false
11-03 09:43:47.956926  2520 10295 D HOME    : [NewStreamAdapter]Publishing revision #3566 to adapter clients
11-03 09:43:47.957618  2520 11412 D HOME    : [StreamDBQueue]Promised revision #3567 to queue a new op
11-03 09:43:47.957891  2520 11412 D WatchStreamManager: Promised rerank @ r#3567
11-03 09:43:47.958035  2520 10295 D HOME    : [WatchStreamDB]updateRanking()
11-03 09:43:47.958867  2520 10295 D HOME    : [WatchStreamDB]Item alerting conditions - isInterruptive: false, recentlyInterrupted: false, isItemPinned: false, isUnread: false
11-03 09:43:47.959229  2520 10295 D HOME    : [StreamAlertingRegulator]isTheaterModeEnabled: false, isAlertingAllowedByOffBody: true, matchesLocalInterruptionFilter: true
11-03 09:43:47.959547  2520 10295 D HOME    : [WatchStreamDB]couldItemAlert: false, isTopItemChanged: false, isDeferralForTopItem: false
11-03 09:43:47.960284  2520 10295 D HOME    : [NewStreamAdapter]Publishing revision #3567 to adapter clients
--------- switch to kernel
11-03 09:43:47.854906     0     0 E FG      : fg_psy_get_property: unsupported property 7
--------- switch to main
11-03 09:43:47.964537   512   512 I sensors-hal: activate:107, android.sensor.light/46 en=0
11-03 09:43:47.966347  2520  2520 W StaticLayout: maxLineHeight should not be -1.  maxLines:1 lineCount:1
--------- switch to kernel
11-03 09:43:47.858298     0     0 W healthd : battery l=20 v=3671 t=29.0 h=2 st=3 c=163 fc=443000 cc=0 chg=
--------- switch to main
11-03 09:43:47.970115  1956  1956 D QtiCarrierConfigHelper: WARNING, no carrier configs on phone Id: 0
11-03 09:43:47.973228   512   512 I sensors-hal: activate:118, android.sensor.light/46 en=0 completed
11-03 09:43:47.985898   545   545 D SurfaceFlinger: Set power mode=3, type=0 flinger=0xb6bb6000
--------- switch to system
11-03 09:43:47.986565  1686  1710 I DisplayManagerService: Display device changed state: "Écran intégré", DOZE_SUSPEND
--------- switch to main
11-03 09:43:47.986775   504   761 I SDM     : DisplayBase::SetDisplayState: Set state = 3, display 0
11-03 09:43:47.996650  1686  1759 I InputReader: Reconfiguring input devices.  changes=0x00000004
11-03 09:43:47.998721  2520  2520 D HOME    : [BatteryChange]action: android.intent.action.BATTERY_CHANGED
11-03 09:43:48.000099  2520 11412 D HOME    : [BatteryChange]HandleBatteryChangedTask
11-03 09:43:48.000853  2520 11412 D HOME    : [BatteryChange]level: 20, status: 3
11-03 09:43:48.054928   545   545 D SurfaceFlinger: Finished set power mode=3, type=0
--------- switch to kernel
11-03 09:43:47.900534     0     0 I mdss_dsi_panel_set_idle_mode: Idle (0->1)
11-03 09:43:47.949718     0     0 I         : [touch]FB_BLANK_VSYNC_SUSPEND
11-03 09:43:47.949723     0     0 I         : [touch]irq disable
11-03 09:43:47.949726     0     0 I         : [touch]workqueue is empty!
11-03 09:43:47.949729     0     0 I         : [touch]raydium_ts_do_suspend.
11-03 09:43:47.949738     0     0 I         : [touch]Device may wakeup
11-03 09:43:47.951870     0     0 I         : [touch]irq enable
--------- switch to main
11-03 09:43:48.427908   416  2389 D SKGHAL  : sendResources: metadata size = 2400, font size = 72
11-03 09:43:48.498371   416  2389 D SKGHAL  : endResources: rc = 0
11-03 09:43:48.500130  1686  1823 W system_server: Long monitor contention with owner Binder:1686_1D (9965) at int com.google.android.clockwork.sidekick.SidekickService$BinderService.sendWatchFace(com.google.android.clockwork.decomposablewatchface.WatchFaceDecomposition, boolean)(SidekickService.java:1021) waiters=0 in boolean com.google.android.clockwork.sidekick.SidekickService$LocalService.startDisplayControl(int) for 444ms
11-03 09:43:48.501952  2520  2520 D HOME    : [SidekickManagerAsync]replaceWatchFaceComponents(): Callback#onResult(): 0
11-03 09:43:48.502579  2520  2520 D HOME    : [WatchFaceUiController]Complication updates sent, posting watch face hiding
11-03 09:43:48.502673  2520  2520 D HOME    : [WatchFaceUiController]Still in ambient watch face, hiding
11-03 09:43:48.502737  2520  2520 D HOME    : [WatchFaceUiController]Hiding watch face wallpaper.
11-03 09:43:48.506640  1686  1823 I SidekickService: beginDisplayLocked(): DOZE_SUSPEND
11-03 09:43:48.508829   416  2389 D SKGHAL  : sendAmbientPrepare: enter:
11-03 09:43:48.630071   416  2389 D SKGHAL  : sendAmbientEvent: enter: enable = 1
11-03 09:43:48.631762   504   523 I SDM     : DisplayBase::SetDisplayState: Set state = 4, display 0
11-03 09:43:48.669684   504   523 D SDM     : HWCDisplayPrimary::SetStandByMode: Null display is connected successfully
11-03 09:43:48.670023   416  2389 D SKGHAL  : standBy_update_control call succeed on 1
11-03 09:43:48.681619   416  2389 D SKGHAL  : sendAmbientEvent: done: enable = 1
11-03 09:43:48.682287  1686  1823 D SidekickService:    ... beginDisplay result: 0 for halPower: 1
11-03 09:43:48.687258   512   512 I sensors-hal: activate:107, android.sensor.accelerometer/48 en=0
11-03 09:43:48.689545   512   512 I sensors-hal: activate:118, android.sensor.accelerometer/48 en=0 completed
--------- switch to kernel
11-03 09:43:48.590408     0     0 E bgrsb   : bgrsb_enable: gpio 32 is valid
--------- switch to main
11-03 09:43:48.699554  1686  1799 E WifiStateMachine: getWifiLinkLayerStats called without an interface
11-03 09:43:48.729353  1686  1686 I WearPower: [WearTouchMediator] changing touch input to enabled (ON_AUTO)
11-03 09:43:48.731361  1686  1759 I InputReader: Reconfiguring input devices.  changes=0x00000200
11-03 09:43:48.740124  1686  1686 I AmbientService: [ce6a28c] Timeout alarm not required, auto-resume timeout handled by dream.
--------- switch to kernel
11-03 09:43:48.631540     0     0 I init    : processing action (ro.enable_core_ctl=true && sys.cw_corectl_mode=idle) from (/vendor/etc/init/hw/init.qcom.rc:949)
--------- switch to main
11-03 09:43:48.754047  3205  3434 W WorkController: Loading failed for worker [trainingcache]: worker not found
11-03 09:43:48.755925  3205  3372 W A       : TrainingCache cache SCREEN_OFF failure
11-03 09:43:48.755925  3205  3372 W A       : com.google.android.apps.gsa.search.core.service.h.a.a: No worker found for Worker ID [trainingcache].
11-03 09:43:48.755925  3205  3372 W A       : 	at com.google.android.apps.gsa.search.core.service.g.a.c.a(Unknown Source:5)
11-03 09:43:48.755925  3205  3372 W A       : 	at com.google.android.libraries.gsa.c.a.d.a(Unknown Source:3)
11-03 09:43:48.755925  3205  3372 W A       : 	at com.google.common.p.a.cg.c(Unknown Source:2)
11-03 09:43:48.755925  3205  3372 W A       : 	at com.google.common.p.a.bk.run(SourceFile:3)
11-03 09:43:48.755925  3205  3372 W A       : 	at com.google.common.p.a.ci.run(Unknown Source:4)
11-03 09:43:48.755925  3205  3372 W A       : 	at com.google.apps.tiktok.concurrent.ab.run(SourceFile:1)
11-03 09:43:48.755925  3205  3372 W A       : 	at java.util.concurrent.ThreadPoolExecutor.runWorker(ThreadPoolExecutor.java:1167)
11-03 09:43:48.755925  3205  3372 W A       : 	at java.util.concurrent.ThreadPoolExecutor$Worker.run(ThreadPoolExecutor.java:641)
11-03 09:43:48.755925  3205  3372 W A       : 	at com.google.apps.tiktok.concurrent.c.run(Unknown Source:4)
11-03 09:43:48.755925  3205  3372 W A       : 	at java.lang.Thread.run(Thread.java:764)
11-03 09:43:48.775845  2520  2520 D HOME    : [StreamDBQueue]Promised revision #3568 to queue a new op
11-03 09:43:48.776744  2520  2520 D WatchStreamManager: Promised rank-blocked=false @ r#3568
11-03 09:43:48.777590  2520  2520 D HOME    : [CompactHunStarter]detachWindow()
11-03 09:43:48.778983  2520 10449 D HOME    : [WatchStreamDB]Item alerting conditions - isInterruptive: false, recentlyInterrupted: false, isItemPinned: false, isUnread: false
11-03 09:43:48.778991  2520 11412 D HOME    : [StreamDBQueue]Promised revision #3569 to queue a new op
11-03 09:43:48.779410  2520 11412 D WatchStreamManager: Promised rerank @ r#3569
11-03 09:43:48.779919  2520 10449 D HOME    : [StreamAlertingRegulator]isTheaterModeEnabled: false, isAlertingAllowedByOffBody: true, matchesLocalInterruptionFilter: true
11-03 09:43:48.780593  2520 10449 D HOME    : [WatchStreamDB]couldItemAlert: false, isTopItemChanged: false, isDeferralForTopItem: false
11-03 09:43:48.783763  2520 10449 D HOME    : [WatchStreamDB]updateRanking()
11-03 09:43:48.785106  2520 10449 D HOME    : [WatchStreamDB]Item alerting conditions - isInterruptive: false, recentlyInterrupted: false, isItemPinned: false, isUnread: false
11-03 09:43:48.786002  2520 10449 D HOME    : [StreamAlertingRegulator]isTheaterModeEnabled: false, isAlertingAllowedByOffBody: true, matchesLocalInterruptionFilter: true
11-03 09:43:48.786413  2520 10449 D HOME    : [WatchStreamDB]couldItemAlert: false, isTopItemChanged: false, isDeferralForTopItem: false
11-03 09:43:48.787719  2520 10449 D HOME    : [NewStreamAdapter]Publishing revision #3569 to adapter clients
--------- switch to kernel
11-03 09:43:48.698466     0     0 I CPU1    : update max cpu_capacity 748
11-03 09:43:48.823911     0     0 I PM      : suspend entry 2021-11-03 08:43:48.823911567 UTC
11-03 09:43:48.823924     0     0 I PM      : Syncing filesystems ...
11-03 09:43:48.824165     0     0 I CPU3    : update max cpu_capacity 1024
11-03 09:43:48.833573     0     0 I CPU2    : shutdown
11-03 09:43:48.835433     0     0 I init    : Command 'write /sys/devices/system/cpu/cpu2/online 0' action=ro.enable_core_ctl=true && sys.cw_corectl_mode=idle (/vendor/etc/init/hw/init.qcom.rc:951) took 101ms and succeeded
11-03 09:43:48.859559     0     0 I         : done.
11-03 09:43:48.904888     0     0 I CPU3    : shutdown
11-03 09:43:48.905946     0     0 I         : Freezing user space processes ...
11-03 09:43:48.910939     0     0 I CPU1    : update max cpu_capacity 748
11-03 09:43:48.911353     0     0 I PM      : Wakeup pending, aborting suspend
11-03 09:43:48.911393     0     0 I         : active wakeup source: NETLINK
11-03 09:43:48.911430     0     0 E         : Freezing of tasks aborted after 0.005 seconds
11-03 09:43:48.911443     0     0 I         : Restarting tasks ...
11-03 09:43:48.912031     0     0 W QSEECOM : qseecom_receive_req: Interrupted: exiting Listener Service = 12288
11-03 09:43:48.912086     0     0 W QSEECOM : qseecom_receive_req: Interrupted: exiting Listener Service = 10
11-03 09:43:48.916024     0     0 W QSEECOM : qseecom_receive_req: Interrupted: exiting Listener Service = 8192
11-03 09:43:48.916071     0     0 W QSEECOM : qseecom_receive_req: Interrupted: exiting Listener Service = 11
11-03 09:43:48.916105     0     0 W QSEECOM : qseecom_receive_req: Interrupted: exiting Listener Service = 28672
11-03 09:43:48.916665     0     0 I         : done.
11-03 09:43:48.919987     0     0 I init    : Command 'write /sys/devices/system/cpu/cpu3/online 0' action=ro.enable_core_ctl=true && sys.cw_corectl_mode=idle (/vendor/etc/init/hw/init.qcom.rc:952) took 81ms and succeeded
11-03 09:43:48.917282     0     0 I PM      : suspend exit 2021-11-03 08:43:48.917282609 UTC
11-03 09:43:49.118965     0     0 I PM      : suspend entry 2021-11-03 08:43:49.118965369 UTC
11-03 09:43:49.118986     0     0 I PM      : Syncing filesystems ... done.
11-03 09:43:49.148168     0     0 I         : Freezing user space processes ... (elapsed 0.010 seconds) done.
11-03 09:43:49.159218     0     0 I         : Freezing remaining freezable tasks ... (elapsed 0.006 seconds) done.
11-03 09:43:49.165710     0     0 I         : Suspending console(s) (use no_console_suspend to debug)
11-03 09:43:49.181037     0     0 I mdss_dsi_panel_set_idle_mode: Idle (1->1)
11-03 09:43:49.216840     0     0 I bgcom   : bgcom_pm_suspend: suspended with : 0
11-03 09:43:49.247786     0     0 I PM      : suspend of devices complete after 78.247 msecs
11-03 09:43:49.253907     0     0 I PM      : late suspend of devices complete after 6.073 msecs
11-03 09:43:49.259947     0     0 I PM      : noirq suspend of devices complete after 6.004 msecs
11-03 09:43:49.259964     0     0 I         : Disabling non-boot CPUs ...
--------- switch to system
11-03 09:43:59.703641  1686  1686 I PowerManagerService: Waking up from dozing (uid=1000 reason=tiltToWake)...
11-03 09:43:59.712222  1686  1686 W UsageStatsService: Event reported without a package name
--------- switch to kernel
11-03 09:43:49.274241     0     0 I CPU1    : shutdown
11-03 09:43:49.276729     0     0 I suspend ns: 3223023316917	suspend cycles:    1161918934834
11-03 09:43:49.276702     0     0 I CPU0    : msm_cpu_pm_enter_sleep mode:3 during suspend
11-03 09:43:49.276702     0     0 I         : Suspended for 10.302 seconds
11-03 09:43:49.276702     0     0 I resume cycles: 1162116738266
11-03 09:43:49.277322     0     0 I         : Enabling non-boot CPUs ...
11-03 09:43:49.278187     0     0 I CPU1    : update cpu_capacity 1024
11-03 09:43:49.279919     0     0 I         : CPU1 is up
11-03 09:43:49.280630     0     0 I CPU1    : update max cpu_capacity 748
11-03 09:43:49.284091     0     0 I PM      : noirq resume of devices complete after 3.763 msecs
11-03 09:43:49.289581     0     0 I PM      : early resume of devices complete after 3.976 msecs
11-03 09:43:49.324610     0     0 I bgcom   : bgcom_pm_resume: Bgcom resumed with : 0
11-03 09:43:49.335255     0     0 I mdss_dsi_panel_set_idle_mode: Idle (1->1)
11-03 09:43:49.375606     0     0 I PM      : resume of devices complete after 85.978 msecs
11-03 09:43:49.380752     0     0 I         : Restarting tasks ...
11-03 09:43:49.386552     0     0 W QSEECOM : qseecom_receive_req: Interrupted: exiting Listener Service = 8192
11-03 09:43:49.386655     0     0 W QSEECOM : qseecom_receive_req: Interrupted: exiting Listener Service = 10
11-03 09:43:49.386711     0     0 W QSEECOM : qseecom_receive_req: Interrupted: exiting Listener Service = 28672
11-03 09:43:49.390359     0     0 W QSEECOM : qseecom_receive_req: Interrupted: exiting Listener Service = 12288
11-03 09:43:49.390452     0     0 W QSEECOM : qseecom_receive_req: Interrupted: exiting Listener Service = 11
11-03 09:43:49.392192     0     0 I         : done.
11-03 09:43:59.698232     0     0 I PM      : suspend exit 2021-11-03 08:43:59.698232969 UTC
11-03 09:43:59.724770     0     0 E FG      : fg_psy_get_property: unsupported property 7
11-03 09:43:59.624216     0     0 W healthd : battery l=20 v=3756 t=28.0 h=2 st=3 c=5 fc=443000 cc=0 chg=
--------- switch to main
11-03 09:43:59.733180   512  1749 I sensors-hal: batch:140, android.sensor.light/46, period=100000000, max_latency=0
11-03 09:43:59.733327   512  1749 I sensors-hal: batch:149, android.sensor.light/46, period=100000000, max_latency=0 request completed
11-03 09:43:59.734755   512  1749 I sensors-hal: activate:107, android.sensor.light/46 en=1
11-03 09:43:59.735192   512  1749 I sensors-hal: ssc_enable_rt_task:254, ssc_enable_rt_task : true
11-03 09:43:59.741446   512  1749 I sensors-hal: activate:118, android.sensor.light/46 en=1 completed
11-03 09:43:59.743471  1686  1823 I SidekickService: endDisplayLocked()
--------- switch to system
11-03 09:43:59.743813  1686  1710 I DisplayManagerService: Display device changed state: "Écran intégré", ON
--------- switch to main
11-03 09:43:59.753404   416  2389 D SKGHAL  : sendAmbientEvent: enter: enable = 0
11-03 09:43:59.771585  4243  4243 D OMService: onDisplayChanged: not dozing
11-03 09:43:59.794833  1686  1759 I InputReader: Reconfiguring input devices.  changes=0x00000004
11-03 09:43:59.800019   512  1749 I sensors-hal: batch:140, android.sensor.accelerometer/48, period=66667000, max_latency=100000000
11-03 09:43:59.800199   512  1749 I sensors-hal: batch:149, android.sensor.accelerometer/48, period=66667000, max_latency=100000000 request completed
11-03 09:43:59.800928   512  1749 I sensors-hal: activate:107, android.sensor.accelerometer/48 en=1
11-03 09:43:59.801536   512  1749 I sensors-hal: ssc_enable_rt_task:254, ssc_enable_rt_task : true
11-03 09:43:59.807733   512  1749 I sensors-hal: activate:118, android.sensor.accelerometer/48 en=1 completed
--------- switch to kernel
11-03 09:43:59.704327     0     0 E bgrsb   : bgrsb_enable: rsb will set report rate
11-03 09:43:59.715274     0     0 E bgrsb   : bgrsb_enable: gpio 32 is valid
--------- switch to main
11-03 09:43:59.823076  1956  1956 D QtiCarrierConfigHelper: WARNING, no carrier configs on phone Id: 0
11-03 09:43:59.826705  2520  2520 D HOME    : [BatteryChange]action: android.intent.action.BATTERY_CHANGED
11-03 09:43:59.827403  2520 11412 D HOME    : [BatteryChange]HandleBatteryChangedTask
11-03 09:43:59.828084  2520 11412 D HOME    : [BatteryChange]level: 20, status: 3
11-03 09:43:59.835716   504   523 I SDM     : DisplayBase::SetDisplayState: Set state = 3, display 0
11-03 09:43:59.836134   504   523 D SDM     : HWCDisplayPrimary::SetStandByMode: Display is connected successfully
11-03 09:43:59.836820   416  2389 D SKGHAL  : standBy_update_control call succeed on 0
11-03 09:43:59.836914   416  2389 D SKGHAL  : sendAmbientEvent: done: enable = 0
11-03 09:43:59.837889  1686  1823 D SidekickService:    ... endDisplay returns void
11-03 09:43:59.839146   545   545 D SurfaceFlinger: Set power mode=2, type=0 flinger=0xb6bb6000
11-03 09:43:59.839673   504   761 I SDM     : DisplayBase::SetDisplayState: Set state = 1, display 0
--------- switch to kernel
11-03 09:43:59.733188     0     0 I         : [touch]FB_BLANK_VSYNC_SUSPEND
11-03 09:43:59.733196     0     0 I         : [touch]Already in suspend state
--------- switch to main
11-03 09:43:59.850947   545   545 D SurfaceFlinger: Finished set power mode=2, type=0
--------- switch to kernel
11-03 09:43:59.744793     0     0 I mdss_dsi_panel_set_idle_mode: Idle (1->0)
11-03 09:43:59.746112     0     0 E mdp3_enable_panic_ctrl: mdp3_enable_panic_ctrl: Enable Panic Control
11-03 09:43:59.746244     0     0 I         : [touch]FB_BLANK_UNBLANK
11-03 09:43:59.746251     0     0 I         : [touch]raydium_ts_do_resume, 1.
11-03 09:43:59.746788     0     0 I         : [ raydium ]workqueue is empty!
11-03 09:43:59.746815     0     0 I raydium_ts 5-0039: [touch]Already enable irq
11-03 09:43:59.746821     0     0 I         : [touch]Device may wakeup
--------- switch to system
11-03 09:43:59.857616  1686  1712 W PowerManagerService: Screen on took 287 ms
11-03 09:43:59.858068  1686  1712 I DreamManagerService: Gently waking up from dream.
11-03 09:43:59.858545  1686  1708 I DreamManagerService: Performing gentle wake from dream.
--------- switch to main
11-03 09:43:59.859587  1686  1799 E WifiStateMachine: getWifiLinkLayerStats called without an interface
11-03 09:43:59.863898   512 11466 I sensors-hal: handle_indication_realtime:355,  SCHED_FIFO(10) for qmi_cbk
--------- switch to system
11-03 09:43:59.867597  1686  1686 V DreamService[AmbientDream]: wakeUp(): fromSystem=true, mWaking=false, mFinished=false
11-03 09:43:59.867798  1686  1686 V DreamService[AmbientDream]: finish(): mFinished=false
11-03 09:43:59.867970  1686  1686 I DreamManagerService: Leaving dreamland.
11-03 09:43:59.869678  1686  1708 I DreamManagerService: Performing gentle wake from dream.
11-03 09:43:59.869930  1686  1708 I DreamController: Stopping dream: name=ComponentInfo{com.google.android.wearable.ambient/com.google.android.wearable.ambient.AmbientDream}, isTest=false, canDoze=true, userId=0
11-03 09:43:59.875070  1686  1702 W BroadcastQueue: Background execution not allowed: receiving Intent { act=android.intent.action.USER_PRESENT flg=0x10 } to com.google.android.gms/.auth.setup.devicesignals.LockScreenReceiver
--------- switch to main
11-03 09:43:59.886606  3205  3434 W WorkController: Loading failed for worker [trainingcache]: worker not found
11-03 09:43:59.887581  3205  3294 W A       : TrainingCache cache DEVICE_UNLOCKED failure
11-03 09:43:59.887581  3205  3294 W A       : com.google.android.apps.gsa.search.core.service.h.a.a: No worker found for Worker ID [trainingcache].
11-03 09:43:59.887581  3205  3294 W A       : 	at com.google.android.apps.gsa.search.core.service.g.a.c.a(Unknown Source:5)
11-03 09:43:59.887581  3205  3294 W A       : 	at com.google.android.libraries.gsa.c.a.d.a(Unknown Source:3)
11-03 09:43:59.887581  3205  3294 W A       : 	at com.google.common.p.a.cg.c(Unknown Source:2)
11-03 09:43:59.887581  3205  3294 W A       : 	at com.google.common.p.a.bk.run(SourceFile:3)
11-03 09:43:59.887581  3205  3294 W A       : 	at com.google.common.p.a.ci.run(Unknown Source:4)
11-03 09:43:59.887581  3205  3294 W A       : 	at com.google.apps.tiktok.concurrent.ab.run(SourceFile:1)
11-03 09:43:59.887581  3205  3294 W A       : 	at java.util.concurrent.ThreadPoolExecutor.runWorker(ThreadPoolExecutor.java:1167)
11-03 09:43:59.887581  3205  3294 W A       : 	at java.util.concurrent.ThreadPoolExecutor$Worker.run(ThreadPoolExecutor.java:641)
