11-02 23:28:02.198361  3205  3372 W A       : 	at java.util.concurrent.ThreadPoolExecutor$Worker.run(ThreadPoolExecutor.java:641)
11-02 23:28:02.198361  3205  3372 W A       : 	at com.google.apps.tiktok.concurrent.c.run(Unknown Source:4)
11-02 23:28:02.198361  3205  3372 W A       : 	at java.lang.Thread.run(Thread.java:764)
--------- switch to kernel
11-02 23:28:02.101362     0     0 I init    : processing action (ro.enable_core_ctl=true && sys.cw_corectl_mode=perf) from (/vendor/etc/init/hw/init.qcom.rc:954)
11-02 23:28:02.119014     0     0 I CPU2    : update cpu_capacity 1024
--------- switch to main
11-02 23:28:02.232982  2520  2520 D HOME    : [StreamDBQueue]Promised revision #2839 to queue a new op
11-02 23:28:02.233262  2520  2520 D WatchStreamManager: Promised rank-blocked=true @ r#2839
11-02 23:28:02.233853  2520  9131 D HOME    : [WatchStreamDB]Item alerting conditions - isInterruptive: false, recentlyInterrupted: false, isItemPinned: false, isUnread: false
11-02 23:28:02.234197  2520  9131 D HOME    : [StreamAlertingRegulator]isTheaterModeEnabled: false, isAlertingAllowedByOffBody: true, matchesLocalInterruptionFilter: true
11-02 23:28:02.234700  2520  9131 D HOME    : [WatchStreamDB]couldItemAlert: false, isTopItemChanged: false, isDeferralForTopItem: false
--------- switch to kernel
11-02 23:28:02.140484     0     0 I CPU3    : update cpu_capacity 1024
11-02 23:28:02.145864     0     0 I CPU1    : update max cpu_capacity 748
11-02 23:28:02.146752     0     0 I CPU2    : update max cpu_capacity 1024
--------- switch to main
11-02 23:28:02.255206   512  1749 I sensors-hal: activate:107, android.sensor.light/46 en=0
11-02 23:28:02.256131   512  1749 I sensors-hal: activate:118, android.sensor.light/46 en=0 completed
11-02 23:28:02.257626   512  1749 I sensors-hal: batch:140, android.sensor.light/46, period=250000000, max_latency=0
11-02 23:28:02.257707   512  1749 I sensors-hal: batch:149, android.sensor.light/46, period=250000000, max_latency=0 request completed
11-02 23:28:02.257999   512  1749 I sensors-hal: activate:107, android.sensor.light/46 en=1
11-02 23:28:02.258268   512  1749 I sensors-hal: ssc_enable_rt_task:254, ssc_enable_rt_task : true
11-02 23:28:02.261404   512  1749 I sensors-hal: activate:118, android.sensor.light/46 en=1 completed
--------- switch to system
11-02 23:28:02.264022  1686  1686 V SettingsProvider: Notifying for 0: content://settings/system/screen_brightness
--------- switch to main
11-02 23:28:02.265917  1686  1686 I SidekickService: loadBrightnessLocked()
--------- switch to kernel
11-02 23:28:02.194134     0     0 I init    : Command 'write /sys/devices/system/cpu/cpu3/online 1' action=ro.enable_core_ctl=true && sys.cw_corectl_mode=perf (/vendor/etc/init/hw/init.qcom.rc:957) took 54ms and succeeded
--------- switch to main
11-02 23:28:02.268384  1686  1686 D SidekickService: screenBrightness  = 50
--------- switch to kernel
11-02 23:28:02.195902     0     0 I CPU2    : update max cpu_capacity 1024
--------- switch to main
11-02 23:28:02.268949  1686  1686 D SidekickService: sendConfigValuesLocked(): alsThresholds = [40, 92, 95, 100, 125, 150, 175, 200, 225, 250, 300, 400, 500, 800, 1200], brightnessValuesBright = [50, 56, 60, 70, 80, 90, 100, 115, 120, 140, 160, 180, 200, 220, 240, 255], brightnessValuesDim= [50, 56, 60, 70, 80, 90, 100, 115, 120, 140, 160, 180, 200, 220, 240, 255]
11-02 23:28:02.315074  1686  1686 D SidekickService: setAlsMode(): mode = 2, brightenAlpha = 80, dimmingAlpha = 80
11-02 23:28:02.325919  1686  1686 D SidekickService: setTwmConfig():: msTiltToBright = 10000, tiltToBright = false
11-02 23:28:02.437512   512  9627 I sensors-hal: handle_indication_realtime:355,  SCHED_FIFO(10) for qmi_cbk
11-02 23:28:05.104761  1686  1686 D HandsFreeClientShard: Connecting HandsFree client profile (retry).
11-02 23:28:05.108099  1686  1686 D BluetoothHeadsetClient: disconnect(14:3C:C3:AD:3D:53)
11-02 23:28:05.110352  1686  1686 D BluetoothHeadsetClient: connect(14:3C:C3:AD:3D:53)
11-02 23:28:05.116487  1829  2096 D HeadsetClientStateMachine: Disconnected process message: 1
11-02 23:28:05.119438  1829  2027 I bt_btif_queue: queue_int_add: adding connection request: address=14:3c:c3:ad:3d:53 UUID=111E busy=false
11-02 23:28:05.119594  1829  2027 I bt_btif_queue: btif_queue_connect_next: executing connection request: address=14:3c:c3:ad:3d:53 UUID=111E busy=false
11-02 23:28:05.119643  1829  2027 E bt_btif : is_connected: not connected!
11-02 23:28:05.119711  1829  2027 W bt_btif : bta_hf_client_find_cb_by_bda: bdaddr mismatch for handle 0 alloc 0
11-02 23:28:05.119749  1829  2027 W bt_btif : bta_hf_client_find_cb_by_bda: bdaddr mismatch for handle 1 alloc 0
11-02 23:28:05.121914  1829  1829 D AdapterProperties: PROFILE_CONNECTION_STATE_CHANGE: profile=16, device=14:3C:C3:AD:3D:53, 0 -> 1
11-02 23:28:05.122319  1829  1829 D AdapterProperties: ADAPTER_CONNECTION_STATE_CHANGE: 14:3C:C3:AD:3D:53: 0 -> 1
11-02 23:28:05.123317  1829  2027 W bt_btif : bta_hf_client_find_cb_by_bda: bdaddr mismatch for handle 2 alloc 0
11-02 23:28:05.123394  1829  2027 W bt_btif : bta_hf_client_find_cb_by_bda: bdaddr mismatch for handle 3 alloc 0
11-02 23:28:05.123422  1829  2027 W bt_btif : bta_hf_client_find_cb_by_bda: bdaddr mismatch for handle 4 alloc 0
11-02 23:28:05.123444  1829  2027 W bt_btif : bta_hf_client_find_cb_by_bda: bdaddr mismatch for handle 5 alloc 0
11-02 23:28:05.123467  1829  2027 W bt_btif : bta_hf_client_find_cb_by_bda: bdaddr mismatch for handle 6 alloc 0
11-02 23:28:05.123489  1829  2027 W bt_btif : bta_hf_client_find_cb_by_bda: bdaddr mismatch for handle 7 alloc 0
11-02 23:28:05.123511  1829  2027 W bt_btif : bta_hf_client_find_cb_by_bda: bdaddr mismatch for handle 8 alloc 0
11-02 23:28:05.123533  1829  2027 W bt_btif : bta_hf_client_find_cb_by_bda: bdaddr mismatch for handle 9 alloc 0
11-02 23:28:05.123553  1829  2027 E bt_btif : bta_hf_client_find_cb_by_bda: block not found
11-02 23:28:05.124016  5603  5603 D BtTelecomReceiver: onReceive: Intent { act=android.bluetooth.headsetclient.profile.action.CONNECTION_STATE_CHANGED flg=0x10 cmp=com.google.android.apps.wearable.bluetooth/com.google.android.clockwork.hfp.BtTelecomBroadcastReceiver (has extras) }
11-02 23:28:05.124161  5603  5603 D BtTelecomReceiver: Hfp connection changed: -724754873 0 -> 1
--------- switch to system
11-02 23:28:05.131202  1686  1702 W BroadcastQueue: Background execution not allowed: receiving Intent { act=android.bluetooth.adapter.action.CONNECTION_STATE_CHANGED flg=0x4000010 (has extras) } to com.google.android.gms/.chimera.GmsIntentOperationService$PersistentTrustedReceiver
11-02 23:28:06.669075  1686  1712 I PowerManagerService: Going to sleep due to screen timeout (uid 1000)...
11-02 23:28:06.670245  1686  1686 W UsageStatsService: Event reported without a package name
11-02 23:28:06.670652  1686  1712 I DreamManagerService: Entering dreamland.
11-02 23:28:06.673169  1686  1712 I PowerManagerService: Dozing...
11-02 23:28:06.687263  1686  1708 I DreamController: Starting dream: name=ComponentInfo{com.google.android.wearable.ambient/com.google.android.wearable.ambient.AmbientDream}, isTest=false, canDoze=true, userId=0
11-02 23:28:06.708775  1686  1686 W ContextImpl: Calling a method in the system process without a qualified user: android.app.ContextImpl.bindService:1611 android.content.ContextWrapper.bindService:698 com.google.android.wearable.ambient.AmbientDream.onCreate:191 android.app.ActivityThread.handleCreateService:3533 android.app.ActivityThread.access$1300:200 
11-02 23:28:06.712597  1686  1686 W ContextImpl: Calling a method in the system process without a qualified user: android.app.ContextImpl.sendBroadcast:1005 android.content.ContextWrapper.sendBroadcast:444 com.google.android.wearable.ambient.AmbientDream.onCreate:241 android.app.ActivityThread.handleCreateService:3533 android.app.ActivityThread.access$1300:200 
11-02 23:28:06.713437  1686  1686 V DreamService[AmbientDream]: onBind() intent = Intent { act=android.service.dreams.DreamService flg=0x800000 cmp=com.google.android.wearable.ambient/.AmbientDream }
--------- switch to main
11-02 23:28:06.715912  1686  1686 I AmbientService: [ce6a28c] Ambient Created
--------- switch to system
11-02 23:28:06.720322  1686  1686 V DreamService[AmbientDream]: Calling onDreamingStarted()
--------- switch to main
11-02 23:28:06.720511  1686  1686 I AmbientService: [ce6a28c] doOnDreamingStarted
11-02 23:28:06.721105  1686  1686 D SidekickService: setShouldControlDisplay called: true
11-02 23:28:06.722197  1686  1686 I AmbientService: [ce6a28c] Selected running activity for ambient mode: AmbientActivity[component=ComponentInfo{com.google.android.wearable.app/com.google.android.clockwork.home2.activity.HomeActivity2}, callbacks=@210b385, running=true, ambientRequested=true, ambientEnabled=true, offloadEnabled=true]
11-02 23:28:06.722851  1686  1686 I AmbientService: [ce6a28c] Sidekick is ready to display, requesting doze.
11-02 23:28:06.723493  1686  1686 I AmbientService: [ce6a28c] No auto-resume Activity.
11-02 23:28:06.725158  1686  1686 W DefaultSettingsContentR: Value for ambient_low_bit_enabled not stored as number. Attempting parse as boolean.
11-02 23:28:06.726317  2520  2520 D HOME    : [HomeVisitsLogger]Logging streamlet event: enter_ambient_mode
11-02 23:28:06.726921  2520  2520 D HOME    : [HotwordController]updateClient MODE_WATCH_FACE false true false true
11-02 23:28:06.727031  2520  9393 D HOME    : [HomeVisitsLogger]Logging streamlet event: visit_end
11-02 23:28:06.727846  2520  2520 D HOME    : [WatchFaceUiController]setInAmbientMode true
11-02 23:28:06.728169  1686  1686 I AmbientService: [ce6a28c] Showing watch face in offload mode, canceling alarm.
11-02 23:28:06.728231  1686  1686 W AlarmManagerProxy: Removing unknown listener
11-02 23:28:06.728325  1686  1686 D WristGestureCtrl: Stopping detectors: GesturesEnabled-false gestureDetector-false ungazeEnabled-true ungaze-true
11-02 23:28:06.728364  1686  1686 D DefaultUngazeDetector: stopping
11-02 23:28:06.729386  2520  2520 D HOME    : [StreamDBQueue]Promised revision #2840 to queue a new op
11-02 23:28:06.729596  2520  2520 D WatchStreamManager: Promised rank-blocked=false @ r#2840
11-02 23:28:06.730109  2520  2520 D HOME    : [StreamDBQueue]Promised revision #2841 to queue a new op
11-02 23:28:06.730310  2520  2520 D WatchStreamManager: Promised rank-blocked=false @ r#2841
11-02 23:28:06.731138  2520  9392 D HOME    : [StreamDBQueue]Promised revision #2842 to queue a new op
11-02 23:28:06.731137  2520  2520 D HOME    : [EventBus]Wrapper pool is full. Discarding excess wrapper instance for event com.google.android.clockwork.sysui.events.KeyguardStateEvent
11-02 23:28:06.731230  2520  2520 D HOME    : [WatchFaceUiController]sendStateToWallpaper
11-02 23:28:06.731263  2520  9392 D WatchStreamManager: Promised rerank @ r#2842
11-02 23:28:06.731644   512   512 I sensors-hal: batch:140, android.sensor.accelerometer/48, period=66667000, max_latency=100000000
11-02 23:28:06.731815  2520  9393 I SidekickManager: replaceWatchFaceComponentsImpl(): watchFace = com.google.android.clockwork.decomposablewatchface.WatchFaceDecomposition@b18ddd1
11-02 23:28:06.732584  1686  5241 D SidekickService: sendWatchFaceComponents called: watchFace = com.google.android.clockwork.decomposablewatchface.WatchFaceDecomposition@458a952shouldReplace = false
11-02 23:28:06.732755  2520  2520 D HOME    : [EventBus]Wrapper pool is full. Discarding excess wrapper instance for event com.google.android.clockwork.sysui.events.KeyguardStateEvent
11-02 23:28:06.732797  1686  5241 D SidekickService: Check decomposition for calling app com.google.android.wearable.app with uid 10049
11-02 23:28:06.732978  2520  2520 D HOME    : [EventBus]Wrapper pool is full. Discarding excess wrapper instance for event com.google.android.clockwork.sysui.events.KeyguardStateEvent
11-02 23:28:06.733349  2520  9575 D HOME    : [WatchStreamDB]Item alerting conditions - isInterruptive: false, recentlyInterrupted: false, isItemPinned: false, isUnread: false
11-02 23:28:06.733583   512   512 I sensors-hal: batch:149, android.sensor.accelerometer/48, period=66667000, max_latency=100000000 request completed
11-02 23:28:06.735663  2520  9575 D HOME    : [StreamAlertingRegulator]isTheaterModeEnabled: false, isAlertingAllowedByOffBody: true, matchesLocalInterruptionFilter: true
11-02 23:28:06.735910  1686  5241 D SidekickService: sendWatchFaceLocked(): shouldReplace = false, mSidekickIsControlling = false, 1 images, 0 fonts, 0 numbers, 0 proportionalFonts, 0 strings
11-02 23:28:06.735989  1686  5241 D SidekickService: ISidekickGraphics#beginResources()...
11-02 23:28:06.737002  1686  5241 D SidekickServiceUtils: bitmapFromDrawable: Returning bitmap directly
11-02 23:28:06.740225  2520  2520 W StaticLayout: maxLineHeight should not be -1.  maxLines:1 lineCount:1
11-02 23:28:06.741642  2520  9575 D HOME    : [WatchStreamDB]couldItemAlert: false, isTopItemChanged: false, isDeferralForTopItem: false
11-02 23:28:06.742220  1686  5241 D SidekickService: sendBitmapsLocked(): bounds = RectF(0.0, 0.0, 0.0024038462, 0.0024038462), drawableInfo = {.id = 100000, .width = 1, .height = 1, .display = true, .offsetX = 0.0, .offsetY = 0.0, .rotationInfo = {.hasRotation = false, .pivotX = 0.0, .pivotY = 0.0, .degreesPerDay = 0.0, .degreesPerStep = 0.0, .zeroDegreesTime = {.daysSinceLocalEpoch = 0, .msSinceMidnight = 0}}, .transformInfo = {.transformed = false, .flipX = false, .flipY = false, .flip45 = false, .scaleX = 0.0, .scaleY = 0.0}, .type = GENERIC, .blink = {.blinking = false, .periodOnMs = 0.0, .periodOffMs = 0.0, .startTime = {.daysSinceLocalEpoch = 0, .msSinceMidnight = 0}}, .zOrder = 8, .displayInTwm = true}, image.size() = 84
11-02 23:28:06.743525   416   416 D SKGHAL  : saveResource: resId = 100000
11-02 23:28:06.744146  1686  5241 D SidekickService: sendBitmapsLocked(): status = 0, bytesUsed = 18
11-02 23:28:06.744382  1686  5241 D SidekickService: ISidekickGraphics#endResources()...
11-02 23:28:06.744412  2520  9575 D HOME    : [WatchStreamDB]Item alerting conditions - isInterruptive: false, recentlyInterrupted: false, isItemPinned: false, isUnread: false
11-02 23:28:06.750103  2520  9575 D HOME    : [StreamAlertingRegulator]isTheaterModeEnabled: false, isAlertingAllowedByOffBody: true, matchesLocalInterruptionFilter: true
11-02 23:28:06.750990  2520  9575 D HOME    : [WatchStreamDB]couldItemAlert: false, isTopItemChanged: false, isDeferralForTopItem: false
11-02 23:28:06.751890  2520  9575 D HOME    : [WatchStreamDB]updateRanking()
11-02 23:28:06.752616  2520  9575 D HOME    : [WatchStreamDB]Item alerting conditions - isInterruptive: false, recentlyInterrupted: false, isItemPinned: false, isUnread: false
11-02 23:28:06.753017  2520  9575 D HOME    : [StreamAlertingRegulator]isTheaterModeEnabled: false, isAlertingAllowedByOffBody: true, matchesLocalInterruptionFilter: true
11-02 23:28:06.753336  2520  9575 D HOME    : [WatchStreamDB]couldItemAlert: false, isTopItemChanged: false, isDeferralForTopItem: false
11-02 23:28:06.754021  2520  9575 D HOME    : [NewStreamAdapter]Publishing revision #2842 to adapter clients
11-02 23:28:06.754648  2520  9392 D HOME    : [StreamDBQueue]Promised revision #2843 to queue a new op
11-02 23:28:06.755017  2520  9392 D WatchStreamManager: Promised rerank @ r#2843
11-02 23:28:06.757648  2520  9575 D HOME    : [WatchStreamDB]updateRanking()
11-02 23:28:06.758414  2520  9575 D HOME    : [WatchStreamDB]Item alerting conditions - isInterruptive: false, recentlyInterrupted: false, isItemPinned: false, isUnread: false
11-02 23:28:06.758757  2520  9575 D HOME    : [StreamAlertingRegulator]isTheaterModeEnabled: false, isAlertingAllowedByOffBody: true, matchesLocalInterruptionFilter: true
11-02 23:28:06.759002  2520  9575 D HOME    : [WatchStreamDB]couldItemAlert: false, isTopItemChanged: false, isDeferralForTopItem: false
11-02 23:28:06.760682  2520  9575 D HOME    : [NewStreamAdapter]Publishing revision #2843 to adapter clients
11-02 23:28:07.024820   416   416 D SKGHAL  : sendResources: metadata size = 2400, font size = 72
11-02 23:28:07.103528   416   416 D SKGHAL  : endResources: rc = 0
11-02 23:28:07.105185  1686  1686 W system_server: Long monitor contention with owner Binder:1686_17 (5241) at int com.google.android.clockwork.sidekick.SidekickService$BinderService.sendWatchFace(com.google.android.clockwork.decomposablewatchface.WatchFaceDecomposition, boolean)(SidekickService.java:1021) waiters=0 in boolean com.google.android.clockwork.sidekick.SidekickService$BinderService.readyToDisplay() for 363ms
11-02 23:28:07.106311  2520  2520 D HOME    : [SidekickManagerAsync]replaceWatchFaceComponents(): Callback#onResult(): 0
11-02 23:28:07.106646  2520  2520 D HOME    : [WatchFaceUiController]Complication updates sent, posting watch face hiding
11-02 23:28:07.106737  2520  2520 D HOME    : [WatchFaceUiController]Still in ambient watch face, hiding
11-02 23:28:07.106803  2520  2520 D HOME    : [WatchFaceUiController]Hiding watch face wallpaper.
--------- switch to system
11-02 23:28:07.106872  1686  1686 W Looper  : Slow dispatch took 371ms main h=android.os.Handler c=com.google.android.wearable.ambient.AmbientDream$Callbacks$1@4c34423 m=0
11-02 23:28:07.108586  1686  1686 V SettingsProvider: Notifying for 0: content://settings/system/screen_brightness
--------- switch to main
11-02 23:28:07.111234  1686  1686 I SidekickService: loadBrightnessLocked()
11-02 23:28:07.112175  1686  1686 D SidekickService: screenBrightness  = 51
11-02 23:28:07.112870  1686  1686 D SidekickService: sendConfigValuesLocked(): alsThresholds = [40, 92, 95, 100, 125, 150, 175, 200, 225, 250, 300, 400, 500, 800, 1200], brightnessValuesBright = [50, 56, 60, 70, 80, 90, 100, 115, 120, 140, 160, 180, 200, 220, 240, 255], brightnessValuesDim= [50, 56, 60, 70, 80, 90, 100, 115, 120, 140, 160, 180, 200, 220, 240, 255]
11-02 23:28:07.129300  1686  1686 D SidekickService: setAlsMode(): mode = 2, brightenAlpha = 80, dimmingAlpha = 80
--------- switch to kernel
11-02 23:28:07.057710     0     0 E FG      : fg_psy_get_property: unsupported property 7
11-02 23:28:07.062989     0     0 W healthd : battery l=45 v=3766 t=33.0 h=2 st=3 c=145 fc=443000 cc=0 chg=
--------- switch to main
11-02 23:28:07.146314   512   512 I sensors-hal: activate:107, android.sensor.light/46 en=0
11-02 23:28:07.149673  1686  1686 D SidekickService: setTwmConfig():: msTiltToBright = 10000, tiltToBright = false
11-02 23:28:07.150579   512   512 I sensors-hal: activate:118, android.sensor.light/46 en=0 completed
11-02 23:28:07.155194  1956  1956 D QtiCarrierConfigHelper: WARNING, no carrier configs on phone Id: 0
11-02 23:28:07.156166  2520  2520 D HOME    : [BatteryChange]action: android.intent.action.BATTERY_CHANGED
11-02 23:28:07.159658  2520  9393 D HOME    : [BatteryChange]HandleBatteryChangedTask
11-02 23:28:07.160274  2520  9393 D HOME    : [BatteryChange]level: 45, status: 3
--------- switch to system
11-02 23:28:07.175967  1686  1710 I DisplayManagerService: Display device changed state: "Écran intégré", DOZE_SUSPEND
--------- switch to main
11-02 23:28:07.193683   545   545 D SurfaceFlinger: Set power mode=3, type=0 flinger=0xb6bb6000
11-02 23:28:07.194406   504   762 I SDM     : DisplayBase::SetDisplayState: Set state = 3, display 0
11-02 23:28:07.200176  1686  1759 I InputReader: Reconfiguring input devices.  changes=0x00000004
11-02 23:28:07.224220   545   545 D SurfaceFlinger: Finished set power mode=3, type=0
11-02 23:28:07.224758  1686  1823 I SidekickService: beginDisplayLocked(): DOZE_SUSPEND
11-02 23:28:07.225341   416   416 D SKGHAL  : sendAmbientPrepare: enter:
--------- switch to kernel
11-02 23:28:07.120224     0     0 I mdss_dsi_panel_set_idle_mode: Idle (0->1)
11-02 23:28:07.146204     0     0 I         : [touch]FB_BLANK_VSYNC_SUSPEND
11-02 23:28:07.146210     0     0 I         : [touch]irq disable
11-02 23:28:07.146214     0     0 I         : [touch]workqueue is empty!
11-02 23:28:07.146218     0     0 I         : [touch]raydium_ts_do_suspend.
11-02 23:28:07.146226     0     0 I         : [touch]Device may wakeup
11-02 23:28:07.149613     0     0 I         : [touch]irq enable
--------- switch to system
11-02 23:28:07.291066  1686  1759 I PowerManagerService: Waking up from dozing (uid=1000 reason=android.policy:MOTION)...
11-02 23:28:07.291793  1686  1686 W UsageStatsService: Event reported without a package name
11-02 23:28:07.294017  2520  2520 W ViewRootImpl[HomeActivity2]: Dropping event due to no window focus: MotionEvent { action=ACTION_HOVER_ENTER, actionButton=0, id[0]=0, x[0]=100.0, y[0]=100.0, toolType[0]=TOOL_TYPE_FINGER, buttonState=0, metaState=0, flags=0x0, edgeFlags=0x0, pointerCount=1, historySize=0, eventTime=2135350, downTime=1980708, deviceId=1, source=0x1002 }
--------- switch to kernel
11-02 23:28:07.227245     0     0 I         : [touch]display wake up
11-02 23:28:07.231438     0     0 E FG      : fg_psy_get_property: unsupported property 7
11-02 23:28:07.234081     0     0 W healthd : battery l=45 v=3749 t=33.0 h=2 st=3 c=190 fc=443000 cc=0 chg=
--------- switch to system
11-02 23:28:07.315448  2520  2520 W ViewRootImpl[HomeActivity2]: Cancelling event due to no window focus: MotionEvent { action=ACTION_CANCEL, actionButton=0, id[0]=0, x[0]=100.0, y[0]=100.0, toolType[0]=TOOL_TYPE_FINGER, buttonState=0, metaState=0, flags=0x0, edgeFlags=0x0, pointerCount=1, historySize=0, eventTime=2135361, downTime=1980708, deviceId=1, source=0x1002 }
--------- switch to main
11-02 23:28:07.330938   512  1749 I sensors-hal: batch:140, android.sensor.light/46, period=100000000, max_latency=0
11-02 23:28:07.331043   512  1749 I sensors-hal: batch:149, android.sensor.light/46, period=100000000, max_latency=0 request completed
11-02 23:28:07.331699   512  1749 I sensors-hal: activate:107, android.sensor.light/46 en=1
11-02 23:28:07.332298   512  1749 I sensors-hal: ssc_enable_rt_task:254, ssc_enable_rt_task : true
11-02 23:28:07.335127   512  1749 I sensors-hal: activate:118, android.sensor.light/46 en=1 completed
11-02 23:28:07.336090   512  1749 I sensors-hal: activate:107, android.sensor.accelerometer/48 en=0
11-02 23:28:07.337921   512  1749 I sensors-hal: activate:118, android.sensor.accelerometer/48 en=0 completed
11-02 23:28:07.341915   512  1749 I sensors-hal: batch:140, android.sensor.accelerometer/48, period=66667000, max_latency=100000000
11-02 23:28:07.341985   512  1749 I sensors-hal: batch:149, android.sensor.accelerometer/48, period=66667000, max_latency=100000000 request completed
11-02 23:28:07.342395   512  1749 I sensors-hal: activate:107, android.sensor.accelerometer/48 en=1
11-02 23:28:07.342790   512  1749 I sensors-hal: ssc_enable_rt_task:254, ssc_enable_rt_task : true
11-02 23:28:07.345869   512  1749 I sensors-hal: activate:118, android.sensor.accelerometer/48 en=1 completed
11-02 23:28:07.349099  1956  1956 D QtiCarrierConfigHelper: WARNING, no carrier configs on phone Id: 0
11-02 23:28:07.354046  2520  2520 D HOME    : [BatteryChange]action: android.intent.action.BATTERY_CHANGED
11-02 23:28:07.354656  2520  9393 D HOME    : [BatteryChange]HandleBatteryChangedTask
11-02 23:28:07.355240  2520  9393 D HOME    : [BatteryChange]level: 45, status: 3
11-02 23:28:07.358189  1686  1799 E WifiStateMachine: getWifiLinkLayerStats called without an interface
--------- switch to system
11-02 23:28:07.316028  2520  2520 I chatty  : uid=10049(com.google.android.wearable.app) identical 2 lines
11-02 23:28:07.316321  2520  2520 W ViewRootImpl[HomeActivity2]: Cancelling event due to no window focus: MotionEvent { action=ACTION_CANCEL, actionButton=0, id[0]=0, x[0]=100.0, y[0]=100.0, toolType[0]=TOOL_TYPE_FINGER, buttonState=0, metaState=0, flags=0x0, edgeFlags=0x0, pointerCount=1, historySize=0, eventTime=2135361, downTime=1980708, deviceId=1, source=0x1002 }
11-02 23:28:07.362309  1686  1702 W BroadcastQueue: Background execution not allowed: receiving Intent { act=android.intent.action.USER_PRESENT flg=0x10 } to com.google.android.gms/.auth.setup.devicesignals.LockScreenReceiver
11-02 23:28:07.362875  1686  1702 W BroadcastQueue: Background execution not allowed: receiving Intent { act=android.intent.action.USER_PRESENT flg=0x10 } to com.google.android.gms/.chimera.GmsIntentOperationService$PersistentTrustedReceiver
--------- switch to main
11-02 23:28:07.364979  3205  3434 W WorkController: Loading failed for worker [trainingcache]: worker not found
11-02 23:28:07.366328  3205  3294 W A       : TrainingCache cache DEVICE_UNLOCKED failure
11-02 23:28:07.366328  3205  3294 W A       : com.google.android.apps.gsa.search.core.service.h.a.a: No worker found for Worker ID [trainingcache].
11-02 23:28:07.366328  3205  3294 W A       : 	at com.google.android.apps.gsa.search.core.service.g.a.c.a(Unknown Source:5)
11-02 23:28:07.366328  3205  3294 W A       : 	at com.google.android.libraries.gsa.c.a.d.a(Unknown Source:3)
11-02 23:28:07.366328  3205  3294 W A       : 	at com.google.common.p.a.cg.c(Unknown Source:2)
11-02 23:28:07.366328  3205  3294 W A       : 	at com.google.common.p.a.bk.run(SourceFile:3)
11-02 23:28:07.366328  3205  3294 W A       : 	at com.google.common.p.a.ci.run(Unknown Source:4)
11-02 23:28:07.366328  3205  3294 W A       : 	at com.google.apps.tiktok.concurrent.ab.run(SourceFile:1)
11-02 23:28:07.366328  3205  3294 W A       : 	at java.util.concurrent.ThreadPoolExecutor.runWorker(ThreadPoolExecutor.java:1167)
11-02 23:28:07.366328  3205  3294 W A       : 	at java.util.concurrent.ThreadPoolExecutor$Worker.run(ThreadPoolExecutor.java:641)
11-02 23:28:07.366328  3205  3294 W A       : 	at com.google.apps.tiktok.concurrent.c.run(Unknown Source:4)
11-02 23:28:07.366328  3205  3294 W A       : 	at java.lang.Thread.run(Thread.java:764)
11-02 23:28:07.367087   416   416 D SKGHAL  : sendAmbientEvent: enter: enable = 1
11-02 23:28:07.368303   504   523 I SDM     : DisplayBase::SetDisplayState: Set state = 4, display 0
11-02 23:28:07.368375   504   523 D SDM     : HWCDisplayPrimary::SetStandByMode: Null display is connected successfully
11-02 23:28:07.368538   416   416 D SKGHAL  : standBy_update_control call succeed on 1
11-02 23:28:07.377146   416   416 D SKGHAL  : sendAmbientEvent: done: enable = 1
11-02 23:28:07.377933  1686  1823 D SidekickService:    ... beginDisplay result: 0 for halPower: 1
11-02 23:28:07.378682  1686  1823 I SidekickService: endDisplayLocked()
--------- switch to system
11-02 23:28:07.379032  1686  1710 I DisplayManagerService: Display device changed state: "Écran intégré", ON
--------- switch to main
11-02 23:28:07.379094   416   416 D SKGHAL  : sendAmbientEvent: enter: enable = 0
11-02 23:28:07.387063  4243  4243 D OMService: onDisplayChanged: not dozing
11-02 23:28:07.391445   512  9631 I sensors-hal: handle_indication_realtime:355,  SCHED_FIFO(10) for qmi_cbk
11-02 23:28:07.392749  1686  1759 I InputReader: Reconfiguring input devices.  changes=0x00000004
11-02 23:28:07.414106  1686  1686 I WearPower: [WearTouchMediator] changing touch input to enabled (ON_AUTO)
11-02 23:28:07.415008  1686  1759 I InputReader: Reconfiguring input devices.  changes=0x00000200
--------- switch to kernel
11-02 23:28:07.343687     0     0 I init    : processing action (ro.enable_core_ctl=true && sys.cw_corectl_mode=idle) from (/vendor/etc/init/hw/init.qcom.rc:949)
--------- switch to main
11-02 23:28:07.430173  1686  1686 I AmbientService: [ce6a28c] Timeout alarm not required, auto-resume timeout handled by dream.
11-02 23:28:07.439404  3205  3434 W WorkController: Loading failed for worker [trainingcache]: worker not found
11-02 23:28:07.441199  3205  3372 W A       : TrainingCache cache SCREEN_OFF failure
11-02 23:28:07.441199  3205  3372 W A       : com.google.android.apps.gsa.search.core.service.h.a.a: No worker found for Worker ID [trainingcache].
11-02 23:28:07.441199  3205  3372 W A       : 	at com.google.android.apps.gsa.search.core.service.g.a.c.a(Unknown Source:5)
11-02 23:28:07.441199  3205  3372 W A       : 	at com.google.android.libraries.gsa.c.a.d.a(Unknown Source:3)
11-02 23:28:07.441199  3205  3372 W A       : 	at com.google.common.p.a.cg.c(Unknown Source:2)
11-02 23:28:07.441199  3205  3372 W A       : 	at com.google.common.p.a.bk.run(SourceFile:3)
11-02 23:28:07.441199  3205  3372 W A       : 	at com.google.common.p.a.ci.run(Unknown Source:4)
11-02 23:28:07.441199  3205  3372 W A       : 	at com.google.apps.tiktok.concurrent.ab.run(SourceFile:1)
11-02 23:28:07.441199  3205  3372 W A       : 	at java.util.concurrent.ThreadPoolExecutor.runWorker(ThreadPoolExecutor.java:1167)
11-02 23:28:07.441199  3205  3372 W A       : 	at java.util.concurrent.ThreadPoolExecutor$Worker.run(ThreadPoolExecutor.java:641)
11-02 23:28:07.441199  3205  3372 W A       : 	at com.google.apps.tiktok.concurrent.c.run(Unknown Source:4)
11-02 23:28:07.441199  3205  3372 W A       : 	at java.lang.Thread.run(Thread.java:764)
11-02 23:28:07.454061  2520  2520 D HOME    : [StreamDBQueue]Promised revision #2844 to queue a new op
11-02 23:28:07.454368  2520  2520 D WatchStreamManager: Promised rank-blocked=false @ r#2844
11-02 23:28:07.454653  2520  2520 D HOME    : [CompactHunStarter]detachWindow()
11-02 23:28:07.455401  2520  9393 D HOME    : [WatchStreamDB]Item alerting conditions - isInterruptive: false, recentlyInterrupted: false, isItemPinned: false, isUnread: false
11-02 23:28:07.455401  2520  9392 D HOME    : [StreamDBQueue]Promised revision #2845 to queue a new op
11-02 23:28:07.455545  2520  9392 D WatchStreamManager: Promised rerank @ r#2845
11-02 23:28:07.455758  2520  9393 D HOME    : [StreamAlertingRegulator]isTheaterModeEnabled: false, isAlertingAllowedByOffBody: true, matchesLocalInterruptionFilter: true
11-02 23:28:07.456017  2520  9393 D HOME    : [WatchStreamDB]couldItemAlert: false, isTopItemChanged: false, isDeferralForTopItem: false
11-02 23:28:07.456559  2520  9393 D HOME    : [WatchStreamDB]updateRanking()
11-02 23:28:07.457269  2520  9393 D HOME    : [WatchStreamDB]Item alerting conditions - isInterruptive: false, recentlyInterrupted: false, isItemPinned: false, isUnread: false
11-02 23:28:07.457643  2520  9393 D HOME    : [StreamAlertingRegulator]isTheaterModeEnabled: false, isAlertingAllowedByOffBody: true, matchesLocalInterruptionFilter: true
11-02 23:28:07.457931  2520  9393 D HOME    : [WatchStreamDB]couldItemAlert: false, isTopItemChanged: false, isDeferralForTopItem: false
11-02 23:28:07.459627  2520  9393 D HOME    : [NewStreamAdapter]Publishing revision #2845 to adapter clients
11-02 23:28:07.484107  1686  1799 E WifiStateMachine: getWifiLinkLayerStats called without an interface
11-02 23:28:07.494306  1686  1686 I WearPower: [WearTouchMediator] changing touch input to enabled (ON_AUTO)
11-02 23:28:07.495238  1686  1759 I InputReader: Reconfiguring input devices.  changes=0x00000200
--------- switch to kernel
11-02 23:28:07.435956     0     0 I CPU0    : update max cpu_capacity 748
--------- switch to main
11-02 23:28:07.528620   512  9633 I sensors-hal: handle_indication_realtime:355,  SCHED_FIFO(10) for qmi_cbk
11-02 23:28:07.535070   504   523 I SDM     : DisplayBase::SetDisplayState: Set state = 3, display 0
11-02 23:28:07.535226   504   523 D SDM     : HWCDisplayPrimary::SetStandByMode: Display is connected successfully
11-02 23:28:07.535447   416   416 D SKGHAL  : standBy_update_control call succeed on 0
11-02 23:28:07.535492   416   416 D SKGHAL  : sendAmbientEvent: done: enable = 0
11-02 23:28:07.535963  1686  1823 D SidekickService:    ... endDisplay returns void
11-02 23:28:07.536591   545   545 D SurfaceFlinger: Set power mode=2, type=0 flinger=0xb6bb6000
11-02 23:28:07.536988   504   762 I SDM     : DisplayBase::SetDisplayState: Set state = 1, display 0
--------- switch to kernel
11-02 23:28:07.455317     0     0 I CPU3    : update max cpu_capacity 1024
11-02 23:28:07.460906     0     0 I         : [touch]FB_BLANK_VSYNC_SUSPEND
11-02 23:28:07.460910     0     0 I         : [touch]Already in suspend state
--------- switch to main
11-02 23:28:07.547379   545   545 D SurfaceFlinger: Finished set power mode=2, type=0
--------- switch to system
11-02 23:28:07.549244  1686  1712 W PowerManagerService: Screen on took 259 ms
11-02 23:28:07.549507  1686  1712 I DreamManagerService: Gently waking up from dream.
11-02 23:28:07.549707  1686  1708 I DreamManagerService: Performing gentle wake from dream.
11-02 23:28:07.550064  1686  1686 V DreamService[AmbientDream]: wakeUp(): fromSystem=true, mWaking=false, mFinished=false
11-02 23:28:07.550142  1686  1686 V DreamService[AmbientDream]: finish(): mFinished=false
11-02 23:28:07.550202  1686  1686 I DreamManagerService: Leaving dreamland.
--------- switch to kernel
11-02 23:28:07.466880     0     0 W         : IRQ16 no longer affine to CPU2
11-02 23:28:07.466889     0     0 W         : IRQ21 no longer affine to CPU2
11-02 23:28:07.466926     0     0 W         : IRQ93 no longer affine to CPU2
11-02 23:28:07.467552     0     0 I CPU2    : shutdown
11-02 23:28:07.469464     0     0 I init    : Command 'write /sys/devices/system/cpu/cpu2/online 0' action=ro.enable_core_ctl=true && sys.cw_corectl_mode=idle (/vendor/etc/init/hw/init.qcom.rc:951) took 125ms and succeeded
11-02 23:28:07.469686     0     0 I mdss_dsi_panel_set_idle_mode: Idle (1->0)
11-02 23:28:07.470455     0     0 I         : [touch]FB_BLANK_UNBLANK
11-02 23:28:07.470461     0     0 I         : [touch]raydium_ts_do_resume, 1.
11-02 23:28:07.471557     0     0 I         : [ raydium ]workqueue is empty!
11-02 23:28:07.472224     0     0 I         : [touch] raydium_esd_check
11-02 23:28:07.472236     0     0 I raydium_ts 5-0039: [touch]Already enable irq
11-02 23:28:07.472238     0     0 I         : [touch]Device may wakeup
--------- switch to system
11-02 23:28:07.551524  1686  1708 I DreamManagerService: Performing gentle wake from dream.
--------- switch to main
11-02 23:28:07.551629  1686  1686 D WristGestureCtrl: Starting: GesturesEnabled-false UngazeEnabled-true
11-02 23:28:07.551688  1686  1686 D DefaultUngazeDetector: starting
--------- switch to system
11-02 23:28:07.551697  1686  1708 I DreamController: Stopping dream: name=ComponentInfo{com.google.android.wearable.ambient/com.google.android.wearable.ambient.AmbientDream}, isTest=false, canDoze=true, userId=0
--------- switch to main
11-02 23:28:07.551745  1686  1686 D DefaultUngazeDetector: startUngazeStateEstimation(). startTime = 23566981
11-02 23:28:07.551888  1686  1686 W AlarmManagerProxy: Removing unknown listener
11-02 23:28:07.553062   512  1749 I sensors-hal: batch:140, android.sensor.accelerometer/48, period=19231000, max_latency=100000000
11-02 23:28:07.553373  1686  1686 W DefaultSettingsContentR: Value for ambient_low_bit_enabled not stored as number. Attempting parse as boolean.
11-02 23:28:07.554788   512  1749 I sensors-hal: batch:149, android.sensor.accelerometer/48, period=19231000, max_latency=100000000 request completed
11-02 23:28:07.555178   512  1749 I sensors-hal: flush:169, android.sensor.accelerometer/48
11-02 23:28:07.556198   512  1749 I sensors-hal: flush:175, android.sensor.accelerometer/48 completed
11-02 23:28:07.558609  1686  1686 W AlarmManager: Unrecognized alarm listener com.android.server.job.controllers.-$$Lambda$IdleController$IdlenessTracker$nTdS-lGBXcES5VWKcJFmQFgU7IU@1ab437a
--------- switch to system
11-02 23:28:07.558763  1686  1686 V DreamService[AmbientDream]: detach(): Calling onDreamingStopped()
--------- switch to main
11-02 23:28:07.558842  1686  1686 I AmbientService: [ce6a28c] doOnDreamingStopped
11-02 23:28:07.558893  1686  1686 W AlarmManagerProxy: Removing unknown listener
11-02 23:28:07.561772  1686  1686 I AmbientService: [ce6a28c] No auto-resume Activity.
11-02 23:28:07.564438  2520  2520 D HOME    : [HomeVisitsLogger]Logging streamlet event: visit_start
11-02 23:28:07.564703  2520  2520 D HOME    : [HomeVisitsLogger]Logging streamlet event: exit_ambient_mode
--------- switch to system
11-02 23:28:07.564880  1686  1686 W ContextImpl: Calling a method in the system process without a qualified user: android.app.ContextImpl.sendBroadcast:1020 android.content.ContextWrapper.sendBroadcast:449 com.google.android.wearable.ambient.AmbientDream.onDestroy:273 android.app.ActivityThread.handleStopService:3698 android.app.ActivityThread.access$1700:200 
--------- switch to main
11-02 23:28:07.565065  2520  2520 D HOME    : [HotwordController]updateClient MODE_WATCH_FACE false false false true
11-02 23:28:07.565232  1686  1686 E AlarmManager: cancel() called with a null PendingIntent
--------- switch to system
11-02 23:28:07.565584  1686  1686 V DreamService[AmbientDream]: onDestroy()
--------- switch to main
11-02 23:28:07.565808  2520  2520 D HOME    : [WatchFaceUiController]setInAmbientMode false
11-02 23:28:07.565870  2520  2520 D HOME    : [WatchFaceUiController]sendWatchFaceServiceBinder
11-02 23:28:07.570039  2520  2520 D HOME    : [WatchFaceUiController]sendStateToWallpaper
11-02 23:28:07.571724  3205  3434 W WorkController: Loading failed for worker [trainingcache]: worker not found
11-02 23:28:07.574700  3205  3294 W A       : TrainingCache cache SCREEN_ON failure
11-02 23:28:07.574700  3205  3294 W A       : com.google.android.apps.gsa.search.core.service.h.a.a: No worker found for Worker ID [trainingcache].
11-02 23:28:07.574700  3205  3294 W A       : 	at com.google.android.apps.gsa.search.core.service.g.a.c.a(Unknown Source:5)
11-02 23:28:07.574700  3205  3294 W A       : 	at com.google.android.libraries.gsa.c.a.d.a(Unknown Source:3)
11-02 23:28:07.574700  3205  3294 W A       : 	at com.google.common.p.a.cg.c(Unknown Source:2)
11-02 23:28:07.574700  3205  3294 W A       : 	at com.google.common.p.a.bk.run(SourceFile:3)
11-02 23:28:07.574700  3205  3294 W A       : 	at com.google.common.p.a.ci.run(Unknown Source:4)
11-02 23:28:07.574700  3205  3294 W A       : 	at com.google.apps.tiktok.concurrent.ab.run(SourceFile:1)
11-02 23:28:07.574700  3205  3294 W A       : 	at java.util.concurrent.ThreadPoolExecutor.runWorker(ThreadPoolExecutor.java:1167)
11-02 23:28:07.574700  3205  3294 W A       : 	at java.util.concurrent.ThreadPoolExecutor$Worker.run(ThreadPoolExecutor.java:641)
11-02 23:28:07.574700  3205  3294 W A       : 	at com.google.apps.tiktok.concurrent.c.run(Unknown Source:4)
11-02 23:28:07.574700  3205  3294 W A       : 	at java.lang.Thread.run(Thread.java:764)
11-02 23:28:07.574993  2520  2520 D HOME    : [WatchFaceUiController]Showing watch face wallpaper.
11-02 23:28:07.575134  2520  2520 D HOME    : [WatchFaceUiController]sendStateToWallpaper
11-02 23:28:07.577396  2520  2520 D HOME    : [StreamDBQueue]Promised revision #2846 to queue a new op
11-02 23:28:07.577646  2520  2520 D WatchStreamManager: Promised rank-blocked=true @ r#2846
11-02 23:28:07.578033  2520  2520 D HOME    : [StreamDBQueue]Promised revision #2847 to queue a new op
11-02 23:28:07.578159  2520  2520 D WatchStreamManager: Promised rank-blocked=true @ r#2847
11-02 23:28:07.578632  2520  2520 D HOME    : [TilesController]Tile refresh optimization is enabled.
11-02 23:28:07.578967  2520  2520 D HOME    : [EventBus]Wrapper pool is full. Discarding excess wrapper instance for event com.google.android.clockwork.sysui.events.KeyguardStateEvent
11-02 23:28:07.579056  2520  2520 D HOME    : [WatchFaceUiController]sendStateToWallpaper
11-02 23:28:07.580791  2520  2520 D HOME    : [EventBus]Wrapper pool is full. Discarding excess wrapper instance for event com.google.android.clockwork.sysui.events.KeyguardStateEvent
11-02 23:28:07.581031  2520  2520 D HOME    : [EventBus]Wrapper pool is full. Discarding excess wrapper instance for event com.google.android.clockwork.sysui.events.KeyguardStateEvent
11-02 23:28:07.585284  2520  2520 D HOME    : [WatchFaceUiController]sendStateToWallpaper
11-02 23:28:07.582416  2520  9392 D HOME    : [WatchStreamDB]Item alerting conditions - isInterruptive: false, recentlyInterrupted: false, isItemPinned: false, isUnread: false
11-02 23:28:07.587317  2520  9392 D HOME    : [StreamAlertingRegulator]isTheaterModeEnabled: false, isAlertingAllowedByOffBody: true, matchesLocalInterruptionFilter: true
11-02 23:28:07.588126  2520  9392 D HOME    : [WatchStreamDB]couldItemAlert: false, isTopItemChanged: false, isDeferralForTopItem: false
11-02 23:28:07.589622  2520  9392 D HOME    : [WatchStreamDB]Item alerting conditions - isInterruptive: false, recentlyInterrupted: false, isItemPinned: false, isUnread: false
11-02 23:28:07.590088  2520  9392 D HOME    : [StreamAlertingRegulator]isTheaterModeEnabled: false, isAlertingAllowedByOffBody: true, matchesLocalInterruptionFilter: true
11-02 23:28:07.590309  2520  9392 D HOME    : [WatchStreamDB]couldItemAlert: false, isTopItemChanged: false, isDeferralForTopItem: false
11-02 23:28:07.597988  2520  2520 W StaticLayout: maxLineHeight should not be -1.  maxLines:1 lineCount:1
11-02 23:28:07.630626  2520  2520 D HOME    : [StreamDBQueue]Promised revision #2848 to queue a new op
11-02 23:28:07.630927  2520  2520 D WatchStreamManager: Promised rank-blocked=true @ r#2848
11-02 23:28:07.633537  2520  8603 D HOME    : [WatchStreamDB]Item alerting conditions - isInterruptive: false, recentlyInterrupted: false, isItemPinned: false, isUnread: false
11-02 23:28:07.633965  2520  8603 D HOME    : [StreamAlertingRegulator]isTheaterModeEnabled: false, isAlertingAllowedByOffBody: true, matchesLocalInterruptionFilter: true
11-02 23:28:07.634235  2520  8603 D HOME    : [WatchStreamDB]couldItemAlert: false, isTopItemChanged: false, isDeferralForTopItem: false
--------- switch to kernel
11-02 23:28:07.565616     0     0 I CPU0    : update max cpu_capacity 748
--------- switch to main
11-02 23:28:07.656517  2520  2520 D HOME    : [WatchFaceUiController]sendWatchFaceServiceBinder
11-02 23:28:07.661473  2520  2520 D HOME    : [WatchFaceUiController]sendProperties
--------- switch to kernel
11-02 23:28:07.598327     0     0 W         : IRQ21 no longer affine to CPU3
11-02 23:28:07.599168     0     0 I CPU3    : shutdown
11-02 23:28:07.602062     0     0 I init    : Command 'write /sys/devices/system/cpu/cpu3/online 0' action=ro.enable_core_ctl=true && sys.cw_corectl_mode=idle (/vendor/etc/init/hw/init.qcom.rc:952) took 132ms and succeeded
11-02 23:28:07.603419     0     0 I init    : processing action (ro.enable_core_ctl=true && sys.cw_corectl_mode=perf) from (/vendor/etc/init/hw/init.qcom.rc:954)
11-02 23:28:07.605015     0     0 I CPU2    : update cpu_capacity 1024
--------- switch to main
11-02 23:28:07.662677  2520  2520 D HOME    : [WatchFaceUiController]sendStateToWallpaper
--------- switch to kernel
11-02 23:28:07.630525     0     0 I CPU3    : update cpu_capacity 1024
11-02 23:28:07.635747     0     0 I CPU0    : update max cpu_capacity 748
11-02 23:28:07.637962     0     0 I CPU2    : update max cpu_capacity 1024
11-02 23:28:07.685732     0     0 I CPU1    : update max cpu_capacity 748
11-02 23:28:07.686157     0     0 I CPU2    : update max cpu_capacity 1024
--------- switch to main
11-02 23:28:07.877303   512  1749 I sensors-hal: activate:107, android.sensor.light/46 en=0
11-02 23:28:07.878517   512  1749 I sensors-hal: activate:118, android.sensor.light/46 en=0 completed
11-02 23:28:07.880222   512  1749 I sensors-hal: batch:140, android.sensor.light/46, period=250000000, max_latency=0
11-02 23:28:07.880294   512  1749 I sensors-hal: batch:149, android.sensor.light/46, period=250000000, max_latency=0 request completed
11-02 23:28:07.880931   512  1749 I sensors-hal: activate:107, android.sensor.light/46 en=1
11-02 23:28:07.881279   512  1749 I sensors-hal: ssc_enable_rt_task:254, ssc_enable_rt_task : true
11-02 23:28:07.884379   512  1749 I sensors-hal: activate:118, android.sensor.light/46 en=1 completed
--------- switch to system
11-02 23:28:07.887228  1686  1686 V SettingsProvider: Notifying for 0: content://settings/system/screen_brightness
--------- switch to main
11-02 23:28:07.889428  1686  1686 I SidekickService: loadBrightnessLocked()
11-02 23:28:07.891051  1686  1686 D SidekickService: screenBrightness  = 50
11-02 23:28:07.891924  1686  1686 D SidekickService: sendConfigValuesLocked(): alsThresholds = [40, 92, 95, 100, 125, 150, 175, 200, 225, 250, 300, 400, 500, 800, 1200], brightnessValuesBright = [50, 56, 60, 70, 80, 90, 100, 115, 120, 140, 160, 180, 200, 220, 240, 255], brightnessValuesDim= [50, 56, 60, 70, 80, 90, 100, 115, 120, 140, 160, 180, 200, 220, 240, 255]
11-02 23:28:07.910114  1686  1686 D SidekickService: setAlsMode(): mode = 2, brightenAlpha = 80, dimmingAlpha = 80
11-02 23:28:07.919931  1686  1686 D SidekickService: setTwmConfig():: msTiltToBright = 10000, tiltToBright = false
11-02 23:28:07.967848   512  9641 I sensors-hal: handle_indication_realtime:355,  SCHED_FIFO(10) for qmi_cbk
--------- switch to kernel
11-02 23:28:08.278099     0     0 I [touch]x: 305,y:167
--------- switch to main
11-02 23:28:08.360721  2520  2520 D HOME    : [HomeVisitsLogger]Logging streamlet event: first_touch
11-02 23:28:08.362770  2520  2520 D HOME    : [GestureController]Ignoring duplicate ACTION_DOWN event.
11-02 23:28:10.307340  1829  2088 W bt_sdp  : SDP - Rcvd conn cnf with error: 0x4  CID 0x58
11-02 23:28:10.308078  1829  2027 D BluetoothHeadsetClientServiceJni: connection_state_cb: state 0 peer_feat 0 chld_feat 0
11-02 23:28:10.308633  1829  2027 E bt_btif : btif_hf_client_get_cb_by_bda: could not find block for bdaddr
11-02 23:28:10.308705  1829  2027 E bt_btif : btif_hf_client_upstreams_evt: event 3 but not allocating block: cb not found
11-02 23:28:10.308797  1829  2027 I bt_btif_queue: queue_int_advance: removing connection request: address=14:3c:c3:ad:3d:53 UUID=111E busy=true
11-02 23:28:10.308850  1829  2096 D HeadsetClientStateMachine: Enter Disconnected: 100
11-02 23:28:10.311797  1829  1829 D AdapterProperties: PROFILE_CONNECTION_STATE_CHANGE: profile=16, device=14:3C:C3:AD:3D:53, 1 -> 0
11-02 23:28:10.312266  1829  1829 D AdapterProperties: ADAPTER_CONNECTION_STATE_CHANGE: 14:3C:C3:AD:3D:53: 1 -> 0
11-02 23:28:10.313837  5603  5603 D BtTelecomReceiver: onReceive: Intent { act=android.bluetooth.headsetclient.profile.action.CONNECTION_STATE_CHANGED flg=0x10 cmp=com.google.android.apps.wearable.bluetooth/com.google.android.clockwork.hfp.BtTelecomBroadcastReceiver (has extras) }
11-02 23:28:10.314098  5603  5603 D BtTelecomReceiver: Hfp connection changed: -724754873 1 -> 0
11-02 23:28:10.325671  5603  5603 D HfpClientConnService: onCreate
11-02 23:28:10.327723  5603  5603 D HfpClientConnService: disabling HFP
11-02 23:28:10.327882  5603  5603 I HfpClientConnService: enable request:Enable Request - time:1635892090314 type:false reason:headset client disconnected
--------- switch to system
11-02 23:28:10.328087  1686  4693 W BroadcastQueue: Background execution not allowed: receiving Intent { act=android.bluetooth.adapter.action.CONNECTION_STATE_CHANGED flg=0x4000010 (has extras) } to com.google.android.gms/.chimera.GmsIntentOperationService$PersistentTrustedReceiver
--------- switch to main
11-02 23:28:10.330440  5603  5603 I HfpClientConnService: account already disabled
--------- switch to kernel
11-02 23:28:17.268465     0     0 E FG      : fg_psy_get_property: unsupported property 7
11-02 23:28:17.271717     0     0 I chatty  : uid=0(root) logd identical 1 line
11-02 23:28:17.271723     0     0 E FG      : fg_psy_get_property: unsupported property 7
11-02 23:28:17.278696     0     0 W healthd : battery l=45 v=3742 t=34.0 h=2 st=3 c=193 fc=443000 cc=0 chg=
--------- switch to main
11-02 23:28:17.359588  1956  1956 D QtiCarrierConfigHelper: WARNING, no carrier configs on phone Id: 0
11-02 23:28:17.365097  2520  2520 D HOME    : [BatteryChange]action: android.intent.action.BATTERY_CHANGED
11-02 23:28:17.365651  2520  9393 D HOME    : [BatteryChange]HandleBatteryChangedTask
11-02 23:28:17.366127  2520  9393 D HOME    : [BatteryChange]level: 45, status: 3
11-02 23:28:19.508090  2520  2520 D HOME    : [HotwordController]updateClient MODE_STREAM false false false true
11-02 23:28:19.512852  2520  2520 D HOME    : [StreamModule]Updating gaze alerter state: inWetMode=false focused=true uiMode=MODE_STREAM
--------- switch to kernel
11-02 23:28:17.282359     0     0 W healthd : battery l=45 v=3742 t=34.0 h=2 st=3 c=193 fc=443000 cc=0 chg=
11-02 23:28:19.437883     0     0 I         : [touch]palm_status = 1.
--------- switch to main
11-02 23:28:19.717980  2520  2520 D HOME    : [HomeVisitsLogger]Logging streamlet event: scroll_into_stream
--------- switch to kernel
11-02 23:28:20.350266     0     0 E FG      : fg_psy_get_property: unsupported property 7
--------- switch to main
11-02 23:28:20.448118  1956  1956 D QtiCarrierConfigHelper: WARNING, no carrier configs on phone Id: 0
11-02 23:28:20.449284  2520  2520 D HOME    : [BatteryChange]action: android.intent.action.BATTERY_CHANGED
--------- switch to kernel
11-02 23:28:20.352346     0     0 I chatty  : uid=0(root) logd identical 1 line
11-02 23:28:20.352390     0     0 E FG      : fg_psy_get_property: unsupported property 7
11-02 23:28:20.368972     0     0 W healthd : battery l=45 v=3770 t=34.0 h=2 st=3 c=132 fc=443000 cc=0 chg=
--------- switch to main
11-02 23:28:20.451141  2520  9393 D HOME    : [BatteryChange]HandleBatteryChangedTask
11-02 23:28:20.451795  2520  9393 D HOME    : [BatteryChange]level: 45, status: 3
11-02 23:28:20.711208  7790  7806 I Finsky  : [295] com.google.android.finsky.bo.ac.run(5): Stats for Executor: BlockingExecutor com.google.android.finsky.bo.ad@a23a1d2[Running, pool size = 0, active threads = 0, queued tasks = 0, completed tasks = 2]
11-02 23:28:20.947152  7790  7806 I Finsky  : [295] com.google.android.finsky.bo.ac.run(5): Stats for Executor: LightweightExecutor com.google.android.finsky.bo.ad@6e612a3[Running, pool size = 3, active threads = 0, queued tasks = 0, completed tasks = 8]
--------- switch to system
