11-02 22:30:49.565668     0     0 I         : Freezing user space processes ... (elapsed 0.008 seconds) done.
11-02 22:30:49.574624     0     0 I         : Freezing remaining freezable tasks ... (elapsed 0.004 seconds) done.
11-02 22:30:49.578836     0     0 I         : Suspending console(s) (use no_console_suspend to debug)
11-02 22:30:49.591544     0     0 I mdss_dsi_panel_set_idle_mode: Idle (1->1)
11-02 22:30:49.629820     0     0 I bgcom   : bgcom_pm_suspend: suspended with : 0
11-02 22:30:49.669085     0     0 I PM      : suspend of devices complete after 87.737 msecs
11-02 22:30:49.675432     0     0 I PM      : late suspend of devices complete after 6.300 msecs
11-02 22:30:49.681816     0     0 I PM      : noirq suspend of devices complete after 6.354 msecs
11-02 22:30:49.681829     0     0 I         : Disabling non-boot CPUs ...
11-02 22:30:49.697542     0     0 I CPU1    : shutdown
11-02 22:30:49.699878     0     0 I suspend ns: 1841011777645	suspend cycles:     386631059094
11-02 22:30:49.699854     0     0 I CPU0    : msm_cpu_pm_enter_sleep mode:3 during suspend
--------- switch to system
11-02 22:31:01.020048  1686  1686 I PowerManagerService: Waking up from dozing (uid=1000 reason=tiltToWake)...
11-02 22:31:01.037555  1686  1686 W UsageStatsService: Event reported without a package name
--------- switch to kernel
11-02 22:30:49.699854     0     0 I         : Suspended for 11.191 seconds
11-02 22:30:49.699854     0     0 I resume cycles: 386845935416
11-02 22:30:49.700607     0     0 I         : Enabling non-boot CPUs ...
11-02 22:30:49.701481     0     0 I CPU1    : update cpu_capacity 1024
11-02 22:30:49.703222     0     0 I         : CPU1 is up
11-02 22:30:49.704016     0     0 I CPU1    : update max cpu_capacity 748
11-02 22:30:49.707356     0     0 I PM      : noirq resume of devices complete after 3.737 msecs
11-02 22:30:49.712897     0     0 I PM      : early resume of devices complete after 4.021 msecs
11-02 22:30:49.745664     0     0 I bgcom   : bgcom_pm_resume: Bgcom resumed with : 0
11-02 22:30:49.756070     0     0 I mdss_dsi_panel_set_idle_mode: Idle (1->1)
11-02 22:30:49.799292     0     0 I PM      : resume of devices complete after 86.348 msecs
11-02 22:30:49.804383     0     0 I         : Restarting tasks ...
11-02 22:30:49.811018     0     0 W QSEECOM : qseecom_receive_req: Interrupted: exiting Listener Service = 12288
11-02 22:30:49.811122     0     0 W QSEECOM : qseecom_receive_req: Interrupted: exiting Listener Service = 10
11-02 22:30:49.811171     0     0 W QSEECOM : qseecom_receive_req: Interrupted: exiting Listener Service = 28672
11-02 22:30:49.813374     0     0 W QSEECOM : qseecom_receive_req: Interrupted: exiting Listener Service = 8192
11-02 22:30:49.813445     0     0 W QSEECOM : qseecom_receive_req: Interrupted: exiting Listener Service = 11
11-02 22:30:49.817993     0     0 I         : done.
11-02 22:31:01.010860     0     0 I PM      : suspend exit 2021-11-02 21:31:01.010860752 UTC
11-02 22:31:01.040413     0     0 E FG      : fg_psy_get_property: unsupported property 7
11-02 22:31:00.978458     0     0 W healthd : battery l=52 v=3895 t=34.0 h=2 st=3 c=7 fc=443000 cc=0 chg=
--------- switch to main
11-02 22:31:01.047356   512  1749 I sensors-hal: batch:140, android.sensor.light/46, period=100000000, max_latency=0
11-02 22:31:01.047475   512  1749 I sensors-hal: batch:149, android.sensor.light/46, period=100000000, max_latency=0 request completed
11-02 22:31:01.053976   512  1749 I sensors-hal: activate:107, android.sensor.light/46 en=1
11-02 22:31:01.054399   512  1749 I sensors-hal: ssc_enable_rt_task:254, ssc_enable_rt_task : true
11-02 22:31:01.058787   512  1749 I sensors-hal: activate:118, android.sensor.light/46 en=1 completed
11-02 22:31:01.060455  1686  1823 I SidekickService: endDisplayLocked()
11-02 22:31:01.061150   416   416 D SKGHAL  : sendAmbientEvent: enter: enable = 0
--------- switch to system
11-02 22:31:01.061488  1686  1710 I DisplayManagerService: Display device changed state: "Écran intégré", ON
--------- switch to main
11-02 22:31:01.091641  4243  4243 D OMService: onDisplayChanged: not dozing
11-02 22:31:01.095071  1686  1759 I InputReader: Reconfiguring input devices.  changes=0x00000004
11-02 22:31:01.121523   512  1749 I sensors-hal: batch:140, android.sensor.accelerometer/48, period=66667000, max_latency=100000000
11-02 22:31:01.121624   512  1749 I sensors-hal: batch:149, android.sensor.accelerometer/48, period=66667000, max_latency=100000000 request completed
11-02 22:31:01.122072   512  1749 I sensors-hal: activate:107, android.sensor.accelerometer/48 en=1
11-02 22:31:01.122768   512  1749 I sensors-hal: ssc_enable_rt_task:254, ssc_enable_rt_task : true
11-02 22:31:01.136527   512  1749 I sensors-hal: activate:118, android.sensor.accelerometer/48 en=1 completed
11-02 22:31:01.143308  1956  1956 D QtiCarrierConfigHelper: WARNING, no carrier configs on phone Id: 0
11-02 22:31:01.145484  2520  2520 D HOME    : [BatteryChange]action: android.intent.action.BATTERY_CHANGED
11-02 22:31:01.145946  2520  8603 D HOME    : [BatteryChange]HandleBatteryChangedTask
11-02 22:31:01.146373  2520  8603 D HOME    : [BatteryChange]level: 52, status: 3
--------- switch to system
11-02 22:31:01.154358  1686  1702 W BroadcastQueue: Background execution not allowed: receiving Intent { act=android.intent.action.USER_PRESENT flg=0x10 } to com.google.android.gms/.auth.setup.devicesignals.LockScreenReceiver
11-02 22:31:01.154820  1686  1702 W BroadcastQueue: Background execution not allowed: receiving Intent { act=android.intent.action.USER_PRESENT flg=0x10 } to com.google.android.gms/.chimera.GmsIntentOperationService$PersistentTrustedReceiver
--------- switch to main
11-02 22:31:01.158077  3205  3434 W WorkController: Loading failed for worker [trainingcache]: worker not found
11-02 22:31:01.159772  3205  3372 W A       : TrainingCache cache DEVICE_UNLOCKED failure
11-02 22:31:01.159772  3205  3372 W A       : com.google.android.apps.gsa.search.core.service.h.a.a: No worker found for Worker ID [trainingcache].
11-02 22:31:01.159772  3205  3372 W A       : 	at com.google.android.apps.gsa.search.core.service.g.a.c.a(Unknown Source:5)
11-02 22:31:01.159772  3205  3372 W A       : 	at com.google.android.libraries.gsa.c.a.d.a(Unknown Source:3)
11-02 22:31:01.159772  3205  3372 W A       : 	at com.google.common.p.a.cg.c(Unknown Source:2)
11-02 22:31:01.159772  3205  3372 W A       : 	at com.google.common.p.a.bk.run(SourceFile:3)
11-02 22:31:01.159772  3205  3372 W A       : 	at com.google.common.p.a.ci.run(Unknown Source:4)
11-02 22:31:01.159772  3205  3372 W A       : 	at com.google.apps.tiktok.concurrent.ab.run(SourceFile:1)
11-02 22:31:01.159772  3205  3372 W A       : 	at java.util.concurrent.ThreadPoolExecutor.runWorker(ThreadPoolExecutor.java:1167)
11-02 22:31:01.159772  3205  3372 W A       : 	at java.util.concurrent.ThreadPoolExecutor$Worker.run(ThreadPoolExecutor.java:641)
11-02 22:31:01.159772  3205  3372 W A       : 	at com.google.apps.tiktok.concurrent.c.run(Unknown Source:4)
11-02 22:31:01.159772  3205  3372 W A       : 	at java.lang.Thread.run(Thread.java:764)
--------- switch to kernel
11-02 22:31:01.141719     0     0 E mdss_dsi_gen_read_status: Read back value from panel is incorrect
--------- switch to system
11-02 22:31:01.208916   618   618 I wificond: Pno scan stopped
--------- switch to main
11-02 22:31:01.226669  1686  1686 I WearPower: [WearTouchMediator] changing touch input to enabled (ON_AUTO)
11-02 22:31:01.228215  1686  1759 I InputReader: Reconfiguring input devices.  changes=0x00000200
--------- switch to kernel
11-02 22:31:01.173886     0     0 I init    : processing action (ro.enable_core_ctl=true && sys.cw_corectl_mode=perf) from (/vendor/etc/init/hw/init.qcom.rc:954)
11-02 22:31:01.175662     0     0 I CPU2    : update cpu_capacity 1024
--------- switch to main
11-02 22:31:01.246027  1686  1686 D WristGestureCtrl: Starting: GesturesEnabled-false UngazeEnabled-true
11-02 22:31:01.246165  1686  1686 D DefaultUngazeDetector: starting
11-02 22:31:01.246277  1686  1686 D DefaultUngazeDetector: startUngazeStateEstimation(). startTime = 20140676
11-02 22:31:01.246478  1686  1686 W AlarmManagerProxy: Removing unknown listener
11-02 22:31:01.248180   512  1749 I sensors-hal: batch:140, android.sensor.accelerometer/48, period=19231000, max_latency=100000000
11-02 22:31:01.249465   512  8862 I sensors-hal: handle_indication_realtime:355,  SCHED_FIFO(10) for qmi_cbk
11-02 22:31:01.251644   512  1749 I sensors-hal: batch:149, android.sensor.accelerometer/48, period=19231000, max_latency=100000000 request completed
11-02 22:31:01.252152   512  1749 I sensors-hal: flush:169, android.sensor.accelerometer/48
11-02 22:31:01.256906   512  1749 I sensors-hal: flush:175, android.sensor.accelerometer/48 completed
11-02 22:31:01.259737  1686  1686 W DefaultSettingsContentR: Value for ambient_low_bit_enabled not stored as number. Attempting parse as boolean.
11-02 22:31:01.277065  3205  3434 W WorkController: Loading failed for worker [trainingcache]: worker not found
11-02 22:31:01.279235  3205  3294 W A       : TrainingCache cache SCREEN_ON failure
11-02 22:31:01.279235  3205  3294 W A       : com.google.android.apps.gsa.search.core.service.h.a.a: No worker found for Worker ID [trainingcache].
11-02 22:31:01.279235  3205  3294 W A       : 	at com.google.android.apps.gsa.search.core.service.g.a.c.a(Unknown Source:5)
11-02 22:31:01.279235  3205  3294 W A       : 	at com.google.android.libraries.gsa.c.a.d.a(Unknown Source:3)
11-02 22:31:01.279235  3205  3294 W A       : 	at com.google.common.p.a.cg.c(Unknown Source:2)
11-02 22:31:01.279235  3205  3294 W A       : 	at com.google.common.p.a.bk.run(SourceFile:3)
11-02 22:31:01.279235  3205  3294 W A       : 	at com.google.common.p.a.ci.run(Unknown Source:4)
11-02 22:31:01.279235  3205  3294 W A       : 	at com.google.apps.tiktok.concurrent.ab.run(SourceFile:1)
11-02 22:31:01.279235  3205  3294 W A       : 	at java.util.concurrent.ThreadPoolExecutor.runWorker(ThreadPoolExecutor.java:1167)
11-02 22:31:01.279235  3205  3294 W A       : 	at java.util.concurrent.ThreadPoolExecutor$Worker.run(ThreadPoolExecutor.java:641)
11-02 22:31:01.279235  3205  3294 W A       : 	at com.google.apps.tiktok.concurrent.c.run(Unknown Source:4)
11-02 22:31:01.279235  3205  3294 W A       : 	at java.lang.Thread.run(Thread.java:764)
--------- switch to kernel
11-02 22:31:01.199069     0     0 I CPU3    : update cpu_capacity 1024
11-02 22:31:01.201285     0     0 I CPU1    : update max cpu_capacity 748
11-02 22:31:01.201662     0     0 I CPU2    : update max cpu_capacity 1024
11-02 22:31:01.228224    22    22 E         : [22:31:01.292436] [0000005A12460800] [VosRX]  wlan: [E :WDI] WDTS_RxPacketDump RX Data frame is UC
11-02 22:31:01.228259    22    22 E         : [22:31:01.292489] [0000005A12460BC2] [VosRX]  wlan: [E :WDI] WDTS_RxPacketDump: Management subtype:5 SA:70:3a:0e:b8:d5:40 DA:00:0a:f5:f2:a2:70
--------- switch to main
11-02 22:31:01.308060  2520  2520 D HOME    : [StreamDBQueue]Promised revision #2413 to queue a new op
11-02 22:31:01.308612  2520  2520 D WatchStreamManager: Promised rank-blocked=true @ r#2413
11-02 22:31:01.311120  2520  8603 D HOME    : [WatchStreamDB]Item alerting conditions - isInterruptive: false, recentlyInterrupted: false, isItemPinned: false, isUnread: false
11-02 22:31:01.312038  2520  8603 D HOME    : [StreamAlertingRegulator]isTheaterModeEnabled: false, isAlertingAllowedByOffBody: true, matchesLocalInterruptionFilter: true
11-02 22:31:01.312111  2520  2714 D HOME    : [TickMonitor]Received time tick
11-02 22:31:01.312481  2520  2714 D HOME    : [TickMonitor]handleTimeTick() finished
11-02 22:31:01.312580  2520  8603 D HOME    : [WatchStreamDB]couldItemAlert: false, isTopItemChanged: false, isDeferralForTopItem: false
--------- switch to kernel
11-02 22:31:01.244261     0     0 I CPU3    : update max cpu_capacity 1024
--------- switch to main
11-02 22:31:01.331448   512  8860 I sensors-hal: handle_indication_realtime:355,  SCHED_FIFO(10) for qmi_cbk
--------- switch to kernel
11-02 22:31:01.545478     0     0 E bgrsb   : bgrsb_enable: rsb will set report rate
11-02 22:31:01.558111     0     0 E bgrsb   : bgrsb_enable: gpio 32 is valid
--------- switch to main
11-02 22:31:01.675824   504   523 I SDM     : DisplayBase::SetDisplayState: Set state = 3, display 0
11-02 22:31:01.676072   504   523 D SDM     : HWCDisplayPrimary::SetStandByMode: Display is connected successfully
11-02 22:31:01.676453   416   416 D SKGHAL  : standBy_update_control call succeed on 0
11-02 22:31:01.676527   416   416 D SKGHAL  : sendAmbientEvent: done: enable = 0
11-02 22:31:01.677420  1686  1823 D SidekickService:    ... endDisplay returns void
11-02 22:31:01.678671   545   545 D SurfaceFlinger: Set power mode=2, type=0 flinger=0xb6bb6000
11-02 22:31:01.679261   504   764 I SDM     : DisplayBase::SetDisplayState: Set state = 1, display 0
--------- switch to kernel
11-02 22:31:01.611801     0     0 I         : [touch]FB_BLANK_VSYNC_SUSPEND
11-02 22:31:01.611806     0     0 I         : [touch]Already in suspend state
--------- switch to main
11-02 22:31:01.689596   545   545 D SurfaceFlinger: Finished set power mode=2, type=0
--------- switch to system
11-02 22:31:01.692807  1686  1712 W PowerManagerService: Screen on took 809 ms
11-02 22:31:01.693192  1686  1712 I DreamManagerService: Gently waking up from dream.
11-02 22:31:01.693848  1686  1708 I DreamManagerService: Performing gentle wake from dream.
11-02 22:31:01.694210  1686  1686 V DreamService[AmbientDream]: wakeUp(): fromSystem=true, mWaking=false, mFinished=false
11-02 22:31:01.694346  1686  1686 V DreamService[AmbientDream]: finish(): mFinished=false
11-02 22:31:01.694444  1686  1686 I DreamManagerService: Leaving dreamland.
11-02 22:31:01.695050  1686  1708 I DreamManagerService: Performing gentle wake from dream.
11-02 22:31:01.695206  1686  1708 I DreamController: Stopping dream: name=ComponentInfo{com.google.android.wearable.ambient/com.google.android.wearable.ambient.AmbientDream}, isTest=false, canDoze=true, userId=0
--------- switch to kernel
11-02 22:31:01.622442     0     0 I mdss_dsi_panel_set_idle_mode: Idle (1->0)
11-02 22:31:01.623401     0     0 E mdp3_enable_panic_ctrl: mdp3_enable_panic_ctrl: Enable Panic Control
11-02 22:31:01.623491     0     0 I         : [touch]FB_BLANK_UNBLANK
11-02 22:31:01.623499     0     0 I         : [touch]raydium_ts_do_resume, 1.
11-02 22:31:01.624196     0     0 I         : [ raydium ]workqueue is empty!
11-02 22:31:01.624217     0     0 I raydium_ts 5-0039: [touch]Already enable irq
11-02 22:31:01.624221     0     0 I         : [touch]Device may wakeup
--------- switch to system
11-02 22:31:01.698921  1686  1686 V DreamService[AmbientDream]: detach(): Calling onDreamingStopped()
--------- switch to main
11-02 22:31:01.699173  1686  1686 I AmbientService: [ce6a28c] doOnDreamingStopped
11-02 22:31:01.699266  1686  1686 W AlarmManagerProxy: Removing unknown listener
11-02 22:31:01.707282  1686  1686 I AmbientService: [ce6a28c] No auto-resume Activity.
11-02 22:31:01.710206  2520  2520 D HOME    : [HomeVisitsLogger]Logging streamlet event: visit_start
11-02 22:31:01.710765  2520  2520 D HOME    : [HomeVisitsLogger]Logging streamlet event: exit_ambient_mode
11-02 22:31:01.711736  2520  2520 D HOME    : [HotwordController]updateClient MODE_WATCH_FACE false false false true
11-02 22:31:01.712289  1686  1686 W AlarmManager: Unrecognized alarm listener com.android.server.job.controllers.-$$Lambda$IdleController$IdlenessTracker$nTdS-lGBXcES5VWKcJFmQFgU7IU@1ab437a
11-02 22:31:01.713161  2520  2520 D HOME    : [WatchFaceUiController]setInAmbientMode false
11-02 22:31:01.713268  2520  2520 D HOME    : [WatchFaceUiController]sendWatchFaceServiceBinder
--------- switch to system
11-02 22:31:01.713752  1686  1686 W ContextImpl: Calling a method in the system process without a qualified user: android.app.ContextImpl.sendBroadcast:1020 android.content.ContextWrapper.sendBroadcast:449 com.google.android.wearable.ambient.AmbientDream.onDestroy:273 android.app.ActivityThread.handleStopService:3698 android.app.ActivityThread.access$1700:200 
--------- switch to main
11-02 22:31:01.714418  1686  1686 E AlarmManager: cancel() called with a null PendingIntent
--------- switch to system
11-02 22:31:01.714822  1686  1686 V DreamService[AmbientDream]: onDestroy()
--------- switch to main
11-02 22:31:01.723022  2520  2520 D HOME    : [WatchFaceUiController]sendStateToWallpaper
11-02 22:31:01.726573  2520  2520 D HOME    : [WatchFaceUiController]Showing watch face wallpaper.
11-02 22:31:01.726941  2520  2520 D HOME    : [WatchFaceUiController]sendStateToWallpaper
11-02 22:31:01.732232  2520  2520 D HOME    : [StreamDBQueue]Promised revision #2414 to queue a new op
11-02 22:31:01.732724  2520  2520 D WatchStreamManager: Promised rank-blocked=true @ r#2414
11-02 22:31:01.733332  2520  2520 D HOME    : [StreamDBQueue]Promised revision #2415 to queue a new op
11-02 22:31:01.733560  2520  2520 D WatchStreamManager: Promised rank-blocked=true @ r#2415
11-02 22:31:01.734705  2520  7941 D HOME    : [WatchStreamDB]Item alerting conditions - isInterruptive: false, recentlyInterrupted: false, isItemPinned: false, isUnread: false
11-02 22:31:01.734820  2520  2520 D HOME    : [TilesController]Tile refresh optimization is enabled.
11-02 22:31:01.735863  2520  2520 D HOME    : [EventBus]Wrapper pool is full. Discarding excess wrapper instance for event com.google.android.clockwork.sysui.events.KeyguardStateEvent
11-02 22:31:01.736101  2520  2520 D HOME    : [WatchFaceUiController]sendStateToWallpaper
11-02 22:31:01.736490  2520  7941 D HOME    : [StreamAlertingRegulator]isTheaterModeEnabled: false, isAlertingAllowedByOffBody: true, matchesLocalInterruptionFilter: true
11-02 22:31:01.737256  2520  7941 D HOME    : [WatchStreamDB]couldItemAlert: false, isTopItemChanged: false, isDeferralForTopItem: false
11-02 22:31:01.740133  2520  2520 D HOME    : [EventBus]Wrapper pool is full. Discarding excess wrapper instance for event com.google.android.clockwork.sysui.events.KeyguardStateEvent
11-02 22:31:01.740646  2520  2520 D HOME    : [EventBus]Wrapper pool is full. Discarding excess wrapper instance for event com.google.android.clockwork.sysui.events.KeyguardStateEvent
11-02 22:31:01.740839  2520  7941 D HOME    : [WatchStreamDB]Item alerting conditions - isInterruptive: false, recentlyInterrupted: false, isItemPinned: false, isUnread: false
11-02 22:31:01.741378  2520  7941 D HOME    : [StreamAlertingRegulator]isTheaterModeEnabled: false, isAlertingAllowedByOffBody: true, matchesLocalInterruptionFilter: true
11-02 22:31:01.741788  2520  7941 D HOME    : [WatchStreamDB]couldItemAlert: false, isTopItemChanged: false, isDeferralForTopItem: false
11-02 22:31:01.750391  2520  2520 D HOME    : [WatchFaceUiController]sendStateToWallpaper
11-02 22:31:01.754932  2520  2520 W StaticLayout: maxLineHeight should not be -1.  maxLines:1 lineCount:1
11-02 22:31:01.795266  2520  2520 D HOME    : [WatchFaceUiController]sendWatchFaceServiceBinder
11-02 22:31:01.801874  2520  2520 D HOME    : [WatchFaceUiController]sendProperties
11-02 22:31:01.802840   512  1749 I sensors-hal: activate:107, android.sensor.light/46 en=0
11-02 22:31:01.803829   512  1749 I sensors-hal: activate:118, android.sensor.light/46 en=0 completed
11-02 22:31:01.804281  2520  2520 D HOME    : [WatchFaceUiController]sendStateToWallpaper
11-02 22:31:01.809041   512  1749 I sensors-hal: batch:140, android.sensor.light/46, period=250000000, max_latency=0
11-02 22:31:01.809137   512  1749 I sensors-hal: batch:149, android.sensor.light/46, period=250000000, max_latency=0 request completed
11-02 22:31:01.810168   512  1749 I sensors-hal: activate:107, android.sensor.light/46 en=1
11-02 22:31:01.810938   512  1749 I sensors-hal: ssc_enable_rt_task:254, ssc_enable_rt_task : true
11-02 22:31:01.820370   512  1749 I sensors-hal: activate:118, android.sensor.light/46 en=1 completed
--------- switch to system
11-02 22:31:01.824716  1686  1686 V SettingsProvider: Notifying for 0: content://settings/system/screen_brightness
--------- switch to main
11-02 22:31:01.826335  1686  1686 I SidekickService: loadBrightnessLocked()
11-02 22:31:01.827041  1686  1686 D SidekickService: screenBrightness  = 52
11-02 22:31:01.827737  1686  1686 D SidekickService: sendConfigValuesLocked(): alsThresholds = [40, 92, 95, 100, 125, 150, 175, 200, 225, 250, 300, 400, 500, 800, 1200], brightnessValuesBright = [50, 56, 60, 70, 80, 90, 100, 115, 120, 140, 160, 180, 200, 220, 240, 255], brightnessValuesDim= [50, 56, 60, 70, 80, 90, 100, 115, 120, 140, 160, 180, 200, 220, 240, 255]
11-02 22:31:01.837598  1686  1686 D SidekickService: setAlsMode(): mode = 2, brightenAlpha = 80, dimmingAlpha = 80
11-02 22:31:01.850231  1686  1686 D SidekickService: setTwmConfig():: msTiltToBright = 10000, tiltToBright = false
11-02 22:31:01.902859   512  8871 I sensors-hal: handle_indication_realtime:355,  SCHED_FIFO(10) for qmi_cbk
11-02 22:31:01.928496  1686  2468 D WificondControl: Scan result ready event
--------- switch to system
11-02 22:31:05.884372  1686  1712 I PowerManagerService: Going to sleep due to screen timeout (uid 1000)...
11-02 22:31:05.885765  1686  1712 I DreamManagerService: Entering dreamland.
11-02 22:31:05.886829  1686  1712 I PowerManagerService: Dozing...
11-02 22:31:05.887829  1686  1686 W UsageStatsService: Event reported without a package name
11-02 22:31:05.895681  1686  1708 I DreamController: Starting dream: name=ComponentInfo{com.google.android.wearable.ambient/com.google.android.wearable.ambient.AmbientDream}, isTest=false, canDoze=true, userId=0
11-02 22:31:05.927500  1686  1686 W ContextImpl: Calling a method in the system process without a qualified user: android.app.ContextImpl.bindService:1611 android.content.ContextWrapper.bindService:698 com.google.android.wearable.ambient.AmbientDream.onCreate:191 android.app.ActivityThread.handleCreateService:3533 android.app.ActivityThread.access$1300:200 
11-02 22:31:05.931011  1686  1686 W ContextImpl: Calling a method in the system process without a qualified user: android.app.ContextImpl.sendBroadcast:1005 android.content.ContextWrapper.sendBroadcast:444 com.google.android.wearable.ambient.AmbientDream.onCreate:241 android.app.ActivityThread.handleCreateService:3533 android.app.ActivityThread.access$1300:200 
11-02 22:31:05.932251  1686  1686 V DreamService[AmbientDream]: onBind() intent = Intent { act=android.service.dreams.DreamService flg=0x800000 cmp=com.google.android.wearable.ambient/.AmbientDream }
--------- switch to main
11-02 22:31:05.933224  1686  1686 I AmbientService: [ce6a28c] Ambient Created
--------- switch to system
11-02 22:31:05.936339  1686  1686 V DreamService[AmbientDream]: Calling onDreamingStarted()
--------- switch to main
11-02 22:31:05.936524  1686  1686 I AmbientService: [ce6a28c] doOnDreamingStarted
11-02 22:31:05.937115  1686  1686 D SidekickService: setShouldControlDisplay called: true
11-02 22:31:05.938265  1686  1686 I AmbientService: [ce6a28c] Selected running activity for ambient mode: AmbientActivity[component=ComponentInfo{com.google.android.wearable.app/com.google.android.clockwork.home2.activity.HomeActivity2}, callbacks=@210b385, running=true, ambientRequested=true, ambientEnabled=true, offloadEnabled=true]
11-02 22:31:05.939043  1686  1686 I AmbientService: [ce6a28c] Sidekick is ready to display, requesting doze.
11-02 22:31:05.939746  1686  1686 I AmbientService: [ce6a28c] No auto-resume Activity.
11-02 22:31:05.941972  1686  1686 W DefaultSettingsContentR: Value for ambient_low_bit_enabled not stored as number. Attempting parse as boolean.
11-02 22:31:05.946305  1686  1686 I AmbientService: [ce6a28c] Showing watch face in offload mode, canceling alarm.
11-02 22:31:05.946448  1686  1686 W AlarmManagerProxy: Removing unknown listener
11-02 22:31:05.947582  2520  2520 D HOME    : [HomeVisitsLogger]Logging streamlet event: enter_ambient_mode
11-02 22:31:05.946584  1686  1686 D WristGestureCtrl: Stopping detectors: GesturesEnabled-false gestureDetector-false ungazeEnabled-true ungaze-true
11-02 22:31:05.948353  1686  1686 D DefaultUngazeDetector: stopping
11-02 22:31:05.948996  2520  2520 D HOME    : [HotwordController]updateClient MODE_WATCH_FACE false true false true
11-02 22:31:05.950303  2520  2520 D HOME    : [WatchFaceUiController]setInAmbientMode true
11-02 22:31:05.951584  2520  8603 D HOME    : [HomeVisitsLogger]Logging streamlet event: visit_end
11-02 22:31:05.952475  2520  8464 I SidekickManager: replaceWatchFaceComponentsImpl(): watchFace = com.google.android.clockwork.decomposablewatchface.WatchFaceDecomposition@ba9b65
11-02 22:31:05.952558  2520  2520 D HOME    : [StreamDBQueue]Promised revision #2416 to queue a new op
11-02 22:31:05.952797  2520  2520 D WatchStreamManager: Promised rank-blocked=false @ r#2416
11-02 22:31:05.953326   512  1749 I sensors-hal: batch:140, android.sensor.accelerometer/48, period=66667000, max_latency=100000000
11-02 22:31:05.953343  2520  2520 D HOME    : [StreamDBQueue]Promised revision #2417 to queue a new op
11-02 22:31:05.953423  1686  2468 D SidekickService: sendWatchFaceComponents called: watchFace = com.google.android.clockwork.decomposablewatchface.WatchFaceDecomposition@32c628bshouldReplace = false
11-02 22:31:05.953596  2520  2520 D WatchStreamManager: Promised rank-blocked=false @ r#2417
11-02 22:31:05.953660  2520  8603 D HOME    : [WatchStreamDB]Item alerting conditions - isInterruptive: false, recentlyInterrupted: false, isItemPinned: false, isUnread: false
11-02 22:31:05.953761  1686  2468 D SidekickService: Check decomposition for calling app com.google.android.wearable.app with uid 10049
11-02 22:31:05.954023  2520  8603 D HOME    : [StreamAlertingRegulator]isTheaterModeEnabled: false, isAlertingAllowedByOffBody: true, matchesLocalInterruptionFilter: true
11-02 22:31:05.954249  1686  2468 D SidekickService: sendWatchFaceLocked(): shouldReplace = false, mSidekickIsControlling = false, 1 images, 0 fonts, 0 numbers, 0 proportionalFonts, 0 strings
11-02 22:31:05.954290  2520  8846 D HOME    : [StreamDBQueue]Promised revision #2418 to queue a new op
11-02 22:31:05.954304  2520  8603 D HOME    : [WatchStreamDB]couldItemAlert: false, isTopItemChanged: false, isDeferralForTopItem: false
11-02 22:31:05.954329  1686  2468 D SidekickService: ISidekickGraphics#beginResources()...
11-02 22:31:05.954395  2520  2520 D HOME    : [EventBus]Wrapper pool is full. Discarding excess wrapper instance for event com.google.android.clockwork.sysui.events.KeyguardStateEvent
11-02 22:31:05.954421  2520  8846 D WatchStreamManager: Promised rerank @ r#2418
11-02 22:31:05.954522  2520  2520 D HOME    : [WatchFaceUiController]sendStateToWallpaper
11-02 22:31:05.957273   512  1749 I sensors-hal: batch:149, android.sensor.accelerometer/48, period=66667000, max_latency=100000000 request completed
11-02 22:31:05.957277  2520  2520 D HOME    : [EventBus]Wrapper pool is full. Discarding excess wrapper instance for event com.google.android.clockwork.sysui.events.KeyguardStateEvent
11-02 22:31:05.957787  2520  2520 D HOME    : [EventBus]Wrapper pool is full. Discarding excess wrapper instance for event com.google.android.clockwork.sysui.events.KeyguardStateEvent
11-02 22:31:05.958046  1686  2468 D SidekickServiceUtils: bitmapFromDrawable: Returning bitmap directly
11-02 22:31:05.958789  2520  8603 D HOME    : [WatchStreamDB]Item alerting conditions - isInterruptive: false, recentlyInterrupted: false, isItemPinned: false, isUnread: false
11-02 22:31:05.959913  1686  2468 D SidekickService: sendBitmapsLocked(): bounds = RectF(0.0, 0.0, 0.0024038462, 0.0024038462), drawableInfo = {.id = 100000, .width = 1, .height = 1, .display = true, .offsetX = 0.0, .offsetY = 0.0, .rotationInfo = {.hasRotation = false, .pivotX = 0.0, .pivotY = 0.0, .degreesPerDay = 0.0, .degreesPerStep = 0.0, .zeroDegreesTime = {.daysSinceLocalEpoch = 0, .msSinceMidnight = 0}}, .transformInfo = {.transformed = false, .flipX = false, .flipY = false, .flip45 = false, .scaleX = 0.0, .scaleY = 0.0}, .type = GENERIC, .blink = {.blinking = false, .periodOnMs = 0.0, .periodOffMs = 0.0, .startTime = {.daysSinceLocalEpoch = 0, .msSinceMidnight = 0}}, .zOrder = 8, .displayInTwm = true}, image.size() = 84
11-02 22:31:05.961248   416  2389 D SKGHAL  : saveResource: resId = 100000
11-02 22:31:05.961241  2520  8603 D HOME    : [StreamAlertingRegulator]isTheaterModeEnabled: false, isAlertingAllowedByOffBody: true, matchesLocalInterruptionFilter: true
11-02 22:31:05.961608  2520  8603 D HOME    : [WatchStreamDB]couldItemAlert: false, isTopItemChanged: false, isDeferralForTopItem: false
11-02 22:31:05.961682  1686  2468 D SidekickService: sendBitmapsLocked(): status = 0, bytesUsed = 18
11-02 22:31:05.961855  1686  2468 D SidekickService: ISidekickGraphics#endResources()...
11-02 22:31:05.962439  2520  8603 D HOME    : [WatchStreamDB]updateRanking()
11-02 22:31:05.963112  2520  8603 D HOME    : [WatchStreamDB]Item alerting conditions - isInterruptive: false, recentlyInterrupted: false, isItemPinned: false, isUnread: false
11-02 22:31:05.963440  2520  8603 D HOME    : [StreamAlertingRegulator]isTheaterModeEnabled: false, isAlertingAllowedByOffBody: true, matchesLocalInterruptionFilter: true
11-02 22:31:05.963664  2520  8603 D HOME    : [WatchStreamDB]couldItemAlert: false, isTopItemChanged: false, isDeferralForTopItem: false
11-02 22:31:05.964282  2520  8603 D HOME    : [NewStreamAdapter]Publishing revision #2418 to adapter clients
11-02 22:31:05.964770  2520  8846 D HOME    : [StreamDBQueue]Promised revision #2419 to queue a new op
11-02 22:31:05.967221  2520  2520 W StaticLayout: maxLineHeight should not be -1.  maxLines:1 lineCount:1
11-02 22:31:05.972069  2520  8846 D WatchStreamManager: Promised rerank @ r#2419
11-02 22:31:05.975676  2520  8486 D HOME    : [WatchStreamDB]updateRanking()
11-02 22:31:05.979363  2520  8486 D HOME    : [WatchStreamDB]Item alerting conditions - isInterruptive: false, recentlyInterrupted: false, isItemPinned: false, isUnread: false
11-02 22:31:05.979927  2520  8486 D HOME    : [StreamAlertingRegulator]isTheaterModeEnabled: false, isAlertingAllowedByOffBody: true, matchesLocalInterruptionFilter: true
11-02 22:31:05.980388  2520  8486 D HOME    : [WatchStreamDB]couldItemAlert: false, isTopItemChanged: false, isDeferralForTopItem: false
11-02 22:31:05.981167  2520  8486 D HOME    : [NewStreamAdapter]Publishing revision #2419 to adapter clients
11-02 22:31:06.245748   416  2389 D SKGHAL  : sendResources: metadata size = 2400, font size = 72
11-02 22:31:06.311276   416  2389 D SKGHAL  : endResources: rc = 0
--------- switch to system
11-02 22:31:06.312237  1686  1686 W Looper  : Slow dispatch took 353ms main h=android.os.Handler c=com.google.android.wearable.ambient.AmbientDream$Callbacks$1@26e7f68 m=0
--------- switch to main
11-02 22:31:06.312746  2520  2520 D HOME    : [SidekickManagerAsync]replaceWatchFaceComponents(): Callback#onResult(): 0
11-02 22:31:06.312981  2520  2520 D HOME    : [WatchFaceUiController]Complication updates sent, posting watch face hiding
11-02 22:31:06.313041  2520  2520 D HOME    : [WatchFaceUiController]Still in ambient watch face, hiding
11-02 22:31:06.313089  2520  2520 D HOME    : [WatchFaceUiController]Hiding watch face wallpaper.
--------- switch to kernel
11-02 22:31:06.260192     0     0 E FG      : fg_psy_get_property: unsupported property 7
11-02 22:31:06.262934     0     0 W healthd : battery l=52 v=3829 t=34.0 h=2 st=3 c=145 fc=443000 cc=0 chg=
--------- switch to main
11-02 22:31:06.334776  1956  1956 D QtiCarrierConfigHelper: WARNING, no carrier configs on phone Id: 0
11-02 22:31:06.335055  2520  2520 D HOME    : [BatteryChange]action: android.intent.action.BATTERY_CHANGED
11-02 22:31:06.335869  2520  8464 D HOME    : [BatteryChange]HandleBatteryChangedTask
11-02 22:31:06.336302  2520  8464 D HOME    : [BatteryChange]level: 52, status: 3
11-02 22:31:06.346377   512  1749 I sensors-hal: activate:107, android.sensor.light/46 en=0
11-02 22:31:06.347680   512  1749 I sensors-hal: activate:118, android.sensor.light/46 en=0 completed
--------- switch to system
11-02 22:31:06.359138  1686  1710 I DisplayManagerService: Display device changed state: "Écran intégré", DOZE_SUSPEND
--------- switch to main
11-02 22:31:06.376364   545   545 D SurfaceFlinger: Set power mode=3, type=0 flinger=0xb6bb6000
11-02 22:31:06.377153   504   764 I SDM     : DisplayBase::SetDisplayState: Set state = 3, display 0
11-02 22:31:06.379044  1686  1759 I InputReader: Reconfiguring input devices.  changes=0x00000004
11-02 22:31:06.432660   545   545 D SurfaceFlinger: Finished set power mode=3, type=0
11-02 22:31:06.433391  1686  1823 I SidekickService: beginDisplayLocked(): DOZE_SUSPEND
11-02 22:31:06.434427   416  2389 D SKGHAL  : sendAmbientPrepare: enter:
--------- switch to kernel
11-02 22:31:06.315027     0     0 I mdss_dsi_panel_set_idle_mode: Idle (0->1)
11-02 22:31:06.363431     0     0 I         : [touch]FB_BLANK_VSYNC_SUSPEND
11-02 22:31:06.363440     0     0 I         : [touch]irq disable
11-02 22:31:06.363446     0     0 I         : [touch]workqueue is empty!
11-02 22:31:06.363450     0     0 I         : [touch]raydium_ts_do_suspend.
11-02 22:31:06.363464     0     0 I         : [touch]Device may wakeup
11-02 22:31:06.367781     0     0 I         : [touch]irq enable
--------- switch to main
11-02 22:31:06.582668   416  2389 D SKGHAL  : sendAmbientEvent: enter: enable = 1
11-02 22:31:06.585268   504   523 I SDM     : DisplayBase::SetDisplayState: Set state = 4, display 0
11-02 22:31:06.585645   504   523 D SDM     : HWCDisplayPrimary::SetStandByMode: Null display is connected successfully
11-02 22:31:06.586359   416  2389 D SKGHAL  : standBy_update_control call succeed on 1
11-02 22:31:06.603021   416  2389 D SKGHAL  : sendAmbientEvent: done: enable = 1
11-02 22:31:06.603858  1686  1823 D SidekickService:    ... beginDisplay result: 0 for halPower: 1
11-02 22:31:06.609871   512  1749 I sensors-hal: activate:107, android.sensor.accelerometer/48 en=0
11-02 22:31:06.612399   512  1749 I sensors-hal: activate:118, android.sensor.accelerometer/48 en=0 completed
--------- switch to kernel
11-02 22:31:06.553945     0     0 E bgrsb   : bgrsb_enable: gpio 32 is valid
--------- switch to main
11-02 22:31:06.648423  1686  1686 I WearPower: [WearTouchMediator] changing touch input to enabled (ON_AUTO)
11-02 22:31:06.649501  1686  1759 I InputReader: Reconfiguring input devices.  changes=0x00000200
--------- switch to kernel
11-02 22:31:06.587421     0     0 I init    : processing action (ro.enable_core_ctl=true && sys.cw_corectl_mode=idle) from (/vendor/etc/init/hw/init.qcom.rc:949)
--------- switch to main
11-02 22:31:06.655309  1686  1686 I AmbientService: [ce6a28c] Timeout alarm not required, auto-resume timeout handled by dream.
11-02 22:31:06.667911  3205  3434 W WorkController: Loading failed for worker [trainingcache]: worker not found
11-02 22:31:06.669323  3205  3372 W A       : TrainingCache cache SCREEN_OFF failure
11-02 22:31:06.669323  3205  3372 W A       : com.google.android.apps.gsa.search.core.service.h.a.a: No worker found for Worker ID [trainingcache].
11-02 22:31:06.669323  3205  3372 W A       : 	at com.google.android.apps.gsa.search.core.service.g.a.c.a(Unknown Source:5)
11-02 22:31:06.669323  3205  3372 W A       : 	at com.google.android.libraries.gsa.c.a.d.a(Unknown Source:3)
11-02 22:31:06.669323  3205  3372 W A       : 	at com.google.common.p.a.cg.c(Unknown Source:2)
11-02 22:31:06.669323  3205  3372 W A       : 	at com.google.common.p.a.bk.run(SourceFile:3)
11-02 22:31:06.669323  3205  3372 W A       : 	at com.google.common.p.a.ci.run(Unknown Source:4)
11-02 22:31:06.669323  3205  3372 W A       : 	at com.google.apps.tiktok.concurrent.ab.run(SourceFile:1)
11-02 22:31:06.669323  3205  3372 W A       : 	at java.util.concurrent.ThreadPoolExecutor.runWorker(ThreadPoolExecutor.java:1167)
11-02 22:31:06.669323  3205  3372 W A       : 	at java.util.concurrent.ThreadPoolExecutor$Worker.run(ThreadPoolExecutor.java:641)
11-02 22:31:06.669323  3205  3372 W A       : 	at com.google.apps.tiktok.concurrent.c.run(Unknown Source:4)
11-02 22:31:06.669323  3205  3372 W A       : 	at java.lang.Thread.run(Thread.java:764)
--------- switch to system
11-02 22:31:06.670669   618   618 W wificond: Skip match ssid for pno scan: Samsung Ingrid, Wifirst Les Valmonts, Pauline, HUAWEI-F3EF, PUBLIC WIFI Groupe Televerbier, TMR_PUBLIC_WIFI, SFR_1AE0, BINLAR_2.4G, Sira-WiFi, iPhone S, Siam Garden Cooking School, .@AirportAISFreeWiFi, iPhone de Ameulie, Paulo's iPhone, Beach  Park Hostel & Tree Bar, The Big_Easy, AndroidAPEC14, _VINCI Airports wifi, Yolo Hostel, .@AirportDTACFreeWiFi,    .@ TRUEWIFI, .@ AIS SUPER WiFi, .@AirportTrueFreeWiFi,     King Power,  Free Airport-Google WiFi by CAT, BangkokAirways, UPC5616060, ColocMegy, jcmjsm, iPhone Consti, ASGARD, FMEL, Florence 2.4Ghz, BENJI, IBIS_STYLES_NANTES_CENTRE_GARE_N, LACENNE , Jack's iPhone, Salt_2GHz_28C9D0, Salt_5GHz_28C9D0, Yah Hallo, ASGARD-24G, Livebox-22B4, LeBOen, App_111, Michaud1936, _VT21-VISITORS_, Sebi, RAFA 5, Verkehrshaus, iPhone, MONZOON, igluna-public, kepler, _WIFI_LYRIA, HUAWEI-C452, Vodafone-A54562143, WiFiFrecce, OSoleMioWifi, VodafoneDepretis19, SanLorenzo, Live Hotels Guest, Franci , iPhone de Soline, viktoria_intern, UPC7759032, Vod
--------- switch to main
11-02 22:31:06.679460  2520  2520 D HOME    : [StreamDBQueue]Promised revision #2420 to queue a new op
11-02 22:31:06.679801  2520  2520 D WatchStreamManager: Promised rank-blocked=false @ r#2420
11-02 22:31:06.680112  2520  2520 D HOME    : [CompactHunStarter]detachWindow()
11-02 22:31:06.680630  2520  8846 D HOME    : [StreamDBQueue]Promised revision #2421 to queue a new op
11-02 22:31:06.680853  2520  8846 D WatchStreamManager: Promised rerank @ r#2421
11-02 22:31:06.680876  2520  8464 D HOME    : [WatchStreamDB]Item alerting conditions - isInterruptive: false, recentlyInterrupted: false, isItemPinned: false, isUnread: false
11-02 22:31:06.681178  2520  8464 D HOME    : [StreamAlertingRegulator]isTheaterModeEnabled: false, isAlertingAllowedByOffBody: true, matchesLocalInterruptionFilter: true
11-02 22:31:06.681476  2520  8464 D HOME    : [WatchStreamDB]couldItemAlert: false, isTopItemChanged: false, isDeferralForTopItem: false
11-02 22:31:06.681929  2520  8464 D HOME    : [WatchStreamDB]updateRanking()
11-02 22:31:06.682438  2520  8464 D HOME    : [WatchStreamDB]Item alerting conditions - isInterruptive: false, recentlyInterrupted: false, isItemPinned: false, isUnread: false
11-02 22:31:06.682773  2520  8464 D HOME    : [StreamAlertingRegulator]isTheaterModeEnabled: false, isAlertingAllowedByOffBody: true, matchesLocalInterruptionFilter: true
11-02 22:31:06.683015  2520  8464 D HOME    : [WatchStreamDB]couldItemAlert: false, isTopItemChanged: false, isDeferralForTopItem: false
11-02 22:31:06.683677  2520  8464 D HOME    : [NewStreamAdapter]Publishing revision #2421 to adapter clients
--------- switch to kernel
11-02 22:31:06.639312     0     0 E mdss_dsi_gen_read_status: Read back value from panel is incorrect
--------- switch to system
11-02 22:31:06.712418   618   618 I wificond: Pno scan started
--------- switch to kernel
11-02 22:31:06.661474     0     0 I CPU1    : update max cpu_capacity 748
11-02 22:31:06.661601     0     0 I CPU3    : update max cpu_capacity 1024
11-02 22:31:06.736454     0     0 I PM      : suspend entry 2021-11-02 21:31:06.736454865 UTC
11-02 22:31:06.736464     0     0 I PM      : Syncing filesystems ...
11-02 22:31:06.758002     0     0 I CPU2    : shutdown
11-02 22:31:06.759866     0     0 I init    : Command 'write /sys/devices/system/cpu/cpu2/online 0' action=ro.enable_core_ctl=true && sys.cw_corectl_mode=idle (/vendor/etc/init/hw/init.qcom.rc:951) took 108ms and succeeded
11-02 22:31:06.769572     0     0 I         : done.
11-02 22:31:06.838514     0     0 W         : IRQ21 no longer affine to CPU3
11-02 22:31:06.839671     0     0 I CPU3    : shutdown
11-02 22:31:06.841412     0     0 I         : Freezing user space processes ...
11-02 22:31:06.847443     0     0 I CPU0    : update max cpu_capacity 748
11-02 22:31:06.847946     0     0 I PM      : Wakeup pending, aborting suspend
11-02 22:31:06.848005     0     0 I         : active wakeup source: NETLINK
11-02 22:31:06.848059     0     0 E         : Freezing of tasks aborted after 0.006 seconds
11-02 22:31:06.848074     0     0 I         : Restarting tasks ...
11-02 22:31:06.848731     0     0 W QSEECOM : qseecom_receive_req: Interrupted: exiting Listener Service = 8192
11-02 22:31:06.848796     0     0 W QSEECOM : qseecom_receive_req: Interrupted: exiting Listener Service = 28672
11-02 22:31:06.848834     0     0 W QSEECOM : qseecom_receive_req: Interrupted: exiting Listener Service = 10
11-02 22:31:06.848870     0     0 W QSEECOM : qseecom_receive_req: Interrupted: exiting Listener Service = 11
11-02 22:31:06.853690     0     0 W QSEECOM : qseecom_receive_req: Interrupted: exiting Listener Service = 12288
11-02 22:31:06.854125     0     0 I         : done.
11-02 22:31:06.854903     0     0 I PM      : suspend exit 2021-11-02 21:31:06.854903563 UTC
11-02 22:31:06.856930     0     0 I init    : Command 'write /sys/devices/system/cpu/cpu3/online 0' action=ro.enable_core_ctl=true && sys.cw_corectl_mode=idle (/vendor/etc/init/hw/init.qcom.rc:952) took 96ms and succeeded
11-02 22:31:07.059135     0     0 I PM      : suspend entry 2021-11-02 21:31:07.059135698 UTC
11-02 22:31:07.059158     0     0 I PM      : Syncing filesystems ... done.
11-02 22:31:07.082643     0     0 I         : Freezing user space processes ... (elapsed 0.011 seconds) done.
11-02 22:31:07.094579     0     0 I         : Freezing remaining freezable tasks ... (elapsed 0.006 seconds) done.
11-02 22:31:07.101125     0     0 I         : Suspending console(s) (use no_console_suspend to debug)
11-02 22:31:07.116794     0     0 I mdss_dsi_panel_set_idle_mode: Idle (1->1)
11-02 22:31:07.161543     0     0 I bgcom   : bgcom_pm_suspend: suspended with : 0
11-02 22:31:07.191301     0     0 I PM      : suspend of devices complete after 86.300 msecs
11-02 22:31:07.198015     0     0 I PM      : late suspend of devices complete after 6.662 msecs
11-02 22:31:07.204263     0     0 I PM      : noirq suspend of devices complete after 6.219 msecs
11-02 22:31:07.204278     0     0 I         : Disabling non-boot CPUs ...
11-02 22:31:07.226896     0     0 W         : IRQ21 no longer affine to CPU1
11-02 22:31:07.228954     0     0 I CPU1    : shutdown
11-02 22:31:07.231360     0     0 I suspend ns: 1847351784070	suspend cycles:     386967663539
11-02 22:31:07.231337     0     0 I CPU0    : msm_cpu_pm_enter_sleep mode:3 during suspend
11-02 22:31:07.231337     0     0 I         : Suspended for 14.920 seconds
--------- switch to system
11-02 22:31:22.268395  1686  1686 I PowerManagerService: Waking up from dozing (uid=1000 reason=tiltToWake)...
--------- switch to kernel
11-02 22:31:07.231337     0     0 I resume cycles: 387254139322
11-02 22:31:07.232060     0     0 I         : Enabling non-boot CPUs ...
11-02 22:31:07.232922     0     0 I CPU1    : update cpu_capacity 1024
11-02 22:31:07.234669     0     0 I         : CPU1 is up
11-02 22:31:07.235327     0     0 I CPU1    : update max cpu_capacity 748
11-02 22:31:07.238891     0     0 I PM      : noirq resume of devices complete after 3.795 msecs
11-02 22:31:07.244802     0     0 I PM      : early resume of devices complete after 4.385 msecs
11-02 22:31:07.278070     0     0 I bgcom   : bgcom_pm_resume: Bgcom resumed with : 0
11-02 22:31:07.288496     0     0 I mdss_dsi_panel_set_idle_mode: Idle (1->1)
--------- switch to system
11-02 22:31:22.281052  1686  1686 W UsageStatsService: Event reported without a package name
--------- switch to kernel
11-02 22:31:07.330662     0     0 I PM      : resume of devices complete after 85.813 msecs
11-02 22:31:07.335158     0     0 I         : Restarting tasks ...
11-02 22:31:07.347916     0     0 W QSEECOM : qseecom_receive_req: Interrupted: exiting Listener Service = 8192
11-02 22:31:07.347981     0     0 W QSEECOM : qseecom_receive_req: Interrupted: exiting Listener Service = 12288
11-02 22:31:07.348019     0     0 W QSEECOM : qseecom_receive_req: Interrupted: exiting Listener Service = 11
11-02 22:31:07.348056     0     0 W QSEECOM : qseecom_receive_req: Interrupted: exiting Listener Service = 10
11-02 22:31:07.348093     0     0 W QSEECOM : qseecom_receive_req: Interrupted: exiting Listener Service = 28672
11-02 22:31:07.356126     0     0 I         : done.
11-02 22:31:22.277538     0     0 I PM      : suspend exit 2021-11-02 21:31:22.277538139 UTC
11-02 22:31:22.295297     0     0 E FG      : fg_psy_get_property: unsupported property 7
11-02 22:31:22.233938     0     0 W healthd : battery l=52 v=3891 t=34.0 h=2 st=3 c=9 fc=443000 cc=0 chg=
--------- switch to main
11-02 22:31:22.339377   512   512 I sensors-hal: batch:140, android.sensor.light/46, period=100000000, max_latency=0
11-02 22:31:22.339493   512   512 I sensors-hal: batch:149, android.sensor.light/46, period=100000000, max_latency=0 request completed
11-02 22:31:22.340272   512   512 I sensors-hal: activate:107, android.sensor.light/46 en=1
11-02 22:31:22.340892   512   512 I sensors-hal: ssc_enable_rt_task:254, ssc_enable_rt_task : true
11-02 22:31:22.351529   512   512 I sensors-hal: activate:118, android.sensor.light/46 en=1 completed
11-02 22:31:22.354791  1686  1823 I SidekickService: endDisplayLocked()
--------- switch to system
11-02 22:31:22.356801  1686  1710 I DisplayManagerService: Display device changed state: "Écran intégré", ON
--------- switch to main
11-02 22:31:22.360471   416  2389 D SKGHAL  : sendAmbientEvent: enter: enable = 0
11-02 22:31:22.373283   512   512 I sensors-hal: batch:140, android.sensor.accelerometer/48, period=66667000, max_latency=100000000
11-02 22:31:22.373438   512   512 I sensors-hal: batch:149, android.sensor.accelerometer/48, period=66667000, max_latency=100000000 request completed
11-02 22:31:22.374100   512   512 I sensors-hal: activate:107, android.sensor.accelerometer/48 en=1
11-02 22:31:22.374796   512   512 I sensors-hal: ssc_enable_rt_task:254, ssc_enable_rt_task : true
11-02 22:31:22.389433  4243  4243 D OMService: onDisplayChanged: not dozing
11-02 22:31:22.394296   512   512 I sensors-hal: activate:118, android.sensor.accelerometer/48 en=1 completed
11-02 22:31:22.403651  2520  2520 D HOME    : [BatteryChange]action: android.intent.action.BATTERY_CHANGED
11-02 22:31:22.404288  2520  8846 D HOME    : [BatteryChange]HandleBatteryChangedTask
11-02 22:31:22.405625  1686  1759 I InputReader: Reconfiguring input devices.  changes=0x00000004
11-02 22:31:22.406313  2520  8846 D HOME    : [BatteryChange]level: 52, status: 3
--------- switch to system
11-02 22:31:22.423509  1686  1702 W BroadcastQueue: Background execution not allowed: receiving Intent { act=android.intent.action.USER_PRESENT flg=0x10 } to com.google.android.gms/.auth.setup.devicesignals.LockScreenReceiver
11-02 22:31:22.424076  1686  1702 W BroadcastQueue: Background execution not allowed: receiving Intent { act=android.intent.action.USER_PRESENT flg=0x10 } to com.google.android.gms/.chimera.GmsIntentOperationService$PersistentTrustedReceiver
--------- switch to main
11-02 22:31:22.428363  3205  3434 W WorkController: Loading failed for worker [trainingcache]: worker not found
11-02 22:31:22.429913  3205  3294 W A       : TrainingCache cache DEVICE_UNLOCKED failure
11-02 22:31:22.429913  3205  3294 W A       : com.google.android.apps.gsa.search.core.service.h.a.a: No worker found for Worker ID [trainingcache].
11-02 22:31:22.429913  3205  3294 W A       : 	at com.google.android.apps.gsa.search.core.service.g.a.c.a(Unknown Source:5)
11-02 22:31:22.429913  3205  3294 W A       : 	at com.google.android.libraries.gsa.c.a.d.a(Unknown Source:3)
11-02 22:31:22.429913  3205  3294 W A       : 	at com.google.common.p.a.cg.c(Unknown Source:2)
11-02 22:31:22.429913  3205  3294 W A       : 	at com.google.common.p.a.bk.run(SourceFile:3)
11-02 22:31:22.429913  3205  3294 W A       : 	at com.google.common.p.a.ci.run(Unknown Source:4)
11-02 22:31:22.429913  3205  3294 W A       : 	at com.google.apps.tiktok.concurrent.ab.run(SourceFile:1)
11-02 22:31:22.429913  3205  3294 W A       : 	at java.util.concurrent.ThreadPoolExecutor.runWorker(ThreadPoolExecutor.java:1167)
11-02 22:31:22.429913  3205  3294 W A       : 	at java.util.concurrent.ThreadPoolExecutor$Worker.run(ThreadPoolExecutor.java:641)
11-02 22:31:22.429913  3205  3294 W A       : 	at com.google.apps.tiktok.concurrent.c.run(Unknown Source:4)
11-02 22:31:22.429913  3205  3294 W A       : 	at java.lang.Thread.run(Thread.java:764)
11-02 22:31:22.455062  1956  1956 D QtiCarrierConfigHelper: WARNING, no carrier configs on phone Id: 0
--------- switch to system
11-02 22:31:22.472588   618   618 I wificond: Pno scan stopped
--------- switch to main
11-02 22:31:22.486045   504   523 I SDM     : DisplayBase::SetDisplayState: Set state = 3, display 0
11-02 22:31:22.486338   504   523 D SDM     : HWCDisplayPrimary::SetStandByMode: Display is connected successfully
11-02 22:31:22.487048   416  2389 D SKGHAL  : standBy_update_control call succeed on 0
11-02 22:31:22.487122   416  2389 D SKGHAL  : sendAmbientEvent: done: enable = 0
11-02 22:31:22.487789  1686  1823 D SidekickService:    ... endDisplay returns void
11-02 22:31:22.488776   545   545 D SurfaceFlinger: Set power mode=2, type=0 flinger=0xb6bb6000
11-02 22:31:22.489173   504   764 I SDM     : DisplayBase::SetDisplayState: Set state = 1, display 0
--------- switch to kernel
11-02 22:31:22.357412     0     0 E bgrsb   : bgrsb_enable: rsb will set report rate
11-02 22:31:22.421905     0     0 I         : [touch]FB_BLANK_VSYNC_SUSPEND
