11-03 12:36:40.722508     0     0 W         : IRQ21 no longer affine to CPU3
11-03 12:36:40.724178     0     0 I CPU3    : shutdown
--------- switch to main
11-03 12:36:40.887889  3205  3434 W WorkController: Loading failed for worker [trainingcache]: worker not found
11-03 12:36:40.889585  3205  3372 W A       : TrainingCache cache SCREEN_ON failure
11-03 12:36:40.889585  3205  3372 W A       : com.google.android.apps.gsa.search.core.service.h.a.a: No worker found for Worker ID [trainingcache].
11-03 12:36:40.889585  3205  3372 W A       : 	at com.google.android.apps.gsa.search.core.service.g.a.c.a(Unknown Source:5)
11-03 12:36:40.889585  3205  3372 W A       : 	at com.google.android.libraries.gsa.c.a.d.a(Unknown Source:3)
11-03 12:36:40.889585  3205  3372 W A       : 	at com.google.common.p.a.cg.c(Unknown Source:2)
11-03 12:36:40.889585  3205  3372 W A       : 	at com.google.common.p.a.bk.run(SourceFile:3)
11-03 12:36:40.889585  3205  3372 W A       : 	at com.google.common.p.a.ci.run(Unknown Source:4)
11-03 12:36:40.889585  3205  3372 W A       : 	at com.google.apps.tiktok.concurrent.ab.run(SourceFile:1)
11-03 12:36:40.889585  3205  3372 W A       : 	at java.util.concurrent.ThreadPoolExecutor.runWorker(ThreadPoolExecutor.java:1167)
11-03 12:36:40.889585  3205  3372 W A       : 	at java.util.concurrent.ThreadPoolExecutor$Worker.run(ThreadPoolExecutor.java:641)
11-03 12:36:40.889585  3205  3372 W A       : 	at com.google.apps.tiktok.concurrent.c.run(Unknown Source:4)
11-03 12:36:40.889585  3205  3372 W A       : 	at java.lang.Thread.run(Thread.java:764)
11-03 12:36:40.918282  2520  2520 D HOME    : [StreamDBQueue]Promised revision #5700 to queue a new op
11-03 12:36:40.918617  2520  2520 D WatchStreamManager: Promised rank-blocked=true @ r#5700
11-03 12:36:40.919194  2520  2520 D HOME    : [StreamPreviewer]preview StreamItemId{notifKey=-1|android|51|null|1000, packageName=android, id=51} ambient=false screenOff=false onWatchface=true streamUsage=HUN_STREAM ambientPreviewEnabled=true
11-03 12:36:40.919285  2520  2520 D HOME    : [StreamPreviewer]HUN preview
11-03 12:36:40.920787  2520 14787 D HOME    : [WatchStreamDB]Item alerting conditions - isInterruptive: true, recentlyInterrupted: true, isItemPinned: false, isUnread: false
11-03 12:36:40.921195  2520 14787 D HOME    : [StreamAlertingRegulator]isTheaterModeEnabled: false, isAlertingAllowedByOffBody: true, matchesLocalInterruptionFilter: true
11-03 12:36:40.921433  2520 14787 D HOME    : [WatchStreamDB]couldItemAlert: false, isTopItemChanged: false, isDeferralForTopItem: false
11-03 12:36:41.030829   504   523 I SDM     : DisplayBase::SetDisplayState: Set state = 3, display 0
11-03 12:36:41.031090   504   523 D SDM     : HWCDisplayPrimary::SetStandByMode: Display is connected successfully
11-03 12:36:41.031670   416  2389 D SKGHAL  : standBy_update_control call succeed on 0
11-03 12:36:41.031758   416  2389 D SKGHAL  : sendAmbientEvent: done: enable = 0
11-03 12:36:41.032427  1686  1823 D SidekickService:    ... endDisplay returns void
11-03 12:36:41.033310   545   545 D SurfaceFlinger: Set power mode=2, type=0 flinger=0xb6bb6000
11-03 12:36:41.033608   504   764 I SDM     : DisplayBase::SetDisplayState: Set state = 1, display 0
--------- switch to kernel
11-03 12:36:40.883825     0     0 I         : [touch]FB_BLANK_VSYNC_SUSPEND
11-03 12:36:40.883830     0     0 I         : [touch]Already in suspend state
11-03 12:36:40.893586     0     0 I mdss_dsi_panel_set_idle_mode: Idle (1->0)
--------- switch to main
11-03 12:36:41.043157   545   545 D SurfaceFlinger: Finished set power mode=2, type=0
--------- switch to kernel
11-03 12:36:40.894433     0     0 E mdp3_enable_panic_ctrl: mdp3_enable_panic_ctrl: Enable Panic Control
11-03 12:36:40.894501     0     0 I         : [touch]FB_BLANK_UNBLANK
11-03 12:36:40.894506     0     0 I         : [touch]raydium_ts_do_resume, 1.
11-03 12:36:40.894896     0     0 I         : [ raydium ]workqueue is empty!
11-03 12:36:40.894911     0     0 I raydium_ts 5-0039: [touch]Already enable irq
11-03 12:36:40.894913     0     0 I         : [touch]Device may wakeup
--------- switch to system
11-03 12:36:41.045610  1686  1712 W PowerManagerService: Screen on took 574 ms
11-03 12:36:41.045984  1686  1712 I DreamManagerService: Gently waking up from dream.
11-03 12:36:41.046498  1686  1708 I DreamManagerService: Performing gentle wake from dream.
11-03 12:36:41.046810  1686  1686 V DreamService[AmbientDream]: wakeUp(): fromSystem=true, mWaking=false, mFinished=false
11-03 12:36:41.046901  1686  1686 V DreamService[AmbientDream]: finish(): mFinished=false
11-03 12:36:41.046976  1686  1686 I DreamManagerService: Leaving dreamland.
11-03 12:36:41.047719  1686  1708 I DreamManagerService: Performing gentle wake from dream.
11-03 12:36:41.047907  1686  1708 I DreamController: Stopping dream: name=ComponentInfo{com.google.android.wearable.ambient/com.google.android.wearable.ambient.AmbientDream}, isTest=false, canDoze=true, userId=0
11-03 12:36:41.049651  1686  1686 V DreamService[AmbientDream]: detach(): Calling onDreamingStopped()
--------- switch to main
11-03 12:36:41.049810  1686  1686 I AmbientService: [ce6a28c] doOnDreamingStopped
11-03 12:36:41.049878  1686  1686 W AlarmManagerProxy: Removing unknown listener
11-03 12:36:41.055847  2520  2520 D HOME    : [HomeVisitsLogger]Logging streamlet event: visit_start
11-03 12:36:41.056161  2520  2520 D HOME    : [HomeVisitsLogger]Logging streamlet event: exit_ambient_mode
11-03 12:36:41.056540  1686  1686 I AmbientService: [ce6a28c] No auto-resume Activity.
11-03 12:36:41.056833  2520  2520 D HOME    : [HotwordController]updateClient MODE_WATCH_FACE false false false true
11-03 12:36:41.058104  2520  2520 D HOME    : [WatchFaceUiController]setInAmbientMode false
11-03 12:36:41.058208  2520  2520 D HOME    : [WatchFaceUiController]sendWatchFaceServiceBinder
11-03 12:36:41.064164  2520  2520 D HOME    : [WatchFaceUiController]sendStateToWallpaper
--------- switch to system
11-03 12:36:41.065495  1686  1686 W ContextImpl: Calling a method in the system process without a qualified user: android.app.ContextImpl.sendBroadcast:1020 android.content.ContextWrapper.sendBroadcast:449 com.google.android.wearable.ambient.AmbientDream.onDestroy:273 android.app.ActivityThread.handleStopService:3698 android.app.ActivityThread.access$1700:200 
--------- switch to main
11-03 12:36:41.068455  2520  2520 D HOME    : [WatchFaceUiController]Showing watch face wallpaper.
11-03 12:36:41.068600  2520  2520 D HOME    : [WatchFaceUiController]sendStateToWallpaper
11-03 12:36:41.070998  2520  2520 D HOME    : [StreamDBQueue]Promised revision #5701 to queue a new op
11-03 12:36:41.071218  2520  2520 D WatchStreamManager: Promised rank-blocked=true @ r#5701
11-03 12:36:41.071530  2520  2520 D HOME    : [StreamDBQueue]Promised revision #5702 to queue a new op
11-03 12:36:41.071653  2520  2520 D WatchStreamManager: Promised rank-blocked=true @ r#5702
11-03 12:36:41.072113  2520  2520 D HOME    : [TilesController]Tile refresh optimization is enabled.
11-03 12:36:41.072396  2520  2520 D HOME    : [EventBus]Wrapper pool is full. Discarding excess wrapper instance for event com.google.android.clockwork.sysui.events.KeyguardStateEvent
11-03 12:36:41.072470  2520  2520 D HOME    : [WatchFaceUiController]sendStateToWallpaper
11-03 12:36:41.073082  1686  1686 E AlarmManager: cancel() called with a null PendingIntent
11-03 12:36:41.073818  2520  2520 D HOME    : [EventBus]Wrapper pool is full. Discarding excess wrapper instance for event com.google.android.clockwork.sysui.events.KeyguardStateEvent
11-03 12:36:41.073999  2520  2520 D HOME    : [EventBus]Wrapper pool is full. Discarding excess wrapper instance for event com.google.android.clockwork.sysui.events.KeyguardStateEvent
11-03 12:36:41.075121  2520 14469 D HOME    : [WatchStreamDB]Item alerting conditions - isInterruptive: true, recentlyInterrupted: true, isItemPinned: false, isUnread: false
--------- switch to system
11-03 12:36:41.075908  1686  1686 V DreamService[AmbientDream]: onDestroy()
--------- switch to main
11-03 12:36:41.080194  2520  2520 D HOME    : [WatchFaceUiController]sendStateToWallpaper
11-03 12:36:41.084711  1686  1686 W AlarmManager: Unrecognized alarm listener com.android.server.job.controllers.-$$Lambda$IdleController$IdlenessTracker$nTdS-lGBXcES5VWKcJFmQFgU7IU@1ab437a
11-03 12:36:41.084834  2520  2520 W StaticLayout: maxLineHeight should not be -1.  maxLines:1 lineCount:1
11-03 12:36:41.092118  2520 14469 D HOME    : [StreamAlertingRegulator]isTheaterModeEnabled: false, isAlertingAllowedByOffBody: true, matchesLocalInterruptionFilter: true
11-03 12:36:41.094246  2520 14469 D HOME    : [WatchStreamDB]couldItemAlert: false, isTopItemChanged: false, isDeferralForTopItem: false
11-03 12:36:41.095761  2520 14469 D HOME    : [WatchStreamDB]Item alerting conditions - isInterruptive: true, recentlyInterrupted: true, isItemPinned: false, isUnread: false
11-03 12:36:41.096029  2520 14469 D HOME    : [StreamAlertingRegulator]isTheaterModeEnabled: false, isAlertingAllowedByOffBody: true, matchesLocalInterruptionFilter: true
11-03 12:36:41.096654  2520 14469 D HOME    : [WatchStreamDB]couldItemAlert: false, isTopItemChanged: false, isDeferralForTopItem: false
11-03 12:36:41.122647  2520  2520 D HOME    : [WatchFaceUiController]sendWatchFaceServiceBinder
11-03 12:36:41.129667  2520  2520 D HOME    : [WatchFaceUiController]sendProperties
11-03 12:36:41.134474  2520  2520 D HOME    : [WatchFaceUiController]sendStateToWallpaper
11-03 12:36:41.241543   512  1749 I sensors-hal: activate:107, android.sensor.light/46 en=0
11-03 12:36:41.242669   512  1749 I sensors-hal: activate:118, android.sensor.light/46 en=0 completed
11-03 12:36:41.244705   512  1749 I sensors-hal: batch:140, android.sensor.light/46, period=250000000, max_latency=0
11-03 12:36:41.244767   512  1749 I sensors-hal: batch:149, android.sensor.light/46, period=250000000, max_latency=0 request completed
11-03 12:36:41.245201   512  1749 I sensors-hal: activate:107, android.sensor.light/46 en=1
11-03 12:36:41.245505   512  1749 I sensors-hal: ssc_enable_rt_task:254, ssc_enable_rt_task : true
11-03 12:36:41.247977   512  1749 I sensors-hal: activate:118, android.sensor.light/46 en=1 completed
11-03 12:36:41.332450   512 14817 I sensors-hal: handle_indication_realtime:355,  SCHED_FIFO(10) for qmi_cbk
--------- switch to system
11-03 12:36:45.472405  1686  1712 I PowerManagerService: Going to sleep due to screen timeout (uid 1000)...
11-03 12:36:45.473000  1686  1686 W UsageStatsService: Event reported without a package name
11-03 12:36:45.473664  1686  1712 I DreamManagerService: Entering dreamland.
11-03 12:36:45.474385  1686  1712 I PowerManagerService: Dozing...
11-03 12:36:45.493821  1686  1708 I DreamController: Starting dream: name=ComponentInfo{com.google.android.wearable.ambient/com.google.android.wearable.ambient.AmbientDream}, isTest=false, canDoze=true, userId=0
11-03 12:36:45.518650  1686  1686 W ContextImpl: Calling a method in the system process without a qualified user: android.app.ContextImpl.bindService:1611 android.content.ContextWrapper.bindService:698 com.google.android.wearable.ambient.AmbientDream.onCreate:191 android.app.ActivityThread.handleCreateService:3533 android.app.ActivityThread.access$1300:200 
11-03 12:36:45.521618  1686  1686 W ContextImpl: Calling a method in the system process without a qualified user: android.app.ContextImpl.sendBroadcast:1005 android.content.ContextWrapper.sendBroadcast:444 com.google.android.wearable.ambient.AmbientDream.onCreate:241 android.app.ActivityThread.handleCreateService:3533 android.app.ActivityThread.access$1300:200 
11-03 12:36:45.528256  1686  1686 V DreamService[AmbientDream]: onBind() intent = Intent { act=android.service.dreams.DreamService flg=0x800000 cmp=com.google.android.wearable.ambient/.AmbientDream }
--------- switch to main
11-03 12:36:45.529187  1686  1686 I AmbientService: [ce6a28c] Ambient Created
--------- switch to system
11-03 12:36:45.532260  1686  1686 V DreamService[AmbientDream]: Calling onDreamingStarted()
--------- switch to main
11-03 12:36:45.532545  1686  1686 I AmbientService: [ce6a28c] doOnDreamingStarted
11-03 12:36:45.532952  1686  1686 D SidekickService: setShouldControlDisplay called: true
11-03 12:36:45.533746  1686  1686 I AmbientService: [ce6a28c] Selected running activity for ambient mode: AmbientActivity[component=ComponentInfo{com.google.android.wearable.app/com.google.android.clockwork.home2.activity.HomeActivity2}, callbacks=@210b385, running=true, ambientRequested=true, ambientEnabled=true, offloadEnabled=true]
11-03 12:36:45.534267  1686  1686 I AmbientService: [ce6a28c] Sidekick is ready to display, requesting doze.
11-03 12:36:45.534761  1686  1686 I AmbientService: [ce6a28c] No auto-resume Activity.
11-03 12:36:45.537127  2520  2520 D HOME    : [HomeVisitsLogger]Logging streamlet event: enter_ambient_mode
11-03 12:36:45.537676  2520  2520 D HOME    : [HotwordController]updateClient MODE_WATCH_FACE false true false true
11-03 12:36:45.538024  1686  1686 W DefaultSettingsContentR: Value for ambient_low_bit_enabled not stored as number. Attempting parse as boolean.
11-03 12:36:45.541475  1686  1686 I AmbientService: [ce6a28c] Showing watch face in offload mode, canceling alarm.
11-03 12:36:45.541547  1686  1686 W AlarmManagerProxy: Removing unknown listener
11-03 12:36:45.541625  1686  1686 D WristGestureCtrl: Stopping detectors: GesturesEnabled-false gestureDetector-false ungazeEnabled-true ungaze-true
11-03 12:36:45.541655  1686  1686 D DefaultUngazeDetector: stopping
11-03 12:36:45.550902   512  1749 I sensors-hal: batch:140, android.sensor.accelerometer/48, period=66667000, max_latency=100000000
11-03 12:36:45.552311  2520 14536 D HOME    : [HomeVisitsLogger]Logging streamlet event: visit_end
11-03 12:36:45.574634   512  1749 I sensors-hal: batch:149, android.sensor.accelerometer/48, period=66667000, max_latency=100000000 request completed
11-03 12:36:45.576543  2520  2520 D HOME    : [WatchFaceUiController]setInAmbientMode true
11-03 12:36:45.578272  2520  2520 D HOME    : [StreamDBQueue]Promised revision #5703 to queue a new op
11-03 12:36:45.578429  2520  2520 D WatchStreamManager: Promised rank-blocked=false @ r#5703
11-03 12:36:45.578758  2520  2520 D HOME    : [StreamDBQueue]Promised revision #5704 to queue a new op
11-03 12:36:45.578763  2520 14536 I SidekickManager: replaceWatchFaceComponentsImpl(): watchFace = com.google.android.clockwork.decomposablewatchface.WatchFaceDecomposition@1332ef2
11-03 12:36:45.578855  2520  2520 D WatchStreamManager: Promised rank-blocked=false @ r#5704
11-03 12:36:45.579493  1686  2895 D SidekickService: sendWatchFaceComponents called: watchFace = com.google.android.clockwork.decomposablewatchface.WatchFaceDecomposition@7b2eae6shouldReplace = false
11-03 12:36:45.579540  2520  2520 D HOME    : [EventBus]Wrapper pool is full. Discarding excess wrapper instance for event com.google.android.clockwork.sysui.events.KeyguardStateEvent
11-03 12:36:45.579605  2520  2520 D HOME    : [WatchFaceUiController]sendStateToWallpaper
11-03 12:36:45.579685  1686  2895 D SidekickService: Check decomposition for calling app com.google.android.wearable.app with uid 10049
11-03 12:36:45.580345  2520 14469 D HOME    : [StreamDBQueue]Promised revision #5705 to queue a new op
11-03 12:36:45.580468  2520 14469 D WatchStreamManager: Promised rerank @ r#5705
11-03 12:36:45.581028  2520  2520 D HOME    : [EventBus]Wrapper pool is full. Discarding excess wrapper instance for event com.google.android.clockwork.sysui.events.KeyguardStateEvent
11-03 12:36:45.579999  1686  2895 D SidekickService: sendWatchFaceLocked(): shouldReplace = false, mSidekickIsControlling = false, 1 images, 0 fonts, 0 numbers, 0 proportionalFonts, 0 strings
11-03 12:36:45.581229  1686  2895 D SidekickService: ISidekickGraphics#beginResources()...
11-03 12:36:45.581226  2520  2520 D HOME    : [EventBus]Wrapper pool is full. Discarding excess wrapper instance for event com.google.android.clockwork.sysui.events.KeyguardStateEvent
11-03 12:36:45.584133  1686  2895 D SidekickServiceUtils: bitmapFromDrawable: Returning bitmap directly
11-03 12:36:45.585608  2520  2520 W StaticLayout: maxLineHeight should not be -1.  maxLines:1 lineCount:1
11-03 12:36:45.585919  2520 14787 D HOME    : [WatchStreamDB]Item alerting conditions - isInterruptive: true, recentlyInterrupted: true, isItemPinned: false, isUnread: false
11-03 12:36:45.595470  1686  2895 D SidekickService: sendBitmapsLocked(): bounds = RectF(0.47115386, 0.33653846, 0.52884614, 0.39423078), drawableInfo = {.id = 100000, .width = 24, .height = 24, .display = true, .offsetX = 193.0, .offsetY = 137.0, .rotationInfo = {.hasRotation = false, .pivotX = 0.0, .pivotY = 0.0, .degreesPerDay = 0.0, .degreesPerStep = 0.0, .zeroDegreesTime = {.daysSinceLocalEpoch = 0, .msSinceMidnight = 0}}, .transformInfo = {.transformed = false, .flipX = false, .flipY = false, .flip45 = false, .scaleX = 0.0, .scaleY = 0.0}, .type = GENERIC, .blink = {.blinking = false, .periodOnMs = 0.0, .periodOffMs = 0.0, .startTime = {.daysSinceLocalEpoch = 0, .msSinceMidnight = 0}}, .zOrder = 8, .displayInTwm = true}, image.size() = 97
11-03 12:36:45.597415   416  2389 D SKGHAL  : saveResource: resId = 100000
11-03 12:36:45.598381  1686  2895 D SidekickService: sendBitmapsLocked(): status = 0, bytesUsed = 64
11-03 12:36:45.598611  1686  2895 D SidekickService: ISidekickGraphics#endResources()...
11-03 12:36:45.603077  2520 14787 D HOME    : [StreamAlertingRegulator]isTheaterModeEnabled: false, isAlertingAllowedByOffBody: true, matchesLocalInterruptionFilter: true
11-03 12:36:45.603433  2520 14787 D HOME    : [WatchStreamDB]couldItemAlert: false, isTopItemChanged: false, isDeferralForTopItem: false
11-03 12:36:45.604360  2520 14787 D HOME    : [WatchStreamDB]Item alerting conditions - isInterruptive: true, recentlyInterrupted: true, isItemPinned: false, isUnread: false
11-03 12:36:45.604738  2520 14787 D HOME    : [StreamAlertingRegulator]isTheaterModeEnabled: false, isAlertingAllowedByOffBody: true, matchesLocalInterruptionFilter: true
11-03 12:36:45.604933  2520 14787 D HOME    : [WatchStreamDB]couldItemAlert: false, isTopItemChanged: false, isDeferralForTopItem: false
11-03 12:36:45.605301  2520 14787 D HOME    : [WatchStreamDB]updateRanking()
11-03 12:36:45.605728  2520 14787 D HOME    : [WatchStreamDB]Item alerting conditions - isInterruptive: true, recentlyInterrupted: true, isItemPinned: false, isUnread: false
11-03 12:36:45.605957  2520 14787 D HOME    : [StreamAlertingRegulator]isTheaterModeEnabled: false, isAlertingAllowedByOffBody: true, matchesLocalInterruptionFilter: true
11-03 12:36:45.606114  2520 14787 D HOME    : [WatchStreamDB]couldItemAlert: false, isTopItemChanged: false, isDeferralForTopItem: false
11-03 12:36:45.607198  2520 14787 D HOME    : [NewStreamAdapter]Publishing revision #5705 to adapter clients
11-03 12:36:45.608221  2520 14469 D HOME    : [StreamDBQueue]Promised revision #5706 to queue a new op
11-03 12:36:45.609890  2520 14469 D WatchStreamManager: Promised rerank @ r#5706
11-03 12:36:45.610380  2520 14787 D HOME    : [WatchStreamDB]updateRanking()
11-03 12:36:45.612293  2520 14787 D HOME    : [WatchStreamDB]Item alerting conditions - isInterruptive: true, recentlyInterrupted: true, isItemPinned: false, isUnread: false
11-03 12:36:45.612609  2520 14787 D HOME    : [StreamAlertingRegulator]isTheaterModeEnabled: false, isAlertingAllowedByOffBody: true, matchesLocalInterruptionFilter: true
11-03 12:36:45.612793  2520 14787 D HOME    : [WatchStreamDB]couldItemAlert: false, isTopItemChanged: false, isDeferralForTopItem: false
11-03 12:36:45.613292  2520 14787 D HOME    : [NewStreamAdapter]Publishing revision #5706 to adapter clients
11-03 12:36:45.802275   416  2389 D SKGHAL  : sendResources: metadata size = 2400, font size = 72
11-03 12:36:45.869334   416  2389 D SKGHAL  : endResources: rc = 0
11-03 12:36:45.870197  1686  1686 W system_server: Long monitor contention with owner Binder:1686_C (2895) at int com.google.android.clockwork.sidekick.SidekickService$BinderService.sendWatchFace(com.google.android.clockwork.decomposablewatchface.WatchFaceDecomposition, boolean)(SidekickService.java:1021) waiters=0 in boolean com.google.android.clockwork.sidekick.SidekickService$BinderService.readyToDisplay() for 267ms
11-03 12:36:45.871149  2520  2520 D HOME    : [SidekickManagerAsync]replaceWatchFaceComponents(): Callback#onResult(): 0
11-03 12:36:45.871458  2520  2520 D HOME    : [WatchFaceUiController]Complication updates sent, posting watch face hiding
11-03 12:36:45.871545  2520  2520 D HOME    : [WatchFaceUiController]Still in ambient watch face, hiding
11-03 12:36:45.871614  2520  2520 D HOME    : [WatchFaceUiController]Hiding watch face wallpaper.
--------- switch to system
11-03 12:36:45.876687  1686  1686 W Looper  : Slow dispatch took 274ms main h=android.os.Handler c=com.google.android.wearable.ambient.AmbientDream$Callbacks$1@ea44827 m=0
--------- switch to kernel
11-03 12:36:45.771046     0     0 E FG      : fg_psy_get_property: unsupported property 7
11-03 12:36:45.789392     0     0 W healthd : battery l=1 v=3575 t=29.0 h=2 st=3 c=139 fc=443000 cc=0 chg=
--------- switch to main
11-03 12:36:45.944035  1956  1956 D QtiCarrierConfigHelper: WARNING, no carrier configs on phone Id: 0
11-03 12:36:45.948705  2520  2520 D HOME    : [BatteryChange]action: android.intent.action.BATTERY_CHANGED
11-03 12:36:45.950047  2520 14536 D HOME    : [BatteryChange]HandleBatteryChangedTask
11-03 12:36:45.950429  2520 14536 D HOME    : [BatteryChange]level: 1, status: 3
11-03 12:36:45.952454  2520 14536 D HOME    : [BatteryChange]updateStreamItem
11-03 12:36:45.975276   512  1749 I sensors-hal: activate:107, android.sensor.light/46 en=0
11-03 12:36:45.976717   512  1749 I sensors-hal: activate:118, android.sensor.light/46 en=0 completed
11-03 12:36:45.977506  2520 14536 D HOME    : [BatteryChange]batteryHistory size: 20'
11-03 12:36:45.977749  2520 14536 D HOME    : [BatteryChange]timeDelta: 14117144
11-03 12:36:45.977908  2520 14536 D HOME    : [BatteryChange]levelDelta: 21
--------- switch to system
11-03 12:36:45.980892  1686  1710 I DisplayManagerService: Display device changed state: "Écran intégré", DOZE_SUSPEND
--------- switch to main
11-03 12:36:45.997293   545   545 D SurfaceFlinger: Set power mode=3, type=0 flinger=0xb6bb6000
11-03 12:36:45.997705   504   764 I SDM     : DisplayBase::SetDisplayState: Set state = 3, display 0
11-03 12:36:46.006674  1686  1759 I InputReader: Reconfiguring input devices.  changes=0x00000004
11-03 12:36:46.049966   545   545 D SurfaceFlinger: Finished set power mode=3, type=0
11-03 12:36:46.050626  1686  1823 I SidekickService: beginDisplayLocked(): DOZE_SUSPEND
11-03 12:36:46.051205   416  2389 D SKGHAL  : sendAmbientPrepare: enter:
--------- switch to kernel
11-03 12:36:45.850559     0     0 I mdss_dsi_panel_set_idle_mode: Idle (0->1)
11-03 12:36:45.899596     0     0 I         : [touch]FB_BLANK_VSYNC_SUSPEND
11-03 12:36:45.899602     0     0 I         : [touch]irq disable
11-03 12:36:45.899607     0     0 I         : [touch]workqueue is empty!
11-03 12:36:45.899611     0     0 I         : [touch]raydium_ts_do_suspend.
11-03 12:36:45.899620     0     0 I         : [touch]Device may wakeup
11-03 12:36:45.902498     0     0 I         : [touch]irq enable
11-03 12:36:45.956369     0     0 E mdss_dsi_gen_read_status: Read back value from panel is incorrect
--------- switch to main
11-03 12:36:46.175963   416  2389 D SKGHAL  : sendAmbientEvent: enter: enable = 1
11-03 12:36:46.177614   504   523 I SDM     : DisplayBase::SetDisplayState: Set state = 4, display 0
11-03 12:36:46.177736   504   523 D SDM     : HWCDisplayPrimary::SetStandByMode: Null display is connected successfully
11-03 12:36:46.178023   416  2389 D SKGHAL  : standBy_update_control call succeed on 1
11-03 12:36:46.184894   416  2389 D SKGHAL  : sendAmbientEvent: done: enable = 1
11-03 12:36:46.185621  1686  1823 D SidekickService:    ... beginDisplay result: 0 for halPower: 1
--------- switch to kernel
11-03 12:36:46.047526     0     0 E bgrsb   : bgrsb_enable: gpio 32 is valid
--------- switch to main
11-03 12:36:46.190433   512   512 I sensors-hal: activate:107, android.sensor.accelerometer/48 en=0
11-03 12:36:46.192122   512   512 I sensors-hal: activate:118, android.sensor.accelerometer/48 en=0 completed
11-03 12:36:46.200631  1686  1799 E WifiStateMachine: getWifiLinkLayerStats called without an interface
11-03 12:36:46.231039  1686  1686 I WearPower: [WearTouchMediator] changing touch input to enabled (ON_AUTO)
11-03 12:36:46.232392  1686  1759 I InputReader: Reconfiguring input devices.  changes=0x00000200
11-03 12:36:46.245609  1686  1696 I system_server: Background concurrent copying GC freed 38992(2MB) AllocSpace objects, 25(804KB) LOS objects, 19% free, 10MB/13MB, paused 174us total 286.138ms
--------- switch to kernel
11-03 12:36:46.089451     0     0 I init    : processing action (ro.enable_core_ctl=true && sys.cw_corectl_mode=idle) from (/vendor/etc/init/hw/init.qcom.rc:949)
--------- switch to main
11-03 12:36:46.248609  1686  1686 I AmbientService: [ce6a28c] Timeout alarm not required, auto-resume timeout handled by dream.
11-03 12:36:46.254628  3205  3434 W WorkController: Loading failed for worker [trainingcache]: worker not found
11-03 12:36:46.255527  3205  3294 W A       : TrainingCache cache SCREEN_OFF failure
11-03 12:36:46.255527  3205  3294 W A       : com.google.android.apps.gsa.search.core.service.h.a.a: No worker found for Worker ID [trainingcache].
11-03 12:36:46.255527  3205  3294 W A       : 	at com.google.android.apps.gsa.search.core.service.g.a.c.a(Unknown Source:5)
11-03 12:36:46.255527  3205  3294 W A       : 	at com.google.android.libraries.gsa.c.a.d.a(Unknown Source:3)
11-03 12:36:46.255527  3205  3294 W A       : 	at com.google.common.p.a.cg.c(Unknown Source:2)
11-03 12:36:46.255527  3205  3294 W A       : 	at com.google.common.p.a.bk.run(SourceFile:3)
11-03 12:36:46.255527  3205  3294 W A       : 	at com.google.common.p.a.ci.run(Unknown Source:4)
11-03 12:36:46.255527  3205  3294 W A       : 	at com.google.apps.tiktok.concurrent.ab.run(SourceFile:1)
11-03 12:36:46.255527  3205  3294 W A       : 	at java.util.concurrent.ThreadPoolExecutor.runWorker(ThreadPoolExecutor.java:1167)
11-03 12:36:46.255527  3205  3294 W A       : 	at java.util.concurrent.ThreadPoolExecutor$Worker.run(ThreadPoolExecutor.java:641)
11-03 12:36:46.255527  3205  3294 W A       : 	at com.google.apps.tiktok.concurrent.c.run(Unknown Source:4)
11-03 12:36:46.255527  3205  3294 W A       : 	at java.lang.Thread.run(Thread.java:764)
11-03 12:36:46.269644  2520  2520 D HOME    : [StreamDBQueue]Promised revision #5707 to queue a new op
11-03 12:36:46.269903  2520  2520 D WatchStreamManager: Promised rank-blocked=false @ r#5707
11-03 12:36:46.270109  2520  2520 D HOME    : [CompactHunStarter]detachWindow()
11-03 12:36:46.270308  2520 14536 D HOME    : [WatchStreamDB]Item alerting conditions - isInterruptive: true, recentlyInterrupted: true, isItemPinned: false, isUnread: false
11-03 12:36:46.270445  2520 14771 D HOME    : [StreamDBQueue]Promised revision #5708 to queue a new op
11-03 12:36:46.270536  2520 14536 D HOME    : [StreamAlertingRegulator]isTheaterModeEnabled: false, isAlertingAllowedByOffBody: true, matchesLocalInterruptionFilter: true
11-03 12:36:46.270542  2520 14771 D WatchStreamManager: Promised rerank @ r#5708
11-03 12:36:46.270715  2520 14536 D HOME    : [WatchStreamDB]couldItemAlert: false, isTopItemChanged: false, isDeferralForTopItem: false
11-03 12:36:46.271108  2520 14536 D HOME    : [WatchStreamDB]updateRanking()
11-03 12:36:46.272552  2520 14536 D HOME    : [WatchStreamDB]Item alerting conditions - isInterruptive: true, recentlyInterrupted: true, isItemPinned: false, isUnread: false
11-03 12:36:46.272811  2520 14536 D HOME    : [StreamAlertingRegulator]isTheaterModeEnabled: false, isAlertingAllowedByOffBody: true, matchesLocalInterruptionFilter: true
11-03 12:36:46.273011  2520 14536 D HOME    : [WatchStreamDB]couldItemAlert: false, isTopItemChanged: false, isDeferralForTopItem: false
11-03 12:36:46.273958  2520 14536 D HOME    : [NewStreamAdapter]Publishing revision #5708 to adapter clients
--------- switch to kernel
11-03 12:36:46.300114     0     0 I PM      : suspend entry 2021-11-03 11:36:46.300114351 UTC
11-03 12:36:46.300123     0     0 I PM      : Syncing filesystems ... done.
11-03 12:36:46.317483     0     0 I         : Freezing user space processes ... (elapsed 0.005 seconds) done.
11-03 12:36:46.323320     0     0 I         : Freezing remaining freezable tasks ... (elapsed 0.003 seconds) done.
11-03 12:36:46.326409     0     0 I         : Suspending console(s) (use no_console_suspend to debug)
11-03 12:36:46.336820     0     0 I mdss_dsi_panel_set_idle_mode: Idle (1->1)
11-03 12:36:46.369509     0     0 I bgcom   : bgcom_pm_suspend: suspended with : 0
--------- switch to system
11-03 12:36:49.403817  1686  1686 I PowerManagerService: Waking up from dozing (uid=1000 reason=tiltToWake)...
--------- switch to kernel
11-03 12:36:46.392650     0     0 I PM      : suspend of devices complete after 64.696 msecs
11-03 12:36:46.395335     0     0 I PM      : late suspend of devices complete after 2.669 msecs
11-03 12:36:46.398482     0     0 I PM      : noirq suspend of devices complete after 3.131 msecs
11-03 12:36:46.398489     0     0 I         : Disabling non-boot CPUs ...
11-03 12:36:46.416932     0     0 W         : IRQ21 no longer affine to CPU1
11-03 12:36:46.417749     0     0 I CPU1    : shutdown
11-03 12:36:46.418710     0     0 I suspend ns: 4709695318978	suspend cycles:    1361160060961
11-03 12:36:46.418699     0     0 I CPU0    : msm_cpu_pm_enter_sleep mode:3 during suspend
11-03 12:36:46.418699     0     0 I         : Suspended for 2.904 seconds
11-03 12:36:46.418699     0     0 I resume cycles: 1361215830978
11-03 12:36:46.418984     0     0 I         : Enabling non-boot CPUs ...
11-03 12:36:46.419316     0     0 I CPU1    : update cpu_capacity 1024
11-03 12:36:46.420289     0     0 I         : CPU1 is up
11-03 12:36:46.421908     0     0 I PM      : noirq resume of devices complete after 1.428 msecs
11-03 12:36:46.424617     0     0 I PM      : early resume of devices complete after 1.738 msecs
11-03 12:36:46.426267     0     0 I CPU0    : update max cpu_capacity 748
11-03 12:36:46.447102     0     0 I bgcom   : bgcom_pm_resume: Bgcom resumed with : 0
11-03 12:36:46.456809     0     0 I mdss_dsi_panel_set_idle_mode: Idle (1->1)
11-03 12:36:46.489350     0     0 I PM      : resume of devices complete after 64.715 msecs
11-03 12:36:46.491213     0     0 I         : Restarting tasks ...
11-03 12:36:46.493464     0     0 W QSEECOM : qseecom_receive_req: Interrupted: exiting Listener Service = 12288
11-03 12:36:46.493512     0     0 W QSEECOM : qseecom_receive_req: Interrupted: exiting Listener Service = 28672
11-03 12:36:46.495249     0     0 W QSEECOM : qseecom_receive_req: Interrupted: exiting Listener Service = 8192
11-03 12:36:46.495290     0     0 W QSEECOM : qseecom_receive_req: Interrupted: exiting Listener Service = 11
11-03 12:36:46.495317     0     0 W QSEECOM : qseecom_receive_req: Interrupted: exiting Listener Service = 10
11-03 12:36:46.499468     0     0 I         : done.
11-03 12:36:49.404647     0     0 I PM      : suspend exit 2021-11-03 11:36:49.404647058 UTC
11-03 12:36:49.418881     0     0 E FG      : fg_psy_get_property: unsupported property 7
--------- switch to system
11-03 12:36:49.407122  1686  1686 W UsageStatsService: Event reported without a package name
--------- switch to main
11-03 12:36:49.424674   512   512 I sensors-hal: batch:140, android.sensor.light/46, period=100000000, max_latency=0
11-03 12:36:49.424767   512   512 I sensors-hal: batch:149, android.sensor.light/46, period=100000000, max_latency=0 request completed
11-03 12:36:49.428651   512   512 I sensors-hal: activate:107, android.sensor.light/46 en=1
11-03 12:36:49.428923   512   512 I sensors-hal: ssc_enable_rt_task:254, ssc_enable_rt_task : true
--------- switch to kernel
11-03 12:36:49.273605     0     0 W healthd : battery l=1 v=3656 t=29.0 h=2 st=3 c=7 fc=443000 cc=0 chg=
--------- switch to main
11-03 12:36:49.432427   512   512 I sensors-hal: activate:118, android.sensor.light/46 en=1 completed
11-03 12:36:49.433663  1686  1823 I SidekickService: endDisplayLocked()
--------- switch to system
11-03 12:36:49.433926  1686  1710 I DisplayManagerService: Display device changed state: "Écran intégré", ON
--------- switch to main
11-03 12:36:49.434022   416  2389 D SKGHAL  : sendAmbientEvent: enter: enable = 0
11-03 12:36:49.449355  4243  4243 D OMService: onDisplayChanged: not dozing
11-03 12:36:49.452629  1686  1759 I InputReader: Reconfiguring input devices.  changes=0x00000004
11-03 12:36:49.454465   512   512 I sensors-hal: batch:140, android.sensor.accelerometer/48, period=66667000, max_latency=100000000
11-03 12:36:49.454510   512   512 I sensors-hal: batch:149, android.sensor.accelerometer/48, period=66667000, max_latency=100000000 request completed
11-03 12:36:49.456528   512   512 I sensors-hal: activate:107, android.sensor.accelerometer/48 en=1
11-03 12:36:49.456765   512   512 I sensors-hal: ssc_enable_rt_task:254, ssc_enable_rt_task : true
11-03 12:36:49.460760   512   512 I sensors-hal: activate:118, android.sensor.accelerometer/48 en=1 completed
11-03 12:36:49.463694  1956  1956 D QtiCarrierConfigHelper: WARNING, no carrier configs on phone Id: 0
11-03 12:36:49.465885  2520  2520 D HOME    : [BatteryChange]action: android.intent.action.BATTERY_CHANGED
11-03 12:36:49.466260  2520 14771 D HOME    : [BatteryChange]HandleBatteryChangedTask
11-03 12:36:49.466579  2520 14771 D HOME    : [BatteryChange]level: 1, status: 3
11-03 12:36:49.467887  2520 14771 D HOME    : [BatteryChange]updateStreamItem
11-03 12:36:49.474976  1686  1799 E WifiStateMachine: getWifiLinkLayerStats called without an interface
11-03 12:36:49.478357  3205  3434 W WorkController: Loading failed for worker [trainingcache]: worker not found
11-03 12:36:49.479079  3205  3372 W A       : TrainingCache cache DEVICE_UNLOCKED failure
11-03 12:36:49.479079  3205  3372 W A       : com.google.android.apps.gsa.search.core.service.h.a.a: No worker found for Worker ID [trainingcache].
11-03 12:36:49.479079  3205  3372 W A       : 	at com.google.android.apps.gsa.search.core.service.g.a.c.a(Unknown Source:5)
11-03 12:36:49.479079  3205  3372 W A       : 	at com.google.android.libraries.gsa.c.a.d.a(Unknown Source:3)
11-03 12:36:49.479079  3205  3372 W A       : 	at com.google.common.p.a.cg.c(Unknown Source:2)
11-03 12:36:49.479079  3205  3372 W A       : 	at com.google.common.p.a.bk.run(SourceFile:3)
11-03 12:36:49.479079  3205  3372 W A       : 	at com.google.common.p.a.ci.run(Unknown Source:4)
11-03 12:36:49.479079  3205  3372 W A       : 	at com.google.apps.tiktok.concurrent.ab.run(SourceFile:1)
11-03 12:36:49.479079  3205  3372 W A       : 	at java.util.concurrent.ThreadPoolExecutor.runWorker(ThreadPoolExecutor.java:1167)
11-03 12:36:49.479079  3205  3372 W A       : 	at java.util.concurrent.ThreadPoolExecutor$Worker.run(ThreadPoolExecutor.java:641)
11-03 12:36:49.479079  3205  3372 W A       : 	at com.google.apps.tiktok.concurrent.c.run(Unknown Source:4)
11-03 12:36:49.479079  3205  3372 W A       : 	at java.lang.Thread.run(Thread.java:764)
--------- switch to system
11-03 12:36:49.480147  1686  1702 W BroadcastQueue: Background execution not allowed: receiving Intent { act=android.intent.action.USER_PRESENT flg=0x10 } to com.google.android.gms/.auth.setup.devicesignals.LockScreenReceiver
11-03 12:36:49.480772  1686  1702 W BroadcastQueue: Background execution not allowed: receiving Intent { act=android.intent.action.USER_PRESENT flg=0x10 } to com.google.android.gms/.chimera.GmsIntentOperationService$PersistentTrustedReceiver
--------- switch to main
11-03 12:36:49.512638  1686  1686 I WearPower: [WearTouchMediator] changing touch input to enabled (ON_AUTO)
11-03 12:36:49.513204  2520 14771 D HOME    : [BatteryChange]batteryHistory size: 20'
11-03 12:36:49.513404  2520 14771 D HOME    : [BatteryChange]timeDelta: 14117144
11-03 12:36:49.513541  2520 14771 D HOME    : [BatteryChange]levelDelta: 21
11-03 12:36:49.514439  1686  1759 I InputReader: Reconfiguring input devices.  changes=0x00000200
--------- switch to kernel
11-03 12:36:49.375921     0     0 I init    : processing action (ro.enable_core_ctl=true && sys.cw_corectl_mode=perf) from (/vendor/etc/init/hw/init.qcom.rc:954)
11-03 12:36:49.377126     0     0 I CPU2    : update cpu_capacity 1024
11-03 12:36:49.378016     0     0 W         : IRQ21 no longer affine to CPU2
11-03 12:36:49.378684     0     0 I CPU2    : shutdown
--------- switch to main
11-03 12:36:49.527828  1686  1686 D WristGestureCtrl: Starting: GesturesEnabled-false UngazeEnabled-true
11-03 12:36:49.527931  1686  1686 D DefaultUngazeDetector: starting
11-03 12:36:49.528026  1686  1686 D DefaultUngazeDetector: startUngazeStateEstimation(). startTime = 70888958
11-03 12:36:49.528186  1686  1686 W AlarmManagerProxy: Removing unknown listener
11-03 12:36:49.528991   512   512 I sensors-hal: batch:140, android.sensor.accelerometer/48, period=19231000, max_latency=100000000
11-03 12:36:49.529520  1686  1686 W DefaultSettingsContentR: Value for ambient_low_bit_enabled not stored as number. Attempting parse as boolean.
11-03 12:36:49.531667   512   512 I sensors-hal: batch:149, android.sensor.accelerometer/48, period=19231000, max_latency=100000000 request completed
11-03 12:36:49.533652   512   512 I sensors-hal: flush:169, android.sensor.accelerometer/48
11-03 12:36:49.535491   512   512 I sensors-hal: flush:175, android.sensor.accelerometer/48 completed
--------- switch to kernel
11-03 12:36:49.383955     0     0 I CPU3    : update cpu_capacity 1024
11-03 12:36:49.384759     0     0 W         : IRQ21 no longer affine to CPU3
11-03 12:36:49.385413     0     0 I CPU3    : shutdown
11-03 12:36:49.388233     0     0 E bgrsb   : bgrsb_enable: rsb will set report rate
11-03 12:36:49.395969     0     0 E bgrsb   : bgrsb_enable: gpio 32 is valid
--------- switch to main
11-03 12:36:49.544477  3205  3434 W WorkController: Loading failed for worker [trainingcache]: worker not found
11-03 12:36:49.545211  3205  3294 W A       : TrainingCache cache SCREEN_ON failure
11-03 12:36:49.545211  3205  3294 W A       : com.google.android.apps.gsa.search.core.service.h.a.a: No worker found for Worker ID [trainingcache].
11-03 12:36:49.545211  3205  3294 W A       : 	at com.google.android.apps.gsa.search.core.service.g.a.c.a(Unknown Source:5)
11-03 12:36:49.545211  3205  3294 W A       : 	at com.google.android.libraries.gsa.c.a.d.a(Unknown Source:3)
11-03 12:36:49.545211  3205  3294 W A       : 	at com.google.common.p.a.cg.c(Unknown Source:2)
11-03 12:36:49.545211  3205  3294 W A       : 	at com.google.common.p.a.bk.run(SourceFile:3)
11-03 12:36:49.545211  3205  3294 W A       : 	at com.google.common.p.a.ci.run(Unknown Source:4)
11-03 12:36:49.545211  3205  3294 W A       : 	at com.google.apps.tiktok.concurrent.ab.run(SourceFile:1)
11-03 12:36:49.545211  3205  3294 W A       : 	at java.util.concurrent.ThreadPoolExecutor.runWorker(ThreadPoolExecutor.java:1167)
11-03 12:36:49.545211  3205  3294 W A       : 	at java.util.concurrent.ThreadPoolExecutor$Worker.run(ThreadPoolExecutor.java:641)
11-03 12:36:49.545211  3205  3294 W A       : 	at com.google.apps.tiktok.concurrent.c.run(Unknown Source:4)
11-03 12:36:49.545211  3205  3294 W A       : 	at java.lang.Thread.run(Thread.java:764)
11-03 12:36:49.562394   504   523 I SDM     : DisplayBase::SetDisplayState: Set state = 3, display 0
11-03 12:36:49.562558   504   523 D SDM     : HWCDisplayPrimary::SetStandByMode: Display is connected successfully
11-03 12:36:49.563121   416  2389 D SKGHAL  : standBy_update_control call succeed on 0
11-03 12:36:49.563177   416  2389 D SKGHAL  : sendAmbientEvent: done: enable = 0
11-03 12:36:49.563631  1686  1823 D SidekickService:    ... endDisplay returns void
11-03 12:36:49.564088   545   545 D SurfaceFlinger: Set power mode=2, type=0 flinger=0xb6bb6000
11-03 12:36:49.564299   504   764 I SDM     : DisplayBase::SetDisplayState: Set state = 1, display 0
11-03 12:36:49.565592  2520  2520 D HOME    : [StreamDBQueue]Promised revision #5709 to queue a new op
11-03 12:36:49.565811  2520  2520 D WatchStreamManager: Promised rank-blocked=true @ r#5709
11-03 12:36:49.566215  2520  2520 D HOME    : [StreamPreviewer]preview StreamItemId{notifKey=-1|android|51|null|1000, packageName=android, id=51} ambient=false screenOff=false onWatchface=true streamUsage=HUN_STREAM ambientPreviewEnabled=true
11-03 12:36:49.566318  2520  2520 D HOME    : [StreamPreviewer]HUN preview
11-03 12:36:49.566448  2520 14771 D HOME    : [WatchStreamDB]Item alerting conditions - isInterruptive: true, recentlyInterrupted: true, isItemPinned: false, isUnread: false
11-03 12:36:49.566702  2520 14771 D HOME    : [StreamAlertingRegulator]isTheaterModeEnabled: false, isAlertingAllowedByOffBody: true, matchesLocalInterruptionFilter: true
--------- switch to kernel
11-03 12:36:49.415238     0     0 I         : [touch]FB_BLANK_VSYNC_SUSPEND
11-03 12:36:49.415241     0     0 I         : [touch]Already in suspend state
11-03 12:36:49.423964     0     0 I mdss_dsi_panel_set_idle_mode: Idle (1->0)
--------- switch to main
11-03 12:36:49.572768   545   545 D SurfaceFlinger: Finished set power mode=2, type=0
11-03 12:36:49.573384  2520 14771 D HOME    : [WatchStreamDB]couldItemAlert: false, isTopItemChanged: false, isDeferralForTopItem: false
--------- switch to system
11-03 12:36:49.574402  1686  1712 W PowerManagerService: Screen on took 261 ms
11-03 12:36:49.574670  1686  1712 I DreamManagerService: Gently waking up from dream.
11-03 12:36:49.575395  1686  1708 I DreamManagerService: Performing gentle wake from dream.
11-03 12:36:49.575808  1686  1686 V DreamService[AmbientDream]: wakeUp(): fromSystem=true, mWaking=false, mFinished=false
11-03 12:36:49.575917  1686  1686 V DreamService[AmbientDream]: finish(): mFinished=false
11-03 12:36:49.575990  1686  1686 I DreamManagerService: Leaving dreamland.
11-03 12:36:49.576380  1686  1708 I DreamManagerService: Performing gentle wake from dream.
11-03 12:36:49.576484  1686  1708 I DreamController: Stopping dream: name=ComponentInfo{com.google.android.wearable.ambient/com.google.android.wearable.ambient.AmbientDream}, isTest=false, canDoze=true, userId=0
--------- switch to kernel
11-03 12:36:49.424648     0     0 E mdp3_enable_panic_ctrl: mdp3_enable_panic_ctrl: Enable Panic Control
11-03 12:36:49.424709     0     0 I         : [touch]FB_BLANK_UNBLANK
11-03 12:36:49.424713     0     0 I         : [touch]raydium_ts_do_resume, 1.
--------- switch to system
11-03 12:36:49.577535  1686  1686 V DreamService[AmbientDream]: detach(): Calling onDreamingStopped()
--------- switch to main
11-03 12:36:49.577634  1686  1686 I AmbientService: [ce6a28c] doOnDreamingStopped
11-03 12:36:49.577689  1686  1686 W AlarmManagerProxy: Removing unknown listener
11-03 12:36:49.581585  2520  2520 D HOME    : [HomeVisitsLogger]Logging streamlet event: visit_start
11-03 12:36:49.581790  2520  2520 D HOME    : [HomeVisitsLogger]Logging streamlet event: exit_ambient_mode
11-03 12:36:49.582121  2520  2520 D HOME    : [HotwordController]updateClient MODE_WATCH_FACE false false false true
11-03 12:36:49.582838  2520  2520 D HOME    : [WatchFaceUiController]setInAmbientMode false
11-03 12:36:49.582902  2520  2520 D HOME    : [WatchFaceUiController]sendWatchFaceServiceBinder
11-03 12:36:49.584050  1686  1686 I AmbientService: [ce6a28c] No auto-resume Activity.
--------- switch to kernel
11-03 12:36:49.424968     0     0 I         : [ raydium ]workqueue is empty!
11-03 12:36:49.424978     0     0 I raydium_ts 5-0039: [touch]Already enable irq
11-03 12:36:49.424981     0     0 I         : [touch]Device may wakeup
--------- switch to main
11-03 12:36:49.586264  1686  1686 W AlarmManager: Unrecognized alarm listener com.android.server.job.controllers.-$$Lambda$IdleController$IdlenessTracker$nTdS-lGBXcES5VWKcJFmQFgU7IU@1ab437a
11-03 12:36:49.587577  2520  2520 D HOME    : [WatchFaceUiController]sendStateToWallpaper
11-03 12:36:49.588885  2520  2520 D HOME    : [WatchFaceUiController]Showing watch face wallpaper.
11-03 12:36:49.589049  2520  2520 D HOME    : [WatchFaceUiController]sendStateToWallpaper
--------- switch to system
11-03 12:36:49.591147  1686  1686 W ContextImpl: Calling a method in the system process without a qualified user: android.app.ContextImpl.sendBroadcast:1020 android.content.ContextWrapper.sendBroadcast:449 com.google.android.wearable.ambient.AmbientDream.onDestroy:273 android.app.ActivityThread.handleStopService:3698 android.app.ActivityThread.access$1700:200 
--------- switch to main
11-03 12:36:49.591487  1686  1686 E AlarmManager: cancel() called with a null PendingIntent
--------- switch to system
11-03 12:36:49.591730  1686  1686 V DreamService[AmbientDream]: onDestroy()
--------- switch to main
11-03 12:36:49.594793  2520  2520 D HOME    : [StreamDBQueue]Promised revision #5710 to queue a new op
11-03 12:36:49.595032  2520  2520 D WatchStreamManager: Promised rank-blocked=true @ r#5710
11-03 12:36:49.595377  2520  2520 D HOME    : [StreamDBQueue]Promised revision #5711 to queue a new op
11-03 12:36:49.595432  2520 14771 D HOME    : [WatchStreamDB]Item alerting conditions - isInterruptive: true, recentlyInterrupted: true, isItemPinned: false, isUnread: false
11-03 12:36:49.595481  2520  2520 D WatchStreamManager: Promised rank-blocked=true @ r#5711
11-03 12:36:49.595669  2520 14771 D HOME    : [StreamAlertingRegulator]isTheaterModeEnabled: false, isAlertingAllowedByOffBody: true, matchesLocalInterruptionFilter: true
11-03 12:36:49.595857  2520 14771 D HOME    : [WatchStreamDB]couldItemAlert: false, isTopItemChanged: false, isDeferralForTopItem: false
11-03 12:36:49.595904  2520  2520 D HOME    : [TilesController]Tile refresh optimization is enabled.
11-03 12:36:49.596154  2520  2520 D HOME    : [EventBus]Wrapper pool is full. Discarding excess wrapper instance for event com.google.android.clockwork.sysui.events.KeyguardStateEvent
11-03 12:36:49.596235  2520  2520 D HOME    : [WatchFaceUiController]sendStateToWallpaper
11-03 12:36:49.596590  2520 14771 D HOME    : [WatchStreamDB]Item alerting conditions - isInterruptive: true, recentlyInterrupted: true, isItemPinned: false, isUnread: false
11-03 12:36:49.597758  2520  2520 D HOME    : [EventBus]Wrapper pool is full. Discarding excess wrapper instance for event com.google.android.clockwork.sysui.events.KeyguardStateEvent
11-03 12:36:49.597975  2520  2520 D HOME    : [EventBus]Wrapper pool is full. Discarding excess wrapper instance for event com.google.android.clockwork.sysui.events.KeyguardStateEvent
11-03 12:36:49.602152  2520  2520 D HOME    : [WatchFaceUiController]sendStateToWallpaper
11-03 12:36:49.606367  2520 14771 D HOME    : [StreamAlertingRegulator]isTheaterModeEnabled: false, isAlertingAllowedByOffBody: true, matchesLocalInterruptionFilter: true
11-03 12:36:49.606627  2520 14771 D HOME    : [WatchStreamDB]couldItemAlert: false, isTopItemChanged: false, isDeferralForTopItem: false
11-03 12:36:49.610159  2520  2520 W StaticLayout: maxLineHeight should not be -1.  maxLines:1 lineCount:1
11-03 12:36:49.612551   512 14821 I sensors-hal: handle_indication_realtime:355,  SCHED_FIFO(10) for qmi_cbk
11-03 12:36:49.663006  2520  2520 D HOME    : [WatchFaceUiController]sendWatchFaceServiceBinder
11-03 12:36:49.667251  2520  2520 D HOME    : [WatchFaceUiController]sendProperties
11-03 12:36:49.668471  2520  2520 D HOME    : [WatchFaceUiController]sendStateToWallpaper
11-03 12:36:49.706517   512 14823 I sensors-hal: handle_indication_realtime:355,  SCHED_FIFO(10) for qmi_cbk
11-03 12:36:49.909263  2520  2541 I id.wearable.ap: Background concurrent copying GC freed 71529(2MB) AllocSpace objects, 4(208KB) LOS objects, 25% free, 8MB/11MB, paused 134us total 290.257ms
11-03 12:36:50.076330   512   512 I sensors-hal: activate:107, android.sensor.light/46 en=0
11-03 12:36:50.082798   512   512 I sensors-hal: activate:118, android.sensor.light/46 en=0 completed
11-03 12:36:50.085377   512   512 I sensors-hal: batch:140, android.sensor.light/46, period=250000000, max_latency=0
11-03 12:36:50.085467   512   512 I sensors-hal: batch:149, android.sensor.light/46, period=250000000, max_latency=0 request completed
11-03 12:36:50.086996   512   512 I sensors-hal: activate:107, android.sensor.light/46 en=1
11-03 12:36:50.087450   512   512 I sensors-hal: ssc_enable_rt_task:254, ssc_enable_rt_task : true
11-03 12:36:50.090267   512   512 I sensors-hal: activate:118, android.sensor.light/46 en=1 completed
--------- switch to system
11-03 12:36:50.100674  1686  1686 V SettingsProvider: Notifying for 0: content://settings/system/screen_brightness
--------- switch to main
11-03 12:36:50.105596  1686  1686 I SidekickService: loadBrightnessLocked()
11-03 12:36:50.107003  1686  1686 D SidekickService: screenBrightness  = 77
11-03 12:36:50.108785  1686  1686 D SidekickService: sendConfigValuesLocked(): alsThresholds = [40, 92, 95, 100, 125, 150, 175, 200, 225, 250, 300, 400, 500, 800, 1200], brightnessValuesBright = [50, 56, 60, 70, 80, 90, 100, 115, 120, 140, 160, 180, 200, 220, 240, 255], brightnessValuesDim= [50, 56, 60, 70, 80, 90, 100, 115, 120, 140, 160, 180, 200, 220, 240, 255]
11-03 12:36:50.116319  1686  1686 D SidekickService: setAlsMode(): mode = 2, brightenAlpha = 80, dimmingAlpha = 80
11-03 12:36:50.125578  1686  1686 D SidekickService: setTwmConfig():: msTiltToBright = 10000, tiltToBright = false
11-03 12:36:50.266163   512 14831 I sensors-hal: handle_indication_realtime:355,  SCHED_FIFO(10) for qmi_cbk
