11-03 11:19:11.630959     0     0 I PM      : early resume of devices complete after 1.695 msecs
11-03 11:19:11.632733     0     0 I CPU0    : update max cpu_capacity 748
11-03 11:19:11.653290     0     0 I bgcom   : bgcom_pm_resume: Bgcom resumed with : 0
11-03 11:19:11.662831     0     0 I mdss_dsi_panel_set_idle_mode: Idle (1->1)
11-03 11:19:11.695462     0     0 I PM      : resume of devices complete after 64.485 msecs
11-03 11:19:11.697449     0     0 I         : Restarting tasks ...
11-03 11:19:11.699440     0     0 W QSEECOM : qseecom_receive_req: Interrupted: exiting Listener Service = 8192
11-03 11:19:11.699489     0     0 W QSEECOM : qseecom_receive_req: Interrupted: exiting Listener Service = 11
11-03 11:19:11.699518     0     0 W QSEECOM : qseecom_receive_req: Interrupted: exiting Listener Service = 10
11-03 11:19:11.699548     0     0 W QSEECOM : qseecom_receive_req: Interrupted: exiting Listener Service = 28672
11-03 11:19:11.702323     0     0 W QSEECOM : qseecom_receive_req: Interrupted: exiting Listener Service = 12288
11-03 11:19:11.703359     0     0 I         : done.
11-03 11:19:13.075433     0     0 I PM      : suspend exit 2021-11-03 10:19:13.075433497 UTC
11-03 11:19:13.087194     0     0 E FG      : fg_psy_get_property: unsupported property 7
11-03 11:19:12.957724     0     0 W healthd : battery l=10 v=3714 t=28.0 h=2 st=3 c=5 fc=443000 cc=0 chg=
--------- switch to main
11-03 11:19:13.108687   512   512 I sensors-hal: batch:140, android.sensor.light/46, period=100000000, max_latency=0
11-03 11:19:13.108822   512   512 I sensors-hal: batch:149, android.sensor.light/46, period=100000000, max_latency=0 request completed
11-03 11:19:13.110308   512   512 I sensors-hal: activate:107, android.sensor.light/46 en=1
11-03 11:19:13.110731   512   512 I sensors-hal: ssc_enable_rt_task:254, ssc_enable_rt_task : true
11-03 11:19:13.113451   512   512 I sensors-hal: activate:118, android.sensor.light/46 en=1 completed
11-03 11:19:13.115789  1686  1823 I SidekickService: endDisplayLocked()
11-03 11:19:13.116316   512   512 I sensors-hal: batch:140, android.sensor.accelerometer/48, period=66667000, max_latency=100000000
--------- switch to system
11-03 11:19:13.116336  1686  1710 I DisplayManagerService: Display device changed state: "Écran intégré", ON
--------- switch to main
11-03 11:19:13.116382   512   512 I sensors-hal: batch:149, android.sensor.accelerometer/48, period=66667000, max_latency=100000000 request completed
11-03 11:19:13.116616   416  2389 D SKGHAL  : sendAmbientEvent: enter: enable = 0
11-03 11:19:13.125823   512   512 I sensors-hal: activate:107, android.sensor.accelerometer/48 en=1
11-03 11:19:13.126247   512   512 I sensors-hal: ssc_enable_rt_task:254, ssc_enable_rt_task : true
11-03 11:19:13.131649  4243  4243 D OMService: onDisplayChanged: not dozing
11-03 11:19:13.136913   512   512 I sensors-hal: activate:118, android.sensor.accelerometer/48 en=1 completed
11-03 11:19:13.143829  1956  1956 D QtiCarrierConfigHelper: WARNING, no carrier configs on phone Id: 0
11-03 11:19:13.144498  2520  2520 D HOME    : [BatteryChange]action: android.intent.action.BATTERY_CHANGED
11-03 11:19:13.145029  2520 13609 D HOME    : [BatteryChange]HandleBatteryChangedTask
11-03 11:19:13.145678  2520 13609 D HOME    : [BatteryChange]level: 10, status: 3
11-03 11:19:13.150014  1686  1799 E WifiStateMachine: getWifiLinkLayerStats called without an interface
11-03 11:19:13.155998  2520 13609 D HOME    : [BatteryChange]updateStreamItem
11-03 11:19:13.157503  1686  1759 I InputReader: Reconfiguring input devices.  changes=0x00000004
--------- switch to system
11-03 11:19:13.160238  1686  1702 W BroadcastQueue: Background execution not allowed: receiving Intent { act=android.intent.action.USER_PRESENT flg=0x10 } to com.google.android.gms/.auth.setup.devicesignals.LockScreenReceiver
--------- switch to main
11-03 11:19:13.160972  3205  3434 W WorkController: Loading failed for worker [trainingcache]: worker not found
11-03 11:19:13.162517  3205  3372 W A       : TrainingCache cache DEVICE_UNLOCKED failure
11-03 11:19:13.162517  3205  3372 W A       : com.google.android.apps.gsa.search.core.service.h.a.a: No worker found for Worker ID [trainingcache].
11-03 11:19:13.162517  3205  3372 W A       : 	at com.google.android.apps.gsa.search.core.service.g.a.c.a(Unknown Source:5)
11-03 11:19:13.162517  3205  3372 W A       : 	at com.google.android.libraries.gsa.c.a.d.a(Unknown Source:3)
11-03 11:19:13.162517  3205  3372 W A       : 	at com.google.common.p.a.cg.c(Unknown Source:2)
11-03 11:19:13.162517  3205  3372 W A       : 	at com.google.common.p.a.bk.run(SourceFile:3)
11-03 11:19:13.162517  3205  3372 W A       : 	at com.google.common.p.a.ci.run(Unknown Source:4)
11-03 11:19:13.162517  3205  3372 W A       : 	at com.google.apps.tiktok.concurrent.ab.run(SourceFile:1)
11-03 11:19:13.162517  3205  3372 W A       : 	at java.util.concurrent.ThreadPoolExecutor.runWorker(ThreadPoolExecutor.java:1167)
11-03 11:19:13.162517  3205  3372 W A       : 	at java.util.concurrent.ThreadPoolExecutor$Worker.run(ThreadPoolExecutor.java:641)
11-03 11:19:13.162517  3205  3372 W A       : 	at com.google.apps.tiktok.concurrent.c.run(Unknown Source:4)
11-03 11:19:13.162517  3205  3372 W A       : 	at java.lang.Thread.run(Thread.java:764)
--------- switch to system
11-03 11:19:13.163060  1686  1702 W BroadcastQueue: Background execution not allowed: receiving Intent { act=android.intent.action.USER_PRESENT flg=0x10 } to com.google.android.gms/.chimera.GmsIntentOperationService$PersistentTrustedReceiver
--------- switch to main
11-03 11:19:13.193646  1686  1686 I WearPower: [WearTouchMediator] changing touch input to enabled (ON_AUTO)
11-03 11:19:13.195022  1686  1759 I InputReader: Reconfiguring input devices.  changes=0x00000200
--------- switch to kernel
11-03 11:19:13.065306     0     0 I init    : processing action (ro.enable_core_ctl=true && sys.cw_corectl_mode=perf) from (/vendor/etc/init/hw/init.qcom.rc:954)
11-03 11:19:13.066628     0     0 I CPU2    : update cpu_capacity 1024
11-03 11:19:13.067489     0     0 W         : IRQ21 no longer affine to CPU2
11-03 11:19:13.068137     0     0 I CPU2    : shutdown
11-03 11:19:13.070130     0     0 I CPU3    : update cpu_capacity 1024
--------- switch to main
11-03 11:19:13.204690  1686  1686 D WristGestureCtrl: Starting: GesturesEnabled-false UngazeEnabled-true
11-03 11:19:13.204803  1686  1686 D DefaultUngazeDetector: starting
11-03 11:19:13.204868  1686  1686 D DefaultUngazeDetector: startUngazeStateEstimation(). startTime = 66232634
11-03 11:19:13.204996  1686  1686 W AlarmManagerProxy: Removing unknown listener
11-03 11:19:13.205733   512   512 I sensors-hal: batch:140, android.sensor.accelerometer/48, period=19231000, max_latency=100000000
11-03 11:19:13.206346  1686  1686 W DefaultSettingsContentR: Value for ambient_low_bit_enabled not stored as number. Attempting parse as boolean.
--------- switch to kernel
11-03 11:19:13.070914     0     0 W         : IRQ21 no longer affine to CPU3
11-03 11:19:13.071554     0     0 I CPU3    : shutdown
--------- switch to main
11-03 11:19:13.207390   512   512 I sensors-hal: batch:149, android.sensor.accelerometer/48, period=19231000, max_latency=100000000 request completed
11-03 11:19:13.207721   512   512 I sensors-hal: flush:169, android.sensor.accelerometer/48
11-03 11:19:13.210034   512   512 I sensors-hal: flush:175, android.sensor.accelerometer/48 completed
11-03 11:19:13.228807  3205  3434 W WorkController: Loading failed for worker [trainingcache]: worker not found
11-03 11:19:13.229621  3205  3294 W A       : TrainingCache cache SCREEN_ON failure
11-03 11:19:13.229621  3205  3294 W A       : com.google.android.apps.gsa.search.core.service.h.a.a: No worker found for Worker ID [trainingcache].
11-03 11:19:13.229621  3205  3294 W A       : 	at com.google.android.apps.gsa.search.core.service.g.a.c.a(Unknown Source:5)
11-03 11:19:13.229621  3205  3294 W A       : 	at com.google.android.libraries.gsa.c.a.d.a(Unknown Source:3)
11-03 11:19:13.229621  3205  3294 W A       : 	at com.google.common.p.a.cg.c(Unknown Source:2)
11-03 11:19:13.229621  3205  3294 W A       : 	at com.google.common.p.a.bk.run(SourceFile:3)
11-03 11:19:13.229621  3205  3294 W A       : 	at com.google.common.p.a.ci.run(Unknown Source:4)
11-03 11:19:13.229621  3205  3294 W A       : 	at com.google.apps.tiktok.concurrent.ab.run(SourceFile:1)
11-03 11:19:13.229621  3205  3294 W A       : 	at java.util.concurrent.ThreadPoolExecutor.runWorker(ThreadPoolExecutor.java:1167)
11-03 11:19:13.229621  3205  3294 W A       : 	at java.util.concurrent.ThreadPoolExecutor$Worker.run(ThreadPoolExecutor.java:641)
11-03 11:19:13.229621  3205  3294 W A       : 	at com.google.apps.tiktok.concurrent.c.run(Unknown Source:4)
11-03 11:19:13.229621  3205  3294 W A       : 	at java.lang.Thread.run(Thread.java:764)
11-03 11:19:13.233222  2520 13609 D HOME    : [BatteryChange]batteryHistory size: 20'
11-03 11:19:13.233468  2520 13609 D HOME    : [BatteryChange]timeDelta: 13617768
11-03 11:19:13.238505  2520 13609 D HOME    : [BatteryChange]levelDelta: 21
11-03 11:19:13.248667  2520  2520 D HOME    : [StreamDBQueue]Promised revision #4895 to queue a new op
11-03 11:19:13.248911  2520  2520 D WatchStreamManager: Promised rank-blocked=true @ r#4895
11-03 11:19:13.250143  2520 13609 D HOME    : [WatchStreamDB]Item alerting conditions - isInterruptive: true, recentlyInterrupted: false, isItemPinned: false, isUnread: false
11-03 11:19:13.251031  2520 13609 D HOME    : [StreamAlertingRegulator]isTheaterModeEnabled: false, isAlertingAllowedByOffBody: true, matchesLocalInterruptionFilter: true
11-03 11:19:13.251293  2520 13609 D HOME    : [WatchStreamDB]couldItemAlert: false, isTopItemChanged: false, isDeferralForTopItem: false
11-03 11:19:13.287268   512 13613 I sensors-hal: handle_indication_realtime:355,  SCHED_FIFO(10) for qmi_cbk
11-03 11:19:13.402238   512 13615 I sensors-hal: handle_indication_realtime:355,  SCHED_FIFO(10) for qmi_cbk
11-03 11:19:13.475660   504   523 I SDM     : DisplayBase::SetDisplayState: Set state = 3, display 0
11-03 11:19:13.476019   504   523 D SDM     : HWCDisplayPrimary::SetStandByMode: Display is connected successfully
11-03 11:19:13.476449   416  2389 D SKGHAL  : standBy_update_control call succeed on 0
11-03 11:19:13.476534   416  2389 D SKGHAL  : sendAmbientEvent: done: enable = 0
11-03 11:19:13.478318  1686  1823 D SidekickService:    ... endDisplay returns void
11-03 11:19:13.479948   545   545 D SurfaceFlinger: Set power mode=2, type=0 flinger=0xb6bb6000
11-03 11:19:13.480574   504   764 I SDM     : DisplayBase::SetDisplayState: Set state = 1, display 0
--------- switch to kernel
11-03 11:19:13.172916     0     0 E bgrsb   : bgrsb_enable: rsb will set report rate
11-03 11:19:13.344500     0     0 I         : [touch]FB_BLANK_VSYNC_SUSPEND
11-03 11:19:13.344506     0     0 I         : [touch]Already in suspend state
11-03 11:19:13.348990     0     0 E bgrsb   : bgrsb_enable: gpio 32 is valid
--------- switch to main
11-03 11:19:13.492084   545   545 D SurfaceFlinger: Finished set power mode=2, type=0
--------- switch to kernel
11-03 11:19:13.356572     0     0 I mdss_dsi_panel_set_idle_mode: Idle (1->0)
11-03 11:19:13.357671     0     0 E mdp3_enable_panic_ctrl: mdp3_enable_panic_ctrl: Enable Panic Control
11-03 11:19:13.357793     0     0 I         : [touch]FB_BLANK_UNBLANK
11-03 11:19:13.357800     0     0 I         : [touch]raydium_ts_do_resume, 1.
11-03 11:19:13.358572     0     0 I         : [ raydium ]workqueue is empty!
11-03 11:19:13.358596     0     0 I raydium_ts 5-0039: [touch]Already enable irq
--------- switch to system
11-03 11:19:13.496455  1686  1712 W PowerManagerService: Screen on took 508 ms
11-03 11:19:13.497073  1686  1712 I DreamManagerService: Gently waking up from dream.
11-03 11:19:13.498038  1686  1708 I DreamManagerService: Performing gentle wake from dream.
11-03 11:19:13.498786  1686  1686 V DreamService[AmbientDream]: wakeUp(): fromSystem=true, mWaking=false, mFinished=false
11-03 11:19:13.498916  1686  1686 V DreamService[AmbientDream]: finish(): mFinished=false
11-03 11:19:13.499042  1686  1686 I DreamManagerService: Leaving dreamland.
11-03 11:19:13.500202  1686  1708 I DreamManagerService: Performing gentle wake from dream.
11-03 11:19:13.500505  1686  1708 I DreamController: Stopping dream: name=ComponentInfo{com.google.android.wearable.ambient/com.google.android.wearable.ambient.AmbientDream}, isTest=false, canDoze=true, userId=0
--------- switch to kernel
11-03 11:19:13.358601     0     0 I         : [touch]Device may wakeup
--------- switch to system
11-03 11:19:13.505174  1686  1686 V DreamService[AmbientDream]: detach(): Calling onDreamingStopped()
--------- switch to main
11-03 11:19:13.505410  1686  1686 I AmbientService: [ce6a28c] doOnDreamingStopped
11-03 11:19:13.505501  1686  1686 W AlarmManagerProxy: Removing unknown listener
11-03 11:19:13.516906  2520  2520 D HOME    : [HomeVisitsLogger]Logging streamlet event: visit_start
11-03 11:19:13.517412  2520  2520 D HOME    : [HomeVisitsLogger]Logging streamlet event: exit_ambient_mode
11-03 11:19:13.517984  2520  2520 D HOME    : [HotwordController]updateClient MODE_WATCH_FACE false false false true
11-03 11:19:13.520008  2520  2520 D HOME    : [WatchFaceUiController]setInAmbientMode false
11-03 11:19:13.520245  2520  2520 D HOME    : [WatchFaceUiController]sendWatchFaceServiceBinder
11-03 11:19:13.528544  2520  2520 D HOME    : [WatchFaceUiController]sendStateToWallpaper
11-03 11:19:13.530092  1686  1686 I AmbientService: [ce6a28c] No auto-resume Activity.
11-03 11:19:13.531409  2520  2520 D HOME    : [WatchFaceUiController]Showing watch face wallpaper.
11-03 11:19:13.531881  2520  2520 D HOME    : [WatchFaceUiController]sendStateToWallpaper
11-03 11:19:13.536399  2520  2520 D HOME    : [StreamDBQueue]Promised revision #4896 to queue a new op
11-03 11:19:13.536851  2520  2520 D WatchStreamManager: Promised rank-blocked=true @ r#4896
11-03 11:19:13.537515  2520  2520 D HOME    : [StreamDBQueue]Promised revision #4897 to queue a new op
11-03 11:19:13.537720  2520  2520 D WatchStreamManager: Promised rank-blocked=true @ r#4897
11-03 11:19:13.538727  2520  2520 D HOME    : [TilesController]Tile refresh optimization is enabled.
11-03 11:19:13.539492  2520  2520 D HOME    : [EventBus]Wrapper pool is full. Discarding excess wrapper instance for event com.google.android.clockwork.sysui.events.KeyguardStateEvent
11-03 11:19:13.539643  2520  2520 D HOME    : [WatchFaceUiController]sendStateToWallpaper
11-03 11:19:13.544791  2520  2520 D HOME    : [EventBus]Wrapper pool is full. Discarding excess wrapper instance for event com.google.android.clockwork.sysui.events.KeyguardStateEvent
11-03 11:19:13.545712  2520  2520 D HOME    : [EventBus]Wrapper pool is full. Discarding excess wrapper instance for event com.google.android.clockwork.sysui.events.KeyguardStateEvent
11-03 11:19:13.556793  2520  2520 D HOME    : [WatchFaceUiController]sendStateToWallpaper
11-03 11:19:13.562490  2520  2520 W StaticLayout: maxLineHeight should not be -1.  maxLines:1 lineCount:1
11-03 11:19:13.563994  1686  1686 W AlarmManager: Unrecognized alarm listener com.android.server.job.controllers.-$$Lambda$IdleController$IdlenessTracker$nTdS-lGBXcES5VWKcJFmQFgU7IU@1ab437a
--------- switch to system
11-03 11:19:13.577601  1686  1686 W ContextImpl: Calling a method in the system process without a qualified user: android.app.ContextImpl.sendBroadcast:1020 android.content.ContextWrapper.sendBroadcast:449 com.google.android.wearable.ambient.AmbientDream.onDestroy:273 android.app.ActivityThread.handleStopService:3698 android.app.ActivityThread.access$1700:200 
--------- switch to main
11-03 11:19:13.578410  1686  1686 E AlarmManager: cancel() called with a null PendingIntent
--------- switch to system
11-03 11:19:13.578771  1686  1686 V DreamService[AmbientDream]: onDestroy()
--------- switch to main
11-03 11:19:13.580036  2520 13609 D HOME    : [WatchStreamDB]Item alerting conditions - isInterruptive: true, recentlyInterrupted: false, isItemPinned: false, isUnread: false
11-03 11:19:13.580438  2520 13609 D HOME    : [StreamAlertingRegulator]isTheaterModeEnabled: false, isAlertingAllowedByOffBody: true, matchesLocalInterruptionFilter: true
11-03 11:19:13.580686  2520 13609 D HOME    : [WatchStreamDB]couldItemAlert: false, isTopItemChanged: false, isDeferralForTopItem: false
11-03 11:19:13.582348  2520 13609 D HOME    : [WatchStreamDB]Item alerting conditions - isInterruptive: true, recentlyInterrupted: false, isItemPinned: false, isUnread: false
11-03 11:19:13.582725  2520 13609 D HOME    : [StreamAlertingRegulator]isTheaterModeEnabled: false, isAlertingAllowedByOffBody: true, matchesLocalInterruptionFilter: true
11-03 11:19:13.582968  2520 13609 D HOME    : [WatchStreamDB]couldItemAlert: false, isTopItemChanged: false, isDeferralForTopItem: false
11-03 11:19:13.624599  2520  2520 D HOME    : [WatchFaceUiController]sendWatchFaceServiceBinder
11-03 11:19:13.628411  2520  2520 D HOME    : [WatchFaceUiController]sendProperties
11-03 11:19:13.630955  2520  2520 D HOME    : [WatchFaceUiController]sendStateToWallpaper
11-03 11:19:13.760115   512   512 I sensors-hal: activate:107, android.sensor.light/46 en=0
11-03 11:19:13.761367   512   512 I sensors-hal: activate:118, android.sensor.light/46 en=0 completed
11-03 11:19:13.764398   512   512 I sensors-hal: batch:140, android.sensor.light/46, period=250000000, max_latency=0
11-03 11:19:13.764478   512   512 I sensors-hal: batch:149, android.sensor.light/46, period=250000000, max_latency=0 request completed
11-03 11:19:13.764915   512   512 I sensors-hal: activate:107, android.sensor.light/46 en=1
11-03 11:19:13.765216   512   512 I sensors-hal: ssc_enable_rt_task:254, ssc_enable_rt_task : true
11-03 11:19:13.767316   512   512 I sensors-hal: activate:118, android.sensor.light/46 en=1 completed
--------- switch to system
11-03 11:19:13.781408  1686  1686 V SettingsProvider: Notifying for 0: content://settings/system/screen_brightness
--------- switch to main
11-03 11:19:13.784555  1686  1686 I SidekickService: loadBrightnessLocked()
11-03 11:19:13.785150  1686  1686 D SidekickService: screenBrightness  = 56
11-03 11:19:13.787668  1686  1686 D SidekickService: sendConfigValuesLocked(): alsThresholds = [40, 92, 95, 100, 125, 150, 175, 200, 225, 250, 300, 400, 500, 800, 1200], brightnessValuesBright = [50, 56, 60, 70, 80, 90, 100, 115, 120, 140, 160, 180, 200, 220, 240, 255], brightnessValuesDim= [50, 56, 60, 70, 80, 90, 100, 115, 120, 140, 160, 180, 200, 220, 240, 255]
11-03 11:19:13.796326  1686  1686 D SidekickService: setAlsMode(): mode = 2, brightenAlpha = 80, dimmingAlpha = 80
11-03 11:19:13.809162  1686  1686 D SidekickService: setTwmConfig():: msTiltToBright = 10000, tiltToBright = false
11-03 11:19:13.842780   512 13619 I sensors-hal: handle_indication_realtime:355,  SCHED_FIFO(10) for qmi_cbk
--------- switch to system
11-03 11:19:17.988569  1686  1712 I PowerManagerService: Going to sleep due to screen timeout (uid 1000)...
11-03 11:19:17.989221  1686  1686 W UsageStatsService: Event reported without a package name
11-03 11:19:17.989740  1686  1712 I DreamManagerService: Entering dreamland.
11-03 11:19:17.990446  1686  1712 I PowerManagerService: Dozing...
11-03 11:19:18.027416  1686  1708 I DreamController: Starting dream: name=ComponentInfo{com.google.android.wearable.ambient/com.google.android.wearable.ambient.AmbientDream}, isTest=false, canDoze=true, userId=0
11-03 11:19:18.048064  1686  1686 W ContextImpl: Calling a method in the system process without a qualified user: android.app.ContextImpl.bindService:1611 android.content.ContextWrapper.bindService:698 com.google.android.wearable.ambient.AmbientDream.onCreate:191 android.app.ActivityThread.handleCreateService:3533 android.app.ActivityThread.access$1300:200 
11-03 11:19:18.050850  1686  1686 W ContextImpl: Calling a method in the system process without a qualified user: android.app.ContextImpl.sendBroadcast:1005 android.content.ContextWrapper.sendBroadcast:444 com.google.android.wearable.ambient.AmbientDream.onCreate:241 android.app.ActivityThread.handleCreateService:3533 android.app.ActivityThread.access$1300:200 
11-03 11:19:18.051471  1686  1686 V DreamService[AmbientDream]: onBind() intent = Intent { act=android.service.dreams.DreamService flg=0x800000 cmp=com.google.android.wearable.ambient/.AmbientDream }
--------- switch to main
11-03 11:19:18.052957  1686  1686 I AmbientService: [ce6a28c] Ambient Created
--------- switch to system
11-03 11:19:18.058249  1686  1686 V DreamService[AmbientDream]: Calling onDreamingStarted()
--------- switch to main
11-03 11:19:18.058388  1686  1686 I AmbientService: [ce6a28c] doOnDreamingStarted
11-03 11:19:18.059119  1686  1686 D SidekickService: setShouldControlDisplay called: true
11-03 11:19:18.069568  2520  2520 D HOME    : [HomeVisitsLogger]Logging streamlet event: enter_ambient_mode
11-03 11:19:18.070245  2520  2520 D HOME    : [HotwordController]updateClient MODE_WATCH_FACE false true false true
11-03 11:19:18.067707  1686  1686 I AmbientService: [ce6a28c] Selected running activity for ambient mode: AmbientActivity[component=ComponentInfo{com.google.android.wearable.app/com.google.android.clockwork.home2.activity.HomeActivity2}, callbacks=@210b385, running=true, ambientRequested=true, ambientEnabled=true, offloadEnabled=true]
11-03 11:19:18.072769  1686  1686 I AmbientService: [ce6a28c] Sidekick is ready to display, requesting doze.
11-03 11:19:18.073378  1686  1686 I AmbientService: [ce6a28c] No auto-resume Activity.
11-03 11:19:18.074548  1686  1686 W DefaultSettingsContentR: Value for ambient_low_bit_enabled not stored as number. Attempting parse as boolean.
11-03 11:19:18.076682  1686  1686 I AmbientService: [ce6a28c] Showing watch face in offload mode, canceling alarm.
11-03 11:19:18.076736  1686  1686 W AlarmManagerProxy: Removing unknown listener
11-03 11:19:18.076813  1686  1686 D WristGestureCtrl: Stopping detectors: GesturesEnabled-false gestureDetector-false ungazeEnabled-true ungaze-true
11-03 11:19:18.076843  1686  1686 D DefaultUngazeDetector: stopping
11-03 11:19:18.090190   512  1749 I sensors-hal: batch:140, android.sensor.accelerometer/48, period=66667000, max_latency=100000000
11-03 11:19:18.091585  2520 12956 D HOME    : [HomeVisitsLogger]Logging streamlet event: visit_end
11-03 11:19:18.109407  2520  2520 D HOME    : [WatchFaceUiController]setInAmbientMode true
11-03 11:19:18.111431  2520  2520 D HOME    : [StreamDBQueue]Promised revision #4898 to queue a new op
11-03 11:19:18.111865  2520  2520 D WatchStreamManager: Promised rank-blocked=false @ r#4898
11-03 11:19:18.112275  2520  2520 D HOME    : [StreamDBQueue]Promised revision #4899 to queue a new op
11-03 11:19:18.112403  2520  2520 D WatchStreamManager: Promised rank-blocked=false @ r#4899
11-03 11:19:18.113315  2520  2520 D HOME    : [EventBus]Wrapper pool is full. Discarding excess wrapper instance for event com.google.android.clockwork.sysui.events.KeyguardStateEvent
11-03 11:19:18.113413  2520  2520 D HOME    : [WatchFaceUiController]sendStateToWallpaper
11-03 11:19:18.114071  2520 12956 I SidekickManager: replaceWatchFaceComponentsImpl(): watchFace = com.google.android.clockwork.decomposablewatchface.WatchFaceDecomposition@5175256
11-03 11:19:18.114951  2520  2520 D HOME    : [EventBus]Wrapper pool is full. Discarding excess wrapper instance for event com.google.android.clockwork.sysui.events.KeyguardStateEvent
11-03 11:19:18.115237  2520  2520 D HOME    : [EventBus]Wrapper pool is full. Discarding excess wrapper instance for event com.google.android.clockwork.sysui.events.KeyguardStateEvent
11-03 11:19:18.115268  2520 13609 D HOME    : [WatchStreamDB]Item alerting conditions - isInterruptive: true, recentlyInterrupted: false, isItemPinned: false, isUnread: false
11-03 11:19:18.115967  1686  7908 D SidekickService: sendWatchFaceComponents called: watchFace = com.google.android.clockwork.decomposablewatchface.WatchFaceDecomposition@82da511shouldReplace = false
11-03 11:19:18.116170  1686  7908 D SidekickService: Check decomposition for calling app com.google.android.wearable.app with uid 10049
11-03 11:19:18.116514  1686  7908 D SidekickService: sendWatchFaceLocked(): shouldReplace = false, mSidekickIsControlling = false, 1 images, 0 fonts, 0 numbers, 0 proportionalFonts, 0 strings
11-03 11:19:18.116571  1686  7908 D SidekickService: ISidekickGraphics#beginResources()...
11-03 11:19:18.119543   512  1749 I sensors-hal: batch:149, android.sensor.accelerometer/48, period=66667000, max_latency=100000000 request completed
11-03 11:19:18.119908  2520  2520 W StaticLayout: maxLineHeight should not be -1.  maxLines:1 lineCount:1
11-03 11:19:18.122789  1686  7908 D SidekickServiceUtils: bitmapFromDrawable: Returning bitmap directly
11-03 11:19:18.124215  2520 12957 D HOME    : [StreamDBQueue]Promised revision #4900 to queue a new op
11-03 11:19:18.125033  2520 13609 D HOME    : [StreamAlertingRegulator]isTheaterModeEnabled: false, isAlertingAllowedByOffBody: true, matchesLocalInterruptionFilter: true
11-03 11:19:18.127006  1686  7908 D SidekickService: sendBitmapsLocked(): bounds = RectF(0.47115386, 0.33653846, 0.52884614, 0.39423078), drawableInfo = {.id = 100000, .width = 24, .height = 24, .display = true, .offsetX = 193.0, .offsetY = 137.0, .rotationInfo = {.hasRotation = false, .pivotX = 0.0, .pivotY = 0.0, .degreesPerDay = 0.0, .degreesPerStep = 0.0, .zeroDegreesTime = {.daysSinceLocalEpoch = 0, .msSinceMidnight = 0}}, .transformInfo = {.transformed = false, .flipX = false, .flipY = false, .flip45 = false, .scaleX = 0.0, .scaleY = 0.0}, .type = GENERIC, .blink = {.blinking = false, .periodOnMs = 0.0, .periodOffMs = 0.0, .startTime = {.daysSinceLocalEpoch = 0, .msSinceMidnight = 0}}, .zOrder = 8, .displayInTwm = true}, image.size() = 97
11-03 11:19:18.127328  2520 13609 D HOME    : [WatchStreamDB]couldItemAlert: false, isTopItemChanged: false, isDeferralForTopItem: false
11-03 11:19:18.129127   416  1715 D SKGHAL  : saveResource: resId = 100000
11-03 11:19:18.130318  1686  7908 D SidekickService: sendBitmapsLocked(): status = 0, bytesUsed = 64
11-03 11:19:18.130521  1686  7908 D SidekickService: ISidekickGraphics#endResources()...
11-03 11:19:18.132317  2520 12957 D WatchStreamManager: Promised rerank @ r#4900
11-03 11:19:18.136385  2520 13609 D HOME    : [WatchStreamDB]Item alerting conditions - isInterruptive: true, recentlyInterrupted: false, isItemPinned: false, isUnread: false
11-03 11:19:18.138128  2520 13609 D HOME    : [StreamAlertingRegulator]isTheaterModeEnabled: false, isAlertingAllowedByOffBody: true, matchesLocalInterruptionFilter: true
11-03 11:19:18.138418  2520 13609 D HOME    : [WatchStreamDB]couldItemAlert: false, isTopItemChanged: false, isDeferralForTopItem: false
11-03 11:19:18.138848  2520 13609 D HOME    : [WatchStreamDB]updateRanking()
11-03 11:19:18.139329  2520 13609 D HOME    : [WatchStreamDB]Item alerting conditions - isInterruptive: true, recentlyInterrupted: false, isItemPinned: false, isUnread: false
11-03 11:19:18.139581  2520 13609 D HOME    : [StreamAlertingRegulator]isTheaterModeEnabled: false, isAlertingAllowedByOffBody: true, matchesLocalInterruptionFilter: true
11-03 11:19:18.139766  2520 13609 D HOME    : [WatchStreamDB]couldItemAlert: false, isTopItemChanged: false, isDeferralForTopItem: false
11-03 11:19:18.140273  2520 13609 D HOME    : [NewStreamAdapter]Publishing revision #4900 to adapter clients
11-03 11:19:18.142244  2520 12957 D HOME    : [StreamDBQueue]Promised revision #4901 to queue a new op
11-03 11:19:18.142487  2520 12957 D WatchStreamManager: Promised rerank @ r#4901
11-03 11:19:18.143255  2520 13355 D HOME    : [WatchStreamDB]updateRanking()
11-03 11:19:18.143826  2520 13355 D HOME    : [WatchStreamDB]Item alerting conditions - isInterruptive: true, recentlyInterrupted: false, isItemPinned: false, isUnread: false
11-03 11:19:18.144124  2520 13355 D HOME    : [StreamAlertingRegulator]isTheaterModeEnabled: false, isAlertingAllowedByOffBody: true, matchesLocalInterruptionFilter: true
11-03 11:19:18.144312  2520 13355 D HOME    : [WatchStreamDB]couldItemAlert: false, isTopItemChanged: false, isDeferralForTopItem: false
11-03 11:19:18.144845  2520 13355 D HOME    : [NewStreamAdapter]Publishing revision #4901 to adapter clients
11-03 11:19:18.344921   416  1715 D SKGHAL  : sendResources: metadata size = 2400, font size = 72
11-03 11:19:18.396829   416  1715 D SKGHAL  : endResources: rc = 0
11-03 11:19:18.398201  2520  2520 D HOME    : [SidekickManagerAsync]replaceWatchFaceComponents(): Callback#onResult(): 0
11-03 11:19:18.398458  2520  2520 D HOME    : [WatchFaceUiController]Complication updates sent, posting watch face hiding
11-03 11:19:18.398521  2520  2520 D HOME    : [WatchFaceUiController]Still in ambient watch face, hiding
11-03 11:19:18.398590  2520  2520 D HOME    : [WatchFaceUiController]Hiding watch face wallpaper.
--------- switch to system
11-03 11:19:18.397868  1686  1686 W Looper  : Slow dispatch took 281ms main h=android.os.Handler c=com.google.android.wearable.ambient.AmbientDream$Callbacks$1@c64c15a m=0
--------- switch to kernel
11-03 11:19:18.278653     0     0 E FG      : fg_psy_get_property: unsupported property 7
--------- switch to main
11-03 11:19:18.426225  2520  2520 D HOME    : [BatteryChange]action: android.intent.action.BATTERY_CHANGED
11-03 11:19:18.426871  1956  1956 D QtiCarrierConfigHelper: WARNING, no carrier configs on phone Id: 0
11-03 11:19:18.427157  2520 12956 D HOME    : [BatteryChange]HandleBatteryChangedTask
11-03 11:19:18.427507  2520 12956 D HOME    : [BatteryChange]level: 10, status: 3
11-03 11:19:18.428716  2520 12956 D HOME    : [BatteryChange]updateStreamItem
--------- switch to kernel
11-03 11:19:18.281813     0     0 W healthd : battery l=10 v=3637 t=28.0 h=2 st=3 c=132 fc=443000 cc=0 chg=
--------- switch to main
11-03 11:19:18.447253   512  1749 I sensors-hal: activate:107, android.sensor.light/46 en=0
11-03 11:19:18.448557   512  1749 I sensors-hal: activate:118, android.sensor.light/46 en=0 completed
--------- switch to system
11-03 11:19:18.472369  1686  1710 I DisplayManagerService: Display device changed state: "Écran intégré", DOZE_SUSPEND
--------- switch to main
11-03 11:19:18.479715   545   545 D SurfaceFlinger: Set power mode=3, type=0 flinger=0xb6bb6000
11-03 11:19:18.480156   504   764 I SDM     : DisplayBase::SetDisplayState: Set state = 3, display 0
11-03 11:19:18.506951  1686  1759 I InputReader: Reconfiguring input devices.  changes=0x00000004
11-03 11:19:18.518355  2520 12956 D HOME    : [BatteryChange]batteryHistory size: 20'
11-03 11:19:18.518593  2520 12956 D HOME    : [BatteryChange]timeDelta: 13617768
11-03 11:19:18.518755  2520 12956 D HOME    : [BatteryChange]levelDelta: 21
11-03 11:19:18.524553   545   545 D SurfaceFlinger: Finished set power mode=3, type=0
11-03 11:19:18.525171  1686  1823 I SidekickService: beginDisplayLocked(): DOZE_SUSPEND
11-03 11:19:18.525824   416  1715 D SKGHAL  : sendAmbientPrepare: enter:
--------- switch to kernel
11-03 11:19:18.348771     0     0 I mdss_dsi_panel_set_idle_mode: Idle (0->1)
11-03 11:19:18.391037     0     0 I         : [touch]FB_BLANK_VSYNC_SUSPEND
11-03 11:19:18.391043     0     0 I         : [touch]irq disable
11-03 11:19:18.391047     0     0 I         : [touch]workqueue is empty!
11-03 11:19:18.391050     0     0 I         : [touch]raydium_ts_do_suspend.
11-03 11:19:18.391059     0     0 I         : [touch]Device may wakeup
11-03 11:19:18.392870     0     0 I         : [touch]irq enable
--------- switch to main
11-03 11:19:18.587503  3316  3328 I .gms.persisten: Background concurrent copying GC freed 43525(2MB) AllocSpace objects, 12(624KB) LOS objects, 24% free, 10MB/13MB, paused 162us total 307.542ms
11-03 11:19:18.650908   416  1715 D SKGHAL  : sendAmbientEvent: enter: enable = 1
11-03 11:19:18.652695   504   523 I SDM     : DisplayBase::SetDisplayState: Set state = 4, display 0
11-03 11:19:18.652841   504   523 D SDM     : HWCDisplayPrimary::SetStandByMode: Null display is connected successfully
11-03 11:19:18.653071   416  1715 D SKGHAL  : standBy_update_control call succeed on 1
11-03 11:19:18.667413   416  1715 D SKGHAL  : sendAmbientEvent: done: enable = 1
11-03 11:19:18.668264  1686  1823 D SidekickService:    ... beginDisplay result: 0 for halPower: 1
11-03 11:19:18.673756   512   512 I sensors-hal: activate:107, android.sensor.accelerometer/48 en=0
11-03 11:19:18.675525   512   512 I sensors-hal: activate:118, android.sensor.accelerometer/48 en=0 completed
--------- switch to kernel
11-03 11:19:18.547323     0     0 E bgrsb   : bgrsb_enable: gpio 32 is valid
--------- switch to main
11-03 11:19:18.686477  1686  1799 E WifiStateMachine: getWifiLinkLayerStats called without an interface
11-03 11:19:18.711107  1686  1686 I WearPower: [WearTouchMediator] changing touch input to enabled (ON_AUTO)
11-03 11:19:18.712577  1686  1759 I InputReader: Reconfiguring input devices.  changes=0x00000200
--------- switch to kernel
11-03 11:19:18.583542     0     0 I init    : processing action (ro.enable_core_ctl=true && sys.cw_corectl_mode=idle) from (/vendor/etc/init/hw/init.qcom.rc:949)
--------- switch to main
11-03 11:19:18.721349  1686  1686 I AmbientService: [ce6a28c] Timeout alarm not required, auto-resume timeout handled by dream.
11-03 11:19:18.734564  3205  3434 W WorkController: Loading failed for worker [trainingcache]: worker not found
11-03 11:19:18.735782  3205  3372 W A       : TrainingCache cache SCREEN_OFF failure
11-03 11:19:18.735782  3205  3372 W A       : com.google.android.apps.gsa.search.core.service.h.a.a: No worker found for Worker ID [trainingcache].
11-03 11:19:18.735782  3205  3372 W A       : 	at com.google.android.apps.gsa.search.core.service.g.a.c.a(Unknown Source:5)
11-03 11:19:18.735782  3205  3372 W A       : 	at com.google.android.libraries.gsa.c.a.d.a(Unknown Source:3)
11-03 11:19:18.735782  3205  3372 W A       : 	at com.google.common.p.a.cg.c(Unknown Source:2)
11-03 11:19:18.735782  3205  3372 W A       : 	at com.google.common.p.a.bk.run(SourceFile:3)
11-03 11:19:18.735782  3205  3372 W A       : 	at com.google.common.p.a.ci.run(Unknown Source:4)
11-03 11:19:18.735782  3205  3372 W A       : 	at com.google.apps.tiktok.concurrent.ab.run(SourceFile:1)
11-03 11:19:18.735782  3205  3372 W A       : 	at java.util.concurrent.ThreadPoolExecutor.runWorker(ThreadPoolExecutor.java:1167)
11-03 11:19:18.735782  3205  3372 W A       : 	at java.util.concurrent.ThreadPoolExecutor$Worker.run(ThreadPoolExecutor.java:641)
11-03 11:19:18.735782  3205  3372 W A       : 	at com.google.apps.tiktok.concurrent.c.run(Unknown Source:4)
11-03 11:19:18.735782  3205  3372 W A       : 	at java.lang.Thread.run(Thread.java:764)
11-03 11:19:18.757613  2520  2520 D HOME    : [StreamDBQueue]Promised revision #4902 to queue a new op
11-03 11:19:18.758272  2520  2520 D WatchStreamManager: Promised rank-blocked=false @ r#4902
11-03 11:19:18.758787  2520  2520 D HOME    : [CompactHunStarter]detachWindow()
11-03 11:19:18.759654  2520 12956 D HOME    : [WatchStreamDB]Item alerting conditions - isInterruptive: true, recentlyInterrupted: false, isItemPinned: false, isUnread: false
11-03 11:19:18.760086  2520 13609 D HOME    : [StreamDBQueue]Promised revision #4903 to queue a new op
11-03 11:19:18.760123  2520 12956 D HOME    : [StreamAlertingRegulator]isTheaterModeEnabled: false, isAlertingAllowedByOffBody: true, matchesLocalInterruptionFilter: true
11-03 11:19:18.760299  2520 13609 D WatchStreamManager: Promised rerank @ r#4903
11-03 11:19:18.760385  2520 12956 D HOME    : [WatchStreamDB]couldItemAlert: false, isTopItemChanged: false, isDeferralForTopItem: false
11-03 11:19:18.761146  2520 12956 D HOME    : [WatchStreamDB]updateRanking()
11-03 11:19:18.767389  2520 12956 D HOME    : [WatchStreamDB]Item alerting conditions - isInterruptive: true, recentlyInterrupted: false, isItemPinned: false, isUnread: false
11-03 11:19:18.775581  2520 12956 D HOME    : [StreamAlertingRegulator]isTheaterModeEnabled: false, isAlertingAllowedByOffBody: true, matchesLocalInterruptionFilter: true
11-03 11:19:18.786038  2520 12956 D HOME    : [WatchStreamDB]couldItemAlert: false, isTopItemChanged: false, isDeferralForTopItem: false
11-03 11:19:18.787598  2520 12956 D HOME    : [NewStreamAdapter]Publishing revision #4903 to adapter clients
--------- switch to kernel
11-03 11:19:18.807746     0     0 I PM      : suspend entry 2021-11-03 10:19:18.807746776 UTC
11-03 11:19:18.807756     0     0 I PM      : Syncing filesystems ... done.
11-03 11:19:18.838931     0     0 I         : Freezing user space processes ... (elapsed 0.005 seconds) done.
11-03 11:19:18.844678     0     0 I         : Freezing remaining freezable tasks ... (elapsed 0.002 seconds) done.
11-03 11:19:18.847585     0     0 I         : Suspending console(s) (use no_console_suspend to debug)
11-03 11:19:18.857883     0     0 I mdss_dsi_panel_set_idle_mode: Idle (1->1)
11-03 11:19:18.896057     0     0 I bgcom   : bgcom_pm_suspend: suspended with : 0
11-03 11:19:18.918401     0     0 I PM      : suspend of devices complete after 69.272 msecs
11-03 11:19:18.921133     0     0 I PM      : late suspend of devices complete after 2.715 msecs
11-03 11:19:18.924263     0     0 I PM      : noirq suspend of devices complete after 3.115 msecs
11-03 11:19:18.924269     0     0 I         : Disabling non-boot CPUs ...
11-03 11:19:18.943071     0     0 I CPU1    : shutdown
11-03 11:19:18.943999     0     0 I suspend ns: 4199271033850	suspend cycles:    1271928546511
11-03 11:19:18.943989     0     0 I CPU0    : msm_cpu_pm_enter_sleep mode:3 during suspend
11-03 11:19:18.943989     0     0 I         : Suspended for 9.535 seconds
11-03 11:19:18.943989     0     0 I resume cycles: 1272111620334
11-03 11:19:18.944295     0     0 I         : Enabling non-boot CPUs ...
11-03 11:19:18.944623     0     0 I CPU1    : update cpu_capacity 1024
11-03 11:19:18.945582     0     0 I         : CPU1 is up
11-03 11:19:18.947187     0     0 I PM      : noirq resume of devices complete after 1.411 msecs
11-03 11:19:18.949860     0     0 I PM      : early resume of devices complete after 1.698 msecs
11-03 11:19:18.951554     0     0 I CPU0    : update max cpu_capacity 748
11-03 11:19:18.954928     0     0 I         : [touch]display wake up
11-03 11:19:18.972180     0     0 I bgcom   : bgcom_pm_resume: Bgcom resumed with : 0
11-03 11:19:18.981918     0     0 I mdss_dsi_panel_set_idle_mode: Idle (1->1)
11-03 11:19:19.014451     0     0 I PM      : resume of devices complete after 64.559 msecs
11-03 11:19:19.016474     0     0 I         : Restarting tasks ...
11-03 11:19:19.018779     0     0 W QSEECOM : qseecom_receive_req: Interrupted: exiting Listener Service = 8192
11-03 11:19:19.018840     0     0 W QSEECOM : qseecom_receive_req: Interrupted: exiting Listener Service = 12288
11-03 11:19:19.021295     0     0 W QSEECOM : qseecom_receive_req: Interrupted: exiting Listener Service = 11
11-03 11:19:19.021349     0     0 W QSEECOM : qseecom_receive_req: Interrupted: exiting Listener Service = 10
11-03 11:19:19.021707     0     0 W QSEECOM : qseecom_receive_req: Interrupted: exiting Listener Service = 28672
--------- switch to system
11-03 11:19:28.556896  1686  1759 I PowerManagerService: Waking up from dozing (uid=1000 reason=android.policy:MOTION)...
11-03 11:19:28.558455  1686  1686 W UsageStatsService: Event reported without a package name
11-03 11:19:28.570174  2520  2520 W ViewRootImpl[HomeActivity2]: Dropping event due to no window focus: MotionEvent { action=ACTION_HOVER_ENTER, actionButton=0, id[0]=0, x[0]=100.0, y[0]=100.0, toolType[0]=TOOL_TYPE_FINGER, buttonState=0, metaState=0, flags=0x0, edgeFlags=0x0, pointerCount=1, historySize=0, eventTime=4199402, downTime=4179767, deviceId=1, source=0x1002 }
--------- switch to kernel
11-03 11:19:19.028760     0     0 I         : done.
11-03 11:19:28.564319     0     0 I PM      : suspend exit 2021-11-03 10:19:28.564319844 UTC
--------- switch to system
11-03 11:19:28.588785  2520  2520 W ViewRootImpl[HomeActivity2]: Dropping event due to no window focus: MotionEvent { action=ACTION_HOVER_MOVE, actionButton=0, id[0]=0, x[0]=100.0, y[0]=100.0, toolType[0]=TOOL_TYPE_FINGER, buttonState=0, metaState=0, flags=0x0, edgeFlags=0x0, pointerCount=1, historySize=0, eventTime=4199402, downTime=4179767, deviceId=1, source=0x1002 }
--------- switch to kernel
11-03 11:19:28.577724     0     0 E bgrsb   : bgrsb_enable: rsb will set report rate
11-03 11:19:28.594495     0     0 E bgrsb   : bgrsb_enable: gpio 32 is valid
11-03 11:19:28.596106     0     0 E FG      : fg_psy_get_property: unsupported property 7
--------- switch to system
11-03 11:19:28.607077  2520  2520 W ViewRootImpl[HomeActivity2]: Cancelling event due to no window focus: MotionEvent { action=ACTION_CANCEL, actionButton=0, id[0]=0, x[0]=100.0, y[0]=100.0, toolType[0]=TOOL_TYPE_FINGER, buttonState=0, metaState=0, flags=0x0, edgeFlags=0x0, pointerCount=1, historySize=0, eventTime=4199413, downTime=4179767, deviceId=1, source=0x1002 }
--------- switch to kernel
11-03 11:19:28.467327     0     0 W healthd : battery l=10 v=3709 t=28.0 h=2 st=3 c=5 fc=443000 cc=0 chg=
--------- switch to main
11-03 11:19:28.627353   512   512 I sensors-hal: batch:140, android.sensor.light/46, period=100000000, max_latency=0
11-03 11:19:28.627424   512   512 I sensors-hal: batch:149, android.sensor.light/46, period=100000000, max_latency=0 request completed
11-03 11:19:28.627785   512   512 I sensors-hal: activate:107, android.sensor.light/46 en=1
11-03 11:19:28.628050   512   512 I sensors-hal: ssc_enable_rt_task:254, ssc_enable_rt_task : true
11-03 11:19:28.632775   512   512 I sensors-hal: activate:118, android.sensor.light/46 en=1 completed
11-03 11:19:28.633990   512   512 I sensors-hal: batch:140, android.sensor.accelerometer/48, period=66667000, max_latency=100000000
11-03 11:19:28.634042   512   512 I sensors-hal: batch:149, android.sensor.accelerometer/48, period=66667000, max_latency=100000000 request completed
11-03 11:19:28.634335   512   512 I sensors-hal: activate:107, android.sensor.accelerometer/48 en=1
11-03 11:19:28.634577   512   512 I sensors-hal: ssc_enable_rt_task:254, ssc_enable_rt_task : true
11-03 11:19:28.634817  1686  1823 I SidekickService: endDisplayLocked()
--------- switch to system
11-03 11:19:28.607347  2520  2520 I chatty  : uid=10049(com.google.android.wearable.app) identical 2 lines
11-03 11:19:28.607501  2520  2520 W ViewRootImpl[HomeActivity2]: Cancelling event due to no window focus: MotionEvent { action=ACTION_CANCEL, actionButton=0, id[0]=0, x[0]=100.0, y[0]=100.0, toolType[0]=TOOL_TYPE_FINGER, buttonState=0, metaState=0, flags=0x0, edgeFlags=0x0, pointerCount=1, historySize=0, eventTime=4199413, downTime=4179767, deviceId=1, source=0x1002 }
11-03 11:19:28.635673  1686  1710 I DisplayManagerService: Display device changed state: "Écran intégré", ON
--------- switch to main
11-03 11:19:28.636331   512   512 I sensors-hal: activate:118, android.sensor.accelerometer/48 en=1 completed
11-03 11:19:28.639597   416  1715 D SKGHAL  : sendAmbientEvent: enter: enable = 0
11-03 11:19:28.655750  1686  1759 I InputReader: Reconfiguring input devices.  changes=0x00000004
11-03 11:19:28.657474   512 13623 I sensors-hal: handle_indication_realtime:355,  SCHED_FIFO(10) for qmi_cbk
11-03 11:19:28.658952  2520  2520 D HOME    : [BatteryChange]action: android.intent.action.BATTERY_CHANGED
11-03 11:19:28.661708  2520 13609 D HOME    : [BatteryChange]HandleBatteryChangedTask
11-03 11:19:28.662100  2520 13609 D HOME    : [BatteryChange]level: 10, status: 3
11-03 11:19:28.665731  4243  4243 D OMService: onDisplayChanged: not dozing
11-03 11:19:28.669022  1956  1956 D QtiCarrierConfigHelper: WARNING, no carrier configs on phone Id: 0
11-03 11:19:28.674978  1686  1799 E WifiStateMachine: getWifiLinkLayerStats called without an interface
--------- switch to system
11-03 11:19:28.688821  1686  1702 W BroadcastQueue: Background execution not allowed: receiving Intent { act=android.intent.action.USER_PRESENT flg=0x10 } to com.google.android.gms/.auth.setup.devicesignals.LockScreenReceiver
11-03 11:19:28.689207  1686  1702 W BroadcastQueue: Background execution not allowed: receiving Intent { act=android.intent.action.USER_PRESENT flg=0x10 } to com.google.android.gms/.chimera.GmsIntentOperationService$PersistentTrustedReceiver
--------- switch to main
11-03 11:19:28.690889  3205  3434 W WorkController: Loading failed for worker [trainingcache]: worker not found
--------- switch to kernel
11-03 11:19:28.590190     0     0 I         : [touch]FB_BLANK_VSYNC_SUSPEND
11-03 11:19:28.590193     0     0 I         : [touch]Already in suspend state
11-03 11:19:28.598670     0     0 I mdss_dsi_panel_set_idle_mode: Idle (1->0)
11-03 11:19:28.599357     0     0 E mdp3_enable_panic_ctrl: mdp3_enable_panic_ctrl: Enable Panic Control
11-03 11:19:28.599413     0     0 I         : [touch]FB_BLANK_UNBLANK
11-03 11:19:28.599417     0     0 I         : [touch]raydium_ts_do_resume, 1.
11-03 11:19:28.599662     0     0 I         : [ raydium ]workqueue is empty!
11-03 11:19:28.600037     0     0 I         : [touch] raydium_esd_check
11-03 11:19:28.600048     0     0 I raydium_ts 5-0039: [touch]Already enable irq
11-03 11:19:28.600050     0     0 I         : [touch]Device may wakeup
--------- switch to main
11-03 11:19:28.691605  3205  3294 W A       : TrainingCache cache DEVICE_UNLOCKED failure
11-03 11:19:28.691605  3205  3294 W A       : com.google.android.apps.gsa.search.core.service.h.a.a: No worker found for Worker ID [trainingcache].
11-03 11:19:28.691605  3205  3294 W A       : 	at com.google.android.apps.gsa.search.core.service.g.a.c.a(Unknown Source:5)
11-03 11:19:28.691605  3205  3294 W A       : 	at com.google.android.libraries.gsa.c.a.d.a(Unknown Source:3)
11-03 11:19:28.691605  3205  3294 W A       : 	at com.google.common.p.a.cg.c(Unknown Source:2)
11-03 11:19:28.691605  3205  3294 W A       : 	at com.google.common.p.a.bk.run(SourceFile:3)
11-03 11:19:28.691605  3205  3294 W A       : 	at com.google.common.p.a.ci.run(Unknown Source:4)
11-03 11:19:28.691605  3205  3294 W A       : 	at com.google.apps.tiktok.concurrent.ab.run(SourceFile:1)
11-03 11:19:28.691605  3205  3294 W A       : 	at java.util.concurrent.ThreadPoolExecutor.runWorker(ThreadPoolExecutor.java:1167)
11-03 11:19:28.691605  3205  3294 W A       : 	at java.util.concurrent.ThreadPoolExecutor$Worker.run(ThreadPoolExecutor.java:641)
11-03 11:19:28.691605  3205  3294 W A       : 	at com.google.apps.tiktok.concurrent.c.run(Unknown Source:4)
11-03 11:19:28.691605  3205  3294 W A       : 	at java.lang.Thread.run(Thread.java:764)
11-03 11:19:28.721605   504   523 I SDM     : DisplayBase::SetDisplayState: Set state = 3, display 0
11-03 11:19:28.721744   504   523 D SDM     : HWCDisplayPrimary::SetStandByMode: Display is connected successfully
11-03 11:19:28.722008   416  1715 D SKGHAL  : standBy_update_control call succeed on 0
11-03 11:19:28.722043   416  1715 D SKGHAL  : sendAmbientEvent: done: enable = 0
11-03 11:19:28.722515  1686  1823 D SidekickService:    ... endDisplay returns void
11-03 11:19:28.723024   545   545 D SurfaceFlinger: Set power mode=2, type=0 flinger=0xb6bb6000
11-03 11:19:28.723218   504   764 I SDM     : DisplayBase::SetDisplayState: Set state = 1, display 0
11-03 11:19:28.732081   545   545 D SurfaceFlinger: Finished set power mode=2, type=0
--------- switch to system
11-03 11:19:28.733991  1686  1712 W PowerManagerService: Screen on took 255 ms
11-03 11:19:28.734217  1686  1712 I DreamManagerService: Gently waking up from dream.
11-03 11:19:28.734640  1686  1708 I DreamManagerService: Performing gentle wake from dream.
--------- switch to main
11-03 11:19:28.741596   512 13625 I sensors-hal: handle_indication_realtime:355,  SCHED_FIFO(10) for qmi_cbk
11-03 11:19:28.747214  2520 13609 D HOME    : [BatteryChange]updateStreamItem
--------- switch to system
11-03 11:19:28.754943  1686  1686 V DreamService[AmbientDream]: wakeUp(): fromSystem=true, mWaking=false, mFinished=false
11-03 11:19:28.755042  1686  1686 V DreamService[AmbientDream]: finish(): mFinished=false
11-03 11:19:28.755129  1686  1686 I DreamManagerService: Leaving dreamland.
11-03 11:19:28.756413  1686  1708 I DreamManagerService: Performing gentle wake from dream.
11-03 11:19:28.756690  1686  1708 I DreamController: Stopping dream: name=ComponentInfo{com.google.android.wearable.ambient/com.google.android.wearable.ambient.AmbientDream}, isTest=false, canDoze=true, userId=0
--------- switch to main
11-03 11:19:28.770069  2520 13609 D HOME    : [BatteryChange]batteryHistory size: 20'
11-03 11:19:28.770262  2520 13609 D HOME    : [BatteryChange]timeDelta: 13617768
11-03 11:19:28.770419  2520 13609 D HOME    : [BatteryChange]levelDelta: 21
--------- switch to system
11-03 11:19:28.775265  1686  1686 V DreamService[AmbientDream]: detach(): Calling onDreamingStopped()
--------- switch to main
11-03 11:19:28.775433  1686  1686 I AmbientService: [ce6a28c] doOnDreamingStopped
11-03 11:19:28.775519  1686  1686 D WristGestureCtrl: Starting: GesturesEnabled-false UngazeEnabled-true
11-03 11:19:28.775574  1686  1686 D DefaultUngazeDetector: starting
11-03 11:19:28.775627  1686  1686 D DefaultUngazeDetector: startUngazeStateEstimation(). startTime = 66248205
11-03 11:19:28.777847   512   512 I sensors-hal: batch:140, android.sensor.accelerometer/48, period=19231000, max_latency=100000000
11-03 11:19:28.778302  1686  1686 W AlarmManagerProxy: Removing unknown listener
11-03 11:19:28.780368   512   512 I sensors-hal: batch:149, android.sensor.accelerometer/48, period=19231000, max_latency=100000000 request completed
11-03 11:19:28.780706   512   512 I sensors-hal: flush:169, android.sensor.accelerometer/48
