11-03 20:54:49.134090     0     0 W QSEECOM : qseecom_receive_req: Interrupted: exiting Listener Service = 11
11-03 20:54:49.137169     0     0 W QSEECOM : qseecom_receive_req: Interrupted: exiting Listener Service = 8192
11-03 20:54:49.137227     0     0 W QSEECOM : qseecom_receive_req: Interrupted: exiting Listener Service = 12288
11-03 20:54:49.137257     0     0 W QSEECOM : qseecom_receive_req: Interrupted: exiting Listener Service = 10
11-03 20:54:49.137287     0     0 W QSEECOM : qseecom_receive_req: Interrupted: exiting Listener Service = 28672
11-03 20:54:49.141321     0     0 I         : done.
11-03 20:54:49.387444     0     0 I PM      : suspend exit 2021-11-03 19:54:49.387444213 UTC
11-03 20:54:49.524141     0     0 I PM      : suspend entry 2021-11-03 19:54:49.524141869 UTC
11-03 20:54:49.524154     0     0 I PM      : Syncing filesystems ... done.
11-03 20:54:49.623282     0     0 I         : Freezing user space processes ...
11-03 20:54:49.628164     0     0 I PM      : Wakeup pending, aborting suspend
11-03 20:54:49.628180     0     0 I         : active wakeup source: qcom_rx_wakelock
11-03 20:54:49.628288     0     0 E         : Freezing of tasks aborted after 0.004 seconds
11-03 20:54:49.628303     0     0 I         : Restarting tasks ...
11-03 20:54:49.628966     0     0 W QSEECOM : qseecom_receive_req: Interrupted: exiting Listener Service = 8192
11-03 20:54:49.629017     0     0 W QSEECOM : qseecom_receive_req: Interrupted: exiting Listener Service = 11
11-03 20:54:49.629048     0     0 W QSEECOM : qseecom_receive_req: Interrupted: exiting Listener Service = 28672
11-03 20:54:49.632697     0     0 W QSEECOM : qseecom_receive_req: Interrupted: exiting Listener Service = 12288
11-03 20:54:49.632747     0     0 W QSEECOM : qseecom_receive_req: Interrupted: exiting Listener Service = 10
11-03 20:54:49.633219     0     0 I         : done.
11-03 20:54:49.633957     0     0 I PM      : suspend exit 2021-11-03 19:54:49.633957598 UTC
11-03 20:54:49.835228     0     0 I PM      : suspend entry 2021-11-03 19:54:49.835228119 UTC
11-03 20:54:49.835242     0     0 I PM      : Syncing filesystems ... done.
11-03 20:54:49.859450     0     0 I         : Freezing user space processes ...
11-03 20:54:49.865505     0     0 I PM      : Wakeup pending, aborting suspend
11-03 20:54:49.865521     0     0 I         : active wakeup source: qcom_rx_wakelock
11-03 20:54:49.865617     0     0 E         : Freezing of tasks aborted after 0.006 seconds
11-03 20:54:49.865633     0     0 I         : Restarting tasks ...
11-03 20:54:49.866365     0     0 W QSEECOM : qseecom_receive_req: Interrupted: exiting Listener Service = 11
11-03 20:54:49.866430     0     0 W QSEECOM : qseecom_receive_req: Interrupted: exiting Listener Service = 10
11-03 20:54:49.866470     0     0 W QSEECOM : qseecom_receive_req: Interrupted: exiting Listener Service = 28672
11-03 20:54:49.870959     0     0 W QSEECOM : qseecom_receive_req: Interrupted: exiting Listener Service = 12288
11-03 20:54:49.871020     0     0 W QSEECOM : qseecom_receive_req: Interrupted: exiting Listener Service = 8192
11-03 20:54:49.871340     0     0 I         : done.
11-03 20:54:49.872135     0     0 I PM      : suspend exit 2021-11-03 19:54:49.872135098 UTC
11-03 20:54:50.273799     0     0 I PM      : suspend entry 2021-11-03 19:54:50.273799525 UTC
11-03 20:54:50.273821     0     0 I PM      : Syncing filesystems ... done.
11-03 20:54:50.298810     0     0 I         : Freezing user space processes ... (elapsed 0.008 seconds) done.
11-03 20:54:50.306949     0     0 I         : Freezing remaining freezable tasks ... (elapsed 0.004 seconds) done.
11-03 20:54:50.311114     0     0 I         : Suspending console(s) (use no_console_suspend to debug)
11-03 20:54:50.319867     0     0 I bgcom   : bgcom_pm_suspend: suspended with : 0
11-03 20:54:50.360046     0     0 I PM      : suspend of devices complete after 46.051 msecs
11-03 20:54:50.366297     0     0 I PM      : late suspend of devices complete after 6.204 msecs
11-03 20:54:50.372479     0     0 I PM      : noirq suspend of devices complete after 6.156 msecs
11-03 20:54:50.372495     0     0 I         : Disabling non-boot CPUs ...
11-03 20:54:50.394283     0     0 W         : IRQ16 no longer affine to CPU1
11-03 20:54:50.394297     0     0 W         : IRQ21 no longer affine to CPU1
11-03 20:54:50.394620     0     0 W         : IRQ93 no longer affine to CPU1
11-03 20:54:50.396357     0     0 I CPU1    : shutdown
11-03 20:54:50.398526     0     0 I suspend ns: 990485359122	suspend cycles:      26937790762
11-03 20:54:50.398504     0     0 I CPU0    : msm_cpu_pm_enter_sleep mode:3 during suspend
11-03 20:54:50.398797     0     0 I         : Enabling non-boot CPUs ...
11-03 20:54:50.399641     0     0 I CPU1    : update cpu_capacity 1024
11-03 20:54:50.401400     0     0 I         : CPU1 is up
11-03 20:54:50.402865     0     0 I CPU1    : update max cpu_capacity 1024
11-03 20:54:50.405518     0     0 I PM      : noirq resume of devices complete after 3.763 msecs
11-03 20:54:50.411029     0     0 I PM      : early resume of devices complete after 3.983 msecs
11-03 20:54:50.412314    20    20 E         : [20:54:50.572755] [0000000645D11BD3] [VosRX]  wlan: [E :WDI] WDTS_RxPacketDump RX Data frame is UC
11-03 20:54:50.412342    20    20 E         : [20:54:50.572793] [0000000645D11EA0] [VosRX]  wlan: [E :WDI] WDTS_RxPacketDump: Data subtype:8 SA:44:fe:3b:41:13:4b DA:00:0a:f5:f2:a2:70
11-03 20:54:50.412446    20    20 E         : [20:54:50.572895] [0000000645D12650] [VosRX]  wlan: [E :HDD] hdd_log_ip_addr: src addr 192:168:1:3
11-03 20:54:50.412463    20    20 E         : [20:54:50.572915] [0000000645D127C8] [VosRX]  wlan: [E :HDD] hdd_log_ip_addr: dst addr 192:168:1:14
11-03 20:54:50.441353     0     0 I bgcom   : bgcom_pm_resume: Bgcom resumed with : 0
11-03 20:54:50.447970     0     0 I PM      : resume of devices complete after 36.910 msecs
11-03 20:54:50.451002     0     0 I         : Restarting tasks ...
11-03 20:54:50.453205     0     0 W QSEECOM : qseecom_receive_req: Interrupted: exiting Listener Service = 8192
11-03 20:54:50.453284     0     0 W QSEECOM : qseecom_receive_req: Interrupted: exiting Listener Service = 12288
11-03 20:54:50.453321     0     0 W QSEECOM : qseecom_receive_req: Interrupted: exiting Listener Service = 28672
11-03 20:54:50.458355     0     0 W QSEECOM : qseecom_receive_req: Interrupted: exiting Listener Service = 11
11-03 20:54:50.458418     0     0 W QSEECOM : qseecom_receive_req: Interrupted: exiting Listener Service = 10
11-03 20:54:50.461482     0     0 I         : done.
11-03 20:54:50.622676     0     0 I PM      : suspend exit 2021-11-03 19:54:50.622676138 UTC
11-03 20:54:50.724207     0     0 I PM      : suspend entry 2021-11-03 19:54:50.724207649 UTC
11-03 20:54:50.724221     0     0 I PM      : Syncing filesystems ... done.
11-03 20:54:50.823381     0     0 I         : Freezing user space processes ... (elapsed 0.007 seconds) done.
11-03 20:54:50.830781     0     0 I         : Freezing remaining freezable tasks ... (elapsed 0.003 seconds) done.
11-03 20:54:50.834548     0     0 I         : Suspending console(s) (use no_console_suspend to debug)
11-03 20:54:50.842644     0     0 I bgcom   : bgcom_pm_suspend: suspended with : 0
11-03 20:54:50.877413     0     0 I PM      : suspend of devices complete after 40.631 msecs
11-03 20:54:50.882888     0     0 I PM      : late suspend of devices complete after 5.435 msecs
11-03 20:54:50.888690     0     0 I PM      : noirq suspend of devices complete after 5.778 msecs
11-03 20:54:50.888703     0     0 I         : Disabling non-boot CPUs ...
11-03 20:54:50.904379     0     0 W         : IRQ21 no longer affine to CPU1
11-03 20:54:50.906239     0     0 I CPU1    : shutdown
11-03 20:54:50.908231     0     0 I suspend ns: 990834628550	suspend cycles:      26947577014
11-03 20:54:50.908214     0     0 I CPU0    : msm_cpu_pm_enter_sleep mode:3 during suspend
11-03 20:54:50.908214     0     0 I         : Suspended for 0.264 seconds
11-03 20:54:50.908214     0     0 I resume cycles: 26952657354
11-03 20:54:50.908467     0     0 I         : Enabling non-boot CPUs ...
11-03 20:54:50.909273     0     0 I CPU1    : update cpu_capacity 1024
11-03 20:54:50.910721     0     0 I         : CPU1 is up
11-03 20:54:50.913178     0     0 I CPU1    : update max cpu_capacity 1024
11-03 20:54:50.914553     0     0 I PM      : noirq resume of devices complete after 3.511 msecs
11-03 20:54:50.920058     0     0 I PM      : early resume of devices complete after 4.030 msecs
11-03 20:54:50.921238    20    20 E         : [20:54:51.185843] [000000064684B955] [VosRX]  wlan: [E :WDI] WDTS_RxPacketDump RX Data frame is UC
11-03 20:54:50.921260    20    20 E         : [20:54:51.185873] [000000064684BB9D] [VosRX]  wlan: [E :WDI] WDTS_RxPacketDump: Data subtype:8 SA:44:fe:3b:41:13:4b DA:00:0a:f5:f2:a2:70
11-03 20:54:50.921357    20    20 E         : [20:54:51.185968] [000000064684C2DF] [VosRX]  wlan: [E :HDD] hdd_log_ip_addr: src addr 192:168:1:1
11-03 20:54:50.921370    20    20 E         : [20:54:51.185985] [000000064684C3F5] [VosRX]  wlan: [E :HDD] hdd_log_ip_addr: dst addr 192:168:1:14
11-03 20:54:50.949206     0     0 I bgcom   : bgcom_pm_resume: Bgcom resumed with : 0
11-03 20:54:50.954992     0     0 I PM      : resume of devices complete after 34.903 msecs
11-03 20:54:50.957783     0     0 I         : Restarting tasks ...
11-03 20:54:50.960164     0     0 W QSEECOM : qseecom_receive_req: Interrupted: exiting Listener Service = 8192
11-03 20:54:50.960222     0     0 W QSEECOM : qseecom_receive_req: Interrupted: exiting Listener Service = 12288
11-03 20:54:50.960265     0     0 W QSEECOM : qseecom_receive_req: Interrupted: exiting Listener Service = 28672
11-03 20:54:50.963387     0     0 W QSEECOM : qseecom_receive_req: Interrupted: exiting Listener Service = 11
11-03 20:54:50.963444     0     0 W QSEECOM : qseecom_receive_req: Interrupted: exiting Listener Service = 10
11-03 20:54:50.967329     0     0 I         : done.
11-03 20:54:51.232692     0     0 I PM      : suspend exit 2021-11-03 19:54:51.232692283 UTC
11-03 20:54:51.334139     0     0 I PM      : suspend entry 2021-11-03 19:54:51.334139158 UTC
11-03 20:54:51.334154     0     0 I PM      : Syncing filesystems ... done.
11-03 20:54:51.436057     0     0 I         : Freezing user space processes ... (elapsed 0.007 seconds) done.
11-03 20:54:51.443505     0     0 I         : Freezing remaining freezable tasks ... (elapsed 0.003 seconds) done.
11-03 20:54:51.447487     0     0 I         : Suspending console(s) (use no_console_suspend to debug)
11-03 20:54:51.454843     0     0 I bgcom   : bgcom_pm_suspend: suspended with : 0
11-03 20:54:51.492246     0     0 I PM      : suspend of devices complete after 42.351 msecs
11-03 20:54:51.498378     0     0 I PM      : late suspend of devices complete after 6.090 msecs
11-03 20:54:51.504059     0     0 I PM      : noirq suspend of devices complete after 5.656 msecs
11-03 20:54:51.504074     0     0 I         : Disabling non-boot CPUs ...
11-03 20:54:51.518870     0     0 W         : IRQ16 no longer affine to CPU1
11-03 20:54:51.518882     0     0 W         : IRQ21 no longer affine to CPU1
11-03 20:54:51.520800     0     0 I CPU1    : shutdown
11-03 20:54:51.522860     0     0 I suspend ns: 991184652457	suspend cycles:      26959377813
11-03 20:54:51.522840     0     0 I CPU0    : msm_cpu_pm_enter_sleep mode:3 during suspend
11-03 20:54:51.522840     0     0 I         : Suspended for 0.570 seconds
11-03 20:54:51.522840     0     0 I resume cycles: 26970333923
11-03 20:54:51.523095     0     0 I         : Enabling non-boot CPUs ...
11-03 20:54:51.523908     0     0 I CPU1    : update cpu_capacity 1024
11-03 20:54:51.525355     0     0 I         : CPU1 is up
11-03 20:54:51.527575     0     0 I CPU1    : update max cpu_capacity 1024
11-03 20:54:51.529178     0     0 I PM      : noirq resume of devices complete after 3.497 msecs
11-03 20:54:51.534947     0     0 I PM      : early resume of devices complete after 4.299 msecs
11-03 20:54:51.536152    20    20 E         : [20:54:52.106783] [00000006479287FC] [VosRX]  wlan: [E :WDI] WDTS_RxPacketDump RX Data frame is UC
11-03 20:54:51.536174    20    20 E         : [20:54:52.106815] [0000000647928A46] [VosRX]  wlan: [E :WDI] WDTS_RxPacketDump: Data subtype:8 SA:44:fe:3b:41:13:4b DA:00:0a:f5:f2:a2:70
11-03 20:54:51.536267    20    20 E         : [20:54:52.106909] [000000064792915B] [VosRX]  wlan: [E :HDD] hdd_log_ip_addr: src addr 192:168:1:3
11-03 20:54:51.536280    20    20 E         : [20:54:52.106924] [0000000647929264] [VosRX]  wlan: [E :HDD] hdd_log_ip_addr: dst addr 192:168:1:14
11-03 20:54:51.563952     0     0 I bgcom   : bgcom_pm_resume: Bgcom resumed with : 0
11-03 20:54:51.569712     0     0 I PM      : resume of devices complete after 34.736 msecs
11-03 20:54:51.572347     0     0 I         : Restarting tasks ...
11-03 20:54:51.575170     0     0 W QSEECOM : qseecom_receive_req: Interrupted: exiting Listener Service = 8192
11-03 20:54:51.575233     0     0 W QSEECOM : qseecom_receive_req: Interrupted: exiting Listener Service = 11
11-03 20:54:51.575270     0     0 W QSEECOM : qseecom_receive_req: Interrupted: exiting Listener Service = 10
11-03 20:54:51.577360     0     0 W QSEECOM : qseecom_receive_req: Interrupted: exiting Listener Service = 12288
11-03 20:54:51.577403     0     0 W QSEECOM : qseecom_receive_req: Interrupted: exiting Listener Service = 28672
11-03 20:54:51.583025     0     0 I         : done.
11-03 20:54:52.154354     0     0 I PM      : suspend exit 2021-11-03 19:54:52.154354522 UTC
11-03 20:54:52.256266     0     0 I PM      : suspend entry 2021-11-03 19:54:52.256266033 UTC
11-03 20:54:52.256279     0     0 I PM      : Syncing filesystems ... done.
11-03 20:54:52.355112     0     0 I         : Freezing user space processes ... (elapsed 0.007 seconds) done.
11-03 20:54:52.362759     0     0 I         : Freezing remaining freezable tasks ... (elapsed 0.003 seconds) done.
11-03 20:54:52.366703     0     0 I         : Suspending console(s) (use no_console_suspend to debug)
11-03 20:54:52.375582     0     0 I bgcom   : bgcom_pm_suspend: suspended with : 0
11-03 20:54:52.409890     0     0 I PM      : suspend of devices complete after 40.596 msecs
11-03 20:54:52.415403     0     0 I PM      : late suspend of devices complete after 5.473 msecs
11-03 20:54:52.421360     0     0 I PM      : noirq suspend of devices complete after 5.930 msecs
11-03 20:54:52.421372     0     0 I         : Disabling non-boot CPUs ...
11-03 20:54:52.441225     0     0 I CPU1    : shutdown
11-03 20:54:52.443249     0     0 I suspend ns: 991534410530	suspend cycles:      26977049278
11-03 20:54:52.443229     0     0 I CPU0    : msm_cpu_pm_enter_sleep mode:3 during suspend
11-03 20:54:52.443229     0     0 I         : Suspended for 0.879 seconds
11-03 20:54:52.443229     0     0 I resume cycles: 26993932212
11-03 20:54:52.443484     0     0 I         : Enabling non-boot CPUs ...
11-03 20:54:52.444295     0     0 I CPU1    : update cpu_capacity 1024
11-03 20:54:52.445726     0     0 I         : CPU1 is up
11-03 20:54:52.448144     0     0 I CPU1    : update max cpu_capacity 1024
11-03 20:54:52.449569     0     0 I PM      : noirq resume of devices complete after 3.528 msecs
11-03 20:54:52.455134     0     0 I PM      : early resume of devices complete after 4.088 msecs
11-03 20:54:52.456644    20    20 E         : [20:54:53.335965] [0000000648FAA4A2] [VosRX]  wlan: [E :WDI] WDTS_RxPacketDump RX Data frame is UC
11-03 20:54:52.456666    20    20 E         : [20:54:53.335998] [0000000648FAA6F2] [VosRX]  wlan: [E :WDI] WDTS_RxPacketDump: Data subtype:8 SA:44:fe:3b:41:13:4b DA:00:0a:f5:f2:a2:70
11-03 20:54:52.456764    20    20 E         : [20:54:53.336095] [0000000648FAAE44] [VosRX]  wlan: [E :HDD] hdd_log_ip_addr: src addr 192:168:1:3
11-03 20:54:52.456777    20    20 E         : [20:54:53.336109] [0000000648FAAF51] [VosRX]  wlan: [E :HDD] hdd_log_ip_addr: dst addr 192:168:1:14
11-03 20:54:52.483578     0     0 I bgcom   : bgcom_pm_resume: Bgcom resumed with : 0
11-03 20:54:52.489371     0     0 I PM      : resume of devices complete after 34.209 msecs
11-03 20:54:52.491974     0     0 I         : Restarting tasks ...
11-03 20:54:52.494609     0     0 W QSEECOM : qseecom_receive_req: Interrupted: exiting Listener Service = 8192
11-03 20:54:52.494666     0     0 W QSEECOM : qseecom_receive_req: Interrupted: exiting Listener Service = 11
11-03 20:54:52.494711     0     0 W QSEECOM : qseecom_receive_req: Interrupted: exiting Listener Service = 28672
11-03 20:54:52.497382     0     0 W QSEECOM : qseecom_receive_req: Interrupted: exiting Listener Service = 12288
11-03 20:54:52.497430     0     0 W QSEECOM : qseecom_receive_req: Interrupted: exiting Listener Service = 10
11-03 20:54:52.498085     0     0 I         : done.
11-03 20:54:53.378107     0     0 I PM      : suspend exit 2021-11-03 19:54:53.378107126 UTC
11-03 20:54:53.482846     0     0 I PM      : suspend entry 2021-11-03 19:54:53.482846969 UTC
11-03 20:54:53.482860     0     0 I PM      : Syncing filesystems ... done.
11-03 20:54:53.586135     0     0 I         : Freezing user space processes ... (elapsed 0.007 seconds) done.
11-03 20:54:53.593554     0     0 I         : Freezing remaining freezable tasks ... (elapsed 0.004 seconds) done.
11-03 20:54:53.597794     0     0 I         : Suspending console(s) (use no_console_suspend to debug)
11-03 20:54:53.604178     0     0 I bgcom   : bgcom_pm_suspend: suspended with : 0
11-03 20:54:53.640345     0     0 I PM      : suspend of devices complete after 40.326 msecs
11-03 20:54:53.646170     0     0 I PM      : late suspend of devices complete after 5.781 msecs
11-03 20:54:53.652007     0     0 I PM      : noirq suspend of devices complete after 5.812 msecs
11-03 20:54:53.652021     0     0 I         : Disabling non-boot CPUs ...
11-03 20:54:53.670472     0     0 I CPU1    : shutdown
11-03 20:54:53.672496     0     0 I suspend ns: 991884338864	suspend cycles:      27000650836
11-03 20:54:53.672476     0     0 I CPU0    : msm_cpu_pm_enter_sleep mode:3 during suspend
11-03 20:54:53.672476     0     0 I         : Suspended for 0.570 seconds
11-03 20:54:53.672476     0     0 I resume cycles: 27011603513
11-03 20:54:53.672732     0     0 I         : Enabling non-boot CPUs ...
11-03 20:54:53.673540     0     0 I CPU1    : update cpu_capacity 1024
11-03 20:54:53.674974     0     0 I         : CPU1 is up
11-03 20:54:53.677269     0     0 I CPU1    : update max cpu_capacity 1024
11-03 20:54:53.678784     0     0 I PM      : noirq resume of devices complete after 3.475 msecs
11-03 20:54:53.684287     0     0 I PM      : early resume of devices complete after 4.027 msecs
11-03 20:54:53.685758    20    20 E         : [20:54:54.256212] [000000064A083F01] [VosRX]  wlan: [E :WDI] WDTS_RxPacketDump RX Data frame is UC
11-03 20:54:53.685780    20    20 E         : [20:54:54.256244] [000000064A084163] [VosRX]  wlan: [E :WDI] WDTS_RxPacketDump: Data subtype:8 SA:44:fe:3b:41:13:4b DA:00:0a:f5:f2:a2:70
11-03 20:54:53.685879    20    20 E         : [20:54:54.256341] [000000064A0848BD] [VosRX]  wlan: [E :HDD] hdd_log_ip_addr: src addr 192:168:1:3
11-03 20:54:53.685892    20    20 E         : [20:54:54.256357] [000000064A0849DB] [VosRX]  wlan: [E :HDD] hdd_log_ip_addr: dst addr 192:168:1:14
11-03 20:54:53.714420     0     0 I bgcom   : bgcom_pm_resume: Bgcom resumed with : 0
11-03 20:54:53.719642     0     0 I PM      : resume of devices complete after 35.324 msecs
11-03 20:54:53.722275     0     0 I         : Restarting tasks ...
11-03 20:54:53.724624     0     0 W QSEECOM : qseecom_receive_req: Interrupted: exiting Listener Service = 8192
11-03 20:54:53.724689     0     0 W QSEECOM : qseecom_receive_req: Interrupted: exiting Listener Service = 11
11-03 20:54:53.724722     0     0 W QSEECOM : qseecom_receive_req: Interrupted: exiting Listener Service = 10
11-03 20:54:53.727528     0     0 W QSEECOM : qseecom_receive_req: Interrupted: exiting Listener Service = 12288
11-03 20:54:53.727584     0     0 W QSEECOM : qseecom_receive_req: Interrupted: exiting Listener Service = 28672
11-03 20:54:53.735190     0     0 I         : done.
11-03 20:54:54.306197     0     0 I PM      : suspend exit 2021-11-03 19:54:54.306197073 UTC
11-03 20:54:54.407837     0     0 I PM      : suspend entry 2021-11-03 19:54:54.407837594 UTC
11-03 20:54:54.407850     0     0 I PM      : Syncing filesystems ... done.
11-03 20:54:54.508021     0     0 I         : Freezing user space processes ... (elapsed 0.007 seconds) done.
11-03 20:54:54.515594     0     0 I         : Freezing remaining freezable tasks ... (elapsed 0.003 seconds) done.
11-03 20:54:54.519306     0     0 I         : Suspending console(s) (use no_console_suspend to debug)
11-03 20:54:54.527872     0     0 I bgcom   : bgcom_pm_suspend: suspended with : 0
11-03 20:54:54.565108     0     0 I PM      : suspend of devices complete after 43.568 msecs
11-03 20:54:54.570818     0     0 I PM      : late suspend of devices complete after 5.666 msecs
11-03 20:54:54.576428     0     0 I PM      : noirq suspend of devices complete after 5.583 msecs
11-03 20:54:54.576440     0     0 I         : Disabling non-boot CPUs ...
11-03 20:54:54.590766     0     0 I CPU1    : shutdown
11-03 20:54:54.592691     0     0 I suspend ns: 992234078656	suspend cycles:      27018318517
11-03 20:54:54.592669     0     0 I CPU0    : msm_cpu_pm_enter_sleep mode:3 during suspend
11-03 20:54:54.592669     0     0 I         : Suspended for 0.878 seconds
11-03 20:54:54.592669     0     0 I resume cycles: 27035187901
11-03 20:54:54.592920     0     0 I         : Enabling non-boot CPUs ...
11-03 20:54:54.593731     0     0 I CPU1    : update cpu_capacity 1024
11-03 20:54:54.595136     0     0 I         : CPU1 is up
11-03 20:54:54.597656     0     0 I CPU1    : update max cpu_capacity 1024
11-03 20:54:54.599001     0     0 I PM      : noirq resume of devices complete after 3.545 msecs
11-03 20:54:54.604500     0     0 I PM      : early resume of devices complete after 4.033 msecs
11-03 20:54:54.605822    20    20 E         : [20:54:55.484438] [000000064B701407] [VosRX]  wlan: [E :WDI] WDTS_RxPacketDump RX Data frame is UC
11-03 20:54:54.605845    20    20 E         : [20:54:55.484468] [000000064B701645] [VosRX]  wlan: [E :WDI] WDTS_RxPacketDump: Data subtype:8 SA:44:fe:3b:41:13:4b DA:00:0a:f5:f2:a2:70
11-03 20:54:54.605941    20    20 E         : [20:54:55.484565] [000000064B701D8C] [VosRX]  wlan: [E :HDD] hdd_log_ip_addr: src addr 192:168:1:3
11-03 20:54:54.605955    20    20 E         : [20:54:55.484581] [000000064B701EA8] [VosRX]  wlan: [E :HDD] hdd_log_ip_addr: dst addr 192:168:1:14
11-03 20:54:54.633790     0     0 I bgcom   : bgcom_pm_resume: Bgcom resumed with : 0
11-03 20:54:54.639673     0     0 I PM      : resume of devices complete after 35.146 msecs
11-03 20:54:54.642293     0     0 I         : Restarting tasks ...
11-03 20:54:54.644798     0     0 W QSEECOM : qseecom_receive_req: Interrupted: exiting Listener Service = 8192
11-03 20:54:54.644859     0     0 W QSEECOM : qseecom_receive_req: Interrupted: exiting Listener Service = 11
11-03 20:54:54.647694     0     0 W QSEECOM : qseecom_receive_req: Interrupted: exiting Listener Service = 12288
11-03 20:54:54.647749     0     0 W QSEECOM : qseecom_receive_req: Interrupted: exiting Listener Service = 10
11-03 20:54:54.647783     0     0 W QSEECOM : qseecom_receive_req: Interrupted: exiting Listener Service = 28672
11-03 20:54:54.648555     0     0 I         : done.
11-03 20:54:55.527911     0     0 I PM      : suspend exit 2021-11-03 19:54:55.527911499 UTC
11-03 20:54:55.631650     0     0 I PM      : suspend entry 2021-11-03 19:54:55.631650145 UTC
11-03 20:54:55.631664     0     0 I PM      : Syncing filesystems ... done.
11-03 20:54:55.733481     0     0 I         : Freezing user space processes ... (elapsed 0.007 seconds) done.
11-03 20:54:55.740908     0     0 I         : Freezing remaining freezable tasks ... (elapsed 0.003 seconds) done.
11-03 20:54:55.744883     0     0 I         : Suspending console(s) (use no_console_suspend to debug)
11-03 20:54:55.751744     0     0 I bgcom   : bgcom_pm_suspend: suspended with : 0
11-03 20:54:55.788746     0     0 I PM      : suspend of devices complete after 41.465 msecs
11-03 20:54:55.794627     0     0 I PM      : late suspend of devices complete after 5.841 msecs
11-03 20:54:55.800452     0     0 I PM      : noirq suspend of devices complete after 5.802 msecs
11-03 20:54:55.800464     0     0 I         : Disabling non-boot CPUs ...
11-03 20:54:55.819273     0     0 I CPU1    : shutdown
11-03 20:54:55.821361     0     0 I suspend ns: 992584134907	suspend cycles:      27041908981
11-03 20:54:55.821339     0     0 I CPU0    : msm_cpu_pm_enter_sleep mode:3 during suspend
11-03 20:54:55.821339     0     0 I         : Suspended for 0.571 seconds
11-03 20:54:55.821339     0     0 I resume cycles: 27052879336
11-03 20:54:55.821599     0     0 I         : Enabling non-boot CPUs ...
11-03 20:54:55.822407     0     0 I CPU1    : update cpu_capacity 1024
11-03 20:54:55.823836     0     0 I         : CPU1 is up
11-03 20:54:55.826073     0     0 I CPU1    : update max cpu_capacity 1024
11-03 20:54:55.827649     0     0 I PM      : noirq resume of devices complete after 3.487 msecs
11-03 20:54:55.833258     0     0 I PM      : early resume of devices complete after 4.139 msecs
11-03 20:54:55.834465    20    20 E         : [20:54:56.405838] [000000064C7E0519] [VosRX]  wlan: [E :WDI] WDTS_RxPacketDump RX Data frame is UC
11-03 20:54:55.834487    20    20 E         : [20:54:56.405870] [000000064C7E075B] [VosRX]  wlan: [E :WDI] WDTS_RxPacketDump: Data subtype:8 SA:44:fe:3b:41:13:4b DA:00:0a:f5:f2:a2:70
11-03 20:54:55.834582    20    20 E         : [20:54:56.405965] [000000064C7E0E86] [VosRX]  wlan: [E :HDD] hdd_log_ip_addr: src addr 192:168:1:3
11-03 20:54:55.834595    20    20 E         : [20:54:56.405980] [000000064C7E0F94] [VosRX]  wlan: [E :HDD] hdd_log_ip_addr: dst addr 192:168:1:14
11-03 20:54:55.864085     0     0 I bgcom   : bgcom_pm_resume: Bgcom resumed with : 0
11-03 20:54:55.869269     0     0 I PM      : resume of devices complete after 35.864 msecs
11-03 20:54:55.871941     0     0 I         : Restarting tasks ...
11-03 20:54:55.874370     0     0 W QSEECOM : qseecom_receive_req: Interrupted: exiting Listener Service = 8192
11-03 20:54:55.874426     0     0 W QSEECOM : qseecom_receive_req: Interrupted: exiting Listener Service = 11
11-03 20:54:55.874472     0     0 W QSEECOM : qseecom_receive_req: Interrupted: exiting Listener Service = 10
11-03 20:54:55.877048     0     0 W QSEECOM : qseecom_receive_req: Interrupted: exiting Listener Service = 12288
11-03 20:54:55.877109     0     0 W QSEECOM : qseecom_receive_req: Interrupted: exiting Listener Service = 28672
11-03 20:54:55.882090     0     0 I         : done.
11-03 20:54:56.453947     0     0 I PM      : suspend exit 2021-11-03 19:54:56.453947800 UTC
11-03 20:54:56.555407     0     0 I PM      : suspend entry 2021-11-03 19:54:56.555407852 UTC
11-03 20:54:56.555419     0     0 I PM      : Syncing filesystems ... done.
11-03 20:54:56.655564     0     0 I         : Freezing user space processes ... (elapsed 0.007 seconds) done.
11-03 20:54:56.663071     0     0 I         : Freezing remaining freezable tasks ... (elapsed 0.003 seconds) done.
11-03 20:54:56.666990     0     0 I         : Suspending console(s) (use no_console_suspend to debug)
11-03 20:54:56.675816     0     0 I bgcom   : bgcom_pm_suspend: suspended with : 0
11-03 20:54:56.710559     0     0 I PM      : suspend of devices complete after 41.035 msecs
11-03 20:54:56.716058     0     0 I PM      : late suspend of devices complete after 5.461 msecs
11-03 20:54:56.721906     0     0 I PM      : noirq suspend of devices complete after 5.819 msecs
11-03 20:54:56.721919     0     0 I         : Disabling non-boot CPUs ...
11-03 20:54:56.740508     0     0 I CPU1    : shutdown
11-03 20:54:56.742541     0     0 I suspend ns: 992933940116	suspend cycles:      27059595596
11-03 20:54:56.742518     0     0 I CPU0    : msm_cpu_pm_enter_sleep mode:3 during suspend
11-03 20:54:56.742518     0     0 I         : Suspended for 0.572 seconds
11-03 20:54:56.742518     0     0 I resume cycles: 27070595873
11-03 20:54:56.742771     0     0 I         : Enabling non-boot CPUs ...
11-03 20:54:56.743579     0     0 I CPU1    : update cpu_capacity 1024
11-03 20:54:56.745031     0     0 I         : CPU1 is up
11-03 20:54:56.747367     0     0 I CPU1    : update max cpu_capacity 1024
11-03 20:54:56.748848     0     0 I PM      : noirq resume of devices complete after 3.515 msecs
11-03 20:54:56.754422     0     0 I PM      : early resume of devices complete after 4.093 msecs
11-03 20:54:56.755979    20    20 E         : [20:54:57.328910] [000000064D8C7376] [VosRX]  wlan: [E :WDI] WDTS_RxPacketDump RX Data frame is UC
11-03 20:54:56.756001    20    20 E         : [20:54:57.328942] [000000064D8C75C2] [VosRX]  wlan: [E :WDI] WDTS_RxPacketDump: Data subtype:8 SA:44:fe:3b:41:13:4b DA:00:0a:f5:f2:a2:70
11-03 20:54:56.756103    20    20 E         : [20:54:57.329043] [000000064D8C7D72] [VosRX]  wlan: [E :HDD] hdd_log_ip_addr: src addr 192:168:1:2
11-03 20:54:56.756115    20    20 E         : [20:54:57.329058] [000000064D8C7E70] [VosRX]  wlan: [E :HDD] hdd_log_ip_addr: dst addr 239:255:255:250
11-03 20:54:56.783138     0     0 I bgcom   : bgcom_pm_resume: Bgcom resumed with : 0
11-03 20:54:56.788972     0     0 I PM      : resume of devices complete after 34.521 msecs
11-03 20:54:56.791573     0     0 I         : Restarting tasks ...
11-03 20:54:56.794527     0     0 W QSEECOM : qseecom_receive_req: Interrupted: exiting Listener Service = 12288
11-03 20:54:56.794585     0     0 W QSEECOM : qseecom_receive_req: Interrupted: exiting Listener Service = 11
11-03 20:54:56.797040     0     0 W QSEECOM : qseecom_receive_req: Interrupted: exiting Listener Service = 8192
11-03 20:54:56.797090     0     0 W QSEECOM : qseecom_receive_req: Interrupted: exiting Listener Service = 10
11-03 20:54:56.797121     0     0 W QSEECOM : qseecom_receive_req: Interrupted: exiting Listener Service = 28672
11-03 20:54:56.798523     0     0 I         : done.
11-03 20:54:57.372187     0     0 I PM      : suspend exit 2021-11-03 19:54:57.372187747 UTC
11-03 20:54:57.475587     0     0 I PM      : suspend entry 2021-11-03 19:54:57.475587590 UTC
11-03 20:54:57.475600     0     0 I PM      : Syncing filesystems ... done.
11-03 20:54:57.579508     0     0 I         : Freezing user space processes ... (elapsed 0.007 seconds) done.
11-03 20:54:57.586866     0     0 I         : Freezing remaining freezable tasks ... (elapsed 0.004 seconds) done.
11-03 20:54:57.590963     0     0 I         : Suspending console(s) (use no_console_suspend to debug)
11-03 20:54:57.597700     0     0 I bgcom   : bgcom_pm_suspend: suspended with : 0
11-03 20:54:57.607340     0     0 I PM      : Wakeup pending, aborting suspend
11-03 20:54:57.607352     0     0 I         : active wakeup source: qcom_rx_wakelock
11-03 20:54:57.616968     0     0 E PM      : Some devices failed to suspend, or early wake event detected
11-03 20:54:57.629426     0     0 I bgcom   : bgcom_pm_resume: Bgcom resumed with : 0
11-03 20:54:57.635317     0     0 I PM      : resume of devices complete after 18.323 msecs
11-03 20:54:57.637891     0     0 I         : Restarting tasks ...
11-03 20:54:57.639416     0     0 W QSEECOM : qseecom_receive_req: Interrupted: exiting Listener Service = 8192
11-03 20:54:57.639481     0     0 W QSEECOM : qseecom_receive_req: Interrupted: exiting Listener Service = 12288
11-03 20:54:57.639512     0     0 W QSEECOM : qseecom_receive_req: Interrupted: exiting Listener Service = 11
11-03 20:54:57.639546     0     0 W QSEECOM : qseecom_receive_req: Interrupted: exiting Listener Service = 10
11-03 20:54:57.639575     0     0 W QSEECOM : qseecom_receive_req: Interrupted: exiting Listener Service = 28672
11-03 20:54:57.644211     0     0 I         : done.
11-03 20:54:57.644713     0     0 I PM      : suspend exit 2021-11-03 19:54:57.644713372 UTC
11-03 20:54:57.846219     0     0 I PM      : suspend entry 2021-11-03 19:54:57.846219778 UTC
11-03 20:54:57.846231     0     0 I PM      : Syncing filesystems ... done.
11-03 20:54:57.949989     0     0 I         : Freezing user space processes ... (elapsed 0.007 seconds) done.
11-03 20:54:57.957848     0     0 I         : Freezing remaining freezable tasks ... (elapsed 0.003 seconds) done.
11-03 20:54:57.961720     0     0 I         : Suspending console(s) (use no_console_suspend to debug)
11-03 20:54:57.968429     0     0 I bgcom   : bgcom_pm_suspend: suspended with : 0
11-03 20:54:58.005574     0     0 I PM      : suspend of devices complete after 41.634 msecs
11-03 20:54:58.011277     0     0 I PM      : late suspend of devices complete after 5.664 msecs
11-03 20:54:58.016891     0     0 I PM      : noirq suspend of devices complete after 5.590 msecs
11-03 20:54:58.016903     0     0 I         : Disabling non-boot CPUs ...
11-03 20:54:58.033274     0     0 I CPU1    : shutdown
11-03 20:54:58.035292     0     0 I suspend ns: 993653761264	suspend cycles:      27084416439
11-03 20:54:58.035271     0     0 I CPU0    : msm_cpu_pm_enter_sleep mode:3 during suspend
11-03 20:54:58.035271     0     0 I         : Suspended for 0.200 seconds
11-03 20:54:58.035271     0     0 I resume cycles: 27088270839
11-03 20:54:58.035529     0     0 I         : Enabling non-boot CPUs ...
11-03 20:54:58.036340     0     0 I CPU1    : update cpu_capacity 1024
11-03 20:54:58.037778     0     0 I         : CPU1 is up
11-03 20:54:58.040181     0     0 I CPU1    : update max cpu_capacity 1024
11-03 20:54:58.041584     0     0 I PM      : noirq resume of devices complete after 3.496 msecs
11-03 20:54:58.047100     0     0 I PM      : early resume of devices complete after 4.049 msecs
11-03 20:54:58.048297    20    20 E         : [20:54:58.249046] [000000064E9A05AA] [VosRX]  wlan: [E :WDI] WDTS_RxPacketDump RX Data frame is UC
11-03 20:54:58.048317    20    20 E         : [20:54:58.249077] [000000064E9A07E8] [VosRX]  wlan: [E :WDI] WDTS_RxPacketDump: Data subtype:8 SA:44:fe:3b:41:13:4b DA:00:0a:f5:f2:a2:70
11-03 20:54:58.048415    20    20 E         : [20:54:58.249173] [000000064E9A0F2E] [VosRX]  wlan: [E :HDD] hdd_log_ip_addr: src addr 192:168:1:2
11-03 20:54:58.048428    20    20 E         : [20:54:58.249188] [000000064E9A103D] [VosRX]  wlan: [E :HDD] hdd_log_ip_addr: dst addr 239:255:255:250
11-03 20:54:58.076449     0     0 I bgcom   : bgcom_pm_resume: Bgcom resumed with : 0
11-03 20:54:58.082385     0     0 I PM      : resume of devices complete after 35.255 msecs
11-03 20:54:58.084999     0     0 I         : Restarting tasks ...
11-03 20:54:58.087618     0     0 W QSEECOM : qseecom_receive_req: Interrupted: exiting Listener Service = 8192
11-03 20:54:58.087689     0     0 W QSEECOM : qseecom_receive_req: Interrupted: exiting Listener Service = 28672
11-03 20:54:58.090544     0     0 W QSEECOM : qseecom_receive_req: Interrupted: exiting Listener Service = 12288
11-03 20:54:58.090597     0     0 W QSEECOM : qseecom_receive_req: Interrupted: exiting Listener Service = 11
11-03 20:54:58.090629     0     0 W QSEECOM : qseecom_receive_req: Interrupted: exiting Listener Service = 10
11-03 20:54:58.094800     0     0 I         : done.
11-03 20:54:58.296073     0     0 I PM      : suspend exit 2021-11-03 19:54:58.296073527 UTC
11-03 20:54:58.397669     0     0 I PM      : suspend entry 2021-11-03 19:54:58.397669308 UTC
11-03 20:54:58.397682     0     0 I PM      : Syncing filesystems ... done.
11-03 20:54:58.500297     0     0 I         : Freezing user space processes ...
11-03 20:54:58.505396     0     0 I PM      : Wakeup pending, aborting suspend
11-03 20:54:58.505494     0     0 I         : last active wakeup source: qcom_rx_wakelock
11-03 20:54:58.505517     0     0 E         : Freezing of tasks aborted after 0.005 seconds
11-03 20:54:58.505531     0     0 I         : Restarting tasks ...
11-03 20:54:58.506203     0     0 W QSEECOM : qseecom_receive_req: Interrupted: exiting Listener Service = 28672
11-03 20:54:58.509852     0     0 W QSEECOM : qseecom_receive_req: Interrupted: exiting Listener Service = 8192
11-03 20:54:58.509907     0     0 W QSEECOM : qseecom_receive_req: Interrupted: exiting Listener Service = 12288
11-03 20:54:58.509938     0     0 W QSEECOM : qseecom_receive_req: Interrupted: exiting Listener Service = 10
11-03 20:54:58.510093     0     0 W QSEECOM : qseecom_receive_req: Interrupted: exiting Listener Service = 11
11-03 20:54:58.510253     0     0 I         : done.
11-03 20:54:58.511078     0     0 I PM      : suspend exit 2021-11-03 19:54:58.511078943 UTC
11-03 20:54:58.712726     0     0 I PM      : suspend entry 2021-11-03 19:54:58.712726704 UTC
11-03 20:54:58.712747     0     0 I PM      : Syncing filesystems ... done.
11-03 20:54:58.737264     0     0 I         : Freezing user space processes ... (elapsed 0.008 seconds) done.
11-03 20:54:58.746183     0     0 I         : Freezing remaining freezable tasks ... (elapsed 0.004 seconds) done.
11-03 20:54:58.750377     0     0 I         : Suspending console(s) (use no_console_suspend to debug)
11-03 20:54:58.758182     0     0 I bgcom   : bgcom_pm_suspend: suspended with : 0
11-03 20:54:58.798437     0     0 I PM      : suspend of devices complete after 45.395 msecs
11-03 20:54:58.804681     0     0 I PM      : late suspend of devices complete after 6.200 msecs
11-03 20:54:58.811304     0     0 I PM      : noirq suspend of devices complete after 6.592 msecs
11-03 20:54:58.811317     0     0 I         : Disabling non-boot CPUs ...
11-03 20:54:58.832161     0     0 W migrate_irqs: 12 callbacks suppressed
11-03 20:54:58.832168     0     0 W         : IRQ21 no longer affine to CPU1
11-03 20:54:58.834181     0     0 I CPU1    : shutdown
11-03 20:54:58.836308     0     0 I suspend ns: 994254041057	suspend cycles:      27099796211
11-03 20:54:58.836287     0     0 I CPU0    : msm_cpu_pm_enter_sleep mode:3 during suspend
11-03 20:54:58.836287     0     0 I         : Suspended for 0.936 seconds
11-03 20:54:58.836287     0     0 I resume cycles: 27117786246
11-03 20:54:58.836569     0     0 I         : Enabling non-boot CPUs ...
11-03 20:54:58.837411     0     0 I CPU1    : update cpu_capacity 1024
11-03 20:54:58.839102     0     0 I         : CPU1 is up
11-03 20:54:58.840748     0     0 I CPU1    : update max cpu_capacity 1024
11-03 20:54:58.843209     0     0 I PM      : noirq resume of devices complete after 3.764 msecs
11-03 20:54:58.848774     0     0 I PM      : early resume of devices complete after 4.044 msecs
11-03 20:54:58.850078    20    20 E         : [20:54:59.787070] [00000006505C9D77] [VosRX]  wlan: [E :WDI] WDTS_RxPacketDump RX Data frame is UC
11-03 20:54:58.850107    20    20 E         : [20:54:59.787108] [00000006505CA045] [VosRX]  wlan: [E :WDI] WDTS_RxPacketDump: Data subtype:8 SA:44:fe:3b:41:13:4b DA:00:0a:f5:f2:a2:70
11-03 20:54:58.850207    20    20 E         : [20:54:59.787206] [00000006505CA7BC] [VosRX]  wlan: [E :HDD] hdd_log_ip_addr: src addr 192:168:1:3
11-03 20:54:58.850223    20    20 E         : [20:54:59.787226] [00000006505CA914] [VosRX]  wlan: [E :HDD] hdd_log_ip_addr: dst addr 192:168:1:14
11-03 20:54:58.880371     0     0 I bgcom   : bgcom_pm_resume: Bgcom resumed with : 0
11-03 20:54:58.886041     0     0 I PM      : resume of devices complete after 37.209 msecs
11-03 20:54:58.889312     0     0 I         : Restarting tasks ...
11-03 20:54:58.892640     0     0 W QSEECOM : qseecom_receive_req: Interrupted: exiting Listener Service = 8192
11-03 20:54:58.892720     0     0 W QSEECOM : qseecom_receive_req: Interrupted: exiting Listener Service = 11
11-03 20:54:58.892763     0     0 W QSEECOM : qseecom_receive_req: Interrupted: exiting Listener Service = 10
11-03 20:54:58.896004     0     0 W QSEECOM : qseecom_receive_req: Interrupted: exiting Listener Service = 12288
11-03 20:54:58.896061     0     0 W QSEECOM : qseecom_receive_req: Interrupted: exiting Listener Service = 28672
11-03 20:54:58.901613     0     0 I         : done.
11-03 20:54:59.839354     0     0 I PM      : suspend exit 2021-11-03 19:54:59.839354932 UTC
11-03 20:54:59.940866     0     0 I PM      : suspend entry 2021-11-03 19:54:59.940866077 UTC
11-03 20:54:59.940879     0     0 I PM      : Syncing filesystems ... done.
11-03 20:55:00.039319     0     0 I         : Freezing user space processes ...
11-03 20:55:00.044289     0     0 I PM      : Wakeup pending, aborting suspend
11-03 20:55:00.044402     0     0 I         : last active wakeup source: eventpoll
11-03 20:55:00.044426     0     0 E         : Freezing of tasks aborted after 0.005 seconds
11-03 20:55:00.044440     0     0 I         : Restarting tasks ...
11-03 20:55:00.045164     0     0 W QSEECOM : qseecom_receive_req: Interrupted: exiting Listener Service = 11
11-03 20:55:00.045218     0     0 W QSEECOM : qseecom_receive_req: Interrupted: exiting Listener Service = 10
11-03 20:55:00.048734     0     0 W QSEECOM : qseecom_receive_req: Interrupted: exiting Listener Service = 28672
11-03 20:55:00.048787     0     0 W QSEECOM : qseecom_receive_req: Interrupted: exiting Listener Service = 12288
11-03 20:55:00.048849     0     0 W QSEECOM : qseecom_receive_req: Interrupted: exiting Listener Service = 8192
11-03 20:55:00.050298     0     0 I         : done.
11-03 20:55:00.050989     0     0 I PM      : suspend exit 2021-11-03 19:55:00.050989254 UTC
11-03 20:55:00.251650     0     0 I PM      : suspend entry 2021-11-03 19:55:00.251650244 UTC
11-03 20:55:00.251664     0     0 I PM      : Syncing filesystems ... done.
11-03 20:55:00.271833     0     0 I         : Freezing user space processes ... (elapsed 0.008 seconds) done.
11-03 20:55:00.279911     0     0 I         : Freezing remaining freezable tasks ... (elapsed 0.004 seconds) done.
11-03 20:55:00.284118     0     0 I         : Suspending console(s) (use no_console_suspend to debug)
11-03 20:55:00.294566     0     0 I bgcom   : bgcom_pm_suspend: suspended with : 0
11-03 20:55:00.335216     0     0 I PM      : suspend of devices complete after 48.579 msecs
11-03 20:55:00.341624     0     0 I PM      : late suspend of devices complete after 6.362 msecs
11-03 20:55:00.348090     0     0 I PM      : noirq suspend of devices complete after 6.433 msecs
11-03 20:55:00.348104     0     0 I         : Disabling non-boot CPUs ...
11-03 20:55:00.369007     0     0 W         : IRQ21 no longer affine to CPU1
11-03 20:55:00.371056     0     0 I CPU1    : shutdown
11-03 20:55:00.373161     0     0 I suspend ns: 994853899235	suspend cycles:      27129303523
11-03 20:55:00.373140     0     0 I CPU0    : msm_cpu_pm_enter_sleep mode:3 during suspend
11-03 20:55:00.373140     0     0 I         : Suspended for 0.319 seconds
11-03 20:55:00.373140     0     0 I resume cycles: 27135446005
11-03 20:55:00.373432     0     0 I         : Enabling non-boot CPUs ...
11-03 20:55:00.374265     0     0 I CPU1    : update cpu_capacity 1024
11-03 20:55:00.375975     0     0 I         : CPU1 is up
11-03 20:55:00.377585     0     0 I CPU1    : update max cpu_capacity 1024
11-03 20:55:00.380115     0     0 I PM      : noirq resume of devices complete after 3.792 msecs
11-03 20:55:00.385907     0     0 I PM      : early resume of devices complete after 4.262 msecs
11-03 20:55:00.387206    20    20 E         : [20:55:00.707123] [00000006516A2983] [VosRX]  wlan: [E :WDI] WDTS_RxPacketDump RX Data frame is UC
11-03 20:55:00.387234    20    20 E         : [20:55:00.707161] [00000006516A2C34] [VosRX]  wlan: [E :WDI] WDTS_RxPacketDump: Data subtype:8 SA:44:fe:3b:41:13:4b DA:00:0a:f5:f2:a2:70
11-03 20:55:00.387338    20    20 E         : [20:55:00.707266] [00000006516A3416] [VosRX]  wlan: [E :HDD] hdd_log_ip_addr: src addr 192:168:1:3
11-03 20:55:00.387356    20    20 E         : [20:55:00.707285] [00000006516A357F] [VosRX]  wlan: [E :HDD] hdd_log_ip_addr: dst addr 192:168:1:14
11-03 20:55:00.417755     0     0 I bgcom   : bgcom_pm_resume: Bgcom resumed with : 0
11-03 20:55:00.424343     0     0 I PM      : resume of devices complete after 38.382 msecs
11-03 20:55:00.427354     0     0 I         : Restarting tasks ...
11-03 20:55:00.430569     0     0 W QSEECOM : qseecom_receive_req: Interrupted: exiting Listener Service = 8192
11-03 20:55:00.430639     0     0 W QSEECOM : qseecom_receive_req: Interrupted: exiting Listener Service = 11
11-03 20:55:00.430784     0     0 W QSEECOM : qseecom_receive_req: Interrupted: exiting Listener Service = 10
11-03 20:55:00.434525     0     0 W QSEECOM : qseecom_receive_req: Interrupted: exiting Listener Service = 12288
11-03 20:55:00.434581     0     0 W QSEECOM : qseecom_receive_req: Interrupted: exiting Listener Service = 28672
11-03 20:55:00.438641     0     0 I         : done.
11-03 20:55:00.759329     0     0 I PM      : suspend exit 2021-11-03 19:55:00.759329931 UTC
11-03 20:55:00.860827     0     0 I PM      : suspend entry 2021-11-03 19:55:00.860827171 UTC
11-03 20:55:00.860840     0     0 I PM      : Syncing filesystems ... done.
11-03 20:55:00.964733     0     0 I         : Freezing user space processes ... (elapsed 0.007 seconds) done.
11-03 20:55:00.972348     0     0 I         : Freezing remaining freezable tasks ... (elapsed 0.003 seconds) done.
11-03 20:55:00.976306     0     0 I         : Suspending console(s) (use no_console_suspend to debug)
11-03 20:55:00.984572     0     0 I bgcom   : bgcom_pm_suspend: suspended with : 0
11-03 20:55:01.022571     0     0 I PM      : suspend of devices complete after 43.711 msecs
11-03 20:55:01.028296     0     0 I PM      : late suspend of devices complete after 5.686 msecs
11-03 20:55:01.033987     0     0 I PM      : noirq suspend of devices complete after 5.664 msecs
11-03 20:55:01.033999     0     0 I         : Disabling non-boot CPUs ...
11-03 20:55:01.048598     0     0 W         : IRQ21 no longer affine to CPU1
11-03 20:55:01.050490     0     0 I CPU1    : shutdown
11-03 20:55:01.052483     0     0 I suspend ns: 995213305329	suspend cycles:      27142346602
11-03 20:55:01.052464     0     0 I CPU0    : msm_cpu_pm_enter_sleep mode:3 during suspend
11-03 20:55:01.052464     0     0 I         : Suspended for 0.871 seconds
11-03 20:55:01.052464     0     0 I resume cycles: 27159075843
11-03 20:55:01.052722     0     0 I         : Enabling non-boot CPUs ...
11-03 20:55:01.053529     0     0 I CPU1    : update cpu_capacity 1024
11-03 20:55:01.054962     0     0 I         : CPU1 is up
11-03 20:55:01.057391     0     0 I CPU1    : update max cpu_capacity 1024
11-03 20:55:01.058795     0     0 I PM      : noirq resume of devices complete after 3.516 msecs
11-03 20:55:01.064298     0     0 I PM      : early resume of devices complete after 4.025 msecs
11-03 20:55:01.065878    20    20 E         : [20:55:01.937193] [0000000652D288C5] [VosRX]  wlan: [E :WDI] WDTS_RxPacketDump RX Data frame is UC
11-03 20:55:01.065902    20    20 E         : [20:55:01.937228] [0000000652D28B46] [VosRX]  wlan: [E :WDI] WDTS_RxPacketDump: Data subtype:8 SA:44:fe:3b:41:13:4b DA:00:0a:f5:f2:a2:70
11-03 20:55:01.066000    20    20 E         : [20:55:01.937326] [0000000652D292B3] [VosRX]  wlan: [E :HDD] hdd_log_ip_addr: src addr 192:168:1:3
11-03 20:55:01.066013    20    20 E         : [20:55:01.937341] [0000000652D293A9] [VosRX]  wlan: [E :HDD] hdd_log_ip_addr: dst addr 192:168:1:14
11-03 20:55:01.093177     0     0 I bgcom   : bgcom_pm_resume: Bgcom resumed with : 0
11-03 20:55:01.098722     0     0 I PM      : resume of devices complete after 34.393 msecs
11-03 20:55:01.101344     0     0 I         : Restarting tasks ...
11-03 20:55:01.103057     0     0 W QSEECOM : qseecom_receive_req: Interrupted: exiting Listener Service = 8192
11-03 20:55:01.103120     0     0 W QSEECOM : qseecom_receive_req: Interrupted: exiting Listener Service = 12288
11-03 20:55:01.108557     0     0 W QSEECOM : qseecom_receive_req: Interrupted: exiting Listener Service = 11
11-03 20:55:01.108630     0     0 W QSEECOM : qseecom_receive_req: Interrupted: exiting Listener Service = 10
11-03 20:55:01.108664     0     0 W QSEECOM : qseecom_receive_req: Interrupted: exiting Listener Service = 28672
11-03 20:55:01.112318     0     0 I         : done.
11-03 20:55:01.984244     0     0 I PM      : suspend exit 2021-11-03 19:55:01.984244305 UTC
11-03 20:55:02.085724     0     0 I PM      : suspend entry 2021-11-03 19:55:02.085724618 UTC
11-03 20:55:02.085737     0     0 I PM      : Syncing filesystems ... done.
11-03 20:55:02.185121     0     0 I         : Freezing user space processes ... (elapsed 0.007 seconds) done.
11-03 20:55:02.192428     0     0 I         : Freezing remaining freezable tasks ... (elapsed 0.003 seconds) done.
11-03 20:55:02.196307     0     0 I         : Suspending console(s) (use no_console_suspend to debug)
11-03 20:55:02.203070     0     0 I bgcom   : bgcom_pm_suspend: suspended with : 0
11-03 20:55:02.240433     0     0 I PM      : suspend of devices complete after 41.904 msecs
11-03 20:55:02.246418     0     0 I PM      : late suspend of devices complete after 5.945 msecs
11-03 20:55:02.252229     0     0 I PM      : noirq suspend of devices complete after 5.785 msecs
11-03 20:55:02.252240     0     0 I         : Disabling non-boot CPUs ...
11-03 20:55:02.269817     0     0 W         : IRQ16 no longer affine to CPU1
11-03 20:55:02.269829     0     0 W         : IRQ21 no longer affine to CPU1
11-03 20:55:02.270111     0     0 W         : IRQ93 no longer affine to CPU1
11-03 20:55:02.271698     0     0 I CPU1    : shutdown
11-03 20:55:02.273748     0     0 I suspend ns: 995563256788	suspend cycles:      27165794911
11-03 20:55:02.273730     0     0 I CPU0    : msm_cpu_pm_enter_sleep mode:3 during suspend
