11-03 20:48:20.813850     0     0 W QSEECOM : qseecom_receive_req: Interrupted: exiting Listener Service = 12288
11-03 20:48:20.813934     0     0 W QSEECOM : qseecom_receive_req: Interrupted: exiting Listener Service = 10
11-03 20:48:20.813975     0     0 W QSEECOM : qseecom_receive_req: Interrupted: exiting Listener Service = 28672
11-03 20:48:20.815602     0     0 W QSEECOM : qseecom_receive_req: Interrupted: exiting Listener Service = 8192
11-03 20:48:20.815657     0     0 W QSEECOM : qseecom_receive_req: Interrupted: exiting Listener Service = 11
11-03 20:48:20.824612     0     0 I         : done.
11-03 20:48:21.162112     0     0 I PM      : suspend exit 2021-11-03 19:48:21.162112116 UTC
11-03 20:48:21.263569     0     0 I PM      : suspend entry 2021-11-03 19:48:21.263569199 UTC
11-03 20:48:21.263584     0     0 I PM      : Syncing filesystems ... done.
11-03 20:48:21.364692     0     0 I         : Freezing user space processes ... (elapsed 0.007 seconds) done.
11-03 20:48:21.371834     0     0 I         : Freezing remaining freezable tasks ... (elapsed 0.003 seconds) done.
11-03 20:48:21.375747     0     0 I         : Suspending console(s) (use no_console_suspend to debug)
11-03 20:48:21.387520     0     0 I mdss_dsi_panel_set_idle_mode: Idle (1->1)
11-03 20:48:21.423515     0     0 I bgcom   : bgcom_pm_suspend: suspended with : 0
11-03 20:48:21.461149     0     0 I PM      : suspend of devices complete after 83.182 msecs
11-03 20:48:21.466957     0     0 I PM      : late suspend of devices complete after 5.766 msecs
11-03 20:48:21.472735     0     0 I PM      : noirq suspend of devices complete after 5.752 msecs
11-03 20:48:21.472748     0     0 I         : Disabling non-boot CPUs ...
11-03 20:48:21.491239     0     0 I CPU1    : shutdown
11-03 20:48:21.493174     0     0 I suspend ns: 774603274070	suspend cycles:      19470807858
11-03 20:48:21.493156     0     0 I CPU0    : msm_cpu_pm_enter_sleep mode:3 during suspend
11-03 20:48:21.493156     0     0 I         : Suspended for 0.762 seconds
11-03 20:48:21.493156     0     0 I resume cycles: 19485450496
11-03 20:48:21.493416     0     0 I         : Enabling non-boot CPUs ...
11-03 20:48:21.494228     0     0 I CPU1    : update cpu_capacity 1024
11-03 20:48:21.495640     0     0 I         : CPU1 is up
11-03 20:48:21.498046     0     0 I CPU1    : update max cpu_capacity 1024
11-03 20:48:21.499450     0     0 I PM      : noirq resume of devices complete after 3.468 msecs
11-03 20:48:21.504838     0     0 I PM      : early resume of devices complete after 3.911 msecs
11-03 20:48:21.506067    20    20 E         : [20:48:22.268706] [0000000489702812] [VosRX]  wlan: [E :WDI] WDTS_RxPacketDump RX Data frame is UC
11-03 20:48:21.506089    20    20 E         : [20:48:22.268737] [0000000489702A5E] [VosRX]  wlan: [E :WDI] WDTS_RxPacketDump: Data subtype:8 SA:44:fe:3b:41:13:4b DA:00:0a:f5:f2:a2:70
11-03 20:48:21.506182    20    20 E         : [20:48:22.268830] [0000000489703161] [VosRX]  wlan: [E :HDD] hdd_log_ip_addr: src addr 192:168:1:3
11-03 20:48:21.506194    20    20 E         : [20:48:22.268844] [0000000489703260] [VosRX]  wlan: [E :HDD] hdd_log_ip_addr: dst addr 192:168:1:14
11-03 20:48:21.533405     0     0 I bgcom   : bgcom_pm_resume: Bgcom resumed with : 0
11-03 20:48:21.544555     0     0 I mdss_dsi_panel_set_idle_mode: Idle (1->1)
11-03 20:48:21.582825     0     0 I PM      : resume of devices complete after 77.962 msecs
11-03 20:48:21.585432     0     0 I         : Restarting tasks ...
11-03 20:48:21.588670     0     0 W QSEECOM : qseecom_receive_req: Interrupted: exiting Listener Service = 8192
11-03 20:48:21.588743     0     0 W QSEECOM : qseecom_receive_req: Interrupted: exiting Listener Service = 12288
11-03 20:48:21.588779     0     0 W QSEECOM : qseecom_receive_req: Interrupted: exiting Listener Service = 28672
11-03 20:48:21.591478     0     0 W QSEECOM : qseecom_receive_req: Interrupted: exiting Listener Service = 11
11-03 20:48:21.591535     0     0 W QSEECOM : qseecom_receive_req: Interrupted: exiting Listener Service = 10
11-03 20:48:21.595041     0     0 I         : done.
11-03 20:48:22.358443     0     0 I PM      : suspend exit 2021-11-03 19:48:22.358443468 UTC
11-03 20:48:22.460388     0     0 I PM      : suspend entry 2021-11-03 19:48:22.460388260 UTC
11-03 20:48:22.460401     0     0 I PM      : Syncing filesystems ... done.
11-03 20:48:22.561431     0     0 I         : Freezing user space processes ... (elapsed 0.007 seconds) done.
11-03 20:48:22.569017     0     0 I         : Freezing remaining freezable tasks ... (elapsed 0.004 seconds) done.
11-03 20:48:22.573204     0     0 I         : Suspending console(s) (use no_console_suspend to debug)
11-03 20:48:22.585168     0     0 I mdss_dsi_panel_set_idle_mode: Idle (1->1)
11-03 20:48:22.626067     0     0 I bgcom   : bgcom_pm_suspend: suspended with : 0
11-03 20:48:22.663172     0     0 I PM      : suspend of devices complete after 87.743 msecs
11-03 20:48:22.669155     0     0 I PM      : late suspend of devices complete after 5.939 msecs
11-03 20:48:22.674904     0     0 I PM      : noirq suspend of devices complete after 5.722 msecs
11-03 20:48:22.674917     0     0 I         : Disabling non-boot CPUs ...
11-03 20:48:22.691833     0     0 W         : IRQ16 no longer affine to CPU1
11-03 20:48:22.692142     0     0 W         : IRQ93 no longer affine to CPU1
11-03 20:48:22.693744     0     0 I CPU1    : shutdown
11-03 20:48:22.695642     0     0 I suspend ns: 775043105581	suspend cycles:      19493895261
11-03 20:48:22.695623     0     0 I CPU0    : msm_cpu_pm_enter_sleep mode:3 during suspend
11-03 20:48:22.695623     0     0 I         : Suspended for 0.481 seconds
11-03 20:48:22.695623     0     0 I resume cycles: 19503138521
11-03 20:48:22.695872     0     0 I         : Enabling non-boot CPUs ...
11-03 20:48:22.696682     0     0 I CPU1    : update cpu_capacity 1024
11-03 20:48:22.698089     0     0 I         : CPU1 is up
11-03 20:48:22.700558     0     0 I CPU1    : update max cpu_capacity 1024
11-03 20:48:22.701978     0     0 I PM      : noirq resume of devices complete after 3.582 msecs
11-03 20:48:22.707748     0     0 I PM      : early resume of devices complete after 4.292 msecs
11-03 20:48:22.709044    20    20 E         : [20:48:23.190467] [000000048A7E341B] [VosRX]  wlan: [E :WDI] WDTS_RxPacketDump RX Data frame is UC
11-03 20:48:22.709067    20    20 E         : [20:48:23.190499] [000000048A7E367D] [VosRX]  wlan: [E :WDI] WDTS_RxPacketDump: Data subtype:8 SA:44:fe:3b:41:13:4b DA:00:0a:f5:f2:a2:70
11-03 20:48:22.709164    20    20 E         : [20:48:23.190594] [000000048A7E3DB6] [VosRX]  wlan: [E :HDD] hdd_log_ip_addr: src addr 192:168:1:3
11-03 20:48:22.709176    20    20 E         : [20:48:23.190610] [000000048A7E3ED3] [VosRX]  wlan: [E :HDD] hdd_log_ip_addr: dst addr 192:168:1:14
11-03 20:48:22.736874     0     0 I bgcom   : bgcom_pm_resume: Bgcom resumed with : 0
11-03 20:48:22.748359     0     0 I mdss_dsi_panel_set_idle_mode: Idle (1->1)
11-03 20:48:22.785057     0     0 I PM      : resume of devices complete after 77.281 msecs
11-03 20:48:22.787684     0     0 I         : Restarting tasks ...
11-03 20:48:22.790207     0     0 W QSEECOM : qseecom_receive_req: Interrupted: exiting Listener Service = 8192
11-03 20:48:22.790269     0     0 W QSEECOM : qseecom_receive_req: Interrupted: exiting Listener Service = 11
11-03 20:48:22.790300     0     0 W QSEECOM : qseecom_receive_req: Interrupted: exiting Listener Service = 10
11-03 20:48:22.790331     0     0 W QSEECOM : qseecom_receive_req: Interrupted: exiting Listener Service = 28672
11-03 20:48:22.793896     0     0 W QSEECOM : qseecom_receive_req: Interrupted: exiting Listener Service = 12288
11-03 20:48:22.802158     0     0 I         : done.
11-03 20:48:23.284380     0     0 I PM      : suspend exit 2021-11-03 19:48:23.284380707 UTC
11-03 20:48:23.393176     0     0 I PM      : suspend entry 2021-11-03 19:48:23.393176384 UTC
11-03 20:48:23.393190     0     0 I PM      : Syncing filesystems ... done.
11-03 20:48:23.491109     0     0 I         : Freezing user space processes ... (elapsed 0.007 seconds) done.
11-03 20:48:23.498589     0     0 I         : Freezing remaining freezable tasks ... (elapsed 0.004 seconds) done.
11-03 20:48:23.502681     0     0 I         : Suspending console(s) (use no_console_suspend to debug)
11-03 20:48:23.514315     0     0 I mdss_dsi_panel_set_idle_mode: Idle (1->1)
11-03 20:48:23.556930     0     0 I bgcom   : bgcom_pm_suspend: suspended with : 0
11-03 20:48:23.591298     0     0 I PM      : suspend of devices complete after 86.395 msecs
11-03 20:48:23.597112     0     0 I PM      : late suspend of devices complete after 5.768 msecs
11-03 20:48:23.602940     0     0 I PM      : noirq suspend of devices complete after 5.801 msecs
11-03 20:48:23.602953     0     0 I         : Disabling non-boot CPUs ...
11-03 20:48:23.623103     0     0 W         : IRQ16 no longer affine to CPU1
11-03 20:48:23.623413     0     0 W         : IRQ93 no longer affine to CPU1
11-03 20:48:23.625059     0     0 I CPU1    : shutdown
11-03 20:48:23.627096     0     0 I suspend ns: 775493138811	suspend cycles:      19511779159
11-03 20:48:23.627076     0     0 I CPU0    : msm_cpu_pm_enter_sleep mode:3 during suspend
11-03 20:48:23.627076     0     0 I         : Suspended for 1.084 seconds
11-03 20:48:23.627076     0     0 I resume cycles: 19532610665
11-03 20:48:23.627340     0     0 I         : Enabling non-boot CPUs ...
11-03 20:48:23.628154     0     0 I CPU1    : update cpu_capacity 1024
11-03 20:48:23.629570     0     0 I         : CPU1 is up
11-03 20:48:23.631896     0     0 I CPU1    : update max cpu_capacity 1024
11-03 20:48:23.633402     0     0 I PM      : noirq resume of devices complete after 3.527 msecs
11-03 20:48:23.638896     0     0 I PM      : early resume of devices complete after 4.020 msecs
11-03 20:48:23.640363    20    20 E         : [20:48:24.725340] [000000048C3FDF9E] [VosRX]  wlan: [E :WDI] WDTS_RxPacketDump RX Data frame is UC
11-03 20:48:23.640384    20    20 E         : [20:48:24.725371] [000000048C3FE1EC] [VosRX]  wlan: [E :WDI] WDTS_RxPacketDump: Data subtype:8 SA:44:fe:3b:41:13:4b DA:00:0a:f5:f2:a2:70
11-03 20:48:23.640479    20    20 E         : [20:48:24.725465] [000000048C3FE91C] [VosRX]  wlan: [E :HDD] hdd_log_ip_addr: src addr 192:168:1:3
11-03 20:48:23.640492    20    20 E         : [20:48:24.725480] [000000048C3FEA12] [VosRX]  wlan: [E :HDD] hdd_log_ip_addr: dst addr 192:168:1:14
11-03 20:48:23.668516     0     0 I bgcom   : bgcom_pm_resume: Bgcom resumed with : 0
11-03 20:48:23.678457     0     0 I mdss_dsi_panel_set_idle_mode: Idle (1->1)
11-03 20:48:23.716564     0     0 I PM      : resume of devices complete after 77.640 msecs
11-03 20:48:23.719204     0     0 I         : Restarting tasks ...
11-03 20:48:23.721677     0     0 W QSEECOM : qseecom_receive_req: Interrupted: exiting Listener Service = 11
11-03 20:48:23.724241     0     0 W QSEECOM : qseecom_receive_req: Interrupted: exiting Listener Service = 8192
11-03 20:48:23.724301     0     0 W QSEECOM : qseecom_receive_req: Interrupted: exiting Listener Service = 12288
11-03 20:48:23.724336     0     0 W QSEECOM : qseecom_receive_req: Interrupted: exiting Listener Service = 10
11-03 20:48:23.724367     0     0 W QSEECOM : qseecom_receive_req: Interrupted: exiting Listener Service = 28672
11-03 20:48:23.728882     0     0 I         : done.
11-03 20:48:24.814595     0     0 I PM      : suspend exit 2021-11-03 19:48:24.814595498 UTC
11-03 20:48:24.916068     0     0 I PM      : suspend entry 2021-11-03 19:48:24.916068831 UTC
11-03 20:48:24.916083     0     0 I PM      : Syncing filesystems ... done.
11-03 20:48:25.016103     0     0 I         : Freezing user space processes ... (elapsed 0.007 seconds) done.
11-03 20:48:25.023652     0     0 I         : Freezing remaining freezable tasks ... (elapsed 0.004 seconds) done.
11-03 20:48:25.027805     0     0 I         : Suspending console(s) (use no_console_suspend to debug)
11-03 20:48:25.039756     0     0 I mdss_dsi_panel_set_idle_mode: Idle (1->1)
11-03 20:48:25.082219     0     0 I bgcom   : bgcom_pm_suspend: suspended with : 0
11-03 20:48:25.119856     0     0 I PM      : suspend of devices complete after 89.835 msecs
11-03 20:48:25.125788     0     0 I PM      : late suspend of devices complete after 5.890 msecs
11-03 20:48:25.131536     0     0 I PM      : noirq suspend of devices complete after 5.723 msecs
11-03 20:48:25.131549     0     0 I         : Disabling non-boot CPUs ...
11-03 20:48:25.149852     0     0 I CPU1    : shutdown
11-03 20:48:25.151849     0     0 I suspend ns: 775932916885	suspend cycles:      19541054404
11-03 20:48:25.151829     0     0 I CPU0    : msm_cpu_pm_enter_sleep mode:3 during suspend
11-03 20:48:25.151829     0     0 I         : Suspended for 0.481 seconds
11-03 20:48:25.151829     0     0 I resume cycles: 19550299505
11-03 20:48:25.152089     0     0 I         : Enabling non-boot CPUs ...
11-03 20:48:25.152895     0     0 I CPU1    : update cpu_capacity 1024
11-03 20:48:25.154306     0     0 I         : CPU1 is up
11-03 20:48:25.156747     0     0 I CPU1    : update max cpu_capacity 1024
11-03 20:48:25.158133     0     0 I PM      : noirq resume of devices complete after 3.504 msecs
11-03 20:48:25.163644     0     0 I PM      : early resume of devices complete after 4.025 msecs
11-03 20:48:25.164811    20    20 E         : [20:48:25.646326] [000000048D4DB198] [VosRX]  wlan: [E :WDI] WDTS_RxPacketDump RX Data frame is UC
11-03 20:48:25.164834    20    20 E         : [20:48:25.646360] [000000048D4DB423] [VosRX]  wlan: [E :WDI] WDTS_RxPacketDump: Data subtype:8 SA:44:fe:3b:41:13:4b DA:00:0a:f5:f2:a2:70
11-03 20:48:25.164936    20    20 E         : [20:48:25.646461] [000000048D4DBBC1] [VosRX]  wlan: [E :HDD] hdd_log_ip_addr: src addr 192:168:1:3
11-03 20:48:25.164950    20    20 E         : [20:48:25.646478] [000000048D4DBCEE] [VosRX]  wlan: [E :HDD] hdd_log_ip_addr: dst addr 192:168:1:14
11-03 20:48:25.192092     0     0 I bgcom   : bgcom_pm_resume: Bgcom resumed with : 0
11-03 20:48:25.203235     0     0 I mdss_dsi_panel_set_idle_mode: Idle (1->1)
11-03 20:48:25.241257     0     0 I PM      : resume of devices complete after 77.587 msecs
11-03 20:48:25.243900     0     0 I         : Restarting tasks ...
11-03 20:48:25.246477     0     0 W QSEECOM : qseecom_receive_req: Interrupted: exiting Listener Service = 8192
11-03 20:48:25.246536     0     0 W QSEECOM : qseecom_receive_req: Interrupted: exiting Listener Service = 12288
11-03 20:48:25.246690     0     0 W QSEECOM : qseecom_receive_req: Interrupted: exiting Listener Service = 11
11-03 20:48:25.246726     0     0 W QSEECOM : qseecom_receive_req: Interrupted: exiting Listener Service = 28672
11-03 20:48:25.249227     0     0 W QSEECOM : qseecom_receive_req: Interrupted: exiting Listener Service = 10
11-03 20:48:25.250453     0     0 I         : done.
11-03 20:48:25.732714     0     0 I PM      : suspend exit 2021-11-03 19:48:25.732714716 UTC
11-03 20:48:25.836503     0     0 I PM      : suspend entry 2021-11-03 19:48:25.836503205 UTC
11-03 20:48:25.836517     0     0 I PM      : Syncing filesystems ... done.
11-03 20:48:25.936865     0     0 I         : Freezing user space processes ... (elapsed 0.007 seconds) done.
11-03 20:48:25.944479     0     0 I         : Freezing remaining freezable tasks ... (elapsed 0.004 seconds) done.
11-03 20:48:25.948614     0     0 I         : Suspending console(s) (use no_console_suspend to debug)
11-03 20:48:25.960228     0     0 I mdss_dsi_panel_set_idle_mode: Idle (1->1)
11-03 20:48:26.003560     0     0 I bgcom   : bgcom_pm_suspend: suspended with : 0
11-03 20:48:26.039853     0     0 I PM      : suspend of devices complete after 89.017 msecs
11-03 20:48:26.045421     0     0 I PM      : late suspend of devices complete after 5.524 msecs
11-03 20:48:26.051225     0     0 I PM      : noirq suspend of devices complete after 5.778 msecs
11-03 20:48:26.051238     0     0 I         : Disabling non-boot CPUs ...
11-03 20:48:26.071376     0     0 I CPU1    : shutdown
11-03 20:48:26.073352     0     0 I suspend ns: 776372901678	suspend cycles:      19558747213
11-03 20:48:26.073330     0     0 I CPU0    : msm_cpu_pm_enter_sleep mode:3 during suspend
11-03 20:48:26.073330     0     0 I         : Suspended for 0.791 seconds
11-03 20:48:26.073330     0     0 I resume cycles: 19573936956
11-03 20:48:26.073591     0     0 I         : Enabling non-boot CPUs ...
11-03 20:48:26.074405     0     0 I CPU1    : update cpu_capacity 1024
11-03 20:48:26.075837     0     0 I         : CPU1 is up
11-03 20:48:26.078131     0     0 I CPU1    : update max cpu_capacity 1024
11-03 20:48:26.079663     0     0 I PM      : noirq resume of devices complete after 3.514 msecs
11-03 20:48:26.085170     0     0 I PM      : early resume of devices complete after 4.033 msecs
11-03 20:48:26.086655    20    20 E         : [20:48:26.877790] [000000048EB67969] [VosRX]  wlan: [E :WDI] WDTS_RxPacketDump RX Data frame is UC
11-03 20:48:26.086677    20    20 E         : [20:48:26.877821] [000000048EB67BAE] [VosRX]  wlan: [E :WDI] WDTS_RxPacketDump: Data subtype:8 SA:44:fe:3b:41:13:4b DA:00:0a:f5:f2:a2:70
11-03 20:48:26.086772    20    20 E         : [20:48:26.877915] [000000048EB682C3] [VosRX]  wlan: [E :HDD] hdd_log_ip_addr: src addr 192:168:1:3
11-03 20:48:26.086785    20    20 E         : [20:48:26.877930] [000000048EB683D2] [VosRX]  wlan: [E :HDD] hdd_log_ip_addr: dst addr 192:168:1:14
11-03 20:48:26.113796     0     0 I bgcom   : bgcom_pm_resume: Bgcom resumed with : 0
11-03 20:48:26.124910     0     0 I mdss_dsi_panel_set_idle_mode: Idle (1->1)
11-03 20:48:26.162671     0     0 I PM      : resume of devices complete after 77.474 msecs
11-03 20:48:26.165304     0     0 I         : Restarting tasks ...
11-03 20:48:26.167707     0     0 W QSEECOM : qseecom_receive_req: Interrupted: exiting Listener Service = 12288
11-03 20:48:26.167772     0     0 W QSEECOM : qseecom_receive_req: Interrupted: exiting Listener Service = 10
11-03 20:48:26.170902     0     0 W QSEECOM : qseecom_receive_req: Interrupted: exiting Listener Service = 8192
11-03 20:48:26.170956     0     0 W QSEECOM : qseecom_receive_req: Interrupted: exiting Listener Service = 11
11-03 20:48:26.170988     0     0 W QSEECOM : qseecom_receive_req: Interrupted: exiting Listener Service = 28672
11-03 20:48:26.178332     0     0 I         : done.
11-03 20:48:26.970156     0     0 I PM      : suspend exit 2021-11-03 19:48:26.970156850 UTC
11-03 20:48:27.071659     0     0 I PM      : suspend entry 2021-11-03 19:48:27.071659350 UTC
11-03 20:48:27.071673     0     0 I PM      : Syncing filesystems ... done.
11-03 20:48:27.173152     0     0 I         : Freezing user space processes ...
11-03 20:48:27.177833     0     0 I PM      : Wakeup pending, aborting suspend
11-03 20:48:27.177955     0     0 I         : last active wakeup source: qcom_rx_wakelock
11-03 20:48:27.177984     0     0 E         : Freezing of tasks aborted after 0.004 seconds
11-03 20:48:27.177999     0     0 I         : Restarting tasks ...
11-03 20:48:27.178675     0     0 W QSEECOM : qseecom_receive_req: Interrupted: exiting Listener Service = 28672
11-03 20:48:27.182540     0     0 W QSEECOM : qseecom_receive_req: Interrupted: exiting Listener Service = 8192
11-03 20:48:27.182602     0     0 W QSEECOM : qseecom_receive_req: Interrupted: exiting Listener Service = 10
11-03 20:48:27.183050     0     0 I         : done.
11-03 20:48:27.183204     0     0 W QSEECOM : qseecom_receive_req: Interrupted: exiting Listener Service = 11
11-03 20:48:27.183248     0     0 W QSEECOM : qseecom_receive_req: Interrupted: exiting Listener Service = 12288
11-03 20:48:27.183770     0     0 I PM      : suspend exit 2021-11-03 19:48:27.183770652 UTC
11-03 20:48:27.385435     0     0 I PM      : suspend entry 2021-11-03 19:48:27.385435340 UTC
11-03 20:48:27.385458     0     0 I PM      : Syncing filesystems ... done.
11-03 20:48:27.433558     0     0 I         : Freezing user space processes ... (elapsed 0.007 seconds) done.
11-03 20:48:27.440943     0     0 I         : Freezing remaining freezable tasks ... (elapsed 0.003 seconds) done.
11-03 20:48:27.444935     0     0 I         : Suspending console(s) (use no_console_suspend to debug)
11-03 20:48:27.456803     0     0 I mdss_dsi_panel_set_idle_mode: Idle (1->1)
11-03 20:48:27.494734     0     0 I bgcom   : bgcom_pm_suspend: suspended with : 0
11-03 20:48:27.532442     0     0 I PM      : suspend of devices complete after 85.283 msecs
11-03 20:48:27.537928     0     0 I PM      : late suspend of devices complete after 5.442 msecs
11-03 20:48:27.543772     0     0 I PM      : noirq suspend of devices complete after 5.821 msecs
11-03 20:48:27.543784     0     0 I         : Disabling non-boot CPUs ...
11-03 20:48:27.562193     0     0 I CPU1    : shutdown
11-03 20:48:27.564199     0     0 I suspend ns: 777072626992	suspend cycles:      19587371682
11-03 20:48:27.564178     0     0 I CPU0    : msm_cpu_pm_enter_sleep mode:3 during suspend
11-03 20:48:27.564178     0     0 I         : Suspended for 0.219 seconds
11-03 20:48:27.564178     0     0 I resume cycles: 19591585044
11-03 20:48:27.564442     0     0 I         : Enabling non-boot CPUs ...
11-03 20:48:27.565255     0     0 I CPU1    : update cpu_capacity 1024
11-03 20:48:27.566690     0     0 I         : CPU1 is up
11-03 20:48:27.569134     0     0 I CPU1    : update max cpu_capacity 1024
11-03 20:48:27.570492     0     0 I PM      : noirq resume of devices complete after 3.490 msecs
11-03 20:48:27.575991     0     0 I PM      : early resume of devices complete after 4.017 msecs
11-03 20:48:27.577509    20    20 E         : [20:48:27.796965] [000000048FC3C397] [VosRX]  wlan: [E :WDI] WDTS_RxPacketDump RX Data frame is UC
11-03 20:48:27.577531    20    20 E         : [20:48:27.796997] [000000048FC3C5E5] [VosRX]  wlan: [E :WDI] WDTS_RxPacketDump: Data subtype:8 SA:44:fe:3b:41:13:4b DA:00:0a:f5:f2:a2:70
11-03 20:48:27.577626    20    20 E         : [20:48:27.797092] [000000048FC3CD14] [VosRX]  wlan: [E :HDD] hdd_log_ip_addr: src addr 192:168:1:2
11-03 20:48:27.577639    20    20 E         : [20:48:27.797106] [000000048FC3CE10] [VosRX]  wlan: [E :HDD] hdd_log_ip_addr: dst addr 239:255:255:250
11-03 20:48:27.605565     0     0 I bgcom   : bgcom_pm_resume: Bgcom resumed with : 0
11-03 20:48:27.617063     0     0 I mdss_dsi_panel_set_idle_mode: Idle (1->1)
11-03 20:48:27.653330     0     0 I PM      : resume of devices complete after 77.310 msecs
11-03 20:48:27.655985     0     0 I         : Restarting tasks ...
11-03 20:48:27.658557     0     0 W QSEECOM : qseecom_receive_req: Interrupted: exiting Listener Service = 12288
11-03 20:48:27.658623     0     0 W QSEECOM : qseecom_receive_req: Interrupted: exiting Listener Service = 10
11-03 20:48:27.658659     0     0 W QSEECOM : qseecom_receive_req: Interrupted: exiting Listener Service = 28672
11-03 20:48:27.661404     0     0 W QSEECOM : qseecom_receive_req: Interrupted: exiting Listener Service = 8192
11-03 20:48:27.661460     0     0 W QSEECOM : qseecom_receive_req: Interrupted: exiting Listener Service = 11
11-03 20:48:27.664818     0     0 I         : done.
11-03 20:48:27.884993     0     0 I PM      : suspend exit 2021-11-03 19:48:27.884993932 UTC
11-03 20:48:27.986457     0     0 I PM      : suspend entry 2021-11-03 19:48:27.986457265 UTC
11-03 20:48:27.986471     0     0 I PM      : Syncing filesystems ... done.
11-03 20:48:28.089479     0     0 I         : Freezing user space processes ... (elapsed 0.007 seconds) done.
11-03 20:48:28.096861     0     0 I         : Freezing remaining freezable tasks ... (elapsed 0.004 seconds) done.
11-03 20:48:28.101053     0     0 I         : Suspending console(s) (use no_console_suspend to debug)
11-03 20:48:28.105380     0     0 I PM      : Wakeup pending, aborting suspend
11-03 20:48:28.105387     0     0 I         : active wakeup source: qcom_rx_wakelock
11-03 20:48:28.105467     0     0 E PM      : Some devices failed to suspend, or early wake event detected
11-03 20:48:28.106375     0     0 I PM      : resume of devices complete after 0.894 msecs
11-03 20:48:28.109555     0     0 I         : Restarting tasks ...
11-03 20:48:28.110951     0     0 W QSEECOM : qseecom_receive_req: Interrupted: exiting Listener Service = 28672
11-03 20:48:28.111013     0     0 W QSEECOM : qseecom_receive_req: Interrupted: exiting Listener Service = 10
11-03 20:48:28.111053     0     0 W QSEECOM : qseecom_receive_req: Interrupted: exiting Listener Service = 8192
11-03 20:48:28.115243     0     0 W QSEECOM : qseecom_receive_req: Interrupted: exiting Listener Service = 12288
11-03 20:48:28.115296     0     0 W QSEECOM : qseecom_receive_req: Interrupted: exiting Listener Service = 11
11-03 20:48:28.116303     0     0 I         : done.
11-03 20:48:28.116943     0     0 I PM      : suspend exit 2021-11-03 19:48:28.116943307 UTC
11-03 20:48:28.318401     0     0 I PM      : suspend entry 2021-11-03 19:48:28.318401380 UTC
11-03 20:48:28.318490     0     0 I PM      : Syncing filesystems ... done.
11-03 20:48:28.344293     0     0 I         : Freezing user space processes ... (elapsed 0.008 seconds) done.
11-03 20:48:28.353253     0     0 I         : Freezing remaining freezable tasks ... (elapsed 0.004 seconds) done.
11-03 20:48:28.357478     0     0 I         : Suspending console(s) (use no_console_suspend to debug)
11-03 20:48:28.369944     0     0 I mdss_dsi_panel_set_idle_mode: Idle (1->1)
11-03 20:48:28.414320     0     0 I bgcom   : bgcom_pm_suspend: suspended with : 0
11-03 20:48:28.453949     0     0 I PM      : suspend of devices complete after 93.752 msecs
11-03 20:48:28.460334     0     0 I PM      : late suspend of devices complete after 6.336 msecs
11-03 20:48:28.466541     0     0 I PM      : noirq suspend of devices complete after 6.180 msecs
11-03 20:48:28.466555     0     0 I         : Disabling non-boot CPUs ...
11-03 20:48:28.481949     0     0 I CPU1    : shutdown
11-03 20:48:28.484040     0     0 I suspend ns: 777773012462	suspend cycles:      19605032445
11-03 20:48:28.484019     0     0 I CPU0    : msm_cpu_pm_enter_sleep mode:3 during suspend
11-03 20:48:28.484019     0     0 I         : Suspended for 0.529 seconds
11-03 20:48:28.484019     0     0 I resume cycles: 19615200328
11-03 20:48:28.484306     0     0 I         : Enabling non-boot CPUs ...
11-03 20:48:28.485134     0     0 I CPU1    : update cpu_capacity 1024
11-03 20:48:28.486854     0     0 I         : CPU1 is up
11-03 20:48:28.488434     0     0 I CPU1    : update max cpu_capacity 1024
11-03 20:48:28.490983     0     0 I PM      : noirq resume of devices complete after 3.768 msecs
11-03 20:48:28.496977     0     0 I PM      : early resume of devices complete after 4.467 msecs
11-03 20:48:28.499239    20    20 E         : [20:48:29.028815] [00000004912CA857] [VosRX]  wlan: [E :WDI] WDTS_RxPacketDump RX Data frame is UC
11-03 20:48:28.499266    20    20 E         : [20:48:29.028853] [00000004912CAB0F] [VosRX]  wlan: [E :WDI] WDTS_RxPacketDump: Data subtype:8 SA:44:fe:3b:41:13:4b DA:00:0a:f5:f2:a2:70
11-03 20:48:28.499372    20    20 E         : [20:48:29.028956] [00000004912CB2E0] [VosRX]  wlan: [E :HDD] hdd_log_ip_addr: src addr 192:168:1:3
11-03 20:48:28.499388    20    20 E         : [20:48:29.028976] [00000004912CB449] [VosRX]  wlan: [E :HDD] hdd_log_ip_addr: dst addr 192:168:1:14
11-03 20:48:28.529603     0     0 I bgcom   : bgcom_pm_resume: Bgcom resumed with : 0
11-03 20:48:28.541613     0     0 I mdss_dsi_panel_set_idle_mode: Idle (1->1)
11-03 20:48:28.582908     0     0 I PM      : resume of devices complete after 85.900 msecs
11-03 20:48:28.585912     0     0 I         : Restarting tasks ...
11-03 20:48:28.589286     0     0 W QSEECOM : qseecom_receive_req: Interrupted: exiting Listener Service = 12288
11-03 20:48:28.589368     0     0 W QSEECOM : qseecom_receive_req: Interrupted: exiting Listener Service = 11
11-03 20:48:28.592668     0     0 W QSEECOM : qseecom_receive_req: Interrupted: exiting Listener Service = 8192
11-03 20:48:28.592731     0     0 W QSEECOM : qseecom_receive_req: Interrupted: exiting Listener Service = 10
11-03 20:48:28.592773     0     0 W QSEECOM : qseecom_receive_req: Interrupted: exiting Listener Service = 28672
11-03 20:48:28.593961     0     0 I         : done.
11-03 20:48:29.124315     0     0 I PM      : suspend exit 2021-11-03 19:48:29.124315181 UTC
11-03 20:48:29.230307     0     0 I PM      : suspend entry 2021-11-03 19:48:29.230307369 UTC
11-03 20:48:29.230321     0     0 I PM      : Syncing filesystems ... done.
11-03 20:48:29.329537     0     0 I         : Freezing user space processes ... (elapsed 0.007 seconds) done.
11-03 20:48:29.336742     0     0 I         : Freezing remaining freezable tasks ... (elapsed 0.004 seconds) done.
11-03 20:48:29.340888     0     0 I         : Suspending console(s) (use no_console_suspend to debug)
11-03 20:48:29.352653     0     0 I mdss_dsi_panel_set_idle_mode: Idle (1->1)
11-03 20:48:29.393083     0     0 I bgcom   : bgcom_pm_suspend: suspended with : 0
11-03 20:48:29.430180     0     0 I PM      : suspend of devices complete after 87.071 msecs
11-03 20:48:29.436156     0     0 I PM      : late suspend of devices complete after 5.933 msecs
11-03 20:48:29.441966     0     0 I PM      : noirq suspend of devices complete after 5.789 msecs
11-03 20:48:29.441977     0     0 I         : Disabling non-boot CPUs ...
11-03 20:48:29.461071     0     0 I CPU1    : shutdown
11-03 20:48:29.463015     0     0 I suspend ns: 778222411838	suspend cycles:      19623828796
11-03 20:48:29.462995     0     0 I CPU0    : msm_cpu_pm_enter_sleep mode:3 during suspend
11-03 20:48:29.462995     0     0 I         : Suspended for 0.779 seconds
11-03 20:48:29.463258     0     0 I         : Enabling non-boot CPUs ...
11-03 20:48:29.464061     0     0 I CPU1    : update cpu_capacity 1024
11-03 20:48:29.465493     0     0 I         : CPU1 is up
11-03 20:48:29.467844     0     0 I CPU1    : update max cpu_capacity 1024
11-03 20:48:29.469302     0     0 I PM      : noirq resume of devices complete after 3.511 msecs
11-03 20:48:29.474504     0     0 I PM      : early resume of devices complete after 3.733 msecs
11-03 20:48:29.475808    20    20 E         : [20:48:30.255413] [0000000492940310] [VosRX]  wlan: [E :WDI] WDTS_RxPacketDump RX Data frame is UC
11-03 20:48:29.475831    20    20 E         : [20:48:30.255445] [0000000492940576] [VosRX]  wlan: [E :WDI] WDTS_RxPacketDump: Data subtype:8 SA:44:fe:3b:41:13:4b DA:00:0a:f5:f2:a2:70
11-03 20:48:29.475929    20    20 E         : [20:48:30.255540] [0000000492940CC0] [VosRX]  wlan: [E :HDD] hdd_log_ip_addr: src addr 192:168:1:1
11-03 20:48:29.475942    20    20 E         : [20:48:30.255558] [0000000492940DE9] [VosRX]  wlan: [E :HDD] hdd_log_ip_addr: dst addr 192:168:1:14
11-03 20:48:29.503197     0     0 I bgcom   : bgcom_pm_resume: Bgcom resumed with : 0
11-03 20:48:29.514340     0     0 I mdss_dsi_panel_set_idle_mode: Idle (1->1)
11-03 20:48:29.552642     0     0 I PM      : resume of devices complete after 78.109 msecs
11-03 20:48:29.555249     0     0 I         : Restarting tasks ...
11-03 20:48:29.558014     0     0 W QSEECOM : qseecom_receive_req: Interrupted: exiting Listener Service = 12288
11-03 20:48:29.558206     0     0 W QSEECOM : qseecom_receive_req: Interrupted: exiting Listener Service = 11
11-03 20:48:29.558243     0     0 W QSEECOM : qseecom_receive_req: Interrupted: exiting Listener Service = 10
11-03 20:48:29.560881     0     0 W QSEECOM : qseecom_receive_req: Interrupted: exiting Listener Service = 8192
11-03 20:48:29.560941     0     0 W QSEECOM : qseecom_receive_req: Interrupted: exiting Listener Service = 28672
11-03 20:48:29.561548     0     0 I         : done.
11-03 20:48:30.341899     0     0 I PM      : suspend exit 2021-11-03 19:48:30.341899659 UTC
11-03 20:48:30.445274     0     0 I PM      : suspend entry 2021-11-03 19:48:30.445274867 UTC
11-03 20:48:30.445288     0     0 I PM      : Syncing filesystems ... done.
11-03 20:48:30.547917     0     0 I         : Freezing user space processes ... (elapsed 0.007 seconds) done.
11-03 20:48:30.555074     0     0 I         : Freezing remaining freezable tasks ... (elapsed 0.003 seconds) done.
11-03 20:48:30.559068     0     0 I         : Suspending console(s) (use no_console_suspend to debug)
11-03 20:48:30.571757     0     0 I mdss_dsi_panel_set_idle_mode: Idle (1->1)
11-03 20:48:30.612909     0     0 I bgcom   : bgcom_pm_suspend: suspended with : 0
11-03 20:48:30.649842     0     0 I PM      : suspend of devices complete after 88.559 msecs
11-03 20:48:30.655402     0     0 I PM      : late suspend of devices complete after 5.517 msecs
11-03 20:48:30.661324     0     0 I PM      : noirq suspend of devices complete after 5.894 msecs
11-03 20:48:30.661336     0     0 I         : Disabling non-boot CPUs ...
11-03 20:48:30.680540     0     0 I CPU1    : shutdown
11-03 20:48:30.682470     0     0 I suspend ns: 778662264756	suspend cycles:      19647242344
11-03 20:48:30.682449     0     0 I CPU0    : msm_cpu_pm_enter_sleep mode:3 during suspend
11-03 20:48:30.682449     0     0 I         : Suspended for 0.482 seconds
11-03 20:48:30.682449     0     0 I resume cycles: 19656518459
11-03 20:48:30.682706     0     0 I         : Enabling non-boot CPUs ...
11-03 20:48:30.683513     0     0 I CPU1    : update cpu_capacity 1024
11-03 20:48:30.684940     0     0 I         : CPU1 is up
11-03 20:48:30.687315     0     0 I CPU1    : update max cpu_capacity 1024
11-03 20:48:30.688735     0     0 I PM      : noirq resume of devices complete after 3.464 msecs
11-03 20:48:30.694157     0     0 I PM      : early resume of devices complete after 3.947 msecs
11-03 20:48:30.695563    20    20 E         : [20:48:31.178698] [0000000493A28170] [VosRX]  wlan: [E :WDI] WDTS_RxPacketDump RX Data frame is UC
11-03 20:48:30.695586    20    20 E         : [20:48:31.178730] [0000000493A283DC] [VosRX]  wlan: [E :WDI] WDTS_RxPacketDump: Data subtype:8 SA:44:fe:3b:41:13:4b DA:00:0a:f5:f2:a2:70
11-03 20:48:30.695685    20    20 E         : [20:48:31.178827] [0000000493A28B3D] [VosRX]  wlan: [E :HDD] hdd_log_ip_addr: src addr 192:168:1:3
11-03 20:48:30.695698    20    20 E         : [20:48:31.178844] [0000000493A28C66] [VosRX]  wlan: [E :HDD] hdd_log_ip_addr: dst addr 192:168:1:14
11-03 20:48:30.722571     0     0 I bgcom   : bgcom_pm_resume: Bgcom resumed with : 0
11-03 20:48:30.733503     0     0 I mdss_dsi_panel_set_idle_mode: Idle (1->1)
11-03 20:48:30.771748     0     0 I PM      : resume of devices complete after 77.563 msecs
11-03 20:48:30.774369     0     0 I         : Restarting tasks ...
11-03 20:48:30.776949     0     0 W QSEECOM : qseecom_receive_req: Interrupted: exiting Listener Service = 12288
11-03 20:48:30.777020     0     0 W QSEECOM : qseecom_receive_req: Interrupted: exiting Listener Service = 10
11-03 20:48:30.780041     0     0 W QSEECOM : qseecom_receive_req: Interrupted: exiting Listener Service = 8192
11-03 20:48:30.780095     0     0 W QSEECOM : qseecom_receive_req: Interrupted: exiting Listener Service = 11
11-03 20:48:30.780126     0     0 W QSEECOM : qseecom_receive_req: Interrupted: exiting Listener Service = 28672
11-03 20:48:30.786412     0     0 I         : done.
11-03 20:48:31.270273     0     0 I PM      : suspend exit 2021-11-03 19:48:31.270273096 UTC
11-03 20:48:31.371874     0     0 I PM      : suspend entry 2021-11-03 19:48:31.371874502 UTC
11-03 20:48:31.371888     0     0 I PM      : Syncing filesystems ... done.
11-03 20:48:31.471541     0     0 I         : Freezing user space processes ... (elapsed 0.007 seconds) done.
11-03 20:48:31.478704     0     0 I         : Freezing remaining freezable tasks ... (elapsed 0.004 seconds) done.
11-03 20:48:31.482758     0     0 I         : Suspending console(s) (use no_console_suspend to debug)
11-03 20:48:31.495776     0     0 I mdss_dsi_panel_set_idle_mode: Idle (1->1)
11-03 20:48:31.535762     0     0 I bgcom   : bgcom_pm_suspend: suspended with : 0
11-03 20:48:31.573291     0     0 I PM      : suspend of devices complete after 88.322 msecs
11-03 20:48:31.578851     0     0 I PM      : late suspend of devices complete after 5.515 msecs
11-03 20:48:31.584729     0     0 I PM      : noirq suspend of devices complete after 5.852 msecs
11-03 20:48:31.584742     0     0 I         : Disabling non-boot CPUs ...
11-03 20:48:31.603539     0     0 I CPU1    : shutdown
11-03 20:48:31.605460     0     0 I suspend ns: 779102122986	suspend cycles:      19664963737
11-03 20:48:31.605439     0     0 I CPU0    : msm_cpu_pm_enter_sleep mode:3 during suspend
11-03 20:48:31.605439     0     0 I         : Suspended for 0.787 seconds
11-03 20:48:31.605439     0     0 I resume cycles: 19680089328
11-03 20:48:31.605698     0     0 I         : Enabling non-boot CPUs ...
11-03 20:48:31.606508     0     0 I CPU1    : update cpu_capacity 1024
11-03 20:48:31.607925     0     0 I         : CPU1 is up
11-03 20:48:31.610326     0     0 I CPU1    : update max cpu_capacity 1024
11-03 20:48:31.611660     0     0 I PM      : noirq resume of devices complete after 3.420 msecs
11-03 20:48:31.617134     0     0 I PM      : early resume of devices complete after 4.002 msecs
11-03 20:48:31.618552    20    20 E         : [20:48:32.406346] [00000004950A2B17] [VosRX]  wlan: [E :WDI] WDTS_RxPacketDump RX Data frame is UC
11-03 20:48:31.618574    20    20 E         : [20:48:32.406377] [00000004950A2D62] [VosRX]  wlan: [E :WDI] WDTS_RxPacketDump: Data subtype:8 SA:44:fe:3b:41:13:4b DA:00:0a:f5:f2:a2:70
11-03 20:48:31.618671    20    20 E         : [20:48:32.406472] [00000004950A34AA] [VosRX]  wlan: [E :HDD] hdd_log_ip_addr: src addr 192:168:1:3
11-03 20:48:31.618684    20    20 E         : [20:48:32.406489] [00000004950A35C2] [VosRX]  wlan: [E :HDD] hdd_log_ip_addr: dst addr 192:168:1:14
11-03 20:48:31.646724     0     0 I bgcom   : bgcom_pm_resume: Bgcom resumed with : 0
11-03 20:48:31.655317     0     0 I mdss_dsi_panel_set_idle_mode: Idle (1->1)
11-03 20:48:31.694792     0     0 I PM      : resume of devices complete after 77.631 msecs
11-03 20:48:31.697449     0     0 I         : Restarting tasks ...
11-03 20:48:31.700149     0     0 W QSEECOM : qseecom_receive_req: Interrupted: exiting Listener Service = 11
11-03 20:48:31.700408     0     0 W QSEECOM : qseecom_receive_req: Interrupted: exiting Listener Service = 10
11-03 20:48:31.702921     0     0 W QSEECOM : qseecom_receive_req: Interrupted: exiting Listener Service = 8192
11-03 20:48:31.702975     0     0 W QSEECOM : qseecom_receive_req: Interrupted: exiting Listener Service = 12288
11-03 20:48:31.703007     0     0 W QSEECOM : qseecom_receive_req: Interrupted: exiting Listener Service = 28672
11-03 20:48:31.704265     0     0 I         : done.
11-03 20:48:32.493426     0     0 I PM      : suspend exit 2021-11-03 19:48:32.493426949 UTC
11-03 20:48:32.598219     0     0 I PM      : suspend entry 2021-11-03 19:48:32.598219188 UTC
11-03 20:48:32.598234     0     0 I PM      : Syncing filesystems ... done.
11-03 20:48:32.702276     0     0 I         : Freezing user space processes ... (elapsed 0.007 seconds) done.
11-03 20:48:32.709640     0     0 I         : Freezing remaining freezable tasks ... (elapsed 0.003 seconds) done.
11-03 20:48:32.713570     0     0 I         : Suspending console(s) (use no_console_suspend to debug)
11-03 20:48:32.725571     0     0 I mdss_dsi_panel_set_idle_mode: Idle (1->1)
11-03 20:48:32.763520     0     0 I bgcom   : bgcom_pm_suspend: suspended with : 0
11-03 20:48:32.800593     0     0 I PM      : suspend of devices complete after 84.804 msecs
11-03 20:48:32.806093     0     0 I PM      : late suspend of devices complete after 5.458 msecs
11-03 20:48:32.812109     0     0 I PM      : noirq suspend of devices complete after 5.993 msecs
11-03 20:48:32.812122     0     0 I         : Disabling non-boot CPUs ...
11-03 20:48:32.831201     0     0 I CPU1    : shutdown
11-03 20:48:32.833167     0     0 I suspend ns: 779542038508	suspend cycles:      19688535706
11-03 20:48:32.833144     0     0 I CPU0    : msm_cpu_pm_enter_sleep mode:3 during suspend
11-03 20:48:32.833144     0     0 I         : Suspended for 0.480 seconds
11-03 20:48:32.833144     0     0 I resume cycles: 19697757648
11-03 20:48:32.833408     0     0 I         : Enabling non-boot CPUs ...
11-03 20:48:32.834216     0     0 I CPU1    : update cpu_capacity 1024
11-03 20:48:32.835638     0     0 I         : CPU1 is up
11-03 20:48:32.837988     0     0 I CPU1    : update max cpu_capacity 1024
11-03 20:48:32.839421     0     0 I PM      : noirq resume of devices complete after 3.479 msecs
11-03 20:48:32.844855     0     0 I PM      : early resume of devices complete after 3.964 msecs
11-03 20:48:32.846265    20    20 E         : [20:48:33.326578] [000000049617C482] [VosRX]  wlan: [E :WDI] WDTS_RxPacketDump RX Data frame is UC
11-03 20:48:32.846287    20    20 E         : [20:48:33.326612] [000000049617C6F6] [VosRX]  wlan: [E :WDI] WDTS_RxPacketDump: Data subtype:8 SA:44:fe:3b:41:13:4b DA:00:0a:f5:f2:a2:70
11-03 20:48:32.846383    20    20 E         : [20:48:33.326706] [000000049617CE16] [VosRX]  wlan: [E :HDD] hdd_log_ip_addr: src addr 192:168:1:3
11-03 20:48:32.846395    20    20 E         : [20:48:33.326721] [000000049617CF25] [VosRX]  wlan: [E :HDD] hdd_log_ip_addr: dst addr 192:168:1:14
11-03 20:48:32.876410     0     0 I bgcom   : bgcom_pm_resume: Bgcom resumed with : 0
11-03 20:48:32.887977     0     0 I mdss_dsi_panel_set_idle_mode: Idle (1->1)
11-03 20:48:32.922197     0     0 I PM      : resume of devices complete after 77.314 msecs
11-03 20:48:32.924822     0     0 I         : Restarting tasks ...
11-03 20:48:32.927607     0     0 W QSEECOM : qseecom_receive_req: Interrupted: exiting Listener Service = 12288
11-03 20:48:32.927676     0     0 W QSEECOM : qseecom_receive_req: Interrupted: exiting Listener Service = 28672
11-03 20:48:32.930374     0     0 W QSEECOM : qseecom_receive_req: Interrupted: exiting Listener Service = 8192
11-03 20:48:32.930435     0     0 W QSEECOM : qseecom_receive_req: Interrupted: exiting Listener Service = 11
11-03 20:48:32.930470     0     0 W QSEECOM : qseecom_receive_req: Interrupted: exiting Listener Service = 10
11-03 20:48:32.938500     0     0 I         : done.
11-03 20:48:33.419500     0     0 I PM      : suspend exit 2021-11-03 19:48:33.419500178 UTC
11-03 20:48:33.521000     0     0 I PM      : suspend entry 2021-11-03 19:48:33.521000073 UTC
11-03 20:48:33.521014     0     0 I PM      : Syncing filesystems ... done.
11-03 20:48:33.621934     0     0 I         : Freezing user space processes ... (elapsed 0.007 seconds) done.
11-03 20:48:33.629069     0     0 I         : Freezing remaining freezable tasks ... (elapsed 0.003 seconds) done.
11-03 20:48:33.632944     0     0 I         : Suspending console(s) (use no_console_suspend to debug)
11-03 20:48:33.644860     0     0 I mdss_dsi_panel_set_idle_mode: Idle (1->1)
11-03 20:48:33.683166     0     0 I bgcom   : bgcom_pm_suspend: suspended with : 0
11-03 20:48:33.720796     0     0 I PM      : suspend of devices complete after 85.632 msecs
11-03 20:48:33.726328     0     0 I PM      : late suspend of devices complete after 5.486 msecs
11-03 20:48:33.732354     0     0 I PM      : noirq suspend of devices complete after 6.000 msecs
11-03 20:48:33.732367     0     0 I         : Disabling non-boot CPUs ...
11-03 20:48:33.749366     0     0 W         : IRQ16 no longer affine to CPU1
11-03 20:48:33.749680     0     0 W         : IRQ93 no longer affine to CPU1
11-03 20:48:33.751347     0     0 I CPU1    : shutdown
11-03 20:48:33.753301     0     0 I suspend ns: 779981860540	suspend cycles:      19706202231
11-03 20:48:33.753280     0     0 I CPU0    : msm_cpu_pm_enter_sleep mode:3 during suspend
11-03 20:48:33.753280     0     0 I         : Suspended for 0.788 seconds
11-03 20:48:33.753280     0     0 I resume cycles: 19721353221
11-03 20:48:33.753535     0     0 I         : Enabling non-boot CPUs ...
11-03 20:48:33.754346     0     0 I CPU1    : update cpu_capacity 1024
11-03 20:48:33.755783     0     0 I         : CPU1 is up
11-03 20:48:33.758169     0     0 I CPU1    : update max cpu_capacity 1024
11-03 20:48:33.759588     0     0 I PM      : noirq resume of devices complete after 3.486 msecs
11-03 20:48:33.765347     0     0 I PM      : early resume of devices complete after 4.292 msecs
11-03 20:48:33.766563    20    20 E         : [20:48:34.555679] [00000004977FDB02] [VosRX]  wlan: [E :WDI] WDTS_RxPacketDump RX Data frame is UC
11-03 20:48:33.766585    20    20 E         : [20:48:34.555709] [00000004977FDD40] [VosRX]  wlan: [E :WDI] WDTS_RxPacketDump: Data subtype:8 SA:44:fe:3b:41:13:4b DA:00:0a:f5:f2:a2:70
11-03 20:48:33.766682    20    20 E         : [20:48:34.555805] [00000004977FE483] [VosRX]  wlan: [E :HDD] hdd_log_ip_addr: src addr 192:168:1:3
11-03 20:48:33.766696    20    20 E         : [20:48:34.555821] [00000004977FE5AF] [VosRX]  wlan: [E :HDD] hdd_log_ip_addr: dst addr 192:168:1:14
11-03 20:48:33.794826     0     0 I bgcom   : bgcom_pm_resume: Bgcom resumed with : 0
11-03 20:48:33.806065     0     0 I mdss_dsi_panel_set_idle_mode: Idle (1->1)
11-03 20:48:33.842715     0     0 I PM      : resume of devices complete after 77.340 msecs
11-03 20:48:33.845357     0     0 I         : Restarting tasks ...
11-03 20:48:33.847981     0     0 W QSEECOM : qseecom_receive_req: Interrupted: exiting Listener Service = 8192
11-03 20:48:33.848262     0     0 W QSEECOM : qseecom_receive_req: Interrupted: exiting Listener Service = 28672
11-03 20:48:33.851260     0     0 W QSEECOM : qseecom_receive_req: Interrupted: exiting Listener Service = 12288
11-03 20:48:33.851313     0     0 W QSEECOM : qseecom_receive_req: Interrupted: exiting Listener Service = 11
11-03 20:48:33.852000     0     0 I         : done.
11-03 20:48:34.641806     0     0 I PM      : suspend exit 2021-11-03 19:48:34.641806478 UTC
11-03 20:48:34.647749     0     0 W QSEECOM : qseecom_receive_req: Interrupted: exiting Listener Service = 10
11-03 20:48:34.746318     0     0 I PM      : suspend entry 2021-11-03 19:48:34.746318457 UTC
11-03 20:48:34.746332     0     0 I PM      : Syncing filesystems ... done.
11-03 20:48:34.849023     0     0 I         : Freezing user space processes ... (elapsed 0.007 seconds) done.
11-03 20:48:34.856487     0     0 I         : Freezing remaining freezable tasks ... (elapsed 0.004 seconds) done.
11-03 20:48:34.860561     0     0 I         : Suspending console(s) (use no_console_suspend to debug)
11-03 20:48:34.873612     0     0 I mdss_dsi_panel_set_idle_mode: Idle (1->1)
11-03 20:48:34.912133     0     0 I bgcom   : bgcom_pm_suspend: suspended with : 0
11-03 20:48:34.949180     0     0 I PM      : suspend of devices complete after 86.401 msecs
11-03 20:48:34.954774     0     0 I PM      : late suspend of devices complete after 5.553 msecs
11-03 20:48:34.960693     0     0 I PM      : noirq suspend of devices complete after 5.896 msecs
11-03 20:48:34.960708     0     0 I         : Disabling non-boot CPUs ...
11-03 20:48:34.978395     0     0 W         : IRQ16 no longer affine to CPU1
11-03 20:48:34.978409     0     0 W         : IRQ21 no longer affine to CPU1
11-03 20:48:34.978715     0     0 W         : IRQ93 no longer affine to CPU1
11-03 20:48:34.980385     0     0 I CPU1    : shutdown
11-03 20:48:34.982313     0     0 I suspend ns: 780421762155	suspend cycles:      19729799332
11-03 20:48:34.982294     0     0 I CPU0    : msm_cpu_pm_enter_sleep mode:3 during suspend
11-03 20:48:34.982294     0     0 I         : Suspended for 0.482 seconds
11-03 20:48:34.982294     0     0 I resume cycles: 19739072593
11-03 20:48:34.982557     0     0 I         : Enabling non-boot CPUs ...
11-03 20:48:34.983373     0     0 I CPU1    : update cpu_capacity 1024
11-03 20:48:34.984818     0     0 I         : CPU1 is up
11-03 20:48:34.987148     0     0 I CPU1    : update max cpu_capacity 1024
11-03 20:48:34.988704     0     0 I PM      : noirq resume of devices complete after 3.570 msecs
11-03 20:48:34.993926     0     0 I PM      : early resume of devices complete after 3.740 msecs
11-03 20:48:34.995172    20    20 E         : [20:48:35.478158] [00000004988E1CF8] [VosRX]  wlan: [E :WDI] WDTS_RxPacketDump RX Data frame is UC
11-03 20:48:34.995196    20    20 E         : [20:48:35.478188] [00000004988E1F47] [VosRX]  wlan: [E :WDI] WDTS_RxPacketDump: Data subtype:8 SA:44:fe:3b:41:13:4b DA:00:0a:f5:f2:a2:70
11-03 20:48:34.995292    20    20 E         : [20:48:35.478285] [00000004988E2691] [VosRX]  wlan: [E :HDD] hdd_log_ip_addr: src addr 192:168:1:3
11-03 20:48:34.995305    20    20 E         : [20:48:35.478301] [00000004988E27A9] [VosRX]  wlan: [E :HDD] hdd_log_ip_addr: dst addr 192:168:1:14
11-03 20:48:35.024366     0     0 I bgcom   : bgcom_pm_resume: Bgcom resumed with : 0
11-03 20:48:35.035820     0     0 I mdss_dsi_panel_set_idle_mode: Idle (1->1)
11-03 20:48:35.071607     0     0 I PM      : resume of devices complete after 77.654 msecs
11-03 20:48:35.074229     0     0 I         : Restarting tasks ...
11-03 20:48:35.076894     0     0 W QSEECOM : qseecom_receive_req: Interrupted: exiting Listener Service = 11
11-03 20:48:35.076960     0     0 W QSEECOM : qseecom_receive_req: Interrupted: exiting Listener Service = 28672
11-03 20:48:35.080368     0     0 W QSEECOM : qseecom_receive_req: Interrupted: exiting Listener Service = 8192
11-03 20:48:35.080428     0     0 W QSEECOM : qseecom_receive_req: Interrupted: exiting Listener Service = 12288
11-03 20:48:35.080460     0     0 W QSEECOM : qseecom_receive_req: Interrupted: exiting Listener Service = 10
11-03 20:48:35.087204     0     0 I         : done.
11-03 20:48:35.570890     0     0 I PM      : suspend exit 2021-11-03 19:48:35.570890801 UTC
11-03 20:48:35.672354     0     0 I PM      : suspend entry 2021-11-03 19:48:35.672354342 UTC
