11-03 20:49:33.841929    20    20 E         : [20:49:34.154061] [00000004DBB451A4] [VosRX]  wlan: [E :WDI] WDTS_RxPacketDump: Data subtype:8 SA:44:fe:3b:41:13:4b DA:00:0a:f5:f2:a2:70
11-03 20:49:33.842067    20    20 E         : [20:49:34.154155] [00000004DBB458CB] [VosRX]  wlan: [E :HDD] hdd_log_ip_addr: src addr 192:168:1:1
11-03 20:49:33.842082    20    20 E         : [20:49:34.154213] [00000004DBB45D23] [VosRX]  wlan: [E :HDD] hdd_log_ip_addr: dst addr 192:168:1:14
11-03 20:49:33.869577     0     0 I bgcom   : bgcom_pm_resume: Bgcom resumed with : 0
11-03 20:49:33.881034     0     0 I mdss_dsi_panel_set_idle_mode: Idle (1->1)
11-03 20:49:33.918282     0     0 I PM      : resume of devices complete after 77.762 msecs
11-03 20:49:33.920919     0     0 I         : Restarting tasks ...
11-03 20:49:33.923767     0     0 W QSEECOM : qseecom_receive_req: Interrupted: exiting Listener Service = 12288
11-03 20:49:33.923836     0     0 W QSEECOM : qseecom_receive_req: Interrupted: exiting Listener Service = 28672
11-03 20:49:33.926671     0     0 W QSEECOM : qseecom_receive_req: Interrupted: exiting Listener Service = 8192
11-03 20:49:33.926726     0     0 W QSEECOM : qseecom_receive_req: Interrupted: exiting Listener Service = 11
11-03 20:49:33.926759     0     0 W QSEECOM : qseecom_receive_req: Interrupted: exiting Listener Service = 10
11-03 20:49:33.927802     0     0 I         : done.
11-03 20:49:34.240599     0     0 I PM      : suspend exit 2021-11-03 19:49:34.240599972 UTC
11-03 20:49:34.342236     0     0 I PM      : suspend entry 2021-11-03 19:49:34.342236170 UTC
11-03 20:49:34.342250     0     0 I PM      : Syncing filesystems ... done.
11-03 20:49:34.445743     0     0 I         : Freezing user space processes ... (elapsed 0.007 seconds) done.
11-03 20:49:34.453368     0     0 I         : Freezing remaining freezable tasks ... (elapsed 0.003 seconds) done.
11-03 20:49:34.457338     0     0 I         : Suspending console(s) (use no_console_suspend to debug)
11-03 20:49:34.470358     0     0 I mdss_dsi_panel_set_idle_mode: Idle (1->1)
11-03 20:49:34.510831     0     0 I bgcom   : bgcom_pm_suspend: suspended with : 0
11-03 20:49:34.535804     0     0 I PM      : Wakeup pending, aborting suspend
11-03 20:49:34.535816     0     0 I         : active wakeup source: qcom_rx_wakelock
11-03 20:49:34.545398     0     0 E PM      : Some devices failed to suspend, or early wake event detected
11-03 20:49:34.572930     0     0 I bgcom   : bgcom_pm_resume: Bgcom resumed with : 0
11-03 20:49:34.584213     0     0 I mdss_dsi_panel_set_idle_mode: Idle (1->1)
11-03 20:49:34.620022     0     0 I PM      : resume of devices complete after 74.602 msecs
11-03 20:49:34.622683     0     0 I         : Restarting tasks ...
11-03 20:49:34.624312     0     0 W QSEECOM : qseecom_receive_req: Interrupted: exiting Listener Service = 8192
11-03 20:49:34.624394     0     0 W QSEECOM : qseecom_receive_req: Interrupted: exiting Listener Service = 12288
11-03 20:49:34.624433     0     0 W QSEECOM : qseecom_receive_req: Interrupted: exiting Listener Service = 11
11-03 20:49:34.624474     0     0 W QSEECOM : qseecom_receive_req: Interrupted: exiting Listener Service = 10
11-03 20:49:34.624513     0     0 W QSEECOM : qseecom_receive_req: Interrupted: exiting Listener Service = 28672
11-03 20:49:34.632385     0     0 I         : done.
11-03 20:49:34.633420     0     0 I PM      : suspend exit 2021-11-03 19:49:34.633420909 UTC
11-03 20:49:34.835272     0     0 I PM      : suspend entry 2021-11-03 19:49:34.835272419 UTC
11-03 20:49:34.835293     0     0 I PM      : Syncing filesystems ... done.
11-03 20:49:34.946150     0     0 I         : Freezing user space processes ... (elapsed 0.007 seconds) done.
11-03 20:49:34.953454     0     0 I         : Freezing remaining freezable tasks ... (elapsed 0.003 seconds) done.
11-03 20:49:34.957371     0     0 I         : Suspending console(s) (use no_console_suspend to debug)
11-03 20:49:34.970102     0     0 I mdss_dsi_panel_set_idle_mode: Idle (1->1)
11-03 20:49:35.011050     0     0 I bgcom   : bgcom_pm_suspend: suspended with : 0
11-03 20:49:35.050282     0     0 I PM      : suspend of devices complete after 90.693 msecs
11-03 20:49:35.056440     0     0 I PM      : late suspend of devices complete after 6.117 msecs
11-03 20:49:35.061983     0     0 I PM      : noirq suspend of devices complete after 5.519 msecs
11-03 20:49:35.061996     0     0 I         : Disabling non-boot CPUs ...
11-03 20:49:35.076891     0     0 W         : IRQ21 no longer affine to CPU1
11-03 20:49:35.078796     0     0 I CPU1    : shutdown
11-03 20:49:35.080738     0     0 I suspend ns: 811795111498	suspend cycles:      20883689231
11-03 20:49:35.080718     0     0 I CPU0    : msm_cpu_pm_enter_sleep mode:3 during suspend
11-03 20:49:35.080718     0     0 I         : Suspended for 0.288 seconds
11-03 20:49:35.080718     0     0 I resume cycles: 20889234975
11-03 20:49:35.080983     0     0 I         : Enabling non-boot CPUs ...
11-03 20:49:35.081787     0     0 I CPU1    : update cpu_capacity 1024
11-03 20:49:35.083211     0     0 I         : CPU1 is up
11-03 20:49:35.085595     0     0 I CPU1    : update max cpu_capacity 1024
11-03 20:49:35.087020     0     0 I PM      : noirq resume of devices complete after 3.490 msecs
11-03 20:49:35.092180     0     0 I PM      : early resume of devices complete after 3.687 msecs
11-03 20:49:35.093544    20    20 E         : [20:49:35.382394] [00000004DD1C2ED3] [VosRX]  wlan: [E :WDI] WDTS_RxPacketDump RX Data frame is UC
11-03 20:49:35.093566    20    20 E         : [20:49:35.382426] [00000004DD1C3112] [VosRX]  wlan: [E :WDI] WDTS_RxPacketDump: Data subtype:8 SA:44:fe:3b:41:13:4b DA:00:0a:f5:f2:a2:70
11-03 20:49:35.093664    20    20 E         : [20:49:35.382524] [00000004DD1C3887] [VosRX]  wlan: [E :HDD] hdd_log_ip_addr: src addr 192:168:1:3
11-03 20:49:35.093677    20    20 E         : [20:49:35.382539] [00000004DD1C3989] [VosRX]  wlan: [E :HDD] hdd_log_ip_addr: dst addr 192:168:1:14
11-03 20:49:35.121117     0     0 I bgcom   : bgcom_pm_resume: Bgcom resumed with : 0
11-03 20:49:35.132261     0     0 I mdss_dsi_panel_set_idle_mode: Idle (1->1)
11-03 20:49:35.169805     0     0 I PM      : resume of devices complete after 77.597 msecs
11-03 20:49:35.172425     0     0 I         : Restarting tasks ...
11-03 20:49:35.175144     0     0 W QSEECOM : qseecom_receive_req: Interrupted: exiting Listener Service = 12288
11-03 20:49:35.175205     0     0 W QSEECOM : qseecom_receive_req: Interrupted: exiting Listener Service = 11
11-03 20:49:35.175238     0     0 W QSEECOM : qseecom_receive_req: Interrupted: exiting Listener Service = 10
11-03 20:49:35.175272     0     0 W QSEECOM : qseecom_receive_req: Interrupted: exiting Listener Service = 28672
11-03 20:49:35.177998     0     0 W QSEECOM : qseecom_receive_req: Interrupted: exiting Listener Service = 8192
11-03 20:49:35.184745     0     0 I         : done.
11-03 20:49:35.474318     0     0 I PM      : suspend exit 2021-11-03 19:49:35.474318617 UTC
11-03 20:49:35.576028     0     0 I PM      : suspend entry 2021-11-03 19:49:35.576028096 UTC
11-03 20:49:35.576041     0     0 I PM      : Syncing filesystems ... done.
11-03 20:49:35.675138     0     0 I         : Freezing user space processes ... (elapsed 0.007 seconds) done.
11-03 20:49:35.682762     0     0 I         : Freezing remaining freezable tasks ... (elapsed 0.004 seconds) done.
11-03 20:49:35.686973     0     0 I         : Suspending console(s) (use no_console_suspend to debug)
11-03 20:49:35.699704     0     0 I mdss_dsi_panel_set_idle_mode: Idle (1->1)
11-03 20:49:35.739564     0     0 I bgcom   : bgcom_pm_suspend: suspended with : 0
11-03 20:49:35.776762     0     0 I PM      : suspend of devices complete after 87.570 msecs
11-03 20:49:35.782371     0     0 I PM      : late suspend of devices complete after 5.567 msecs
11-03 20:49:35.788361     0     0 I PM      : noirq suspend of devices complete after 5.963 msecs
11-03 20:49:35.788373     0     0 I         : Disabling non-boot CPUs ...
11-03 20:49:35.807534     0     0 I CPU1    : shutdown
11-03 20:49:35.809490     0     0 I suspend ns: 812235010978	suspend cycles:      20897681045
11-03 20:49:35.809468     0     0 I CPU0    : msm_cpu_pm_enter_sleep mode:3 during suspend
11-03 20:49:35.809468     0     0 I         : Suspended for 0.788 seconds
11-03 20:49:35.809468     0     0 I resume cycles: 20912824400
11-03 20:49:35.809735     0     0 I         : Enabling non-boot CPUs ...
11-03 20:49:35.810546     0     0 I CPU1    : update cpu_capacity 1024
11-03 20:49:35.811981     0     0 I         : CPU1 is up
11-03 20:49:35.814319     0     0 I CPU1    : update max cpu_capacity 1024
11-03 20:49:35.815719     0     0 I PM      : noirq resume of devices complete after 3.441 msecs
11-03 20:49:35.820935     0     0 I PM      : early resume of devices complete after 3.744 msecs
11-03 20:49:35.822171    20    20 E         : [20:49:36.610887] [00000004DE8417AC] [VosRX]  wlan: [E :WDI] WDTS_RxPacketDump RX Data frame is UC
11-03 20:49:35.822194    20    20 E         : [20:49:36.610920] [00000004DE841A1C] [VosRX]  wlan: [E :WDI] WDTS_RxPacketDump: Data subtype:8 SA:44:fe:3b:41:13:4b DA:00:0a:f5:f2:a2:70
11-03 20:49:35.822290    20    20 E         : [20:49:36.611013] [00000004DE842137] [VosRX]  wlan: [E :HDD] hdd_log_ip_addr: src addr 192:168:1:3
11-03 20:49:35.822303    20    20 E         : [20:49:36.611030] [00000004DE84225B] [VosRX]  wlan: [E :HDD] hdd_log_ip_addr: dst addr 192:168:1:14
11-03 20:49:35.850021     0     0 I bgcom   : bgcom_pm_resume: Bgcom resumed with : 0
11-03 20:49:35.861160     0     0 I mdss_dsi_panel_set_idle_mode: Idle (1->1)
11-03 20:49:35.898841     0     0 I PM      : resume of devices complete after 77.878 msecs
11-03 20:49:35.901448     0     0 I         : Restarting tasks ...
11-03 20:49:35.904062     0     0 W QSEECOM : qseecom_receive_req: Interrupted: exiting Listener Service = 12288
11-03 20:49:35.904119     0     0 W QSEECOM : qseecom_receive_req: Interrupted: exiting Listener Service = 11
11-03 20:49:35.904155     0     0 W QSEECOM : qseecom_receive_req: Interrupted: exiting Listener Service = 10
11-03 20:49:35.907059     0     0 W QSEECOM : qseecom_receive_req: Interrupted: exiting Listener Service = 8192
11-03 20:49:35.907708     0     0 W QSEECOM : qseecom_receive_req: Interrupted: exiting Listener Service = 28672
11-03 20:49:35.911199     0     0 I         : done.
11-03 20:49:36.700603     0     0 I PM      : suspend exit 2021-11-03 19:49:36.700603459 UTC
11-03 20:49:36.802059     0     0 I PM      : suspend entry 2021-11-03 19:49:36.802059397 UTC
11-03 20:49:36.802073     0     0 I PM      : Syncing filesystems ... done.
11-03 20:49:36.903124     0     0 I         : Freezing user space processes ...
11-03 20:49:36.908130     0     0 I PM      : Wakeup pending, aborting suspend
11-03 20:49:36.908142     0     0 I         : active wakeup source: qcom_rx_wakelock
11-03 20:49:36.908226     0     0 E         : Freezing of tasks aborted after 0.005 seconds
11-03 20:49:36.908240     0     0 I         : Restarting tasks ...
11-03 20:49:36.908947     0     0 W QSEECOM : qseecom_receive_req: Interrupted: exiting Listener Service = 12288
11-03 20:49:36.908999     0     0 W QSEECOM : qseecom_receive_req: Interrupted: exiting Listener Service = 11
11-03 20:49:36.912568     0     0 W QSEECOM : qseecom_receive_req: Interrupted: exiting Listener Service = 10
11-03 20:49:36.912619     0     0 W QSEECOM : qseecom_receive_req: Interrupted: exiting Listener Service = 28672
11-03 20:49:36.912650     0     0 W QSEECOM : qseecom_receive_req: Interrupted: exiting Listener Service = 8192
11-03 20:49:36.913155     0     0 I         : done.
11-03 20:49:36.913746     0     0 I PM      : suspend exit 2021-11-03 19:49:36.913746584 UTC
11-03 20:49:37.115053     0     0 I PM      : suspend entry 2021-11-03 19:49:37.115053563 UTC
11-03 20:49:37.115067     0     0 I PM      : Syncing filesystems ... done.
11-03 20:49:37.136930     0     0 I         : Freezing user space processes ... (elapsed 0.008 seconds) done.
11-03 20:49:37.145041     0     0 I         : Freezing remaining freezable tasks ... (elapsed 0.004 seconds) done.
11-03 20:49:37.149225     0     0 I         : Suspending console(s) (use no_console_suspend to debug)
11-03 20:49:37.161670     0     0 I mdss_dsi_panel_set_idle_mode: Idle (1->1)
11-03 20:49:37.198306     0     0 I bgcom   : bgcom_pm_suspend: suspended with : 0
11-03 20:49:37.236055     0     0 I PM      : suspend of devices complete after 84.317 msecs
11-03 20:49:37.242135     0     0 I PM      : late suspend of devices complete after 6.039 msecs
11-03 20:49:37.248571     0     0 I PM      : noirq suspend of devices complete after 6.410 msecs
11-03 20:49:37.248585     0     0 I         : Disabling non-boot CPUs ...
11-03 20:49:37.264378     0     0 W         : IRQ16 no longer affine to CPU1
11-03 20:49:37.264722     0     0 W         : IRQ93 no longer affine to CPU1
11-03 20:49:37.266469     0     0 I CPU1    : shutdown
11-03 20:49:37.268543     0     0 I suspend ns: 812905347125	suspend cycles:      20925694854
11-03 20:49:37.268520     0     0 I CPU0    : msm_cpu_pm_enter_sleep mode:3 during suspend
11-03 20:49:37.268520     0     0 I         : Suspended for 0.249 seconds
11-03 20:49:37.268520     0     0 I resume cycles: 20930485465
11-03 20:49:37.268803     0     0 I         : Enabling non-boot CPUs ...
11-03 20:49:37.269635     0     0 I CPU1    : update cpu_capacity 1024
11-03 20:49:37.271320     0     0 I         : CPU1 is up
11-03 20:49:37.272934     0     0 I CPU1    : update max cpu_capacity 1024
11-03 20:49:37.275454     0     0 I PM      : noirq resume of devices complete after 3.781 msecs
11-03 20:49:37.281251     0     0 I PM      : early resume of devices complete after 4.258 msecs
11-03 20:49:37.282546    20    20 E         : [20:49:37.532055] [00000004DF91F753] [VosRX]  wlan: [E :WDI] WDTS_RxPacketDump RX Data frame is UC
11-03 20:49:37.282573    20    20 E         : [20:49:37.532093] [00000004DF91FA16] [VosRX]  wlan: [E :WDI] WDTS_RxPacketDump: Data subtype:8 SA:44:fe:3b:41:13:4b DA:00:0a:f5:f2:a2:70
11-03 20:49:37.282673    20    20 E         : [20:49:37.532192] [00000004DF920199] [VosRX]  wlan: [E :HDD] hdd_log_ip_addr: src addr 192:168:1:3
11-03 20:49:37.282689    20    20 E         : [20:49:37.532211] [00000004DF9202EC] [VosRX]  wlan: [E :HDD] hdd_log_ip_addr: dst addr 192:168:1:14
11-03 20:49:37.313126     0     0 I bgcom   : bgcom_pm_resume: Bgcom resumed with : 0
11-03 20:49:37.325202     0     0 I mdss_dsi_panel_set_idle_mode: Idle (1->1)
11-03 20:49:37.367877     0     0 I PM      : resume of devices complete after 86.595 msecs
11-03 20:49:37.370912     0     0 I         : Restarting tasks ...
11-03 20:49:37.373054     0     0 W QSEECOM : qseecom_receive_req: Interrupted: exiting Listener Service = 8192
11-03 20:49:37.373124     0     0 W QSEECOM : qseecom_receive_req: Interrupted: exiting Listener Service = 12288
11-03 20:49:37.373179     0     0 W QSEECOM : qseecom_receive_req: Interrupted: exiting Listener Service = 11
11-03 20:49:37.373226     0     0 W QSEECOM : qseecom_receive_req: Interrupted: exiting Listener Service = 28672
11-03 20:49:37.379688     0     0 W QSEECOM : qseecom_receive_req: Interrupted: exiting Listener Service = 10
11-03 20:49:37.384498     0     0 I         : done.
11-03 20:49:37.634779     0     0 I PM      : suspend exit 2021-11-03 19:49:37.634779344 UTC
11-03 20:49:37.736725     0     0 I PM      : suspend entry 2021-11-03 19:49:37.736725229 UTC
11-03 20:49:37.736738     0     0 I PM      : Syncing filesystems ... done.
11-03 20:49:37.841183     0     0 I         : Freezing user space processes ... (elapsed 0.007 seconds) done.
11-03 20:49:37.848547     0     0 I         : Freezing remaining freezable tasks ... (elapsed 0.004 seconds) done.
11-03 20:49:37.852677     0     0 I         : Suspending console(s) (use no_console_suspend to debug)
11-03 20:49:37.864290     0     0 I mdss_dsi_panel_set_idle_mode: Idle (1->1)
11-03 20:49:37.907501     0     0 I bgcom   : bgcom_pm_suspend: suspended with : 0
11-03 20:49:37.943685     0     0 I PM      : suspend of devices complete after 88.769 msecs
11-03 20:49:37.949203     0     0 I PM      : late suspend of devices complete after 5.473 msecs
11-03 20:49:37.955143     0     0 I PM      : noirq suspend of devices complete after 5.912 msecs
11-03 20:49:37.955156     0     0 I         : Disabling non-boot CPUs ...
11-03 20:49:37.973514     0     0 W         : IRQ16 no longer affine to CPU1
11-03 20:49:37.973827     0     0 W         : IRQ93 no longer affine to CPU1
11-03 20:49:37.975470     0     0 I CPU1    : shutdown
11-03 20:49:37.977381     0     0 I suspend ns: 813364676449	suspend cycles:      20939304588
11-03 20:49:37.977359     0     0 I CPU0    : msm_cpu_pm_enter_sleep mode:3 during suspend
11-03 20:49:37.977359     0     0 I         : Suspended for 0.769 seconds
11-03 20:49:37.977359     0     0 I resume cycles: 20954084073
11-03 20:49:37.977616     0     0 I         : Enabling non-boot CPUs ...
11-03 20:49:37.978414     0     0 I CPU1    : update cpu_capacity 1024
11-03 20:49:37.979848     0     0 I         : CPU1 is up
11-03 20:49:37.982326     0     0 I CPU1    : update max cpu_capacity 1024
11-03 20:49:37.983648     0     0 I PM      : noirq resume of devices complete after 3.499 msecs
11-03 20:49:37.989141     0     0 I PM      : early resume of devices complete after 4.013 msecs
11-03 20:49:37.990642    20    20 E         : [20:49:38.760407] [00000004E0F9D5AB] [VosRX]  wlan: [E :WDI] WDTS_RxPacketDump RX Data frame is UC
11-03 20:49:37.990664    20    20 E         : [20:49:38.760441] [00000004E0F9D833] [VosRX]  wlan: [E :WDI] WDTS_RxPacketDump: Data subtype:8 SA:44:fe:3b:41:13:4b DA:00:0a:f5:f2:a2:70
11-03 20:49:37.990759    20    20 E         : [20:49:38.760535] [00000004E0F9DF57] [VosRX]  wlan: [E :HDD] hdd_log_ip_addr: src addr 192:168:1:3
11-03 20:49:37.990772    20    20 E         : [20:49:38.760550] [00000004E0F9E05B] [VosRX]  wlan: [E :HDD] hdd_log_ip_addr: dst addr 192:168:1:14
11-03 20:49:38.017798     0     0 I bgcom   : bgcom_pm_resume: Bgcom resumed with : 0
11-03 20:49:38.029294     0     0 I mdss_dsi_panel_set_idle_mode: Idle (1->1)
11-03 20:49:38.067056     0     0 I PM      : resume of devices complete after 77.887 msecs
11-03 20:49:38.069663     0     0 I         : Restarting tasks ...
11-03 20:49:38.072457     0     0 W QSEECOM : qseecom_receive_req: Interrupted: exiting Listener Service = 12288
11-03 20:49:38.072517     0     0 W QSEECOM : qseecom_receive_req: Interrupted: exiting Listener Service = 11
11-03 20:49:38.072556     0     0 W QSEECOM : qseecom_receive_req: Interrupted: exiting Listener Service = 28672
11-03 20:49:38.075134     0     0 W QSEECOM : qseecom_receive_req: Interrupted: exiting Listener Service = 8192
11-03 20:49:38.075185     0     0 W QSEECOM : qseecom_receive_req: Interrupted: exiting Listener Service = 10
11-03 20:49:38.082006     0     0 I         : done.
11-03 20:49:38.852709     0     0 I PM      : suspend exit 2021-11-03 19:49:38.852709864 UTC
11-03 20:49:38.954198     0     0 I PM      : suspend entry 2021-11-03 19:49:38.954198249 UTC
11-03 20:49:38.954212     0     0 I PM      : Syncing filesystems ... done.
11-03 20:49:39.053790     0     0 I         : Freezing user space processes ... (elapsed 0.007 seconds) done.
11-03 20:49:39.060854     0     0 I         : Freezing remaining freezable tasks ... (elapsed 0.004 seconds) done.
11-03 20:49:39.064912     0     0 I         : Suspending console(s) (use no_console_suspend to debug)
11-03 20:49:39.076838     0     0 I mdss_dsi_panel_set_idle_mode: Idle (1->1)
11-03 20:49:39.117451     0     0 I bgcom   : bgcom_pm_suspend: suspended with : 0
11-03 20:49:39.119066     0     0 E dpm_run_callback(): platform_pm_suspend+0x0/0x50 returns -16
11-03 20:49:39.119073     0     0 E PM      : Device alarmtimer failed to suspend: error -16
11-03 20:49:39.130844     0     0 E PM      : Some devices failed to suspend, or early wake event detected
11-03 20:49:39.134641     0     0 I bgcom   : bgcom_pm_resume: Bgcom resumed with : 0
11-03 20:49:39.145717     0     0 I mdss_dsi_panel_set_idle_mode: Idle (1->1)
11-03 20:49:39.187263     0     0 I PM      : resume of devices complete after 56.384 msecs
11-03 20:49:39.191461     0     0 I         : Restarting tasks ...
11-03 20:49:39.194401     0     0 W QSEECOM : qseecom_receive_req: Interrupted: exiting Listener Service = 12288
11-03 20:49:39.194488     0     0 W QSEECOM : qseecom_receive_req: Interrupted: exiting Listener Service = 11
11-03 20:49:39.194527     0     0 W QSEECOM : qseecom_receive_req: Interrupted: exiting Listener Service = 10
11-03 20:49:39.194563     0     0 W QSEECOM : qseecom_receive_req: Interrupted: exiting Listener Service = 28672
11-03 20:49:39.199652     0     0 W QSEECOM : qseecom_receive_req: Interrupted: exiting Listener Service = 8192
11-03 20:49:39.200227     0     0 I         : done.
11-03 20:49:39.201324     0     0 I PM      : suspend exit 2021-11-03 19:49:39.201324499 UTC
11-03 20:49:42.298275     0     0 E FG      : fg_psy_get_property: unsupported property 7
11-03 20:49:42.251701     0     0 W healthd : battery l=21 v=3961 t=39.0 h=2 st=2 c=-287 fc=443000 cc=0 chg=a
11-03 20:49:45.016010     0     0 I PM      : suspend entry 2021-11-03 19:49:45.016010799 UTC
11-03 20:49:45.016031     0     0 I PM      : Syncing filesystems ... done.
11-03 20:49:45.055854     0     0 I         : Freezing user space processes ... (elapsed 0.009 seconds) done.
11-03 20:49:45.065720     0     0 I         : Freezing remaining freezable tasks ... (elapsed 0.005 seconds) done.
11-03 20:49:45.071717     0     0 I         : Suspending console(s) (use no_console_suspend to debug)
11-03 20:49:45.086722     0     0 I mdss_dsi_panel_set_idle_mode: Idle (1->1)
11-03 20:49:45.129484     0     0 I bgcom   : bgcom_pm_suspend: suspended with : 0
11-03 20:49:45.159963     0     0 I PM      : suspend of devices complete after 84.345 msecs
11-03 20:49:45.166095     0     0 I PM      : late suspend of devices complete after 6.090 msecs
11-03 20:49:45.171615     0     0 I PM      : noirq suspend of devices complete after 5.497 msecs
11-03 20:49:45.171630     0     0 I         : Disabling non-boot CPUs ...
11-03 20:49:45.195121     0     0 I CPU1    : shutdown
11-03 20:49:45.197174     0     0 I suspend ns: 819814718656	suspend cycles:      21077924883
11-03 20:49:45.197152     0     0 I CPU0    : msm_cpu_pm_enter_sleep mode:3 during suspend
11-03 20:49:45.197152     0     0 I         : Suspended for 0.619 seconds
11-03 20:49:45.197152     0     0 I resume cycles: 21089817411
11-03 20:49:45.197406     0     0 I         : Enabling non-boot CPUs ...
11-03 20:49:45.198214     0     0 I CPU1    : update cpu_capacity 1024
11-03 20:49:45.199657     0     0 I         : CPU1 is up
11-03 20:49:45.201880     0     0 I CPU1    : update max cpu_capacity 1024
11-03 20:49:45.203402     0     0 I PM      : noirq resume of devices complete after 3.421 msecs
11-03 20:49:45.208583     0     0 I PM      : early resume of devices complete after 3.707 msecs
11-03 20:49:45.209781    20    20 E         : [20:49:45.829199] [00000004E910C50E] [VosRX]  wlan: [E :WDI] WDTS_RxPacketDump RX Data frame is UC
11-03 20:49:45.209803    20    20 E         : [20:49:45.829232] [00000004E910C777] [VosRX]  wlan: [E :WDI] WDTS_RxPacketDump: Data subtype:8 SA:44:fe:3b:41:13:4b DA:00:0a:f5:f2:a2:70
11-03 20:49:45.209901    20    20 E         : [20:49:45.829327] [00000004E910CEC2] [VosRX]  wlan: [E :HDD] hdd_log_ip_addr: src addr 192:168:1:3
11-03 20:49:45.209914    20    20 E         : [20:49:45.829343] [00000004E910CFDB] [VosRX]  wlan: [E :HDD] hdd_log_ip_addr: dst addr 192:168:1:14
11-03 20:49:45.239276     0     0 I bgcom   : bgcom_pm_resume: Bgcom resumed with : 0
11-03 20:49:45.249229     0     0 I mdss_dsi_panel_set_idle_mode: Idle (1->1)
11-03 20:49:45.286136     0     0 I PM      : resume of devices complete after 77.527 msecs
11-03 20:49:45.288771     0     0 I         : Restarting tasks ...
11-03 20:49:45.291667     0     0 W QSEECOM : qseecom_receive_req: Interrupted: exiting Listener Service = 12288
11-03 20:49:45.291733     0     0 W QSEECOM : qseecom_receive_req: Interrupted: exiting Listener Service = 11
11-03 20:49:45.291997     0     0 W QSEECOM : qseecom_receive_req: Interrupted: exiting Listener Service = 10
11-03 20:49:45.292044     0     0 W QSEECOM : qseecom_receive_req: Interrupted: exiting Listener Service = 28672
11-03 20:49:45.294558     0     0 W QSEECOM : qseecom_receive_req: Interrupted: exiting Listener Service = 8192
11-03 20:49:45.295316     0     0 I         : done.
11-03 20:49:45.915466     0     0 I PM      : suspend exit 2021-11-03 19:49:45.915466892 UTC
11-03 20:49:46.019903     0     0 I PM      : suspend entry 2021-11-03 19:49:46.019903351 UTC
11-03 20:49:46.019917     0     0 I PM      : Syncing filesystems ... done.
11-03 20:49:46.121560     0     0 I         : Freezing user space processes ... (elapsed 0.007 seconds) done.
11-03 20:49:46.128790     0     0 I         : Freezing remaining freezable tasks ... (elapsed 0.003 seconds) done.
11-03 20:49:46.132715     0     0 I         : Suspending console(s) (use no_console_suspend to debug)
11-03 20:49:46.145747     0     0 I mdss_dsi_panel_set_idle_mode: Idle (1->1)
11-03 20:49:46.186618     0     0 I bgcom   : bgcom_pm_suspend: suspended with : 0
11-03 20:49:46.223578     0     0 I PM      : suspend of devices complete after 88.648 msecs
11-03 20:49:46.229100     0     0 I PM      : late suspend of devices complete after 5.481 msecs
11-03 20:49:46.235001     0     0 I PM      : noirq suspend of devices complete after 5.875 msecs
11-03 20:49:46.235015     0     0 I         : Disabling non-boot CPUs ...
11-03 20:49:46.254444     0     0 I CPU1    : shutdown
11-03 20:49:46.256390     0     0 I suspend ns: 820254516365	suspend cycles:      21098261527
11-03 20:49:46.256367     0     0 I CPU0    : msm_cpu_pm_enter_sleep mode:3 during suspend
11-03 20:49:46.256367     0     0 I         : Suspended for 0.786 seconds
11-03 20:49:46.256367     0     0 I resume cycles: 21113356962
11-03 20:49:46.256614     0     0 I         : Enabling non-boot CPUs ...
11-03 20:49:46.257428     0     0 I CPU1    : update cpu_capacity 1024
11-03 20:49:46.258886     0     0 I         : CPU1 is up
11-03 20:49:46.261170     0     0 I CPU1    : update max cpu_capacity 1024
11-03 20:49:46.262662     0     0 I PM      : noirq resume of devices complete after 3.462 msecs
11-03 20:49:46.268150     0     0 I PM      : early resume of devices complete after 4.017 msecs
11-03 20:49:46.269447    20    20 E         : [20:49:47.055669] [00000004EA781656] [VosRX]  wlan: [E :WDI] WDTS_RxPacketDump RX Data frame is UC
11-03 20:49:46.269469    20    20 E         : [20:49:47.055701] [00000004EA7818A3] [VosRX]  wlan: [E :WDI] WDTS_RxPacketDump: Data subtype:8 SA:44:fe:3b:41:13:4b DA:00:0a:f5:f2:a2:70
11-03 20:49:46.269566    20    20 E         : [20:49:47.055798] [00000004EA78200E] [VosRX]  wlan: [E :HDD] hdd_log_ip_addr: src addr 192:168:1:3
11-03 20:49:46.269579    20    20 E         : [20:49:47.055813] [00000004EA78210A] [VosRX]  wlan: [E :HDD] hdd_log_ip_addr: dst addr 192:168:1:14
11-03 20:49:46.298360     0     0 I bgcom   : bgcom_pm_resume: Bgcom resumed with : 0
11-03 20:49:46.309808     0     0 I mdss_dsi_panel_set_idle_mode: Idle (1->1)
11-03 20:49:46.345836     0     0 I PM      : resume of devices complete after 77.657 msecs
11-03 20:49:46.348499     0     0 I         : Restarting tasks ...
11-03 20:49:46.351018     0     0 W QSEECOM : qseecom_receive_req: Interrupted: exiting Listener Service = 11
11-03 20:49:46.351257     0     0 W QSEECOM : qseecom_receive_req: Interrupted: exiting Listener Service = 28672
11-03 20:49:46.354304     0     0 W QSEECOM : qseecom_receive_req: Interrupted: exiting Listener Service = 8192
11-03 20:49:46.354362     0     0 W QSEECOM : qseecom_receive_req: Interrupted: exiting Listener Service = 12288
11-03 20:49:46.354394     0     0 W QSEECOM : qseecom_receive_req: Interrupted: exiting Listener Service = 10
11-03 20:49:46.360302     0     0 I         : done.
11-03 20:49:47.147150     0     0 I PM      : suspend exit 2021-11-03 19:49:47.147150016 UTC
11-03 20:49:47.249063     0     0 I PM      : suspend entry 2021-11-03 19:49:47.249063766 UTC
11-03 20:49:47.249078     0     0 I PM      : Syncing filesystems ... done.
11-03 20:49:47.347099     0     0 I         : Freezing user space processes ... (elapsed 0.007 seconds) done.
11-03 20:49:47.354562     0     0 I         : Freezing remaining freezable tasks ... (elapsed 0.004 seconds) done.
11-03 20:49:47.358627     0     0 I         : Suspending console(s) (use no_console_suspend to debug)
11-03 20:49:47.371656     0     0 I mdss_dsi_panel_set_idle_mode: Idle (1->1)
11-03 20:49:47.412816     0     0 I bgcom   : bgcom_pm_suspend: suspended with : 0
11-03 20:49:47.450243     0     0 I PM      : suspend of devices complete after 89.397 msecs
11-03 20:49:47.455818     0     0 I PM      : late suspend of devices complete after 5.531 msecs
11-03 20:49:47.461654     0     0 I PM      : noirq suspend of devices complete after 5.810 msecs
11-03 20:49:47.461667     0     0 I         : Disabling non-boot CPUs ...
11-03 20:49:47.480509     0     0 I CPU1    : shutdown
11-03 20:49:47.482483     0     0 I suspend ns: 820694392824	suspend cycles:      21121802590
11-03 20:49:47.482463     0     0 I CPU0    : msm_cpu_pm_enter_sleep mode:3 during suspend
11-03 20:49:47.482463     0     0 I         : Suspended for 0.483 seconds
11-03 20:49:47.482463     0     0 I resume cycles: 21131083156
11-03 20:49:47.482725     0     0 I         : Enabling non-boot CPUs ...
11-03 20:49:47.483529     0     0 I CPU1    : update cpu_capacity 1024
11-03 20:49:47.484929     0     0 I         : CPU1 is up
11-03 20:49:47.487267     0     0 I CPU1    : update max cpu_capacity 1024
11-03 20:49:47.488728     0     0 I PM      : noirq resume of devices complete after 3.497 msecs
11-03 20:49:47.494199     0     0 I PM      : early resume of devices complete after 4.004 msecs
11-03 20:49:47.495577    20    20 E         : [20:49:47.978942] [00000004EB8693D9] [VosRX]  wlan: [E :WDI] WDTS_RxPacketDump RX Data frame is UC
11-03 20:49:47.495599    20    20 E         : [20:49:47.978974] [00000004EB86961E] [VosRX]  wlan: [E :WDI] WDTS_RxPacketDump: Data subtype:8 SA:44:fe:3b:41:13:4b DA:00:0a:f5:f2:a2:70
11-03 20:49:47.495695    20    20 E         : [20:49:47.979068] [00000004EB869D4E] [VosRX]  wlan: [E :HDD] hdd_log_ip_addr: src addr 192:168:1:3
11-03 20:49:47.495707    20    20 E         : [20:49:47.979083] [00000004EB869E58] [VosRX]  wlan: [E :HDD] hdd_log_ip_addr: dst addr 192:168:1:14
11-03 20:49:47.523076     0     0 I bgcom   : bgcom_pm_resume: Bgcom resumed with : 0
11-03 20:49:47.534604     0     0 I mdss_dsi_panel_set_idle_mode: Idle (1->1)
11-03 20:49:47.571751     0     0 I PM      : resume of devices complete after 77.524 msecs
11-03 20:49:47.574366     0     0 I         : Restarting tasks ...
11-03 20:49:47.576735     0     0 W QSEECOM : qseecom_receive_req: Interrupted: exiting Listener Service = 11
11-03 20:49:47.576789     0     0 W QSEECOM : qseecom_receive_req: Interrupted: exiting Listener Service = 28672
11-03 20:49:47.580159     0     0 W QSEECOM : qseecom_receive_req: Interrupted: exiting Listener Service = 8192
11-03 20:49:47.580218     0     0 W QSEECOM : qseecom_receive_req: Interrupted: exiting Listener Service = 12288
11-03 20:49:47.580249     0     0 W QSEECOM : qseecom_receive_req: Interrupted: exiting Listener Service = 10
11-03 20:49:47.586556     0     0 I         : done.
11-03 20:49:48.070761     0     0 I PM      : suspend exit 2021-11-03 19:49:48.070761786 UTC
11-03 20:49:48.172801     0     0 I PM      : suspend entry 2021-11-03 19:49:48.172801369 UTC
11-03 20:49:48.172815     0     0 I PM      : Syncing filesystems ... done.
11-03 20:49:48.284771     0     0 I         : Freezing user space processes ... (elapsed 0.007 seconds) done.
11-03 20:49:48.292108     0     0 I         : Freezing remaining freezable tasks ... (elapsed 0.003 seconds) done.
11-03 20:49:48.296075     0     0 I         : Suspending console(s) (use no_console_suspend to debug)
11-03 20:49:48.307970     0     0 I mdss_dsi_panel_set_idle_mode: Idle (1->1)
11-03 20:49:48.345529     0     0 I bgcom   : bgcom_pm_suspend: suspended with : 0
11-03 20:49:48.379755     0     0 I PM      : suspend of devices complete after 81.464 msecs
11-03 20:49:48.385617     0     0 I PM      : late suspend of devices complete after 5.817 msecs
11-03 20:49:48.391391     0     0 I PM      : noirq suspend of devices complete after 5.749 msecs
11-03 20:49:48.391405     0     0 I         : Disabling non-boot CPUs ...
11-03 20:49:48.411703     0     0 W         : IRQ16 no longer affine to CPU1
11-03 20:49:48.411717     0     0 W         : IRQ21 no longer affine to CPU1
11-03 20:49:48.412022     0     0 W         : IRQ93 no longer affine to CPU1
11-03 20:49:48.413652     0     0 I CPU1    : shutdown
11-03 20:49:48.415577     0     0 I suspend ns: 821144121992	suspend cycles:      21139717956
11-03 20:49:48.415556     0     0 I CPU0    : msm_cpu_pm_enter_sleep mode:3 during suspend
11-03 20:49:48.415556     0     0 I         : Suspended for 0.777 seconds
11-03 20:49:48.415556     0     0 I resume cycles: 21154646145
11-03 20:49:48.415820     0     0 I         : Enabling non-boot CPUs ...
11-03 20:49:48.416632     0     0 I CPU1    : update cpu_capacity 1024
11-03 20:49:48.418043     0     0 I         : CPU1 is up
11-03 20:49:48.420548     0     0 I CPU1    : update max cpu_capacity 1024
11-03 20:49:48.421914     0     0 I PM      : noirq resume of devices complete after 3.547 msecs
11-03 20:49:48.427472     0     0 I PM      : early resume of devices complete after 4.074 msecs
11-03 20:49:48.428955    20    20 E         : [20:49:49.206464] [00000004ECEE33F0] [VosRX]  wlan: [E :WDI] WDTS_RxPacketDump RX Data frame is UC
11-03 20:49:48.428977    20    20 E         : [20:49:49.206498] [00000004ECEE3679] [VosRX]  wlan: [E :WDI] WDTS_RxPacketDump: Data subtype:8 SA:44:fe:3b:41:13:4b DA:00:0a:f5:f2:a2:70
11-03 20:49:48.429070    20    20 E         : [20:49:49.206590] [00000004ECEE3D69] [VosRX]  wlan: [E :HDD] hdd_log_ip_addr: src addr 192:168:1:3
11-03 20:49:48.429085    20    20 E         : [20:49:49.206606] [00000004ECEE3E9E] [VosRX]  wlan: [E :HDD] hdd_log_ip_addr: dst addr 192:168:1:14
11-03 20:49:48.456683     0     0 I bgcom   : bgcom_pm_resume: Bgcom resumed with : 0
11-03 20:49:48.466615     0     0 I mdss_dsi_panel_set_idle_mode: Idle (1->1)
11-03 20:49:48.505291     0     0 I PM      : resume of devices complete after 77.789 msecs
11-03 20:49:48.507925     0     0 I         : Restarting tasks ...
11-03 20:49:48.510325     0     0 W QSEECOM : qseecom_receive_req: Interrupted: exiting Listener Service = 8192
11-03 20:49:48.510481     0     0 W QSEECOM : qseecom_receive_req: Interrupted: exiting Listener Service = 12288
11-03 20:49:48.510525     0     0 W QSEECOM : qseecom_receive_req: Interrupted: exiting Listener Service = 10
11-03 20:49:48.510613     0     0 W QSEECOM : qseecom_receive_req: Interrupted: exiting Listener Service = 28672
11-03 20:49:48.513518     0     0 W QSEECOM : qseecom_receive_req: Interrupted: exiting Listener Service = 11
11-03 20:49:48.514272     0     0 I         : done.
11-03 20:49:49.292480     0     0 I PM      : suspend exit 2021-11-03 19:49:49.292480223 UTC
11-03 20:49:50.640875     0     0 E FG      : fg_psy_get_property: unsupported property 7
11-03 20:49:50.643824     0     0 I chatty  : uid=0(root) logd identical 1 line
11-03 20:49:50.643830     0     0 E FG      : fg_psy_get_property: unsupported property 7
11-03 20:49:50.599936     0     0 W healthd : battery l=22 v=3958 t=39.0 h=2 st=2 c=-287 fc=443000 cc=0 chg=a
11-03 20:49:50.651407     0     0 I PM      : suspend entry 2021-11-03 19:49:50.651407983 UTC
11-03 20:49:50.651419     0     0 I PM      : Syncing filesystems ...
11-03 20:49:50.600910     0     0 W healthd : battery l=22 v=3958 t=39.0 h=2 st=2 c=-287 fc=443000 cc=0 chg=a
--------- switch to main
11-03 20:49:50.663703  1906  1906 D QtiCarrierConfigHelper: WARNING, no carrier configs on phone Id: 0
11-03 20:49:50.682897  2365  2365 D HOME    : [WatchFaceUiController]sendStateToWallpaper
11-03 20:49:50.701196  2365  2365 D HOME    : [BatteryChange]action: android.intent.action.BATTERY_CHANGED
11-03 20:49:50.701694  2365  5231 D HOME    : [BatteryChange]HandleBatteryChangedTask
11-03 20:49:50.702135  2365  5231 D HOME    : [BatteryChange]level: 22, status: 2
11-03 20:49:50.702293  2365  5064 D HOME    : [ComplicationController]scheduleImmediateUpdateForAllFromProvider ComponentInfo{com.google.android.wearable.app/com.google.android.clockwork.home.complications.providers.BatteryProviderService}
11-03 20:49:50.705890  2365  5231 D HOME    : [BatteryChange]level: 22, timestamp: 1635968990705
--------- switch to kernel
11-03 20:49:50.683122     0     0 I         : done.
11-03 20:49:50.683343     0     0 I         : Freezing user space processes ...
11-03 20:49:50.688470     0     0 I PM      : Wakeup pending, aborting suspend
11-03 20:49:50.688492     0     0 I         : active wakeup source: PowerManagerService.WakeLocks
11-03 20:49:50.688572     0     0 E         : Freezing of tasks aborted after 0.005 seconds
11-03 20:49:50.688586     0     0 I         : Restarting tasks ...
11-03 20:49:50.689162     0     0 W QSEECOM : qseecom_receive_req: Interrupted: exiting Listener Service = 8192
11-03 20:49:50.689225     0     0 W QSEECOM : qseecom_receive_req: Interrupted: exiting Listener Service = 12288
11-03 20:49:50.689251     0     0 W QSEECOM : qseecom_receive_req: Interrupted: exiting Listener Service = 10
11-03 20:49:50.689288     0     0 W QSEECOM : qseecom_receive_req: Interrupted: exiting Listener Service = 28672
11-03 20:49:50.693078     0     0 W QSEECOM : qseecom_receive_req: Interrupted: exiting Listener Service = 11
11-03 20:49:50.693731     0     0 I         : done.
11-03 20:49:50.745504     0     0 I PM      : suspend exit 2021-11-03 19:49:50.745504441 UTC
11-03 20:49:50.952531     0     0 I PM      : suspend entry 2021-11-03 19:49:50.952531264 UTC
11-03 20:49:50.952554     0     0 I PM      : Syncing filesystems ... done.
11-03 20:49:50.978885     0     0 I         : Freezing user space processes ... (elapsed 0.008 seconds) done.
11-03 20:49:50.987049     0     0 I         : Freezing remaining freezable tasks ... (elapsed 0.004 seconds) done.
11-03 20:49:50.991471     0     0 I         : Suspending console(s) (use no_console_suspend to debug)
11-03 20:49:51.003680     0     0 I mdss_dsi_panel_set_idle_mode: Idle (1->1)
11-03 20:49:51.043831     0     0 I bgcom   : bgcom_pm_suspend: suspended with : 0
11-03 20:49:51.083657     0     0 I PM      : suspend of devices complete after 89.676 msecs
11-03 20:49:51.089938     0     0 I PM      : late suspend of devices complete after 6.239 msecs
11-03 20:49:51.096082     0     0 I PM      : noirq suspend of devices complete after 6.116 msecs
11-03 20:49:51.096096     0     0 I         : Disabling non-boot CPUs ...
11-03 20:49:51.111365     0     0 I CPU1    : shutdown
11-03 20:49:51.113509     0     0 I suspend ns: 823064554393	suspend cycles:      21191518447
11-03 20:49:51.113487     0     0 I CPU0    : msm_cpu_pm_enter_sleep mode:3 during suspend
11-03 20:49:51.113487     0     0 I         : Suspended for 0.228 seconds
11-03 20:49:51.113487     0     0 I resume cycles: 21195907227
11-03 20:49:51.113774     0     0 I         : Enabling non-boot CPUs ...
11-03 20:49:51.114615     0     0 I CPU1    : update cpu_capacity 1024
11-03 20:49:51.116307     0     0 I         : CPU1 is up
11-03 20:49:51.117878     0     0 I CPU1    : update max cpu_capacity 1024
11-03 20:49:51.120526     0     0 I PM      : noirq resume of devices complete after 3.837 msecs
11-03 20:49:51.126109     0     0 I PM      : early resume of devices complete after 4.050 msecs
11-03 20:49:51.127410    20    20 E         : [20:49:51.356003] [00000004EF63F36F] [VosRX]  wlan: [E :WDI] WDTS_RxPacketDump RX Data frame is UC
--------- switch to main
11-03 20:49:51.450407  1679  1679 D HandsFreeClientShard: Connecting HandsFree client profile (retry).
--------- switch to kernel
11-03 20:49:51.127438    20    20 E         : [20:49:51.356041] [00000004EF63F62A] [VosRX]  wlan: [E :WDI] WDTS_RxPacketDump: Data subtype:8 SA:44:fe:3b:41:13:4b DA:00:0a:f5:f2:a2:70
11-03 20:49:51.127541    20    20 E         : [20:49:51.356143] [00000004EF63FDE1] [VosRX]  wlan: [E :HDD] hdd_log_ip_addr: src addr 192:168:1:3
11-03 20:49:51.127558    20    20 E         : [20:49:51.356161] [00000004EF63FF3A] [VosRX]  wlan: [E :HDD] hdd_log_ip_addr: dst addr 192:168:1:14
11-03 20:49:51.158122     0     0 I bgcom   : bgcom_pm_resume: Bgcom resumed with : 0
11-03 20:49:51.170132     0     0 I mdss_dsi_panel_set_idle_mode: Idle (1->1)
11-03 20:49:51.211663     0     0 I PM      : resume of devices complete after 85.521 msecs
11-03 20:49:51.214737     0     0 I         : Restarting tasks ...
11-03 20:49:51.217667     0     0 W QSEECOM : qseecom_receive_req: Interrupted: exiting Listener Service = 8192
11-03 20:49:51.217995     0     0 W QSEECOM : qseecom_receive_req: Interrupted: exiting Listener Service = 10
11-03 20:49:51.218052     0     0 W QSEECOM : qseecom_receive_req: Interrupted: exiting Listener Service = 28672
11-03 20:49:51.221372     0     0 W QSEECOM : qseecom_receive_req: Interrupted: exiting Listener Service = 12288
--------- switch to main
11-03 20:49:51.454348  1679  1679 D BluetoothHeadsetClient: disconnect(14:3C:C3:AD:3D:53)
11-03 20:49:51.457413  1679  1679 D BluetoothHeadsetClient: connect(14:3C:C3:AD:3D:53)
11-03 20:49:51.460830  1784  2068 D HeadsetClientStateMachine: Disconnected process message: 1
11-03 20:49:51.461237  1784  1971 I bt_btif_queue: queue_int_add: adding connection request: address=14:3c:c3:ad:3d:53 UUID=111E busy=false
11-03 20:49:51.461343  1784  1971 I bt_btif_queue: btif_queue_connect_next: executing connection request: address=14:3c:c3:ad:3d:53 UUID=111E busy=false
11-03 20:49:51.461388  1784  1971 E bt_btif : is_connected: not connected!
11-03 20:49:51.461448  1784  1971 W bt_btif : bta_hf_client_find_cb_by_bda: bdaddr mismatch for handle 0 alloc 0
11-03 20:49:51.461481  1784  1971 W bt_btif : bta_hf_client_find_cb_by_bda: bdaddr mismatch for handle 1 alloc 0
11-03 20:49:51.461512  1784  1971 W bt_btif : bta_hf_client_find_cb_by_bda: bdaddr mismatch for handle 2 alloc 0
11-03 20:49:51.461540  1784  1971 W bt_btif : bta_hf_client_find_cb_by_bda: bdaddr mismatch for handle 3 alloc 0
11-03 20:49:51.461571  1784  1971 W bt_btif : bta_hf_client_find_cb_by_bda: bdaddr mismatch for handle 4 alloc 0
11-03 20:49:51.461600  1784  1971 W bt_btif : bta_hf_client_find_cb_by_bda: bdaddr mismatch for handle 5 alloc 0
11-03 20:49:51.461630  1784  1971 W bt_btif : bta_hf_client_find_cb_by_bda: bdaddr mismatch for handle 6 alloc 0
11-03 20:49:51.461660  1784  1971 W bt_btif : bta_hf_client_find_cb_by_bda: bdaddr mismatch for handle 7 alloc 0
11-03 20:49:51.461688  1784  1971 W bt_btif : bta_hf_client_find_cb_by_bda: bdaddr mismatch for handle 8 alloc 0
11-03 20:49:51.461719  1784  1971 W bt_btif : bta_hf_client_find_cb_by_bda: bdaddr mismatch for handle 9 alloc 0
11-03 20:49:51.461747  1784  1971 E bt_btif : bta_hf_client_find_cb_by_bda: block not found
11-03 20:49:51.469811  1784  1784 D AdapterProperties: PROFILE_CONNECTION_STATE_CHANGE: profile=16, device=14:3C:C3:AD:3D:53, 0 -> 1
11-03 20:49:51.471204  1784  1784 D AdapterProperties: ADAPTER_CONNECTION_STATE_CHANGE: 14:3C:C3:AD:3D:53: 0 -> 1
11-03 20:49:51.474861  3281  3281 D BtTelecomReceiver: onReceive: Intent { act=android.bluetooth.headsetclient.profile.action.CONNECTION_STATE_CHANGED flg=0x10 cmp=com.google.android.apps.wearable.bluetooth/com.google.android.clockwork.hfp.BtTelecomBroadcastReceiver (has extras) }
11-03 20:49:51.475079  3281  3281 D BtTelecomReceiver: Hfp connection changed: -724754873 0 -> 1
--------- switch to system
11-03 20:49:51.477575  1679  3654 W BroadcastQueue: Background execution not allowed: receiving Intent { act=android.bluetooth.adapter.action.CONNECTION_STATE_CHANGED flg=0x4000010 (has extras) } to com.google.android.gms/.chimera.GmsIntentOperationService$PersistentTrustedReceiver
--------- switch to kernel
11-03 20:49:51.229928     0     0 W QSEECOM : qseecom_receive_req: Interrupted: exiting Listener Service = 11
11-03 20:49:51.234444     0     0 I         : done.
11-03 20:49:51.487699     0     0 I PM      : suspend exit 2021-11-03 19:49:51.487699753 UTC
11-03 20:49:51.968162     0     0 I PM      : suspend entry 2021-11-03 19:49:51.968162930 UTC
11-03 20:49:51.968177     0     0 I PM      : Syncing filesystems ... done.
11-03 20:49:52.068270     0     0 I         : Freezing user space processes ... (elapsed 0.007 seconds) done.
11-03 20:49:52.075371     0     0 I         : Freezing remaining freezable tasks ... (elapsed 0.004 seconds) done.
11-03 20:49:52.079443     0     0 I         : Suspending console(s) (use no_console_suspend to debug)
11-03 20:49:52.091279     0     0 I mdss_dsi_panel_set_idle_mode: Idle (1->1)
11-03 20:49:52.131305     0     0 I bgcom   : bgcom_pm_suspend: suspended with : 0
11-03 20:49:52.166845     0     0 I PM      : suspend of devices complete after 85.172 msecs
11-03 20:49:52.172408     0     0 I PM      : late suspend of devices complete after 5.519 msecs
11-03 20:49:52.178192     0     0 I PM      : noirq suspend of devices complete after 5.758 msecs
11-03 20:49:52.178205     0     0 I         : Disabling non-boot CPUs ...
11-03 20:49:52.197533     0     0 W         : IRQ16 no longer affine to CPU1
11-03 20:49:52.197819     0     0 W         : IRQ93 no longer affine to CPU1
11-03 20:49:52.199489     0     0 I CPU1    : shutdown
11-03 20:49:52.201704     0     0 I suspend ns: 823924159343	suspend cycles:      21212411642
11-03 20:49:52.201685     0     0 I CPU0    : msm_cpu_pm_enter_sleep mode:3 during suspend
11-03 20:49:52.201685     0     0 I         : Suspended for 0.191 seconds
11-03 20:49:52.201685     0     0 I resume cycles: 21216100200
11-03 20:49:52.201943     0     0 I         : Enabling non-boot CPUs ...
11-03 20:49:52.202755     0     0 I CPU1    : update cpu_capacity 1024
11-03 20:49:52.204193     0     0 I         : CPU1 is up
11-03 20:49:52.206364     0     0 I CPU1    : update max cpu_capacity 1024
11-03 20:49:52.208121     0     0 I PM      : noirq resume of devices complete after 3.611 msecs
11-03 20:49:52.213657     0     0 I PM      : early resume of devices complete after 4.054 msecs
11-03 20:49:52.215167    20    20 E         : [20:49:52.407280] [00000004F097F126] [VosRX]  wlan: [E :WDI] WDTS_RxPacketDump RX Data frame is UC
11-03 20:49:52.215191    20    20 E         : [20:49:52.407314] [00000004F097F3AE] [VosRX]  wlan: [E :WDI] WDTS_RxPacketDump: Data subtype:8 SA:44:fe:3b:41:13:4b DA:00:0a:f5:f2:a2:70
11-03 20:49:52.215290    20    20 E         : [20:49:52.407412] [00000004F097FB10] [VosRX]  wlan: [E :HDD] hdd_log_ip_addr: src addr 192:168:1:3
11-03 20:49:52.215302    20    20 E         : [20:49:52.407428] [00000004F097FC2F] [VosRX]  wlan: [E :HDD] hdd_log_ip_addr: dst addr 192:168:1:14
11-03 20:49:52.244271     0     0 I bgcom   : bgcom_pm_resume: Bgcom resumed with : 0
11-03 20:49:52.255893     0     0 I mdss_dsi_panel_set_idle_mode: Idle (1->1)
11-03 20:49:52.290526     0     0 I PM      : resume of devices complete after 76.839 msecs
11-03 20:49:52.293184     0     0 I         : Restarting tasks ...
11-03 20:49:52.295640     0     0 W QSEECOM : qseecom_receive_req: Interrupted: exiting Listener Service = 8192
11-03 20:49:52.295707     0     0 W QSEECOM : qseecom_receive_req: Interrupted: exiting Listener Service = 12288
11-03 20:49:52.295821     0     0 W QSEECOM : qseecom_receive_req: Interrupted: exiting Listener Service = 11
11-03 20:49:52.299099     0     0 W QSEECOM : qseecom_receive_req: Interrupted: exiting Listener Service = 10
11-03 20:49:52.299152     0     0 W QSEECOM : qseecom_receive_req: Interrupted: exiting Listener Service = 28672
11-03 20:49:52.303878     0     0 I         : done.
11-03 20:49:52.496708     0     0 I PM      : suspend exit 2021-11-03 19:49:52.496708658 UTC
11-03 20:49:52.600190     0     0 I PM      : suspend entry 2021-11-03 19:49:52.600190168 UTC
11-03 20:49:52.600204     0     0 I PM      : Syncing filesystems ... done.
11-03 20:49:52.698161     0     0 I         : Freezing user space processes ... (elapsed 0.007 seconds) done.
11-03 20:49:52.705471     0     0 I         : Freezing remaining freezable tasks ... (elapsed 0.003 seconds) done.
11-03 20:49:52.709497     0     0 I         : Suspending console(s) (use no_console_suspend to debug)
11-03 20:49:52.721087     0     0 I mdss_dsi_panel_set_idle_mode: Idle (1->1)
11-03 20:49:52.763119     0     0 I bgcom   : bgcom_pm_suspend: suspended with : 0
11-03 20:49:52.799319     0     0 I PM      : suspend of devices complete after 87.598 msecs
11-03 20:49:52.804949     0     0 I PM      : late suspend of devices complete after 5.589 msecs
11-03 20:49:52.810745     0     0 I PM      : noirq suspend of devices complete after 5.771 msecs
11-03 20:49:52.810755     0     0 I         : Disabling non-boot CPUs ...
11-03 20:49:52.829545     0     0 W         : IRQ16 no longer affine to CPU1
11-03 20:49:52.829841     0     0 W         : IRQ93 no longer affine to CPU1
11-03 20:49:52.831505     0     0 I CPU1    : shutdown
11-03 20:49:52.833476     0     0 I suspend ns: 824363816740	suspend cycles:      21224541622
11-03 20:49:52.833456     0     0 I CPU0    : msm_cpu_pm_enter_sleep mode:3 during suspend
11-03 20:49:52.833456     0     0 I         : Suspended for 0.627 seconds
