11-03 10:11:35.431650   512   512 I sensors-hal: batch:140, android.sensor.accelerometer/48, period=66667000, max_latency=100000000
11-03 10:11:35.434364   512   512 I sensors-hal: batch:149, android.sensor.accelerometer/48, period=66667000, max_latency=100000000 request completed
11-03 10:11:35.435204  1686  1686 D DefaultUngazeDetector: Ungaze event occurred; emitting gesture event!
11-03 10:11:35.435324  1686  1686 D WristGestureCtrl: Gesture:GESTURE UNGAZE, timestamp(ms): 62173544, confidence: 0.0, latency(ms): 0, duration(ms): 1321
11-03 10:11:35.436830   512   512 I sensors-hal: batch:140, android.sensor.accelerometer/48, period=19231000, max_latency=100000000
--------- switch to system
11-03 10:11:35.438457  1686  1686 I WindowManager: sleepRelease() calling goToSleep(GO_TO_SLEEP_REASON_SLEEP_BUTTON)
11-03 10:11:35.438763  1686  1686 I PowerManagerService: Going to sleep due to sleep button (uid 1000)...
--------- switch to main
11-03 10:11:35.439624   512   512 I sensors-hal: batch:149, android.sensor.accelerometer/48, period=19231000, max_latency=100000000 request completed
11-03 10:11:35.440430   512   512 I sensors-hal: flush:169, android.sensor.accelerometer/48
--------- switch to system
11-03 10:11:35.440531  1686  1712 I DreamManagerService: Entering dreamland.
11-03 10:11:35.441400  1686  1712 I PowerManagerService: Dozing...
11-03 10:11:35.442537  1686  1708 I DreamController: Starting dream: name=ComponentInfo{com.google.android.wearable.ambient/com.google.android.wearable.ambient.AmbientDream}, isTest=false, canDoze=true, userId=0
--------- switch to main
11-03 10:11:35.442657   512   512 I sensors-hal: flush:175, android.sensor.accelerometer/48 completed
--------- switch to system
11-03 10:11:35.446887  1686  1686 W UsageStatsService: Event reported without a package name
11-03 10:11:35.470758  1686  1686 W ContextImpl: Calling a method in the system process without a qualified user: android.app.ContextImpl.bindService:1611 android.content.ContextWrapper.bindService:698 com.google.android.wearable.ambient.AmbientDream.onCreate:191 android.app.ActivityThread.handleCreateService:3533 android.app.ActivityThread.access$1300:200 
11-03 10:11:35.473956  1686  1686 W ContextImpl: Calling a method in the system process without a qualified user: android.app.ContextImpl.sendBroadcast:1005 android.content.ContextWrapper.sendBroadcast:444 com.google.android.wearable.ambient.AmbientDream.onCreate:241 android.app.ActivityThread.handleCreateService:3533 android.app.ActivityThread.access$1300:200 
11-03 10:11:35.474620  1686  1686 V DreamService[AmbientDream]: onBind() intent = Intent { act=android.service.dreams.DreamService flg=0x800000 cmp=com.google.android.wearable.ambient/.AmbientDream }
--------- switch to main
11-03 10:11:35.476197  1686  1686 I AmbientService: [ce6a28c] Ambient Created
--------- switch to system
11-03 10:11:35.477096  1686  1686 V DreamService[AmbientDream]: Calling onDreamingStarted()
--------- switch to main
11-03 10:11:35.477216  1686  1686 I AmbientService: [ce6a28c] doOnDreamingStarted
11-03 10:11:35.477661  1686  1686 D SidekickService: setShouldControlDisplay called: true
11-03 10:11:35.478681  1686  1686 I AmbientService: [ce6a28c] Selected running activity for ambient mode: AmbientActivity[component=ComponentInfo{com.google.android.wearable.app/com.google.android.clockwork.home2.activity.HomeActivity2}, callbacks=@210b385, running=true, ambientRequested=true, ambientEnabled=true, offloadEnabled=true]
11-03 10:11:35.479183  1686  1686 I AmbientService: [ce6a28c] Sidekick is ready to display, requesting doze.
11-03 10:11:35.479799  1686  1686 I AmbientService: [ce6a28c] No auto-resume Activity.
11-03 10:11:35.481508  1686  1686 W DefaultSettingsContentR: Value for ambient_low_bit_enabled not stored as number. Attempting parse as boolean.
11-03 10:11:35.483076  2520  2520 D HOME    : [HomeVisitsLogger]Logging streamlet event: enter_ambient_mode
11-03 10:11:35.483730  2520  2520 D HOME    : [HotwordController]updateClient MODE_WATCH_FACE false true false true
11-03 10:11:35.483819  2520 12013 D HOME    : [HomeVisitsLogger]Logging streamlet event: visit_end
11-03 10:11:35.484892  2520  2520 D HOME    : [WatchFaceUiController]setInAmbientMode true
11-03 10:11:35.485943  2520 12013 I SidekickManager: replaceWatchFaceComponentsImpl(): watchFace = com.google.android.clockwork.decomposablewatchface.WatchFaceDecomposition@7078196
11-03 10:11:35.487359  2520  2520 D HOME    : [StreamDBQueue]Promised revision #3987 to queue a new op
11-03 10:11:35.487645  2520  2520 D WatchStreamManager: Promised rank-blocked=false @ r#3987
11-03 10:11:35.487987  1686  2583 D SidekickService: sendWatchFaceComponents called: watchFace = com.google.android.clockwork.decomposablewatchface.WatchFaceDecomposition@b64a4b4shouldReplace = false
11-03 10:11:35.488119  2520  2520 D HOME    : [StreamDBQueue]Promised revision #3988 to queue a new op
11-03 10:11:35.488175  2520 11644 D HOME    : [WatchStreamDB]Item alerting conditions - isInterruptive: false, recentlyInterrupted: false, isItemPinned: false, isUnread: false
11-03 10:11:35.488229  1686  2583 D SidekickService: Check decomposition for calling app com.google.android.wearable.app with uid 10049
11-03 10:11:35.488233  2520  2520 D WatchStreamManager: Promised rank-blocked=false @ r#3988
11-03 10:11:35.488454  2520 11644 D HOME    : [StreamAlertingRegulator]isTheaterModeEnabled: false, isAlertingAllowedByOffBody: true, matchesLocalInterruptionFilter: true
11-03 10:11:35.488661  1686  2583 D SidekickService: sendWatchFaceLocked(): shouldReplace = false, mSidekickIsControlling = false, 1 images, 0 fonts, 0 numbers, 0 proportionalFonts, 0 strings
11-03 10:11:35.488733  1686  2583 D SidekickService: ISidekickGraphics#beginResources()...
11-03 10:11:35.488764  2520 11644 D HOME    : [WatchStreamDB]couldItemAlert: false, isTopItemChanged: false, isDeferralForTopItem: false
11-03 10:11:35.488846  2520  2520 D HOME    : [EventBus]Wrapper pool is full. Discarding excess wrapper instance for event com.google.android.clockwork.sysui.events.KeyguardStateEvent
11-03 10:11:35.488943  2520  2520 D HOME    : [WatchFaceUiController]sendStateToWallpaper
11-03 10:11:35.489644  2520 11644 D HOME    : [WatchStreamDB]Item alerting conditions - isInterruptive: false, recentlyInterrupted: false, isItemPinned: false, isUnread: false
11-03 10:11:35.490017  2520 11644 D HOME    : [StreamAlertingRegulator]isTheaterModeEnabled: false, isAlertingAllowedByOffBody: true, matchesLocalInterruptionFilter: true
11-03 10:11:35.490046  1686  2583 D SidekickServiceUtils: bitmapFromDrawable: Returning bitmap directly
11-03 10:11:35.490291  2520 11644 D HOME    : [WatchStreamDB]couldItemAlert: false, isTopItemChanged: false, isDeferralForTopItem: false
11-03 10:11:35.490887  2520  2520 D HOME    : [EventBus]Wrapper pool is full. Discarding excess wrapper instance for event com.google.android.clockwork.sysui.events.KeyguardStateEvent
11-03 10:11:35.491190  2520  2520 D HOME    : [EventBus]Wrapper pool is full. Discarding excess wrapper instance for event com.google.android.clockwork.sysui.events.KeyguardStateEvent
11-03 10:11:35.491354  2520 11756 D HOME    : [StreamDBQueue]Promised revision #3989 to queue a new op
11-03 10:11:35.491572  2520 11756 D WatchStreamManager: Promised rerank @ r#3989
11-03 10:11:35.492338  2520 11644 D HOME    : [WatchStreamDB]updateRanking()
11-03 10:11:35.492502  1686  2583 D SidekickService: sendBitmapsLocked(): bounds = RectF(0.0, 0.0, 0.0024038462, 0.0024038462), drawableInfo = {.id = 100000, .width = 1, .height = 1, .display = true, .offsetX = 0.0, .offsetY = 0.0, .rotationInfo = {.hasRotation = false, .pivotX = 0.0, .pivotY = 0.0, .degreesPerDay = 0.0, .degreesPerStep = 0.0, .zeroDegreesTime = {.daysSinceLocalEpoch = 0, .msSinceMidnight = 0}}, .transformInfo = {.transformed = false, .flipX = false, .flipY = false, .flip45 = false, .scaleX = 0.0, .scaleY = 0.0}, .type = GENERIC, .blink = {.blinking = false, .periodOnMs = 0.0, .periodOffMs = 0.0, .startTime = {.daysSinceLocalEpoch = 0, .msSinceMidnight = 0}}, .zOrder = 8, .displayInTwm = true}, image.size() = 84
11-03 10:11:35.492876  2520 11644 D HOME    : [WatchStreamDB]Item alerting conditions - isInterruptive: false, recentlyInterrupted: false, isItemPinned: false, isUnread: false
11-03 10:11:35.493237  2520 11644 D HOME    : [StreamAlertingRegulator]isTheaterModeEnabled: false, isAlertingAllowedByOffBody: true, matchesLocalInterruptionFilter: true
11-03 10:11:35.493383   416   416 D SKGHAL  : saveResource: resId = 100000
11-03 10:11:35.493585  2520 11644 D HOME    : [WatchStreamDB]couldItemAlert: false, isTopItemChanged: false, isDeferralForTopItem: false
11-03 10:11:35.493789  1686  2583 D SidekickService: sendBitmapsLocked(): status = 0, bytesUsed = 18
11-03 10:11:35.494306  2520 11644 D HOME    : [NewStreamAdapter]Publishing revision #3989 to adapter clients
11-03 10:11:35.494049  1686  2583 D SidekickService: ISidekickGraphics#endResources()...
11-03 10:11:35.495907  2520 11756 D HOME    : [StreamDBQueue]Promised revision #3990 to queue a new op
11-03 10:11:35.496319  2520 11756 D WatchStreamManager: Promised rerank @ r#3990
11-03 10:11:35.496505  2520 11644 D HOME    : [WatchStreamDB]updateRanking()
11-03 10:11:35.498735  2520 11644 D HOME    : [WatchStreamDB]Item alerting conditions - isInterruptive: false, recentlyInterrupted: false, isItemPinned: false, isUnread: false
11-03 10:11:35.499053  2520 11644 D HOME    : [StreamAlertingRegulator]isTheaterModeEnabled: false, isAlertingAllowedByOffBody: true, matchesLocalInterruptionFilter: true
11-03 10:11:35.499237  2520 11644 D HOME    : [WatchStreamDB]couldItemAlert: false, isTopItemChanged: false, isDeferralForTopItem: false
11-03 10:11:35.499876  2520 11644 D HOME    : [NewStreamAdapter]Publishing revision #3990 to adapter clients
11-03 10:11:35.782267   416   416 D SKGHAL  : sendResources: metadata size = 2400, font size = 72
11-03 10:11:35.842612   416   416 D SKGHAL  : endResources: rc = 0
11-03 10:11:35.843772  1686  1686 W system_server: Long monitor contention with owner Binder:1686_B (2583) at int com.google.android.clockwork.sidekick.SidekickService$BinderService.sendWatchFace(com.google.android.clockwork.decomposablewatchface.WatchFaceDecomposition, boolean)(SidekickService.java:1021) waiters=0 in boolean com.google.android.clockwork.sidekick.SidekickService$BinderService.readyToDisplay() for 353ms
11-03 10:11:35.844321  1686  1686 I AmbientService: [ce6a28c] Showing watch face in offload mode, canceling alarm.
11-03 10:11:35.844388  1686  1686 W AlarmManagerProxy: Removing unknown listener
11-03 10:11:35.844566  1686  1686 D WristGestureCtrl: Stopping detectors: GesturesEnabled-false gestureDetector-false ungazeEnabled-true ungaze-true
11-03 10:11:35.845002  1686 10916 W system_server: Long monitor contention with owner main (1686) at void com.google.android.wearable.ambient.AmbientService.doOnDreamingStarted()(AmbientService.java:659) waiters=0 in void com.google.android.wearable.ambient.AmbientService.maybeSendDozeCommand() for 353ms
11-03 10:11:35.844656  1686  1686 D DefaultUngazeDetector: stopping
--------- switch to system
11-03 10:11:35.845858  1686  1686 W Looper  : Slow dispatch took 369ms main h=android.os.Handler c=android.service.dreams.DreamService$1@b4128dd m=0
--------- switch to main
11-03 10:11:35.848785   512  1749 I sensors-hal: batch:140, android.sensor.accelerometer/48, period=66667000, max_latency=100000000
--------- switch to system
11-03 10:11:35.848996  1686  1686 W Looper  : Slow delivery took 371ms main h=android.app.ActivityThread$H c=android.app.-$$Lambda$LoadedApk$ReceiverDispatcher$Args$_BumDX2UKsnxLVrE6UJsJZkotuA@d1fec52 m=0
--------- switch to main
11-03 10:11:35.851605  2520  2520 W StaticLayout: maxLineHeight should not be -1.  maxLines:1 lineCount:1
11-03 10:11:35.853381   512  1749 I sensors-hal: batch:149, android.sensor.accelerometer/48, period=66667000, max_latency=100000000 request completed
--------- switch to system
11-03 10:11:35.862573  1686  1686 W Looper  : Drained
--------- switch to main
11-03 10:11:35.874304  1956  1956 D QtiCarrierConfigHelper: WARNING, no carrier configs on phone Id: 0
--------- switch to kernel
11-03 10:11:35.754874     0     0 E FG      : fg_psy_get_property: unsupported property 7
11-03 10:11:35.756985     0     0 W healthd : battery l=18 v=3654 t=28.0 h=2 st=3 c=157 fc=443000 cc=0 chg=
--------- switch to main
11-03 10:11:35.882179  2520  2520 D HOME    : [SidekickManagerAsync]replaceWatchFaceComponents(): Callback#onResult(): 0
11-03 10:11:35.882879  2520  2520 D HOME    : [BatteryChange]action: android.intent.action.BATTERY_CHANGED
11-03 10:11:35.883228  2520  2520 D HOME    : [WatchFaceUiController]Complication updates sent, posting watch face hiding
11-03 10:11:35.883298  2520  2520 D HOME    : [WatchFaceUiController]Still in ambient watch face, hiding
11-03 10:11:35.883371  2520  2520 D HOME    : [WatchFaceUiController]Hiding watch face wallpaper.
11-03 10:11:35.883647  2520 12013 D HOME    : [BatteryChange]HandleBatteryChangedTask
11-03 10:11:35.884232  2520 12013 D HOME    : [BatteryChange]level: 18, status: 3
11-03 10:11:35.890629   512  1749 I sensors-hal: activate:107, android.sensor.light/46 en=0
11-03 10:11:35.891878   512  1749 I sensors-hal: activate:118, android.sensor.light/46 en=0 completed
11-03 10:11:35.894026   545   545 D SurfaceFlinger: Set power mode=3, type=0 flinger=0xb6bb6000
--------- switch to system
11-03 10:11:35.894020  1686  1710 I DisplayManagerService: Display device changed state: "Écran intégré", DOZE_SUSPEND
--------- switch to main
11-03 10:11:35.895205   504   764 I SDM     : DisplayBase::SetDisplayState: Set state = 3, display 0
11-03 10:11:35.918452  1686  1759 I InputReader: Reconfiguring input devices.  changes=0x00000004
11-03 10:11:35.950998   545   545 D SurfaceFlinger: Finished set power mode=3, type=0
11-03 10:11:35.951570  1686  1823 I SidekickService: beginDisplayLocked(): DOZE_SUSPEND
11-03 10:11:35.952085   416   416 D SKGHAL  : sendAmbientPrepare: enter:
--------- switch to kernel
11-03 10:11:35.783518     0     0 I mdss_dsi_panel_set_idle_mode: Idle (0->1)
11-03 10:11:35.834722     0     0 I         : [touch]FB_BLANK_VSYNC_SUSPEND
11-03 10:11:35.834728     0     0 I         : [touch]irq disable
11-03 10:11:35.834731     0     0 I         : [touch]workqueue is empty!
11-03 10:11:35.834733     0     0 I         : [touch]raydium_ts_do_suspend.
11-03 10:11:35.834742     0     0 I         : [touch]Device may wakeup
11-03 10:11:35.838872     0     0 I         : [touch]irq enable
--------- switch to main
11-03 10:11:36.085908   416   416 D SKGHAL  : sendAmbientEvent: enter: enable = 1
11-03 10:11:36.087740   504   523 I SDM     : DisplayBase::SetDisplayState: Set state = 4, display 0
11-03 10:11:36.119689   504   523 D SDM     : HWCDisplayPrimary::SetStandByMode: Null display is connected successfully
11-03 10:11:36.120273   416   416 D SKGHAL  : standBy_update_control call succeed on 1
11-03 10:11:36.133110   416   416 D SKGHAL  : sendAmbientEvent: done: enable = 1
11-03 10:11:36.134002  1686  1823 D SidekickService:    ... beginDisplay result: 0 for halPower: 1
11-03 10:11:36.141398   512  1749 I sensors-hal: activate:107, android.sensor.accelerometer/48 en=0
11-03 10:11:36.144321   512  1749 I sensors-hal: activate:118, android.sensor.accelerometer/48 en=0 completed
--------- switch to kernel
11-03 10:11:36.032423     0     0 E bgrsb   : bgrsb_enable: gpio 32 is valid
--------- switch to main
11-03 10:11:36.155454  1686  1799 E WifiStateMachine: getWifiLinkLayerStats called without an interface
11-03 10:11:36.190293  1686  1686 I WearPower: [WearTouchMediator] changing touch input to enabled (ON_AUTO)
11-03 10:11:36.193064  1686  1759 I InputReader: Reconfiguring input devices.  changes=0x00000200
--------- switch to kernel
11-03 10:11:36.085167     0     0 I init    : processing action (ro.enable_core_ctl=true && sys.cw_corectl_mode=idle) from (/vendor/etc/init/hw/init.qcom.rc:949)
--------- switch to main
11-03 10:11:36.208454  1686  1686 I AmbientService: [ce6a28c] Timeout alarm not required, auto-resume timeout handled by dream.
11-03 10:11:36.231206  3205  3434 W WorkController: Loading failed for worker [trainingcache]: worker not found
11-03 10:11:36.233688  3205  3294 W A       : TrainingCache cache SCREEN_OFF failure
11-03 10:11:36.233688  3205  3294 W A       : com.google.android.apps.gsa.search.core.service.h.a.a: No worker found for Worker ID [trainingcache].
11-03 10:11:36.233688  3205  3294 W A       : 	at com.google.android.apps.gsa.search.core.service.g.a.c.a(Unknown Source:5)
11-03 10:11:36.233688  3205  3294 W A       : 	at com.google.android.libraries.gsa.c.a.d.a(Unknown Source:3)
11-03 10:11:36.233688  3205  3294 W A       : 	at com.google.common.p.a.cg.c(Unknown Source:2)
11-03 10:11:36.233688  3205  3294 W A       : 	at com.google.common.p.a.bk.run(SourceFile:3)
11-03 10:11:36.233688  3205  3294 W A       : 	at com.google.common.p.a.ci.run(Unknown Source:4)
11-03 10:11:36.233688  3205  3294 W A       : 	at com.google.apps.tiktok.concurrent.ab.run(SourceFile:1)
11-03 10:11:36.233688  3205  3294 W A       : 	at java.util.concurrent.ThreadPoolExecutor.runWorker(ThreadPoolExecutor.java:1167)
11-03 10:11:36.233688  3205  3294 W A       : 	at java.util.concurrent.ThreadPoolExecutor$Worker.run(ThreadPoolExecutor.java:641)
11-03 10:11:36.233688  3205  3294 W A       : 	at com.google.apps.tiktok.concurrent.c.run(Unknown Source:4)
11-03 10:11:36.233688  3205  3294 W A       : 	at java.lang.Thread.run(Thread.java:764)
11-03 10:11:36.264460  2520  2520 D HOME    : [StreamDBQueue]Promised revision #3991 to queue a new op
11-03 10:11:36.265437  2520  2520 D WatchStreamManager: Promised rank-blocked=false @ r#3991
11-03 10:11:36.266009  2520  2520 D HOME    : [CompactHunStarter]detachWindow()
11-03 10:11:36.266656  2520 12013 D HOME    : [WatchStreamDB]Item alerting conditions - isInterruptive: false, recentlyInterrupted: false, isItemPinned: false, isUnread: false
11-03 10:11:36.266664  2520 11756 D HOME    : [StreamDBQueue]Promised revision #3992 to queue a new op
11-03 10:11:36.266912  2520 11756 D WatchStreamManager: Promised rerank @ r#3992
11-03 10:11:36.267226  2520 12013 D HOME    : [StreamAlertingRegulator]isTheaterModeEnabled: false, isAlertingAllowedByOffBody: true, matchesLocalInterruptionFilter: true
11-03 10:11:36.267764  2520 12013 D HOME    : [WatchStreamDB]couldItemAlert: false, isTopItemChanged: false, isDeferralForTopItem: false
11-03 10:11:36.268756  2520 12013 D HOME    : [WatchStreamDB]updateRanking()
11-03 10:11:36.269606  2520 12013 D HOME    : [WatchStreamDB]Item alerting conditions - isInterruptive: false, recentlyInterrupted: false, isItemPinned: false, isUnread: false
11-03 10:11:36.270107  2520 12013 D HOME    : [StreamAlertingRegulator]isTheaterModeEnabled: false, isAlertingAllowedByOffBody: true, matchesLocalInterruptionFilter: true
11-03 10:11:36.270415  2520 12013 D HOME    : [WatchStreamDB]couldItemAlert: false, isTopItemChanged: false, isDeferralForTopItem: false
11-03 10:11:36.271494  2520 12013 D HOME    : [NewStreamAdapter]Publishing revision #3992 to adapter clients
--------- switch to kernel
11-03 10:11:36.155409     0     0 I CPU3    : update max cpu_capacity 1024
11-03 10:11:36.190131     0     0 W         : IRQ21 no longer affine to CPU2
11-03 10:11:36.192056     0     0 I CPU2    : shutdown
11-03 10:11:36.197559     0     0 I init    : Command 'write /sys/devices/system/cpu/cpu2/online 0' action=ro.enable_core_ctl=true && sys.cw_corectl_mode=idle (/vendor/etc/init/hw/init.qcom.rc:951) took 112ms and succeeded
11-03 10:11:36.314602     0     0 I PM      : suspend entry 2021-11-03 09:11:36.314602667 UTC
11-03 10:11:36.314628     0     0 I PM      : Syncing filesystems ...
11-03 10:11:36.385119     0     0 I CPU0    : update max cpu_capacity 748
11-03 10:11:36.395541     0     0 I         : done.
11-03 10:11:36.410526     0     0 I CPU3    : shutdown
11-03 10:11:36.413152     0     0 I         : Freezing user space processes ...
11-03 10:11:36.419410     0     0 I PM      : Wakeup pending, aborting suspend
11-03 10:11:36.419507     0     0 I         : active wakeup source: NETLINK
11-03 10:11:36.419594     0     0 E         : Freezing of tasks aborted after 0.006 seconds
11-03 10:11:36.419614     0     0 I         : Restarting tasks ...
11-03 10:11:36.421166     0     0 W QSEECOM : qseecom_receive_req: Interrupted: exiting Listener Service = 12288
11-03 10:11:36.421259     0     0 W QSEECOM : qseecom_receive_req: Interrupted: exiting Listener Service = 10
11-03 10:11:36.425837     0     0 W QSEECOM : qseecom_receive_req: Interrupted: exiting Listener Service = 28672
11-03 10:11:36.425920     0     0 W QSEECOM : qseecom_receive_req: Interrupted: exiting Listener Service = 11
11-03 10:11:36.426160     0     0 W QSEECOM : qseecom_receive_req: Interrupted: exiting Listener Service = 8192
11-03 10:11:36.426662     0     0 I         : done.
11-03 10:11:36.433249     0     0 I init    : Command 'write /sys/devices/system/cpu/cpu3/online 0' action=ro.enable_core_ctl=true && sys.cw_corectl_mode=idle (/vendor/etc/init/hw/init.qcom.rc:952) took 117ms and succeeded
11-03 10:11:36.427700     0     0 I PM      : suspend exit 2021-11-03 09:11:36.427700792 UTC
11-03 10:11:36.829514     0     0 I PM      : suspend entry 2021-11-03 09:11:36.829514490 UTC
11-03 10:11:36.829533     0     0 I PM      : Syncing filesystems ... done.
11-03 10:11:36.861684     0     0 I         : Freezing user space processes ... (elapsed 0.011 seconds) done.
11-03 10:11:36.872773     0     0 I         : Freezing remaining freezable tasks ... (elapsed 0.006 seconds) done.
11-03 10:11:36.879021     0     0 I         : Suspending console(s) (use no_console_suspend to debug)
11-03 10:11:36.893981     0     0 I mdss_dsi_panel_set_idle_mode: Idle (1->1)
11-03 10:11:36.930731     0     0 I bgcom   : bgcom_pm_suspend: suspended with : 0
11-03 10:11:36.961806     0     0 I PM      : suspend of devices complete after 78.943 msecs
11-03 10:11:36.967925     0     0 I PM      : late suspend of devices complete after 6.075 msecs
11-03 10:11:36.973991     0     0 I PM      : noirq suspend of devices complete after 6.028 msecs
11-03 10:11:36.974007     0     0 I         : Disabling non-boot CPUs ...
11-03 10:11:36.988153     0     0 I CPU1    : shutdown
11-03 10:11:36.990548     0     0 I suspend ns: 3448034081476	suspend cycles:    1193939040212
11-03 10:11:36.990524     0     0 I CPU0    : msm_cpu_pm_enter_sleep mode:3 during suspend
11-03 10:11:36.990524     0     0 I         : Suspended for 10.259 seconds
11-03 10:11:36.990524     0     0 I resume cycles: 1194136029683
11-03 10:11:36.991139     0     0 I         : Enabling non-boot CPUs ...
11-03 10:11:36.992004     0     0 I CPU1    : update cpu_capacity 1024
11-03 10:11:36.993762     0     0 I         : CPU1 is up
11-03 10:11:36.994615     0     0 I CPU1    : update max cpu_capacity 748
11-03 10:11:36.997794     0     0 I PM      : noirq resume of devices complete after 3.666 msecs
11-03 10:11:37.003299     0     0 I PM      : early resume of devices complete after 3.989 msecs
11-03 10:11:37.038374     0     0 I bgcom   : bgcom_pm_resume: Bgcom resumed with : 0
11-03 10:11:37.048950     0     0 I mdss_dsi_panel_set_idle_mode: Idle (1->1)
11-03 10:11:37.089800     0     0 I PM      : resume of devices complete after 86.460 msecs
11-03 10:11:37.094877     0     0 I         : Restarting tasks ...
11-03 10:11:37.097948     0     0 W QSEECOM : qseecom_receive_req: Interrupted: exiting Listener Service = 8192
11-03 10:11:37.098054     0     0 W QSEECOM : qseecom_receive_req: Interrupted: exiting Listener Service = 11
11-03 10:11:37.098098     0     0 W QSEECOM : qseecom_receive_req: Interrupted: exiting Listener Service = 28672
11-03 10:11:37.104909     0     0 W QSEECOM : qseecom_receive_req: Interrupted: exiting Listener Service = 12288
11-03 10:11:37.105003     0     0 W QSEECOM : qseecom_receive_req: Interrupted: exiting Listener Service = 10
--------- switch to system
11-03 10:11:47.373953  1686  1686 I PowerManagerService: Waking up from dozing (uid=1000 reason=tiltToWake)...
--------- switch to kernel
11-03 10:11:37.115324     0     0 I         : done.
11-03 10:11:47.376318     0     0 I PM      : suspend exit 2021-11-03 09:11:47.376318912 UTC
--------- switch to system
11-03 10:11:47.396484  1686  1686 W UsageStatsService: Event reported without a package name
--------- switch to kernel
11-03 10:11:47.398673     0     0 E <CORE> tx_data: No Space in Fifo
11-03 10:11:47.398707     0     0 E <CORE> tx_data: No Space in Fifo
11-03 10:11:47.410291     0     0 E FG      : fg_psy_get_property: unsupported property 7
11-03 10:11:47.300723     0     0 W healthd : battery l=18 v=3741 t=28.0 h=2 st=3 c=5 fc=443000 cc=0 chg=
--------- switch to main
11-03 10:11:47.438215   512  1749 I sensors-hal: batch:140, android.sensor.light/46, period=100000000, max_latency=0
11-03 10:11:47.438366   512  1749 I sensors-hal: batch:149, android.sensor.light/46, period=100000000, max_latency=0 request completed
11-03 10:11:47.439158   512  1749 I sensors-hal: activate:107, android.sensor.light/46 en=1
11-03 10:11:47.439561   512  1749 I sensors-hal: ssc_enable_rt_task:254, ssc_enable_rt_task : true
--------- switch to kernel
11-03 10:11:47.365904     0     0 E bgrsb   : bgrsb_enable: rsb will set report rate
11-03 10:11:47.373548     0     0 E bgrsb   : bgrsb_enable: gpio 32 is valid
--------- switch to main
11-03 10:11:47.446994   512  1749 I sensors-hal: activate:118, android.sensor.light/46 en=1 completed
11-03 10:11:47.449810  1686  1823 I SidekickService: endDisplayLocked()
--------- switch to system
11-03 10:11:47.450376  1686  1710 I DisplayManagerService: Display device changed state: "Écran intégré", ON
--------- switch to main
11-03 10:11:47.450736   416   416 D SKGHAL  : sendAmbientEvent: enter: enable = 0
11-03 10:11:47.471597   512  1749 I sensors-hal: batch:140, android.sensor.accelerometer/48, period=66667000, max_latency=100000000
11-03 10:11:47.471737   512  1749 I sensors-hal: batch:149, android.sensor.accelerometer/48, period=66667000, max_latency=100000000 request completed
11-03 10:11:47.472189   512  1749 I sensors-hal: activate:107, android.sensor.accelerometer/48 en=1
11-03 10:11:47.472852   512  1749 I sensors-hal: ssc_enable_rt_task:254, ssc_enable_rt_task : true
11-03 10:11:47.478886   512  1749 I sensors-hal: activate:118, android.sensor.accelerometer/48 en=1 completed
11-03 10:11:47.491766  2520  2520 D HOME    : [BatteryChange]action: android.intent.action.BATTERY_CHANGED
11-03 10:11:47.492556  2520 10449 D HOME    : [BatteryChange]HandleBatteryChangedTask
11-03 10:11:47.493231  2520 10449 D HOME    : [BatteryChange]level: 18, status: 3
11-03 10:11:47.508234  4243  4243 D OMService: onDisplayChanged: not dozing
11-03 10:11:47.520686  3205  3434 W WorkController: Loading failed for worker [trainingcache]: worker not found
11-03 10:11:47.523027  3205  3372 W A       : TrainingCache cache DEVICE_UNLOCKED failure
11-03 10:11:47.523027  3205  3372 W A       : com.google.android.apps.gsa.search.core.service.h.a.a: No worker found for Worker ID [trainingcache].
11-03 10:11:47.523027  3205  3372 W A       : 	at com.google.android.apps.gsa.search.core.service.g.a.c.a(Unknown Source:5)
11-03 10:11:47.523027  3205  3372 W A       : 	at com.google.android.libraries.gsa.c.a.d.a(Unknown Source:3)
11-03 10:11:47.523027  3205  3372 W A       : 	at com.google.common.p.a.cg.c(Unknown Source:2)
11-03 10:11:47.523027  3205  3372 W A       : 	at com.google.common.p.a.bk.run(SourceFile:3)
11-03 10:11:47.523027  3205  3372 W A       : 	at com.google.common.p.a.ci.run(Unknown Source:4)
11-03 10:11:47.523027  3205  3372 W A       : 	at com.google.apps.tiktok.concurrent.ab.run(SourceFile:1)
11-03 10:11:47.523027  3205  3372 W A       : 	at java.util.concurrent.ThreadPoolExecutor.runWorker(ThreadPoolExecutor.java:1167)
11-03 10:11:47.523027  3205  3372 W A       : 	at java.util.concurrent.ThreadPoolExecutor$Worker.run(ThreadPoolExecutor.java:641)
11-03 10:11:47.523027  3205  3372 W A       : 	at com.google.apps.tiktok.concurrent.c.run(Unknown Source:4)
11-03 10:11:47.523027  3205  3372 W A       : 	at java.lang.Thread.run(Thread.java:764)
--------- switch to system
11-03 10:11:47.530382  1686  1702 W BroadcastQueue: Background execution not allowed: receiving Intent { act=android.intent.action.USER_PRESENT flg=0x10 } to com.google.android.gms/.auth.setup.devicesignals.LockScreenReceiver
--------- switch to main
11-03 10:11:47.537449   512 12072 I sensors-hal: handle_indication_realtime:355,  SCHED_FIFO(10) for qmi_cbk
11-03 10:11:47.541710  1686  1759 I InputReader: Reconfiguring input devices.  changes=0x00000004
11-03 10:11:47.550121  1956  1956 D QtiCarrierConfigHelper: WARNING, no carrier configs on phone Id: 0
--------- switch to system
11-03 10:11:47.553568  1686  1702 W BroadcastQueue: Background execution not allowed: receiving Intent { act=android.intent.action.USER_PRESENT flg=0x10 } to com.google.android.gms/.chimera.GmsIntentOperationService$PersistentTrustedReceiver
--------- switch to main
11-03 10:11:47.574877  1686  1799 E WifiStateMachine: getWifiLinkLayerStats called without an interface
11-03 10:11:47.618659  1686  1686 I WearPower: [WearTouchMediator] changing touch input to enabled (ON_AUTO)
11-03 10:11:47.620577  1686  1759 I InputReader: Reconfiguring input devices.  changes=0x00000200
--------- switch to kernel
11-03 10:11:47.513348     0     0 I init    : processing action (ro.enable_core_ctl=true && sys.cw_corectl_mode=perf) from (/vendor/etc/init/hw/init.qcom.rc:954)
11-03 10:11:47.516287     0     0 I CPU2    : update cpu_capacity 1024
11-03 10:11:47.528799     0     0 I         : [touch]FB_BLANK_VSYNC_SUSPEND
11-03 10:11:47.528806     0     0 I         : [touch]Already in suspend state
--------- switch to main
11-03 10:11:47.629308   512 12074 I sensors-hal: handle_indication_realtime:355,  SCHED_FIFO(10) for qmi_cbk
11-03 10:11:47.640488   504   523 I SDM     : DisplayBase::SetDisplayState: Set state = 3, display 0
11-03 10:11:47.640810   504   523 D SDM     : HWCDisplayPrimary::SetStandByMode: Display is connected successfully
11-03 10:11:47.641235   416   416 D SKGHAL  : standBy_update_control call succeed on 0
11-03 10:11:47.641321   416   416 D SKGHAL  : sendAmbientEvent: done: enable = 0
11-03 10:11:47.642328  1686  1823 D SidekickService:    ... endDisplay returns void
11-03 10:11:47.643379   545   545 D SurfaceFlinger: Set power mode=2, type=0 flinger=0xb6bb6000
11-03 10:11:47.643894   504   764 I SDM     : DisplayBase::SetDisplayState: Set state = 1, display 0
11-03 10:11:47.654798   545   545 D SurfaceFlinger: Finished set power mode=2, type=0
--------- switch to kernel
11-03 10:11:47.539363     0     0 I mdss_dsi_panel_set_idle_mode: Idle (1->0)
11-03 10:11:47.540667     0     0 E mdp3_enable_panic_ctrl: mdp3_enable_panic_ctrl: Enable Panic Control
11-03 10:11:47.540804     0     0 I         : [touch]FB_BLANK_UNBLANK
11-03 10:11:47.540810     0     0 I         : [touch]raydium_ts_do_resume, 1.
11-03 10:11:47.541333     0     0 I         : [ raydium ]workqueue is empty!
11-03 10:11:47.541358     0     0 I raydium_ts 5-0039: [touch]Already enable irq
11-03 10:11:47.541361     0     0 I         : [touch]Device may wakeup
--------- switch to system
11-03 10:11:47.659559  1686  1712 W PowerManagerService: Screen on took 418 ms
11-03 10:11:47.660079  1686  1712 I DreamManagerService: Gently waking up from dream.
11-03 10:11:47.660982  1686  1708 I DreamManagerService: Performing gentle wake from dream.
11-03 10:11:47.667044  1686  1686 V DreamService[AmbientDream]: wakeUp(): fromSystem=true, mWaking=false, mFinished=false
11-03 10:11:47.667530  1686  1686 V DreamService[AmbientDream]: finish(): mFinished=false
11-03 10:11:47.667733  1686  1686 I DreamManagerService: Leaving dreamland.
11-03 10:11:47.668827  1686  1708 I DreamManagerService: Performing gentle wake from dream.
11-03 10:11:47.669110  1686  1708 I DreamController: Stopping dream: name=ComponentInfo{com.google.android.wearable.ambient/com.google.android.wearable.ambient.AmbientDream}, isTest=false, canDoze=true, userId=0
11-03 10:11:47.673431  1686  1686 V DreamService[AmbientDream]: detach(): Calling onDreamingStopped()
--------- switch to main
11-03 10:11:47.673716  1686  1686 I AmbientService: [ce6a28c] doOnDreamingStopped
11-03 10:11:47.673935  1686  1686 D WristGestureCtrl: Starting: GesturesEnabled-false UngazeEnabled-true
11-03 10:11:47.674059  1686  1686 D DefaultUngazeDetector: starting
11-03 10:11:47.674167  1686  1686 D DefaultUngazeDetector: startUngazeStateEstimation(). startTime = 62187104
11-03 10:11:47.674777  1686  1686 W AlarmManagerProxy: Removing unknown listener
--------- switch to kernel
11-03 10:11:47.557482     0     0 I CPU3    : update cpu_capacity 1024
11-03 10:11:47.558298     0     0 I CPU0    : update max cpu_capacity 748
--------- switch to main
11-03 10:11:47.678949   512  1749 I sensors-hal: batch:140, android.sensor.accelerometer/48, period=19231000, max_latency=100000000
11-03 10:11:47.685989  2520  2520 D HOME    : [HomeVisitsLogger]Logging streamlet event: visit_start
11-03 10:11:47.686170  1686  1686 I AmbientService: [ce6a28c] No auto-resume Activity.
11-03 10:11:47.686687  2520  2520 D HOME    : [HomeVisitsLogger]Logging streamlet event: exit_ambient_mode
11-03 10:11:47.687547  2520  2520 D HOME    : [HotwordController]updateClient MODE_WATCH_FACE false false false true
11-03 10:11:47.689783  2520  2520 D HOME    : [WatchFaceUiController]setInAmbientMode false
11-03 10:11:47.690017  2520  2520 D HOME    : [WatchFaceUiController]sendWatchFaceServiceBinder
11-03 10:11:47.691918  1686  1686 W AlarmManager: Unrecognized alarm listener com.android.server.job.controllers.-$$Lambda$IdleController$IdlenessTracker$nTdS-lGBXcES5VWKcJFmQFgU7IU@1ab437a
11-03 10:11:47.694289   512  1749 I sensors-hal: batch:149, android.sensor.accelerometer/48, period=19231000, max_latency=100000000 request completed
--------- switch to system
11-03 10:11:47.698674  1686  1686 W ContextImpl: Calling a method in the system process without a qualified user: android.app.ContextImpl.sendBroadcast:1020 android.content.ContextWrapper.sendBroadcast:449 com.google.android.wearable.ambient.AmbientDream.onDestroy:273 android.app.ActivityThread.handleStopService:3698 android.app.ActivityThread.access$1700:200 
--------- switch to main
11-03 10:11:47.699707  1686  1686 E AlarmManager: cancel() called with a null PendingIntent
11-03 10:11:47.700090  2520  2520 D HOME    : [WatchFaceUiController]sendStateToWallpaper
--------- switch to system
11-03 10:11:47.700477  1686  1686 V DreamService[AmbientDream]: onDestroy()
--------- switch to main
11-03 10:11:47.701237   512  1749 I sensors-hal: flush:169, android.sensor.accelerometer/48
--------- switch to kernel
11-03 10:11:47.603051     0     0 I CPU2    : update max cpu_capacity 1024
11-03 10:11:47.608106     0     0 I init    : Command 'write /sys/devices/system/cpu/cpu3/online 1' action=ro.enable_core_ctl=true && sys.cw_corectl_mode=perf (/vendor/etc/init/hw/init.qcom.rc:957) took 53ms and succeeded
--------- switch to main
11-03 10:11:47.703959  2520  2520 D HOME    : [WatchFaceUiController]Showing watch face wallpaper.
11-03 10:11:47.704909  2520  2520 D HOME    : [WatchFaceUiController]sendStateToWallpaper
11-03 10:11:47.705258   512  1749 I sensors-hal: flush:175, android.sensor.accelerometer/48 completed
11-03 10:11:47.711878  2520  2520 D HOME    : [StreamDBQueue]Promised revision #3993 to queue a new op
11-03 10:11:47.712562  2520  2520 D WatchStreamManager: Promised rank-blocked=true @ r#3993
11-03 10:11:47.713709  2520  2520 D HOME    : [StreamDBQueue]Promised revision #3994 to queue a new op
11-03 10:11:47.714146  2520  2520 D WatchStreamManager: Promised rank-blocked=true @ r#3994
11-03 10:11:47.715780  2520  2520 D HOME    : [TilesController]Tile refresh optimization is enabled.
11-03 10:11:47.716931  2520  2520 D HOME    : [EventBus]Wrapper pool is full. Discarding excess wrapper instance for event com.google.android.clockwork.sysui.events.KeyguardStateEvent
11-03 10:11:47.717260  2520  2520 D HOME    : [WatchFaceUiController]sendStateToWallpaper
11-03 10:11:47.723650  1686  1686 W AlarmManagerProxy: Removing unknown listener
11-03 10:11:47.730343  2520  2520 D HOME    : [EventBus]Wrapper pool is full. Discarding excess wrapper instance for event com.google.android.clockwork.sysui.events.KeyguardStateEvent
11-03 10:11:47.731120  2520  2520 D HOME    : [EventBus]Wrapper pool is full. Discarding excess wrapper instance for event com.google.android.clockwork.sysui.events.KeyguardStateEvent
11-03 10:11:47.731122  2520 11756 D HOME    : [WatchStreamDB]Item alerting conditions - isInterruptive: false, recentlyInterrupted: false, isItemPinned: false, isUnread: false
11-03 10:11:47.729390  1686  1686 W DefaultSettingsContentR: Value for ambient_low_bit_enabled not stored as number. Attempting parse as boolean.
11-03 10:11:47.732045  2520 11756 D HOME    : [StreamAlertingRegulator]isTheaterModeEnabled: false, isAlertingAllowedByOffBody: true, matchesLocalInterruptionFilter: true
11-03 10:11:47.746082  2520 11756 D HOME    : [WatchStreamDB]couldItemAlert: false, isTopItemChanged: false, isDeferralForTopItem: false
11-03 10:11:47.748040  2520  2520 D HOME    : [WatchFaceUiController]sendStateToWallpaper
11-03 10:11:47.756523  2520 11756 D HOME    : [WatchStreamDB]Item alerting conditions - isInterruptive: false, recentlyInterrupted: false, isItemPinned: false, isUnread: false
11-03 10:11:47.757107  2520  2520 W StaticLayout: maxLineHeight should not be -1.  maxLines:1 lineCount:1
11-03 10:11:47.757101  2520 11756 D HOME    : [StreamAlertingRegulator]isTheaterModeEnabled: false, isAlertingAllowedByOffBody: true, matchesLocalInterruptionFilter: true
11-03 10:11:47.757433  2520 11756 D HOME    : [WatchStreamDB]couldItemAlert: false, isTopItemChanged: false, isDeferralForTopItem: false
11-03 10:11:47.787853  3205  3434 W WorkController: Loading failed for worker [trainingcache]: worker not found
11-03 10:11:47.792919  3205  3294 W A       : TrainingCache cache SCREEN_ON failure
11-03 10:11:47.792919  3205  3294 W A       : com.google.android.apps.gsa.search.core.service.h.a.a: No worker found for Worker ID [trainingcache].
11-03 10:11:47.792919  3205  3294 W A       : 	at com.google.android.apps.gsa.search.core.service.g.a.c.a(Unknown Source:5)
11-03 10:11:47.792919  3205  3294 W A       : 	at com.google.android.libraries.gsa.c.a.d.a(Unknown Source:3)
11-03 10:11:47.792919  3205  3294 W A       : 	at com.google.common.p.a.cg.c(Unknown Source:2)
11-03 10:11:47.792919  3205  3294 W A       : 	at com.google.common.p.a.bk.run(SourceFile:3)
11-03 10:11:47.792919  3205  3294 W A       : 	at com.google.common.p.a.ci.run(Unknown Source:4)
11-03 10:11:47.792919  3205  3294 W A       : 	at com.google.apps.tiktok.concurrent.ab.run(SourceFile:1)
11-03 10:11:47.792919  3205  3294 W A       : 	at java.util.concurrent.ThreadPoolExecutor.runWorker(ThreadPoolExecutor.java:1167)
11-03 10:11:47.792919  3205  3294 W A       : 	at java.util.concurrent.ThreadPoolExecutor$Worker.run(ThreadPoolExecutor.java:641)
11-03 10:11:47.792919  3205  3294 W A       : 	at com.google.apps.tiktok.concurrent.c.run(Unknown Source:4)
11-03 10:11:47.792919  3205  3294 W A       : 	at java.lang.Thread.run(Thread.java:764)
11-03 10:11:47.820175  2520  2520 D HOME    : [WatchFaceUiController]sendWatchFaceServiceBinder
11-03 10:11:47.832266  2520  2520 D HOME    : [WatchFaceUiController]sendProperties
11-03 10:11:47.835995  2520  2520 D HOME    : [WatchFaceUiController]sendStateToWallpaper
11-03 10:11:47.855149  2520  2520 D HOME    : [StreamDBQueue]Promised revision #3995 to queue a new op
11-03 10:11:47.855634  2520  2520 D WatchStreamManager: Promised rank-blocked=true @ r#3995
11-03 10:11:47.856603  2520 12013 D HOME    : [WatchStreamDB]Item alerting conditions - isInterruptive: false, recentlyInterrupted: false, isItemPinned: false, isUnread: false
11-03 10:11:47.857233  2520 12013 D HOME    : [StreamAlertingRegulator]isTheaterModeEnabled: false, isAlertingAllowedByOffBody: true, matchesLocalInterruptionFilter: true
11-03 10:11:47.857774  2520 12013 D HOME    : [WatchStreamDB]couldItemAlert: false, isTopItemChanged: false, isDeferralForTopItem: false
11-03 10:11:47.999733   512  1749 I sensors-hal: activate:107, android.sensor.light/46 en=0
11-03 10:11:48.000944   512  1749 I sensors-hal: activate:118, android.sensor.light/46 en=0 completed
11-03 10:11:48.002855   512  1749 I sensors-hal: batch:140, android.sensor.light/46, period=250000000, max_latency=0
11-03 10:11:48.002916   512  1749 I sensors-hal: batch:149, android.sensor.light/46, period=250000000, max_latency=0 request completed
11-03 10:11:48.003247   512  1749 I sensors-hal: activate:107, android.sensor.light/46 en=1
11-03 10:11:48.003541   512  1749 I sensors-hal: ssc_enable_rt_task:254, ssc_enable_rt_task : true
11-03 10:11:48.005828   512  1749 I sensors-hal: activate:118, android.sensor.light/46 en=1 completed
--------- switch to system
11-03 10:11:48.019222  1686  1686 V SettingsProvider: Notifying for 0: content://settings/system/screen_brightness
--------- switch to main
11-03 10:11:48.022885  1686  1686 I SidekickService: loadBrightnessLocked()
11-03 10:11:48.023662  1686  1686 D SidekickService: screenBrightness  = 59
11-03 10:11:48.024296  1686  1686 D SidekickService: sendConfigValuesLocked(): alsThresholds = [40, 92, 95, 100, 125, 150, 175, 200, 225, 250, 300, 400, 500, 800, 1200], brightnessValuesBright = [50, 56, 60, 70, 80, 90, 100, 115, 120, 140, 160, 180, 200, 220, 240, 255], brightnessValuesDim= [50, 56, 60, 70, 80, 90, 100, 115, 120, 140, 160, 180, 200, 220, 240, 255]
11-03 10:11:48.035792  1686  1686 D SidekickService: setAlsMode(): mode = 2, brightenAlpha = 80, dimmingAlpha = 80
11-03 10:11:48.046706  1686  1686 D SidekickService: setTwmConfig():: msTiltToBright = 10000, tiltToBright = false
11-03 10:11:48.080192   512 12078 I sensors-hal: handle_indication_realtime:355,  SCHED_FIFO(10) for qmi_cbk
11-03 10:11:52.017488   512  1749 I sensors-hal: batch:140, android.sensor.accelerometer/48, period=66667000, max_latency=100000000
11-03 10:11:52.021315   512  1749 I sensors-hal: batch:149, android.sensor.accelerometer/48, period=66667000, max_latency=100000000 request completed
11-03 10:11:52.022981  1686  1686 D DefaultUngazeDetector: Ungaze event occurred; emitting gesture event!
11-03 10:11:52.023138  1686  1686 D WristGestureCtrl: Gesture:GESTURE UNGAZE, timestamp(ms): 62187104, confidence: 0.0, latency(ms): 0, duration(ms): 4349
11-03 10:11:52.024218   512  1749 I sensors-hal: batch:140, android.sensor.accelerometer/48, period=19231000, max_latency=100000000
--------- switch to system
11-03 10:11:52.026670  1686  1686 I WindowManager: sleepRelease() calling goToSleep(GO_TO_SLEEP_REASON_SLEEP_BUTTON)
--------- switch to main
11-03 10:11:52.026797   512  1749 I sensors-hal: batch:149, android.sensor.accelerometer/48, period=19231000, max_latency=100000000 request completed
--------- switch to system
11-03 10:11:52.026939  1686  1686 I PowerManagerService: Going to sleep due to sleep button (uid 1000)...
--------- switch to main
11-03 10:11:52.027219   512  1749 I sensors-hal: flush:169, android.sensor.accelerometer/48
--------- switch to system
11-03 10:11:52.028112  1686  1712 I DreamManagerService: Entering dreamland.
11-03 10:11:52.028822  1686  1712 I PowerManagerService: Dozing...
11-03 10:11:52.028866  1686  1686 W UsageStatsService: Event reported without a package name
--------- switch to main
11-03 10:11:52.030136   512  1749 I sensors-hal: flush:175, android.sensor.accelerometer/48 completed
--------- switch to system
11-03 10:11:52.045895  1686  1708 I DreamController: Starting dream: name=ComponentInfo{com.google.android.wearable.ambient/com.google.android.wearable.ambient.AmbientDream}, isTest=false, canDoze=true, userId=0
11-03 10:11:52.065479  1686  1686 W ContextImpl: Calling a method in the system process without a qualified user: android.app.ContextImpl.bindService:1611 android.content.ContextWrapper.bindService:698 com.google.android.wearable.ambient.AmbientDream.onCreate:191 android.app.ActivityThread.handleCreateService:3533 android.app.ActivityThread.access$1300:200 
11-03 10:11:52.069005  1686  1686 W ContextImpl: Calling a method in the system process without a qualified user: android.app.ContextImpl.sendBroadcast:1005 android.content.ContextWrapper.sendBroadcast:444 com.google.android.wearable.ambient.AmbientDream.onCreate:241 android.app.ActivityThread.handleCreateService:3533 android.app.ActivityThread.access$1300:200 
11-03 10:11:52.069781  1686  1686 V DreamService[AmbientDream]: onBind() intent = Intent { act=android.service.dreams.DreamService flg=0x800000 cmp=com.google.android.wearable.ambient/.AmbientDream }
--------- switch to main
11-03 10:11:52.070899  1686  1686 I AmbientService: [ce6a28c] Ambient Created
--------- switch to system
11-03 10:11:52.071750  1686  1686 V DreamService[AmbientDream]: Calling onDreamingStarted()
--------- switch to main
11-03 10:11:52.071870  1686  1686 I AmbientService: [ce6a28c] doOnDreamingStarted
11-03 10:11:52.072264  1686  1686 D SidekickService: setShouldControlDisplay called: true
11-03 10:11:52.073102  1686  1686 I AmbientService: [ce6a28c] Selected running activity for ambient mode: AmbientActivity[component=ComponentInfo{com.google.android.wearable.app/com.google.android.clockwork.home2.activity.HomeActivity2}, callbacks=@210b385, running=true, ambientRequested=true, ambientEnabled=true, offloadEnabled=true]
11-03 10:11:52.073623  1686  1686 I AmbientService: [ce6a28c] Sidekick is ready to display, requesting doze.
11-03 10:11:52.074234  1686  1686 I AmbientService: [ce6a28c] No auto-resume Activity.
11-03 10:11:52.076358  1686  1686 W DefaultSettingsContentR: Value for ambient_low_bit_enabled not stored as number. Attempting parse as boolean.
11-03 10:11:52.077275  2520  2520 D HOME    : [HomeVisitsLogger]Logging streamlet event: enter_ambient_mode
11-03 10:11:52.077969  2520  2520 D HOME    : [HotwordController]updateClient MODE_WATCH_FACE false true false true
11-03 10:11:52.078397  2520 11756 D HOME    : [HomeVisitsLogger]Logging streamlet event: visit_end
11-03 10:11:52.078988  2520  2520 D HOME    : [WatchFaceUiController]setInAmbientMode true
11-03 10:11:52.080742  2520 11756 I SidekickManager: replaceWatchFaceComponentsImpl(): watchFace = com.google.android.clockwork.decomposablewatchface.WatchFaceDecomposition@f294a0b
11-03 10:11:52.080955  2520  2520 D HOME    : [StreamDBQueue]Promised revision #3996 to queue a new op
11-03 10:11:52.081230  2520  2520 D WatchStreamManager: Promised rank-blocked=false @ r#3996
11-03 10:11:52.081757  2520  2520 D HOME    : [StreamDBQueue]Promised revision #3997 to queue a new op
11-03 10:11:52.081906  2520  2520 D WatchStreamManager: Promised rank-blocked=false @ r#3997
11-03 10:11:52.082847  2520  2520 D HOME    : [EventBus]Wrapper pool is full. Discarding excess wrapper instance for event com.google.android.clockwork.sysui.events.KeyguardStateEvent
11-03 10:11:52.083011  2520  2520 D HOME    : [WatchFaceUiController]sendStateToWallpaper
11-03 10:11:52.083604  1686  2014 D SidekickService: sendWatchFaceComponents called: watchFace = com.google.android.clockwork.decomposablewatchface.WatchFaceDecomposition@f7b6680shouldReplace = false
11-03 10:11:52.084120  2520 12013 D HOME    : [WatchStreamDB]Item alerting conditions - isInterruptive: false, recentlyInterrupted: false, isItemPinned: false, isUnread: false
11-03 10:11:52.084873  2520  2520 D HOME    : [EventBus]Wrapper pool is full. Discarding excess wrapper instance for event com.google.android.clockwork.sysui.events.KeyguardStateEvent
11-03 10:11:52.084911  2520 11644 D HOME    : [StreamDBQueue]Promised revision #3998 to queue a new op
11-03 10:11:52.085114  1686  2014 D SidekickService: Check decomposition for calling app com.google.android.wearable.app with uid 10049
11-03 10:11:52.085175  2520 11644 D WatchStreamManager: Promised rerank @ r#3998
11-03 10:11:52.085212  2520  2520 D HOME    : [EventBus]Wrapper pool is full. Discarding excess wrapper instance for event com.google.android.clockwork.sysui.events.KeyguardStateEvent
11-03 10:11:52.085757  1686  2014 D SidekickService: sendWatchFaceLocked(): shouldReplace = false, mSidekickIsControlling = false, 1 images, 0 fonts, 0 numbers, 0 proportionalFonts, 0 strings
11-03 10:11:52.085853  1686  2014 D SidekickService: ISidekickGraphics#beginResources()...
11-03 10:11:52.086925  1686  2014 D SidekickServiceUtils: bitmapFromDrawable: Returning bitmap directly
11-03 10:11:52.088521  1686  2014 D SidekickService: sendBitmapsLocked(): bounds = RectF(0.0, 0.0, 0.0024038462, 0.0024038462), drawableInfo = {.id = 100000, .width = 1, .height = 1, .display = true, .offsetX = 0.0, .offsetY = 0.0, .rotationInfo = {.hasRotation = false, .pivotX = 0.0, .pivotY = 0.0, .degreesPerDay = 0.0, .degreesPerStep = 0.0, .zeroDegreesTime = {.daysSinceLocalEpoch = 0, .msSinceMidnight = 0}}, .transformInfo = {.transformed = false, .flipX = false, .flipY = false, .flip45 = false, .scaleX = 0.0, .scaleY = 0.0}, .type = GENERIC, .blink = {.blinking = false, .periodOnMs = 0.0, .periodOffMs = 0.0, .startTime = {.daysSinceLocalEpoch = 0, .msSinceMidnight = 0}}, .zOrder = 8, .displayInTwm = true}, image.size() = 84
11-03 10:11:52.089398   416   416 D SKGHAL  : saveResource: resId = 100000
11-03 10:11:52.089845  1686  2014 D SidekickService: sendBitmapsLocked(): status = 0, bytesUsed = 18
11-03 10:11:52.090022  1686  2014 D SidekickService: ISidekickGraphics#endResources()...
