11-02 19:56:14.113203     0     0 I         : Freezing remaining freezable tasks ... (elapsed 0.006 seconds) done.
11-02 19:56:14.119489     0     0 I         : Suspending console(s) (use no_console_suspend to debug)
11-02 19:56:14.135243     0     0 I mdss_dsi_panel_set_idle_mode: Idle (1->1)
11-02 19:56:14.178088     0     0 I bgcom   : bgcom_pm_suspend: suspended with : 0
11-02 19:56:14.208491     0     0 I PM      : suspend of devices complete after 84.620 msecs
11-02 19:56:14.214714     0     0 I PM      : late suspend of devices complete after 6.178 msecs
11-02 19:56:14.221032     0     0 I PM      : noirq suspend of devices complete after 6.289 msecs
11-02 19:56:14.221047     0     0 I         : Disabling non-boot CPUs ...
11-02 19:56:14.234115     0     0 W         : IRQ16 no longer affine to CPU1
11-02 19:56:14.234419     0     0 W         : IRQ93 no longer affine to CPU1
11-02 19:56:14.236213     0     0 I CPU1    : shutdown
11-02 19:56:14.242544     0     0 I CPU0    : update max cpu_capacity 748
11-02 19:56:14.282575     0     0 I CPU3    : update max cpu_capacity 1024
11-02 19:56:14.283642     0     0 W         : IRQ21 no longer affine to CPU3
11-02 19:56:14.285131     0     0 I CPU3    : shutdown
11-02 19:56:14.287257     0     0 I suspend ns: 1063271065604	suspend cycles:     208543136681
11-02 19:56:14.287235     0     0 I CPU0    : msm_cpu_pm_enter_sleep mode:3 during suspend
11-02 19:56:14.287235     0     0 I         : Suspended for 185.694 seconds
11-02 19:56:14.287661     0     0 I         : Enabling non-boot CPUs ...
11-02 19:56:14.288505     0     0 I CPU1    : update cpu_capacity 1024
11-02 19:56:14.289820     0     0 I         : CPU1 is up
11-02 19:56:14.291011     0     0 I CPU3    : update cpu_capacity 1024
11-02 19:56:14.292298     0     0 I CPU1    : update max cpu_capacity 748
11-02 19:56:14.293256     0     0 I         : CPU3 is up
11-02 19:56:14.297120     0     0 I PM      : noirq resume of devices complete after 3.540 msecs
11-02 19:56:14.302665     0     0 I CPU1    : update max cpu_capacity 748
11-02 19:56:14.303714     0     0 I PM      : early resume of devices complete after 4.637 msecs
11-02 19:56:14.304933     0     0 I CPU3    : update max cpu_capacity 1024
11-02 19:56:14.340830     0     0 I bgcom   : bgcom_pm_resume: Bgcom resumed with : 0
11-02 19:56:14.352592     0     0 I mdss_dsi_panel_set_idle_mode: Idle (1->1)
11-02 19:56:14.387969     0     0 I PM      : resume of devices complete after 84.207 msecs
11-02 19:56:14.392753     0     0 I         : Restarting tasks ...
11-02 19:56:14.395531     0     0 W QSEECOM : qseecom_receive_req: Interrupted: exiting Listener Service = 12288
11-02 19:56:14.397101     0     0 W QSEECOM : qseecom_receive_req: Interrupted: exiting Listener Service = 28672
11-02 19:56:14.397182     0     0 W QSEECOM : qseecom_receive_req: Interrupted: exiting Listener Service = 8192
11-02 19:56:14.397244     0     0 W QSEECOM : qseecom_receive_req: Interrupted: exiting Listener Service = 10
11-02 19:56:14.412149     0     0 W QSEECOM : qseecom_receive_req: Interrupted: exiting Listener Service = 11
11-02 19:56:14.412700     0     0 I         : done.
11-02 19:59:20.108714     0     0 I PM      : suspend exit 2021-11-02 18:59:20.108714080 UTC
--------- switch to main
11-02 19:59:20.143249  1686  1820 I WearCellularMediator: OFF_SIM_ABSENT changed radio power: false
11-02 19:59:20.166350  2520  2714 D HOME    : [TickMonitor]Received time tick
11-02 19:59:20.169017  2520  2714 D HOME    : [TickMonitor]handleTimeTick() finished
--------- switch to system
11-02 19:59:20.198233   618   618 E wificond: NL80211_CMD_TRIGGER_SCAN failed: Device or resource busy
--------- switch to main
11-02 19:59:20.212920  1686  1800 E WificondScannerImpl: Failed to start scan, freqs=null
11-02 19:59:20.323170  1956  1982 I m.android.phon: Background concurrent copying GC freed 9310(431KB) AllocSpace objects, 0(0B) LOS objects, 24% free, 1592KB/2MB, paused 351us total 101.610ms
--------- switch to kernel
11-02 19:59:20.343976     0     0 I PM      : suspend entry 2021-11-02 18:59:20.343976892 UTC
11-02 19:59:20.343993     0     0 I PM      : Syncing filesystems ... done.
11-02 19:59:20.364328     0     0 I         : Freezing user space processes ... (elapsed 0.009 seconds) done.
11-02 19:59:20.374043     0     0 I         : Freezing remaining freezable tasks ... (elapsed 0.004 seconds) done.
11-02 19:59:20.378342     0     0 I         : Suspending console(s) (use no_console_suspend to debug)
11-02 19:59:20.390768     0     0 I mdss_dsi_panel_set_idle_mode: Idle (1->1)
11-02 19:59:20.432805     0     0 I bgcom   : bgcom_pm_suspend: suspended with : 0
11-02 19:59:20.434757     0     0 E dpm_run_callback(): platform_pm_suspend+0x0/0x50 returns -16
11-02 19:59:20.434766     0     0 E PM      : Device alarmtimer failed to suspend: error -16
11-02 19:59:20.456160     0     0 E PM      : Some devices failed to suspend, or early wake event detected
11-02 19:59:20.460572     0     0 I bgcom   : bgcom_pm_resume: Bgcom resumed with : 0
11-02 19:59:20.472100     0     0 I mdss_dsi_panel_set_idle_mode: Idle (1->1)
11-02 19:59:20.512409     0     0 I PM      : resume of devices complete after 56.207 msecs
11-02 19:59:20.517410     0     0 I         : Restarting tasks ...
11-02 19:59:20.520024     0     0 W QSEECOM : qseecom_receive_req: Interrupted: exiting Listener Service = 8192
11-02 19:59:20.520119     0     0 W QSEECOM : qseecom_receive_req: Interrupted: exiting Listener Service = 11
11-02 19:59:20.520183     0     0 W QSEECOM : qseecom_receive_req: Interrupted: exiting Listener Service = 28672
11-02 19:59:20.520331     0     0 W QSEECOM : qseecom_receive_req: Interrupted: exiting Listener Service = 10
11-02 19:59:20.522215     0     0 W QSEECOM : qseecom_receive_req: Interrupted: exiting Listener Service = 12288
11-02 19:59:20.528748     0     0 I         : done.
11-02 19:59:20.530064     0     0 I PM      : suspend exit 2021-11-02 18:59:20.530064079 UTC
11-02 19:59:20.576049     0     0 D logd    : logdr: UID=10034 GID=10034 PID=3316 n tail=0 logMask=4 pid=0 start=0ns timeout=0ns
--------- switch to main
11-02 19:59:20.731645  1686  1696 I system_server: Background concurrent copying GC freed 42354(2MB) AllocSpace objects, 23(876KB) LOS objects, 19% free, 9MB/12MB, paused 2.660ms total 539.704ms
11-02 19:59:21.107877  3316  3328 I .gms.persisten: Background concurrent copying GC freed 48376(2008KB) AllocSpace objects, 0(0B) LOS objects, 24% free, 9MB/12MB, paused 395us total 218.790ms
11-02 19:59:21.207414  3316  7045 E WakeLock: GCM_HB_ALARM release without a matched acquire!
11-02 19:59:21.208885  3316  7045 W WakeLock: GCM_HB_ALARM counter does not exist
11-02 19:59:21.215014  3316  7045 E WakeLock: GCM_CONN_ALARM release without a matched acquire!
11-02 19:59:22.239597  1686  1800 E WificondScannerImpl: Failed to start scan, freqs=null
--------- switch to kernel
11-02 19:59:22.438669     0     0 I PM      : suspend entry 2021-11-02 18:59:22.438669235 UTC
11-02 19:59:22.438691     0     0 I PM      : Syncing filesystems ... done.
11-02 19:59:22.486973     0     0 I         : Freezing user space processes ... (elapsed 0.012 seconds) done.
11-02 19:59:22.499277     0     0 I         : Freezing remaining freezable tasks ... (elapsed 0.006 seconds) done.
11-02 19:59:22.505525     0     0 I         : Suspending console(s) (use no_console_suspend to debug)
11-02 19:59:22.521514     0     0 I mdss_dsi_panel_set_idle_mode: Idle (1->1)
11-02 19:59:22.565942     0     0 I bgcom   : bgcom_pm_suspend: suspended with : 0
11-02 19:59:22.595072     0     0 I PM      : suspend of devices complete after 85.412 msecs
11-02 19:59:22.601613     0     0 I PM      : late suspend of devices complete after 6.494 msecs
11-02 19:59:22.608099     0     0 I PM      : noirq suspend of devices complete after 6.459 msecs
11-02 19:59:22.608114     0     0 I         : Disabling non-boot CPUs ...
11-02 19:59:22.630629     0     0 I CPU1    : shutdown
11-02 19:59:22.636974     0     0 I CPU0    : update max cpu_capacity 748
11-02 19:59:22.678010     0     0 W         : IRQ21 no longer affine to CPU3
11-02 19:59:22.679514     0     0 I CPU3    : shutdown
11-02 19:59:22.681743     0     0 I suspend ns: 1065970977903	suspend cycles:     212160310831
11-02 19:59:22.681720     0     0 I CPU0    : msm_cpu_pm_enter_sleep mode:3 during suspend
11-02 19:59:22.681720     0     0 I         : Suspended for 5.299 seconds
11-02 19:59:22.681720     0     0 I resume cycles: 212262070453
11-02 19:59:22.682129     0     0 I         : Enabling non-boot CPUs ...
11-02 19:59:22.682971     0     0 I CPU1    : update cpu_capacity 1024
11-02 19:59:22.684275     0     0 I         : CPU1 is up
11-02 19:59:22.685401     0     0 I CPU3    : update cpu_capacity 1024
11-02 19:59:22.686725     0     0 I CPU1    : update max cpu_capacity 748
11-02 19:59:22.687639     0     0 I         : CPU3 is up
11-02 19:59:22.691451     0     0 I PM      : noirq resume of devices complete after 3.547 msecs
11-02 19:59:22.697077     0     0 I CPU1    : update max cpu_capacity 748
11-02 19:59:22.698000     0     0 I PM      : early resume of devices complete after 4.581 msecs
11-02 19:59:22.699193     0     0 I CPU3    : update max cpu_capacity 1024
11-02 19:59:22.735032     0     0 I bgcom   : bgcom_pm_resume: Bgcom resumed with : 0
11-02 19:59:22.746589     0     0 I mdss_dsi_panel_set_idle_mode: Idle (1->1)
11-02 19:59:22.782927     0     0 I PM      : resume of devices complete after 84.881 msecs
11-02 19:59:22.788084     0     0 I         : Restarting tasks ...
11-02 19:59:22.791181     0     0 W QSEECOM : qseecom_receive_req: Interrupted: exiting Listener Service = 8192
11-02 19:59:22.791287     0     0 W QSEECOM : qseecom_receive_req: Interrupted: exiting Listener Service = 12288
11-02 19:59:22.791348     0     0 W QSEECOM : qseecom_receive_req: Interrupted: exiting Listener Service = 11
11-02 19:59:22.791407     0     0 W QSEECOM : qseecom_receive_req: Interrupted: exiting Listener Service = 10
11-02 19:59:22.791465     0     0 W QSEECOM : qseecom_receive_req: Interrupted: exiting Listener Service = 28672
11-02 19:59:22.805431     0     0 I         : done.
11-02 19:59:28.106532     0     0 I PM      : suspend exit 2021-11-02 18:59:28.106532513 UTC
11-02 19:59:28.209699     0     0 I PM      : suspend entry 2021-11-02 18:59:28.209699180 UTC
11-02 19:59:28.209719     0     0 I PM      : Syncing filesystems ... done.
11-02 19:59:28.326370     0     0 I         : Freezing user space processes ... (elapsed 0.008 seconds) done.
11-02 19:59:28.334877     0     0 I         : Freezing remaining freezable tasks ... (elapsed 0.003 seconds) done.
11-02 19:59:28.338669     0     0 I         : Suspending console(s) (use no_console_suspend to debug)
11-02 19:59:28.350358     0     0 I mdss_dsi_panel_set_idle_mode: Idle (1->1)
11-02 19:59:28.392748     0     0 I bgcom   : bgcom_pm_suspend: suspended with : 0
11-02 19:59:28.442297     0     0 I PM      : suspend of devices complete after 101.404 msecs
11-02 19:59:28.448245     0     0 I PM      : late suspend of devices complete after 5.907 msecs
11-02 19:59:28.453941     0     0 I PM      : noirq suspend of devices complete after 5.671 msecs
11-02 19:59:28.453954     0     0 I         : Disabling non-boot CPUs ...
11-02 19:59:28.470068     0     0 I CPU1    : shutdown
11-02 19:59:28.476789     0     0 I CPU0    : update max cpu_capacity 748
11-02 19:59:28.517578     0     0 W         : IRQ16 no longer affine to CPU3
11-02 19:59:28.517646     0     0 W         : IRQ93 no longer affine to CPU3
11-02 19:59:28.519035     0     0 I CPU3    : shutdown
11-02 19:59:28.520769     0     0 I suspend ns: 1066510026758	suspend cycles:     212272420191
11-02 19:59:28.520751     0     0 I CPU0    : msm_cpu_pm_enter_sleep mode:3 during suspend
11-02 19:59:28.520751     0     0 I         : Suspended for 5.461 seconds
11-02 19:59:28.520751     0     0 I resume cycles: 212377277196
11-02 19:59:28.521127     0     0 I         : Enabling non-boot CPUs ...
11-02 19:59:28.521940     0     0 I CPU1    : update cpu_capacity 1024
11-02 19:59:28.523062     0     0 I         : CPU1 is up
11-02 19:59:28.524142     0     0 I CPU3    : update cpu_capacity 1024
11-02 19:59:28.525678     0     0 I         : CPU3 is up
11-02 19:59:28.526600     0     0 I CPU3    : update max cpu_capacity 1024
11-02 19:59:28.529504     0     0 I PM      : noirq resume of devices complete after 3.595 msecs
11-02 19:59:28.535188     0     0 I PM      : early resume of devices complete after 3.782 msecs
11-02 19:59:28.573188     0     0 I bgcom   : bgcom_pm_resume: Bgcom resumed with : 0
11-02 19:59:28.584364     0     0 I mdss_dsi_panel_set_idle_mode: Idle (1->1)
11-02 19:59:28.622660     0     0 I PM      : resume of devices complete after 87.426 msecs
11-02 19:59:28.627077     0     0 I         : Restarting tasks ...
11-02 19:59:28.631207     0     0 W QSEECOM : qseecom_receive_req: Interrupted: exiting Listener Service = 8192
11-02 19:59:28.631302     0     0 W QSEECOM : qseecom_receive_req: Interrupted: exiting Listener Service = 12288
11-02 19:59:28.631359     0     0 W QSEECOM : qseecom_receive_req: Interrupted: exiting Listener Service = 11
11-02 19:59:28.631404     0     0 W QSEECOM : qseecom_receive_req: Interrupted: exiting Listener Service = 10
11-02 19:59:28.631445     0     0 W QSEECOM : qseecom_receive_req: Interrupted: exiting Listener Service = 28672
11-02 19:59:28.639459     0     0 I         : done.
11-02 19:59:34.101984     0     0 I PM      : suspend exit 2021-11-02 18:59:34.101984959 UTC
11-02 19:59:34.202822     0     0 I PM      : suspend entry 2021-11-02 18:59:34.202822250 UTC
11-02 19:59:34.202836     0     0 I PM      : Syncing filesystems ... done.
11-02 19:59:34.273542     0     0 I         : Freezing user space processes ... (elapsed 0.008 seconds) done.
11-02 19:59:34.281606     0     0 I         : Freezing remaining freezable tasks ... (elapsed 0.003 seconds) done.
11-02 19:59:34.285609     0     0 I         : Suspending console(s) (use no_console_suspend to debug)
11-02 19:59:34.298240     0     0 I mdss_dsi_panel_set_idle_mode: Idle (1->1)
11-02 19:59:34.333080     0     0 I bgcom   : bgcom_pm_suspend: suspended with : 0
11-02 19:59:34.334603     0     0 E dpm_run_callback(): platform_pm_suspend+0x0/0x50 returns -16
11-02 19:59:34.334610     0     0 E PM      : Device alarmtimer failed to suspend: error -16
11-02 19:59:34.348330     0     0 E PM      : Some devices failed to suspend, or early wake event detected
11-02 19:59:34.351776     0     0 I bgcom   : bgcom_pm_resume: Bgcom resumed with : 0
11-02 19:59:34.361858     0     0 I mdss_dsi_panel_set_idle_mode: Idle (1->1)
11-02 19:59:34.401709     0     0 I PM      : resume of devices complete after 53.354 msecs
11-02 19:59:34.404698     0     0 I         : Restarting tasks ...
11-02 19:59:34.406373     0     0 W QSEECOM : qseecom_receive_req: Interrupted: exiting Listener Service = 8192
11-02 19:59:34.406489     0     0 W QSEECOM : qseecom_receive_req: Interrupted: exiting Listener Service = 12288
11-02 19:59:34.406548     0     0 W QSEECOM : qseecom_receive_req: Interrupted: exiting Listener Service = 11
11-02 19:59:34.406587     0     0 W QSEECOM : qseecom_receive_req: Interrupted: exiting Listener Service = 10
11-02 19:59:34.406637     0     0 W QSEECOM : qseecom_receive_req: Interrupted: exiting Listener Service = 28672
11-02 19:59:34.413359     0     0 I         : done.
11-02 19:59:34.414103     0     0 I PM      : suspend exit 2021-11-02 18:59:34.414103709 UTC
11-02 19:59:34.421758     0     0 E mdss_dsi_gen_read_status: Read back value from panel is incorrect
11-02 19:59:36.399361     0     0 I PM      : suspend entry 2021-11-02 18:59:36.399361625 UTC
11-02 19:59:36.399383     0     0 I PM      : Syncing filesystems ... done.
11-02 19:59:36.518517     0     0 I         : Freezing user space processes ... (elapsed 0.011 seconds) done.
11-02 19:59:36.529593     0     0 I         : Freezing remaining freezable tasks ... (elapsed 0.005 seconds) done.
11-02 19:59:36.535523     0     0 I         : Suspending console(s) (use no_console_suspend to debug)
11-02 19:59:36.551330     0     0 I mdss_dsi_panel_set_idle_mode: Idle (1->1)
11-02 19:59:36.596435     0     0 I bgcom   : bgcom_pm_suspend: suspended with : 0
11-02 19:59:36.636213     0     0 I PM      : suspend of devices complete after 96.365 msecs
11-02 19:59:36.641925     0     0 I PM      : late suspend of devices complete after 5.670 msecs
11-02 19:59:36.647670     0     0 I PM      : noirq suspend of devices complete after 5.721 msecs
11-02 19:59:36.647681     0     0 I         : Disabling non-boot CPUs ...
11-02 19:59:36.671172     0     0 I CPU1    : shutdown
11-02 19:59:36.677954     0     0 I CPU0    : update max cpu_capacity 748
11-02 19:59:36.718928     0     0 W         : IRQ16 no longer affine to CPU3
11-02 19:59:36.718942     0     0 W         : IRQ21 no longer affine to CPU3
11-02 19:59:36.719009     0     0 W         : IRQ93 no longer affine to CPU3
11-02 19:59:36.720352     0     0 I CPU3    : shutdown
11-02 19:59:36.722446     0     0 I suspend ns: 1069250408120	suspend cycles:     212429892518
11-02 19:59:36.722427     0     0 I CPU0    : msm_cpu_pm_enter_sleep mode:3 during suspend
11-02 19:59:36.722427     0     0 I         : Suspended for 5.259 seconds
11-02 19:59:36.722427     0     0 I resume cycles: 212530876249
11-02 19:59:36.722798     0     0 I         : Enabling non-boot CPUs ...
11-02 19:59:36.723610     0     0 I CPU1    : update cpu_capacity 1024
11-02 19:59:36.724735     0     0 I         : CPU1 is up
11-02 19:59:36.725777     0     0 I CPU3    : update cpu_capacity 1024
11-02 19:59:36.727348     0     0 I         : CPU3 is up
11-02 19:59:36.727759     0     0 I CPU3    : update max cpu_capacity 1024
11-02 19:59:36.731199     0     0 I PM      : noirq resume of devices complete after 3.628 msecs
11-02 19:59:36.736828     0     0 I PM      : early resume of devices complete after 3.745 msecs
11-02 19:59:36.773185     0     0 I bgcom   : bgcom_pm_resume: Bgcom resumed with : 0
11-02 19:59:36.783092     0     0 I mdss_dsi_panel_set_idle_mode: Idle (1->1)
11-02 19:59:36.821965     0     0 I PM      : resume of devices complete after 85.107 msecs
11-02 19:59:36.824584     0     0 I         : Restarting tasks ...
11-02 19:59:36.828959     0     0 W QSEECOM : qseecom_receive_req: Interrupted: exiting Listener Service = 8192
11-02 19:59:36.829057     0     0 W QSEECOM : qseecom_receive_req: Interrupted: exiting Listener Service = 12288
11-02 19:59:36.829126     0     0 W QSEECOM : qseecom_receive_req: Interrupted: exiting Listener Service = 11
11-02 19:59:36.829179     0     0 W QSEECOM : qseecom_receive_req: Interrupted: exiting Listener Service = 10
11-02 19:59:36.833886     0     0 W QSEECOM : qseecom_receive_req: Interrupted: exiting Listener Service = 28672
11-02 19:59:36.838591     0     0 I         : done.
11-02 19:59:42.099526     0     0 I PM      : suspend exit 2021-11-02 18:59:42.099526258 UTC
11-02 19:59:42.201303     0     0 I PM      : suspend entry 2021-11-02 18:59:42.201303966 UTC
11-02 19:59:42.201317     0     0 I PM      : Syncing filesystems ... done.
11-02 19:59:42.316070     0     0 I         : Freezing user space processes ... (elapsed 0.008 seconds) done.
11-02 19:59:42.324908     0     0 I         : Freezing remaining freezable tasks ... (elapsed 0.004 seconds) done.
11-02 19:59:42.329090     0     0 I         : Suspending console(s) (use no_console_suspend to debug)
11-02 19:59:42.340934     0     0 I mdss_dsi_panel_set_idle_mode: Idle (1->1)
11-02 19:59:42.383437     0     0 I bgcom   : bgcom_pm_suspend: suspended with : 0
11-02 19:59:42.432935     0     0 I PM      : suspend of devices complete after 101.618 msecs
11-02 19:59:42.438710     0     0 I PM      : late suspend of devices complete after 5.734 msecs
11-02 19:59:42.444472     0     0 I PM      : noirq suspend of devices complete after 5.739 msecs
11-02 19:59:42.444486     0     0 I         : Disabling non-boot CPUs ...
11-02 19:59:42.460756     0     0 I CPU1    : shutdown
11-02 19:59:42.467403     0     0 I CPU0    : update max cpu_capacity 748
11-02 19:59:42.508247     0     0 W         : IRQ16 no longer affine to CPU3
11-02 19:59:42.508317     0     0 W         : IRQ93 no longer affine to CPU3
11-02 19:59:42.509650     0     0 I CPU3    : shutdown
11-02 19:59:42.511415     0     0 I suspend ns: 1069779793329	suspend cycles:     212541040445
11-02 19:59:42.511399     0     0 I CPU0    : msm_cpu_pm_enter_sleep mode:3 during suspend
11-02 19:59:42.511399     0     0 I         : Suspended for 3.363 seconds
11-02 19:59:42.511399     0     0 I resume cycles: 212605624946
11-02 19:59:42.511942     0     0 I         : Enabling non-boot CPUs ...
11-02 19:59:42.512772     0     0 I CPU1    : update cpu_capacity 1024
11-02 19:59:42.513867     0     0 I         : CPU1 is up
11-02 19:59:42.514968     0     0 I CPU3    : update cpu_capacity 1024
11-02 19:59:42.516523     0     0 I         : CPU3 is up
11-02 19:59:42.517248     0     0 I CPU3    : update max cpu_capacity 1024
11-02 19:59:42.520373     0     0 I PM      : noirq resume of devices complete after 3.597 msecs
11-02 19:59:42.525635     0     0 I PM      : early resume of devices complete after 3.766 msecs
11-02 19:59:42.556852     0     0 I bgcom   : bgcom_pm_resume: Bgcom resumed with : 0
11-02 19:59:42.566927     0     0 I mdss_dsi_panel_set_idle_mode: Idle (1->1)
11-02 19:59:42.601200     0     0 I PM      : resume of devices complete after 75.534 msecs
11-02 19:59:42.604683     0     0 I         : Restarting tasks ...
11-02 19:59:42.607541     0     0 W QSEECOM : qseecom_receive_req: Interrupted: exiting Listener Service = 28672
11-02 19:59:42.609392     0     0 W QSEECOM : qseecom_receive_req: Interrupted: exiting Listener Service = 8192
11-02 19:59:42.609470     0     0 W QSEECOM : qseecom_receive_req: Interrupted: exiting Listener Service = 12288
11-02 19:59:42.609525     0     0 W QSEECOM : qseecom_receive_req: Interrupted: exiting Listener Service = 11
11-02 19:59:42.609569     0     0 W QSEECOM : qseecom_receive_req: Interrupted: exiting Listener Service = 10
11-02 19:59:42.617621     0     0 I         : done.
11-02 19:59:45.982586     0     0 I PM      : suspend exit 2021-11-02 18:59:45.982586881 UTC
--------- switch to system
11-02 19:59:36.155281   618   618 I chatty  : uid=1010(wifi) /system/bin/wificond identical 4 lines
11-02 19:59:42.118215   618   618 E wificond: NL80211_CMD_TRIGGER_SCAN failed: Device or resource busy
11-02 19:59:45.983321  1686  1686 I PowerManagerService: Waking up from dozing (uid=1000 reason=tiltToWake)...
11-02 19:59:46.000191  1686  1686 W UsageStatsService: Event reported without a package name
--------- switch to kernel
11-02 19:59:46.005596     0     0 E FG      : fg_psy_get_property: unsupported property 7
11-02 19:59:45.973508     0     0 W healthd : battery l=66 v=4014 t=30.0 h=2 st=3 c=4 fc=443000 cc=0 chg=
--------- switch to main
11-02 19:59:36.156563  1686  1800 I chatty  : uid=1000(system) WifiScanningSer identical 3 lines
11-02 19:59:42.118771  1686  1800 E WificondScannerImpl: Failed to start scan, freqs=null
11-02 19:59:46.040489   512  1749 I sensors-hal: batch:140, android.sensor.light/46, period=100000000, max_latency=0
11-02 19:59:46.040619   512  1749 I sensors-hal: batch:149, android.sensor.light/46, period=100000000, max_latency=0 request completed
11-02 19:59:46.042354   512  1749 I sensors-hal: activate:107, android.sensor.light/46 en=1
11-02 19:59:46.043057   512  1749 I sensors-hal: ssc_enable_rt_task:254, ssc_enable_rt_task : true
11-02 19:59:46.053991   512  1749 I sensors-hal: activate:118, android.sensor.light/46 en=1 completed
11-02 19:59:46.057872  1686  1823 I SidekickService: endDisplayLocked()
11-02 19:59:46.058440   512  1749 I sensors-hal: batch:140, android.sensor.accelerometer/48, period=66667000, max_latency=100000000
11-02 19:59:46.058557   512  1749 I sensors-hal: batch:149, android.sensor.accelerometer/48, period=66667000, max_latency=100000000 request completed
--------- switch to system
11-02 19:59:46.058625  1686  1710 I DisplayManagerService: Display device changed state: "Écran intégré", ON
--------- switch to main
11-02 19:59:46.058930   416   416 D SKGHAL  : sendAmbientEvent: enter: enable = 0
11-02 19:59:46.059267   512  1749 I sensors-hal: activate:107, android.sensor.accelerometer/48 en=1
11-02 19:59:46.059950   512  1749 I sensors-hal: ssc_enable_rt_task:254, ssc_enable_rt_task : true
11-02 19:59:46.071800   512  1749 I sensors-hal: activate:118, android.sensor.accelerometer/48 en=1 completed
11-02 19:59:46.075916  1956  1956 D QtiCarrierConfigHelper: WARNING, no carrier configs on phone Id: 0
11-02 19:59:46.077438  2520  2520 D HOME    : [BatteryChange]action: android.intent.action.BATTERY_CHANGED
11-02 19:59:46.077824  2520  6840 D HOME    : [BatteryChange]HandleBatteryChangedTask
11-02 19:59:46.078190  2520  6840 D HOME    : [BatteryChange]level: 66, status: 3
11-02 19:59:46.084742  1686  1759 I InputReader: Reconfiguring input devices.  changes=0x00000004
11-02 19:59:46.087769  4243  4243 D OMService: onDisplayChanged: not dozing
--------- switch to system
11-02 19:59:46.092637  1686  1702 W BroadcastQueue: Background execution not allowed: receiving Intent { act=android.intent.action.USER_PRESENT flg=0x10 } to com.google.android.gms/.auth.setup.devicesignals.LockScreenReceiver
--------- switch to main
11-02 19:59:46.092982  3205  3434 W WorkController: Loading failed for worker [trainingcache]: worker not found
--------- switch to system
11-02 19:59:46.093074  1686  1702 W BroadcastQueue: Background execution not allowed: receiving Intent { act=android.intent.action.USER_PRESENT flg=0x10 } to com.google.android.gms/.chimera.GmsIntentOperationService$PersistentTrustedReceiver
--------- switch to main
11-02 19:59:46.094356  3205  3294 W A       : TrainingCache cache DEVICE_UNLOCKED failure
11-02 19:59:46.094356  3205  3294 W A       : com.google.android.apps.gsa.search.core.service.h.a.a: No worker found for Worker ID [trainingcache].
11-02 19:59:46.094356  3205  3294 W A       : 	at com.google.android.apps.gsa.search.core.service.g.a.c.a(Unknown Source:5)
11-02 19:59:46.094356  3205  3294 W A       : 	at com.google.android.libraries.gsa.c.a.d.a(Unknown Source:3)
11-02 19:59:46.094356  3205  3294 W A       : 	at com.google.common.p.a.cg.c(Unknown Source:2)
11-02 19:59:46.094356  3205  3294 W A       : 	at com.google.common.p.a.bk.run(SourceFile:3)
11-02 19:59:46.094356  3205  3294 W A       : 	at com.google.common.p.a.ci.run(Unknown Source:4)
11-02 19:59:46.094356  3205  3294 W A       : 	at com.google.apps.tiktok.concurrent.ab.run(SourceFile:1)
11-02 19:59:46.094356  3205  3294 W A       : 	at java.util.concurrent.ThreadPoolExecutor.runWorker(ThreadPoolExecutor.java:1167)
11-02 19:59:46.094356  3205  3294 W A       : 	at java.util.concurrent.ThreadPoolExecutor$Worker.run(ThreadPoolExecutor.java:641)
11-02 19:59:46.094356  3205  3294 W A       : 	at com.google.apps.tiktok.concurrent.c.run(Unknown Source:4)
11-02 19:59:46.094356  3205  3294 W A       : 	at java.lang.Thread.run(Thread.java:764)
--------- switch to system
11-02 19:59:46.109499   618   618 I wificond: Pno scan stopped
--------- switch to main
11-02 19:59:46.146104  1686  1686 I WearPower: [WearTouchMediator] changing touch input to enabled (ON_AUTO)
--------- switch to kernel
11-02 19:59:46.116081     0     0 I init    : processing action (ro.enable_core_ctl=true && sys.cw_corectl_mode=perf) from (/vendor/etc/init/hw/init.qcom.rc:954)
--------- switch to main
11-02 19:59:46.147085  1686  1759 I InputReader: Reconfiguring input devices.  changes=0x00000200
11-02 19:59:46.155438  1686  1686 D WristGestureCtrl: Starting: GesturesEnabled-false UngazeEnabled-true
11-02 19:59:46.155545  1686  1686 D DefaultUngazeDetector: starting
11-02 19:59:46.155635  1686  1686 D DefaultUngazeDetector: startUngazeStateEstimation(). startTime = 11065585
11-02 19:59:46.155799  1686  1686 W AlarmManagerProxy: Removing unknown listener
11-02 19:59:46.156905   512  1749 I sensors-hal: batch:140, android.sensor.accelerometer/48, period=19231000, max_latency=100000000
11-02 19:59:46.157282  1686  1686 W DefaultSettingsContentR: Value for ambient_low_bit_enabled not stored as number. Attempting parse as boolean.
11-02 19:59:46.157707   512  7048 I sensors-hal: handle_indication_realtime:355,  SCHED_FIFO(10) for qmi_cbk
11-02 19:59:46.159084   512  1749 I sensors-hal: batch:149, android.sensor.accelerometer/48, period=19231000, max_latency=100000000 request completed
11-02 19:59:46.159484   512  1749 I sensors-hal: flush:169, android.sensor.accelerometer/48
11-02 19:59:46.160802   512  1749 I sensors-hal: flush:175, android.sensor.accelerometer/48 completed
--------- switch to kernel
11-02 19:59:46.118549     0     0 I CPU2    : update cpu_capacity 1024
11-02 19:59:46.118841    19    19 E         : [19:59:46.153318] [000000318099DDD6] [VosRX]  wlan: [E :WDI] WDTS_RxPacketDump RX Data frame is UC
11-02 19:59:46.118870    19    19 E         : [19:59:46.153356] [000000318099E07B] [VosRX]  wlan: [E :WDI] WDTS_RxPacketDump: Management subtype:5 SA:b2:22:7a:5d:4e:43 DA:00:0a:f5:f2:a2:70
--------- switch to main
11-02 19:59:46.169905  3205  3434 W WorkController: Loading failed for worker [trainingcache]: worker not found
11-02 19:59:46.171736  3205  3372 W A       : TrainingCache cache SCREEN_ON failure
11-02 19:59:46.171736  3205  3372 W A       : com.google.android.apps.gsa.search.core.service.h.a.a: No worker found for Worker ID [trainingcache].
11-02 19:59:46.171736  3205  3372 W A       : 	at com.google.android.apps.gsa.search.core.service.g.a.c.a(Unknown Source:5)
11-02 19:59:46.171736  3205  3372 W A       : 	at com.google.android.libraries.gsa.c.a.d.a(Unknown Source:3)
11-02 19:59:46.171736  3205  3372 W A       : 	at com.google.common.p.a.cg.c(Unknown Source:2)
11-02 19:59:46.171736  3205  3372 W A       : 	at com.google.common.p.a.bk.run(SourceFile:3)
11-02 19:59:46.171736  3205  3372 W A       : 	at com.google.common.p.a.ci.run(Unknown Source:4)
11-02 19:59:46.171736  3205  3372 W A       : 	at com.google.apps.tiktok.concurrent.ab.run(SourceFile:1)
11-02 19:59:46.171736  3205  3372 W A       : 	at java.util.concurrent.ThreadPoolExecutor.runWorker(ThreadPoolExecutor.java:1167)
11-02 19:59:46.171736  3205  3372 W A       : 	at java.util.concurrent.ThreadPoolExecutor$Worker.run(ThreadPoolExecutor.java:641)
11-02 19:59:46.171736  3205  3372 W A       : 	at com.google.apps.tiktok.concurrent.c.run(Unknown Source:4)
11-02 19:59:46.171736  3205  3372 W A       : 	at java.lang.Thread.run(Thread.java:764)
11-02 19:59:46.193374  2520  2520 D HOME    : [StreamDBQueue]Promised revision #1250 to queue a new op
11-02 19:59:46.193664  2520  2520 D WatchStreamManager: Promised rank-blocked=true @ r#1250
11-02 19:59:46.194333  2520  6840 D HOME    : [WatchStreamDB]Item alerting conditions - isInterruptive: true, recentlyInterrupted: false, isItemPinned: true, isUnread: false
11-02 19:59:46.194638  2520  6840 D HOME    : [StreamAlertingRegulator]isTheaterModeEnabled: false, isAlertingAllowedByOffBody: true, matchesLocalInterruptionFilter: true
11-02 19:59:46.194920  2520  6840 D HOME    : [WatchStreamDB]couldItemAlert: false, isTopItemChanged: false, isDeferralForTopItem: false
--------- switch to kernel
11-02 19:59:46.147441     0     0 I CPU3    : update max cpu_capacity 1024
--------- switch to main
11-02 19:59:46.388047   512  7050 I sensors-hal: handle_indication_realtime:355,  SCHED_FIFO(10) for qmi_cbk
--------- switch to kernel
11-02 19:59:46.369948     0     0 E bgrsb   : bgrsb_enable: rsb will set report rate
11-02 19:59:46.385714     0     0 E bgrsb   : bgrsb_enable: gpio 32 is valid
--------- switch to main
11-02 19:59:46.467204   504   523 I SDM     : DisplayBase::SetDisplayState: Set state = 3, display 0
11-02 19:59:46.467570   504   523 D SDM     : HWCDisplayPrimary::SetStandByMode: Display is connected successfully
11-02 19:59:46.467901   416   416 D SKGHAL  : standBy_update_control call succeed on 0
11-02 19:59:46.467970   416   416 D SKGHAL  : sendAmbientEvent: done: enable = 0
11-02 19:59:46.468718  1686  1823 D SidekickService:    ... endDisplay returns void
11-02 19:59:46.469656   545   545 D SurfaceFlinger: Set power mode=2, type=0 flinger=0xb6bb6000
--------- switch to kernel
11-02 19:59:46.433041     0     0 I         : [touch]FB_BLANK_VSYNC_SUSPEND
11-02 19:59:46.433047     0     0 I         : [touch]Already in suspend state
--------- switch to main
11-02 19:59:46.470365   504   762 I SDM     : DisplayBase::SetDisplayState: Set state = 1, display 0
--------- switch to kernel
11-02 19:59:46.443565     0     0 I mdss_dsi_panel_set_idle_mode: Idle (1->0)
11-02 19:59:46.444442     0     0 E mdp3_enable_panic_ctrl: mdp3_enable_panic_ctrl: Enable Panic Control
11-02 19:59:46.444537     0     0 I         : [touch]FB_BLANK_UNBLANK
11-02 19:59:46.444544     0     0 I         : [touch]raydium_ts_do_resume, 1.
11-02 19:59:46.445218     0     0 I         : [ raydium ]workqueue is empty!
11-02 19:59:46.445233     0     0 I raydium_ts 5-0039: [touch]Already enable irq
--------- switch to main
11-02 19:59:46.481368   545   545 D SurfaceFlinger: Finished set power mode=2, type=0
--------- switch to kernel
11-02 19:59:46.445236     0     0 I         : [touch]Device may wakeup
--------- switch to system
11-02 19:59:46.484945  1686  1712 W PowerManagerService: Screen on took 618 ms
11-02 19:59:46.485360  1686  1712 I DreamManagerService: Gently waking up from dream.
11-02 19:59:46.485954  1686  1708 I DreamManagerService: Performing gentle wake from dream.
11-02 19:59:46.486579  1686  1686 V DreamService[AmbientDream]: wakeUp(): fromSystem=true, mWaking=false, mFinished=false
11-02 19:59:46.486755  1686  1686 V DreamService[AmbientDream]: finish(): mFinished=false
11-02 19:59:46.486862  1686  1686 I DreamManagerService: Leaving dreamland.
11-02 19:59:46.487544  1686  1708 I DreamManagerService: Performing gentle wake from dream.
11-02 19:59:46.487729  1686  1708 I DreamController: Stopping dream: name=ComponentInfo{com.google.android.wearable.ambient/com.google.android.wearable.ambient.AmbientDream}, isTest=false, canDoze=true, userId=0
11-02 19:59:46.490022  1686  1686 V DreamService[AmbientDream]: detach(): Calling onDreamingStopped()
--------- switch to main
11-02 19:59:46.490365  1686  1686 I AmbientService: [ce6a28c] doOnDreamingStopped
11-02 19:59:46.490460  1686  1686 W AlarmManagerProxy: Removing unknown listener
11-02 19:59:46.493950  1686  1686 I AmbientService: [ce6a28c] No auto-resume Activity.
11-02 19:59:46.498161  1686  1686 W AlarmManager: Unrecognized alarm listener com.android.server.job.controllers.-$$Lambda$IdleController$IdlenessTracker$nTdS-lGBXcES5VWKcJFmQFgU7IU@1ab437a
11-02 19:59:46.501560  2520  2520 D HOME    : [HomeVisitsLogger]Logging streamlet event: visit_start
11-02 19:59:46.502146  2520  2520 D HOME    : [HomeVisitsLogger]Logging streamlet event: exit_ambient_mode
11-02 19:59:46.502988  2520  2520 D HOME    : [HotwordController]updateClient MODE_WATCH_FACE false false false true
--------- switch to system
11-02 19:59:46.503398  1686  1686 W ContextImpl: Calling a method in the system process without a qualified user: android.app.ContextImpl.sendBroadcast:1020 android.content.ContextWrapper.sendBroadcast:449 com.google.android.wearable.ambient.AmbientDream.onDestroy:273 android.app.ActivityThread.handleStopService:3698 android.app.ActivityThread.access$1700:200 
--------- switch to main
11-02 19:59:46.504572  1686  1686 E AlarmManager: cancel() called with a null PendingIntent
11-02 19:59:46.504744  2520  2520 D HOME    : [WatchFaceUiController]setInAmbientMode false
11-02 19:59:46.504850  2520  2520 D HOME    : [WatchFaceUiController]sendWatchFaceServiceBinder
--------- switch to system
11-02 19:59:46.505342  1686  1686 V DreamService[AmbientDream]: onDestroy()
--------- switch to main
11-02 19:59:46.513943  2520  2520 D HOME    : [WatchFaceUiController]sendStateToWallpaper
11-02 19:59:46.516806  2520  2520 D HOME    : [WatchFaceUiController]Showing watch face wallpaper.
11-02 19:59:46.517115  2520  2520 D HOME    : [WatchFaceUiController]sendStateToWallpaper
11-02 19:59:46.544919  2520  2520 D HOME    : [StreamDBQueue]Promised revision #1251 to queue a new op
11-02 19:59:46.545433  2520  2520 D WatchStreamManager: Promised rank-blocked=true @ r#1251
11-02 19:59:46.546094  2520  2520 D HOME    : [StreamDBQueue]Promised revision #1252 to queue a new op
11-02 19:59:46.546217  2520  6572 D HOME    : [WatchStreamDB]Item alerting conditions - isInterruptive: true, recentlyInterrupted: false, isItemPinned: true, isUnread: false
11-02 19:59:46.546261  2520  2520 D WatchStreamManager: Promised rank-blocked=true @ r#1252
11-02 19:59:46.546637  2520  6572 D HOME    : [StreamAlertingRegulator]isTheaterModeEnabled: false, isAlertingAllowedByOffBody: true, matchesLocalInterruptionFilter: true
11-02 19:59:46.547078  2520  2520 D HOME    : [TilesController]Tile refresh optimization is enabled.
11-02 19:59:46.547132  2520  6572 D HOME    : [WatchStreamDB]couldItemAlert: false, isTopItemChanged: false, isDeferralForTopItem: false
11-02 19:59:46.548580  2520  6572 D HOME    : [WatchStreamDB]Item alerting conditions - isInterruptive: true, recentlyInterrupted: false, isItemPinned: true, isUnread: false
11-02 19:59:46.548605  2520  5175 D HOME    : [DataRequester]cancelScheduledUpdates TileConfig{id=-1, provider=ComponentInfo{com.google.android.wearable.app/com.google.android.clockwork.home.jovi.tile.JoviTileProviderService}}
11-02 19:59:46.548577  2520  2520 D HOME    : [EventBus]Wrapper pool is full. Discarding excess wrapper instance for event com.google.android.clockwork.sysui.events.KeyguardStateEvent
11-02 19:59:46.548777  2520  2520 D HOME    : [WatchFaceUiController]sendStateToWallpaper
11-02 19:59:46.549210  2520  6572 D HOME    : [StreamAlertingRegulator]isTheaterModeEnabled: false, isAlertingAllowedByOffBody: true, matchesLocalInterruptionFilter: true
11-02 19:59:46.549763  2520  6572 D HOME    : [WatchStreamDB]couldItemAlert: false, isTopItemChanged: false, isDeferralForTopItem: false
11-02 19:59:46.552623  2520  2520 D HOME    : [EventBus]Wrapper pool is full. Discarding excess wrapper instance for event com.google.android.clockwork.sysui.events.KeyguardStateEvent
11-02 19:59:46.553070  2520  2520 D HOME    : [EventBus]Wrapper pool is full. Discarding excess wrapper instance for event com.google.android.clockwork.sysui.events.KeyguardStateEvent
11-02 19:59:46.560449  2520  2520 D HOME    : [WatchFaceUiController]sendStateToWallpaper
11-02 19:59:46.565804  2520  5175 D HOME    : [DataRequester]requestUpdateFromProvider TileConfig{id=-1, provider=ComponentInfo{com.google.android.wearable.app/com.google.android.clockwork.home.jovi.tile.JoviTileProviderService}}
11-02 19:59:46.569580  2520  2520 W StaticLayout: maxLineHeight should not be -1.  maxLines:1 lineCount:1
11-02 19:59:46.579023  2520  5175 D HOME    : [DataRequester]cancelScheduledUpdates TileConfig{id=2, provider=ComponentInfo{com.google.android.wearable.app/com.google.android.clockwork.home.calendar.AgendaTileProviderService}}
11-02 19:59:46.588630  2520  5175 D HOME    : [DataRequester]requestUpdateFromProvider TileConfig{id=2, provider=ComponentInfo{com.google.android.wearable.app/com.google.android.clockwork.home.calendar.AgendaTileProviderService}}
11-02 19:59:46.615759  2520  4718 W OpenGLRenderer: Incorrectly called buildLayer on View: HardwareButtonHintOverlayView, destroying layer...
11-02 19:59:46.627035   512   512 I sensors-hal: activate:107, android.sensor.light/46 en=0
11-02 19:59:46.628107   512   512 I sensors-hal: activate:118, android.sensor.light/46 en=0 completed
11-02 19:59:46.629751   512   512 I sensors-hal: batch:140, android.sensor.light/46, period=250000000, max_latency=0
11-02 19:59:46.629801   512   512 I sensors-hal: batch:149, android.sensor.light/46, period=250000000, max_latency=0 request completed
11-02 19:59:46.630056   512   512 I sensors-hal: activate:107, android.sensor.light/46 en=1
11-02 19:59:46.630310   512   512 I sensors-hal: ssc_enable_rt_task:254, ssc_enable_rt_task : true
11-02 19:59:46.632346   512   512 I sensors-hal: activate:118, android.sensor.light/46 en=1 completed
11-02 19:59:46.652647  2520  2520 D HOME    : [AgendaController]loadEvents
11-02 19:59:46.654034  2520  2520 D HOME    : [JoviUpdater]background update started
11-02 19:59:46.655888  2520  5175 D HOME    : [CwCal]CalendarEventsResolver:queryCalendarEventInstances:window=EventWindow{Tue Nov 02 00:00:00 GMT+01:00 2021,Wed Nov 03 23:59:59 GMT+01:00 2021}
11-02 19:59:46.655986  2520  6083 D HOME    : [AgendaController]Fetching event data for window: EventWindow{Tue Nov 02 00:00:00 GMT+01:00 2021,Thu Nov 04 23:59:59 GMT+01:00 2021}
11-02 19:59:46.656565  2520  6083 D HOME    : [CwCal]CalendarEventsResolver:queryCalendarEventInstances:window=EventWindow{Tue Nov 02 00:00:00 GMT+01:00 2021,Thu Nov 04 23:59:59 GMT+01:00 2021}
11-02 19:59:46.677005  2520  2520 D HOME    : [LocationOracleImpl]Fetching last known location.
11-02 19:59:46.677769  2520  2520 D HOME    : [AccountOracleImpl]Fetching account of type: com.google
11-02 19:59:46.709656   512  7059 I sensors-hal: handle_indication_realtime:355,  SCHED_FIFO(10) for qmi_cbk
11-02 19:59:46.709781  2520  2520 W GmsAccountProvider: No accounts found.
11-02 19:59:46.709913  2520  2520 E HOME    : [OAuthOracleImpl]Account not found.
11-02 19:59:46.714170  2520  4738 E HOME    : [GetCardsRpc]One or more asynchronous tasks failed.
11-02 19:59:46.714170  2520  4738 E HOME    : android.accounts.AccountsException: Account not found.
11-02 19:59:46.714170  2520  4738 E HOME    : 	at djj.a(AW782433232:2)
11-02 19:59:46.714170  2520  4738 E HOME    : 	at dxa.d(AW782433232:6)
11-02 19:59:46.714170  2520  4738 E HOME    : 	at dwx.a(Unknown Source:3)
11-02 19:59:46.714170  2520  4738 E HOME    : 	at ltg.c(Unknown Source:2)
11-02 19:59:46.714170  2520  4738 E HOME    : 	at lsr.run(AW782433232:3)
11-02 19:59:46.714170  2520  4738 E HOME    : 	at lti.run(Unknown Source:4)
11-02 19:59:46.714170  2520  4738 E HOME    : 	at android.os.Handler.handleCallback(Handler.java:873)
11-02 19:59:46.714170  2520  4738 E HOME    : 	at android.os.Handler.dispatchMessage(Handler.java:99)
11-02 19:59:46.714170  2520  4738 E HOME    : 	at android.os.Looper.loop(Looper.java:193)
11-02 19:59:46.714170  2520  4738 E HOME    : 	at android.app.ActivityThread.main(ActivityThread.java:6680)
11-02 19:59:46.714170  2520  4738 E HOME    : 	at java.lang.reflect.Method.invoke(Native Method)
11-02 19:59:46.714170  2520  4738 E HOME    : 	at com.android.internal.os.RuntimeInit$MethodAndArgsCaller.run(RuntimeInit.java:493)
11-02 19:59:46.714170  2520  4738 E HOME    : 	at com.android.internal.os.ZygoteInit.main(ZygoteInit.java:858)
11-02 19:59:46.724815  2520  2520 D HOME    : [WatchFaceUiController]sendWatchFaceServiceBinder
11-02 19:59:46.729842  2520  2520 D HOME    : [WatchFaceUiController]sendProperties
11-02 19:59:46.731228  2520  2520 D HOME    : [WatchFaceUiController]sendStateToWallpaper
11-02 19:59:46.743242  2520  4738 D HOME    : [AccountOracleImpl]Fetching account of type: com.google
11-02 19:59:46.745876  2520  2520 D HOME    : [AgendaController]Obtained events in UI thread: []
11-02 19:59:46.746568  2520  2520 D HOME    : [EventDiarizer]Constructing with window EventWindow{Tue Nov 02 00:00:00 GMT+01:00 2021,Thu Nov 04 23:59:59 GMT+01:00 2021}
11-02 19:59:46.750705  2520  2520 D HOME    : [AgendaMetricsLogger]eventDataNotPresent
11-02 19:59:46.752293  2520  6840 D HOME    : [DataRequester]cancelScheduledUpdates TileConfig{id=2, provider=ComponentInfo{com.google.android.wearable.app/com.google.android.clockwork.home.calendar.AgendaTileProviderService}}
11-02 19:59:46.753491  2520  6840 D HOME    : [DataRequester]cancelScheduledUpdates could not find jobId for provider 2
11-02 19:59:46.753847  2520  6840 D HOME    : [DataRequester]updateFinished 2
11-02 19:59:46.753967  2520  6840 D HOME    : [ProviderConnMgr]Unbinding from service
11-02 19:59:46.763478  2520  6840 D HOME    : [DataRequester]Scheduling job for TileConfig{id=2, provider=ComponentInfo{com.google.android.wearable.app/com.google.android.clockwork.home.calendar.AgendaTileProviderService}} delay=14400 jobId=2000047
11-02 19:59:46.767209  2520  4738 W GmsAccountProvider: No accounts found.
11-02 19:59:46.767349  2520  4738 D HOME    : [LocPermissionChecker]No account present for location permissions.
11-02 19:59:46.780139  2520  4738 W HOME    : [UpdateController]Data update failed
11-02 19:59:46.780139  2520  4738 W HOME    : djr: Some cache updates failed
11-02 19:59:46.780139  2520  4738 W HOME    : 	at dkh.b(Unknown Source:27)
11-02 19:59:46.780139  2520  4738 W HOME    : 	at mhz.bd(AW782433232:2)
11-02 19:59:46.780139  2520  4738 W HOME    : 	at lqz.f(Unknown Source:2)
11-02 19:59:46.780139  2520  4738 W HOME    : 	at lrb.run(AW782433232:9)
11-02 19:59:46.780139  2520  4738 W HOME    : 	at java.util.concurrent.ThreadPoolExecutor.runWorker(ThreadPoolExecutor.java:1167)
11-02 19:59:46.780139  2520  4738 W HOME    : 	at java.util.concurrent.ThreadPoolExecutor$Worker.run(ThreadPoolExecutor.java:641)
11-02 19:59:46.780139  2520  4738 W HOME    : 	at java.lang.Thread.run(Thread.java:764)
11-02 19:59:46.782387  2520  2520 D HOME    : [AccountOracleImpl]Fetching account of type: com.google
11-02 19:59:46.795942  2520  2520 W GmsAccountProvider: No accounts found.
11-02 19:59:46.797086  2520  2520 D HOME    : [StreamBackendInit]NotificationService onNotificationPosted StatusBarNotification(pkg=android user=UserHandle{0} id=0 tag=com.android.server.wm.AlertWindowNotification - com.google.android.wearable.app key=0|android|0|com.android.server.wm.AlertWindowNotification - com.google.android.wearable.app|1000: Notification(channel=com.android.server.wm.AlertWindowNotification - com.google.android.wearable.app pri=0 contentView=null vibrate=null sound=null defaults=0x0 flags=0x102 color=0xff607d8b vis=PRIVATE))
11-02 19:59:46.797954  2520  2716 D CollectorHandler: handleMessage, event: ON_NOTIFICATION_POSTED_WITH_RANKING
11-02 19:59:46.801712  2520  2716 D HOME    : [StreamDBQueue]Promised revision #1253 to queue a new op
11-02 19:59:46.803707  2520  2520 D HOME    : [SurfaceRenderer]maybeRender: hasWindowFocus = true, hasViewFocus = false, hasModelToRender = true, shouldRender = true
11-02 19:59:46.804165  2520  2520 D HOME    : [SurfaceRenderer]cardLifecycleParent: onStart
11-02 19:59:46.804408  2520  2520 D HOME    : [SurfaceRenderer]cardLifecycleParent: onResume
11-02 19:59:46.806245  2520  2520 D HOME    : [JoviUpdater]background update succeeded
11-02 19:59:46.806732  2520  2716 D HOME    : [WatchStreamManager]Promised set @ r#1253 for (android,tag=com.android.server.wm.AlertWindowNotification - com.google.android.wearable.app,id=0,notifKey=0|android|0|com.android.server.wm.AlertWindowNotification - com.google.android.wearable.app|1000)
11-02 19:59:46.807203  2520  6840 D StreamDatabase:   filtering notification, reason=HOME_OVER_OTHER_APPS_NOTIFICATION, itemId=StreamItemIdAndRevision{notifKey=0|android|0|com.android.server.wm.AlertWindowNotification - com.google.android.wearable.app|1000, packageName=android, tag=com.android.server.wm.AlertWindowNotification - com.google.android.wearable.app, id=0, revision=1253, originalRevision=1253, updateCount=0}
11-02 19:59:46.807954  2520  6840 D HOME    : [WatchStreamDB]Item alerting conditions - isInterruptive: true, recentlyInterrupted: false, isItemPinned: true, isUnread: false
11-02 19:59:46.808368  2520  6840 D HOME    : [StreamAlertingRegulator]isTheaterModeEnabled: false, isAlertingAllowedByOffBody: true, matchesLocalInterruptionFilter: true
11-02 19:59:46.808431  2520  5175 D HOME    : [DataRequester]cancelScheduledUpdates TileConfig{id=-1, provider=ComponentInfo{com.google.android.wearable.app/com.google.android.clockwork.home.jovi.tile.JoviTileProviderService}}
11-02 19:59:46.808659  2520  5175 D HOME    : [DataRequester]cancelScheduledUpdates could not find jobId for provider -1
11-02 19:59:46.808669  2520  6840 D HOME    : [WatchStreamDB]couldItemAlert: false, isTopItemChanged: false, isDeferralForTopItem: false
11-02 19:59:46.809180  2520  6840 D HOME    : [StreamAdapter]onStreamChange StreamChangeEvent[modified=1, removed=0, modifiedTop=0, removedTop=0, reorder=false, possibleAlertingItem=none]
11-02 19:59:46.809571  2520  6840 D HOME    : [StreamAdapter]onStreamChange StreamChangeEvent[modified=1, removed=0, modifiedTop=0, removedTop=0, reorder=false, possibleAlertingItem=none]
11-02 19:59:46.810047  2520  2520 D HOME    : [TopNotificationReceiver]Sending request to TopNotificationProviderService for complication update
11-02 19:59:46.810224  2520  6840 D HOME    : [NewStreamAdapter]Publishing revision #1253 to adapter clients
11-02 19:59:46.811574  2520  5175 D HOME    : [DataRequester]updateFinished -1
11-02 19:59:46.811791  2520  5175 D HOME    : [ProviderConnMgr]Unbinding from service
11-02 19:59:46.817016  2520  5175 D HOME    : [DataRequester]Scheduling job for TileConfig{id=-1, provider=ComponentInfo{com.google.android.wearable.app/com.google.android.clockwork.home.jovi.tile.JoviTileProviderService}} delay=14400 jobId=2000048
11-02 19:59:46.817432  2520  2520 D HOME    : [StreamAdapter]setStreamItems, size 2
11-02 19:59:46.819593  2520  2520 D HOME    : [StreamAdapter]setStreamItems, size 1
11-02 19:59:46.822153  2520  5175 D HOME    : [ComplicationController]scheduleImmediateUpdateForAllFromProvider ComponentInfo{com.google.android.wearable.app/com.google.android.clockwork.wcs.notification.complication.TopNotificationProviderService}
