11-02 20:50:10.042116     0     0 W QSEECOM : qseecom_receive_req: Interrupted: exiting Listener Service = 8192
11-02 20:50:10.042178     0     0 W QSEECOM : qseecom_receive_req: Interrupted: exiting Listener Service = 12288
11-02 20:50:10.042217     0     0 W QSEECOM : qseecom_receive_req: Interrupted: exiting Listener Service = 11
11-02 20:50:10.042263     0     0 W QSEECOM : qseecom_receive_req: Interrupted: exiting Listener Service = 10
11-02 20:50:10.042296     0     0 W QSEECOM : qseecom_receive_req: Interrupted: exiting Listener Service = 28672
11-02 20:50:10.047634     0     0 I         : done.
11-02 20:50:10.048559     0     0 I PM      : suspend exit 2021-11-02 19:50:10.048559589 UTC
11-02 20:50:10.050951     0     0 I init    : Command 'write /sys/devices/system/cpu/cpu3/online 0' action=ro.enable_core_ctl=true && sys.cw_corectl_mode=idle (/vendor/etc/init/hw/init.qcom.rc:952) took 107ms and succeeded
11-02 20:50:10.251739     0     0 I PM      : suspend entry 2021-11-02 19:50:10.251739328 UTC
11-02 20:50:10.251762     0     0 I PM      : Syncing filesystems ... done.
11-02 20:50:10.272884     0     0 I         : Freezing user space processes ... (elapsed 0.011 seconds) done.
11-02 20:50:10.284563     0     0 I         : Freezing remaining freezable tasks ... (elapsed 0.006 seconds) done.
11-02 20:50:10.290723     0     0 I         : Suspending console(s) (use no_console_suspend to debug)
11-02 20:50:10.306372     0     0 I mdss_dsi_panel_set_idle_mode: Idle (1->1)
11-02 20:50:10.344539     0     0 I bgcom   : bgcom_pm_suspend: suspended with : 0
11-02 20:50:10.374792     0     0 I PM      : suspend of devices complete after 80.194 msecs
11-02 20:50:10.380945     0     0 I PM      : late suspend of devices complete after 6.104 msecs
11-02 20:50:10.387054     0     0 I PM      : noirq suspend of devices complete after 6.069 msecs
11-02 20:50:10.387071     0     0 I         : Disabling non-boot CPUs ...
11-02 20:50:10.399565     0     0 W         : IRQ21 no longer affine to CPU1
11-02 20:50:10.401604     0     0 I CPU1    : shutdown
11-02 20:50:10.403942     0     0 I suspend ns: 1482968488705	suspend cycles:     270676577067
11-02 20:50:10.403918     0     0 I CPU0    : msm_cpu_pm_enter_sleep mode:3 during suspend
11-02 20:50:10.403918     0     0 I         : Suspended for 6.596 seconds
11-02 20:50:10.403918     0     0 I resume cycles: 270803231938
11-02 20:50:10.404579     0     0 I         : Enabling non-boot CPUs ...
11-02 20:50:10.405454     0     0 I CPU1    : update cpu_capacity 1024
11-02 20:50:10.407142     0     0 I         : CPU1 is up
11-02 20:50:10.408079     0     0 I CPU1    : update max cpu_capacity 748
11-02 20:50:10.411205     0     0 I PM      : noirq resume of devices complete after 3.676 msecs
11-02 20:50:10.416754     0     0 I PM      : early resume of devices complete after 4.032 msecs
11-02 20:50:10.450167     0     0 I bgcom   : bgcom_pm_resume: Bgcom resumed with : 0
11-02 20:50:10.460565     0     0 I mdss_dsi_panel_set_idle_mode: Idle (1->1)
11-02 20:50:10.503374     0     0 I PM      : resume of devices complete after 86.573 msecs
11-02 20:50:10.507911     0     0 I         : Restarting tasks ...
11-02 20:50:10.522192     0     0 W QSEECOM : qseecom_receive_req: Interrupted: exiting Listener Service = 8192
11-02 20:50:10.522299     0     0 W QSEECOM : qseecom_receive_req: Interrupted: exiting Listener Service = 12288
11-02 20:50:10.522348     0     0 W QSEECOM : qseecom_receive_req: Interrupted: exiting Listener Service = 11
11-02 20:50:10.522396     0     0 W QSEECOM : qseecom_receive_req: Interrupted: exiting Listener Service = 10
11-02 20:50:10.522444     0     0 W QSEECOM : qseecom_receive_req: Interrupted: exiting Listener Service = 28672
11-02 20:50:10.530869     0     0 I         : done.
11-02 20:50:17.130517     0     0 I PM      : suspend exit 2021-11-02 19:50:17.130517346 UTC
--------- switch to system
11-02 20:50:17.145301  1686  1686 I PowerManagerService: Waking up from dozing (uid=1000 reason=tiltToWake)...
11-02 20:50:17.152134  1686  1686 W UsageStatsService: Event reported without a package name
--------- switch to kernel
11-02 20:50:17.162068     0     0 E FG      : fg_psy_get_property: unsupported property 7
11-02 20:50:17.117633     0     0 W healthd : battery l=61 v=3944 t=38.0 h=2 st=3 c=12 fc=443000 cc=0 chg=
--------- switch to main
11-02 20:50:17.179203   512   512 I sensors-hal: batch:140, android.sensor.light/46, period=100000000, max_latency=0
11-02 20:50:17.179322   512   512 I sensors-hal: batch:149, android.sensor.light/46, period=100000000, max_latency=0 request completed
11-02 20:50:17.180867   512   512 I sensors-hal: activate:107, android.sensor.light/46 en=1
11-02 20:50:17.182077   512   512 I sensors-hal: ssc_enable_rt_task:254, ssc_enable_rt_task : true
11-02 20:50:17.187852   512   512 I sensors-hal: activate:118, android.sensor.light/46 en=1 completed
11-02 20:50:17.189726  1686  1823 I SidekickService: endDisplayLocked()
--------- switch to system
11-02 20:50:17.190611  1686  1710 I DisplayManagerService: Display device changed state: "cran intgr", ON
--------- switch to main
11-02 20:50:17.191347   416   416 D SKGHAL  : sendAmbientEvent: enter: enable = 0
11-02 20:50:17.195852   512   512 I sensors-hal: batch:140, android.sensor.accelerometer/48, period=66667000, max_latency=100000000
11-02 20:50:17.196018   512   512 I sensors-hal: batch:149, android.sensor.accelerometer/48, period=66667000, max_latency=100000000 request completed
11-02 20:50:17.197602   512   512 I sensors-hal: activate:107, android.sensor.accelerometer/48 en=1
11-02 20:50:17.198302   512   512 I sensors-hal: ssc_enable_rt_task:254, ssc_enable_rt_task : true
11-02 20:50:17.215203  4243  4243 D OMService: onDisplayChanged: not dozing
11-02 20:50:17.235867  1686  1759 I InputReader: Reconfiguring input devices.  changes=0x00000004
11-02 20:50:17.238084   512   512 I sensors-hal: activate:118, android.sensor.accelerometer/48 en=1 completed
11-02 20:50:17.249025  2520  2520 D HOME    : [BatteryChange]action: android.intent.action.BATTERY_CHANGED
11-02 20:50:17.249873  1956  1956 D QtiCarrierConfigHelper: WARNING, no carrier configs on phone Id: 0
11-02 20:50:17.249885  2520  7978 D HOME    : [BatteryChange]HandleBatteryChangedTask
11-02 20:50:17.250336  2520  7978 D HOME    : [BatteryChange]level: 61, status: 3
11-02 20:50:17.260347  1686  1799 E WifiStateMachine: getWifiLinkLayerStats called without an interface
--------- switch to system
11-02 20:50:17.270417  1686  1702 W BroadcastQueue: Background execution not allowed: receiving Intent { act=android.intent.action.USER_PRESENT flg=0x10 } to com.google.android.gms/.auth.setup.devicesignals.LockScreenReceiver
--------- switch to main
11-02 20:50:17.274751  3205  3434 W WorkController: Loading failed for worker [trainingcache]: worker not found
11-02 20:50:17.276449  3205  3294 W A       : TrainingCache cache DEVICE_UNLOCKED failure
11-02 20:50:17.276449  3205  3294 W A       : com.google.android.apps.gsa.search.core.service.h.a.a: No worker found for Worker ID [trainingcache].
11-02 20:50:17.276449  3205  3294 W A       : 	at com.google.android.apps.gsa.search.core.service.g.a.c.a(Unknown Source:5)
11-02 20:50:17.276449  3205  3294 W A       : 	at com.google.android.libraries.gsa.c.a.d.a(Unknown Source:3)
11-02 20:50:17.276449  3205  3294 W A       : 	at com.google.common.p.a.cg.c(Unknown Source:2)
11-02 20:50:17.276449  3205  3294 W A       : 	at com.google.common.p.a.bk.run(SourceFile:3)
11-02 20:50:17.276449  3205  3294 W A       : 	at com.google.common.p.a.ci.run(Unknown Source:4)
11-02 20:50:17.276449  3205  3294 W A       : 	at com.google.apps.tiktok.concurrent.ab.run(SourceFile:1)
11-02 20:50:17.276449  3205  3294 W A       : 	at java.util.concurrent.ThreadPoolExecutor.runWorker(ThreadPoolExecutor.java:1167)
11-02 20:50:17.276449  3205  3294 W A       : 	at java.util.concurrent.ThreadPoolExecutor$Worker.run(ThreadPoolExecutor.java:641)
11-02 20:50:17.276449  3205  3294 W A       : 	at com.google.apps.tiktok.concurrent.c.run(Unknown Source:4)
11-02 20:50:17.276449  3205  3294 W A       : 	at java.lang.Thread.run(Thread.java:764)
--------- switch to system
11-02 20:50:17.270928  1686  1702 W BroadcastQueue: Background execution not allowed: receiving Intent { act=android.intent.action.USER_PRESENT flg=0x10 } to com.google.android.gms/.chimera.GmsIntentOperationService$PersistentTrustedReceiver
--------- switch to main
11-02 20:50:17.316612  1686  1686 I WearPower: [WearTouchMediator] changing touch input to enabled (ON_AUTO)
11-02 20:50:17.325884  1686  1759 I InputReader: Reconfiguring input devices.  changes=0x00000200
--------- switch to kernel
11-02 20:50:17.294450     0     0 I init    : processing action (ro.enable_core_ctl=true && sys.cw_corectl_mode=perf) from (/vendor/etc/init/hw/init.qcom.rc:954)
--------- switch to main
11-02 20:50:17.360576  1686  1686 D WristGestureCtrl: Starting: GesturesEnabled-false UngazeEnabled-true
11-02 20:50:17.360842  1686  1686 D DefaultUngazeDetector: starting
11-02 20:50:17.360956  1686  1686 D DefaultUngazeDetector: startUngazeStateEstimation(). startTime = 14096791
11-02 20:50:17.363189  1686  1686 W AlarmManagerProxy: Removing unknown listener
11-02 20:50:17.365138   512   512 I sensors-hal: batch:140, android.sensor.accelerometer/48, period=19231000, max_latency=100000000
11-02 20:50:17.366822  1686  1686 W DefaultSettingsContentR: Value for ambient_low_bit_enabled not stored as number. Attempting parse as boolean.
11-02 20:50:17.367658   512  8019 I sensors-hal: handle_indication_realtime:355,  SCHED_FIFO(10) for qmi_cbk
--------- switch to kernel
11-02 20:50:17.297465     0     0 I CPU2    : update cpu_capacity 1024
--------- switch to main
11-02 20:50:17.370172   512   512 I sensors-hal: batch:149, android.sensor.accelerometer/48, period=19231000, max_latency=100000000 request completed
11-02 20:50:17.371242   512   512 I sensors-hal: flush:169, android.sensor.accelerometer/48
11-02 20:50:17.373198   512   512 I sensors-hal: flush:175, android.sensor.accelerometer/48 completed
--------- switch to kernel
11-02 20:50:17.331644     0     0 I CPU1    : update max cpu_capacity 748
11-02 20:50:17.332240     0     0 I CPU3    : update cpu_capacity 1024
11-02 20:50:17.336615     0     0 I CPU2    : update max cpu_capacity 1024
--------- switch to main
11-02 20:50:17.401575  3205  3434 W WorkController: Loading failed for worker [trainingcache]: worker not found
11-02 20:50:17.406283  3205  3372 W A       : TrainingCache cache SCREEN_ON failure
11-02 20:50:17.406283  3205  3372 W A       : com.google.android.apps.gsa.search.core.service.h.a.a: No worker found for Worker ID [trainingcache].
11-02 20:50:17.406283  3205  3372 W A       : 	at com.google.android.apps.gsa.search.core.service.g.a.c.a(Unknown Source:5)
11-02 20:50:17.406283  3205  3372 W A       : 	at com.google.android.libraries.gsa.c.a.d.a(Unknown Source:3)
11-02 20:50:17.406283  3205  3372 W A       : 	at com.google.common.p.a.cg.c(Unknown Source:2)
11-02 20:50:17.406283  3205  3372 W A       : 	at com.google.common.p.a.bk.run(SourceFile:3)
11-02 20:50:17.406283  3205  3372 W A       : 	at com.google.common.p.a.ci.run(Unknown Source:4)
11-02 20:50:17.406283  3205  3372 W A       : 	at com.google.apps.tiktok.concurrent.ab.run(SourceFile:1)
11-02 20:50:17.406283  3205  3372 W A       : 	at java.util.concurrent.ThreadPoolExecutor.runWorker(ThreadPoolExecutor.java:1167)
11-02 20:50:17.406283  3205  3372 W A       : 	at java.util.concurrent.ThreadPoolExecutor$Worker.run(ThreadPoolExecutor.java:641)
11-02 20:50:17.406283  3205  3372 W A       : 	at com.google.apps.tiktok.concurrent.c.run(Unknown Source:4)
11-02 20:50:17.406283  3205  3372 W A       : 	at java.lang.Thread.run(Thread.java:764)
11-02 20:50:17.421650  2520  2520 D HOME    : [StreamDBQueue]Promised revision #1881 to queue a new op
11-02 20:50:17.421910  2520  2520 D WatchStreamManager: Promised rank-blocked=true @ r#1881
11-02 20:50:17.422745  2520  7978 D HOME    : [WatchStreamDB]Item alerting conditions - isInterruptive: false, recentlyInterrupted: false, isItemPinned: false, isUnread: false
11-02 20:50:17.423073  2520  7978 D HOME    : [StreamAlertingRegulator]isTheaterModeEnabled: false, isAlertingAllowedByOffBody: true, matchesLocalInterruptionFilter: true
11-02 20:50:17.423281  2520  7978 D HOME    : [WatchStreamDB]couldItemAlert: false, isTopItemChanged: false, isDeferralForTopItem: false
11-02 20:50:17.453189   512  8017 I sensors-hal: handle_indication_realtime:355,  SCHED_FIFO(10) for qmi_cbk
--------- switch to kernel
11-02 20:50:17.377240     0     0 I CPU2    : update max cpu_capacity 1024
11-02 20:50:17.649157     0     0 E bgrsb   : bgrsb_enable: rsb will set report rate
11-02 20:50:17.671961     0     0 E bgrsb   : bgrsb_enable: gpio 32 is valid
--------- switch to main
11-02 20:50:17.755390   504   523 I SDM     : DisplayBase::SetDisplayState: Set state = 3, display 0
11-02 20:50:17.755767   504   523 D SDM     : HWCDisplayPrimary::SetStandByMode: Display is connected successfully
11-02 20:50:17.756716   416   416 D SKGHAL  : standBy_update_control call succeed on 0
11-02 20:50:17.756827   416   416 D SKGHAL  : sendAmbientEvent: done: enable = 0
11-02 20:50:17.758208  1686  1823 D SidekickService:    ... endDisplay returns void
11-02 20:50:17.759802   545   545 D SurfaceFlinger: Set power mode=2, type=0 flinger=0xb6bb6000
11-02 20:50:17.760832   504   761 I SDM     : DisplayBase::SetDisplayState: Set state = 1, display 0
--------- switch to kernel
11-02 20:50:17.708205     0     0 I         : [touch]FB_BLANK_VSYNC_SUSPEND
11-02 20:50:17.708212     0     0 I         : [touch]Already in suspend state
--------- switch to main
11-02 20:50:17.772817   545   545 D SurfaceFlinger: Finished set power mode=2, type=0
--------- switch to kernel
11-02 20:50:17.720935     0     0 I mdss_dsi_panel_set_idle_mode: Idle (1->0)
11-02 20:50:17.722140     0     0 E mdp3_enable_panic_ctrl: mdp3_enable_panic_ctrl: Enable Panic Control
11-02 20:50:17.722258     0     0 I         : [touch]FB_BLANK_UNBLANK
11-02 20:50:17.722267     0     0 I         : [touch]raydium_ts_do_resume, 1.
11-02 20:50:17.723266     0     0 I         : [ raydium ]workqueue is empty!
11-02 20:50:17.723293     0     0 I raydium_ts 5-0039: [touch]Already enable irq
11-02 20:50:17.723299     0     0 I         : [touch]Device may wakeup
--------- switch to system
11-02 20:50:17.777592  1686  1712 W PowerManagerService: Screen on took 783 ms
11-02 20:50:17.778118  1686  1712 I DreamManagerService: Gently waking up from dream.
11-02 20:50:17.779109  1686  1708 I DreamManagerService: Performing gentle wake from dream.
11-02 20:50:17.780706  1686  1686 V DreamService[AmbientDream]: wakeUp(): fromSystem=true, mWaking=false, mFinished=false
11-02 20:50:17.780914  1686  1686 V DreamService[AmbientDream]: finish(): mFinished=false
11-02 20:50:17.781042  1686  1686 I DreamManagerService: Leaving dreamland.
11-02 20:50:17.782081  1686  1708 I DreamManagerService: Performing gentle wake from dream.
11-02 20:50:17.782384  1686  1708 I DreamController: Stopping dream: name=ComponentInfo{com.google.android.wearable.ambient/com.google.android.wearable.ambient.AmbientDream}, isTest=false, canDoze=true, userId=0
11-02 20:50:17.784974  1686  1686 V DreamService[AmbientDream]: detach(): Calling onDreamingStopped()
--------- switch to main
11-02 20:50:17.785470  1686  1686 I AmbientService: [ce6a28c] doOnDreamingStopped
11-02 20:50:17.785635  1686  1686 W AlarmManagerProxy: Removing unknown listener
11-02 20:50:17.790859  1686  1686 I AmbientService: [ce6a28c] No auto-resume Activity.
11-02 20:50:17.795422  1686  1686 W AlarmManager: Unrecognized alarm listener com.android.server.job.controllers.-$$Lambda$IdleController$IdlenessTracker$nTdS-lGBXcES5VWKcJFmQFgU7IU@1ab437a
--------- switch to system
11-02 20:50:17.798395  1686  1686 W ContextImpl: Calling a method in the system process without a qualified user: android.app.ContextImpl.sendBroadcast:1020 android.content.ContextWrapper.sendBroadcast:449 com.google.android.wearable.ambient.AmbientDream.onDestroy:273 android.app.ActivityThread.handleStopService:3698 android.app.ActivityThread.access$1700:200 
--------- switch to main
11-02 20:50:17.799492  1686  1686 E AlarmManager: cancel() called with a null PendingIntent
11-02 20:50:17.799620  2520  2520 D HOME    : [HomeVisitsLogger]Logging streamlet event: visit_start
--------- switch to system
11-02 20:50:17.800248  1686  1686 V DreamService[AmbientDream]: onDestroy()
--------- switch to main
11-02 20:50:17.800319  2520  2520 D HOME    : [HomeVisitsLogger]Logging streamlet event: exit_ambient_mode
11-02 20:50:17.801297  2520  2520 D HOME    : [HotwordController]updateClient MODE_WATCH_FACE false false false true
11-02 20:50:17.803734  2520  2520 D HOME    : [WatchFaceUiController]setInAmbientMode false
11-02 20:50:17.803935  2520  2520 D HOME    : [WatchFaceUiController]sendWatchFaceServiceBinder
11-02 20:50:17.816761  2520  2520 D HOME    : [WatchFaceUiController]sendStateToWallpaper
11-02 20:50:17.821186  2520  2520 D HOME    : [WatchFaceUiController]Showing watch face wallpaper.
11-02 20:50:17.821671  2520  2520 D HOME    : [WatchFaceUiController]sendStateToWallpaper
11-02 20:50:17.836364  2520  2520 D HOME    : [StreamDBQueue]Promised revision #1882 to queue a new op
11-02 20:50:17.836902  2520  2520 D WatchStreamManager: Promised rank-blocked=true @ r#1882
11-02 20:50:17.837636  2520  2520 D HOME    : [StreamDBQueue]Promised revision #1883 to queue a new op
11-02 20:50:17.837897  2520  2520 D WatchStreamManager: Promised rank-blocked=true @ r#1883
11-02 20:50:17.838524  2520  7508 D HOME    : [WatchStreamDB]Item alerting conditions - isInterruptive: false, recentlyInterrupted: false, isItemPinned: false, isUnread: false
11-02 20:50:17.839170  2520  7508 D HOME    : [StreamAlertingRegulator]isTheaterModeEnabled: false, isAlertingAllowedByOffBody: true, matchesLocalInterruptionFilter: true
11-02 20:50:17.839170  2520  2520 D HOME    : [TilesController]Tile refresh optimization is enabled.
11-02 20:50:17.839630  2520  7508 D HOME    : [WatchStreamDB]couldItemAlert: false, isTopItemChanged: false, isDeferralForTopItem: false
11-02 20:50:17.839630  2520  2520 D HOME    : [EventBus]Wrapper pool is full. Discarding excess wrapper instance for event com.google.android.clockwork.sysui.events.KeyguardStateEvent
11-02 20:50:17.839793  2520  2520 D HOME    : [WatchFaceUiController]sendStateToWallpaper
11-02 20:50:17.844406  2520  2520 D HOME    : [EventBus]Wrapper pool is full. Discarding excess wrapper instance for event com.google.android.clockwork.sysui.events.KeyguardStateEvent
11-02 20:50:17.845450  2520  2520 D HOME    : [EventBus]Wrapper pool is full. Discarding excess wrapper instance for event com.google.android.clockwork.sysui.events.KeyguardStateEvent
11-02 20:50:17.843559  2520  7508 D HOME    : [WatchStreamDB]Item alerting conditions - isInterruptive: false, recentlyInterrupted: false, isItemPinned: false, isUnread: false
11-02 20:50:17.848731  2520  7508 D HOME    : [StreamAlertingRegulator]isTheaterModeEnabled: false, isAlertingAllowedByOffBody: true, matchesLocalInterruptionFilter: true
11-02 20:50:17.849711  2520  7508 D HOME    : [WatchStreamDB]couldItemAlert: false, isTopItemChanged: false, isDeferralForTopItem: false
11-02 20:50:17.859351  2520  2520 D HOME    : [WatchFaceUiController]sendStateToWallpaper
11-02 20:50:17.867235  2520  2520 W StaticLayout: maxLineHeight should not be -1.  maxLines:1 lineCount:1
11-02 20:50:17.925100   512  1749 I sensors-hal: activate:107, android.sensor.light/46 en=0
11-02 20:50:17.927293  2520  2520 D HOME    : [WatchFaceUiController]sendWatchFaceServiceBinder
11-02 20:50:17.927811   512  1749 I sensors-hal: activate:118, android.sensor.light/46 en=0 completed
11-02 20:50:17.930562   512  1749 I sensors-hal: batch:140, android.sensor.light/46, period=250000000, max_latency=0
11-02 20:50:17.930673   512  1749 I sensors-hal: batch:149, android.sensor.light/46, period=250000000, max_latency=0 request completed
11-02 20:50:17.931059   512  1749 I sensors-hal: activate:107, android.sensor.light/46 en=1
11-02 20:50:17.931379   512  1749 I sensors-hal: ssc_enable_rt_task:254, ssc_enable_rt_task : true
11-02 20:50:17.933005  2520  2520 D HOME    : [WatchFaceUiController]sendProperties
11-02 20:50:17.935352  2520  2520 D HOME    : [WatchFaceUiController]sendStateToWallpaper
11-02 20:50:17.944385   512  1749 I sensors-hal: activate:118, android.sensor.light/46 en=1 completed
--------- switch to system
11-02 20:50:17.949704  1686  1686 V SettingsProvider: Notifying for 0: content://settings/system/screen_brightness
--------- switch to main
11-02 20:50:17.951566  1686  1686 I SidekickService: loadBrightnessLocked()
11-02 20:50:17.953067  1686  1686 D SidekickService: screenBrightness  = 50
11-02 20:50:17.953565  1686  1686 D SidekickService: sendConfigValuesLocked(): alsThresholds = [40, 92, 95, 100, 125, 150, 175, 200, 225, 250, 300, 400, 500, 800, 1200], brightnessValuesBright = [50, 56, 60, 70, 80, 90, 100, 115, 120, 140, 160, 180, 200, 220, 240, 255], brightnessValuesDim= [50, 56, 60, 70, 80, 90, 100, 115, 120, 140, 160, 180, 200, 220, 240, 255]
11-02 20:50:17.968969  1686  1686 D SidekickService: setAlsMode(): mode = 2, brightenAlpha = 80, dimmingAlpha = 80
11-02 20:50:17.977302  1686  1686 D SidekickService: setTwmConfig():: msTiltToBright = 10000, tiltToBright = false
11-02 20:50:18.020020   512  8024 I sensors-hal: handle_indication_realtime:355,  SCHED_FIFO(10) for qmi_cbk
--------- switch to system
11-02 20:50:21.995097  1686  1712 I PowerManagerService: Going to sleep due to screen timeout (uid 1000)...
11-02 20:50:21.995703  1686  1686 W UsageStatsService: Event reported without a package name
11-02 20:50:21.996526  1686  1712 I DreamManagerService: Entering dreamland.
11-02 20:50:21.997441  1686  1712 I PowerManagerService: Dozing...
11-02 20:50:22.011948  1686  1708 I DreamController: Starting dream: name=ComponentInfo{com.google.android.wearable.ambient/com.google.android.wearable.ambient.AmbientDream}, isTest=false, canDoze=true, userId=0
11-02 20:50:22.033119  1686  1686 W ContextImpl: Calling a method in the system process without a qualified user: android.app.ContextImpl.bindService:1611 android.content.ContextWrapper.bindService:698 com.google.android.wearable.ambient.AmbientDream.onCreate:191 android.app.ActivityThread.handleCreateService:3533 android.app.ActivityThread.access$1300:200 
11-02 20:50:22.035647  1686  1686 W ContextImpl: Calling a method in the system process without a qualified user: android.app.ContextImpl.sendBroadcast:1005 android.content.ContextWrapper.sendBroadcast:444 com.google.android.wearable.ambient.AmbientDream.onCreate:241 android.app.ActivityThread.handleCreateService:3533 android.app.ActivityThread.access$1300:200 
11-02 20:50:22.036292  1686  1686 V DreamService[AmbientDream]: onBind() intent = Intent { act=android.service.dreams.DreamService flg=0x800000 cmp=com.google.android.wearable.ambient/.AmbientDream }
--------- switch to main
11-02 20:50:22.037534  1686  1686 I AmbientService: [ce6a28c] Ambient Created
--------- switch to system
11-02 20:50:22.038356  1686  1686 V DreamService[AmbientDream]: Calling onDreamingStarted()
--------- switch to main
11-02 20:50:22.038464  1686  1686 I AmbientService: [ce6a28c] doOnDreamingStarted
11-02 20:50:22.042097  1686  1686 D SidekickService: setShouldControlDisplay called: true
11-02 20:50:22.043864  1686  1686 I AmbientService: [ce6a28c] Selected running activity for ambient mode: AmbientActivity[component=ComponentInfo{com.google.android.wearable.app/com.google.android.clockwork.home2.activity.HomeActivity2}, callbacks=@210b385, running=true, ambientRequested=true, ambientEnabled=true, offloadEnabled=true]
11-02 20:50:22.045288  1686  1686 I AmbientService: [ce6a28c] Sidekick is ready to display, requesting doze.
11-02 20:50:22.046046  1686  1686 I AmbientService: [ce6a28c] No auto-resume Activity.
11-02 20:50:22.048241  1686  1686 W DefaultSettingsContentR: Value for ambient_low_bit_enabled not stored as number. Attempting parse as boolean.
11-02 20:50:22.050882  2520  2520 D HOME    : [HomeVisitsLogger]Logging streamlet event: enter_ambient_mode
11-02 20:50:22.051583  2520  2520 D HOME    : [HotwordController]updateClient MODE_WATCH_FACE false true false true
11-02 20:50:22.051806  1686  1686 I AmbientService: [ce6a28c] Showing watch face in offload mode, canceling alarm.
11-02 20:50:22.051806  2520  7941 D HOME    : [HomeVisitsLogger]Logging streamlet event: visit_end
11-02 20:50:22.051864  1686  1686 W AlarmManagerProxy: Removing unknown listener
11-02 20:50:22.051964  1686  1686 D WristGestureCtrl: Stopping detectors: GesturesEnabled-false gestureDetector-false ungazeEnabled-true ungaze-true
11-02 20:50:22.052003  1686  1686 D DefaultUngazeDetector: stopping
11-02 20:50:22.052513  2520  2520 D HOME    : [WatchFaceUiController]setInAmbientMode true
11-02 20:50:22.053953  2520  2520 D HOME    : [StreamDBQueue]Promised revision #1884 to queue a new op
11-02 20:50:22.054201  2520  2520 D WatchStreamManager: Promised rank-blocked=false @ r#1884
11-02 20:50:22.054748  2520  2520 D HOME    : [StreamDBQueue]Promised revision #1885 to queue a new op
11-02 20:50:22.054758  2520  7978 D HOME    : [WatchStreamDB]Item alerting conditions - isInterruptive: false, recentlyInterrupted: false, isItemPinned: false, isUnread: false
11-02 20:50:22.054894  2520  2520 D WatchStreamManager: Promised rank-blocked=false @ r#1885
11-02 20:50:22.055041  2520  7978 D HOME    : [StreamAlertingRegulator]isTheaterModeEnabled: false, isAlertingAllowedByOffBody: true, matchesLocalInterruptionFilter: true
11-02 20:50:22.055284  2520  7978 D HOME    : [WatchStreamDB]couldItemAlert: false, isTopItemChanged: false, isDeferralForTopItem: false
11-02 20:50:22.055599  2520  2520 D HOME    : [EventBus]Wrapper pool is full. Discarding excess wrapper instance for event com.google.android.clockwork.sysui.events.KeyguardStateEvent
11-02 20:50:22.055697  2520  2520 D HOME    : [WatchFaceUiController]sendStateToWallpaper
11-02 20:50:22.056018  2520  7978 D HOME    : [WatchStreamDB]Item alerting conditions - isInterruptive: false, recentlyInterrupted: false, isItemPinned: false, isUnread: false
11-02 20:50:22.056432   512  1749 I sensors-hal: batch:140, android.sensor.accelerometer/48, period=66667000, max_latency=100000000
11-02 20:50:22.057275  2520  2520 D HOME    : [EventBus]Wrapper pool is full. Discarding excess wrapper instance for event com.google.android.clockwork.sysui.events.KeyguardStateEvent
11-02 20:50:22.057277  2520  7938 D HOME    : [StreamDBQueue]Promised revision #1886 to queue a new op
11-02 20:50:22.057404  2520  7938 D WatchStreamManager: Promised rerank @ r#1886
11-02 20:50:22.057516  2520  2520 D HOME    : [EventBus]Wrapper pool is full. Discarding excess wrapper instance for event com.google.android.clockwork.sysui.events.KeyguardStateEvent
11-02 20:50:22.058304   512  1749 I sensors-hal: batch:149, android.sensor.accelerometer/48, period=66667000, max_latency=100000000 request completed
11-02 20:50:22.060930  2520  7941 I SidekickManager: replaceWatchFaceComponentsImpl(): watchFace = com.google.android.clockwork.decomposablewatchface.WatchFaceDecomposition@117bcb7
11-02 20:50:22.063255  2520  2520 W StaticLayout: maxLineHeight should not be -1.  maxLines:1 lineCount:1
11-02 20:50:22.066103  1686  7908 D SidekickService: sendWatchFaceComponents called: watchFace = com.google.android.clockwork.decomposablewatchface.WatchFaceDecomposition@f7ac667shouldReplace = false
11-02 20:50:22.066587  1686  7908 D SidekickService: Check decomposition for calling app com.google.android.wearable.app with uid 10049
11-02 20:50:22.067037  1686  7908 D SidekickService: sendWatchFaceLocked(): shouldReplace = false, mSidekickIsControlling = false, 1 images, 0 fonts, 0 numbers, 0 proportionalFonts, 0 strings
11-02 20:50:22.067122  1686  7908 D SidekickService: ISidekickGraphics#beginResources()...
11-02 20:50:22.068313  1686  7908 D SidekickServiceUtils: bitmapFromDrawable: Returning bitmap directly
11-02 20:50:22.069386  2520  7978 D HOME    : [StreamAlertingRegulator]isTheaterModeEnabled: false, isAlertingAllowedByOffBody: true, matchesLocalInterruptionFilter: true
11-02 20:50:22.069763  2520  7978 D HOME    : [WatchStreamDB]couldItemAlert: false, isTopItemChanged: false, isDeferralForTopItem: false
11-02 20:50:22.070123  1686  7908 D SidekickService: sendBitmapsLocked(): bounds = RectF(0.0, 0.0, 0.0024038462, 0.0024038462), drawableInfo = {.id = 100000, .width = 1, .height = 1, .display = true, .offsetX = 0.0, .offsetY = 0.0, .rotationInfo = {.hasRotation = false, .pivotX = 0.0, .pivotY = 0.0, .degreesPerDay = 0.0, .degreesPerStep = 0.0, .zeroDegreesTime = {.daysSinceLocalEpoch = 0, .msSinceMidnight = 0}}, .transformInfo = {.transformed = false, .flipX = false, .flipY = false, .flip45 = false, .scaleX = 0.0, .scaleY = 0.0}, .type = GENERIC, .blink = {.blinking = false, .periodOnMs = 0.0, .periodOffMs = 0.0, .startTime = {.daysSinceLocalEpoch = 0, .msSinceMidnight = 0}}, .zOrder = 8, .displayInTwm = true}, image.size() = 84
11-02 20:50:22.071165   416  2389 D SKGHAL  : saveResource: resId = 100000
11-02 20:50:22.071583  1686  7908 D SidekickService: sendBitmapsLocked(): status = 0, bytesUsed = 18
11-02 20:50:22.071639  2520  7978 D HOME    : [WatchStreamDB]updateRanking()
11-02 20:50:22.071799  1686  7908 D SidekickService: ISidekickGraphics#endResources()...
11-02 20:50:22.072296  2520  7978 D HOME    : [WatchStreamDB]Item alerting conditions - isInterruptive: false, recentlyInterrupted: false, isItemPinned: false, isUnread: false
11-02 20:50:22.072723  2520  7978 D HOME    : [StreamAlertingRegulator]isTheaterModeEnabled: false, isAlertingAllowedByOffBody: true, matchesLocalInterruptionFilter: true
11-02 20:50:22.074014  2520  7978 D HOME    : [WatchStreamDB]couldItemAlert: false, isTopItemChanged: false, isDeferralForTopItem: false
11-02 20:50:22.075080  2520  7978 D HOME    : [NewStreamAdapter]Publishing revision #1886 to adapter clients
11-02 20:50:22.075632  2520  7938 D HOME    : [StreamDBQueue]Promised revision #1887 to queue a new op
11-02 20:50:22.075827  2520  7938 D WatchStreamManager: Promised rerank @ r#1887
11-02 20:50:22.075952  2520  7508 D HOME    : [WatchStreamDB]updateRanking()
11-02 20:50:22.076426  2520  7508 D HOME    : [WatchStreamDB]Item alerting conditions - isInterruptive: false, recentlyInterrupted: false, isItemPinned: false, isUnread: false
11-02 20:50:22.076729  2520  7508 D HOME    : [StreamAlertingRegulator]isTheaterModeEnabled: false, isAlertingAllowedByOffBody: true, matchesLocalInterruptionFilter: true
11-02 20:50:22.076974  2520  7508 D HOME    : [WatchStreamDB]couldItemAlert: false, isTopItemChanged: false, isDeferralForTopItem: false
11-02 20:50:22.077566  2520  7508 D HOME    : [NewStreamAdapter]Publishing revision #1887 to adapter clients
--------- switch to kernel
11-02 20:50:22.034695     0     0 E FG      : fg_psy_get_property: unsupported property 7
11-02 20:50:22.040422     0     0 W healthd : battery l=61 v=3891 t=38.0 h=2 st=3 c=136 fc=443000 cc=0 chg=
--------- switch to main
11-02 20:50:22.095869  1956  1956 D QtiCarrierConfigHelper: WARNING, no carrier configs on phone Id: 0
11-02 20:50:22.111823  2520  2520 D HOME    : [BatteryChange]action: android.intent.action.BATTERY_CHANGED
11-02 20:50:22.112483  2520  7978 D HOME    : [BatteryChange]HandleBatteryChangedTask
11-02 20:50:22.113246  2520  7978 D HOME    : [BatteryChange]level: 61, status: 3
11-02 20:50:22.114822   512  1749 I sensors-hal: activate:107, android.sensor.light/46 en=0
11-02 20:50:22.115615   512  1749 I sensors-hal: activate:118, android.sensor.light/46 en=0 completed
--------- switch to system
11-02 20:50:22.129388  1686  1710 I DisplayManagerService: Display device changed state: "cran intgr", DOZE_SUSPEND
--------- switch to main
11-02 20:50:22.142012   545   545 D SurfaceFlinger: Set power mode=3, type=0 flinger=0xb6bb6000
11-02 20:50:22.142513   504   761 I SDM     : DisplayBase::SetDisplayState: Set state = 3, display 0
11-02 20:50:22.164269  1686  1759 I InputReader: Reconfiguring input devices.  changes=0x00000004
--------- switch to kernel
11-02 20:50:22.095088     0     0 I mdss_dsi_panel_set_idle_mode: Idle (0->1)
11-02 20:50:22.118779     0     0 I         : [touch]FB_BLANK_VSYNC_SUSPEND
11-02 20:50:22.118785     0     0 I         : [touch]irq disable
11-02 20:50:22.118790     0     0 I         : [touch]workqueue is empty!
11-02 20:50:22.118792     0     0 I         : [touch]raydium_ts_do_suspend.
11-02 20:50:22.118803     0     0 I         : [touch]Device may wakeup
11-02 20:50:22.121320     0     0 I         : [touch]irq enable
--------- switch to main
11-02 20:50:22.169084   545   545 D SurfaceFlinger: Finished set power mode=3, type=0
11-02 20:50:22.327953  7790  7806 I Finsky  : [295] com.google.android.finsky.bo.ac.run(5): Stats for Executor: BlockingExecutor com.google.android.finsky.bo.ad@a23a1d2[Running, pool size = 0, active threads = 0, queued tasks = 0, completed tasks = 2]
11-02 20:50:22.345503  1686  1696 I system_server: Background concurrent copying GC freed 31398(1811KB) AllocSpace objects, 22(728KB) LOS objects, 19% free, 10MB/12MB, paused 203us total 230.911ms
11-02 20:50:22.347653   416  2389 D SKGHAL  : sendResources: metadata size = 2400, font size = 72
11-02 20:50:22.398795  7790  7806 I Finsky  : [295] com.google.android.finsky.bo.ac.run(5): Stats for Executor: LightweightExecutor com.google.android.finsky.bo.ad@6e612a3[Running, pool size = 3, active threads = 0, queued tasks = 0, completed tasks = 8]
11-02 20:50:22.424935   416  2389 D SKGHAL  : endResources: rc = 0
11-02 20:50:22.425679  1686  1823 I SidekickService: beginDisplayLocked(): DOZE_SUSPEND
11-02 20:50:22.426295   416  2389 D SKGHAL  : sendAmbientPrepare: enter:
11-02 20:50:22.426494  2520  2520 D HOME    : [SidekickManagerAsync]replaceWatchFaceComponents(): Callback#onResult(): 0
11-02 20:50:22.426760  2520  2520 D HOME    : [WatchFaceUiController]Complication updates sent, posting watch face hiding
11-02 20:50:22.426826  2520  2520 D HOME    : [WatchFaceUiController]Still in ambient watch face, hiding
11-02 20:50:22.426890  2520  2520 D HOME    : [WatchFaceUiController]Hiding watch face wallpaper.
11-02 20:50:22.553334   416  2389 D SKGHAL  : sendAmbientEvent: enter: enable = 1
11-02 20:50:22.554190   504   523 I SDM     : DisplayBase::SetDisplayState: Set state = 4, display 0
11-02 20:50:22.554256   504   523 D SDM     : HWCDisplayPrimary::SetStandByMode: Null display is connected successfully
11-02 20:50:22.554424   416  2389 D SKGHAL  : standBy_update_control call succeed on 1
11-02 20:50:22.568910   416  2389 D SKGHAL  : sendAmbientEvent: done: enable = 1
11-02 20:50:22.569485  1686  1823 D SidekickService:    ... beginDisplay result: 0 for halPower: 1
11-02 20:50:22.573455   512  1749 I sensors-hal: activate:107, android.sensor.accelerometer/48 en=0
11-02 20:50:22.575151   512  1749 I sensors-hal: activate:118, android.sensor.accelerometer/48 en=0 completed
--------- switch to kernel
11-02 20:50:22.535517     0     0 E bgrsb   : bgrsb_enable: gpio 32 is valid
--------- switch to main
11-02 20:50:22.581543  1686  1799 E WifiStateMachine: getWifiLinkLayerStats called without an interface
11-02 20:50:22.606565  1686  1686 I WearPower: [WearTouchMediator] changing touch input to enabled (ON_AUTO)
11-02 20:50:22.608115  1686  1759 I InputReader: Reconfiguring input devices.  changes=0x00000200
--------- switch to kernel
11-02 20:50:22.563448     0     0 I init    : processing action (ro.enable_core_ctl=true && sys.cw_corectl_mode=idle) from (/vendor/etc/init/hw/init.qcom.rc:949)
--------- switch to main
11-02 20:50:22.620927  1686  1686 I AmbientService: [ce6a28c] Timeout alarm not required, auto-resume timeout handled by dream.
11-02 20:50:22.630930  3205  3434 W WorkController: Loading failed for worker [trainingcache]: worker not found
11-02 20:50:22.632644  3205  3294 W A       : TrainingCache cache SCREEN_OFF failure
11-02 20:50:22.632644  3205  3294 W A       : com.google.android.apps.gsa.search.core.service.h.a.a: No worker found for Worker ID [trainingcache].
11-02 20:50:22.632644  3205  3294 W A       : 	at com.google.android.apps.gsa.search.core.service.g.a.c.a(Unknown Source:5)
11-02 20:50:22.632644  3205  3294 W A       : 	at com.google.android.libraries.gsa.c.a.d.a(Unknown Source:3)
11-02 20:50:22.632644  3205  3294 W A       : 	at com.google.common.p.a.cg.c(Unknown Source:2)
11-02 20:50:22.632644  3205  3294 W A       : 	at com.google.common.p.a.bk.run(SourceFile:3)
11-02 20:50:22.632644  3205  3294 W A       : 	at com.google.common.p.a.ci.run(Unknown Source:4)
11-02 20:50:22.632644  3205  3294 W A       : 	at com.google.apps.tiktok.concurrent.ab.run(SourceFile:1)
11-02 20:50:22.632644  3205  3294 W A       : 	at java.util.concurrent.ThreadPoolExecutor.runWorker(ThreadPoolExecutor.java:1167)
11-02 20:50:22.632644  3205  3294 W A       : 	at java.util.concurrent.ThreadPoolExecutor$Worker.run(ThreadPoolExecutor.java:641)
11-02 20:50:22.632644  3205  3294 W A       : 	at com.google.apps.tiktok.concurrent.c.run(Unknown Source:4)
11-02 20:50:22.632644  3205  3294 W A       : 	at java.lang.Thread.run(Thread.java:764)
11-02 20:50:22.646525  2520  2520 D HOME    : [StreamDBQueue]Promised revision #1888 to queue a new op
11-02 20:50:22.646871  2520  2520 D WatchStreamManager: Promised rank-blocked=false @ r#1888
11-02 20:50:22.647157  2520  2520 D HOME    : [CompactHunStarter]detachWindow()
11-02 20:50:22.647705  2520  7978 D HOME    : [StreamDBQueue]Promised revision #1889 to queue a new op
11-02 20:50:22.647861  2520  7978 D WatchStreamManager: Promised rerank @ r#1889
11-02 20:50:22.648995  2520  7941 D HOME    : [WatchStreamDB]Item alerting conditions - isInterruptive: false, recentlyInterrupted: false, isItemPinned: false, isUnread: false
11-02 20:50:22.649395  2520  7941 D HOME    : [StreamAlertingRegulator]isTheaterModeEnabled: false, isAlertingAllowedByOffBody: true, matchesLocalInterruptionFilter: true
11-02 20:50:22.649715  2520  7941 D HOME    : [WatchStreamDB]couldItemAlert: false, isTopItemChanged: false, isDeferralForTopItem: false
11-02 20:50:22.650245  2520  7941 D HOME    : [WatchStreamDB]updateRanking()
11-02 20:50:22.650846  2520  7941 D HOME    : [WatchStreamDB]Item alerting conditions - isInterruptive: false, recentlyInterrupted: false, isItemPinned: false, isUnread: false
11-02 20:50:22.651200  2520  7941 D HOME    : [StreamAlertingRegulator]isTheaterModeEnabled: false, isAlertingAllowedByOffBody: true, matchesLocalInterruptionFilter: true
11-02 20:50:22.651452  2520  7941 D HOME    : [WatchStreamDB]couldItemAlert: false, isTopItemChanged: false, isDeferralForTopItem: false
11-02 20:50:22.652079  2520  7941 D HOME    : [NewStreamAdapter]Publishing revision #1889 to adapter clients
--------- switch to kernel
11-02 20:50:22.609298     0     0 I CPU3    : update max cpu_capacity 1024
11-02 20:50:22.639784     0     0 W         : IRQ21 no longer affine to CPU2
11-02 20:50:22.640553     0     0 I CPU2    : shutdown
11-02 20:50:22.642902     0     0 I init    : Command 'write /sys/devices/system/cpu/cpu2/online 0' action=ro.enable_core_ctl=true && sys.cw_corectl_mode=idle (/vendor/etc/init/hw/init.qcom.rc:951) took 79ms and succeeded
11-02 20:50:22.705660     0     0 I PM      : suspend entry 2021-11-02 19:50:22.705660989 UTC
11-02 20:50:22.705671     0     0 I PM      : Syncing filesystems ... done.
11-02 20:50:22.747808     0     0 I CPU3    : shutdown
11-02 20:50:22.748892     0     0 I         : Freezing user space processes ...
11-02 20:50:22.753961     0     0 I PM      : Wakeup pending, aborting suspend
11-02 20:50:22.754002     0     0 I         : active wakeup source: NETLINK
11-02 20:50:22.754048     0     0 E         : Freezing of tasks aborted after 0.005 seconds
11-02 20:50:22.754062     0     0 I         : Restarting tasks ...
11-02 20:50:22.754672     0     0 W QSEECOM : qseecom_receive_req: Interrupted: exiting Listener Service = 12288
11-02 20:50:22.758993     0     0 W QSEECOM : qseecom_receive_req: Interrupted: exiting Listener Service = 28672
11-02 20:50:22.759041     0     0 W QSEECOM : qseecom_receive_req: Interrupted: exiting Listener Service = 11
11-02 20:50:22.759074     0     0 W QSEECOM : qseecom_receive_req: Interrupted: exiting Listener Service = 10
11-02 20:50:22.759249     0     0 W QSEECOM : qseecom_receive_req: Interrupted: exiting Listener Service = 8192
11-02 20:50:22.759570     0     0 I init    : Command 'write /sys/devices/system/cpu/cpu3/online 0' action=ro.enable_core_ctl=true && sys.cw_corectl_mode=idle (/vendor/etc/init/hw/init.qcom.rc:952) took 68ms and succeeded
11-02 20:50:22.759644     0     0 I CPU1    : update max cpu_capacity 748
11-02 20:50:22.759706     0     0 I         : done.
11-02 20:50:22.760310     0     0 I PM      : suspend exit 2021-11-02 19:50:22.760310989 UTC
11-02 20:50:22.962212     0     0 I PM      : suspend entry 2021-11-02 19:50:22.962212604 UTC
--------- switch to system
11-02 20:50:38.267718  1686  1686 I PowerManagerService: Waking up from dozing (uid=1000 reason=tiltToWake)...
11-02 20:50:38.280533  1686  1686 W UsageStatsService: Event reported without a package name
--------- switch to kernel
11-02 20:50:22.962236     0     0 I PM      : Syncing filesystems ... done.
11-02 20:50:22.990646     0     0 I         : Freezing user space processes ... (elapsed 0.011 seconds) done.
11-02 20:50:23.002178     0     0 I         : Freezing remaining freezable tasks ... (elapsed 0.006 seconds) done.
11-02 20:50:23.008856     0     0 I         : Suspending console(s) (use no_console_suspend to debug)
11-02 20:50:23.023921     0     0 I mdss_dsi_panel_set_idle_mode: Idle (1->1)
11-02 20:50:23.060859     0     0 I bgcom   : bgcom_pm_suspend: suspended with : 0
11-02 20:50:23.092890     0     0 I PM      : suspend of devices complete after 80.157 msecs
11-02 20:50:23.099254     0     0 I PM      : late suspend of devices complete after 6.319 msecs
11-02 20:50:23.105677     0     0 I PM      : noirq suspend of devices complete after 6.379 msecs
11-02 20:50:23.105693     0     0 I         : Disabling non-boot CPUs ...
11-02 20:50:23.126040     0     0 W         : IRQ16 no longer affine to CPU1
11-02 20:50:23.126377     0     0 W         : IRQ93 no longer affine to CPU1
11-02 20:50:23.128173     0     0 I CPU1    : shutdown
11-02 20:50:23.130619     0     0 I suspend ns: 1489098557057	suspend cycles:     270920929250
11-02 20:50:23.130595     0     0 I CPU0    : msm_cpu_pm_enter_sleep mode:3 during suspend
11-02 20:50:23.130595     0     0 I         : Suspended for 15.016 seconds
11-02 20:50:23.130595     0     0 I resume cycles: 271209247209
11-02 20:50:23.131354     0     0 I         : Enabling non-boot CPUs ...
11-02 20:50:23.132230     0     0 I CPU1    : update cpu_capacity 1024
11-02 20:50:23.133957     0     0 I         : CPU1 is up
11-02 20:50:23.134483     0     0 I CPU1    : update max cpu_capacity 748
11-02 20:50:23.137985     0     0 I PM      : noirq resume of devices complete after 3.634 msecs
11-02 20:50:23.143470     0     0 I PM      : early resume of devices complete after 3.973 msecs
11-02 20:50:23.176564     0     0 I bgcom   : bgcom_pm_resume: Bgcom resumed with : 0
11-02 20:50:23.187005     0     0 I mdss_dsi_panel_set_idle_mode: Idle (1->1)
11-02 20:50:23.229613     0     0 I PM      : resume of devices complete after 86.098 msecs
11-02 20:50:23.234745     0     0 I         : Restarting tasks ...
11-02 20:50:23.237479     0     0 W QSEECOM : qseecom_receive_req: Interrupted: exiting Listener Service = 12288
11-02 20:50:23.245099     0     0 W QSEECOM : qseecom_receive_req: Interrupted: exiting Listener Service = 8192
11-02 20:50:23.245196     0     0 W QSEECOM : qseecom_receive_req: Interrupted: exiting Listener Service = 11
11-02 20:50:23.245245     0     0 W QSEECOM : qseecom_receive_req: Interrupted: exiting Listener Service = 10
11-02 20:50:23.245296     0     0 W QSEECOM : qseecom_receive_req: Interrupted: exiting Listener Service = 28672
11-02 20:50:23.257067     0     0 I         : done.
11-02 20:50:38.274997     0     0 I PM      : suspend exit 2021-11-02 19:50:38.274997493 UTC
11-02 20:50:38.293364     0     0 E FG      : fg_psy_get_property: unsupported property 7
11-02 20:50:38.248063     0     0 W healthd : battery l=61 v=3949 t=37.0 h=2 st=3 c=6 fc=443000 cc=0 chg=
--------- switch to main
11-02 20:50:38.334022   512  1749 I sensors-hal: batch:140, android.sensor.light/46, period=100000000, max_latency=0
11-02 20:50:38.334174   512  1749 I sensors-hal: batch:149, android.sensor.light/46, period=100000000, max_latency=0 request completed
11-02 20:50:38.338873   512  1749 I sensors-hal: activate:107, android.sensor.light/46 en=1
11-02 20:50:38.339609   512  1749 I sensors-hal: ssc_enable_rt_task:254, ssc_enable_rt_task : true
11-02 20:50:38.345285   512  1749 I sensors-hal: activate:118, android.sensor.light/46 en=1 completed
--------- switch to kernel
11-02 20:50:38.364187     0     0 E bgrsb   : bgrsb_enable: rsb will set report rate
--------- switch to main
11-02 20:50:38.348099   512  1749 I sensors-hal: batch:140, android.sensor.accelerometer/48, period=66667000, max_latency=100000000
11-02 20:50:38.348216   512  1749 I sensors-hal: batch:149, android.sensor.accelerometer/48, period=66667000, max_latency=100000000 request completed
11-02 20:50:38.348704  1686  1823 I SidekickService: endDisplayLocked()
11-02 20:50:38.348842   512  1749 I sensors-hal: activate:107, android.sensor.accelerometer/48 en=1
11-02 20:50:38.349441   512  1749 I sensors-hal: ssc_enable_rt_task:254, ssc_enable_rt_task : true
--------- switch to system
11-02 20:50:38.351714  1686  1710 I DisplayManagerService: Display device changed state: "cran intgr", ON
--------- switch to main
11-02 20:50:38.355142   416  2389 D SKGHAL  : sendAmbientEvent: enter: enable = 0
11-02 20:50:38.385433   512  1749 I sensors-hal: activate:118, android.sensor.accelerometer/48 en=1 completed
11-02 20:50:38.385758  4243  4243 D OMService: onDisplayChanged: not dozing
11-02 20:50:38.401591  2520  2520 D HOME    : [BatteryChange]action: android.intent.action.BATTERY_CHANGED
11-02 20:50:38.407479  1686  1759 I InputReader: Reconfiguring input devices.  changes=0x00000004
--------- switch to system
11-02 20:50:38.424931  1686  1702 W BroadcastQueue: Background execution not allowed: receiving Intent { act=android.intent.action.USER_PRESENT flg=0x10 } to com.google.android.gms/.auth.setup.devicesignals.LockScreenReceiver
--------- switch to main
11-02 20:50:38.425145  3205  3434 W WorkController: Loading failed for worker [trainingcache]: worker not found
--------- switch to system
11-02 20:50:38.425414  1686  1702 W BroadcastQueue: Background execution not allowed: receiving Intent { act=android.intent.action.USER_PRESENT flg=0x10 } to com.google.android.gms/.chimera.GmsIntentOperationService$PersistentTrustedReceiver
--------- switch to main
11-02 20:50:38.427533  3205  3372 W A       : TrainingCache cache DEVICE_UNLOCKED failure
11-02 20:50:38.427533  3205  3372 W A       : com.google.android.apps.gsa.search.core.service.h.a.a: No worker found for Worker ID [trainingcache].
11-02 20:50:38.427533  3205  3372 W A       : 	at com.google.android.apps.gsa.search.core.service.g.a.c.a(Unknown Source:5)
11-02 20:50:38.427533  3205  3372 W A       : 	at com.google.android.libraries.gsa.c.a.d.a(Unknown Source:3)
11-02 20:50:38.427533  3205  3372 W A       : 	at com.google.common.p.a.cg.c(Unknown Source:2)
11-02 20:50:38.427533  3205  3372 W A       : 	at com.google.common.p.a.bk.run(SourceFile:3)
11-02 20:50:38.427533  3205  3372 W A       : 	at com.google.common.p.a.ci.run(Unknown Source:4)
11-02 20:50:38.427533  3205  3372 W A       : 	at com.google.apps.tiktok.concurrent.ab.run(SourceFile:1)
11-02 20:50:38.427533  3205  3372 W A       : 	at java.util.concurrent.ThreadPoolExecutor.runWorker(ThreadPoolExecutor.java:1167)
11-02 20:50:38.427533  3205  3372 W A       : 	at java.util.concurrent.ThreadPoolExecutor$Worker.run(ThreadPoolExecutor.java:641)
11-02 20:50:38.427533  3205  3372 W A       : 	at com.google.apps.tiktok.concurrent.c.run(Unknown Source:4)
11-02 20:50:38.427533  3205  3372 W A       : 	at java.lang.Thread.run(Thread.java:764)
11-02 20:50:38.433184  1956  1956 D QtiCarrierConfigHelper: WARNING, no carrier configs on phone Id: 0
--------- switch to kernel
11-02 20:50:38.370004     0     0 E bgrsb   : bgrsb_enable: gpio 32 is valid
--------- switch to main
11-02 20:50:38.476546  2520  7978 D HOME    : [BatteryChange]HandleBatteryChangedTask
11-02 20:50:38.477897  2520  7978 D HOME    : [BatteryChange]level: 61, status: 3
11-02 20:50:38.478307   504   523 I SDM     : DisplayBase::SetDisplayState: Set state = 3, display 0
11-02 20:50:38.478604   504   523 D SDM     : HWCDisplayPrimary::SetStandByMode: Display is connected successfully
11-02 20:50:38.479274   416  2389 D SKGHAL  : standBy_update_control call succeed on 0
11-02 20:50:38.479359   416  2389 D SKGHAL  : sendAmbientEvent: done: enable = 0
--------- switch to kernel
11-02 20:50:38.430879     0     0 I         : [touch]FB_BLANK_VSYNC_SUSPEND
11-02 20:50:38.430886     0     0 I         : [touch]Already in suspend state
--------- switch to main
11-02 20:50:38.480595  1686  1823 D SidekickService:    ... endDisplay returns void
11-02 20:50:38.490076   545   545 D SurfaceFlinger: Set power mode=2, type=0 flinger=0xb6bb6000
11-02 20:50:38.490775   504   761 I SDM     : DisplayBase::SetDisplayState: Set state = 1, display 0
11-02 20:50:38.497856  1686  1799 E WifiStateMachine: getWifiLinkLayerStats called without an interface
