11-03 08:47:48.164159     0     0 I PM      : resume of devices complete after 86.763 msecs
11-03 08:47:48.168383     0     0 I         : Restarting tasks ...
11-03 08:47:48.171587     0     0 W QSEECOM : qseecom_receive_req: Interrupted: exiting Listener Service = 12288
11-03 08:47:48.172761     0     0 W QSEECOM : qseecom_receive_req: Interrupted: exiting Listener Service = 8192
11-03 08:47:48.172861     0     0 W QSEECOM : qseecom_receive_req: Interrupted: exiting Listener Service = 11
11-03 08:47:48.172962     0     0 W QSEECOM : qseecom_receive_req: Interrupted: exiting Listener Service = 28672
11-03 08:47:48.178171     0     0 W QSEECOM : qseecom_receive_req: Interrupted: exiting Listener Service = 10
--------- switch to main
11-03 08:48:17.671075  7790  7790 D SharedPreferencesImpl: Time required to fsync /data/user/0/com.android.vending/shared_prefs/finsky.xml: [<1: 0, <2: 0, <4: 0, <8: 1, <16: 0, <32: 0, <64: 0, <128: 0, <256: 0, <512: 0, <1024: 0, <2048: 0, <4096: 0, <8192: 0, <16384: 0, >=16384: 1]
11-03 08:48:17.671513  7790  7790 D QueuedWork: waited: [<1: 0, <2: 0, <4: 0, <8: 0, <16: 0, <32: 0, <64: 0, <128: 0, <256: 0, <512: 0, <1024: 0, <2048: 0, <4096: 0, <8192: 0, <16384: 0, >=16384: 1]
--------- switch to kernel
11-03 08:47:48.182566     0     0 I         : done.
11-03 08:48:17.673318     0     0 I PM      : suspend exit 2021-11-03 07:48:17.673318280 UTC
--------- switch to main
11-03 08:48:17.695244  7790  7790 I Finsky  : [2] com.google.android.finsky.scheduler.bf.a(65): Jobs in database: 1-1337 
--------- switch to kernel
11-03 08:48:17.774420     0     0 I PM      : suspend entry 2021-11-03 07:48:17.774420415 UTC
--------- switch to main
11-03 08:48:17.808287  7790  7790 I Finsky  : [2] com.google.android.finsky.scheduler.g.a(68): ConstraintMapping: 1-1337,  -> L: 0ms, D: 48756105ms, C: false, I: false, N: 1
11-03 08:48:17.811169  7790  7790 I Finsky  : [2] com.google.android.finsky.scheduler.JobSchedulerEngine.a(92): Cancelling existing job with id: 9001
11-03 08:48:17.818597  7790  7790 I Finsky  : [2] com.google.android.finsky.scheduler.JobSchedulerEngine.a(41): Throttling wakeup for job 9000 (expected to run in 0 ms) due to recent wakeup
11-03 08:48:17.819601  7790  7790 I Finsky  : [2] com.google.android.finsky.scheduler.JobSchedulerEngine.a(82): Scheduling job Id: 9000, L: 30000, D: 48756105, C: false, I: false, N: 1
--------- switch to kernel
11-03 08:48:17.774433     0     0 I PM      : Syncing filesystems ... done.
11-03 08:48:17.823638     0     0 I         : Freezing user space processes ... (elapsed 0.007 seconds) done.
11-03 08:48:17.831164     0     0 I         : Freezing remaining freezable tasks ... (elapsed 0.003 seconds) done.
11-03 08:48:17.835068     0     0 I         : Suspending console(s) (use no_console_suspend to debug)
--------- switch to system
11-03 08:48:34.791552  1686  1686 I PowerManagerService: Waking up from dozing (uid=1000 reason=tiltToWake)...
11-03 08:48:34.796523  1686  1686 W UsageStatsService: Event reported without a package name
--------- switch to kernel
11-03 08:48:17.847462     0     0 I mdss_dsi_panel_set_idle_mode: Idle (1->1)
11-03 08:48:17.884163     0     0 I bgcom   : bgcom_pm_suspend: suspended with : 0
11-03 08:48:17.931255     0     0 I PM      : suspend of devices complete after 93.971 msecs
11-03 08:48:17.937374     0     0 I PM      : late suspend of devices complete after 6.078 msecs
11-03 08:48:17.943149     0     0 I PM      : noirq suspend of devices complete after 5.735 msecs
11-03 08:48:17.943164     0     0 I         : Disabling non-boot CPUs ...
11-03 08:48:17.959519     0     0 W         : IRQ21 no longer affine to CPU1
11-03 08:48:17.961469     0     0 I CPU1    : shutdown
11-03 08:48:17.968196     0     0 I CPU0    : update max cpu_capacity 748
11-03 08:48:18.008292     0     0 I CPU3    : update max cpu_capacity 1024
11-03 08:48:18.010561     0     0 I CPU3    : shutdown
11-03 08:48:18.012238     0     0 I suspend ns: 3072469248515	suspend cycles:    1097958656499
11-03 08:48:18.012220     0     0 I CPU0    : msm_cpu_pm_enter_sleep mode:3 during suspend
11-03 08:48:18.012220     0     0 I         : Suspended for 16.661 seconds
11-03 08:48:18.012220     0     0 I resume cycles: 1098278552102
11-03 08:48:18.012758     0     0 I         : Enabling non-boot CPUs ...
11-03 08:48:18.013588     0     0 I CPU1    : update cpu_capacity 1024
11-03 08:48:18.014698     0     0 I         : CPU1 is up
11-03 08:48:18.015769     0     0 I CPU3    : update cpu_capacity 1024
11-03 08:48:18.017349     0     0 I         : CPU3 is up
11-03 08:48:18.018016     0     0 I CPU3    : update max cpu_capacity 1024
11-03 08:48:18.021027     0     0 I PM      : noirq resume of devices complete after 3.478 msecs
11-03 08:48:18.026223     0     0 I PM      : early resume of devices complete after 3.725 msecs
11-03 08:48:18.061085     0     0 I bgcom   : bgcom_pm_resume: Bgcom resumed with : 0
11-03 08:48:18.071014     0     0 I mdss_dsi_panel_set_idle_mode: Idle (1->1)
11-03 08:48:18.113031     0     0 I PM      : resume of devices complete after 86.761 msecs
11-03 08:48:18.117603     0     0 I         : Restarting tasks ...
11-03 08:48:18.122082     0     0 W QSEECOM : qseecom_receive_req: Interrupted: exiting Listener Service = 12288
11-03 08:48:18.122183     0     0 W QSEECOM : qseecom_receive_req: Interrupted: exiting Listener Service = 11
11-03 08:48:18.122227     0     0 W QSEECOM : qseecom_receive_req: Interrupted: exiting Listener Service = 28672
11-03 08:48:18.127501     0     0 W QSEECOM : qseecom_receive_req: Interrupted: exiting Listener Service = 8192
11-03 08:48:18.128281     0     0 W QSEECOM : qseecom_receive_req: Interrupted: exiting Listener Service = 10
11-03 08:48:18.132157     0     0 I         : done.
11-03 08:48:34.794118     0     0 I PM      : suspend exit 2021-11-03 07:48:34.794118429 UTC
11-03 08:48:34.813735     0     0 E FG      : fg_psy_get_property: unsupported property 7
11-03 08:48:34.720955     0     0 W healthd : battery l=22 v=3771 t=30.0 h=2 st=3 c=5 fc=443000 cc=0 chg=
--------- switch to main
11-03 08:48:34.837812   512   512 I sensors-hal: batch:140, android.sensor.light/46, period=100000000, max_latency=0
11-03 08:48:34.837956   512   512 I sensors-hal: batch:149, android.sensor.light/46, period=100000000, max_latency=0 request completed
11-03 08:48:34.840409   512   512 I sensors-hal: activate:107, android.sensor.light/46 en=1
11-03 08:48:34.840893   512   512 I sensors-hal: ssc_enable_rt_task:254, ssc_enable_rt_task : true
11-03 08:48:34.844489   512   512 I sensors-hal: activate:118, android.sensor.light/46 en=1 completed
11-03 08:48:34.846746   512   512 I sensors-hal: batch:140, android.sensor.accelerometer/48, period=66667000, max_latency=100000000
11-03 08:48:34.846826   512   512 I sensors-hal: batch:149, android.sensor.accelerometer/48, period=66667000, max_latency=100000000 request completed
11-03 08:48:34.848011   512   512 I sensors-hal: activate:107, android.sensor.accelerometer/48 en=1
11-03 08:48:34.848011  1686  1823 I SidekickService: endDisplayLocked()
11-03 08:48:34.848567   512   512 I sensors-hal: ssc_enable_rt_task:254, ssc_enable_rt_task : true
--------- switch to system
11-03 08:48:34.849465  1686  1710 I DisplayManagerService: Display device changed state: "Écran intégré", ON
--------- switch to main
11-03 08:48:34.854058   416  2389 D SKGHAL  : sendAmbientEvent: enter: enable = 0
11-03 08:48:34.870568  1686  1759 I InputReader: Reconfiguring input devices.  changes=0x00000004
11-03 08:48:34.876816   512   512 I sensors-hal: activate:118, android.sensor.accelerometer/48 en=1 completed
11-03 08:48:34.876951  4243  4243 D OMService: onDisplayChanged: not dozing
11-03 08:48:34.891768  2520  2520 D HOME    : [BatteryChange]action: android.intent.action.BATTERY_CHANGED
11-03 08:48:34.893180  2520 11078 D HOME    : [BatteryChange]HandleBatteryChangedTask
11-03 08:48:34.894114  2520 11078 D HOME    : [BatteryChange]level: 22, status: 3
11-03 08:48:34.898666  1956  1956 D QtiCarrierConfigHelper: WARNING, no carrier configs on phone Id: 0
--------- switch to system
11-03 08:48:34.907492  1686  1702 W BroadcastQueue: Background execution not allowed: receiving Intent { act=android.intent.action.USER_PRESENT flg=0x10 } to com.google.android.gms/.auth.setup.devicesignals.LockScreenReceiver
11-03 08:48:34.908297  1686  1702 W BroadcastQueue: Background execution not allowed: receiving Intent { act=android.intent.action.USER_PRESENT flg=0x10 } to com.google.android.gms/.chimera.GmsIntentOperationService$PersistentTrustedReceiver
--------- switch to main
11-03 08:48:34.913071  3205  3434 W WorkController: Loading failed for worker [trainingcache]: worker not found
11-03 08:48:34.915538  3205  3294 W A       : TrainingCache cache DEVICE_UNLOCKED failure
11-03 08:48:34.915538  3205  3294 W A       : com.google.android.apps.gsa.search.core.service.h.a.a: No worker found for Worker ID [trainingcache].
11-03 08:48:34.915538  3205  3294 W A       : 	at com.google.android.apps.gsa.search.core.service.g.a.c.a(Unknown Source:5)
11-03 08:48:34.915538  3205  3294 W A       : 	at com.google.android.libraries.gsa.c.a.d.a(Unknown Source:3)
11-03 08:48:34.915538  3205  3294 W A       : 	at com.google.common.p.a.cg.c(Unknown Source:2)
11-03 08:48:34.915538  3205  3294 W A       : 	at com.google.common.p.a.bk.run(SourceFile:3)
11-03 08:48:34.915538  3205  3294 W A       : 	at com.google.common.p.a.ci.run(Unknown Source:4)
11-03 08:48:34.915538  3205  3294 W A       : 	at com.google.apps.tiktok.concurrent.ab.run(SourceFile:1)
11-03 08:48:34.915538  3205  3294 W A       : 	at java.util.concurrent.ThreadPoolExecutor.runWorker(ThreadPoolExecutor.java:1167)
11-03 08:48:34.915538  3205  3294 W A       : 	at java.util.concurrent.ThreadPoolExecutor$Worker.run(ThreadPoolExecutor.java:641)
11-03 08:48:34.915538  3205  3294 W A       : 	at com.google.apps.tiktok.concurrent.c.run(Unknown Source:4)
11-03 08:48:34.915538  3205  3294 W A       : 	at java.lang.Thread.run(Thread.java:764)
11-03 08:48:34.921177  1686  1799 E WifiStateMachine: getWifiLinkLayerStats called without an interface
--------- switch to kernel
11-03 08:48:34.786757     0     0 E bgrsb   : bgrsb_enable: rsb will set report rate
11-03 08:48:34.815065     0     0 E bgrsb   : bgrsb_enable: gpio 32 is valid
--------- switch to main
11-03 08:48:34.944687   504   523 I SDM     : DisplayBase::SetDisplayState: Set state = 3, display 0
11-03 08:48:34.945145   504   523 D SDM     : HWCDisplayPrimary::SetStandByMode: Display is connected successfully
11-03 08:48:34.945995   416  2389 D SKGHAL  : standBy_update_control call succeed on 0
11-03 08:48:34.946158   416  2389 D SKGHAL  : sendAmbientEvent: done: enable = 0
11-03 08:48:34.947260  1686  1823 D SidekickService:    ... endDisplay returns void
11-03 08:48:34.948740   545   545 D SurfaceFlinger: Set power mode=2, type=0 flinger=0xb6bb6000
11-03 08:48:34.949532   504   762 I SDM     : DisplayBase::SetDisplayState: Set state = 1, display 0
--------- switch to kernel
11-03 08:48:34.850008     0     0 I         : [touch]FB_BLANK_VSYNC_SUSPEND
11-03 08:48:34.850016     0     0 I         : [touch]Already in suspend state
--------- switch to main
11-03 08:48:34.961171   545   545 D SurfaceFlinger: Finished set power mode=2, type=0
--------- switch to system
11-03 08:48:34.966537  1686  1712 W PowerManagerService: Screen on took 303 ms
11-03 08:48:34.967125  1686  1712 I DreamManagerService: Gently waking up from dream.
11-03 08:48:34.967646  1686  1708 I DreamManagerService: Performing gentle wake from dream.
11-03 08:48:34.970728  1686  1686 V DreamService[AmbientDream]: wakeUp(): fromSystem=true, mWaking=false, mFinished=false
11-03 08:48:34.971030  1686  1686 V DreamService[AmbientDream]: finish(): mFinished=false
--------- switch to main
11-03 08:48:34.971064   512 11082 I sensors-hal: handle_indication_realtime:355,  SCHED_FIFO(10) for qmi_cbk
--------- switch to system
11-03 08:48:34.971227  1686  1686 I DreamManagerService: Leaving dreamland.
11-03 08:48:34.973630  1686  1708 I DreamManagerService: Performing gentle wake from dream.
11-03 08:48:34.973962  1686  1708 I DreamController: Stopping dream: name=ComponentInfo{com.google.android.wearable.ambient/com.google.android.wearable.ambient.AmbientDream}, isTest=false, canDoze=true, userId=0
--------- switch to main
11-03 08:48:34.975622  1686  1686 I WearPower: [WearTouchMediator] changing touch input to enabled (ON_AUTO)
11-03 08:48:34.977896  1686  1759 I InputReader: Reconfiguring input devices.  changes=0x00000200
--------- switch to system
11-03 08:48:34.977815  1686  1686 V DreamService[AmbientDream]: detach(): Calling onDreamingStopped()
--------- switch to main
11-03 08:48:34.978087  1686  1686 I AmbientService: [ce6a28c] doOnDreamingStopped
11-03 08:48:34.978223  1686  1686 D WristGestureCtrl: Starting: GesturesEnabled-false UngazeEnabled-true
11-03 08:48:34.978298  1686  1686 D DefaultUngazeDetector: starting
11-03 08:48:34.978383  1686  1686 D DefaultUngazeDetector: startUngazeStateEstimation(). startTime = 57194408
--------- switch to kernel
11-03 08:48:34.862116     0     0 I mdss_dsi_panel_set_idle_mode: Idle (1->0)
11-03 08:48:34.863591     0     0 E mdp3_enable_panic_ctrl: mdp3_enable_panic_ctrl: Enable Panic Control
11-03 08:48:34.863776     0     0 I         : [touch]FB_BLANK_UNBLANK
11-03 08:48:34.863786     0     0 I         : [touch]raydium_ts_do_resume, 1.
11-03 08:48:34.864681     0     0 I         : [ raydium ]workqueue is empty!
11-03 08:48:34.864707     0     0 I raydium_ts 5-0039: [touch]Already enable irq
11-03 08:48:34.864712     0     0 I         : [touch]Device may wakeup
--------- switch to main
11-03 08:48:34.978744  1686  1686 W AlarmManagerProxy: Removing unknown listener
11-03 08:48:34.981020   512   512 I sensors-hal: batch:140, android.sensor.accelerometer/48, period=19231000, max_latency=100000000
11-03 08:48:34.986537   512 11084 I sensors-hal: handle_indication_realtime:355,  SCHED_FIFO(10) for qmi_cbk
11-03 08:48:34.988875   512   512 I sensors-hal: batch:149, android.sensor.accelerometer/48, period=19231000, max_latency=100000000 request completed
11-03 08:48:34.990563  2520  2520 D HOME    : [HomeVisitsLogger]Logging streamlet event: visit_start
11-03 08:48:34.991160  2520  2520 D HOME    : [HomeVisitsLogger]Logging streamlet event: exit_ambient_mode
11-03 08:48:34.991932  2520  2520 D HOME    : [HotwordController]updateClient MODE_WATCH_FACE false false false true
11-03 08:48:34.993684  2520  2520 D HOME    : [WatchFaceUiController]setInAmbientMode false
11-03 08:48:34.993862  2520  2520 D HOME    : [WatchFaceUiController]sendWatchFaceServiceBinder
11-03 08:48:35.002982   512   512 I sensors-hal: flush:169, android.sensor.accelerometer/48
11-03 08:48:35.003633  2520  2520 D HOME    : [WatchFaceUiController]sendStateToWallpaper
11-03 08:48:35.003637  1686  1686 I AmbientService: [ce6a28c] No auto-resume Activity.
11-03 08:48:35.006837  2520  2520 D HOME    : [WatchFaceUiController]Showing watch face wallpaper.
11-03 08:48:35.007188  2520  2520 D HOME    : [WatchFaceUiController]sendStateToWallpaper
11-03 08:48:35.008838   512   512 I sensors-hal: flush:175, android.sensor.accelerometer/48 completed
11-03 08:48:35.019917  2520  2520 D HOME    : [StreamDBQueue]Promised revision #3354 to queue a new op
11-03 08:48:35.020496  2520  2520 D WatchStreamManager: Promised rank-blocked=true @ r#3354
11-03 08:48:35.021578  2520  2520 D HOME    : [StreamDBQueue]Promised revision #3355 to queue a new op
11-03 08:48:35.021878  2520  2520 D WatchStreamManager: Promised rank-blocked=true @ r#3355
11-03 08:48:35.022996  2520  2520 D HOME    : [TilesController]Tile refresh optimization is enabled.
11-03 08:48:35.023807  2520  2520 D HOME    : [EventBus]Wrapper pool is full. Discarding excess wrapper instance for event com.google.android.clockwork.sysui.events.KeyguardStateEvent
11-03 08:48:35.023964  2520  2520 D HOME    : [WatchFaceUiController]sendStateToWallpaper
--------- switch to kernel
11-03 08:48:34.928616     0     0 I init    : processing action (ro.enable_core_ctl=true && sys.cw_corectl_mode=perf) from (/vendor/etc/init/hw/init.qcom.rc:954)
11-03 08:48:34.932914     0     0 I CPU2    : update cpu_capacity 1024
--------- switch to main
11-03 08:48:35.033872  2520 11078 D HOME    : [WatchStreamDB]Item alerting conditions - isInterruptive: false, recentlyInterrupted: false, isItemPinned: false, isUnread: false
11-03 08:48:35.034645  2520 11078 D HOME    : [StreamAlertingRegulator]isTheaterModeEnabled: false, isAlertingAllowedByOffBody: true, matchesLocalInterruptionFilter: true
11-03 08:48:35.035574  2520  2520 D HOME    : [EventBus]Wrapper pool is full. Discarding excess wrapper instance for event com.google.android.clockwork.sysui.events.KeyguardStateEvent
11-03 08:48:35.036116  2520  2520 D HOME    : [EventBus]Wrapper pool is full. Discarding excess wrapper instance for event com.google.android.clockwork.sysui.events.KeyguardStateEvent
11-03 08:48:35.048053  2520  2520 D HOME    : [WatchFaceUiController]sendStateToWallpaper
11-03 08:48:35.051920  2520 11078 D HOME    : [WatchStreamDB]couldItemAlert: false, isTopItemChanged: false, isDeferralForTopItem: false
11-03 08:48:35.055932  2520  2520 W StaticLayout: maxLineHeight should not be -1.  maxLines:1 lineCount:1
--------- switch to system
11-03 08:48:35.064568  1686  1686 W ContextImpl: Calling a method in the system process without a qualified user: android.app.ContextImpl.sendBroadcast:1020 android.content.ContextWrapper.sendBroadcast:449 com.google.android.wearable.ambient.AmbientDream.onDestroy:273 android.app.ActivityThread.handleStopService:3698 android.app.ActivityThread.access$1700:200 
--------- switch to main
11-03 08:48:35.068225  2520 11078 D HOME    : [WatchStreamDB]Item alerting conditions - isInterruptive: false, recentlyInterrupted: false, isItemPinned: false, isUnread: false
11-03 08:48:35.070265  2520 11078 D HOME    : [StreamAlertingRegulator]isTheaterModeEnabled: false, isAlertingAllowedByOffBody: true, matchesLocalInterruptionFilter: true
11-03 08:48:35.070952  2520 11078 D HOME    : [WatchStreamDB]couldItemAlert: false, isTopItemChanged: false, isDeferralForTopItem: false
11-03 08:48:35.073266  1686  1686 E AlarmManager: cancel() called with a null PendingIntent
--------- switch to system
11-03 08:48:35.073986  1686  1686 V DreamService[AmbientDream]: onDestroy()
--------- switch to main
11-03 08:48:35.075536  1686  1686 W AlarmManager: Unrecognized alarm listener com.android.server.job.controllers.-$$Lambda$IdleController$IdlenessTracker$nTdS-lGBXcES5VWKcJFmQFgU7IU@1ab437a
11-03 08:48:35.075993  1686  1686 W AlarmManagerProxy: Removing unknown listener
--------- switch to kernel
11-03 08:48:34.970145     0     0 I CPU3    : update max cpu_capacity 1024
--------- switch to main
11-03 08:48:35.078921  1686  1686 W DefaultSettingsContentR: Value for ambient_low_bit_enabled not stored as number. Attempting parse as boolean.
11-03 08:48:35.122327  2520  2520 D HOME    : [WatchFaceUiController]sendWatchFaceServiceBinder
11-03 08:48:35.132114  2520  2520 D HOME    : [WatchFaceUiController]sendProperties
11-03 08:48:35.134881  2520  2520 D HOME    : [WatchFaceUiController]sendStateToWallpaper
11-03 08:48:35.135211  3205  3434 W WorkController: Loading failed for worker [trainingcache]: worker not found
11-03 08:48:35.145451  3205  3372 W A       : TrainingCache cache SCREEN_ON failure
11-03 08:48:35.145451  3205  3372 W A       : com.google.android.apps.gsa.search.core.service.h.a.a: No worker found for Worker ID [trainingcache].
11-03 08:48:35.145451  3205  3372 W A       : 	at com.google.android.apps.gsa.search.core.service.g.a.c.a(Unknown Source:5)
11-03 08:48:35.145451  3205  3372 W A       : 	at com.google.android.libraries.gsa.c.a.d.a(Unknown Source:3)
11-03 08:48:35.145451  3205  3372 W A       : 	at com.google.common.p.a.cg.c(Unknown Source:2)
11-03 08:48:35.145451  3205  3372 W A       : 	at com.google.common.p.a.bk.run(SourceFile:3)
11-03 08:48:35.145451  3205  3372 W A       : 	at com.google.common.p.a.ci.run(Unknown Source:4)
11-03 08:48:35.145451  3205  3372 W A       : 	at com.google.apps.tiktok.concurrent.ab.run(SourceFile:1)
11-03 08:48:35.145451  3205  3372 W A       : 	at java.util.concurrent.ThreadPoolExecutor.runWorker(ThreadPoolExecutor.java:1167)
11-03 08:48:35.145451  3205  3372 W A       : 	at java.util.concurrent.ThreadPoolExecutor$Worker.run(ThreadPoolExecutor.java:641)
11-03 08:48:35.145451  3205  3372 W A       : 	at com.google.apps.tiktok.concurrent.c.run(Unknown Source:4)
11-03 08:48:35.145451  3205  3372 W A       : 	at java.lang.Thread.run(Thread.java:764)
11-03 08:48:35.189690  2520  2520 D HOME    : [StreamDBQueue]Promised revision #3356 to queue a new op
11-03 08:48:35.189979  2520  2520 D WatchStreamManager: Promised rank-blocked=true @ r#3356
11-03 08:48:35.190690  2520 10603 D HOME    : [WatchStreamDB]Item alerting conditions - isInterruptive: false, recentlyInterrupted: false, isItemPinned: false, isUnread: false
11-03 08:48:35.191064  2520 10603 D HOME    : [StreamAlertingRegulator]isTheaterModeEnabled: false, isAlertingAllowedByOffBody: true, matchesLocalInterruptionFilter: true
11-03 08:48:35.191321  2520 10603 D HOME    : [WatchStreamDB]couldItemAlert: false, isTopItemChanged: false, isDeferralForTopItem: false
11-03 08:48:35.191459  2520  2714 D HOME    : [TickMonitor]Received time tick
11-03 08:48:35.191868  2520  2714 D HOME    : [TickMonitor]handleTimeTick() finished
11-03 08:48:35.437582   512   512 I sensors-hal: activate:107, android.sensor.light/46 en=0
11-03 08:48:35.438706   512   512 I sensors-hal: activate:118, android.sensor.light/46 en=0 completed
11-03 08:48:35.440952   512   512 I sensors-hal: batch:140, android.sensor.light/46, period=250000000, max_latency=0
11-03 08:48:35.441060   512   512 I sensors-hal: batch:149, android.sensor.light/46, period=250000000, max_latency=0 request completed
11-03 08:48:35.441423   512   512 I sensors-hal: activate:107, android.sensor.light/46 en=1
11-03 08:48:35.441774   512   512 I sensors-hal: ssc_enable_rt_task:254, ssc_enable_rt_task : true
11-03 08:48:35.446525   512   512 I sensors-hal: activate:118, android.sensor.light/46 en=1 completed
--------- switch to system
11-03 08:48:35.452829  1686  1686 V SettingsProvider: Notifying for 0: content://settings/system/screen_brightness
--------- switch to main
11-03 08:48:35.454416  1686  1686 I SidekickService: loadBrightnessLocked()
11-03 08:48:35.455378  1686  1686 D SidekickService: screenBrightness  = 86
11-03 08:48:35.456059  1686  1686 D SidekickService: sendConfigValuesLocked(): alsThresholds = [40, 92, 95, 100, 125, 150, 175, 200, 225, 250, 300, 400, 500, 800, 1200], brightnessValuesBright = [50, 56, 60, 70, 80, 90, 100, 115, 120, 140, 160, 180, 200, 220, 240, 255], brightnessValuesDim= [50, 56, 60, 70, 80, 90, 100, 115, 120, 140, 160, 180, 200, 220, 240, 255]
11-03 08:48:35.469075  1686  1686 D SidekickService: setAlsMode(): mode = 2, brightenAlpha = 80, dimmingAlpha = 80
11-03 08:48:35.482238  1686  1686 D SidekickService: setTwmConfig():: msTiltToBright = 10000, tiltToBright = false
11-03 08:48:35.516446   512 11092 I sensors-hal: handle_indication_realtime:355,  SCHED_FIFO(10) for qmi_cbk
11-03 08:48:38.755020   512   512 I sensors-hal: batch:140, android.sensor.accelerometer/48, period=66667000, max_latency=100000000
11-03 08:48:38.757911   512   512 I sensors-hal: batch:149, android.sensor.accelerometer/48, period=66667000, max_latency=100000000 request completed
11-03 08:48:38.759109  1686  1686 D DefaultUngazeDetector: Ungaze event occurred; emitting gesture event!
11-03 08:48:38.759462  1686  1686 D WristGestureCtrl: Gesture:GESTURE UNGAZE, timestamp(ms): 57194408, confidence: 0.0, latency(ms): 0, duration(ms): 3781
11-03 08:48:38.761439   512   512 I sensors-hal: batch:140, android.sensor.accelerometer/48, period=19231000, max_latency=100000000
11-03 08:48:38.764946   512   512 I sensors-hal: batch:149, android.sensor.accelerometer/48, period=19231000, max_latency=100000000 request completed
--------- switch to system
11-03 08:48:38.765311  1686  1686 I WindowManager: sleepRelease() calling goToSleep(GO_TO_SLEEP_REASON_SLEEP_BUTTON)
--------- switch to main
11-03 08:48:38.765413   512   512 I sensors-hal: flush:169, android.sensor.accelerometer/48
--------- switch to system
11-03 08:48:38.765562  1686  1686 I PowerManagerService: Going to sleep due to sleep button (uid 1000)...
--------- switch to main
11-03 08:48:38.766792   512   512 I sensors-hal: flush:175, android.sensor.accelerometer/48 completed
--------- switch to system
11-03 08:48:38.767071  1686  1712 I DreamManagerService: Entering dreamland.
11-03 08:48:38.767862  1686  1712 I PowerManagerService: Dozing...
11-03 08:48:38.768277  1686  1686 W UsageStatsService: Event reported without a package name
11-03 08:48:38.781944  1686  1708 I DreamController: Starting dream: name=ComponentInfo{com.google.android.wearable.ambient/com.google.android.wearable.ambient.AmbientDream}, isTest=false, canDoze=true, userId=0
11-03 08:48:38.796149  1686  1686 W ContextImpl: Calling a method in the system process without a qualified user: android.app.ContextImpl.bindService:1611 android.content.ContextWrapper.bindService:698 com.google.android.wearable.ambient.AmbientDream.onCreate:191 android.app.ActivityThread.handleCreateService:3533 android.app.ActivityThread.access$1300:200 
11-03 08:48:38.806819  1686  1686 W ContextImpl: Calling a method in the system process without a qualified user: android.app.ContextImpl.sendBroadcast:1005 android.content.ContextWrapper.sendBroadcast:444 com.google.android.wearable.ambient.AmbientDream.onCreate:241 android.app.ActivityThread.handleCreateService:3533 android.app.ActivityThread.access$1300:200 
11-03 08:48:38.808636  1686  1686 V DreamService[AmbientDream]: onBind() intent = Intent { act=android.service.dreams.DreamService flg=0x800000 cmp=com.google.android.wearable.ambient/.AmbientDream }
--------- switch to main
11-03 08:48:38.809823  1686  1686 I AmbientService: [ce6a28c] Ambient Created
--------- switch to system
11-03 08:48:38.810503  1686  1686 V DreamService[AmbientDream]: Calling onDreamingStarted()
--------- switch to main
11-03 08:48:38.810646  1686  1686 I AmbientService: [ce6a28c] doOnDreamingStarted
11-03 08:48:38.811099  1686  1686 D SidekickService: setShouldControlDisplay called: true
11-03 08:48:38.812356  1686  1686 I AmbientService: [ce6a28c] Selected running activity for ambient mode: AmbientActivity[component=ComponentInfo{com.google.android.wearable.app/com.google.android.clockwork.home2.activity.HomeActivity2}, callbacks=@210b385, running=true, ambientRequested=true, ambientEnabled=true, offloadEnabled=true]
11-03 08:48:38.812916  1686  1686 I AmbientService: [ce6a28c] Sidekick is ready to display, requesting doze.
11-03 08:48:38.813507  1686  1686 I AmbientService: [ce6a28c] No auto-resume Activity.
11-03 08:48:38.815145  1686  1686 W DefaultSettingsContentR: Value for ambient_low_bit_enabled not stored as number. Attempting parse as boolean.
11-03 08:48:38.816274  2520  2520 D HOME    : [HomeVisitsLogger]Logging streamlet event: enter_ambient_mode
11-03 08:48:38.816905  2520  2520 D HOME    : [HotwordController]updateClient MODE_WATCH_FACE false true false true
11-03 08:48:38.817229  2520 10692 D HOME    : [HomeVisitsLogger]Logging streamlet event: visit_end
11-03 08:48:38.817855  2520  2520 D HOME    : [WatchFaceUiController]setInAmbientMode true
11-03 08:48:38.818310  1686  1686 I AmbientService: [ce6a28c] Showing watch face in offload mode, canceling alarm.
11-03 08:48:38.818381  1686  1686 W AlarmManagerProxy: Removing unknown listener
11-03 08:48:38.818469  1686  1686 D WristGestureCtrl: Stopping detectors: GesturesEnabled-false gestureDetector-false ungazeEnabled-true ungaze-true
11-03 08:48:38.818506  1686  1686 D DefaultUngazeDetector: stopping
11-03 08:48:38.819529  2520  2520 D HOME    : [StreamDBQueue]Promised revision #3357 to queue a new op
11-03 08:48:38.819844  2520  2520 D WatchStreamManager: Promised rank-blocked=false @ r#3357
11-03 08:48:38.820273  2520  2520 D HOME    : [StreamDBQueue]Promised revision #3358 to queue a new op
11-03 08:48:38.820340  2520 11078 D HOME    : [WatchStreamDB]Item alerting conditions - isInterruptive: false, recentlyInterrupted: false, isItemPinned: false, isUnread: false
11-03 08:48:38.820468  2520  2520 D WatchStreamManager: Promised rank-blocked=false @ r#3358
11-03 08:48:38.820601  2520 11078 D HOME    : [StreamAlertingRegulator]isTheaterModeEnabled: false, isAlertingAllowedByOffBody: true, matchesLocalInterruptionFilter: true
11-03 08:48:38.820849  2520 11078 D HOME    : [WatchStreamDB]couldItemAlert: false, isTopItemChanged: false, isDeferralForTopItem: false
11-03 08:48:38.821087  2520  2520 D HOME    : [EventBus]Wrapper pool is full. Discarding excess wrapper instance for event com.google.android.clockwork.sysui.events.KeyguardStateEvent
11-03 08:48:38.821186  2520  2520 D HOME    : [WatchFaceUiController]sendStateToWallpaper
11-03 08:48:38.823250  2520  2520 D HOME    : [EventBus]Wrapper pool is full. Discarding excess wrapper instance for event com.google.android.clockwork.sysui.events.KeyguardStateEvent
11-03 08:48:38.823890  2520  2520 D HOME    : [EventBus]Wrapper pool is full. Discarding excess wrapper instance for event com.google.android.clockwork.sysui.events.KeyguardStateEvent
11-03 08:48:38.825590  2520 10295 D HOME    : [StreamDBQueue]Promised revision #3359 to queue a new op
11-03 08:48:38.825804  2520 10295 D WatchStreamManager: Promised rerank @ r#3359
11-03 08:48:38.826835  2520 10692 I SidekickManager: replaceWatchFaceComponentsImpl(): watchFace = com.google.android.clockwork.decomposablewatchface.WatchFaceDecomposition@9b6d951
11-03 08:48:38.828125  1686  2014 D SidekickService: sendWatchFaceComponents called: watchFace = com.google.android.clockwork.decomposablewatchface.WatchFaceDecomposition@37a2d1cshouldReplace = false
11-03 08:48:38.828414  1686  2014 D SidekickService: Check decomposition for calling app com.google.android.wearable.app with uid 10049
11-03 08:48:38.828453   512   512 I sensors-hal: batch:140, android.sensor.accelerometer/48, period=66667000, max_latency=100000000
11-03 08:48:38.828933  1686  2014 D SidekickService: sendWatchFaceLocked(): shouldReplace = false, mSidekickIsControlling = false, 1 images, 0 fonts, 0 numbers, 0 proportionalFonts, 0 strings
11-03 08:48:38.829038  1686  2014 D SidekickService: ISidekickGraphics#beginResources()...
11-03 08:48:38.829494  2520 11078 D HOME    : [WatchStreamDB]Item alerting conditions - isInterruptive: false, recentlyInterrupted: false, isItemPinned: false, isUnread: false
11-03 08:48:38.830750  1686  2014 D SidekickServiceUtils: bitmapFromDrawable: Returning bitmap directly
11-03 08:48:38.831699   512   512 I sensors-hal: batch:149, android.sensor.accelerometer/48, period=66667000, max_latency=100000000 request completed
11-03 08:48:38.832233  2520  2520 W StaticLayout: maxLineHeight should not be -1.  maxLines:1 lineCount:1
11-03 08:48:38.833431  2520 11078 D HOME    : [StreamAlertingRegulator]isTheaterModeEnabled: false, isAlertingAllowedByOffBody: true, matchesLocalInterruptionFilter: true
11-03 08:48:38.833568  1686  2014 D SidekickService: sendBitmapsLocked(): bounds = RectF(0.0, 0.0, 0.0024038462, 0.0024038462), drawableInfo = {.id = 100000, .width = 1, .height = 1, .display = true, .offsetX = 0.0, .offsetY = 0.0, .rotationInfo = {.hasRotation = false, .pivotX = 0.0, .pivotY = 0.0, .degreesPerDay = 0.0, .degreesPerStep = 0.0, .zeroDegreesTime = {.daysSinceLocalEpoch = 0, .msSinceMidnight = 0}}, .transformInfo = {.transformed = false, .flipX = false, .flipY = false, .flip45 = false, .scaleX = 0.0, .scaleY = 0.0}, .type = GENERIC, .blink = {.blinking = false, .periodOnMs = 0.0, .periodOffMs = 0.0, .startTime = {.daysSinceLocalEpoch = 0, .msSinceMidnight = 0}}, .zOrder = 8, .displayInTwm = true}, image.size() = 84
11-03 08:48:38.834336  2520 11078 D HOME    : [WatchStreamDB]couldItemAlert: false, isTopItemChanged: false, isDeferralForTopItem: false
11-03 08:48:38.834910   416  2389 D SKGHAL  : saveResource: resId = 100000
11-03 08:48:38.834937  2520 11078 D HOME    : [WatchStreamDB]updateRanking()
11-03 08:48:38.836379  2520 11078 D HOME    : [WatchStreamDB]Item alerting conditions - isInterruptive: false, recentlyInterrupted: false, isItemPinned: false, isUnread: false
11-03 08:48:38.836406  1686  2014 D SidekickService: sendBitmapsLocked(): status = 0, bytesUsed = 18
11-03 08:48:38.836608  1686  2014 D SidekickService: ISidekickGraphics#endResources()...
11-03 08:48:38.836746  2520 11078 D HOME    : [StreamAlertingRegulator]isTheaterModeEnabled: false, isAlertingAllowedByOffBody: true, matchesLocalInterruptionFilter: true
11-03 08:48:38.837318  2520 11078 D HOME    : [WatchStreamDB]couldItemAlert: false, isTopItemChanged: false, isDeferralForTopItem: false
11-03 08:48:38.837995  2520 11078 D HOME    : [NewStreamAdapter]Publishing revision #3359 to adapter clients
11-03 08:48:38.839483  2520 10295 D HOME    : [StreamDBQueue]Promised revision #3360 to queue a new op
11-03 08:48:38.839847  2520 10295 D WatchStreamManager: Promised rerank @ r#3360
11-03 08:48:38.840461  2520 11078 D HOME    : [WatchStreamDB]updateRanking()
11-03 08:48:38.842470  2520 11078 D HOME    : [WatchStreamDB]Item alerting conditions - isInterruptive: false, recentlyInterrupted: false, isItemPinned: false, isUnread: false
11-03 08:48:38.843506  2520 11078 D HOME    : [StreamAlertingRegulator]isTheaterModeEnabled: false, isAlertingAllowedByOffBody: true, matchesLocalInterruptionFilter: true
11-03 08:48:38.845481  2520 11078 D HOME    : [WatchStreamDB]couldItemAlert: false, isTopItemChanged: false, isDeferralForTopItem: false
11-03 08:48:38.846853  2520 11078 D HOME    : [NewStreamAdapter]Publishing revision #3360 to adapter clients
11-03 08:48:39.136383   416  2389 D SKGHAL  : sendResources: metadata size = 2400, font size = 72
11-03 08:48:39.198701   416  2389 D SKGHAL  : endResources: rc = 0
11-03 08:48:39.200601  1686  1686 W system_server: Long monitor contention with owner Binder:1686_5 (2014) at int com.google.android.clockwork.sidekick.SidekickService$BinderService.sendWatchFace(com.google.android.clockwork.decomposablewatchface.WatchFaceDecomposition, boolean)(SidekickService.java:1021) waiters=0 in boolean com.google.android.clockwork.sidekick.SidekickService$BinderService.readyToDisplay() for 366ms
11-03 08:48:39.203346  2520  2520 D HOME    : [SidekickManagerAsync]replaceWatchFaceComponents(): Callback#onResult(): 0
11-03 08:48:39.203889  2520  2520 D HOME    : [WatchFaceUiController]Complication updates sent, posting watch face hiding
--------- switch to system
11-03 08:48:39.203929  1686  1686 W Looper  : Slow dispatch took 375ms main h=android.os.Handler c=com.google.android.wearable.ambient.AmbientDream$Callbacks$1@46bed25 m=0
--------- switch to main
11-03 08:48:39.204038  2520  2520 D HOME    : [WatchFaceUiController]Still in ambient watch face, hiding
11-03 08:48:39.204127  2520  2520 D HOME    : [WatchFaceUiController]Hiding watch face wallpaper.
--------- switch to kernel
11-03 08:48:39.134994     0     0 E FG      : fg_psy_get_property: unsupported property 7
11-03 08:48:39.139216     0     0 W healthd : battery l=22 v=3699 t=30.0 h=2 st=3 c=137 fc=443000 cc=0 chg=
--------- switch to main
11-03 08:48:39.254269   512   512 I sensors-hal: activate:107, android.sensor.light/46 en=0
11-03 08:48:39.257822   512   512 I sensors-hal: activate:118, android.sensor.light/46 en=0 completed
11-03 08:48:39.262736  1956  1956 D QtiCarrierConfigHelper: WARNING, no carrier configs on phone Id: 0
11-03 08:48:39.267503  2520  2520 D HOME    : [BatteryChange]action: android.intent.action.BATTERY_CHANGED
11-03 08:48:39.269681  2520 10692 D HOME    : [BatteryChange]HandleBatteryChangedTask
11-03 08:48:39.270887  2520 10692 D HOME    : [BatteryChange]level: 22, status: 3
--------- switch to system
11-03 08:48:39.283806  1686  1710 I DisplayManagerService: Display device changed state: "Écran intégré", DOZE_SUSPEND
--------- switch to main
11-03 08:48:39.307366   545   545 D SurfaceFlinger: Set power mode=3, type=0 flinger=0xb6bb6000
11-03 08:48:39.308760   504   762 I SDM     : DisplayBase::SetDisplayState: Set state = 3, display 0
11-03 08:48:39.375069   545   545 D SurfaceFlinger: Finished set power mode=3, type=0
11-03 08:48:39.376153  1686  1823 I SidekickService: beginDisplayLocked(): DOZE_SUSPEND
11-03 08:48:39.377322   416  2389 D SKGHAL  : sendAmbientPrepare: enter:
11-03 08:48:39.378523  1686  1759 I InputReader: Reconfiguring input devices.  changes=0x00000004
--------- switch to kernel
11-03 08:48:39.217485     0     0 I mdss_dsi_panel_set_idle_mode: Idle (0->1)
11-03 08:48:39.275117     0     0 I         : [touch]FB_BLANK_VSYNC_SUSPEND
11-03 08:48:39.275127     0     0 I         : [touch]irq disable
11-03 08:48:39.275134     0     0 I         : [touch]workqueue is empty!
11-03 08:48:39.275138     0     0 I         : [touch]raydium_ts_do_suspend.
11-03 08:48:39.275152     0     0 I         : [touch]Device may wakeup
11-03 08:48:39.279428     0     0 I         : [touch]irq enable
--------- switch to main
11-03 08:48:39.503106   416  2389 D SKGHAL  : sendAmbientEvent: enter: enable = 1
11-03 08:48:39.505009   504   523 I SDM     : DisplayBase::SetDisplayState: Set state = 4, display 0
11-03 08:48:39.505183   504   523 D SDM     : HWCDisplayPrimary::SetStandByMode: Null display is connected successfully
11-03 08:48:39.505529   416  2389 D SKGHAL  : standBy_update_control call succeed on 1
11-03 08:48:39.529550   416  2389 D SKGHAL  : sendAmbientEvent: done: enable = 1
11-03 08:48:39.530399  1686  1823 D SidekickService:    ... beginDisplay result: 0 for halPower: 1
11-03 08:48:39.536296   512   512 I sensors-hal: activate:107, android.sensor.accelerometer/48 en=0
11-03 08:48:39.538265   512   512 I sensors-hal: activate:118, android.sensor.accelerometer/48 en=0 completed
--------- switch to kernel
11-03 08:48:39.449505     0     0 E bgrsb   : bgrsb_enable: gpio 32 is valid
--------- switch to main
11-03 08:48:39.548543  1686  1799 E WifiStateMachine: getWifiLinkLayerStats called without an interface
11-03 08:48:39.585676  1686  1686 I WearPower: [WearTouchMediator] changing touch input to enabled (ON_AUTO)
11-03 08:48:39.587806  1686  1759 I InputReader: Reconfiguring input devices.  changes=0x00000200
--------- switch to kernel
11-03 08:48:39.496650     0     0 I init    : processing action (ro.enable_core_ctl=true && sys.cw_corectl_mode=idle) from (/vendor/etc/init/hw/init.qcom.rc:949)
--------- switch to main
11-03 08:48:39.600560  1686  1686 I AmbientService: [ce6a28c] Timeout alarm not required, auto-resume timeout handled by dream.
11-03 08:48:39.616177  3205  3434 W WorkController: Loading failed for worker [trainingcache]: worker not found
11-03 08:48:39.619552  3205  3294 W A       : TrainingCache cache SCREEN_OFF failure
11-03 08:48:39.619552  3205  3294 W A       : com.google.android.apps.gsa.search.core.service.h.a.a: No worker found for Worker ID [trainingcache].
11-03 08:48:39.619552  3205  3294 W A       : 	at com.google.android.apps.gsa.search.core.service.g.a.c.a(Unknown Source:5)
11-03 08:48:39.619552  3205  3294 W A       : 	at com.google.android.libraries.gsa.c.a.d.a(Unknown Source:3)
11-03 08:48:39.619552  3205  3294 W A       : 	at com.google.common.p.a.cg.c(Unknown Source:2)
11-03 08:48:39.619552  3205  3294 W A       : 	at com.google.common.p.a.bk.run(SourceFile:3)
11-03 08:48:39.619552  3205  3294 W A       : 	at com.google.common.p.a.ci.run(Unknown Source:4)
11-03 08:48:39.619552  3205  3294 W A       : 	at com.google.apps.tiktok.concurrent.ab.run(SourceFile:1)
11-03 08:48:39.619552  3205  3294 W A       : 	at java.util.concurrent.ThreadPoolExecutor.runWorker(ThreadPoolExecutor.java:1167)
11-03 08:48:39.619552  3205  3294 W A       : 	at java.util.concurrent.ThreadPoolExecutor$Worker.run(ThreadPoolExecutor.java:641)
11-03 08:48:39.619552  3205  3294 W A       : 	at com.google.apps.tiktok.concurrent.c.run(Unknown Source:4)
11-03 08:48:39.619552  3205  3294 W A       : 	at java.lang.Thread.run(Thread.java:764)
11-03 08:48:39.648198  2520  2520 D HOME    : [StreamDBQueue]Promised revision #3361 to queue a new op
11-03 08:48:39.648821  2520  2520 D WatchStreamManager: Promised rank-blocked=false @ r#3361
11-03 08:48:39.649589  2520  2520 D HOME    : [CompactHunStarter]detachWindow()
11-03 08:48:39.650382  2520 10603 D HOME    : [StreamDBQueue]Promised revision #3362 to queue a new op
11-03 08:48:39.650378  2520 10692 D HOME    : [WatchStreamDB]Item alerting conditions - isInterruptive: false, recentlyInterrupted: false, isItemPinned: false, isUnread: false
11-03 08:48:39.650773  2520 10603 D WatchStreamManager: Promised rerank @ r#3362
11-03 08:48:39.651090  2520 10692 D HOME    : [StreamAlertingRegulator]isTheaterModeEnabled: false, isAlertingAllowedByOffBody: true, matchesLocalInterruptionFilter: true
11-03 08:48:39.651547  2520 10692 D HOME    : [WatchStreamDB]couldItemAlert: false, isTopItemChanged: false, isDeferralForTopItem: false
11-03 08:48:39.652523  2520 10692 D HOME    : [WatchStreamDB]updateRanking()
11-03 08:48:39.653681  2520 10692 D HOME    : [WatchStreamDB]Item alerting conditions - isInterruptive: false, recentlyInterrupted: false, isItemPinned: false, isUnread: false
11-03 08:48:39.654335  2520 10692 D HOME    : [StreamAlertingRegulator]isTheaterModeEnabled: false, isAlertingAllowedByOffBody: true, matchesLocalInterruptionFilter: true
11-03 08:48:39.654767  2520 10692 D HOME    : [WatchStreamDB]couldItemAlert: false, isTopItemChanged: false, isDeferralForTopItem: false
11-03 08:48:39.656095  2520 10692 D HOME    : [NewStreamAdapter]Publishing revision #3362 to adapter clients
--------- switch to kernel
11-03 08:48:39.544867     0     0 I CPU0    : update max cpu_capacity 748
11-03 08:48:39.545126     0     0 I CPU3    : update max cpu_capacity 1024
11-03 08:48:39.598146     0     0 I CPU2    : shutdown
11-03 08:48:39.699519     0     0 I PM      : suspend entry 2021-11-03 07:48:39.699519886 UTC
11-03 08:48:39.699540     0     0 I PM      : Syncing filesystems ...
11-03 08:48:39.701933     0     0 I init    : Command 'write /sys/devices/system/cpu/cpu2/online 0' action=ro.enable_core_ctl=true && sys.cw_corectl_mode=idle (/vendor/etc/init/hw/init.qcom.rc:951) took 109ms and succeeded
11-03 08:48:39.731459     0     0 I         : done.
11-03 08:48:39.766210     0     0 I CPU3    : shutdown
11-03 08:48:39.770239     0     0 I         : Freezing user space processes ...
11-03 08:48:39.771187     0     0 I CPU0    : update max cpu_capacity 748
11-03 08:48:39.778032     0     0 I PM      : Wakeup pending, aborting suspend
11-03 08:48:39.778130     0     0 I         : active wakeup source: NETLINK
11-03 08:48:39.778212     0     0 E         : Freezing of tasks aborted after 0.007 seconds
11-03 08:48:39.778233     0     0 I         : Restarting tasks ...
11-03 08:48:39.779478     0     0 W QSEECOM : qseecom_receive_req: Interrupted: exiting Listener Service = 8192
11-03 08:48:39.779561     0     0 W QSEECOM : qseecom_receive_req: Interrupted: exiting Listener Service = 11
11-03 08:48:39.779606     0     0 W QSEECOM : qseecom_receive_req: Interrupted: exiting Listener Service = 10
11-03 08:48:39.779662     0     0 W QSEECOM : qseecom_receive_req: Interrupted: exiting Listener Service = 28672
11-03 08:48:39.785484     0     0 W QSEECOM : qseecom_receive_req: Interrupted: exiting Listener Service = 12288
11-03 08:48:39.786959     0     0 I         : done.
11-03 08:48:39.795016     0     0 I init    : Command 'write /sys/devices/system/cpu/cpu3/online 0' action=ro.enable_core_ctl=true && sys.cw_corectl_mode=idle (/vendor/etc/init/hw/init.qcom.rc:952) took 84ms and succeeded
11-03 08:48:39.788082     0     0 I PM      : suspend exit 2021-11-03 07:48:39.788082750 UTC
11-03 08:48:39.960627     0     0 E mdss_dsi_gen_read_status: Read back value from panel is incorrect
11-03 08:48:39.988635     0     0 I PM      : suspend entry 2021-11-03 07:48:39.988635355 UTC
11-03 08:48:39.988650     0     0 I PM      : Syncing filesystems ... done.
11-03 08:48:40.023864     0     0 I         : Freezing user space processes ... (elapsed 0.010 seconds) done.
11-03 08:48:40.034080     0     0 I         : Freezing remaining freezable tasks ... (elapsed 0.005 seconds) done.
11-03 08:48:40.040110     0     0 I         : Suspending console(s) (use no_console_suspend to debug)
11-03 08:48:40.054754     0     0 I mdss_dsi_panel_set_idle_mode: Idle (1->1)
11-03 08:48:40.095031     0     0 I bgcom   : bgcom_pm_suspend: suspended with : 0
11-03 08:48:40.126337     0     0 I PM      : suspend of devices complete after 82.665 msecs
11-03 08:48:40.132906     0     0 I PM      : late suspend of devices complete after 6.522 msecs
11-03 08:48:40.138436     0     0 I PM      : noirq suspend of devices complete after 5.492 msecs
11-03 08:48:40.138454     0     0 I         : Disabling non-boot CPUs ...
11-03 08:48:40.170483     0     0 W migrate_irqs: 2 callbacks suppressed
11-03 08:48:40.170492     0     0 W         : IRQ21 no longer affine to CPU1
11-03 08:48:40.172406     0     0 I CPU1    : shutdown
11-03 08:48:40.174809     0     0 I suspend ns: 3077970591344	suspend cycles:    1098384177884
11-03 08:48:40.174785     0     0 I CPU0    : msm_cpu_pm_enter_sleep mode:3 during suspend
11-03 08:48:40.174785     0     0 I         : Suspended for 8.377 seconds
11-03 08:48:40.174785     0     0 I resume cycles: 1098545025807
11-03 08:48:40.175168     0     0 I         : Enabling non-boot CPUs ...
11-03 08:48:40.175986     0     0 I CPU1    : update cpu_capacity 1024
11-03 08:48:40.177442     0     0 I         : CPU1 is up
11-03 08:48:40.179114     0     0 I CPU1    : update max cpu_capacity 748
11-03 08:48:40.181261     0     0 I PM      : noirq resume of devices complete after 3.468 msecs
11-03 08:48:40.186846     0     0 I PM      : early resume of devices complete after 3.708 msecs
11-03 08:48:40.218635     0     0 I bgcom   : bgcom_pm_resume: Bgcom resumed with : 0
11-03 08:48:40.229682     0     0 I mdss_dsi_panel_set_idle_mode: Idle (1->1)
11-03 08:48:40.264252     0     0 I PM      : resume of devices complete after 77.362 msecs
11-03 08:48:40.268425     0     0 I         : Restarting tasks ...
11-03 08:48:40.272293     0     0 W QSEECOM : qseecom_receive_req: Interrupted: exiting Listener Service = 12288
11-03 08:48:40.276091     0     0 W QSEECOM : qseecom_receive_req: Interrupted: exiting Listener Service = 8192
11-03 08:48:40.276173     0     0 W QSEECOM : qseecom_receive_req: Interrupted: exiting Listener Service = 11
11-03 08:48:40.276216     0     0 W QSEECOM : qseecom_receive_req: Interrupted: exiting Listener Service = 10
11-03 08:48:40.276258     0     0 W QSEECOM : qseecom_receive_req: Interrupted: exiting Listener Service = 28672
11-03 08:48:40.288329     0     0 I         : done.
11-03 08:48:48.667281     0     0 I PM      : suspend exit 2021-11-03 07:48:48.667281653 UTC
11-03 08:48:48.771089     0     0 I PM      : suspend entry 2021-11-03 07:48:48.771089205 UTC
11-03 08:48:48.771110     0     0 I PM      : Syncing filesystems ... done.
11-03 08:48:48.882564     0     0 I         : Freezing user space processes ... (elapsed 0.007 seconds) done.
11-03 08:48:48.889661     0     0 I         : Freezing remaining freezable tasks ... (elapsed 0.003 seconds) done.
11-03 08:48:48.893600     0     0 I         : Suspending console(s) (use no_console_suspend to debug)
11-03 08:48:48.905341     0     0 I mdss_dsi_panel_set_idle_mode: Idle (1->1)
11-03 08:48:48.941760     0     0 I bgcom   : bgcom_pm_suspend: suspended with : 0
11-03 08:48:48.977686     0     0 I PM      : suspend of devices complete after 81.870 msecs
11-03 08:48:48.983158     0     0 I PM      : late suspend of devices complete after 5.427 msecs
11-03 08:48:48.988893     0     0 I PM      : noirq suspend of devices complete after 5.695 msecs
11-03 08:48:48.988908     0     0 I         : Disabling non-boot CPUs ...
11-03 08:48:49.009700     0     0 I CPU1    : shutdown
11-03 08:48:49.011726     0     0 I suspend ns: 3078430023428	suspend cycles:    1098553846903
11-03 08:48:49.011707     0     0 I CPU0    : msm_cpu_pm_enter_sleep mode:3 during suspend
11-03 08:48:49.011707     0     0 I         : Suspended for 56.752 seconds
11-03 08:48:49.011707     0     0 I resume cycles: 1099643501502
11-03 08:48:49.012250     0     0 I         : Enabling non-boot CPUs ...
11-03 08:48:49.013087     0     0 I CPU1    : update cpu_capacity 1024
11-03 08:48:49.014527     0     0 I         : CPU1 is up
11-03 08:48:49.016479     0     0 I CPU1    : update max cpu_capacity 748
11-03 08:48:49.018293     0     0 I PM      : noirq resume of devices complete after 3.444 msecs
11-03 08:48:49.023463     0     0 I PM      : early resume of devices complete after 3.703 msecs
11-03 08:48:49.053652     0     0 I bgcom   : bgcom_pm_resume: Bgcom resumed with : 0
11-03 08:48:49.063710     0     0 I mdss_dsi_panel_set_idle_mode: Idle (1->1)
11-03 08:48:49.100731     0     0 I PM      : resume of devices complete after 77.229 msecs
11-03 08:48:49.104895     0     0 I         : Restarting tasks ...
11-03 08:48:49.109826     0     0 W QSEECOM : qseecom_receive_req: Interrupted: exiting Listener Service = 12288
11-03 08:48:49.112415     0     0 W QSEECOM : qseecom_receive_req: Interrupted: exiting Listener Service = 8192
11-03 08:48:49.112500     0     0 W QSEECOM : qseecom_receive_req: Interrupted: exiting Listener Service = 11
11-03 08:48:49.112542     0     0 W QSEECOM : qseecom_receive_req: Interrupted: exiting Listener Service = 10
11-03 08:48:49.112588     0     0 W QSEECOM : qseecom_receive_req: Interrupted: exiting Listener Service = 28672
