11-03 20:32:33.699433  2365  2670 D HOME    : [ComplicationController]scheduleImmediateUpdateForAllFromProvider ComponentInfo{com.google.android.wearable.app/com.google.android.clockwork.home.complications.providers.CurrentMediaProviderService}
11-03 20:32:33.699451  2391  2391 I EventLoggerStores: recordEvent APP_EVENT_SEARCH_SERVICE_ON_BIND ClientEvent[]
11-03 20:32:33.706831  2365  2674 W id.wearable.ap: Long monitor contention with owner Primes-2 (2675) at boolean android.os.BinderProxy.transactNative(int, android.os.Parcel, android.os.Parcel, int)(Binder.java:-2) waiters=0 in java.lang.Object mhi.b() for 946ms
11-03 20:32:33.751476  1990  2754 E WakeLock: GCM_HB_ALARM release without a matched acquire!
11-03 20:32:33.751589  1990  2754 W WakeLock: GCM_HB_ALARM counter does not exist
--------- switch to system
11-03 20:32:33.764558  1679  1696 W ActivityManager: Slow operation: 134ms so far, now at startProcess: asking zygote to start proc
--------- switch to main
11-03 20:32:33.766576   666   666 I /system/bin/tombstoned: received crash request for pid 1679
11-03 20:32:33.766757   666   666 I /system/bin/tombstoned: found intercept fd 512 for pid 1679 and type kDebuggerdJavaBacktrace
11-03 20:32:33.767484  2365  2365 W id.wearable.ap: Long monitor contention with owner User (2722) at boolean android.app.ActivityThread.releaseProvider(android.content.IContentProvider, boolean)(ActivityThread.java:6115) waiters=0 in android.content.IContentProvider android.app.ActivityThread.acquireExistingProvider(android.content.Context, java.lang.String, int, boolean) for 117ms
--------- switch to system
11-03 20:32:33.769261  1679  1695 W Looper  : Slow dispatch took 125ms android.ui h=com.android.server.am.ActivityManagerService$UiHandler c=null m=53
--------- switch to main
11-03 20:32:33.769993  2365  2365 D HOME    : [ConnectionSetupHelper]sendConfigToConnectionApi: config= ConnectionConfiguration[ mName=null, mAddress=null, mType=1, mRole=2, mEnabled=true, mIsConnected=false, mPeerNodeId=null, mBtlePriority=true, mNodeId=null]
11-03 20:32:33.770096  2365  2365 I HOME    : [ConnectionSetupHelper]putConfigToWearableHost:start
11-03 20:32:33.770756  2365  2365 I HOME    : [ConnectionSetupHelper]putConfigToWearableHost:end
11-03 20:32:33.774015  2365  2365 D HOME    : [MediaItemDataCreator]MEDIA_CREATOR_USE_MEDIA_ITEM
11-03 20:32:33.776714  2365  2671 D HOME    : [ConnectConfigRunnable]connect attempt 0
11-03 20:32:33.778336  2365  2365 D HOME    : [MediaReceiver]MEDIA_RECEIVER_START
11-03 20:32:33.806650  1679  1694 I system_server: libdebuggerd_client: done dumping process 1679
11-03 20:32:33.806996  1679  1694 I system_server: libdebuggerd_client: started dumping process 2349
--------- switch to system
11-03 20:32:33.808001  1679  1696 W ActivityManager: Slow operation: 178ms so far, now at startProcess: returned from zygote!
--------- switch to main
11-03 20:32:33.808138   666   666 I /system/bin/tombstoned: registered intercept for pid 2349 and type kDebuggerdJavaBacktrace
--------- switch to system
11-03 20:32:33.808338  1679  1696 W ActivityManager: Slow operation: 178ms so far, now at startProcess: done updating battery stats
11-03 20:32:33.808509  1679  1696 W ActivityManager: Slow operation: 178ms so far, now at startProcess: building log message
11-03 20:32:33.808596  1679  1696 I ActivityManager: Start proc 2765:com.montblanc.smart.watch.sportswatchface/u0a4 for broadcast com.montblanc.smart.watch.sportswatchface/com.montblanc.smartwatch.sportswatchface.StartupReceiver
11-03 20:32:33.808666  1679  1696 W ActivityManager: Slow operation: 179ms so far, now at startProcess: starting to update pids map
11-03 20:32:33.808734  1679  1696 W ActivityManager: Slow operation: 179ms so far, now at startProcess: done updating pids map
--------- switch to main
11-03 20:32:33.809081  1679  1684 I system_server: Wrote stack traces to '[tombstoned]'
11-03 20:32:33.809320  2349  2371 I com.oma.dm: Thread[3,tid=2371,WaitingInMainSignalCatcherLoop,Thread*=0xb5230200,peer=0x12d80218,"Signal Catcher"]: reacting to signal 3
11-03 20:32:33.809502  2349  2371 I com.oma.dm: 
11-03 20:32:33.900422  1679  1679 D WearWifiMediator: mNumConfiguredNetworks refreshed to: 83
11-03 20:32:33.900656  1679  1679 D WearWifiMediator: setWifiDecision: true; reason: ON_CHARGING
--------- switch to system
11-03 20:32:33.901102  1679  1679 W Looper  : Slow dispatch took 270ms main h=android.app.ActivityThread$H c=android.app.-$$Lambda$LoadedApk$ReceiverDispatcher$Args$_BumDX2UKsnxLVrE6UJsJZkotuA@64fdcb0 m=0
11-03 20:32:33.902310  1679  1679 W Looper  : Slow delivery took 297ms main h=android.app.ActivityThread$H c=android.app.-$$Lambda$LoadedApk$ReceiverDispatcher$Args$_BumDX2UKsnxLVrE6UJsJZkotuA@55ec729 m=0
--------- switch to main
11-03 20:32:33.952017  2391  2760 I EventBusThread: Event Bus thread starting with TID 2760
11-03 20:32:34.036235  2365  2365 W CwExecutors: Finished  Q:  6361 E:    94 AppLevelInitialization (Slow)
11-03 20:32:34.037127  2365  2365 D StrictMode: StrictMode policy violation; ~duration=1 ms: android.os.strictmode.CustomViolation: Slow task AppLevelInitialization took 94ms on UI executor
11-03 20:32:34.037127  2365  2365 D StrictMode: 	at android.os.StrictMode$AndroidBlockGuardPolicy.onCustomSlowCall(StrictMode.java:1471)
11-03 20:32:34.037127  2365  2365 D StrictMode: 	at android.os.StrictMode.noteSlowCall(StrictMode.java:2324)
11-03 20:32:34.037127  2365  2365 D StrictMode: 	at bvs.a(AW782433232:9)
11-03 20:32:34.037127  2365  2365 D StrictMode: 	at bvw.run(AW782433232:7)
11-03 20:32:34.037127  2365  2365 D StrictMode: 	at android.os.Handler.handleCallback(Handler.java:873)
11-03 20:32:34.037127  2365  2365 D StrictMode: 	at android.os.Handler.dispatchMessage(Handler.java:99)
11-03 20:32:34.037127  2365  2365 D StrictMode: 	at android.os.Looper.loop(Looper.java:193)
11-03 20:32:34.037127  2365  2365 D StrictMode: 	at android.app.ActivityThread.main(ActivityThread.java:6680)
11-03 20:32:34.037127  2365  2365 D StrictMode: 	at java.lang.reflect.Method.invoke(Native Method)
11-03 20:32:34.037127  2365  2365 D StrictMode: 	at com.android.internal.os.RuntimeInit$MethodAndArgsCaller.run(RuntimeInit.java:493)
11-03 20:32:34.037127  2365  2365 D StrictMode: 	at com.android.internal.os.ZygoteInit.main(ZygoteInit.java:858)
11-03 20:32:34.037375  2365  2365 D HOME    : [Esim]onEnabled
--------- switch to system
11-03 20:32:34.113021  1679  1704 I PowerManagerService: Going to sleep due to screen timeout (uid 1000)...
11-03 20:32:34.136453  1679  1679 W UsageStatsService: Event reported without a package name
--------- switch to main
11-03 20:32:34.164882  2365  2648 D HOME    : [Esim]initDataItems
--------- switch to system
11-03 20:32:34.170593  1679  1704 I DreamManagerService: Entering dreamland.
11-03 20:32:34.171698  1679  1704 I PowerManagerService: Dozing...
--------- switch to main
11-03 20:32:34.176944  2391  2760 I A       : Util.isLowRamDevice: true, canUsePreemptibleAudioSource: false
11-03 20:32:34.195815  2452  2479 I ocess.gservice: Background concurrent copying GC freed 5396(289KB) AllocSpace objects, 0(0B) LOS objects, 26% free, 1419KB/1931KB, paused 104us total 285.955ms
11-03 20:32:34.220042  2365  2722 D HOME    : [LauncherInfoManager]Fetching info for com.google.android.wearable.fitness.passive.ui.PassiveActivity
--------- switch to system
11-03 20:32:34.243760  1679  1679 W Looper  : Drained
--------- switch to main
11-03 20:32:34.243765  2365  2365 W CwExecutors: Finished  Q:  4698 E:   206 CrossDevFeatureManager.notifyEnabled (Slow)
--------- switch to system
11-03 20:32:34.243921  1679  1679 W Looper  : Slow dispatch took 117ms main h=com.android.server.power.Notifier$NotifierHandler c=com.android.server.power.Notifier$1@f73ace5 m=0
--------- switch to main
11-03 20:32:34.244649  2365  2365 D StrictMode: StrictMode policy violation; ~duration=123 ms: android.os.strictmode.DiskReadViolation
11-03 20:32:34.244649  2365  2365 D StrictMode: 	at android.os.StrictMode$AndroidBlockGuardPolicy.onReadFromDisk(StrictMode.java:1504)
11-03 20:32:34.244649  2365  2365 D StrictMode: 	at android.database.sqlite.SQLiteConnection.applyBlockGuardPolicy(SQLiteConnection.java:1091)
11-03 20:32:34.244649  2365  2365 D StrictMode: 	at android.database.sqlite.SQLiteConnection.executeForCursorWindow(SQLiteConnection.java:892)
11-03 20:32:34.244649  2365  2365 D StrictMode: 	at android.database.sqlite.SQLiteSession.executeForCursorWindow(SQLiteSession.java:836)
11-03 20:32:34.244649  2365  2365 D StrictMode: 	at android.database.sqlite.SQLiteQuery.fillWindow(SQLiteQuery.java:62)
11-03 20:32:34.244649  2365  2365 D StrictMode: 	at android.database.sqlite.SQLiteCursor.fillWindow(SQLiteCursor.java:149)
11-03 20:32:34.244649  2365  2365 D StrictMode: 	at android.database.sqlite.SQLiteCursor.getCount(SQLiteCursor.java:137)
11-03 20:32:34.244649  2365  2365 D StrictMode: 	at android.content.ContentResolver.query(ContentResolver.java:821)
11-03 20:32:34.244649  2365  2365 D StrictMode: 	at android.content.ContentResolver.query(ContentResolver.java:752)
11-03 20:32:34.244649  2365  2365 D StrictMode: 	at android.content.ContentResolver.query(ContentResolver.java:710)
11-03 20:32:34.244649  2365  2365 D StrictMode: 	at com.android.internal.telephony.SubscriptionController.getSubInfo(SubscriptionController.java:359)
11-03 20:32:34.244649  2365  2365 D StrictMode: 	at com.android.internal.telephony.SubscriptionController.getAvailableSubscriptionInfoList(SubscriptionController.java:758)
11-03 20:32:34.244649  2365  2365 D StrictMode: 	at com.android.internal.telephony.ISub$Stub.onTransact(ISub.java:153)
11-03 20:32:34.244649  2365  2365 D StrictMode: 	at android.os.Binder.execTransact(Binder.java:731)
11-03 20:32:34.244649  2365  2365 D StrictMode: # via Binder call with stack:
11-03 20:32:34.244649  2365  2365 D StrictMode: 	at android.os.StrictMode.readAndHandleBinderCallViolations(StrictMode.java:2131)
11-03 20:32:34.244649  2365  2365 D StrictMode: 	at android.os.Parcel.readExceptionCode(Parcel.java:1896)
11-03 20:32:34.244649  2365  2365 D StrictMode: 	at android.os.Parcel.readException(Parcel.java:1865)
11-03 20:32:34.244649  2365  2365 D StrictMode: 	at com.android.internal.telephony.ISub$Stub$Proxy.getAvailableSubscriptionInfoList(ISub.java:645)
11-03 20:32:34.244649  2365  2365 D StrictMode: 	at android.telephony.SubscriptionManager.getAvailableSubscriptionInfoList(SubscriptionManager.java:859)
11-03 20:32:34.244649  2365  2365 D StrictMode: 	at czz.b(AW782433232:1)
11-03 20:32:34.244649  2365  2365 D StrictMode: 	at czk.a(AW782433232:1)
11-03 20:32:34.244649  2365  2365 D StrictMode: 	at bsx.run(Unknown Source:2)
11-03 20:32:34.244649  2365  2365 D StrictMode: 	at bwl.run(Unknown Source:2)
11-03 20:32:34.244649  2365  2365 D StrictMode: 	at java.util.concurrent.Executors$RunnableAdapter.call(Executors.java:458)
11-03 20:32:34.244649  2365  2365 D StrictMode: 	at java.util.concurrent.FutureTask.run(FutureTask.java:266)
11-03 20:32:34.244649  2365  2365 D StrictMode: 	at bvw.run(AW782433232:6)
11-03 20:32:34.244649  2365  2365 D StrictMode: 	at android.os.Handler.handleCallback(Handler.java:873)
11-03 20:32:34.244649  2365  2365 D StrictMode: 	at android.os.Handler.dispatchMessage(Handler.java:99)
11-03 20:32:34.244649  2365  2365 D StrictMode: 	at android.os.Looper.loop(Looper.java:193)
11-03 20:32:34.244649  2365  2365 D StrictMode: 	at android.app.ActivityThread.main(ActivityThread.java:6680)
11-03 20:32:34.244649  2365  2365 D StrictMode: 	at java.lang.reflect.Method.invoke(Native Method)
11-03 20:32:34.244649  2365  2365 D StrictMode: 	at com.android.internal.os.RuntimeInit$MethodAndArgsCaller.run(RuntimeInit.java:493)
11-03 20:32:34.244649  2365  2365 D StrictMode: 	at com.android.internal.os.ZygoteInit.main(ZygoteInit.java:858)
11-03 20:32:34.245194  2365  2365 D StrictMode: StrictMode policy violation; ~duration=0 ms: android.os.strictmode.CustomViolation: Slow task CrossDevFeatureManager.notifyEnabled took 206ms on UI executor
11-03 20:32:34.245194  2365  2365 D StrictMode: 	at android.os.StrictMode$AndroidBlockGuardPolicy.onCustomSlowCall(StrictMode.java:1471)
11-03 20:32:34.245194  2365  2365 D StrictMode: 	at android.os.StrictMode.noteSlowCall(StrictMode.java:2324)
11-03 20:32:34.245194  2365  2365 D StrictMode: 	at bvs.a(AW782433232:9)
11-03 20:32:34.245194  2365  2365 D StrictMode: 	at bvw.run(AW782433232:7)
11-03 20:32:34.245194  2365  2365 D StrictMode: 	at android.os.Handler.handleCallback(Handler.java:873)
11-03 20:32:34.245194  2365  2365 D StrictMode: 	at android.os.Handler.dispatchMessage(Handler.java:99)
11-03 20:32:34.245194  2365  2365 D StrictMode: 	at android.os.Looper.loop(Looper.java:193)
11-03 20:32:34.245194  2365  2365 D StrictMode: 	at android.app.ActivityThread.main(ActivityThread.java:6680)
11-03 20:32:34.245194  2365  2365 D StrictMode: 	at java.lang.reflect.Method.invoke(Native Method)
11-03 20:32:34.245194  2365  2365 D StrictMode: 	at com.android.internal.os.RuntimeInit$MethodAndArgsCaller.run(RuntimeInit.java:493)
11-03 20:32:34.245194  2365  2365 D StrictMode: 	at com.android.internal.os.ZygoteInit.main(ZygoteInit.java:858)
11-03 20:32:34.246930  2365  2670 I HOME    : [NewHomeContactSyncCon]Performing a full resync
--------- switch to system
11-03 20:32:34.259662  1679  1700 I DreamController: Starting dream: name=ComponentInfo{com.google.android.wearable.ambient/com.google.android.wearable.ambient.AmbientDream}, isTest=false, canDoze=true, userId=0
--------- switch to main
11-03 20:32:34.306277  2365  2365 D BluetoothA2dp: Proxy object connected
11-03 20:32:34.309804  2417  2784 I EuiccGoogle: [102] EuiccServiceImpl.onGetEid: onGetEid: slotId = -1.
11-03 20:32:34.317937  2365  2365 D HOME    : [StreamModule]Background initialization started.
11-03 20:32:34.331303  2365  2365 D HOME    : [StreamDBQueue]Promised revision #6002 to queue a new op
11-03 20:32:34.331614  2365  2365 D WatchStreamManager: Promised rank-blocked=true @ r#6002
11-03 20:32:34.335063  2365  2365 D HOME    : [StreamModule]Background initialization completed.
11-03 20:32:34.335517  2365  2365 D HOME    : [StreamModule]Updating gaze alerter state: inWetMode=false focused=true uiMode=MODE_WATCH_FACE
11-03 20:32:34.335733  2365  2365 D HOME    : [StreamModule]Updating gaze alerter state: inWetMode=false focused=true uiMode=MODE_WATCH_FACE
11-03 20:32:34.335932  2365  2365 D HOME    : [TrayInitializationModul]Completed init for MODE_STREAM
11-03 20:32:34.388046  2417  2784 I EuiccGoogle: [102] EuiccServiceImpl.onGetEid: onGetEid: invalid physical slot id
11-03 20:32:34.400137  2417  2784 I EuiccGoogle: [102] EuiccServiceImpl.onGetEid: slotId = -1, isRemovable = false
11-03 20:32:34.400489  2417  2784 I EuiccGoogle: [102] EuiccServiceImpl.c: getEidFromSlotId: slotId = -1.
11-03 20:32:34.400794  2417  2784 I EuiccGoogle: [102] k.a: getEidForSlot: -1
--------- switch to system
11-03 20:32:34.413231  1679  1700 W Looper  : Slow dispatch took 241ms android.fg h=com.android.server.dreams.DreamManagerService$DreamHandler c=android.os.-$$Lambda$PowerManager$WakeLock$VvFzmRZ4ZGlXx7u3lSAJ_T-YUjw@f800b3f m=0
--------- switch to main
11-03 20:32:34.429171  1990  1990 I NetworkScheduler: Using standalone scheduling engine [CONTEXT service_id=218 ]
11-03 20:32:34.450244  1679  1745 I InputDispatcher: Dropped event because it is stale.
--------- switch to system
11-03 20:32:34.451351  1679  1700 W Looper  : Slow delivery took 208ms android.fg h=com.android.server.AppStateTracker$MyHandler c=null m=11
11-03 20:32:34.451710  1679  1700 W Looper  : Drained
--------- switch to main
11-03 20:32:34.450371  1679  1745 I chatty  : uid=1000(system) InputDispatcher identical 1 line
11-03 20:32:34.450850  1679  1745 I InputDispatcher: Dropped event because it is stale.
11-03 20:32:34.476119  2765  2765 I sportswatchfac: The ClassLoaderContext is a special shared library.
11-03 20:32:34.478121  2417  2784 I EuiccGoogle: [102] k.a: getEidForSlot: preferred Euicc slotId is 0
11-03 20:32:34.509541  2365  2365 W CwExecutors: Finished  Q:  2959 E:   172 QuickActionsInitialize (Slow)
11-03 20:32:34.510323  2365  2365 D StrictMode: StrictMode policy violation; ~duration=0 ms: android.os.strictmode.CustomViolation: Slow task QuickActionsInitialize took 172ms on UI executor
11-03 20:32:34.510323  2365  2365 D StrictMode: 	at android.os.StrictMode$AndroidBlockGuardPolicy.onCustomSlowCall(StrictMode.java:1471)
11-03 20:32:34.510323  2365  2365 D StrictMode: 	at android.os.StrictMode.noteSlowCall(StrictMode.java:2324)
11-03 20:32:34.510323  2365  2365 D StrictMode: 	at bvs.a(AW782433232:9)
11-03 20:32:34.510323  2365  2365 D StrictMode: 	at bvw.run(AW782433232:7)
11-03 20:32:34.510323  2365  2365 D StrictMode: 	at android.os.Handler.handleCallback(Handler.java:873)
11-03 20:32:34.510323  2365  2365 D StrictMode: 	at android.os.Handler.dispatchMessage(Handler.java:99)
11-03 20:32:34.510323  2365  2365 D StrictMode: 	at android.os.Looper.loop(Looper.java:193)
11-03 20:32:34.510323  2365  2365 D StrictMode: 	at android.app.ActivityThread.main(ActivityThread.java:6680)
11-03 20:32:34.510323  2365  2365 D StrictMode: 	at java.lang.reflect.Method.invoke(Native Method)
11-03 20:32:34.510323  2365  2365 D StrictMode: 	at com.android.internal.os.RuntimeInit$MethodAndArgsCaller.run(RuntimeInit.java:493)
11-03 20:32:34.510323  2365  2365 D StrictMode: 	at com.android.internal.os.ZygoteInit.main(ZygoteInit.java:858)
11-03 20:32:34.531850  1679  2140 D WearBluetooth: connectNativeInBackground fd:225
11-03 20:32:34.532403   628   628 D sysproxyd: OnClientAccepted accepted new client connection.
11-03 20:32:34.532671   628   628 D sysproxyd: OnCommandStart starting sysproxy.
--------- switch to system
11-03 20:32:34.608560  1679  1679 W ContextImpl: Calling a method in the system process without a qualified user: android.app.ContextImpl.bindService:1611 android.content.ContextWrapper.bindService:698 com.google.android.wearable.ambient.AmbientDream.onCreate:191 android.app.ActivityThread.handleCreateService:3533 android.app.ActivityThread.access$1300:200 
11-03 20:32:34.619953  1679  1679 W ContextImpl: Calling a method in the system process without a qualified user: android.app.ContextImpl.sendBroadcast:1005 android.content.ContextWrapper.sendBroadcast:444 com.google.android.wearable.ambient.AmbientDream.onCreate:241 android.app.ActivityThread.handleCreateService:3533 android.app.ActivityThread.access$1300:200 
11-03 20:32:34.620581  1679  1679 W Looper  : Slow dispatch took 278ms main h=android.app.ActivityThread$H c=null m=114
11-03 20:32:34.621916  1679  1679 V DreamService[AmbientDream]: onBind() intent = Intent { act=android.service.dreams.DreamService flg=0x800000 cmp=com.google.android.wearable.ambient/.AmbientDream }
11-03 20:32:34.622681  1679  1679 W Looper  : Slow delivery took 279ms main h=android.app.ActivityThread$H c=null m=121
--------- switch to main
11-03 20:32:34.623092  1679  1679 I AmbientService: [2f230a7] onBind
--------- switch to system
11-03 20:32:34.625019  1679  1679 W Looper  : Drained
--------- switch to main
11-03 20:32:34.641750  2365  2365 D HOME    : [TrayInitializationModul]Completed init for MODE_QUICK_SETTINGS
11-03 20:32:34.642028  2365  2365 D HOME    : [EventBus]Wrapper pool is full. Discarding excess wrapper instance for event com.google.android.clockwork.sysui.events.TheaterModeStateEvent
11-03 20:32:34.642228  2365  2365 D HOME    : [EventBus]Wrapper pool is full. Discarding excess wrapper instance for event com.google.android.clockwork.sysui.events.InterruptionFilterStateEvent
11-03 20:32:34.642400  2365  2365 D HOME    : [EventBus]Wrapper pool is full. Discarding excess wrapper instance for event com.google.android.clockwork.sysui.events.AirplaneModeStateEvent
11-03 20:32:34.642630  2365  2365 D HOME    : [EventBus]Wrapper pool is full. Discarding excess wrapper instance for event com.google.android.clockwork.sysui.events.BatteryChargeStateEvent
11-03 20:32:34.648966  2365  2365 D HOME    : [TilesModule]Start background initializing TilesModule.
11-03 20:32:34.669831  1679  1679 I AmbientService: [2f230a7] Ambient Created: launching default, have auto-resume: true
11-03 20:32:34.715616  2365  2365 D HOME    : [TilesModule]TilesModule initialized in background.
11-03 20:32:34.715977  2365  2365 W CwExecutors: Finished  Q:  2950 E:    67 TilesModule_initialize (Slow)
11-03 20:32:34.716801  2365  2365 D StrictMode: StrictMode policy violation; ~duration=0 ms: android.os.strictmode.CustomViolation: Slow task TilesModule_initialize took 67ms on UI executor
11-03 20:32:34.716801  2365  2365 D StrictMode: 	at android.os.StrictMode$AndroidBlockGuardPolicy.onCustomSlowCall(StrictMode.java:1471)
11-03 20:32:34.716801  2365  2365 D StrictMode: 	at android.os.StrictMode.noteSlowCall(StrictMode.java:2324)
11-03 20:32:34.716801  2365  2365 D StrictMode: 	at bvs.a(AW782433232:9)
11-03 20:32:34.716801  2365  2365 D StrictMode: 	at bvw.run(AW782433232:7)
11-03 20:32:34.716801  2365  2365 D StrictMode: 	at android.os.Handler.handleCallback(Handler.java:873)
11-03 20:32:34.716801  2365  2365 D StrictMode: 	at android.os.Handler.dispatchMessage(Handler.java:99)
11-03 20:32:34.716801  2365  2365 D StrictMode: 	at android.os.Looper.loop(Looper.java:193)
11-03 20:32:34.716801  2365  2365 D StrictMode: 	at android.app.ActivityThread.main(ActivityThread.java:6680)
11-03 20:32:34.716801  2365  2365 D StrictMode: 	at java.lang.reflect.Method.invoke(Native Method)
11-03 20:32:34.716801  2365  2365 D StrictMode: 	at com.android.internal.os.RuntimeInit$MethodAndArgsCaller.run(RuntimeInit.java:493)
11-03 20:32:34.716801  2365  2365 D StrictMode: 	at com.android.internal.os.ZygoteInit.main(ZygoteInit.java:858)
11-03 20:32:34.718556  2365  2365 D HOME    : [TrayInitializationModul]Completed init for MODE_TILES
11-03 20:32:34.738098  2365  2365 D HOME    : [AccountOracleImpl]Fetching account of type: com.google
--------- switch to system
11-03 20:32:34.743193  1679  1679 W ContextImpl: Calling a method in the system process without a qualified user: android.app.ContextImpl.startActivity:887 android.content.ContextWrapper.startActivity:379 com.google.android.wearable.ambient.AmbientService.maybeLaunchDefaultActivity:538 com.google.android.wearable.ambient.AmbientService.doOnCreate:633 com.google.android.wearable.ambient.AmbientService.access$3000:75 
11-03 20:32:34.745806  1679  1679 W ContextImpl: Calling a method in the system process without a qualified user: android.app.ContextImpl.startActivity:899 android.app.ContextImpl.startActivity:888 android.content.ContextWrapper.startActivity:379 com.google.android.wearable.ambient.AmbientService.maybeLaunchDefaultActivity:538 com.google.android.wearable.ambient.AmbientService.doOnCreate:633 
11-03 20:32:34.754924  1679  1679 I ActivityManager: START u0 {act=android.intent.action.MAIN cat=[android.intent.category.HOME] flg=0x34010000 cmp=com.google.android.wearable.app/com.google.android.clockwork.home2.activity.HomeActivity2} from uid 1000
--------- switch to main
11-03 20:32:34.764972  1679  1745 I InputDispatcher: Dropped event because it is stale.
11-03 20:32:34.813069  2365  2365 W GmsAccountProvider: No accounts found.
--------- switch to system
11-03 20:32:34.813479  1679  1679 W Looper  : Slow dispatch took 188ms main h=android.app.ActivityThread$H c=android.app.LoadedApk$ServiceDispatcher$RunConnection@78771a m=0
11-03 20:32:34.831561  1679  1679 W Looper  : Slow delivery took 206ms main h=android.os.Handler c=android.service.dreams.DreamService$DreamServiceWrapper$1@816eae6 m=0
11-03 20:32:34.831762  1679  1679 V DreamService[AmbientDream]: Calling onDreamingStarted()
--------- switch to main
11-03 20:32:34.831935  1679  1679 I AmbientService: [2f230a7] doOnDreamingStarted
11-03 20:32:34.832268  1679  1679 D WristGestureCtrl: Stopping detectors: GesturesEnabled-false gestureDetector-false ungazeEnabled-true ungaze-true
11-03 20:32:34.832326  1679  1679 D DefaultUngazeDetector: stopping
11-03 20:32:34.836785   511  1735 I sensors-hal: batch:140, android.sensor.accelerometer/48, period=66667000, max_latency=100000000
11-03 20:32:34.839376   511  1735 I sensors-hal: batch:149, android.sensor.accelerometer/48, period=66667000, max_latency=100000000 request completed
11-03 20:32:34.844292  2365  2722 D HOME    : [LauncherInfoManager]Fetching info for com.google.android.apps.wearable.certifier.MainActivity
--------- switch to system
11-03 20:32:34.832600  1679  1679 W Looper  : Drained
--------- switch to main
11-03 20:32:34.891866  2765  2765 I sportswatchfac: The ClassLoaderContext is a special shared library.
11-03 20:32:34.953349  2365  2722 D HOME    : [LauncherInfoManager]Fetching info for com.google.android.clockwork.internalphone.InternalDialerLauncherActivity
11-03 20:32:34.969271  2391  2758 W earchbox:searc: Long monitor contention with owner Lite Thread #0 (2571) at java.lang.Long java.lang.Long.valueOf(long)(Long.java:841) waiters=0 in com.google.android.apps.gsa.speech.n.b com.google.android.apps.gsa.binaries.clockwork.cv.aS() for 732ms
11-03 20:32:34.973069  2391  2760 W earchbox:searc: Long monitor contention with owner Lite Thread #0 (2571) at java.lang.Long java.lang.Long.valueOf(long)(Long.java:841) waiters=1 in com.google.android.apps.gsa.speech.n.b com.google.android.apps.gsa.binaries.clockwork.cv.aS() for 498ms
11-03 20:32:34.989711  2391  2760 W ThreadPoolDumper: Task ai[SearchServiceCore [attachClient]] was queued for 1226ms before starting on executor EventBus
11-03 20:32:35.011475  2787  2787 D sysproxy: System proxy launched.
11-03 20:32:35.011666  2787  2787 D sysproxy: connect: fd: 3
11-03 20:32:35.011689  2787  2787 D sysproxy: [B] connect:select...
11-03 20:32:35.054698   666   666 I /system/bin/tombstoned: received crash request for pid 2349
11-03 20:32:35.054898   666   666 I /system/bin/tombstoned: found intercept fd 512 for pid 2349 and type kDebuggerdJavaBacktrace
11-03 20:32:35.061649  1990  2001 I .gms.persisten: ThreadFlipBegin blocked for 10.725ms
11-03 20:32:35.064839  1679  1694 I system_server: libdebuggerd_client: done dumping process 2349
11-03 20:32:35.065212  1679  1694 I system_server: libdebuggerd_client: started dumping process 2338
11-03 20:32:35.065851  2349  2371 I com.oma.dm: Wrote stack traces to '[tombstoned]'
11-03 20:32:35.076352  2365  2365 D HOME    : [JoviSurfaceController]onInitialize
11-03 20:32:35.090619  2365  2365 D HOME    : [JoviUpdater]modelWithInitialization update started
11-03 20:32:35.090920  2365  2365 D HOME    : [TilesUpdateRequester]requesting update
11-03 20:32:35.093876  2365  2673 D HOME    : [DataRequester]cancelScheduledUpdates TileConfig{id=-1, provider=ComponentInfo{com.google.android.wearable.app/com.google.android.clockwork.home.jovi.tile.JoviTileProviderService}}
11-03 20:32:35.094153  2365  2365 D HOME    : [SurfaceRenderer]cardLifecycleParent: onCreate
11-03 20:32:35.094153  2365  2673 D HOME    : [DataRequester]cancelScheduledUpdates could not find jobId for provider -1
11-03 20:32:35.094455  2365  2673 D HOME    : [DataRequester]requestUpdateFromProvider TileConfig{id=-1, provider=ComponentInfo{com.google.android.wearable.app/com.google.android.clockwork.home.jovi.tile.JoviTileProviderService}}
11-03 20:32:35.099451  2365  2365 W CwExecutors: Finished  Q:  3001 E:   379 MinusOneInitialize (Slow)
11-03 20:32:35.100299  2365  2365 D StrictMode: StrictMode policy violation; ~duration=0 ms: android.os.strictmode.CustomViolation: Slow task MinusOneInitialize took 379ms on UI executor
11-03 20:32:35.100299  2365  2365 D StrictMode: 	at android.os.StrictMode$AndroidBlockGuardPolicy.onCustomSlowCall(StrictMode.java:1471)
11-03 20:32:35.100299  2365  2365 D StrictMode: 	at android.os.StrictMode.noteSlowCall(StrictMode.java:2324)
11-03 20:32:35.100299  2365  2365 D StrictMode: 	at bvs.a(AW782433232:9)
11-03 20:32:35.100299  2365  2365 D StrictMode: 	at bvw.run(AW782433232:7)
11-03 20:32:35.100299  2365  2365 D StrictMode: 	at android.os.Handler.handleCallback(Handler.java:873)
11-03 20:32:35.100299  2365  2365 D StrictMode: 	at android.os.Handler.dispatchMessage(Handler.java:99)
11-03 20:32:35.100299  2365  2365 D StrictMode: 	at android.os.Looper.loop(Looper.java:193)
11-03 20:32:35.100299  2365  2365 D StrictMode: 	at android.app.ActivityThread.main(ActivityThread.java:6680)
11-03 20:32:35.100299  2365  2365 D StrictMode: 	at java.lang.reflect.Method.invoke(Native Method)
11-03 20:32:35.100299  2365  2365 D StrictMode: 	at com.android.internal.os.RuntimeInit$MethodAndArgsCaller.run(RuntimeInit.java:493)
11-03 20:32:35.100299  2365  2365 D StrictMode: 	at com.android.internal.os.ZygoteInit.main(ZygoteInit.java:858)
11-03 20:32:35.100737  2365  2365 D HOME    : [TrayInitializationModul]Completed init for MODE_JOVI
11-03 20:32:35.101646   666   666 I /system/bin/tombstoned: registered intercept for pid 2338 and type kDebuggerdJavaBacktrace
11-03 20:32:35.112725  2365  2365 D HOME    : [CookieCutter]Creating cookie cutter (H=416,W=416); circular=true
11-03 20:32:35.112859  2365  2365 D HOME    : [CookieCutter]Creating circular cookie cutter
11-03 20:32:35.125010  2365  2365 D HOME    : [WFPView]onFinishInflate: start
11-03 20:32:35.126936  2365  2365 D HOME    : [CookieCutter]Creating cookie cutter (H=416,W=416); circular=true
11-03 20:32:35.127021  2365  2365 D HOME    : [CookieCutter]Creating circular cookie cutter
11-03 20:32:35.136117  2365  2365 D HOME    : [WFPView]onFinishInflate: end
11-03 20:32:35.131030  2338  2356 I com.android.se: Thread[3,tid=2356,WaitingInMainSignalCatcherLoop,Thread*=0xb5230200,peer=0x12dc0218,"Signal Catcher"]: reacting to signal 3
11-03 20:32:35.136891  2338  2356 I com.android.se: 
11-03 20:32:35.148179  2365  2365 D HOME    : [TrayInitializationModul]Completed init for MODE_WATCH_FACE_PICKER
11-03 20:32:35.235304  1990  2186 I .gms.persisten: IncrementDisableThreadFlip blocked for 178.929ms
11-03 20:32:35.339708  2391  2793 I A       : Updating Gservices keys
11-03 20:32:35.349772  2365  2649 E HOME    : [WriteHomeInfoRunnable]Failed to put Home version: An error occurred writing data item: Status{statusCode=TIMEOUT, resolution=null}
11-03 20:32:35.359479  1990  1990 W BluetoothAdapter: getBluetoothService() called with no BluetoothManagerCallback
11-03 20:32:35.361813  1784  2040 I bt_stack: [INFO:port_api.cc(230)] RFCOMM_CreateConnection: bd_addr=ff:ff:ff:ff:ff:ff, scn=5, is_server=1, mtu=990, uuid=0x0038, dlci=10, signal_state=0x0b, p_port=0x9a032054
11-03 20:32:35.363288  2391  2391 I Search.LoginHelperImpl: Getting accounts.
11-03 20:32:35.374335  1784  1971 D AdapterProperties: Discoverable Timeout:0
11-03 20:32:35.376937  1784  1971 D AdapterProperties: Scan Mode:21
11-03 20:32:35.378229  1990  2004 W .gms.persisten: Long monitor contention with owner highpool[4] (2700) at boolean android.os.BinderProxy.transactNative(int, android.os.Parcel, android.os.Parcel, int)(Binder.java:-2) waiters=0 in android.content.res.Resources android.app.ResourcesManager.getOrCreateResources(android.os.IBinder, android.content.res.ResourcesKey, java.lang.ClassLoader) for 500ms
--------- switch to system
11-03 20:32:35.404945  1679  1696 W ActivityManager: Slow operation: 140ms so far, now at startProcess: returned from zygote!
11-03 20:32:35.405392  1679  1696 W ActivityManager: Slow operation: 140ms so far, now at startProcess: done updating battery stats
11-03 20:32:35.405594  1679  1696 W ActivityManager: Slow operation: 141ms so far, now at startProcess: building log message
11-03 20:32:35.405706  1679  1696 I ActivityManager: Start proc 2795:fitness.smartwatch.montblanc.com.fitness/u0a30 for broadcast fitness.smartwatch.montblanc.com.fitness/fitness.smartwatch.montblanc.core.StartupReceiver
11-03 20:32:35.405767  1679  1696 W ActivityManager: Slow operation: 141ms so far, now at startProcess: starting to update pids map
11-03 20:32:35.405843  1679  1696 W ActivityManager: Slow operation: 141ms so far, now at startProcess: done updating pids map
--------- switch to main
11-03 20:32:35.431421  1990  2700 W PackageHelper: Could not get resources package for package "com.google.android.apps.fitness". Falling back to app package name.
11-03 20:32:35.494745  2264  2676 W ProviderHelper: Unknown dynamite feature providerinstaller.dynamite
11-03 20:32:35.495089  2264  2676 I DynamiteModule: Considering local module com.google.android.gms.providerinstaller.dynamite:1 and remote module com.google.android.gms.providerinstaller.dynamite:0
11-03 20:32:35.495153  2264  2676 I DynamiteModule: Selected local version of com.google.android.gms.providerinstaller.dynamite
11-03 20:32:35.662259  1990  2004 W PackageHelper: Could not get resources package for package "com.google.android.wearable.app". Falling back to app package name.
11-03 20:32:35.690318  2795  2795 I anc.com.fitnes: The ClassLoaderContext is a special shared library.
11-03 20:32:35.748143  2365  2722 D HOME    : [LauncherInfoManager]Fetching info for com.google.android.clockwork.settings.MainSettingsActivity
11-03 20:32:35.788903  1679  1691 I AmbientService: [2f230a7] Potential first ambient activity started: AmbientActivity[component=ComponentInfo{com.google.android.wearable.app/com.google.android.clockwork.home2.activity.HomeActivity2}, callbacks=@965d446, running=true, ambientRequested=true, ambientEnabled=true, offloadEnabled=false]
11-03 20:32:35.789489  1679  1691 D SidekickService: setShouldControlDisplay called: false
11-03 20:32:35.789978  1679  1691 I AmbientService: [2f230a7] Selected running activity for ambient mode: AmbientActivity[component=ComponentInfo{com.google.android.wearable.app/com.google.android.clockwork.home2.activity.HomeActivity2}, callbacks=@965d446, running=true, ambientRequested=true, ambientEnabled=true, offloadEnabled=false]
11-03 20:32:35.790295  1679  1691 I AmbientService: [2f230a7] Offload not possible, requesting doze.
11-03 20:32:35.792325  1679  1691 W DefaultSettingsContentR: Value for ambient_low_bit_enabled not stored as number. Attempting parse as boolean.
11-03 20:32:35.795935  1679  1691 I AmbientService: [2f230a7] The new activity has probably been launched on purpose.
11-03 20:32:35.796893  2365  2365 I Choreographer: Skipped 122 frames!  The application may be doing too much work on its main thread.
11-03 20:32:35.867526   666   666 I /system/bin/tombstoned: received crash request for pid 2338
11-03 20:32:35.867802   666   666 I /system/bin/tombstoned: found intercept fd 512 for pid 2338 and type kDebuggerdJavaBacktrace
11-03 20:32:35.869353  1679  1694 I system_server: libdebuggerd_client: done dumping process 2338
11-03 20:32:35.869677  1679  1694 I system_server: libdebuggerd_client: started dumping process 2314
11-03 20:32:35.870567   666   666 I /system/bin/tombstoned: registered intercept for pid 2314 and type kDebuggerdJavaBacktrace
11-03 20:32:35.870940  2338  2356 I com.android.se: Wrote stack traces to '[tombstoned]'
11-03 20:32:35.871066  2314  2330 I com.android.nf: Thread[3,tid=2330,WaitingInMainSignalCatcherLoop,Thread*=0xb5230200,peer=0x12dc0cb8,"Signal Catcher"]: reacting to signal 3
11-03 20:32:35.871200  2314  2330 I com.android.nf: 
11-03 20:32:35.952372  2365  2722 D HOME    : [LauncherInfoManager]Fetching info for com.google.android.clockwork.home.module.oobe.OobeLauncherActivity
11-03 20:32:36.015334  1679  1745 I InputDispatcher: Dropped event because it is stale.
11-03 20:32:36.016980  1679  1745 D WindowManager: interceptKeyTi keyCode=265 down=true repeatCount=0 keyguardOn=false mHomePressed=false canceled=false
11-03 20:32:36.017282  1679  1745 I InputDispatcher: Dropped event because it is stale.
11-03 20:32:36.017441  1679  1745 I chatty  : uid=1000(system) InputDispatcher identical 3 lines
11-03 20:32:36.017479  1679  1745 I InputDispatcher: Dropped event because it is stale.
11-03 20:32:36.020410  2365  2729 I Adreno  : QUALCOMM build                   : 5484b33, I088aa6dce1
11-03 20:32:36.020410  2365  2729 I Adreno  : Build Date                       : 05/06/19
11-03 20:32:36.020410  2365  2729 I Adreno  : OpenGL ES Shader Compiler Version: EV031.26.08.00
11-03 20:32:36.020410  2365  2729 I Adreno  : Local Branch                     : gfx-adreno.lnx.1.0
11-03 20:32:36.020410  2365  2729 I Adreno  : Remote Branch                    : 
11-03 20:32:36.020410  2365  2729 I Adreno  : Remote Branch                    : 
11-03 20:32:36.020410  2365  2729 I Adreno  : Reconstruct Branch               : 
11-03 20:32:36.020540  2365  2729 I Adreno  : Build Config                     : S L 6.0.2 AArch32
11-03 20:32:36.030878  1679  1745 D WindowManager: interceptKeyTi keyCode=265 down=false repeatCount=0 keyguardOn=false mHomePressed=false canceled=false
11-03 20:32:36.031070  1679  1745 I InputDispatcher: Dropped event because it is stale.
11-03 20:32:36.036718  2365  2729 I Adreno  : PFP: 0x00c60400, ME: 0x003ff041
11-03 20:32:36.043413  1679  1745 D WindowManager: interceptKeyTi keyCode=266 down=true repeatCount=0 keyguardOn=false mHomePressed=false canceled=false
11-03 20:32:36.043623  1679  1745 I InputDispatcher: Dropped event because it is stale.
11-03 20:32:36.046517  1679  1745 D WindowManager: interceptKeyTi keyCode=266 down=false repeatCount=0 keyguardOn=false mHomePressed=false canceled=false
11-03 20:32:36.046710  1679  1745 I InputDispatcher: Dropped event because it is stale.
--------- switch to system
11-03 20:32:36.047721  1679  1679 W Looper  : Slow delivery took 9586ms main h=android.view.GestureDetector$GestureHandler c=null m=1
--------- switch to main
11-03 20:32:36.050225  2365  2729 I ConfigStore: android::hardware::configstore::V1_0::ISurfaceFlingerConfigs::hasWideColorDisplay retrieved: 0
11-03 20:32:36.050740  2365  2729 I ConfigStore: android::hardware::configstore::V1_0::ISurfaceFlingerConfigs::hasHDRDisplay retrieved: 0
11-03 20:32:36.051681  2365  2729 I OpenGLRenderer: Initialized EGL, version 1.4
11-03 20:32:36.051902  2365  2729 D OpenGLRenderer: Swap behavior 2
11-03 20:32:36.092012  2365  2365 D HOME    : [CompactStreamAdapter]Creating CompactStreamCardHolder with CompactStreamElement. viewType: -2, element hgh@acd73fd
11-03 20:32:36.183626  2365  2365 D HOME    : [WatchFaceUiController]sendStateToWallpaper
11-03 20:32:36.183765  2365  2365 D HOME    : [WatchFaceUiController]sendWatchFaceServiceBinder
11-03 20:32:36.188125  2365  2365 D HOME    : [WatchFaceUiController]sendProperties
11-03 20:32:36.193013  1679  1691 D AmbientProperties: Updating Ambient setting, TTB: false, TTW: true, decomposable: false, AOD: true
11-03 20:32:36.203839  2365  2365 D HOME    : [SurfaceRenderer]maybeRender: hasWindowFocus = true, hasViewFocus = false, hasModelToRender = false, shouldRender = false
11-03 20:32:36.210450  2365  2365 D HOME    : [GestureController]Ignoring duplicate ACTION_DOWN event.
11-03 20:32:36.212124  2365  2365 D HOME    : [GestureController]Ignoring duplicate ACTION_DOWN event.
11-03 20:32:36.215470  2365  2365 D HOME    : [HotwordController]updateClient MODE_STREAM false false false true
11-03 20:32:36.207423  1679  1691 I WearPower: [WearTouchMediator] changing touch input to enabled (ON_AUTO)
11-03 20:32:36.230175  1679  1746 I InputReader: Reconfiguring input devices.  changes=0x00000200
11-03 20:32:36.234302  1679  1691 D SidekickService: sendConfigValuesLocked(): alsThresholds = [40, 92, 95, 100, 125, 150, 175, 200, 225, 250, 300, 400, 500, 800, 1200], brightnessValuesBright = [50, 56, 60, 70, 80, 90, 100, 115, 120, 140, 160, 180, 200, 220, 240, 255], brightnessValuesDim= [50, 56, 60, 70, 80, 90, 100, 115, 120, 140, 160, 180, 200, 220, 240, 255]
11-03 20:32:36.251072  1679  1691 D SidekickService: setAlsMode(): mode = 2, brightenAlpha = 80, dimmingAlpha = 80
11-03 20:32:36.262732  2365  2365 I HOME    : [GoogleHotwordClient]ensureConnected while bound and waiting for connection to complete.
11-03 20:32:36.262835  2365  2365 I HOME    : [GoogleHotwordClient]Will wait at least -36647 ms before rebinding
11-03 20:32:36.264730  2365  2365 D HOME    : [StreamModule]Updating gaze alerter state: inWetMode=false focused=true uiMode=MODE_STREAM
11-03 20:32:36.268096  2365  2365 D HOME    : [StreamDBQueue]Promised revision #6003 to queue a new op
11-03 20:32:36.268395  2365  2365 D WatchStreamManager: Promised mark-all-read @ r#6003
11-03 20:32:36.269515  2365  2673 D HOME    : [NewStreamAdapter]Publishing revision #6003 to adapter clients
11-03 20:32:36.278243  1679  1691 D SidekickService: setTwmConfig():: msTiltToBright = 10000, tiltToBright = false
11-03 20:32:36.280752  1679  1679 W DefaultSettingsContentR: Value for ambient_low_bit_enabled not stored as number. Attempting parse as boolean.
--------- switch to system
11-03 20:32:36.283333  1679  1679 W Looper  : Drained
--------- switch to main
11-03 20:32:36.287407  1679  1679 W DefaultSettingsContentR: Value for ambient_low_bit_enabled not stored as number. Attempting parse as boolean.
11-03 20:32:36.333777  2264  2676 I GmsModuleFndr: Beginning GMS chimera module scan
11-03 20:32:36.404899  2365  2365 W HOME    : [ModuleBus]Failed to enter UI mode MODE_STREAM because currently transitioning to mode MODE_WATCH_FACE
11-03 20:32:36.405614  2365  2365 D HOME    : [StreamDBQueue]Promised revision #6004 to queue a new op
11-03 20:32:36.405739  2365  2365 D WatchStreamManager: Promised mark-all-read @ r#6004
11-03 20:32:36.407013  2365  2673 D HOME    : [NewStreamAdapter]Publishing revision #6004 to adapter clients
11-03 20:32:36.420731  2264  2264 W ModuleManager: Unable to get current module's fulfilled APIs in ModuleManager created with non-module Context
11-03 20:32:36.425023  2297  2297 V RenderScript: User-backed allocation failed stride requirement, falling back to separate allocation
11-03 20:32:36.440058  2264  2676 I ModuleSetMgr: Computing pending module set with APKs: [[Cronetdynamite:205016050304], [Dynamiteloader:205016050004], [Dynamitemodulesa:205016050004], [Dynamitemodulesc:205016050004], [Googlecertificates:205016050004], [Mapsdynamite:205016050004]]
11-03 20:32:36.440701  2264  2676 I ModuleSetMgr: Pending container module APKs: []
11-03 20:32:36.440763  2264  2676 I ModuleSetMgr: Pending non-container module APKs: []
11-03 20:32:36.475161  2297  2297 V RenderScript: User-backed allocation failed stride requirement, falling back to separate allocation
--------- switch to system
11-03 20:32:36.477937  1679  1693 W Looper  : Slow dispatch took 15199ms android.bg h=com.android.server.am.ActivityManagerService$3 c=null m=1
--------- switch to main
11-03 20:32:36.480661  2365  2785 D HOME    : [WatchFaceUiController]Requesting initial style from the watch face.
11-03 20:32:36.484502  2297  2297 V RenderScript: User-backed allocation failed stride requirement, falling back to separate allocation
11-03 20:32:36.485057  2297  2297 V RenderScript: User-backed allocation failed stride requirement, falling back to separate allocation
11-03 20:32:36.491782  2365  2785 W CwExecutors: Finished  Q:     2 E:   301 WatchFaceUiController#getCurrentWatchFace (Slow)
11-03 20:32:36.492545  2365  2785 D StrictMode: StrictMode policy violation: android.os.strictmode.CustomViolation: Slow task WatchFaceUiController#getCurrentWatchFace took 301ms on User executor
11-03 20:32:36.492545  2365  2785 D StrictMode: 	at android.os.StrictMode$AndroidBlockGuardPolicy.onCustomSlowCall(StrictMode.java:1471)
11-03 20:32:36.492545  2365  2785 D StrictMode: 	at android.os.StrictMode.noteSlowCall(StrictMode.java:2324)
11-03 20:32:36.492545  2365  2785 D StrictMode: 	at bvs.a(AW782433232:9)
11-03 20:32:36.492545  2365  2785 D StrictMode: 	at bvw.run(AW782433232:7)
11-03 20:32:36.492545  2365  2785 D StrictMode: 	at bvy.run(AW782433232:5)
11-03 20:32:36.492545  2365  2785 D StrictMode: 	at java.util.concurrent.ThreadPoolExecutor.runWorker(ThreadPoolExecutor.java:1167)
11-03 20:32:36.492545  2365  2785 D StrictMode: 	at java.util.concurrent.ThreadPoolExecutor$Worker.run(ThreadPoolExecutor.java:641)
11-03 20:32:36.492545  2365  2785 D StrictMode: 	at bvl.run(AW782433232:4)
11-03 20:32:36.492545  2365  2785 D StrictMode: 	at java.lang.Thread.run(Thread.java:764)
11-03 20:32:36.502254  2297  2297 V RenderScript: User-backed allocation failed stride requirement, falling back to separate allocation
11-03 20:32:36.523811  1990  2169 W .gms.persisten: Long monitor contention with owner highpool[3] (2687) at android.content.IContentProvider android.app.ActivityThread.acquireExistingProvider(android.content.Context, java.lang.String, int, boolean)(ActivityThread.java:6081) waiters=1 in android.content.IContentProvider android.app.ActivityThread.acquireExistingProvider(android.content.Context, java.lang.String, int, boolean) for 168ms
11-03 20:32:36.614580  2297  2297 V RenderScript: User-backed allocation failed stride requirement, falling back to separate allocation
11-03 20:32:36.630750  2297  2297 I chatty  : uid=10044(com.montblanc.smartwatch.configurator.chrono390) identical 2 lines
11-03 20:32:36.631249  2297  2297 V RenderScript: User-backed allocation failed stride requirement, falling back to separate allocation
11-03 20:32:36.642910  2365  2365 D HOME    : [HomeVisitsLogger]Logging streamlet event: scroll_into_stream
11-03 20:32:36.643309  2365  2365 W HOME    : [ModuleBus]Failed to enter UI mode MODE_STREAM because currently transitioning to mode MODE_WATCH_FACE
11-03 20:32:36.644661  2365  2365 D HOME    : [HotwordController]updateClient MODE_WATCH_FACE false false false true
11-03 20:32:36.644761  2365  2365 I HOME    : [GoogleHotwordClient]ensureConnected while bound and waiting for connection to complete.
11-03 20:32:36.644821  2365  2365 I HOME    : [GoogleHotwordClient]Will wait at least -36647 ms before rebinding
11-03 20:32:36.645745  2365  2722 D HOME    : [LauncherInfoManager]Fetching info for com.google.android.clockwork.home.pay.FastPayActivity
11-03 20:32:36.646430  2365  2365 D HOME    : [StreamModule]Updating gaze alerter state: inWetMode=false focused=true uiMode=MODE_WATCH_FACE
11-03 20:32:36.649481  2365  2365 D HOME    : [HomeVisitsLogger]Logging streamlet event: scroll_into_stream
11-03 20:32:36.652194  2365  2365 W HOME    : [ModuleBus]Failed to enter UI mode MODE_QUICK_SETTINGS because currently transitioning to mode MODE_STREAM
11-03 20:32:36.653106  2365  2365 D HOME    : [HotwordController]updateClient MODE_STREAM false false false true
11-03 20:32:36.653213  2365  2365 I HOME    : [GoogleHotwordClient]ensureConnected while bound and waiting for connection to complete.
11-03 20:32:36.653274  2365  2365 I HOME    : [GoogleHotwordClient]Will wait at least -36647 ms before rebinding
11-03 20:32:36.654917  2365  2365 D HOME    : [StreamModule]Updating gaze alerter state: inWetMode=false focused=true uiMode=MODE_STREAM
11-03 20:32:36.662375  2365  2646 D HOME    : [OemSetupJobService]Job is running.
11-03 20:32:36.695509  2297  2297 V RenderScript: User-backed allocation failed stride requirement, falling back to separate allocation
11-03 20:32:36.698866  2365  2722 D HOME    : [LauncherInfoManager]Fetching info for com.google.android.clockwork.sysui.experiences.calendar.AgendaActivity
11-03 20:32:36.710351  2365  2822 D HOME    : [BootCompletedService]onReceived=Intent { cmp=com.google.android.wearable.app/com.google.android.clockwork.home.application.BootCompletedService (has extras) }
11-03 20:32:36.712000  2365  2822 D HOME    : [WatchFaceBackgroundJobs]Notified of boot
11-03 20:32:36.719822  1679  1693 W Binder  : Outgoing transactions from this process must be FLAG_ONEWAY
11-03 20:32:36.719822  1679  1693 W Binder  : java.lang.Throwable
11-03 20:32:36.719822  1679  1693 W Binder  : 	at android.os.BinderProxy.transact(Binder.java:1116)
11-03 20:32:36.719822  1679  1693 W Binder  : 	at com.android.internal.location.ILocationProvider$Stub$Proxy.getProperties(ILocationProvider.java:236)
11-03 20:32:36.719822  1679  1693 W Binder  : 	at com.android.server.location.LocationProviderProxy$1$1.run(LocationProviderProxy.java:117)
11-03 20:32:36.719822  1679  1693 W Binder  : 	at com.android.server.ServiceWatcher.runOnBinder(ServiceWatcher.java:425)
11-03 20:32:36.719822  1679  1693 W Binder  : 	at com.android.server.location.LocationProviderProxy$1.run(LocationProviderProxy.java:111)
11-03 20:32:36.719822  1679  1693 W Binder  : 	at android.os.Handler.handleCallback(Handler.java:873)
11-03 20:32:36.719822  1679  1693 W Binder  : 	at android.os.Handler.dispatchMessage(Handler.java:99)
11-03 20:32:36.719822  1679  1693 W Binder  : 	at android.os.Looper.loop(Looper.java:193)
11-03 20:32:36.719822  1679  1693 W Binder  : 	at android.os.HandlerThread.run(HandlerThread.java:65)
11-03 20:32:36.720651  1990  2720 W .gms.persisten: Verification of anle ycz.i(android.content.Context) took 147.299ms
--------- switch to system
11-03 20:32:36.722340  1679  1693 V PackageManager: [Optimistic Bind] Binding to instant app resolver
--------- switch to main
11-03 20:32:36.764799  2365  2722 D HOME    : [LauncherInfoManager]Fetching info for com.google.android.clockwork.sysui.experiences.contacts.ContactsActivity
11-03 20:32:36.796311  2297  2309 I rator.chrono39: NativeAlloc concurrent copying GC freed 2371(157KB) AllocSpace objects, 0(0B) LOS objects, 28% free, 1267KB/1779KB, paused 119us total 333.647ms
11-03 20:32:36.814170  1990  2700 W PackageHelper: Could not get resources package for package "com.android.mms.service". Falling back to app package name.
11-03 20:32:36.838310  2365  2722 D HOME    : [LauncherInfoManager]Fetching info for com.google.android.clockwork.wcs.bugreport.TakeReportActivity
11-03 20:32:36.839850  2365  2722 D HOME    : [LauncherInfoManager]Fetching info for de.zuhanden.smartwatch.heartrate.newapp.HeartRateActivity
11-03 20:32:36.900061  1990  1990 I BndSvcConfigHelper: No bound-service is registered for action: android.intent.action.RESOLVE_INSTANT_APP_PACKAGE
