11-03 10:35:16.851478  2520 12759 D HOME    : [WatchStreamDB]couldItemAlert: false, isTopItemChanged: false, isDeferralForTopItem: false
11-03 10:35:16.852189  2520 12759 D HOME    : [WatchStreamDB]updateRanking()
11-03 10:35:16.854178  2520  2520 W StaticLayout: maxLineHeight should not be -1.  maxLines:1 lineCount:1
11-03 10:35:16.854175  2520 12759 D HOME    : [WatchStreamDB]Item alerting conditions - isInterruptive: true, recentlyInterrupted: false, isItemPinned: false, isUnread: false
11-03 10:35:16.854738  2520 12759 D HOME    : [StreamAlertingRegulator]isTheaterModeEnabled: false, isAlertingAllowedByOffBody: true, matchesLocalInterruptionFilter: true
11-03 10:35:16.855094  2520 12759 D HOME    : [WatchStreamDB]couldItemAlert: false, isTopItemChanged: false, isDeferralForTopItem: false
11-03 10:35:16.857994  2520 12759 D HOME    : [NewStreamAdapter]Publishing revision #4393 to adapter clients
11-03 10:35:16.859054  2520 12769 D HOME    : [StreamDBQueue]Promised revision #4394 to queue a new op
11-03 10:35:16.859408  2520 12769 D WatchStreamManager: Promised rerank @ r#4394
11-03 10:35:16.859691  2520 12759 D HOME    : [WatchStreamDB]updateRanking()
11-03 10:35:16.860352  2520 12759 D HOME    : [WatchStreamDB]Item alerting conditions - isInterruptive: true, recentlyInterrupted: false, isItemPinned: false, isUnread: false
11-03 10:35:16.860728  2520 12759 D HOME    : [StreamAlertingRegulator]isTheaterModeEnabled: false, isAlertingAllowedByOffBody: true, matchesLocalInterruptionFilter: true
11-03 10:35:16.860959  2520 12759 D HOME    : [WatchStreamDB]couldItemAlert: false, isTopItemChanged: false, isDeferralForTopItem: false
11-03 10:35:16.861781  2520 12759 D HOME    : [NewStreamAdapter]Publishing revision #4394 to adapter clients
11-03 10:35:17.045224   416  2389 D SKGHAL  : sendResources: metadata size = 2400, font size = 72
11-03 10:35:17.085190   416  2389 D SKGHAL  : endResources: rc = 0
--------- switch to system
11-03 10:35:17.087552  1686  1686 W Looper  : Slow dispatch took 238ms main h=android.os.Handler c=com.google.android.wearable.ambient.AmbientDream$Callbacks$1@2cfd39e m=0
--------- switch to main
11-03 10:35:17.088591  2520  2520 D HOME    : [SidekickManagerAsync]replaceWatchFaceComponents(): Callback#onResult(): 0
11-03 10:35:17.089091  2520  2520 D HOME    : [WatchFaceUiController]Complication updates sent, posting watch face hiding
11-03 10:35:17.089306  2520  2520 D HOME    : [WatchFaceUiController]Still in ambient watch face, hiding
11-03 10:35:17.089400  2520  2520 D HOME    : [WatchFaceUiController]Hiding watch face wallpaper.
--------- switch to kernel
11-03 10:35:16.987738     0     0 E FG      : fg_psy_get_property: unsupported property 7
11-03 10:35:16.992250     0     0 W healthd : battery l=13 v=3640 t=29.0 h=2 st=3 c=151 fc=443000 cc=0 chg=
--------- switch to main
11-03 10:35:17.129256   512  1749 I sensors-hal: activate:107, android.sensor.light/46 en=0
11-03 10:35:17.131952   512  1749 I sensors-hal: activate:118, android.sensor.light/46 en=0 completed
11-03 10:35:17.134329  1956  1956 D QtiCarrierConfigHelper: WARNING, no carrier configs on phone Id: 0
11-03 10:35:17.137361  2520  2520 D HOME    : [BatteryChange]action: android.intent.action.BATTERY_CHANGED
11-03 10:35:17.138866  2520 12460 D HOME    : [BatteryChange]HandleBatteryChangedTask
11-03 10:35:17.139980  2520 12460 D HOME    : [BatteryChange]level: 13, status: 3
11-03 10:35:17.146509  2520 12460 D HOME    : [BatteryChange]updateStreamItem
--------- switch to system
11-03 10:35:17.158428  1686  1710 I DisplayManagerService: Display device changed state: "Écran intégré", DOZE_SUSPEND
--------- switch to main
11-03 10:35:17.198494   545   545 D SurfaceFlinger: Set power mode=3, type=0 flinger=0xb6bb6000
11-03 10:35:17.199515   504   762 I SDM     : DisplayBase::SetDisplayState: Set state = 3, display 0
11-03 10:35:17.202876  1686  1759 I InputReader: Reconfiguring input devices.  changes=0x00000004
11-03 10:35:17.278189   545   545 D SurfaceFlinger: Finished set power mode=3, type=0
11-03 10:35:17.278854  1686  1823 I SidekickService: beginDisplayLocked(): DOZE_SUSPEND
11-03 10:35:17.279541   416  2389 D SKGHAL  : sendAmbientPrepare: enter:
--------- switch to kernel
11-03 10:35:17.101550     0     0 I mdss_dsi_panel_set_idle_mode: Idle (0->1)
11-03 10:35:17.154629     0     0 I         : [touch]FB_BLANK_VSYNC_SUSPEND
11-03 10:35:17.154635     0     0 I         : [touch]irq disable
11-03 10:35:17.154639     0     0 I         : [touch]workqueue is empty!
11-03 10:35:17.154642     0     0 I         : [touch]raydium_ts_do_suspend.
11-03 10:35:17.154653     0     0 I         : [touch]Device may wakeup
11-03 10:35:17.158089     0     0 I         : [touch]irq enable
--------- switch to main
11-03 10:35:17.337984   416  2389 D SKGHAL  : sendAmbientEvent: enter: enable = 1
11-03 10:35:17.339829   504   523 I SDM     : DisplayBase::SetDisplayState: Set state = 4, display 0
11-03 10:35:17.339985   504   523 D SDM     : HWCDisplayPrimary::SetStandByMode: Null display is connected successfully
11-03 10:35:17.340264   416  2389 D SKGHAL  : standBy_update_control call succeed on 1
11-03 10:35:17.354182   416  2389 D SKGHAL  : sendAmbientEvent: done: enable = 1
11-03 10:35:17.355065  1686  1823 D SidekickService:    ... beginDisplay result: 0 for halPower: 1
11-03 10:35:17.360701   512  1749 I sensors-hal: activate:107, android.sensor.accelerometer/48 en=0
11-03 10:35:17.363533   512  1749 I sensors-hal: activate:118, android.sensor.accelerometer/48 en=0 completed
--------- switch to kernel
11-03 10:35:17.244402     0     0 E bgrsb   : bgrsb_enable: gpio 32 is valid
--------- switch to main
11-03 10:35:17.372602  1686  1799 E WifiStateMachine: getWifiLinkLayerStats called without an interface
11-03 10:35:17.398326  1686  1686 I WearPower: [WearTouchMediator] changing touch input to enabled (ON_AUTO)
11-03 10:35:17.399834  1686  1759 I InputReader: Reconfiguring input devices.  changes=0x00000200
11-03 10:35:17.409874  1686  1686 I AmbientService: [ce6a28c] Timeout alarm not required, auto-resume timeout handled by dream.
--------- switch to kernel
11-03 10:35:17.283005     0     0 I init    : processing action (ro.enable_core_ctl=true && sys.cw_corectl_mode=idle) from (/vendor/etc/init/hw/init.qcom.rc:949)
--------- switch to main
11-03 10:35:17.421092  3205  3434 W WorkController: Loading failed for worker [trainingcache]: worker not found
11-03 10:35:17.422727  3205  3294 W A       : TrainingCache cache SCREEN_OFF failure
11-03 10:35:17.422727  3205  3294 W A       : com.google.android.apps.gsa.search.core.service.h.a.a: No worker found for Worker ID [trainingcache].
11-03 10:35:17.422727  3205  3294 W A       : 	at com.google.android.apps.gsa.search.core.service.g.a.c.a(Unknown Source:5)
11-03 10:35:17.422727  3205  3294 W A       : 	at com.google.android.libraries.gsa.c.a.d.a(Unknown Source:3)
11-03 10:35:17.422727  3205  3294 W A       : 	at com.google.common.p.a.cg.c(Unknown Source:2)
11-03 10:35:17.422727  3205  3294 W A       : 	at com.google.common.p.a.bk.run(SourceFile:3)
11-03 10:35:17.422727  3205  3294 W A       : 	at com.google.common.p.a.ci.run(Unknown Source:4)
11-03 10:35:17.422727  3205  3294 W A       : 	at com.google.apps.tiktok.concurrent.ab.run(SourceFile:1)
11-03 10:35:17.422727  3205  3294 W A       : 	at java.util.concurrent.ThreadPoolExecutor.runWorker(ThreadPoolExecutor.java:1167)
11-03 10:35:17.422727  3205  3294 W A       : 	at java.util.concurrent.ThreadPoolExecutor$Worker.run(ThreadPoolExecutor.java:641)
11-03 10:35:17.422727  3205  3294 W A       : 	at com.google.apps.tiktok.concurrent.c.run(Unknown Source:4)
11-03 10:35:17.422727  3205  3294 W A       : 	at java.lang.Thread.run(Thread.java:764)
11-03 10:35:17.449533  2520  2520 D HOME    : [StreamDBQueue]Promised revision #4395 to queue a new op
11-03 10:35:17.450474  2520  2520 D WatchStreamManager: Promised rank-blocked=false @ r#4395
11-03 10:35:17.451232  2520  2520 D HOME    : [CompactHunStarter]detachWindow()
11-03 10:35:17.452456  2520 12460 D HOME    : [WatchStreamDB]Item alerting conditions - isInterruptive: true, recentlyInterrupted: false, isItemPinned: false, isUnread: false
11-03 10:35:17.453389  2520 12460 D HOME    : [StreamAlertingRegulator]isTheaterModeEnabled: false, isAlertingAllowedByOffBody: true, matchesLocalInterruptionFilter: true
11-03 10:35:17.455859  2520 12769 D HOME    : [StreamDBQueue]Promised revision #4396 to queue a new op
11-03 10:35:17.455857  2520 12460 D HOME    : [WatchStreamDB]couldItemAlert: false, isTopItemChanged: false, isDeferralForTopItem: false
11-03 10:35:17.456277  2520 12769 D WatchStreamManager: Promised rerank @ r#4396
11-03 10:35:17.457138  2520 12460 D HOME    : [WatchStreamDB]updateRanking()
11-03 10:35:17.458738  2520 12460 D HOME    : [WatchStreamDB]Item alerting conditions - isInterruptive: true, recentlyInterrupted: false, isItemPinned: false, isUnread: false
11-03 10:35:17.459694  2520 12460 D HOME    : [StreamAlertingRegulator]isTheaterModeEnabled: false, isAlertingAllowedByOffBody: true, matchesLocalInterruptionFilter: true
11-03 10:35:17.460457  2520 12460 D HOME    : [WatchStreamDB]couldItemAlert: false, isTopItemChanged: false, isDeferralForTopItem: false
11-03 10:35:17.462578  2520 12460 D HOME    : [NewStreamAdapter]Publishing revision #4396 to adapter clients
--------- switch to kernel
11-03 10:35:17.345062     0     0 I CPU1    : update max cpu_capacity 748
11-03 10:35:17.346023     0     0 I CPU3    : update max cpu_capacity 1024
11-03 10:35:17.375346     0     0 I CPU2    : shutdown
11-03 10:35:17.377593     0     0 I init    : Command 'write /sys/devices/system/cpu/cpu2/online 0' action=ro.enable_core_ctl=true && sys.cw_corectl_mode=idle (/vendor/etc/init/hw/init.qcom.rc:951) took 94ms and succeeded
11-03 10:35:17.512518     0     0 I PM      : suspend entry 2021-11-03 09:35:17.512518347 UTC
11-03 10:35:17.512528     0     0 I PM      : Syncing filesystems ... done.
11-03 10:35:17.566335     0     0 I CPU3    : shutdown
11-03 10:35:17.567481     0     0 I         : Freezing user space processes ...
11-03 10:35:17.572303     0     0 I CPU1    : update max cpu_capacity 748
11-03 10:35:17.572566     0     0 I PM      : Wakeup pending, aborting suspend
11-03 10:35:17.572604     0     0 I         : active wakeup source: NETLINK
11-03 10:35:17.572641     0     0 E         : Freezing of tasks aborted after 0.005 seconds
11-03 10:35:17.572654     0     0 I         : Restarting tasks ...
11-03 10:35:17.573264     0     0 W QSEECOM : qseecom_receive_req: Interrupted: exiting Listener Service = 11
11-03 10:35:17.573318     0     0 W QSEECOM : qseecom_receive_req: Interrupted: exiting Listener Service = 8192
11-03 10:35:17.577582     0     0 W QSEECOM : qseecom_receive_req: Interrupted: exiting Listener Service = 12288
11-03 10:35:17.577704     0     0 W QSEECOM : qseecom_receive_req: Interrupted: exiting Listener Service = 10
11-03 10:35:17.577772     0     0 W QSEECOM : qseecom_receive_req: Interrupted: exiting Listener Service = 28672
11-03 10:35:17.577884     0     0 I         : done.
11-03 10:35:17.582732     0     0 I init    : Command 'write /sys/devices/system/cpu/cpu3/online 0' action=ro.enable_core_ctl=true && sys.cw_corectl_mode=idle (/vendor/etc/init/hw/init.qcom.rc:952) took 80ms and succeeded
11-03 10:35:17.578490     0     0 I PM      : suspend exit 2021-11-03 09:35:17.578490535 UTC
11-03 10:35:17.780077     0     0 I PM      : suspend entry 2021-11-03 09:35:17.780077097 UTC
11-03 10:35:17.780096     0     0 I PM      : Syncing filesystems ... done.
11-03 10:35:17.807239     0     0 I         : Freezing user space processes ... (elapsed 0.011 seconds) done.
--------- switch to main
11-03 10:35:19.718522 10095 10150 W bt_sdp  : SDP - Rcvd conn cnf with error: 0x4  CID 0x51
--------- switch to kernel
11-03 10:35:17.818456     0     0 I         : Freezing remaining freezable tasks ... (elapsed 0.005 seconds) done.
11-03 10:35:17.824463     0     0 I         : Suspending console(s) (use no_console_suspend to debug)
11-03 10:35:17.840055     0     0 I mdss_dsi_panel_set_idle_mode: Idle (1->1)
11-03 10:35:17.878070     0     0 I bgcom   : bgcom_pm_suspend: suspended with : 0
11-03 10:35:17.906640     0     0 I PM      : suspend of devices complete after 78.326 msecs
11-03 10:35:17.912863     0     0 I PM      : late suspend of devices complete after 6.178 msecs
11-03 10:35:17.918914     0     0 I PM      : noirq suspend of devices complete after 6.013 msecs
11-03 10:35:17.918930     0     0 I         : Disabling non-boot CPUs ...
11-03 10:35:17.935503     0     0 I CPU1    : shutdown
11-03 10:35:17.938118     0     0 I suspend ns: 3848046326156	suspend cycles:    1221221233568
11-03 10:35:17.938095     0     0 I CPU0    : msm_cpu_pm_enter_sleep mode:3 during suspend
--------- switch to main
11-03 10:35:19.719581 10095 10133 D BluetoothHeadsetClientServiceJni: connection_state_cb: state 0 peer_feat 0 chld_feat 0
11-03 10:35:19.721047 10095 10133 E bt_btif : btif_hf_client_get_cb_by_bda: could not find block for bdaddr
11-03 10:35:19.721216 10095 10133 E bt_btif : btif_hf_client_upstreams_evt: event 3 but not allocating block: cb not found
11-03 10:35:19.721342 10095 10133 I bt_btif_queue: queue_int_advance: removing connection request: address=14:3c:c3:ad:3d:53 UUID=111E busy=true
11-03 10:35:19.721830 10095 10167 D HeadsetClientStateMachine: Enter Disconnected: 100
11-03 10:35:19.735358 10095 10095 D AdapterProperties: PROFILE_CONNECTION_STATE_CHANGE: profile=16, device=14:3C:C3:AD:3D:53, 1 -> 0
11-03 10:35:19.736194 10095 10095 D AdapterProperties: ADAPTER_CONNECTION_STATE_CHANGE: 14:3C:C3:AD:3D:53: 1 -> 0
--------- switch to kernel
11-03 10:35:17.938095     0     0 I         : Suspended for 1.658 seconds
11-03 10:35:17.938095     0     0 I resume cycles: 1221253083950
11-03 10:35:17.938578     0     0 I         : Enabling non-boot CPUs ...
11-03 10:35:17.939434     0     0 I CPU1    : update cpu_capacity 1024
11-03 10:35:17.941179     0     0 I         : CPU1 is up
11-03 10:35:17.941988     0     0 I CPU1    : update max cpu_capacity 748
11-03 10:35:17.945249     0     0 I PM      : noirq resume of devices complete after 3.659 msecs
11-03 10:35:17.950674     0     0 I PM      : early resume of devices complete after 3.954 msecs
11-03 10:35:17.987030     0     0 I bgcom   : bgcom_pm_resume: Bgcom resumed with : 0
11-03 10:35:17.998348     0     0 I mdss_dsi_panel_set_idle_mode: Idle (1->1)
11-03 10:35:18.037377     0     0 I PM      : resume of devices complete after 86.654 msecs
11-03 10:35:18.042368     0     0 I         : Restarting tasks ...
11-03 10:35:18.046907     0     0 W QSEECOM : qseecom_receive_req: Interrupted: exiting Listener Service = 12288
11-03 10:35:18.047002     0     0 W QSEECOM : qseecom_receive_req: Interrupted: exiting Listener Service = 11
11-03 10:35:18.047067     0     0 W QSEECOM : qseecom_receive_req: Interrupted: exiting Listener Service = 10
11-03 10:35:18.050809     0     0 W QSEECOM : qseecom_receive_req: Interrupted: exiting Listener Service = 8192
11-03 10:35:18.050888     0     0 W QSEECOM : qseecom_receive_req: Interrupted: exiting Listener Service = 28672
11-03 10:35:18.052283     0     0 I         : done.
11-03 10:35:19.712296     0     0 I PM      : suspend exit 2021-11-03 09:35:19.712296731 UTC
--------- switch to main
11-03 10:35:19.740187  5603  5603 D BtTelecomReceiver: onReceive: Intent { act=android.bluetooth.headsetclient.profile.action.CONNECTION_STATE_CHANGED flg=0x10 cmp=com.google.android.apps.wearable.bluetooth/com.google.android.clockwork.hfp.BtTelecomBroadcastReceiver (has extras) }
11-03 10:35:19.740573  5603  5603 D BtTelecomReceiver: Hfp connection changed: -724754873 1 -> 0
11-03 10:35:19.752515  5603  5603 D HfpClientConnService: onCreate
--------- switch to system
11-03 10:35:19.753596  1686  1698 W BroadcastQueue: Background execution not allowed: receiving Intent { act=android.bluetooth.adapter.action.CONNECTION_STATE_CHANGED flg=0x4000010 (has extras) } to com.google.android.gms/.chimera.GmsIntentOperationService$PersistentTrustedReceiver
--------- switch to main
11-03 10:35:19.754129  5603  5603 D HfpClientConnService: disabling HFP
11-03 10:35:19.754278  5603  5603 I HfpClientConnService: enable request:Enable Request - time:1635932119740 type:false reason:headset client disconnected
11-03 10:35:19.760119  5603  5603 I HfpClientConnService: account already disabled
--------- switch to kernel
11-03 10:35:20.092795     0     0 I PM      : suspend entry 2021-11-03 09:35:20.092795377 UTC
11-03 10:35:20.092816     0     0 I PM      : Syncing filesystems ... done.
11-03 10:35:20.204780     0     0 I         : Freezing user space processes ... (elapsed 0.007 seconds) done.
11-03 10:35:20.212011     0     0 I         : Freezing remaining freezable tasks ... (elapsed 0.003 seconds) done.
11-03 10:35:20.215949     0     0 I         : Suspending console(s) (use no_console_suspend to debug)
11-03 10:35:20.228778     0     0 I mdss_dsi_panel_set_idle_mode: Idle (1->1)
11-03 10:35:20.265387     0     0 I bgcom   : bgcom_pm_suspend: suspended with : 0
11-03 10:35:20.301952     0     0 I PM      : suspend of devices complete after 83.782 msecs
11-03 10:35:20.307431     0     0 I PM      : late suspend of devices complete after 5.437 msecs
11-03 10:35:20.313225     0     0 I PM      : noirq suspend of devices complete after 5.756 msecs
11-03 10:35:20.313241     0     0 I         : Disabling non-boot CPUs ...
11-03 10:35:20.333963     0     0 I CPU1    : shutdown
11-03 10:35:20.335991     0     0 I suspend ns: 3848785329074	suspend cycles:    1221267272806
11-03 10:35:20.335970     0     0 I CPU0    : msm_cpu_pm_enter_sleep mode:3 during suspend
11-03 10:35:20.335970     0     0 I         : Suspended for 3.753 seconds
11-03 10:35:20.336516     0     0 I         : Enabling non-boot CPUs ...
11-03 10:35:20.337342     0     0 I CPU1    : update cpu_capacity 1024
11-03 10:35:20.338805     0     0 I         : CPU1 is up
11-03 10:35:20.340744     0     0 I CPU1    : update max cpu_capacity 748
11-03 10:35:20.342538     0     0 I PM      : noirq resume of devices complete after 3.407 msecs
11-03 10:35:20.347952     0     0 I PM      : early resume of devices complete after 3.944 msecs
11-03 10:35:20.377121     0     0 I bgcom   : bgcom_pm_resume: Bgcom resumed with : 0
11-03 10:35:20.387043     0     0 I mdss_dsi_panel_set_idle_mode: Idle (1->1)
11-03 10:35:20.424752     0     0 I PM      : resume of devices complete after 76.769 msecs
11-03 10:35:20.428467     0     0 I         : Restarting tasks ...
11-03 10:35:20.433558     0     0 W QSEECOM : qseecom_receive_req: Interrupted: exiting Listener Service = 11
11-03 10:35:20.433647     0     0 W QSEECOM : qseecom_receive_req: Interrupted: exiting Listener Service = 10
11-03 10:35:20.435692     0     0 W QSEECOM : qseecom_receive_req: Interrupted: exiting Listener Service = 8192
11-03 10:35:20.435776     0     0 W QSEECOM : qseecom_receive_req: Interrupted: exiting Listener Service = 12288
11-03 10:35:20.435823     0     0 W QSEECOM : qseecom_receive_req: Interrupted: exiting Listener Service = 28672
--------- switch to system
11-03 10:35:24.200932  1686  1686 I PowerManagerService: Waking up from dozing (uid=1000 reason=tiltToWake)...
--------- switch to kernel
11-03 10:35:20.447482     0     0 I         : done.
11-03 10:35:24.202362     0     0 I PM      : suspend exit 2021-11-03 09:35:24.202362719 UTC
--------- switch to system
11-03 10:35:24.213189  1686  1686 W UsageStatsService: Event reported without a package name
--------- switch to kernel
11-03 10:35:24.226859     0     0 E FG      : fg_psy_get_property: unsupported property 7
11-03 10:35:24.109601     0     0 W healthd : battery l=13 v=3718 t=29.0 h=2 st=3 c=5 fc=443000 cc=0 chg=
--------- switch to main
11-03 10:35:24.266474   512  1749 I sensors-hal: batch:140, android.sensor.light/46, period=100000000, max_latency=0
11-03 10:35:24.266705   512  1749 I sensors-hal: batch:149, android.sensor.light/46, period=100000000, max_latency=0 request completed
11-03 10:35:24.268606   512  1749 I sensors-hal: activate:107, android.sensor.light/46 en=1
11-03 10:35:24.269275   512  1749 I sensors-hal: ssc_enable_rt_task:254, ssc_enable_rt_task : true
11-03 10:35:24.273651   512  1749 I sensors-hal: activate:118, android.sensor.light/46 en=1 completed
11-03 10:35:24.277510  1686  1823 I SidekickService: endDisplayLocked()
--------- switch to system
11-03 10:35:24.278067  1686  1710 I DisplayManagerService: Display device changed state: "Écran intégré", ON
--------- switch to main
11-03 10:35:24.279237   416  2389 D SKGHAL  : sendAmbientEvent: enter: enable = 0
11-03 10:35:24.285045   512  1749 I sensors-hal: batch:140, android.sensor.accelerometer/48, period=66667000, max_latency=100000000
11-03 10:35:24.285128   512  1749 I sensors-hal: batch:149, android.sensor.accelerometer/48, period=66667000, max_latency=100000000 request completed
11-03 10:35:24.288164   512  1749 I sensors-hal: activate:107, android.sensor.accelerometer/48 en=1
11-03 10:35:24.288508   512  1749 I sensors-hal: ssc_enable_rt_task:254, ssc_enable_rt_task : true
11-03 10:35:24.293217   512  1749 I sensors-hal: activate:118, android.sensor.accelerometer/48 en=1 completed
--------- switch to kernel
11-03 10:35:24.190343     0     0 E bgrsb   : bgrsb_enable: rsb will set report rate
11-03 10:35:24.194829     0     0 E bgrsb   : bgrsb_enable: gpio 32 is valid
11-03 10:35:24.199288     0     0 I         : [touch]FB_BLANK_VSYNC_SUSPEND
11-03 10:35:24.199292     0     0 I         : [touch]Already in suspend state
11-03 10:35:24.209084     0     0 I mdss_dsi_panel_set_idle_mode: Idle (1->0)
11-03 10:35:24.209741     0     0 E mdp3_enable_panic_ctrl: mdp3_enable_panic_ctrl: Enable Panic Control
11-03 10:35:24.209793     0     0 I         : [touch]FB_BLANK_UNBLANK
11-03 10:35:24.209796     0     0 I         : [touch]raydium_ts_do_resume, 1.
11-03 10:35:24.210027     0     0 I         : [ raydium ]workqueue is empty!
11-03 10:35:24.210038     0     0 I raydium_ts 5-0039: [touch]Already enable irq
11-03 10:35:24.210040     0     0 I         : [touch]Device may wakeup
--------- switch to main
11-03 10:35:24.298886  4243  4243 D OMService: onDisplayChanged: not dozing
11-03 10:35:24.300455  1686  1799 E WifiStateMachine: getWifiLinkLayerStats called without an interface
11-03 10:35:24.303865  2520  2520 D HOME    : [BatteryChange]action: android.intent.action.BATTERY_CHANGED
11-03 10:35:24.304207  2520 12769 D HOME    : [BatteryChange]HandleBatteryChangedTask
11-03 10:35:24.307093  1956  1956 D QtiCarrierConfigHelper: WARNING, no carrier configs on phone Id: 0
11-03 10:35:24.310968  2520 12769 D HOME    : [BatteryChange]level: 13, status: 3
11-03 10:35:24.315691  2520 12769 D HOME    : [BatteryChange]updateStreamItem
11-03 10:35:24.317025  1686  1759 I InputReader: Reconfiguring input devices.  changes=0x00000004
11-03 10:35:24.319210   504   523 I SDM     : DisplayBase::SetDisplayState: Set state = 3, display 0
11-03 10:35:24.319354   504   523 D SDM     : HWCDisplayPrimary::SetStandByMode: Display is connected successfully
11-03 10:35:24.320814   416  2389 D SKGHAL  : standBy_update_control call succeed on 0
11-03 10:35:24.320868   416  2389 D SKGHAL  : sendAmbientEvent: done: enable = 0
11-03 10:35:24.321330  1686  1823 D SidekickService:    ... endDisplay returns void
11-03 10:35:24.321767   545   545 D SurfaceFlinger: Set power mode=2, type=0 flinger=0xb6bb6000
11-03 10:35:24.321997   504   762 I SDM     : DisplayBase::SetDisplayState: Set state = 1, display 0
11-03 10:35:24.330556   545   545 D SurfaceFlinger: Finished set power mode=2, type=0
--------- switch to system
11-03 10:35:24.332089  1686  1712 W PowerManagerService: Screen on took 252 ms
11-03 10:35:24.332275  1686  1712 I DreamManagerService: Gently waking up from dream.
11-03 10:35:24.332482  1686  1708 I DreamManagerService: Performing gentle wake from dream.
--------- switch to main
11-03 10:35:24.337716  3205  3434 W WorkController: Loading failed for worker [trainingcache]: worker not found
11-03 10:35:24.338538  3205  3372 W A       : TrainingCache cache DEVICE_UNLOCKED failure
11-03 10:35:24.338538  3205  3372 W A       : com.google.android.apps.gsa.search.core.service.h.a.a: No worker found for Worker ID [trainingcache].
11-03 10:35:24.338538  3205  3372 W A       : 	at com.google.android.apps.gsa.search.core.service.g.a.c.a(Unknown Source:5)
11-03 10:35:24.338538  3205  3372 W A       : 	at com.google.android.libraries.gsa.c.a.d.a(Unknown Source:3)
11-03 10:35:24.338538  3205  3372 W A       : 	at com.google.common.p.a.cg.c(Unknown Source:2)
11-03 10:35:24.338538  3205  3372 W A       : 	at com.google.common.p.a.bk.run(SourceFile:3)
11-03 10:35:24.338538  3205  3372 W A       : 	at com.google.common.p.a.ci.run(Unknown Source:4)
11-03 10:35:24.338538  3205  3372 W A       : 	at com.google.apps.tiktok.concurrent.ab.run(SourceFile:1)
11-03 10:35:24.338538  3205  3372 W A       : 	at java.util.concurrent.ThreadPoolExecutor.runWorker(ThreadPoolExecutor.java:1167)
11-03 10:35:24.338538  3205  3372 W A       : 	at java.util.concurrent.ThreadPoolExecutor$Worker.run(ThreadPoolExecutor.java:641)
11-03 10:35:24.338538  3205  3372 W A       : 	at com.google.apps.tiktok.concurrent.c.run(Unknown Source:4)
11-03 10:35:24.338538  3205  3372 W A       : 	at java.lang.Thread.run(Thread.java:764)
--------- switch to system
11-03 10:35:24.342561  1686  1702 W BroadcastQueue: Background execution not allowed: receiving Intent { act=android.intent.action.USER_PRESENT flg=0x10 } to com.google.android.gms/.auth.setup.devicesignals.LockScreenReceiver
11-03 10:35:24.346108  1686  1686 V DreamService[AmbientDream]: wakeUp(): fromSystem=true, mWaking=false, mFinished=false
11-03 10:35:24.346215  1686  1686 V DreamService[AmbientDream]: finish(): mFinished=false
11-03 10:35:24.346283  1686  1686 I DreamManagerService: Leaving dreamland.
11-03 10:35:24.348059  1686  1702 W BroadcastQueue: Background execution not allowed: receiving Intent { act=android.intent.action.USER_PRESENT flg=0x10 } to com.google.android.gms/.chimera.GmsIntentOperationService$PersistentTrustedReceiver
11-03 10:35:24.351668  1686  1708 I DreamManagerService: Performing gentle wake from dream.
11-03 10:35:24.351818  1686  1708 I DreamController: Stopping dream: name=ComponentInfo{com.google.android.wearable.ambient/com.google.android.wearable.ambient.AmbientDream}, isTest=false, canDoze=true, userId=0
--------- switch to main
11-03 10:35:24.364366  1686  1686 W AlarmManager: Unrecognized alarm listener com.android.server.job.controllers.-$$Lambda$IdleController$IdlenessTracker$nTdS-lGBXcES5VWKcJFmQFgU7IU@1ab437a
--------- switch to system
11-03 10:35:24.365291  1686  1686 V DreamService[AmbientDream]: detach(): Calling onDreamingStopped()
--------- switch to main
11-03 10:35:24.365407  1686  1686 I AmbientService: [ce6a28c] doOnDreamingStopped
11-03 10:35:24.365479  1686  1686 D WristGestureCtrl: Starting: GesturesEnabled-false UngazeEnabled-true
11-03 10:35:24.365524  1686  1686 D DefaultUngazeDetector: starting
11-03 10:35:24.365579  1686  1686 D DefaultUngazeDetector: startUngazeStateEstimation(). startTime = 63603795
11-03 10:35:24.365718  1686  1686 W AlarmManagerProxy: Removing unknown listener
11-03 10:35:24.366973   512  1749 I sensors-hal: batch:140, android.sensor.accelerometer/48, period=19231000, max_latency=100000000
11-03 10:35:24.368666   512  1749 I sensors-hal: batch:149, android.sensor.accelerometer/48, period=19231000, max_latency=100000000 request completed
11-03 10:35:24.369037   512  1749 I sensors-hal: flush:169, android.sensor.accelerometer/48
11-03 10:35:24.370597   512  1749 I sensors-hal: flush:175, android.sensor.accelerometer/48 completed
11-03 10:35:24.373012  2520  2520 D HOME    : [HomeVisitsLogger]Logging streamlet event: visit_start
11-03 10:35:24.373229  2520  2520 D HOME    : [HomeVisitsLogger]Logging streamlet event: exit_ambient_mode
11-03 10:35:24.373561  2520  2520 D HOME    : [HotwordController]updateClient MODE_WATCH_FACE false false false true
11-03 10:35:24.374348  2520  2520 D HOME    : [WatchFaceUiController]setInAmbientMode false
11-03 10:35:24.374418  2520  2520 D HOME    : [WatchFaceUiController]sendWatchFaceServiceBinder
11-03 10:35:24.374999   512 12832 I sensors-hal: handle_indication_realtime:355,  SCHED_FIFO(10) for qmi_cbk
11-03 10:35:24.377580  1686  1686 I AmbientService: [ce6a28c] No auto-resume Activity.
11-03 10:35:24.378961  2520  2520 D HOME    : [WatchFaceUiController]sendStateToWallpaper
11-03 10:35:24.380128  2520  2520 D HOME    : [WatchFaceUiController]Showing watch face wallpaper.
11-03 10:35:24.380267  2520  2520 D HOME    : [WatchFaceUiController]sendStateToWallpaper
11-03 10:35:24.382374  2520  2520 D HOME    : [StreamDBQueue]Promised revision #4397 to queue a new op
11-03 10:35:24.382584  2520  2520 D WatchStreamManager: Promised rank-blocked=true @ r#4397
11-03 10:35:24.382924  2520  2520 D HOME    : [StreamDBQueue]Promised revision #4398 to queue a new op
11-03 10:35:24.383030  2520  2520 D WatchStreamManager: Promised rank-blocked=true @ r#4398
11-03 10:35:24.383477  2520  2520 D HOME    : [TilesController]Tile refresh optimization is enabled.
11-03 10:35:24.383781  2520  2520 D HOME    : [EventBus]Wrapper pool is full. Discarding excess wrapper instance for event com.google.android.clockwork.sysui.events.KeyguardStateEvent
11-03 10:35:24.383856  2520  2520 D HOME    : [WatchFaceUiController]sendStateToWallpaper
11-03 10:35:24.385599  2520  2520 D HOME    : [EventBus]Wrapper pool is full. Discarding excess wrapper instance for event com.google.android.clockwork.sysui.events.KeyguardStateEvent
11-03 10:35:24.385829  2520  2520 D HOME    : [EventBus]Wrapper pool is full. Discarding excess wrapper instance for event com.google.android.clockwork.sysui.events.KeyguardStateEvent
11-03 10:35:24.387130  2520 12759 D HOME    : [WatchStreamDB]Item alerting conditions - isInterruptive: true, recentlyInterrupted: false, isItemPinned: false, isUnread: false
11-03 10:35:24.389819  2520  2520 D HOME    : [WatchFaceUiController]sendStateToWallpaper
11-03 10:35:24.395484  2520 12759 D HOME    : [StreamAlertingRegulator]isTheaterModeEnabled: false, isAlertingAllowedByOffBody: true, matchesLocalInterruptionFilter: true
11-03 10:35:24.395724  2520 12759 D HOME    : [WatchStreamDB]couldItemAlert: false, isTopItemChanged: false, isDeferralForTopItem: false
11-03 10:35:24.395764  2520  2520 W StaticLayout: maxLineHeight should not be -1.  maxLines:1 lineCount:1
11-03 10:35:24.396570  2520 12759 D HOME    : [WatchStreamDB]Item alerting conditions - isInterruptive: true, recentlyInterrupted: false, isItemPinned: false, isUnread: false
11-03 10:35:24.396879  2520 12759 D HOME    : [StreamAlertingRegulator]isTheaterModeEnabled: false, isAlertingAllowedByOffBody: true, matchesLocalInterruptionFilter: true
11-03 10:35:24.397092  2520 12759 D HOME    : [WatchStreamDB]couldItemAlert: false, isTopItemChanged: false, isDeferralForTopItem: false
--------- switch to system
11-03 10:35:24.407310  1686  1686 W ContextImpl: Calling a method in the system process without a qualified user: android.app.ContextImpl.sendBroadcast:1020 android.content.ContextWrapper.sendBroadcast:449 com.google.android.wearable.ambient.AmbientDream.onDestroy:273 android.app.ActivityThread.handleStopService:3698 android.app.ActivityThread.access$1700:200 
--------- switch to main
11-03 10:35:24.409355  1686  1686 E AlarmManager: cancel() called with a null PendingIntent
--------- switch to system
11-03 10:35:24.409644  1686  1686 V DreamService[AmbientDream]: onDestroy()
--------- switch to main
11-03 10:35:24.445405  2520  2520 D HOME    : [WatchFaceUiController]sendWatchFaceServiceBinder
11-03 10:35:24.446195 12353 12353 I SPORTSWATCH:: Updating stub zero data
11-03 10:35:24.447120 12353 12353 I SPORTSWATCH:: account mail is zero length
11-03 10:35:24.449284  2520  2520 D HOME    : [WatchFaceUiController]sendProperties
--------- switch to kernel
11-03 10:35:24.353046     0     0 I init    : processing action (ro.enable_core_ctl=true && sys.cw_corectl_mode=perf) from (/vendor/etc/init/hw/init.qcom.rc:954)
11-03 10:35:24.354464     0     0 I CPU2    : update cpu_capacity 1024
--------- switch to main
11-03 10:35:24.465971  1686  1686 I WearPower: [WearTouchMediator] changing touch input to enabled (ON_AUTO)
11-03 10:35:24.467404  1686  1759 I InputReader: Reconfiguring input devices.  changes=0x00000200
11-03 10:35:24.490660  2520  2520 D HOME    : [WatchFaceUiController]sendStateToWallpaper
11-03 10:35:24.496648  1686  1686 W AlarmManagerProxy: Removing unknown listener
11-03 10:35:24.499668  1686  1686 W DefaultSettingsContentR: Value for ambient_low_bit_enabled not stored as number. Attempting parse as boolean.
11-03 10:35:24.509116  3205  3434 W WorkController: Loading failed for worker [trainingcache]: worker not found
11-03 10:35:24.510322  3205  3294 W A       : TrainingCache cache SCREEN_ON failure
11-03 10:35:24.510322  3205  3294 W A       : com.google.android.apps.gsa.search.core.service.h.a.a: No worker found for Worker ID [trainingcache].
11-03 10:35:24.510322  3205  3294 W A       : 	at com.google.android.apps.gsa.search.core.service.g.a.c.a(Unknown Source:5)
11-03 10:35:24.510322  3205  3294 W A       : 	at com.google.android.libraries.gsa.c.a.d.a(Unknown Source:3)
11-03 10:35:24.510322  3205  3294 W A       : 	at com.google.common.p.a.cg.c(Unknown Source:2)
11-03 10:35:24.510322  3205  3294 W A       : 	at com.google.common.p.a.bk.run(SourceFile:3)
11-03 10:35:24.510322  3205  3294 W A       : 	at com.google.common.p.a.ci.run(Unknown Source:4)
11-03 10:35:24.510322  3205  3294 W A       : 	at com.google.apps.tiktok.concurrent.ab.run(SourceFile:1)
11-03 10:35:24.510322  3205  3294 W A       : 	at java.util.concurrent.ThreadPoolExecutor.runWorker(ThreadPoolExecutor.java:1167)
11-03 10:35:24.510322  3205  3294 W A       : 	at java.util.concurrent.ThreadPoolExecutor$Worker.run(ThreadPoolExecutor.java:641)
11-03 10:35:24.510322  3205  3294 W A       : 	at com.google.apps.tiktok.concurrent.c.run(Unknown Source:4)
11-03 10:35:24.510322  3205  3294 W A       : 	at java.lang.Thread.run(Thread.java:764)
--------- switch to kernel
11-03 10:35:24.379222     0     0 I CPU3    : update cpu_capacity 1024
11-03 10:35:24.386997     0     0 I CPU2    : update max cpu_capacity 1024
--------- switch to main
11-03 10:35:24.527516  2520 12460 I SidekickManager: sendWatchFaceImpl(): watchFace = com.google.android.clockwork.decomposablewatchface.WatchFaceDecomposition@5aa64aa forTWM = false
11-03 10:35:24.541911  1686  5849 D SidekickService: sendWatchFaceComponents called: watchFace = com.google.android.clockwork.decomposablewatchface.WatchFaceDecomposition@ae6604eshouldReplace = true
11-03 10:35:24.542177  1686  5849 D SidekickService: Check decomposition for calling app com.google.android.wearable.app with uid 10049
11-03 10:35:24.544211  1686  5849 D SidekickService: sendWatchFaceLocked(): shouldReplace = true, mSidekickIsControlling = false, 2 images, 1 fonts, 2 numbers, 0 proportionalFonts, 0 strings
11-03 10:35:24.544355  1686  5849 D SidekickService: resetLocked()
11-03 10:35:24.553260  2520  2520 D HOME    : [StreamDBQueue]Promised revision #4399 to queue a new op
11-03 10:35:24.553634  2520  2520 D WatchStreamManager: Promised rank-blocked=true @ r#4399
11-03 10:35:24.554987  2520 12828 D HOME    : [WatchStreamDB]Item alerting conditions - isInterruptive: true, recentlyInterrupted: false, isItemPinned: false, isUnread: false
11-03 10:35:24.555521  2520 12828 D HOME    : [StreamAlertingRegulator]isTheaterModeEnabled: false, isAlertingAllowedByOffBody: true, matchesLocalInterruptionFilter: true
11-03 10:35:24.555840  2520 12828 D HOME    : [WatchStreamDB]couldItemAlert: false, isTopItemChanged: false, isDeferralForTopItem: false
--------- switch to kernel
11-03 10:35:24.424910     0     0 I CPU3    : update max cpu_capacity 1024
--------- switch to main
11-03 10:35:24.602117   512 12834 I sensors-hal: handle_indication_realtime:355,  SCHED_FIFO(10) for qmi_cbk
11-03 10:35:24.629621   416  2389 D SKGHAL  : Changing to  RESET state
11-03 10:35:24.630370  1686  5849 D SidekickService: ISidekickGraphics#beginResources()...
11-03 10:35:24.631271   416  2389 D SKGHAL  : Changing to DOWNLOAD State
11-03 10:35:24.633707  1686  5849 D SidekickServiceUtils: bitmapFromDrawable: Returning bitmap directly
11-03 10:35:24.640629  1686  5849 W SidekickService: null digitDimensions in font, setting to PointF(20.0, 27.0)
11-03 10:35:24.640854  1686  5849 D SidekickService: sendFontsLocked(): fontInfo = {.width = 20, .height = 27, .nGlyphs = 10, .id = 4}, image.size() = 919
11-03 10:35:24.642564   416  2389 D SKGHAL  : saveResource: resId = 4
11-03 10:35:24.647410  1686  5849 D SidekickService: sendFontsLocked(): status = 0, bytesUsed = 1374
11-03 10:35:24.648142  1686  5849 D SidekickServiceUtils: bitmapFromDrawable: Returning bitmap directly
11-03 10:35:24.755661  1686  5849 D SidekickService: sendBitmapsLocked(): bounds = RectF(0.0, 0.0, 1.0, 1.0), drawableInfo = {.id = 0, .width = 416, .height = 416, .display = true, .offsetX = 0.0, .offsetY = 0.0, .rotationInfo = {.hasRotation = false, .pivotX = 0.0, .pivotY = 0.0, .degreesPerDay = 0.0, .degreesPerStep = 0.0, .zeroDegreesTime = {.daysSinceLocalEpoch = 0, .msSinceMidnight = 0}}, .transformInfo = {.transformed = false, .flipX = false, .flipY = false, .flip45 = false, .scaleX = 0.0, .scaleY = 0.0}, .type = GENERIC, .blink = {.blinking = false, .periodOnMs = 0.0, .periodOffMs = 0.0, .startTime = {.daysSinceLocalEpoch = 0, .msSinceMidnight = 0}}, .zOrder = 1, .displayInTwm = true}, image.size() = 6063
11-03 10:35:24.769684   416  2389 D SKGHAL  : saveResource: resId = 0
11-03 10:35:24.786773  1686  5849 D SidekickService: sendBitmapsLocked(): status = 0, bytesUsed = 9429
11-03 10:35:24.787535  1686  5849 D SidekickServiceUtils: bitmapFromDrawable: Returning bitmap directly
11-03 10:35:24.789099  1686  5849 D SidekickService: sendBitmapsLocked(): bounds = RectF(0.0, 0.0, 0.0024038462, 0.0024038462), drawableInfo = {.id = 100000, .width = 1, .height = 1, .display = true, .offsetX = 0.0, .offsetY = 0.0, .rotationInfo = {.hasRotation = false, .pivotX = 0.0, .pivotY = 0.0, .degreesPerDay = 0.0, .degreesPerStep = 0.0, .zeroDegreesTime = {.daysSinceLocalEpoch = 0, .msSinceMidnight = 0}}, .transformInfo = {.transformed = false, .flipX = false, .flipY = false, .flip45 = false, .scaleX = 0.0, .scaleY = 0.0}, .type = GENERIC, .blink = {.blinking = false, .periodOnMs = 0.0, .periodOffMs = 0.0, .startTime = {.daysSinceLocalEpoch = 0, .msSinceMidnight = 0}}, .zOrder = 6, .displayInTwm = true}, image.size() = 84
11-03 10:35:24.790091   416  2389 D SKGHAL  : saveResource: resId = 100000
11-03 10:35:24.790436  1686  5849 D SidekickService: sendBitmapsLocked(): status = 0, bytesUsed = 18
11-03 10:35:24.791503  1686  5849 D SidekickService: sendNumbersLocked(): drawableInfo = {.id = 5, .width = 100, .height = 50, .display = true, .offsetX = 162.0, .offsetY = 30.0, .rotationInfo = {.hasRotation = false, .pivotX = 0.0, .pivotY = 0.0, .degreesPerDay = 0.0, .degreesPerStep = 0.0, .zeroDegreesTime = {.daysSinceLocalEpoch = 0, .msSinceMidnight = 0}}, .transformInfo = {.transformed = false, .flipX = false, .flipY = false, .flip45 = false, .scaleX = 0.0, .scaleY = 0.0}, .type = NUMBER, .blink = {.blinking = false, .periodOnMs = 0.0, .periodOffMs = 0.0, .startTime = {.daysSinceLocalEpoch = 0, .msSinceMidnight = 0}}, .zOrder = 5, .displayInTwm = true}, numberInfo = {.startTime = {.daysSinceLocalEpoch = 0, .msSinceMidnight = 0}, .startNumber = 0, .minNumber = 0, .maxNumber = 23, .increment = 1, .msPerIncrement = 3600000.0, .fontId = 4, .digits = 2, .leadingZeroes = 1, .digit = -1, .transitionMs = 0.0}
11-03 10:35:24.792066   416  2389 D SKGHAL  : saveResource: resId = 5
11-03 10:35:24.792294  1686  5849 D SidekickService: sendNumbersLocked(): status = 0, bytesUsed = 0
11-03 10:35:24.793091  1686  5849 D SidekickService: sendNumbersLocked(): drawableInfo = {.id = 6, .width = 100, .height = 50, .display = true, .offsetX = 214.0, .offsetY = 30.0, .rotationInfo = {.hasRotation = false, .pivotX = 0.0, .pivotY = 0.0, .degreesPerDay = 0.0, .degreesPerStep = 0.0, .zeroDegreesTime = {.daysSinceLocalEpoch = 0, .msSinceMidnight = 0}}, .transformInfo = {.transformed = false, .flipX = false, .flipY = false, .flip45 = false, .scaleX = 0.0, .scaleY = 0.0}, .type = NUMBER, .blink = {.blinking = false, .periodOnMs = 0.0, .periodOffMs = 0.0, .startTime = {.daysSinceLocalEpoch = 0, .msSinceMidnight = 0}}, .zOrder = 5, .displayInTwm = true}, numberInfo = {.startTime = {.daysSinceLocalEpoch = 0, .msSinceMidnight = 0}, .startNumber = 0, .minNumber = 0, .maxNumber = 59, .increment = 1, .msPerIncrement = 60000.0, .fontId = 4, .digits = 2, .leadingZeroes = 1, .digit = -1, .transitionMs = 0.0}
11-03 10:35:24.793515   416  2389 D SKGHAL  : saveResource: resId = 6
11-03 10:35:24.793714  1686  5849 D SidekickService: sendNumbersLocked(): status = 0, bytesUsed = 0
11-03 10:35:24.793820  1686  5849 D SidekickService: ISidekickGraphics#endResources()...
11-03 10:35:24.843530   512  1749 I sensors-hal: activate:107, android.sensor.light/46 en=0
11-03 10:35:24.845413   512  1749 I sensors-hal: activate:118, android.sensor.light/46 en=0 completed
11-03 10:35:24.847885   512  1749 I sensors-hal: batch:140, android.sensor.light/46, period=250000000, max_latency=0
11-03 10:35:24.847961   512  1749 I sensors-hal: batch:149, android.sensor.light/46, period=250000000, max_latency=0 request completed
11-03 10:35:24.848374   512  1749 I sensors-hal: activate:107, android.sensor.light/46 en=1
11-03 10:35:24.848736   512  1749 I sensors-hal: ssc_enable_rt_task:254, ssc_enable_rt_task : true
11-03 10:35:24.852435   512  1749 I sensors-hal: activate:118, android.sensor.light/46 en=1 completed
11-03 10:35:24.923512   512 12842 I sensors-hal: handle_indication_realtime:355,  SCHED_FIFO(10) for qmi_cbk
11-03 10:35:25.009896   416  2389 D SKGHAL  : sendResources: metadata size = 2400, font size = 72
11-03 10:35:25.043029   416  2389 D SKGHAL  : endResources: rc = 0
11-03 10:35:25.043160   416  2389 D SKGHAL  : Changing to ACTIVE state
11-03 10:35:25.045495  2520 12460 I SidekickManager: sendWatchFaceImpl(): watchFace = com.google.android.clockwork.decomposablewatchface.WatchFaceDecomposition@ed6784d forTWM = false
11-03 10:35:25.045802  2520  2520 D HOME    : [SidekickManagerAsync]sendWatchFace(): Callback#onResult(): 0
11-03 10:35:25.051782  1686  5849 D SidekickService: sendWatchFaceComponents called: watchFace = com.google.android.clockwork.decomposablewatchface.WatchFaceDecomposition@fc2f56fshouldReplace = true
11-03 10:35:25.052088  1686  5849 D SidekickService: Check decomposition for calling app com.google.android.wearable.app with uid 10049
11-03 10:35:25.053035  1686  5849 D SidekickService: sendWatchFaceLocked(): shouldReplace = true, mSidekickIsControlling = false, 2 images, 1 fonts, 2 numbers, 0 proportionalFonts, 0 strings
11-03 10:35:25.053302  1686  5849 D SidekickService: resetLocked()
11-03 10:35:25.065370   416  2389 D SKGHAL  : Changing to  RESET state
11-03 10:35:25.065889  1686  5849 D SidekickService: ISidekickGraphics#beginResources()...
11-03 10:35:25.066275   416  2389 D SKGHAL  : Changing to DOWNLOAD State
11-03 10:35:25.067265  1686  5849 D SidekickServiceUtils: bitmapFromDrawable: Returning bitmap directly
11-03 10:35:25.076811  1686  5849 W SidekickService: null digitDimensions in font, setting to PointF(20.0, 27.0)
11-03 10:35:25.077056  1686  5849 D SidekickService: sendFontsLocked(): fontInfo = {.width = 20, .height = 27, .nGlyphs = 10, .id = 4}, image.size() = 919
11-03 10:35:25.079119   416  2389 D SKGHAL  : saveResource: resId = 4
11-03 10:35:25.084186  1686  5849 D SidekickService: sendFontsLocked(): status = 0, bytesUsed = 1374
11-03 10:35:25.085577  1686  5849 D SidekickServiceUtils: bitmapFromDrawable: Returning bitmap directly
11-03 10:35:25.192703  1686  5849 D SidekickService: sendBitmapsLocked(): bounds = RectF(0.0, 0.0, 1.0, 1.0), drawableInfo = {.id = 0, .width = 416, .height = 416, .display = true, .offsetX = 0.0, .offsetY = 0.0, .rotationInfo = {.hasRotation = false, .pivotX = 0.0, .pivotY = 0.0, .degreesPerDay = 0.0, .degreesPerStep = 0.0, .zeroDegreesTime = {.daysSinceLocalEpoch = 0, .msSinceMidnight = 0}}, .transformInfo = {.transformed = false, .flipX = false, .flipY = false, .flip45 = false, .scaleX = 0.0, .scaleY = 0.0}, .type = GENERIC, .blink = {.blinking = false, .periodOnMs = 0.0, .periodOffMs = 0.0, .startTime = {.daysSinceLocalEpoch = 0, .msSinceMidnight = 0}}, .zOrder = 1, .displayInTwm = true}, image.size() = 6063
11-03 10:35:25.206816   416  2389 D SKGHAL  : saveResource: resId = 0
11-03 10:35:25.224281  1686  5849 D SidekickService: sendBitmapsLocked(): status = 0, bytesUsed = 9429
11-03 10:35:25.225072  1686  5849 D SidekickServiceUtils: bitmapFromDrawable: Returning bitmap directly
11-03 10:35:25.226646  1686  5849 D SidekickService: sendBitmapsLocked(): bounds = RectF(0.0, 0.0, 0.0024038462, 0.0024038462), drawableInfo = {.id = 100000, .width = 1, .height = 1, .display = true, .offsetX = 0.0, .offsetY = 0.0, .rotationInfo = {.hasRotation = false, .pivotX = 0.0, .pivotY = 0.0, .degreesPerDay = 0.0, .degreesPerStep = 0.0, .zeroDegreesTime = {.daysSinceLocalEpoch = 0, .msSinceMidnight = 0}}, .transformInfo = {.transformed = false, .flipX = false, .flipY = false, .flip45 = false, .scaleX = 0.0, .scaleY = 0.0}, .type = GENERIC, .blink = {.blinking = false, .periodOnMs = 0.0, .periodOffMs = 0.0, .startTime = {.daysSinceLocalEpoch = 0, .msSinceMidnight = 0}}, .zOrder = 6, .displayInTwm = true}, image.size() = 84
11-03 10:35:25.227515   416  2389 D SKGHAL  : saveResource: resId = 100000
11-03 10:35:25.228291  1686  5849 D SidekickService: sendBitmapsLocked(): status = 0, bytesUsed = 18
11-03 10:35:25.229486  1686  5849 D SidekickService: sendNumbersLocked(): drawableInfo = {.id = 5, .width = 100, .height = 50, .display = true, .offsetX = 162.0, .offsetY = 30.0, .rotationInfo = {.hasRotation = false, .pivotX = 0.0, .pivotY = 0.0, .degreesPerDay = 0.0, .degreesPerStep = 0.0, .zeroDegreesTime = {.daysSinceLocalEpoch = 0, .msSinceMidnight = 0}}, .transformInfo = {.transformed = false, .flipX = false, .flipY = false, .flip45 = false, .scaleX = 0.0, .scaleY = 0.0}, .type = NUMBER, .blink = {.blinking = false, .periodOnMs = 0.0, .periodOffMs = 0.0, .startTime = {.daysSinceLocalEpoch = 0, .msSinceMidnight = 0}}, .zOrder = 5, .displayInTwm = true}, numberInfo = {.startTime = {.daysSinceLocalEpoch = 0, .msSinceMidnight = 0}, .startNumber = 0, .minNumber = 0, .maxNumber = 23, .increment = 1, .msPerIncrement = 3600000.0, .fontId = 4, .digits = 2, .leadingZeroes = 1, .digit = -1, .transitionMs = 0.0}
11-03 10:35:25.230087   416  2389 D SKGHAL  : saveResource: resId = 5
11-03 10:35:25.231344  1686  5849 D SidekickService: sendNumbersLocked(): status = 0, bytesUsed = 0
11-03 10:35:25.232470  1686  5849 D SidekickService: sendNumbersLocked(): drawableInfo = {.id = 6, .width = 100, .height = 50, .display = true, .offsetX = 214.0, .offsetY = 30.0, .rotationInfo = {.hasRotation = false, .pivotX = 0.0, .pivotY = 0.0, .degreesPerDay = 0.0, .degreesPerStep = 0.0, .zeroDegreesTime = {.daysSinceLocalEpoch = 0, .msSinceMidnight = 0}}, .transformInfo = {.transformed = false, .flipX = false, .flipY = false, .flip45 = false, .scaleX = 0.0, .scaleY = 0.0}, .type = NUMBER, .blink = {.blinking = false, .periodOnMs = 0.0, .periodOffMs = 0.0, .startTime = {.daysSinceLocalEpoch = 0, .msSinceMidnight = 0}}, .zOrder = 5, .displayInTwm = true}, numberInfo = {.startTime = {.daysSinceLocalEpoch = 0, .msSinceMidnight = 0}, .startNumber = 0, .minNumber = 0, .maxNumber = 59, .increment = 1, .msPerIncrement = 60000.0, .fontId = 4, .digits = 2, .leadingZeroes = 1, .digit = -1, .transitionMs = 0.0}
11-03 10:35:25.233051   416  2389 D SKGHAL  : saveResource: resId = 6
11-03 10:35:25.233547  1686  5849 D SidekickService: sendNumbersLocked(): status = 0, bytesUsed = 0
11-03 10:35:25.233685  1686  5849 D SidekickService: ISidekickGraphics#endResources()...
11-03 10:35:25.401961   416  2389 D SKGHAL  : sendResources: metadata size = 2400, font size = 72
11-03 10:35:25.431913   416  2389 D SKGHAL  : endResources: rc = 0
11-03 10:35:25.432023   416  2389 D SKGHAL  : Changing to ACTIVE state
11-03 10:35:25.433161  2520 12460 I SidekickManager: sendWatchFaceImpl(): watchFace = com.google.android.clockwork.decomposablewatchface.WatchFaceDecomposition@8ebc013 forTWM = false
11-03 10:35:25.433430  2520  2520 D HOME    : [SidekickManagerAsync]sendWatchFace(): Callback#onResult(): 0
11-03 10:35:25.439334  1686  5849 D SidekickService: sendWatchFaceComponents called: watchFace = com.google.android.clockwork.decomposablewatchface.WatchFaceDecomposition@fa4827cshouldReplace = true
11-03 10:35:25.439635  1686  5849 D SidekickService: Check decomposition for calling app com.google.android.wearable.app with uid 10049
11-03 10:35:25.440590  1686  5849 D SidekickService: sendWatchFaceLocked(): shouldReplace = true, mSidekickIsControlling = false, 2 images, 1 fonts, 2 numbers, 0 proportionalFonts, 0 strings
11-03 10:35:25.440675  1686  5849 D SidekickService: resetLocked()
11-03 10:35:25.460143   416  2389 D SKGHAL  : Changing to  RESET state
11-03 10:35:25.460531  1686  5849 D SidekickService: ISidekickGraphics#beginResources()...
11-03 10:35:25.460917   416   416 D SKGHAL  : Changing to DOWNLOAD State
11-03 10:35:25.461766  1686  5849 D SidekickServiceUtils: bitmapFromDrawable: Returning bitmap directly
11-03 10:35:25.471266  1686  5849 W SidekickService: null digitDimensions in font, setting to PointF(20.0, 27.0)
