11-03 11:19:28.782752   512   512 I sensors-hal: flush:175, android.sensor.accelerometer/48 completed
11-03 11:19:28.784393  2520  2520 D HOME    : [HomeVisitsLogger]Logging streamlet event: visit_start
11-03 11:19:28.784625  2520  2520 D HOME    : [HomeVisitsLogger]Logging streamlet event: exit_ambient_mode
11-03 11:19:28.784954  2520  2520 D HOME    : [HotwordController]updateClient MODE_WATCH_FACE false false false true
11-03 11:19:28.785662  2520  2520 D HOME    : [WatchFaceUiController]setInAmbientMode false
11-03 11:19:28.785731  2520  2520 D HOME    : [WatchFaceUiController]sendWatchFaceServiceBinder
11-03 11:19:28.791674  2520  2520 D HOME    : [WatchFaceUiController]sendStateToWallpaper
11-03 11:19:28.793021  2520  2520 D HOME    : [WatchFaceUiController]Showing watch face wallpaper.
11-03 11:19:28.793157  2520  2520 D HOME    : [WatchFaceUiController]sendStateToWallpaper
11-03 11:19:28.796168  2520  2520 D HOME    : [StreamDBQueue]Promised revision #4904 to queue a new op
11-03 11:19:28.796382  2520  2520 D WatchStreamManager: Promised rank-blocked=true @ r#4904
11-03 11:19:28.796878  2520  2520 D HOME    : [StreamDBQueue]Promised revision #4905 to queue a new op
11-03 11:19:28.797010  2520  2520 D WatchStreamManager: Promised rank-blocked=true @ r#4905
11-03 11:19:28.797459  2520  2520 D HOME    : [TilesController]Tile refresh optimization is enabled.
11-03 11:19:28.797741  2520  2520 D HOME    : [EventBus]Wrapper pool is full. Discarding excess wrapper instance for event com.google.android.clockwork.sysui.events.KeyguardStateEvent
11-03 11:19:28.797816  2520  2520 D HOME    : [WatchFaceUiController]sendStateToWallpaper
11-03 11:19:28.798778  2520 12956 D HOME    : [WatchStreamDB]Item alerting conditions - isInterruptive: true, recentlyInterrupted: false, isItemPinned: false, isUnread: false
11-03 11:19:28.799033  2520 12956 D HOME    : [StreamAlertingRegulator]isTheaterModeEnabled: false, isAlertingAllowedByOffBody: true, matchesLocalInterruptionFilter: true
11-03 11:19:28.799910  2520  2520 D HOME    : [EventBus]Wrapper pool is full. Discarding excess wrapper instance for event com.google.android.clockwork.sysui.events.KeyguardStateEvent
11-03 11:19:28.800124  2520  2520 D HOME    : [EventBus]Wrapper pool is full. Discarding excess wrapper instance for event com.google.android.clockwork.sysui.events.KeyguardStateEvent
11-03 11:19:28.804536  2520  2520 D HOME    : [WatchFaceUiController]sendStateToWallpaper
--------- switch to kernel
11-03 11:19:28.721490     0     0 I init    : processing action (ro.enable_core_ctl=true && sys.cw_corectl_mode=perf) from (/vendor/etc/init/hw/init.qcom.rc:954)
11-03 11:19:28.723318     0     0 I CPU2    : update cpu_capacity 1024
11-03 11:19:28.724195     0     0 W         : IRQ21 no longer affine to CPU2
11-03 11:19:28.724924     0     0 I CPU2    : shutdown
11-03 11:19:28.733238     0     0 I CPU3    : update cpu_capacity 1024
11-03 11:19:28.734066     0     0 W         : IRQ21 no longer affine to CPU3
11-03 11:19:28.734705     0     0 I CPU3    : shutdown
--------- switch to main
11-03 11:19:28.808850  2520  2520 W StaticLayout: maxLineHeight should not be -1.  maxLines:1 lineCount:1
11-03 11:19:28.819571  1686  1686 I AmbientService: [ce6a28c] No auto-resume Activity.
--------- switch to system
11-03 11:19:28.821071  1686  1686 W ContextImpl: Calling a method in the system process without a qualified user: android.app.ContextImpl.sendBroadcast:1020 android.content.ContextWrapper.sendBroadcast:449 com.google.android.wearable.ambient.AmbientDream.onDestroy:273 android.app.ActivityThread.handleStopService:3698 android.app.ActivityThread.access$1700:200 
--------- switch to main
11-03 11:19:28.821389  1686  1686 E AlarmManager: cancel() called with a null PendingIntent
--------- switch to system
11-03 11:19:28.822739  1686  1686 V DreamService[AmbientDream]: onDestroy()
--------- switch to main
11-03 11:19:28.823599  2520 12956 D HOME    : [WatchStreamDB]couldItemAlert: false, isTopItemChanged: false, isDeferralForTopItem: false
11-03 11:19:28.823598  1686  1686 W AlarmManager: Unrecognized alarm listener com.android.server.job.controllers.-$$Lambda$IdleController$IdlenessTracker$nTdS-lGBXcES5VWKcJFmQFgU7IU@1ab437a
11-03 11:19:28.832850  2520 12956 D HOME    : [WatchStreamDB]Item alerting conditions - isInterruptive: true, recentlyInterrupted: false, isItemPinned: false, isUnread: false
11-03 11:19:28.843658  1686  1686 I WearPower: [WearTouchMediator] changing touch input to enabled (ON_AUTO)
11-03 11:19:28.844606  1686  1759 I InputReader: Reconfiguring input devices.  changes=0x00000200
11-03 11:19:28.833148  2520 12956 D HOME    : [StreamAlertingRegulator]isTheaterModeEnabled: false, isAlertingAllowedByOffBody: true, matchesLocalInterruptionFilter: true
11-03 11:19:28.865146  1686  1686 W AlarmManagerProxy: Removing unknown listener
11-03 11:19:28.867419  2520 12956 D HOME    : [WatchStreamDB]couldItemAlert: false, isTopItemChanged: false, isDeferralForTopItem: false
11-03 11:19:28.876017  2520  2520 D HOME    : [WatchFaceUiController]sendWatchFaceServiceBinder
11-03 11:19:28.881178  2520  2520 D HOME    : [WatchFaceUiController]sendProperties
11-03 11:19:28.882945  2520  2520 D HOME    : [WatchFaceUiController]sendStateToWallpaper
11-03 11:19:28.889686  1686  1686 W DefaultSettingsContentR: Value for ambient_low_bit_enabled not stored as number. Attempting parse as boolean.
11-03 11:19:28.927753  3205  3434 W WorkController: Loading failed for worker [trainingcache]: worker not found
11-03 11:19:28.928913  3205  3372 W A       : TrainingCache cache SCREEN_ON failure
11-03 11:19:28.928913  3205  3372 W A       : com.google.android.apps.gsa.search.core.service.h.a.a: No worker found for Worker ID [trainingcache].
11-03 11:19:28.928913  3205  3372 W A       : 	at com.google.android.apps.gsa.search.core.service.g.a.c.a(Unknown Source:5)
11-03 11:19:28.928913  3205  3372 W A       : 	at com.google.android.libraries.gsa.c.a.d.a(Unknown Source:3)
11-03 11:19:28.928913  3205  3372 W A       : 	at com.google.common.p.a.cg.c(Unknown Source:2)
11-03 11:19:28.928913  3205  3372 W A       : 	at com.google.common.p.a.bk.run(SourceFile:3)
11-03 11:19:28.928913  3205  3372 W A       : 	at com.google.common.p.a.ci.run(Unknown Source:4)
11-03 11:19:28.928913  3205  3372 W A       : 	at com.google.apps.tiktok.concurrent.ab.run(SourceFile:1)
11-03 11:19:28.928913  3205  3372 W A       : 	at java.util.concurrent.ThreadPoolExecutor.runWorker(ThreadPoolExecutor.java:1167)
11-03 11:19:28.928913  3205  3372 W A       : 	at java.util.concurrent.ThreadPoolExecutor$Worker.run(ThreadPoolExecutor.java:641)
11-03 11:19:28.928913  3205  3372 W A       : 	at com.google.apps.tiktok.concurrent.c.run(Unknown Source:4)
11-03 11:19:28.928913  3205  3372 W A       : 	at java.lang.Thread.run(Thread.java:764)
11-03 11:19:28.964895  2520  2520 D HOME    : [StreamDBQueue]Promised revision #4906 to queue a new op
11-03 11:19:28.965162  2520  2520 D WatchStreamManager: Promised rank-blocked=true @ r#4906
11-03 11:19:28.974122  2520 13609 D HOME    : [WatchStreamDB]Item alerting conditions - isInterruptive: true, recentlyInterrupted: false, isItemPinned: false, isUnread: false
11-03 11:19:28.976879  2520 13609 D HOME    : [StreamAlertingRegulator]isTheaterModeEnabled: false, isAlertingAllowedByOffBody: true, matchesLocalInterruptionFilter: true
11-03 11:19:28.977152  2520 13609 D HOME    : [WatchStreamDB]couldItemAlert: false, isTopItemChanged: false, isDeferralForTopItem: false
11-03 11:19:29.071348  1686  1696 I system_server: Background concurrent copying GC freed 26268(2MB) AllocSpace objects, 26(760KB) LOS objects, 19% free, 10MB/13MB, paused 261us total 497.717ms
11-03 11:19:29.125580   512   512 I sensors-hal: activate:107, android.sensor.light/46 en=0
11-03 11:19:29.126477   512   512 I sensors-hal: activate:118, android.sensor.light/46 en=0 completed
11-03 11:19:29.128556   512   512 I sensors-hal: batch:140, android.sensor.light/46, period=250000000, max_latency=0
11-03 11:19:29.128605   512   512 I sensors-hal: batch:149, android.sensor.light/46, period=250000000, max_latency=0 request completed
11-03 11:19:29.128858   512   512 I sensors-hal: activate:107, android.sensor.light/46 en=1
11-03 11:19:29.129095   512   512 I sensors-hal: ssc_enable_rt_task:254, ssc_enable_rt_task : true
11-03 11:19:29.131127   512   512 I sensors-hal: activate:118, android.sensor.light/46 en=1 completed
--------- switch to system
11-03 11:19:29.133522  1686  1686 V SettingsProvider: Notifying for 0: content://settings/system/screen_brightness
--------- switch to main
11-03 11:19:29.135385  1686  1686 I SidekickService: loadBrightnessLocked()
11-03 11:19:29.136001  1686  1686 D SidekickService: screenBrightness  = 58
11-03 11:19:29.138185  1686  1686 D SidekickService: sendConfigValuesLocked(): alsThresholds = [40, 92, 95, 100, 125, 150, 175, 200, 225, 250, 300, 400, 500, 800, 1200], brightnessValuesBright = [50, 56, 60, 70, 80, 90, 100, 115, 120, 140, 160, 180, 200, 220, 240, 255], brightnessValuesDim= [50, 56, 60, 70, 80, 90, 100, 115, 120, 140, 160, 180, 200, 220, 240, 255]
11-03 11:19:29.152827  1686  1686 D SidekickService: setAlsMode(): mode = 2, brightenAlpha = 80, dimmingAlpha = 80
11-03 11:19:29.162243  1686  1686 D SidekickService: setTwmConfig():: msTiltToBright = 10000, tiltToBright = false
11-03 11:19:29.205884   512 13634 I sensors-hal: handle_indication_realtime:355,  SCHED_FIFO(10) for qmi_cbk
--------- switch to system
11-03 11:19:33.480745  1686  1712 I PowerManagerService: Going to sleep due to screen timeout (uid 1000)...
11-03 11:19:33.481359  1686  1686 W UsageStatsService: Event reported without a package name
11-03 11:19:33.482493  1686  1712 I DreamManagerService: Entering dreamland.
11-03 11:19:33.483207  1686  1712 I PowerManagerService: Dozing...
11-03 11:19:33.507349  1686  1708 I DreamController: Starting dream: name=ComponentInfo{com.google.android.wearable.ambient/com.google.android.wearable.ambient.AmbientDream}, isTest=false, canDoze=true, userId=0
11-03 11:19:33.531901  1686  1686 W ContextImpl: Calling a method in the system process without a qualified user: android.app.ContextImpl.bindService:1611 android.content.ContextWrapper.bindService:698 com.google.android.wearable.ambient.AmbientDream.onCreate:191 android.app.ActivityThread.handleCreateService:3533 android.app.ActivityThread.access$1300:200 
11-03 11:19:33.534199  1686  1686 W ContextImpl: Calling a method in the system process without a qualified user: android.app.ContextImpl.sendBroadcast:1005 android.content.ContextWrapper.sendBroadcast:444 com.google.android.wearable.ambient.AmbientDream.onCreate:241 android.app.ActivityThread.handleCreateService:3533 android.app.ActivityThread.access$1300:200 
11-03 11:19:33.534804  1686  1686 V DreamService[AmbientDream]: onBind() intent = Intent { act=android.service.dreams.DreamService flg=0x800000 cmp=com.google.android.wearable.ambient/.AmbientDream }
--------- switch to main
11-03 11:19:33.548108  1686  1686 I AmbientService: [ce6a28c] Ambient Created
--------- switch to system
11-03 11:19:33.549204  1686  1686 V DreamService[AmbientDream]: Calling onDreamingStarted()
--------- switch to main
11-03 11:19:33.549307  1686  1686 I AmbientService: [ce6a28c] doOnDreamingStarted
11-03 11:19:33.551200  1686  1686 D SidekickService: setShouldControlDisplay called: true
11-03 11:19:33.554918  1686  1686 I AmbientService: [ce6a28c] Selected running activity for ambient mode: AmbientActivity[component=ComponentInfo{com.google.android.wearable.app/com.google.android.clockwork.home2.activity.HomeActivity2}, callbacks=@210b385, running=true, ambientRequested=true, ambientEnabled=true, offloadEnabled=true]
11-03 11:19:33.555769  2520  2520 D HOME    : [HomeVisitsLogger]Logging streamlet event: enter_ambient_mode
11-03 11:19:33.556286  2520  2520 D HOME    : [HotwordController]updateClient MODE_WATCH_FACE false true false true
11-03 11:19:33.557301  2520 12957 D HOME    : [HomeVisitsLogger]Logging streamlet event: visit_end
11-03 11:19:33.591900  1686  1686 I AmbientService: [ce6a28c] Sidekick is ready to display, requesting doze.
11-03 11:19:33.592471  1686  1686 I AmbientService: [ce6a28c] No auto-resume Activity.
11-03 11:19:33.595654  2520  2520 D HOME    : [WatchFaceUiController]setInAmbientMode true
11-03 11:19:33.597275  2520  2520 D HOME    : [StreamDBQueue]Promised revision #4907 to queue a new op
11-03 11:19:33.597516  2520  2520 D WatchStreamManager: Promised rank-blocked=false @ r#4907
11-03 11:19:33.597832  2520  2520 D HOME    : [StreamDBQueue]Promised revision #4908 to queue a new op
11-03 11:19:33.597924  2520  2520 D WatchStreamManager: Promised rank-blocked=false @ r#4908
11-03 11:19:33.598590  2520  2520 D HOME    : [EventBus]Wrapper pool is full. Discarding excess wrapper instance for event com.google.android.clockwork.sysui.events.KeyguardStateEvent
11-03 11:19:33.598668  2520  2520 D HOME    : [WatchFaceUiController]sendStateToWallpaper
11-03 11:19:33.599453  2520 12957 I SidekickManager: replaceWatchFaceComponentsImpl(): watchFace = com.google.android.clockwork.decomposablewatchface.WatchFaceDecomposition@c6853a8
11-03 11:19:33.600124  2520  2520 D HOME    : [EventBus]Wrapper pool is full. Discarding excess wrapper instance for event com.google.android.clockwork.sysui.events.KeyguardStateEvent
11-03 11:19:33.600312  2520  2520 D HOME    : [EventBus]Wrapper pool is full. Discarding excess wrapper instance for event com.google.android.clockwork.sysui.events.KeyguardStateEvent
11-03 11:19:33.600305  2520 12956 D HOME    : [WatchStreamDB]Item alerting conditions - isInterruptive: true, recentlyInterrupted: false, isItemPinned: false, isUnread: false
11-03 11:19:33.600784  2520 13355 D HOME    : [StreamDBQueue]Promised revision #4909 to queue a new op
11-03 11:19:33.600894  2520 13355 D WatchStreamManager: Promised rerank @ r#4909
11-03 11:19:33.601455  1686  1741 D SidekickService: sendWatchFaceComponents called: watchFace = com.google.android.clockwork.decomposablewatchface.WatchFaceDecomposition@c400f6bshouldReplace = false
11-03 11:19:33.601633  1686  1741 D SidekickService: Check decomposition for calling app com.google.android.wearable.app with uid 10049
11-03 11:19:33.602010  1686  1741 D SidekickService: sendWatchFaceLocked(): shouldReplace = false, mSidekickIsControlling = false, 1 images, 0 fonts, 0 numbers, 0 proportionalFonts, 0 strings
11-03 11:19:33.602068  1686  1741 D SidekickService: ISidekickGraphics#beginResources()...
11-03 11:19:33.603331  1686  1686 W DefaultSettingsContentR: Value for ambient_low_bit_enabled not stored as number. Attempting parse as boolean.
11-03 11:19:33.607126  1686  1741 D SidekickServiceUtils: bitmapFromDrawable: Returning bitmap directly
11-03 11:19:33.610439  1686  1741 D SidekickService: sendBitmapsLocked(): bounds = RectF(0.47115386, 0.33653846, 0.52884614, 0.39423078), drawableInfo = {.id = 100000, .width = 24, .height = 24, .display = true, .offsetX = 193.0, .offsetY = 137.0, .rotationInfo = {.hasRotation = false, .pivotX = 0.0, .pivotY = 0.0, .degreesPerDay = 0.0, .degreesPerStep = 0.0, .zeroDegreesTime = {.daysSinceLocalEpoch = 0, .msSinceMidnight = 0}}, .transformInfo = {.transformed = false, .flipX = false, .flipY = false, .flip45 = false, .scaleX = 0.0, .scaleY = 0.0}, .type = GENERIC, .blink = {.blinking = false, .periodOnMs = 0.0, .periodOffMs = 0.0, .startTime = {.daysSinceLocalEpoch = 0, .msSinceMidnight = 0}}, .zOrder = 8, .displayInTwm = true}, image.size() = 97
11-03 11:19:33.610798  2520 12956 D HOME    : [StreamAlertingRegulator]isTheaterModeEnabled: false, isAlertingAllowedByOffBody: true, matchesLocalInterruptionFilter: true
11-03 11:19:33.611175  2520 12956 D HOME    : [WatchStreamDB]couldItemAlert: false, isTopItemChanged: false, isDeferralForTopItem: false
11-03 11:19:33.611496   416  2389 D SKGHAL  : saveResource: resId = 100000
11-03 11:19:33.615291  1686  1741 D SidekickService: sendBitmapsLocked(): status = 0, bytesUsed = 64
11-03 11:19:33.615482  1686  1741 D SidekickService: ISidekickGraphics#endResources()...
11-03 11:19:33.636986  2520 12956 D HOME    : [WatchStreamDB]Item alerting conditions - isInterruptive: true, recentlyInterrupted: false, isItemPinned: false, isUnread: false
11-03 11:19:33.642940  2520 12956 D HOME    : [StreamAlertingRegulator]isTheaterModeEnabled: false, isAlertingAllowedByOffBody: true, matchesLocalInterruptionFilter: true
11-03 11:19:33.643209  2520 12956 D HOME    : [WatchStreamDB]couldItemAlert: false, isTopItemChanged: false, isDeferralForTopItem: false
11-03 11:19:33.643640  2520 12956 D HOME    : [WatchStreamDB]updateRanking()
11-03 11:19:33.644088  2520 12956 D HOME    : [WatchStreamDB]Item alerting conditions - isInterruptive: true, recentlyInterrupted: false, isItemPinned: false, isUnread: false
11-03 11:19:33.644343  2520 12956 D HOME    : [StreamAlertingRegulator]isTheaterModeEnabled: false, isAlertingAllowedByOffBody: true, matchesLocalInterruptionFilter: true
11-03 11:19:33.644511  2520 12956 D HOME    : [WatchStreamDB]couldItemAlert: false, isTopItemChanged: false, isDeferralForTopItem: false
11-03 11:19:33.644935  2520 12956 D HOME    : [NewStreamAdapter]Publishing revision #4909 to adapter clients
11-03 11:19:33.649125  2520 13355 D HOME    : [StreamDBQueue]Promised revision #4910 to queue a new op
11-03 11:19:33.654624  2520 13355 D WatchStreamManager: Promised rerank @ r#4910
11-03 11:19:33.654912  2520 13609 D HOME    : [WatchStreamDB]updateRanking()
11-03 11:19:33.655548  2520 13609 D HOME    : [WatchStreamDB]Item alerting conditions - isInterruptive: true, recentlyInterrupted: false, isItemPinned: false, isUnread: false
11-03 11:19:33.655857  2520 13609 D HOME    : [StreamAlertingRegulator]isTheaterModeEnabled: false, isAlertingAllowedByOffBody: true, matchesLocalInterruptionFilter: true
11-03 11:19:33.657374  2520 13609 D HOME    : [WatchStreamDB]couldItemAlert: false, isTopItemChanged: false, isDeferralForTopItem: false
11-03 11:19:33.657955  2520 13609 D HOME    : [NewStreamAdapter]Publishing revision #4910 to adapter clients
11-03 11:19:33.781611   416  2389 D SKGHAL  : sendResources: metadata size = 2400, font size = 72
11-03 11:19:33.842245   416  2389 D SKGHAL  : endResources: rc = 0
11-03 11:19:33.842887  1686  1686 I AmbientService: [ce6a28c] Showing watch face in offload mode, canceling alarm.
11-03 11:19:33.842976  1686  1686 W AlarmManagerProxy: Removing unknown listener
11-03 11:19:33.843145  1686  1686 D WristGestureCtrl: Stopping detectors: GesturesEnabled-false gestureDetector-false ungazeEnabled-true ungaze-true
11-03 11:19:33.843196  1686  1686 D DefaultUngazeDetector: stopping
11-03 11:19:33.844100   512   512 I sensors-hal: batch:140, android.sensor.accelerometer/48, period=66667000, max_latency=100000000
--------- switch to system
11-03 11:19:33.845256  1686  1686 W Looper  : Slow dispatch took 296ms main h=android.os.Handler c=android.service.dreams.DreamService$1@3bb5ac8 m=0
--------- switch to main
11-03 11:19:33.847654  2520  2520 W StaticLayout: maxLineHeight should not be -1.  maxLines:1 lineCount:1
11-03 11:19:33.854993   512   512 I sensors-hal: batch:149, android.sensor.accelerometer/48, period=66667000, max_latency=100000000 request completed
11-03 11:19:33.857540  2520  2520 D HOME    : [SidekickManagerAsync]replaceWatchFaceComponents(): Callback#onResult(): 0
--------- switch to system
11-03 11:19:33.857607  1686  1686 W Looper  : Slow delivery took 307ms main h=android.app.ActivityThread$H c=android.app.-$$Lambda$LoadedApk$ReceiverDispatcher$Args$_BumDX2UKsnxLVrE6UJsJZkotuA@b1ec761 m=0
--------- switch to main
11-03 11:19:33.857773  2520  2520 D HOME    : [WatchFaceUiController]Complication updates sent, posting watch face hiding
11-03 11:19:33.857844  2520  2520 D HOME    : [WatchFaceUiController]Still in ambient watch face, hiding
11-03 11:19:33.857903  2520  2520 D HOME    : [WatchFaceUiController]Hiding watch face wallpaper.
--------- switch to kernel
11-03 11:19:33.751057     0     0 E FG      : fg_psy_get_property: unsupported property 7
11-03 11:19:33.753864     0     0 W healthd : battery l=10 v=3633 t=28.0 h=2 st=3 c=135 fc=443000 cc=0 chg=
--------- switch to system
11-03 11:19:33.888609  1686  1686 W Looper  : Drained
--------- switch to main
11-03 11:19:33.891401  2520  2520 D HOME    : [BatteryChange]action: android.intent.action.BATTERY_CHANGED
11-03 11:19:33.892461  1956  1956 D QtiCarrierConfigHelper: WARNING, no carrier configs on phone Id: 0
11-03 11:19:33.892851  2520 12957 D HOME    : [BatteryChange]HandleBatteryChangedTask
11-03 11:19:33.894961  2520 12957 D HOME    : [BatteryChange]level: 10, status: 3
11-03 11:19:33.897895  2520 12957 D HOME    : [BatteryChange]updateStreamItem
11-03 11:19:33.907298  2520 12957 D HOME    : [BatteryChange]batteryHistory size: 20'
11-03 11:19:33.907530  2520 12957 D HOME    : [BatteryChange]timeDelta: 13617768
11-03 11:19:33.907689  2520 12957 D HOME    : [BatteryChange]levelDelta: 21
11-03 11:19:33.910672   512   512 I sensors-hal: activate:107, android.sensor.light/46 en=0
11-03 11:19:33.911448   512   512 I sensors-hal: activate:118, android.sensor.light/46 en=0 completed
--------- switch to system
11-03 11:19:33.917471  1686  1710 I DisplayManagerService: Display device changed state: "Écran intégré", DOZE_SUSPEND
--------- switch to main
11-03 11:19:33.929748   545   545 D SurfaceFlinger: Set power mode=3, type=0 flinger=0xb6bb6000
11-03 11:19:33.930373   504   764 I SDM     : DisplayBase::SetDisplayState: Set state = 3, display 0
11-03 11:19:33.942856  1686  1759 I InputReader: Reconfiguring input devices.  changes=0x00000004
11-03 11:19:33.981500   545   545 D SurfaceFlinger: Finished set power mode=3, type=0
11-03 11:19:33.982111  1686  1823 I SidekickService: beginDisplayLocked(): DOZE_SUSPEND
11-03 11:19:33.983754   416  2389 D SKGHAL  : sendAmbientPrepare: enter:
--------- switch to kernel
11-03 11:19:33.798938     0     0 I mdss_dsi_panel_set_idle_mode: Idle (0->1)
11-03 11:19:33.846636     0     0 I         : [touch]FB_BLANK_VSYNC_SUSPEND
11-03 11:19:33.846642     0     0 I         : [touch]irq disable
11-03 11:19:33.846647     0     0 I         : [touch]workqueue is empty!
11-03 11:19:33.846650     0     0 I         : [touch]raydium_ts_do_suspend.
11-03 11:19:33.846661     0     0 I         : [touch]Device may wakeup
11-03 11:19:33.849726     0     0 I         : [touch]irq enable
--------- switch to main
11-03 11:19:34.114791   416  2389 D SKGHAL  : sendAmbientEvent: enter: enable = 1
11-03 11:19:34.117269   504   523 I SDM     : DisplayBase::SetDisplayState: Set state = 4, display 0
11-03 11:19:34.117483   504   523 D SDM     : HWCDisplayPrimary::SetStandByMode: Null display is connected successfully
11-03 11:19:34.117816   416  2389 D SKGHAL  : standBy_update_control call succeed on 1
11-03 11:19:34.126525   416  2389 D SKGHAL  : sendAmbientEvent: done: enable = 1
11-03 11:19:34.127543  1686  1823 D SidekickService:    ... beginDisplay result: 0 for halPower: 1
11-03 11:19:34.132678   512   512 I sensors-hal: activate:107, android.sensor.accelerometer/48 en=0
--------- switch to kernel
11-03 11:19:34.005400     0     0 E bgrsb   : bgrsb_enable: gpio 32 is valid
--------- switch to main
11-03 11:19:34.134755   512   512 I sensors-hal: activate:118, android.sensor.accelerometer/48 en=0 completed
11-03 11:19:34.139747  1686  1686 D HandsFreeClientShard: Connecting HandsFree client profile (retry).
11-03 11:19:34.144022  1686  1686 D BluetoothHeadsetClient: disconnect(14:3C:C3:AD:3D:53)
11-03 11:19:34.146509  1686  1686 D BluetoothHeadsetClient: connect(14:3C:C3:AD:3D:53)
11-03 11:19:34.150779 10095 10167 D HeadsetClientStateMachine: Disconnected process message: 1
11-03 11:19:34.152259 10095 10133 I bt_btif_queue: queue_int_add: adding connection request: address=14:3c:c3:ad:3d:53 UUID=111E busy=false
11-03 11:19:34.152459 10095 10133 I bt_btif_queue: btif_queue_connect_next: executing connection request: address=14:3c:c3:ad:3d:53 UUID=111E busy=false
11-03 11:19:34.152513 10095 10133 E bt_btif : is_connected: not connected!
11-03 11:19:34.152598 10095 10133 W bt_btif : bta_hf_client_find_cb_by_bda: bdaddr mismatch for handle 0 alloc 0
11-03 11:19:34.152637 10095 10133 W bt_btif : bta_hf_client_find_cb_by_bda: bdaddr mismatch for handle 1 alloc 0
11-03 11:19:34.152670 10095 10133 W bt_btif : bta_hf_client_find_cb_by_bda: bdaddr mismatch for handle 2 alloc 0
11-03 11:19:34.152701 10095 10133 W bt_btif : bta_hf_client_find_cb_by_bda: bdaddr mismatch for handle 3 alloc 0
11-03 11:19:34.152729 10095 10133 W bt_btif : bta_hf_client_find_cb_by_bda: bdaddr mismatch for handle 4 alloc 0
11-03 11:19:34.152760 10095 10133 W bt_btif : bta_hf_client_find_cb_by_bda: bdaddr mismatch for handle 5 alloc 0
11-03 11:19:34.152789 10095 10133 W bt_btif : bta_hf_client_find_cb_by_bda: bdaddr mismatch for handle 6 alloc 0
11-03 11:19:34.152832 10095 10133 W bt_btif : bta_hf_client_find_cb_by_bda: bdaddr mismatch for handle 7 alloc 0
11-03 11:19:34.152863 10095 10133 W bt_btif : bta_hf_client_find_cb_by_bda: bdaddr mismatch for handle 8 alloc 0
11-03 11:19:34.152895 10095 10133 W bt_btif : bta_hf_client_find_cb_by_bda: bdaddr mismatch for handle 9 alloc 0
11-03 11:19:34.152924 10095 10133 E bt_btif : bta_hf_client_find_cb_by_bda: block not found
11-03 11:19:34.154879  1686  1799 E WifiStateMachine: getWifiLinkLayerStats called without an interface
11-03 11:19:34.173626 10095 10095 D AdapterProperties: PROFILE_CONNECTION_STATE_CHANGE: profile=16, device=14:3C:C3:AD:3D:53, 0 -> 1
11-03 11:19:34.174489 10095 10095 D AdapterProperties: ADAPTER_CONNECTION_STATE_CHANGE: 14:3C:C3:AD:3D:53: 0 -> 1
11-03 11:19:34.176435  5603  5603 D BtTelecomReceiver: onReceive: Intent { act=android.bluetooth.headsetclient.profile.action.CONNECTION_STATE_CHANGED flg=0x10 cmp=com.google.android.apps.wearable.bluetooth/com.google.android.clockwork.hfp.BtTelecomBroadcastReceiver (has extras) }
11-03 11:19:34.184343  5603  5603 D BtTelecomReceiver: Hfp connection changed: -724754873 0 -> 1
--------- switch to system
11-03 11:19:34.194844  1686  1702 W BroadcastQueue: Background execution not allowed: receiving Intent { act=android.bluetooth.adapter.action.CONNECTION_STATE_CHANGED flg=0x4000010 (has extras) } to com.google.android.gms/.chimera.GmsIntentOperationService$PersistentTrustedReceiver
--------- switch to main
11-03 11:19:34.218398  1686  1686 I WearPower: [WearTouchMediator] changing touch input to enabled (ON_AUTO)
11-03 11:19:34.220684  1686  1759 I InputReader: Reconfiguring input devices.  changes=0x00000200
--------- switch to kernel
11-03 11:19:34.092112     0     0 I init    : processing action (ro.enable_core_ctl=true && sys.cw_corectl_mode=idle) from (/vendor/etc/init/hw/init.qcom.rc:949)
--------- switch to main
11-03 11:19:34.233089  1686  1686 I AmbientService: [ce6a28c] Timeout alarm not required, auto-resume timeout handled by dream.
11-03 11:19:34.251526  3205  3434 W WorkController: Loading failed for worker [trainingcache]: worker not found
11-03 11:19:34.253774  3205  3294 W A       : TrainingCache cache SCREEN_OFF failure
11-03 11:19:34.253774  3205  3294 W A       : com.google.android.apps.gsa.search.core.service.h.a.a: No worker found for Worker ID [trainingcache].
11-03 11:19:34.253774  3205  3294 W A       : 	at com.google.android.apps.gsa.search.core.service.g.a.c.a(Unknown Source:5)
11-03 11:19:34.253774  3205  3294 W A       : 	at com.google.android.libraries.gsa.c.a.d.a(Unknown Source:3)
11-03 11:19:34.253774  3205  3294 W A       : 	at com.google.common.p.a.cg.c(Unknown Source:2)
11-03 11:19:34.253774  3205  3294 W A       : 	at com.google.common.p.a.bk.run(SourceFile:3)
11-03 11:19:34.253774  3205  3294 W A       : 	at com.google.common.p.a.ci.run(Unknown Source:4)
11-03 11:19:34.253774  3205  3294 W A       : 	at com.google.apps.tiktok.concurrent.ab.run(SourceFile:1)
11-03 11:19:34.253774  3205  3294 W A       : 	at java.util.concurrent.ThreadPoolExecutor.runWorker(ThreadPoolExecutor.java:1167)
11-03 11:19:34.253774  3205  3294 W A       : 	at java.util.concurrent.ThreadPoolExecutor$Worker.run(ThreadPoolExecutor.java:641)
11-03 11:19:34.253774  3205  3294 W A       : 	at com.google.apps.tiktok.concurrent.c.run(Unknown Source:4)
11-03 11:19:34.253774  3205  3294 W A       : 	at java.lang.Thread.run(Thread.java:764)
11-03 11:19:34.277340  2520  2520 D HOME    : [StreamDBQueue]Promised revision #4911 to queue a new op
11-03 11:19:34.277906  2520  2520 D WatchStreamManager: Promised rank-blocked=false @ r#4911
11-03 11:19:34.278330  2520  2520 D HOME    : [CompactHunStarter]detachWindow()
11-03 11:19:34.278865  2520 12957 D HOME    : [WatchStreamDB]Item alerting conditions - isInterruptive: true, recentlyInterrupted: false, isItemPinned: false, isUnread: false
11-03 11:19:34.279371  2520 12957 D HOME    : [StreamAlertingRegulator]isTheaterModeEnabled: false, isAlertingAllowedByOffBody: true, matchesLocalInterruptionFilter: true
11-03 11:19:34.279762  2520 12957 D HOME    : [WatchStreamDB]couldItemAlert: false, isTopItemChanged: false, isDeferralForTopItem: false
11-03 11:19:34.281425  2520 12978 D HOME    : [StreamDBQueue]Promised revision #4912 to queue a new op
11-03 11:19:34.281889  2520 12978 D WatchStreamManager: Promised rerank @ r#4912
11-03 11:19:34.287599  2520 12957 D HOME    : [WatchStreamDB]updateRanking()
11-03 11:19:34.289004  2520 12957 D HOME    : [WatchStreamDB]Item alerting conditions - isInterruptive: true, recentlyInterrupted: false, isItemPinned: false, isUnread: false
11-03 11:19:34.289597  2520 12957 D HOME    : [StreamAlertingRegulator]isTheaterModeEnabled: false, isAlertingAllowedByOffBody: true, matchesLocalInterruptionFilter: true
11-03 11:19:34.289954  2520 12957 D HOME    : [WatchStreamDB]couldItemAlert: false, isTopItemChanged: false, isDeferralForTopItem: false
11-03 11:19:34.298991  2520 12957 D HOME    : [NewStreamAdapter]Publishing revision #4912 to adapter clients
--------- switch to kernel
11-03 11:19:34.668586     0     0 I PM      : suspend entry 2021-11-03 10:19:34.668586665 UTC
11-03 11:19:34.668608     0     0 I PM      : Syncing filesystems ... done.
11-03 11:19:34.719055     0     0 I         : Freezing user space processes ... (elapsed 0.010 seconds) done.
11-03 11:19:34.729249     0     0 I         : Freezing remaining freezable tasks ... (elapsed 0.005 seconds) done.
11-03 11:19:34.735212     0     0 I         : Suspending console(s) (use no_console_suspend to debug)
11-03 11:19:34.750441     0     0 I mdss_dsi_panel_set_idle_mode: Idle (1->1)
11-03 11:19:34.792713     0     0 I bgcom   : bgcom_pm_suspend: suspended with : 0
11-03 11:19:34.820138     0     0 I PM      : suspend of devices complete after 80.967 msecs
11-03 11:19:34.825478     0     0 I PM      : late suspend of devices complete after 5.300 msecs
11-03 11:19:34.831193     0     0 I PM      : noirq suspend of devices complete after 5.676 msecs
11-03 11:19:34.831210     0     0 I         : Disabling non-boot CPUs ...
11-03 11:19:34.849678     0     0 I CPU1    : shutdown
11-03 11:19:34.851957     0     0 I suspend ns: 4205643902411	suspend cycles:    1272233979410
11-03 11:19:34.851934     0     0 I CPU0    : msm_cpu_pm_enter_sleep mode:3 during suspend
11-03 11:19:34.851934     0     0 I         : Suspended for 4.499 seconds
11-03 11:19:34.851934     0     0 I resume cycles: 1272320379780
11-03 11:19:34.852369     0     0 I         : Enabling non-boot CPUs ...
11-03 11:19:34.853200     0     0 I CPU1    : update cpu_capacity 1024
11-03 11:19:34.854676     0     0 I         : CPU1 is up
11-03 11:19:34.856543     0     0 I CPU1    : update max cpu_capacity 748
11-03 11:19:34.858575     0     0 I PM      : noirq resume of devices complete after 3.568 msecs
11-03 11:19:34.863797     0     0 I PM      : early resume of devices complete after 3.815 msecs
11-03 11:19:34.894830     0     0 I bgcom   : bgcom_pm_resume: Bgcom resumed with : 0
11-03 11:19:34.905822     0     0 I mdss_dsi_panel_set_idle_mode: Idle (1->1)
11-03 11:19:34.941520     0     0 I PM      : resume of devices complete after 77.677 msecs
11-03 11:19:34.945703     0     0 I         : Restarting tasks ...
11-03 11:19:34.951278     0     0 W QSEECOM : qseecom_receive_req: Interrupted: exiting Listener Service = 11
11-03 11:19:34.951384     0     0 W QSEECOM : qseecom_receive_req: Interrupted: exiting Listener Service = 10
11-03 11:19:34.951438     0     0 W QSEECOM : qseecom_receive_req: Interrupted: exiting Listener Service = 28672
11-03 11:19:34.952616     0     0 W QSEECOM : qseecom_receive_req: Interrupted: exiting Listener Service = 8192
11-03 11:19:34.952673     0     0 W QSEECOM : qseecom_receive_req: Interrupted: exiting Listener Service = 12288
11-03 11:19:34.954266     0     0 I         : done.
--------- switch to main
11-03 11:19:39.466689 10095 10150 W bt_sdp  : SDP - Rcvd conn cnf with error: 0x4  CID 0x5d
11-03 11:19:39.467412 10095 10133 D BluetoothHeadsetClientServiceJni: connection_state_cb: state 0 peer_feat 0 chld_feat 0
11-03 11:19:39.468672 10095 10133 E bt_btif : btif_hf_client_get_cb_by_bda: could not find block for bdaddr
11-03 11:19:39.468811 10095 10133 E bt_btif : btif_hf_client_upstreams_evt: event 3 but not allocating block: cb not found
11-03 11:19:39.468911 10095 10133 I bt_btif_queue: queue_int_advance: removing connection request: address=14:3c:c3:ad:3d:53 UUID=111E busy=true
11-03 11:19:39.468932 10095 10167 D HeadsetClientStateMachine: Enter Disconnected: 100
--------- switch to kernel
11-03 11:19:39.455230     0     0 I PM      : suspend exit 2021-11-03 10:19:39.455230517 UTC
--------- switch to main
11-03 11:19:39.474277 10095 10095 D AdapterProperties: PROFILE_CONNECTION_STATE_CHANGE: profile=16, device=14:3C:C3:AD:3D:53, 1 -> 0
11-03 11:19:39.478939  5603  5603 D BtTelecomReceiver: onReceive: Intent { act=android.bluetooth.headsetclient.profile.action.CONNECTION_STATE_CHANGED flg=0x10 cmp=com.google.android.apps.wearable.bluetooth/com.google.android.clockwork.hfp.BtTelecomBroadcastReceiver (has extras) }
11-03 11:19:39.479114 10095 10095 D AdapterProperties: ADAPTER_CONNECTION_STATE_CHANGE: 14:3C:C3:AD:3D:53: 1 -> 0
11-03 11:19:39.479198  5603  5603 D BtTelecomReceiver: Hfp connection changed: -724754873 1 -> 0
11-03 11:19:39.489716  5603  5603 D HfpClientConnService: onCreate
--------- switch to system
11-03 11:19:39.492376  1686  5241 W BroadcastQueue: Background execution not allowed: receiving Intent { act=android.bluetooth.adapter.action.CONNECTION_STATE_CHANGED flg=0x4000010 (has extras) } to com.google.android.gms/.chimera.GmsIntentOperationService$PersistentTrustedReceiver
--------- switch to main
11-03 11:19:39.492620  5603  5603 D HfpClientConnService: disabling HFP
11-03 11:19:39.492773  5603  5603 I HfpClientConnService: enable request:Enable Request - time:1635934779479 type:false reason:headset client disconnected
11-03 11:19:39.497361  5603  5603 I HfpClientConnService: account already disabled
--------- switch to kernel
11-03 11:19:39.848992     0     0 I PM      : suspend entry 2021-11-03 10:19:39.848992287 UTC
11-03 11:19:39.849014     0     0 I PM      : Syncing filesystems ... done.
11-03 11:19:39.986714     0     0 I         : Freezing user space processes ... (elapsed 0.007 seconds) done.
11-03 11:19:39.993763     0     0 I         : Freezing remaining freezable tasks ... (elapsed 0.004 seconds) done.
11-03 11:19:39.997957     0     0 I         : Suspending console(s) (use no_console_suspend to debug)
11-03 11:19:40.009959     0     0 I mdss_dsi_panel_set_idle_mode: Idle (1->1)
11-03 11:19:40.051764     0     0 I bgcom   : bgcom_pm_suspend: suspended with : 0
11-03 11:19:40.087617     0     0 I PM      : suspend of devices complete after 87.435 msecs
11-03 11:19:40.093065     0     0 I PM      : late suspend of devices complete after 5.408 msecs
11-03 11:19:40.098855     0     0 I PM      : noirq suspend of devices complete after 5.754 msecs
11-03 11:19:40.098869     0     0 I         : Disabling non-boot CPUs ...
11-03 11:19:40.119530     0     0 I CPU1    : shutdown
11-03 11:19:40.121638     0     0 I suspend ns: 4206413569392	suspend cycles:    1272335157386
11-03 11:19:40.121618     0     0 I CPU0    : msm_cpu_pm_enter_sleep mode:3 during suspend
11-03 11:19:40.121618     0     0 I         : Suspended for 55.345 seconds
11-03 11:19:40.121618     0     0 I resume cycles: 1273397795743
11-03 11:19:40.122111     0     0 I         : Enabling non-boot CPUs ...
11-03 11:19:40.122933     0     0 I CPU1    : update cpu_capacity 1024
11-03 11:19:40.124396     0     0 I         : CPU1 is up
11-03 11:19:40.126385     0     0 I CPU1    : update max cpu_capacity 748
11-03 11:19:40.128170     0     0 I PM      : noirq resume of devices complete after 3.438 msecs
11-03 11:19:40.133735     0     0 I PM      : early resume of devices complete after 3.704 msecs
11-03 11:19:40.165854     0     0 I bgcom   : bgcom_pm_resume: Bgcom resumed with : 0
11-03 11:19:40.176788     0     0 I mdss_dsi_panel_set_idle_mode: Idle (1->1)
11-03 11:19:40.211542     0     0 I PM      : resume of devices complete after 77.763 msecs
11-03 11:19:40.215677     0     0 I         : Restarting tasks ...
11-03 11:19:40.219184     0     0 W QSEECOM : qseecom_receive_req: Interrupted: exiting Listener Service = 8192
11-03 11:19:40.223085     0     0 W QSEECOM : qseecom_receive_req: Interrupted: exiting Listener Service = 12288
11-03 11:19:40.223174     0     0 W QSEECOM : qseecom_receive_req: Interrupted: exiting Listener Service = 11
11-03 11:19:40.223221     0     0 W QSEECOM : qseecom_receive_req: Interrupted: exiting Listener Service = 10
11-03 11:19:40.223259     0     0 W QSEECOM : qseecom_receive_req: Interrupted: exiting Listener Service = 28672
11-03 11:19:40.232822     0     0 I         : done.
11-03 11:20:35.579585     0     0 I PM      : suspend exit 2021-11-03 10:20:35.579585755 UTC
11-03 11:20:35.680589     0     0 I PM      : suspend entry 2021-11-03 10:20:35.680589089 UTC
11-03 11:20:35.680611     0     0 I PM      : Syncing filesystems ... done.
11-03 11:20:35.792711     0     0 I         : Freezing user space processes ... (elapsed 0.007 seconds) done.
11-03 11:20:35.799914     0     0 I         : Freezing remaining freezable tasks ... (elapsed 0.003 seconds) done.
11-03 11:20:35.803730     0     0 I         : Suspending console(s) (use no_console_suspend to debug)
11-03 11:20:35.815592     0     0 I mdss_dsi_panel_set_idle_mode: Idle (1->1)
11-03 11:20:35.857589     0     0 I bgcom   : bgcom_pm_suspend: suspended with : 0
11-03 11:20:35.893291     0     0 I PM      : suspend of devices complete after 87.340 msecs
11-03 11:20:35.898670     0     0 I PM      : late suspend of devices complete after 5.334 msecs
11-03 11:20:35.904482     0     0 I PM      : noirq suspend of devices complete after 5.777 msecs
11-03 11:20:35.904497     0     0 I         : Disabling non-boot CPUs ...
11-03 11:20:35.925146     0     0 I CPU1    : shutdown
11-03 11:20:35.927141     0     0 I suspend ns: 4206873319810	suspend cycles:    1273406622951
11-03 11:20:35.927121     0     0 I CPU0    : msm_cpu_pm_enter_sleep mode:3 during suspend
11-03 11:20:35.927121     0     0 I         : Suspended for 197.172 seconds
11-03 11:20:35.927121     0     0 I resume cycles: 1277192343065
11-03 11:20:35.927689     0     0 I         : Enabling non-boot CPUs ...
11-03 11:20:35.928513     0     0 I CPU1    : update cpu_capacity 1024
11-03 11:20:35.929931     0     0 I         : CPU1 is up
11-03 11:20:35.932010     0     0 I CPU1    : update max cpu_capacity 748
--------- switch to system
11-03 11:23:53.207126  1686  1686 I PowerManagerService: Waking up from dozing (uid=1000 reason=tiltToWake)...
11-03 11:23:53.219832  1686  1686 W UsageStatsService: Event reported without a package name
--------- switch to kernel
11-03 11:20:35.933701     0     0 I PM      : noirq resume of devices complete after 3.467 msecs
11-03 11:20:35.938870     0     0 I PM      : early resume of devices complete after 3.712 msecs
11-03 11:20:35.968161     0     0 I bgcom   : bgcom_pm_resume: Bgcom resumed with : 0
11-03 11:20:35.978079     0     0 I mdss_dsi_panel_set_idle_mode: Idle (1->1)
11-03 11:20:36.016293     0     0 I PM      : resume of devices complete after 77.391 msecs
11-03 11:20:36.020410     0     0 I         : Restarting tasks ...
11-03 11:20:36.025755     0     0 W QSEECOM : qseecom_receive_req: Interrupted: exiting Listener Service = 12288
11-03 11:20:36.027596     0     0 W QSEECOM : qseecom_receive_req: Interrupted: exiting Listener Service = 8192
11-03 11:20:36.027677     0     0 W QSEECOM : qseecom_receive_req: Interrupted: exiting Listener Service = 11
11-03 11:20:36.027720     0     0 W QSEECOM : qseecom_receive_req: Interrupted: exiting Listener Service = 10
11-03 11:20:36.027763     0     0 W QSEECOM : qseecom_receive_req: Interrupted: exiting Listener Service = 28672
11-03 11:20:36.039297     0     0 I         : done.
11-03 11:23:53.213369     0     0 I PM      : suspend exit 2021-11-03 10:23:53.213369117 UTC
11-03 11:23:53.236244     0     0 E FG      : fg_psy_get_property: unsupported property 7
11-03 11:23:53.107140     0     0 W healthd : battery l=9 v=3713 t=28.0 h=2 st=3 c=11 fc=443000 cc=0 chg=
--------- switch to main
11-03 11:23:53.296708   512  1749 I sensors-hal: batch:140, android.sensor.light/46, period=100000000, max_latency=0
11-03 11:23:53.296919   512  1749 I sensors-hal: batch:149, android.sensor.light/46, period=100000000, max_latency=0 request completed
11-03 11:23:53.297503   512  1749 I sensors-hal: activate:107, android.sensor.light/46 en=1
11-03 11:23:53.298126   512  1749 I sensors-hal: ssc_enable_rt_task:254, ssc_enable_rt_task : true
11-03 11:23:53.302630   512  1749 I sensors-hal: activate:118, android.sensor.light/46 en=1 completed
11-03 11:23:53.306389  1686  1823 I SidekickService: endDisplayLocked()
--------- switch to system
11-03 11:23:53.306876  1686  1710 I DisplayManagerService: Display device changed state: "Écran intégré", ON
--------- switch to main
11-03 11:23:53.308197   416  2389 D SKGHAL  : sendAmbientEvent: enter: enable = 0
11-03 11:23:53.309606   512  1749 I sensors-hal: batch:140, android.sensor.accelerometer/48, period=66667000, max_latency=100000000
11-03 11:23:53.309722   512  1749 I sensors-hal: batch:149, android.sensor.accelerometer/48, period=66667000, max_latency=100000000 request completed
11-03 11:23:53.324520   512  1749 I sensors-hal: activate:107, android.sensor.accelerometer/48 en=1
11-03 11:23:53.325513   512  1749 I sensors-hal: ssc_enable_rt_task:254, ssc_enable_rt_task : true
11-03 11:23:53.328056  4243  4243 D OMService: onDisplayChanged: not dozing
11-03 11:23:53.352243   512  1749 I sensors-hal: activate:118, android.sensor.accelerometer/48 en=1 completed
11-03 11:23:53.353132  1686  1759 I InputReader: Reconfiguring input devices.  changes=0x00000004
11-03 11:23:53.382102  2520  2520 D HOME    : [StreamBackendInit]NotificationService onNotificationPosted StatusBarNotification(pkg=android user=UserHandle{-1} id=51 tag=null key=-1|android|51|null|1000: Notification(channel=ALERTS pri=0 contentView=null vibrate=null sound=null defaults=0x0 flags=0x0 color=0xfff4511e actions=1 vis=PUBLIC))
11-03 11:23:53.384340  2520  2716 D CollectorHandler: handleMessage, event: ON_NOTIFICATION_POSTED_WITH_RANKING
11-03 11:23:53.387115  2520  2714 D HOME    : [TickMonitor]Received time tick
11-03 11:23:53.387307  2520  2714 D HOME    : [TickMonitor]handleTimeTick() finished
11-03 11:23:53.395448   512 13638 I sensors-hal: handle_indication_realtime:355,  SCHED_FIFO(10) for qmi_cbk
11-03 11:23:53.399463  2520  2716 D HOME    : [StreamDBQueue]Promised revision #4913 to queue a new op
11-03 11:23:53.399806  1686  1799 E WifiStateMachine: getWifiLinkLayerStats called without an interface
11-03 11:23:53.399896  2520  2716 D HOME    : [WatchStreamManager]Promised set @ r#4913 for (android,tag=null,id=51,notifKey=-1|android|51|null|1000)
--------- switch to kernel
11-03 11:23:53.259918     0     0 E bgrsb   : bgrsb_enable: rsb will set report rate
11-03 11:23:53.294389     0     0 I init    : processing action (ro.enable_core_ctl=true && sys.cw_corectl_mode=perf) from (/vendor/etc/init/hw/init.qcom.rc:954)
11-03 11:23:53.295537     0     0 I CPU2    : update cpu_capacity 1024
11-03 11:23:53.296425     0     0 W         : IRQ21 no longer affine to CPU2
11-03 11:23:53.297102     0     0 I CPU2    : shutdown
--------- switch to main
11-03 11:23:53.422595  1686  1686 I WearPower: [WearTouchMediator] changing touch input to enabled (ON_AUTO)
11-03 11:23:53.423411  1686  1759 I InputReader: Reconfiguring input devices.  changes=0x00000200
11-03 11:23:53.432910  2520 12978 D HOME    : [WatchStreamDB]Item alerting conditions - isInterruptive: true, recentlyInterrupted: true, isItemPinned: true, isUnread: true
11-03 11:23:53.434397  2520 12978 D HOME    : [StreamAlertingRegulator]isTheaterModeEnabled: false, isAlertingAllowedByOffBody: true, matchesLocalInterruptionFilter: true
--------- switch to kernel
11-03 11:23:53.299151     0     0 I CPU3    : update cpu_capacity 1024
11-03 11:23:53.300733     0     0 I CPU3    : shutdown
--------- switch to main
11-03 11:23:53.437317  2520 12978 D DynamicBucketRankerImpl: StreamItemIdAndRevision{notifKey=-1|android|51|null|1000, packageName=android, id=51, revision=4913, originalRevision=4218, updateCount=5} in bucket #9 (ChronologicalBucket)
11-03 11:23:53.438849  2520 12978 D HOME    : [WatchStreamDB]TopLevelStreamItem{item=StreamItem(StreamItemIdAndRevision{notifKey=-1|android|51|null|1000, packageName=android, id=51, revision=4913, originalRevision=4218, updateCount=5},AutoValue_StreamItemData{hidden=NOT_HIDDEN, title=24 chars, remoteNodeId=null, originalPackageName=android, localPackageName=android, tag=null, appName=Système Android, postTime=1635935033360, lastDiffedTime=1635935033360, lastPostedInterruptiveTime=1635935033360, user=UserHandle{-1}, onlyAlertOnce=false, vibrationPattern=null, isInterruptive=false, isGroupSummary=false, dismissalId=null, bridgeTag=null, isAncs=false}), parentAtChildPostTime=null} ranked at index 0
--------- switch to system
11-03 11:23:53.441088  1686  1702 W BroadcastQueue: Background execution not allowed: receiving Intent { act=android.intent.action.USER_PRESENT flg=0x10 } to com.google.android.gms/.auth.setup.devicesignals.LockScreenReceiver
--------- switch to main
11-03 11:23:53.441992  1956  1956 D QtiCarrierConfigHelper: WARNING, no carrier configs on phone Id: 0
11-03 11:23:53.440351  2520 12978 D HOME    : [WatchStreamDB]Item alerting conditions - isInterruptive: true, recentlyInterrupted: true, isItemPinned: true, isUnread: true
11-03 11:23:53.442676  2520 12978 D HOME    : [StreamAlertingRegulator]isTheaterModeEnabled: false, isAlertingAllowedByOffBody: true, matchesLocalInterruptionFilter: true
11-03 11:23:53.443112  2520 12978 D HOME    : [WatchStreamDB]couldItemAlert: true, isTopItemChanged: true, isDeferralForTopItem: false
11-03 11:23:53.444057  3205  3434 W WorkController: Loading failed for worker [trainingcache]: worker not found
11-03 11:23:53.444045  2520 12978 D HOME    : [WatchStreamDB]Record alert: StreamAlertData[itemId:StreamItemIdAndRevision{notifKey=-1|android|51|null|1000, packageName=android, id=51, revision=4913, originalRevision=4218, updateCount=5}, alertingId:StreamItemIdAndRevision{notifKey=-1|android|51|null|1000, packageName=android, id=51, revision=4913, originalRevision=4218, updateCount=5}, vibration:null, alertOnlyOnce:false
11-03 11:23:53.444772  3205  3372 W A       : TrainingCache cache DEVICE_UNLOCKED failure
11-03 11:23:53.444772  3205  3372 W A       : com.google.android.apps.gsa.search.core.service.h.a.a: No worker found for Worker ID [trainingcache].
11-03 11:23:53.444772  3205  3372 W A       : 	at com.google.android.apps.gsa.search.core.service.g.a.c.a(Unknown Source:5)
11-03 11:23:53.444772  3205  3372 W A       : 	at com.google.android.libraries.gsa.c.a.d.a(Unknown Source:3)
11-03 11:23:53.444772  3205  3372 W A       : 	at com.google.common.p.a.cg.c(Unknown Source:2)
11-03 11:23:53.444772  3205  3372 W A       : 	at com.google.common.p.a.bk.run(SourceFile:3)
11-03 11:23:53.444772  3205  3372 W A       : 	at com.google.common.p.a.ci.run(Unknown Source:4)
11-03 11:23:53.444772  3205  3372 W A       : 	at com.google.apps.tiktok.concurrent.ab.run(SourceFile:1)
11-03 11:23:53.444772  3205  3372 W A       : 	at java.util.concurrent.ThreadPoolExecutor.runWorker(ThreadPoolExecutor.java:1167)
11-03 11:23:53.444772  3205  3372 W A       : 	at java.util.concurrent.ThreadPoolExecutor$Worker.run(ThreadPoolExecutor.java:641)
11-03 11:23:53.444772  3205  3372 W A       : 	at com.google.apps.tiktok.concurrent.c.run(Unknown Source:4)
11-03 11:23:53.444772  3205  3372 W A       : 	at java.lang.Thread.run(Thread.java:764)
11-03 11:23:53.445386  2520 12978 D HOME    : [StreamVibrator]maybeVibrate. isAllowed: true
11-03 11:23:53.445545  2520 12978 D HOME    : [StreamVibrator]hasVibrationPattern: false
11-03 11:23:53.445685  2520 12978 D HOME    : [StreamVibrator]vibratePattern: null
11-03 11:23:53.445962  2520 12978 D HOME    : [StreamVibrator]isPluggedIn: false
11-03 11:23:53.446136  2520 12978 D HOME    : [StreamVibrator]sendAccessibilityEvent packageName: android
11-03 11:23:53.446189  2520 12978 D HOME    : [StreamVibrator]AccessibilityManager is not enabled
11-03 11:23:53.447392  2520 12978 D HOME    : [StreamDBQueue]Promised revision #4914 to queue a new op
11-03 11:23:53.447522  2520 12978 D WatchStreamManager: Promised unpin-items @ r#4914
11-03 11:23:53.447780  2520 12978 D HOME    : [StreamAdapter]onStreamChange StreamChangeEvent[modified=1, removed=0, modifiedTop=1, removedTop=0, reorder=true, possibleAlertingItem=exists]
