11-03 09:59:39.839842  2520 11644 D HOME    : [WatchStreamDB]Item alerting conditions - isInterruptive: false, recentlyInterrupted: false, isItemPinned: false, isUnread: false
11-03 09:59:39.840769  2520 11644 D HOME    : [StreamAlertingRegulator]isTheaterModeEnabled: false, isAlertingAllowedByOffBody: true, matchesLocalInterruptionFilter: true
11-03 09:59:39.843019  2520 11644 D HOME    : [WatchStreamDB]couldItemAlert: false, isTopItemChanged: false, isDeferralForTopItem: false
11-03 09:59:39.844487  2520 11644 D HOME    : [WatchStreamDB]updateRanking()
11-03 09:59:39.846036  2520 11644 D HOME    : [WatchStreamDB]Item alerting conditions - isInterruptive: false, recentlyInterrupted: false, isItemPinned: false, isUnread: false
11-03 09:59:39.846888  2520 11644 D HOME    : [StreamAlertingRegulator]isTheaterModeEnabled: false, isAlertingAllowedByOffBody: true, matchesLocalInterruptionFilter: true
11-03 09:59:39.847642  2520 11644 D HOME    : [WatchStreamDB]couldItemAlert: false, isTopItemChanged: false, isDeferralForTopItem: false
11-03 09:59:39.849552  2520 11644 D HOME    : [NewStreamAdapter]Publishing revision #3830 to adapter clients
--------- switch to kernel
11-03 09:59:39.741835     0     0 I CPU3    : update max cpu_capacity 1024
11-03 09:59:39.878827     0     0 I PM      : suspend entry 2021-11-03 08:59:39.878827538 UTC
11-03 09:59:39.878854     0     0 I PM      : Syncing filesystems ...
11-03 09:59:39.882576     0     0 W         : IRQ21 no longer affine to CPU2
11-03 09:59:39.884317     0     0 I CPU2    : shutdown
11-03 09:59:39.892198     0     0 I init    : Command 'write /sys/devices/system/cpu/cpu2/online 0' action=ro.enable_core_ctl=true && sys.cw_corectl_mode=idle (/vendor/etc/init/hw/init.qcom.rc:951) took 108ms and succeeded
11-03 09:59:39.923749     0     0 I         : done.
11-03 09:59:39.966983     0     0 I CPU3    : shutdown
11-03 09:59:39.970024     0     0 I         : Freezing user space processes ...
11-03 09:59:39.975082     0     0 I CPU0    : update max cpu_capacity 748
11-03 09:59:39.977991     0     0 I PM      : Wakeup pending, aborting suspend
11-03 09:59:39.978081     0     0 I         : active wakeup source: NETLINK
11-03 09:59:39.978165     0     0 E         : Freezing of tasks aborted after 0.008 seconds
11-03 09:59:39.978190     0     0 I         : Restarting tasks ...
11-03 09:59:39.979511     0     0 W QSEECOM : qseecom_receive_req: Interrupted: exiting Listener Service = 10
11-03 09:59:39.979603     0     0 W QSEECOM : qseecom_receive_req: Interrupted: exiting Listener Service = 28672
11-03 09:59:39.979654     0     0 W QSEECOM : qseecom_receive_req: Interrupted: exiting Listener Service = 11
11-03 09:59:39.985518     0     0 W QSEECOM : qseecom_receive_req: Interrupted: exiting Listener Service = 12288
11-03 09:59:39.985827     0     0 W QSEECOM : qseecom_receive_req: Interrupted: exiting Listener Service = 8192
11-03 09:59:39.987506     0     0 I init    : Command 'write /sys/devices/system/cpu/cpu3/online 0' action=ro.enable_core_ctl=true && sys.cw_corectl_mode=idle (/vendor/etc/init/hw/init.qcom.rc:952) took 94ms and succeeded
11-03 09:59:39.988872     0     0 I         : done.
11-03 09:59:39.990436     0     0 I PM      : suspend exit 2021-11-03 08:59:39.990436496 UTC
11-03 09:59:40.194810     0     0 I PM      : suspend entry 2021-11-03 08:59:40.194810194 UTC
--------- switch to system
11-03 10:00:09.027051  1686  1686 I PowerManagerService: Waking up from dozing (uid=1000 reason=tiltToWake)...
--------- switch to kernel
11-03 09:59:40.194833     0     0 I PM      : Syncing filesystems ... done.
11-03 09:59:40.255755     0     0 I         : Freezing user space processes ... (elapsed 0.010 seconds) done.
11-03 09:59:40.266097     0     0 I         : Freezing remaining freezable tasks ... (elapsed 0.005 seconds) done.
11-03 09:59:40.271746     0     0 I         : Suspending console(s) (use no_console_suspend to debug)
11-03 09:59:40.285996     0     0 I mdss_dsi_panel_set_idle_mode: Idle (1->1)
11-03 09:59:40.324722     0     0 I bgcom   : bgcom_pm_suspend: suspended with : 0
11-03 09:59:40.354797     0     0 I PM      : suspend of devices complete after 79.503 msecs
11-03 09:59:40.363347     0     0 I PM      : late suspend of devices complete after 8.500 msecs
11-03 09:59:40.369407     0     0 I PM      : noirq suspend of devices complete after 6.020 msecs
11-03 09:59:40.369423     0     0 I         : Disabling non-boot CPUs ...
11-03 09:59:40.390423     0     0 W         : IRQ21 no longer affine to CPU1
11-03 09:59:40.392297     0     0 I CPU1    : shutdown
11-03 09:59:40.394660     0     0 I suspend ns: 3352347137915	suspend cycles:    1180180399147
11-03 09:59:40.394636     0     0 I CPU0    : msm_cpu_pm_enter_sleep mode:3 during suspend
11-03 09:59:40.394636     0     0 I         : Suspended for 28.528 seconds
11-03 09:59:40.394636     0     0 I resume cycles: 1180728155059
11-03 09:59:40.395189     0     0 I         : Enabling non-boot CPUs ...
11-03 09:59:40.396056     0     0 I CPU1    : update cpu_capacity 1024
11-03 09:59:40.397537     0     0 I         : CPU1 is up
11-03 09:59:40.399050     0     0 I CPU1    : update max cpu_capacity 748
11-03 09:59:40.401368     0     0 I PM      : noirq resume of devices complete after 3.502 msecs
11-03 09:59:40.407098     0     0 I PM      : early resume of devices complete after 4.272 msecs
11-03 09:59:40.436395     0     0 I bgcom   : bgcom_pm_resume: Bgcom resumed with : 0
11-03 09:59:40.446469     0     0 I mdss_dsi_panel_set_idle_mode: Idle (1->1)
11-03 09:59:40.484103     0     0 I PM      : resume of devices complete after 76.937 msecs
11-03 09:59:40.488336     0     0 I         : Restarting tasks ...
11-03 09:59:40.493217     0     0 W QSEECOM : qseecom_receive_req: Interrupted: exiting Listener Service = 12288
11-03 09:59:40.495944     0     0 W QSEECOM : qseecom_receive_req: Interrupted: exiting Listener Service = 8192
11-03 09:59:40.496018     0     0 W QSEECOM : qseecom_receive_req: Interrupted: exiting Listener Service = 11
11-03 09:59:40.496061     0     0 W QSEECOM : qseecom_receive_req: Interrupted: exiting Listener Service = 10
11-03 09:59:40.496100     0     0 W QSEECOM : qseecom_receive_req: Interrupted: exiting Listener Service = 28672
11-03 09:59:40.507097     0     0 I         : done.
11-03 10:00:09.037196     0     0 I PM      : suspend exit 2021-11-03 09:00:09.037196328 UTC
--------- switch to system
11-03 10:00:09.051112  1686  1686 W UsageStatsService: Event reported without a package name
--------- switch to kernel
11-03 10:00:09.058700     0     0 E FG      : fg_psy_get_property: unsupported property 7
11-03 10:00:08.952903     0     0 W healthd : battery l=19 v=3749 t=27.0 h=2 st=3 c=9 fc=443000 cc=0 chg=
--------- switch to main
11-03 10:00:09.092686   512   512 I sensors-hal: batch:140, android.sensor.light/46, period=100000000, max_latency=0
11-03 10:00:09.092858   512   512 I sensors-hal: batch:149, android.sensor.light/46, period=100000000, max_latency=0 request completed
11-03 10:00:09.099205   512   512 I sensors-hal: activate:107, android.sensor.light/46 en=1
11-03 10:00:09.100020   512   512 I sensors-hal: ssc_enable_rt_task:254, ssc_enable_rt_task : true
11-03 10:00:09.105885   512   512 I sensors-hal: activate:118, android.sensor.light/46 en=1 completed
11-03 10:00:09.109349   512   512 I sensors-hal: batch:140, android.sensor.accelerometer/48, period=66667000, max_latency=100000000
11-03 10:00:09.109491   512   512 I sensors-hal: batch:149, android.sensor.accelerometer/48, period=66667000, max_latency=100000000 request completed
11-03 10:00:09.111438  1686  1823 I SidekickService: endDisplayLocked()
--------- switch to system
11-03 10:00:09.112266  1686  1710 I DisplayManagerService: Display device changed state: "Écran intégré", ON
--------- switch to main
11-03 10:00:09.112319   416   416 D SKGHAL  : sendAmbientEvent: enter: enable = 0
11-03 10:00:09.113130   512   512 I sensors-hal: activate:107, android.sensor.accelerometer/48 en=1
11-03 10:00:09.113782   512   512 I sensors-hal: ssc_enable_rt_task:254, ssc_enable_rt_task : true
11-03 10:00:09.117243   512   512 I sensors-hal: activate:118, android.sensor.accelerometer/48 en=1 completed
11-03 10:00:09.126703  1956  1956 D QtiCarrierConfigHelper: WARNING, no carrier configs on phone Id: 0
11-03 10:00:09.128523  1686  1799 E WifiStateMachine: getWifiLinkLayerStats called without an interface
11-03 10:00:09.128913  2520  2520 D HOME    : [BatteryChange]action: android.intent.action.BATTERY_CHANGED
11-03 10:00:09.130111  2520 11756 D HOME    : [BatteryChange]HandleBatteryChangedTask
11-03 10:00:09.141645  2520 11756 D HOME    : [BatteryChange]level: 19, status: 3
11-03 10:00:09.151805  3205  3434 W WorkController: Loading failed for worker [trainingcache]: worker not found
--------- switch to system
11-03 10:00:09.151916  1686  1702 W BroadcastQueue: Background execution not allowed: receiving Intent { act=android.intent.action.USER_PRESENT flg=0x10 } to com.google.android.gms/.auth.setup.devicesignals.LockScreenReceiver
11-03 10:00:09.152221  1686  1702 W BroadcastQueue: Background execution not allowed: receiving Intent { act=android.intent.action.USER_PRESENT flg=0x10 } to com.google.android.gms/.chimera.GmsIntentOperationService$PersistentTrustedReceiver
--------- switch to main
11-03 10:00:09.155308  3205  3372 W A       : TrainingCache cache DEVICE_UNLOCKED failure
11-03 10:00:09.155308  3205  3372 W A       : com.google.android.apps.gsa.search.core.service.h.a.a: No worker found for Worker ID [trainingcache].
11-03 10:00:09.155308  3205  3372 W A       : 	at com.google.android.apps.gsa.search.core.service.g.a.c.a(Unknown Source:5)
11-03 10:00:09.155308  3205  3372 W A       : 	at com.google.android.libraries.gsa.c.a.d.a(Unknown Source:3)
11-03 10:00:09.155308  3205  3372 W A       : 	at com.google.common.p.a.cg.c(Unknown Source:2)
11-03 10:00:09.155308  3205  3372 W A       : 	at com.google.common.p.a.bk.run(SourceFile:3)
11-03 10:00:09.155308  3205  3372 W A       : 	at com.google.common.p.a.ci.run(Unknown Source:4)
11-03 10:00:09.155308  3205  3372 W A       : 	at com.google.apps.tiktok.concurrent.ab.run(SourceFile:1)
11-03 10:00:09.155308  3205  3372 W A       : 	at java.util.concurrent.ThreadPoolExecutor.runWorker(ThreadPoolExecutor.java:1167)
11-03 10:00:09.155308  3205  3372 W A       : 	at java.util.concurrent.ThreadPoolExecutor$Worker.run(ThreadPoolExecutor.java:641)
11-03 10:00:09.155308  3205  3372 W A       : 	at com.google.apps.tiktok.concurrent.c.run(Unknown Source:4)
11-03 10:00:09.155308  3205  3372 W A       : 	at java.lang.Thread.run(Thread.java:764)
11-03 10:00:09.157209  4243  4243 D OMService: onDisplayChanged: not dozing
11-03 10:00:09.175813  1686  1759 I InputReader: Reconfiguring input devices.  changes=0x00000004
11-03 10:00:09.178370  1686  1686 I WearPower: [WearTouchMediator] changing touch input to enabled (ON_AUTO)
11-03 10:00:09.179140  1686  1759 I InputReader: Reconfiguring input devices.  changes=0x00000200
--------- switch to kernel
11-03 10:00:09.072461     0     0 I init    : processing action (ro.enable_core_ctl=true && sys.cw_corectl_mode=perf) from (/vendor/etc/init/hw/init.qcom.rc:954)
11-03 10:00:09.073765     0     0 I CPU2    : update cpu_capacity 1024
--------- switch to main
11-03 10:00:09.193274  1686  1686 D WristGestureCtrl: Starting: GesturesEnabled-false UngazeEnabled-true
11-03 10:00:09.193380  1686  1686 D DefaultUngazeDetector: starting
11-03 10:00:09.193444  1686  1686 D DefaultUngazeDetector: startUngazeStateEstimation(). startTime = 61488623
11-03 10:00:09.194272  1686  1686 W AlarmManagerProxy: Removing unknown listener
11-03 10:00:09.195046   512   512 I sensors-hal: batch:140, android.sensor.accelerometer/48, period=19231000, max_latency=100000000
11-03 10:00:09.195642  1686  1686 W DefaultSettingsContentR: Value for ambient_low_bit_enabled not stored as number. Attempting parse as boolean.
11-03 10:00:09.196633   512   512 I sensors-hal: batch:149, android.sensor.accelerometer/48, period=19231000, max_latency=100000000 request completed
11-03 10:00:09.196968   512   512 I sensors-hal: flush:169, android.sensor.accelerometer/48
11-03 10:00:09.198117   512   512 I sensors-hal: flush:175, android.sensor.accelerometer/48 completed
11-03 10:00:09.212102  3205  3434 W WorkController: Loading failed for worker [trainingcache]: worker not found
11-03 10:00:09.213340  3205  3294 W A       : TrainingCache cache SCREEN_ON failure
11-03 10:00:09.213340  3205  3294 W A       : com.google.android.apps.gsa.search.core.service.h.a.a: No worker found for Worker ID [trainingcache].
11-03 10:00:09.213340  3205  3294 W A       : 	at com.google.android.apps.gsa.search.core.service.g.a.c.a(Unknown Source:5)
11-03 10:00:09.213340  3205  3294 W A       : 	at com.google.android.libraries.gsa.c.a.d.a(Unknown Source:3)
11-03 10:00:09.213340  3205  3294 W A       : 	at com.google.common.p.a.cg.c(Unknown Source:2)
11-03 10:00:09.213340  3205  3294 W A       : 	at com.google.common.p.a.bk.run(SourceFile:3)
11-03 10:00:09.213340  3205  3294 W A       : 	at com.google.common.p.a.ci.run(Unknown Source:4)
11-03 10:00:09.213340  3205  3294 W A       : 	at com.google.apps.tiktok.concurrent.ab.run(SourceFile:1)
11-03 10:00:09.213340  3205  3294 W A       : 	at java.util.concurrent.ThreadPoolExecutor.runWorker(ThreadPoolExecutor.java:1167)
11-03 10:00:09.213340  3205  3294 W A       : 	at java.util.concurrent.ThreadPoolExecutor$Worker.run(ThreadPoolExecutor.java:641)
11-03 10:00:09.213340  3205  3294 W A       : 	at com.google.apps.tiktok.concurrent.c.run(Unknown Source:4)
11-03 10:00:09.213340  3205  3294 W A       : 	at java.lang.Thread.run(Thread.java:764)
--------- switch to kernel
11-03 10:00:09.094533     0     0 I CPU3    : update cpu_capacity 1024
11-03 10:00:09.099821     0     0 I CPU1    : update max cpu_capacity 748
11-03 10:00:09.099892     0     0 I CPU2    : update max cpu_capacity 1024
--------- switch to main
11-03 10:00:09.229555  2520  2520 D HOME    : [StreamDBQueue]Promised revision #3831 to queue a new op
11-03 10:00:09.229846  2520  2520 D WatchStreamManager: Promised rank-blocked=true @ r#3831
11-03 10:00:09.230557  2520 11756 D HOME    : [WatchStreamDB]Item alerting conditions - isInterruptive: false, recentlyInterrupted: false, isItemPinned: false, isUnread: false
11-03 10:00:09.230926  2520 11756 D HOME    : [StreamAlertingRegulator]isTheaterModeEnabled: false, isAlertingAllowedByOffBody: true, matchesLocalInterruptionFilter: true
11-03 10:00:09.231153  2520 11756 D HOME    : [WatchStreamDB]couldItemAlert: false, isTopItemChanged: false, isDeferralForTopItem: false
11-03 10:00:09.231820  2520  2714 D HOME    : [TickMonitor]Received time tick
11-03 10:00:09.232015  2520  2714 D HOME    : [TickMonitor]handleTimeTick() finished
--------- switch to kernel
11-03 10:00:09.139550     0     0 I CPU0    : update max cpu_capacity 748
11-03 10:00:09.141738     0     0 I CPU3    : update max cpu_capacity 1024
--------- switch to main
11-03 10:00:09.481971   512 11826 I sensors-hal: handle_indication_realtime:355,  SCHED_FIFO(10) for qmi_cbk
11-03 10:00:09.625263   504   523 I SDM     : DisplayBase::SetDisplayState: Set state = 3, display 0
11-03 10:00:09.625638   504   523 D SDM     : HWCDisplayPrimary::SetStandByMode: Display is connected successfully
11-03 10:00:09.626078   416   416 D SKGHAL  : standBy_update_control call succeed on 0
11-03 10:00:09.626170   416   416 D SKGHAL  : sendAmbientEvent: done: enable = 0
--------- switch to kernel
11-03 10:00:09.479778     0     0 E bgrsb   : bgrsb_enable: rsb will set report rate
--------- switch to main
11-03 10:00:09.627220  1686  1823 D SidekickService:    ... endDisplay returns void
--------- switch to kernel
11-03 10:00:09.515547     0     0 E bgrsb   : bgrsb_enable: gpio 32 is valid
11-03 10:00:09.516956     0     0 I         : [touch]FB_BLANK_VSYNC_SUSPEND
11-03 10:00:09.516963     0     0 I         : [touch]Already in suspend state
--------- switch to main
11-03 10:00:09.629357   545   545 D SurfaceFlinger: Set power mode=2, type=0 flinger=0xb6bb6000
11-03 10:00:09.630238   504   762 I SDM     : DisplayBase::SetDisplayState: Set state = 1, display 0
11-03 10:00:09.642303   545   545 D SurfaceFlinger: Finished set power mode=2, type=0
--------- switch to system
11-03 10:00:09.647177  1686  1712 W PowerManagerService: Screen on took 735 ms
11-03 10:00:09.647721  1686  1712 I DreamManagerService: Gently waking up from dream.
11-03 10:00:09.649114  1686  1708 I DreamManagerService: Performing gentle wake from dream.
--------- switch to kernel
11-03 10:00:09.529471     0     0 I mdss_dsi_panel_set_idle_mode: Idle (1->0)
11-03 10:00:09.530639     0     0 E mdp3_enable_panic_ctrl: mdp3_enable_panic_ctrl: Enable Panic Control
11-03 10:00:09.530757     0     0 I         : [touch]FB_BLANK_UNBLANK
11-03 10:00:09.530766     0     0 I         : [touch]raydium_ts_do_resume, 1.
11-03 10:00:09.531727     0     0 I         : [ raydium ]workqueue is empty!
11-03 10:00:09.531753     0     0 I raydium_ts 5-0039: [touch]Already enable irq
11-03 10:00:09.531757     0     0 I         : [touch]Device may wakeup
--------- switch to system
11-03 10:00:09.650933  1686  1686 V DreamService[AmbientDream]: wakeUp(): fromSystem=true, mWaking=false, mFinished=false
11-03 10:00:09.651156  1686  1686 V DreamService[AmbientDream]: finish(): mFinished=false
11-03 10:00:09.651295  1686  1686 I DreamManagerService: Leaving dreamland.
11-03 10:00:09.652480  1686  1708 I DreamManagerService: Performing gentle wake from dream.
11-03 10:00:09.652710  1686  1708 I DreamController: Stopping dream: name=ComponentInfo{com.google.android.wearable.ambient/com.google.android.wearable.ambient.AmbientDream}, isTest=false, canDoze=true, userId=0
11-03 10:00:09.655247  1686  1686 V DreamService[AmbientDream]: detach(): Calling onDreamingStopped()
--------- switch to main
11-03 10:00:09.655981  1686  1686 I AmbientService: [ce6a28c] doOnDreamingStopped
11-03 10:00:09.656102  1686  1686 W AlarmManagerProxy: Removing unknown listener
11-03 10:00:09.661881  1686  1686 I AmbientService: [ce6a28c] No auto-resume Activity.
11-03 10:00:09.665442  1686  1686 W AlarmManager: Unrecognized alarm listener com.android.server.job.controllers.-$$Lambda$IdleController$IdlenessTracker$nTdS-lGBXcES5VWKcJFmQFgU7IU@1ab437a
11-03 10:00:09.669052  2520  2520 D HOME    : [HomeVisitsLogger]Logging streamlet event: visit_start
11-03 10:00:09.669972  2520  2520 D HOME    : [HomeVisitsLogger]Logging streamlet event: exit_ambient_mode
--------- switch to system
11-03 10:00:09.670049  1686  1686 W ContextImpl: Calling a method in the system process without a qualified user: android.app.ContextImpl.sendBroadcast:1020 android.content.ContextWrapper.sendBroadcast:449 com.google.android.wearable.ambient.AmbientDream.onDestroy:273 android.app.ActivityThread.handleStopService:3698 android.app.ActivityThread.access$1700:200 
--------- switch to main
11-03 10:00:09.671100  2520  2520 D HOME    : [HotwordController]updateClient MODE_WATCH_FACE false false false true
11-03 10:00:09.671536  1686  1686 E AlarmManager: cancel() called with a null PendingIntent
--------- switch to system
11-03 10:00:09.672401  1686  1686 V DreamService[AmbientDream]: onDestroy()
--------- switch to main
11-03 10:00:09.673514  2520  2520 D HOME    : [WatchFaceUiController]setInAmbientMode false
11-03 10:00:09.673700  2520  2520 D HOME    : [WatchFaceUiController]sendWatchFaceServiceBinder
11-03 10:00:09.684251  2520  2520 D HOME    : [WatchFaceUiController]sendStateToWallpaper
11-03 10:00:09.689909  2520  2520 D HOME    : [WatchFaceUiController]Showing watch face wallpaper.
11-03 10:00:09.690478  2520  2520 D HOME    : [WatchFaceUiController]sendStateToWallpaper
11-03 10:00:09.697007  2520  2520 D HOME    : [StreamDBQueue]Promised revision #3832 to queue a new op
11-03 10:00:09.697569  2520  2520 D WatchStreamManager: Promised rank-blocked=true @ r#3832
11-03 10:00:09.698895  2520  2520 D HOME    : [StreamDBQueue]Promised revision #3833 to queue a new op
11-03 10:00:09.699231  2520  2520 D WatchStreamManager: Promised rank-blocked=true @ r#3833
11-03 10:00:09.699604  2520 11644 D HOME    : [WatchStreamDB]Item alerting conditions - isInterruptive: false, recentlyInterrupted: false, isItemPinned: false, isUnread: false
11-03 10:00:09.700366  2520 11644 D HOME    : [StreamAlertingRegulator]isTheaterModeEnabled: false, isAlertingAllowedByOffBody: true, matchesLocalInterruptionFilter: true
11-03 10:00:09.700564  2520  2520 D HOME    : [TilesController]Tile refresh optimization is enabled.
11-03 10:00:09.701028  2520 11644 D HOME    : [WatchStreamDB]couldItemAlert: false, isTopItemChanged: false, isDeferralForTopItem: false
11-03 10:00:09.702950  2520 11078 D HOME    : [DataRequester]cancelScheduledUpdates TileConfig{id=-1, provider=ComponentInfo{com.google.android.wearable.app/com.google.android.clockwork.home.jovi.tile.JoviTileProviderService}}
11-03 10:00:09.702900  2520  2520 D HOME    : [EventBus]Wrapper pool is full. Discarding excess wrapper instance for event com.google.android.clockwork.sysui.events.KeyguardStateEvent
11-03 10:00:09.703241  2520  2520 D HOME    : [WatchFaceUiController]sendStateToWallpaper
11-03 10:00:09.706877  2520 11644 D HOME    : [WatchStreamDB]Item alerting conditions - isInterruptive: false, recentlyInterrupted: false, isItemPinned: false, isUnread: false
11-03 10:00:09.707599  2520 11644 D HOME    : [StreamAlertingRegulator]isTheaterModeEnabled: false, isAlertingAllowedByOffBody: true, matchesLocalInterruptionFilter: true
11-03 10:00:09.707599  2520  2520 D HOME    : [EventBus]Wrapper pool is full. Discarding excess wrapper instance for event com.google.android.clockwork.sysui.events.KeyguardStateEvent
11-03 10:00:09.708462  2520  2520 D HOME    : [EventBus]Wrapper pool is full. Discarding excess wrapper instance for event com.google.android.clockwork.sysui.events.KeyguardStateEvent
11-03 10:00:09.708529  2520 11644 D HOME    : [WatchStreamDB]couldItemAlert: false, isTopItemChanged: false, isDeferralForTopItem: false
11-03 10:00:09.723329  2520  2520 D HOME    : [WatchFaceUiController]sendStateToWallpaper
11-03 10:00:09.724258   512 11824 I sensors-hal: handle_indication_realtime:355,  SCHED_FIFO(10) for qmi_cbk
11-03 10:00:09.724738  2520 11078 D HOME    : [DataRequester]requestUpdateFromProvider TileConfig{id=-1, provider=ComponentInfo{com.google.android.wearable.app/com.google.android.clockwork.home.jovi.tile.JoviTileProviderService}}
11-03 10:00:09.733667  2520  2520 W StaticLayout: maxLineHeight should not be -1.  maxLines:1 lineCount:1
11-03 10:00:09.748191  2520 11078 D HOME    : [DataRequester]cancelScheduledUpdates TileConfig{id=2, provider=ComponentInfo{com.google.android.wearable.app/com.google.android.clockwork.home.calendar.AgendaTileProviderService}}
11-03 10:00:09.753633  2520 11078 D HOME    : [DataRequester]requestUpdateFromProvider TileConfig{id=2, provider=ComponentInfo{com.google.android.wearable.app/com.google.android.clockwork.home.calendar.AgendaTileProviderService}}
11-03 10:00:09.788324  2520  2520 D HOME    : [AgendaController]loadEvents
11-03 10:00:09.790542  2520  2520 D HOME    : [JoviUpdater]background update started
11-03 10:00:09.792382  2520  2520 D HOME    : [LocationOracleImpl]Fetching last known location.
11-03 10:00:09.792380  2520 10917 D HOME    : [AgendaController]Fetching event data for window: EventWindow{Wed Nov 03 00:00:00 GMT+01:00 2021,Fri Nov 05 23:59:59 GMT+01:00 2021}
11-03 10:00:09.792699  2520  2520 D HOME    : [AccountOracleImpl]Fetching account of type: com.google
11-03 10:00:09.792879  2520 10917 D HOME    : [CwCal]CalendarEventsResolver:queryCalendarEventInstances:window=EventWindow{Wed Nov 03 00:00:00 GMT+01:00 2021,Fri Nov 05 23:59:59 GMT+01:00 2021}
11-03 10:00:09.794148  2520 11200 D HOME    : [CwCal]CalendarEventsResolver:queryCalendarEventInstances:window=EventWindow{Wed Nov 03 00:00:00 GMT+01:00 2021,Thu Nov 04 23:59:59 GMT+01:00 2021}
11-03 10:00:09.808481  2520  2520 W GmsAccountProvider: No accounts found.
11-03 10:00:09.808655  2520  2520 E HOME    : [OAuthOracleImpl]Account not found.
11-03 10:00:09.818086  2520  4738 E HOME    : [GetCardsRpc]One or more asynchronous tasks failed.
11-03 10:00:09.818086  2520  4738 E HOME    : android.accounts.AccountsException: Account not found.
11-03 10:00:09.818086  2520  4738 E HOME    : 	at djj.a(AW782433232:2)
11-03 10:00:09.818086  2520  4738 E HOME    : 	at dxa.d(AW782433232:6)
11-03 10:00:09.818086  2520  4738 E HOME    : 	at dwx.a(Unknown Source:3)
11-03 10:00:09.818086  2520  4738 E HOME    : 	at ltg.c(Unknown Source:2)
11-03 10:00:09.818086  2520  4738 E HOME    : 	at lsr.run(AW782433232:3)
11-03 10:00:09.818086  2520  4738 E HOME    : 	at lti.run(Unknown Source:4)
11-03 10:00:09.818086  2520  4738 E HOME    : 	at android.os.Handler.handleCallback(Handler.java:873)
11-03 10:00:09.818086  2520  4738 E HOME    : 	at android.os.Handler.dispatchMessage(Handler.java:99)
11-03 10:00:09.818086  2520  4738 E HOME    : 	at android.os.Looper.loop(Looper.java:193)
11-03 10:00:09.818086  2520  4738 E HOME    : 	at android.app.ActivityThread.main(ActivityThread.java:6680)
11-03 10:00:09.818086  2520  4738 E HOME    : 	at java.lang.reflect.Method.invoke(Native Method)
11-03 10:00:09.818086  2520  4738 E HOME    : 	at com.android.internal.os.RuntimeInit$MethodAndArgsCaller.run(RuntimeInit.java:493)
11-03 10:00:09.818086  2520  4738 E HOME    : 	at com.android.internal.os.ZygoteInit.main(ZygoteInit.java:858)
11-03 10:00:09.825461  2520  2520 D HOME    : [WatchFaceUiController]sendWatchFaceServiceBinder
11-03 10:00:09.830728  2520  2520 D HOME    : [WatchFaceUiController]sendProperties
11-03 10:00:09.833247  2520  2520 D HOME    : [WatchFaceUiController]sendStateToWallpaper
11-03 10:00:09.839592  2520  4738 D HOME    : [AccountOracleImpl]Fetching account of type: com.google
11-03 10:00:09.851031  2520  4738 W GmsAccountProvider: No accounts found.
11-03 10:00:09.851180  2520  4738 D HOME    : [LocPermissionChecker]No account present for location permissions.
11-03 10:00:09.853229  2520  4738 W HOME    : [UpdateController]Data update failed
11-03 10:00:09.853229  2520  4738 W HOME    : djr: Some cache updates failed
11-03 10:00:09.853229  2520  4738 W HOME    : 	at dkh.b(Unknown Source:27)
11-03 10:00:09.853229  2520  4738 W HOME    : 	at mhz.bd(AW782433232:2)
11-03 10:00:09.853229  2520  4738 W HOME    : 	at lqz.f(Unknown Source:2)
11-03 10:00:09.853229  2520  4738 W HOME    : 	at lrb.run(AW782433232:9)
11-03 10:00:09.853229  2520  4738 W HOME    : 	at java.util.concurrent.ThreadPoolExecutor.runWorker(ThreadPoolExecutor.java:1167)
11-03 10:00:09.853229  2520  4738 W HOME    : 	at java.util.concurrent.ThreadPoolExecutor$Worker.run(ThreadPoolExecutor.java:641)
11-03 10:00:09.853229  2520  4738 W HOME    : 	at java.lang.Thread.run(Thread.java:764)
11-03 10:00:09.856015  2520  2520 D HOME    : [AccountOracleImpl]Fetching account of type: com.google
11-03 10:00:09.871577  2520  2520 W GmsAccountProvider: No accounts found.
11-03 10:00:09.872363  2520  2520 D HOME    : [AgendaController]Obtained events in UI thread: []
11-03 10:00:09.873359  2520  2520 D HOME    : [EventDiarizer]Constructing with window EventWindow{Wed Nov 03 00:00:00 GMT+01:00 2021,Fri Nov 05 23:59:59 GMT+01:00 2021}
11-03 10:00:09.876370  2520  2520 D HOME    : [AgendaMetricsLogger]eventDataNotPresent
11-03 10:00:09.877364  2520 11200 D HOME    : [DataRequester]cancelScheduledUpdates TileConfig{id=2, provider=ComponentInfo{com.google.android.wearable.app/com.google.android.clockwork.home.calendar.AgendaTileProviderService}}
11-03 10:00:09.877691  2520 11200 D HOME    : [DataRequester]cancelScheduledUpdates could not find jobId for provider 2
11-03 10:00:09.878245  2520 11200 D HOME    : [DataRequester]updateFinished 2
11-03 10:00:09.879932  2520 11200 D HOME    : [ProviderConnMgr]Unbinding from service
11-03 10:00:09.881959  2520  2520 D HOME    : [SurfaceRenderer]maybeRender: hasWindowFocus = true, hasViewFocus = false, hasModelToRender = true, shouldRender = true
11-03 10:00:09.882305  2520  2520 D HOME    : [SurfaceRenderer]cardLifecycleParent: onStart
11-03 10:00:09.882596  2520  2520 D HOME    : [SurfaceRenderer]cardLifecycleParent: onResume
11-03 10:00:09.886209  2520 11200 D HOME    : [DataRequester]Scheduling job for TileConfig{id=2, provider=ComponentInfo{com.google.android.wearable.app/com.google.android.clockwork.home.calendar.AgendaTileProviderService}} delay=14400 jobId=2000147
11-03 10:00:09.894575  1686  2051 I GnssLocationProvider: WakeLock acquired by sendMessage(SET_REQUEST, 0, com.android.server.location.GnssLocationProvider$GpsRequest@81776f8)
11-03 10:00:09.895679   501   501 I LocSvc_GnssInterface: ===> setPositionMode line 269 
11-03 10:00:09.896179   501   501 I LocSvc_GnssInterface: ===> start line 208 
11-03 10:00:09.896264   501   501 I LocSvc_APIClientBase: locAPIStartTracking:342] start new session: 60
11-03 10:00:09.896496   501  1894 I LocSvc_api_v02: ---> locClientSendReq line 2298 QMI_LOC_REG_EVENTS_REQ_V02
11-03 10:00:09.897520  1686  1701 I GnssLocationProvider: WakeLock released by handleMessage(SET_REQUEST, 0, com.android.server.location.GnssLocationProvider$GpsRequest@81776f8)
11-03 10:00:09.898003   501  1894 I LocSvc_api_v02: ---> locClientSendReq line 2298 QMI_LOC_SET_OPERATION_MODE_REQ_V02
11-03 10:00:09.899039   501  1904 I LocSvc_ApiV02: <--- globalRespCb line 178 QMI_LOC_SET_OPERATION_MODE_REQ_V02
11-03 10:00:09.899302   501  1894 I LocSvc_api_v02: ---> locClientSendReq line 2298 QMI_LOC_START_REQ_V02
11-03 10:00:09.911072  2520  2520 D HOME    : [JoviUpdater]background update succeeded
11-03 10:00:09.915735  2520 11200 D HOME    : [DataRequester]cancelScheduledUpdates TileConfig{id=-1, provider=ComponentInfo{com.google.android.wearable.app/com.google.android.clockwork.home.jovi.tile.JoviTileProviderService}}
11-03 10:00:09.916170  2520 11200 D HOME    : [DataRequester]cancelScheduledUpdates could not find jobId for provider -1
11-03 10:00:09.917098  2520 11200 D HOME    : [DataRequester]updateFinished -1
11-03 10:00:09.917274  2520 11200 D HOME    : [ProviderConnMgr]Unbinding from service
11-03 10:00:09.920296  2520 11200 D HOME    : [DataRequester]Scheduling job for TileConfig{id=-1, provider=ComponentInfo{com.google.android.wearable.app/com.google.android.clockwork.home.jovi.tile.JoviTileProviderService}} delay=14400 jobId=2000148
11-03 10:00:10.178971   512   512 I sensors-hal: activate:107, android.sensor.light/46 en=0
11-03 10:00:10.180117   512   512 I sensors-hal: activate:118, android.sensor.light/46 en=0 completed
11-03 10:00:10.181650   512   512 I sensors-hal: batch:140, android.sensor.light/46, period=250000000, max_latency=0
11-03 10:00:10.181716   512   512 I sensors-hal: batch:149, android.sensor.light/46, period=250000000, max_latency=0 request completed
11-03 10:00:10.182131   512   512 I sensors-hal: activate:107, android.sensor.light/46 en=1
11-03 10:00:10.182477   512   512 I sensors-hal: ssc_enable_rt_task:254, ssc_enable_rt_task : true
11-03 10:00:10.184762   512   512 I sensors-hal: activate:118, android.sensor.light/46 en=1 completed
--------- switch to system
11-03 10:00:10.189739  1686  1686 V SettingsProvider: Notifying for 0: content://settings/system/screen_brightness
--------- switch to main
11-03 10:00:10.192273  1686  1686 I SidekickService: loadBrightnessLocked()
11-03 10:00:10.194143  1686  1686 D SidekickService: screenBrightness  = 56
11-03 10:00:10.194878  1686  1686 D SidekickService: sendConfigValuesLocked(): alsThresholds = [40, 92, 95, 100, 125, 150, 175, 200, 225, 250, 300, 400, 500, 800, 1200], brightnessValuesBright = [50, 56, 60, 70, 80, 90, 100, 115, 120, 140, 160, 180, 200, 220, 240, 255], brightnessValuesDim= [50, 56, 60, 70, 80, 90, 100, 115, 120, 140, 160, 180, 200, 220, 240, 255]
11-03 10:00:10.205186  1686  1686 D SidekickService: setAlsMode(): mode = 2, brightenAlpha = 80, dimmingAlpha = 80
11-03 10:00:10.219206  1686  1686 D SidekickService: setTwmConfig():: msTiltToBright = 10000, tiltToBright = false
11-03 10:00:10.256061   512 11835 I sensors-hal: handle_indication_realtime:355,  SCHED_FIFO(10) for qmi_cbk
11-03 10:00:10.667389   501  1904 I LocSvc_ApiV02: <--- globalEventCb line 152 QMI_LOC_EVENT_POSITION_REPORT_IND_V02
11-03 10:00:10.884270  2520  2520 D HOME    : [SurfaceRenderer]cardLifecycleParent: onPause
11-03 10:00:10.884588  2520  2520 D HOME    : [SurfaceRenderer]cardLifecycleParent: onStop
11-03 10:00:11.666791   501  1904 I LocSvc_ApiV02: <--- globalEventCb line 152 QMI_LOC_EVENT_POSITION_REPORT_IND_V02
11-03 10:00:13.667712   501  1904 I chatty  : uid=1021(gps) Loc identical 2 lines
11-03 10:00:14.667208   501  1904 I LocSvc_ApiV02: <--- globalEventCb line 152 QMI_LOC_EVENT_POSITION_REPORT_IND_V02
11-03 10:00:14.855940  2520 11833 D HOME    : [LocationOracleImpl]Fresh location fetch timed out.
11-03 10:00:14.857062  2520  4738 W HOME    : [LocationOracleImpl]Location fetch failed.
11-03 10:00:14.857062  2520  4738 W HOME    : java.util.concurrent.TimeoutException: Fresh location fetch timed out.
11-03 10:00:14.857062  2520  4738 W HOME    : 	at doo.run(AW782433232:1)
11-03 10:00:14.857062  2520  4738 W HOME    : 	at java.util.TimerThread.mainLoop(Timer.java:562)
11-03 10:00:14.857062  2520  4738 W HOME    : 	at java.util.TimerThread.run(Timer.java:512)
11-03 10:00:14.857429  2520  4738 W HOME    : [GetCardsRpc]making request without location
11-03 10:00:14.870098  1686 10916 I GnssLocationProvider: WakeLock acquired by sendMessage(SET_REQUEST, 0, com.android.server.location.GnssLocationProvider$GpsRequest@bfd1236)
11-03 10:00:14.872572   501   501 I LocSvc_GnssInterface: ===> stop line 218 
11-03 10:00:14.873477   501  1894 I LocSvc_api_v02: ---> locClientSendReq line 2298 QMI_LOC_STOP_REQ_V02
11-03 10:00:14.875809   501  1904 I LocSvc_ApiV02: <--- globalEventCb line 152 QMI_LOC_EVENT_POSITION_REPORT_IND_V02
11-03 10:00:14.876118   501  1894 I LocSvc_api_v02: ---> locClientSendReq line 2298 QMI_LOC_REG_EVENTS_REQ_V02
11-03 10:00:14.880541  1686  1701 I GnssLocationProvider: WakeLock released by handleMessage(SET_REQUEST, 0, com.android.server.location.GnssLocationProvider$GpsRequest@bfd1236)
--------- switch to system
11-03 10:00:15.543704  1686  1712 I PowerManagerService: Going to sleep due to screen timeout (uid 1000)...
11-03 10:00:15.545102  1686  1686 W UsageStatsService: Event reported without a package name
11-03 10:00:15.545269  1686  1712 I DreamManagerService: Entering dreamland.
11-03 10:00:15.546205  1686  1712 I PowerManagerService: Dozing...
11-03 10:00:15.557624  1686  1708 I DreamController: Starting dream: name=ComponentInfo{com.google.android.wearable.ambient/com.google.android.wearable.ambient.AmbientDream}, isTest=false, canDoze=true, userId=0
11-03 10:00:15.576734  1686  1686 W ContextImpl: Calling a method in the system process without a qualified user: android.app.ContextImpl.bindService:1611 android.content.ContextWrapper.bindService:698 com.google.android.wearable.ambient.AmbientDream.onCreate:191 android.app.ActivityThread.handleCreateService:3533 android.app.ActivityThread.access$1300:200 
11-03 10:00:15.579806  1686  1686 W ContextImpl: Calling a method in the system process without a qualified user: android.app.ContextImpl.sendBroadcast:1005 android.content.ContextWrapper.sendBroadcast:444 com.google.android.wearable.ambient.AmbientDream.onCreate:241 android.app.ActivityThread.handleCreateService:3533 android.app.ActivityThread.access$1300:200 
11-03 10:00:15.580562  1686  1686 V DreamService[AmbientDream]: onBind() intent = Intent { act=android.service.dreams.DreamService flg=0x800000 cmp=com.google.android.wearable.ambient/.AmbientDream }
--------- switch to main
11-03 10:00:15.582144  1686  1686 I AmbientService: [ce6a28c] Ambient Created
--------- switch to system
11-03 10:00:15.583447  1686  1686 V DreamService[AmbientDream]: Calling onDreamingStarted()
--------- switch to main
11-03 10:00:15.583727  1686  1686 I AmbientService: [ce6a28c] doOnDreamingStarted
11-03 10:00:15.584593  1686  1686 D SidekickService: setShouldControlDisplay called: true
11-03 10:00:15.596156  1686  1686 I AmbientService: [ce6a28c] Selected running activity for ambient mode: AmbientActivity[component=ComponentInfo{com.google.android.wearable.app/com.google.android.clockwork.home2.activity.HomeActivity2}, callbacks=@210b385, running=true, ambientRequested=true, ambientEnabled=true, offloadEnabled=true]
11-03 10:00:15.596776  1686  1686 I AmbientService: [ce6a28c] Sidekick is ready to display, requesting doze.
11-03 10:00:15.597563  1686  1686 I AmbientService: [ce6a28c] No auto-resume Activity.
11-03 10:00:15.598267  2520  2520 D HOME    : [HomeVisitsLogger]Logging streamlet event: enter_ambient_mode
11-03 10:00:15.598967  2520  2520 D HOME    : [HotwordController]updateClient MODE_WATCH_FACE false true false true
11-03 10:00:15.599047  2520 11644 D HOME    : [HomeVisitsLogger]Logging streamlet event: visit_end
11-03 10:00:15.599474  1686  1686 W DefaultSettingsContentR: Value for ambient_low_bit_enabled not stored as number. Attempting parse as boolean.
11-03 10:00:15.599997  2520  2520 D HOME    : [WatchFaceUiController]setInAmbientMode true
11-03 10:00:15.601635  2520  2520 D HOME    : [StreamDBQueue]Promised revision #3834 to queue a new op
11-03 10:00:15.601925  2520  2520 D WatchStreamManager: Promised rank-blocked=false @ r#3834
11-03 10:00:15.602433  2520  2520 D HOME    : [StreamDBQueue]Promised revision #3835 to queue a new op
11-03 10:00:15.602566  2520  2520 D WatchStreamManager: Promised rank-blocked=false @ r#3835
11-03 10:00:15.603072  2520 11756 D HOME    : [StreamDBQueue]Promised revision #3836 to queue a new op
11-03 10:00:15.603186  2520  2520 D HOME    : [EventBus]Wrapper pool is full. Discarding excess wrapper instance for event com.google.android.clockwork.sysui.events.KeyguardStateEvent
11-03 10:00:15.603189  1686  1686 I AmbientService: [ce6a28c] Showing watch face in offload mode, canceling alarm.
11-03 10:00:15.603221  2520 11756 D WatchStreamManager: Promised rerank @ r#3836
11-03 10:00:15.603242  1686  1686 W AlarmManagerProxy: Removing unknown listener
11-03 10:00:15.603275  2520  2520 D HOME    : [WatchFaceUiController]sendStateToWallpaper
11-03 10:00:15.603327  1686  1686 D WristGestureCtrl: Stopping detectors: GesturesEnabled-false gestureDetector-false ungazeEnabled-true ungaze-true
11-03 10:00:15.603362  1686  1686 D DefaultUngazeDetector: stopping
11-03 10:00:15.604353   512  1749 I sensors-hal: batch:140, android.sensor.accelerometer/48, period=66667000, max_latency=100000000
11-03 10:00:15.605099  2520  2520 D HOME    : [EventBus]Wrapper pool is full. Discarding excess wrapper instance for event com.google.android.clockwork.sysui.events.KeyguardStateEvent
11-03 10:00:15.605381  2520  2520 D HOME    : [EventBus]Wrapper pool is full. Discarding excess wrapper instance for event com.google.android.clockwork.sysui.events.KeyguardStateEvent
11-03 10:00:15.612371  2520  2520 W StaticLayout: maxLineHeight should not be -1.  maxLines:1 lineCount:1
11-03 10:00:15.608492   512  1749 I sensors-hal: batch:149, android.sensor.accelerometer/48, period=66667000, max_latency=100000000 request completed
11-03 10:00:15.616080  2520 11078 D HOME    : [WatchStreamDB]Item alerting conditions - isInterruptive: false, recentlyInterrupted: false, isItemPinned: false, isUnread: false
11-03 10:00:15.619767  2520 11644 I SidekickManager: replaceWatchFaceComponentsImpl(): watchFace = com.google.android.clockwork.decomposablewatchface.WatchFaceDecomposition@bb84c97
11-03 10:00:15.620614  1686  2051 D SidekickService: sendWatchFaceComponents called: watchFace = com.google.android.clockwork.decomposablewatchface.WatchFaceDecomposition@e2921c3shouldReplace = false
11-03 10:00:15.620847  1686  2051 D SidekickService: Check decomposition for calling app com.google.android.wearable.app with uid 10049
11-03 10:00:15.621182  1686  2051 D SidekickService: sendWatchFaceLocked(): shouldReplace = false, mSidekickIsControlling = false, 1 images, 0 fonts, 0 numbers, 0 proportionalFonts, 0 strings
11-03 10:00:15.621231  1686  2051 D SidekickService: ISidekickGraphics#beginResources()...
11-03 10:00:15.622157  1686  2051 D SidekickServiceUtils: bitmapFromDrawable: Returning bitmap directly
11-03 10:00:15.623426  1686  2051 D SidekickService: sendBitmapsLocked(): bounds = RectF(0.0, 0.0, 0.0024038462, 0.0024038462), drawableInfo = {.id = 100000, .width = 1, .height = 1, .display = true, .offsetX = 0.0, .offsetY = 0.0, .rotationInfo = {.hasRotation = false, .pivotX = 0.0, .pivotY = 0.0, .degreesPerDay = 0.0, .degreesPerStep = 0.0, .zeroDegreesTime = {.daysSinceLocalEpoch = 0, .msSinceMidnight = 0}}, .transformInfo = {.transformed = false, .flipX = false, .flipY = false, .flip45 = false, .scaleX = 0.0, .scaleY = 0.0}, .type = GENERIC, .blink = {.blinking = false, .periodOnMs = 0.0, .periodOffMs = 0.0, .startTime = {.daysSinceLocalEpoch = 0, .msSinceMidnight = 0}}, .zOrder = 8, .displayInTwm = true}, image.size() = 84
11-03 10:00:15.624195   416  2389 D SKGHAL  : saveResource: resId = 100000
11-03 10:00:15.624570  1686  2051 D SidekickService: sendBitmapsLocked(): status = 0, bytesUsed = 18
11-03 10:00:15.624736  1686  2051 D SidekickService: ISidekickGraphics#endResources()...
11-03 10:00:15.625350  2520 11078 D HOME    : [StreamAlertingRegulator]isTheaterModeEnabled: false, isAlertingAllowedByOffBody: true, matchesLocalInterruptionFilter: true
11-03 10:00:15.625739  2520 11078 D HOME    : [WatchStreamDB]couldItemAlert: false, isTopItemChanged: false, isDeferralForTopItem: false
11-03 10:00:15.628889  2520 11078 D HOME    : [WatchStreamDB]Item alerting conditions - isInterruptive: false, recentlyInterrupted: false, isItemPinned: false, isUnread: false
11-03 10:00:15.632491  2520 11078 D HOME    : [StreamAlertingRegulator]isTheaterModeEnabled: false, isAlertingAllowedByOffBody: true, matchesLocalInterruptionFilter: true
11-03 10:00:15.633317  2520 11078 D HOME    : [WatchStreamDB]couldItemAlert: false, isTopItemChanged: false, isDeferralForTopItem: false
11-03 10:00:15.633996  2520 11078 D HOME    : [WatchStreamDB]updateRanking()
11-03 10:00:15.634575  2520 11078 D HOME    : [WatchStreamDB]Item alerting conditions - isInterruptive: false, recentlyInterrupted: false, isItemPinned: false, isUnread: false
11-03 10:00:15.634947  2520 11078 D HOME    : [StreamAlertingRegulator]isTheaterModeEnabled: false, isAlertingAllowedByOffBody: true, matchesLocalInterruptionFilter: true
11-03 10:00:15.635234  2520 11078 D HOME    : [WatchStreamDB]couldItemAlert: false, isTopItemChanged: false, isDeferralForTopItem: false
11-03 10:00:15.635892  2520 11078 D HOME    : [NewStreamAdapter]Publishing revision #3836 to adapter clients
11-03 10:00:15.636431  2520 11756 D HOME    : [StreamDBQueue]Promised revision #3837 to queue a new op
11-03 10:00:15.636677  2520 11756 D WatchStreamManager: Promised rerank @ r#3837
11-03 10:00:15.637459  2520 11078 D HOME    : [WatchStreamDB]updateRanking()
11-03 10:00:15.638125  2520 11078 D HOME    : [WatchStreamDB]Item alerting conditions - isInterruptive: false, recentlyInterrupted: false, isItemPinned: false, isUnread: false
--------- switch to kernel
11-03 10:00:15.522463     0     0 E FG      : fg_psy_get_property: unsupported property 7
11-03 10:00:15.526909     0     0 W healthd : battery l=19 v=3645 t=27.0 h=2 st=3 c=178 fc=443000 cc=0 chg=
--------- switch to main
11-03 10:00:15.638480  2520 11078 D HOME    : [StreamAlertingRegulator]isTheaterModeEnabled: false, isAlertingAllowedByOffBody: true, matchesLocalInterruptionFilter: true
11-03 10:00:15.638978  2520 11078 D HOME    : [WatchStreamDB]couldItemAlert: false, isTopItemChanged: false, isDeferralForTopItem: false
11-03 10:00:15.639672  2520 11078 D HOME    : [NewStreamAdapter]Publishing revision #3837 to adapter clients
11-03 10:00:15.642674   512  1749 I sensors-hal: activate:107, android.sensor.light/46 en=0
11-03 10:00:15.643798  1956  1956 D QtiCarrierConfigHelper: WARNING, no carrier configs on phone Id: 0
11-03 10:00:15.644924   512  1749 I sensors-hal: activate:118, android.sensor.light/46 en=0 completed
11-03 10:00:15.647434  2520  2520 D HOME    : [BatteryChange]action: android.intent.action.BATTERY_CHANGED
11-03 10:00:15.649514  2520 11756 D HOME    : [BatteryChange]HandleBatteryChangedTask
11-03 10:00:15.650069  2520 11756 D HOME    : [BatteryChange]level: 19, status: 3
--------- switch to system
11-03 10:00:15.654213  1686  1710 I DisplayManagerService: Display device changed state: "Écran intégré", DOZE_SUSPEND
--------- switch to main
11-03 10:00:15.663331   545   545 D SurfaceFlinger: Set power mode=3, type=0 flinger=0xb6bb6000
11-03 10:00:15.663890   504   764 I SDM     : DisplayBase::SetDisplayState: Set state = 3, display 0
11-03 10:00:15.665989  1686  1759 I InputReader: Reconfiguring input devices.  changes=0x00000004
11-03 10:00:15.724350   545   545 D SurfaceFlinger: Finished set power mode=3, type=0
--------- switch to kernel
11-03 10:00:15.555358     0     0 I mdss_dsi_panel_set_idle_mode: Idle (0->1)
11-03 10:00:15.611535     0     0 I         : [touch]FB_BLANK_VSYNC_SUSPEND
11-03 10:00:15.611542     0     0 I         : [touch]irq disable
11-03 10:00:15.611546     0     0 I         : [touch]workqueue is empty!
11-03 10:00:15.611549     0     0 I         : [touch]raydium_ts_do_suspend.
11-03 10:00:15.611559     0     0 I         : [touch]Device may wakeup
11-03 10:00:15.615363     0     0 I         : [touch]irq enable
--------- switch to main
11-03 10:00:15.861565   416  2389 D SKGHAL  : sendResources: metadata size = 2400, font size = 72
--------- switch to system
11-03 10:00:15.885936  2520  2520 W ViewRootImpl[HomeActivity2]: Dropping event due to no window focus: MotionEvent { action=ACTION_SCROLL, actionButton=0, id[0]=0, x[0]=0.0, y[0]=0.0, toolType[0]=TOOL_TYPE_UNKNOWN, buttonState=0, metaState=0, flags=0x0, edgeFlags=0x0, pointerCount=1, historySize=0, eventTime=3359411, downTime=0, deviceId=2, source=0x400000 }
11-03 10:00:15.896132  2520  2520 W ViewRootImpl[HomeActivity2]: Dropping event due to no window focus: MotionEvent { action=ACTION_SCROLL, actionButton=0, id[0]=0, x[0]=0.0, y[0]=0.0, toolType[0]=TOOL_TYPE_UNKNOWN, buttonState=0, metaState=0, flags=0x0, edgeFlags=0x0, pointerCount=1, historySize=0, eventTime=3359425, downTime=0, deviceId=2, source=0x400000 }
--------- switch to main
11-03 10:00:15.934609   416  2389 D SKGHAL  : endResources: rc = 0
11-03 10:00:15.935791  1686  1823 W system_server: Long monitor contention with owner Binder:1686_7 (2051) at int com.google.android.clockwork.sidekick.SidekickService$BinderService.sendWatchFace(com.google.android.clockwork.decomposablewatchface.WatchFaceDecomposition, boolean)(SidekickService.java:1021) waiters=0 in boolean com.google.android.clockwork.sidekick.SidekickService$LocalService.startDisplayControl(int) for 210ms
11-03 10:00:15.936528  1686  1823 I SidekickService: beginDisplayLocked(): DOZE_SUSPEND
11-03 10:00:15.937086  2520  2520 D HOME    : [SidekickManagerAsync]replaceWatchFaceComponents(): Callback#onResult(): 0
11-03 10:00:15.937329   416  2389 D SKGHAL  : sendAmbientPrepare: enter:
11-03 10:00:15.937401  2520  2520 D HOME    : [WatchFaceUiController]Complication updates sent, posting watch face hiding
11-03 10:00:15.937457  2520  2520 D HOME    : [WatchFaceUiController]Still in ambient watch face, hiding
11-03 10:00:15.937719  2520  2520 D HOME    : [WatchFaceUiController]Hiding watch face wallpaper.
11-03 10:00:16.059018   416  2389 D SKGHAL  : sendAmbientEvent: enter: enable = 1
11-03 10:00:16.059891   504   523 I SDM     : DisplayBase::SetDisplayState: Set state = 4, display 0
11-03 10:00:16.106007   504   523 D SDM     : HWCDisplayPrimary::SetStandByMode: Null display is connected successfully
11-03 10:00:16.106381   416  2389 D SKGHAL  : standBy_update_control call succeed on 1
11-03 10:00:16.120109   416  2389 D SKGHAL  : sendAmbientEvent: done: enable = 1
11-03 10:00:16.121048  1686  1823 D SidekickService:    ... beginDisplay result: 0 for halPower: 1
11-03 10:00:16.126670   512  1749 I sensors-hal: activate:107, android.sensor.accelerometer/48 en=0
11-03 10:00:16.130007   512  1749 I sensors-hal: activate:118, android.sensor.accelerometer/48 en=0 completed
--------- switch to kernel
11-03 10:00:16.026409     0     0 E bgrsb   : bgrsb_enable: gpio 32 is valid
--------- switch to main
11-03 10:00:16.140941  1686  1799 E WifiStateMachine: getWifiLinkLayerStats called without an interface
11-03 10:00:16.162820  1686  1686 I WearPower: [WearTouchMediator] changing touch input to enabled (ON_AUTO)
11-03 10:00:16.164179  1686  1759 I InputReader: Reconfiguring input devices.  changes=0x00000200
--------- switch to kernel
11-03 10:00:16.057796     0     0 I init    : processing action (ro.enable_core_ctl=true && sys.cw_corectl_mode=idle) from (/vendor/etc/init/hw/init.qcom.rc:949)
--------- switch to main
11-03 10:00:16.172196  1686  1686 I AmbientService: [ce6a28c] Timeout alarm not required, auto-resume timeout handled by dream.
11-03 10:00:16.182942  3205  3434 W WorkController: Loading failed for worker [trainingcache]: worker not found
--------- switch to kernel
11-03 10:00:16.139572     0     0 I CPU1    : update max cpu_capacity 748
--------- switch to main
11-03 10:00:16.184281  3205  3372 W A       : TrainingCache cache SCREEN_OFF failure
11-03 10:00:16.184281  3205  3372 W A       : com.google.android.apps.gsa.search.core.service.h.a.a: No worker found for Worker ID [trainingcache].
11-03 10:00:16.184281  3205  3372 W A       : 	at com.google.android.apps.gsa.search.core.service.g.a.c.a(Unknown Source:5)
11-03 10:00:16.184281  3205  3372 W A       : 	at com.google.android.libraries.gsa.c.a.d.a(Unknown Source:3)
