11-03 10:35:12.071786  3205  3294 W A       : 	at com.google.android.libraries.gsa.c.a.d.a(Unknown Source:3)
11-03 10:35:12.071786  3205  3294 W A       : 	at com.google.common.p.a.cg.c(Unknown Source:2)
11-03 10:35:12.071786  3205  3294 W A       : 	at com.google.common.p.a.bk.run(SourceFile:3)
11-03 10:35:12.071786  3205  3294 W A       : 	at com.google.common.p.a.ci.run(Unknown Source:4)
11-03 10:35:12.071786  3205  3294 W A       : 	at com.google.apps.tiktok.concurrent.ab.run(SourceFile:1)
11-03 10:35:12.071786  3205  3294 W A       : 	at java.util.concurrent.ThreadPoolExecutor.runWorker(ThreadPoolExecutor.java:1167)
11-03 10:35:12.071786  3205  3294 W A       : 	at java.util.concurrent.ThreadPoolExecutor$Worker.run(ThreadPoolExecutor.java:641)
11-03 10:35:12.071786  3205  3294 W A       : 	at com.google.apps.tiktok.concurrent.c.run(Unknown Source:4)
11-03 10:35:12.071786  3205  3294 W A       : 	at java.lang.Thread.run(Thread.java:764)
11-03 10:35:12.061773  2520 12759 D HOME    : [BatteryChange]level: 13, status: 3
11-03 10:35:12.089970  2520 12759 D HOME    : [BatteryChange]updateStreamItem
--------- switch to system
11-03 10:35:12.111337  1686  1708 I DreamManagerService: Performing gentle wake from dream.
11-03 10:35:12.111752  1686  1708 I DreamController: Stopping dream: name=ComponentInfo{com.google.android.wearable.ambient/com.google.android.wearable.ambient.AmbientDream}, isTest=false, canDoze=true, userId=0
--------- switch to main
11-03 10:35:12.112581  1686  1799 E WifiStateMachine: getWifiLinkLayerStats called without an interface
11-03 10:35:12.144734   512 12819 I sensors-hal: handle_indication_realtime:355,  SCHED_FIFO(10) for qmi_cbk
--------- switch to system
11-03 10:35:12.169371  1686  1686 V DreamService[AmbientDream]: detach(): Calling onDreamingStopped()
--------- switch to main
11-03 10:35:12.169649  1686  1686 I AmbientService: [ce6a28c] doOnDreamingStopped
11-03 10:35:12.169787  1686  1686 D WristGestureCtrl: Starting: GesturesEnabled-false UngazeEnabled-true
11-03 10:35:12.169849  1686  1686 D DefaultUngazeDetector: starting
11-03 10:35:12.169931  1686  1686 D DefaultUngazeDetector: startUngazeStateEstimation(). startTime = 63591600
11-03 10:35:12.170224  1686  1686 W AlarmManagerProxy: Removing unknown listener
11-03 10:35:12.171527   512  1749 I sensors-hal: batch:140, android.sensor.accelerometer/48, period=19231000, max_latency=100000000
11-03 10:35:12.178488   512  1749 I sensors-hal: batch:149, android.sensor.accelerometer/48, period=19231000, max_latency=100000000 request completed
11-03 10:35:12.179906   512  1749 I sensors-hal: flush:169, android.sensor.accelerometer/48
11-03 10:35:12.181466   512  1749 I sensors-hal: flush:175, android.sensor.accelerometer/48 completed
11-03 10:35:12.183354  1686  1686 I AmbientService: [ce6a28c] No auto-resume Activity.
11-03 10:35:12.188698  2520  2520 D HOME    : [HomeVisitsLogger]Logging streamlet event: visit_start
11-03 10:35:12.189017  2520  2520 D HOME    : [HomeVisitsLogger]Logging streamlet event: exit_ambient_mode
11-03 10:35:12.189453  2520  2520 D HOME    : [HotwordController]updateClient MODE_WATCH_FACE false false false true
11-03 10:35:12.190386  2520  2520 D HOME    : [WatchFaceUiController]setInAmbientMode false
11-03 10:35:12.190488  2520  2520 D HOME    : [WatchFaceUiController]sendWatchFaceServiceBinder
--------- switch to system
11-03 10:35:12.195754  1686  1686 W ContextImpl: Calling a method in the system process without a qualified user: android.app.ContextImpl.sendBroadcast:1020 android.content.ContextWrapper.sendBroadcast:449 com.google.android.wearable.ambient.AmbientDream.onDestroy:273 android.app.ActivityThread.handleStopService:3698 android.app.ActivityThread.access$1700:200 
--------- switch to main
11-03 10:35:12.195938  2520  2520 D HOME    : [WatchFaceUiController]sendStateToWallpaper
11-03 10:35:12.197858  2520  2520 D HOME    : [WatchFaceUiController]Showing watch face wallpaper.
11-03 10:35:12.198048  2520  2520 D HOME    : [WatchFaceUiController]sendStateToWallpaper
11-03 10:35:12.201032  2520  2520 D HOME    : [StreamDBQueue]Promised revision #4388 to queue a new op
11-03 10:35:12.201319  2520  2520 D WatchStreamManager: Promised rank-blocked=true @ r#4388
11-03 10:35:12.201708  2520  2520 D HOME    : [StreamDBQueue]Promised revision #4389 to queue a new op
11-03 10:35:12.201816  2520  2520 D WatchStreamManager: Promised rank-blocked=true @ r#4389
11-03 10:35:12.202587  2520  2520 D HOME    : [TilesController]Tile refresh optimization is enabled.
11-03 10:35:12.203006  2520  2520 D HOME    : [EventBus]Wrapper pool is full. Discarding excess wrapper instance for event com.google.android.clockwork.sysui.events.KeyguardStateEvent
11-03 10:35:12.203106  2520  2520 D HOME    : [WatchFaceUiController]sendStateToWallpaper
11-03 10:35:12.209818  1686  1686 E AlarmManager: cancel() called with a null PendingIntent
--------- switch to system
11-03 10:35:12.210536  1686  1686 V DreamService[AmbientDream]: onDestroy()
--------- switch to main
11-03 10:35:12.218737  1686  1686 W AlarmManager: Unrecognized alarm listener com.android.server.job.controllers.-$$Lambda$IdleController$IdlenessTracker$nTdS-lGBXcES5VWKcJFmQFgU7IU@1ab437a
11-03 10:35:12.227367  2520  2520 D HOME    : [EventBus]Wrapper pool is full. Discarding excess wrapper instance for event com.google.android.clockwork.sysui.events.KeyguardStateEvent
11-03 10:35:12.227816  2520  2520 D HOME    : [EventBus]Wrapper pool is full. Discarding excess wrapper instance for event com.google.android.clockwork.sysui.events.KeyguardStateEvent
11-03 10:35:12.228303  2520 12769 D HOME    : [WatchStreamDB]Item alerting conditions - isInterruptive: true, recentlyInterrupted: false, isItemPinned: false, isUnread: false
11-03 10:35:12.231356  2520 12769 D HOME    : [StreamAlertingRegulator]isTheaterModeEnabled: false, isAlertingAllowedByOffBody: true, matchesLocalInterruptionFilter: true
11-03 10:35:12.236503  2520 12769 D HOME    : [WatchStreamDB]couldItemAlert: false, isTopItemChanged: false, isDeferralForTopItem: false
11-03 10:35:12.236610  2520  2520 D HOME    : [WatchFaceUiController]sendStateToWallpaper
11-03 10:35:12.241206  2520  2520 W StaticLayout: maxLineHeight should not be -1.  maxLines:1 lineCount:1
11-03 10:35:12.242814  2520 12769 D HOME    : [WatchStreamDB]Item alerting conditions - isInterruptive: true, recentlyInterrupted: false, isItemPinned: false, isUnread: false
11-03 10:35:12.243319  2520 12769 D HOME    : [StreamAlertingRegulator]isTheaterModeEnabled: false, isAlertingAllowedByOffBody: true, matchesLocalInterruptionFilter: true
11-03 10:35:12.243616  2520 12769 D HOME    : [WatchStreamDB]couldItemAlert: false, isTopItemChanged: false, isDeferralForTopItem: false
11-03 10:35:12.260231  1686  1686 I WearPower: [WearTouchMediator] changing touch input to enabled (ON_AUTO)
11-03 10:35:12.261440  1686  1759 I InputReader: Reconfiguring input devices.  changes=0x00000200
11-03 10:35:12.269551  1686  1686 W AlarmManagerProxy: Removing unknown listener
11-03 10:35:12.271364  1686  1686 W DefaultSettingsContentR: Value for ambient_low_bit_enabled not stored as number. Attempting parse as boolean.
--------- switch to kernel
11-03 10:35:12.144336     0     0 I init    : processing action (ro.enable_core_ctl=true && sys.cw_corectl_mode=perf) from (/vendor/etc/init/hw/init.qcom.rc:954)
11-03 10:35:12.145938     0     0 I CPU2    : update cpu_capacity 1024
--------- switch to main
11-03 10:35:12.318014  3205  3434 W WorkController: Loading failed for worker [trainingcache]: worker not found
--------- switch to kernel
11-03 10:35:12.177149     0     0 I CPU0    : update max cpu_capacity 748
--------- switch to main
11-03 10:35:12.320631  3205  3372 W A       : TrainingCache cache SCREEN_ON failure
11-03 10:35:12.320631  3205  3372 W A       : com.google.android.apps.gsa.search.core.service.h.a.a: No worker found for Worker ID [trainingcache].
11-03 10:35:12.320631  3205  3372 W A       : 	at com.google.android.apps.gsa.search.core.service.g.a.c.a(Unknown Source:5)
11-03 10:35:12.320631  3205  3372 W A       : 	at com.google.android.libraries.gsa.c.a.d.a(Unknown Source:3)
11-03 10:35:12.320631  3205  3372 W A       : 	at com.google.common.p.a.cg.c(Unknown Source:2)
11-03 10:35:12.320631  3205  3372 W A       : 	at com.google.common.p.a.bk.run(SourceFile:3)
11-03 10:35:12.320631  3205  3372 W A       : 	at com.google.common.p.a.ci.run(Unknown Source:4)
11-03 10:35:12.320631  3205  3372 W A       : 	at com.google.apps.tiktok.concurrent.ab.run(SourceFile:1)
11-03 10:35:12.320631  3205  3372 W A       : 	at java.util.concurrent.ThreadPoolExecutor.runWorker(ThreadPoolExecutor.java:1167)
11-03 10:35:12.320631  3205  3372 W A       : 	at java.util.concurrent.ThreadPoolExecutor$Worker.run(ThreadPoolExecutor.java:641)
11-03 10:35:12.320631  3205  3372 W A       : 	at com.google.apps.tiktok.concurrent.c.run(Unknown Source:4)
11-03 10:35:12.320631  3205  3372 W A       : 	at java.lang.Thread.run(Thread.java:764)
--------- switch to kernel
11-03 10:35:12.204926     0     0 I CPU3    : update cpu_capacity 1024
11-03 10:35:12.209548     0     0 I CPU2    : update max cpu_capacity 1024
--------- switch to main
11-03 10:35:12.334088  2520  2520 D HOME    : [WatchFaceUiController]sendWatchFaceServiceBinder
11-03 10:35:12.343576  2520  2520 D HOME    : [WatchFaceUiController]sendProperties
11-03 10:35:12.348349  2520  2520 D HOME    : [WatchFaceUiController]sendStateToWallpaper
11-03 10:35:12.357330 12353 12353 I SPORTSWATCH:: Updating stub zero data
11-03 10:35:12.357560 12353 12353 I SPORTSWATCH:: account mail is zero length
--------- switch to kernel
11-03 10:35:12.233225     0     0 I CPU1    : update max cpu_capacity 748
11-03 10:35:12.235670     0     0 I CPU2    : update max cpu_capacity 1024
11-03 10:35:12.238431     0     0 I init    : Command 'write /sys/devices/system/cpu/cpu3/online 1' action=ro.enable_core_ctl=true && sys.cw_corectl_mode=perf (/vendor/etc/init/hw/init.qcom.rc:957) took 56ms and succeeded
--------- switch to main
11-03 10:35:12.381148  2520  2520 D HOME    : [StreamDBQueue]Promised revision #4390 to queue a new op
11-03 10:35:12.381459  2520  2520 D WatchStreamManager: Promised rank-blocked=true @ r#4390
11-03 10:35:12.382784  2520 12759 D HOME    : [WatchStreamDB]Item alerting conditions - isInterruptive: true, recentlyInterrupted: false, isItemPinned: false, isUnread: false
11-03 10:35:12.383111  2520 12759 D HOME    : [StreamAlertingRegulator]isTheaterModeEnabled: false, isAlertingAllowedByOffBody: true, matchesLocalInterruptionFilter: true
11-03 10:35:12.383467  2520 12759 D HOME    : [WatchStreamDB]couldItemAlert: false, isTopItemChanged: false, isDeferralForTopItem: false
11-03 10:35:12.399299  2520 12460 I SidekickManager: sendWatchFaceImpl(): watchFace = com.google.android.clockwork.decomposablewatchface.WatchFaceDecomposition@a162042 forTWM = false
11-03 10:35:12.411086  1686  9965 D SidekickService: sendWatchFaceComponents called: watchFace = com.google.android.clockwork.decomposablewatchface.WatchFaceDecomposition@dd4204ashouldReplace = true
11-03 10:35:12.411554  1686  9965 D SidekickService: Check decomposition for calling app com.google.android.wearable.app with uid 10049
11-03 10:35:12.413316  1686  9965 D SidekickService: sendWatchFaceLocked(): shouldReplace = true, mSidekickIsControlling = false, 2 images, 1 fonts, 2 numbers, 0 proportionalFonts, 0 strings
11-03 10:35:12.413477  1686  9965 D SidekickService: resetLocked()
11-03 10:35:12.431885   416   416 D SKGHAL  : Changing to  RESET state
11-03 10:35:12.432473  1686  9965 D SidekickService: ISidekickGraphics#beginResources()...
11-03 10:35:12.432941   416   416 D SKGHAL  : Changing to DOWNLOAD State
11-03 10:35:12.433883  1686  9965 D SidekickServiceUtils: bitmapFromDrawable: Returning bitmap directly
11-03 10:35:12.455501  1686  9965 W SidekickService: null digitDimensions in font, setting to PointF(20.0, 27.0)
11-03 10:35:12.455816  1686  9965 D SidekickService: sendFontsLocked(): fontInfo = {.width = 20, .height = 27, .nGlyphs = 10, .id = 4}, image.size() = 919
11-03 10:35:12.458256   416   416 D SKGHAL  : saveResource: resId = 4
11-03 10:35:12.463127  1686  9965 D SidekickService: sendFontsLocked(): status = 0, bytesUsed = 1374
11-03 10:35:12.464611  1686  9965 D SidekickServiceUtils: bitmapFromDrawable: Returning bitmap directly
11-03 10:35:12.513337   512   512 I sensors-hal: activate:107, android.sensor.light/46 en=0
11-03 10:35:12.514442   512   512 I sensors-hal: activate:118, android.sensor.light/46 en=0 completed
11-03 10:35:12.516137   512   512 I sensors-hal: batch:140, android.sensor.light/46, period=250000000, max_latency=0
11-03 10:35:12.516215   512   512 I sensors-hal: batch:149, android.sensor.light/46, period=250000000, max_latency=0 request completed
11-03 10:35:12.516915   512   512 I sensors-hal: activate:107, android.sensor.light/46 en=1
11-03 10:35:12.517186   512   512 I sensors-hal: ssc_enable_rt_task:254, ssc_enable_rt_task : true
11-03 10:35:12.519555   512   512 I sensors-hal: activate:118, android.sensor.light/46 en=1 completed
--------- switch to system
11-03 10:35:12.522372  1686  1686 V SettingsProvider: Notifying for 0: content://settings/system/screen_brightness
--------- switch to main
11-03 10:35:12.588066  1686  9965 D SidekickService: sendBitmapsLocked(): bounds = RectF(0.0, 0.0, 1.0, 1.0), drawableInfo = {.id = 0, .width = 416, .height = 416, .display = true, .offsetX = 0.0, .offsetY = 0.0, .rotationInfo = {.hasRotation = false, .pivotX = 0.0, .pivotY = 0.0, .degreesPerDay = 0.0, .degreesPerStep = 0.0, .zeroDegreesTime = {.daysSinceLocalEpoch = 0, .msSinceMidnight = 0}}, .transformInfo = {.transformed = false, .flipX = false, .flipY = false, .flip45 = false, .scaleX = 0.0, .scaleY = 0.0}, .type = GENERIC, .blink = {.blinking = false, .periodOnMs = 0.0, .periodOffMs = 0.0, .startTime = {.daysSinceLocalEpoch = 0, .msSinceMidnight = 0}}, .zOrder = 1, .displayInTwm = true}, image.size() = 6063
11-03 10:35:12.593988   512 12827 I sensors-hal: handle_indication_realtime:355,  SCHED_FIFO(10) for qmi_cbk
11-03 10:35:12.606591  2520  2541 I id.wearable.ap: NativeAlloc concurrent copying GC freed 65092(2MB) AllocSpace objects, 4(208KB) LOS objects, 24% free, 8MB/11MB, paused 203us total 216.483ms
11-03 10:35:12.607826   416   416 D SKGHAL  : saveResource: resId = 0
11-03 10:35:12.626705  1686  9965 D SidekickService: sendBitmapsLocked(): status = 0, bytesUsed = 9429
11-03 10:35:12.627516  1686  9965 D SidekickServiceUtils: bitmapFromDrawable: Returning bitmap directly
11-03 10:35:12.628811  1686  9965 D SidekickService: sendBitmapsLocked(): bounds = RectF(0.0, 0.0, 0.0024038462, 0.0024038462), drawableInfo = {.id = 100000, .width = 1, .height = 1, .display = true, .offsetX = 0.0, .offsetY = 0.0, .rotationInfo = {.hasRotation = false, .pivotX = 0.0, .pivotY = 0.0, .degreesPerDay = 0.0, .degreesPerStep = 0.0, .zeroDegreesTime = {.daysSinceLocalEpoch = 0, .msSinceMidnight = 0}}, .transformInfo = {.transformed = false, .flipX = false, .flipY = false, .flip45 = false, .scaleX = 0.0, .scaleY = 0.0}, .type = GENERIC, .blink = {.blinking = false, .periodOnMs = 0.0, .periodOffMs = 0.0, .startTime = {.daysSinceLocalEpoch = 0, .msSinceMidnight = 0}}, .zOrder = 6, .displayInTwm = true}, image.size() = 84
11-03 10:35:12.629628   416   416 D SKGHAL  : saveResource: resId = 100000
11-03 10:35:12.629942  1686  9965 D SidekickService: sendBitmapsLocked(): status = 0, bytesUsed = 18
11-03 10:35:12.630886  1686  9965 D SidekickService: sendNumbersLocked(): drawableInfo = {.id = 5, .width = 100, .height = 50, .display = true, .offsetX = 162.0, .offsetY = 30.0, .rotationInfo = {.hasRotation = false, .pivotX = 0.0, .pivotY = 0.0, .degreesPerDay = 0.0, .degreesPerStep = 0.0, .zeroDegreesTime = {.daysSinceLocalEpoch = 0, .msSinceMidnight = 0}}, .transformInfo = {.transformed = false, .flipX = false, .flipY = false, .flip45 = false, .scaleX = 0.0, .scaleY = 0.0}, .type = NUMBER, .blink = {.blinking = false, .periodOnMs = 0.0, .periodOffMs = 0.0, .startTime = {.daysSinceLocalEpoch = 0, .msSinceMidnight = 0}}, .zOrder = 5, .displayInTwm = true}, numberInfo = {.startTime = {.daysSinceLocalEpoch = 0, .msSinceMidnight = 0}, .startNumber = 0, .minNumber = 0, .maxNumber = 23, .increment = 1, .msPerIncrement = 3600000.0, .fontId = 4, .digits = 2, .leadingZeroes = 1, .digit = -1, .transitionMs = 0.0}
11-03 10:35:12.631411   416   416 D SKGHAL  : saveResource: resId = 5
11-03 10:35:12.631667  1686  9965 D SidekickService: sendNumbersLocked(): status = 0, bytesUsed = 0
11-03 10:35:12.632720  1686  9965 D SidekickService: sendNumbersLocked(): drawableInfo = {.id = 6, .width = 100, .height = 50, .display = true, .offsetX = 214.0, .offsetY = 30.0, .rotationInfo = {.hasRotation = false, .pivotX = 0.0, .pivotY = 0.0, .degreesPerDay = 0.0, .degreesPerStep = 0.0, .zeroDegreesTime = {.daysSinceLocalEpoch = 0, .msSinceMidnight = 0}}, .transformInfo = {.transformed = false, .flipX = false, .flipY = false, .flip45 = false, .scaleX = 0.0, .scaleY = 0.0}, .type = NUMBER, .blink = {.blinking = false, .periodOnMs = 0.0, .periodOffMs = 0.0, .startTime = {.daysSinceLocalEpoch = 0, .msSinceMidnight = 0}}, .zOrder = 5, .displayInTwm = true}, numberInfo = {.startTime = {.daysSinceLocalEpoch = 0, .msSinceMidnight = 0}, .startNumber = 0, .minNumber = 0, .maxNumber = 59, .increment = 1, .msPerIncrement = 60000.0, .fontId = 4, .digits = 2, .leadingZeroes = 1, .digit = -1, .transitionMs = 0.0}
11-03 10:35:12.633412   416   416 D SKGHAL  : saveResource: resId = 6
11-03 10:35:12.633659  1686  9965 D SidekickService: sendNumbersLocked(): status = 0, bytesUsed = 0
11-03 10:35:12.633779  1686  9965 D SidekickService: ISidekickGraphics#endResources()...
11-03 10:35:12.876286   416   416 D SKGHAL  : sendResources: metadata size = 2400, font size = 72
11-03 10:35:12.915195   416   416 D SKGHAL  : endResources: rc = 0
11-03 10:35:12.915295   416   416 D SKGHAL  : Changing to ACTIVE state
11-03 10:35:12.916090  1686  1686 W system_server: Long monitor contention with owner Binder:1686_1D (9965) at int com.google.android.clockwork.sidekick.SidekickService$BinderService.sendWatchFace(com.google.android.clockwork.decomposablewatchface.WatchFaceDecomposition, boolean)(SidekickService.java:1021) waiters=0 in void com.google.android.clockwork.sidekick.SidekickService$2.onChange(boolean) for 391ms
11-03 10:35:12.916641  1686  1686 I SidekickService: loadBrightnessLocked()
11-03 10:35:12.916769  2520 12460 I SidekickManager: sendWatchFaceImpl(): watchFace = com.google.android.clockwork.decomposablewatchface.WatchFaceDecomposition@969fe8e forTWM = false
11-03 10:35:12.917136  2520  2520 D HOME    : [SidekickManagerAsync]sendWatchFace(): Callback#onResult(): 0
11-03 10:35:12.917469  1686  1686 D SidekickService: screenBrightness  = 57
11-03 10:35:12.918185  1686  1686 D SidekickService: sendConfigValuesLocked(): alsThresholds = [40, 92, 95, 100, 125, 150, 175, 200, 225, 250, 300, 400, 500, 800, 1200], brightnessValuesBright = [50, 56, 60, 70, 80, 90, 100, 115, 120, 140, 160, 180, 200, 220, 240, 255], brightnessValuesDim= [50, 56, 60, 70, 80, 90, 100, 115, 120, 140, 160, 180, 200, 220, 240, 255]
11-03 10:35:12.923145  1686  9965 D SidekickService: sendWatchFaceComponents called: watchFace = com.google.android.clockwork.decomposablewatchface.WatchFaceDecomposition@8647bbbshouldReplace = true
11-03 10:35:12.933207  1686  1686 D SidekickService: setAlsMode(): mode = 2, brightenAlpha = 80, dimmingAlpha = 80
11-03 10:35:12.944171  1686  1686 D SidekickService: setTwmConfig():: msTiltToBright = 10000, tiltToBright = false
--------- switch to system
11-03 10:35:12.945227  1686  1686 W Looper  : Slow dispatch took 421ms main h=android.os.Handler c=android.database.ContentObserver$NotificationRunnable@e1dd8d8 m=0
--------- switch to main
11-03 10:35:12.945332  1686  9965 D SidekickService: Check decomposition for calling app com.google.android.wearable.app with uid 10049
11-03 10:35:12.947564  1686  9965 D SidekickService: sendWatchFaceLocked(): shouldReplace = true, mSidekickIsControlling = false, 2 images, 1 fonts, 2 numbers, 0 proportionalFonts, 0 strings
--------- switch to system
11-03 10:35:12.947638  1686  1686 W Looper  : Slow delivery took 218ms main h=com.android.clockwork.gestures.detector.gaze.SensorDataChecker$1 c=null m=1
--------- switch to main
11-03 10:35:12.947751  1686  9965 D SidekickService: resetLocked()
11-03 10:35:12.957301   416  2389 D SKGHAL  : Changing to  RESET state
11-03 10:35:12.957841  1686  9965 D SidekickService: ISidekickGraphics#beginResources()...
11-03 10:35:12.958220   416  2389 D SKGHAL  : Changing to DOWNLOAD State
11-03 10:35:12.959485  1686  9965 D SidekickServiceUtils: bitmapFromDrawable: Returning bitmap directly
11-03 10:35:12.968683  1686  9965 W SidekickService: null digitDimensions in font, setting to PointF(20.0, 27.0)
11-03 10:35:12.968953  1686  9965 D SidekickService: sendFontsLocked(): fontInfo = {.width = 20, .height = 27, .nGlyphs = 10, .id = 4}, image.size() = 919
11-03 10:35:12.971074   416  2389 D SKGHAL  : saveResource: resId = 4
11-03 10:35:12.977322  1686  9965 D SidekickService: sendFontsLocked(): status = 0, bytesUsed = 1374
11-03 10:35:12.978316  1686  9965 D SidekickServiceUtils: bitmapFromDrawable: Returning bitmap directly
--------- switch to system
11-03 10:35:12.982223  1686  1686 W Looper  : Drained
--------- switch to main
11-03 10:35:13.086981  1686  9965 D SidekickService: sendBitmapsLocked(): bounds = RectF(0.0, 0.0, 1.0, 1.0), drawableInfo = {.id = 0, .width = 416, .height = 416, .display = true, .offsetX = 0.0, .offsetY = 0.0, .rotationInfo = {.hasRotation = false, .pivotX = 0.0, .pivotY = 0.0, .degreesPerDay = 0.0, .degreesPerStep = 0.0, .zeroDegreesTime = {.daysSinceLocalEpoch = 0, .msSinceMidnight = 0}}, .transformInfo = {.transformed = false, .flipX = false, .flipY = false, .flip45 = false, .scaleX = 0.0, .scaleY = 0.0}, .type = GENERIC, .blink = {.blinking = false, .periodOnMs = 0.0, .periodOffMs = 0.0, .startTime = {.daysSinceLocalEpoch = 0, .msSinceMidnight = 0}}, .zOrder = 1, .displayInTwm = true}, image.size() = 6063
11-03 10:35:13.100990   416  2389 D SKGHAL  : saveResource: resId = 0
11-03 10:35:13.118494  1686  9965 D SidekickService: sendBitmapsLocked(): status = 0, bytesUsed = 9429
11-03 10:35:13.119020  1686  9965 D SidekickServiceUtils: bitmapFromDrawable: Returning bitmap directly
11-03 10:35:13.120104  1686  9965 D SidekickService: sendBitmapsLocked(): bounds = RectF(0.0, 0.0, 0.0024038462, 0.0024038462), drawableInfo = {.id = 100000, .width = 1, .height = 1, .display = true, .offsetX = 0.0, .offsetY = 0.0, .rotationInfo = {.hasRotation = false, .pivotX = 0.0, .pivotY = 0.0, .degreesPerDay = 0.0, .degreesPerStep = 0.0, .zeroDegreesTime = {.daysSinceLocalEpoch = 0, .msSinceMidnight = 0}}, .transformInfo = {.transformed = false, .flipX = false, .flipY = false, .flip45 = false, .scaleX = 0.0, .scaleY = 0.0}, .type = GENERIC, .blink = {.blinking = false, .periodOnMs = 0.0, .periodOffMs = 0.0, .startTime = {.daysSinceLocalEpoch = 0, .msSinceMidnight = 0}}, .zOrder = 6, .displayInTwm = true}, image.size() = 84
11-03 10:35:13.121132   416  2389 D SKGHAL  : saveResource: resId = 100000
11-03 10:35:13.121664  1686  9965 D SidekickService: sendBitmapsLocked(): status = 0, bytesUsed = 18
11-03 10:35:13.122906  1686  9965 D SidekickService: sendNumbersLocked(): drawableInfo = {.id = 5, .width = 100, .height = 50, .display = true, .offsetX = 162.0, .offsetY = 30.0, .rotationInfo = {.hasRotation = false, .pivotX = 0.0, .pivotY = 0.0, .degreesPerDay = 0.0, .degreesPerStep = 0.0, .zeroDegreesTime = {.daysSinceLocalEpoch = 0, .msSinceMidnight = 0}}, .transformInfo = {.transformed = false, .flipX = false, .flipY = false, .flip45 = false, .scaleX = 0.0, .scaleY = 0.0}, .type = NUMBER, .blink = {.blinking = false, .periodOnMs = 0.0, .periodOffMs = 0.0, .startTime = {.daysSinceLocalEpoch = 0, .msSinceMidnight = 0}}, .zOrder = 5, .displayInTwm = true}, numberInfo = {.startTime = {.daysSinceLocalEpoch = 0, .msSinceMidnight = 0}, .startNumber = 0, .minNumber = 0, .maxNumber = 23, .increment = 1, .msPerIncrement = 3600000.0, .fontId = 4, .digits = 2, .leadingZeroes = 1, .digit = -1, .transitionMs = 0.0}
11-03 10:35:13.123515   416  2389 D SKGHAL  : saveResource: resId = 5
11-03 10:35:13.124038  1686  9965 D SidekickService: sendNumbersLocked(): status = 0, bytesUsed = 0
11-03 10:35:13.125114  1686  9965 D SidekickService: sendNumbersLocked(): drawableInfo = {.id = 6, .width = 100, .height = 50, .display = true, .offsetX = 214.0, .offsetY = 30.0, .rotationInfo = {.hasRotation = false, .pivotX = 0.0, .pivotY = 0.0, .degreesPerDay = 0.0, .degreesPerStep = 0.0, .zeroDegreesTime = {.daysSinceLocalEpoch = 0, .msSinceMidnight = 0}}, .transformInfo = {.transformed = false, .flipX = false, .flipY = false, .flip45 = false, .scaleX = 0.0, .scaleY = 0.0}, .type = NUMBER, .blink = {.blinking = false, .periodOnMs = 0.0, .periodOffMs = 0.0, .startTime = {.daysSinceLocalEpoch = 0, .msSinceMidnight = 0}}, .zOrder = 5, .displayInTwm = true}, numberInfo = {.startTime = {.daysSinceLocalEpoch = 0, .msSinceMidnight = 0}, .startNumber = 0, .minNumber = 0, .maxNumber = 59, .increment = 1, .msPerIncrement = 60000.0, .fontId = 4, .digits = 2, .leadingZeroes = 1, .digit = -1, .transitionMs = 0.0}
11-03 10:35:13.125991   416  2389 D SKGHAL  : saveResource: resId = 6
11-03 10:35:13.126303  1686  9965 D SidekickService: sendNumbersLocked(): status = 0, bytesUsed = 0
11-03 10:35:13.126453  1686  9965 D SidekickService: ISidekickGraphics#endResources()...
11-03 10:35:13.278538   416  2389 D SKGHAL  : sendResources: metadata size = 2400, font size = 72
11-03 10:35:13.309056   416  2389 D SKGHAL  : endResources: rc = 0
11-03 10:35:13.309181   416  2389 D SKGHAL  : Changing to ACTIVE state
11-03 10:35:13.310881  2520 12460 I SidekickManager: sendWatchFaceImpl(): watchFace = com.google.android.clockwork.decomposablewatchface.WatchFaceDecomposition@552eabc forTWM = false
11-03 10:35:13.311122  2520  2520 D HOME    : [SidekickManagerAsync]sendWatchFace(): Callback#onResult(): 0
11-03 10:35:13.317231  1686  9965 D SidekickService: sendWatchFaceComponents called: watchFace = com.google.android.clockwork.decomposablewatchface.WatchFaceDecomposition@9d75431shouldReplace = true
11-03 10:35:13.317523  1686  9965 D SidekickService: Check decomposition for calling app com.google.android.wearable.app with uid 10049
11-03 10:35:13.318330  1686  9965 D SidekickService: sendWatchFaceLocked(): shouldReplace = true, mSidekickIsControlling = false, 2 images, 1 fonts, 2 numbers, 0 proportionalFonts, 0 strings
11-03 10:35:13.318397  1686  9965 D SidekickService: resetLocked()
11-03 10:35:13.326578   416  2389 D SKGHAL  : Changing to  RESET state
11-03 10:35:13.327293  1686  9965 D SidekickService: ISidekickGraphics#beginResources()...
11-03 10:35:13.327795   416  2389 D SKGHAL  : Changing to DOWNLOAD State
11-03 10:35:13.330137  1686  9965 D SidekickServiceUtils: bitmapFromDrawable: Returning bitmap directly
11-03 10:35:13.339445  1686  9965 W SidekickService: null digitDimensions in font, setting to PointF(20.0, 27.0)
11-03 10:35:13.339728  1686  9965 D SidekickService: sendFontsLocked(): fontInfo = {.width = 20, .height = 27, .nGlyphs = 10, .id = 4}, image.size() = 919
11-03 10:35:13.341735   416  2389 D SKGHAL  : saveResource: resId = 4
11-03 10:35:13.346963  1686  9965 D SidekickService: sendFontsLocked(): status = 0, bytesUsed = 1374
11-03 10:35:13.347959  1686  9965 D SidekickServiceUtils: bitmapFromDrawable: Returning bitmap directly
11-03 10:35:13.458275  1686  9965 D SidekickService: sendBitmapsLocked(): bounds = RectF(0.0, 0.0, 1.0, 1.0), drawableInfo = {.id = 0, .width = 416, .height = 416, .display = true, .offsetX = 0.0, .offsetY = 0.0, .rotationInfo = {.hasRotation = false, .pivotX = 0.0, .pivotY = 0.0, .degreesPerDay = 0.0, .degreesPerStep = 0.0, .zeroDegreesTime = {.daysSinceLocalEpoch = 0, .msSinceMidnight = 0}}, .transformInfo = {.transformed = false, .flipX = false, .flipY = false, .flip45 = false, .scaleX = 0.0, .scaleY = 0.0}, .type = GENERIC, .blink = {.blinking = false, .periodOnMs = 0.0, .periodOffMs = 0.0, .startTime = {.daysSinceLocalEpoch = 0, .msSinceMidnight = 0}}, .zOrder = 1, .displayInTwm = true}, image.size() = 6063
11-03 10:35:13.472888   416  2389 D SKGHAL  : saveResource: resId = 0
11-03 10:35:13.490446  1686  9965 D SidekickService: sendBitmapsLocked(): status = 0, bytesUsed = 9429
11-03 10:35:13.491126  1686  9965 D SidekickServiceUtils: bitmapFromDrawable: Returning bitmap directly
11-03 10:35:13.492550  1686  9965 D SidekickService: sendBitmapsLocked(): bounds = RectF(0.0, 0.0, 0.0024038462, 0.0024038462), drawableInfo = {.id = 100000, .width = 1, .height = 1, .display = true, .offsetX = 0.0, .offsetY = 0.0, .rotationInfo = {.hasRotation = false, .pivotX = 0.0, .pivotY = 0.0, .degreesPerDay = 0.0, .degreesPerStep = 0.0, .zeroDegreesTime = {.daysSinceLocalEpoch = 0, .msSinceMidnight = 0}}, .transformInfo = {.transformed = false, .flipX = false, .flipY = false, .flip45 = false, .scaleX = 0.0, .scaleY = 0.0}, .type = GENERIC, .blink = {.blinking = false, .periodOnMs = 0.0, .periodOffMs = 0.0, .startTime = {.daysSinceLocalEpoch = 0, .msSinceMidnight = 0}}, .zOrder = 6, .displayInTwm = true}, image.size() = 84
11-03 10:35:13.493326   416  2389 D SKGHAL  : saveResource: resId = 100000
11-03 10:35:13.493867  1686  9965 D SidekickService: sendBitmapsLocked(): status = 0, bytesUsed = 18
11-03 10:35:13.494857  1686  9965 D SidekickService: sendNumbersLocked(): drawableInfo = {.id = 5, .width = 100, .height = 50, .display = true, .offsetX = 162.0, .offsetY = 30.0, .rotationInfo = {.hasRotation = false, .pivotX = 0.0, .pivotY = 0.0, .degreesPerDay = 0.0, .degreesPerStep = 0.0, .zeroDegreesTime = {.daysSinceLocalEpoch = 0, .msSinceMidnight = 0}}, .transformInfo = {.transformed = false, .flipX = false, .flipY = false, .flip45 = false, .scaleX = 0.0, .scaleY = 0.0}, .type = NUMBER, .blink = {.blinking = false, .periodOnMs = 0.0, .periodOffMs = 0.0, .startTime = {.daysSinceLocalEpoch = 0, .msSinceMidnight = 0}}, .zOrder = 5, .displayInTwm = true}, numberInfo = {.startTime = {.daysSinceLocalEpoch = 0, .msSinceMidnight = 0}, .startNumber = 0, .minNumber = 0, .maxNumber = 23, .increment = 1, .msPerIncrement = 3600000.0, .fontId = 4, .digits = 2, .leadingZeroes = 1, .digit = -1, .transitionMs = 0.0}
11-03 10:35:13.495382   416  2389 D SKGHAL  : saveResource: resId = 5
11-03 10:35:13.495623  1686  9965 D SidekickService: sendNumbersLocked(): status = 0, bytesUsed = 0
11-03 10:35:13.496540  1686  9965 D SidekickService: sendNumbersLocked(): drawableInfo = {.id = 6, .width = 100, .height = 50, .display = true, .offsetX = 214.0, .offsetY = 30.0, .rotationInfo = {.hasRotation = false, .pivotX = 0.0, .pivotY = 0.0, .degreesPerDay = 0.0, .degreesPerStep = 0.0, .zeroDegreesTime = {.daysSinceLocalEpoch = 0, .msSinceMidnight = 0}}, .transformInfo = {.transformed = false, .flipX = false, .flipY = false, .flip45 = false, .scaleX = 0.0, .scaleY = 0.0}, .type = NUMBER, .blink = {.blinking = false, .periodOnMs = 0.0, .periodOffMs = 0.0, .startTime = {.daysSinceLocalEpoch = 0, .msSinceMidnight = 0}}, .zOrder = 5, .displayInTwm = true}, numberInfo = {.startTime = {.daysSinceLocalEpoch = 0, .msSinceMidnight = 0}, .startNumber = 0, .minNumber = 0, .maxNumber = 59, .increment = 1, .msPerIncrement = 60000.0, .fontId = 4, .digits = 2, .leadingZeroes = 1, .digit = -1, .transitionMs = 0.0}
11-03 10:35:13.497054   416  2389 D SKGHAL  : saveResource: resId = 6
11-03 10:35:13.497466  1686  9965 D SidekickService: sendNumbersLocked(): status = 0, bytesUsed = 0
11-03 10:35:13.497598  1686  9965 D SidekickService: ISidekickGraphics#endResources()...
11-03 10:35:13.663741   416  2389 D SKGHAL  : sendResources: metadata size = 2400, font size = 72
11-03 10:35:13.693487   416  2389 D SKGHAL  : endResources: rc = 0
11-03 10:35:13.693586   416  2389 D SKGHAL  : Changing to ACTIVE state
11-03 10:35:13.694690  2520 12460 I SidekickManager: sendWatchFaceImpl(): watchFace = com.google.android.clockwork.decomposablewatchface.WatchFaceDecomposition@70b759a forTWM = false
11-03 10:35:13.694990  2520  2520 D HOME    : [SidekickManagerAsync]sendWatchFace(): Callback#onResult(): 0
11-03 10:35:13.700516  1686  9965 D SidekickService: sendWatchFaceComponents called: watchFace = com.google.android.clockwork.decomposablewatchface.WatchFaceDecomposition@b3bf716shouldReplace = true
11-03 10:35:13.700828  1686  9965 D SidekickService: Check decomposition for calling app com.google.android.wearable.app with uid 10049
11-03 10:35:13.701771  1686  9965 D SidekickService: sendWatchFaceLocked(): shouldReplace = true, mSidekickIsControlling = false, 2 images, 1 fonts, 2 numbers, 0 proportionalFonts, 0 strings
11-03 10:35:13.701853  1686  9965 D SidekickService: resetLocked()
11-03 10:35:13.717796   416  2389 D SKGHAL  : Changing to  RESET state
11-03 10:35:13.718478  1686  9965 D SidekickService: ISidekickGraphics#beginResources()...
11-03 10:35:13.718828   416  2389 D SKGHAL  : Changing to DOWNLOAD State
11-03 10:35:13.719690  1686  9965 D SidekickServiceUtils: bitmapFromDrawable: Returning bitmap directly
11-03 10:35:13.730621  1686  9965 W SidekickService: null digitDimensions in font, setting to PointF(20.0, 27.0)
11-03 10:35:13.730993  1686  9965 D SidekickService: sendFontsLocked(): fontInfo = {.width = 20, .height = 27, .nGlyphs = 10, .id = 4}, image.size() = 919
11-03 10:35:13.733483   416  2389 D SKGHAL  : saveResource: resId = 4
11-03 10:35:13.738685  1686  9965 D SidekickService: sendFontsLocked(): status = 0, bytesUsed = 1374
11-03 10:35:13.739444  1686  9965 D SidekickServiceUtils: bitmapFromDrawable: Returning bitmap directly
11-03 10:35:13.851077  1686  9965 D SidekickService: sendBitmapsLocked(): bounds = RectF(0.0, 0.0, 1.0, 1.0), drawableInfo = {.id = 0, .width = 416, .height = 416, .display = true, .offsetX = 0.0, .offsetY = 0.0, .rotationInfo = {.hasRotation = false, .pivotX = 0.0, .pivotY = 0.0, .degreesPerDay = 0.0, .degreesPerStep = 0.0, .zeroDegreesTime = {.daysSinceLocalEpoch = 0, .msSinceMidnight = 0}}, .transformInfo = {.transformed = false, .flipX = false, .flipY = false, .flip45 = false, .scaleX = 0.0, .scaleY = 0.0}, .type = GENERIC, .blink = {.blinking = false, .periodOnMs = 0.0, .periodOffMs = 0.0, .startTime = {.daysSinceLocalEpoch = 0, .msSinceMidnight = 0}}, .zOrder = 1, .displayInTwm = true}, image.size() = 6063
11-03 10:35:13.865866   416  2389 D SKGHAL  : saveResource: resId = 0
11-03 10:35:13.884150  1686  9965 D SidekickService: sendBitmapsLocked(): status = 0, bytesUsed = 9429
11-03 10:35:13.885136  1686  9965 D SidekickServiceUtils: bitmapFromDrawable: Returning bitmap directly
11-03 10:35:13.886573  1686  9965 D SidekickService: sendBitmapsLocked(): bounds = RectF(0.0, 0.0, 0.0024038462, 0.0024038462), drawableInfo = {.id = 100000, .width = 1, .height = 1, .display = true, .offsetX = 0.0, .offsetY = 0.0, .rotationInfo = {.hasRotation = false, .pivotX = 0.0, .pivotY = 0.0, .degreesPerDay = 0.0, .degreesPerStep = 0.0, .zeroDegreesTime = {.daysSinceLocalEpoch = 0, .msSinceMidnight = 0}}, .transformInfo = {.transformed = false, .flipX = false, .flipY = false, .flip45 = false, .scaleX = 0.0, .scaleY = 0.0}, .type = GENERIC, .blink = {.blinking = false, .periodOnMs = 0.0, .periodOffMs = 0.0, .startTime = {.daysSinceLocalEpoch = 0, .msSinceMidnight = 0}}, .zOrder = 6, .displayInTwm = true}, image.size() = 84
11-03 10:35:13.887803   416  2389 D SKGHAL  : saveResource: resId = 100000
11-03 10:35:13.888266  1686  9965 D SidekickService: sendBitmapsLocked(): status = 0, bytesUsed = 18
11-03 10:35:13.889773  1686  9965 D SidekickService: sendNumbersLocked(): drawableInfo = {.id = 5, .width = 100, .height = 50, .display = true, .offsetX = 162.0, .offsetY = 30.0, .rotationInfo = {.hasRotation = false, .pivotX = 0.0, .pivotY = 0.0, .degreesPerDay = 0.0, .degreesPerStep = 0.0, .zeroDegreesTime = {.daysSinceLocalEpoch = 0, .msSinceMidnight = 0}}, .transformInfo = {.transformed = false, .flipX = false, .flipY = false, .flip45 = false, .scaleX = 0.0, .scaleY = 0.0}, .type = NUMBER, .blink = {.blinking = false, .periodOnMs = 0.0, .periodOffMs = 0.0, .startTime = {.daysSinceLocalEpoch = 0, .msSinceMidnight = 0}}, .zOrder = 5, .displayInTwm = true}, numberInfo = {.startTime = {.daysSinceLocalEpoch = 0, .msSinceMidnight = 0}, .startNumber = 0, .minNumber = 0, .maxNumber = 23, .increment = 1, .msPerIncrement = 3600000.0, .fontId = 4, .digits = 2, .leadingZeroes = 1, .digit = -1, .transitionMs = 0.0}
11-03 10:35:13.890758   416  2389 D SKGHAL  : saveResource: resId = 5
11-03 10:35:13.892281  1686  9965 D SidekickService: sendNumbersLocked(): status = 0, bytesUsed = 0
11-03 10:35:13.893640  1686  9965 D SidekickService: sendNumbersLocked(): drawableInfo = {.id = 6, .width = 100, .height = 50, .display = true, .offsetX = 214.0, .offsetY = 30.0, .rotationInfo = {.hasRotation = false, .pivotX = 0.0, .pivotY = 0.0, .degreesPerDay = 0.0, .degreesPerStep = 0.0, .zeroDegreesTime = {.daysSinceLocalEpoch = 0, .msSinceMidnight = 0}}, .transformInfo = {.transformed = false, .flipX = false, .flipY = false, .flip45 = false, .scaleX = 0.0, .scaleY = 0.0}, .type = NUMBER, .blink = {.blinking = false, .periodOnMs = 0.0, .periodOffMs = 0.0, .startTime = {.daysSinceLocalEpoch = 0, .msSinceMidnight = 0}}, .zOrder = 5, .displayInTwm = true}, numberInfo = {.startTime = {.daysSinceLocalEpoch = 0, .msSinceMidnight = 0}, .startNumber = 0, .minNumber = 0, .maxNumber = 59, .increment = 1, .msPerIncrement = 60000.0, .fontId = 4, .digits = 2, .leadingZeroes = 1, .digit = -1, .transitionMs = 0.0}
11-03 10:35:13.894344   416  2389 D SKGHAL  : saveResource: resId = 6
11-03 10:35:13.896255  1686  9965 D SidekickService: sendNumbersLocked(): status = 0, bytesUsed = 0
11-03 10:35:13.896442  1686  9965 D SidekickService: ISidekickGraphics#endResources()...
11-03 10:35:14.062644   416  2389 D SKGHAL  : sendResources: metadata size = 2400, font size = 72
11-03 10:35:14.093158   416  2389 D SKGHAL  : endResources: rc = 0
11-03 10:35:14.093250   416  2389 D SKGHAL  : Changing to ACTIVE state
11-03 10:35:14.094543  2520  2520 D HOME    : [SidekickManagerAsync]sendWatchFace(): Callback#onResult(): 0
11-03 10:35:14.113448  1686  1696 I system_server: Background concurrent copying GC freed 27188(2MB) AllocSpace objects, 16(512KB) LOS objects, 19% free, 10MB/12MB, paused 275us total 224.407ms
11-03 10:35:14.402345  1686  1686 D HandsFreeClientShard: Connecting HandsFree client profile (retry).
11-03 10:35:14.404911  1686  1686 D BluetoothHeadsetClient: disconnect(14:3C:C3:AD:3D:53)
11-03 10:35:14.406687  1686  1686 D BluetoothHeadsetClient: connect(14:3C:C3:AD:3D:53)
11-03 10:35:14.408807 10095 10167 D HeadsetClientStateMachine: Disconnected process message: 1
11-03 10:35:14.409507 10095 10133 I bt_btif_queue: queue_int_add: adding connection request: address=14:3c:c3:ad:3d:53 UUID=111E busy=false
11-03 10:35:14.409619 10095 10133 I bt_btif_queue: btif_queue_connect_next: executing connection request: address=14:3c:c3:ad:3d:53 UUID=111E busy=false
11-03 10:35:14.409659 10095 10133 E bt_btif : is_connected: not connected!
11-03 10:35:14.409724 10095 10133 W bt_btif : bta_hf_client_find_cb_by_bda: bdaddr mismatch for handle 0 alloc 0
11-03 10:35:14.409759 10095 10133 W bt_btif : bta_hf_client_find_cb_by_bda: bdaddr mismatch for handle 1 alloc 0
11-03 10:35:14.409789 10095 10133 W bt_btif : bta_hf_client_find_cb_by_bda: bdaddr mismatch for handle 2 alloc 0
11-03 10:35:14.409817 10095 10133 W bt_btif : bta_hf_client_find_cb_by_bda: bdaddr mismatch for handle 3 alloc 0
11-03 10:35:14.409846 10095 10133 W bt_btif : bta_hf_client_find_cb_by_bda: bdaddr mismatch for handle 4 alloc 0
11-03 10:35:14.409875 10095 10133 W bt_btif : bta_hf_client_find_cb_by_bda: bdaddr mismatch for handle 5 alloc 0
11-03 10:35:14.409902 10095 10133 W bt_btif : bta_hf_client_find_cb_by_bda: bdaddr mismatch for handle 6 alloc 0
11-03 10:35:14.409930 10095 10133 W bt_btif : bta_hf_client_find_cb_by_bda: bdaddr mismatch for handle 7 alloc 0
11-03 10:35:14.409959 10095 10133 W bt_btif : bta_hf_client_find_cb_by_bda: bdaddr mismatch for handle 8 alloc 0
11-03 10:35:14.409988 10095 10133 W bt_btif : bta_hf_client_find_cb_by_bda: bdaddr mismatch for handle 9 alloc 0
11-03 10:35:14.410014 10095 10133 E bt_btif : bta_hf_client_find_cb_by_bda: block not found
11-03 10:35:14.417083 10095 10095 D AdapterProperties: PROFILE_CONNECTION_STATE_CHANGE: profile=16, device=14:3C:C3:AD:3D:53, 0 -> 1
11-03 10:35:14.418007 10095 10095 D AdapterProperties: ADAPTER_CONNECTION_STATE_CHANGE: 14:3C:C3:AD:3D:53: 0 -> 1
11-03 10:35:14.423533  5603  5603 D BtTelecomReceiver: onReceive: Intent { act=android.bluetooth.headsetclient.profile.action.CONNECTION_STATE_CHANGED flg=0x10 cmp=com.google.android.apps.wearable.bluetooth/com.google.android.clockwork.hfp.BtTelecomBroadcastReceiver (has extras) }
11-03 10:35:14.423807  5603  5603 D BtTelecomReceiver: Hfp connection changed: -724754873 0 -> 1
--------- switch to system
11-03 10:35:14.425140  1686  9965 W BroadcastQueue: Background execution not allowed: receiving Intent { act=android.bluetooth.adapter.action.CONNECTION_STATE_CHANGED flg=0x4000010 (has extras) } to com.google.android.gms/.chimera.GmsIntentOperationService$PersistentTrustedReceiver
--------- switch to main
11-03 10:35:14.734885   512   512 I sensors-hal: batch:140, android.sensor.accelerometer/48, period=66667000, max_latency=100000000
11-03 10:35:14.738410   512   512 I sensors-hal: batch:149, android.sensor.accelerometer/48, period=66667000, max_latency=100000000 request completed
11-03 10:35:14.742594   512   512 I sensors-hal: batch:140, android.sensor.accelerometer/48, period=19231000, max_latency=100000000
11-03 10:35:14.744983   512   512 I sensors-hal: batch:149, android.sensor.accelerometer/48, period=19231000, max_latency=100000000 request completed
11-03 10:35:14.746057   512   512 I sensors-hal: flush:169, android.sensor.accelerometer/48
11-03 10:35:14.751725   512   512 I sensors-hal: flush:175, android.sensor.accelerometer/48 completed
--------- switch to system
11-03 10:35:16.749218  1686  1712 I PowerManagerService: Going to sleep due to screen timeout (uid 1000)...
11-03 10:35:16.750074  1686  1686 W UsageStatsService: Event reported without a package name
11-03 10:35:16.750983  1686  1712 I DreamManagerService: Entering dreamland.
11-03 10:35:16.751953  1686  1712 I PowerManagerService: Dozing...
11-03 10:35:16.763044  1686  1708 I DreamController: Starting dream: name=ComponentInfo{com.google.android.wearable.ambient/com.google.android.wearable.ambient.AmbientDream}, isTest=false, canDoze=true, userId=0
11-03 10:35:16.781310  1686  1686 W ContextImpl: Calling a method in the system process without a qualified user: android.app.ContextImpl.bindService:1611 android.content.ContextWrapper.bindService:698 com.google.android.wearable.ambient.AmbientDream.onCreate:191 android.app.ActivityThread.handleCreateService:3533 android.app.ActivityThread.access$1300:200 
11-03 10:35:16.784561  1686  1686 W ContextImpl: Calling a method in the system process without a qualified user: android.app.ContextImpl.sendBroadcast:1005 android.content.ContextWrapper.sendBroadcast:444 com.google.android.wearable.ambient.AmbientDream.onCreate:241 android.app.ActivityThread.handleCreateService:3533 android.app.ActivityThread.access$1300:200 
11-03 10:35:16.785288  1686  1686 V DreamService[AmbientDream]: onBind() intent = Intent { act=android.service.dreams.DreamService flg=0x800000 cmp=com.google.android.wearable.ambient/.AmbientDream }
--------- switch to main
11-03 10:35:16.786348  1686  1686 I AmbientService: [ce6a28c] Ambient Created
--------- switch to system
11-03 10:35:16.787201  1686  1686 V DreamService[AmbientDream]: Calling onDreamingStarted()
--------- switch to main
11-03 10:35:16.787378  1686  1686 I AmbientService: [ce6a28c] doOnDreamingStarted
11-03 10:35:16.787911  1686  1686 D SidekickService: setShouldControlDisplay called: true
11-03 10:35:16.789026  1686  1686 I AmbientService: [ce6a28c] Selected running activity for ambient mode: AmbientActivity[component=ComponentInfo{com.google.android.wearable.app/com.google.android.clockwork.home2.activity.HomeActivity2}, callbacks=@210b385, running=true, ambientRequested=true, ambientEnabled=true, offloadEnabled=true]
11-03 10:35:16.789701  1686  1686 I AmbientService: [ce6a28c] Sidekick is ready to display, requesting doze.
11-03 10:35:16.790648  1686  1686 I AmbientService: [ce6a28c] No auto-resume Activity.
11-03 10:35:16.794156  1686  1686 W DefaultSettingsContentR: Value for ambient_low_bit_enabled not stored as number. Attempting parse as boolean.
11-03 10:35:16.799141  1686  1686 I AmbientService: [ce6a28c] Showing watch face in offload mode, canceling alarm.
11-03 10:35:16.799286  1686  1686 W AlarmManagerProxy: Removing unknown listener
11-03 10:35:16.799406  1686  1686 D WristGestureCtrl: Stopping detectors: GesturesEnabled-false gestureDetector-false ungazeEnabled-true ungaze-true
11-03 10:35:16.799456  1686  1686 D DefaultUngazeDetector: stopping
11-03 10:35:16.801118  2520  2520 D HOME    : [HomeVisitsLogger]Logging streamlet event: enter_ambient_mode
11-03 10:35:16.801794  2520  2520 D HOME    : [HotwordController]updateClient MODE_WATCH_FACE false true false true
11-03 10:35:16.802563   512   512 I sensors-hal: batch:140, android.sensor.accelerometer/48, period=66667000, max_latency=100000000
11-03 10:35:16.803233  2520 12460 D HOME    : [HomeVisitsLogger]Logging streamlet event: visit_end
11-03 10:35:16.805363   512   512 I sensors-hal: batch:149, android.sensor.accelerometer/48, period=66667000, max_latency=100000000 request completed
11-03 10:35:16.841776  2520  2520 D HOME    : [WatchFaceUiController]setInAmbientMode true
11-03 10:35:16.842709  2520 12460 I SidekickManager: replaceWatchFaceComponentsImpl(): watchFace = com.google.android.clockwork.decomposablewatchface.WatchFaceDecomposition@537ac43
11-03 10:35:16.843725  1686  7908 D SidekickService: sendWatchFaceComponents called: watchFace = com.google.android.clockwork.decomposablewatchface.WatchFaceDecomposition@e62dd9shouldReplace = false
11-03 10:35:16.843932  1686  7908 D SidekickService: Check decomposition for calling app com.google.android.wearable.app with uid 10049
11-03 10:35:16.844152  2520  2520 D HOME    : [StreamDBQueue]Promised revision #4391 to queue a new op
11-03 10:35:16.844297  1686  7908 D SidekickService: sendWatchFaceLocked(): shouldReplace = false, mSidekickIsControlling = false, 1 images, 0 fonts, 0 numbers, 0 proportionalFonts, 0 strings
11-03 10:35:16.844348  1686  7908 D SidekickService: ISidekickGraphics#beginResources()...
11-03 10:35:16.844413  2520  2520 D WatchStreamManager: Promised rank-blocked=false @ r#4391
11-03 10:35:16.844875  2520  2520 D HOME    : [StreamDBQueue]Promised revision #4392 to queue a new op
11-03 10:35:16.845069  2520  2520 D WatchStreamManager: Promised rank-blocked=false @ r#4392
11-03 10:35:16.845396  1686  7908 D SidekickServiceUtils: bitmapFromDrawable: Returning bitmap directly
11-03 10:35:16.845518  2520 12759 D HOME    : [WatchStreamDB]Item alerting conditions - isInterruptive: true, recentlyInterrupted: false, isItemPinned: false, isUnread: false
11-03 10:35:16.845542  2520 12769 D HOME    : [StreamDBQueue]Promised revision #4393 to queue a new op
11-03 10:35:16.845659  2520 12769 D WatchStreamManager: Promised rerank @ r#4393
11-03 10:35:16.845852  2520 12759 D HOME    : [StreamAlertingRegulator]isTheaterModeEnabled: false, isAlertingAllowedByOffBody: true, matchesLocalInterruptionFilter: true
11-03 10:35:16.845852  2520  2520 D HOME    : [EventBus]Wrapper pool is full. Discarding excess wrapper instance for event com.google.android.clockwork.sysui.events.KeyguardStateEvent
11-03 10:35:16.845979  2520  2520 D HOME    : [WatchFaceUiController]sendStateToWallpaper
11-03 10:35:16.846136  2520 12759 D HOME    : [WatchStreamDB]couldItemAlert: false, isTopItemChanged: false, isDeferralForTopItem: false
11-03 10:35:16.847518  2520  2520 D HOME    : [EventBus]Wrapper pool is full. Discarding excess wrapper instance for event com.google.android.clockwork.sysui.events.KeyguardStateEvent
11-03 10:35:16.847588  1686  7908 D SidekickService: sendBitmapsLocked(): bounds = RectF(0.47115386, 0.33653846, 0.52884614, 0.39423078), drawableInfo = {.id = 100000, .width = 24, .height = 24, .display = true, .offsetX = 193.0, .offsetY = 137.0, .rotationInfo = {.hasRotation = false, .pivotX = 0.0, .pivotY = 0.0, .degreesPerDay = 0.0, .degreesPerStep = 0.0, .zeroDegreesTime = {.daysSinceLocalEpoch = 0, .msSinceMidnight = 0}}, .transformInfo = {.transformed = false, .flipX = false, .flipY = false, .flip45 = false, .scaleX = 0.0, .scaleY = 0.0}, .type = GENERIC, .blink = {.blinking = false, .periodOnMs = 0.0, .periodOffMs = 0.0, .startTime = {.daysSinceLocalEpoch = 0, .msSinceMidnight = 0}}, .zOrder = 6, .displayInTwm = true}, image.size() = 204
11-03 10:35:16.847970  2520  2520 D HOME    : [EventBus]Wrapper pool is full. Discarding excess wrapper instance for event com.google.android.clockwork.sysui.events.KeyguardStateEvent
11-03 10:35:16.847996  2520 12759 D HOME    : [WatchStreamDB]Item alerting conditions - isInterruptive: true, recentlyInterrupted: false, isItemPinned: false, isUnread: false
11-03 10:35:16.848663   416  2389 D SKGHAL  : saveResource: resId = 100000
11-03 10:35:16.849437  1686  7908 D SidekickService: sendBitmapsLocked(): status = 0, bytesUsed = 267
11-03 10:35:16.849634  1686  7908 D SidekickService: ISidekickGraphics#endResources()...
11-03 10:35:16.851075  2520 12759 D HOME    : [StreamAlertingRegulator]isTheaterModeEnabled: false, isAlertingAllowedByOffBody: true, matchesLocalInterruptionFilter: true
