--------- switch to system
11-03 11:15:58.563778  1686  1686 W Looper  : Slow delivery took 444ms main h=com.android.clockwork.gestures.detector.gaze.SensorDataChecker$1 c=null m=1
--------- switch to main
11-03 11:15:58.581545   416  1715 D SKGHAL  : Changing to  RESET state
11-03 11:15:58.582267  1686  1698 D SidekickService: ISidekickGraphics#beginResources()...
11-03 11:15:58.582897   416  1715 D SKGHAL  : Changing to DOWNLOAD State
11-03 11:15:58.583900  1686  1698 D SidekickServiceUtils: bitmapFromDrawable: Returning bitmap directly
11-03 11:15:58.602530  1686  1698 W SidekickService: null digitDimensions in font, setting to PointF(20.0, 27.0)
11-03 11:15:58.602794  1686  1698 D SidekickService: sendFontsLocked(): fontInfo = {.width = 20, .height = 27, .nGlyphs = 10, .id = 4}, image.size() = 919
11-03 11:15:58.605218   416  1715 D SKGHAL  : saveResource: resId = 4
11-03 11:15:58.609249  1686  1698 D SidekickService: sendFontsLocked(): status = 0, bytesUsed = 1374
11-03 11:15:58.610997  1686  1698 D SidekickServiceUtils: bitmapFromDrawable: Returning bitmap directly
11-03 11:15:58.678645   512  1749 I sensors-hal: batch:140, android.sensor.accelerometer/48, period=66667000, max_latency=100000000
11-03 11:15:58.682605   512  1749 I sensors-hal: batch:149, android.sensor.accelerometer/48, period=66667000, max_latency=100000000 request completed
11-03 11:15:58.684379  1686  1686 D DefaultUngazeDetector: Ungaze event occurred; emitting gesture event!
11-03 11:15:58.684779  1686  1686 D WristGestureCtrl: Gesture:GESTURE UNGAZE, timestamp(ms): 66037088, confidence: 0.0, latency(ms): 0, duration(ms): 1026
11-03 11:15:58.688145   512  1749 I sensors-hal: batch:140, android.sensor.accelerometer/48, period=19231000, max_latency=100000000
11-03 11:15:58.689744   512  1749 I sensors-hal: batch:149, android.sensor.accelerometer/48, period=19231000, max_latency=100000000 request completed
--------- switch to system
11-03 11:15:58.690370  1686  1686 I WindowManager: sleepRelease() calling goToSleep(GO_TO_SLEEP_REASON_SLEEP_BUTTON)
11-03 11:15:58.690569  1686  1686 I PowerManagerService: Going to sleep due to sleep button (uid 1000)...
11-03 11:15:58.691352  1686  1686 W Looper  : Drained
11-03 11:15:58.691426  1686  1712 I DreamManagerService: Entering dreamland.
11-03 11:15:58.691567  1686  1686 W UsageStatsService: Event reported without a package name
11-03 11:15:58.692058  1686  1712 I PowerManagerService: Dozing...
--------- switch to main
11-03 11:15:58.696711   512  1749 I sensors-hal: flush:169, android.sensor.accelerometer/48
11-03 11:15:58.699155   512  1749 I sensors-hal: flush:175, android.sensor.accelerometer/48 completed
--------- switch to system
11-03 11:15:58.712624  1686  1708 I DreamController: Starting dream: name=ComponentInfo{com.google.android.wearable.ambient/com.google.android.wearable.ambient.AmbientDream}, isTest=false, canDoze=true, userId=0
--------- switch to main
11-03 11:15:58.778737  1686  1698 D SidekickService: sendBitmapsLocked(): bounds = RectF(0.0, 0.0, 1.0, 1.0), drawableInfo = {.id = 0, .width = 416, .height = 416, .display = true, .offsetX = 0.0, .offsetY = 0.0, .rotationInfo = {.hasRotation = false, .pivotX = 0.0, .pivotY = 0.0, .degreesPerDay = 0.0, .degreesPerStep = 0.0, .zeroDegreesTime = {.daysSinceLocalEpoch = 0, .msSinceMidnight = 0}}, .transformInfo = {.transformed = false, .flipX = false, .flipY = false, .flip45 = false, .scaleX = 0.0, .scaleY = 0.0}, .type = GENERIC, .blink = {.blinking = false, .periodOnMs = 0.0, .periodOffMs = 0.0, .startTime = {.daysSinceLocalEpoch = 0, .msSinceMidnight = 0}}, .zOrder = 1, .displayInTwm = true}, image.size() = 6063
11-03 11:15:58.799424   416  1715 D SKGHAL  : saveResource: resId = 0
11-03 11:15:58.821548  1686  1698 D SidekickService: sendBitmapsLocked(): status = 0, bytesUsed = 9429
11-03 11:15:58.822306  1686  1698 D SidekickServiceUtils: bitmapFromDrawable: Returning bitmap directly
11-03 11:15:58.823451  1686  1698 D SidekickService: sendBitmapsLocked(): bounds = RectF(0.0, 0.0, 0.0024038462, 0.0024038462), drawableInfo = {.id = 100000, .width = 1, .height = 1, .display = true, .offsetX = 0.0, .offsetY = 0.0, .rotationInfo = {.hasRotation = false, .pivotX = 0.0, .pivotY = 0.0, .degreesPerDay = 0.0, .degreesPerStep = 0.0, .zeroDegreesTime = {.daysSinceLocalEpoch = 0, .msSinceMidnight = 0}}, .transformInfo = {.transformed = false, .flipX = false, .flipY = false, .flip45 = false, .scaleX = 0.0, .scaleY = 0.0}, .type = GENERIC, .blink = {.blinking = false, .periodOnMs = 0.0, .periodOffMs = 0.0, .startTime = {.daysSinceLocalEpoch = 0, .msSinceMidnight = 0}}, .zOrder = 6, .displayInTwm = true}, image.size() = 84
11-03 11:15:58.824431   416  1715 D SKGHAL  : saveResource: resId = 100000
11-03 11:15:58.824735  1686  1698 D SidekickService: sendBitmapsLocked(): status = 0, bytesUsed = 18
11-03 11:15:58.825693  1686  1698 D SidekickService: sendNumbersLocked(): drawableInfo = {.id = 5, .width = 100, .height = 50, .display = true, .offsetX = 162.0, .offsetY = 30.0, .rotationInfo = {.hasRotation = false, .pivotX = 0.0, .pivotY = 0.0, .degreesPerDay = 0.0, .degreesPerStep = 0.0, .zeroDegreesTime = {.daysSinceLocalEpoch = 0, .msSinceMidnight = 0}}, .transformInfo = {.transformed = false, .flipX = false, .flipY = false, .flip45 = false, .scaleX = 0.0, .scaleY = 0.0}, .type = NUMBER, .blink = {.blinking = false, .periodOnMs = 0.0, .periodOffMs = 0.0, .startTime = {.daysSinceLocalEpoch = 0, .msSinceMidnight = 0}}, .zOrder = 5, .displayInTwm = true}, numberInfo = {.startTime = {.daysSinceLocalEpoch = 0, .msSinceMidnight = 0}, .startNumber = 0, .minNumber = 0, .maxNumber = 23, .increment = 1, .msPerIncrement = 3600000.0, .fontId = 4, .digits = 2, .leadingZeroes = 1, .digit = -1, .transitionMs = 0.0}
11-03 11:15:58.826375   416  1715 D SKGHAL  : saveResource: resId = 5
11-03 11:15:58.826611  1686  1698 D SidekickService: sendNumbersLocked(): status = 0, bytesUsed = 0
11-03 11:15:58.827488  1686  1698 D SidekickService: sendNumbersLocked(): drawableInfo = {.id = 6, .width = 100, .height = 50, .display = true, .offsetX = 214.0, .offsetY = 30.0, .rotationInfo = {.hasRotation = false, .pivotX = 0.0, .pivotY = 0.0, .degreesPerDay = 0.0, .degreesPerStep = 0.0, .zeroDegreesTime = {.daysSinceLocalEpoch = 0, .msSinceMidnight = 0}}, .transformInfo = {.transformed = false, .flipX = false, .flipY = false, .flip45 = false, .scaleX = 0.0, .scaleY = 0.0}, .type = NUMBER, .blink = {.blinking = false, .periodOnMs = 0.0, .periodOffMs = 0.0, .startTime = {.daysSinceLocalEpoch = 0, .msSinceMidnight = 0}}, .zOrder = 5, .displayInTwm = true}, numberInfo = {.startTime = {.daysSinceLocalEpoch = 0, .msSinceMidnight = 0}, .startNumber = 0, .minNumber = 0, .maxNumber = 59, .increment = 1, .msPerIncrement = 60000.0, .fontId = 4, .digits = 2, .leadingZeroes = 1, .digit = -1, .transitionMs = 0.0}
11-03 11:15:58.828471   416  1715 D SKGHAL  : saveResource: resId = 6
11-03 11:15:58.828735  1686  1698 D SidekickService: sendNumbersLocked(): status = 0, bytesUsed = 0
11-03 11:15:58.828863  1686  1698 D SidekickService: ISidekickGraphics#endResources()...
11-03 11:15:58.984957   416  1715 D SKGHAL  : sendResources: metadata size = 2400, font size = 72
11-03 11:15:59.019232   416  1715 D SKGHAL  : endResources: rc = 0
11-03 11:15:59.019331   416  1715 D SKGHAL  : Changing to ACTIVE state
11-03 11:15:59.020631  2520 12957 I SidekickManager: sendWatchFaceImpl(): watchFace = com.google.android.clockwork.decomposablewatchface.WatchFaceDecomposition@dd30756 forTWM = false
11-03 11:15:59.020751  2520  2520 D HOME    : [SidekickManagerAsync]sendWatchFace(): Callback#onResult(): 0
--------- switch to system
11-03 11:15:59.026949  1686  1686 W ContextImpl: Calling a method in the system process without a qualified user: android.app.ContextImpl.bindService:1611 android.content.ContextWrapper.bindService:698 com.google.android.wearable.ambient.AmbientDream.onCreate:191 android.app.ActivityThread.handleCreateService:3533 android.app.ActivityThread.access$1300:200 
--------- switch to main
11-03 11:15:59.027793  1686  1698 D SidekickService: sendWatchFaceComponents called: watchFace = com.google.android.clockwork.decomposablewatchface.WatchFaceDecomposition@71aa0d4shouldReplace = true
11-03 11:15:59.028013  1686  1698 D SidekickService: Check decomposition for calling app com.google.android.wearable.app with uid 10049
11-03 11:15:59.028798  1686  1698 D SidekickService: sendWatchFaceLocked(): shouldReplace = true, mSidekickIsControlling = false, 2 images, 1 fonts, 2 numbers, 0 proportionalFonts, 0 strings
11-03 11:15:59.028867  1686  1698 D SidekickService: resetLocked()
--------- switch to system
11-03 11:15:59.032285  1686  1686 W ContextImpl: Calling a method in the system process without a qualified user: android.app.ContextImpl.sendBroadcast:1005 android.content.ContextWrapper.sendBroadcast:444 com.google.android.wearable.ambient.AmbientDream.onCreate:241 android.app.ActivityThread.handleCreateService:3533 android.app.ActivityThread.access$1300:200 
--------- switch to main
11-03 11:15:59.040463   416  1715 D SKGHAL  : Changing to  RESET state
--------- switch to system
11-03 11:15:59.040924  1686  1686 W Looper  : Slow dispatch took 324ms main h=android.app.ActivityThread$H c=null m=114
--------- switch to main
11-03 11:15:59.040998  1686  1698 D SidekickService: ISidekickGraphics#beginResources()...
11-03 11:15:59.041406   416  1715 D SKGHAL  : Changing to DOWNLOAD State
11-03 11:15:59.042936  1686  1698 D SidekickServiceUtils: bitmapFromDrawable: Returning bitmap directly
--------- switch to system
11-03 11:15:59.043221  1686  1686 V DreamService[AmbientDream]: onBind() intent = Intent { act=android.service.dreams.DreamService flg=0x800000 cmp=com.google.android.wearable.ambient/.AmbientDream }
11-03 11:15:59.043731  1686  1686 W Looper  : Slow delivery took 324ms main h=android.app.ActivityThread$H c=null m=121
--------- switch to main
11-03 11:15:59.044259  1686  1686 I AmbientService: [ce6a28c] Ambient Created
--------- switch to system
11-03 11:15:59.044469  1686  1686 W Looper  : Drained
11-03 11:15:59.044804  1686  1686 V DreamService[AmbientDream]: Calling onDreamingStarted()
--------- switch to main
11-03 11:15:59.044887  1686  1686 I AmbientService: [ce6a28c] doOnDreamingStarted
11-03 11:15:59.045258  1686  1686 D SidekickService: setShouldControlDisplay called: true
11-03 11:15:59.051264  1686  1698 W SidekickService: null digitDimensions in font, setting to PointF(20.0, 27.0)
11-03 11:15:59.051436  1686  1698 D SidekickService: sendFontsLocked(): fontInfo = {.width = 20, .height = 27, .nGlyphs = 10, .id = 4}, image.size() = 919
11-03 11:15:59.053442   416  1715 D SKGHAL  : saveResource: resId = 4
11-03 11:15:59.059803  1686  1698 D SidekickService: sendFontsLocked(): status = 0, bytesUsed = 1374
11-03 11:15:59.061311  1686  1698 D SidekickServiceUtils: bitmapFromDrawable: Returning bitmap directly
11-03 11:15:59.200522  1686  1698 D SidekickService: sendBitmapsLocked(): bounds = RectF(0.0, 0.0, 1.0, 1.0), drawableInfo = {.id = 0, .width = 416, .height = 416, .display = true, .offsetX = 0.0, .offsetY = 0.0, .rotationInfo = {.hasRotation = false, .pivotX = 0.0, .pivotY = 0.0, .degreesPerDay = 0.0, .degreesPerStep = 0.0, .zeroDegreesTime = {.daysSinceLocalEpoch = 0, .msSinceMidnight = 0}}, .transformInfo = {.transformed = false, .flipX = false, .flipY = false, .flip45 = false, .scaleX = 0.0, .scaleY = 0.0}, .type = GENERIC, .blink = {.blinking = false, .periodOnMs = 0.0, .periodOffMs = 0.0, .startTime = {.daysSinceLocalEpoch = 0, .msSinceMidnight = 0}}, .zOrder = 1, .displayInTwm = true}, image.size() = 6063
11-03 11:15:59.219783   416  1715 D SKGHAL  : saveResource: resId = 0
11-03 11:15:59.242999  1686  1698 D SidekickService: sendBitmapsLocked(): status = 0, bytesUsed = 9429
11-03 11:15:59.243820  1686  1698 D SidekickServiceUtils: bitmapFromDrawable: Returning bitmap directly
11-03 11:15:59.244964  1686  1698 D SidekickService: sendBitmapsLocked(): bounds = RectF(0.0, 0.0, 0.0024038462, 0.0024038462), drawableInfo = {.id = 100000, .width = 1, .height = 1, .display = true, .offsetX = 0.0, .offsetY = 0.0, .rotationInfo = {.hasRotation = false, .pivotX = 0.0, .pivotY = 0.0, .degreesPerDay = 0.0, .degreesPerStep = 0.0, .zeroDegreesTime = {.daysSinceLocalEpoch = 0, .msSinceMidnight = 0}}, .transformInfo = {.transformed = false, .flipX = false, .flipY = false, .flip45 = false, .scaleX = 0.0, .scaleY = 0.0}, .type = GENERIC, .blink = {.blinking = false, .periodOnMs = 0.0, .periodOffMs = 0.0, .startTime = {.daysSinceLocalEpoch = 0, .msSinceMidnight = 0}}, .zOrder = 6, .displayInTwm = true}, image.size() = 84
11-03 11:15:59.245899   416  1715 D SKGHAL  : saveResource: resId = 100000
11-03 11:15:59.246187  1686  1698 D SidekickService: sendBitmapsLocked(): status = 0, bytesUsed = 18
11-03 11:15:59.247163  1686  1698 D SidekickService: sendNumbersLocked(): drawableInfo = {.id = 5, .width = 100, .height = 50, .display = true, .offsetX = 162.0, .offsetY = 30.0, .rotationInfo = {.hasRotation = false, .pivotX = 0.0, .pivotY = 0.0, .degreesPerDay = 0.0, .degreesPerStep = 0.0, .zeroDegreesTime = {.daysSinceLocalEpoch = 0, .msSinceMidnight = 0}}, .transformInfo = {.transformed = false, .flipX = false, .flipY = false, .flip45 = false, .scaleX = 0.0, .scaleY = 0.0}, .type = NUMBER, .blink = {.blinking = false, .periodOnMs = 0.0, .periodOffMs = 0.0, .startTime = {.daysSinceLocalEpoch = 0, .msSinceMidnight = 0}}, .zOrder = 5, .displayInTwm = true}, numberInfo = {.startTime = {.daysSinceLocalEpoch = 0, .msSinceMidnight = 0}, .startNumber = 0, .minNumber = 0, .maxNumber = 23, .increment = 1, .msPerIncrement = 3600000.0, .fontId = 4, .digits = 2, .leadingZeroes = 1, .digit = -1, .transitionMs = 0.0}
11-03 11:15:59.247830   416  1715 D SKGHAL  : saveResource: resId = 5
11-03 11:15:59.248074  1686  1698 D SidekickService: sendNumbersLocked(): status = 0, bytesUsed = 0
11-03 11:15:59.248937  1686  1698 D SidekickService: sendNumbersLocked(): drawableInfo = {.id = 6, .width = 100, .height = 50, .display = true, .offsetX = 214.0, .offsetY = 30.0, .rotationInfo = {.hasRotation = false, .pivotX = 0.0, .pivotY = 0.0, .degreesPerDay = 0.0, .degreesPerStep = 0.0, .zeroDegreesTime = {.daysSinceLocalEpoch = 0, .msSinceMidnight = 0}}, .transformInfo = {.transformed = false, .flipX = false, .flipY = false, .flip45 = false, .scaleX = 0.0, .scaleY = 0.0}, .type = NUMBER, .blink = {.blinking = false, .periodOnMs = 0.0, .periodOffMs = 0.0, .startTime = {.daysSinceLocalEpoch = 0, .msSinceMidnight = 0}}, .zOrder = 5, .displayInTwm = true}, numberInfo = {.startTime = {.daysSinceLocalEpoch = 0, .msSinceMidnight = 0}, .startNumber = 0, .minNumber = 0, .maxNumber = 59, .increment = 1, .msPerIncrement = 60000.0, .fontId = 4, .digits = 2, .leadingZeroes = 1, .digit = -1, .transitionMs = 0.0}
11-03 11:15:59.249564   416  1715 D SKGHAL  : saveResource: resId = 6
11-03 11:15:59.249804  1686  1698 D SidekickService: sendNumbersLocked(): status = 0, bytesUsed = 0
11-03 11:15:59.249919  1686  1698 D SidekickService: ISidekickGraphics#endResources()...
11-03 11:15:59.400789   416  1715 D SKGHAL  : sendResources: metadata size = 2400, font size = 72
11-03 11:15:59.441122   416  1715 D SKGHAL  : endResources: rc = 0
11-03 11:15:59.441225   416  1715 D SKGHAL  : Changing to ACTIVE state
11-03 11:15:59.442692  2520 12957 I SidekickManager: sendWatchFaceImpl(): watchFace = com.google.android.clockwork.decomposablewatchface.WatchFaceDecomposition@23fd4c4 forTWM = false
11-03 11:15:59.442806  2520  2520 D HOME    : [SidekickManagerAsync]sendWatchFace(): Callback#onResult(): 0
11-03 11:15:59.443441  1686  1686 W system_server: Long monitor contention with owner Binder:1686_2 (1698) at int com.google.android.clockwork.sidekick.SidekickService$BinderService.sendWatchFace(com.google.android.clockwork.decomposablewatchface.WatchFaceDecomposition, boolean)(SidekickService.java:1021) waiters=0 in void com.google.android.clockwork.sidekick.SidekickService$BinderService.setShouldControlDisplay(boolean) for 396ms
11-03 11:15:59.444930  1686  1686 I AmbientService: [ce6a28c] Selected running activity for ambient mode: AmbientActivity[component=ComponentInfo{com.google.android.wearable.app/com.google.android.clockwork.home2.activity.HomeActivity2}, callbacks=@210b385, running=true, ambientRequested=true, ambientEnabled=true, offloadEnabled=true]
11-03 11:15:59.446090  1686  1686 I AmbientService: [ce6a28c] Sidekick is ready to display, requesting doze.
11-03 11:15:59.446721  1686  1686 I AmbientService: [ce6a28c] No auto-resume Activity.
11-03 11:15:59.449003  2520  2520 D HOME    : [HomeVisitsLogger]Logging streamlet event: enter_ambient_mode
11-03 11:15:59.449676  2520  2520 D HOME    : [HotwordController]updateClient MODE_WATCH_FACE false true false true
11-03 11:15:59.450167  1686  1686 W DefaultSettingsContentR: Value for ambient_low_bit_enabled not stored as number. Attempting parse as boolean.
11-03 11:15:59.464589  1686  1686 I AmbientService: [ce6a28c] Showing watch face in offload mode, canceling alarm.
11-03 11:15:59.464678  1686  1686 W AlarmManagerProxy: Removing unknown listener
11-03 11:15:59.464861  1686  1686 D WristGestureCtrl: Stopping detectors: GesturesEnabled-false gestureDetector-false ungazeEnabled-true ungaze-true
11-03 11:15:59.464907  1686  1686 D DefaultUngazeDetector: stopping
11-03 11:15:59.466488   512   512 I sensors-hal: batch:140, android.sensor.accelerometer/48, period=66667000, max_latency=100000000
--------- switch to system
11-03 11:15:59.468158  1686  1686 W Looper  : Slow dispatch took 424ms main h=android.os.Handler c=android.service.dreams.DreamService$1@15af23b m=0
11-03 11:15:59.470400  1686  1686 W Looper  : Slow delivery took 425ms main h=android.app.ActivityThread$H c=android.app.-$$Lambda$LoadedApk$ReceiverDispatcher$Args$_BumDX2UKsnxLVrE6UJsJZkotuA@e294d58 m=0
--------- switch to main
11-03 11:15:59.475568  2520 12956 D HOME    : [HomeVisitsLogger]Logging streamlet event: visit_end
--------- switch to system
11-03 11:15:59.507154  1686  1686 W Looper  : Drained
--------- switch to main
11-03 11:15:59.507516   512   512 I sensors-hal: batch:149, android.sensor.accelerometer/48, period=66667000, max_latency=100000000 request completed
11-03 11:15:59.514357  1686  1698 D SidekickService: sendWatchFaceComponents called: watchFace = com.google.android.clockwork.decomposablewatchface.WatchFaceDecomposition@736eeb1shouldReplace = true
11-03 11:15:59.514617  1686  1698 D SidekickService: Check decomposition for calling app com.google.android.wearable.app with uid 10049
11-03 11:15:59.515228  1686  1698 D SidekickService: sendWatchFaceLocked(): shouldReplace = true, mSidekickIsControlling = false, 2 images, 1 fonts, 2 numbers, 0 proportionalFonts, 0 strings
11-03 11:15:59.515281  1686  1698 D SidekickService: resetLocked()
11-03 11:15:59.515982  2520  2520 D HOME    : [WatchFaceUiController]setInAmbientMode true
11-03 11:15:59.517768  2520  2520 D HOME    : [StreamDBQueue]Promised revision #4871 to queue a new op
11-03 11:15:59.517981  2520  2520 D WatchStreamManager: Promised rank-blocked=false @ r#4871
11-03 11:15:59.518509  2520  2520 D HOME    : [StreamDBQueue]Promised revision #4872 to queue a new op
11-03 11:15:59.518655  2520  2520 D WatchStreamManager: Promised rank-blocked=false @ r#4872
11-03 11:15:59.519724  2520  2520 D HOME    : [EventBus]Wrapper pool is full. Discarding excess wrapper instance for event com.google.android.clockwork.sysui.events.KeyguardStateEvent
11-03 11:15:59.519810  2520  2520 D HOME    : [WatchFaceUiController]sendStateToWallpaper
11-03 11:15:59.519947  2520 13355 D HOME    : [WatchStreamDB]Item alerting conditions - isInterruptive: true, recentlyInterrupted: false, isItemPinned: false, isUnread: false
11-03 11:15:59.520438  2520 12956 D HOME    : [StreamDBQueue]Promised revision #4873 to queue a new op
11-03 11:15:59.520556  2520 12956 D WatchStreamManager: Promised rerank @ r#4873
11-03 11:15:59.521217  2520  2520 D HOME    : [EventBus]Wrapper pool is full. Discarding excess wrapper instance for event com.google.android.clockwork.sysui.events.KeyguardStateEvent
11-03 11:15:59.521558  2520  2520 D HOME    : [EventBus]Wrapper pool is full. Discarding excess wrapper instance for event com.google.android.clockwork.sysui.events.KeyguardStateEvent
11-03 11:15:59.528002  2520 13355 D HOME    : [StreamAlertingRegulator]isTheaterModeEnabled: false, isAlertingAllowedByOffBody: true, matchesLocalInterruptionFilter: true
11-03 11:15:59.528300  2520 13355 D HOME    : [WatchStreamDB]couldItemAlert: false, isTopItemChanged: false, isDeferralForTopItem: false
11-03 11:15:59.529180  2520 13355 D HOME    : [WatchStreamDB]Item alerting conditions - isInterruptive: true, recentlyInterrupted: false, isItemPinned: false, isUnread: false
11-03 11:15:59.529515  2520 13355 D HOME    : [StreamAlertingRegulator]isTheaterModeEnabled: false, isAlertingAllowedByOffBody: true, matchesLocalInterruptionFilter: true
11-03 11:15:59.529706  2520 13355 D HOME    : [WatchStreamDB]couldItemAlert: false, isTopItemChanged: false, isDeferralForTopItem: false
11-03 11:15:59.530116  2520 13355 D HOME    : [WatchStreamDB]updateRanking()
11-03 11:15:59.530540  2520 13355 D HOME    : [WatchStreamDB]Item alerting conditions - isInterruptive: true, recentlyInterrupted: false, isItemPinned: false, isUnread: false
11-03 11:15:59.530820  2520 13355 D HOME    : [StreamAlertingRegulator]isTheaterModeEnabled: false, isAlertingAllowedByOffBody: true, matchesLocalInterruptionFilter: true
11-03 11:15:59.530985  2520 13355 D HOME    : [WatchStreamDB]couldItemAlert: false, isTopItemChanged: false, isDeferralForTopItem: false
11-03 11:15:59.531403  2520 13355 D HOME    : [NewStreamAdapter]Publishing revision #4873 to adapter clients
11-03 11:15:59.532153  2520 12956 D HOME    : [StreamDBQueue]Promised revision #4874 to queue a new op
11-03 11:15:59.532355  2520 12956 D WatchStreamManager: Promised rerank @ r#4874
11-03 11:15:59.532536  2520 13355 D HOME    : [WatchStreamDB]updateRanking()
11-03 11:15:59.532994  2520 13355 D HOME    : [WatchStreamDB]Item alerting conditions - isInterruptive: true, recentlyInterrupted: false, isItemPinned: false, isUnread: false
11-03 11:15:59.533249  2520 13355 D HOME    : [StreamAlertingRegulator]isTheaterModeEnabled: false, isAlertingAllowedByOffBody: true, matchesLocalInterruptionFilter: true
11-03 11:15:59.533432  2520 13355 D HOME    : [WatchStreamDB]couldItemAlert: false, isTopItemChanged: false, isDeferralForTopItem: false
11-03 11:15:59.533926  2520 13355 D HOME    : [NewStreamAdapter]Publishing revision #4874 to adapter clients
11-03 11:15:59.543240  2520  2520 W StaticLayout: maxLineHeight should not be -1.  maxLines:1 lineCount:1
11-03 11:15:59.559404   416  1715 D SKGHAL  : Changing to  RESET state
11-03 11:15:59.559926  1686  1698 D SidekickService: ISidekickGraphics#beginResources()...
11-03 11:15:59.560212   416  1715 D SKGHAL  : Changing to DOWNLOAD State
11-03 11:15:59.560893  1686  1698 D SidekickServiceUtils: bitmapFromDrawable: Returning bitmap directly
11-03 11:15:59.570568  1686  1698 W SidekickService: null digitDimensions in font, setting to PointF(20.0, 27.0)
11-03 11:15:59.570816  1686  1698 D SidekickService: sendFontsLocked(): fontInfo = {.width = 20, .height = 27, .nGlyphs = 10, .id = 4}, image.size() = 919
11-03 11:15:59.572729   416  1715 D SKGHAL  : saveResource: resId = 4
11-03 11:15:59.577208  1686  1698 D SidekickService: sendFontsLocked(): status = 0, bytesUsed = 1374
11-03 11:15:59.577842  1686  1698 D SidekickServiceUtils: bitmapFromDrawable: Returning bitmap directly
11-03 11:15:59.683851  1686  1698 D SidekickService: sendBitmapsLocked(): bounds = RectF(0.0, 0.0, 1.0, 1.0), drawableInfo = {.id = 0, .width = 416, .height = 416, .display = true, .offsetX = 0.0, .offsetY = 0.0, .rotationInfo = {.hasRotation = false, .pivotX = 0.0, .pivotY = 0.0, .degreesPerDay = 0.0, .degreesPerStep = 0.0, .zeroDegreesTime = {.daysSinceLocalEpoch = 0, .msSinceMidnight = 0}}, .transformInfo = {.transformed = false, .flipX = false, .flipY = false, .flip45 = false, .scaleX = 0.0, .scaleY = 0.0}, .type = GENERIC, .blink = {.blinking = false, .periodOnMs = 0.0, .periodOffMs = 0.0, .startTime = {.daysSinceLocalEpoch = 0, .msSinceMidnight = 0}}, .zOrder = 1, .displayInTwm = true}, image.size() = 6063
11-03 11:15:59.699187   416  1715 D SKGHAL  : saveResource: resId = 0
11-03 11:15:59.720191  1686  1698 D SidekickService: sendBitmapsLocked(): status = 0, bytesUsed = 9429
11-03 11:15:59.721139  1686  1698 D SidekickServiceUtils: bitmapFromDrawable: Returning bitmap directly
11-03 11:15:59.722911  1686  1698 D SidekickService: sendBitmapsLocked(): bounds = RectF(0.0, 0.0, 0.0024038462, 0.0024038462), drawableInfo = {.id = 100000, .width = 1, .height = 1, .display = true, .offsetX = 0.0, .offsetY = 0.0, .rotationInfo = {.hasRotation = false, .pivotX = 0.0, .pivotY = 0.0, .degreesPerDay = 0.0, .degreesPerStep = 0.0, .zeroDegreesTime = {.daysSinceLocalEpoch = 0, .msSinceMidnight = 0}}, .transformInfo = {.transformed = false, .flipX = false, .flipY = false, .flip45 = false, .scaleX = 0.0, .scaleY = 0.0}, .type = GENERIC, .blink = {.blinking = false, .periodOnMs = 0.0, .periodOffMs = 0.0, .startTime = {.daysSinceLocalEpoch = 0, .msSinceMidnight = 0}}, .zOrder = 6, .displayInTwm = true}, image.size() = 84
11-03 11:15:59.723720   416  2389 D SKGHAL  : saveResource: resId = 100000
11-03 11:15:59.725227  1686  1698 D SidekickService: sendBitmapsLocked(): status = 0, bytesUsed = 18
11-03 11:15:59.726560  1686  1698 D SidekickService: sendNumbersLocked(): drawableInfo = {.id = 5, .width = 100, .height = 50, .display = true, .offsetX = 162.0, .offsetY = 30.0, .rotationInfo = {.hasRotation = false, .pivotX = 0.0, .pivotY = 0.0, .degreesPerDay = 0.0, .degreesPerStep = 0.0, .zeroDegreesTime = {.daysSinceLocalEpoch = 0, .msSinceMidnight = 0}}, .transformInfo = {.transformed = false, .flipX = false, .flipY = false, .flip45 = false, .scaleX = 0.0, .scaleY = 0.0}, .type = NUMBER, .blink = {.blinking = false, .periodOnMs = 0.0, .periodOffMs = 0.0, .startTime = {.daysSinceLocalEpoch = 0, .msSinceMidnight = 0}}, .zOrder = 5, .displayInTwm = true}, numberInfo = {.startTime = {.daysSinceLocalEpoch = 0, .msSinceMidnight = 0}, .startNumber = 0, .minNumber = 0, .maxNumber = 23, .increment = 1, .msPerIncrement = 3600000.0, .fontId = 4, .digits = 2, .leadingZeroes = 1, .digit = -1, .transitionMs = 0.0}
11-03 11:15:59.727172   416  2389 D SKGHAL  : saveResource: resId = 5
11-03 11:15:59.728188  1686  1698 D SidekickService: sendNumbersLocked(): status = 0, bytesUsed = 0
11-03 11:15:59.729414  1686  1698 D SidekickService: sendNumbersLocked(): drawableInfo = {.id = 6, .width = 100, .height = 50, .display = true, .offsetX = 214.0, .offsetY = 30.0, .rotationInfo = {.hasRotation = false, .pivotX = 0.0, .pivotY = 0.0, .degreesPerDay = 0.0, .degreesPerStep = 0.0, .zeroDegreesTime = {.daysSinceLocalEpoch = 0, .msSinceMidnight = 0}}, .transformInfo = {.transformed = false, .flipX = false, .flipY = false, .flip45 = false, .scaleX = 0.0, .scaleY = 0.0}, .type = NUMBER, .blink = {.blinking = false, .periodOnMs = 0.0, .periodOffMs = 0.0, .startTime = {.daysSinceLocalEpoch = 0, .msSinceMidnight = 0}}, .zOrder = 5, .displayInTwm = true}, numberInfo = {.startTime = {.daysSinceLocalEpoch = 0, .msSinceMidnight = 0}, .startNumber = 0, .minNumber = 0, .maxNumber = 59, .increment = 1, .msPerIncrement = 60000.0, .fontId = 4, .digits = 2, .leadingZeroes = 1, .digit = -1, .transitionMs = 0.0}
11-03 11:15:59.730025   416  1715 D SKGHAL  : saveResource: resId = 6
11-03 11:15:59.732015  1686  1698 D SidekickService: sendNumbersLocked(): status = 0, bytesUsed = 0
11-03 11:15:59.732217  1686  1698 D SidekickService: ISidekickGraphics#endResources()...
11-03 11:15:59.883576   416  1715 D SKGHAL  : sendResources: metadata size = 2400, font size = 72
11-03 11:15:59.919578  1686  1696 I system_server: Background concurrent copying GC freed 27586(2MB) AllocSpace objects, 19(588KB) LOS objects, 19% free, 10MB/13MB, paused 320us total 235.880ms
11-03 11:15:59.923934   416  1715 D SKGHAL  : endResources: rc = 0
11-03 11:15:59.924004   416  1715 D SKGHAL  : Changing to ACTIVE state
--------- switch to system
11-03 11:15:59.925220  1686  1686 W Looper  : Slow dispatch took 399ms main h=android.os.Handler c=com.google.android.wearable.ambient.AmbientDream$Callbacks$1@d03bf96 m=0
--------- switch to main
11-03 11:15:59.934131  2520 12957 I SidekickManager: replaceWatchFaceComponentsImpl(): watchFace = com.google.android.clockwork.decomposablewatchface.WatchFaceDecomposition@9932892
11-03 11:15:59.934248  2520  2520 D HOME    : [SidekickManagerAsync]sendWatchFace(): Callback#onResult(): 0
11-03 11:15:59.934481  2520  2520 D HOME    : [WatchFaceUiController]Still in ambient watch face, hiding
11-03 11:15:59.934536  2520  2520 D HOME    : [WatchFaceUiController]Hiding watch face wallpaper.
11-03 11:15:59.934886  1686  1698 D SidekickService: sendWatchFaceComponents called: watchFace = com.google.android.clockwork.decomposablewatchface.WatchFaceDecomposition@2fc7717shouldReplace = false
11-03 11:15:59.935070  1686  1698 D SidekickService: Check decomposition for calling app com.google.android.wearable.app with uid 10049
--------- switch to kernel
11-03 11:15:59.806606     0     0 E FG      : fg_psy_get_property: unsupported property 7
11-03 11:15:59.808389     0     0 W healthd : battery l=10 v=3631 t=28.0 h=2 st=3 c=149 fc=443000 cc=0 chg=
--------- switch to main
11-03 11:15:59.936859  1686  1698 D SidekickService: sendWatchFaceLocked(): shouldReplace = false, mSidekickIsControlling = false, 1 images, 0 fonts, 0 numbers, 0 proportionalFonts, 0 strings
11-03 11:15:59.936948  1686  1698 D SidekickService: ISidekickGraphics#beginResources()...
11-03 11:15:59.937820  1686  1698 D SidekickServiceUtils: bitmapFromDrawable: Returning bitmap directly
11-03 11:15:59.939866  1686  1698 D SidekickService: sendBitmapsLocked(): bounds = RectF(0.47115386, 0.33653846, 0.52884614, 0.39423078), drawableInfo = {.id = 100000, .width = 24, .height = 24, .display = true, .offsetX = 193.0, .offsetY = 137.0, .rotationInfo = {.hasRotation = false, .pivotX = 0.0, .pivotY = 0.0, .degreesPerDay = 0.0, .degreesPerStep = 0.0, .zeroDegreesTime = {.daysSinceLocalEpoch = 0, .msSinceMidnight = 0}}, .transformInfo = {.transformed = false, .flipX = false, .flipY = false, .flip45 = false, .scaleX = 0.0, .scaleY = 0.0}, .type = GENERIC, .blink = {.blinking = false, .periodOnMs = 0.0, .periodOffMs = 0.0, .startTime = {.daysSinceLocalEpoch = 0, .msSinceMidnight = 0}}, .zOrder = 6, .displayInTwm = true}, image.size() = 204
11-03 11:15:59.940728   416  1715 D SKGHAL  : saveResource: resId = 100000
11-03 11:15:59.944710   512  1749 I sensors-hal: activate:107, android.sensor.light/46 en=0
11-03 11:15:59.945705   512  1749 I sensors-hal: activate:118, android.sensor.light/46 en=0 completed
--------- switch to system
11-03 11:15:59.950700  1686  1710 I DisplayManagerService: Display device changed state: "Écran intégré", DOZE_SUSPEND
--------- switch to main
11-03 11:15:59.961784   545   545 D SurfaceFlinger: Set power mode=3, type=0 flinger=0xb6bb6000
11-03 11:15:59.962369   504   764 I SDM     : DisplayBase::SetDisplayState: Set state = 3, display 0
11-03 11:15:59.964684  2520  2520 D HOME    : [BatteryChange]action: android.intent.action.BATTERY_CHANGED
11-03 11:15:59.958862  1956  1956 D QtiCarrierConfigHelper: WARNING, no carrier configs on phone Id: 0
11-03 11:15:59.975029  1686  1698 D SidekickService: sendBitmapsLocked(): status = 0, bytesUsed = 267
11-03 11:15:59.975223  1686  1698 D SidekickService: ISidekickGraphics#endResources()...
11-03 11:15:59.989629  2520 12978 D HOME    : [BatteryChange]HandleBatteryChangedTask
11-03 11:15:59.990022  2520 12978 D HOME    : [BatteryChange]level: 10, status: 3
11-03 11:15:59.994806  1686  1759 I InputReader: Reconfiguring input devices.  changes=0x00000004
11-03 11:15:59.999471  2520 12978 D HOME    : [BatteryChange]updateStreamItem
11-03 11:16:00.005373   545   545 D SurfaceFlinger: Finished set power mode=3, type=0
--------- switch to kernel
11-03 11:15:59.838339     0     0 I mdss_dsi_panel_set_idle_mode: Idle (0->1)
11-03 11:15:59.871692     0     0 I         : [touch]FB_BLANK_VSYNC_SUSPEND
11-03 11:15:59.871698     0     0 I         : [touch]irq disable
11-03 11:15:59.871702     0     0 I         : [touch]workqueue is empty!
11-03 11:15:59.871705     0     0 I         : [touch]raydium_ts_do_suspend.
11-03 11:15:59.871714     0     0 I         : [touch]Device may wakeup
11-03 11:15:59.874111     0     0 I         : [touch]irq enable
--------- switch to main
11-03 11:16:00.009273  2520  2714 D HOME    : [TickMonitor]Received time tick
11-03 11:16:00.012538  2520  2714 D HOME    : [TickMonitor]handleTimeTick() finished
11-03 11:16:00.026614  2520 12978 D HOME    : [BatteryChange]batteryHistory size: 20'
11-03 11:16:00.026887  2520 12978 D HOME    : [BatteryChange]timeDelta: 13617768
11-03 11:16:00.027042  2520 12978 D HOME    : [BatteryChange]levelDelta: 21
11-03 11:16:00.139630   416  1715 D SKGHAL  : sendResources: metadata size = 2400, font size = 72
11-03 11:16:00.192171   416  1715 D SKGHAL  : endResources: rc = 0
11-03 11:16:00.193445  1686  1823 W system_server: Long monitor contention with owner Binder:1686_2 (1698) at int com.google.android.clockwork.sidekick.SidekickService$BinderService.sendWatchFace(com.google.android.clockwork.decomposablewatchface.WatchFaceDecomposition, boolean)(SidekickService.java:1021) waiters=0 in boolean com.google.android.clockwork.sidekick.SidekickService$LocalService.startDisplayControl(int) for 187ms
11-03 11:16:00.194835  2520  2520 D HOME    : [SidekickManagerAsync]replaceWatchFaceComponents(): Callback#onResult(): 0
11-03 11:16:00.195283  2520  2520 D HOME    : [WatchFaceUiController]Complication updates sent, posting watch face hiding
11-03 11:16:00.195446  2520  2520 D HOME    : [WatchFaceUiController]Still in ambient watch face, hiding
11-03 11:16:00.196278  1686  1823 I SidekickService: beginDisplayLocked(): DOZE_SUSPEND
11-03 11:16:00.197388   416  1715 D SKGHAL  : sendAmbientPrepare: enter:
11-03 11:16:00.242428   416  1715 D SKGHAL  : sendAmbientEvent: enter: enable = 1
11-03 11:16:00.244203   504   523 I SDM     : DisplayBase::SetDisplayState: Set state = 4, display 0
11-03 11:16:00.244342   504   523 D SDM     : HWCDisplayPrimary::SetStandByMode: Null display is connected successfully
11-03 11:16:00.244580   416  1715 D SKGHAL  : standBy_update_control call succeed on 1
11-03 11:16:00.255161   416  1715 D SKGHAL  : sendAmbientEvent: done: enable = 1
11-03 11:16:00.256040  1686  1823 D SidekickService:    ... beginDisplay result: 0 for halPower: 1
11-03 11:16:00.261198   512   512 I sensors-hal: activate:107, android.sensor.accelerometer/48 en=0
11-03 11:16:00.263666   512   512 I sensors-hal: activate:118, android.sensor.accelerometer/48 en=0 completed
--------- switch to kernel
11-03 11:16:00.134048     0     0 E bgrsb   : bgrsb_enable: gpio 32 is valid
--------- switch to main
11-03 11:16:00.272350  1686  1799 E WifiStateMachine: getWifiLinkLayerStats called without an interface
11-03 11:16:00.303804  1686  1686 I WearPower: [WearTouchMediator] changing touch input to enabled (ON_AUTO)
11-03 11:16:00.306050  1686  1759 I InputReader: Reconfiguring input devices.  changes=0x00000200
--------- switch to kernel
11-03 11:16:00.177932     0     0 I init    : processing action (ro.enable_core_ctl=true && sys.cw_corectl_mode=idle) from (/vendor/etc/init/hw/init.qcom.rc:949)
--------- switch to main
11-03 11:16:00.318640  1686  1686 I AmbientService: [ce6a28c] Timeout alarm not required, auto-resume timeout handled by dream.
11-03 11:16:00.332399  3205  3434 W WorkController: Loading failed for worker [trainingcache]: worker not found
11-03 11:16:00.334071  3205  3294 W A       : TrainingCache cache SCREEN_OFF failure
11-03 11:16:00.334071  3205  3294 W A       : com.google.android.apps.gsa.search.core.service.h.a.a: No worker found for Worker ID [trainingcache].
11-03 11:16:00.334071  3205  3294 W A       : 	at com.google.android.apps.gsa.search.core.service.g.a.c.a(Unknown Source:5)
11-03 11:16:00.334071  3205  3294 W A       : 	at com.google.android.libraries.gsa.c.a.d.a(Unknown Source:3)
11-03 11:16:00.334071  3205  3294 W A       : 	at com.google.common.p.a.cg.c(Unknown Source:2)
11-03 11:16:00.334071  3205  3294 W A       : 	at com.google.common.p.a.bk.run(SourceFile:3)
11-03 11:16:00.334071  3205  3294 W A       : 	at com.google.common.p.a.ci.run(Unknown Source:4)
11-03 11:16:00.334071  3205  3294 W A       : 	at com.google.apps.tiktok.concurrent.ab.run(SourceFile:1)
11-03 11:16:00.334071  3205  3294 W A       : 	at java.util.concurrent.ThreadPoolExecutor.runWorker(ThreadPoolExecutor.java:1167)
11-03 11:16:00.334071  3205  3294 W A       : 	at java.util.concurrent.ThreadPoolExecutor$Worker.run(ThreadPoolExecutor.java:641)
11-03 11:16:00.334071  3205  3294 W A       : 	at com.google.apps.tiktok.concurrent.c.run(Unknown Source:4)
11-03 11:16:00.334071  3205  3294 W A       : 	at java.lang.Thread.run(Thread.java:764)
11-03 11:16:00.366659  2520  2520 D HOME    : [StreamDBQueue]Promised revision #4875 to queue a new op
11-03 11:16:00.367256  2520  2520 D WatchStreamManager: Promised rank-blocked=false @ r#4875
11-03 11:16:00.367684  2520  2520 D HOME    : [CompactHunStarter]detachWindow()
11-03 11:16:00.368678  2520 12957 D HOME    : [WatchStreamDB]Item alerting conditions - isInterruptive: true, recentlyInterrupted: false, isItemPinned: false, isUnread: false
11-03 11:16:00.369070  2520 12978 D HOME    : [StreamDBQueue]Promised revision #4876 to queue a new op
11-03 11:16:00.369267  2520 12978 D WatchStreamManager: Promised rerank @ r#4876
11-03 11:16:00.374183  2520 12957 D HOME    : [StreamAlertingRegulator]isTheaterModeEnabled: false, isAlertingAllowedByOffBody: true, matchesLocalInterruptionFilter: true
11-03 11:16:00.374727  2520 12957 D HOME    : [WatchStreamDB]couldItemAlert: false, isTopItemChanged: false, isDeferralForTopItem: false
11-03 11:16:00.375782  2520 12957 D HOME    : [WatchStreamDB]updateRanking()
11-03 11:16:00.376814  2520 12957 D HOME    : [WatchStreamDB]Item alerting conditions - isInterruptive: true, recentlyInterrupted: false, isItemPinned: false, isUnread: false
11-03 11:16:00.377384  2520 12957 D HOME    : [StreamAlertingRegulator]isTheaterModeEnabled: false, isAlertingAllowedByOffBody: true, matchesLocalInterruptionFilter: true
11-03 11:16:00.377716  2520 12957 D HOME    : [WatchStreamDB]couldItemAlert: false, isTopItemChanged: false, isDeferralForTopItem: false
11-03 11:16:00.378758  2520 12957 D HOME    : [NewStreamAdapter]Publishing revision #4876 to adapter clients
--------- switch to kernel
11-03 11:16:00.441388     0     0 I PM      : suspend entry 2021-11-03 10:16:00.441388208 UTC
11-03 11:16:00.441412     0     0 I PM      : Syncing filesystems ... done.
11-03 11:16:00.493170     0     0 I         : Freezing user space processes ... (elapsed 0.009 seconds) done.
11-03 11:16:00.502965     0     0 I         : Freezing remaining freezable tasks ... (elapsed 0.005 seconds) done.
11-03 11:16:00.508970     0     0 I         : Suspending console(s) (use no_console_suspend to debug)
11-03 11:16:00.523936     0     0 I mdss_dsi_panel_set_idle_mode: Idle (1->1)
11-03 11:16:00.567671     0     0 I bgcom   : bgcom_pm_suspend: suspended with : 0
11-03 11:16:00.595884     0     0 I PM      : suspend of devices complete after 82.983 msecs
11-03 11:16:00.601200     0     0 I PM      : late suspend of devices complete after 5.272 msecs
11-03 11:16:00.606995     0     0 I PM      : noirq suspend of devices complete after 5.758 msecs
11-03 11:16:00.607009     0     0 I         : Disabling non-boot CPUs ...
11-03 11:16:00.623140     0     0 W         : IRQ21 no longer affine to CPU1
11-03 11:16:00.625005     0     0 I CPU1    : shutdown
11-03 11:16:00.627375     0     0 I suspend ns: 4173054493929	suspend cycles:    1268120867410
11-03 11:16:00.627350     0     0 I CPU0    : msm_cpu_pm_enter_sleep mode:3 during suspend
11-03 11:16:00.627891     0     0 I         : Enabling non-boot CPUs ...
11-03 11:16:00.628733     0     0 I CPU1    : update cpu_capacity 1024
11-03 11:16:00.630216     0     0 I         : CPU1 is up
11-03 11:16:00.631770     0     0 I CPU1    : update max cpu_capacity 748
11-03 11:16:00.634039     0     0 I PM      : noirq resume of devices complete after 3.470 msecs
11-03 11:16:00.639198     0     0 I PM      : early resume of devices complete after 3.697 msecs
11-03 11:16:00.669285     0     0 I bgcom   : bgcom_pm_resume: Bgcom resumed with : 0
11-03 11:16:00.679369     0     0 I mdss_dsi_panel_set_idle_mode: Idle (1->1)
11-03 11:16:00.715902     0     0 I PM      : resume of devices complete after 76.674 msecs
11-03 11:16:00.719430     0     0 I         : Restarting tasks ...
11-03 11:16:00.722684     0     0 W QSEECOM : qseecom_receive_req: Interrupted: exiting Listener Service = 8192
11-03 11:16:00.724253     0     0 W QSEECOM : qseecom_receive_req: Interrupted: exiting Listener Service = 11
11-03 11:16:00.729777     0     0 W QSEECOM : qseecom_receive_req: Interrupted: exiting Listener Service = 12288
11-03 11:16:00.729846     0     0 W QSEECOM : qseecom_receive_req: Interrupted: exiting Listener Service = 10
11-03 11:16:00.729889     0     0 W QSEECOM : qseecom_receive_req: Interrupted: exiting Listener Service = 28672
11-03 11:16:00.736732     0     0 I         : done.
11-03 11:16:20.639888     0     0 I PM      : suspend exit 2021-11-03 10:16:20.639888304 UTC
--------- switch to system
11-03 11:16:20.657091  1686  1686 W UsageStatsService: Event reported without a package name
--------- switch to kernel
11-03 11:16:20.660943     0     0 E FG      : fg_psy_get_property: unsupported property 7
11-03 11:16:20.533645     0     0 W healthd : battery l=10 v=3716 t=28.0 h=2 st=3 c=5 fc=443000 cc=0 chg=
--------- switch to main
11-03 11:16:20.698067   512   512 I sensors-hal: batch:140, android.sensor.light/46, period=100000000, max_latency=0
11-03 11:16:20.698220   512   512 I sensors-hal: batch:149, android.sensor.light/46, period=100000000, max_latency=0 request completed
11-03 11:16:20.701212   512   512 I sensors-hal: activate:107, android.sensor.light/46 en=1
11-03 11:16:20.701944   512   512 I sensors-hal: ssc_enable_rt_task:254, ssc_enable_rt_task : true
11-03 11:16:20.708212   512   512 I sensors-hal: activate:118, android.sensor.light/46 en=1 completed
11-03 11:16:20.711041   512   512 I sensors-hal: batch:140, android.sensor.accelerometer/48, period=66667000, max_latency=100000000
11-03 11:16:20.711174   512   512 I sensors-hal: batch:149, android.sensor.accelerometer/48, period=66667000, max_latency=100000000 request completed
11-03 11:16:20.711304  1686  1823 I SidekickService: endDisplayLocked()
--------- switch to system
11-03 11:16:20.712153  1686  1710 I DisplayManagerService: Display device changed state: "Écran intégré", ON
--------- switch to main
11-03 11:16:20.712923   416  1715 D SKGHAL  : sendAmbientEvent: enter: enable = 0
11-03 11:16:20.726700   512   512 I sensors-hal: activate:107, android.sensor.accelerometer/48 en=1
11-03 11:16:20.727476   512   512 I sensors-hal: ssc_enable_rt_task:254, ssc_enable_rt_task : true
11-03 11:16:20.747022  1686  1759 I InputReader: Reconfiguring input devices.  changes=0x00000004
11-03 11:16:20.749203   504   523 I SDM     : DisplayBase::SetDisplayState: Set state = 3, display 0
11-03 11:16:20.749524   504   523 D SDM     : HWCDisplayPrimary::SetStandByMode: Display is connected successfully
11-03 11:16:20.750078   416  1715 D SKGHAL  : standBy_update_control call succeed on 0
11-03 11:16:20.750169   416  1715 D SKGHAL  : sendAmbientEvent: done: enable = 0
--------- switch to kernel
11-03 11:16:20.613309     0     0 E bgrsb   : bgrsb_enable: rsb will set report rate
11-03 11:16:20.618257     0     0 I         : [touch]FB_BLANK_VSYNC_SUSPEND
11-03 11:16:20.618265     0     0 I         : [touch]Already in suspend state
--------- switch to main
11-03 11:16:20.758786  1686  1823 D SidekickService:    ... endDisplay returns void
11-03 11:16:20.759918   545   545 D SurfaceFlinger: Set power mode=2, type=0 flinger=0xb6bb6000
11-03 11:16:20.760410   504   764 I SDM     : DisplayBase::SetDisplayState: Set state = 1, display 0
11-03 11:16:20.766592  4243  4243 D OMService: onDisplayChanged: not dozing
11-03 11:16:20.770784   545   545 D SurfaceFlinger: Finished set power mode=2, type=0
--------- switch to system
11-03 11:16:20.775465  1686  1712 W PowerManagerService: Screen on took 256 ms
11-03 11:16:20.775840  1686  1712 I DreamManagerService: Gently waking up from dream.
11-03 11:16:20.776485  1686  1708 I DreamManagerService: Performing gentle wake from dream.
--------- switch to main
11-03 11:16:20.785358   512   512 I sensors-hal: activate:118, android.sensor.accelerometer/48 en=1 completed
--------- switch to kernel
11-03 11:16:20.636632     0     0 I mdss_dsi_panel_set_idle_mode: Idle (1->0)
11-03 11:16:20.636692     0     0 E bgrsb   : bgrsb_enable: gpio 32 is valid
11-03 11:16:20.637793     0     0 E mdp3_enable_panic_ctrl: mdp3_enable_panic_ctrl: Enable Panic Control
11-03 11:16:20.637905     0     0 I         : [touch]FB_BLANK_UNBLANK
11-03 11:16:20.637912     0     0 I         : [touch]raydium_ts_do_resume, 1.
11-03 11:16:20.638441     0     0 I         : [ raydium ]workqueue is empty!
11-03 11:16:20.638465     0     0 I raydium_ts 5-0039: [touch]Already enable irq
11-03 11:16:20.638468     0     0 I         : [touch]Device may wakeup
--------- switch to main
11-03 11:16:20.800224  2520  2520 D HOME    : [BatteryChange]action: android.intent.action.BATTERY_CHANGED
11-03 11:16:20.801677  2520 12978 D HOME    : [BatteryChange]HandleBatteryChangedTask
11-03 11:16:20.802406  2520 12978 D HOME    : [BatteryChange]level: 10, status: 3
11-03 11:16:20.806449   512 13584 I sensors-hal: handle_indication_realtime:355,  SCHED_FIFO(10) for qmi_cbk
11-03 11:16:20.808955  3205  3434 W WorkController: Loading failed for worker [trainingcache]: worker not found
--------- switch to system
11-03 11:16:20.810980  1686  1702 W BroadcastQueue: Background execution not allowed: receiving Intent { act=android.intent.action.USER_PRESENT flg=0x10 } to com.google.android.gms/.auth.setup.devicesignals.LockScreenReceiver
11-03 11:16:20.811796  1686  1702 W BroadcastQueue: Background execution not allowed: receiving Intent { act=android.intent.action.USER_PRESENT flg=0x10 } to com.google.android.gms/.chimera.GmsIntentOperationService$PersistentTrustedReceiver
--------- switch to main
11-03 11:16:20.815376  3205  3372 W A       : TrainingCache cache DEVICE_UNLOCKED failure
11-03 11:16:20.815376  3205  3372 W A       : com.google.android.apps.gsa.search.core.service.h.a.a: No worker found for Worker ID [trainingcache].
11-03 11:16:20.815376  3205  3372 W A       : 	at com.google.android.apps.gsa.search.core.service.g.a.c.a(Unknown Source:5)
11-03 11:16:20.815376  3205  3372 W A       : 	at com.google.android.libraries.gsa.c.a.d.a(Unknown Source:3)
11-03 11:16:20.815376  3205  3372 W A       : 	at com.google.common.p.a.cg.c(Unknown Source:2)
11-03 11:16:20.815376  3205  3372 W A       : 	at com.google.common.p.a.bk.run(SourceFile:3)
11-03 11:16:20.815376  3205  3372 W A       : 	at com.google.common.p.a.ci.run(Unknown Source:4)
11-03 11:16:20.815376  3205  3372 W A       : 	at com.google.apps.tiktok.concurrent.ab.run(SourceFile:1)
11-03 11:16:20.815376  3205  3372 W A       : 	at java.util.concurrent.ThreadPoolExecutor.runWorker(ThreadPoolExecutor.java:1167)
11-03 11:16:20.815376  3205  3372 W A       : 	at java.util.concurrent.ThreadPoolExecutor$Worker.run(ThreadPoolExecutor.java:641)
11-03 11:16:20.815376  3205  3372 W A       : 	at com.google.apps.tiktok.concurrent.c.run(Unknown Source:4)
11-03 11:16:20.815376  3205  3372 W A       : 	at java.lang.Thread.run(Thread.java:764)
11-03 11:16:20.823164  1956  1956 D QtiCarrierConfigHelper: WARNING, no carrier configs on phone Id: 0
--------- switch to system
11-03 11:16:20.836135  1686  1686 V DreamService[AmbientDream]: wakeUp(): fromSystem=true, mWaking=false, mFinished=false
11-03 11:16:20.836374  1686  1686 V DreamService[AmbientDream]: finish(): mFinished=false
11-03 11:16:20.836494  1686  1686 I DreamManagerService: Leaving dreamland.
11-03 11:16:20.846786  1686  1708 I DreamManagerService: Performing gentle wake from dream.
11-03 11:16:20.847039  1686  1708 I DreamController: Stopping dream: name=ComponentInfo{com.google.android.wearable.ambient/com.google.android.wearable.ambient.AmbientDream}, isTest=false, canDoze=true, userId=0
--------- switch to main
11-03 11:16:20.881972  1956  1982 I m.android.phon: Background concurrent copying GC freed 8543(404KB) AllocSpace objects, 0(0B) LOS objects, 25% free, 1609KB/2MB, paused 303us total 118.024ms
11-03 11:16:20.900774  2520 12978 D HOME    : [BatteryChange]updateStreamItem
11-03 11:16:20.911880   512 13586 I sensors-hal: handle_indication_realtime:355,  SCHED_FIFO(10) for qmi_cbk
--------- switch to system
11-03 11:16:20.917596  1686  1686 V DreamService[AmbientDream]: detach(): Calling onDreamingStopped()
--------- switch to main
11-03 11:16:20.917741  1686  1686 I AmbientService: [ce6a28c] doOnDreamingStopped
11-03 11:16:20.917823  1686  1686 D WristGestureCtrl: Starting: GesturesEnabled-false UngazeEnabled-true
11-03 11:16:20.917877  1686  1686 D DefaultUngazeDetector: starting
11-03 11:16:20.917980  1686  1686 D DefaultUngazeDetector: startUngazeStateEstimation(). startTime = 66060348
11-03 11:16:20.918197  1686  1686 W AlarmManagerProxy: Removing unknown listener
11-03 11:16:20.920771   512   512 I sensors-hal: batch:140, android.sensor.accelerometer/48, period=19231000, max_latency=100000000
