11-02 20:49:52.230478   512  1749 I sensors-hal: activate:107, android.sensor.accelerometer/48 en=0
11-02 20:49:52.232873   512  1749 I sensors-hal: activate:118, android.sensor.accelerometer/48 en=0 completed
--------- switch to kernel
11-02 20:49:52.186858     0     0 E bgrsb   : bgrsb_enable: gpio 32 is valid
--------- switch to main
11-02 20:49:52.243568  1686  1799 E WifiStateMachine: getWifiLinkLayerStats called without an interface
11-02 20:49:52.279843  1686  1686 I WearPower: [WearTouchMediator] changing touch input to enabled (ON_AUTO)
11-02 20:49:52.282207  1686  1759 I InputReader: Reconfiguring input devices.  changes=0x00000200
--------- switch to kernel
11-02 20:49:52.238968     0     0 I init    : processing action (ro.enable_core_ctl=true && sys.cw_corectl_mode=idle) from (/vendor/etc/init/hw/init.qcom.rc:949)
--------- switch to main
11-02 20:49:52.294458  1686  1686 I AmbientService: [ce6a28c] Timeout alarm not required, auto-resume timeout handled by dream.
11-02 20:49:52.319369  3205  3434 W WorkController: Loading failed for worker [trainingcache]: worker not found
11-02 20:49:52.323114  3205  3294 W A       : TrainingCache cache SCREEN_OFF failure
11-02 20:49:52.323114  3205  3294 W A       : com.google.android.apps.gsa.search.core.service.h.a.a: No worker found for Worker ID [trainingcache].
11-02 20:49:52.323114  3205  3294 W A       : 	at com.google.android.apps.gsa.search.core.service.g.a.c.a(Unknown Source:5)
11-02 20:49:52.323114  3205  3294 W A       : 	at com.google.android.libraries.gsa.c.a.d.a(Unknown Source:3)
11-02 20:49:52.323114  3205  3294 W A       : 	at com.google.common.p.a.cg.c(Unknown Source:2)
11-02 20:49:52.323114  3205  3294 W A       : 	at com.google.common.p.a.bk.run(SourceFile:3)
11-02 20:49:52.323114  3205  3294 W A       : 	at com.google.common.p.a.ci.run(Unknown Source:4)
11-02 20:49:52.323114  3205  3294 W A       : 	at com.google.apps.tiktok.concurrent.ab.run(SourceFile:1)
11-02 20:49:52.323114  3205  3294 W A       : 	at java.util.concurrent.ThreadPoolExecutor.runWorker(ThreadPoolExecutor.java:1167)
11-02 20:49:52.323114  3205  3294 W A       : 	at java.util.concurrent.ThreadPoolExecutor$Worker.run(ThreadPoolExecutor.java:641)
11-02 20:49:52.323114  3205  3294 W A       : 	at com.google.apps.tiktok.concurrent.c.run(Unknown Source:4)
11-02 20:49:52.323114  3205  3294 W A       : 	at java.lang.Thread.run(Thread.java:764)
11-02 20:49:52.352304  2520  2520 D HOME    : [StreamDBQueue]Promised revision #1870 to queue a new op
11-02 20:49:52.353186  2520  2520 D WatchStreamManager: Promised rank-blocked=false @ r#1870
11-02 20:49:52.353878  2520  2520 D HOME    : [CompactHunStarter]detachWindow()
11-02 20:49:52.355003  2520  7508 D HOME    : [StreamDBQueue]Promised revision #1871 to queue a new op
11-02 20:49:52.355500  2520  7508 D WatchStreamManager: Promised rerank @ r#1871
11-02 20:49:52.356798  2520  7938 D HOME    : [WatchStreamDB]Item alerting conditions - isInterruptive: false, recentlyInterrupted: false, isItemPinned: false, isUnread: false
11-02 20:49:52.357526  2520  7938 D HOME    : [StreamAlertingRegulator]isTheaterModeEnabled: false, isAlertingAllowedByOffBody: true, matchesLocalInterruptionFilter: true
11-02 20:49:52.359300  2520  7938 D HOME    : [WatchStreamDB]couldItemAlert: false, isTopItemChanged: false, isDeferralForTopItem: false
11-02 20:49:52.360661  2520  7938 D HOME    : [WatchStreamDB]updateRanking()
11-02 20:49:52.362049  2520  7938 D HOME    : [WatchStreamDB]Item alerting conditions - isInterruptive: false, recentlyInterrupted: false, isItemPinned: false, isUnread: false
11-02 20:49:52.362751  2520  7938 D HOME    : [StreamAlertingRegulator]isTheaterModeEnabled: false, isAlertingAllowedByOffBody: true, matchesLocalInterruptionFilter: true
11-02 20:49:52.363283  2520  7938 D HOME    : [WatchStreamDB]couldItemAlert: false, isTopItemChanged: false, isDeferralForTopItem: false
11-02 20:49:52.364926  2520  7938 D HOME    : [NewStreamAdapter]Publishing revision #1871 to adapter clients
--------- switch to kernel
11-02 20:49:52.316420     0     0 I CPU0    : update max cpu_capacity 748
11-02 20:49:52.319545     0     0 I CPU3    : update max cpu_capacity 1024
11-02 20:49:52.333948     0     0 W         : IRQ21 no longer affine to CPU2
11-02 20:49:52.335739     0     0 I CPU2    : shutdown
11-02 20:49:52.343317     0     0 I init    : Command 'write /sys/devices/system/cpu/cpu2/online 0' action=ro.enable_core_ctl=true && sys.cw_corectl_mode=idle (/vendor/etc/init/hw/init.qcom.rc:951) took 103ms and succeeded
11-02 20:49:52.426043     0     0 I PM      : suspend entry 2021-11-02 19:49:52.426043920 UTC
11-02 20:49:52.426070     0     0 I PM      : Syncing filesystems ...
11-02 20:49:52.458161     0     0 I CPU0    : update max cpu_capacity 748
11-02 20:49:52.492454     0     0 W         : IRQ21 no longer affine to CPU3
11-02 20:49:52.494022     0     0 I CPU3    : shutdown
11-02 20:49:52.502220     0     0 I init    : Command 'write /sys/devices/system/cpu/cpu3/online 0' action=ro.enable_core_ctl=true && sys.cw_corectl_mode=idle (/vendor/etc/init/hw/init.qcom.rc:952) took 111ms and succeeded
11-02 20:49:52.530698     0     0 I         : done.
11-02 20:49:52.531294     0     0 I         : Freezing user space processes ...
11-02 20:49:52.537538     0     0 I PM      : Wakeup pending, aborting suspend
11-02 20:49:52.537714     0     0 I         : last active wakeup source: eventpoll
11-02 20:49:52.537940     0     0 E         : Freezing of tasks aborted after 0.006 seconds
11-02 20:49:52.537960     0     0 I         : Restarting tasks ...
11-02 20:49:52.538859     0     0 W QSEECOM : qseecom_receive_req: Interrupted: exiting Listener Service = 8192
11-02 20:49:52.538939     0     0 W QSEECOM : qseecom_receive_req: Interrupted: exiting Listener Service = 11
11-02 20:49:52.538987     0     0 W QSEECOM : qseecom_receive_req: Interrupted: exiting Listener Service = 10
11-02 20:49:52.539024     0     0 W QSEECOM : qseecom_receive_req: Interrupted: exiting Listener Service = 28672
11-02 20:49:52.544073     0     0 I         : done.
11-02 20:49:52.545137     0     0 W QSEECOM : qseecom_receive_req: Interrupted: exiting Listener Service = 12288
11-02 20:49:52.545244     0     0 I PM      : suspend exit 2021-11-02 19:49:52.545244597 UTC
11-02 20:49:52.748065     0     0 I PM      : suspend entry 2021-11-02 19:49:52.748065378 UTC
11-02 20:49:52.748145     0     0 I PM      : Syncing filesystems ... done.
11-02 20:49:52.772385     0     0 I         : Freezing user space processes ... (elapsed 0.011 seconds) done.
11-02 20:49:52.784037     0     0 I         : Freezing remaining freezable tasks ... (elapsed 0.006 seconds) done.
11-02 20:49:52.790261     0     0 I         : Suspending console(s) (use no_console_suspend to debug)
11-02 20:49:52.806005     0     0 I mdss_dsi_panel_set_idle_mode: Idle (1->1)
11-02 20:49:52.843778     0     0 I bgcom   : bgcom_pm_suspend: suspended with : 0
11-02 20:49:52.874052     0     0 I PM      : suspend of devices complete after 79.936 msecs
11-02 20:49:52.880199     0     0 I PM      : late suspend of devices complete after 6.104 msecs
11-02 20:49:52.886281     0     0 I PM      : noirq suspend of devices complete after 6.047 msecs
11-02 20:49:52.886299     0     0 I         : Disabling non-boot CPUs ...
11-02 20:49:52.899193     0     0 W         : IRQ16 no longer affine to CPU1
11-02 20:49:52.899209     0     0 W         : IRQ21 no longer affine to CPU1
11-02 20:49:52.899538     0     0 W         : IRQ93 no longer affine to CPU1
11-02 20:49:52.901304     0     0 I CPU1    : shutdown
11-02 20:49:52.903616     0     0 I suspend ns: 1479208760361	suspend cycles:     270340570938
11-02 20:49:52.903593     0     0 I CPU0    : msm_cpu_pm_enter_sleep mode:3 during suspend
11-02 20:49:52.903593     0     0 I         : Suspended for 6.324 seconds
11-02 20:49:52.903593     0     0 I resume cycles: 270462003881
11-02 20:49:52.904387     0     0 I         : Enabling non-boot CPUs ...
11-02 20:49:52.905243     0     0 I CPU1    : update cpu_capacity 1024
11-02 20:49:52.906958     0     0 I         : CPU1 is up
11-02 20:49:52.907762     0     0 I CPU1    : update max cpu_capacity 748
11-02 20:49:52.911036     0     0 I PM      : noirq resume of devices complete after 3.674 msecs
11-02 20:49:52.916775     0     0 I PM      : early resume of devices complete after 4.220 msecs
11-02 20:49:52.954681     0     0 I bgcom   : bgcom_pm_resume: Bgcom resumed with : 0
11-02 20:49:52.966049     0     0 I mdss_dsi_panel_set_idle_mode: Idle (1->1)
11-02 20:49:53.003442     0     0 I PM      : resume of devices complete after 86.624 msecs
11-02 20:49:53.008492     0     0 I         : Restarting tasks ...
11-02 20:49:53.012155     0     0 W QSEECOM : qseecom_receive_req: Interrupted: exiting Listener Service = 12288
11-02 20:49:53.019889     0     0 W QSEECOM : qseecom_receive_req: Interrupted: exiting Listener Service = 8192
11-02 20:49:53.019990     0     0 W QSEECOM : qseecom_receive_req: Interrupted: exiting Listener Service = 11
11-02 20:49:53.020044     0     0 W QSEECOM : qseecom_receive_req: Interrupted: exiting Listener Service = 10
11-02 20:49:53.020088     0     0 W QSEECOM : qseecom_receive_req: Interrupted: exiting Listener Service = 28672
--------- switch to main
11-02 20:49:59.359401  2520  2716 D CollectorHandler: handleMessage, event: DISABLE_EFFECTS
--------- switch to kernel
11-02 20:49:53.045676     0     0 I         : done.
11-02 20:49:59.376241     0     0 I PM      : suspend exit 2021-11-02 19:49:59.376241625 UTC
11-02 20:49:59.477282     0     0 I PM      : suspend entry 2021-11-02 19:49:59.477282198 UTC
11-02 20:49:59.477306     0     0 I PM      : Syncing filesystems ... done.
11-02 20:49:59.575533     0     0 I         : Freezing user space processes ... (elapsed 0.007 seconds) done.
11-02 20:49:59.583060     0     0 I         : Freezing remaining freezable tasks ... (elapsed 0.004 seconds) done.
11-02 20:49:59.587114     0     0 I         : Suspending console(s) (use no_console_suspend to debug)
11-02 20:49:59.598558     0     0 I mdss_dsi_panel_set_idle_mode: Idle (1->1)
11-02 20:49:59.637456     0     0 I bgcom   : bgcom_pm_suspend: suspended with : 0
11-02 20:49:59.672769     0     0 I PM      : suspend of devices complete after 83.384 msecs
11-02 20:49:59.678157     0     0 I PM      : late suspend of devices complete after 5.349 msecs
11-02 20:49:59.683912     0     0 I PM      : noirq suspend of devices complete after 5.713 msecs
11-02 20:49:59.683928     0     0 I         : Disabling non-boot CPUs ...
11-02 20:49:59.705372     0     0 I CPU1    : shutdown
11-02 20:49:59.707312     0     0 I suspend ns: 1479687826716	suspend cycles:     270471201955
11-02 20:49:59.707295     0     0 I CPU0    : msm_cpu_pm_enter_sleep mode:3 during suspend
11-02 20:49:59.707295     0     0 I         : Suspended for 7.415 seconds
11-02 20:49:59.707295     0     0 I resume cycles: 270613588357
11-02 20:49:59.707956     0     0 I         : Enabling non-boot CPUs ...
11-02 20:49:59.708781     0     0 I CPU1    : update cpu_capacity 1024
11-02 20:49:59.710239     0     0 I         : CPU1 is up
11-02 20:49:59.712297     0     0 I CPU1    : update max cpu_capacity 748
11-02 20:49:59.714019     0     0 I PM      : noirq resume of devices complete after 3.465 msecs
11-02 20:49:59.719387     0     0 I PM      : early resume of devices complete after 3.909 msecs
11-02 20:49:59.751036     0     0 I bgcom   : bgcom_pm_resume: Bgcom resumed with : 0
11-02 20:49:59.761525     0     0 I mdss_dsi_panel_set_idle_mode: Idle (1->1)
11-02 20:49:59.797228     0     0 I PM      : resume of devices complete after 77.794 msecs
11-02 20:49:59.801461     0     0 I         : Restarting tasks ...
11-02 20:49:59.809534     0     0 W QSEECOM : qseecom_receive_req: Interrupted: exiting Listener Service = 12288
11-02 20:49:59.811498     0     0 W QSEECOM : qseecom_receive_req: Interrupted: exiting Listener Service = 8192
11-02 20:49:59.811579     0     0 W QSEECOM : qseecom_receive_req: Interrupted: exiting Listener Service = 11
11-02 20:49:59.811621     0     0 W QSEECOM : qseecom_receive_req: Interrupted: exiting Listener Service = 10
11-02 20:49:59.811660     0     0 W QSEECOM : qseecom_receive_req: Interrupted: exiting Listener Service = 28672
11-02 20:49:59.822505     0     0 I         : done.
11-02 20:50:07.239488     0     0 I PM      : suspend exit 2021-11-02 19:50:07.239488080 UTC
--------- switch to system
11-02 20:50:07.268651  1686  1686 I PowerManagerService: Waking up from dozing (uid=1000 reason=tiltToWake)...
11-02 20:50:07.290540  1686  1686 W UsageStatsService: Event reported without a package name
--------- switch to kernel
11-02 20:50:07.293120     0     0 E FG      : fg_psy_get_property: unsupported property 7
11-02 20:50:07.248741     0     0 W healthd : battery l=61 v=3944 t=38.0 h=2 st=3 c=10 fc=443000 cc=0 chg=
--------- switch to main
11-02 20:50:07.243509  2520  2716 I chatty  : uid=10049(com.google.android.wearable.app) StreamLooper identical 3 lines
11-02 20:50:07.283988  2520  2716 D CollectorHandler: handleMessage, event: DISABLE_EFFECTS
11-02 20:50:07.332602   512   512 I sensors-hal: batch:140, android.sensor.light/46, period=100000000, max_latency=0
11-02 20:50:07.332740   512   512 I sensors-hal: batch:149, android.sensor.light/46, period=100000000, max_latency=0 request completed
11-02 20:50:07.335606   512   512 I sensors-hal: activate:107, android.sensor.light/46 en=1
11-02 20:50:07.336036   512   512 I sensors-hal: ssc_enable_rt_task:254, ssc_enable_rt_task : true
11-02 20:50:07.339068   512   512 I sensors-hal: activate:118, android.sensor.light/46 en=1 completed
11-02 20:50:07.341352  1686  1823 I SidekickService: endDisplayLocked()
--------- switch to system
11-02 20:50:07.341803  1686  1710 I DisplayManagerService: Display device changed state: "cran intgr", ON
--------- switch to main
11-02 20:50:07.342453   512   512 I sensors-hal: batch:140, android.sensor.accelerometer/48, period=66667000, max_latency=100000000
11-02 20:50:07.342524   512   512 I sensors-hal: batch:149, android.sensor.accelerometer/48, period=66667000, max_latency=100000000 request completed
11-02 20:50:07.342767   416   416 D SKGHAL  : sendAmbientEvent: enter: enable = 0
11-02 20:50:07.358854   512   512 I sensors-hal: activate:107, android.sensor.accelerometer/48 en=1
11-02 20:50:07.359529   512   512 I sensors-hal: ssc_enable_rt_task:254, ssc_enable_rt_task : true
11-02 20:50:07.362647  4243  4243 D OMService: onDisplayChanged: not dozing
11-02 20:50:07.375378  1686  1759 I InputReader: Reconfiguring input devices.  changes=0x00000004
11-02 20:50:07.383384   512   512 I sensors-hal: activate:118, android.sensor.accelerometer/48 en=1 completed
11-02 20:50:07.401039  1956  1956 D QtiCarrierConfigHelper: WARNING, no carrier configs on phone Id: 0
11-02 20:50:07.405463  2520  2520 D HOME    : [BatteryChange]action: android.intent.action.BATTERY_CHANGED
11-02 20:50:07.406298  2520  7508 D HOME    : [BatteryChange]HandleBatteryChangedTask
11-02 20:50:07.410754  2520  7508 D HOME    : [BatteryChange]level: 61, status: 3
--------- switch to system
11-02 20:50:07.425772  1686  1702 W BroadcastQueue: Background execution not allowed: receiving Intent { act=android.intent.action.USER_PRESENT flg=0x10 } to com.google.android.gms/.auth.setup.devicesignals.LockScreenReceiver
--------- switch to main
11-02 20:50:07.426923  3205  3434 W WorkController: Loading failed for worker [trainingcache]: worker not found
11-02 20:50:07.433894  3205  3372 W A       : TrainingCache cache DEVICE_UNLOCKED failure
11-02 20:50:07.433894  3205  3372 W A       : com.google.android.apps.gsa.search.core.service.h.a.a: No worker found for Worker ID [trainingcache].
11-02 20:50:07.433894  3205  3372 W A       : 	at com.google.android.apps.gsa.search.core.service.g.a.c.a(Unknown Source:5)
11-02 20:50:07.433894  3205  3372 W A       : 	at com.google.android.libraries.gsa.c.a.d.a(Unknown Source:3)
11-02 20:50:07.433894  3205  3372 W A       : 	at com.google.common.p.a.cg.c(Unknown Source:2)
11-02 20:50:07.433894  3205  3372 W A       : 	at com.google.common.p.a.bk.run(SourceFile:3)
11-02 20:50:07.433894  3205  3372 W A       : 	at com.google.common.p.a.ci.run(Unknown Source:4)
11-02 20:50:07.433894  3205  3372 W A       : 	at com.google.apps.tiktok.concurrent.ab.run(SourceFile:1)
11-02 20:50:07.433894  3205  3372 W A       : 	at java.util.concurrent.ThreadPoolExecutor.runWorker(ThreadPoolExecutor.java:1167)
11-02 20:50:07.433894  3205  3372 W A       : 	at java.util.concurrent.ThreadPoolExecutor$Worker.run(ThreadPoolExecutor.java:641)
11-02 20:50:07.433894  3205  3372 W A       : 	at com.google.apps.tiktok.concurrent.c.run(Unknown Source:4)
11-02 20:50:07.433894  3205  3372 W A       : 	at java.lang.Thread.run(Thread.java:764)
11-02 20:50:07.450714  1686  1799 E WifiStateMachine: getWifiLinkLayerStats called without an interface
--------- switch to system
11-02 20:50:07.487311  1686  1702 W BroadcastQueue: Background execution not allowed: receiving Intent { act=android.intent.action.USER_PRESENT flg=0x10 } to com.google.android.gms/.chimera.GmsIntentOperationService$PersistentTrustedReceiver
--------- switch to main
11-02 20:50:07.511057   504   523 I SDM     : DisplayBase::SetDisplayState: Set state = 3, display 0
--------- switch to kernel
11-02 20:50:07.464037     0     0 I         : [touch]FB_BLANK_VSYNC_SUSPEND
11-02 20:50:07.464044     0     0 I         : [touch]Already in suspend state
--------- switch to main
11-02 20:50:07.511453   504   523 D SDM     : HWCDisplayPrimary::SetStandByMode: Display is connected successfully
11-02 20:50:07.513536   416   416 D SKGHAL  : standBy_update_control call succeed on 0
11-02 20:50:07.513646   416   416 D SKGHAL  : sendAmbientEvent: done: enable = 0
11-02 20:50:07.514700  1686  1823 D SidekickService:    ... endDisplay returns void
11-02 20:50:07.516088   545   545 D SurfaceFlinger: Set power mode=2, type=0 flinger=0xb6bb6000
11-02 20:50:07.516642   504   761 I SDM     : DisplayBase::SetDisplayState: Set state = 1, display 0
11-02 20:50:07.527426   545   545 D SurfaceFlinger: Finished set power mode=2, type=0
--------- switch to system
11-02 20:50:07.533177  1686  1712 W PowerManagerService: Screen on took 374 ms
11-02 20:50:07.533559  1686  1712 I DreamManagerService: Gently waking up from dream.
11-02 20:50:07.534379  1686  1708 I DreamManagerService: Performing gentle wake from dream.
11-02 20:50:07.537055  1686  1686 V DreamService[AmbientDream]: wakeUp(): fromSystem=true, mWaking=false, mFinished=false
11-02 20:50:07.537339  1686  1686 V DreamService[AmbientDream]: finish(): mFinished=false
11-02 20:50:07.537473  1686  1686 I DreamManagerService: Leaving dreamland.
--------- switch to kernel
11-02 20:50:07.476693     0     0 I mdss_dsi_panel_set_idle_mode: Idle (1->0)
--------- switch to system
11-02 20:50:07.540587  1686  1708 I DreamManagerService: Performing gentle wake from dream.
--------- switch to kernel
11-02 20:50:07.477983     0     0 E mdp3_enable_panic_ctrl: mdp3_enable_panic_ctrl: Enable Panic Control
--------- switch to system
11-02 20:50:07.540848  1686  1708 I DreamController: Stopping dream: name=ComponentInfo{com.google.android.wearable.ambient/com.google.android.wearable.ambient.AmbientDream}, isTest=false, canDoze=true, userId=0
--------- switch to kernel
11-02 20:50:07.478125     0     0 I         : [touch]FB_BLANK_UNBLANK
11-02 20:50:07.478133     0     0 I         : [touch]raydium_ts_do_resume, 1.
11-02 20:50:07.478643     0     0 I         : [ raydium ]workqueue is empty!
11-02 20:50:07.478669     0     0 I raydium_ts 5-0039: [touch]Already enable irq
11-02 20:50:07.478671     0     0 I         : [touch]Device may wakeup
--------- switch to main
11-02 20:50:07.561090  1686  1686 I WearPower: [WearTouchMediator] changing touch input to enabled (ON_AUTO)
11-02 20:50:07.563104  1686  1759 I InputReader: Reconfiguring input devices.  changes=0x00000200
11-02 20:50:07.566666  1686  1686 W AlarmManager: Unrecognized alarm listener com.android.server.job.controllers.-$$Lambda$IdleController$IdlenessTracker$nTdS-lGBXcES5VWKcJFmQFgU7IU@1ab437a
--------- switch to kernel
11-02 20:50:07.487571     0     0 E bgrsb   : bgrsb_enable: rsb will set report rate
--------- switch to system
11-02 20:50:07.573825  1686  1686 V DreamService[AmbientDream]: detach(): Calling onDreamingStopped()
--------- switch to kernel
11-02 20:50:07.522925     0     0 I init    : processing action (ro.enable_core_ctl=true && sys.cw_corectl_mode=perf) from (/vendor/etc/init/hw/init.qcom.rc:954)
--------- switch to main
11-02 20:50:07.573993  1686  1686 I AmbientService: [ce6a28c] doOnDreamingStopped
--------- switch to kernel
11-02 20:50:07.524999     0     0 I CPU2    : update cpu_capacity 1024
--------- switch to main
11-02 20:50:07.574084  1686  1686 D WristGestureCtrl: Starting: GesturesEnabled-false UngazeEnabled-true
11-02 20:50:07.574138  1686  1686 D DefaultUngazeDetector: starting
--------- switch to kernel
11-02 20:50:07.549962     0     0 I CPU3    : update cpu_capacity 1024
--------- switch to main
11-02 20:50:07.574199  1686  1686 D DefaultUngazeDetector: startUngazeStateEstimation(). startTime = 14087004
--------- switch to kernel
11-02 20:50:07.568123     0     0 I CPU1    : update max cpu_capacity 748
--------- switch to main
11-02 20:50:07.574367  1686  1686 W AlarmManagerProxy: Removing unknown listener
--------- switch to kernel
11-02 20:50:07.584433     0     0 E bgrsb   : bgrsb_enable: gpio 32 is valid
--------- switch to main
11-02 20:50:07.575906   512   512 I sensors-hal: batch:140, android.sensor.accelerometer/48, period=19231000, max_latency=100000000
11-02 20:50:07.577783   512  8008 I sensors-hal: handle_indication_realtime:355,  SCHED_FIFO(10) for qmi_cbk
--------- switch to kernel
11-02 20:50:07.599224     0     0 I CPU2    : update max cpu_capacity 1024
--------- switch to main
11-02 20:50:07.578768   512   512 I sensors-hal: batch:149, android.sensor.accelerometer/48, period=19231000, max_latency=100000000 request completed
--------- switch to kernel
11-02 20:50:07.601429     0     0 I init    : Command 'write /sys/devices/system/cpu/cpu3/online 1' action=ro.enable_core_ctl=true && sys.cw_corectl_mode=perf (/vendor/etc/init/hw/init.qcom.rc:957) took 53ms and succeeded
--------- switch to main
11-02 20:50:07.579204   512   512 I sensors-hal: flush:169, android.sensor.accelerometer/48
11-02 20:50:07.580888   512   512 I sensors-hal: flush:175, android.sensor.accelerometer/48 completed
11-02 20:50:07.583861  2520  2520 D HOME    : [HomeVisitsLogger]Logging streamlet event: visit_start
11-02 20:50:07.584290  2520  2520 D HOME    : [HomeVisitsLogger]Logging streamlet event: exit_ambient_mode
11-02 20:50:07.584699  2520  2520 D HOME    : [HotwordController]updateClient MODE_WATCH_FACE false false false true
11-02 20:50:07.585923  2520  2520 D HOME    : [WatchFaceUiController]setInAmbientMode false
11-02 20:50:07.586026  2520  2520 D HOME    : [WatchFaceUiController]sendWatchFaceServiceBinder
11-02 20:50:07.592610  2520  2520 D HOME    : [WatchFaceUiController]sendStateToWallpaper
11-02 20:50:07.595114  2520  2520 D HOME    : [WatchFaceUiController]Showing watch face wallpaper.
11-02 20:50:07.595373  2520  2520 D HOME    : [WatchFaceUiController]sendStateToWallpaper
11-02 20:50:07.601885  2520  2520 D HOME    : [StreamDBQueue]Promised revision #1872 to queue a new op
11-02 20:50:07.602308  2520  2520 D WatchStreamManager: Promised rank-blocked=true @ r#1872
11-02 20:50:07.603203  2520  2520 D HOME    : [StreamDBQueue]Promised revision #1873 to queue a new op
11-02 20:50:07.603388  2520  7938 D HOME    : [WatchStreamDB]Item alerting conditions - isInterruptive: false, recentlyInterrupted: false, isItemPinned: false, isUnread: false
11-02 20:50:07.603446  2520  2520 D WatchStreamManager: Promised rank-blocked=true @ r#1873
11-02 20:50:07.603900  2520  7938 D HOME    : [StreamAlertingRegulator]isTheaterModeEnabled: false, isAlertingAllowedByOffBody: true, matchesLocalInterruptionFilter: true
11-02 20:50:07.604297  2520  2520 D HOME    : [TilesController]Tile refresh optimization is enabled.
11-02 20:50:07.604397  2520  7938 D HOME    : [WatchStreamDB]couldItemAlert: false, isTopItemChanged: false, isDeferralForTopItem: false
11-02 20:50:07.604894  2520  2520 D HOME    : [EventBus]Wrapper pool is full. Discarding excess wrapper instance for event com.google.android.clockwork.sysui.events.KeyguardStateEvent
11-02 20:50:07.605116  2520  2520 D HOME    : [WatchFaceUiController]sendStateToWallpaper
11-02 20:50:07.606160  2520  7938 D HOME    : [WatchStreamDB]Item alerting conditions - isInterruptive: false, recentlyInterrupted: false, isItemPinned: false, isUnread: false
11-02 20:50:07.606805  2520  7938 D HOME    : [StreamAlertingRegulator]isTheaterModeEnabled: false, isAlertingAllowedByOffBody: true, matchesLocalInterruptionFilter: true
11-02 20:50:07.607318  2520  7938 D HOME    : [WatchStreamDB]couldItemAlert: false, isTopItemChanged: false, isDeferralForTopItem: false
11-02 20:50:07.612778  2520  2520 D HOME    : [EventBus]Wrapper pool is full. Discarding excess wrapper instance for event com.google.android.clockwork.sysui.events.KeyguardStateEvent
11-02 20:50:07.613201  2520  2520 D HOME    : [EventBus]Wrapper pool is full. Discarding excess wrapper instance for event com.google.android.clockwork.sysui.events.KeyguardStateEvent
11-02 20:50:07.615277  1686  1686 I AmbientService: [ce6a28c] No auto-resume Activity.
11-02 20:50:07.619757  2520  2520 D HOME    : [WatchFaceUiController]sendStateToWallpaper
11-02 20:50:07.630018  2520  2520 W StaticLayout: maxLineHeight should not be -1.  maxLines:1 lineCount:1
11-02 20:50:07.631098   512  8006 I sensors-hal: handle_indication_realtime:355,  SCHED_FIFO(10) for qmi_cbk
--------- switch to system
11-02 20:50:07.651358  1686  1686 W ContextImpl: Calling a method in the system process without a qualified user: android.app.ContextImpl.sendBroadcast:1020 android.content.ContextWrapper.sendBroadcast:449 com.google.android.wearable.ambient.AmbientDream.onDestroy:273 android.app.ActivityThread.handleStopService:3698 android.app.ActivityThread.access$1700:200 
--------- switch to main
11-02 20:50:07.652184  1686  1686 E AlarmManager: cancel() called with a null PendingIntent
--------- switch to system
11-02 20:50:07.653319  1686  1686 V DreamService[AmbientDream]: onDestroy()
--------- switch to main
11-02 20:50:07.654159  1686  1686 W AlarmManagerProxy: Removing unknown listener
11-02 20:50:07.656066  1686  1686 W DefaultSettingsContentR: Value for ambient_low_bit_enabled not stored as number. Attempting parse as boolean.
11-02 20:50:07.692817  3205  3434 W WorkController: Loading failed for worker [trainingcache]: worker not found
11-02 20:50:07.695611  3205  3294 W A       : TrainingCache cache SCREEN_ON failure
11-02 20:50:07.695611  3205  3294 W A       : com.google.android.apps.gsa.search.core.service.h.a.a: No worker found for Worker ID [trainingcache].
11-02 20:50:07.695611  3205  3294 W A       : 	at com.google.android.apps.gsa.search.core.service.g.a.c.a(Unknown Source:5)
11-02 20:50:07.695611  3205  3294 W A       : 	at com.google.android.libraries.gsa.c.a.d.a(Unknown Source:3)
11-02 20:50:07.695611  3205  3294 W A       : 	at com.google.common.p.a.cg.c(Unknown Source:2)
11-02 20:50:07.695611  3205  3294 W A       : 	at com.google.common.p.a.bk.run(SourceFile:3)
11-02 20:50:07.695611  3205  3294 W A       : 	at com.google.common.p.a.ci.run(Unknown Source:4)
11-02 20:50:07.695611  3205  3294 W A       : 	at com.google.apps.tiktok.concurrent.ab.run(SourceFile:1)
11-02 20:50:07.695611  3205  3294 W A       : 	at java.util.concurrent.ThreadPoolExecutor.runWorker(ThreadPoolExecutor.java:1167)
11-02 20:50:07.695611  3205  3294 W A       : 	at java.util.concurrent.ThreadPoolExecutor$Worker.run(ThreadPoolExecutor.java:641)
11-02 20:50:07.695611  3205  3294 W A       : 	at com.google.apps.tiktok.concurrent.c.run(Unknown Source:4)
11-02 20:50:07.695611  3205  3294 W A       : 	at java.lang.Thread.run(Thread.java:764)
11-02 20:50:07.707496  2520  2520 D HOME    : [WatchFaceUiController]sendWatchFaceServiceBinder
11-02 20:50:07.712166  2520  2520 D HOME    : [WatchFaceUiController]sendProperties
11-02 20:50:07.713638  2520  2520 D HOME    : [WatchFaceUiController]sendStateToWallpaper
11-02 20:50:07.731966  2520  2520 D HOME    : [StreamDBQueue]Promised revision #1874 to queue a new op
11-02 20:50:07.732261  2520  2520 D WatchStreamManager: Promised rank-blocked=true @ r#1874
11-02 20:50:07.733246  2520  7941 D HOME    : [WatchStreamDB]Item alerting conditions - isInterruptive: false, recentlyInterrupted: false, isItemPinned: false, isUnread: false
11-02 20:50:07.733690  2520  7941 D HOME    : [StreamAlertingRegulator]isTheaterModeEnabled: false, isAlertingAllowedByOffBody: true, matchesLocalInterruptionFilter: true
11-02 20:50:07.733945  2520  7941 D HOME    : [WatchStreamDB]couldItemAlert: false, isTopItemChanged: false, isDeferralForTopItem: false
11-02 20:50:07.737193  2520  2714 D HOME    : [TickMonitor]Received time tick
11-02 20:50:07.737447  2520  2714 D HOME    : [TickMonitor]handleTimeTick() finished
11-02 20:50:08.099341   512  1749 I sensors-hal: activate:107, android.sensor.light/46 en=0
11-02 20:50:08.100669   512  1749 I sensors-hal: activate:118, android.sensor.light/46 en=0 completed
11-02 20:50:08.102705   512  1749 I sensors-hal: batch:140, android.sensor.light/46, period=250000000, max_latency=0
11-02 20:50:08.102812   512  1749 I sensors-hal: batch:149, android.sensor.light/46, period=250000000, max_latency=0 request completed
11-02 20:50:08.103171   512  1749 I sensors-hal: activate:107, android.sensor.light/46 en=1
11-02 20:50:08.103501   512  1749 I sensors-hal: ssc_enable_rt_task:254, ssc_enable_rt_task : true
11-02 20:50:08.106122   512  1749 I sensors-hal: activate:118, android.sensor.light/46 en=1 completed
11-02 20:50:08.199388   512  8012 I sensors-hal: handle_indication_realtime:355,  SCHED_FIFO(10) for qmi_cbk
11-02 20:50:08.720763   512   512 I sensors-hal: batch:140, android.sensor.accelerometer/48, period=66667000, max_latency=100000000
11-02 20:50:08.723806   512   512 I sensors-hal: batch:149, android.sensor.accelerometer/48, period=66667000, max_latency=100000000 request completed
11-02 20:50:08.724599  1686  1686 D DefaultUngazeDetector: Ungaze event occurred; emitting gesture event!
11-02 20:50:08.724724  1686  1686 D WristGestureCtrl: Gesture:GESTURE UNGAZE, timestamp(ms): 14087004, confidence: 0.0, latency(ms): 0, duration(ms): 1150
11-02 20:50:08.726417   512   512 I sensors-hal: batch:140, android.sensor.accelerometer/48, period=19231000, max_latency=100000000
--------- switch to system
11-02 20:50:08.728363  1686  1686 I WindowManager: sleepRelease() calling goToSleep(GO_TO_SLEEP_REASON_SLEEP_BUTTON)
--------- switch to main
11-02 20:50:08.728592   512   512 I sensors-hal: batch:149, android.sensor.accelerometer/48, period=19231000, max_latency=100000000 request completed
--------- switch to system
11-02 20:50:08.728656  1686  1686 I PowerManagerService: Going to sleep due to sleep button (uid 1000)...
--------- switch to main
11-02 20:50:08.728974   512   512 I sensors-hal: flush:169, android.sensor.accelerometer/48
--------- switch to system
11-02 20:50:08.729741  1686  1686 W UsageStatsService: Event reported without a package name
11-02 20:50:08.729858  1686  1712 I DreamManagerService: Entering dreamland.
11-02 20:50:08.730659  1686  1712 I PowerManagerService: Dozing...
--------- switch to main
11-02 20:50:08.732229   512   512 I sensors-hal: flush:175, android.sensor.accelerometer/48 completed
--------- switch to system
11-02 20:50:08.751692  1686  1708 I DreamController: Starting dream: name=ComponentInfo{com.google.android.wearable.ambient/com.google.android.wearable.ambient.AmbientDream}, isTest=false, canDoze=true, userId=0
11-02 20:50:08.769092  1686  1686 W ContextImpl: Calling a method in the system process without a qualified user: android.app.ContextImpl.bindService:1611 android.content.ContextWrapper.bindService:698 com.google.android.wearable.ambient.AmbientDream.onCreate:191 android.app.ActivityThread.handleCreateService:3533 android.app.ActivityThread.access$1300:200 
11-02 20:50:08.771375  1686  1686 W ContextImpl: Calling a method in the system process without a qualified user: android.app.ContextImpl.sendBroadcast:1005 android.content.ContextWrapper.sendBroadcast:444 com.google.android.wearable.ambient.AmbientDream.onCreate:241 android.app.ActivityThread.handleCreateService:3533 android.app.ActivityThread.access$1300:200 
11-02 20:50:08.771978  1686  1686 V DreamService[AmbientDream]: onBind() intent = Intent { act=android.service.dreams.DreamService flg=0x800000 cmp=com.google.android.wearable.ambient/.AmbientDream }
--------- switch to main
11-02 20:50:08.773044  1686  1686 I AmbientService: [ce6a28c] Ambient Created
--------- switch to system
11-02 20:50:08.773719  1686  1686 V DreamService[AmbientDream]: Calling onDreamingStarted()
--------- switch to main
11-02 20:50:08.773821  1686  1686 I AmbientService: [ce6a28c] doOnDreamingStarted
11-02 20:50:08.774245  1686  1686 D SidekickService: setShouldControlDisplay called: true
11-02 20:50:08.775486  1686  1686 I AmbientService: [ce6a28c] Selected running activity for ambient mode: AmbientActivity[component=ComponentInfo{com.google.android.wearable.app/com.google.android.clockwork.home2.activity.HomeActivity2}, callbacks=@210b385, running=true, ambientRequested=true, ambientEnabled=true, offloadEnabled=true]
11-02 20:50:08.776213  1686  1686 I AmbientService: [ce6a28c] Sidekick is ready to display, requesting doze.
11-02 20:50:08.777052  1686  1686 I AmbientService: [ce6a28c] No auto-resume Activity.
11-02 20:50:08.778807  1686  1686 W DefaultSettingsContentR: Value for ambient_low_bit_enabled not stored as number. Attempting parse as boolean.
11-02 20:50:08.786264  1686  1686 I AmbientService: [ce6a28c] Showing watch face in offload mode, canceling alarm.
11-02 20:50:08.786363  1686  1686 W AlarmManagerProxy: Removing unknown listener
11-02 20:50:08.786477  1686  1686 D WristGestureCtrl: Stopping detectors: GesturesEnabled-false gestureDetector-false ungazeEnabled-true ungaze-true
11-02 20:50:08.786564  1686  1686 D DefaultUngazeDetector: stopping
11-02 20:50:08.787820  2520  2520 D HOME    : [HomeVisitsLogger]Logging streamlet event: enter_ambient_mode
11-02 20:50:08.788365   512   512 I sensors-hal: batch:140, android.sensor.accelerometer/48, period=66667000, max_latency=100000000
11-02 20:50:08.788844  2520  2520 D HOME    : [HotwordController]updateClient MODE_WATCH_FACE false true false true
11-02 20:50:08.789409  2520  7508 D HOME    : [HomeVisitsLogger]Logging streamlet event: visit_end
11-02 20:50:08.789991  2520  2520 D HOME    : [WatchFaceUiController]setInAmbientMode true
11-02 20:50:08.791224   512   512 I sensors-hal: batch:149, android.sensor.accelerometer/48, period=66667000, max_latency=100000000 request completed
11-02 20:50:08.791999  2520  2520 D HOME    : [StreamDBQueue]Promised revision #1875 to queue a new op
11-02 20:50:08.792256  2520  2520 D WatchStreamManager: Promised rank-blocked=false @ r#1875
11-02 20:50:08.792762  2520  2520 D HOME    : [StreamDBQueue]Promised revision #1876 to queue a new op
11-02 20:50:08.792818  2520  7508 I SidekickManager: replaceWatchFaceComponentsImpl(): watchFace = com.google.android.clockwork.decomposablewatchface.WatchFaceDecomposition@30317a6
11-02 20:50:08.792995  2520  2520 D WatchStreamManager: Promised rank-blocked=false @ r#1876
11-02 20:50:08.793836  2520  7978 D HOME    : [StreamDBQueue]Promised revision #1877 to queue a new op
11-02 20:50:08.793886  1686  2943 D SidekickService: sendWatchFaceComponents called: watchFace = com.google.android.clockwork.decomposablewatchface.WatchFaceDecomposition@d2856a1shouldReplace = false
11-02 20:50:08.794124  1686  2943 D SidekickService: Check decomposition for calling app com.google.android.wearable.app with uid 10049
11-02 20:50:08.794256  2520  2520 D HOME    : [EventBus]Wrapper pool is full. Discarding excess wrapper instance for event com.google.android.clockwork.sysui.events.KeyguardStateEvent
11-02 20:50:08.794443  2520  2520 D HOME    : [WatchFaceUiController]sendStateToWallpaper
11-02 20:50:08.794512  1686  2943 D SidekickService: sendWatchFaceLocked(): shouldReplace = false, mSidekickIsControlling = false, 1 images, 0 fonts, 0 numbers, 0 proportionalFonts, 0 strings
11-02 20:50:08.794572  1686  2943 D SidekickService: ISidekickGraphics#beginResources()...
11-02 20:50:08.795230  2520  7941 D HOME    : [WatchStreamDB]Item alerting conditions - isInterruptive: false, recentlyInterrupted: false, isItemPinned: false, isUnread: false
11-02 20:50:08.795488  1686  2943 D SidekickServiceUtils: bitmapFromDrawable: Returning bitmap directly
11-02 20:50:08.796014  2520  7978 D WatchStreamManager: Promised rerank @ r#1877
11-02 20:50:08.796099  2520  2520 D HOME    : [EventBus]Wrapper pool is full. Discarding excess wrapper instance for event com.google.android.clockwork.sysui.events.KeyguardStateEvent
11-02 20:50:08.796600  2520  2520 D HOME    : [EventBus]Wrapper pool is full. Discarding excess wrapper instance for event com.google.android.clockwork.sysui.events.KeyguardStateEvent
11-02 20:50:08.796786  2520  7941 D HOME    : [StreamAlertingRegulator]isTheaterModeEnabled: false, isAlertingAllowedByOffBody: true, matchesLocalInterruptionFilter: true
11-02 20:50:08.796963  1686  2943 D SidekickService: sendBitmapsLocked(): bounds = RectF(0.0, 0.0, 0.0024038462, 0.0024038462), drawableInfo = {.id = 100000, .width = 1, .height = 1, .display = true, .offsetX = 0.0, .offsetY = 0.0, .rotationInfo = {.hasRotation = false, .pivotX = 0.0, .pivotY = 0.0, .degreesPerDay = 0.0, .degreesPerStep = 0.0, .zeroDegreesTime = {.daysSinceLocalEpoch = 0, .msSinceMidnight = 0}}, .transformInfo = {.transformed = false, .flipX = false, .flipY = false, .flip45 = false, .scaleX = 0.0, .scaleY = 0.0}, .type = GENERIC, .blink = {.blinking = false, .periodOnMs = 0.0, .periodOffMs = 0.0, .startTime = {.daysSinceLocalEpoch = 0, .msSinceMidnight = 0}}, .zOrder = 8, .displayInTwm = true}, image.size() = 84
11-02 20:50:08.797072  2520  7941 D HOME    : [WatchStreamDB]couldItemAlert: false, isTopItemChanged: false, isDeferralForTopItem: false
11-02 20:50:08.797846   416   416 D SKGHAL  : saveResource: resId = 100000
11-02 20:50:08.798368  1686  2943 D SidekickService: sendBitmapsLocked(): status = 0, bytesUsed = 18
11-02 20:50:08.798368  2520  7941 D HOME    : [WatchStreamDB]Item alerting conditions - isInterruptive: false, recentlyInterrupted: false, isItemPinned: false, isUnread: false
11-02 20:50:08.799779  1686  2943 D SidekickService: ISidekickGraphics#endResources()...
11-02 20:50:08.802236  2520  2520 W StaticLayout: maxLineHeight should not be -1.  maxLines:1 lineCount:1
11-02 20:50:08.811090  2520  7941 D HOME    : [StreamAlertingRegulator]isTheaterModeEnabled: false, isAlertingAllowedByOffBody: true, matchesLocalInterruptionFilter: true
11-02 20:50:08.811480  2520  7941 D HOME    : [WatchStreamDB]couldItemAlert: false, isTopItemChanged: false, isDeferralForTopItem: false
11-02 20:50:08.812590  2520  7941 D HOME    : [WatchStreamDB]updateRanking()
11-02 20:50:08.813189  2520  7941 D HOME    : [WatchStreamDB]Item alerting conditions - isInterruptive: false, recentlyInterrupted: false, isItemPinned: false, isUnread: false
11-02 20:50:08.813496  2520  7941 D HOME    : [StreamAlertingRegulator]isTheaterModeEnabled: false, isAlertingAllowedByOffBody: true, matchesLocalInterruptionFilter: true
11-02 20:50:08.813757  2520  7941 D HOME    : [WatchStreamDB]couldItemAlert: false, isTopItemChanged: false, isDeferralForTopItem: false
11-02 20:50:08.814405  2520  7941 D HOME    : [NewStreamAdapter]Publishing revision #1877 to adapter clients
11-02 20:50:08.814824  2520  7978 D HOME    : [StreamDBQueue]Promised revision #1878 to queue a new op
11-02 20:50:08.815038  2520  7978 D WatchStreamManager: Promised rerank @ r#1878
11-02 20:50:08.815151  2520  7941 D HOME    : [WatchStreamDB]updateRanking()
11-02 20:50:08.815671  2520  7941 D HOME    : [WatchStreamDB]Item alerting conditions - isInterruptive: false, recentlyInterrupted: false, isItemPinned: false, isUnread: false
11-02 20:50:08.815985  2520  7941 D HOME    : [StreamAlertingRegulator]isTheaterModeEnabled: false, isAlertingAllowedByOffBody: true, matchesLocalInterruptionFilter: true
11-02 20:50:08.816180  2520  7941 D HOME    : [WatchStreamDB]couldItemAlert: false, isTopItemChanged: false, isDeferralForTopItem: false
11-02 20:50:08.816755  2520  7941 D HOME    : [NewStreamAdapter]Publishing revision #1878 to adapter clients
11-02 20:50:09.432479   416   416 D SKGHAL  : sendResources: metadata size = 2400, font size = 72
11-02 20:50:09.495519   416   416 D SKGHAL  : endResources: rc = 0
11-02 20:50:09.497312  1686  1686 W system_server: Long monitor contention with owner Binder:1686_E (2943) at int com.google.android.clockwork.sidekick.SidekickService$BinderService.sendWatchFace(com.google.android.clockwork.decomposablewatchface.WatchFaceDecomposition, boolean)(SidekickService.java:1021) waiters=0 in boolean com.google.android.clockwork.sidekick.SidekickService$BinderService.readyToDisplay() for 694ms
11-02 20:50:09.499345  2520  2520 D HOME    : [SidekickManagerAsync]replaceWatchFaceComponents(): Callback#onResult(): 0
11-02 20:50:09.500086  2520  2520 D HOME    : [WatchFaceUiController]Complication updates sent, posting watch face hiding
--------- switch to system
11-02 20:50:09.500105  1686  1686 W Looper  : Slow dispatch took 702ms main h=android.os.Handler c=com.google.android.wearable.ambient.AmbientDream$Callbacks$1@61820c6 m=0
--------- switch to main
11-02 20:50:09.500214  2520  2520 D HOME    : [WatchFaceUiController]Still in ambient watch face, hiding
11-02 20:50:09.500337  2520  2520 D HOME    : [WatchFaceUiController]Hiding watch face wallpaper.
--------- switch to kernel
11-02 20:50:09.475235     0     0 E FG      : fg_psy_get_property: unsupported property 7
11-02 20:50:09.492960     0     0 W healthd : battery l=61 v=3908 t=38.0 h=2 st=3 c=93 fc=443000 cc=0 chg=
--------- switch to main
11-02 20:50:09.547680   512   512 I sensors-hal: activate:107, android.sensor.light/46 en=0
11-02 20:50:09.550214   512   512 I sensors-hal: activate:118, android.sensor.light/46 en=0 completed
11-02 20:50:09.559976  1956  1956 D QtiCarrierConfigHelper: WARNING, no carrier configs on phone Id: 0
11-02 20:50:09.565118  2520  2520 D HOME    : [BatteryChange]action: android.intent.action.BATTERY_CHANGED
11-02 20:50:09.567522  2520  7508 D HOME    : [BatteryChange]HandleBatteryChangedTask
11-02 20:50:09.569452   545   545 D SurfaceFlinger: Set power mode=3, type=0 flinger=0xb6bb6000
11-02 20:50:09.570872   504   761 I SDM     : DisplayBase::SetDisplayState: Set state = 3, display 0
--------- switch to system
11-02 20:50:09.577115  1686  1710 I DisplayManagerService: Display device changed state: "cran intgr", DOZE_SUSPEND
--------- switch to main
11-02 20:50:09.602218  2520  7508 D HOME    : [BatteryChange]level: 61, status: 3
11-02 20:50:09.623790  1686  1759 I InputReader: Reconfiguring input devices.  changes=0x00000004
11-02 20:50:09.625246   545   545 D SurfaceFlinger: Finished set power mode=3, type=0
11-02 20:50:09.626495  1686  1823 I SidekickService: beginDisplayLocked(): DOZE_SUSPEND
--------- switch to kernel
11-02 20:50:09.531589     0     0 I mdss_dsi_panel_set_idle_mode: Idle (0->1)
11-02 20:50:09.573212     0     0 I         : [touch]FB_BLANK_VSYNC_SUSPEND
11-02 20:50:09.573229     0     0 I         : [touch]irq disable
11-02 20:50:09.573240     0     0 I         : [touch]workqueue is empty!
11-02 20:50:09.573244     0     0 I         : [touch]raydium_ts_do_suspend.
11-02 20:50:09.573274     0     0 I         : [touch]Device may wakeup
11-02 20:50:09.577167     0     0 I         : [touch]irq enable
--------- switch to main
11-02 20:50:09.628899   416   416 D SKGHAL  : sendAmbientPrepare: enter:
11-02 20:50:09.762776   416   416 D SKGHAL  : sendAmbientEvent: enter: enable = 1
11-02 20:50:09.764670   504   523 I SDM     : DisplayBase::SetDisplayState: Set state = 4, display 0
11-02 20:50:09.764872   504   523 D SDM     : HWCDisplayPrimary::SetStandByMode: Null display is connected successfully
11-02 20:50:09.765142   416   416 D SKGHAL  : standBy_update_control call succeed on 1
11-02 20:50:09.776519   416   416 D SKGHAL  : sendAmbientEvent: done: enable = 1
11-02 20:50:09.777008  1686  1823 D SidekickService:    ... beginDisplay result: 0 for halPower: 1
11-02 20:50:09.780891   512  1749 I sensors-hal: activate:107, android.sensor.accelerometer/48 en=0
11-02 20:50:09.782513   512  1749 I sensors-hal: activate:118, android.sensor.accelerometer/48 en=0 completed
--------- switch to kernel
11-02 20:50:09.738684     0     0 E bgrsb   : bgrsb_enable: gpio 32 is valid
--------- switch to main
11-02 20:50:09.790923  1686  1799 E WifiStateMachine: getWifiLinkLayerStats called without an interface
11-02 20:50:09.816610  1686  1686 I WearPower: [WearTouchMediator] changing touch input to enabled (ON_AUTO)
11-02 20:50:09.818076  1686  1759 I InputReader: Reconfiguring input devices.  changes=0x00000200
--------- switch to kernel
11-02 20:50:09.774855     0     0 I init    : processing action (ro.enable_core_ctl=true && sys.cw_corectl_mode=idle) from (/vendor/etc/init/hw/init.qcom.rc:949)
--------- switch to main
11-02 20:50:09.834208  1686  1686 I AmbientService: [ce6a28c] Timeout alarm not required, auto-resume timeout handled by dream.
11-02 20:50:09.857938  3205  3434 W WorkController: Loading failed for worker [trainingcache]: worker not found
11-02 20:50:09.861558  3205  3372 W A       : TrainingCache cache SCREEN_OFF failure
11-02 20:50:09.861558  3205  3372 W A       : com.google.android.apps.gsa.search.core.service.h.a.a: No worker found for Worker ID [trainingcache].
11-02 20:50:09.861558  3205  3372 W A       : 	at com.google.android.apps.gsa.search.core.service.g.a.c.a(Unknown Source:5)
11-02 20:50:09.861558  3205  3372 W A       : 	at com.google.android.libraries.gsa.c.a.d.a(Unknown Source:3)
11-02 20:50:09.861558  3205  3372 W A       : 	at com.google.common.p.a.cg.c(Unknown Source:2)
11-02 20:50:09.861558  3205  3372 W A       : 	at com.google.common.p.a.bk.run(SourceFile:3)
11-02 20:50:09.861558  3205  3372 W A       : 	at com.google.common.p.a.ci.run(Unknown Source:4)
11-02 20:50:09.861558  3205  3372 W A       : 	at com.google.apps.tiktok.concurrent.ab.run(SourceFile:1)
11-02 20:50:09.861558  3205  3372 W A       : 	at java.util.concurrent.ThreadPoolExecutor.runWorker(ThreadPoolExecutor.java:1167)
11-02 20:50:09.861558  3205  3372 W A       : 	at java.util.concurrent.ThreadPoolExecutor$Worker.run(ThreadPoolExecutor.java:641)
11-02 20:50:09.861558  3205  3372 W A       : 	at com.google.apps.tiktok.concurrent.c.run(Unknown Source:4)
11-02 20:50:09.861558  3205  3372 W A       : 	at java.lang.Thread.run(Thread.java:764)
11-02 20:50:09.877891  2520  2520 D HOME    : [StreamDBQueue]Promised revision #1879 to queue a new op
11-02 20:50:09.878318  2520  2520 D WatchStreamManager: Promised rank-blocked=false @ r#1879
11-02 20:50:09.878598  2520  2520 D HOME    : [CompactHunStarter]detachWindow()
11-02 20:50:09.878859  2520  7508 D HOME    : [WatchStreamDB]Item alerting conditions - isInterruptive: false, recentlyInterrupted: false, isItemPinned: false, isUnread: false
11-02 20:50:09.878911  2520  7978 D HOME    : [StreamDBQueue]Promised revision #1880 to queue a new op
11-02 20:50:09.879035  2520  7978 D WatchStreamManager: Promised rerank @ r#1880
11-02 20:50:09.879226  2520  7508 D HOME    : [StreamAlertingRegulator]isTheaterModeEnabled: false, isAlertingAllowedByOffBody: true, matchesLocalInterruptionFilter: true
11-02 20:50:09.879491  2520  7508 D HOME    : [WatchStreamDB]couldItemAlert: false, isTopItemChanged: false, isDeferralForTopItem: false
11-02 20:50:09.879984  2520  7508 D HOME    : [WatchStreamDB]updateRanking()
11-02 20:50:09.880528  2520  7508 D HOME    : [WatchStreamDB]Item alerting conditions - isInterruptive: false, recentlyInterrupted: false, isItemPinned: false, isUnread: false
11-02 20:50:09.880884  2520  7508 D HOME    : [StreamAlertingRegulator]isTheaterModeEnabled: false, isAlertingAllowedByOffBody: true, matchesLocalInterruptionFilter: true
11-02 20:50:09.881160  2520  7508 D HOME    : [WatchStreamDB]couldItemAlert: false, isTopItemChanged: false, isDeferralForTopItem: false
11-02 20:50:09.881827  2520  7508 D HOME    : [NewStreamAdapter]Publishing revision #1880 to adapter clients
--------- switch to kernel
11-02 20:50:09.860951     0     0 I CPU3    : update max cpu_capacity 1024
11-02 20:50:09.921450     0     0 I PM      : suspend entry 2021-11-02 19:50:09.921450787 UTC
11-02 20:50:09.921461     0     0 I PM      : Syncing filesystems ...
11-02 20:50:09.941001     0     0 I CPU2    : shutdown
11-02 20:50:09.942882     0     0 I init    : Command 'write /sys/devices/system/cpu/cpu2/online 0' action=ro.enable_core_ctl=true && sys.cw_corectl_mode=idle (/vendor/etc/init/hw/init.qcom.rc:951) took 120ms and succeeded
11-02 20:50:10.017961     0     0 I         : done.
11-02 20:50:10.033417     0     0 I CPU3    : shutdown
11-02 20:50:10.035147     0     0 I         : Freezing user space processes ...
11-02 20:50:10.040938     0     0 I CPU0    : update max cpu_capacity 748
11-02 20:50:10.041292     0     0 I PM      : Wakeup pending, aborting suspend
11-02 20:50:10.041360     0     0 I         : active wakeup source: NETLINK
11-02 20:50:10.041414     0     0 E         : Freezing of tasks aborted after 0.006 seconds
11-02 20:50:10.041430     0     0 I         : Restarting tasks ...
