11-03 07:47:35.775429  3205  3372 W A       : 	at java.util.concurrent.ThreadPoolExecutor$Worker.run(ThreadPoolExecutor.java:641)
11-03 07:47:35.775429  3205  3372 W A       : 	at com.google.apps.tiktok.concurrent.c.run(Unknown Source:4)
11-03 07:47:35.775429  3205  3372 W A       : 	at java.lang.Thread.run(Thread.java:764)
11-03 07:47:35.791990  2520  2520 D HOME    : [StreamDBQueue]Promised revision #3028 to queue a new op
11-03 07:47:35.792683  2520  2520 D WatchStreamManager: Promised rank-blocked=false @ r#3028
11-03 07:47:35.793455  2520  2520 D HOME    : [CompactHunStarter]detachWindow()
11-03 07:47:35.794218  2520 10449 D HOME    : [WatchStreamDB]Item alerting conditions - isInterruptive: false, recentlyInterrupted: false, isItemPinned: false, isUnread: false
11-03 07:47:35.795286  2520 10449 D HOME    : [StreamAlertingRegulator]isTheaterModeEnabled: false, isAlertingAllowedByOffBody: true, matchesLocalInterruptionFilter: true
11-03 07:47:35.795335  2520 10389 D HOME    : [StreamDBQueue]Promised revision #3029 to queue a new op
11-03 07:47:35.795676  2520 10389 D WatchStreamManager: Promised rerank @ r#3029
11-03 07:47:35.796017  2520 10449 D HOME    : [WatchStreamDB]couldItemAlert: false, isTopItemChanged: false, isDeferralForTopItem: false
11-03 07:47:35.797169  2520 10449 D HOME    : [WatchStreamDB]updateRanking()
11-03 07:47:35.798435  2520 10449 D HOME    : [WatchStreamDB]Item alerting conditions - isInterruptive: false, recentlyInterrupted: false, isItemPinned: false, isUnread: false
11-03 07:47:35.807466  2520 10449 D HOME    : [StreamAlertingRegulator]isTheaterModeEnabled: false, isAlertingAllowedByOffBody: true, matchesLocalInterruptionFilter: true
11-03 07:47:35.808395  2520 10449 D HOME    : [WatchStreamDB]couldItemAlert: false, isTopItemChanged: false, isDeferralForTopItem: false
11-03 07:47:35.812509  2520 10449 D HOME    : [NewStreamAdapter]Publishing revision #3029 to adapter clients
--------- switch to kernel
11-03 07:47:35.762475     0     0 I CPU0    : update max cpu_capacity 748
11-03 07:47:35.794616     0     0 I CPU2    : shutdown
11-03 07:47:35.796736     0     0 I init    : Command 'write /sys/devices/system/cpu/cpu2/online 0' action=ro.enable_core_ctl=true && sys.cw_corectl_mode=idle (/vendor/etc/init/hw/init.qcom.rc:951) took 127ms and succeeded
11-03 07:47:35.798393     0     0 I CPU3    : update max cpu_capacity 1024
11-03 07:47:35.872417     0     0 I CPU1    : update max cpu_capacity 748
11-03 07:47:35.904579     0     0 I CPU3    : shutdown
11-03 07:47:35.908183     0     0 I init    : Command 'write /sys/devices/system/cpu/cpu3/online 0' action=ro.enable_core_ctl=true && sys.cw_corectl_mode=idle (/vendor/etc/init/hw/init.qcom.rc:952) took 111ms and succeeded
11-03 07:47:36.560095     0     0 E mdss_dsi_gen_read_status: Read back value from panel is incorrect
--------- switch to main
11-03 07:47:36.746792  1686  1686 D HandsFreeClientShard: Connecting HandsFree client profile (retry).
11-03 07:47:36.749908  1686  1686 D BluetoothHeadsetClient: disconnect(14:3C:C3:AD:3D:53)
11-03 07:47:36.759116  1686  1686 D BluetoothHeadsetClient: connect(14:3C:C3:AD:3D:53)
11-03 07:47:36.762055 10095 10167 D HeadsetClientStateMachine: Disconnected process message: 1
11-03 07:47:36.762659 10095 10133 I bt_btif_queue: queue_int_add: adding connection request: address=14:3c:c3:ad:3d:53 UUID=111E busy=false
11-03 07:47:36.762736 10095 10133 I bt_btif_queue: btif_queue_connect_next: executing connection request: address=14:3c:c3:ad:3d:53 UUID=111E busy=false
11-03 07:47:36.762766 10095 10133 E bt_btif : is_connected: not connected!
11-03 07:47:36.762809 10095 10133 W bt_btif : bta_hf_client_find_cb_by_bda: bdaddr mismatch for handle 0 alloc 0
11-03 07:47:36.762834 10095 10133 W bt_btif : bta_hf_client_find_cb_by_bda: bdaddr mismatch for handle 1 alloc 0
11-03 07:47:36.762855 10095 10133 W bt_btif : bta_hf_client_find_cb_by_bda: bdaddr mismatch for handle 2 alloc 0
11-03 07:47:36.762876 10095 10133 W bt_btif : bta_hf_client_find_cb_by_bda: bdaddr mismatch for handle 3 alloc 0
11-03 07:47:36.762896 10095 10133 W bt_btif : bta_hf_client_find_cb_by_bda: bdaddr mismatch for handle 4 alloc 0
11-03 07:47:36.762917 10095 10133 W bt_btif : bta_hf_client_find_cb_by_bda: bdaddr mismatch for handle 5 alloc 0
11-03 07:47:36.762937 10095 10133 W bt_btif : bta_hf_client_find_cb_by_bda: bdaddr mismatch for handle 6 alloc 0
11-03 07:47:36.762957 10095 10133 W bt_btif : bta_hf_client_find_cb_by_bda: bdaddr mismatch for handle 7 alloc 0
11-03 07:47:36.762978 10095 10133 W bt_btif : bta_hf_client_find_cb_by_bda: bdaddr mismatch for handle 8 alloc 0
11-03 07:47:36.763001 10095 10133 W bt_btif : bta_hf_client_find_cb_by_bda: bdaddr mismatch for handle 9 alloc 0
11-03 07:47:36.763021 10095 10133 E bt_btif : bta_hf_client_find_cb_by_bda: block not found
11-03 07:47:36.766605 10095 10095 D AdapterProperties: PROFILE_CONNECTION_STATE_CHANGE: profile=16, device=14:3C:C3:AD:3D:53, 0 -> 1
11-03 07:47:36.766935 10095 10095 D AdapterProperties: ADAPTER_CONNECTION_STATE_CHANGE: 14:3C:C3:AD:3D:53: 0 -> 1
11-03 07:47:36.767466  5603  5603 D BtTelecomReceiver: onReceive: Intent { act=android.bluetooth.headsetclient.profile.action.CONNECTION_STATE_CHANGED flg=0x10 cmp=com.google.android.apps.wearable.bluetooth/com.google.android.clockwork.hfp.BtTelecomBroadcastReceiver (has extras) }
11-03 07:47:36.767601  5603  5603 D BtTelecomReceiver: Hfp connection changed: -724754873 0 -> 1
--------- switch to system
11-03 07:47:36.769929  1686  7908 W BroadcastQueue: Background execution not allowed: receiving Intent { act=android.bluetooth.adapter.action.CONNECTION_STATE_CHANGED flg=0x4000010 (has extras) } to com.google.android.gms/.chimera.GmsIntentOperationService$PersistentTrustedReceiver
--------- switch to main
11-03 07:47:41.952950 10095 10150 W bt_sdp  : SDP - Rcvd conn cnf with error: 0x4  CID 0x49
11-03 07:47:41.953560 10095 10133 D BluetoothHeadsetClientServiceJni: connection_state_cb: state 0 peer_feat 0 chld_feat 0
11-03 07:47:41.954013 10095 10133 E bt_btif : btif_hf_client_get_cb_by_bda: could not find block for bdaddr
11-03 07:47:41.954064 10095 10133 E bt_btif : btif_hf_client_upstreams_evt: event 3 but not allocating block: cb not found
11-03 07:47:41.954117 10095 10133 I bt_btif_queue: queue_int_advance: removing connection request: address=14:3c:c3:ad:3d:53 UUID=111E busy=true
11-03 07:47:41.954415 10095 10167 D HeadsetClientStateMachine: Enter Disconnected: 100
11-03 07:47:41.958686 10095 10095 D AdapterProperties: PROFILE_CONNECTION_STATE_CHANGE: profile=16, device=14:3C:C3:AD:3D:53, 1 -> 0
11-03 07:47:41.959158 10095 10095 D AdapterProperties: ADAPTER_CONNECTION_STATE_CHANGE: 14:3C:C3:AD:3D:53: 1 -> 0
11-03 07:47:41.963341  5603  5603 D BtTelecomReceiver: onReceive: Intent { act=android.bluetooth.headsetclient.profile.action.CONNECTION_STATE_CHANGED flg=0x10 cmp=com.google.android.apps.wearable.bluetooth/com.google.android.clockwork.hfp.BtTelecomBroadcastReceiver (has extras) }
11-03 07:47:41.963492  5603  5603 D BtTelecomReceiver: Hfp connection changed: -724754873 1 -> 0
11-03 07:47:41.976871  5603  5603 D HfpClientConnService: onCreate
11-03 07:47:41.977545  5603  5603 D HfpClientConnService: disabling HFP
11-03 07:47:41.977631  5603  5603 I HfpClientConnService: enable request:Enable Request - time:1635922061963 type:false reason:headset client disconnected
11-03 07:47:41.979605  5603  5603 I HfpClientConnService: account already disabled
--------- switch to system
11-03 07:47:41.981820  1686  3998 W BroadcastQueue: Background execution not allowed: receiving Intent { act=android.bluetooth.adapter.action.CONNECTION_STATE_CHANGED flg=0x4000010 (has extras) } to com.google.android.gms/.chimera.GmsIntentOperationService$PersistentTrustedReceiver
11-03 07:47:45.805986  1686  1702 W BroadcastQueue: Timeout of broadcast BroadcastRecord{f953ec6 u-1 android.intent.action.SCREEN_OFF} - receiver=android.os.BinderProxy@ef21c49, started 10000ms ago
11-03 07:47:45.806268  1686  1702 W BroadcastQueue: Receiver during timeout of BroadcastRecord{f953ec6 u-1 android.intent.action.SCREEN_OFF} : BroadcastFilter{25f9a6f u0 ReceiverList{b2a794e 7745 com.montblanc.smartwatch.toolbox/10038/u0 remote:ef21c49}}
11-03 07:47:45.882679  1686  1702 I ActivityManager: Skipping duplicate ANR: ProcessRecord{361f4aa 7745:com.montblanc.smartwatch.toolbox/u0a38} Broadcast of Intent { act=android.intent.action.SCREEN_OFF flg=0x50200010 }
11-03 07:47:55.809493  1686  1702 W BroadcastQueue: Timeout of broadcast BroadcastRecord{f953ec6 u-1 android.intent.action.SCREEN_OFF} - receiver=android.os.BinderProxy@9fa9c40, started 10003ms ago
11-03 07:47:55.809814  1686  1702 W BroadcastQueue: Receiver during timeout of BroadcastRecord{f953ec6 u-1 android.intent.action.SCREEN_OFF} : BroadcastFilter{e24acbe u0 ReceiverList{4d03779 7745 com.montblanc.smartwatch.toolbox/10038/u0 remote:9fa9c40}}
--------- switch to kernel
11-03 07:47:55.843809     0     0 I PM      : suspend entry 2021-11-03 06:47:55.843809960 UTC
11-03 07:47:55.843818     0     0 I PM      : Syncing filesystems ... done.
11-03 07:47:55.863899     0     0 I         : Freezing user space processes ... (elapsed 0.005 seconds) done.
11-03 07:47:55.869738     0     0 I         : Freezing remaining freezable tasks ... (elapsed 0.002 seconds) done.
11-03 07:47:55.872629     0     0 I         : Suspending console(s) (use no_console_suspend to debug)
11-03 07:47:55.882997     0     0 I mdss_dsi_panel_set_idle_mode: Idle (1->1)
11-03 07:47:55.924858     0     0 I bgcom   : bgcom_pm_suspend: suspended with : 0
11-03 07:47:55.946118     0     0 I PM      : suspend of devices complete after 71.950 msecs
11-03 07:47:55.948797     0     0 I PM      : late suspend of devices complete after 2.661 msecs
11-03 07:47:55.951896     0     0 I PM      : noirq suspend of devices complete after 3.084 msecs
11-03 07:47:55.951902     0     0 I         : Disabling non-boot CPUs ...
11-03 07:47:55.970431     0     0 I CPU1    : shutdown
11-03 07:47:55.971446     0     0 I suspend ns: 2661485959956	suspend cycles:    1028415473362
11-03 07:47:55.971436     0     0 I CPU0    : msm_cpu_pm_enter_sleep mode:3 during suspend
11-03 07:47:55.971436     0     0 I         : Suspended for 41.613 seconds
11-03 07:47:55.971436     0     0 I resume cycles: 1029214461959
11-03 07:47:55.971724     0     0 I         : Enabling non-boot CPUs ...
11-03 07:47:55.972055     0     0 I CPU1    : update cpu_capacity 1024
11-03 07:47:55.973030     0     0 I         : CPU1 is up
11-03 07:47:55.974621     0     0 I PM      : noirq resume of devices complete after 1.414 msecs
11-03 07:47:55.977521     0     0 I PM      : early resume of devices complete after 1.691 msecs
11-03 07:47:55.978921     0     0 I CPU0    : update max cpu_capacity 748
11-03 07:47:56.000978     0     0 I bgcom   : bgcom_pm_resume: Bgcom resumed with : 0
11-03 07:47:56.010028     0     0 I mdss_dsi_panel_set_idle_mode: Idle (1->1)
11-03 07:47:56.042673     0     0 I PM      : resume of devices complete after 65.109 msecs
11-03 07:47:56.044600     0     0 I         : Restarting tasks ...
11-03 07:47:56.046590     0     0 W QSEECOM : qseecom_receive_req: Interrupted: exiting Listener Service = 8192
11-03 07:47:56.046640     0     0 W QSEECOM : qseecom_receive_req: Interrupted: exiting Listener Service = 12288
11-03 07:47:56.046671     0     0 W QSEECOM : qseecom_receive_req: Interrupted: exiting Listener Service = 11
11-03 07:47:56.046704     0     0 W QSEECOM : qseecom_receive_req: Interrupted: exiting Listener Service = 10
11-03 07:47:56.048410     0     0 W QSEECOM : qseecom_receive_req: Interrupted: exiting Listener Service = 28672
11-03 07:47:56.068994     0     0 I         : done.
11-03 07:48:37.684301     0     0 I PM      : suspend exit 2021-11-03 06:48:37.684301507 UTC
--------- switch to system
11-03 07:48:37.720504  1686  1702 I ActivityManager: Skipping duplicate ANR: ProcessRecord{361f4aa 7745:com.montblanc.smartwatch.toolbox/u0a38} Broadcast of Intent { act=android.intent.action.SCREEN_OFF flg=0x50200010 }
--------- switch to kernel
11-03 07:48:37.787132     0     0 I PM      : suspend entry 2021-11-03 06:48:37.787132392 UTC
11-03 07:48:37.787151     0     0 I PM      : Syncing filesystems ... done.
11-03 07:48:37.863575     0     0 I         : Freezing user space processes ... (elapsed 0.008 seconds) done.
11-03 07:48:37.871788     0     0 I         : Freezing remaining freezable tasks ... (elapsed 0.003 seconds) done.
11-03 07:48:37.874841     0     0 I         : Suspending console(s) (use no_console_suspend to debug)
11-03 07:48:37.885250     0     0 I mdss_dsi_panel_set_idle_mode: Idle (1->1)
11-03 07:48:37.927246     0     0 I bgcom   : bgcom_pm_suspend: suspended with : 0
11-03 07:48:37.955533     0     0 I PM      : suspend of devices complete after 79.152 msecs
11-03 07:48:37.958255     0     0 I PM      : late suspend of devices complete after 2.705 msecs
11-03 07:48:37.961268     0     0 I PM      : noirq suspend of devices complete after 2.997 msecs
11-03 07:48:37.961274     0     0 I         : Disabling non-boot CPUs ...
11-03 07:48:37.974356     0     0 I CPU1    : shutdown
11-03 07:48:37.975177     0     0 I suspend ns: 2661875715321	suspend cycles:    1029221945262
11-03 07:48:37.975167     0     0 I CPU0    : msm_cpu_pm_enter_sleep mode:3 during suspend
11-03 07:48:37.975167     0     0 I         : Suspended for 118.609 seconds
11-03 07:48:37.975167     0     0 I resume cycles: 1031499241654
11-03 07:48:37.975386     0     0 I         : Enabling non-boot CPUs ...
11-03 07:48:37.975711     0     0 I CPU1    : update cpu_capacity 1024
11-03 07:48:37.976692     0     0 I         : CPU1 is up
11-03 07:48:37.978279     0     0 I PM      : noirq resume of devices complete after 1.411 msecs
11-03 07:48:37.981193     0     0 I PM      : early resume of devices complete after 1.703 msecs
11-03 07:48:37.982820     0     0 I CPU0    : update max cpu_capacity 748
11-03 07:48:38.005547     0     0 I bgcom   : bgcom_pm_resume: Bgcom resumed with : 0
11-03 07:48:38.015253     0     0 I mdss_dsi_panel_set_idle_mode: Idle (1->1)
11-03 07:48:38.055782     0     0 I PM      : resume of devices complete after 74.571 msecs
11-03 07:48:38.057635     0     0 I         : Restarting tasks ...
11-03 07:48:38.059581     0     0 W QSEECOM : qseecom_receive_req: Interrupted: exiting Listener Service = 12288
11-03 07:48:38.059627     0     0 W QSEECOM : qseecom_receive_req: Interrupted: exiting Listener Service = 28672
11-03 07:48:38.062004     0     0 W QSEECOM : qseecom_receive_req: Interrupted: exiting Listener Service = 8192
11-03 07:48:38.062042     0     0 W QSEECOM : qseecom_receive_req: Interrupted: exiting Listener Service = 11
11-03 07:48:38.062068     0     0 W QSEECOM : qseecom_receive_req: Interrupted: exiting Listener Service = 10
11-03 07:48:38.071808     0     0 I         : done.
11-03 07:50:36.681511     0     0 I PM      : suspend exit 2021-11-03 06:50:36.681511929 UTC
--------- switch to main
11-03 07:50:36.716492  2520  2714 D HOME    : [TickMonitor]Received time tick
11-03 07:50:36.716711  2520  2714 D HOME    : [TickMonitor]handleTimeTick() finished
--------- switch to kernel
11-03 07:50:36.782044     0     0 I PM      : suspend entry 2021-11-03 06:50:36.782044638 UTC
11-03 07:50:36.782061     0     0 I PM      : Syncing filesystems ... done.
11-03 07:50:36.850529     0     0 I         : Freezing user space processes ... (elapsed 0.006 seconds) done.
11-03 07:50:36.857404     0     0 I         : Freezing remaining freezable tasks ... (elapsed 0.002 seconds) done.
11-03 07:50:36.860349     0     0 I         : Suspending console(s) (use no_console_suspend to debug)
--------- switch to main
11-03 07:50:48.201311  1956  1956 D QtiCarrierConfigHelper: WARNING, no carrier configs on phone Id: 0
11-03 07:50:48.201285  2520  2520 D HOME    : [BatteryChange]action: android.intent.action.BATTERY_CHANGED
11-03 07:50:48.201842  2520 10428 D HOME    : [BatteryChange]HandleBatteryChangedTask
11-03 07:50:48.202268  2520 10428 D HOME    : [BatteryChange]level: 27, status: 3
--------- switch to kernel
11-03 07:50:36.870912     0     0 I mdss_dsi_panel_set_idle_mode: Idle (1->1)
11-03 07:50:36.906060     0     0 I bgcom   : bgcom_pm_suspend: suspended with : 0
11-03 07:50:36.933916     0     0 I PM      : suspend of devices complete after 71.863 msecs
11-03 07:50:36.936597     0     0 I PM      : late suspend of devices complete after 2.663 msecs
11-03 07:50:36.939584     0     0 I PM      : noirq suspend of devices complete after 2.973 msecs
11-03 07:50:36.939591     0     0 I         : Disabling non-boot CPUs ...
11-03 07:50:36.952604     0     0 W         : IRQ21 no longer affine to CPU1
11-03 07:50:36.953421     0     0 I CPU1    : shutdown
11-03 07:50:36.954289     0     0 I suspend ns: 2662245639957	suspend cycles:    1031506344207
11-03 07:50:36.954279     0     0 I CPU0    : msm_cpu_pm_enter_sleep mode:3 during suspend
11-03 07:50:36.954279     0     0 I         : Suspended for 11.131 seconds
11-03 07:50:36.954279     0     0 I resume cycles: 1031720079047
11-03 07:50:36.954486     0     0 I         : Enabling non-boot CPUs ...
11-03 07:50:36.954811     0     0 I CPU1    : update cpu_capacity 1024
11-03 07:50:36.955796     0     0 I         : CPU1 is up
11-03 07:50:36.957379     0     0 I PM      : noirq resume of devices complete after 1.417 msecs
11-03 07:50:36.960305     0     0 I PM      : early resume of devices complete after 1.796 msecs
11-03 07:50:36.961978     0     0 I CPU0    : update max cpu_capacity 748
11-03 07:50:36.962378     0     0 E FG      : fg_psy_get_property: unsupported property 7
11-03 07:50:36.982886     0     0 I bgcom   : bgcom_pm_resume: Bgcom resumed with : 0
11-03 07:50:36.992615     0     0 I mdss_dsi_panel_set_idle_mode: Idle (1->1)
11-03 07:50:37.024798     0     0 I PM      : resume of devices complete after 64.475 msecs
11-03 07:50:37.026685     0     0 I         : Restarting tasks ...
11-03 07:50:37.028850     0     0 W QSEECOM : qseecom_receive_req: Interrupted: exiting Listener Service = 8192
11-03 07:50:37.028913     0     0 W QSEECOM : qseecom_receive_req: Interrupted: exiting Listener Service = 11
11-03 07:50:37.028951     0     0 W QSEECOM : qseecom_receive_req: Interrupted: exiting Listener Service = 10
11-03 07:50:37.031140     0     0 W QSEECOM : qseecom_receive_req: Interrupted: exiting Listener Service = 12288
11-03 07:50:37.031191     0     0 W QSEECOM : qseecom_receive_req: Interrupted: exiting Listener Service = 28672
11-03 07:50:37.035921     0     0 E FG      : fg_psy_get_property: unsupported property 7
11-03 07:50:37.040620     0     0 E FG      : fg_psy_get_property: unsupported property 7
11-03 07:50:48.102969     0     0 W healthd : battery l=27 v=3789 t=27.0 h=2 st=3 c=8 fc=443000 cc=0 chg=
11-03 07:50:48.105067     0     0 W healthd : battery l=27 v=3789 t=27.0 h=2 st=3 c=8 fc=443000 cc=0 chg=
11-03 07:50:48.116154     0     0 I         : done.
11-03 07:50:48.203659     0     0 I PM      : suspend exit 2021-11-03 06:50:48.203659425 UTC
11-03 07:50:48.309332     0     0 I PM      : suspend entry 2021-11-03 06:50:48.309332862 UTC
11-03 07:50:48.309349     0     0 I PM      : Syncing filesystems ... done.
11-03 07:50:48.387345     0     0 I         : Freezing user space processes ... (elapsed 0.004 seconds) done.
11-03 07:50:48.392368     0     0 I         : Freezing remaining freezable tasks ... (elapsed 0.002 seconds) done.
11-03 07:50:48.395102     0     0 I         : Suspending console(s) (use no_console_suspend to debug)
11-03 07:50:48.405444     0     0 I mdss_dsi_panel_set_idle_mode: Idle (1->1)
11-03 07:50:48.438042     0     0 I bgcom   : bgcom_pm_suspend: suspended with : 0
11-03 07:50:48.466318     0     0 I PM      : suspend of devices complete after 69.675 msecs
11-03 07:50:48.469035     0     0 I PM      : late suspend of devices complete after 2.702 msecs
11-03 07:50:48.472035     0     0 I PM      : noirq suspend of devices complete after 2.984 msecs
11-03 07:50:48.472041     0     0 I         : Disabling non-boot CPUs ...
11-03 07:50:48.484614     0     0 W         : IRQ21 no longer affine to CPU1
11-03 07:50:48.485436     0     0 I CPU1    : shutdown
11-03 07:50:48.486258     0     0 I suspend ns: 2662645590791	suspend cycles:    1031727758103
11-03 07:50:48.486248     0     0 I CPU0    : msm_cpu_pm_enter_sleep mode:3 during suspend
11-03 07:50:48.486248     0     0 I         : Suspended for 1.059 seconds
11-03 07:50:48.486451     0     0 I         : Enabling non-boot CPUs ...
11-03 07:50:48.486778     0     0 I CPU1    : update cpu_capacity 1024
11-03 07:50:48.487748     0     0 I         : CPU1 is up
11-03 07:50:48.489351     0     0 I PM      : noirq resume of devices complete after 1.413 msecs
11-03 07:50:48.492202     0     0 I PM      : early resume of devices complete after 1.695 msecs
11-03 07:50:48.493925     0     0 I CPU0    : update max cpu_capacity 748
11-03 07:50:48.515596     0     0 I bgcom   : bgcom_pm_resume: Bgcom resumed with : 0
11-03 07:50:48.525323     0     0 I mdss_dsi_panel_set_idle_mode: Idle (1->1)
11-03 07:50:48.556481     0     0 I PM      : resume of devices complete after 64.260 msecs
11-03 07:50:48.558396     0     0 I         : Restarting tasks ...
11-03 07:50:48.560133     0     0 W QSEECOM : qseecom_receive_req: Interrupted: exiting Listener Service = 8192
11-03 07:50:48.560174     0     0 W QSEECOM : qseecom_receive_req: Interrupted: exiting Listener Service = 12288
11-03 07:50:48.560199     0     0 W QSEECOM : qseecom_receive_req: Interrupted: exiting Listener Service = 11
11-03 07:50:48.560225     0     0 W QSEECOM : qseecom_receive_req: Interrupted: exiting Listener Service = 10
11-03 07:50:48.562196     0     0 W QSEECOM : qseecom_receive_req: Interrupted: exiting Listener Service = 28672
11-03 07:50:48.564893     0     0 I         : done.
11-03 07:50:49.625194     0     0 I PM      : suspend exit 2021-11-03 06:50:49.625194580 UTC
11-03 07:50:49.726372     0     0 I PM      : suspend entry 2021-11-03 06:50:49.726372237 UTC
11-03 07:50:49.726381     0     0 I PM      : Syncing filesystems ... done.
11-03 07:50:49.796431     0     0 I         : Freezing user space processes ... (elapsed 0.005 seconds) done.
11-03 07:50:49.801535     0     0 I         : Freezing remaining freezable tasks ... (elapsed 0.003 seconds) done.
11-03 07:50:49.804569     0     0 I         : Suspending console(s) (use no_console_suspend to debug)
11-03 07:50:49.815020     0     0 I mdss_dsi_panel_set_idle_mode: Idle (1->1)
11-03 07:50:49.848014     0     0 I bgcom   : bgcom_pm_suspend: suspended with : 0
11-03 07:50:49.876517     0     0 I PM      : suspend of devices complete after 70.405 msecs
11-03 07:50:49.879251     0     0 I PM      : late suspend of devices complete after 2.717 msecs
11-03 07:50:49.882266     0     0 I PM      : noirq suspend of devices complete after 2.999 msecs
11-03 07:50:49.882272     0     0 I         : Disabling non-boot CPUs ...
11-03 07:50:49.894503     0     0 W         : IRQ21 no longer affine to CPU1
11-03 07:50:49.895315     0     0 I CPU1    : shutdown
11-03 07:50:49.896097     0     0 I suspend ns: 2662995464073	suspend cycles:    1031754826721
11-03 07:50:49.896089     0     0 I CPU0    : msm_cpu_pm_enter_sleep mode:3 during suspend
11-03 07:50:49.896089     0     0 I         : Suspended for 51.687 seconds
11-03 07:50:49.896089     0     0 I resume cycles: 1032747230609
11-03 07:50:49.896311     0     0 I         : Enabling non-boot CPUs ...
11-03 07:50:49.896634     0     0 I CPU1    : update cpu_capacity 1024
11-03 07:50:49.897608     0     0 I         : CPU1 is up
11-03 07:50:49.899200     0     0 I PM      : noirq resume of devices complete after 1.409 msecs
11-03 07:50:49.902201     0     0 I PM      : early resume of devices complete after 1.790 msecs
11-03 07:50:49.903808     0     0 I CPU0    : update max cpu_capacity 748
11-03 07:50:49.925129     0     0 I bgcom   : bgcom_pm_resume: Bgcom resumed with : 0
11-03 07:50:49.935033     0     0 I mdss_dsi_panel_set_idle_mode: Idle (1->1)
11-03 07:50:49.966726     0     0 I PM      : resume of devices complete after 64.507 msecs
11-03 07:50:49.968566     0     0 I         : Restarting tasks ...
11-03 07:50:49.970968     0     0 W QSEECOM : qseecom_receive_req: Interrupted: exiting Listener Service = 8192
11-03 07:50:49.971023     0     0 W QSEECOM : qseecom_receive_req: Interrupted: exiting Listener Service = 12288
11-03 07:50:49.971060     0     0 W QSEECOM : qseecom_receive_req: Interrupted: exiting Listener Service = 11
11-03 07:50:49.971149     0     0 W QSEECOM : qseecom_receive_req: Interrupted: exiting Listener Service = 10
11-03 07:50:49.971181     0     0 W QSEECOM : qseecom_receive_req: Interrupted: exiting Listener Service = 28672
11-03 07:50:49.993945     0     0 I         : done.
11-03 07:51:41.682356     0     0 I PM      : suspend exit 2021-11-03 06:51:41.682356539 UTC
--------- switch to main
11-03 07:51:41.729326  2520  2714 D HOME    : [TickMonitor]Received time tick
11-03 07:51:41.729551  2520  2714 D HOME    : [TickMonitor]handleTimeTick() finished
11-03 07:51:41.739837  3316 10471 E WakeLock: GCM_HB_ALARM release without a matched acquire!
11-03 07:51:41.739941  3316 10471 W WakeLock: GCM_HB_ALARM counter does not exist
11-03 07:51:41.748768  3316 10471 E WakeLock: GCM_CONN_ALARM release without a matched acquire!
--------- switch to kernel
11-03 07:51:41.783015     0     0 I PM      : suspend entry 2021-11-03 06:51:41.783015550 UTC
11-03 07:51:41.783025     0     0 I PM      : Syncing filesystems ... done.
11-03 07:51:41.793090     0     0 I         : Freezing user space processes ... (elapsed 0.005 seconds) done.
11-03 07:51:41.798830     0     0 I         : Freezing remaining freezable tasks ... (elapsed 0.003 seconds) done.
11-03 07:51:41.801902     0     0 I         : Suspending console(s) (use no_console_suspend to debug)
11-03 07:51:41.812400     0     0 I mdss_dsi_panel_set_idle_mode: Idle (1->1)
11-03 07:51:41.845560     0     0 I bgcom   : bgcom_pm_suspend: suspended with : 0
11-03 07:51:41.872791     0     0 I PM      : suspend of devices complete after 69.341 msecs
11-03 07:51:41.875584     0     0 I PM      : late suspend of devices complete after 2.774 msecs
11-03 07:51:41.878548     0     0 I PM      : noirq suspend of devices complete after 2.949 msecs
11-03 07:51:41.878555     0     0 I         : Disabling non-boot CPUs ...
11-03 07:51:41.892981     0     0 I CPU1    : shutdown
11-03 07:51:41.893897     0     0 I suspend ns: 2663305558969	suspend cycles:    1032753184431
11-03 07:51:41.893887     0     0 I CPU0    : msm_cpu_pm_enter_sleep mode:3 during suspend
11-03 07:51:41.893887     0     0 I         : Suspended for 226.687 seconds
11-03 07:51:41.893887     0     0 I resume cycles: 1037105583913
11-03 07:51:41.894112     0     0 I         : Enabling non-boot CPUs ...
11-03 07:51:41.894434     0     0 I CPU1    : update cpu_capacity 1024
11-03 07:51:41.895415     0     0 I         : CPU1 is up
11-03 07:51:41.897019     0     0 I PM      : noirq resume of devices complete after 1.420 msecs
11-03 07:51:41.899914     0     0 I PM      : early resume of devices complete after 1.689 msecs
11-03 07:51:41.901464     0     0 I CPU1    : update max cpu_capacity 748
11-03 07:51:41.922576     0     0 I bgcom   : bgcom_pm_resume: Bgcom resumed with : 0
11-03 07:51:41.932304     0     0 I mdss_dsi_panel_set_idle_mode: Idle (1->1)
11-03 07:51:41.964228     0     0 I PM      : resume of devices complete after 64.296 msecs
11-03 07:51:41.966223     0     0 I         : Restarting tasks ...
11-03 07:51:41.968496     0     0 W QSEECOM : qseecom_receive_req: Interrupted: exiting Listener Service = 8192
11-03 07:51:41.968550     0     0 W QSEECOM : qseecom_receive_req: Interrupted: exiting Listener Service = 12288
11-03 07:51:41.968593     0     0 W QSEECOM : qseecom_receive_req: Interrupted: exiting Listener Service = 11
11-03 07:51:41.968623     0     0 W QSEECOM : qseecom_receive_req: Interrupted: exiting Listener Service = 10
11-03 07:51:41.968654     0     0 W QSEECOM : qseecom_receive_req: Interrupted: exiting Listener Service = 28672
11-03 07:51:41.970456     0     0 E FG      : fg_psy_get_property: unsupported property 7
11-03 07:51:41.982007     0     0 I         : done.
11-03 07:55:28.670144     0     0 I PM      : suspend exit 2021-11-03 06:55:28.670144577 UTC
11-03 07:55:28.595096     0     0 W healthd : battery l=27 v=3792 t=29.0 h=2 st=3 c=6 fc=443000 cc=0 chg=
11-03 07:55:28.770656     0     0 I PM      : suspend entry 2021-11-03 06:55:28.770656296 UTC
11-03 07:55:28.770664     0     0 I PM      : Syncing filesystems ... done.
11-03 07:55:28.843371     0     0 I         : Freezing user space processes ... (elapsed 0.005 seconds) done.
11-03 07:55:28.849379     0     0 I         : Freezing remaining freezable tasks ... (elapsed 0.002 seconds) done.
11-03 07:55:28.852351     0     0 I         : Suspending console(s) (use no_console_suspend to debug)
11-03 07:55:28.862693     0     0 I mdss_dsi_panel_set_idle_mode: Idle (1->1)
11-03 07:55:28.903235     0     0 I bgcom   : bgcom_pm_suspend: suspended with : 0
11-03 07:55:28.931201     0     0 I PM      : suspend of devices complete after 77.307 msecs
11-03 07:55:28.933940     0     0 I PM      : late suspend of devices complete after 2.723 msecs
11-03 07:55:28.936940     0     0 I PM      : noirq suspend of devices complete after 2.984 msecs
11-03 07:55:28.936946     0     0 I         : Disabling non-boot CPUs ...
11-03 07:55:28.950380     0     0 I CPU1    : shutdown
11-03 07:55:28.951177     0     0 I suspend ns: 2663675367876	suspend cycles:    1037112684244
11-03 07:55:28.951168     0     0 I CPU0    : msm_cpu_pm_enter_sleep mode:3 during suspend
11-03 07:55:28.951168     0     0 I         : Suspended for 78.602 seconds
11-03 07:55:28.951168     0     0 I resume cycles: 1038621861748
11-03 07:55:28.951382     0     0 I         : Enabling non-boot CPUs ...
11-03 07:55:28.951706     0     0 I CPU1    : update cpu_capacity 1024
11-03 07:55:28.952685     0     0 I         : CPU1 is up
11-03 07:55:28.954259     0     0 I PM      : noirq resume of devices complete after 1.410 msecs
11-03 07:55:28.957179     0     0 I PM      : early resume of devices complete after 1.791 msecs
11-03 07:55:28.958857     0     0 I CPU0    : update max cpu_capacity 748
11-03 07:55:28.959230     0     0 E FG      : fg_psy_get_property: unsupported property 7
11-03 07:55:28.980412     0     0 I bgcom   : bgcom_pm_resume: Bgcom resumed with : 0
11-03 07:55:28.990143     0     0 I mdss_dsi_panel_set_idle_mode: Idle (1->1)
11-03 07:55:29.022542     0     0 I PM      : resume of devices complete after 65.345 msecs
11-03 07:55:29.024402     0     0 I         : Restarting tasks ...
11-03 07:55:29.026278     0     0 W QSEECOM : qseecom_receive_req: Interrupted: exiting Listener Service = 8192
11-03 07:55:29.026338     0     0 W QSEECOM : qseecom_receive_req: Interrupted: exiting Listener Service = 12288
11-03 07:55:29.026377     0     0 W QSEECOM : qseecom_receive_req: Interrupted: exiting Listener Service = 11
11-03 07:55:29.026411     0     0 W QSEECOM : qseecom_receive_req: Interrupted: exiting Listener Service = 10
11-03 07:55:29.026437     0     0 W QSEECOM : qseecom_receive_req: Interrupted: exiting Listener Service = 28672
11-03 07:55:29.028688     0     0 E FG      : fg_psy_get_property: unsupported property 7
--------- switch to main
11-03 07:56:47.652274  1956  1956 D QtiCarrierConfigHelper: WARNING, no carrier configs on phone Id: 0
11-03 07:56:47.680226  2520  2520 D HOME    : [BatteryChange]action: android.intent.action.BATTERY_CHANGED
11-03 07:56:47.682143  2520 10428 D HOME    : [BatteryChange]HandleBatteryChangedTask
--------- switch to kernel
11-03 07:55:29.033606     0     0 E FG      : fg_psy_get_property: unsupported property 7
11-03 07:56:47.550891     0     0 W healthd : battery l=27 v=3791 t=29.0 h=2 st=3 c=6 fc=443000 cc=0 chg=
11-03 07:56:47.565242     0     0 I         : done.
11-03 07:56:47.653012     0     0 I PM      : suspend exit 2021-11-03 06:56:47.653012463 UTC
11-03 07:56:47.579885     0     0 W healthd : battery l=27 v=3791 t=29.0 h=2 st=3 c=6 fc=443000 cc=0 chg=
--------- switch to main
11-03 07:56:47.682767  2520 10428 D HOME    : [BatteryChange]level: 27, status: 3
--------- switch to kernel
11-03 07:56:47.753792     0     0 I PM      : suspend entry 2021-11-03 06:56:47.753792098 UTC
11-03 07:56:47.753809     0     0 I PM      : Syncing filesystems ... done.
11-03 07:56:47.833233     0     0 I         : Freezing user space processes ... (elapsed 0.005 seconds) done.
11-03 07:56:47.838293     0     0 I         : Freezing remaining freezable tasks ... (elapsed 0.002 seconds) done.
11-03 07:56:47.841272     0     0 I         : Suspending console(s) (use no_console_suspend to debug)
11-03 07:56:47.851841     0     0 I mdss_dsi_panel_set_idle_mode: Idle (1->1)
11-03 07:56:47.886260     0     0 I bgcom   : bgcom_pm_suspend: suspended with : 0
11-03 07:56:47.913898     0     0 I PM      : suspend of devices complete after 70.941 msecs
11-03 07:56:47.916632     0     0 I PM      : late suspend of devices complete after 2.717 msecs
11-03 07:56:47.919635     0     0 I PM      : noirq suspend of devices complete after 2.987 msecs
11-03 07:56:47.919641     0     0 I         : Disabling non-boot CPUs ...
11-03 07:56:47.933315     0     0 I CPU1    : shutdown
11-03 07:56:47.934135     0     0 I suspend ns: 2664055343085	suspend cycles:    1038629157272
11-03 07:56:47.934126     0     0 I CPU0    : msm_cpu_pm_enter_sleep mode:3 during suspend
11-03 07:56:47.934126     0     0 I         : Suspended for 1.082 seconds
11-03 07:56:47.934126     0     0 I resume cycles: 1038649937802
11-03 07:56:47.934331     0     0 I         : Enabling non-boot CPUs ...
11-03 07:56:47.934655     0     0 I CPU1    : update cpu_capacity 1024
11-03 07:56:47.935642     0     0 I         : CPU1 is up
11-03 07:56:47.937236     0     0 I PM      : noirq resume of devices complete after 1.410 msecs
11-03 07:56:47.940094     0     0 I PM      : early resume of devices complete after 1.699 msecs
11-03 07:56:47.941773     0     0 I CPU0    : update max cpu_capacity 748
11-03 07:56:47.962926     0     0 I bgcom   : bgcom_pm_resume: Bgcom resumed with : 0
11-03 07:56:47.972643     0     0 I mdss_dsi_panel_set_idle_mode: Idle (1->1)
11-03 07:56:48.005200     0     0 I PM      : resume of devices complete after 65.089 msecs
11-03 07:56:48.007036     0     0 I         : Restarting tasks ...
11-03 07:56:48.008843     0     0 W QSEECOM : qseecom_receive_req: Interrupted: exiting Listener Service = 8192
11-03 07:56:48.008956     0     0 W QSEECOM : qseecom_receive_req: Interrupted: exiting Listener Service = 10
11-03 07:56:48.008991     0     0 W QSEECOM : qseecom_receive_req: Interrupted: exiting Listener Service = 28672
11-03 07:56:48.009884     0     0 W QSEECOM : qseecom_receive_req: Interrupted: exiting Listener Service = 12288
11-03 07:56:48.011002     0     0 W QSEECOM : qseecom_receive_req: Interrupted: exiting Listener Service = 11
11-03 07:56:48.021840     0     0 I         : done.
11-03 07:56:49.104975     0     0 I PM      : suspend exit 2021-11-03 06:56:49.104975326 UTC
11-03 07:56:49.213309     0     0 I PM      : suspend entry 2021-11-03 06:56:49.213309806 UTC
11-03 07:56:49.213327     0     0 I PM      : Syncing filesystems ... done.
11-03 07:56:49.288641     0     0 I         : Freezing user space processes ... (elapsed 0.005 seconds) done.
11-03 07:56:49.294136     0     0 I         : Freezing remaining freezable tasks ... (elapsed 0.002 seconds) done.
11-03 07:56:49.297126     0     0 I         : Suspending console(s) (use no_console_suspend to debug)
11-03 07:56:49.307554     0     0 I mdss_dsi_panel_set_idle_mode: Idle (1->1)
11-03 07:56:49.348354     0     0 I bgcom   : bgcom_pm_suspend: suspended with : 0
11-03 07:56:49.376688     0     0 I PM      : suspend of devices complete after 78.016 msecs
11-03 07:56:49.379423     0     0 I PM      : late suspend of devices complete after 2.717 msecs
11-03 07:56:49.382434     0     0 I PM      : noirq suspend of devices complete after 2.996 msecs
11-03 07:56:49.382441     0     0 I         : Disabling non-boot CPUs ...
11-03 07:56:49.395559     0     0 I CPU1    : shutdown
11-03 07:56:49.396331     0     0 I suspend ns: 2664435220742	suspend cycles:    1038657231453
11-03 07:56:49.396321     0     0 I CPU0    : msm_cpu_pm_enter_sleep mode:3 during suspend
11-03 07:56:49.396321     0     0 I         : Suspended for 49.184 seconds
11-03 07:56:49.396321     0     0 I resume cycles: 1039601566458
11-03 07:56:49.396545     0     0 I         : Enabling non-boot CPUs ...
11-03 07:56:49.396872     0     0 I CPU1    : update cpu_capacity 1024
11-03 07:56:49.397859     0     0 I         : CPU1 is up
11-03 07:56:49.399474     0     0 I PM      : noirq resume of devices complete after 1.410 msecs
11-03 07:56:49.402368     0     0 I PM      : early resume of devices complete after 1.690 msecs
11-03 07:56:49.404037     0     0 I CPU0    : update max cpu_capacity 748
11-03 07:56:49.425786     0     0 I bgcom   : bgcom_pm_resume: Bgcom resumed with : 0
11-03 07:56:49.435505     0     0 I mdss_dsi_panel_set_idle_mode: Idle (1->1)
11-03 07:56:49.466994     0     0 I PM      : resume of devices complete after 64.609 msecs
11-03 07:56:49.468845     0     0 I         : Restarting tasks ...
11-03 07:56:49.471362     0     0 W QSEECOM : qseecom_receive_req: Interrupted: exiting Listener Service = 8192
11-03 07:56:49.471428     0     0 W QSEECOM : qseecom_receive_req: Interrupted: exiting Listener Service = 12288
11-03 07:56:49.471464     0     0 W QSEECOM : qseecom_receive_req: Interrupted: exiting Listener Service = 10
11-03 07:56:49.471499     0     0 W QSEECOM : qseecom_receive_req: Interrupted: exiting Listener Service = 28672
11-03 07:56:49.473767     0     0 W QSEECOM : qseecom_receive_req: Interrupted: exiting Listener Service = 11
--------- switch to main
11-03 07:57:38.739071  2520  2714 D HOME    : [TickMonitor]Received time tick
11-03 07:57:38.749044  1686  1820 I WearCellularMediator: OFF_SIM_ABSENT changed radio power: false
--------- switch to kernel
11-03 07:56:49.494106     0     0 I         : done.
11-03 07:57:38.678936     0     0 I PM      : suspend exit 2021-11-03 06:57:38.678936713 UTC
--------- switch to main
11-03 07:57:38.750192  2520  2714 D HOME    : [TickMonitor]handleTimeTick() finished
--------- switch to kernel
11-03 07:57:38.786956     0     0 I PM      : suspend entry 2021-11-03 06:57:38.786956036 UTC
11-03 07:57:38.786966     0     0 I PM      : Syncing filesystems ... done.
11-03 07:57:38.862573     0     0 I         : Freezing user space processes ... (elapsed 0.005 seconds) done.
11-03 07:57:38.868410     0     0 I         : Freezing remaining freezable tasks ... (elapsed 0.002 seconds) done.
11-03 07:57:38.871389     0     0 I         : Suspending console(s) (use no_console_suspend to debug)
11-03 07:57:38.881949     0     0 I mdss_dsi_panel_set_idle_mode: Idle (1->1)
11-03 07:57:38.921232     0     0 I bgcom   : bgcom_pm_suspend: suspended with : 0
11-03 07:57:38.949297     0     0 I PM      : suspend of devices complete after 76.369 msecs
11-03 07:57:38.951971     0     0 I PM      : late suspend of devices complete after 2.656 msecs
11-03 07:57:38.954963     0     0 I PM      : noirq suspend of devices complete after 2.977 msecs
11-03 07:57:38.954969     0     0 I         : Disabling non-boot CPUs ...
11-03 07:57:38.969647     0     0 I CPU1    : shutdown
11-03 07:57:38.970473     0     0 I suspend ns: 2664825235274	suspend cycles:    1039609054737
11-03 07:57:38.970464     0     0 I CPU0    : msm_cpu_pm_enter_sleep mode:3 during suspend
11-03 07:57:38.970464     0     0 I         : Suspended for 223.462 seconds
11-03 07:57:38.970464     0     0 I resume cycles: 1043899541657
11-03 07:57:38.970904     0     0 I         : Enabling non-boot CPUs ...
11-03 07:57:38.971281     0     0 I CPU1    : update cpu_capacity 1024
11-03 07:57:38.972247     0     0 I         : CPU1 is up
11-03 07:57:38.973956     0     0 I PM      : noirq resume of devices complete after 1.534 msecs
11-03 07:57:38.976791     0     0 I PM      : early resume of devices complete after 1.864 msecs
11-03 07:57:38.978133     0     0 I CPU0    : update max cpu_capacity 748
11-03 07:57:38.999255     0     0 I bgcom   : bgcom_pm_resume: Bgcom resumed with : 0
11-03 07:57:39.008821     0     0 I mdss_dsi_panel_set_idle_mode: Idle (1->1)
11-03 07:57:39.040262     0     0 I PM      : resume of devices complete after 63.453 msecs
11-03 07:57:39.042124     0     0 I         : Restarting tasks ...
11-03 07:57:39.047195     0     0 W QSEECOM : qseecom_receive_req: Interrupted: exiting Listener Service = 11
11-03 07:57:39.058423     0     0 W QSEECOM : qseecom_receive_req: Interrupted: exiting Listener Service = 8192
11-03 07:57:39.058487     0     0 W QSEECOM : qseecom_receive_req: Interrupted: exiting Listener Service = 12288
11-03 07:57:39.058585     0     0 W QSEECOM : qseecom_receive_req: Interrupted: exiting Listener Service = 10
11-03 07:57:39.058623     0     0 W QSEECOM : qseecom_receive_req: Interrupted: exiting Listener Service = 28672
--------- switch to system
11-03 08:01:22.527707  1686  1686 I PowerManagerService: Waking up from dozing (uid=1000 reason=tiltToWake)...
11-03 08:01:22.565931  1686  1686 W UsageStatsService: Event reported without a package name
--------- switch to main
11-03 08:01:22.622992   512   512 I sensors-hal: batch:140, android.sensor.light/46, period=100000000, max_latency=0
11-03 08:01:22.623101   512   512 I sensors-hal: batch:149, android.sensor.light/46, period=100000000, max_latency=0 request completed
11-03 08:01:22.623954   512   512 I sensors-hal: activate:107, android.sensor.light/46 en=1
11-03 08:01:22.624217   512   512 I sensors-hal: ssc_enable_rt_task:254, ssc_enable_rt_task : true
11-03 08:01:22.628981   512   512 I sensors-hal: activate:118, android.sensor.light/46 en=1 completed
11-03 08:01:22.631344  1686  1823 I SidekickService: endDisplayLocked()
--------- switch to system
11-03 08:01:22.632147  1686  1710 I DisplayManagerService: Display device changed state: "Écran intégré", ON
--------- switch to main
11-03 08:01:22.632522   512   512 I sensors-hal: batch:140, android.sensor.accelerometer/48, period=66667000, max_latency=100000000
11-03 08:01:22.632571   512   512 I sensors-hal: batch:149, android.sensor.accelerometer/48, period=66667000, max_latency=100000000 request completed
11-03 08:01:22.635120   416  2389 D SKGHAL  : sendAmbientEvent: enter: enable = 0
11-03 08:01:22.638477   512   512 I sensors-hal: activate:107, android.sensor.accelerometer/48 en=1
11-03 08:01:22.638749   512   512 I sensors-hal: ssc_enable_rt_task:254, ssc_enable_rt_task : true
11-03 08:01:22.648686  4243  4243 D OMService: onDisplayChanged: not dozing
--------- switch to kernel
11-03 07:57:39.077026     0     0 I         : done.
11-03 08:01:22.542038     0     0 I PM      : suspend exit 2021-11-03 07:01:22.542038971 UTC
11-03 08:01:22.591244     0     0 E FG      : fg_psy_get_property: unsupported property 7
11-03 08:01:22.505654     0     0 W healthd : battery l=27 v=3791 t=30.0 h=2 st=3 c=7 fc=443000 cc=0 chg=
--------- switch to main
11-03 08:01:22.652716   512   512 I sensors-hal: activate:118, android.sensor.accelerometer/48 en=1 completed
11-03 08:01:22.657921  1956  1956 D QtiCarrierConfigHelper: WARNING, no carrier configs on phone Id: 0
11-03 08:01:22.660001  1686  1759 I InputReader: Reconfiguring input devices.  changes=0x00000004
11-03 08:01:22.660999  2520  2520 D HOME    : [BatteryChange]action: android.intent.action.BATTERY_CHANGED
11-03 08:01:22.667291  2520 10428 D HOME    : [BatteryChange]HandleBatteryChangedTask
11-03 08:01:22.667683  2520 10428 D HOME    : [BatteryChange]level: 27, status: 3
--------- switch to system
11-03 08:01:22.675625  1686  1702 W BroadcastQueue: Background execution not allowed: receiving Intent { act=android.intent.action.USER_PRESENT flg=0x10 } to com.google.android.gms/.auth.setup.devicesignals.LockScreenReceiver
11-03 08:01:22.675978  1686  1702 W BroadcastQueue: Background execution not allowed: receiving Intent { act=android.intent.action.USER_PRESENT flg=0x10 } to com.google.android.gms/.chimera.GmsIntentOperationService$PersistentTrustedReceiver
--------- switch to main
11-03 08:01:22.679965  3205  3434 W WorkController: Loading failed for worker [trainingcache]: worker not found
11-03 08:01:22.681103  3205  3294 W A       : TrainingCache cache DEVICE_UNLOCKED failure
11-03 08:01:22.681103  3205  3294 W A       : com.google.android.apps.gsa.search.core.service.h.a.a: No worker found for Worker ID [trainingcache].
11-03 08:01:22.681103  3205  3294 W A       : 	at com.google.android.apps.gsa.search.core.service.g.a.c.a(Unknown Source:5)
11-03 08:01:22.681103  3205  3294 W A       : 	at com.google.android.libraries.gsa.c.a.d.a(Unknown Source:3)
11-03 08:01:22.681103  3205  3294 W A       : 	at com.google.common.p.a.cg.c(Unknown Source:2)
11-03 08:01:22.681103  3205  3294 W A       : 	at com.google.common.p.a.bk.run(SourceFile:3)
11-03 08:01:22.681103  3205  3294 W A       : 	at com.google.common.p.a.ci.run(Unknown Source:4)
11-03 08:01:22.681103  3205  3294 W A       : 	at com.google.apps.tiktok.concurrent.ab.run(SourceFile:1)
11-03 08:01:22.681103  3205  3294 W A       : 	at java.util.concurrent.ThreadPoolExecutor.runWorker(ThreadPoolExecutor.java:1167)
11-03 08:01:22.681103  3205  3294 W A       : 	at java.util.concurrent.ThreadPoolExecutor$Worker.run(ThreadPoolExecutor.java:641)
11-03 08:01:22.681103  3205  3294 W A       : 	at com.google.apps.tiktok.concurrent.c.run(Unknown Source:4)
11-03 08:01:22.681103  3205  3294 W A       : 	at java.lang.Thread.run(Thread.java:764)
11-03 08:01:22.712577  1686  1799 E WifiStateMachine: getWifiLinkLayerStats called without an interface
11-03 08:01:22.790496  1686  1686 I WearPower: [WearTouchMediator] changing touch input to enabled (ON_AUTO)
11-03 08:01:22.791457  1686  1759 I InputReader: Reconfiguring input devices.  changes=0x00000200
--------- switch to kernel
11-03 08:01:22.706032     0     0 I init    : processing action (ro.enable_core_ctl=true && sys.cw_corectl_mode=perf) from (/vendor/etc/init/hw/init.qcom.rc:954)
11-03 08:01:22.707417     0     0 I CPU2    : update cpu_capacity 1024
--------- switch to main
11-03 08:01:22.804934  1686  1686 D WristGestureCtrl: Starting: GesturesEnabled-false UngazeEnabled-true
11-03 08:01:22.805234  1686  1686 D DefaultUngazeDetector: starting
11-03 08:01:22.805392  1686  1686 D DefaultUngazeDetector: startUngazeStateEstimation(). startTime = 54362235
11-03 08:01:22.805736  1686  1686 W AlarmManagerProxy: Removing unknown listener
11-03 08:01:22.808454  1686  1686 W DefaultSettingsContentR: Value for ambient_low_bit_enabled not stored as number. Attempting parse as boolean.
11-03 08:01:22.811110   512   512 I sensors-hal: batch:140, android.sensor.accelerometer/48, period=19231000, max_latency=100000000
11-03 08:01:22.812546   512 10478 I sensors-hal: handle_indication_realtime:355,  SCHED_FIFO(10) for qmi_cbk
11-03 08:01:22.815993   512   512 I sensors-hal: batch:149, android.sensor.accelerometer/48, period=19231000, max_latency=100000000 request completed
11-03 08:01:22.817339   512   512 I sensors-hal: flush:169, android.sensor.accelerometer/48
11-03 08:01:22.818494   512   512 I sensors-hal: flush:175, android.sensor.accelerometer/48 completed
11-03 08:01:22.824036  3205  3434 W WorkController: Loading failed for worker [trainingcache]: worker not found
11-03 08:01:22.826059  3205  3372 W A       : TrainingCache cache SCREEN_ON failure
11-03 08:01:22.826059  3205  3372 W A       : com.google.android.apps.gsa.search.core.service.h.a.a: No worker found for Worker ID [trainingcache].
11-03 08:01:22.826059  3205  3372 W A       : 	at com.google.android.apps.gsa.search.core.service.g.a.c.a(Unknown Source:5)
11-03 08:01:22.826059  3205  3372 W A       : 	at com.google.android.libraries.gsa.c.a.d.a(Unknown Source:3)
11-03 08:01:22.826059  3205  3372 W A       : 	at com.google.common.p.a.cg.c(Unknown Source:2)
11-03 08:01:22.826059  3205  3372 W A       : 	at com.google.common.p.a.bk.run(SourceFile:3)
11-03 08:01:22.826059  3205  3372 W A       : 	at com.google.common.p.a.ci.run(Unknown Source:4)
11-03 08:01:22.826059  3205  3372 W A       : 	at com.google.apps.tiktok.concurrent.ab.run(SourceFile:1)
11-03 08:01:22.826059  3205  3372 W A       : 	at java.util.concurrent.ThreadPoolExecutor.runWorker(ThreadPoolExecutor.java:1167)
11-03 08:01:22.826059  3205  3372 W A       : 	at java.util.concurrent.ThreadPoolExecutor$Worker.run(ThreadPoolExecutor.java:641)
11-03 08:01:22.826059  3205  3372 W A       : 	at com.google.apps.tiktok.concurrent.c.run(Unknown Source:4)
11-03 08:01:22.826059  3205  3372 W A       : 	at java.lang.Thread.run(Thread.java:764)
--------- switch to kernel
11-03 08:01:22.730060     0     0 I CPU3    : update cpu_capacity 1024
11-03 08:01:22.735211     0     0 I CPU1    : update max cpu_capacity 748
--------- switch to main
11-03 08:01:22.847666   512 10476 I sensors-hal: handle_indication_realtime:355,  SCHED_FIFO(10) for qmi_cbk
--------- switch to kernel
11-03 08:01:22.757964     0     0 I CPU2    : update max cpu_capacity 1024
--------- switch to main
11-03 08:01:22.878214  2520  2520 D HOME    : [StreamDBQueue]Promised revision #3030 to queue a new op
11-03 08:01:22.879036  2520  2520 D WatchStreamManager: Promised rank-blocked=true @ r#3030
--------- switch to kernel
11-03 08:01:22.777966     0     0 I CPU1    : update max cpu_capacity 748
11-03 08:01:22.778433     0     0 I CPU3    : update max cpu_capacity 1024
--------- switch to main
11-03 08:01:22.881785  2520  2714 D HOME    : [TickMonitor]Received time tick
