11-02 23:20:16.474057  3205  3294 W A       : 	at com.google.android.libraries.gsa.c.a.d.a(Unknown Source:3)
11-02 23:20:16.474057  3205  3294 W A       : 	at com.google.common.p.a.cg.c(Unknown Source:2)
11-02 23:20:16.474057  3205  3294 W A       : 	at com.google.common.p.a.bk.run(SourceFile:3)
11-02 23:20:16.474057  3205  3294 W A       : 	at com.google.common.p.a.ci.run(Unknown Source:4)
11-02 23:20:16.474057  3205  3294 W A       : 	at com.google.apps.tiktok.concurrent.ab.run(SourceFile:1)
11-02 23:20:16.474057  3205  3294 W A       : 	at java.util.concurrent.ThreadPoolExecutor.runWorker(ThreadPoolExecutor.java:1167)
11-02 23:20:16.474057  3205  3294 W A       : 	at java.util.concurrent.ThreadPoolExecutor$Worker.run(ThreadPoolExecutor.java:641)
11-02 23:20:16.474057  3205  3294 W A       : 	at com.google.apps.tiktok.concurrent.c.run(Unknown Source:4)
11-02 23:20:16.474057  3205  3294 W A       : 	at java.lang.Thread.run(Thread.java:764)
--------- switch to system
11-02 23:20:16.485214  1686  1686 V DreamService[AmbientDream]: wakeUp(): fromSystem=true, mWaking=false, mFinished=false
11-02 23:20:16.485531  1686  1686 V DreamService[AmbientDream]: finish(): mFinished=false
11-02 23:20:16.485696  1686  1686 I DreamManagerService: Leaving dreamland.
11-02 23:20:16.487545  1686  1702 W BroadcastQueue: Background execution not allowed: receiving Intent { act=android.intent.action.USER_PRESENT flg=0x10 } to com.google.android.gms/.chimera.GmsIntentOperationService$PersistentTrustedReceiver
11-02 23:20:16.493063  2520  2520 W ViewRootImpl[HomeActivity2]: Dropping event due to no window focus: MotionEvent { action=ACTION_DOWN, actionButton=0, id[0]=0, x[0]=311.0, y[0]=275.0, toolType[0]=TOOL_TYPE_FINGER, buttonState=0, metaState=0, flags=0x0, edgeFlags=0x0, pointerCount=1, historySize=0, eventTime=1971602, downTime=1971602, deviceId=1, source=0x1002 }
--------- switch to kernel
11-02 23:20:16.418185     0     0 I [touch]x: 311,y:275
--------- switch to system
11-02 23:20:16.505124  1686  1708 I DreamManagerService: Performing gentle wake from dream.
11-02 23:20:16.505459  1686  1708 I DreamController: Stopping dream: name=ComponentInfo{com.google.android.wearable.ambient/com.google.android.wearable.ambient.AmbientDream}, isTest=false, canDoze=true, userId=0
--------- switch to main
11-02 23:20:16.508950   512  9221 I sensors-hal: handle_indication_realtime:355,  SCHED_FIFO(10) for qmi_cbk
--------- switch to system
11-02 23:20:16.541531  1686  1686 V DreamService[AmbientDream]: detach(): Calling onDreamingStopped()
11-02 23:20:16.543078  2520  2520 W ViewRootImpl[HomeActivity2]: Dropping event due to no window focus: MotionEvent { action=ACTION_MOVE, actionButton=0, id[0]=0, x[0]=311.0, y[0]=275.0, toolType[0]=TOOL_TYPE_FINGER, buttonState=0, metaState=0, flags=0x0, edgeFlags=0x0, pointerCount=1, historySize=2, eventTime=1971647, downTime=1971602, deviceId=1, source=0x1002 }
--------- switch to main
11-02 23:20:16.557296  1686  1686 I AmbientService: [ce6a28c] doOnDreamingStopped
11-02 23:20:16.557512  1686  1686 D WristGestureCtrl: Starting: GesturesEnabled-false UngazeEnabled-true
11-02 23:20:16.557586  1686  1686 D DefaultUngazeDetector: starting
11-02 23:20:16.557649  1686  1686 D DefaultUngazeDetector: startUngazeStateEstimation(). startTime = 23095987
11-02 23:20:16.557890  1686  1686 W AlarmManagerProxy: Removing unknown listener
11-02 23:20:16.564585  2520  2520 D HOME    : [HomeVisitsLogger]Logging streamlet event: visit_start
11-02 23:20:16.564807  2520  2520 D HOME    : [HomeVisitsLogger]Logging streamlet event: exit_ambient_mode
11-02 23:20:16.565322  2520  2520 D HOME    : [HotwordController]updateClient MODE_WATCH_FACE false false false true
11-02 23:20:16.565977  2520  2520 D HOME    : [WatchFaceUiController]setInAmbientMode false
11-02 23:20:16.566045  2520  2520 D HOME    : [WatchFaceUiController]sendWatchFaceServiceBinder
11-02 23:20:16.571227  2520  2520 D HOME    : [WatchFaceUiController]sendStateToWallpaper
11-02 23:20:16.572806  2520  2520 D HOME    : [WatchFaceUiController]Showing watch face wallpaper.
11-02 23:20:16.573056  2520  2520 D HOME    : [WatchFaceUiController]sendStateToWallpaper
11-02 23:20:16.576197  2520  2520 D HOME    : [StreamDBQueue]Promised revision #2602 to queue a new op
11-02 23:20:16.576462  2520  2520 D WatchStreamManager: Promised rank-blocked=true @ r#2602
11-02 23:20:16.576878  2520  2520 D HOME    : [StreamDBQueue]Promised revision #2603 to queue a new op
11-02 23:20:16.576988  2520  2520 D WatchStreamManager: Promised rank-blocked=true @ r#2603
11-02 23:20:16.577025  2520  7941 D HOME    : [WatchStreamDB]Item alerting conditions - isInterruptive: false, recentlyInterrupted: false, isItemPinned: false, isUnread: false
11-02 23:20:16.577278  2520  7941 D HOME    : [StreamAlertingRegulator]isTheaterModeEnabled: false, isAlertingAllowedByOffBody: true, matchesLocalInterruptionFilter: true
11-02 23:20:16.577448  2520  2520 D HOME    : [TilesController]Tile refresh optimization is enabled.
11-02 23:20:16.577493  2520  7941 D HOME    : [WatchStreamDB]couldItemAlert: false, isTopItemChanged: false, isDeferralForTopItem: false
11-02 23:20:16.577689  2520  2520 D HOME    : [EventBus]Wrapper pool is full. Discarding excess wrapper instance for event com.google.android.clockwork.sysui.events.KeyguardStateEvent
11-02 23:20:16.577770  2520  2520 D HOME    : [WatchFaceUiController]sendStateToWallpaper
11-02 23:20:16.579352   512  1749 I sensors-hal: batch:140, android.sensor.accelerometer/48, period=19231000, max_latency=100000000
11-02 23:20:16.579520  2520  2520 D HOME    : [EventBus]Wrapper pool is full. Discarding excess wrapper instance for event com.google.android.clockwork.sysui.events.KeyguardStateEvent
11-02 23:20:16.579789  2520  2520 D HOME    : [EventBus]Wrapper pool is full. Discarding excess wrapper instance for event com.google.android.clockwork.sysui.events.KeyguardStateEvent
11-02 23:20:16.585081  2520  2520 W StaticLayout: maxLineHeight should not be -1.  maxLines:1 lineCount:1
11-02 23:20:16.590780  2520  2520 D HOME    : [WatchFaceUiController]sendStateToWallpaper
11-02 23:20:16.593541   512  9223 I sensors-hal: handle_indication_realtime:355,  SCHED_FIFO(10) for qmi_cbk
11-02 23:20:16.598934   512  1749 I sensors-hal: batch:149, android.sensor.accelerometer/48, period=19231000, max_latency=100000000 request completed
11-02 23:20:16.600352   512  1749 I sensors-hal: flush:169, android.sensor.accelerometer/48
11-02 23:20:16.603149   512  1749 I sensors-hal: flush:175, android.sensor.accelerometer/48 completed
11-02 23:20:16.621533  1686  1686 I AmbientService: [ce6a28c] No auto-resume Activity.
--------- switch to system
11-02 23:20:16.623743  1686  1686 W ContextImpl: Calling a method in the system process without a qualified user: android.app.ContextImpl.sendBroadcast:1020 android.content.ContextWrapper.sendBroadcast:449 com.google.android.wearable.ambient.AmbientDream.onDestroy:273 android.app.ActivityThread.handleStopService:3698 android.app.ActivityThread.access$1700:200 
--------- switch to main
11-02 23:20:16.624072  1686  1686 E AlarmManager: cancel() called with a null PendingIntent
--------- switch to system
11-02 23:20:16.624313  1686  1686 V DreamService[AmbientDream]: onDestroy()
--------- switch to main
11-02 23:20:16.630294  2520  2520 D HOME    : [WatchFaceUiController]sendWatchFaceServiceBinder
11-02 23:20:16.634248  2520  2520 D HOME    : [WatchFaceUiController]sendProperties
11-02 23:20:16.637047  2520  2520 D HOME    : [WatchFaceUiController]sendStateToWallpaper
11-02 23:20:16.641152  1686  1799 E WifiStateMachine: getWifiLinkLayerStats called without an interface
11-02 23:20:16.643950  1686  1686 W AlarmManager: Unrecognized alarm listener com.android.server.job.controllers.-$$Lambda$IdleController$IdlenessTracker$nTdS-lGBXcES5VWKcJFmQFgU7IU@1ab437a
11-02 23:20:16.679485  2520  7941 D HOME    : [WatchStreamDB]Item alerting conditions - isInterruptive: false, recentlyInterrupted: false, isItemPinned: false, isUnread: false
11-02 23:20:16.679936  2520  7941 D HOME    : [StreamAlertingRegulator]isTheaterModeEnabled: false, isAlertingAllowedByOffBody: true, matchesLocalInterruptionFilter: true
11-02 23:20:16.680156  2520  7941 D HOME    : [WatchStreamDB]couldItemAlert: false, isTopItemChanged: false, isDeferralForTopItem: false
11-02 23:20:16.693646  1686  1686 I WearPower: [WearTouchMediator] changing touch input to enabled (ON_AUTO)
11-02 23:20:16.694901  1686  1759 I InputReader: Reconfiguring input devices.  changes=0x00000200
--------- switch to kernel
11-02 23:20:16.627323     0     0 I         : [touch]palm_status = 1.
11-02 23:20:16.630470     0     0 I init    : processing action (ro.enable_core_ctl=true && sys.cw_corectl_mode=perf) from (/vendor/etc/init/hw/init.qcom.rc:954)
11-02 23:20:16.631672     0     0 I CPU2    : update cpu_capacity 1024
--------- switch to main
11-02 23:20:16.712163  1686  1686 W AlarmManagerProxy: Removing unknown listener
11-02 23:20:16.713576  1686  1686 W DefaultSettingsContentR: Value for ambient_low_bit_enabled not stored as number. Attempting parse as boolean.
11-02 23:20:16.733595  3205  3434 W WorkController: Loading failed for worker [trainingcache]: worker not found
11-02 23:20:16.734891  3205  3372 W A       : TrainingCache cache SCREEN_ON failure
11-02 23:20:16.734891  3205  3372 W A       : com.google.android.apps.gsa.search.core.service.h.a.a: No worker found for Worker ID [trainingcache].
11-02 23:20:16.734891  3205  3372 W A       : 	at com.google.android.apps.gsa.search.core.service.g.a.c.a(Unknown Source:5)
11-02 23:20:16.734891  3205  3372 W A       : 	at com.google.android.libraries.gsa.c.a.d.a(Unknown Source:3)
11-02 23:20:16.734891  3205  3372 W A       : 	at com.google.common.p.a.cg.c(Unknown Source:2)
11-02 23:20:16.734891  3205  3372 W A       : 	at com.google.common.p.a.bk.run(SourceFile:3)
11-02 23:20:16.734891  3205  3372 W A       : 	at com.google.common.p.a.ci.run(Unknown Source:4)
11-02 23:20:16.734891  3205  3372 W A       : 	at com.google.apps.tiktok.concurrent.ab.run(SourceFile:1)
11-02 23:20:16.734891  3205  3372 W A       : 	at java.util.concurrent.ThreadPoolExecutor.runWorker(ThreadPoolExecutor.java:1167)
11-02 23:20:16.734891  3205  3372 W A       : 	at java.util.concurrent.ThreadPoolExecutor$Worker.run(ThreadPoolExecutor.java:641)
11-02 23:20:16.734891  3205  3372 W A       : 	at com.google.apps.tiktok.concurrent.c.run(Unknown Source:4)
11-02 23:20:16.734891  3205  3372 W A       : 	at java.lang.Thread.run(Thread.java:764)
11-02 23:20:16.758675  2520  2520 D HOME    : [StreamDBQueue]Promised revision #2604 to queue a new op
11-02 23:20:16.758955  2520  2520 D WatchStreamManager: Promised rank-blocked=true @ r#2604
--------- switch to kernel
11-02 23:20:16.665512     0     0 I CPU3    : update cpu_capacity 1024
11-02 23:20:16.675016     0     0 I CPU2    : update max cpu_capacity 1024
--------- switch to main
11-02 23:20:16.765995  2520  2714 D HOME    : [TickMonitor]Received time tick
11-02 23:20:16.766407  2520  2714 D HOME    : [TickMonitor]handleTimeTick() finished
11-02 23:20:16.766388  2520  9131 D HOME    : [WatchStreamDB]Item alerting conditions - isInterruptive: false, recentlyInterrupted: false, isItemPinned: false, isUnread: false
11-02 23:20:16.767044  2520  9131 D HOME    : [StreamAlertingRegulator]isTheaterModeEnabled: false, isAlertingAllowedByOffBody: true, matchesLocalInterruptionFilter: true
11-02 23:20:16.767515  2520  9131 D HOME    : [WatchStreamDB]couldItemAlert: false, isTopItemChanged: false, isDeferralForTopItem: false
11-02 23:20:16.976564   512  1749 I sensors-hal: activate:107, android.sensor.light/46 en=0
11-02 23:20:16.977772   512  1749 I sensors-hal: activate:118, android.sensor.light/46 en=0 completed
11-02 23:20:16.979945   512  1749 I sensors-hal: batch:140, android.sensor.light/46, period=250000000, max_latency=0
11-02 23:20:16.980010   512  1749 I sensors-hal: batch:149, android.sensor.light/46, period=250000000, max_latency=0 request completed
11-02 23:20:16.980348   512  1749 I sensors-hal: activate:107, android.sensor.light/46 en=1
11-02 23:20:16.980652   512  1749 I sensors-hal: ssc_enable_rt_task:254, ssc_enable_rt_task : true
11-02 23:20:16.983221   512  1749 I sensors-hal: activate:118, android.sensor.light/46 en=1 completed
11-02 23:20:17.056550   512  9232 I sensors-hal: handle_indication_realtime:355,  SCHED_FIFO(10) for qmi_cbk
--------- switch to kernel
11-02 23:20:16.696582     0     0 I CPU2    : update max cpu_capacity 1024
11-02 23:20:17.394147     0     0 E FG      : fg_psy_get_property: unsupported property 7
11-02 23:20:17.396533     0     0 I chatty  : uid=0(root) logd identical 1 line
11-02 23:20:17.396692     0     0 E FG      : fg_psy_get_property: unsupported property 7
11-02 23:20:17.403051     0     0 W healthd : battery l=47 v=3865 t=27.0 h=2 st=3 c=17 fc=443000 cc=0 chg=
--------- switch to main
11-02 23:20:18.573828  4243  4243 D OMService: onDisplayChanged: not dozing
--------- switch to system
11-02 23:20:21.532496  1686  1686 V SettingsProvider: Notifying for 0: content://settings/system/screen_brightness
--------- switch to main
11-02 23:20:18.600259  4243  4243 I chatty  : uid=1000(system) com.qualcomm.qti.operationmeasurement identical 7 lines
11-02 23:20:18.601891  4243  4243 D OMService: onDisplayChanged: not dozing
11-02 23:20:21.534140  1686  1686 I SidekickService: loadBrightnessLocked()
11-02 23:20:21.534941  1686  1686 D SidekickService: screenBrightness  = 51
11-02 23:20:21.535590  1686  1686 D SidekickService: sendConfigValuesLocked(): alsThresholds = [40, 92, 95, 100, 125, 150, 175, 200, 225, 250, 300, 400, 500, 800, 1200], brightnessValuesBright = [50, 56, 60, 70, 80, 90, 100, 115, 120, 140, 160, 180, 200, 220, 240, 255], brightnessValuesDim= [50, 56, 60, 70, 80, 90, 100, 115, 120, 140, 160, 180, 200, 220, 240, 255]
11-02 23:20:21.549649  1686  1686 D SidekickService: setAlsMode(): mode = 2, brightenAlpha = 80, dimmingAlpha = 80
11-02 23:20:21.561963  1686  1686 D SidekickService: setTwmConfig():: msTiltToBright = 10000, tiltToBright = false
--------- switch to system
11-02 23:20:21.603660  1686  1712 I PowerManagerService: Going to sleep due to screen timeout (uid 1000)...
11-02 23:20:21.604784  1686  1686 W UsageStatsService: Event reported without a package name
11-02 23:20:21.604838  1686  1712 I DreamManagerService: Entering dreamland.
11-02 23:20:21.605799  1686  1712 I PowerManagerService: Dozing...
11-02 23:20:21.621175  1686  1708 I DreamController: Starting dream: name=ComponentInfo{com.google.android.wearable.ambient/com.google.android.wearable.ambient.AmbientDream}, isTest=false, canDoze=true, userId=0
11-02 23:20:21.643077  1686  1686 W ContextImpl: Calling a method in the system process without a qualified user: android.app.ContextImpl.bindService:1611 android.content.ContextWrapper.bindService:698 com.google.android.wearable.ambient.AmbientDream.onCreate:191 android.app.ActivityThread.handleCreateService:3533 android.app.ActivityThread.access$1300:200 
11-02 23:20:21.646288  1686  1686 W ContextImpl: Calling a method in the system process without a qualified user: android.app.ContextImpl.sendBroadcast:1005 android.content.ContextWrapper.sendBroadcast:444 com.google.android.wearable.ambient.AmbientDream.onCreate:241 android.app.ActivityThread.handleCreateService:3533 android.app.ActivityThread.access$1300:200 
11-02 23:20:21.647049  1686  1686 V DreamService[AmbientDream]: onBind() intent = Intent { act=android.service.dreams.DreamService flg=0x800000 cmp=com.google.android.wearable.ambient/.AmbientDream }
--------- switch to main
11-02 23:20:21.652164  1686  1686 I AmbientService: [ce6a28c] Ambient Created
--------- switch to system
11-02 23:20:21.653633  1686  1686 V DreamService[AmbientDream]: Calling onDreamingStarted()
--------- switch to main
11-02 23:20:21.653952  1686  1686 I AmbientService: [ce6a28c] doOnDreamingStarted
11-02 23:20:21.655322  1686  1686 D SidekickService: setShouldControlDisplay called: true
11-02 23:20:21.657253  1686  1686 I AmbientService: [ce6a28c] Selected running activity for ambient mode: AmbientActivity[component=ComponentInfo{com.google.android.wearable.app/com.google.android.clockwork.home2.activity.HomeActivity2}, callbacks=@210b385, running=true, ambientRequested=true, ambientEnabled=true, offloadEnabled=true]
11-02 23:20:21.658372  1686  1686 I AmbientService: [ce6a28c] Sidekick is ready to display, requesting doze.
11-02 23:20:21.663646  1686  1686 I AmbientService: [ce6a28c] No auto-resume Activity.
11-02 23:20:21.665413  1686  1686 W DefaultSettingsContentR: Value for ambient_low_bit_enabled not stored as number. Attempting parse as boolean.
11-02 23:20:21.668359  1686  1686 I AmbientService: [ce6a28c] Showing watch face in offload mode, canceling alarm.
11-02 23:20:21.668434  1686  1686 W AlarmManagerProxy: Removing unknown listener
11-02 23:20:21.668518  1686  1686 D WristGestureCtrl: Stopping detectors: GesturesEnabled-false gestureDetector-false ungazeEnabled-true ungaze-true
11-02 23:20:21.668550  1686  1686 D DefaultUngazeDetector: stopping
11-02 23:20:21.670047   512   512 I sensors-hal: batch:140, android.sensor.accelerometer/48, period=66667000, max_latency=100000000
11-02 23:20:21.672653   512   512 I sensors-hal: batch:149, android.sensor.accelerometer/48, period=66667000, max_latency=100000000 request completed
11-02 23:20:21.675303  2520  2520 D HOME    : [HomeVisitsLogger]Logging streamlet event: enter_ambient_mode
11-02 23:20:21.676078  2520  2520 D HOME    : [HotwordController]updateClient MODE_WATCH_FACE false true false true
11-02 23:20:21.677547  2520  2520 D HOME    : [WatchFaceUiController]setInAmbientMode true
11-02 23:20:21.676080  2520  7941 D HOME    : [HomeVisitsLogger]Logging streamlet event: visit_end
11-02 23:20:21.679770  2520  2520 D HOME    : [StreamDBQueue]Promised revision #2605 to queue a new op
11-02 23:20:21.680056  2520  8603 I SidekickManager: replaceWatchFaceComponentsImpl(): watchFace = com.google.android.clockwork.decomposablewatchface.WatchFaceDecomposition@24543d4
11-02 23:20:21.680094  2520  2520 D WatchStreamManager: Promised rank-blocked=false @ r#2605
11-02 23:20:21.680598  2520  2520 D HOME    : [StreamDBQueue]Promised revision #2606 to queue a new op
11-02 23:20:21.680783  2520  2520 D WatchStreamManager: Promised rank-blocked=false @ r#2606
11-02 23:20:21.681002  2520  8604 D HOME    : [WatchStreamDB]Item alerting conditions - isInterruptive: false, recentlyInterrupted: false, isItemPinned: false, isUnread: false
11-02 23:20:21.681398  2520  8604 D HOME    : [StreamAlertingRegulator]isTheaterModeEnabled: false, isAlertingAllowedByOffBody: true, matchesLocalInterruptionFilter: true
11-02 23:20:21.681712  2520  2520 D HOME    : [EventBus]Wrapper pool is full. Discarding excess wrapper instance for event com.google.android.clockwork.sysui.events.KeyguardStateEvent
11-02 23:20:21.681828  2520  2520 D HOME    : [WatchFaceUiController]sendStateToWallpaper
11-02 23:20:21.682649  2520  8464 D HOME    : [StreamDBQueue]Promised revision #2607 to queue a new op
11-02 23:20:21.682801  2520  8464 D WatchStreamManager: Promised rerank @ r#2607
11-02 23:20:21.683536  2520  2520 D HOME    : [EventBus]Wrapper pool is full. Discarding excess wrapper instance for event com.google.android.clockwork.sysui.events.KeyguardStateEvent
11-02 23:20:21.683581  1686  3295 D SidekickService: sendWatchFaceComponents called: watchFace = com.google.android.clockwork.decomposablewatchface.WatchFaceDecomposition@ee97b81shouldReplace = false
11-02 23:20:21.683752  1686  3295 D SidekickService: Check decomposition for calling app com.google.android.wearable.app with uid 10049
11-02 23:20:21.683764  2520  2520 D HOME    : [EventBus]Wrapper pool is full. Discarding excess wrapper instance for event com.google.android.clockwork.sysui.events.KeyguardStateEvent
11-02 23:20:21.684108  1686  3295 D SidekickService: sendWatchFaceLocked(): shouldReplace = false, mSidekickIsControlling = false, 1 images, 0 fonts, 0 numbers, 0 proportionalFonts, 0 strings
11-02 23:20:21.684181  1686  3295 D SidekickService: ISidekickGraphics#beginResources()...
11-02 23:20:21.687108  1686  3295 D SidekickServiceUtils: bitmapFromDrawable: Returning bitmap directly
11-02 23:20:21.688411  1686  3295 D SidekickService: sendBitmapsLocked(): bounds = RectF(0.0, 0.0, 0.0024038462, 0.0024038462), drawableInfo = {.id = 100000, .width = 1, .height = 1, .display = true, .offsetX = 0.0, .offsetY = 0.0, .rotationInfo = {.hasRotation = false, .pivotX = 0.0, .pivotY = 0.0, .degreesPerDay = 0.0, .degreesPerStep = 0.0, .zeroDegreesTime = {.daysSinceLocalEpoch = 0, .msSinceMidnight = 0}}, .transformInfo = {.transformed = false, .flipX = false, .flipY = false, .flip45 = false, .scaleX = 0.0, .scaleY = 0.0}, .type = GENERIC, .blink = {.blinking = false, .periodOnMs = 0.0, .periodOffMs = 0.0, .startTime = {.daysSinceLocalEpoch = 0, .msSinceMidnight = 0}}, .zOrder = 8, .displayInTwm = true}, image.size() = 84
11-02 23:20:21.689182   416   416 D SKGHAL  : saveResource: resId = 100000
11-02 23:20:21.689694  1686  3295 D SidekickService: sendBitmapsLocked(): status = 0, bytesUsed = 18
11-02 23:20:21.689853  1686  3295 D SidekickService: ISidekickGraphics#endResources()...
11-02 23:20:21.690802  2520  8604 D HOME    : [WatchStreamDB]couldItemAlert: false, isTopItemChanged: false, isDeferralForTopItem: false
11-02 23:20:21.692840  2520  8604 D HOME    : [WatchStreamDB]Item alerting conditions - isInterruptive: false, recentlyInterrupted: false, isItemPinned: false, isUnread: false
11-02 23:20:21.693244  2520  8604 D HOME    : [StreamAlertingRegulator]isTheaterModeEnabled: false, isAlertingAllowedByOffBody: true, matchesLocalInterruptionFilter: true
11-02 23:20:21.693450  2520  8604 D HOME    : [WatchStreamDB]couldItemAlert: false, isTopItemChanged: false, isDeferralForTopItem: false
11-02 23:20:21.695606  2520  2520 W StaticLayout: maxLineHeight should not be -1.  maxLines:1 lineCount:1
11-02 23:20:21.699747  2520  8604 D HOME    : [WatchStreamDB]updateRanking()
11-02 23:20:21.704494  2520  8604 D HOME    : [WatchStreamDB]Item alerting conditions - isInterruptive: false, recentlyInterrupted: false, isItemPinned: false, isUnread: false
11-02 23:20:21.705546  2520  8604 D HOME    : [StreamAlertingRegulator]isTheaterModeEnabled: false, isAlertingAllowedByOffBody: true, matchesLocalInterruptionFilter: true
11-02 23:20:21.705838  2520  8604 D HOME    : [WatchStreamDB]couldItemAlert: false, isTopItemChanged: false, isDeferralForTopItem: false
11-02 23:20:21.706453  2520  8604 D HOME    : [NewStreamAdapter]Publishing revision #2607 to adapter clients
11-02 23:20:21.707191  2520  8464 D HOME    : [StreamDBQueue]Promised revision #2608 to queue a new op
11-02 23:20:21.707605  2520  8464 D WatchStreamManager: Promised rerank @ r#2608
11-02 23:20:21.707682  2520  8604 D HOME    : [WatchStreamDB]updateRanking()
11-02 23:20:21.708176  2520  8604 D HOME    : [WatchStreamDB]Item alerting conditions - isInterruptive: false, recentlyInterrupted: false, isItemPinned: false, isUnread: false
11-02 23:20:21.708481  2520  8604 D HOME    : [StreamAlertingRegulator]isTheaterModeEnabled: false, isAlertingAllowedByOffBody: true, matchesLocalInterruptionFilter: true
11-02 23:20:21.708681  2520  8604 D HOME    : [WatchStreamDB]couldItemAlert: false, isTopItemChanged: false, isDeferralForTopItem: false
11-02 23:20:21.709195  2520  8604 D HOME    : [NewStreamAdapter]Publishing revision #2608 to adapter clients
11-02 23:20:22.532237   416   416 D SKGHAL  : sendResources: metadata size = 2400, font size = 72
11-02 23:20:22.594761   416   416 D SKGHAL  : endResources: rc = 0
11-02 23:20:22.595637  1686  1686 W system_server: Long monitor contention with owner Binder:1686_11 (3295) at int com.google.android.clockwork.sidekick.SidekickService$BinderService.sendWatchFace(com.google.android.clockwork.decomposablewatchface.WatchFaceDecomposition, boolean)(SidekickService.java:1021) waiters=0 in boolean com.google.android.clockwork.sidekick.SidekickService$BinderService.readyToDisplay() for 910ms
11-02 23:20:22.597062  2520  2520 D HOME    : [SidekickManagerAsync]replaceWatchFaceComponents(): Callback#onResult(): 0
11-02 23:20:22.597503  2520  2520 D HOME    : [WatchFaceUiController]Complication updates sent, posting watch face hiding
11-02 23:20:22.597648  2520  2520 D HOME    : [WatchFaceUiController]Still in ambient watch face, hiding
--------- switch to system
11-02 23:20:22.597625  1686  1686 W Looper  : Slow dispatch took 913ms main h=android.os.Handler c=com.google.android.wearable.ambient.AmbientDream$Callbacks$1@3d11426 m=0
--------- switch to main
11-02 23:20:22.597721  2520  2520 D HOME    : [WatchFaceUiController]Hiding watch face wallpaper.
--------- switch to kernel
11-02 23:20:17.405813     0     0 W healthd : battery l=47 v=3865 t=27.0 h=2 st=3 c=17 fc=443000 cc=0 chg=
11-02 23:20:22.542685     0     0 E FG      : fg_psy_get_property: unsupported property 7
11-02 23:20:22.552402     0     0 W healthd : battery l=47 v=3802 t=27.0 h=2 st=3 c=111 fc=443000 cc=0 chg=
--------- switch to main
11-02 23:20:22.634585   512  1749 I sensors-hal: activate:107, android.sensor.light/46 en=0
11-02 23:20:22.639097   512  1749 I sensors-hal: activate:118, android.sensor.light/46 en=0 completed
11-02 23:20:22.643891  2520  2520 D HOME    : [BatteryChange]action: android.intent.action.BATTERY_CHANGED
11-02 23:20:22.644277  2520  8603 D HOME    : [BatteryChange]HandleBatteryChangedTask
11-02 23:20:22.644618  2520  8603 D HOME    : [BatteryChange]level: 47, status: 3
11-02 23:20:22.645145  1956  1956 D QtiCarrierConfigHelper: WARNING, no carrier configs on phone Id: 0
--------- switch to system
11-02 23:20:22.652382  1686  1710 I DisplayManagerService: Display device changed state: "Écran intégré", DOZE_SUSPEND
--------- switch to main
11-02 23:20:22.673467  1686  1759 I InputReader: Reconfiguring input devices.  changes=0x00000004
11-02 23:20:22.674034   545   545 D SurfaceFlinger: Set power mode=3, type=0 flinger=0xb6bb6000
11-02 23:20:22.674645   504   762 I SDM     : DisplayBase::SetDisplayState: Set state = 3, display 0
11-02 23:20:22.725152   545   545 D SurfaceFlinger: Finished set power mode=3, type=0
11-02 23:20:22.725696  1686  1823 I SidekickService: beginDisplayLocked(): DOZE_SUSPEND
11-02 23:20:22.726297   416   416 D SKGHAL  : sendAmbientPrepare: enter:
--------- switch to kernel
11-02 23:20:22.608961     0     0 I mdss_dsi_panel_set_idle_mode: Idle (0->1)
11-02 23:20:22.648232     0     0 I         : [touch]FB_BLANK_VSYNC_SUSPEND
11-02 23:20:22.648239     0     0 I         : [touch]irq disable
11-02 23:20:22.648244     0     0 I         : [touch]workqueue is empty!
11-02 23:20:22.648248     0     0 I         : [touch]raydium_ts_do_suspend.
11-02 23:20:22.648258     0     0 I         : [touch]Device may wakeup
11-02 23:20:22.651570     0     0 I         : [touch]irq enable
--------- switch to main
11-02 23:20:22.853097   416   416 D SKGHAL  : sendAmbientEvent: enter: enable = 1
11-02 23:20:22.854579   504   523 I SDM     : DisplayBase::SetDisplayState: Set state = 4, display 0
11-02 23:20:22.854728   504   523 D SDM     : HWCDisplayPrimary::SetStandByMode: Null display is connected successfully
11-02 23:20:22.854972   416   416 D SKGHAL  : standBy_update_control call succeed on 1
11-02 23:20:22.866463   416   416 D SKGHAL  : sendAmbientEvent: done: enable = 1
11-02 23:20:22.867055  1686  1823 D SidekickService:    ... beginDisplay result: 0 for halPower: 1
11-02 23:20:22.871251   512  1749 I sensors-hal: activate:107, android.sensor.accelerometer/48 en=0
11-02 23:20:22.873019   512  1749 I sensors-hal: activate:118, android.sensor.accelerometer/48 en=0 completed
11-02 23:20:22.880551  1686  1799 E WifiStateMachine: getWifiLinkLayerStats called without an interface
--------- switch to kernel
11-02 23:20:22.812877     0     0 E bgrsb   : bgrsb_enable: gpio 32 is valid
--------- switch to main
11-02 23:20:22.910284  1686  1686 I WearPower: [WearTouchMediator] changing touch input to enabled (ON_AUTO)
11-02 23:20:22.911472  1686  1759 I InputReader: Reconfiguring input devices.  changes=0x00000200
--------- switch to kernel
11-02 23:20:22.840778     0     0 I init    : processing action (ro.enable_core_ctl=true && sys.cw_corectl_mode=idle) from (/vendor/etc/init/hw/init.qcom.rc:949)
--------- switch to main
11-02 23:20:22.918994  1686  1686 I AmbientService: [ce6a28c] Timeout alarm not required, auto-resume timeout handled by dream.
11-02 23:20:22.930077  3205  3434 W WorkController: Loading failed for worker [trainingcache]: worker not found
11-02 23:20:22.931547  3205  3294 W A       : TrainingCache cache SCREEN_OFF failure
11-02 23:20:22.931547  3205  3294 W A       : com.google.android.apps.gsa.search.core.service.h.a.a: No worker found for Worker ID [trainingcache].
11-02 23:20:22.931547  3205  3294 W A       : 	at com.google.android.apps.gsa.search.core.service.g.a.c.a(Unknown Source:5)
11-02 23:20:22.931547  3205  3294 W A       : 	at com.google.android.libraries.gsa.c.a.d.a(Unknown Source:3)
11-02 23:20:22.931547  3205  3294 W A       : 	at com.google.common.p.a.cg.c(Unknown Source:2)
11-02 23:20:22.931547  3205  3294 W A       : 	at com.google.common.p.a.bk.run(SourceFile:3)
11-02 23:20:22.931547  3205  3294 W A       : 	at com.google.common.p.a.ci.run(Unknown Source:4)
11-02 23:20:22.931547  3205  3294 W A       : 	at com.google.apps.tiktok.concurrent.ab.run(SourceFile:1)
11-02 23:20:22.931547  3205  3294 W A       : 	at java.util.concurrent.ThreadPoolExecutor.runWorker(ThreadPoolExecutor.java:1167)
11-02 23:20:22.931547  3205  3294 W A       : 	at java.util.concurrent.ThreadPoolExecutor$Worker.run(ThreadPoolExecutor.java:641)
11-02 23:20:22.931547  3205  3294 W A       : 	at com.google.apps.tiktok.concurrent.c.run(Unknown Source:4)
11-02 23:20:22.931547  3205  3294 W A       : 	at java.lang.Thread.run(Thread.java:764)
11-02 23:20:22.943820  2520  2520 D HOME    : [StreamDBQueue]Promised revision #2609 to queue a new op
11-02 23:20:22.944159  2520  2520 D WatchStreamManager: Promised rank-blocked=false @ r#2609
11-02 23:20:22.944451  2520  2520 D HOME    : [CompactHunStarter]detachWindow()
11-02 23:20:22.944699  2520  8603 D HOME    : [WatchStreamDB]Item alerting conditions - isInterruptive: false, recentlyInterrupted: false, isItemPinned: false, isUnread: false
11-02 23:20:22.944922  2520  9131 D HOME    : [StreamDBQueue]Promised revision #2610 to queue a new op
11-02 23:20:22.945032  2520  8603 D HOME    : [StreamAlertingRegulator]isTheaterModeEnabled: false, isAlertingAllowedByOffBody: true, matchesLocalInterruptionFilter: true
11-02 23:20:22.945058  2520  9131 D WatchStreamManager: Promised rerank @ r#2610
11-02 23:20:22.945292  2520  8603 D HOME    : [WatchStreamDB]couldItemAlert: false, isTopItemChanged: false, isDeferralForTopItem: false
11-02 23:20:22.950387  2520  8603 D HOME    : [WatchStreamDB]updateRanking()
11-02 23:20:22.951188  2520  8603 D HOME    : [WatchStreamDB]Item alerting conditions - isInterruptive: false, recentlyInterrupted: false, isItemPinned: false, isUnread: false
11-02 23:20:22.951632  2520  8603 D HOME    : [StreamAlertingRegulator]isTheaterModeEnabled: false, isAlertingAllowedByOffBody: true, matchesLocalInterruptionFilter: true
11-02 23:20:22.951948  2520  8603 D HOME    : [WatchStreamDB]couldItemAlert: false, isTopItemChanged: false, isDeferralForTopItem: false
11-02 23:20:22.953343  2520  8603 D HOME    : [NewStreamAdapter]Publishing revision #2610 to adapter clients
--------- switch to kernel
11-02 23:20:22.983765     0     0 I PM      : suspend entry 2021-11-02 22:20:22.983765569 UTC
11-02 23:20:22.983776     0     0 I PM      : Syncing filesystems ...
11-02 23:20:22.999361     0     0 I CPU3    : update max cpu_capacity 1024
11-02 23:20:23.014448     0     0 I         : done.
11-02 23:20:23.033030     0     0 I CPU2    : shutdown
11-02 23:20:23.033841     0     0 I         : Freezing user space processes ... (elapsed 0.006 seconds) done.
11-02 23:20:23.040154     0     0 I         : Freezing remaining freezable tasks ...
11-02 23:20:23.041269     0     0 I PM      : Wakeup pending, aborting suspend
11-02 23:20:23.041299     0     0 I         : active wakeup source: NETLINK
11-02 23:20:23.041332     0     0 E         : Freezing of tasks aborted after 0.001 seconds
11-02 23:20:23.041341     0     0 I         : Restarting kernel threads ... done.
11-02 23:20:23.042570     0     0 I         : Restarting tasks ...
11-02 23:20:23.043031     0     0 W QSEECOM : qseecom_receive_req: Interrupted: exiting Listener Service = 11
11-02 23:20:23.043089     0     0 W QSEECOM : qseecom_receive_req: Interrupted: exiting Listener Service = 10
11-02 23:20:23.043162     0     0 W QSEECOM : qseecom_receive_req: Interrupted: exiting Listener Service = 8192
11-02 23:20:23.043197     0     0 W QSEECOM : qseecom_receive_req: Interrupted: exiting Listener Service = 28672
11-02 23:20:23.044012     0     0 W QSEECOM : qseecom_receive_req: Interrupted: exiting Listener Service = 12288
11-02 23:20:23.044747     0     0 I init    : Command 'write /sys/devices/system/cpu/cpu2/online 0' action=ro.enable_core_ctl=true && sys.cw_corectl_mode=idle (/vendor/etc/init/hw/init.qcom.rc:951) took 130ms and succeeded
11-02 23:20:23.046788     0     0 I         : done.
11-02 23:20:23.050264     0     0 I init    : Command 'write /sys/devices/system/cpu/cpu3/online 0' action=ro.enable_core_ctl=true && sys.cw_corectl_mode=idle (/vendor/etc/init/hw/init.qcom.rc:952) took 2ms and failed: Unable to write to file '/sys/devices/system/cpu/cpu3/online': Unable to write file contents: Device or resource busy
11-02 23:20:23.047542     0     0 I PM      : suspend exit 2021-11-02 22:20:23.047542809 UTC
11-02 23:20:23.249199     0     0 I PM      : suspend entry 2021-11-02 22:20:23.249199892 UTC
11-02 23:20:23.249498     0     0 I PM      : Syncing filesystems ... done.
11-02 23:20:23.281211     0     0 I         : Freezing user space processes ... (elapsed 0.011 seconds) done.
11-02 23:20:23.293025     0     0 I         : Freezing remaining freezable tasks ... (elapsed 0.005 seconds) done.
11-02 23:20:23.298973     0     0 I         : Suspending console(s) (use no_console_suspend to debug)
11-02 23:20:23.306282     0     0 I PM      : Wakeup pending, aborting suspend
11-02 23:20:23.306324     0     0 I         : active wakeup source: event4
11-02 23:20:23.306460     0     0 E PM      : Some devices failed to suspend, or early wake event detected
11-02 23:20:23.307665     0     0 I PM      : resume of devices complete after 1.175 msecs
11-02 23:20:23.313232     0     0 I         : Restarting tasks ...
11-02 23:20:23.315595     0     0 W QSEECOM : qseecom_receive_req: Interrupted: exiting Listener Service = 12288
11-02 23:20:23.315699     0     0 W QSEECOM : qseecom_receive_req: Interrupted: exiting Listener Service = 10
11-02 23:20:23.315834     0     0 W QSEECOM : qseecom_receive_req: Interrupted: exiting Listener Service = 8192
11-02 23:20:23.315885     0     0 W QSEECOM : qseecom_receive_req: Interrupted: exiting Listener Service = 11
11-02 23:20:23.322546     0     0 W QSEECOM : qseecom_receive_req: Interrupted: exiting Listener Service = 28672
11-02 23:20:23.327025     0     0 I         : done.
11-02 23:20:23.328276     0     0 I PM      : suspend exit 2021-11-02 22:20:23.328276975 UTC
--------- switch to system
11-02 23:20:23.332467  1686  1759 I WindowManager: sleepRelease() calling goToSleep(GO_TO_SLEEP_REASON_SLEEP_BUTTON)
--------- switch to kernel
11-02 23:20:23.731001     0     0 I PM      : suspend entry 2021-11-02 22:20:23.731001975 UTC
11-02 23:20:23.731026     0     0 I PM      : Syncing filesystems ... done.
--------- switch to system
11-02 23:21:06.542180  1686  1759 I PowerManagerService: Waking up from dozing (uid=1000 reason=android.policy:MOTION)...
11-02 23:21:06.545194  1686  1686 W UsageStatsService: Event reported without a package name
--------- switch to kernel
11-02 23:20:23.761282     0     0 I         : Freezing user space processes ... (elapsed 0.012 seconds) done.
11-02 23:20:23.773445     0     0 I         : Freezing remaining freezable tasks ... (elapsed 0.006 seconds) done.
11-02 23:20:23.779996     0     0 I         : Suspending console(s) (use no_console_suspend to debug)
11-02 23:20:23.795105     0     0 I mdss_dsi_panel_set_idle_mode: Idle (1->1)
11-02 23:20:23.835334     0     0 I bgcom   : bgcom_pm_suspend: suspended with : 0
11-02 23:20:23.866172     0     0 I PM      : suspend of devices complete after 82.301 msecs
11-02 23:20:23.872385     0     0 I PM      : late suspend of devices complete after 6.167 msecs
11-02 23:20:23.878627     0     0 I PM      : noirq suspend of devices complete after 6.206 msecs
11-02 23:20:23.878644     0     0 I         : Disabling non-boot CPUs ...
11-02 23:20:23.890946     0     0 W         : IRQ16 no longer affine to CPU1
11-02 23:20:23.891287     0     0 W         : IRQ93 no longer affine to CPU1
11-02 23:20:23.893109     0     0 I CPU1    : shutdown
11-02 23:20:23.899361     0     0 I CPU0    : update max cpu_capacity 748
11-02 23:20:23.930618     0     0 W         : IRQ21 no longer affine to CPU3
11-02 23:20:23.932131     0     0 I CPU3    : shutdown
11-02 23:20:23.934242     0     0 I suspend ns: 1978971815627	suspend cycles:     443736359000
11-02 23:20:23.934222     0     0 I CPU0    : msm_cpu_pm_enter_sleep mode:3 during suspend
11-02 23:20:23.934222     0     0 I         : Suspended for 42.493 seconds
11-02 23:20:23.934222     0     0 I resume cycles: 444552241982
11-02 23:20:23.934873     0     0 I         : Enabling non-boot CPUs ...
11-02 23:20:23.935733     0     0 I CPU1    : update cpu_capacity 1024
11-02 23:20:23.937012     0     0 I         : CPU1 is up
11-02 23:20:23.938170     0     0 I CPU3    : update cpu_capacity 1024
11-02 23:20:23.939188     0     0 I CPU1    : update max cpu_capacity 748
11-02 23:20:23.940416     0     0 I         : CPU3 is up
11-02 23:20:23.944183     0     0 I PM      : noirq resume of devices complete after 3.467 msecs
11-02 23:20:23.945686     0     0 I         : [touch]display wake up
11-02 23:20:23.949549     0     0 I CPU1    : update max cpu_capacity 748
11-02 23:20:23.950401     0     0 I PM      : early resume of devices complete after 4.558 msecs
11-02 23:20:23.951629     0     0 I CPU3    : update max cpu_capacity 1024
11-02 23:20:23.987164     0     0 I bgcom   : bgcom_pm_resume: Bgcom resumed with : 0
11-02 23:20:23.998872     0     0 I mdss_dsi_panel_set_idle_mode: Idle (1->1)
11-02 23:20:24.034504     0     0 I PM      : resume of devices complete after 84.050 msecs
11-02 23:20:24.039059     0     0 I         : Restarting tasks ...
11-02 23:20:24.044014     0     0 W QSEECOM : qseecom_receive_req: Interrupted: exiting Listener Service = 12288
11-02 23:20:24.044115     0     0 W QSEECOM : qseecom_receive_req: Interrupted: exiting Listener Service = 10
11-02 23:20:24.052876     0     0 W QSEECOM : qseecom_receive_req: Interrupted: exiting Listener Service = 11
11-02 23:20:24.054736     0     0 W QSEECOM : qseecom_receive_req: Interrupted: exiting Listener Service = 8192
11-02 23:20:24.059483     0     0 W QSEECOM : qseecom_receive_req: Interrupted: exiting Listener Service = 28672
--------- switch to system
11-02 23:21:06.560811  2520  2520 W ViewRootImpl[HomeActivity2]: Dropping event due to no window focus: MotionEvent { action=ACTION_HOVER_ENTER, actionButton=0, id[0]=0, x[0]=100.0, y[0]=100.0, toolType[0]=TOOL_TYPE_FINGER, buttonState=0, metaState=0, flags=0x0, edgeFlags=0x0, pointerCount=1, historySize=0, eventTime=1979045, downTime=1971602, deviceId=1, source=0x1002 }
--------- switch to kernel
11-02 23:20:24.060022     0     0 I         : done.
11-02 23:21:06.555266     0     0 I PM      : suspend exit 2021-11-02 22:21:06.555266282 UTC
11-02 23:21:06.581146     0     0 E bgrsb   : bgrsb_enable: rsb will set report rate
11-02 23:21:06.586607     0     0 E FG      : fg_psy_get_property: unsupported property 7
11-02 23:21:06.589935     0     0 E bgrsb   : bgrsb_enable: gpio 32 is valid
11-02 23:21:06.521839     0     0 W healthd : battery l=47 v=3867 t=27.0 h=2 st=3 c=11 fc=443000 cc=0 chg=
--------- switch to system
11-02 23:21:06.591531  2520  2520 W ViewRootImpl[HomeActivity2]: Dropping event due to no window focus: MotionEvent { action=ACTION_HOVER_MOVE, actionButton=0, id[0]=0, x[0]=100.0, y[0]=100.0, toolType[0]=TOOL_TYPE_FINGER, buttonState=0, metaState=0, flags=0x0, edgeFlags=0x0, pointerCount=1, historySize=0, eventTime=1979045, downTime=1971602, deviceId=1, source=0x1002 }
11-02 23:21:06.634726  2520  2520 W ViewRootImpl[HomeActivity2]: Cancelling event due to no window focus: MotionEvent { action=ACTION_CANCEL, actionButton=0, id[0]=0, x[0]=100.0, y[0]=100.0, toolType[0]=TOOL_TYPE_FINGER, buttonState=0, metaState=0, flags=0x0, edgeFlags=0x0, pointerCount=1, historySize=0, eventTime=1979056, downTime=1971602, deviceId=1, source=0x1002 }
--------- switch to main
11-02 23:21:06.635055   512   512 I sensors-hal: batch:140, android.sensor.light/46, period=100000000, max_latency=0
11-02 23:21:06.635167   512   512 I sensors-hal: batch:149, android.sensor.light/46, period=100000000, max_latency=0 request completed
11-02 23:21:06.636133   512   512 I sensors-hal: activate:107, android.sensor.light/46 en=1
11-02 23:21:06.636832   512   512 I sensors-hal: ssc_enable_rt_task:254, ssc_enable_rt_task : true
11-02 23:21:06.646250   512   512 I sensors-hal: activate:118, android.sensor.light/46 en=1 completed
--------- switch to system
11-02 23:21:06.635281  2520  2520 I chatty  : uid=10049(com.google.android.wearable.app) identical 2 lines
11-02 23:21:06.635522  2520  2520 W ViewRootImpl[HomeActivity2]: Cancelling event due to no window focus: MotionEvent { action=ACTION_CANCEL, actionButton=0, id[0]=0, x[0]=100.0, y[0]=100.0, toolType[0]=TOOL_TYPE_FINGER, buttonState=0, metaState=0, flags=0x0, edgeFlags=0x0, pointerCount=1, historySize=0, eventTime=1979056, downTime=1971602, deviceId=1, source=0x1002 }
11-02 23:21:06.649606  2520  2520 W ViewRootImpl[HomeActivity2]: Dropping event due to no window focus: MotionEvent { action=ACTION_SCROLL, actionButton=0, id[0]=0, x[0]=0.0, y[0]=0.0, toolType[0]=TOOL_TYPE_UNKNOWN, buttonState=0, metaState=0, flags=0x0, edgeFlags=0x0, pointerCount=1, historySize=0, eventTime=1979204, downTime=0, deviceId=2, source=0x400000 }
11-02 23:21:06.651981  2520  2520 W ViewRootImpl[HomeActivity2]: Dropping event due to no window focus: MotionEvent { action=ACTION_SCROLL, actionButton=0, id[0]=0, x[0]=0.0, y[0]=0.0, toolType[0]=TOOL_TYPE_UNKNOWN, buttonState=0, metaState=0, flags=0x0, edgeFlags=0x0, pointerCount=1, historySize=0, eventTime=1979215, downTime=0, deviceId=2, source=0x400000 }
11-02 23:21:06.652591  2520  2520 W ViewRootImpl[HomeActivity2]: Dropping event due to no window focus: MotionEvent { action=ACTION_SCROLL, actionButton=0, id[0]=0, x[0]=0.0, y[0]=0.0, toolType[0]=TOOL_TYPE_UNKNOWN, buttonState=0, metaState=0, flags=0x0, edgeFlags=0x0, pointerCount=1, historySize=0, eventTime=1979216, downTime=0, deviceId=2, source=0x400000 }
11-02 23:21:06.653282  2520  2520 W ViewRootImpl[HomeActivity2]: Dropping event due to no window focus: MotionEvent { action=ACTION_SCROLL, actionButton=0, id[0]=0, x[0]=0.0, y[0]=0.0, toolType[0]=TOOL_TYPE_UNKNOWN, buttonState=0, metaState=0, flags=0x0, edgeFlags=0x0, pointerCount=1, historySize=0, eventTime=1979230, downTime=0, deviceId=2, source=0x400000 }
11-02 23:21:06.653819  2520  2520 W ViewRootImpl[HomeActivity2]: Dropping event due to no window focus: MotionEvent { action=ACTION_SCROLL, actionButton=0, id[0]=0, x[0]=0.0, y[0]=0.0, toolType[0]=TOOL_TYPE_UNKNOWN, buttonState=0, metaState=0, flags=0x0, edgeFlags=0x0, pointerCount=1, historySize=0, eventTime=1979231, downTime=0, deviceId=2, source=0x400000 }
11-02 23:21:06.654208  2520  2520 W ViewRootImpl[HomeActivity2]: Dropping event due to no window focus: MotionEvent { action=ACTION_SCROLL, actionButton=0, id[0]=0, x[0]=0.0, y[0]=0.0, toolType[0]=TOOL_TYPE_UNKNOWN, buttonState=0, metaState=0, flags=0x0, edgeFlags=0x0, pointerCount=1, historySize=0, eventTime=1979245, downTime=0, deviceId=2, source=0x400000 }
11-02 23:21:06.654735  2520  2520 W ViewRootImpl[HomeActivity2]: Dropping event due to no window focus: MotionEvent { action=ACTION_SCROLL, actionButton=0, id[0]=0, x[0]=0.0, y[0]=0.0, toolType[0]=TOOL_TYPE_UNKNOWN, buttonState=0, metaState=0, flags=0x0, edgeFlags=0x0, pointerCount=1, historySize=0, eventTime=1979246, downTime=0, deviceId=2, source=0x400000 }
11-02 23:21:06.655198  2520  2520 W ViewRootImpl[HomeActivity2]: Dropping event due to no window focus: MotionEvent { action=ACTION_SCROLL, actionButton=0, id[0]=0, x[0]=0.0, y[0]=0.0, toolType[0]=TOOL_TYPE_UNKNOWN, buttonState=0, metaState=0, flags=0x0, edgeFlags=0x0, pointerCount=1, historySize=0, eventTime=1979259, downTime=0, deviceId=2, source=0x400000 }
11-02 23:21:06.655944  2520  2520 W ViewRootImpl[HomeActivity2]: Dropping event due to no window focus: MotionEvent { action=ACTION_SCROLL, actionButton=0, id[0]=0, x[0]=0.0, y[0]=0.0, toolType[0]=TOOL_TYPE_UNKNOWN, buttonState=0, metaState=0, flags=0x0, edgeFlags=0x0, pointerCount=1, historySize=0, eventTime=1979259, downTime=0, deviceId=2, source=0x400000 }
11-02 23:21:06.662494  2520  2520 W ViewRootImpl[HomeActivity2]: Dropping event due to no window focus: MotionEvent { action=ACTION_SCROLL, actionButton=0, id[0]=0, x[0]=0.0, y[0]=0.0, toolType[0]=TOOL_TYPE_UNKNOWN, buttonState=0, metaState=0, flags=0x0, edgeFlags=0x0, pointerCount=1, historySize=0, eventTime=1979277, downTime=0, deviceId=2, source=0x400000 }
--------- switch to main
11-02 23:21:06.664925  1686  1823 I SidekickService: endDisplayLocked()
--------- switch to system
11-02 23:21:06.665460  1686  1710 I DisplayManagerService: Display device changed state: "Écran intégré", ON
--------- switch to main
11-02 23:21:06.665972   416   416 D SKGHAL  : sendAmbientEvent: enter: enable = 0
--------- switch to system
11-02 23:21:06.668931  2520  2520 W ViewRootImpl[HomeActivity2]: Dropping event due to no window focus: MotionEvent { action=ACTION_SCROLL, actionButton=0, id[0]=0, x[0]=0.0, y[0]=0.0, toolType[0]=TOOL_TYPE_UNKNOWN, buttonState=0, metaState=0, flags=0x0, edgeFlags=0x0, pointerCount=1, historySize=0, eventTime=1979284, downTime=0, deviceId=2, source=0x400000 }
--------- switch to main
11-02 23:21:06.681320   512   512 I sensors-hal: batch:140, android.sensor.accelerometer/48, period=66667000, max_latency=100000000
11-02 23:21:06.681504   512   512 I sensors-hal: batch:149, android.sensor.accelerometer/48, period=66667000, max_latency=100000000 request completed
--------- switch to system
11-02 23:21:06.690530  2520  2520 W ViewRootImpl[HomeActivity2]: Dropping event due to no window focus: MotionEvent { action=ACTION_SCROLL, actionButton=0, id[0]=0, x[0]=0.0, y[0]=0.0, toolType[0]=TOOL_TYPE_UNKNOWN, buttonState=0, metaState=0, flags=0x0, edgeFlags=0x0, pointerCount=1, historySize=0, eventTime=1979306, downTime=0, deviceId=2, source=0x400000 }
--------- switch to main
11-02 23:21:06.691646   512   512 I sensors-hal: activate:107, android.sensor.accelerometer/48 en=1
--------- switch to system
11-02 23:21:06.693213  2520  2520 W ViewRootImpl[HomeActivity2]: Dropping event due to no window focus: MotionEvent { action=ACTION_SCROLL, actionButton=0, id[0]=0, x[0]=0.0, y[0]=0.0, toolType[0]=TOOL_TYPE_UNKNOWN, buttonState=0, metaState=0, flags=0x0, edgeFlags=0x0, pointerCount=1, historySize=0, eventTime=1979306, downTime=0, deviceId=2, source=0x400000 }
11-02 23:21:06.702297  2520  2520 W ViewRootImpl[HomeActivity2]: Dropping event due to no window focus: MotionEvent { action=ACTION_SCROLL, actionButton=0, id[0]=0, x[0]=0.0, y[0]=0.0, toolType[0]=TOOL_TYPE_UNKNOWN, buttonState=0, metaState=0, flags=0x0, edgeFlags=0x0, pointerCount=1, historySize=0, eventTime=1979314, downTime=0, deviceId=2, source=0x400000 }
11-02 23:21:06.702822  2520  2520 W ViewRootImpl[HomeActivity2]: Dropping event due to no window focus: MotionEvent { action=ACTION_SCROLL, actionButton=0, id[0]=0, x[0]=0.0, y[0]=0.0, toolType[0]=TOOL_TYPE_UNKNOWN, buttonState=0, metaState=0, flags=0x0, edgeFlags=0x0, pointerCount=1, historySize=0, eventTime=1979317, downTime=0, deviceId=2, source=0x400000 }
--------- switch to main
11-02 23:21:06.705431   512   512 I sensors-hal: ssc_enable_rt_task:254, ssc_enable_rt_task : true
11-02 23:21:06.708201  4243  4243 D OMService: onDisplayChanged: not dozing
--------- switch to system
11-02 23:21:06.717162  2520  2520 W ViewRootImpl[HomeActivity2]: Dropping event due to no window focus: MotionEvent { action=ACTION_SCROLL, actionButton=0, id[0]=0, x[0]=0.0, y[0]=0.0, toolType[0]=TOOL_TYPE_UNKNOWN, buttonState=0, metaState=0, flags=0x0, edgeFlags=0x0, pointerCount=1, historySize=0, eventTime=1979332, downTime=0, deviceId=2, source=0x400000 }
11-02 23:21:06.718703  2520  2520 W ViewRootImpl[HomeActivity2]: Dropping event due to no window focus: MotionEvent { action=ACTION_SCROLL, actionButton=0, id[0]=0, x[0]=0.0, y[0]=0.0, toolType[0]=TOOL_TYPE_UNKNOWN, buttonState=0, metaState=0, flags=0x0, edgeFlags=0x0, pointerCount=1, historySize=0, eventTime=1979333, downTime=0, deviceId=2, source=0x400000 }
--------- switch to main
11-02 23:21:06.721620  1686  1759 I InputReader: Reconfiguring input devices.  changes=0x00000004
--------- switch to system
11-02 23:21:06.728918  2520  2520 W ViewRootImpl[HomeActivity2]: Dropping event due to no window focus: MotionEvent { action=ACTION_SCROLL, actionButton=0, id[0]=0, x[0]=0.0, y[0]=0.0, toolType[0]=TOOL_TYPE_UNKNOWN, buttonState=0, metaState=0, flags=0x0, edgeFlags=0x0, pointerCount=1, historySize=0, eventTime=1979344, downTime=0, deviceId=2, source=0x400000 }
--------- switch to main
