11-02 22:31:22.421910     0     0 I         : [touch]Already in suspend state
11-02 22:31:22.432194     0     0 I mdss_dsi_panel_set_idle_mode: Idle (1->0)
11-02 22:31:22.433209     0     0 E mdp3_enable_panic_ctrl: mdp3_enable_panic_ctrl: Enable Panic Control
11-02 22:31:22.433303     0     0 I         : [touch]FB_BLANK_UNBLANK
11-02 22:31:22.433309     0     0 I         : [touch]raydium_ts_do_resume, 1.
11-02 22:31:22.433684     0     0 I         : [ raydium ]workqueue is empty!
11-02 22:31:22.433701     0     0 I raydium_ts 5-0039: [touch]Already enable irq
11-02 22:31:22.433704     0     0 I         : [touch]Device may wakeup
--------- switch to main
11-02 22:31:22.498883   545   545 D SurfaceFlinger: Finished set power mode=2, type=0
--------- switch to system
11-02 22:31:22.501717  1686  1712 W PowerManagerService: Screen on took 356 ms
11-02 22:31:22.502048  1686  1712 I DreamManagerService: Gently waking up from dream.
11-02 22:31:22.502507  1686  1708 I DreamManagerService: Performing gentle wake from dream.
11-02 22:31:22.529063  1686  1686 V DreamService[AmbientDream]: wakeUp(): fromSystem=true, mWaking=false, mFinished=false
11-02 22:31:22.529279  1686  1686 V DreamService[AmbientDream]: finish(): mFinished=false
11-02 22:31:22.529385  1686  1686 I DreamManagerService: Leaving dreamland.
11-02 22:31:22.529948  1686  1708 I DreamManagerService: Performing gentle wake from dream.
11-02 22:31:22.530113  1686  1708 I DreamController: Stopping dream: name=ComponentInfo{com.google.android.wearable.ambient/com.google.android.wearable.ambient.AmbientDream}, isTest=false, canDoze=true, userId=0
--------- switch to main
11-02 22:31:22.560505  1686  1686 W AlarmManager: Unrecognized alarm listener com.android.server.job.controllers.-$$Lambda$IdleController$IdlenessTracker$nTdS-lGBXcES5VWKcJFmQFgU7IU@1ab437a
--------- switch to system
11-02 22:31:22.560768  1686  1686 V DreamService[AmbientDream]: detach(): Calling onDreamingStopped()
--------- switch to main
11-02 22:31:22.560877  1686  1686 I AmbientService: [ce6a28c] doOnDreamingStopped
11-02 22:31:22.560976  1686  1686 D WristGestureCtrl: Starting: GesturesEnabled-false UngazeEnabled-true
11-02 22:31:22.561044  1686  1686 D DefaultUngazeDetector: starting
11-02 22:31:22.561126  1686  1686 D DefaultUngazeDetector: startUngazeStateEstimation(). startTime = 20161991
11-02 22:31:22.562854   512   512 I sensors-hal: batch:140, android.sensor.accelerometer/48, period=19231000, max_latency=100000000
11-02 22:31:22.563471  1686  1686 W AlarmManagerProxy: Removing unknown listener
11-02 22:31:22.564133   512  8877 I sensors-hal: handle_indication_realtime:355,  SCHED_FIFO(10) for qmi_cbk
11-02 22:31:22.565147   512   512 I sensors-hal: batch:149, android.sensor.accelerometer/48, period=19231000, max_latency=100000000 request completed
11-02 22:31:22.565675   512   512 I sensors-hal: flush:169, android.sensor.accelerometer/48
11-02 22:31:22.567225   512   512 I sensors-hal: flush:175, android.sensor.accelerometer/48 completed
--------- switch to kernel
11-02 22:31:22.532898    22    22 E         : [22:31:22.597267] [0000005A2AA7AE44] [VosRX]  wlan: [E :WDI] WDTS_RxPacketDump RX Data frame is UC
11-02 22:31:22.532937    22    22 E         : [22:31:22.597319] [0000005A2AA7B1FD] [VosRX]  wlan: [E :WDI] WDTS_RxPacketDump: Management subtype:5 SA:70:3a:0e:b8:d5:40 DA:00:0a:f5:f2:a2:70
11-02 22:31:22.540772     0     0 E bgrsb   : bgrsb_enable: gpio 32 is valid
--------- switch to main
11-02 22:31:22.570643  1686  1686 I AmbientService: [ce6a28c] No auto-resume Activity.
11-02 22:31:22.577407  2520  2520 D HOME    : [HomeVisitsLogger]Logging streamlet event: visit_start
11-02 22:31:22.577809  2520  2520 D HOME    : [HomeVisitsLogger]Logging streamlet event: exit_ambient_mode
11-02 22:31:22.578325  2520  2520 D HOME    : [HotwordController]updateClient MODE_WATCH_FACE false false false true
11-02 22:31:22.580094  2520  2520 D HOME    : [WatchFaceUiController]setInAmbientMode false
11-02 22:31:22.580209  2520  2520 D HOME    : [WatchFaceUiController]sendWatchFaceServiceBinder
11-02 22:31:22.586164  2520  2520 D HOME    : [WatchFaceUiController]sendStateToWallpaper
11-02 22:31:22.588446  2520  2520 D HOME    : [WatchFaceUiController]Showing watch face wallpaper.
11-02 22:31:22.588633  2520  2520 D HOME    : [WatchFaceUiController]sendStateToWallpaper
11-02 22:31:22.594715  2520  2520 D HOME    : [StreamDBQueue]Promised revision #2422 to queue a new op
11-02 22:31:22.594961  2520  2520 D WatchStreamManager: Promised rank-blocked=true @ r#2422
11-02 22:31:22.595337  2520  2520 D HOME    : [StreamDBQueue]Promised revision #2423 to queue a new op
11-02 22:31:22.595468  2520  2520 D WatchStreamManager: Promised rank-blocked=true @ r#2423
11-02 22:31:22.596144  2520  2520 D HOME    : [TilesController]Tile refresh optimization is enabled.
11-02 22:31:22.596472  2520  2520 D HOME    : [EventBus]Wrapper pool is full. Discarding excess wrapper instance for event com.google.android.clockwork.sysui.events.KeyguardStateEvent
11-02 22:31:22.596555  2520  2520 D HOME    : [WatchFaceUiController]sendStateToWallpaper
11-02 22:31:22.598673  2520  2520 D HOME    : [EventBus]Wrapper pool is full. Discarding excess wrapper instance for event com.google.android.clockwork.sysui.events.KeyguardStateEvent
11-02 22:31:22.599027  2520  2520 D HOME    : [EventBus]Wrapper pool is full. Discarding excess wrapper instance for event com.google.android.clockwork.sysui.events.KeyguardStateEvent
11-02 22:31:22.601950  2520  8464 D HOME    : [WatchStreamDB]Item alerting conditions - isInterruptive: false, recentlyInterrupted: false, isItemPinned: false, isUnread: false
11-02 22:31:22.602281  2520  8464 D HOME    : [StreamAlertingRegulator]isTheaterModeEnabled: false, isAlertingAllowedByOffBody: true, matchesLocalInterruptionFilter: true
11-02 22:31:22.602579  2520  8464 D HOME    : [WatchStreamDB]couldItemAlert: false, isTopItemChanged: false, isDeferralForTopItem: false
11-02 22:31:22.603412  2520  8464 D HOME    : [WatchStreamDB]Item alerting conditions - isInterruptive: false, recentlyInterrupted: false, isItemPinned: false, isUnread: false
11-02 22:31:22.603759  2520  8464 D HOME    : [StreamAlertingRegulator]isTheaterModeEnabled: false, isAlertingAllowedByOffBody: true, matchesLocalInterruptionFilter: true
11-02 22:31:22.604516   512  8875 I sensors-hal: handle_indication_realtime:355,  SCHED_FIFO(10) for qmi_cbk
11-02 22:31:22.613030  2520  8464 D HOME    : [WatchStreamDB]couldItemAlert: false, isTopItemChanged: false, isDeferralForTopItem: false
--------- switch to system
11-02 22:31:22.616481  1686  1686 W ContextImpl: Calling a method in the system process without a qualified user: android.app.ContextImpl.sendBroadcast:1020 android.content.ContextWrapper.sendBroadcast:449 com.google.android.wearable.ambient.AmbientDream.onDestroy:273 android.app.ActivityThread.handleStopService:3698 android.app.ActivityThread.access$1700:200 
--------- switch to main
11-02 22:31:22.617914  1686  1686 E AlarmManager: cancel() called with a null PendingIntent
--------- switch to system
11-02 22:31:22.618243  1686  1686 V DreamService[AmbientDream]: onDestroy()
--------- switch to main
11-02 22:31:22.618715  2520  2520 D HOME    : [WatchFaceUiController]sendStateToWallpaper
11-02 22:31:22.623072  2520  2520 W StaticLayout: maxLineHeight should not be -1.  maxLines:1 lineCount:1
--------- switch to kernel
11-02 22:31:22.603893     0     0 I init    : processing action (ro.enable_core_ctl=true && sys.cw_corectl_mode=perf) from (/vendor/etc/init/hw/init.qcom.rc:954)
11-02 22:31:22.605418     0     0 I CPU2    : update cpu_capacity 1024
--------- switch to main
11-02 22:31:22.649778  1686  1686 I WearPower: [WearTouchMediator] changing touch input to enabled (ON_AUTO)
11-02 22:31:22.657458  1686  1759 I InputReader: Reconfiguring input devices.  changes=0x00000200
11-02 22:31:22.681308  2520  2520 D HOME    : [WatchFaceUiController]sendWatchFaceServiceBinder
11-02 22:31:22.686812  2520  2520 D HOME    : [WatchFaceUiController]sendProperties
11-02 22:31:22.690915  2520  2520 D HOME    : [WatchFaceUiController]sendStateToWallpaper
11-02 22:31:22.700255  1686  1686 W AlarmManagerProxy: Removing unknown listener
11-02 22:31:22.701805  1686  1686 W DefaultSettingsContentR: Value for ambient_low_bit_enabled not stored as number. Attempting parse as boolean.
--------- switch to kernel
11-02 22:31:22.635356     0     0 I CPU2    : update max cpu_capacity 1024
11-02 22:31:22.635576     0     0 I CPU3    : update cpu_capacity 1024
--------- switch to main
11-02 22:31:22.721932  3205  3434 W WorkController: Loading failed for worker [trainingcache]: worker not found
11-02 22:31:22.723278  3205  3372 W A       : TrainingCache cache SCREEN_ON failure
11-02 22:31:22.723278  3205  3372 W A       : com.google.android.apps.gsa.search.core.service.h.a.a: No worker found for Worker ID [trainingcache].
11-02 22:31:22.723278  3205  3372 W A       : 	at com.google.android.apps.gsa.search.core.service.g.a.c.a(Unknown Source:5)
11-02 22:31:22.723278  3205  3372 W A       : 	at com.google.android.libraries.gsa.c.a.d.a(Unknown Source:3)
11-02 22:31:22.723278  3205  3372 W A       : 	at com.google.common.p.a.cg.c(Unknown Source:2)
11-02 22:31:22.723278  3205  3372 W A       : 	at com.google.common.p.a.bk.run(SourceFile:3)
11-02 22:31:22.723278  3205  3372 W A       : 	at com.google.common.p.a.ci.run(Unknown Source:4)
11-02 22:31:22.723278  3205  3372 W A       : 	at com.google.apps.tiktok.concurrent.ab.run(SourceFile:1)
11-02 22:31:22.723278  3205  3372 W A       : 	at java.util.concurrent.ThreadPoolExecutor.runWorker(ThreadPoolExecutor.java:1167)
11-02 22:31:22.723278  3205  3372 W A       : 	at java.util.concurrent.ThreadPoolExecutor$Worker.run(ThreadPoolExecutor.java:641)
11-02 22:31:22.723278  3205  3372 W A       : 	at com.google.apps.tiktok.concurrent.c.run(Unknown Source:4)
11-02 22:31:22.723278  3205  3372 W A       : 	at java.lang.Thread.run(Thread.java:764)
11-02 22:31:22.745337  2520  2520 D HOME    : [StreamDBQueue]Promised revision #2424 to queue a new op
11-02 22:31:22.745627  2520  2520 D WatchStreamManager: Promised rank-blocked=true @ r#2424
11-02 22:31:22.747083  2520  8846 D HOME    : [WatchStreamDB]Item alerting conditions - isInterruptive: false, recentlyInterrupted: false, isItemPinned: false, isUnread: false
11-02 22:31:22.747504  2520  8846 D HOME    : [StreamAlertingRegulator]isTheaterModeEnabled: false, isAlertingAllowedByOffBody: true, matchesLocalInterruptionFilter: true
11-02 22:31:22.747776  2520  8846 D HOME    : [WatchStreamDB]couldItemAlert: false, isTopItemChanged: false, isDeferralForTopItem: false
--------- switch to kernel
11-02 22:31:22.672816     0     0 I CPU2    : update max cpu_capacity 1024
--------- switch to main
11-02 22:31:23.080036   512  1749 I sensors-hal: activate:107, android.sensor.light/46 en=0
11-02 22:31:23.081590   512  1749 I sensors-hal: activate:118, android.sensor.light/46 en=0 completed
11-02 22:31:23.087498   512  1749 I sensors-hal: batch:140, android.sensor.light/46, period=250000000, max_latency=0
11-02 22:31:23.087627   512  1749 I sensors-hal: batch:149, android.sensor.light/46, period=250000000, max_latency=0 request completed
11-02 22:31:23.088101   512  1749 I sensors-hal: activate:107, android.sensor.light/46 en=1
11-02 22:31:23.088595   512  1749 I sensors-hal: ssc_enable_rt_task:254, ssc_enable_rt_task : true
11-02 22:31:23.091722   512  1749 I sensors-hal: activate:118, android.sensor.light/46 en=1 completed
11-02 22:31:23.180088   512  8885 I sensors-hal: handle_indication_realtime:355,  SCHED_FIFO(10) for qmi_cbk
11-02 22:31:23.238876  1686  1742 D WificondControl: Scan result ready event
11-02 22:31:23.296701  7790  7806 I Finsky  : [295] com.google.android.finsky.bo.ac.run(5): Stats for Executor: BlockingExecutor com.google.android.finsky.bo.ad@a23a1d2[Running, pool size = 0, active threads = 0, queued tasks = 0, completed tasks = 2]
11-02 22:31:23.571920  7790  7806 I Finsky  : [295] com.google.android.finsky.bo.ac.run(5): Stats for Executor: LightweightExecutor com.google.android.finsky.bo.ad@6e612a3[Running, pool size = 3, active threads = 0, queued tasks = 0, completed tasks = 8]
--------- switch to system
11-02 22:31:27.146465  1686  1712 I PowerManagerService: Going to sleep due to screen timeout (uid 1000)...
11-02 22:31:27.147124  1686  1686 W UsageStatsService: Event reported without a package name
11-02 22:31:27.147614  1686  1712 I DreamManagerService: Entering dreamland.
11-02 22:31:27.148418  1686  1712 I PowerManagerService: Dozing...
11-02 22:31:27.166587  1686  1708 I DreamController: Starting dream: name=ComponentInfo{com.google.android.wearable.ambient/com.google.android.wearable.ambient.AmbientDream}, isTest=false, canDoze=true, userId=0
11-02 22:31:27.181220  1686  1686 W ContextImpl: Calling a method in the system process without a qualified user: android.app.ContextImpl.bindService:1611 android.content.ContextWrapper.bindService:698 com.google.android.wearable.ambient.AmbientDream.onCreate:191 android.app.ActivityThread.handleCreateService:3533 android.app.ActivityThread.access$1300:200 
11-02 22:31:27.185474  1686  1686 W ContextImpl: Calling a method in the system process without a qualified user: android.app.ContextImpl.sendBroadcast:1005 android.content.ContextWrapper.sendBroadcast:444 com.google.android.wearable.ambient.AmbientDream.onCreate:241 android.app.ActivityThread.handleCreateService:3533 android.app.ActivityThread.access$1300:200 
11-02 22:31:27.186364  1686  1686 V DreamService[AmbientDream]: onBind() intent = Intent { act=android.service.dreams.DreamService flg=0x800000 cmp=com.google.android.wearable.ambient/.AmbientDream }
--------- switch to main
11-02 22:31:27.187635  1686  1686 I AmbientService: [ce6a28c] Ambient Created
--------- switch to system
11-02 22:31:27.189003  1686  1686 V DreamService[AmbientDream]: Calling onDreamingStarted()
--------- switch to main
11-02 22:31:27.189219  1686  1686 I AmbientService: [ce6a28c] doOnDreamingStarted
11-02 22:31:27.191894  1686  1686 D SidekickService: setShouldControlDisplay called: true
11-02 22:31:27.193218  1686  1686 I AmbientService: [ce6a28c] Selected running activity for ambient mode: AmbientActivity[component=ComponentInfo{com.google.android.wearable.app/com.google.android.clockwork.home2.activity.HomeActivity2}, callbacks=@210b385, running=true, ambientRequested=true, ambientEnabled=true, offloadEnabled=true]
11-02 22:31:27.194169  1686  1686 I AmbientService: [ce6a28c] Sidekick is ready to display, requesting doze.
11-02 22:31:27.196271  1686  1686 I AmbientService: [ce6a28c] No auto-resume Activity.
11-02 22:31:27.201985  2520  2520 D HOME    : [HomeVisitsLogger]Logging streamlet event: enter_ambient_mode
11-02 22:31:27.202854  2520  2520 D HOME    : [HotwordController]updateClient MODE_WATCH_FACE false true false true
11-02 22:31:27.204884  2520  2520 D HOME    : [WatchFaceUiController]setInAmbientMode true
11-02 22:31:27.206123  2520  7941 I SidekickManager: replaceWatchFaceComponentsImpl(): watchFace = com.google.android.clockwork.decomposablewatchface.WatchFaceDecomposition@18771f9
11-02 22:31:27.207432  1686  1686 W DefaultSettingsContentR: Value for ambient_low_bit_enabled not stored as number. Attempting parse as boolean.
11-02 22:31:27.207467  2520  2520 D HOME    : [StreamDBQueue]Promised revision #2425 to queue a new op
11-02 22:31:27.207771  2520  2520 D WatchStreamManager: Promised rank-blocked=false @ r#2425
11-02 22:31:27.208334  2520  2520 D HOME    : [StreamDBQueue]Promised revision #2426 to queue a new op
11-02 22:31:27.208485  2520  8486 D HOME    : [WatchStreamDB]Item alerting conditions - isInterruptive: false, recentlyInterrupted: false, isItemPinned: false, isUnread: false
11-02 22:31:27.208617  2520  2520 D WatchStreamManager: Promised rank-blocked=false @ r#2426
11-02 22:31:27.208823  2520  8486 D HOME    : [StreamAlertingRegulator]isTheaterModeEnabled: false, isAlertingAllowedByOffBody: true, matchesLocalInterruptionFilter: true
11-02 22:31:27.208974  2520  8604 D HOME    : [StreamDBQueue]Promised revision #2427 to queue a new op
11-02 22:31:27.209050  2520  8486 D HOME    : [WatchStreamDB]couldItemAlert: false, isTopItemChanged: false, isDeferralForTopItem: false
11-02 22:31:27.209093  2520  8604 D WatchStreamManager: Promised rerank @ r#2427
11-02 22:31:27.209415  2520  2520 D HOME    : [EventBus]Wrapper pool is full. Discarding excess wrapper instance for event com.google.android.clockwork.sysui.events.KeyguardStateEvent
11-02 22:31:27.209533  2520  2520 D HOME    : [WatchFaceUiController]sendStateToWallpaper
11-02 22:31:27.209969  2520  8486 D HOME    : [WatchStreamDB]Item alerting conditions - isInterruptive: false, recentlyInterrupted: false, isItemPinned: false, isUnread: false
11-02 22:31:27.210308  2520  8486 D HOME    : [StreamAlertingRegulator]isTheaterModeEnabled: false, isAlertingAllowedByOffBody: true, matchesLocalInterruptionFilter: true
11-02 22:31:27.211606  2520  2520 D HOME    : [EventBus]Wrapper pool is full. Discarding excess wrapper instance for event com.google.android.clockwork.sysui.events.KeyguardStateEvent
11-02 22:31:27.211734  2520  8464 D HOME    : [HomeVisitsLogger]Logging streamlet event: visit_end
11-02 22:31:27.211880  2520  2520 D HOME    : [EventBus]Wrapper pool is full. Discarding excess wrapper instance for event com.google.android.clockwork.sysui.events.KeyguardStateEvent
11-02 22:31:27.213556  1686  1686 I AmbientService: [ce6a28c] Showing watch face in offload mode, canceling alarm.
11-02 22:31:27.213638  1686  1686 W AlarmManagerProxy: Removing unknown listener
11-02 22:31:27.213708  1686  1742 D SidekickService: sendWatchFaceComponents called: watchFace = com.google.android.clockwork.decomposablewatchface.WatchFaceDecomposition@4397186shouldReplace = false
11-02 22:31:27.213802  1686  1686 D WristGestureCtrl: Stopping detectors: GesturesEnabled-false gestureDetector-false ungazeEnabled-true ungaze-true
11-02 22:31:27.213842  1686  1686 D DefaultUngazeDetector: stopping
11-02 22:31:27.215629  1686  1742 D SidekickService: Check decomposition for calling app com.google.android.wearable.app with uid 10049
11-02 22:31:27.216279  1686  1742 D SidekickService: sendWatchFaceLocked(): shouldReplace = false, mSidekickIsControlling = false, 1 images, 0 fonts, 0 numbers, 0 proportionalFonts, 0 strings
11-02 22:31:27.216362  1686  1742 D SidekickService: ISidekickGraphics#beginResources()...
11-02 22:31:27.216910   512   512 I sensors-hal: batch:140, android.sensor.accelerometer/48, period=66667000, max_latency=100000000
11-02 22:31:27.217901  2520  8486 D HOME    : [WatchStreamDB]couldItemAlert: false, isTopItemChanged: false, isDeferralForTopItem: false
11-02 22:31:27.218151  1686  1742 D SidekickServiceUtils: bitmapFromDrawable: Returning bitmap directly
11-02 22:31:27.219741  1686  1742 D SidekickService: sendBitmapsLocked(): bounds = RectF(0.0, 0.0, 0.0024038462, 0.0024038462), drawableInfo = {.id = 100000, .width = 1, .height = 1, .display = true, .offsetX = 0.0, .offsetY = 0.0, .rotationInfo = {.hasRotation = false, .pivotX = 0.0, .pivotY = 0.0, .degreesPerDay = 0.0, .degreesPerStep = 0.0, .zeroDegreesTime = {.daysSinceLocalEpoch = 0, .msSinceMidnight = 0}}, .transformInfo = {.transformed = false, .flipX = false, .flipY = false, .flip45 = false, .scaleX = 0.0, .scaleY = 0.0}, .type = GENERIC, .blink = {.blinking = false, .periodOnMs = 0.0, .periodOffMs = 0.0, .startTime = {.daysSinceLocalEpoch = 0, .msSinceMidnight = 0}}, .zOrder = 8, .displayInTwm = true}, image.size() = 84
11-02 22:31:27.219918  2520  8486 D HOME    : [WatchStreamDB]updateRanking()
11-02 22:31:27.219937   512   512 I sensors-hal: batch:149, android.sensor.accelerometer/48, period=66667000, max_latency=100000000 request completed
11-02 22:31:27.220895   416  2389 D SKGHAL  : saveResource: resId = 100000
11-02 22:31:27.221087  2520  8486 D HOME    : [WatchStreamDB]Item alerting conditions - isInterruptive: false, recentlyInterrupted: false, isItemPinned: false, isUnread: false
11-02 22:31:27.221384  1686  1742 D SidekickService: sendBitmapsLocked(): status = 0, bytesUsed = 18
11-02 22:31:27.221589  1686  1742 D SidekickService: ISidekickGraphics#endResources()...
11-02 22:31:27.223678  2520  2520 W StaticLayout: maxLineHeight should not be -1.  maxLines:1 lineCount:1
11-02 22:31:27.224902  2520  8486 D HOME    : [StreamAlertingRegulator]isTheaterModeEnabled: false, isAlertingAllowedByOffBody: true, matchesLocalInterruptionFilter: true
11-02 22:31:27.225591  2520  8486 D HOME    : [WatchStreamDB]couldItemAlert: false, isTopItemChanged: false, isDeferralForTopItem: false
11-02 22:31:27.226964  2520  8486 D HOME    : [NewStreamAdapter]Publishing revision #2427 to adapter clients
11-02 22:31:27.227621  2520  8604 D HOME    : [StreamDBQueue]Promised revision #2428 to queue a new op
11-02 22:31:27.228084  2520  8604 D WatchStreamManager: Promised rerank @ r#2428
11-02 22:31:27.228377  2520  8464 D HOME    : [WatchStreamDB]updateRanking()
11-02 22:31:27.230645  2520  8464 D HOME    : [WatchStreamDB]Item alerting conditions - isInterruptive: false, recentlyInterrupted: false, isItemPinned: false, isUnread: false
11-02 22:31:27.231974  2520  8464 D HOME    : [StreamAlertingRegulator]isTheaterModeEnabled: false, isAlertingAllowedByOffBody: true, matchesLocalInterruptionFilter: true
11-02 22:31:27.232229  2520  8464 D HOME    : [WatchStreamDB]couldItemAlert: false, isTopItemChanged: false, isDeferralForTopItem: false
11-02 22:31:27.233330  2520  8464 D HOME    : [NewStreamAdapter]Publishing revision #2428 to adapter clients
11-02 22:31:27.418426  1686  1696 I system_server: Background concurrent copying GC freed 39852(2MB) AllocSpace objects, 17(532KB) LOS objects, 19% free, 9MB/12MB, paused 546us total 230.774ms
11-02 22:31:27.501043   416  2389 D SKGHAL  : sendResources: metadata size = 2400, font size = 72
11-02 22:31:27.572350   416  2389 D SKGHAL  : endResources: rc = 0
11-02 22:31:27.573079  1686  1686 W system_server: Long monitor contention with owner Binder:1686_4 (1742) at int com.google.android.clockwork.sidekick.SidekickService$BinderService.sendWatchFace(com.google.android.clockwork.decomposablewatchface.WatchFaceDecomposition, boolean)(SidekickService.java:1021) waiters=0 in boolean com.google.android.clockwork.sidekick.SidekickService$BinderService.readyToDisplay() for 354ms
11-02 22:31:27.573635  2520  2520 D HOME    : [SidekickManagerAsync]replaceWatchFaceComponents(): Callback#onResult(): 0
--------- switch to kernel
11-02 22:31:27.527584     0     0 E FG      : fg_psy_get_property: unsupported property 7
11-02 22:31:27.529393     0     0 W healthd : battery l=52 v=3832 t=34.0 h=2 st=3 c=128 fc=443000 cc=0 chg=
--------- switch to main
11-02 22:31:27.573860  2520  2520 D HOME    : [WatchFaceUiController]Complication updates sent, posting watch face hiding
--------- switch to kernel
11-02 22:31:27.571368     0     0 I mdss_dsi_panel_set_idle_mode: Idle (0->1)
--------- switch to system
11-02 22:31:27.573861  1686  1686 W Looper  : Slow dispatch took 358ms main h=android.os.Handler c=com.google.android.wearable.ambient.AmbientDream$Callbacks$1@b05a47 m=0
--------- switch to kernel
11-02 22:31:27.612199     0     0 I         : [touch]FB_BLANK_VSYNC_SUSPEND
--------- switch to main
11-02 22:31:27.573919  2520  2520 D HOME    : [WatchFaceUiController]Still in ambient watch face, hiding
11-02 22:31:27.573965  2520  2520 D HOME    : [WatchFaceUiController]Hiding watch face wallpaper.
--------- switch to kernel
11-02 22:31:27.612205     0     0 I         : [touch]irq disable
--------- switch to main
11-02 22:31:27.599359   512   512 I sensors-hal: activate:107, android.sensor.light/46 en=0
--------- switch to kernel
11-02 22:31:27.612208     0     0 I         : [touch]workqueue is empty!
--------- switch to main
11-02 22:31:27.603125  1956  1956 D QtiCarrierConfigHelper: WARNING, no carrier configs on phone Id: 0
--------- switch to kernel
11-02 22:31:27.612212     0     0 I         : [touch]raydium_ts_do_suspend.
--------- switch to main
11-02 22:31:27.605173  2520  2520 D HOME    : [BatteryChange]action: android.intent.action.BATTERY_CHANGED
--------- switch to kernel
11-02 22:31:27.612221     0     0 I         : [touch]Device may wakeup
--------- switch to main
11-02 22:31:27.605696  2520  7941 D HOME    : [BatteryChange]HandleBatteryChangedTask
11-02 22:31:27.606135   512   512 I sensors-hal: activate:118, android.sensor.light/46 en=0 completed
--------- switch to kernel
11-02 22:31:27.615478     0     0 I         : [touch]irq enable
--------- switch to main
11-02 22:31:27.606823  2520  7941 D HOME    : [BatteryChange]level: 52, status: 3
--------- switch to system
11-02 22:31:27.616715  1686  1710 I DisplayManagerService: Display device changed state: "Écran intégré", DOZE_SUSPEND
--------- switch to main
11-02 22:31:27.635023   545   545 D SurfaceFlinger: Set power mode=3, type=0 flinger=0xb6bb6000
11-02 22:31:27.635640   504   764 I SDM     : DisplayBase::SetDisplayState: Set state = 3, display 0
11-02 22:31:27.680274   545   545 D SurfaceFlinger: Finished set power mode=3, type=0
11-02 22:31:27.680770  1686  1823 I SidekickService: beginDisplayLocked(): DOZE_SUSPEND
11-02 22:31:27.681375   416  2389 D SKGHAL  : sendAmbientPrepare: enter:
11-02 22:31:27.686970  1686  1759 I InputReader: Reconfiguring input devices.  changes=0x00000004
11-02 22:31:27.810392   416  2389 D SKGHAL  : sendAmbientEvent: enter: enable = 1
11-02 22:31:27.811631   504   523 I SDM     : DisplayBase::SetDisplayState: Set state = 4, display 0
11-02 22:31:27.811772   504   523 D SDM     : HWCDisplayPrimary::SetStandByMode: Null display is connected successfully
11-02 22:31:27.811994   416  2389 D SKGHAL  : standBy_update_control call succeed on 1
11-02 22:31:27.820035   416  2389 D SKGHAL  : sendAmbientEvent: done: enable = 1
11-02 22:31:27.820649  1686  1823 D SidekickService:    ... beginDisplay result: 0 for halPower: 1
11-02 22:31:27.824485   512   512 I sensors-hal: activate:107, android.sensor.accelerometer/48 en=0
11-02 22:31:27.826277   512   512 I sensors-hal: activate:118, android.sensor.accelerometer/48 en=0 completed
--------- switch to kernel
11-02 22:31:27.764339     0     0 E bgrsb   : bgrsb_enable: gpio 32 is valid
--------- switch to main
11-02 22:31:27.857305  1686  1686 I WearPower: [WearTouchMediator] changing touch input to enabled (ON_AUTO)
11-02 22:31:27.858278  1686  1759 I InputReader: Reconfiguring input devices.  changes=0x00000200
--------- switch to kernel
11-02 22:31:27.795825     0     0 I init    : processing action (ro.enable_core_ctl=true && sys.cw_corectl_mode=idle) from (/vendor/etc/init/hw/init.qcom.rc:949)
--------- switch to main
11-02 22:31:27.865587  1686  1686 I AmbientService: [ce6a28c] Timeout alarm not required, auto-resume timeout handled by dream.
11-02 22:31:27.875018  3205  3434 W WorkController: Loading failed for worker [trainingcache]: worker not found
11-02 22:31:27.876755  3205  3294 W A       : TrainingCache cache SCREEN_OFF failure
11-02 22:31:27.876755  3205  3294 W A       : com.google.android.apps.gsa.search.core.service.h.a.a: No worker found for Worker ID [trainingcache].
11-02 22:31:27.876755  3205  3294 W A       : 	at com.google.android.apps.gsa.search.core.service.g.a.c.a(Unknown Source:5)
11-02 22:31:27.876755  3205  3294 W A       : 	at com.google.android.libraries.gsa.c.a.d.a(Unknown Source:3)
11-02 22:31:27.876755  3205  3294 W A       : 	at com.google.common.p.a.cg.c(Unknown Source:2)
11-02 22:31:27.876755  3205  3294 W A       : 	at com.google.common.p.a.bk.run(SourceFile:3)
11-02 22:31:27.876755  3205  3294 W A       : 	at com.google.common.p.a.ci.run(Unknown Source:4)
11-02 22:31:27.876755  3205  3294 W A       : 	at com.google.apps.tiktok.concurrent.ab.run(SourceFile:1)
11-02 22:31:27.876755  3205  3294 W A       : 	at java.util.concurrent.ThreadPoolExecutor.runWorker(ThreadPoolExecutor.java:1167)
11-02 22:31:27.876755  3205  3294 W A       : 	at java.util.concurrent.ThreadPoolExecutor$Worker.run(ThreadPoolExecutor.java:641)
11-02 22:31:27.876755  3205  3294 W A       : 	at com.google.apps.tiktok.concurrent.c.run(Unknown Source:4)
11-02 22:31:27.876755  3205  3294 W A       : 	at java.lang.Thread.run(Thread.java:764)
--------- switch to system
11-02 22:31:27.885541   618   618 W wificond: Skip match ssid for pno scan: Samsung Ingrid, Wifirst Les Valmonts, Pauline, HUAWEI-F3EF, PUBLIC WIFI Groupe Televerbier, TMR_PUBLIC_WIFI, SFR_1AE0, BINLAR_2.4G, Sira-WiFi, iPhone S, Siam Garden Cooking School, .@AirportAISFreeWiFi, iPhone de Ameulie, Paulo's iPhone, Beach  Park Hostel & Tree Bar, The Big_Easy, AndroidAPEC14, _VINCI Airports wifi, Yolo Hostel, .@AirportDTACFreeWiFi,    .@ TRUEWIFI, .@ AIS SUPER WiFi, .@AirportTrueFreeWiFi,     King Power,  Free Airport-Google WiFi by CAT, BangkokAirways, UPC5616060, ColocMegy, jcmjsm, iPhone Consti, ASGARD, FMEL, Florence 2.4Ghz, BENJI, IBIS_STYLES_NANTES_CENTRE_GARE_N, LACENNE , Jack's iPhone, Salt_2GHz_28C9D0, Salt_5GHz_28C9D0, Yah Hallo, ASGARD-24G, Livebox-22B4, LeBOen, App_111, Michaud1936, _VT21-VISITORS_, Sebi, RAFA 5, Verkehrshaus, iPhone, MONZOON, igluna-public, kepler, _WIFI_LYRIA, HUAWEI-C452, Vodafone-A54562143, WiFiFrecce, OSoleMioWifi, VodafoneDepretis19, SanLorenzo, Live Hotels Guest, Franci , iPhone de Soline, viktoria_intern, UPC7759032, Vod
--------- switch to main
11-02 22:31:27.890324  2520  2520 D HOME    : [StreamDBQueue]Promised revision #2429 to queue a new op
11-02 22:31:27.890821  2520  2520 D WatchStreamManager: Promised rank-blocked=false @ r#2429
11-02 22:31:27.891161  2520  2520 D HOME    : [CompactHunStarter]detachWindow()
11-02 22:31:27.891695  2520  7941 D HOME    : [WatchStreamDB]Item alerting conditions - isInterruptive: false, recentlyInterrupted: false, isItemPinned: false, isUnread: false
11-02 22:31:27.891783  2520  8486 D HOME    : [StreamDBQueue]Promised revision #2430 to queue a new op
11-02 22:31:27.891906  2520  8486 D WatchStreamManager: Promised rerank @ r#2430
11-02 22:31:27.892045  2520  7941 D HOME    : [StreamAlertingRegulator]isTheaterModeEnabled: false, isAlertingAllowedByOffBody: true, matchesLocalInterruptionFilter: true
11-02 22:31:27.892289  2520  7941 D HOME    : [WatchStreamDB]couldItemAlert: false, isTopItemChanged: false, isDeferralForTopItem: false
11-02 22:31:27.892772  2520  7941 D HOME    : [WatchStreamDB]updateRanking()
11-02 22:31:27.893313  2520  7941 D HOME    : [WatchStreamDB]Item alerting conditions - isInterruptive: false, recentlyInterrupted: false, isItemPinned: false, isUnread: false
11-02 22:31:27.893629  2520  7941 D HOME    : [StreamAlertingRegulator]isTheaterModeEnabled: false, isAlertingAllowedByOffBody: true, matchesLocalInterruptionFilter: true
11-02 22:31:27.893841  2520  7941 D HOME    : [WatchStreamDB]couldItemAlert: false, isTopItemChanged: false, isDeferralForTopItem: false
11-02 22:31:27.894394  2520  7941 D HOME    : [NewStreamAdapter]Publishing revision #2430 to adapter clients
--------- switch to system
11-02 22:31:27.924484   618   618 I wificond: Pno scan started
--------- switch to kernel
11-02 22:31:27.872472     0     0 I CPU1    : update max cpu_capacity 748
11-02 22:31:27.872831     0     0 I CPU3    : update max cpu_capacity 1024
11-02 22:31:27.938281     0     0 I PM      : suspend entry 2021-11-02 21:31:27.938281523 UTC
11-02 22:31:27.938293     0     0 I PM      : Syncing filesystems ...
11-02 22:31:27.948742     0     0 I CPU2    : shutdown
11-02 22:31:27.950863     0     0 I init    : Command 'write /sys/devices/system/cpu/cpu2/online 0' action=ro.enable_core_ctl=true && sys.cw_corectl_mode=idle (/vendor/etc/init/hw/init.qcom.rc:951) took 90ms and succeeded
11-02 22:31:27.966062     0     0 I         : done.
11-02 22:31:27.999332     0     0 I CPU3    : shutdown
11-02 22:31:28.000565     0     0 I         : Freezing user space processes ...
11-02 22:31:28.005918     0     0 I CPU1    : update max cpu_capacity 748
11-02 22:31:28.005941     0     0 I PM      : Wakeup pending, aborting suspend
11-02 22:31:28.005980     0     0 I         : active wakeup source: NETLINK
11-02 22:31:28.006020     0     0 E         : Freezing of tasks aborted after 0.005 seconds
11-02 22:31:28.006035     0     0 I         : Restarting tasks ...
11-02 22:31:28.006767     0     0 W QSEECOM : qseecom_receive_req: Interrupted: exiting Listener Service = 8192
11-02 22:31:28.010587     0     0 W QSEECOM : qseecom_receive_req: Interrupted: exiting Listener Service = 28672
11-02 22:31:28.010638     0     0 W QSEECOM : qseecom_receive_req: Interrupted: exiting Listener Service = 12288
11-02 22:31:28.010842     0     0 W QSEECOM : qseecom_receive_req: Interrupted: exiting Listener Service = 11
11-02 22:31:28.010880     0     0 W QSEECOM : qseecom_receive_req: Interrupted: exiting Listener Service = 10
11-02 22:31:28.011329     0     0 I         : done.
11-02 22:31:28.017630     0     0 I init    : Command 'write /sys/devices/system/cpu/cpu3/online 0' action=ro.enable_core_ctl=true && sys.cw_corectl_mode=idle (/vendor/etc/init/hw/init.qcom.rc:952) took 60ms and succeeded
11-02 22:31:28.012101     0     0 I PM      : suspend exit 2021-11-02 21:31:28.012101158 UTC
11-02 22:31:28.213602     0     0 I PM      : suspend entry 2021-11-02 21:31:28.213602512 UTC
--------- switch to system
11-02 22:34:13.908622  1686  1686 I PowerManagerService: Waking up from dozing (uid=1000 reason=tiltToWake)...
--------- switch to kernel
11-02 22:31:28.213628     0     0 I PM      : Syncing filesystems ... done.
11-02 22:31:28.233971     0     0 I         : Freezing user space processes ... (elapsed 0.008 seconds) done.
11-02 22:31:28.242540     0     0 I         : Freezing remaining freezable tasks ... (elapsed 0.004 seconds) done.
11-02 22:31:28.246988     0     0 I         : Suspending console(s) (use no_console_suspend to debug)
11-02 22:31:28.259315     0     0 I mdss_dsi_panel_set_idle_mode: Idle (1->1)
11-02 22:31:28.301180     0     0 I bgcom   : bgcom_pm_suspend: suspended with : 0
11-02 22:31:28.330887     0     0 I PM      : suspend of devices complete after 81.373 msecs
11-02 22:31:28.337286     0     0 I PM      : late suspend of devices complete after 6.355 msecs
11-02 22:31:28.343510     0     0 I PM      : noirq suspend of devices complete after 6.198 msecs
11-02 22:31:28.343524     0     0 I         : Disabling non-boot CPUs ...
11-02 22:31:28.359406     0     0 I CPU1    : shutdown
11-02 22:31:28.361840     0     0 I suspend ns: 1853561651172	suspend cycles:     387373368770
11-02 22:31:28.361819     0     0 I CPU0    : msm_cpu_pm_enter_sleep mode:3 during suspend
11-02 22:31:28.361819     0     0 I         : Suspended for 165.430 seconds
11-02 22:31:28.361819     0     0 I resume cycles: 390549628518
11-02 22:31:28.362467     0     0 I         : Enabling non-boot CPUs ...
11-02 22:31:28.363530     0     0 I CPU1    : update cpu_capacity 1024
11-02 22:31:28.365519     0     0 I         : CPU1 is up
11-02 22:31:28.366122     0     0 I CPU1    : update max cpu_capacity 748
11-02 22:31:28.370029     0     0 I PM      : noirq resume of devices complete after 3.917 msecs
11-02 22:31:28.375674     0     0 I PM      : early resume of devices complete after 4.082 msecs
11-02 22:31:28.410213     0     0 I bgcom   : bgcom_pm_resume: Bgcom resumed with : 0
11-02 22:31:28.420667     0     0 I mdss_dsi_panel_set_idle_mode: Idle (1->1)
11-02 22:31:28.460015     0     0 I PM      : resume of devices complete after 83.975 msecs
11-02 22:31:28.463280     0     0 I         : Restarting tasks ...
11-02 22:31:28.469898     0     0 W QSEECOM : qseecom_receive_req: Interrupted: exiting Listener Service = 11
11-02 22:31:28.485838     0     0 W QSEECOM : qseecom_receive_req: Interrupted: exiting Listener Service = 8192
11-02 22:31:28.485900     0     0 W QSEECOM : qseecom_receive_req: Interrupted: exiting Listener Service = 12288
11-02 22:31:28.485939     0     0 W QSEECOM : qseecom_receive_req: Interrupted: exiting Listener Service = 10
11-02 22:31:28.485980     0     0 W QSEECOM : qseecom_receive_req: Interrupted: exiting Listener Service = 28672
--------- switch to system
11-02 22:34:13.949479  1686  1686 W UsageStatsService: Event reported without a package name
--------- switch to main
11-02 22:34:13.999681   512   512 I sensors-hal: batch:140, android.sensor.light/46, period=100000000, max_latency=0
11-02 22:34:13.999815   512   512 I sensors-hal: batch:149, android.sensor.light/46, period=100000000, max_latency=0 request completed
11-02 22:34:14.000299   512   512 I sensors-hal: activate:107, android.sensor.light/46 en=1
11-02 22:34:14.000705   512   512 I sensors-hal: ssc_enable_rt_task:254, ssc_enable_rt_task : true
11-02 22:34:14.010610   512   512 I sensors-hal: activate:118, android.sensor.light/46 en=1 completed
11-02 22:34:14.012806  1686  1823 I SidekickService: endDisplayLocked()
--------- switch to system
11-02 22:34:14.013193  1686  1710 I DisplayManagerService: Display device changed state: "Écran intégré", ON
--------- switch to main
11-02 22:34:14.013945   416  2389 D SKGHAL  : sendAmbientEvent: enter: enable = 0
11-02 22:34:14.022397   512   512 I sensors-hal: batch:140, android.sensor.accelerometer/48, period=66667000, max_latency=100000000
11-02 22:34:14.022507   512   512 I sensors-hal: batch:149, android.sensor.accelerometer/48, period=66667000, max_latency=100000000 request completed
11-02 22:34:14.029013  4243  4243 D OMService: onDisplayChanged: not dozing
11-02 22:34:14.030370   512   512 I sensors-hal: activate:107, android.sensor.accelerometer/48 en=1
11-02 22:34:14.037088  1686  1759 I InputReader: Reconfiguring input devices.  changes=0x00000004
11-02 22:34:14.051682   512   512 I sensors-hal: ssc_enable_rt_task:254, ssc_enable_rt_task : true
--------- switch to kernel
11-02 22:31:28.513152     0     0 I         : done.
11-02 22:34:13.944454     0     0 I PM      : suspend exit 2021-11-02 21:34:13.944454271 UTC
11-02 22:34:13.945540     0     0 E FG      : fg_psy_get_property: unsupported property 7
11-02 22:34:13.888328     0     0 W healthd : battery l=52 v=3895 t=34.0 h=2 st=3 c=7 fc=443000 cc=0 chg=
--------- switch to main
11-02 22:34:14.097616   512   512 I sensors-hal: activate:118, android.sensor.accelerometer/48 en=1 completed
11-02 22:34:14.106936  2520  2714 D HOME    : [TickMonitor]Received time tick
11-02 22:34:14.114704  1956  1956 D QtiCarrierConfigHelper: WARNING, no carrier configs on phone Id: 0
11-02 22:34:14.138118  3205  3434 W WorkController: Loading failed for worker [trainingcache]: worker not found
--------- switch to system
11-02 22:34:14.141061  1686  1702 W BroadcastQueue: Background execution not allowed: receiving Intent { act=android.intent.action.USER_PRESENT flg=0x10 } to com.google.android.gms/.auth.setup.devicesignals.LockScreenReceiver
--------- switch to main
11-02 22:34:14.141158  3205  3372 W A       : TrainingCache cache DEVICE_UNLOCKED failure
11-02 22:34:14.141158  3205  3372 W A       : com.google.android.apps.gsa.search.core.service.h.a.a: No worker found for Worker ID [trainingcache].
11-02 22:34:14.141158  3205  3372 W A       : 	at com.google.android.apps.gsa.search.core.service.g.a.c.a(Unknown Source:5)
11-02 22:34:14.141158  3205  3372 W A       : 	at com.google.android.libraries.gsa.c.a.d.a(Unknown Source:3)
11-02 22:34:14.141158  3205  3372 W A       : 	at com.google.common.p.a.cg.c(Unknown Source:2)
11-02 22:34:14.141158  3205  3372 W A       : 	at com.google.common.p.a.bk.run(SourceFile:3)
11-02 22:34:14.141158  3205  3372 W A       : 	at com.google.common.p.a.ci.run(Unknown Source:4)
11-02 22:34:14.141158  3205  3372 W A       : 	at com.google.apps.tiktok.concurrent.ab.run(SourceFile:1)
11-02 22:34:14.141158  3205  3372 W A       : 	at java.util.concurrent.ThreadPoolExecutor.runWorker(ThreadPoolExecutor.java:1167)
11-02 22:34:14.141158  3205  3372 W A       : 	at java.util.concurrent.ThreadPoolExecutor$Worker.run(ThreadPoolExecutor.java:641)
11-02 22:34:14.141158  3205  3372 W A       : 	at com.google.apps.tiktok.concurrent.c.run(Unknown Source:4)
11-02 22:34:14.141158  3205  3372 W A       : 	at java.lang.Thread.run(Thread.java:764)
--------- switch to system
11-02 22:34:14.141968  1686  1702 W BroadcastQueue: Background execution not allowed: receiving Intent { act=android.intent.action.USER_PRESENT flg=0x10 } to com.google.android.gms/.chimera.GmsIntentOperationService$PersistentTrustedReceiver
--------- switch to main
11-02 22:34:14.156765  2520  2520 D HOME    : [BatteryChange]action: android.intent.action.BATTERY_CHANGED
11-02 22:34:14.157604  2520  8604 D HOME    : [BatteryChange]HandleBatteryChangedTask
11-02 22:34:14.158292  2520  8604 D HOME    : [BatteryChange]level: 52, status: 3
11-02 22:34:14.167026  2520  2714 D HOME    : [TickMonitor]handleTimeTick() finished
11-02 22:34:14.205444   504   523 I SDM     : DisplayBase::SetDisplayState: Set state = 3, display 0
11-02 22:34:14.205679   504   523 D SDM     : HWCDisplayPrimary::SetStandByMode: Display is connected successfully
--------- switch to kernel
11-02 22:34:14.061069     0     0 E bgrsb   : bgrsb_enable: rsb will set report rate
11-02 22:34:14.140490     0     0 E bgrsb   : bgrsb_enable: gpio 32 is valid
11-02 22:34:14.141113     0     0 I         : [touch]FB_BLANK_VSYNC_SUSPEND
11-02 22:34:14.141118     0     0 I         : [touch]Already in suspend state
--------- switch to main
11-02 22:34:14.215549   416  2389 D SKGHAL  : standBy_update_control call succeed on 0
11-02 22:34:14.215682   416  2389 D SKGHAL  : sendAmbientEvent: done: enable = 0
11-02 22:34:14.216769  1686  1823 D SidekickService:    ... endDisplay returns void
11-02 22:34:14.219584   545   545 D SurfaceFlinger: Set power mode=2, type=0 flinger=0xb6bb6000
11-02 22:34:14.219982   504   761 I SDM     : DisplayBase::SetDisplayState: Set state = 1, display 0
11-02 22:34:14.229560   545   545 D SurfaceFlinger: Finished set power mode=2, type=0
--------- switch to system
11-02 22:34:14.232284  1686  1712 W PowerManagerService: Screen on took 453 ms
11-02 22:34:14.232619  1686  1712 I DreamManagerService: Gently waking up from dream.
11-02 22:34:14.233272  1686  1708 I DreamManagerService: Performing gentle wake from dream.
11-02 22:34:14.247741  1686  1686 V DreamService[AmbientDream]: wakeUp(): fromSystem=true, mWaking=false, mFinished=false
11-02 22:34:14.248128  1686  1686 V DreamService[AmbientDream]: finish(): mFinished=false
11-02 22:34:14.248296  1686  1686 I DreamManagerService: Leaving dreamland.
11-02 22:34:14.249152  1686  1708 I DreamManagerService: Performing gentle wake from dream.
11-02 22:34:14.249395  1686  1708 I DreamController: Stopping dream: name=ComponentInfo{com.google.android.wearable.ambient/com.google.android.wearable.ambient.AmbientDream}, isTest=false, canDoze=true, userId=0
--------- switch to main
11-02 22:34:14.261919   512  8889 I sensors-hal: handle_indication_realtime:355,  SCHED_FIFO(10) for qmi_cbk
--------- switch to kernel
11-02 22:34:14.162771     0     0 I mdss_dsi_panel_set_idle_mode: Idle (1->0)
11-02 22:34:14.163726     0     0 E mdp3_enable_panic_ctrl: mdp3_enable_panic_ctrl: Enable Panic Control
11-02 22:34:14.163812     0     0 I         : [touch]FB_BLANK_UNBLANK
11-02 22:34:14.163817     0     0 I         : [touch]raydium_ts_do_resume, 1.
11-02 22:34:14.164184     0     0 I         : [ raydium ]workqueue is empty!
11-02 22:34:14.164200     0     0 I raydium_ts 5-0039: [touch]Already enable irq
11-02 22:34:14.164204     0     0 I         : [touch]Device may wakeup
--------- switch to main
11-02 22:34:14.296396  1686  1686 W AlarmManager: Unrecognized alarm listener com.android.server.job.controllers.-$$Lambda$IdleController$IdlenessTracker$nTdS-lGBXcES5VWKcJFmQFgU7IU@1ab437a
--------- switch to system
11-02 22:34:14.297400  1686  1686 V DreamService[AmbientDream]: detach(): Calling onDreamingStopped()
--------- switch to main
11-02 22:34:14.297539  1686  1686 I AmbientService: [ce6a28c] doOnDreamingStopped
11-02 22:34:14.297663  1686  1686 D WristGestureCtrl: Starting: GesturesEnabled-false UngazeEnabled-true
11-02 22:34:14.297731  1686  1686 D DefaultUngazeDetector: starting
11-02 22:34:14.297802  1686  1686 D DefaultUngazeDetector: startUngazeStateEstimation(). startTime = 20333727
11-02 22:34:14.299478  1686  1686 W AlarmManagerProxy: Removing unknown listener
11-02 22:34:14.301900   512   512 I sensors-hal: batch:140, android.sensor.accelerometer/48, period=19231000, max_latency=100000000
--------- switch to system
11-02 22:34:14.304260   618   618 I wificond: Pno scan stopped
--------- switch to main
11-02 22:34:14.306794   512  8891 I sensors-hal: handle_indication_realtime:355,  SCHED_FIFO(10) for qmi_cbk
11-02 22:34:14.307758   512   512 I sensors-hal: batch:149, android.sensor.accelerometer/48, period=19231000, max_latency=100000000 request completed
11-02 22:34:14.309541   512   512 I sensors-hal: flush:169, android.sensor.accelerometer/48
11-02 22:34:14.316795  2520  2520 D HOME    : [HomeVisitsLogger]Logging streamlet event: visit_start
11-02 22:34:14.317063  2520  2520 D HOME    : [HomeVisitsLogger]Logging streamlet event: exit_ambient_mode
11-02 22:34:14.317568  2520  2520 D HOME    : [HotwordController]updateClient MODE_WATCH_FACE false false false true
11-02 22:34:14.318541  2520  2520 D HOME    : [WatchFaceUiController]setInAmbientMode false
11-02 22:34:14.318628  2520  2520 D HOME    : [WatchFaceUiController]sendWatchFaceServiceBinder
11-02 22:34:14.324043  2520  2520 D HOME    : [WatchFaceUiController]sendStateToWallpaper
11-02 22:34:14.330997   512   512 I sensors-hal: flush:175, android.sensor.accelerometer/48 completed
11-02 22:34:14.359990  2520  2520 D HOME    : [WatchFaceUiController]Showing watch face wallpaper.
11-02 22:34:14.360213  2520  2520 D HOME    : [WatchFaceUiController]sendStateToWallpaper
11-02 22:34:14.362715  2520  2520 D HOME    : [StreamDBQueue]Promised revision #2431 to queue a new op
11-02 22:34:14.362980  2520  2520 D WatchStreamManager: Promised rank-blocked=true @ r#2431
11-02 22:34:14.363367  2520  2520 D HOME    : [StreamDBQueue]Promised revision #2432 to queue a new op
11-02 22:34:14.363504  2520  2520 D WatchStreamManager: Promised rank-blocked=true @ r#2432
11-02 22:34:14.364072  2520  2520 D HOME    : [TilesController]Tile refresh optimization is enabled.
11-02 22:34:14.364868  2520  2520 D HOME    : [EventBus]Wrapper pool is full. Discarding excess wrapper instance for event com.google.android.clockwork.sysui.events.KeyguardStateEvent
11-02 22:34:14.364984  2520  2520 D HOME    : [WatchFaceUiController]sendStateToWallpaper
11-02 22:34:14.365374  2520  8603 D HOME    : [DataRequester]cancelScheduledUpdates TileConfig{id=2, provider=ComponentInfo{com.google.android.wearable.app/com.google.android.clockwork.home.calendar.AgendaTileProviderService}}
11-02 22:34:14.366503  2520  8486 D HOME    : [WatchStreamDB]Item alerting conditions - isInterruptive: false, recentlyInterrupted: false, isItemPinned: false, isUnread: false
11-02 22:34:14.366892  2520  8486 D HOME    : [StreamAlertingRegulator]isTheaterModeEnabled: false, isAlertingAllowedByOffBody: true, matchesLocalInterruptionFilter: true
11-02 22:34:14.367139  2520  8486 D HOME    : [WatchStreamDB]couldItemAlert: false, isTopItemChanged: false, isDeferralForTopItem: false
11-02 22:34:14.368440  2520  2520 D HOME    : [EventBus]Wrapper pool is full. Discarding excess wrapper instance for event com.google.android.clockwork.sysui.events.KeyguardStateEvent
11-02 22:34:14.368735  2520  2520 D HOME    : [EventBus]Wrapper pool is full. Discarding excess wrapper instance for event com.google.android.clockwork.sysui.events.KeyguardStateEvent
11-02 22:34:14.373170  2520  2520 D HOME    : [WatchFaceUiController]sendStateToWallpaper
11-02 22:34:14.377020  2520  2520 W StaticLayout: maxLineHeight should not be -1.  maxLines:1 lineCount:1
11-02 22:34:14.389485  2520  8603 D HOME    : [DataRequester]requestUpdateFromProvider TileConfig{id=2, provider=ComponentInfo{com.google.android.wearable.app/com.google.android.clockwork.home.calendar.AgendaTileProviderService}}
11-02 22:34:14.392313  1686  1686 I AmbientService: [ce6a28c] No auto-resume Activity.
--------- switch to kernel
11-02 22:34:14.323567    22    22 E         : [22:34:14.388084] [0000005AEF410575] [VosRX]  wlan: [E :WDI] WDTS_RxPacketDump RX Data frame is UC
11-02 22:34:14.323603    22    22 E         : [22:34:14.388129] [0000005AEF4108BA] [VosRX]  wlan: [E :WDI] WDTS_RxPacketDump: Management subtype:5 SA:70:3a:0e:b8:d5:40 DA:00:0a:f5:f2:a2:70
--------- switch to main
11-02 22:34:14.397512  2520  8486 D HOME    : [WatchStreamDB]Item alerting conditions - isInterruptive: false, recentlyInterrupted: false, isItemPinned: false, isUnread: false
11-02 22:34:14.397922  2520  8486 D HOME    : [StreamAlertingRegulator]isTheaterModeEnabled: false, isAlertingAllowedByOffBody: true, matchesLocalInterruptionFilter: true
11-02 22:34:14.398176  2520  8486 D HOME    : [WatchStreamDB]couldItemAlert: false, isTopItemChanged: false, isDeferralForTopItem: false
--------- switch to system
11-02 22:34:14.399890  1686  1686 W Looper  : Slow dispatch took 102ms main h=android.os.Handler c=android.service.dreams.DreamService$DreamServiceWrapper$2@de6337 m=0
11-02 22:34:14.400915  1686  1686 W ContextImpl: Calling a method in the system process without a qualified user: android.app.ContextImpl.sendBroadcast:1020 android.content.ContextWrapper.sendBroadcast:449 com.google.android.wearable.ambient.AmbientDream.onDestroy:273 android.app.ActivityThread.handleStopService:3698 android.app.ActivityThread.access$1700:200 
--------- switch to main
11-02 22:34:14.401269  1686  1686 E AlarmManager: cancel() called with a null PendingIntent
--------- switch to system
11-02 22:34:14.401556  1686  1686 V DreamService[AmbientDream]: onDestroy()
--------- switch to kernel
