11-03 02:37:27.772744  9890  9890 D AdapterState: make() - Creating AdapterState
11-03 02:37:27.775784   416   416 D SKGHAL  : sendAmbientEvent: done: enable = 1
11-03 02:37:27.776484  1686  1823 D SidekickService:    ... beginDisplay result: 0 for halPower: 1
11-03 02:37:27.782935  9890  9890 I bt_btif : init
11-03 02:37:27.783318  9890  9890 D bt_osi_allocation_tracker: canary initialized
11-03 02:37:27.784533  9890  9906 I AdapterState: OFF : entered 
11-03 02:37:27.784700  9890  9906 D AdapterProperties: Setting state to OFF
--------- switch to kernel
11-03 02:37:27.785007     0     0 D logd    : logdr: UID=10034 GID=10034 PID=3338 n tail=0 logMask=4 pid=0 start=0ns timeout=0ns
--------- switch to main
11-03 02:37:27.795002  9890  9907 I bt_osi_thread: run_thread: thread id 9907, thread name stack_manager started
11-03 02:37:27.795696  9890  9907 I bt_stack_manager: event_init_stack is initializing the stack
11-03 02:37:27.806618  9890  9911 I bt_osi_thread: run_thread: thread id 9911, thread name alarm_default_ca started
11-03 02:37:27.807411  9890  9912 I bt_osi_thread: run_thread: thread id 9912, thread name alarm_dispatcher started
11-03 02:37:27.811599  9890  9907 I bt_btif_core: btif_init_bluetooth entered
11-03 02:37:27.812965  9890  9907 I bt_stack_config: init attempt to load stack conf from /etc/bluetooth/bt_stack.conf
11-03 02:37:27.814289  9890  9913 I bt_osi_thread: run_thread: thread id 9913, thread name bt_jni_workqueue started
11-03 02:37:27.814446  9890  9907 I bt_btif_core: btif_init_bluetooth finished
11-03 02:37:27.814482  9890  9907 I bt_stack_manager: event_init_stack finished
11-03 02:37:27.814667  9890  9890 I bt_osi_wakelock: wakelock_set_os_callouts set to non-native
11-03 02:37:27.814720  9890  9890 I bt_btif : get_profile_interface: id = socket
11-03 02:37:27.814911  9890  9890 W bt_btif : do_in_jni_thread: Dropped message, message_loop not initialized yet!
11-03 02:37:27.814983  9890  9890 I chatty  : uid=1002(bluetooth) com.android.bluetooth identical 1 line
11-03 02:37:27.815018  9890  9890 W bt_btif : do_in_jni_thread: Dropped message, message_loop not initialized yet!
11-03 02:37:27.818282  9890  9890 I bt_btif : get_profile_interface: id = sdp
11-03 02:37:27.822302  9890  9890 I BluetoothAdapterService: Phone policy enabled
11-03 02:37:27.828246  9890  9913 I bt_btif_core: run_message_loop entered
11-03 02:37:27.830388  9890  9890 D BluetoothActiveDeviceManager: start()
11-03 02:37:27.852691  9890  9890 D BluetoothAdapterService: setAdapterService() - trying to set service to com.android.bluetooth.btservice.AdapterService@4a429d6
11-03 02:37:27.855762  9890  9890 W BluetoothAdapterService: Unable to resolve SystemUI's UID.
11-03 02:37:27.855762  9890  9890 W BluetoothAdapterService: android.content.pm.PackageManager$NameNotFoundException: com.android.systemui
11-03 02:37:27.855762  9890  9890 W BluetoothAdapterService: 	at android.app.ApplicationPackageManager.getPackageUidAsUser(ApplicationPackageManager.java:299)
11-03 02:37:27.855762  9890  9890 W BluetoothAdapterService: 	at com.android.bluetooth.btservice.AdapterService.onCreate(AdapterService.java:430)
11-03 02:37:27.855762  9890  9890 W BluetoothAdapterService: 	at android.app.ActivityThread.handleCreateService(ActivityThread.java:3533)
11-03 02:37:27.855762  9890  9890 W BluetoothAdapterService: 	at android.app.ActivityThread.access$1300(ActivityThread.java:200)
11-03 02:37:27.855762  9890  9890 W BluetoothAdapterService: 	at android.app.ActivityThread$H.handleMessage(ActivityThread.java:1667)
11-03 02:37:27.855762  9890  9890 W BluetoothAdapterService: 	at android.os.Handler.dispatchMessage(Handler.java:106)
11-03 02:37:27.855762  9890  9890 W BluetoothAdapterService: 	at android.os.Looper.loop(Looper.java:193)
11-03 02:37:27.855762  9890  9890 W BluetoothAdapterService: 	at android.app.ActivityThread.main(ActivityThread.java:6680)
11-03 02:37:27.855762  9890  9890 W BluetoothAdapterService: 	at java.lang.reflect.Method.invoke(Native Method)
11-03 02:37:27.855762  9890  9890 W BluetoothAdapterService: 	at com.android.internal.os.RuntimeInit$MethodAndArgsCaller.run(RuntimeInit.java:493)
11-03 02:37:27.855762  9890  9890 W BluetoothAdapterService: 	at com.android.internal.os.ZygoteInit.main(ZygoteInit.java:858)
11-03 02:37:27.857334  9890  9914 D BluetoothActiveDeviceManager: onAudioDevicesAdded
11-03 02:37:27.857490  9890  9914 D BluetoothActiveDeviceManager: Audio device added: Summit 2+ type: 1
11-03 02:37:27.857536  9890  9914 D BluetoothActiveDeviceManager: Audio device added: Summit 2+ type: 2
11-03 02:37:27.857571  9890  9914 D BluetoothActiveDeviceManager: Audio device added: Summit 2+ type: 15
11-03 02:37:27.857603  9890  9914 D BluetoothActiveDeviceManager: Audio device added: Summit 2+ type: 15
11-03 02:37:27.857633  9890  9914 D BluetoothActiveDeviceManager: Audio device added: Summit 2+ type: 18
11-03 02:37:27.857664  9890  9914 D BluetoothActiveDeviceManager: Audio device added: Summit 2+ type: 16
11-03 02:37:27.861467  9890  9890 D BluetoothAdapterService: onBind()
--------- switch to system
11-03 02:37:27.862649  1686  1686 D BluetoothManagerService: BluetoothServiceConnection: com.android.bluetooth.btservice.AdapterService
11-03 02:37:27.862993  1686  1709 D BluetoothManagerService: MESSAGE_BLUETOOTH_SERVICE_CONNECTED: 1
11-03 02:37:27.864046  1686  1709 D BluetoothManagerService: Broadcasting onBluetoothServiceUp() to 11 receivers.
--------- switch to main
11-03 02:37:27.864956  2163  5290 D BluetoothAdapter: onBluetoothServiceUp: android.bluetooth.IBluetooth$Stub$Proxy@9b57ab9
11-03 02:37:27.865474  3205  5219 D BluetoothAdapter: onBluetoothServiceUp: android.bluetooth.IBluetooth$Stub$Proxy@f9560c6
11-03 02:37:27.865640  4243  4258 D BluetoothAdapter: onBluetoothServiceUp: android.bluetooth.IBluetooth$Stub$Proxy@9da5b7b
11-03 02:37:27.865976  3316  5130 D BluetoothAdapter: onBluetoothServiceUp: android.bluetooth.IBluetooth$Stub$Proxy@ef46d77
11-03 02:37:27.866351  2456  2480 D BluetoothAdapter: onBluetoothServiceUp: android.bluetooth.IBluetooth$Stub$Proxy@2ffe9a2
11-03 02:37:27.866705  2520  3276 D BluetoothAdapter: onBluetoothServiceUp: android.bluetooth.IBluetooth$Stub$Proxy@70ffc03
11-03 02:37:27.867001  5603  5619 D BluetoothAdapter: onBluetoothServiceUp: android.bluetooth.IBluetooth$Stub$Proxy@a2f353d
11-03 02:37:27.867310  3338  3350 D BluetoothAdapter: onBluetoothServiceUp: android.bluetooth.IBluetooth$Stub$Proxy@60fb52a
11-03 02:37:27.867839  1686  1709 D BluetoothAdapter: onBluetoothServiceUp: android.bluetooth.IBluetooth$Stub$Proxy@c6f04a2
11-03 02:37:27.868332  1956  8491 D BluetoothAdapter: onBluetoothServiceUp: android.bluetooth.IBluetooth$Stub$Proxy@f56a185
11-03 02:37:27.868698  9890  9905 D BluetoothAdapter: onBluetoothServiceUp: com.android.bluetooth.btservice.AdapterService$AdapterServiceBinder@6dc329d
11-03 02:37:27.870840  9890  9905 D BluetoothAdapterService: enable() - Enable called with quiet mode status =  false
11-03 02:37:27.872078  9890  9906 I AdapterState: BLE_TURNING_ON : entered 
11-03 02:37:27.872184  9890  9906 D AdapterProperties: Setting state to BLE_TURNING_ON
11-03 02:37:27.872348  9890  9906 D BluetoothAdapterService: updateAdapterState() - Broadcasting state BLE_TURNING_ON to 1 receivers.
11-03 02:37:27.874340  9890  9906 D BluetoothAdapterService: bleOnProcessStart()
11-03 02:37:27.875413  9890  9906 I AdapterProperties: init(), maxConnectedAudioDevices, default=5, propertyOverlayed=5, finalValue=5
11-03 02:37:27.878057  9890  9906 D BluetoothAdapterService: bleOnProcessStart() - Make Bond State Machine
11-03 02:37:27.878605  9890  9906 D BluetoothBondStateMachine: make
--------- switch to system
11-03 02:37:27.879934  1686  1709 D BluetoothManagerService: MESSAGE_BLUETOOTH_STATE_CHANGE: OFF > BLE_TURNING_ON
11-03 02:37:27.880256  1686  1709 D BluetoothManagerService: Sending BLE State Change: OFF > BLE_TURNING_ON
--------- switch to main
11-03 02:37:27.889650  9890  9917 I BluetoothBondStateMachine: StableState(): Entering Off State
11-03 02:37:27.896781  9890  9890 I BtGatt.JNI: classInitNative(L889): classInitNative: Success!
11-03 02:37:27.899860  9890  9890 D BtGatt.DebugUtils: handleDebugAction() action=null
11-03 02:37:27.901050  9890  9890 D BluetoothAdapterService: getAdapterService() - returning com.android.bluetooth.btservice.AdapterService@4a429d6
11-03 02:37:27.907396  9890  9890 I bt_btif : get_profile_interface: id = gatt
11-03 02:37:27.907829  9890  9890 D BluetoothAdapterService: getAdapterService() - returning com.android.bluetooth.btservice.AdapterService@4a429d6
11-03 02:37:27.938648  9890  9890 D BluetoothAdapterService: getAdapterService() - returning com.android.bluetooth.btservice.AdapterService@4a429d6
11-03 02:37:27.956649  9890  9890 D BluetoothAdapterService: handleMessage() - Message: 2
11-03 02:37:27.956807  9890  9890 D BluetoothAdapterService: handleMessage() - MESSAGE_PROFILE_SERVICE_REGISTERED
11-03 02:37:27.956917  9890  9890 D BluetoothAdapterService: handleMessage() - Message: 1
11-03 02:37:27.956967  9890  9890 D BluetoothAdapterService: handleMessage() - MESSAGE_PROFILE_SERVICE_STATE_CHANGED
11-03 02:37:27.959207  9890  9890 I bt_btif : enable: start restricted = 0
11-03 02:37:27.959418  9890  9907 I bt_stack_manager: event_start_up_stack is bringing up the stack
11-03 02:37:27.959780  9890  9907 I bt_core_module: module_start_up Starting module "btif_config_module"
11-03 02:37:27.959853  9890  9907 I bt_core_module: module_start_up Started module "btif_config_module"
11-03 02:37:27.960073  9890  9907 I bt_core_module: module_start_up Starting module "btsnoop_module"
11-03 02:37:27.960231  9890  9907 I bt_core_module: module_start_up Started module "btsnoop_module"
11-03 02:37:27.960412  9890  9907 I bt_core_module: module_start_up Starting module "hci_module"
11-03 02:37:27.960456  9890  9907 I bt_hci  : hci_module_start_up
11-03 02:37:27.975971  9890  9924 I bt_osi_thread: run_thread: thread id 9924, thread name hci_thread started
11-03 02:37:27.976677  9890  9924 I bt_hci  : hci_initialize
11-03 02:37:27.979743  9890  9907 D bt_hci  : hci_module_start_up starting async portion
11-03 02:37:27.981529  9890  9924 I bt_hci  : hci_initialize: IBluetoothHci::getService() returned 0xa378bec0 (remote)
11-03 02:37:27.982725   494   494 W vendor.qti.bluetooth@1.0-bluetooth_hci: BluetoothHci::initialize()
11-03 02:37:27.982866   494   494 W vendor.qti.bluetooth@1.0-data_handler: DataHandler:: Init()
11-03 02:37:27.982913   494   494 W vendor.qti.bluetooth@1.0-data_handler: vendor.qcom.bluetooth.soc prop  not set, so using pronto.
11-03 02:37:27.982913   494   494 W vendor.qti.bluetooth@1.0-data_handler:  
11-03 02:37:27.982944   494   494 I vendor.qti.bluetooth@1.0-data_handler: Open init_status 0 
11-03 02:37:27.983769   494   494 D vendor.qti.bluetooth@1.0-wake_lock: Init wakelock is initiated 
11-03 02:37:27.985838   494  9927 D vendor.qti.bluetooth@1.0-mct_transport: Init:> soc_type: 0
11-03 02:37:27.995772   494  9927 I vendor.qti.bluetooth@1.0-mct_transport: Done intiailizing Bluetooth SMD transport 
11-03 02:37:27.995890   494  9927 D vendor.qti.bluetooth@1.0-wake_lock: Acquire wakelock is acquired 
11-03 02:37:27.996104   494  9927 E vendor.qti.bluetooth@1.0-bluetooth_address: CMD result: 0
11-03 02:37:27.996147   494  9927 E vendor.qti.bluetooth@1.0-bluetooth_address: BD address read for NV_BD_ADDR_I: bc:47:4b:00:1d:80
11-03 02:37:27.996189   494  9927 D vendor.qti.bluetooth@1.0-nvm_tags_manager: DownloadNvmTags: Downloading NVM TAG 2
11-03 02:37:27.996219   494  9927 I vendor.qti.bluetooth@1.0-nvm_tags_manager: BD Address: bc:47:4b:00:1d:80
11-03 02:37:27.998238   494  9927 D vendor.qti.bluetooth@1.0-nvm_tags_manager: DownloadNvmTags: Downloaded NVM TAG 2
11-03 02:37:27.998310   494  9927 D vendor.qti.bluetooth@1.0-nvm_tags_manager: DownloadNvmTags: TAG Length = 6
11-03 02:37:27.998342   494  9927 D vendor.qti.bluetooth@1.0-nvm_tags_manager: DownloadNvmTags: TAG Value = 0xbc 0x47 0x4b 0x00 0x1d 0x80 
11-03 02:37:27.998364   494  9927 D vendor.qti.bluetooth@1.0-nvm_tags_manager: DownloadNvmTags: Downloading NVM TAG 95
11-03 02:37:27.999531   494  9927 D vendor.qti.bluetooth@1.0-nvm_tags_manager: DownloadNvmTags: Downloaded NVM TAG 95
11-03 02:37:27.999589   494  9927 D vendor.qti.bluetooth@1.0-nvm_tags_manager: DownloadNvmTags: TAG Length = 2
11-03 02:37:27.999615   494  9927 D vendor.qti.bluetooth@1.0-nvm_tags_manager: DownloadNvmTags: TAG Value = 0x00 0x0b 
11-03 02:37:27.999636   494  9927 D vendor.qti.bluetooth@1.0-nvm_tags_manager: DownloadNvmTags: Downloading NVM TAG 83
11-03 02:37:28.000503   494  9927 D vendor.qti.bluetooth@1.0-nvm_tags_manager: DownloadNvmTags: Downloaded NVM TAG 83
11-03 02:37:28.000556   494  9927 D vendor.qti.bluetooth@1.0-nvm_tags_manager: DownloadNvmTags: TAG Length = 3
11-03 02:37:28.000582   494  9927 D vendor.qti.bluetooth@1.0-nvm_tags_manager: DownloadNvmTags: TAG Value = 0x07 0x07 0x07 
11-03 02:37:28.000602   494  9927 D vendor.qti.bluetooth@1.0-nvm_tags_manager: DownloadNvmTags: Downloading NVM TAG 36
11-03 02:37:28.001421   494  9927 D vendor.qti.bluetooth@1.0-nvm_tags_manager: DownloadNvmTags: Downloaded NVM TAG 36
11-03 02:37:28.001469   494  9927 D vendor.qti.bluetooth@1.0-nvm_tags_manager: DownloadNvmTags: TAG Length = 12
11-03 02:37:28.001505   494  9927 D vendor.qti.bluetooth@1.0-nvm_tags_manager: DownloadNvmTags: TAG Value = 0xff 0x03 0x07 0x09 0x09 0x09 0x00 0x00 0x09 0x09 0x04 0x00 
11-03 02:37:28.001524   494  9927 I vendor.qti.bluetooth@1.0-nvm_tags_manager: HciReset: HCI RESET 
11-03 02:37:28.051563  1686  1696 I system_server: Background concurrent copying GC freed 65244(3MB) AllocSpace objects, 22(680KB) LOS objects, 19% free, 10MB/13MB, paused 1.972ms total 654.591ms
11-03 02:37:28.071789   494  9927 I vendor.qti.bluetooth@1.0-nvm_tags_manager: HciReset: HCI RESET Done
11-03 02:37:28.072562   494  9927 D vendor.qti.bluetooth@1.0-wake_lock: Release wakelock is released 
11-03 02:37:28.072694   494  9927 D vendor.qti.bluetooth@1.0-mct_controller: Init succeded
11-03 02:37:28.072758   494  9927 I vendor.qti.bluetooth@1.0-data_handler: Firmware download succeded, soc need reload patch next time=1
11-03 02:37:28.076160  9890  9924 I bt_hci  : event_finish_startup
11-03 02:37:28.076366  9890  9907 I bt_core_module: module_start_up Started module "hci_module"
11-03 02:37:28.077479   494  9928 E vendor.qti.bluetooth@1.0-async_fd_watcher: ThreadRoutine unable to set SCHED_FIFO for pid 494, tid 9928, error Operation not permitted
11-03 02:37:28.077665  9890  9929 I bt_osi_thread: run_thread: thread id 9929, thread name bt_workqueue started
11-03 02:37:28.078044  9890  9929 I         : [1103/023728.077944:INFO:btu_task.cc(107)] Bluetooth chip preload is complete
11-03 02:37:28.078906  9890  9929 I         : [1103/023728.078792:INFO:gatt_api.cc(948)] GATT_Register 81818181-8181-8181-8181-818181818181
11-03 02:37:28.079007  9890  9929 I         : [1103/023728.078961:INFO:gatt_api.cc(968)] allocated gatt_if=1
11-03 02:37:28.079119  9890  9929 I         : [1103/023728.079076:INFO:gatt_api.cc(161)] GATTS_AddService
11-03 02:37:28.079218  9890  9929 I         : [1103/023728.079173:INFO:gatt_api.cc(265)] GATTS_AddService: service parsed correctly, now starting
11-03 02:37:28.079580  9890  9929 I         : [1103/023728.079515:INFO:gatt_api.cc(948)] GATT_Register 82828282-8282-8282-8282-828282828282
11-03 02:37:28.079668  9890  9929 I         : [1103/023728.079625:INFO:gatt_api.cc(968)] allocated gatt_if=2
11-03 02:37:28.079743  9890  9929 I         : [1103/023728.079703:INFO:gatt_api.cc(161)] GATTS_AddService
11-03 02:37:28.079825  9890  9929 I         : [1103/023728.079782:INFO:gatt_api.cc(265)] GATTS_AddService: service parsed correctly, now starting
11-03 02:37:28.080301  9890  9929 I bt_bte  : BTE_InitTraceLevels -- TRC_HCI : Level 2
11-03 02:37:28.080349  9890  9929 I bt_bte  : BTE_InitTraceLevels -- TRC_L2CAP : Level 2
11-03 02:37:28.080372  9890  9929 I bt_bte  : BTE_InitTraceLevels -- TRC_RFCOMM : Level 2
11-03 02:37:28.080392  9890  9929 I bt_bte  : BTE_InitTraceLevels -- TRC_AVDT : Level 2
11-03 02:37:28.080413  9890  9929 I bt_bte  : BTE_InitTraceLevels -- TRC_AVRC : Level 2
11-03 02:37:28.080435  9890  9929 I bt_bte  : BTE_InitTraceLevels -- TRC_A2D : Level 2
11-03 02:37:28.080458  9890  9929 I bt_bte  : BTE_InitTraceLevels -- TRC_BNEP : Level 2
11-03 02:37:28.080490  9890  9929 I bt_bte  : BTE_InitTraceLevels -- TRC_BTM : Level 2
11-03 02:37:28.080531  9890  9929 I bt_bte  : BTE_InitTraceLevels -- TRC_HID_HOST : Level 2
11-03 02:37:28.080559  9890  9929 I bt_bte  : BTE_InitTraceLevels -- TRC_PAN : Level 2
11-03 02:37:28.080580  9890  9929 I bt_bte  : BTE_InitTraceLevels -- TRC_SDP : Level 2
11-03 02:37:28.080601  9890  9929 I bt_bte  : BTE_InitTraceLevels -- TRC_SMP : Level 2
11-03 02:37:28.080627  9890  9929 I bt_bte  : BTE_InitTraceLevels -- TRC_HID_DEV : Level 2
11-03 02:37:28.080659  9890  9929 I bt_bte  : BTE_InitTraceLevels -- TRC_BTAPP : Level 2
11-03 02:37:28.080684  9890  9929 I bt_bte  : BTE_InitTraceLevels -- TRC_BTIF : Level 2
11-03 02:37:28.081035  9890  9930 I bt_osi_thread: run_thread: thread id 9930, thread name btu message loop started
11-03 02:37:28.082330  9890  9931 I bt_osi_thread: run_thread: thread id 9931, thread name module_wrapper started
11-03 02:37:28.082494  9890  9931 I bt_core_module: module_start_up Starting module "controller_module"
11-03 02:37:28.367380  9890  9931 I bt_core_module: module_start_up Started module "controller_module"
11-03 02:37:28.367652  9890  9931 W bt_osi_thread: run_thread: thread id 9931, thread name module_wrapper exited
11-03 02:37:28.368275  9890  9929 W bt_btm  : btm_decode_ext_features_page: feature page 1 ignored
11-03 02:37:28.368357  9890  9929 W bt_btm  : btm_decode_ext_features_page: feature page 2 ignored
11-03 02:37:28.368744  9890  9930 I bt_btm_sec: BTM_SecRegister p_cb_info->p_le_callback == 0x0x9225430d
11-03 02:37:28.368808  9890  9930 I bt_btm_sec: BTM_SecRegister btm_cb.api.p_le_callback = 0x0x9225430d 
11-03 02:37:28.370312  9890  9930 I bt_stack: [INFO:gatt_api.cc(948)] GATT_Register e9710ebf-4817-bdee-2b14-d7e9b1309624
11-03 02:37:28.370462  9890  9930 I bt_stack: [INFO:gatt_api.cc(968)] allocated gatt_if=3
11-03 02:37:28.426151  9890  9930 I bt_stack: [INFO:ble_advertiser_hci_interface.cc(767)] VSC advertising will be in use
11-03 02:37:28.426440  9890  9930 I bt_stack: [INFO:ble_advertiser_hci_interface.cc(276)] QuirkAdvertiserZeroHandle in use
11-03 02:37:28.427335  9890  9913 D AdapterProperties: BT_PROPERTY_LOCAL_LE_FEATURES: update from BT controller mNumOfAdvertisementInstancesSupported = 10 mRpaOffloadSupported = true mNumOfOffloadedIrkSupported = 8 mNumOfOffloadedScanFilterSupported = 16 mOffloadedScanResultStorageBytes= 10240 mIsActivityAndEnergyReporting = true mVersSupported = 96 mTotNumOfTrackableAdv = 32 mIsExtendedScanSupported = true mIsDebugLogSupported = true mIsLe2MPhySupported = false mIsLeCodedPhySupported = false mIsLeExtendedAdvertisingSupported = false mIsLePeriodicAdvertisingSupported = false mLeMaximumAdvertisingDataLength = 31
11-03 02:37:28.434330  9890  9930 W bt_btm  : BTM_BleConfigPrivacy 0
11-03 02:37:28.435427  9890  9913 E bt_btif_storage: btif_storage_get_adapter_property: Controller ready!
11-03 02:37:28.435626  9890  9913 I bt_btif_storage: btif_storage_get_adapter_property service_mask:0x20000000
11-03 02:37:28.495817  9890  9913 D AdapterProperties: Address is:80:1D:00:4B:47:BC
--------- switch to system
11-03 02:37:28.497520  1686  1686 D BluetoothManagerService: Bluetooth Adapter address changed to 80:1D:00:4B:47:BC
11-03 02:37:28.497936  1686  1686 D BluetoothManagerService: Stored Bluetoothaddress: 80:1D:00:4B:47:BC
--------- switch to main
11-03 02:37:28.498403  9890  9913 D AdapterProperties: Name is: Summit 2+ D638
--------- switch to system
11-03 02:37:28.498512  1686  1686 D BluetoothManagerService: Bluetooth Adapter name changed to Summit 2+ D638
11-03 02:37:28.498888  1686  1686 D BluetoothManagerService: Stored Bluetooth name: Summit 2+ D638
--------- switch to main
11-03 02:37:28.499704  9890  9913 D AdapterProperties: Scan Mode:20
11-03 02:37:28.499821  9890  9913 D AdapterProperties: Discoverable Timeout:0
11-03 02:37:28.501209  9890  9913 D AdapterProperties: Adding bonded device:14:3C:C3:AD:3D:53
11-03 02:37:28.516567  9890  9913 I bt_btif_core: btif_enable_bluetooth_evt entered: status 0
11-03 02:37:28.518259  9890  9933 I bt_osi_thread: run_thread: thread id 9933, thread name btif_sock started
11-03 02:37:28.518797  9890  9913 D bt_bte_conf: Device ID record 1 : primary
11-03 02:37:28.518846  9890  9913 D bt_bte_conf:   vendorId            = 00e0
11-03 02:37:28.518868  9890  9913 D bt_bte_conf:   vendorIdSource      = 0001
11-03 02:37:28.518888  9890  9913 D bt_bte_conf:   product             = 1200
11-03 02:37:28.518907  9890  9913 D bt_bte_conf:   version             = 1436
11-03 02:37:28.518925  9890  9913 D bt_bte_conf:   clientExecutableURL = 
11-03 02:37:28.518943  9890  9913 D bt_bte_conf:   serviceDescription  = 
11-03 02:37:28.518962  9890  9913 D bt_bte_conf:   documentationURL    = 
11-03 02:37:28.519878  9890  9913 D bt_bte_conf: bte_load_did_conf no section named DID2.
11-03 02:37:28.519989  9890  9913 I bt_btif_core: btif_enable_bluetooth_evt finished
11-03 02:37:28.520665  9890  9907 I bt_stack_manager: event_start_up_stack finished
11-03 02:37:28.521758  9890  9906 I AdapterState: BLE_ON : entered 
11-03 02:37:28.521831  9890  9906 D AdapterProperties: Setting state to BLE_ON
11-03 02:37:28.521881  9890  9906 D BluetoothAdapterService: updateAdapterState() - Broadcasting state BLE_ON to 1 receivers.
--------- switch to system
11-03 02:37:28.522737  1686  1709 D BluetoothManagerService: MESSAGE_BLUETOOTH_STATE_CHANGE: BLE_TURNING_ON > BLE_ON
11-03 02:37:28.522818  1686  1709 D BluetoothManagerService: Bluetooth is in LE only mode
11-03 02:37:28.522872  1686  1709 D BluetoothManagerService: Binding Bluetooth GATT service
11-03 02:37:28.524797  1686  1709 D BluetoothManagerService: Sending BLE State Change: BLE_TURNING_ON > BLE_ON
11-03 02:37:28.525484  1686  1686 D BluetoothManagerService: BluetoothServiceConnection: com.android.bluetooth.gatt.GattService
11-03 02:37:28.526036  1686  1709 D BluetoothManagerService: MESSAGE_BLUETOOTH_SERVICE_CONNECTED: 2
11-03 02:37:28.526239  1686  1709 D BluetoothManagerService: continueFromBleOnState()
11-03 02:37:28.526953  1686  1709 D BluetoothManagerService: isBleAppPresent() count: 0
--------- switch to main
11-03 02:37:28.528430  9890  9906 I AdapterState: TURNING_ON : entered 
11-03 02:37:28.528623  9890  9906 D AdapterProperties: Setting state to TURNING_ON
11-03 02:37:28.528735  9890  9906 D BluetoothAdapterService: updateAdapterState() - Broadcasting state TURNING_ON to 1 receivers.
--------- switch to system
11-03 02:37:28.530246  1686  1709 D BluetoothManagerService: Persisting Bluetooth Setting: 1
--------- switch to main
11-03 02:37:28.531119  9890  9906 D BluetoothAdapterService: startCoreServices()
11-03 02:37:28.535301  9890  9890 I HeadsetService: create()
--------- switch to system
11-03 02:37:28.535344  1686  1686 V SettingsProvider: Notifying for 0: content://settings/global/bluetooth_on
11-03 02:37:28.535997  1686  1709 D BluetoothManagerService: MESSAGE_BLUETOOTH_STATE_CHANGE: BLE_ON > TURNING_ON
11-03 02:37:28.536106  1686  1709 D BluetoothManagerService: Sending BLE State Change: BLE_ON > TURNING_ON
--------- switch to main
11-03 02:37:28.536354  9890  9890 D BluetoothAdapterService: getAdapterService() - returning com.android.bluetooth.btservice.AdapterService@4a429d6
11-03 02:37:28.538643  9890  9890 I HeadsetService: start()
11-03 02:37:28.538730  9890  9890 D BluetoothAdapterService: getAdapterService() - returning com.android.bluetooth.btservice.AdapterService@4a429d6
11-03 02:37:28.550627  9890  9935 I HeadsetPhoneState: stopListenForPhoneState(), no listener indicates nothing is listening
11-03 02:37:28.551791  9890  9935 W HeadsetPhoneState: startListenForPhoneState, no event to listen
11-03 02:37:28.573924  5603  5603 D BtTelecomReceiver: onReceive: Intent { act=android.bluetooth.adapter.action.STATE_CHANGED flg=0x4000010 cmp=com.google.android.apps.wearable.bluetooth/com.google.android.clockwork.hfp.BtTelecomBroadcastReceiver (has extras) }
11-03 02:37:28.576310  9890  9890 I BluetoothHeadsetServiceJni: classInitNative: succeeds
11-03 02:37:28.577126  9890  9890 I bt_btif : get_profile_interface: id = handsfree
11-03 02:37:28.577279  9890  9890 I bt_stack: [INFO:btif_hf.cc(1391)] GetInterface
11-03 02:37:28.578796  9890  9930 I bt_stack: [INFO:port_api.cc(230)] RFCOMM_CreateConnection: bd_addr=ff:ff:ff:ff:ff:ff, scn=2, is_server=1, mtu=256, uuid=0x111f, dlci=4, signal_state=0x0b, p_port=0x925ecc14
11-03 02:37:28.579102  9890  9930 I bt_stack: [INFO:port_api.cc(230)] RFCOMM_CreateConnection: bd_addr=ff:ff:ff:ff:ff:ff, scn=2, is_server=1, mtu=256, uuid=0x111f, dlci=4, signal_state=0x0b, p_port=0x925ecc9c
11-03 02:37:28.579362  9890  9930 I bt_stack: [INFO:port_api.cc(230)] RFCOMM_CreateConnection: bd_addr=ff:ff:ff:ff:ff:ff, scn=2, is_server=1, mtu=256, uuid=0x111f, dlci=4, signal_state=0x0b, p_port=0x925ecd24
11-03 02:37:28.579610  9890  9930 I bt_stack: [INFO:port_api.cc(230)] RFCOMM_CreateConnection: bd_addr=ff:ff:ff:ff:ff:ff, scn=2, is_server=1, mtu=256, uuid=0x111f, dlci=4, signal_state=0x0b, p_port=0x925ecdac
11-03 02:37:28.579858  9890  9930 I bt_stack: [INFO:port_api.cc(230)] RFCOMM_CreateConnection: bd_addr=ff:ff:ff:ff:ff:ff, scn=2, is_server=1, mtu=256, uuid=0x111f, dlci=4, signal_state=0x0b, p_port=0x925ece34
11-03 02:37:28.580141  9890  9930 I bt_stack: [INFO:port_api.cc(230)] RFCOMM_CreateConnection: bd_addr=ff:ff:ff:ff:ff:ff, scn=2, is_server=1, mtu=256, uuid=0x111f, dlci=4, signal_state=0x0b, p_port=0x925ecebc
11-03 02:37:28.578255  9890  9913 I bt_btif_storage: btif_storage_get_adapter_property service_mask:0x20000040
11-03 02:37:28.580862  9890  9913 I bt_stack: [INFO:btif_hf.cc(300)] btif_hf_upstreams_evt: AG enable/disable event 0
11-03 02:37:28.596411  9890  9890 D BluetoothAdapterService: handleMessage() - Message: 2
11-03 02:37:28.596525  9890  9890 D BluetoothAdapterService: handleMessage() - MESSAGE_PROFILE_SERVICE_REGISTERED
11-03 02:37:28.597535  9890  9890 I A2dpService: create()
11-03 02:37:28.599746  9890  9890 D BluetoothAdapterService: getAdapterService() - returning com.android.bluetooth.btservice.AdapterService@4a429d6
11-03 02:37:28.606412  9890  9890 I A2dpService: start()
11-03 02:37:28.606580  9890  9890 D BluetoothAdapterService: getAdapterService() - returning com.android.bluetooth.btservice.AdapterService@4a429d6
11-03 02:37:28.606939  9890  9890 I BluetoothA2dpServiceJni: classInitNative: succeeds
--------- switch to system
11-03 02:37:28.609972  1686  9883 W BroadcastQueue: Background execution not allowed: receiving Intent { act=android.bluetooth.adapter.action.STATE_CHANGED flg=0x4000010 (has extras) } to com.google.android.gms/.trustagent.eid.server.InitializeEidServerReceiver
--------- switch to main
11-03 02:37:28.610728  9890  9890 I A2dpService: Max connected audio devices set to 5
11-03 02:37:28.611351  9890  9890 I BluetoothAvrcpServiceJni: classInitNative: succeeds
11-03 02:37:28.612889  9890  9890 I bt_btif : get_profile_interface: id = avrcp
--------- switch to system
11-03 02:37:28.614704  1686  1702 W BroadcastQueue: Background execution not allowed: receiving Intent { act=android.bluetooth.adapter.action.STATE_CHANGED flg=0x4000010 (has extras) } to com.google.android.gms/.chimera.GmsIntentOperationService$PersistentTrustedReceiver
--------- switch to main
11-03 02:37:28.643445  1686  2944 D MediaSessionService: The callback android.media.session.ICallback$Stub$Proxy@efe126 is set by com.android.bluetooth
11-03 02:37:28.646873  9890  9890 I Avrcp   : Skipping update due to invalid playback state
11-03 02:37:28.647033  9890  9890 E bt_btif : register_notification_rsp: Avrcp device is not connected, handle: 0x0
11-03 02:37:28.647134  9890  9890 I chatty  : uid=1002(bluetooth) com.android.bluetooth identical 4 lines
11-03 02:37:28.647154  9890  9890 E bt_btif : register_notification_rsp: Avrcp device is not connected, handle: 0x0
11-03 02:37:28.649083  9890  9890 I Avrcp   : Skipping update due to invalid playback state
11-03 02:37:28.650897  9890  9890 I bt_btif : get_profile_interface: id = a2dp
11-03 02:37:28.651139  9890  9890 I btif_av : bt_status_t BtifAvSource::Init(btav_source_callbacks_t *, int, const std::vector<btav_a2dp_codec_config_t> &): max_connected_audio_devices=5
11-03 02:37:28.651244  9890  9890 D a2dp_codec: init
11-03 02:37:28.651294  9890  9890 I a2dp_codec: init: SBC offload supported
11-03 02:37:28.651339  9890  9890 D a2dp_codec: createCodec: codec SBC
11-03 02:37:28.651389  9890  9890 I a2dp_codec: init: updated SBC codec priority to 1001
11-03 02:37:28.651425  9890  9890 D a2dp_codec: createCodec: codec AAC
11-03 02:37:28.651463  9890  9890 I a2dp_codec: init: updated AAC codec priority to -1
11-03 02:37:28.651501  9890  9890 D a2dp_codec: createCodec: codec aptX
11-03 02:37:28.652768  9890  9890 E a2dp_vendor_aptx_encoder: A2DP_VendorLoadEncoderAptx: cannot open aptX encoder library libaptX_encoder.so: dlopen failed: library "libaptX_encoder.so" not found
11-03 02:37:28.652818  9890  9890 E a2dp_vendor_aptx: init: cannot load the encoder
11-03 02:37:28.652868  9890  9890 D a2dp_codec: createCodec: codec aptX-HD
11-03 02:37:28.653851  9890  9890 E a2dp_vendor_aptx_hd_encoder: A2DP_VendorLoadEncoderAptxHd: cannot open aptX-HD encoder library libaptXHD_encoder.so: dlopen failed: library "libaptXHD_encoder.so" not found
11-03 02:37:28.653910  9890  9890 E a2dp_vendor_aptx_hd: init: cannot load the encoder
11-03 02:37:28.653947  9890  9890 D a2dp_codec: createCodec: codec LDAC
11-03 02:37:28.664394  9890  9890 I a2dp_codec: init: updated LDAC codec priority to -1
11-03 02:37:28.664489  9890  9890 D a2dp_codec: createCodec: codec SBC SINK
11-03 02:37:28.664545  9890  9890 D a2dp_codec: createCodec: codec AAC SINK
11-03 02:37:28.664576  9890  9890 I a2dp_codec: init: initialized Source codec SBC
11-03 02:37:28.664598  9890  9890 I a2dp_codec: init: initialized Sink codec AAC SINK
11-03 02:37:28.664619  9890  9890 I a2dp_codec: init: initialized Sink codec SBC(Sink)
11-03 02:37:28.664647  9890  9890 D a2dp_codec: init
11-03 02:37:28.664696  9890  9890 I a2dp_codec: init: SBC offload supported
11-03 02:37:28.664718  9890  9890 D a2dp_codec: createCodec: codec SBC
11-03 02:37:28.664746  9890  9890 I a2dp_codec: init: updated SBC codec priority to 1001
11-03 02:37:28.664771  9890  9890 D a2dp_codec: createCodec: codec AAC
11-03 02:37:28.664809  9890  9890 I a2dp_codec: init: updated AAC codec priority to -1
11-03 02:37:28.664833  9890  9890 D a2dp_codec: createCodec: codec aptX
11-03 02:37:28.666137  9890  9890 E a2dp_vendor_aptx_encoder: A2DP_VendorLoadEncoderAptx: cannot open aptX encoder library libaptX_encoder.so: dlopen failed: library "libaptX_encoder.so" not found
11-03 02:37:28.666195  9890  9890 E a2dp_vendor_aptx: init: cannot load the encoder
11-03 02:37:28.666237  9890  9890 D a2dp_codec: createCodec: codec aptX-HD
11-03 02:37:28.667111   501  1904 I LocSvc_ApiV02: <--- globalEventCb line 152 QMI_LOC_EVENT_GNSS_SV_INFO_IND_V02
11-03 02:37:28.668258  1686  1813 I GnssLocationProvider: WakeLock acquired by sendMessage(REPORT_SV_STATUS, 0, com.android.server.location.GnssLocationProvider$SvStatusInfo@620a167)
11-03 02:37:28.669303  1686  1701 I GnssLocationProvider: WakeLock released by handleMessage(REPORT_SV_STATUS, 0, com.android.server.location.GnssLocationProvider$SvStatusInfo@620a167)
11-03 02:37:28.671478   501  1904 I LocSvc_ApiV02: <--- globalEventCb line 152 QMI_LOC_EVENT_POSITION_REPORT_IND_V02
11-03 02:37:28.673508  9890  9890 E a2dp_vendor_aptx_hd_encoder: A2DP_VendorLoadEncoderAptxHd: cannot open aptX-HD encoder library libaptXHD_encoder.so: dlopen failed: library "libaptXHD_encoder.so" not found
11-03 02:37:28.673575  9890  9890 E a2dp_vendor_aptx_hd: init: cannot load the encoder
11-03 02:37:28.673621  9890  9890 D a2dp_codec: createCodec: codec LDAC
11-03 02:37:28.673664  9890  9890 I a2dp_codec: init: updated LDAC codec priority to -1
11-03 02:37:28.673688  9890  9890 D a2dp_codec: createCodec: codec SBC SINK
11-03 02:37:28.673713  9890  9890 D a2dp_codec: createCodec: codec AAC SINK
11-03 02:37:28.673741  9890  9890 I a2dp_codec: init: initialized Source codec SBC
11-03 02:37:28.673761  9890  9890 I a2dp_codec: init: initialized Sink codec AAC SINK
11-03 02:37:28.673778  9890  9890 I a2dp_codec: init: initialized Sink codec SBC(Sink)
11-03 02:37:28.673806  9890  9890 D a2dp_codec: init
11-03 02:37:28.673850  9890  9890 I a2dp_codec: init: SBC offload supported
11-03 02:37:28.673870  9890  9890 D a2dp_codec: createCodec: codec SBC
11-03 02:37:28.673897  9890  9890 I a2dp_codec: init: updated SBC codec priority to 1001
11-03 02:37:28.673919  9890  9890 D a2dp_codec: createCodec: codec AAC
11-03 02:37:28.673941  9890  9890 I a2dp_codec: init: updated AAC codec priority to -1
11-03 02:37:28.673961  9890  9890 D a2dp_codec: createCodec: codec aptX
11-03 02:37:28.674950  9890  9890 E a2dp_vendor_aptx_encoder: A2DP_VendorLoadEncoderAptx: cannot open aptX encoder library libaptX_encoder.so: dlopen failed: library "libaptX_encoder.so" not found
11-03 02:37:28.675001  9890  9890 E a2dp_vendor_aptx: init: cannot load the encoder
11-03 02:37:28.675039  9890  9890 D a2dp_codec: createCodec: codec aptX-HD
11-03 02:37:28.697009  9890  9890 E a2dp_vendor_aptx_hd_encoder: A2DP_VendorLoadEncoderAptxHd: cannot open aptX-HD encoder library libaptXHD_encoder.so: dlopen failed: library "libaptXHD_encoder.so" not found
11-03 02:37:28.697095  9890  9890 E a2dp_vendor_aptx_hd: init: cannot load the encoder
11-03 02:37:28.697138  9890  9890 D a2dp_codec: createCodec: codec LDAC
11-03 02:37:28.697177  9890  9890 I a2dp_codec: init: updated LDAC codec priority to -1
11-03 02:37:28.697202  9890  9890 D a2dp_codec: createCodec: codec SBC SINK
11-03 02:37:28.697227  9890  9890 D a2dp_codec: createCodec: codec AAC SINK
11-03 02:37:28.697253  9890  9890 I a2dp_codec: init: initialized Source codec SBC
11-03 02:37:28.697272  9890  9890 I a2dp_codec: init: initialized Sink codec AAC SINK
11-03 02:37:28.697292  9890  9890 I a2dp_codec: init: initialized Sink codec SBC(Sink)
11-03 02:37:28.697321  9890  9890 D a2dp_codec: init
11-03 02:37:28.697365  9890  9890 I a2dp_codec: init: SBC offload supported
11-03 02:37:28.697386  9890  9890 D a2dp_codec: createCodec: codec SBC
11-03 02:37:28.697433  9890  9890 I a2dp_codec: init: updated SBC codec priority to 1001
11-03 02:37:28.697461  9890  9890 D a2dp_codec: createCodec: codec AAC
11-03 02:37:28.697487  9890  9890 I a2dp_codec: init: updated AAC codec priority to -1
11-03 02:37:28.697509  9890  9890 D a2dp_codec: createCodec: codec aptX
11-03 02:37:28.698530  9890  9890 E a2dp_vendor_aptx_encoder: A2DP_VendorLoadEncoderAptx: cannot open aptX encoder library libaptX_encoder.so: dlopen failed: library "libaptX_encoder.so" not found
11-03 02:37:28.698581  9890  9890 E a2dp_vendor_aptx: init: cannot load the encoder
11-03 02:37:28.698621  9890  9890 D a2dp_codec: createCodec: codec aptX-HD
11-03 02:37:28.699524  9890  9890 E a2dp_vendor_aptx_hd_encoder: A2DP_VendorLoadEncoderAptxHd: cannot open aptX-HD encoder library libaptXHD_encoder.so: dlopen failed: library "libaptXHD_encoder.so" not found
11-03 02:37:28.699572  9890  9890 E a2dp_vendor_aptx_hd: init: cannot load the encoder
11-03 02:37:28.699608  9890  9890 D a2dp_codec: createCodec: codec LDAC
11-03 02:37:28.699644  9890  9890 I a2dp_codec: init: updated LDAC codec priority to -1
11-03 02:37:28.699669  9890  9890 D a2dp_codec: createCodec: codec SBC SINK
11-03 02:37:28.699695  9890  9890 D a2dp_codec: createCodec: codec AAC SINK
11-03 02:37:28.699720  9890  9890 I a2dp_codec: init: initialized Source codec SBC
11-03 02:37:28.699743  9890  9890 I a2dp_codec: init: initialized Sink codec AAC SINK
11-03 02:37:28.699769  9890  9890 I a2dp_codec: init: initialized Sink codec SBC(Sink)
11-03 02:37:28.699797  9890  9890 D a2dp_codec: init
11-03 02:37:28.699840  9890  9890 I a2dp_codec: init: SBC offload supported
11-03 02:37:28.699860  9890  9890 D a2dp_codec: createCodec: codec SBC
11-03 02:37:28.699886  9890  9890 I a2dp_codec: init: updated SBC codec priority to 1001
11-03 02:37:28.699908  9890  9890 D a2dp_codec: createCodec: codec AAC
11-03 02:37:28.699929  9890  9890 I a2dp_codec: init: updated AAC codec priority to -1
11-03 02:37:28.699949  9890  9890 D a2dp_codec: createCodec: codec aptX
11-03 02:37:28.700912  9890  9890 E a2dp_vendor_aptx_encoder: A2DP_VendorLoadEncoderAptx: cannot open aptX encoder library libaptX_encoder.so: dlopen failed: library "libaptX_encoder.so" not found
11-03 02:37:28.700972  9890  9890 E a2dp_vendor_aptx: init: cannot load the encoder
11-03 02:37:28.701010  9890  9890 D a2dp_codec: createCodec: codec aptX-HD
11-03 02:37:28.701901  9890  9890 E a2dp_vendor_aptx_hd_encoder: A2DP_VendorLoadEncoderAptxHd: cannot open aptX-HD encoder library libaptXHD_encoder.so: dlopen failed: library "libaptXHD_encoder.so" not found
11-03 02:37:28.701952  9890  9890 E a2dp_vendor_aptx_hd: init: cannot load the encoder
11-03 02:37:28.701989  9890  9890 D a2dp_codec: createCodec: codec LDAC
11-03 02:37:28.702024  9890  9890 I a2dp_codec: init: updated LDAC codec priority to -1
11-03 02:37:28.702045  9890  9890 D a2dp_codec: createCodec: codec SBC SINK
11-03 02:37:28.702070  9890  9890 D a2dp_codec: createCodec: codec AAC SINK
11-03 02:37:28.702095  9890  9890 I a2dp_codec: init: initialized Source codec SBC
11-03 02:37:28.702121  9890  9890 I a2dp_codec: init: initialized Sink codec AAC SINK
11-03 02:37:28.702139  9890  9890 I a2dp_codec: init: initialized Sink codec SBC(Sink)
11-03 02:37:28.702168  9890  9890 D a2dp_codec: init
11-03 02:37:28.702212  9890  9890 I a2dp_codec: init: SBC offload supported
11-03 02:37:28.702233  9890  9890 D a2dp_codec: createCodec: codec SBC
11-03 02:37:28.702292  9890  9890 I a2dp_codec: init: updated SBC codec priority to 1001
11-03 02:37:28.702317  9890  9890 D a2dp_codec: createCodec: codec AAC
11-03 02:37:28.702340  9890  9890 I a2dp_codec: init: updated AAC codec priority to -1
11-03 02:37:28.702365  9890  9890 D a2dp_codec: createCodec: codec aptX
11-03 02:37:28.703256  9890  9890 E a2dp_vendor_aptx_encoder: A2DP_VendorLoadEncoderAptx: cannot open aptX encoder library libaptX_encoder.so: dlopen failed: library "libaptX_encoder.so" not found
11-03 02:37:28.703313  9890  9890 E a2dp_vendor_aptx: init: cannot load the encoder
11-03 02:37:28.703351  9890  9890 D a2dp_codec: createCodec: codec aptX-HD
11-03 02:37:28.704197  9890  9890 E a2dp_vendor_aptx_hd_encoder: A2DP_VendorLoadEncoderAptxHd: cannot open aptX-HD encoder library libaptXHD_encoder.so: dlopen failed: library "libaptXHD_encoder.so" not found
11-03 02:37:28.704248  9890  9890 E a2dp_vendor_aptx_hd: init: cannot load the encoder
11-03 02:37:28.704283  9890  9890 D a2dp_codec: createCodec: codec LDAC
11-03 02:37:28.704317  9890  9890 I a2dp_codec: init: updated LDAC codec priority to -1
11-03 02:37:28.704340  9890  9890 D a2dp_codec: createCodec: codec SBC SINK
11-03 02:37:28.704365  9890  9890 D a2dp_codec: createCodec: codec AAC SINK
11-03 02:37:28.704392  9890  9890 I a2dp_codec: init: initialized Source codec SBC
11-03 02:37:28.704412  9890  9890 I a2dp_codec: init: initialized Sink codec AAC SINK
11-03 02:37:28.704431  9890  9890 I a2dp_codec: init: initialized Sink codec SBC(Sink)
11-03 02:37:28.704476  9890  9890 I bt_btif_a2dp_source: btif_a2dp_source_init
11-03 02:37:28.715925  9890  9940 I bt_osi_thread: run_thread: thread id 9940, thread name btif_a2dp_source started
11-03 02:37:28.718981  9890  9940 I bt_btif_a2dp_source: Run: message loop for thread btif_a2dp_source_thread started
11-03 02:37:28.719467  9890  9913 I bt_btif_storage: btif_storage_get_adapter_property service_mask:0x20000048
11-03 02:37:28.719510  9890  9930 I bt_bta_av: bta_av_api_register: AVRCP version used for sdp: "avrcp14"
11-03 02:37:28.719937  9890  9930 W bt_btif : bta_av_rc_create: Skipping RC creation for the old AVRCP profile
11-03 02:37:28.720084  9890  9930 I bt_bta_av: bta_av_api_register: AVRCP version used for sdp: "avrcp14"
11-03 02:37:28.720420  9890  9930 I chatty  : uid=1002(bluetooth) btu message loo identical 3 lines
11-03 02:37:28.720505  9890  9930 I bt_bta_av: bta_av_api_register: AVRCP version used for sdp: "avrcp14"
11-03 02:37:28.722268  9890  9890 D A2dpService: A2DP offload flag set to true
11-03 02:37:28.725455  9890  9890 D A2dpService: setA2dpService(): set to: com.android.bluetooth.a2dp.A2dpService@8149e10
11-03 02:37:28.726145  9890  9940 I bt_btif_a2dp_source: btif_a2dp_source_init_delayed
11-03 02:37:28.726340  9890  9890 D A2dpService: setActiveDevice(null): previous is null
11-03 02:37:28.726468  9890  9890 D A2dpService: broadcastActiveDevice(null)
11-03 02:37:28.729547  9890  9890 I BluetoothHeadsetClientServiceJni: classInitNative succeeds
11-03 02:37:28.732929  9890  9890 D BluetoothAdapterService: getAdapterService() - returning com.android.bluetooth.btservice.AdapterService@4a429d6
11-03 02:37:28.735090  9890  9890 D BluetoothHeadsetClientServiceJni: initializeNative: HfpClient
11-03 02:37:28.735150  9890  9890 I bt_btif : get_profile_interface: id = handsfree_client
11-03 02:37:28.736147  9890  9913 I bt_stack: [INFO:port_api.cc(230)] RFCOMM_CreateConnection: bd_addr=ff:ff:ff:ff:ff:ff, scn=3, is_server=1, mtu=256, uuid=0x111e, dlci=6, signal_state=0x0b, p_port=0x925ecf44
11-03 02:37:28.736232  9890  9913 I bt_btif_storage: btif_storage_get_adapter_property service_mask:0x21000048
11-03 02:37:28.744670   493   993 W audio_hw_hfp: audio_extn_hfp_set_parameters: ignore STOP, HFC not active
--------- switch to system
11-03 02:37:28.753175  1686  1742 W ActivityManager: Unable to start service Intent { cmp=com.android.bluetooth/.hfpclient.connserv.HfpClientConnectionService } U=0: not found
--------- switch to main
11-03 02:37:28.755907  9890  9914 D BluetoothActiveDeviceManager: handleMessage(MESSAGE_ADAPTER_ACTION_STATE_CHANGED): newState=11
11-03 02:37:28.756284  9890  9890 D BluetoothAdapterService: handleMessage() - Message: 1
11-03 02:37:28.756331  9890  9890 D BluetoothAdapterService: handleMessage() - MESSAGE_PROFILE_SERVICE_STATE_CHANGED
11-03 02:37:28.756420  9890  9890 D BluetoothAdapterService: handleMessage() - Message: 2
11-03 02:37:28.756452  9890  9890 D BluetoothAdapterService: handleMessage() - MESSAGE_PROFILE_SERVICE_REGISTERED
11-03 02:37:28.756852  9890  9890 D HeadsetPhoneState: sendDeviceStateChanged. mService=0 mIsSimStateLoaded=false mSignal=0 mRoam=0 mBatteryCharge=1
11-03 02:37:28.768136  9890  9890 D BluetoothAdapterService: getAdapterService() - returning com.android.bluetooth.btservice.AdapterService@4a429d6
11-03 02:37:28.771029  9890  9890 I NewAvrcpTargetService: User unlocked, initializing the service
11-03 02:37:28.771163  9890  9890 I NewAvrcpTargetService: Starting the AVRCP Target Service
11-03 02:37:28.774590  9890  9890 V NewAvrcpMediaPlayerList: Creating MediaPlayerList
11-03 02:37:28.779104  1686  2944 D MediaSessionService: The callback android.media.session.ICallback$Stub$Proxy@3a2429 is set by com.android.bluetooth
11-03 02:37:28.786686  9890  9890 V NewAvrcpMediaPlayerList: Initializing MediaPlayerList
11-03 02:37:28.788299  9890  9890 I NewAvrcpTargetJni: classInitNative: AvrcpTargetJni initialized!
11-03 02:37:28.788434  9890  9890 D NewAvrcpNativeInterface: Init AvrcpNativeInterface
11-03 02:37:28.788495  9890  9890 D NewAvrcpTargetJni: initNative
11-03 02:37:28.788746  9890  9930 I bt_stack: [INFO:avrcp_service.cc(284)] AVRCP Target Service started
11-03 02:37:28.788880  9890  9930 I bt_stack: [INFO:connection_handler.cc(184)] Connect to device ff:ff:ff:ff:ff:ff
11-03 02:37:28.789078  9890  9930 I bt_stack: [INFO:connection_handler.cc(205)] virtual bool bluetooth::avrcp::ConnectionHandler::AvrcpConnect(bool, const RawAddress &): handle=0000 status= 000000
11-03 02:37:28.812314  9890  9890 V SapService: SapBinder()
11-03 02:37:28.813828  9890  9890 D BluetoothAdapterService: getAdapterService() - returning com.android.bluetooth.btservice.AdapterService@4a429d6
11-03 02:37:28.816644  9890  9890 V SapService: start()
11-03 02:37:28.822851  9890  9890 D BluetoothAdapterService: getAdapterService() - returning com.android.bluetooth.btservice.AdapterService@4a429d6
11-03 02:37:28.825358  9890  9890 V BluetoothHidDeviceServiceJni: classInitNative: done
11-03 02:37:28.825698  9890  9890 V BluetoothHidDeviceServiceJni: initNative enter
11-03 02:37:28.825734  9890  9890 I bt_btif : get_profile_interface: id = hiddev
11-03 02:37:28.825981  9890  9913 I bt_btif_storage: btif_storage_get_adapter_property service_mask:0x61000048
11-03 02:37:28.826185  9890  9890 V BluetoothHidDeviceServiceJni: initNative done
11-03 02:37:28.836605  9890  9890 D BluetoothAdapterService: handleMessage() - Message: 1
11-03 02:37:28.836674  9890  9890 D BluetoothAdapterService: handleMessage() - MESSAGE_PROFILE_SERVICE_STATE_CHANGED
11-03 02:37:28.837283  9890  9914 D BluetoothActiveDeviceManager: handleMessage(MESSAGE_A2DP_ACTION_ACTIVE_DEVICE_CHANGED): device= null
11-03 02:37:28.837427  9890  9890 D BluetoothAdapterService: handleMessage() - Message: 2
11-03 02:37:28.837471  9890  9890 D BluetoothAdapterService: handleMessage() - MESSAGE_PROFILE_SERVICE_REGISTERED
11-03 02:37:28.837523  9890  9890 D BluetoothAdapterService: handleMessage() - Message: 1
11-03 02:37:28.837552  9890  9890 D BluetoothAdapterService: handleMessage() - MESSAGE_PROFILE_SERVICE_STATE_CHANGED
11-03 02:37:28.837624  9890  9890 D BluetoothAdapterService: handleMessage() - Message: 2
11-03 02:37:28.837652  9890  9890 D BluetoothAdapterService: handleMessage() - MESSAGE_PROFILE_SERVICE_REGISTERED
11-03 02:37:28.837745  9890  9890 D NewAvrcpVolumeManager: onAudioDevicesAdded: Not expecting device changed
11-03 02:37:28.837805  9890  9890 D BluetoothAdapterService: handleMessage() - Message: 1
11-03 02:37:28.837842  9890  9890 D BluetoothAdapterService: handleMessage() - MESSAGE_PROFILE_SERVICE_STATE_CHANGED
11-03 02:37:28.837925  9890  9890 D BluetoothAdapterService: handleMessage() - Message: 2
11-03 02:37:28.837956  9890  9890 D BluetoothAdapterService: handleMessage() - MESSAGE_PROFILE_SERVICE_REGISTERED
11-03 02:37:28.838693  9890  9890 D BluetoothAdapterService: handleMessage() - Message: 1
11-03 02:37:28.838740  9890  9890 D BluetoothAdapterService: handleMessage() - MESSAGE_PROFILE_SERVICE_STATE_CHANGED
11-03 02:37:28.838823  9890  9890 D BluetoothAdapterService: handleMessage() - Message: 2
11-03 02:37:28.838854  9890  9890 D BluetoothAdapterService: handleMessage() - MESSAGE_PROFILE_SERVICE_REGISTERED
11-03 02:37:28.838902  9890  9890 D BluetoothAdapterService: handleMessage() - Message: 1
11-03 02:37:28.838929  9890  9890 D BluetoothAdapterService: handleMessage() - MESSAGE_PROFILE_SERVICE_STATE_CHANGED
11-03 02:37:28.839037  9890  9890 D AdapterProperties: onBluetoothReady, state=TURNING_ON, ScanMode=20
11-03 02:37:28.842781  9890  9913 D AdapterProperties: Scan Mode:21
11-03 02:37:28.842982  9890  9913 D AdapterProperties: Discoverable Timeout:0
11-03 02:37:28.843124  9890  9890 D BluetoothAdapterService: updateUuids() - Updating UUIDs for bonded devices
11-03 02:37:28.844896  9890  9913 D AdapterProperties: mLocalIOCapability set to 1
11-03 02:37:28.845244  9890  9913 D AdapterProperties: mLocalIOCapabilityBLE set to 4
11-03 02:37:28.845693  9890  9890 I BluetoothPhonePolicy: processProfileActiveDeviceChanged, activeDevice=null, profile=2
11-03 02:37:28.845793  9890  9906 I AdapterState: ON : entered 
11-03 02:37:28.845811  9890  9890 W BluetoothPhonePolicy: processProfileActiveDeviceChanged: ignore null A2DP active device
11-03 02:37:28.845847  9890  9906 D AdapterProperties: Setting state to ON
11-03 02:37:28.845891  9890  9906 D BluetoothAdapterService: updateAdapterState() - Broadcasting state ON to 1 receivers.
--------- switch to system
11-03 02:37:28.846576  1686  1709 D BluetoothManagerService: MESSAGE_BLUETOOTH_STATE_CHANGE: TURNING_ON > ON
11-03 02:37:28.846699  1686  1709 D BluetoothManagerService: Broadcasting onBluetoothStateChange(true) to 7 receivers.
--------- switch to main
11-03 02:37:28.846765  1686  1709 D BluetoothHeadset: onBluetoothStateChange: up=true
11-03 02:37:28.846904  1686  1709 D BluetoothA2dp: onBluetoothStateChange: up=true
11-03 02:37:28.854725  1686  1709 D BluetoothHeadset: onBluetoothStateChange: up=true
11-03 02:37:28.854912  1686  1709 D BluetoothHeadset: onBluetoothStateChange: up=true
11-03 02:37:28.855218  1956  8491 D BluetoothHeadset: onBluetoothStateChange: up=true
11-03 02:37:28.856199  1686  1686 D BluetoothA2dp: Proxy object connected
11-03 02:37:28.856635  9890  9890 I BluetoothPhonePolicy: Received ACTION_UUID for device 14:3C:C3:AD:3D:53
11-03 02:37:28.856772  9890  9890 I BluetoothPhonePolicy: index=0uuid=0000110a-0000-1000-8000-00805f9b34fb
11-03 02:37:28.856827  9890  9890 I BluetoothPhonePolicy: index=1uuid=00001105-0000-1000-8000-00805f9b34fb
11-03 02:37:28.856892  9890  9890 I BluetoothPhonePolicy: index=2uuid=00001115-0000-1000-8000-00805f9b34fb
11-03 02:37:28.856941  9890  9890 I BluetoothPhonePolicy: index=3uuid=00001116-0000-1000-8000-00805f9b34fb
11-03 02:37:28.856985  9890  9890 I BluetoothPhonePolicy: index=4uuid=0000112f-0000-1000-8000-00805f9b34fb
11-03 02:37:28.857032  9890  9890 I BluetoothPhonePolicy: index=5uuid=00001112-0000-1000-8000-00805f9b34fb
11-03 02:37:28.857091  9890  9890 I BluetoothPhonePolicy: index=6uuid=0000111f-0000-1000-8000-00805f9b34fb
11-03 02:37:28.857139  9890  9890 I BluetoothPhonePolicy: index=7uuid=00001132-0000-1000-8000-00805f9b34fb
