11-03 12:30:09.502060  1686  3907 W BroadcastQueue: Background execution not allowed: receiving Intent { act=android.bluetooth.adapter.action.CONNECTION_STATE_CHANGED flg=0x4000010 (has extras) } to com.google.android.gms/.chimera.GmsIntentOperationService$PersistentTrustedReceiver
--------- switch to main
11-03 12:30:09.502640  5603  5603 D HfpClientConnService: disabling HFP
11-03 12:30:09.502763  5603  5603 I HfpClientConnService: enable request:Enable Request - time:1635939009492 type:false reason:headset client disconnected
11-03 12:30:09.506684  5603  5603 I HfpClientConnService: account already disabled
--------- switch to kernel
11-03 12:30:09.884660     0     0 I PM      : suspend entry 2021-11-03 11:30:09.884660506 UTC
11-03 12:30:09.884680     0     0 I PM      : Syncing filesystems ... done.
11-03 12:30:09.997461     0     0 I         : Freezing user space processes ... (elapsed 0.007 seconds) done.
11-03 12:30:10.004859     0     0 I         : Freezing remaining freezable tasks ... (elapsed 0.003 seconds) done.
11-03 12:30:10.008815     0     0 I         : Suspending console(s) (use no_console_suspend to debug)
11-03 12:30:10.020369     0     0 I mdss_dsi_panel_set_idle_mode: Idle (1->1)
11-03 12:30:10.057528     0     0 I bgcom   : bgcom_pm_suspend: suspended with : 0
11-03 12:30:10.093589     0     0 I PM      : suspend of devices complete after 82.552 msecs
11-03 12:30:10.099038     0     0 I PM      : late suspend of devices complete after 5.407 msecs
11-03 12:30:10.104818     0     0 I PM      : noirq suspend of devices complete after 5.737 msecs
11-03 12:30:10.104831     0     0 I         : Disabling non-boot CPUs ...
11-03 12:30:10.125305     0     0 I CPU1    : shutdown
11-03 12:30:10.127189     0     0 I suspend ns: 4598500433285	suspend cycles:    1353551263805
11-03 12:30:10.127167     0     0 I CPU0    : msm_cpu_pm_enter_sleep mode:3 during suspend
11-03 12:30:10.127167     0     0 I         : Suspended for 13.818 seconds
11-03 12:30:10.127167     0     0 I resume cycles: 1353816572400
11-03 12:30:10.127751     0     0 I         : Enabling non-boot CPUs ...
11-03 12:30:10.128589     0     0 I CPU1    : update cpu_capacity 1024
11-03 12:30:10.130028     0     0 I         : CPU1 is up
11-03 12:30:10.132058     0     0 I CPU1    : update max cpu_capacity 748
11-03 12:30:10.133792     0     0 I PM      : noirq resume of devices complete after 3.449 msecs
11-03 12:30:10.139138     0     0 I PM      : early resume of devices complete after 3.885 msecs
11-03 12:30:10.168614     0     0 I bgcom   : bgcom_pm_resume: Bgcom resumed with : 0
11-03 12:30:10.178571     0     0 I mdss_dsi_panel_set_idle_mode: Idle (1->1)
11-03 12:30:10.216169     0     0 I PM      : resume of devices complete after 77.003 msecs
11-03 12:30:10.219408     0     0 I         : Restarting tasks ...
11-03 12:30:10.222317     0     0 W QSEECOM : qseecom_receive_req: Interrupted: exiting Listener Service = 28672
11-03 12:30:10.227215     0     0 W QSEECOM : qseecom_receive_req: Interrupted: exiting Listener Service = 8192
11-03 12:30:10.227306     0     0 W QSEECOM : qseecom_receive_req: Interrupted: exiting Listener Service = 12288
11-03 12:30:10.227351     0     0 W QSEECOM : qseecom_receive_req: Interrupted: exiting Listener Service = 11
11-03 12:30:10.227398     0     0 W QSEECOM : qseecom_receive_req: Interrupted: exiting Listener Service = 10
--------- switch to system
11-03 12:30:24.055563  1686  1686 I PowerManagerService: Waking up from dozing (uid=1000 reason=tiltToWake)...
--------- switch to kernel
11-03 12:30:10.240069     0     0 I         : done.
11-03 12:30:24.059264     0     0 I PM      : suspend exit 2021-11-03 11:30:24.059264927 UTC
--------- switch to system
11-03 12:30:24.067132  1686  1686 W UsageStatsService: Event reported without a package name
--------- switch to kernel
11-03 12:30:24.078546     0     0 E <CORE> tx_data: No Space in Fifo
11-03 12:30:24.081415     0     0 E FG      : fg_psy_get_property: unsupported property 7
11-03 12:30:23.940308     0     0 W healthd : battery l=2 v=3668 t=27.0 h=2 st=3 c=5 fc=443000 cc=0 chg=
--------- switch to main
11-03 12:30:24.117201   512   512 I sensors-hal: batch:140, android.sensor.light/46, period=100000000, max_latency=0
11-03 12:30:24.117416   512   512 I sensors-hal: batch:149, android.sensor.light/46, period=100000000, max_latency=0 request completed
11-03 12:30:24.122389   512   512 I sensors-hal: activate:107, android.sensor.light/46 en=1
11-03 12:30:24.123111   512   512 I sensors-hal: ssc_enable_rt_task:254, ssc_enable_rt_task : true
11-03 12:30:24.127895   512   512 I sensors-hal: activate:118, android.sensor.light/46 en=1 completed
11-03 12:30:24.131899  1686  1823 I SidekickService: endDisplayLocked()
--------- switch to system
11-03 12:30:24.132411  1686  1710 I DisplayManagerService: Display device changed state: "Écran intégré", ON
--------- switch to main
11-03 12:30:24.133646   416  1715 D SKGHAL  : sendAmbientEvent: enter: enable = 0
11-03 12:30:24.141392   512   512 I sensors-hal: batch:140, android.sensor.accelerometer/48, period=66667000, max_latency=100000000
11-03 12:30:24.141581   512   512 I sensors-hal: batch:149, android.sensor.accelerometer/48, period=66667000, max_latency=100000000 request completed
11-03 12:30:24.144823   512   512 I sensors-hal: activate:107, android.sensor.accelerometer/48 en=1
11-03 12:30:24.145553   512   512 I sensors-hal: ssc_enable_rt_task:254, ssc_enable_rt_task : true
--------- switch to kernel
11-03 12:30:24.021180     0     0 E bgrsb   : bgrsb_enable: rsb will set report rate
11-03 12:30:24.033378     0     0 E bgrsb   : bgrsb_enable: gpio 32 is valid
--------- switch to main
11-03 12:30:24.152238   512   512 I sensors-hal: activate:118, android.sensor.accelerometer/48 en=1 completed
11-03 12:30:24.167327  2520  2520 D HOME    : [BatteryChange]action: android.intent.action.BATTERY_CHANGED
11-03 12:30:24.168195  2520 14536 D HOME    : [BatteryChange]HandleBatteryChangedTask
11-03 12:30:24.168847  2520 14536 D HOME    : [BatteryChange]level: 2, status: 3
11-03 12:30:24.172515  4243  4243 D OMService: onDisplayChanged: not dozing
11-03 12:30:24.180900  1686  1799 E WifiStateMachine: getWifiLinkLayerStats called without an interface
--------- switch to system
11-03 12:30:24.198992  1686  1702 W BroadcastQueue: Background execution not allowed: receiving Intent { act=android.intent.action.USER_PRESENT flg=0x10 } to com.google.android.gms/.auth.setup.devicesignals.LockScreenReceiver
11-03 12:30:24.199691  1686  1702 W BroadcastQueue: Background execution not allowed: receiving Intent { act=android.intent.action.USER_PRESENT flg=0x10 } to com.google.android.gms/.chimera.GmsIntentOperationService$PersistentTrustedReceiver
--------- switch to main
11-03 12:30:24.207126  3205  3434 W WorkController: Loading failed for worker [trainingcache]: worker not found
--------- switch to kernel
11-03 12:30:24.093813     0     0 I         : [touch]FB_BLANK_VSYNC_SUSPEND
11-03 12:30:24.093820     0     0 I         : [touch]Already in suspend state
11-03 12:30:24.107305     0     0 I mdss_dsi_panel_set_idle_mode: Idle (1->0)
11-03 12:30:24.108522     0     0 E mdp3_enable_panic_ctrl: mdp3_enable_panic_ctrl: Enable Panic Control
11-03 12:30:24.108632     0     0 I         : [touch]FB_BLANK_UNBLANK
11-03 12:30:24.108638     0     0 I         : [touch]raydium_ts_do_resume, 1.
11-03 12:30:24.109188     0     0 I         : [ raydium ]workqueue is empty!
11-03 12:30:24.109212     0     0 I raydium_ts 5-0039: [touch]Already enable irq
11-03 12:30:24.109216     0     0 I         : [touch]Device may wakeup
--------- switch to main
11-03 12:30:24.209074  3205  3372 W A       : TrainingCache cache DEVICE_UNLOCKED failure
11-03 12:30:24.209074  3205  3372 W A       : com.google.android.apps.gsa.search.core.service.h.a.a: No worker found for Worker ID [trainingcache].
11-03 12:30:24.209074  3205  3372 W A       : 	at com.google.android.apps.gsa.search.core.service.g.a.c.a(Unknown Source:5)
11-03 12:30:24.209074  3205  3372 W A       : 	at com.google.android.libraries.gsa.c.a.d.a(Unknown Source:3)
11-03 12:30:24.209074  3205  3372 W A       : 	at com.google.common.p.a.cg.c(Unknown Source:2)
11-03 12:30:24.209074  3205  3372 W A       : 	at com.google.common.p.a.bk.run(SourceFile:3)
11-03 12:30:24.209074  3205  3372 W A       : 	at com.google.common.p.a.ci.run(Unknown Source:4)
11-03 12:30:24.209074  3205  3372 W A       : 	at com.google.apps.tiktok.concurrent.ab.run(SourceFile:1)
11-03 12:30:24.209074  3205  3372 W A       : 	at java.util.concurrent.ThreadPoolExecutor.runWorker(ThreadPoolExecutor.java:1167)
11-03 12:30:24.209074  3205  3372 W A       : 	at java.util.concurrent.ThreadPoolExecutor$Worker.run(ThreadPoolExecutor.java:641)
11-03 12:30:24.209074  3205  3372 W A       : 	at com.google.apps.tiktok.concurrent.c.run(Unknown Source:4)
11-03 12:30:24.209074  3205  3372 W A       : 	at java.lang.Thread.run(Thread.java:764)
11-03 12:30:24.222295  1686  1759 I InputReader: Reconfiguring input devices.  changes=0x00000004
11-03 12:30:24.229630   512 14540 I sensors-hal: handle_indication_realtime:355,  SCHED_FIFO(10) for qmi_cbk
11-03 12:30:24.238331   504   523 I SDM     : DisplayBase::SetDisplayState: Set state = 3, display 0
11-03 12:30:24.238688   504   523 D SDM     : HWCDisplayPrimary::SetStandByMode: Display is connected successfully
11-03 12:30:24.228271  1956  1956 D QtiCarrierConfigHelper: WARNING, no carrier configs on phone Id: 0
11-03 12:30:24.241714   416  1715 D SKGHAL  : standBy_update_control call succeed on 0
11-03 12:30:24.241832   416  1715 D SKGHAL  : sendAmbientEvent: done: enable = 0
11-03 12:30:24.242844  1686  1823 D SidekickService:    ... endDisplay returns void
11-03 12:30:24.244167   545   545 D SurfaceFlinger: Set power mode=2, type=0 flinger=0xb6bb6000
11-03 12:30:24.244690   504   762 I SDM     : DisplayBase::SetDisplayState: Set state = 1, display 0
11-03 12:30:24.246733  2520 14536 D HOME    : [BatteryChange]updateStreamItem
11-03 12:30:24.255067   545   545 D SurfaceFlinger: Finished set power mode=2, type=0
--------- switch to system
11-03 12:30:24.258906  1686  1712 W PowerManagerService: Screen on took 321 ms
11-03 12:30:24.259271  1686  1712 I DreamManagerService: Gently waking up from dream.
11-03 12:30:24.260545  1686  1708 I DreamManagerService: Performing gentle wake from dream.
11-03 12:30:24.270989  1686  1686 V DreamService[AmbientDream]: wakeUp(): fromSystem=true, mWaking=false, mFinished=false
11-03 12:30:24.271239  1686  1686 V DreamService[AmbientDream]: finish(): mFinished=false
11-03 12:30:24.271360  1686  1686 I DreamManagerService: Leaving dreamland.
11-03 12:30:24.274186  1686  1708 I DreamManagerService: Performing gentle wake from dream.
11-03 12:30:24.274478  1686  1708 I DreamController: Stopping dream: name=ComponentInfo{com.google.android.wearable.ambient/com.google.android.wearable.ambient.AmbientDream}, isTest=false, canDoze=true, userId=0
11-03 12:30:24.295960  1686  1686 V DreamService[AmbientDream]: detach(): Calling onDreamingStopped()
--------- switch to main
11-03 12:30:24.296232  1686  1686 I AmbientService: [ce6a28c] doOnDreamingStopped
11-03 12:30:24.296360  1686  1686 D WristGestureCtrl: Starting: GesturesEnabled-false UngazeEnabled-true
11-03 12:30:24.296431  1686  1686 D DefaultUngazeDetector: starting
11-03 12:30:24.296544  1686  1686 D DefaultUngazeDetector: startUngazeStateEstimation(). startTime = 70503726
11-03 12:30:24.296887  1686  1686 W AlarmManagerProxy: Removing unknown listener
11-03 12:30:24.298850   512   512 I sensors-hal: batch:140, android.sensor.accelerometer/48, period=19231000, max_latency=100000000
11-03 12:30:24.304692   512 14542 I sensors-hal: handle_indication_realtime:355,  SCHED_FIFO(10) for qmi_cbk
11-03 12:30:24.305565  2520  2520 D HOME    : [HomeVisitsLogger]Logging streamlet event: visit_start
11-03 12:30:24.305838  2520  2520 D HOME    : [HomeVisitsLogger]Logging streamlet event: exit_ambient_mode
11-03 12:30:24.306301  2520  2520 D HOME    : [HotwordController]updateClient MODE_WATCH_FACE false false false true
11-03 12:30:24.306690  2520  2520 D HOME    : [AmbientUpdateScheduler]Unscheduling task 0
11-03 12:30:24.309983  2520  2520 D HOME    : [WatchFaceUiController]setInAmbientMode false
11-03 12:30:24.310095  2520  2520 D HOME    : [WatchFaceUiController]sendWatchFaceServiceBinder
11-03 12:30:24.312566   512   512 I sensors-hal: batch:149, android.sensor.accelerometer/48, period=19231000, max_latency=100000000 request completed
11-03 12:30:24.313092   512   512 I sensors-hal: flush:169, android.sensor.accelerometer/48
11-03 12:30:24.315819  2520  2520 D HOME    : [WatchFaceUiController]sendStateToWallpaper
11-03 12:30:24.317540  2520  2520 D HOME    : [WatchFaceUiController]Showing watch face wallpaper.
11-03 12:30:24.317731  2520  2520 D HOME    : [WatchFaceUiController]sendStateToWallpaper
11-03 12:30:24.321434  1686  1686 I AmbientService: [ce6a28c] No auto-resume Activity.
11-03 12:30:24.322438  2520  2520 D HOME    : [StreamDBQueue]Promised revision #5508 to queue a new op
11-03 12:30:24.322751  2520  2520 D WatchStreamManager: Promised rank-blocked=true @ r#5508
11-03 12:30:24.323198  2520  2520 D HOME    : [StreamDBQueue]Promised revision #5509 to queue a new op
11-03 12:30:24.323330  2520  2520 D WatchStreamManager: Promised rank-blocked=true @ r#5509
11-03 12:30:24.323974  2520  2520 D HOME    : [TilesController]Tile refresh optimization is enabled.
11-03 12:30:24.324402  2520  2520 D HOME    : [EventBus]Wrapper pool is full. Discarding excess wrapper instance for event com.google.android.clockwork.sysui.events.KeyguardStateEvent
11-03 12:30:24.324512  2520  2520 D HOME    : [WatchFaceUiController]sendStateToWallpaper
11-03 12:30:24.335633   512   512 I sensors-hal: flush:175, android.sensor.accelerometer/48 completed
--------- switch to system
11-03 12:30:24.338328  1686  1686 W ContextImpl: Calling a method in the system process without a qualified user: android.app.ContextImpl.sendBroadcast:1020 android.content.ContextWrapper.sendBroadcast:449 com.google.android.wearable.ambient.AmbientDream.onDestroy:273 android.app.ActivityThread.handleStopService:3698 android.app.ActivityThread.access$1700:200 
--------- switch to main
11-03 12:30:24.356243  2520  2520 D HOME    : [EventBus]Wrapper pool is full. Discarding excess wrapper instance for event com.google.android.clockwork.sysui.events.KeyguardStateEvent
11-03 12:30:24.356671  2520  2520 D HOME    : [EventBus]Wrapper pool is full. Discarding excess wrapper instance for event com.google.android.clockwork.sysui.events.KeyguardStateEvent
11-03 12:30:24.357325  1686  1686 E AlarmManager: cancel() called with a null PendingIntent
--------- switch to system
11-03 12:30:24.358230  1686  1686 V DreamService[AmbientDream]: onDestroy()
--------- switch to main
11-03 12:30:24.362060  2520  2520 D HOME    : [WatchFaceUiController]sendStateToWallpaper
11-03 12:30:24.367710  2520  2520 W StaticLayout: maxLineHeight should not be -1.  maxLines:1 lineCount:1
11-03 12:30:24.380959  1686  1686 W AlarmManager: Unrecognized alarm listener com.android.server.job.controllers.-$$Lambda$IdleController$IdlenessTracker$nTdS-lGBXcES5VWKcJFmQFgU7IU@1ab437a
11-03 12:30:24.392066  1686  1686 I WearPower: [WearTouchMediator] changing touch input to enabled (ON_AUTO)
11-03 12:30:24.408431  2520 13839 D HOME    : [WatchStreamDB]Item alerting conditions - isInterruptive: true, recentlyInterrupted: false, isItemPinned: false, isUnread: false
11-03 12:30:24.408985  2520 13839 D HOME    : [StreamAlertingRegulator]isTheaterModeEnabled: false, isAlertingAllowedByOffBody: true, matchesLocalInterruptionFilter: true
11-03 12:30:24.409652  2520 13839 D HOME    : [WatchStreamDB]couldItemAlert: false, isTopItemChanged: false, isDeferralForTopItem: false
11-03 12:30:24.412652  1686  1759 I InputReader: Reconfiguring input devices.  changes=0x00000200
--------- switch to kernel
11-03 12:30:24.272023     0     0 I init    : processing action (ro.enable_core_ctl=true && sys.cw_corectl_mode=perf) from (/vendor/etc/init/hw/init.qcom.rc:954)
11-03 12:30:24.273805     0     0 I CPU2    : update cpu_capacity 1024
11-03 12:30:24.275173     0     0 W         : IRQ21 no longer affine to CPU2
11-03 12:30:24.276278     0     0 I CPU2    : shutdown
11-03 12:30:24.281023     0     0 I CPU3    : update cpu_capacity 1024
11-03 12:30:24.282348     0     0 W         : IRQ21 no longer affine to CPU3
11-03 12:30:24.283320     0     0 I CPU3    : shutdown
--------- switch to main
11-03 12:30:24.470485  1686  1686 W AlarmManagerProxy: Removing unknown listener
11-03 12:30:24.472364  1686  1686 W DefaultSettingsContentR: Value for ambient_low_bit_enabled not stored as number. Attempting parse as boolean.
11-03 12:30:24.492849  3205  3434 W WorkController: Loading failed for worker [trainingcache]: worker not found
11-03 12:30:24.493637  3205  3294 W A       : TrainingCache cache SCREEN_ON failure
11-03 12:30:24.493637  3205  3294 W A       : com.google.android.apps.gsa.search.core.service.h.a.a: No worker found for Worker ID [trainingcache].
11-03 12:30:24.493637  3205  3294 W A       : 	at com.google.android.apps.gsa.search.core.service.g.a.c.a(Unknown Source:5)
11-03 12:30:24.493637  3205  3294 W A       : 	at com.google.android.libraries.gsa.c.a.d.a(Unknown Source:3)
11-03 12:30:24.493637  3205  3294 W A       : 	at com.google.common.p.a.cg.c(Unknown Source:2)
11-03 12:30:24.493637  3205  3294 W A       : 	at com.google.common.p.a.bk.run(SourceFile:3)
11-03 12:30:24.493637  3205  3294 W A       : 	at com.google.common.p.a.ci.run(Unknown Source:4)
11-03 12:30:24.493637  3205  3294 W A       : 	at com.google.apps.tiktok.concurrent.ab.run(SourceFile:1)
11-03 12:30:24.493637  3205  3294 W A       : 	at java.util.concurrent.ThreadPoolExecutor.runWorker(ThreadPoolExecutor.java:1167)
11-03 12:30:24.493637  3205  3294 W A       : 	at java.util.concurrent.ThreadPoolExecutor$Worker.run(ThreadPoolExecutor.java:641)
11-03 12:30:24.493637  3205  3294 W A       : 	at com.google.apps.tiktok.concurrent.c.run(Unknown Source:4)
11-03 12:30:24.493637  3205  3294 W A       : 	at java.lang.Thread.run(Thread.java:764)
11-03 12:30:24.506972  2520  2520 D HOME    : [WatchFaceUiController]sendWatchFaceServiceBinder
11-03 12:30:24.511647  2520  2520 D HOME    : [WatchFaceUiController]sendProperties
11-03 12:30:24.514259  2520  2520 D HOME    : [WatchFaceUiController]sendStateToWallpaper
11-03 12:30:24.551344  2520 13839 D HOME    : [WatchStreamDB]Item alerting conditions - isInterruptive: true, recentlyInterrupted: false, isItemPinned: false, isUnread: false
11-03 12:30:24.546846  2520 14536 D HOME    : [BatteryChange]batteryHistory size: 20'
11-03 12:30:24.555184  2520 14536 D HOME    : [BatteryChange]timeDelta: 14565082
11-03 12:30:24.555367  2520 14536 D HOME    : [BatteryChange]levelDelta: 22
11-03 12:30:24.551699  2520 13839 D HOME    : [StreamAlertingRegulator]isTheaterModeEnabled: false, isAlertingAllowedByOffBody: true, matchesLocalInterruptionFilter: true
11-03 12:30:24.558089  2520 13839 D HOME    : [WatchStreamDB]couldItemAlert: false, isTopItemChanged: false, isDeferralForTopItem: false
11-03 12:30:24.565756  2520  2520 D HOME    : [StreamDBQueue]Promised revision #5510 to queue a new op
11-03 12:30:24.565978  2520  2520 D WatchStreamManager: Promised rank-blocked=true @ r#5510
11-03 12:30:24.566776  2520 14536 D HOME    : [WatchStreamDB]Item alerting conditions - isInterruptive: true, recentlyInterrupted: false, isItemPinned: false, isUnread: false
11-03 12:30:24.567033  2520 14536 D HOME    : [StreamAlertingRegulator]isTheaterModeEnabled: false, isAlertingAllowedByOffBody: true, matchesLocalInterruptionFilter: true
11-03 12:30:24.567217  2520 14536 D HOME    : [WatchStreamDB]couldItemAlert: false, isTopItemChanged: false, isDeferralForTopItem: false
11-03 12:30:24.712618   512   512 I sensors-hal: batch:140, android.sensor.accelerometer/48, period=66667000, max_latency=100000000
11-03 12:30:24.721404   512   512 I sensors-hal: batch:149, android.sensor.accelerometer/48, period=66667000, max_latency=100000000 request completed
11-03 12:30:24.723009   512  1749 I sensors-hal: activate:107, android.sensor.light/46 en=0
11-03 12:30:24.723299  1686  2659 D DefaultUngazeDetector: Not considering ungaze event, due to runtime of 427.0 < 500.0
11-03 12:30:24.723909   512  1749 I sensors-hal: activate:118, android.sensor.light/46 en=0 completed
11-03 12:30:24.725449   512  1749 I sensors-hal: batch:140, android.sensor.light/46, period=250000000, max_latency=0
11-03 12:30:24.725518   512  1749 I sensors-hal: batch:149, android.sensor.light/46, period=250000000, max_latency=0 request completed
11-03 12:30:24.726241   512  1749 I sensors-hal: activate:107, android.sensor.light/46 en=1
11-03 12:30:24.726488   512  1749 I sensors-hal: ssc_enable_rt_task:254, ssc_enable_rt_task : true
11-03 12:30:24.729216   512  1749 I sensors-hal: activate:118, android.sensor.light/46 en=1 completed
11-03 12:30:24.730792   512  1749 I sensors-hal: batch:140, android.sensor.accelerometer/48, period=19231000, max_latency=100000000
11-03 12:30:24.732813   512  1749 I sensors-hal: batch:149, android.sensor.accelerometer/48, period=19231000, max_latency=100000000 request completed
11-03 12:30:24.733182   512  1749 I sensors-hal: flush:169, android.sensor.accelerometer/48
11-03 12:30:24.734364   512  1749 I sensors-hal: flush:175, android.sensor.accelerometer/48 completed
--------- switch to system
11-03 12:30:24.743253  1686  1686 V SettingsProvider: Notifying for 0: content://settings/system/screen_brightness
--------- switch to main
11-03 12:30:24.744008  1686  1686 I SidekickService: loadBrightnessLocked()
11-03 12:30:24.744671  1686  1686 D SidekickService: screenBrightness  = 56
11-03 12:30:24.745130  1686  1686 D SidekickService: sendConfigValuesLocked(): alsThresholds = [40, 92, 95, 100, 125, 150, 175, 200, 225, 250, 300, 400, 500, 800, 1200], brightnessValuesBright = [50, 56, 60, 70, 80, 90, 100, 115, 120, 140, 160, 180, 200, 220, 240, 255], brightnessValuesDim= [50, 56, 60, 70, 80, 90, 100, 115, 120, 140, 160, 180, 200, 220, 240, 255]
11-03 12:30:24.834117  1686  1686 D SidekickService: setAlsMode(): mode = 2, brightenAlpha = 80, dimmingAlpha = 80
11-03 12:30:24.845895  1686  1686 D SidekickService: setTwmConfig():: msTiltToBright = 10000, tiltToBright = false
--------- switch to system
11-03 12:30:24.849930  1686  1686 W Looper  : Slow dispatch took 106ms main h=android.os.Handler c=android.database.ContentObserver$NotificationRunnable@2f0154b m=0
--------- switch to main
11-03 12:30:24.854895   512 14553 I sensors-hal: handle_indication_realtime:355,  SCHED_FIFO(10) for qmi_cbk
--------- switch to kernel
11-03 12:30:27.486381     0     0 E FG      : fg_psy_get_property: unsupported property 7
11-03 12:30:27.488738     0     0 I chatty  : uid=0(root) logd identical 1 line
11-03 12:30:27.489380     0     0 E FG      : fg_psy_get_property: unsupported property 7
11-03 12:30:27.491852     0     0 W healthd : battery l=2 v=3592 t=27.0 h=2 st=3 c=122 fc=443000 cc=0 chg=
--------- switch to main
11-03 12:30:27.642944  1956  1956 D QtiCarrierConfigHelper: WARNING, no carrier configs on phone Id: 0
11-03 12:30:27.647675  2520  2520 D HOME    : [BatteryChange]action: android.intent.action.BATTERY_CHANGED
11-03 12:30:27.651541  2520 13839 D HOME    : [BatteryChange]HandleBatteryChangedTask
11-03 12:30:27.653987  2520 13839 D HOME    : [BatteryChange]level: 2, status: 3
11-03 12:30:27.654899  2520 13839 D HOME    : [BatteryChange]updateStreamItem
11-03 12:30:27.662840  2520 13839 D HOME    : [BatteryChange]batteryHistory size: 20'
11-03 12:30:27.663063  2520 13839 D HOME    : [BatteryChange]timeDelta: 14565082
11-03 12:30:27.663215  2520 13839 D HOME    : [BatteryChange]levelDelta: 22
--------- switch to system
11-03 12:30:28.937971  1686  1712 I PowerManagerService: Going to sleep due to screen timeout (uid 1000)...
11-03 12:30:28.939891  1686  1686 W UsageStatsService: Event reported without a package name
11-03 12:30:28.941593  1686  1712 I DreamManagerService: Entering dreamland.
11-03 12:30:28.942347  1686  1712 I PowerManagerService: Dozing...
11-03 12:30:28.964831  1686  1708 I DreamController: Starting dream: name=ComponentInfo{com.google.android.wearable.ambient/com.google.android.wearable.ambient.AmbientDream}, isTest=false, canDoze=true, userId=0
11-03 12:30:28.975957  1686  1686 W ContextImpl: Calling a method in the system process without a qualified user: android.app.ContextImpl.bindService:1611 android.content.ContextWrapper.bindService:698 com.google.android.wearable.ambient.AmbientDream.onCreate:191 android.app.ActivityThread.handleCreateService:3533 android.app.ActivityThread.access$1300:200 
11-03 12:30:28.982106  1686  1686 W ContextImpl: Calling a method in the system process without a qualified user: android.app.ContextImpl.sendBroadcast:1005 android.content.ContextWrapper.sendBroadcast:444 com.google.android.wearable.ambient.AmbientDream.onCreate:241 android.app.ActivityThread.handleCreateService:3533 android.app.ActivityThread.access$1300:200 
11-03 12:30:28.984990  1686  1686 V DreamService[AmbientDream]: onBind() intent = Intent { act=android.service.dreams.DreamService flg=0x800000 cmp=com.google.android.wearable.ambient/.AmbientDream }
--------- switch to main
11-03 12:30:28.985956  1686  1686 I AmbientService: [ce6a28c] Ambient Created
--------- switch to system
11-03 12:30:28.986565  1686  1686 V DreamService[AmbientDream]: Calling onDreamingStarted()
--------- switch to main
11-03 12:30:28.986656  1686  1686 I AmbientService: [ce6a28c] doOnDreamingStarted
11-03 12:30:28.987093  1686  1686 D SidekickService: setShouldControlDisplay called: true
11-03 12:30:28.989673  1686  1686 I AmbientService: [ce6a28c] Selected running activity for ambient mode: AmbientActivity[component=ComponentInfo{com.google.android.wearable.app/com.google.android.clockwork.home2.activity.HomeActivity2}, callbacks=@210b385, running=true, ambientRequested=true, ambientEnabled=true, offloadEnabled=true]
11-03 12:30:28.990369  1686  1686 I AmbientService: [ce6a28c] Sidekick is ready to display, requesting doze.
11-03 12:30:28.990887  1686  1686 I AmbientService: [ce6a28c] No auto-resume Activity.
11-03 12:30:28.993225  2520  2520 D HOME    : [HomeVisitsLogger]Logging streamlet event: enter_ambient_mode
11-03 12:30:28.993608  1686  1686 W DefaultSettingsContentR: Value for ambient_low_bit_enabled not stored as number. Attempting parse as boolean.
11-03 12:30:28.993778  2520  2520 D HOME    : [HotwordController]updateClient MODE_WATCH_FACE false true false true
11-03 12:30:29.028995  2520 13839 D HOME    : [HomeVisitsLogger]Logging streamlet event: visit_end
11-03 12:30:29.033786  2520  2520 D HOME    : [WatchFaceUiController]setInAmbientMode true
11-03 12:30:29.035217  2520 13839 I SidekickManager: replaceWatchFaceComponentsImpl(): watchFace = com.google.android.clockwork.decomposablewatchface.WatchFaceDecomposition@d840f51
11-03 12:30:29.035332  2520  2520 D HOME    : [StreamDBQueue]Promised revision #5511 to queue a new op
11-03 12:30:29.035517  2520  2520 D WatchStreamManager: Promised rank-blocked=false @ r#5511
11-03 12:30:29.035862  2520  2520 D HOME    : [StreamDBQueue]Promised revision #5512 to queue a new op
11-03 12:30:29.035941  1686  5849 D SidekickService: sendWatchFaceComponents called: watchFace = com.google.android.clockwork.decomposablewatchface.WatchFaceDecomposition@b894804shouldReplace = false
11-03 12:30:29.035974  2520  2520 D WatchStreamManager: Promised rank-blocked=false @ r#5512
11-03 12:30:29.036108  1686  5849 D SidekickService: Check decomposition for calling app com.google.android.wearable.app with uid 10049
11-03 12:30:29.036493  1686  5849 D SidekickService: sendWatchFaceLocked(): shouldReplace = false, mSidekickIsControlling = false, 1 images, 0 fonts, 0 numbers, 0 proportionalFonts, 0 strings
11-03 12:30:29.036552  1686  5849 D SidekickService: ISidekickGraphics#beginResources()...
11-03 12:30:29.036657  2520  2520 D HOME    : [EventBus]Wrapper pool is full. Discarding excess wrapper instance for event com.google.android.clockwork.sysui.events.KeyguardStateEvent
11-03 12:30:29.036728  2520  2520 D HOME    : [WatchFaceUiController]sendStateToWallpaper
11-03 12:30:29.038170  2520  2520 D HOME    : [EventBus]Wrapper pool is full. Discarding excess wrapper instance for event com.google.android.clockwork.sysui.events.KeyguardStateEvent
11-03 12:30:29.038410  2520  2520 D HOME    : [EventBus]Wrapper pool is full. Discarding excess wrapper instance for event com.google.android.clockwork.sysui.events.KeyguardStateEvent
11-03 12:30:29.039144  2520 14536 D HOME    : [WatchStreamDB]Item alerting conditions - isInterruptive: true, recentlyInterrupted: false, isItemPinned: false, isUnread: false
11-03 12:30:29.039428  2520 14536 D HOME    : [StreamAlertingRegulator]isTheaterModeEnabled: false, isAlertingAllowedByOffBody: true, matchesLocalInterruptionFilter: true
11-03 12:30:29.039459  1686  5849 D SidekickServiceUtils: bitmapFromDrawable: Returning bitmap directly
11-03 12:30:29.039619  2520 14536 D HOME    : [WatchStreamDB]couldItemAlert: false, isTopItemChanged: false, isDeferralForTopItem: false
11-03 12:30:29.041928  1686  5849 D SidekickService: sendBitmapsLocked(): bounds = RectF(0.47115386, 0.33653846, 0.52884614, 0.39423078), drawableInfo = {.id = 100000, .width = 24, .height = 24, .display = true, .offsetX = 193.0, .offsetY = 137.0, .rotationInfo = {.hasRotation = false, .pivotX = 0.0, .pivotY = 0.0, .degreesPerDay = 0.0, .degreesPerStep = 0.0, .zeroDegreesTime = {.daysSinceLocalEpoch = 0, .msSinceMidnight = 0}}, .transformInfo = {.transformed = false, .flipX = false, .flipY = false, .flip45 = false, .scaleX = 0.0, .scaleY = 0.0}, .type = GENERIC, .blink = {.blinking = false, .periodOnMs = 0.0, .periodOffMs = 0.0, .startTime = {.daysSinceLocalEpoch = 0, .msSinceMidnight = 0}}, .zOrder = 8, .displayInTwm = true}, image.size() = 97
11-03 12:30:29.037091  2520 14469 D HOME    : [StreamDBQueue]Promised revision #5513 to queue a new op
11-03 12:30:29.043499  2520 14469 D WatchStreamManager: Promised rerank @ r#5513
11-03 12:30:29.045811   416  2389 D SKGHAL  : saveResource: resId = 100000
11-03 12:30:29.049587  1686  5849 D SidekickService: sendBitmapsLocked(): status = 0, bytesUsed = 64
11-03 12:30:29.050550  2520 14536 D HOME    : [WatchStreamDB]Item alerting conditions - isInterruptive: true, recentlyInterrupted: false, isItemPinned: false, isUnread: false
11-03 12:30:29.050550  1686  5849 D SidekickService: ISidekickGraphics#endResources()...
11-03 12:30:29.051027  2520 14536 D HOME    : [StreamAlertingRegulator]isTheaterModeEnabled: false, isAlertingAllowedByOffBody: true, matchesLocalInterruptionFilter: true
11-03 12:30:29.051417  2520 14536 D HOME    : [WatchStreamDB]couldItemAlert: false, isTopItemChanged: false, isDeferralForTopItem: false
11-03 12:30:29.057163  2520 14536 D HOME    : [WatchStreamDB]updateRanking()
11-03 12:30:29.057869  2520 14536 D HOME    : [WatchStreamDB]Item alerting conditions - isInterruptive: true, recentlyInterrupted: false, isItemPinned: false, isUnread: false
11-03 12:30:29.058160  2520 14536 D HOME    : [StreamAlertingRegulator]isTheaterModeEnabled: false, isAlertingAllowedByOffBody: true, matchesLocalInterruptionFilter: true
11-03 12:30:29.058342  2520 14536 D HOME    : [WatchStreamDB]couldItemAlert: false, isTopItemChanged: false, isDeferralForTopItem: false
11-03 12:30:29.059081  2520 14536 D HOME    : [NewStreamAdapter]Publishing revision #5513 to adapter clients
11-03 12:30:29.060084  2520 14469 D HOME    : [StreamDBQueue]Promised revision #5514 to queue a new op
11-03 12:30:29.060453  2520 14469 D WatchStreamManager: Promised rerank @ r#5514
11-03 12:30:29.060746  2520 12958 D HOME    : [WatchStreamDB]updateRanking()
11-03 12:30:29.061215  2520 12958 D HOME    : [WatchStreamDB]Item alerting conditions - isInterruptive: true, recentlyInterrupted: false, isItemPinned: false, isUnread: false
11-03 12:30:29.061464  2520 12958 D HOME    : [StreamAlertingRegulator]isTheaterModeEnabled: false, isAlertingAllowedByOffBody: true, matchesLocalInterruptionFilter: true
11-03 12:30:29.061626  2520 12958 D HOME    : [WatchStreamDB]couldItemAlert: false, isTopItemChanged: false, isDeferralForTopItem: false
11-03 12:30:29.062079  2520 12958 D HOME    : [NewStreamAdapter]Publishing revision #5514 to adapter clients
11-03 12:30:29.207460   416  2389 D SKGHAL  : sendResources: metadata size = 2400, font size = 72
11-03 12:30:29.270581   416  2389 D SKGHAL  : endResources: rc = 0
11-03 12:30:29.271884  1686  1686 I AmbientService: [ce6a28c] Showing watch face in offload mode, canceling alarm.
11-03 12:30:29.272002  1686  1686 W AlarmManagerProxy: Removing unknown listener
11-03 12:30:29.273164  1686  1686 D WristGestureCtrl: Stopping detectors: GesturesEnabled-false gestureDetector-false ungazeEnabled-true ungaze-true
11-03 12:30:29.274540  1686  1686 D DefaultUngazeDetector: stopping
11-03 12:30:29.276508   512  1749 I sensors-hal: batch:140, android.sensor.accelerometer/48, period=66667000, max_latency=100000000
--------- switch to system
11-03 12:30:29.277174  1686  1686 W Looper  : Slow dispatch took 288ms main h=android.os.Handler c=android.service.dreams.DreamService$1@47d11ed m=0
--------- switch to main
11-03 12:30:29.277371  2520  2520 W StaticLayout: maxLineHeight should not be -1.  maxLines:1 lineCount:1
--------- switch to system
11-03 12:30:29.279162  1686  1686 W Looper  : Slow delivery took 291ms main h=android.app.ActivityThread$H c=android.app.-$$Lambda$LoadedApk$ReceiverDispatcher$Args$_BumDX2UKsnxLVrE6UJsJZkotuA@f050822 m=0
--------- switch to main
11-03 12:30:29.282310   512  1749 I sensors-hal: batch:149, android.sensor.accelerometer/48, period=66667000, max_latency=100000000 request completed
11-03 12:30:29.283137  2520  2520 D HOME    : [SidekickManagerAsync]replaceWatchFaceComponents(): Callback#onResult(): 0
11-03 12:30:29.283375  2520  2520 D HOME    : [WatchFaceUiController]Complication updates sent, posting watch face hiding
11-03 12:30:29.283452  2520  2520 D HOME    : [WatchFaceUiController]Still in ambient watch face, hiding
11-03 12:30:29.283512  2520  2520 D HOME    : [WatchFaceUiController]Hiding watch face wallpaper.
--------- switch to kernel
11-03 12:30:27.492714     0     0 W healthd : battery l=2 v=3592 t=27.0 h=2 st=3 c=122 fc=443000 cc=0 chg=
11-03 12:30:29.161746     0     0 E FG      : fg_psy_get_property: unsupported property 7
11-03 12:30:29.163364     0     0 W healthd : battery l=2 v=3546 t=27.0 h=2 st=3 c=209 fc=443000 cc=0 chg=
--------- switch to system
11-03 12:30:29.315447  1686  1686 W Looper  : Drained
--------- switch to main
11-03 12:30:29.318249  1956  1956 D QtiCarrierConfigHelper: WARNING, no carrier configs on phone Id: 0
11-03 12:30:29.319740  2520  2520 D HOME    : [BatteryChange]action: android.intent.action.BATTERY_CHANGED
11-03 12:30:29.320852  2520 13839 D HOME    : [BatteryChange]HandleBatteryChangedTask
11-03 12:30:29.321224  2520 13839 D HOME    : [BatteryChange]level: 2, status: 3
11-03 12:30:29.323788  2520 13839 D HOME    : [BatteryChange]updateStreamItem
11-03 12:30:29.329374   512  1749 I sensors-hal: activate:107, android.sensor.light/46 en=0
11-03 12:30:29.331617   512  1749 I sensors-hal: activate:118, android.sensor.light/46 en=0 completed
--------- switch to system
11-03 12:30:29.341215  1686  1710 I DisplayManagerService: Display device changed state: "Écran intégré", DOZE_SUSPEND
--------- switch to main
11-03 12:30:29.350808   545   545 D SurfaceFlinger: Set power mode=3, type=0 flinger=0xb6bb6000
11-03 12:30:29.351343   504   762 I SDM     : DisplayBase::SetDisplayState: Set state = 3, display 0
11-03 12:30:29.357557  1686  1759 I InputReader: Reconfiguring input devices.  changes=0x00000004
11-03 12:30:29.360703  2520 13839 D HOME    : [BatteryChange]batteryHistory size: 20'
11-03 12:30:29.360970  2520 13839 D HOME    : [BatteryChange]timeDelta: 14565082
11-03 12:30:29.361153  2520 13839 D HOME    : [BatteryChange]levelDelta: 22
--------- switch to kernel
11-03 12:30:29.206622     0     0 I mdss_dsi_panel_set_idle_mode: Idle (0->1)
11-03 12:30:29.246477     0     0 I         : [touch]FB_BLANK_VSYNC_SUSPEND
11-03 12:30:29.246482     0     0 I         : [touch]irq disable
11-03 12:30:29.246486     0     0 I         : [touch]workqueue is empty!
11-03 12:30:29.246489     0     0 I         : [touch]raydium_ts_do_suspend.
11-03 12:30:29.246498     0     0 I         : [touch]Device may wakeup
11-03 12:30:29.249186     0     0 I         : [touch]irq enable
--------- switch to main
11-03 12:30:29.394230   545   545 D SurfaceFlinger: Finished set power mode=3, type=0
11-03 12:30:29.397390  1686  1823 I SidekickService: beginDisplayLocked(): DOZE_SUSPEND
11-03 12:30:29.405892   416  2389 D SKGHAL  : sendAmbientPrepare: enter:
11-03 12:30:29.530451   416  2389 D SKGHAL  : sendAmbientEvent: enter: enable = 1
11-03 12:30:29.531947   504   523 I SDM     : DisplayBase::SetDisplayState: Set state = 4, display 0
11-03 12:30:29.543183   504   523 D SDM     : HWCDisplayPrimary::SetStandByMode: Null display is connected successfully
11-03 12:30:29.543675   416  2389 D SKGHAL  : standBy_update_control call succeed on 1
11-03 12:30:29.552420   416  2389 D SKGHAL  : sendAmbientEvent: done: enable = 1
11-03 12:30:29.553315  1686  1823 D SidekickService:    ... beginDisplay result: 0 for halPower: 1
11-03 12:30:29.558857   512  1749 I sensors-hal: activate:107, android.sensor.accelerometer/48 en=0
11-03 12:30:29.562045   512  1749 I sensors-hal: activate:118, android.sensor.accelerometer/48 en=0 completed
--------- switch to kernel
11-03 12:30:29.417094     0     0 E bgrsb   : bgrsb_enable: gpio 32 is valid
--------- switch to main
11-03 12:30:29.570404  1686  1799 E WifiStateMachine: getWifiLinkLayerStats called without an interface
11-03 12:30:29.596634  1686  1686 I WearPower: [WearTouchMediator] changing touch input to enabled (ON_AUTO)
11-03 12:30:29.598111  1686  1759 I InputReader: Reconfiguring input devices.  changes=0x00000200
11-03 12:30:29.606378  1686  1686 I AmbientService: [ce6a28c] Timeout alarm not required, auto-resume timeout handled by dream.
--------- switch to kernel
11-03 12:30:29.456256     0     0 I init    : processing action (ro.enable_core_ctl=true && sys.cw_corectl_mode=idle) from (/vendor/etc/init/hw/init.qcom.rc:949)
--------- switch to main
11-03 12:30:29.618316  3205  3434 W WorkController: Loading failed for worker [trainingcache]: worker not found
11-03 12:30:29.619629  3205  3372 W A       : TrainingCache cache SCREEN_OFF failure
11-03 12:30:29.619629  3205  3372 W A       : com.google.android.apps.gsa.search.core.service.h.a.a: No worker found for Worker ID [trainingcache].
11-03 12:30:29.619629  3205  3372 W A       : 	at com.google.android.apps.gsa.search.core.service.g.a.c.a(Unknown Source:5)
11-03 12:30:29.619629  3205  3372 W A       : 	at com.google.android.libraries.gsa.c.a.d.a(Unknown Source:3)
11-03 12:30:29.619629  3205  3372 W A       : 	at com.google.common.p.a.cg.c(Unknown Source:2)
11-03 12:30:29.619629  3205  3372 W A       : 	at com.google.common.p.a.bk.run(SourceFile:3)
11-03 12:30:29.619629  3205  3372 W A       : 	at com.google.common.p.a.ci.run(Unknown Source:4)
11-03 12:30:29.619629  3205  3372 W A       : 	at com.google.apps.tiktok.concurrent.ab.run(SourceFile:1)
11-03 12:30:29.619629  3205  3372 W A       : 	at java.util.concurrent.ThreadPoolExecutor.runWorker(ThreadPoolExecutor.java:1167)
11-03 12:30:29.619629  3205  3372 W A       : 	at java.util.concurrent.ThreadPoolExecutor$Worker.run(ThreadPoolExecutor.java:641)
11-03 12:30:29.619629  3205  3372 W A       : 	at com.google.apps.tiktok.concurrent.c.run(Unknown Source:4)
11-03 12:30:29.619629  3205  3372 W A       : 	at java.lang.Thread.run(Thread.java:764)
11-03 12:30:29.642818  2520  2520 D HOME    : [StreamDBQueue]Promised revision #5515 to queue a new op
11-03 12:30:29.643467  2520  2520 D WatchStreamManager: Promised rank-blocked=false @ r#5515
11-03 12:30:29.643906  2520  2520 D HOME    : [CompactHunStarter]detachWindow()
11-03 12:30:29.646169  2520 13839 D HOME    : [WatchStreamDB]Item alerting conditions - isInterruptive: true, recentlyInterrupted: false, isItemPinned: false, isUnread: false
11-03 12:30:29.646866  2520 13839 D HOME    : [StreamAlertingRegulator]isTheaterModeEnabled: false, isAlertingAllowedByOffBody: true, matchesLocalInterruptionFilter: true
11-03 12:30:29.647224  2520 13839 D HOME    : [WatchStreamDB]couldItemAlert: false, isTopItemChanged: false, isDeferralForTopItem: false
11-03 12:30:29.648581  2520 14469 D HOME    : [StreamDBQueue]Promised revision #5516 to queue a new op
11-03 12:30:29.648845  2520 14469 D WatchStreamManager: Promised rerank @ r#5516
11-03 12:30:29.673868  2520 13839 D HOME    : [WatchStreamDB]updateRanking()
11-03 12:30:29.675328  2520 13839 D HOME    : [WatchStreamDB]Item alerting conditions - isInterruptive: true, recentlyInterrupted: false, isItemPinned: false, isUnread: false
11-03 12:30:29.675969  2520 13839 D HOME    : [StreamAlertingRegulator]isTheaterModeEnabled: false, isAlertingAllowedByOffBody: true, matchesLocalInterruptionFilter: true
11-03 12:30:29.676332  2520 13839 D HOME    : [WatchStreamDB]couldItemAlert: false, isTopItemChanged: false, isDeferralForTopItem: false
11-03 12:30:29.684863  2520 13839 D HOME    : [NewStreamAdapter]Publishing revision #5516 to adapter clients
--------- switch to kernel
11-03 12:30:29.696099     0     0 I PM      : suspend entry 2021-11-03 11:30:29.696099508 UTC
11-03 12:30:29.696108     0     0 I PM      : Syncing filesystems ... done.
11-03 12:30:29.710825     0     0 I         : Freezing user space processes ... (elapsed 0.005 seconds) done.
11-03 12:30:29.716031     0     0 I         : Freezing remaining freezable tasks ... (elapsed 0.002 seconds) done.
11-03 12:30:29.718953     0     0 I         : Suspending console(s) (use no_console_suspend to debug)
11-03 12:30:29.729313     0     0 I mdss_dsi_panel_set_idle_mode: Idle (1->1)
11-03 12:30:29.764199     0     0 I bgcom   : bgcom_pm_suspend: suspended with : 0
11-03 12:30:29.786786     0     0 I PM      : suspend of devices complete after 66.028 msecs
11-03 12:30:29.789476     0     0 I PM      : late suspend of devices complete after 2.672 msecs
11-03 12:30:29.792567     0     0 I PM      : noirq suspend of devices complete after 3.075 msecs
11-03 12:30:29.792573     0     0 I         : Disabling non-boot CPUs ...
11-03 12:30:29.810825     0     0 W         : IRQ16 no longer affine to CPU1
11-03 12:30:29.810832     0     0 W         : IRQ21 no longer affine to CPU1
11-03 12:30:29.811015     0     0 W         : IRQ93 no longer affine to CPU1
11-03 12:30:29.811685     0     0 I CPU1    : shutdown
11-03 12:30:29.812556     0     0 I suspend ns: 4604367642886	suspend cycles:    1353929222824
11-03 12:30:29.812546     0     0 I CPU0    : msm_cpu_pm_enter_sleep mode:3 during suspend
11-03 12:30:29.812546     0     0 I         : Suspended for 35.615 seconds
11-03 12:30:29.812546     0     0 I resume cycles: 1354613032768
11-03 12:30:29.812830     0     0 I         : Enabling non-boot CPUs ...
11-03 12:30:29.813161     0     0 I CPU1    : update cpu_capacity 1024
11-03 12:30:29.814120     0     0 I         : CPU1 is up
11-03 12:30:29.815713     0     0 I PM      : noirq resume of devices complete after 1.421 msecs
11-03 12:30:29.818624     0     0 I PM      : early resume of devices complete after 1.682 msecs
11-03 12:30:29.820311     0     0 I CPU1    : update max cpu_capacity 748
11-03 12:30:29.841431     0     0 I bgcom   : bgcom_pm_resume: Bgcom resumed with : 0
11-03 12:30:29.851248     0     0 I mdss_dsi_panel_set_idle_mode: Idle (1->1)
11-03 12:30:29.884191     0     0 I PM      : resume of devices complete after 65.550 msecs
11-03 12:30:29.890649     0     0 I         : Restarting tasks ...
11-03 12:30:29.890970     0     0 E mdss_dsi_gen_read_status: Read back value from panel is incorrect
11-03 12:30:29.893061     0     0 W QSEECOM : qseecom_receive_req: Interrupted: exiting Listener Service = 28672
11-03 12:30:29.895371     0     0 W QSEECOM : qseecom_receive_req: Interrupted: exiting Listener Service = 8192
11-03 12:30:29.895411     0     0 W QSEECOM : qseecom_receive_req: Interrupted: exiting Listener Service = 12288
11-03 12:30:29.895438     0     0 W QSEECOM : qseecom_receive_req: Interrupted: exiting Listener Service = 11
11-03 12:30:29.895461     0     0 W QSEECOM : qseecom_receive_req: Interrupted: exiting Listener Service = 10
11-03 12:30:29.904703     0     0 I         : done.
11-03 12:31:05.520339     0     0 I PM      : suspend exit 2021-11-03 11:31:05.520339493 UTC
11-03 12:31:05.621010     0     0 I PM      : suspend entry 2021-11-03 11:31:05.621010066 UTC
--------- switch to main
11-03 12:31:05.663921  3316  3328 I .gms.persisten: Background concurrent copying GC freed 51731(2MB) AllocSpace objects, 7(328KB) LOS objects, 25% free, 8MB/10MB, paused 374us total 389.121ms
--------- switch to kernel
11-03 12:31:05.621024     0     0 I PM      : Syncing filesystems ... done.
11-03 12:31:05.741078     0     0 I         : Freezing user space processes ... (elapsed 0.007 seconds) done.
11-03 12:31:05.748400     0     0 I         : Freezing remaining freezable tasks ... (elapsed 0.003 seconds) done.
11-03 12:31:05.752365     0     0 I         : Suspending console(s) (use no_console_suspend to debug)
11-03 12:31:05.764431     0     0 I mdss_dsi_panel_set_idle_mode: Idle (1->1)
11-03 12:31:05.799956     0     0 I bgcom   : bgcom_pm_suspend: suspended with : 0
11-03 12:31:05.835126     0     0 I PM      : suspend of devices complete after 80.535 msecs
11-03 12:31:05.840702     0     0 I PM      : late suspend of devices complete after 5.366 msecs
11-03 12:31:05.846435     0     0 I PM      : noirq suspend of devices complete after 5.697 msecs
11-03 12:31:05.846450     0     0 I         : Disabling non-boot CPUs ...
11-03 12:31:05.866309     0     0 W         : IRQ16 no longer affine to CPU1
11-03 12:31:05.866618     0     0 W         : IRQ93 no longer affine to CPU1
11-03 12:31:05.868266     0     0 I CPU1    : shutdown
11-03 12:31:05.870506     0     0 I suspend ns: 4604810486897	suspend cycles:    1354621535373
11-03 12:31:05.870484     0     0 I CPU0    : msm_cpu_pm_enter_sleep mode:3 during suspend
11-03 12:31:05.870484     0     0 I         : Suspended for 18.821 seconds
11-03 12:31:05.870484     0     0 I resume cycles: 1354982905920
11-03 12:31:05.871052     0     0 I         : Enabling non-boot CPUs ...
11-03 12:31:05.871925     0     0 I CPU1    : update cpu_capacity 1024
11-03 12:31:05.873377     0     0 I         : CPU1 is up
11-03 12:31:05.875174     0     0 I CPU1    : update max cpu_capacity 748
11-03 12:31:05.877176     0     0 I PM      : noirq resume of devices complete after 3.472 msecs
11-03 12:31:05.882570     0     0 I PM      : early resume of devices complete after 3.919 msecs
11-03 12:31:05.913001     0     0 I bgcom   : bgcom_pm_resume: Bgcom resumed with : 0
11-03 12:31:05.923173     0     0 I mdss_dsi_panel_set_idle_mode: Idle (1->1)
11-03 12:31:05.959270     0     0 I PM      : resume of devices complete after 76.669 msecs
11-03 12:31:05.961930     0     0 I         : Restarting tasks ...
11-03 12:31:05.966389     0     0 W QSEECOM : qseecom_receive_req: Interrupted: exiting Listener Service = 12288
11-03 12:31:05.966483     0     0 W QSEECOM : qseecom_receive_req: Interrupted: exiting Listener Service = 28672
11-03 12:31:05.968456     0     0 W QSEECOM : qseecom_receive_req: Interrupted: exiting Listener Service = 8192
11-03 12:31:05.968606     0     0 W QSEECOM : qseecom_receive_req: Interrupted: exiting Listener Service = 11
11-03 12:31:05.968647     0     0 W QSEECOM : qseecom_receive_req: Interrupted: exiting Listener Service = 10
11-03 12:31:05.985600     0     0 I         : done.
11-03 12:31:24.808017     0     0 I PM      : suspend exit 2021-11-03 11:31:24.808017142 UTC
--------- switch to system
11-03 12:31:24.795191  1686  1686 I PowerManagerService: Waking up from dozing (uid=1000 reason=tiltToWake)...
--------- switch to kernel
11-03 12:31:24.833411     0     0 E FG      : fg_psy_get_property: unsupported property 7
11-03 12:31:24.690511     0     0 W healthd : battery l=2 v=3679 t=27.0 h=2 st=3 c=5 fc=443000 cc=0 chg=
--------- switch to system
11-03 12:31:24.821448  1686  1686 W UsageStatsService: Event reported without a package name
--------- switch to main
11-03 12:31:24.867351   512   512 I sensors-hal: batch:140, android.sensor.light/46, period=100000000, max_latency=0
11-03 12:31:24.867419   512   512 I sensors-hal: batch:149, android.sensor.light/46, period=100000000, max_latency=0 request completed
11-03 12:31:24.868002   512   512 I sensors-hal: activate:107, android.sensor.light/46 en=1
11-03 12:31:24.868382   512   512 I sensors-hal: ssc_enable_rt_task:254, ssc_enable_rt_task : true
11-03 12:31:24.872154   512   512 I sensors-hal: activate:118, android.sensor.light/46 en=1 completed
11-03 12:31:24.877654  1686  1823 I SidekickService: endDisplayLocked()
11-03 12:31:24.878621   416  2389 D SKGHAL  : sendAmbientEvent: enter: enable = 0
11-03 12:31:24.878634   512   512 I sensors-hal: batch:140, android.sensor.accelerometer/48, period=66667000, max_latency=100000000
11-03 12:31:24.878709   512   512 I sensors-hal: batch:149, android.sensor.accelerometer/48, period=66667000, max_latency=100000000 request completed
--------- switch to system
11-03 12:31:24.879704  1686  1710 I DisplayManagerService: Display device changed state: "Écran intégré", ON
--------- switch to main
11-03 12:31:24.879849   512   512 I sensors-hal: activate:107, android.sensor.accelerometer/48 en=1
11-03 12:31:24.880221   512   512 I sensors-hal: ssc_enable_rt_task:254, ssc_enable_rt_task : true
