11-02 20:43:35.826746  2520  2520 W ViewRootImpl[HomeActivity2]: Cancelling event due to no window focus: MotionEvent { action=ACTION_CANCEL, actionButton=0, id[0]=0, x[0]=100.0, y[0]=100.0, toolType[0]=TOOL_TYPE_FINGER, buttonState=0, metaState=0, flags=0x0, edgeFlags=0x0, pointerCount=1, historySize=0, eventTime=1272446, downTime=1253228, deviceId=1, source=0x1002 }
11-02 20:43:35.851889  1686  1710 I DisplayManagerService: Display device changed state: "Écran intégré", ON
--------- switch to main
11-02 20:43:35.858407   416  2389 D SKGHAL  : sendAmbientEvent: enter: enable = 0
11-02 20:43:35.862337   512   512 I sensors-hal: batch:140, android.sensor.accelerometer/48, period=66667000, max_latency=100000000
11-02 20:43:35.862509   512   512 I sensors-hal: batch:149, android.sensor.accelerometer/48, period=66667000, max_latency=100000000 request completed
11-02 20:43:35.863738   512   512 I sensors-hal: activate:107, android.sensor.accelerometer/48 en=1
11-02 20:43:35.864363   512   512 I sensors-hal: ssc_enable_rt_task:254, ssc_enable_rt_task : true
11-02 20:43:35.866030   512  7538 I sensors-hal: handle_indication_realtime:355,  SCHED_FIFO(10) for qmi_cbk
11-02 20:43:35.879970  4243  4243 D OMService: onDisplayChanged: not dozing
11-02 20:43:35.871338   512   512 I sensors-hal: activate:118, android.sensor.accelerometer/48 en=1 completed
11-02 20:43:35.894806  2520  2520 D HOME    : [BatteryChange]action: android.intent.action.BATTERY_CHANGED
11-02 20:43:35.895721  1686  1759 I InputReader: Reconfiguring input devices.  changes=0x00000004
11-02 20:43:35.896414  2520  6932 D HOME    : [BatteryChange]HandleBatteryChangedTask
11-02 20:43:35.897296  2520  6932 D HOME    : [BatteryChange]level: 63, status: 3
11-02 20:43:35.904433  1686  1799 E WifiStateMachine: getWifiLinkLayerStats called without an interface
11-02 20:43:35.912622  1956  1956 D QtiCarrierConfigHelper: WARNING, no carrier configs on phone Id: 0
11-02 20:43:35.919577  3205  3434 W WorkController: Loading failed for worker [trainingcache]: worker not found
11-02 20:43:35.927467  3205  3372 W A       : TrainingCache cache DEVICE_UNLOCKED failure
11-02 20:43:35.927467  3205  3372 W A       : com.google.android.apps.gsa.search.core.service.h.a.a: No worker found for Worker ID [trainingcache].
11-02 20:43:35.927467  3205  3372 W A       : 	at com.google.android.apps.gsa.search.core.service.g.a.c.a(Unknown Source:5)
11-02 20:43:35.927467  3205  3372 W A       : 	at com.google.android.libraries.gsa.c.a.d.a(Unknown Source:3)
11-02 20:43:35.927467  3205  3372 W A       : 	at com.google.common.p.a.cg.c(Unknown Source:2)
11-02 20:43:35.927467  3205  3372 W A       : 	at com.google.common.p.a.bk.run(SourceFile:3)
11-02 20:43:35.927467  3205  3372 W A       : 	at com.google.common.p.a.ci.run(Unknown Source:4)
11-02 20:43:35.927467  3205  3372 W A       : 	at com.google.apps.tiktok.concurrent.ab.run(SourceFile:1)
11-02 20:43:35.927467  3205  3372 W A       : 	at java.util.concurrent.ThreadPoolExecutor.runWorker(ThreadPoolExecutor.java:1167)
11-02 20:43:35.927467  3205  3372 W A       : 	at java.util.concurrent.ThreadPoolExecutor$Worker.run(ThreadPoolExecutor.java:641)
11-02 20:43:35.927467  3205  3372 W A       : 	at com.google.apps.tiktok.concurrent.c.run(Unknown Source:4)
11-02 20:43:35.927467  3205  3372 W A       : 	at java.lang.Thread.run(Thread.java:764)
--------- switch to kernel
11-02 20:43:35.889649     0     0 I         : [touch]FB_BLANK_VSYNC_SUSPEND
11-02 20:43:35.889655     0     0 I         : [touch]Already in suspend state
--------- switch to main
11-02 20:43:35.932301   504   523 I SDM     : DisplayBase::SetDisplayState: Set state = 3, display 0
11-02 20:43:35.932721   504   523 D SDM     : HWCDisplayPrimary::SetStandByMode: Display is connected successfully
11-02 20:43:35.933303   416  2389 D SKGHAL  : standBy_update_control call succeed on 0
11-02 20:43:35.933408   416  2389 D SKGHAL  : sendAmbientEvent: done: enable = 0
11-02 20:43:35.934520  1686  1823 D SidekickService:    ... endDisplay returns void
11-02 20:43:35.935603   545   545 D SurfaceFlinger: Set power mode=2, type=0 flinger=0xb6bb6000
11-02 20:43:35.936232   504   762 I SDM     : DisplayBase::SetDisplayState: Set state = 1, display 0
--------- switch to system
11-02 20:43:35.936384  1686  1702 W BroadcastQueue: Background execution not allowed: receiving Intent { act=android.intent.action.USER_PRESENT flg=0x10 } to com.google.android.gms/.auth.setup.devicesignals.LockScreenReceiver
11-02 20:43:35.937217  1686  1702 W BroadcastQueue: Background execution not allowed: receiving Intent { act=android.intent.action.USER_PRESENT flg=0x10 } to com.google.android.gms/.chimera.GmsIntentOperationService$PersistentTrustedReceiver
--------- switch to main
11-02 20:43:35.949149   545   545 D SurfaceFlinger: Finished set power mode=2, type=0
--------- switch to system
11-02 20:43:35.953870  1686  1712 W PowerManagerService: Screen on took 319 ms
11-02 20:43:35.954367  1686  1712 I DreamManagerService: Gently waking up from dream.
--------- switch to kernel
11-02 20:43:35.901082     0     0 I mdss_dsi_panel_set_idle_mode: Idle (1->0)
11-02 20:43:35.902578     0     0 E mdp3_enable_panic_ctrl: mdp3_enable_panic_ctrl: Enable Panic Control
11-02 20:43:35.902726     0     0 I         : [touch]FB_BLANK_UNBLANK
11-02 20:43:35.902735     0     0 I         : [touch]raydium_ts_do_resume, 1.
11-02 20:43:35.903384     0     0 I         : [ raydium ]workqueue is empty!
11-02 20:43:35.904694     0     0 I         : [touch] raydium_esd_check
11-02 20:43:35.904723     0     0 I raydium_ts 5-0039: [touch]Already enable irq
11-02 20:43:35.904726     0     0 I         : [touch]Device may wakeup
--------- switch to system
11-02 20:43:35.955544  1686  1708 I DreamManagerService: Performing gentle wake from dream.
11-02 20:43:35.980435  1686  1686 V DreamService[AmbientDream]: wakeUp(): fromSystem=true, mWaking=false, mFinished=false
11-02 20:43:35.980826  1686  1686 V DreamService[AmbientDream]: finish(): mFinished=false
11-02 20:43:35.981012  1686  1686 I DreamManagerService: Leaving dreamland.
11-02 20:43:35.982096  1686  1708 I DreamManagerService: Performing gentle wake from dream.
11-02 20:43:35.982497  1686  1708 I DreamController: Stopping dream: name=ComponentInfo{com.google.android.wearable.ambient/com.google.android.wearable.ambient.AmbientDream}, isTest=false, canDoze=true, userId=0
11-02 20:43:35.995636  1686  1686 V DreamService[AmbientDream]: detach(): Calling onDreamingStopped()
--------- switch to main
11-02 20:43:35.996084  1686  1686 I AmbientService: [ce6a28c] doOnDreamingStopped
11-02 20:43:35.996256  1686  1686 D WristGestureCtrl: Starting: GesturesEnabled-false UngazeEnabled-true
11-02 20:43:35.996343  1686  1686 D DefaultUngazeDetector: starting
11-02 20:43:35.996438  1686  1686 D DefaultUngazeDetector: startUngazeStateEstimation(). startTime = 13695426
11-02 20:43:35.996798  1686  1686 W AlarmManagerProxy: Removing unknown listener
11-02 20:43:36.000328   512   512 I sensors-hal: batch:140, android.sensor.accelerometer/48, period=19231000, max_latency=100000000
11-02 20:43:36.005027   512  7540 I sensors-hal: handle_indication_realtime:355,  SCHED_FIFO(10) for qmi_cbk
11-02 20:43:36.006908   512   512 I sensors-hal: batch:149, android.sensor.accelerometer/48, period=19231000, max_latency=100000000 request completed
11-02 20:43:36.007734   512   512 I sensors-hal: flush:169, android.sensor.accelerometer/48
11-02 20:43:36.011003  1686  1686 I AmbientService: [ce6a28c] No auto-resume Activity.
11-02 20:43:36.012209   512   512 I sensors-hal: flush:175, android.sensor.accelerometer/48 completed
11-02 20:43:36.014158  1686  1686 W AlarmManager: Unrecognized alarm listener com.android.server.job.controllers.-$$Lambda$IdleController$IdlenessTracker$nTdS-lGBXcES5VWKcJFmQFgU7IU@1ab437a
--------- switch to system
11-02 20:43:36.015723  1686  1686 W ContextImpl: Calling a method in the system process without a qualified user: android.app.ContextImpl.sendBroadcast:1020 android.content.ContextWrapper.sendBroadcast:449 com.google.android.wearable.ambient.AmbientDream.onDestroy:273 android.app.ActivityThread.handleStopService:3698 android.app.ActivityThread.access$1700:200 
--------- switch to main
11-02 20:43:36.016562  1686  1686 E AlarmManager: cancel() called with a null PendingIntent
--------- switch to system
11-02 20:43:36.017166  1686  1686 V DreamService[AmbientDream]: onDestroy()
--------- switch to main
11-02 20:43:36.036602  2520  2520 D HOME    : [HomeVisitsLogger]Logging streamlet event: visit_start
11-02 20:43:36.037025  2520  2520 D HOME    : [HomeVisitsLogger]Logging streamlet event: exit_ambient_mode
11-02 20:43:36.037561  2520  2520 D HOME    : [HotwordController]updateClient MODE_WATCH_FACE false false false true
11-02 20:43:36.039478  2520  2520 D HOME    : [WatchFaceUiController]setInAmbientMode false
11-02 20:43:36.039662  2520  2520 D HOME    : [WatchFaceUiController]sendWatchFaceServiceBinder
11-02 20:43:36.046864  2520  2520 D HOME    : [WatchFaceUiController]sendStateToWallpaper
11-02 20:43:36.051327  2520  2520 D HOME    : [WatchFaceUiController]Showing watch face wallpaper.
11-02 20:43:36.051636  2520  2520 D HOME    : [WatchFaceUiController]sendStateToWallpaper
11-02 20:43:36.073976  2520  2520 D HOME    : [StreamDBQueue]Promised revision #1671 to queue a new op
11-02 20:43:36.074307  2520  2520 D WatchStreamManager: Promised rank-blocked=true @ r#1671
11-02 20:43:36.074944  2520  2520 D HOME    : [StreamDBQueue]Promised revision #1672 to queue a new op
11-02 20:43:36.074993  2520  6932 D HOME    : [WatchStreamDB]Item alerting conditions - isInterruptive: true, recentlyInterrupted: false, isItemPinned: true, isUnread: false
11-02 20:43:36.075148  2520  2520 D WatchStreamManager: Promised rank-blocked=true @ r#1672
11-02 20:43:36.075959  2520  2520 D HOME    : [TilesController]Tile refresh optimization is enabled.
11-02 20:43:36.076540  2520  2520 D HOME    : [EventBus]Wrapper pool is full. Discarding excess wrapper instance for event com.google.android.clockwork.sysui.events.KeyguardStateEvent
11-02 20:43:36.076688  2520  2520 D HOME    : [WatchFaceUiController]sendStateToWallpaper
11-02 20:43:36.078383  1686  1686 I WearPower: [WearTouchMediator] changing touch input to enabled (ON_AUTO)
11-02 20:43:36.081897  1686  1759 I InputReader: Reconfiguring input devices.  changes=0x00000200
11-02 20:43:36.082182  2520  2520 D HOME    : [EventBus]Wrapper pool is full. Discarding excess wrapper instance for event com.google.android.clockwork.sysui.events.KeyguardStateEvent
11-02 20:43:36.082257  2520  6932 D HOME    : [StreamAlertingRegulator]isTheaterModeEnabled: false, isAlertingAllowedByOffBody: true, matchesLocalInterruptionFilter: true
11-02 20:43:36.082573  2520  6932 D HOME    : [WatchStreamDB]couldItemAlert: false, isTopItemChanged: false, isDeferralForTopItem: false
11-02 20:43:36.082566  2520  2520 D HOME    : [EventBus]Wrapper pool is full. Discarding excess wrapper instance for event com.google.android.clockwork.sysui.events.KeyguardStateEvent
11-02 20:43:36.090966  2520  2520 D HOME    : [WatchFaceUiController]sendStateToWallpaper
11-02 20:43:36.097891  2520  2520 W StaticLayout: maxLineHeight should not be -1.  maxLines:1 lineCount:1
11-02 20:43:36.108737  2520  6932 D HOME    : [WatchStreamDB]Item alerting conditions - isInterruptive: true, recentlyInterrupted: false, isItemPinned: true, isUnread: false
11-02 20:43:36.109078  2520  6932 D HOME    : [StreamAlertingRegulator]isTheaterModeEnabled: false, isAlertingAllowedByOffBody: true, matchesLocalInterruptionFilter: true
11-02 20:43:36.109309  2520  6932 D HOME    : [WatchStreamDB]couldItemAlert: false, isTopItemChanged: false, isDeferralForTopItem: false
11-02 20:43:36.122155  1686  1686 W AlarmManagerProxy: Removing unknown listener
11-02 20:43:36.123975  1686  1686 W DefaultSettingsContentR: Value for ambient_low_bit_enabled not stored as number. Attempting parse as boolean.
--------- switch to kernel
11-02 20:43:36.060557     0     0 I init    : processing action (ro.enable_core_ctl=true && sys.cw_corectl_mode=perf) from (/vendor/etc/init/hw/init.qcom.rc:954)
11-02 20:43:36.061900     0     0 I CPU2    : update cpu_capacity 1024
--------- switch to main
11-02 20:43:36.145643  2520  4718 W OpenGLRenderer: Incorrectly called buildLayer on View: HardwareButtonHintOverlayView, destroying layer...
11-02 20:43:36.147559  3205  3434 W WorkController: Loading failed for worker [trainingcache]: worker not found
--------- switch to kernel
11-02 20:43:36.085549     0     0 I CPU3    : update max cpu_capacity 1024
--------- switch to main
11-02 20:43:36.149968  3205  3294 W A       : TrainingCache cache SCREEN_ON failure
11-02 20:43:36.149968  3205  3294 W A       : com.google.android.apps.gsa.search.core.service.h.a.a: No worker found for Worker ID [trainingcache].
11-02 20:43:36.149968  3205  3294 W A       : 	at com.google.android.apps.gsa.search.core.service.g.a.c.a(Unknown Source:5)
11-02 20:43:36.149968  3205  3294 W A       : 	at com.google.android.libraries.gsa.c.a.d.a(Unknown Source:3)
11-02 20:43:36.149968  3205  3294 W A       : 	at com.google.common.p.a.cg.c(Unknown Source:2)
11-02 20:43:36.149968  3205  3294 W A       : 	at com.google.common.p.a.bk.run(SourceFile:3)
11-02 20:43:36.149968  3205  3294 W A       : 	at com.google.common.p.a.ci.run(Unknown Source:4)
11-02 20:43:36.149968  3205  3294 W A       : 	at com.google.apps.tiktok.concurrent.ab.run(SourceFile:1)
11-02 20:43:36.149968  3205  3294 W A       : 	at java.util.concurrent.ThreadPoolExecutor.runWorker(ThreadPoolExecutor.java:1167)
11-02 20:43:36.149968  3205  3294 W A       : 	at java.util.concurrent.ThreadPoolExecutor$Worker.run(ThreadPoolExecutor.java:641)
11-02 20:43:36.149968  3205  3294 W A       : 	at com.google.apps.tiktok.concurrent.c.run(Unknown Source:4)
11-02 20:43:36.149968  3205  3294 W A       : 	at java.lang.Thread.run(Thread.java:764)
11-02 20:43:36.196888  2520  2520 D HOME    : [WatchFaceUiController]sendWatchFaceServiceBinder
11-02 20:43:36.203126  2520  2520 D HOME    : [WatchFaceUiController]sendProperties
11-02 20:43:36.204824  2520  2520 D HOME    : [WatchFaceUiController]sendStateToWallpaper
11-02 20:43:36.213936  2520  2520 D HOME    : [StreamDBQueue]Promised revision #1673 to queue a new op
11-02 20:43:36.214419  2520  2520 D WatchStreamManager: Promised rank-blocked=true @ r#1673
11-02 20:43:36.215579  2520  7411 D HOME    : [WatchStreamDB]Item alerting conditions - isInterruptive: true, recentlyInterrupted: false, isItemPinned: true, isUnread: false
11-02 20:43:36.217227  2520  7411 D HOME    : [StreamAlertingRegulator]isTheaterModeEnabled: false, isAlertingAllowedByOffBody: true, matchesLocalInterruptionFilter: true
11-02 20:43:36.217712  2520  7411 D HOME    : [WatchStreamDB]couldItemAlert: false, isTopItemChanged: false, isDeferralForTopItem: false
--------- switch to system
11-02 20:43:36.282929  1686  1686 W Looper  : Slow dispatch took 104ms main h=com.android.server.notification.NotificationManagerService$WorkerHandler c=null m=3
--------- switch to main
11-02 20:43:36.295499  2520  2520 D HOME    : [StreamBackendInit]NotificationService onNotificationPosted StatusBarNotification(pkg=android user=UserHandle{0} id=0 tag=com.android.server.wm.AlertWindowNotification - com.google.android.wearable.app key=0|android|0|com.android.server.wm.AlertWindowNotification - com.google.android.wearable.app|1000: Notification(channel=com.android.server.wm.AlertWindowNotification - com.google.android.wearable.app pri=0 contentView=null vibrate=null sound=null defaults=0x0 flags=0x102 color=0xff607d8b vis=PRIVATE))
11-02 20:43:36.296599  2520  2716 D CollectorHandler: handleMessage, event: ON_NOTIFICATION_POSTED_WITH_RANKING
11-02 20:43:36.300923  2520  2716 D HOME    : [StreamDBQueue]Promised revision #1674 to queue a new op
11-02 20:43:36.301458  2520  2716 D HOME    : [WatchStreamManager]Promised set @ r#1674 for (android,tag=com.android.server.wm.AlertWindowNotification - com.google.android.wearable.app,id=0,notifKey=0|android|0|com.android.server.wm.AlertWindowNotification - com.google.android.wearable.app|1000)
11-02 20:43:36.302789  2520  6932 D StreamDatabase:   filtering notification, reason=HOME_OVER_OTHER_APPS_NOTIFICATION, itemId=StreamItemIdAndRevision{notifKey=0|android|0|com.android.server.wm.AlertWindowNotification - com.google.android.wearable.app|1000, packageName=android, tag=com.android.server.wm.AlertWindowNotification - com.google.android.wearable.app, id=0, revision=1674, originalRevision=1674, updateCount=0}
11-02 20:43:36.303605  2520  6932 D HOME    : [WatchStreamDB]Item alerting conditions - isInterruptive: true, recentlyInterrupted: false, isItemPinned: true, isUnread: false
11-02 20:43:36.303924  2520  6932 D HOME    : [StreamAlertingRegulator]isTheaterModeEnabled: false, isAlertingAllowedByOffBody: true, matchesLocalInterruptionFilter: true
11-02 20:43:36.304165  2520  6932 D HOME    : [WatchStreamDB]couldItemAlert: false, isTopItemChanged: false, isDeferralForTopItem: false
11-02 20:43:36.304640  2520  6932 D HOME    : [StreamAdapter]onStreamChange StreamChangeEvent[modified=1, removed=0, modifiedTop=0, removedTop=0, reorder=false, possibleAlertingItem=none]
11-02 20:43:36.304982  2520  6932 D HOME    : [StreamAdapter]onStreamChange StreamChangeEvent[modified=1, removed=0, modifiedTop=0, removedTop=0, reorder=false, possibleAlertingItem=none]
11-02 20:43:36.305529  2520  2520 D HOME    : [TopNotificationReceiver]Sending request to TopNotificationProviderService for complication update
11-02 20:43:36.305628  2520  6932 D HOME    : [NewStreamAdapter]Publishing revision #1674 to adapter clients
11-02 20:43:36.308694  2520  2520 D HOME    : [StreamAdapter]setStreamItems, size 2
11-02 20:43:36.309254  2520  2520 D HOME    : [StreamAdapter]setStreamItems, size 1
11-02 20:43:36.313280  2520  6932 D HOME    : [ComplicationController]scheduleImmediateUpdateForAllFromProvider ComponentInfo{com.google.android.wearable.app/com.google.android.clockwork.wcs.notification.complication.TopNotificationProviderService}
11-02 20:43:36.333921   512  1749 I sensors-hal: activate:107, android.sensor.light/46 en=0
11-02 20:43:36.338451   512  1749 I sensors-hal: activate:118, android.sensor.light/46 en=0 completed
11-02 20:43:36.340636   512  1749 I sensors-hal: batch:140, android.sensor.light/46, period=250000000, max_latency=0
11-02 20:43:36.340728   512  1749 I sensors-hal: batch:149, android.sensor.light/46, period=250000000, max_latency=0 request completed
11-02 20:43:36.341316   512  1749 I sensors-hal: activate:107, android.sensor.light/46 en=1
11-02 20:43:36.341639   512  1749 I sensors-hal: ssc_enable_rt_task:254, ssc_enable_rt_task : true
11-02 20:43:36.344517   512  1749 I sensors-hal: activate:118, android.sensor.light/46 en=1 completed
--------- switch to system
11-02 20:43:36.348399  1686  1686 V SettingsProvider: Notifying for 0: content://settings/system/screen_brightness
--------- switch to main
11-02 20:43:36.349809  1686  1686 I SidekickService: loadBrightnessLocked()
11-02 20:43:36.352154  1686  1686 D SidekickService: screenBrightness  = 50
11-02 20:43:36.352671  1686  1686 D SidekickService: sendConfigValuesLocked(): alsThresholds = [40, 92, 95, 100, 125, 150, 175, 200, 225, 250, 300, 400, 500, 800, 1200], brightnessValuesBright = [50, 56, 60, 70, 80, 90, 100, 115, 120, 140, 160, 180, 200, 220, 240, 255], brightnessValuesDim= [50, 56, 60, 70, 80, 90, 100, 115, 120, 140, 160, 180, 200, 220, 240, 255]
11-02 20:43:36.363062  1686  1686 D SidekickService: setAlsMode(): mode = 2, brightenAlpha = 80, dimmingAlpha = 80
11-02 20:43:36.376615  1686  1686 D SidekickService: setTwmConfig():: msTiltToBright = 10000, tiltToBright = false
11-02 20:43:36.415439   512  7548 I sensors-hal: handle_indication_realtime:355,  SCHED_FIFO(10) for qmi_cbk
--------- switch to system
11-02 20:43:40.634031  1686  1712 I PowerManagerService: Going to sleep due to screen timeout (uid 1000)...
11-02 20:43:40.637272  1686  1712 I DreamManagerService: Entering dreamland.
11-02 20:43:40.638408  1686  1712 I PowerManagerService: Dozing...
11-02 20:43:40.639735  1686  1686 W UsageStatsService: Event reported without a package name
11-02 20:43:40.639950  1686  1708 I DreamController: Starting dream: name=ComponentInfo{com.google.android.wearable.ambient/com.google.android.wearable.ambient.AmbientDream}, isTest=false, canDoze=true, userId=0
11-02 20:43:40.667639  1686  1686 W ContextImpl: Calling a method in the system process without a qualified user: android.app.ContextImpl.bindService:1611 android.content.ContextWrapper.bindService:698 com.google.android.wearable.ambient.AmbientDream.onCreate:191 android.app.ActivityThread.handleCreateService:3533 android.app.ActivityThread.access$1300:200 
11-02 20:43:40.671402  1686  1686 W ContextImpl: Calling a method in the system process without a qualified user: android.app.ContextImpl.sendBroadcast:1005 android.content.ContextWrapper.sendBroadcast:444 com.google.android.wearable.ambient.AmbientDream.onCreate:241 android.app.ActivityThread.handleCreateService:3533 android.app.ActivityThread.access$1300:200 
11-02 20:43:40.673762  1686  1686 V DreamService[AmbientDream]: onBind() intent = Intent { act=android.service.dreams.DreamService flg=0x800000 cmp=com.google.android.wearable.ambient/.AmbientDream }
--------- switch to main
11-02 20:43:40.675195  1686  1686 I AmbientService: [ce6a28c] Ambient Created
--------- switch to system
11-02 20:43:40.676302  1686  1686 V DreamService[AmbientDream]: Calling onDreamingStarted()
--------- switch to main
11-02 20:43:40.676468  1686  1686 I AmbientService: [ce6a28c] doOnDreamingStarted
11-02 20:43:40.677026  1686  1686 D SidekickService: setShouldControlDisplay called: true
11-02 20:43:40.678317  1686  1686 I AmbientService: [ce6a28c] Selected running activity for ambient mode: AmbientActivity[component=ComponentInfo{com.google.android.wearable.app/com.google.android.clockwork.home2.activity.HomeActivity2}, callbacks=@210b385, running=true, ambientRequested=true, ambientEnabled=true, offloadEnabled=true]
11-02 20:43:40.679030  1686  1686 I AmbientService: [ce6a28c] Sidekick is ready to display, requesting doze.
11-02 20:43:40.680132  1686  1686 I AmbientService: [ce6a28c] No auto-resume Activity.
11-02 20:43:40.681862  1686  1686 W DefaultSettingsContentR: Value for ambient_low_bit_enabled not stored as number. Attempting parse as boolean.
11-02 20:43:40.684274  2520  2520 D HOME    : [HomeVisitsLogger]Logging streamlet event: enter_ambient_mode
11-02 20:43:40.685004  2520  2520 D HOME    : [HotwordController]updateClient MODE_WATCH_FACE false true false true
11-02 20:43:40.685237  1686  1686 I AmbientService: [ce6a28c] Showing watch face in offload mode, canceling alarm.
11-02 20:43:40.685305  1686  1686 W AlarmManagerProxy: Removing unknown listener
11-02 20:43:40.685401  1686  1686 D WristGestureCtrl: Stopping detectors: GesturesEnabled-false gestureDetector-false ungazeEnabled-true ungaze-true
11-02 20:43:40.685436  1686  1686 D DefaultUngazeDetector: stopping
11-02 20:43:40.686084  2520  2520 D HOME    : [WatchFaceUiController]setInAmbientMode true
11-02 20:43:40.686935   512  1749 I sensors-hal: batch:140, android.sensor.accelerometer/48, period=66667000, max_latency=100000000
11-02 20:43:40.687592  2520  6840 I SidekickManager: replaceWatchFaceComponentsImpl(): watchFace = com.google.android.clockwork.decomposablewatchface.WatchFaceDecomposition@313ceb9
11-02 20:43:40.687770  2520  6932 D HOME    : [HomeVisitsLogger]Logging streamlet event: visit_end
11-02 20:43:40.690649   512  1749 I sensors-hal: batch:149, android.sensor.accelerometer/48, period=66667000, max_latency=100000000 request completed
11-02 20:43:40.690939  2520  2520 D HOME    : [StreamDBQueue]Promised revision #1675 to queue a new op
11-02 20:43:40.691329  2520  2520 D WatchStreamManager: Promised rank-blocked=false @ r#1675
11-02 20:43:40.691923  2520  2520 D HOME    : [StreamDBQueue]Promised revision #1676 to queue a new op
11-02 20:43:40.692087  2520  2520 D WatchStreamManager: Promised rank-blocked=false @ r#1676
11-02 20:43:40.693056  2520  7508 D HOME    : [StreamDBQueue]Promised revision #1677 to queue a new op
11-02 20:43:40.693173  2520  2520 D HOME    : [EventBus]Wrapper pool is full. Discarding excess wrapper instance for event com.google.android.clockwork.sysui.events.KeyguardStateEvent
11-02 20:43:40.693265  2520  2520 D HOME    : [WatchFaceUiController]sendStateToWallpaper
11-02 20:43:40.693561  2520  7508 D WatchStreamManager: Promised rerank @ r#1677
11-02 20:43:40.694443  2520  6932 D HOME    : [WatchStreamDB]Item alerting conditions - isInterruptive: true, recentlyInterrupted: false, isItemPinned: true, isUnread: false
11-02 20:43:40.693868  1686  3295 D SidekickService: sendWatchFaceComponents called: watchFace = com.google.android.clockwork.decomposablewatchface.WatchFaceDecomposition@d531947shouldReplace = false
11-02 20:43:40.695638  2520  2520 D HOME    : [EventBus]Wrapper pool is full. Discarding excess wrapper instance for event com.google.android.clockwork.sysui.events.KeyguardStateEvent
11-02 20:43:40.695718  1686  3295 D SidekickService: Check decomposition for calling app com.google.android.wearable.app with uid 10049
11-02 20:43:40.695961  2520  2520 D HOME    : [EventBus]Wrapper pool is full. Discarding excess wrapper instance for event com.google.android.clockwork.sysui.events.KeyguardStateEvent
11-02 20:43:40.696167  1686  3295 D SidekickService: sendWatchFaceLocked(): shouldReplace = false, mSidekickIsControlling = false, 1 images, 0 fonts, 0 numbers, 0 proportionalFonts, 0 strings
11-02 20:43:40.696244  1686  3295 D SidekickService: ISidekickGraphics#beginResources()...
11-02 20:43:40.696400  2520  6932 D HOME    : [StreamAlertingRegulator]isTheaterModeEnabled: false, isAlertingAllowedByOffBody: true, matchesLocalInterruptionFilter: true
11-02 20:43:40.696821  2520  6932 D HOME    : [WatchStreamDB]couldItemAlert: false, isTopItemChanged: false, isDeferralForTopItem: false
11-02 20:43:40.698514  1686  3295 D SidekickServiceUtils: bitmapFromDrawable: Returning bitmap directly
11-02 20:43:40.700498  2520  6932 D HOME    : [WatchStreamDB]Item alerting conditions - isInterruptive: true, recentlyInterrupted: false, isItemPinned: true, isUnread: false
11-02 20:43:40.700894  2520  6932 D HOME    : [StreamAlertingRegulator]isTheaterModeEnabled: false, isAlertingAllowedByOffBody: true, matchesLocalInterruptionFilter: true
11-02 20:43:40.702444  2520  6932 D HOME    : [WatchStreamDB]couldItemAlert: false, isTopItemChanged: false, isDeferralForTopItem: false
11-02 20:43:40.702588  1686  3295 D SidekickService: sendBitmapsLocked(): bounds = RectF(0.0, 0.0, 0.0024038462, 0.0024038462), drawableInfo = {.id = 100000, .width = 1, .height = 1, .display = true, .offsetX = 0.0, .offsetY = 0.0, .rotationInfo = {.hasRotation = false, .pivotX = 0.0, .pivotY = 0.0, .degreesPerDay = 0.0, .degreesPerStep = 0.0, .zeroDegreesTime = {.daysSinceLocalEpoch = 0, .msSinceMidnight = 0}}, .transformInfo = {.transformed = false, .flipX = false, .flipY = false, .flip45 = false, .scaleX = 0.0, .scaleY = 0.0}, .type = GENERIC, .blink = {.blinking = false, .periodOnMs = 0.0, .periodOffMs = 0.0, .startTime = {.daysSinceLocalEpoch = 0, .msSinceMidnight = 0}}, .zOrder = 8, .displayInTwm = true}, image.size() = 84
11-02 20:43:40.702611  2520  2520 W StaticLayout: maxLineHeight should not be -1.  maxLines:1 lineCount:1
11-02 20:43:40.703123  2520  6932 D HOME    : [WatchStreamDB]updateRanking()
11-02 20:43:40.703603   416   416 D SKGHAL  : saveResource: resId = 100000
11-02 20:43:40.703858  2520  6932 D HOME    : [WatchStreamDB]Item alerting conditions - isInterruptive: true, recentlyInterrupted: false, isItemPinned: true, isUnread: false
11-02 20:43:40.704151  1686  3295 D SidekickService: sendBitmapsLocked(): status = 0, bytesUsed = 18
11-02 20:43:40.704378  1686  3295 D SidekickService: ISidekickGraphics#endResources()...
11-02 20:43:40.706057  2520  6932 D HOME    : [StreamAlertingRegulator]isTheaterModeEnabled: false, isAlertingAllowedByOffBody: true, matchesLocalInterruptionFilter: true
11-02 20:43:40.706453  2520  6932 D HOME    : [WatchStreamDB]couldItemAlert: false, isTopItemChanged: false, isDeferralForTopItem: false
11-02 20:43:40.707195  2520  6932 D HOME    : [NewStreamAdapter]Publishing revision #1677 to adapter clients
11-02 20:43:40.707809  2520  7508 D HOME    : [StreamDBQueue]Promised revision #1678 to queue a new op
11-02 20:43:40.708985  2520  7212 D HOME    : [WatchStreamDB]updateRanking()
11-02 20:43:40.709956  2520  7212 D HOME    : [WatchStreamDB]Item alerting conditions - isInterruptive: true, recentlyInterrupted: false, isItemPinned: true, isUnread: false
11-02 20:43:40.710521  2520  7212 D HOME    : [StreamAlertingRegulator]isTheaterModeEnabled: false, isAlertingAllowedByOffBody: true, matchesLocalInterruptionFilter: true
11-02 20:43:40.710779  2520  7212 D HOME    : [WatchStreamDB]couldItemAlert: false, isTopItemChanged: false, isDeferralForTopItem: false
11-02 20:43:40.708201  2520  7508 D WatchStreamManager: Promised rerank @ r#1678
11-02 20:43:40.713558  2520  7212 D HOME    : [NewStreamAdapter]Publishing revision #1678 to adapter clients
11-02 20:43:40.724604   545  2654 W SurfaceFlinger: Attempting to destroy on removed layer: fab09bd OobeOverlayHint#0
11-02 20:43:41.048809   416   416 D SKGHAL  : sendResources: metadata size = 2400, font size = 72
11-02 20:43:41.127309   416   416 D SKGHAL  : endResources: rc = 0
11-02 20:43:41.128782  1686  1686 W system_server: Long monitor contention with owner Binder:1686_11 (3295) at int com.google.android.clockwork.sidekick.SidekickService$BinderService.sendWatchFace(com.google.android.clockwork.decomposablewatchface.WatchFaceDecomposition, boolean)(SidekickService.java:1021) waiters=0 in boolean com.google.android.clockwork.sidekick.SidekickService$BinderService.readyToDisplay() for 430ms
11-02 20:43:41.130019  2520  2520 D HOME    : [SidekickManagerAsync]replaceWatchFaceComponents(): Callback#onResult(): 0
11-02 20:43:41.130408  2520  2520 D HOME    : [WatchFaceUiController]Complication updates sent, posting watch face hiding
11-02 20:43:41.130512  2520  2520 D HOME    : [WatchFaceUiController]Still in ambient watch face, hiding
11-02 20:43:41.130586  2520  2520 D HOME    : [WatchFaceUiController]Hiding watch face wallpaper.
--------- switch to system
11-02 20:43:41.130807  1686  1686 W Looper  : Slow dispatch took 433ms main h=android.os.Handler c=com.google.android.wearable.ambient.AmbientDream$Callbacks$1@5142a9d m=0
11-02 20:43:41.134501  1686  1686 W Looper  : Slow delivery took 423ms main h=com.android.server.notification.NotificationManagerService$WorkerHandler c=com.android.server.notification.NotificationManagerService$14@c1e02e3 m=0
--------- switch to kernel
11-02 20:43:41.113555     0     0 E FG      : fg_psy_get_property: unsupported property 7
--------- switch to system
11-02 20:43:41.164410  1686  1686 V SettingsProvider: Notifying for 0: content://settings/system/screen_brightness
--------- switch to kernel
11-02 20:43:41.120276     0     0 W healthd : battery l=63 v=3906 t=35.0 h=2 st=3 c=176 fc=443000 cc=0 chg=
--------- switch to main
11-02 20:43:41.173762  1686  1686 I SidekickService: loadBrightnessLocked()
11-02 20:43:41.174501  2520  2520 D HOME    : [StreamBackendInit]NotificationService onNotificationRemoved StatusBarNotification(pkg=android user=UserHandle{0} id=0 tag=com.android.server.wm.AlertWindowNotification - com.google.android.wearable.app key=0|android|0|com.android.server.wm.AlertWindowNotification - com.google.android.wearable.app|1000: Notification(channel=com.android.server.wm.AlertWindowNotification - com.google.android.wearable.app pri=0 contentView=null vibrate=null sound=null defaults=0x0 flags=0x102 color=0xff607d8b vis=PRIVATE))
11-02 20:43:41.175367  1686  1686 D SidekickService: screenBrightness  = 51
11-02 20:43:41.176244  1686  1686 D SidekickService: sendConfigValuesLocked(): alsThresholds = [40, 92, 95, 100, 125, 150, 175, 200, 225, 250, 300, 400, 500, 800, 1200], brightnessValuesBright = [50, 56, 60, 70, 80, 90, 100, 115, 120, 140, 160, 180, 200, 220, 240, 255], brightnessValuesDim= [50, 56, 60, 70, 80, 90, 100, 115, 120, 140, 160, 180, 200, 220, 240, 255]
11-02 20:43:41.177463  2520  2716 D CollectorHandler: handleMessage, event: ON_NOTIFICATION_REMOVED
11-02 20:43:41.189227  2520  2716 D HOME    : [StreamDBQueue]Promised revision #1679 to queue a new op
11-02 20:43:41.193754  2520  6840 D StreamDatabase: remove. itemId: StreamItemIdAndRevision{notifKey=0|android|0|com.android.server.wm.AlertWindowNotification - com.google.android.wearable.app|1000, packageName=android, tag=com.android.server.wm.AlertWindowNotification - com.google.android.wearable.app, id=0, revision=1674, originalRevision=1674, updateCount=0}
11-02 20:43:41.195042  2520  6840 D HOME    : [WatchStreamDB]Item alerting conditions - isInterruptive: true, recentlyInterrupted: false, isItemPinned: true, isUnread: false
11-02 20:43:41.195783  2520  6840 D HOME    : [StreamAlertingRegulator]isTheaterModeEnabled: false, isAlertingAllowedByOffBody: true, matchesLocalInterruptionFilter: true
11-02 20:43:41.196146  2520  6840 D HOME    : [WatchStreamDB]couldItemAlert: false, isTopItemChanged: false, isDeferralForTopItem: false
11-02 20:43:41.196895  2520  6840 D HOME    : [StreamAdapter]onStreamChange StreamChangeEvent[modified=0, removed=1, modifiedTop=0, removedTop=0, reorder=false, possibleAlertingItem=none]
11-02 20:43:41.197596  1686  1686 D SidekickService: setAlsMode(): mode = 2, brightenAlpha = 80, dimmingAlpha = 80
11-02 20:43:41.197879  2520  2716 D HOME    : [WatchStreamManager]Promised remove @ r#1679 for StreamItemIdAndRevision{notifKey=0|android|0|com.android.server.wm.AlertWindowNotification - com.google.android.wearable.app|1000, packageName=android, tag=com.android.server.wm.AlertWindowNotification - com.google.android.wearable.app, id=0, revision=0, originalRevision=0, updateCount=0} (@1678): SBN removed: StreamItemIdAndRevision{notifKey=0|android|0|com.android.server.wm.AlertWindowNotification - com.google.android.wearable.app|1000, packageName=android, tag=com.android.server.wm.AlertWindowNotification - com.google.android.wearable.app, id=0, revision=0, originalRevision=0, updateCount=0}
11-02 20:43:41.203343   512  1749 I sensors-hal: activate:107, android.sensor.light/46 en=0
11-02 20:43:41.206085   512  1749 I sensors-hal: activate:118, android.sensor.light/46 en=0 completed
11-02 20:43:41.208632  2520  6840 D HOME    : [StreamAdapter]onStreamChange StreamChangeEvent[modified=0, removed=1, modifiedTop=0, removedTop=0, reorder=false, possibleAlertingItem=none]
11-02 20:43:41.210150  2520  2520 D HOME    : [TopNotificationReceiver]Sending request to TopNotificationProviderService for complication update
11-02 20:43:41.211404  2520  6840 D HOME    : [NewStreamAdapter]Publishing revision #1679 to adapter clients
11-02 20:43:41.213386  1686  1686 D SidekickService: setTwmConfig():: msTiltToBright = 10000, tiltToBright = false
11-02 20:43:41.215498  2520  2520 D HOME    : [StreamAdapter]setStreamItems, size 1
11-02 20:43:41.216730  2520  2520 D HOME    : [StreamAdapter]setStreamItems, size 2
--------- switch to system
11-02 20:43:41.217659  1686  1686 W Looper  : Drained
11-02 20:43:41.219514  1686  1710 I DisplayManagerService: Display device changed state: "Écran intégré", DOZE_SUSPEND
--------- switch to main
11-02 20:43:41.233641  1956  1956 D QtiCarrierConfigHelper: WARNING, no carrier configs on phone Id: 0
11-02 20:43:41.235857  2520  2520 D HOME    : [BatteryChange]action: android.intent.action.BATTERY_CHANGED
11-02 20:43:41.236369  2520  6840 D HOME    : [BatteryChange]HandleBatteryChangedTask
11-02 20:43:41.237465  2520  6840 D HOME    : [BatteryChange]level: 63, status: 3
11-02 20:43:41.239225   545   545 D SurfaceFlinger: Set power mode=3, type=0 flinger=0xb6bb6000
11-02 20:43:41.239772   504   762 I SDM     : DisplayBase::SetDisplayState: Set state = 3, display 0
11-02 20:43:41.244603  1686  1759 I InputReader: Reconfiguring input devices.  changes=0x00000004
11-02 20:43:41.247801  2520  6840 D HOME    : [ComplicationController]scheduleImmediateUpdateForAllFromProvider ComponentInfo{com.google.android.wearable.app/com.google.android.clockwork.wcs.notification.complication.TopNotificationProviderService}
11-02 20:43:41.281805   545   545 D SurfaceFlinger: Finished set power mode=3, type=0
11-02 20:43:41.282509  1686  1823 I SidekickService: beginDisplayLocked(): DOZE_SUSPEND
11-02 20:43:41.283156   416   416 D SKGHAL  : sendAmbientPrepare: enter:
--------- switch to kernel
11-02 20:43:41.196898     0     0 I mdss_dsi_panel_set_idle_mode: Idle (0->1)
11-02 20:43:41.236114     0     0 I         : [touch]FB_BLANK_VSYNC_SUSPEND
11-02 20:43:41.236120     0     0 I         : [touch]irq disable
11-02 20:43:41.236125     0     0 I         : [touch]workqueue is empty!
11-02 20:43:41.236128     0     0 I         : [touch]raydium_ts_do_suspend.
11-02 20:43:41.236139     0     0 I         : [touch]Device may wakeup
11-02 20:43:41.238450     0     0 I         : [touch]irq enable
--------- switch to main
11-02 20:43:41.417166   416   416 D SKGHAL  : sendAmbientEvent: enter: enable = 1
11-02 20:43:41.419728   504   523 I SDM     : DisplayBase::SetDisplayState: Set state = 4, display 0
11-02 20:43:41.419936   504   523 D SDM     : HWCDisplayPrimary::SetStandByMode: Null display is connected successfully
11-02 20:43:41.420204   416   416 D SKGHAL  : standBy_update_control call succeed on 1
11-02 20:43:41.435952   416   416 D SKGHAL  : sendAmbientEvent: done: enable = 1
11-02 20:43:41.436708  1686  1823 D SidekickService:    ... beginDisplay result: 0 for halPower: 1
11-02 20:43:41.442744   512   512 I sensors-hal: activate:107, android.sensor.accelerometer/48 en=0
--------- switch to kernel
11-02 20:43:41.403083     0     0 E bgrsb   : bgrsb_enable: gpio 32 is valid
--------- switch to main
11-02 20:43:41.445924   512   512 I sensors-hal: activate:118, android.sensor.accelerometer/48 en=0 completed
11-02 20:43:41.453924  1686  1799 E WifiStateMachine: getWifiLinkLayerStats called without an interface
11-02 20:43:41.476044  1686  1686 I WearPower: [WearTouchMediator] changing touch input to enabled (ON_AUTO)
11-02 20:43:41.477620  1686  1759 I InputReader: Reconfiguring input devices.  changes=0x00000200
11-02 20:43:41.485027  1686  1686 I AmbientService: [ce6a28c] Timeout alarm not required, auto-resume timeout handled by dream.
--------- switch to kernel
11-02 20:43:41.438181     0     0 I init    : processing action (ro.enable_core_ctl=true && sys.cw_corectl_mode=idle) from (/vendor/etc/init/hw/init.qcom.rc:949)
--------- switch to main
11-02 20:43:41.502092  3205  3434 W WorkController: Loading failed for worker [trainingcache]: worker not found
11-02 20:43:41.504871  3205  3372 W A       : TrainingCache cache SCREEN_OFF failure
11-02 20:43:41.504871  3205  3372 W A       : com.google.android.apps.gsa.search.core.service.h.a.a: No worker found for Worker ID [trainingcache].
11-02 20:43:41.504871  3205  3372 W A       : 	at com.google.android.apps.gsa.search.core.service.g.a.c.a(Unknown Source:5)
11-02 20:43:41.504871  3205  3372 W A       : 	at com.google.android.libraries.gsa.c.a.d.a(Unknown Source:3)
11-02 20:43:41.504871  3205  3372 W A       : 	at com.google.common.p.a.cg.c(Unknown Source:2)
11-02 20:43:41.504871  3205  3372 W A       : 	at com.google.common.p.a.bk.run(SourceFile:3)
11-02 20:43:41.504871  3205  3372 W A       : 	at com.google.common.p.a.ci.run(Unknown Source:4)
11-02 20:43:41.504871  3205  3372 W A       : 	at com.google.apps.tiktok.concurrent.ab.run(SourceFile:1)
11-02 20:43:41.504871  3205  3372 W A       : 	at java.util.concurrent.ThreadPoolExecutor.runWorker(ThreadPoolExecutor.java:1167)
11-02 20:43:41.504871  3205  3372 W A       : 	at java.util.concurrent.ThreadPoolExecutor$Worker.run(ThreadPoolExecutor.java:641)
11-02 20:43:41.504871  3205  3372 W A       : 	at com.google.apps.tiktok.concurrent.c.run(Unknown Source:4)
11-02 20:43:41.504871  3205  3372 W A       : 	at java.lang.Thread.run(Thread.java:764)
11-02 20:43:41.534604  2520  2520 D HOME    : [StreamDBQueue]Promised revision #1680 to queue a new op
11-02 20:43:41.535361  2520  2520 D WatchStreamManager: Promised rank-blocked=false @ r#1680
11-02 20:43:41.536012  2520  2520 D HOME    : [CompactHunStarter]detachWindow()
11-02 20:43:41.537736  2520  6840 D HOME    : [WatchStreamDB]Item alerting conditions - isInterruptive: true, recentlyInterrupted: false, isItemPinned: true, isUnread: false
11-02 20:43:41.538985  2520  6840 D HOME    : [StreamAlertingRegulator]isTheaterModeEnabled: false, isAlertingAllowedByOffBody: true, matchesLocalInterruptionFilter: true
11-02 20:43:41.539487  2520  6840 D HOME    : [WatchStreamDB]couldItemAlert: false, isTopItemChanged: false, isDeferralForTopItem: false
11-02 20:43:41.542180  2520  7508 D HOME    : [StreamDBQueue]Promised revision #1681 to queue a new op
11-02 20:43:41.542845  2520  7508 D WatchStreamManager: Promised rerank @ r#1681
11-02 20:43:41.543517  2520  7212 D HOME    : [WatchStreamDB]updateRanking()
11-02 20:43:41.545175  2520  7212 D HOME    : [WatchStreamDB]Item alerting conditions - isInterruptive: true, recentlyInterrupted: false, isItemPinned: true, isUnread: false
11-02 20:43:41.546199  2520  7212 D HOME    : [StreamAlertingRegulator]isTheaterModeEnabled: false, isAlertingAllowedByOffBody: true, matchesLocalInterruptionFilter: true
11-02 20:43:41.546931  2520  7212 D HOME    : [WatchStreamDB]couldItemAlert: false, isTopItemChanged: false, isDeferralForTopItem: false
11-02 20:43:41.550490  2520  7212 D HOME    : [NewStreamAdapter]Publishing revision #1681 to adapter clients
--------- switch to kernel
11-02 20:43:41.548267     0     0 I PM      : suspend entry 2021-11-02 19:43:41.548267251 UTC
11-02 20:43:41.548301     0     0 I PM      : Syncing filesystems ...
11-02 20:43:41.558005     0     0 I CPU0    : update max cpu_capacity 748
11-02 20:43:41.560336     0     0 I CPU3    : update max cpu_capacity 1024
11-02 20:43:41.590285     0     0 I CPU2    : shutdown
11-02 20:43:41.591909     0     0 I init    : Command 'write /sys/devices/system/cpu/cpu2/online 0' action=ro.enable_core_ctl=true && sys.cw_corectl_mode=idle (/vendor/etc/init/hw/init.qcom.rc:951) took 110ms and succeeded
11-02 20:43:41.607245     0     0 I         : done.
11-02 20:43:41.654747     0     0 I CPU3    : shutdown
11-02 20:43:41.657472     0     0 I         : Freezing user space processes ...
11-02 20:43:41.665244     0     0 I PM      : Wakeup pending, aborting suspend
11-02 20:43:41.665422     0     0 I         : last active wakeup source: eventpoll
11-02 20:43:41.665461     0     0 E         : Freezing of tasks aborted after 0.007 seconds
11-02 20:43:41.665487     0     0 I         : Restarting tasks ...
11-02 20:43:41.666439     0     0 W QSEECOM : qseecom_receive_req: Interrupted: exiting Listener Service = 8192
11-02 20:43:41.666530     0     0 W QSEECOM : qseecom_receive_req: Interrupted: exiting Listener Service = 12288
11-02 20:43:41.666588     0     0 W QSEECOM : qseecom_receive_req: Interrupted: exiting Listener Service = 11
11-02 20:43:41.666632     0     0 W QSEECOM : qseecom_receive_req: Interrupted: exiting Listener Service = 28672
11-02 20:43:41.673210     0     0 W QSEECOM : qseecom_receive_req: Interrupted: exiting Listener Service = 10
11-02 20:43:41.673990     0     0 I         : done.
11-02 20:43:41.675205     0     0 I PM      : suspend exit 2021-11-02 19:43:41.675205012 UTC
11-02 20:43:41.676847     0     0 I init    : Command 'write /sys/devices/system/cpu/cpu3/online 0' action=ro.enable_core_ctl=true && sys.cw_corectl_mode=idle (/vendor/etc/init/hw/init.qcom.rc:952) took 84ms and succeeded
11-02 20:43:41.677639     0     0 I CPU1    : update max cpu_capacity 748
11-02 20:43:41.879173     0     0 I PM      : suspend entry 2021-11-02 19:43:41.879173918 UTC
11-02 20:43:41.879194     0     0 I PM      : Syncing filesystems ... done.
11-02 20:43:41.913701     0     0 I         : Freezing user space processes ... (elapsed 0.010 seconds) done.
11-02 20:43:41.924690     0     0 I         : Freezing remaining freezable tasks ... (elapsed 0.006 seconds) done.
11-02 20:43:41.930886     0     0 I         : Suspending console(s) (use no_console_suspend to debug)
11-02 20:43:41.945999     0     0 I mdss_dsi_panel_set_idle_mode: Idle (1->1)
11-02 20:43:41.983946     0     0 I bgcom   : bgcom_pm_suspend: suspended with : 0
11-02 20:43:42.024228     0     0 I PM      : suspend of devices complete after 89.502 msecs
11-02 20:43:42.030760     0     0 I PM      : late suspend of devices complete after 6.485 msecs
11-02 20:43:42.036782     0     0 I PM      : noirq suspend of devices complete after 5.985 msecs
11-02 20:43:42.036799     0     0 I         : Disabling non-boot CPUs ...
11-02 20:43:42.059391     0     0 W         : IRQ21 no longer affine to CPU1
11-02 20:43:42.061416     0     0 I CPU1    : shutdown
11-02 20:43:42.063952     0     0 I suspend ns: 1278823046277	suspend cycles:     263220449173
11-02 20:43:42.063926     0     0 I CPU0    : msm_cpu_pm_enter_sleep mode:3 during suspend
11-02 20:43:42.063926     0     0 I         : Suspended for 5.077 seconds
11-02 20:43:42.063926     0     0 I resume cycles: 263317942078
11-02 20:43:42.064556     0     0 I         : Enabling non-boot CPUs ...
11-02 20:43:42.065412     0     0 I CPU1    : update cpu_capacity 1024
11-02 20:43:42.067140     0     0 I         : CPU1 is up
11-02 20:43:42.067839     0     0 I CPU1    : update max cpu_capacity 748
11-02 20:43:42.071197     0     0 I PM      : noirq resume of devices complete after 3.658 msecs
11-02 20:43:42.075695     0     0 I         : [touch]display wake up
11-02 20:43:42.076953     0     0 I PM      : early resume of devices complete after 4.247 msecs
11-02 20:43:42.116067     0     0 I bgcom   : bgcom_pm_resume: Bgcom resumed with : 0
11-02 20:43:42.127562     0     0 I mdss_dsi_panel_set_idle_mode: Idle (1->1)
11-02 20:43:42.163694     0     0 I PM      : resume of devices complete after 86.694 msecs
11-02 20:43:42.168433     0     0 I         : Restarting tasks ...
11-02 20:43:42.172209     0     0 W QSEECOM : qseecom_receive_req: Interrupted: exiting Listener Service = 10
--------- switch to system
11-02 20:43:47.256102  1686  1759 I PowerManagerService: Waking up from dozing (uid=1000 reason=android.policy:MOTION)...
11-02 20:43:47.259439  1686  1686 W UsageStatsService: Event reported without a package name
11-02 20:43:47.279939  2520  2520 W ViewRootImpl[HomeActivity2]: Dropping event due to no window focus: MotionEvent { action=ACTION_HOVER_ENTER, actionButton=0, id[0]=0, x[0]=100.0, y[0]=100.0, toolType[0]=TOOL_TYPE_FINGER, buttonState=0, metaState=0, flags=0x0, edgeFlags=0x0, pointerCount=1, historySize=0, eventTime=1278866, downTime=1253228, deviceId=1, source=0x1002 }
--------- switch to kernel
11-02 20:43:42.176174     0     0 W QSEECOM : qseecom_receive_req: Interrupted: exiting Listener Service = 8192
11-02 20:43:42.176263     0     0 W QSEECOM : qseecom_receive_req: Interrupted: exiting Listener Service = 12288
11-02 20:43:42.176313     0     0 W QSEECOM : qseecom_receive_req: Interrupted: exiting Listener Service = 11
11-02 20:43:42.176361     0     0 W QSEECOM : qseecom_receive_req: Interrupted: exiting Listener Service = 28672
11-02 20:43:42.188005     0     0 I         : done.
11-02 20:43:47.266904     0     0 I PM      : suspend exit 2021-11-02 19:43:47.266904696 UTC
11-02 20:43:47.287332     0     0 E bgrsb   : bgrsb_enable: rsb will set report rate
11-02 20:43:47.293500     0     0 E FG      : fg_psy_get_property: unsupported property 7
11-02 20:43:47.293575     0     0 E bgrsb   : bgrsb_enable: gpio 32 is valid
11-02 20:43:47.253501     0     0 W healthd : battery l=63 v=3981 t=34.0 h=2 st=3 c=6 fc=443000 cc=0 chg=
--------- switch to system
11-02 20:43:47.323282  2520  2520 W ViewRootImpl[HomeActivity2]: Cancelling event due to no window focus: MotionEvent { action=ACTION_CANCEL, actionButton=0, id[0]=0, x[0]=100.0, y[0]=100.0, toolType[0]=TOOL_TYPE_FINGER, buttonState=0, metaState=0, flags=0x0, edgeFlags=0x0, pointerCount=1, historySize=0, eventTime=1278877, downTime=1253228, deviceId=1, source=0x1002 }
--------- switch to main
11-02 20:43:47.325899   512   512 I sensors-hal: batch:140, android.sensor.light/46, period=100000000, max_latency=0
11-02 20:43:47.326080   512   512 I sensors-hal: batch:149, android.sensor.light/46, period=100000000, max_latency=0 request completed
11-02 20:43:47.327374   512   512 I sensors-hal: activate:107, android.sensor.light/46 en=1
11-02 20:43:47.328035   512   512 I sensors-hal: ssc_enable_rt_task:254, ssc_enable_rt_task : true
11-02 20:43:47.332369   512   512 I sensors-hal: activate:118, android.sensor.light/46 en=1 completed
11-02 20:43:47.340543   512   512 I sensors-hal: batch:140, android.sensor.accelerometer/48, period=66667000, max_latency=100000000
11-02 20:43:47.340689   512   512 I sensors-hal: batch:149, android.sensor.accelerometer/48, period=66667000, max_latency=100000000 request completed
11-02 20:43:47.340821  1686  1823 I SidekickService: endDisplayLocked()
11-02 20:43:47.341328   512   512 I sensors-hal: activate:107, android.sensor.accelerometer/48 en=1
11-02 20:43:47.341909   512   512 I sensors-hal: ssc_enable_rt_task:254, ssc_enable_rt_task : true
--------- switch to system
11-02 20:43:47.323771  2520  2520 I chatty  : uid=10049(com.google.android.wearable.app) identical 2 lines
