11-02 22:37:01.816394  1686  1708 I DreamController: Stopping dream: name=ComponentInfo{com.google.android.wearable.ambient/com.google.android.wearable.ambient.AmbientDream}, isTest=false, canDoze=true, userId=0
11-02 22:37:01.825718  1686  1686 V DreamService[AmbientDream]: detach(): Calling onDreamingStopped()
--------- switch to main
11-02 22:37:01.825842  1686  1686 I AmbientService: [ce6a28c] doOnDreamingStopped
11-02 22:37:01.825898  1686  1686 W AlarmManagerProxy: Removing unknown listener
11-02 22:37:01.830484  1686  1686 I AmbientService: [ce6a28c] No auto-resume Activity.
11-02 22:37:01.832827  2520  2520 D HOME    : [HomeVisitsLogger]Logging streamlet event: visit_start
11-02 22:37:01.833112  2520  2520 D HOME    : [HomeVisitsLogger]Logging streamlet event: exit_ambient_mode
11-02 22:37:01.833519  2520  2520 D HOME    : [HotwordController]updateClient MODE_WATCH_FACE false false false true
11-02 22:37:01.834431  2520  2520 D HOME    : [WatchFaceUiController]setInAmbientMode false
11-02 22:37:01.834509  2520  2520 D HOME    : [WatchFaceUiController]sendWatchFaceServiceBinder
--------- switch to kernel
11-02 22:37:01.769649    22    22 E         : [22:37:01.834885] [0000005BAEE1B3A8] [VosRX]  wlan: [E :WDI] WDTS_RxPacketDump RX Data frame is UC
11-02 22:37:01.769682    22    22 E         : [22:37:01.834933] [0000005BAEE1B707] [VosRX]  wlan: [E :WDI] WDTS_RxPacketDump: Management subtype:5 SA:00:38:df:a7:ae:40 DA:00:0a:f5:f2:a2:70
--------- switch to main
11-02 22:37:01.839819  2520  2520 D HOME    : [WatchFaceUiController]sendStateToWallpaper
11-02 22:37:01.841570  2520  2520 D HOME    : [WatchFaceUiController]Showing watch face wallpaper.
11-02 22:37:01.841781  2520  2520 D HOME    : [WatchFaceUiController]sendStateToWallpaper
11-02 22:37:01.844971  2520  2520 D HOME    : [StreamDBQueue]Promised revision #2449 to queue a new op
11-02 22:37:01.845272  2520  2520 D WatchStreamManager: Promised rank-blocked=true @ r#2449
11-02 22:37:01.845778  2520  2520 D HOME    : [StreamDBQueue]Promised revision #2450 to queue a new op
11-02 22:37:01.845917  2520  2520 D WatchStreamManager: Promised rank-blocked=true @ r#2450
11-02 22:37:01.845980  2520  8604 D HOME    : [WatchStreamDB]Item alerting conditions - isInterruptive: false, recentlyInterrupted: false, isItemPinned: false, isUnread: false
11-02 22:37:01.846311  2520  8604 D HOME    : [StreamAlertingRegulator]isTheaterModeEnabled: false, isAlertingAllowedByOffBody: true, matchesLocalInterruptionFilter: true
11-02 22:37:01.846449  2520  2520 D HOME    : [TilesController]Tile refresh optimization is enabled.
11-02 22:37:01.846590  2520  8604 D HOME    : [WatchStreamDB]couldItemAlert: false, isTopItemChanged: false, isDeferralForTopItem: false
11-02 22:37:01.846714  2520  2520 D HOME    : [EventBus]Wrapper pool is full. Discarding excess wrapper instance for event com.google.android.clockwork.sysui.events.KeyguardStateEvent
11-02 22:37:01.846815  2520  2520 D HOME    : [WatchFaceUiController]sendStateToWallpaper
11-02 22:37:01.848372  2520  8604 D HOME    : [WatchStreamDB]Item alerting conditions - isInterruptive: false, recentlyInterrupted: false, isItemPinned: false, isUnread: false
11-02 22:37:01.848781  2520  8604 D HOME    : [StreamAlertingRegulator]isTheaterModeEnabled: false, isAlertingAllowedByOffBody: true, matchesLocalInterruptionFilter: true
11-02 22:37:01.849032  2520  8604 D HOME    : [WatchStreamDB]couldItemAlert: false, isTopItemChanged: false, isDeferralForTopItem: false
--------- switch to system
11-02 22:37:01.850139  1686  1686 W ContextImpl: Calling a method in the system process without a qualified user: android.app.ContextImpl.sendBroadcast:1020 android.content.ContextWrapper.sendBroadcast:449 com.google.android.wearable.ambient.AmbientDream.onDestroy:273 android.app.ActivityThread.handleStopService:3698 android.app.ActivityThread.access$1700:200 
--------- switch to main
11-02 22:37:01.850668  1686  1686 E AlarmManager: cancel() called with a null PendingIntent
--------- switch to system
11-02 22:37:01.851867  1686  1686 V DreamService[AmbientDream]: onDestroy()
--------- switch to main
11-02 22:37:01.852464  2520  2520 D HOME    : [EventBus]Wrapper pool is full. Discarding excess wrapper instance for event com.google.android.clockwork.sysui.events.KeyguardStateEvent
11-02 22:37:01.852741  2520  2520 D HOME    : [EventBus]Wrapper pool is full. Discarding excess wrapper instance for event com.google.android.clockwork.sysui.events.KeyguardStateEvent
11-02 22:37:01.858323  2520  2520 D HOME    : [WatchFaceUiController]sendStateToWallpaper
11-02 22:37:01.860600  1686  1686 W AlarmManager: Unrecognized alarm listener com.android.server.job.controllers.-$$Lambda$IdleController$IdlenessTracker$nTdS-lGBXcES5VWKcJFmQFgU7IU@1ab437a
11-02 22:37:01.862913  2520  2520 W StaticLayout: maxLineHeight should not be -1.  maxLines:1 lineCount:1
--------- switch to kernel
11-02 22:37:01.817286     0     0 I CPU3    : update max cpu_capacity 1024
--------- switch to main
11-02 22:37:01.916232  2520  2520 D HOME    : [StreamDBQueue]Promised revision #2451 to queue a new op
11-02 22:37:01.916642  2520  2520 D WatchStreamManager: Promised rank-blocked=true @ r#2451
11-02 22:37:01.919585  2520  8603 D HOME    : [WatchStreamDB]Item alerting conditions - isInterruptive: false, recentlyInterrupted: false, isItemPinned: false, isUnread: false
11-02 22:37:01.919958  2520  8603 D HOME    : [StreamAlertingRegulator]isTheaterModeEnabled: false, isAlertingAllowedByOffBody: true, matchesLocalInterruptionFilter: true
11-02 22:37:01.920316  2520  8603 D HOME    : [WatchStreamDB]couldItemAlert: false, isTopItemChanged: false, isDeferralForTopItem: false
11-02 22:37:01.922458  2520  2714 D HOME    : [TickMonitor]Received time tick
11-02 22:37:01.923135  2520  2714 D HOME    : [TickMonitor]handleTimeTick() finished
11-02 22:37:01.937548  2520  2520 D HOME    : [WatchFaceUiController]sendWatchFaceServiceBinder
11-02 22:37:01.940733   512  8915 I sensors-hal: handle_indication_realtime:355,  SCHED_FIFO(10) for qmi_cbk
11-02 22:37:01.944235  2520  2520 D HOME    : [WatchFaceUiController]sendProperties
11-02 22:37:01.946125  2520  2520 D HOME    : [WatchFaceUiController]sendStateToWallpaper
11-02 22:37:01.968763  1956  1982 I m.android.phon: Background concurrent copying GC freed 10308(442KB) AllocSpace objects, 0(0B) LOS objects, 25% free, 1608KB/2MB, paused 117us total 258.866ms
11-02 22:37:02.054813  3316  3328 I .gms.persisten: Background concurrent copying GC freed 58687(2MB) AllocSpace objects, 0(0B) LOS objects, 24% free, 8MB/11MB, paused 331us total 798.006ms
11-02 22:37:02.170278  1686  1696 I system_server: Background concurrent copying GC freed 34880(1890KB) AllocSpace objects, 19(604KB) LOS objects, 19% free, 10MB/12MB, paused 179us total 538.455ms
11-02 22:37:02.408752   512  1749 I sensors-hal: activate:107, android.sensor.light/46 en=0
11-02 22:37:02.410077   512  1749 I sensors-hal: activate:118, android.sensor.light/46 en=0 completed
11-02 22:37:02.413318   512  1749 I sensors-hal: batch:140, android.sensor.light/46, period=250000000, max_latency=0
11-02 22:37:02.413391   512  1749 I sensors-hal: batch:149, android.sensor.light/46, period=250000000, max_latency=0 request completed
11-02 22:37:02.413868   512  1749 I sensors-hal: activate:107, android.sensor.light/46 en=1
11-02 22:37:02.414151   512  1749 I sensors-hal: ssc_enable_rt_task:254, ssc_enable_rt_task : true
11-02 22:37:02.416423   512  1749 I sensors-hal: activate:118, android.sensor.light/46 en=1 completed
--------- switch to system
11-02 22:37:02.419160  1686  1686 V SettingsProvider: Notifying for 0: content://settings/system/screen_brightness
--------- switch to main
11-02 22:37:02.421556  1686  1686 I SidekickService: loadBrightnessLocked()
11-02 22:37:02.422304  1686  1686 D SidekickService: screenBrightness  = 51
11-02 22:37:02.423764  1686  1686 D SidekickService: sendConfigValuesLocked(): alsThresholds = [40, 92, 95, 100, 125, 150, 175, 200, 225, 250, 300, 400, 500, 800, 1200], brightnessValuesBright = [50, 56, 60, 70, 80, 90, 100, 115, 120, 140, 160, 180, 200, 220, 240, 255], brightnessValuesDim= [50, 56, 60, 70, 80, 90, 100, 115, 120, 140, 160, 180, 200, 220, 240, 255]
11-02 22:37:02.432336  1686  1686 D SidekickService: setAlsMode(): mode = 2, brightenAlpha = 80, dimmingAlpha = 80
11-02 22:37:02.449430  1686  1686 D SidekickService: setTwmConfig():: msTiltToBright = 10000, tiltToBright = false
11-02 22:37:02.456399  1686  7908 D WificondControl: Scan result ready event
11-02 22:37:02.518284   512  8927 I sensors-hal: handle_indication_realtime:355,  SCHED_FIFO(10) for qmi_cbk
11-02 22:37:06.129562   512   512 I sensors-hal: batch:140, android.sensor.accelerometer/48, period=66667000, max_latency=100000000
11-02 22:37:06.131673   512   512 I sensors-hal: batch:149, android.sensor.accelerometer/48, period=66667000, max_latency=100000000 request completed
11-02 22:37:06.132567  1686  1686 D DefaultUngazeDetector: Ungaze event occurred; emitting gesture event!
11-02 22:37:06.132768  1686  1686 D WristGestureCtrl: Gesture:GESTURE UNGAZE, timestamp(ms): 20501211, confidence: 0.0, latency(ms): 0, duration(ms): 4351
11-02 22:37:06.136091   512   512 I sensors-hal: batch:140, android.sensor.accelerometer/48, period=19231000, max_latency=100000000
11-02 22:37:06.137784   512   512 I sensors-hal: batch:149, android.sensor.accelerometer/48, period=19231000, max_latency=100000000 request completed
11-02 22:37:06.138426   512   512 I sensors-hal: flush:169, android.sensor.accelerometer/48
--------- switch to system
11-02 22:37:06.139380  1686  1686 I WindowManager: sleepRelease() calling goToSleep(GO_TO_SLEEP_REASON_SLEEP_BUTTON)
11-02 22:37:06.139823  1686  1686 I PowerManagerService: Going to sleep due to sleep button (uid 1000)...
--------- switch to main
11-02 22:37:06.140711   512   512 I sensors-hal: flush:175, android.sensor.accelerometer/48 completed
--------- switch to system
11-02 22:37:06.142048  1686  1712 I DreamManagerService: Entering dreamland.
11-02 22:37:06.143242  1686  1712 I PowerManagerService: Dozing...
11-02 22:37:06.143513  1686  1686 W UsageStatsService: Event reported without a package name
11-02 22:37:06.158521  1686  1708 I DreamController: Starting dream: name=ComponentInfo{com.google.android.wearable.ambient/com.google.android.wearable.ambient.AmbientDream}, isTest=false, canDoze=true, userId=0
11-02 22:37:06.179004  1686  1686 W ContextImpl: Calling a method in the system process without a qualified user: android.app.ContextImpl.bindService:1611 android.content.ContextWrapper.bindService:698 com.google.android.wearable.ambient.AmbientDream.onCreate:191 android.app.ActivityThread.handleCreateService:3533 android.app.ActivityThread.access$1300:200 
11-02 22:37:06.182227  1686  1686 W ContextImpl: Calling a method in the system process without a qualified user: android.app.ContextImpl.sendBroadcast:1005 android.content.ContextWrapper.sendBroadcast:444 com.google.android.wearable.ambient.AmbientDream.onCreate:241 android.app.ActivityThread.handleCreateService:3533 android.app.ActivityThread.access$1300:200 
11-02 22:37:06.183277  1686  1686 V DreamService[AmbientDream]: onBind() intent = Intent { act=android.service.dreams.DreamService flg=0x800000 cmp=com.google.android.wearable.ambient/.AmbientDream }
--------- switch to main
11-02 22:37:06.185943  1686  1686 I AmbientService: [ce6a28c] Ambient Created
--------- switch to system
11-02 22:37:06.186930  1686  1686 V DreamService[AmbientDream]: Calling onDreamingStarted()
--------- switch to main
11-02 22:37:06.187082  1686  1686 I AmbientService: [ce6a28c] doOnDreamingStarted
11-02 22:37:06.187637  1686  1686 D SidekickService: setShouldControlDisplay called: true
11-02 22:37:06.188922  1686  1686 I AmbientService: [ce6a28c] Selected running activity for ambient mode: AmbientActivity[component=ComponentInfo{com.google.android.wearable.app/com.google.android.clockwork.home2.activity.HomeActivity2}, callbacks=@210b385, running=true, ambientRequested=true, ambientEnabled=true, offloadEnabled=true]
11-02 22:37:06.189700  1686  1686 I AmbientService: [ce6a28c] Sidekick is ready to display, requesting doze.
11-02 22:37:06.190302  1686  1686 I AmbientService: [ce6a28c] No auto-resume Activity.
11-02 22:37:06.192641  1686  1686 W DefaultSettingsContentR: Value for ambient_low_bit_enabled not stored as number. Attempting parse as boolean.
11-02 22:37:06.193258  2520  2520 D HOME    : [HomeVisitsLogger]Logging streamlet event: enter_ambient_mode
11-02 22:37:06.194230  2520  2520 D HOME    : [HotwordController]updateClient MODE_WATCH_FACE false true false true
11-02 22:37:06.194907  2520  8604 D HOME    : [HomeVisitsLogger]Logging streamlet event: visit_end
11-02 22:37:06.195457  2520  2520 D HOME    : [WatchFaceUiController]setInAmbientMode true
11-02 22:37:06.196364  1686  1686 I AmbientService: [ce6a28c] Showing watch face in offload mode, canceling alarm.
11-02 22:37:06.196505  1686  1686 W AlarmManagerProxy: Removing unknown listener
11-02 22:37:06.196611  1686  1686 D WristGestureCtrl: Stopping detectors: GesturesEnabled-false gestureDetector-false ungazeEnabled-true ungaze-true
11-02 22:37:06.196649  1686  1686 D DefaultUngazeDetector: stopping
11-02 22:37:06.197236  2520  2520 D HOME    : [StreamDBQueue]Promised revision #2452 to queue a new op
11-02 22:37:06.197541  2520  2520 D WatchStreamManager: Promised rank-blocked=false @ r#2452
11-02 22:37:06.198042  2520  2520 D HOME    : [StreamDBQueue]Promised revision #2453 to queue a new op
11-02 22:37:06.198101   512   512 I sensors-hal: batch:140, android.sensor.accelerometer/48, period=66667000, max_latency=100000000
11-02 22:37:06.198234  2520  2520 D WatchStreamManager: Promised rank-blocked=false @ r#2453
11-02 22:37:06.198637  2520  8604 I SidekickManager: replaceWatchFaceComponentsImpl(): watchFace = com.google.android.clockwork.decomposablewatchface.WatchFaceDecomposition@a7c6ecc
11-02 22:37:06.199470  2520  2520 D HOME    : [EventBus]Wrapper pool is full. Discarding excess wrapper instance for event com.google.android.clockwork.sysui.events.KeyguardStateEvent
11-02 22:37:06.199562  1686  1742 D SidekickService: sendWatchFaceComponents called: watchFace = com.google.android.clockwork.decomposablewatchface.WatchFaceDecomposition@f5a97cfshouldReplace = false
11-02 22:37:06.199626  2520  2520 D HOME    : [WatchFaceUiController]sendStateToWallpaper
11-02 22:37:06.199799  1686  1742 D SidekickService: Check decomposition for calling app com.google.android.wearable.app with uid 10049
11-02 22:37:06.200230  1686  1742 D SidekickService: sendWatchFaceLocked(): shouldReplace = false, mSidekickIsControlling = false, 1 images, 0 fonts, 0 numbers, 0 proportionalFonts, 0 strings
11-02 22:37:06.200321  1686  1742 D SidekickService: ISidekickGraphics#beginResources()...
11-02 22:37:06.201366   512   512 I sensors-hal: batch:149, android.sensor.accelerometer/48, period=66667000, max_latency=100000000 request completed
11-02 22:37:06.201572  2520  2520 D HOME    : [EventBus]Wrapper pool is full. Discarding excess wrapper instance for event com.google.android.clockwork.sysui.events.KeyguardStateEvent
11-02 22:37:06.201881  2520  2520 D HOME    : [EventBus]Wrapper pool is full. Discarding excess wrapper instance for event com.google.android.clockwork.sysui.events.KeyguardStateEvent
11-02 22:37:06.203949  2520  8486 D HOME    : [StreamDBQueue]Promised revision #2454 to queue a new op
11-02 22:37:06.204166  2520  8486 D WatchStreamManager: Promised rerank @ r#2454
11-02 22:37:06.208014  2520  8603 D HOME    : [WatchStreamDB]Item alerting conditions - isInterruptive: false, recentlyInterrupted: false, isItemPinned: false, isUnread: false
11-02 22:37:06.208259  1686  1742 D SidekickServiceUtils: bitmapFromDrawable: Returning bitmap directly
11-02 22:37:06.208539  2520  8603 D HOME    : [StreamAlertingRegulator]isTheaterModeEnabled: false, isAlertingAllowedByOffBody: true, matchesLocalInterruptionFilter: true
11-02 22:37:06.208659  2520  2520 W StaticLayout: maxLineHeight should not be -1.  maxLines:1 lineCount:1
11-02 22:37:06.208933  2520  8603 D HOME    : [WatchStreamDB]couldItemAlert: false, isTopItemChanged: false, isDeferralForTopItem: false
11-02 22:37:06.209889  1686  1742 D SidekickService: sendBitmapsLocked(): bounds = RectF(0.0, 0.0, 0.0024038462, 0.0024038462), drawableInfo = {.id = 100000, .width = 1, .height = 1, .display = true, .offsetX = 0.0, .offsetY = 0.0, .rotationInfo = {.hasRotation = false, .pivotX = 0.0, .pivotY = 0.0, .degreesPerDay = 0.0, .degreesPerStep = 0.0, .zeroDegreesTime = {.daysSinceLocalEpoch = 0, .msSinceMidnight = 0}}, .transformInfo = {.transformed = false, .flipX = false, .flipY = false, .flip45 = false, .scaleX = 0.0, .scaleY = 0.0}, .type = GENERIC, .blink = {.blinking = false, .periodOnMs = 0.0, .periodOffMs = 0.0, .startTime = {.daysSinceLocalEpoch = 0, .msSinceMidnight = 0}}, .zOrder = 8, .displayInTwm = true}, image.size() = 84
11-02 22:37:06.210944   416   416 D SKGHAL  : saveResource: resId = 100000
11-02 22:37:06.211652  1686  1742 D SidekickService: sendBitmapsLocked(): status = 0, bytesUsed = 18
11-02 22:37:06.214607  1686  1742 D SidekickService: ISidekickGraphics#endResources()...
11-02 22:37:06.216756  2520  8603 D HOME    : [WatchStreamDB]Item alerting conditions - isInterruptive: false, recentlyInterrupted: false, isItemPinned: false, isUnread: false
11-02 22:37:06.217135  2520  8603 D HOME    : [StreamAlertingRegulator]isTheaterModeEnabled: false, isAlertingAllowedByOffBody: true, matchesLocalInterruptionFilter: true
11-02 22:37:06.217424  2520  8603 D HOME    : [WatchStreamDB]couldItemAlert: false, isTopItemChanged: false, isDeferralForTopItem: false
11-02 22:37:06.218013  2520  8603 D HOME    : [WatchStreamDB]updateRanking()
11-02 22:37:06.218658  2520  8603 D HOME    : [WatchStreamDB]Item alerting conditions - isInterruptive: false, recentlyInterrupted: false, isItemPinned: false, isUnread: false
11-02 22:37:06.219031  2520  8603 D HOME    : [StreamAlertingRegulator]isTheaterModeEnabled: false, isAlertingAllowedByOffBody: true, matchesLocalInterruptionFilter: true
11-02 22:37:06.219331  2520  8603 D HOME    : [WatchStreamDB]couldItemAlert: false, isTopItemChanged: false, isDeferralForTopItem: false
11-02 22:37:06.220067  2520  8603 D HOME    : [NewStreamAdapter]Publishing revision #2454 to adapter clients
11-02 22:37:06.220833  2520  8486 D HOME    : [StreamDBQueue]Promised revision #2455 to queue a new op
11-02 22:37:06.221199  2520  8486 D WatchStreamManager: Promised rerank @ r#2455
11-02 22:37:06.221801  2520  8603 D HOME    : [WatchStreamDB]updateRanking()
11-02 22:37:06.222437  2520  8603 D HOME    : [WatchStreamDB]Item alerting conditions - isInterruptive: false, recentlyInterrupted: false, isItemPinned: false, isUnread: false
11-02 22:37:06.222756  2520  8603 D HOME    : [StreamAlertingRegulator]isTheaterModeEnabled: false, isAlertingAllowedByOffBody: true, matchesLocalInterruptionFilter: true
11-02 22:37:06.223014  2520  8603 D HOME    : [WatchStreamDB]couldItemAlert: false, isTopItemChanged: false, isDeferralForTopItem: false
11-02 22:37:06.225064  2520  8603 D HOME    : [NewStreamAdapter]Publishing revision #2455 to adapter clients
11-02 22:37:06.669955   416   416 D SKGHAL  : sendResources: metadata size = 2400, font size = 72
11-02 22:37:06.731903   416   416 D SKGHAL  : endResources: rc = 0
11-02 22:37:06.732989  1686  1686 W system_server: Long monitor contention with owner Binder:1686_4 (1742) at int com.google.android.clockwork.sidekick.SidekickService$BinderService.sendWatchFace(com.google.android.clockwork.decomposablewatchface.WatchFaceDecomposition, boolean)(SidekickService.java:1021) waiters=0 in boolean com.google.android.clockwork.sidekick.SidekickService$BinderService.readyToDisplay() for 529ms
11-02 22:37:06.734030  2520  2520 D HOME    : [SidekickManagerAsync]replaceWatchFaceComponents(): Callback#onResult(): 0
11-02 22:37:06.734528  2520  2520 D HOME    : [WatchFaceUiController]Complication updates sent, posting watch face hiding
11-02 22:37:06.734634  2520  2520 D HOME    : [WatchFaceUiController]Still in ambient watch face, hiding
11-02 22:37:06.734707  2520  2520 D HOME    : [WatchFaceUiController]Hiding watch face wallpaper.
--------- switch to system
11-02 22:37:06.735389  1686  1686 W Looper  : Slow dispatch took 532ms main h=android.os.Handler c=com.google.android.wearable.ambient.AmbientDream$Callbacks$1@cede55c m=0
--------- switch to kernel
11-02 22:37:06.684865     0     0 E FG      : fg_psy_get_property: unsupported property 7
11-02 22:37:06.688966     0     0 W healthd : battery l=52 v=3840 t=32.0 h=2 st=3 c=108 fc=443000 cc=0 chg=
--------- switch to main
11-02 22:37:06.762635  1956  1956 D QtiCarrierConfigHelper: WARNING, no carrier configs on phone Id: 0
11-02 22:37:06.765273   512   512 I sensors-hal: activate:107, android.sensor.light/46 en=0
11-02 22:37:06.766263   512   512 I sensors-hal: activate:118, android.sensor.light/46 en=0 completed
11-02 22:37:06.767150  2520  2520 D HOME    : [BatteryChange]action: android.intent.action.BATTERY_CHANGED
11-02 22:37:06.767634  2520  8604 D HOME    : [BatteryChange]HandleBatteryChangedTask
11-02 22:37:06.768033  2520  8604 D HOME    : [BatteryChange]level: 52, status: 3
--------- switch to system
11-02 22:37:06.775497  1686  1710 I DisplayManagerService: Display device changed state: "Écran intégré", DOZE_SUSPEND
--------- switch to main
11-02 22:37:06.785344   545   545 D SurfaceFlinger: Set power mode=3, type=0 flinger=0xb6bb6000
11-02 22:37:06.786028   504   764 I SDM     : DisplayBase::SetDisplayState: Set state = 3, display 0
11-02 22:37:06.817274   545   545 D SurfaceFlinger: Finished set power mode=3, type=0
11-02 22:37:06.817894  1686  1823 I SidekickService: beginDisplayLocked(): DOZE_SUSPEND
11-02 22:37:06.818591   416   416 D SKGHAL  : sendAmbientPrepare: enter:
--------- switch to kernel
11-02 22:37:06.720895     0     0 I mdss_dsi_panel_set_idle_mode: Idle (0->1)
11-02 22:37:06.747801     0     0 I         : [touch]FB_BLANK_VSYNC_SUSPEND
11-02 22:37:06.747809     0     0 I         : [touch]irq disable
11-02 22:37:06.747813     0     0 I         : [touch]workqueue is empty!
11-02 22:37:06.747816     0     0 I         : [touch]raydium_ts_do_suspend.
11-02 22:37:06.747826     0     0 I         : [touch]Device may wakeup
11-02 22:37:06.751594     0     0 I         : [touch]irq enable
--------- switch to main
11-02 22:37:06.827076  1686  1759 I InputReader: Reconfiguring input devices.  changes=0x00000004
--------- switch to kernel
11-02 22:37:06.817976     0     0 E mdss_dsi_gen_read_status: Read back value from panel is incorrect
--------- switch to main
11-02 22:37:06.959238   416   416 D SKGHAL  : sendAmbientEvent: enter: enable = 1
11-02 22:37:06.960903   504   523 I SDM     : DisplayBase::SetDisplayState: Set state = 4, display 0
11-02 22:37:06.961024   504   523 D SDM     : HWCDisplayPrimary::SetStandByMode: Null display is connected successfully
11-02 22:37:06.961379   416   416 D SKGHAL  : standBy_update_control call succeed on 1
11-02 22:37:06.973021   416   416 D SKGHAL  : sendAmbientEvent: done: enable = 1
11-02 22:37:06.973574  1686  1823 D SidekickService:    ... beginDisplay result: 0 for halPower: 1
11-02 22:37:06.977193   512   512 I sensors-hal: activate:107, android.sensor.accelerometer/48 en=0
11-02 22:37:06.979272   512   512 I sensors-hal: activate:118, android.sensor.accelerometer/48 en=0 completed
--------- switch to kernel
11-02 22:37:06.916516     0     0 E bgrsb   : bgrsb_enable: gpio 32 is valid
--------- switch to main
11-02 22:37:07.016753  1686  1686 I WearPower: [WearTouchMediator] changing touch input to enabled (ON_AUTO)
11-02 22:37:07.018380  1686  1759 I InputReader: Reconfiguring input devices.  changes=0x00000200
11-02 22:37:07.028043  1686  1686 I AmbientService: [ce6a28c] Timeout alarm not required, auto-resume timeout handled by dream.
--------- switch to kernel
11-02 22:37:06.956235     0     0 I init    : processing action (ro.enable_core_ctl=true && sys.cw_corectl_mode=idle) from (/vendor/etc/init/hw/init.qcom.rc:949)
--------- switch to main
11-02 22:37:07.041779  3205  3434 W WorkController: Loading failed for worker [trainingcache]: worker not found
--------- switch to system
11-02 22:37:07.042573   618   618 W wificond: Skip match ssid for pno scan: Samsung Ingrid, Wifirst Les Valmonts, Pauline, HUAWEI-F3EF, PUBLIC WIFI Groupe Televerbier, TMR_PUBLIC_WIFI, SFR_1AE0, BINLAR_2.4G, Sira-WiFi, iPhone S, Siam Garden Cooking School, .@AirportAISFreeWiFi, iPhone de Ameulie, Paulo's iPhone, Beach  Park Hostel & Tree Bar, The Big_Easy, AndroidAPEC14, _VINCI Airports wifi, Yolo Hostel, .@AirportDTACFreeWiFi,    .@ TRUEWIFI, .@ AIS SUPER WiFi, .@AirportTrueFreeWiFi,     King Power,  Free Airport-Google WiFi by CAT, BangkokAirways, UPC5616060, ColocMegy, jcmjsm, iPhone Consti, ASGARD, FMEL, Florence 2.4Ghz, BENJI, IBIS_STYLES_NANTES_CENTRE_GARE_N, LACENNE , Jack's iPhone, Salt_2GHz_28C9D0, Salt_5GHz_28C9D0, Yah Hallo, ASGARD-24G, Livebox-22B4, LeBOen, App_111, Michaud1936, _VT21-VISITORS_, Sebi, RAFA 5, Verkehrshaus, iPhone, MONZOON, igluna-public, kepler, _WIFI_LYRIA, HUAWEI-C452, Vodafone-A54562143, WiFiFrecce, OSoleMioWifi, VodafoneDepretis19, SanLorenzo, Live Hotels Guest, Franci , iPhone de Soline, viktoria_intern, UPC7759032, Vod
--------- switch to main
11-02 22:37:07.043029  3205  3372 W A       : TrainingCache cache SCREEN_OFF failure
11-02 22:37:07.043029  3205  3372 W A       : com.google.android.apps.gsa.search.core.service.h.a.a: No worker found for Worker ID [trainingcache].
11-02 22:37:07.043029  3205  3372 W A       : 	at com.google.android.apps.gsa.search.core.service.g.a.c.a(Unknown Source:5)
11-02 22:37:07.043029  3205  3372 W A       : 	at com.google.android.libraries.gsa.c.a.d.a(Unknown Source:3)
11-02 22:37:07.043029  3205  3372 W A       : 	at com.google.common.p.a.cg.c(Unknown Source:2)
11-02 22:37:07.043029  3205  3372 W A       : 	at com.google.common.p.a.bk.run(SourceFile:3)
11-02 22:37:07.043029  3205  3372 W A       : 	at com.google.common.p.a.ci.run(Unknown Source:4)
11-02 22:37:07.043029  3205  3372 W A       : 	at com.google.apps.tiktok.concurrent.ab.run(SourceFile:1)
11-02 22:37:07.043029  3205  3372 W A       : 	at java.util.concurrent.ThreadPoolExecutor.runWorker(ThreadPoolExecutor.java:1167)
11-02 22:37:07.043029  3205  3372 W A       : 	at java.util.concurrent.ThreadPoolExecutor$Worker.run(ThreadPoolExecutor.java:641)
11-02 22:37:07.043029  3205  3372 W A       : 	at com.google.apps.tiktok.concurrent.c.run(Unknown Source:4)
11-02 22:37:07.043029  3205  3372 W A       : 	at java.lang.Thread.run(Thread.java:764)
11-02 22:37:07.056935  2520  2520 D HOME    : [StreamDBQueue]Promised revision #2456 to queue a new op
11-02 22:37:07.057250  2520  2520 D WatchStreamManager: Promised rank-blocked=false @ r#2456
11-02 22:37:07.057490  2520  2520 D HOME    : [CompactHunStarter]detachWindow()
11-02 22:37:07.058094  2520  7941 D HOME    : [StreamDBQueue]Promised revision #2457 to queue a new op
11-02 22:37:07.058283  2520  7941 D WatchStreamManager: Promised rerank @ r#2457
11-02 22:37:07.059431  2520  8604 D HOME    : [WatchStreamDB]Item alerting conditions - isInterruptive: false, recentlyInterrupted: false, isItemPinned: false, isUnread: false
11-02 22:37:07.059799  2520  8604 D HOME    : [StreamAlertingRegulator]isTheaterModeEnabled: false, isAlertingAllowedByOffBody: true, matchesLocalInterruptionFilter: true
11-02 22:37:07.060078  2520  8604 D HOME    : [WatchStreamDB]couldItemAlert: false, isTopItemChanged: false, isDeferralForTopItem: false
11-02 22:37:07.060646  2520  8604 D HOME    : [WatchStreamDB]updateRanking()
11-02 22:37:07.062810  2520  8604 D HOME    : [WatchStreamDB]Item alerting conditions - isInterruptive: false, recentlyInterrupted: false, isItemPinned: false, isUnread: false
11-02 22:37:07.063232  2520  8604 D HOME    : [StreamAlertingRegulator]isTheaterModeEnabled: false, isAlertingAllowedByOffBody: true, matchesLocalInterruptionFilter: true
11-02 22:37:07.063470  2520  8604 D HOME    : [WatchStreamDB]couldItemAlert: false, isTopItemChanged: false, isDeferralForTopItem: false
11-02 22:37:07.064070  2520  8604 D HOME    : [NewStreamAdapter]Publishing revision #2457 to adapter clients
--------- switch to system
11-02 22:37:07.079202   618   618 I wificond: Pno scan started
--------- switch to kernel
11-02 22:37:07.016135     0     0 I CPU1    : update max cpu_capacity 748
11-02 22:37:07.020614     0     0 I CPU3    : update max cpu_capacity 1024
11-02 22:37:07.098778     0     0 I PM      : suspend entry 2021-11-02 21:37:07.098778004 UTC
11-02 22:37:07.098790     0     0 I PM      : Syncing filesystems ...
11-02 22:37:07.113487     0     0 I CPU2    : shutdown
11-02 22:37:07.115547     0     0 I init    : Command 'write /sys/devices/system/cpu/cpu2/online 0' action=ro.enable_core_ctl=true && sys.cw_corectl_mode=idle (/vendor/etc/init/hw/init.qcom.rc:951) took 93ms and succeeded
11-02 22:37:07.126598     0     0 I         : done.
11-02 22:37:07.206985     0     0 I CPU3    : shutdown
11-02 22:37:07.208619     0     0 I         : Freezing user space processes ...
11-02 22:37:07.213220     0     0 I CPU0    : update max cpu_capacity 748
11-02 22:37:07.215479     0     0 I PM      : Wakeup pending, aborting suspend
11-02 22:37:07.215549     0     0 I         : active wakeup source: NETLINK
11-02 22:37:07.215602     0     0 E         : Freezing of tasks aborted after 0.006 seconds
11-02 22:37:07.215618     0     0 I         : Restarting tasks ...
11-02 22:37:07.216369     0     0 W QSEECOM : qseecom_receive_req: Interrupted: exiting Listener Service = 12288
11-02 22:37:07.216425     0     0 W QSEECOM : qseecom_receive_req: Interrupted: exiting Listener Service = 28672
11-02 22:37:07.216471     0     0 W QSEECOM : qseecom_receive_req: Interrupted: exiting Listener Service = 11
11-02 22:37:07.221696     0     0 W QSEECOM : qseecom_receive_req: Interrupted: exiting Listener Service = 10
11-02 22:37:07.221788     0     0 W QSEECOM : qseecom_receive_req: Interrupted: exiting Listener Service = 8192
11-02 22:37:07.222583     0     0 I         : done.
11-02 22:37:07.223287     0     0 I PM      : suspend exit 2021-11-02 21:37:07.223287796 UTC
11-02 22:37:07.225914     0     0 I init    : Command 'write /sys/devices/system/cpu/cpu3/online 0' action=ro.enable_core_ctl=true && sys.cw_corectl_mode=idle (/vendor/etc/init/hw/init.qcom.rc:952) took 110ms and succeeded
11-02 22:37:07.426619     0     0 I PM      : suspend entry 2021-11-02 21:37:07.426619306 UTC
11-02 22:37:07.426646     0     0 I PM      : Syncing filesystems ... done.
11-02 22:37:07.450159     0     0 I         : Freezing user space processes ... (elapsed 0.010 seconds) done.
11-02 22:37:07.461004     0     0 I         : Freezing remaining freezable tasks ... (elapsed 0.006 seconds) done.
11-02 22:37:07.467622     0     0 I         : Suspending console(s) (use no_console_suspend to debug)
11-02 22:37:07.483017     0     0 I mdss_dsi_panel_set_idle_mode: Idle (1->1)
11-02 22:37:07.526565     0     0 I bgcom   : bgcom_pm_suspend: suspended with : 0
11-02 22:37:07.561539     0     0 I PM      : suspend of devices complete after 89.534 msecs
11-02 22:37:07.567701     0     0 I PM      : late suspend of devices complete after 6.119 msecs
11-02 22:37:07.574186     0     0 I PM      : noirq suspend of devices complete after 6.457 msecs
11-02 22:37:07.574198     0     0 I         : Disabling non-boot CPUs ...
11-02 22:37:07.602618     0     0 W         : IRQ16 no longer affine to CPU1
11-02 22:37:07.602938     0     0 W         : IRQ93 no longer affine to CPU1
11-02 22:37:07.604774     0     0 I CPU1    : shutdown
11-02 22:37:07.607262     0     0 I suspend ns: 1871490805077	suspend cycles:     393886880785
11-02 22:37:07.607237     0     0 I CPU0    : msm_cpu_pm_enter_sleep mode:3 during suspend
11-02 22:37:07.607237     0     0 I         : Suspended for 19.454 seconds
11-02 22:37:07.607237     0     0 I resume cycles: 394260402246
11-02 22:37:07.607630     0     0 I         : Enabling non-boot CPUs ...
11-02 22:37:07.608488     0     0 I CPU1    : update cpu_capacity 1024
11-02 22:37:07.610219     0     0 I         : CPU1 is up
11-02 22:37:07.611194     0     0 I CPU1    : update max cpu_capacity 748
11-02 22:37:07.614411     0     0 I PM      : noirq resume of devices complete after 3.782 msecs
11-02 22:37:07.617732     0     0 E FG      : fg_psy_get_property: unsupported property 7
11-02 22:37:07.623095     0     0 I PM      : early resume of devices complete after 4.781 msecs
11-02 22:37:07.659859     0     0 I bgcom   : bgcom_pm_resume: Bgcom resumed with : 0
11-02 22:37:07.671266     0     0 I mdss_dsi_panel_set_idle_mode: Idle (1->1)
11-02 22:37:07.716809     0     0 I PM      : resume of devices complete after 93.668 msecs
11-02 22:37:07.721559     0     0 I         : Restarting tasks ...
11-02 22:37:07.725893     0     0 W QSEECOM : qseecom_receive_req: Interrupted: exiting Listener Service = 12288
11-02 22:37:07.725994     0     0 W QSEECOM : qseecom_receive_req: Interrupted: exiting Listener Service = 11
11-02 22:37:07.726041     0     0 W QSEECOM : qseecom_receive_req: Interrupted: exiting Listener Service = 28672
11-02 22:37:07.730018     0     0 W QSEECOM : qseecom_receive_req: Interrupted: exiting Listener Service = 8192
11-02 22:37:07.730101     0     0 W QSEECOM : qseecom_receive_req: Interrupted: exiting Listener Service = 10
11-02 22:37:07.739606     0     0 E FG      : fg_psy_get_property: unsupported property 7
11-02 22:37:07.740972     0     0 I         : done.
11-02 22:37:07.742026     0     0 E FG      : fg_psy_get_property: unsupported property 7
11-02 22:37:27.196420     0     0 I PM      : suspend exit 2021-11-02 21:37:27.196420757 UTC
11-02 22:37:27.147983     0     0 W healthd : battery l=52 v=3890 t=31.0 h=2 st=3 c=7 fc=443000 cc=0 chg=
--------- switch to main
11-02 22:37:27.238046  1956  1956 D QtiCarrierConfigHelper: WARNING, no carrier configs on phone Id: 0
11-02 22:37:27.243800  2520  2520 D HOME    : [BatteryChange]action: android.intent.action.BATTERY_CHANGED
11-02 22:37:27.244681  2520  7941 D HOME    : [BatteryChange]HandleBatteryChangedTask
11-02 22:37:27.247307  2520  7941 D HOME    : [BatteryChange]level: 52, status: 3
--------- switch to kernel
11-02 22:37:27.151709     0     0 W healthd : battery l=52 v=3890 t=31.0 h=2 st=3 c=7 fc=443000 cc=0 chg=
11-02 22:37:27.297597     0     0 I PM      : suspend entry 2021-11-02 21:37:27.297597892 UTC
11-02 22:37:27.297622     0     0 I PM      : Syncing filesystems ... done.
11-02 22:37:27.393161     0     0 I         : Freezing user space processes ... (elapsed 0.007 seconds) done.
11-02 22:37:27.400755     0     0 I         : Freezing remaining freezable tasks ... (elapsed 0.003 seconds) done.
11-02 22:37:27.404719     0     0 I         : Suspending console(s) (use no_console_suspend to debug)
11-02 22:37:27.417942     0     0 I mdss_dsi_panel_set_idle_mode: Idle (1->1)
11-02 22:37:27.460729     0     0 I bgcom   : bgcom_pm_suspend: suspended with : 0
11-02 22:37:27.499106     0     0 I PM      : suspend of devices complete after 91.832 msecs
11-02 22:37:27.504747     0     0 I PM      : late suspend of devices complete after 5.600 msecs
11-02 22:37:27.510756     0     0 I PM      : noirq suspend of devices complete after 5.983 msecs
11-02 22:37:27.510770     0     0 I         : Disabling non-boot CPUs ...
11-02 22:37:27.528439     0     0 I CPU1    : shutdown
11-02 22:37:27.530465     0     0 I suspend ns: 1871959775234	suspend cycles:     394269406473
11-02 22:37:27.530445     0     0 I CPU0    : msm_cpu_pm_enter_sleep mode:3 during suspend
11-02 22:37:27.530445     0     0 I         : Suspended for 0.992 seconds
11-02 22:37:27.530445     0     0 I resume cycles: 394288461535
11-02 22:37:27.530749     0     0 I         : Enabling non-boot CPUs ...
11-02 22:37:27.531557     0     0 I CPU1    : update cpu_capacity 1024
11-02 22:37:27.532997     0     0 I         : CPU1 is up
11-02 22:37:27.535273     0     0 I CPU1    : update max cpu_capacity 748
11-02 22:37:27.536796     0     0 I PM      : noirq resume of devices complete after 3.461 msecs
11-02 22:37:27.540035     0     0 E FG      : fg_psy_get_property: unsupported property 7
11-02 22:37:27.542669     0     0 I PM      : early resume of devices complete after 4.187 msecs
11-02 22:37:27.570758     0     0 I bgcom   : bgcom_pm_resume: Bgcom resumed with : 0
11-02 22:37:27.580797     0     0 I mdss_dsi_panel_set_idle_mode: Idle (1->1)
11-02 22:37:27.619254     0     0 I PM      : resume of devices complete after 76.539 msecs
11-02 22:37:27.622137     0     0 I         : Restarting tasks ...
11-02 22:37:27.624433     0     0 W QSEECOM : qseecom_receive_req: Interrupted: exiting Listener Service = 8192
11-02 22:37:27.627975     0     0 W QSEECOM : qseecom_receive_req: Interrupted: exiting Listener Service = 12288
11-02 22:37:27.628037     0     0 W QSEECOM : qseecom_receive_req: Interrupted: exiting Listener Service = 11
11-02 22:37:27.628067     0     0 W QSEECOM : qseecom_receive_req: Interrupted: exiting Listener Service = 10
11-02 22:37:27.628097     0     0 W QSEECOM : qseecom_receive_req: Interrupted: exiting Listener Service = 28672
11-02 22:37:27.628691     0     0 E FG      : fg_psy_get_property: unsupported property 7
--------- switch to main
11-02 22:37:28.636915  1956  1956 D QtiCarrierConfigHelper: WARNING, no carrier configs on phone Id: 0
11-02 22:37:28.638898  2520  2520 D HOME    : [BatteryChange]action: android.intent.action.BATTERY_CHANGED
--------- switch to kernel
11-02 22:37:27.632701     0     0 E FG      : fg_psy_get_property: unsupported property 7
11-02 22:37:28.561687     0     0 W healthd : battery l=52 v=3869 t=32.0 h=2 st=3 c=59 fc=443000 cc=0 chg=
11-02 22:37:28.564249     0     0 W healthd : battery l=52 v=3869 t=32.0 h=2 st=3 c=59 fc=443000 cc=0 chg=
11-02 22:37:28.568096     0     0 I         : done.
11-02 22:37:28.639214     0     0 I PM      : suspend exit 2021-11-02 21:37:28.639214453 UTC
--------- switch to main
11-02 22:37:28.639438  2520  7941 D HOME    : [BatteryChange]HandleBatteryChangedTask
11-02 22:37:28.647447  2520  7941 D HOME    : [BatteryChange]level: 52, status: 3
--------- switch to kernel
11-02 22:37:28.739590     0     0 I PM      : suspend entry 2021-11-02 21:37:28.739590443 UTC
11-02 22:37:28.739606     0     0 I PM      : Syncing filesystems ... done.
11-02 22:37:28.835101     0     0 I         : Freezing user space processes ... (elapsed 0.007 seconds) done.
11-02 22:37:28.842882     0     0 I         : Freezing remaining freezable tasks ... (elapsed 0.003 seconds) done.
11-02 22:37:28.846856     0     0 I         : Suspending console(s) (use no_console_suspend to debug)
11-02 22:37:28.858489     0     0 I mdss_dsi_panel_set_idle_mode: Idle (1->1)
11-02 22:37:28.902783     0     0 I bgcom   : bgcom_pm_suspend: suspended with : 0
11-02 22:37:28.938710     0     0 I PM      : suspend of devices complete after 89.473 msecs
11-02 22:37:28.944246     0     0 I PM      : late suspend of devices complete after 5.496 msecs
11-02 22:37:28.950116     0     0 I PM      : noirq suspend of devices complete after 5.843 msecs
11-02 22:37:28.950130     0     0 I         : Disabling non-boot CPUs ...
11-02 22:37:28.970785     0     0 I CPU1    : shutdown
11-02 22:37:28.972761     0     0 I suspend ns: 1872409608308	suspend cycles:     394297098330
11-02 22:37:28.972741     0     0 I CPU0    : msm_cpu_pm_enter_sleep mode:3 during suspend
11-02 22:37:28.972741     0     0 I         : Suspended for 162.504 seconds
11-02 22:37:28.972741     0     0 I resume cycles: 397417183931
11-02 22:37:28.973822     0     0 I         : Enabling non-boot CPUs ...
11-02 22:37:28.974641     0     0 I CPU1    : update cpu_capacity 1024
11-02 22:37:28.976103     0     0 I         : CPU1 is up
11-02 22:37:28.977632     0     0 I CPU1    : update max cpu_capacity 748
11-02 22:37:28.980420     0     0 I PM      : noirq resume of devices complete after 3.991 msecs
11-02 22:37:28.986089     0     0 I PM      : early resume of devices complete after 4.167 msecs
11-02 22:37:29.017205     0     0 I bgcom   : bgcom_pm_resume: Bgcom resumed with : 0
11-02 22:37:29.028017     0     0 I mdss_dsi_panel_set_idle_mode: Idle (1->1)
11-02 22:37:29.062573     0     0 I PM      : resume of devices complete after 76.440 msecs
11-02 22:37:29.066403     0     0 I         : Restarting tasks ...
11-02 22:37:29.071700     0     0 W QSEECOM : qseecom_receive_req: Interrupted: exiting Listener Service = 11
11-02 22:37:29.083832     0     0 W QSEECOM : qseecom_receive_req: Interrupted: exiting Listener Service = 8192
11-02 22:37:29.084318     0     0 W QSEECOM : qseecom_receive_req: Interrupted: exiting Listener Service = 12288
11-02 22:37:29.084742     0     0 W QSEECOM : qseecom_receive_req: Interrupted: exiting Listener Service = 10
11-02 22:37:29.084790     0     0 W QSEECOM : qseecom_receive_req: Interrupted: exiting Listener Service = 28672
11-02 22:37:29.097686     0     0 I         : done.
11-02 22:40:11.602628     0     0 I PM      : suspend exit 2021-11-02 21:40:11.602628193 UTC
--------- switch to system
11-02 22:40:11.600426  1686  1686 I PowerManagerService: Waking up from dozing (uid=1000 reason=tiltToWake)...
11-02 22:40:11.622804  1686  1686 W UsageStatsService: Event reported without a package name
--------- switch to kernel
11-02 22:40:11.636215     0     0 E FG      : fg_psy_get_property: unsupported property 7
11-02 22:40:11.574795     0     0 W healthd : battery l=52 v=3892 t=30.0 h=2 st=3 c=10 fc=443000 cc=0 chg=
--------- switch to main
11-02 22:40:11.666464   512  1749 I sensors-hal: batch:140, android.sensor.light/46, period=100000000, max_latency=0
11-02 22:40:11.666591   512  1749 I sensors-hal: batch:149, android.sensor.light/46, period=100000000, max_latency=0 request completed
11-02 22:40:11.669009   512  1749 I sensors-hal: activate:107, android.sensor.light/46 en=1
11-02 22:40:11.669458   512  1749 I sensors-hal: ssc_enable_rt_task:254, ssc_enable_rt_task : true
11-02 22:40:11.675685   512  1749 I sensors-hal: activate:118, android.sensor.light/46 en=1 completed
11-02 22:40:11.680484  1686  1823 I SidekickService: endDisplayLocked()
--------- switch to system
11-02 22:40:11.681066  1686  1710 I DisplayManagerService: Display device changed state: "Écran intégré", ON
--------- switch to main
11-02 22:40:11.682617   416   416 D SKGHAL  : sendAmbientEvent: enter: enable = 0
11-02 22:40:11.706004  1686  1759 I InputReader: Reconfiguring input devices.  changes=0x00000004
11-02 22:40:11.724907   512  1749 I sensors-hal: batch:140, android.sensor.accelerometer/48, period=66667000, max_latency=100000000
11-02 22:40:11.725090   512  1749 I sensors-hal: batch:149, android.sensor.accelerometer/48, period=66667000, max_latency=100000000 request completed
11-02 22:40:11.733337   512  1749 I sensors-hal: activate:107, android.sensor.accelerometer/48 en=1
11-02 22:40:11.734070   512  1749 I sensors-hal: ssc_enable_rt_task:254, ssc_enable_rt_task : true
11-02 22:40:11.746496  4243  4243 D OMService: onDisplayChanged: not dozing
--------- switch to kernel
11-02 22:40:11.814974     0     0 E bgrsb   : bgrsb_enable: rsb will set report rate
11-02 22:40:11.822563     0     0 E bgrsb   : bgrsb_enable: gpio 32 is valid
--------- switch to main
11-02 22:40:11.773003   512  1749 I sensors-hal: activate:118, android.sensor.accelerometer/48 en=1 completed
--------- switch to system
11-02 22:40:11.774781  1686  1686 W Looper  : Slow dispatch took 108ms main h=com.android.server.power.Notifier$NotifierHandler c=com.android.server.power.Notifier$2@d857706 m=0
--------- switch to main
11-02 22:40:11.782886  2520  2714 D HOME    : [TickMonitor]Received time tick
11-02 22:40:11.791834  2520  2520 D HOME    : [BatteryChange]action: android.intent.action.BATTERY_CHANGED
11-02 22:40:11.793356  2520  7941 D HOME    : [BatteryChange]HandleBatteryChangedTask
11-02 22:40:11.794219  2520  2714 D HOME    : [TickMonitor]handleTimeTick() finished
--------- switch to system
11-02 22:40:11.800928  1686  1702 W BroadcastQueue: Background execution not allowed: receiving Intent { act=android.intent.action.USER_PRESENT flg=0x10 } to com.google.android.gms/.auth.setup.devicesignals.LockScreenReceiver
11-02 22:40:11.801617  1686  1702 W BroadcastQueue: Background execution not allowed: receiving Intent { act=android.intent.action.USER_PRESENT flg=0x10 } to com.google.android.gms/.chimera.GmsIntentOperationService$PersistentTrustedReceiver
--------- switch to main
11-02 22:40:11.806642  3205  3434 W WorkController: Loading failed for worker [trainingcache]: worker not found
11-02 22:40:11.809390  3205  3294 W A       : TrainingCache cache DEVICE_UNLOCKED failure
11-02 22:40:11.809390  3205  3294 W A       : com.google.android.apps.gsa.search.core.service.h.a.a: No worker found for Worker ID [trainingcache].
11-02 22:40:11.809390  3205  3294 W A       : 	at com.google.android.apps.gsa.search.core.service.g.a.c.a(Unknown Source:5)
11-02 22:40:11.809390  3205  3294 W A       : 	at com.google.android.libraries.gsa.c.a.d.a(Unknown Source:3)
11-02 22:40:11.809390  3205  3294 W A       : 	at com.google.common.p.a.cg.c(Unknown Source:2)
11-02 22:40:11.809390  3205  3294 W A       : 	at com.google.common.p.a.bk.run(SourceFile:3)
11-02 22:40:11.809390  3205  3294 W A       : 	at com.google.common.p.a.ci.run(Unknown Source:4)
11-02 22:40:11.809390  3205  3294 W A       : 	at com.google.apps.tiktok.concurrent.ab.run(SourceFile:1)
11-02 22:40:11.809390  3205  3294 W A       : 	at java.util.concurrent.ThreadPoolExecutor.runWorker(ThreadPoolExecutor.java:1167)
11-02 22:40:11.809390  3205  3294 W A       : 	at java.util.concurrent.ThreadPoolExecutor$Worker.run(ThreadPoolExecutor.java:641)
11-02 22:40:11.809390  3205  3294 W A       : 	at com.google.apps.tiktok.concurrent.c.run(Unknown Source:4)
11-02 22:40:11.809390  3205  3294 W A       : 	at java.lang.Thread.run(Thread.java:764)
11-02 22:40:11.823921  1956  1956 D QtiCarrierConfigHelper: WARNING, no carrier configs on phone Id: 0
11-02 22:40:11.854602  2520  7941 D HOME    : [BatteryChange]level: 52, status: 3
--------- switch to system
11-02 22:40:11.917072   618   618 I wificond: Pno scan stopped
--------- switch to kernel
11-02 22:40:11.890701    22    22 E         : [22:40:11.956348] [0000005C88755965] [VosRX]  wlan: [E :WDI] WDTS_RxPacketDump RX Data frame is UC
11-02 22:40:11.890736    22    22 E         : [22:40:11.956402] [0000005C88755D37] [VosRX]  wlan: [E :WDI] WDTS_RxPacketDump: Management subtype:5 SA:a6:17:c8:05:81:39 DA:00:0a:f5:f2:a2:70
--------- switch to main
11-02 22:40:11.996816   512  8931 I sensors-hal: handle_indication_realtime:355,  SCHED_FIFO(10) for qmi_cbk
--------- switch to kernel
11-02 22:40:11.938102     0     0 I         : [touch]FB_BLANK_VSYNC_SUSPEND
11-02 22:40:11.938106     0     0 I         : [touch]Already in suspend state
--------- switch to main
11-02 22:40:12.003571   504   523 I SDM     : DisplayBase::SetDisplayState: Set state = 3, display 0
11-02 22:40:12.003807   504   523 D SDM     : HWCDisplayPrimary::SetStandByMode: Display is connected successfully
11-02 22:40:12.004196   416   416 D SKGHAL  : standBy_update_control call succeed on 0
11-02 22:40:12.004250   416   416 D SKGHAL  : sendAmbientEvent: done: enable = 0
11-02 22:40:12.004891  1686  1823 D SidekickService:    ... endDisplay returns void
11-02 22:40:12.005763   545   545 D SurfaceFlinger: Set power mode=2, type=0 flinger=0xb6bb6000
11-02 22:40:12.006118   504   761 I SDM     : DisplayBase::SetDisplayState: Set state = 1, display 0
11-02 22:40:12.013832  1686  1686 I WearPower: [WearTouchMediator] changing touch input to enabled (ON_AUTO)
11-02 22:40:12.015285   545   545 D SurfaceFlinger: Finished set power mode=2, type=0
--------- switch to system
11-02 22:40:12.017830  1686  1712 W PowerManagerService: Screen on took 548 ms
11-02 22:40:12.018100  1686  1712 I DreamManagerService: Gently waking up from dream.
11-02 22:40:12.018443  1686  1708 I DreamManagerService: Performing gentle wake from dream.
--------- switch to main
11-02 22:40:12.018959  1686  1759 I InputReader: Reconfiguring input devices.  changes=0x00000200
--------- switch to system
11-02 22:40:12.021148  1686  1686 V DreamService[AmbientDream]: wakeUp(): fromSystem=true, mWaking=false, mFinished=false
11-02 22:40:12.021303  1686  1686 V DreamService[AmbientDream]: finish(): mFinished=false
11-02 22:40:12.021395  1686  1686 I DreamManagerService: Leaving dreamland.
--------- switch to kernel
11-02 22:40:11.947603     0     0 I mdss_dsi_panel_set_idle_mode: Idle (1->0)
11-02 22:40:11.948507     0     0 E mdp3_enable_panic_ctrl: mdp3_enable_panic_ctrl: Enable Panic Control
11-02 22:40:11.948590     0     0 I         : [touch]FB_BLANK_UNBLANK
11-02 22:40:11.948595     0     0 I         : [touch]raydium_ts_do_resume, 1.
11-02 22:40:11.948903     0     0 I         : [ raydium ]workqueue is empty!
11-02 22:40:11.948918     0     0 I raydium_ts 5-0039: [touch]Already enable irq
11-02 22:40:11.948920     0     0 I         : [touch]Device may wakeup
--------- switch to system
11-02 22:40:12.025649  1686  1708 I DreamManagerService: Performing gentle wake from dream.
11-02 22:40:12.025882  1686  1708 I DreamController: Stopping dream: name=ComponentInfo{com.google.android.wearable.ambient/com.google.android.wearable.ambient.AmbientDream}, isTest=false, canDoze=true, userId=0
--------- switch to main
11-02 22:40:12.047687  1686  1686 W AlarmManager: Unrecognized alarm listener com.android.server.job.controllers.-$$Lambda$IdleController$IdlenessTracker$nTdS-lGBXcES5VWKcJFmQFgU7IU@1ab437a
--------- switch to kernel
