11-03 11:59:18.103989  2520  2520 D HOME    : [StreamDBQueue]Promised revision #5114 to queue a new op
11-03 11:59:18.104127  2520  2520 D WatchStreamManager: Promised rank-blocked=false @ r#5114
11-03 11:59:18.104234  2520 12958 D HOME    : [WatchStreamDB]Item alerting conditions - isInterruptive: true, recentlyInterrupted: false, isItemPinned: false, isUnread: true
11-03 11:59:18.104490  2520 12958 D HOME    : [StreamAlertingRegulator]isTheaterModeEnabled: false, isAlertingAllowedByOffBody: true, matchesLocalInterruptionFilter: true
11-03 11:59:18.104670  2520 12958 D HOME    : [WatchStreamDB]couldItemAlert: false, isTopItemChanged: false, isDeferralForTopItem: false
11-03 11:59:18.104712  2520  2520 D HOME    : [EventBus]Wrapper pool is full. Discarding excess wrapper instance for event com.google.android.clockwork.sysui.events.KeyguardStateEvent
11-03 11:59:18.104778  2520  2520 D HOME    : [WatchFaceUiController]sendStateToWallpaper
11-03 11:59:18.105483  2520 13839 D HOME    : [StreamDBQueue]Promised revision #5115 to queue a new op
11-03 11:59:18.105608  2520 13839 D WatchStreamManager: Promised rerank @ r#5115
11-03 11:59:18.106261  2520  2520 D HOME    : [EventBus]Wrapper pool is full. Discarding excess wrapper instance for event com.google.android.clockwork.sysui.events.KeyguardStateEvent
11-03 11:59:18.106477  2520  2520 D HOME    : [EventBus]Wrapper pool is full. Discarding excess wrapper instance for event com.google.android.clockwork.sysui.events.KeyguardStateEvent
11-03 11:59:18.106865   512   512 I sensors-hal: batch:140, android.sensor.accelerometer/48, period=66667000, max_latency=100000000
11-03 11:59:18.113533  2520  2520 W StaticLayout: maxLineHeight should not be -1.  maxLines:1 lineCount:1
11-03 11:59:18.117368   512   512 I sensors-hal: batch:149, android.sensor.accelerometer/48, period=66667000, max_latency=100000000 request completed
--------- switch to kernel
11-03 11:59:17.998753     0     0 E FG      : fg_psy_get_property: unsupported property 7
11-03 11:59:18.001351     0     0 W healthd : battery l=7 v=3626 t=30.0 h=2 st=3 c=128 fc=443000 cc=0 chg=
--------- switch to main
11-03 11:59:18.138777  1686  7908 D SidekickService: sendWatchFaceComponents called: watchFace = com.google.android.clockwork.decomposablewatchface.WatchFaceDecomposition@7a86dbbshouldReplace = false
11-03 11:59:18.139090  1686  7908 D SidekickService: Check decomposition for calling app com.google.android.wearable.app with uid 10049
11-03 11:59:18.139538  1686  7908 D SidekickService: sendWatchFaceLocked(): shouldReplace = false, mSidekickIsControlling = false, 1 images, 0 fonts, 0 numbers, 0 proportionalFonts, 0 strings
11-03 11:59:18.139598  1686  7908 D SidekickService: ISidekickGraphics#beginResources()...
11-03 11:59:18.143249   512   512 I sensors-hal: activate:107, android.sensor.light/46 en=0
11-03 11:59:18.145296  1686  7908 D SidekickServiceUtils: bitmapFromDrawable: Returning bitmap directly
11-03 11:59:18.146886  1686  7908 D SidekickService: sendBitmapsLocked(): bounds = RectF(0.47115386, 0.33653846, 0.52884614, 0.39423078), drawableInfo = {.id = 100000, .width = 24, .height = 24, .display = true, .offsetX = 193.0, .offsetY = 137.0, .rotationInfo = {.hasRotation = false, .pivotX = 0.0, .pivotY = 0.0, .degreesPerDay = 0.0, .degreesPerStep = 0.0, .zeroDegreesTime = {.daysSinceLocalEpoch = 0, .msSinceMidnight = 0}}, .transformInfo = {.transformed = false, .flipX = false, .flipY = false, .flip45 = false, .scaleX = 0.0, .scaleY = 0.0}, .type = GENERIC, .blink = {.blinking = false, .periodOnMs = 0.0, .periodOffMs = 0.0, .startTime = {.daysSinceLocalEpoch = 0, .msSinceMidnight = 0}}, .zOrder = 8, .displayInTwm = true}, image.size() = 97
11-03 11:59:18.147723   416  1715 D SKGHAL  : saveResource: resId = 100000
11-03 11:59:18.148279  1686  7908 D SidekickService: sendBitmapsLocked(): status = 0, bytesUsed = 64
11-03 11:59:18.148426  1686  7908 D SidekickService: ISidekickGraphics#endResources()...
11-03 11:59:18.150409  1956  1956 D QtiCarrierConfigHelper: WARNING, no carrier configs on phone Id: 0
11-03 11:59:18.151063  2520 12958 D HOME    : [WatchStreamDB]Item alerting conditions - isInterruptive: true, recentlyInterrupted: false, isItemPinned: false, isUnread: true
11-03 11:59:18.151291   512   512 I sensors-hal: activate:118, android.sensor.light/46 en=0 completed
11-03 11:59:18.151634  2520 12958 D HOME    : [StreamAlertingRegulator]isTheaterModeEnabled: false, isAlertingAllowedByOffBody: true, matchesLocalInterruptionFilter: true
11-03 11:59:18.153132  2520 12958 D HOME    : [WatchStreamDB]couldItemAlert: false, isTopItemChanged: false, isDeferralForTopItem: false
11-03 11:59:18.157412  2520 12958 D HOME    : [WatchStreamDB]updateRanking()
11-03 11:59:18.157996  2520 12958 D HOME    : [WatchStreamDB]Item alerting conditions - isInterruptive: true, recentlyInterrupted: false, isItemPinned: false, isUnread: true
11-03 11:59:18.158344  2520 12958 D HOME    : [StreamAlertingRegulator]isTheaterModeEnabled: false, isAlertingAllowedByOffBody: true, matchesLocalInterruptionFilter: true
11-03 11:59:18.158694  2520 12958 D HOME    : [WatchStreamDB]couldItemAlert: false, isTopItemChanged: false, isDeferralForTopItem: false
11-03 11:59:18.159329  2520 12958 D HOME    : [NewStreamAdapter]Publishing revision #5115 to adapter clients
11-03 11:59:18.162586  2520 13839 D HOME    : [StreamDBQueue]Promised revision #5116 to queue a new op
11-03 11:59:18.162840  2520 13839 D WatchStreamManager: Promised rerank @ r#5116
11-03 11:59:18.164033  2520 13835 D HOME    : [WatchStreamDB]updateRanking()
11-03 11:59:18.164176  2520  2520 D HOME    : [BatteryChange]action: android.intent.action.BATTERY_CHANGED
11-03 11:59:18.164708  2520 13835 D HOME    : [WatchStreamDB]Item alerting conditions - isInterruptive: true, recentlyInterrupted: false, isItemPinned: false, isUnread: true
11-03 11:59:18.171977  2520 12958 D HOME    : [BatteryChange]HandleBatteryChangedTask
11-03 11:59:18.172526  2520 12958 D HOME    : [BatteryChange]level: 7, status: 3
11-03 11:59:18.173334  2520 12958 D HOME    : [BatteryChange]updateStreamItem
--------- switch to system
11-03 11:59:18.176273  1686  1710 I DisplayManagerService: Display device changed state: "Écran intégré", DOZE_SUSPEND
--------- switch to main
11-03 11:59:18.179061  2520 13835 D HOME    : [StreamAlertingRegulator]isTheaterModeEnabled: false, isAlertingAllowedByOffBody: true, matchesLocalInterruptionFilter: true
11-03 11:59:18.179986  2520 13835 D HOME    : [WatchStreamDB]couldItemAlert: false, isTopItemChanged: false, isDeferralForTopItem: false
11-03 11:59:18.180750  2520 13835 D HOME    : [NewStreamAdapter]Publishing revision #5116 to adapter clients
11-03 11:59:18.192429   545   545 D SurfaceFlinger: Set power mode=3, type=0 flinger=0xb6bb6000
11-03 11:59:18.192908   504   764 I SDM     : DisplayBase::SetDisplayState: Set state = 3, display 0
11-03 11:59:18.216791  1686  1759 I InputReader: Reconfiguring input devices.  changes=0x00000004
11-03 11:59:18.223223   545   545 D SurfaceFlinger: Finished set power mode=3, type=0
--------- switch to kernel
11-03 11:59:18.056087     0     0 I mdss_dsi_panel_set_idle_mode: Idle (0->1)
11-03 11:59:18.083685     0     0 I         : [touch]FB_BLANK_VSYNC_SUSPEND
11-03 11:59:18.083690     0     0 I         : [touch]irq disable
11-03 11:59:18.083694     0     0 I         : [touch]workqueue is empty!
11-03 11:59:18.083697     0     0 I         : [touch]raydium_ts_do_suspend.
11-03 11:59:18.083705     0     0 I         : [touch]Device may wakeup
11-03 11:59:18.086106     0     0 I         : [touch]irq enable
--------- switch to main
11-03 11:59:18.233150  2520 12958 D HOME    : [BatteryChange]batteryHistory size: 20'
11-03 11:59:18.233438  2520 12958 D HOME    : [BatteryChange]timeDelta: 14851677
11-03 11:59:18.233614  2520 12958 D HOME    : [BatteryChange]levelDelta: 21
11-03 11:59:18.347376   416  1715 D SKGHAL  : sendResources: metadata size = 2400, font size = 72
11-03 11:59:18.395115  2520  2541 I id.wearable.ap: Background concurrent copying GC freed 71565(2MB) AllocSpace objects, 0(0B) LOS objects, 24% free, 8MB/11MB, paused 161us total 236.091ms
11-03 11:59:18.401043   416  1715 D SKGHAL  : endResources: rc = 0
11-03 11:59:18.401637  1686  1823 I SidekickService: beginDisplayLocked(): DOZE_SUSPEND
11-03 11:59:18.402216  2520  2520 D HOME    : [SidekickManagerAsync]replaceWatchFaceComponents(): Callback#onResult(): 0
11-03 11:59:18.402411  2520  2520 D HOME    : [WatchFaceUiController]Complication updates sent, posting watch face hiding
11-03 11:59:18.402491  2520  2520 D HOME    : [WatchFaceUiController]Still in ambient watch face, hiding
11-03 11:59:18.402540  2520  2520 D HOME    : [WatchFaceUiController]Hiding watch face wallpaper.
11-03 11:59:18.404979   416  1715 D SKGHAL  : sendAmbientPrepare: enter:
11-03 11:59:18.535731   416  1715 D SKGHAL  : sendAmbientEvent: enter: enable = 1
11-03 11:59:18.536881   504   523 I SDM     : DisplayBase::SetDisplayState: Set state = 4, display 0
11-03 11:59:18.587356   504   523 D SDM     : HWCDisplayPrimary::SetStandByMode: Null display is connected successfully
11-03 11:59:18.587631   416  1715 D SKGHAL  : standBy_update_control call succeed on 1
11-03 11:59:18.596602   416  1715 D SKGHAL  : sendAmbientEvent: done: enable = 1
11-03 11:59:18.597026  1686  1823 D SidekickService:    ... beginDisplay result: 0 for halPower: 1
11-03 11:59:18.600080   512  1749 I sensors-hal: activate:107, android.sensor.accelerometer/48 en=0
11-03 11:59:18.601182   512  1749 I sensors-hal: activate:118, android.sensor.accelerometer/48 en=0 completed
--------- switch to kernel
11-03 11:59:18.484888     0     0 E bgrsb   : bgrsb_enable: gpio 32 is valid
--------- switch to main
11-03 11:59:18.652423  1686  1686 I WearPower: [WearTouchMediator] changing touch input to enabled (ON_AUTO)
11-03 11:59:18.653246  1686  1759 I InputReader: Reconfiguring input devices.  changes=0x00000200
--------- switch to kernel
11-03 11:59:18.518262     0     0 I init    : processing action (ro.enable_core_ctl=true && sys.cw_corectl_mode=idle) from (/vendor/etc/init/hw/init.qcom.rc:949)
--------- switch to main
11-03 11:59:18.659211  1686  1686 I AmbientService: [ce6a28c] Timeout alarm not required, auto-resume timeout handled by dream.
11-03 11:59:18.669364  3205  3434 W WorkController: Loading failed for worker [trainingcache]: worker not found
11-03 11:59:18.670852  3205  3294 W A       : TrainingCache cache SCREEN_OFF failure
11-03 11:59:18.670852  3205  3294 W A       : com.google.android.apps.gsa.search.core.service.h.a.a: No worker found for Worker ID [trainingcache].
11-03 11:59:18.670852  3205  3294 W A       : 	at com.google.android.apps.gsa.search.core.service.g.a.c.a(Unknown Source:5)
11-03 11:59:18.670852  3205  3294 W A       : 	at com.google.android.libraries.gsa.c.a.d.a(Unknown Source:3)
11-03 11:59:18.670852  3205  3294 W A       : 	at com.google.common.p.a.cg.c(Unknown Source:2)
11-03 11:59:18.670852  3205  3294 W A       : 	at com.google.common.p.a.bk.run(SourceFile:3)
11-03 11:59:18.670852  3205  3294 W A       : 	at com.google.common.p.a.ci.run(Unknown Source:4)
11-03 11:59:18.670852  3205  3294 W A       : 	at com.google.apps.tiktok.concurrent.ab.run(SourceFile:1)
11-03 11:59:18.670852  3205  3294 W A       : 	at java.util.concurrent.ThreadPoolExecutor.runWorker(ThreadPoolExecutor.java:1167)
11-03 11:59:18.670852  3205  3294 W A       : 	at java.util.concurrent.ThreadPoolExecutor$Worker.run(ThreadPoolExecutor.java:641)
11-03 11:59:18.670852  3205  3294 W A       : 	at com.google.apps.tiktok.concurrent.c.run(Unknown Source:4)
11-03 11:59:18.670852  3205  3294 W A       : 	at java.lang.Thread.run(Thread.java:764)
--------- switch to system
11-03 11:59:18.680057   618   618 W wificond: Skip match ssid for pno scan: Wifirst Les Valmonts, Pauline, HUAWEI-F3EF, PUBLIC WIFI Groupe Televerbier, TMR_PUBLIC_WIFI, SFR_1AE0, BINLAR_2.4G, Sira-WiFi, iPhone S, Siam Garden Cooking School, .@AirportAISFreeWiFi, iPhone de Ameulie, Paulo's iPhone, Beach  Park Hostel & Tree Bar, The Big_Easy, AndroidAPEC14, _VINCI Airports wifi, Yolo Hostel, .@AirportDTACFreeWiFi,    .@ TRUEWIFI, .@ AIS SUPER WiFi, .@AirportTrueFreeWiFi,     King Power,  Free Airport-Google WiFi by CAT, BangkokAirways, UPC5616060, ColocMegy, jcmjsm, iPhone Consti, ASGARD, FMEL, Florence 2.4Ghz, BENJI, IBIS_STYLES_NANTES_CENTRE_GARE_N, LACENNE , Jack's iPhone, Salt_2GHz_28C9D0, Salt_5GHz_28C9D0, Yah Hallo, ASGARD-24G, Livebox-22B4, LeBOen, App_111, Michaud1936, _VT21-VISITORS_, Sebi, RAFA 5, Verkehrshaus, iPhone, MONZOON, igluna-public, kepler, _WIFI_LYRIA, HUAWEI-C452, Vodafone-A54562143, WiFiFrecce, OSoleMioWifi, VodafoneDepretis19, SanLorenzo, Live Hotels Guest, Franci , iPhone de Soline, viktoria_intern, UPC7759032, Vodafone-4D65, WIFI
--------- switch to main
11-03 11:59:18.685583  2520  2520 D HOME    : [StreamDBQueue]Promised revision #5117 to queue a new op
11-03 11:59:18.685846  2520  2520 D WatchStreamManager: Promised rank-blocked=false @ r#5117
11-03 11:59:18.686054  2520  2520 D HOME    : [CompactHunStarter]detachWindow()
11-03 11:59:18.686476  2520 13693 D HOME    : [WatchStreamDB]Item alerting conditions - isInterruptive: true, recentlyInterrupted: false, isItemPinned: false, isUnread: true
11-03 11:59:18.686515  2520 12958 D HOME    : [StreamDBQueue]Promised revision #5118 to queue a new op
11-03 11:59:18.686603  2520 12958 D WatchStreamManager: Promised rerank @ r#5118
11-03 11:59:18.686725  2520 13693 D HOME    : [StreamAlertingRegulator]isTheaterModeEnabled: false, isAlertingAllowedByOffBody: true, matchesLocalInterruptionFilter: true
11-03 11:59:18.686910  2520 13693 D HOME    : [WatchStreamDB]couldItemAlert: false, isTopItemChanged: false, isDeferralForTopItem: false
11-03 11:59:18.687319  2520 13693 D HOME    : [WatchStreamDB]updateRanking()
11-03 11:59:18.687790  2520 13693 D HOME    : [WatchStreamDB]Item alerting conditions - isInterruptive: true, recentlyInterrupted: false, isItemPinned: false, isUnread: true
11-03 11:59:18.688057  2520 13693 D HOME    : [StreamAlertingRegulator]isTheaterModeEnabled: false, isAlertingAllowedByOffBody: true, matchesLocalInterruptionFilter: true
11-03 11:59:18.688241  2520 13693 D HOME    : [WatchStreamDB]couldItemAlert: false, isTopItemChanged: false, isDeferralForTopItem: false
11-03 11:59:18.688754  2520 13693 D HOME    : [NewStreamAdapter]Publishing revision #5118 to adapter clients
--------- switch to kernel
11-03 11:59:18.715991     0     0 I PM      : suspend entry 2021-11-03 10:59:18.715991672 UTC
--------- switch to system
11-03 11:59:18.718578   618   618 I wificond: Pno scan started
--------- switch to kernel
11-03 11:59:18.716002     0     0 I PM      : Syncing filesystems ... done.
11-03 11:59:18.804982     0     0 I         : Freezing user space processes ... (elapsed 0.007 seconds) done.
11-03 11:59:18.812571     0     0 I         : Freezing remaining freezable tasks ... (elapsed 0.003 seconds) done.
11-03 11:59:18.816497     0     0 I         : Suspending console(s) (use no_console_suspend to debug)
11-03 11:59:18.828254     0     0 I mdss_dsi_panel_set_idle_mode: Idle (1->1)
11-03 11:59:18.864529     0     0 I bgcom   : bgcom_pm_suspend: suspended with : 0
11-03 11:59:18.889317    11    11 E         : [11:59:18.889312] [00000132DF5E5EDC] [Power]  wlan: [E :HDD] hdd_is_apps_power_collapse_allowed: do not allow APPS power collapse-pmcState = 1 scanRspPending = 0 inMiddleOfRoaming = 0 connected = 0
11-03 11:59:18.889362    11    11 E         : [11:59:18.889372] [00000132DF5E635A] [Power]  wlan: [F :HDD] __hddDevSuspendHdlr: Not able to suspend wlan
11-03 11:59:18.889394     0     0 E dpm_run_callback(): platform_pm_suspend+0x0/0x50 returns -1
11-03 11:59:18.889402     0     0 E PM      : Device a000000.qcom,wcnss-wlan failed to suspend: error -1
11-03 11:59:18.889414     0     0 E PM      : Some devices failed to suspend, or early wake event detected
11-03 11:59:18.920493     0     0 I bgcom   : bgcom_pm_resume: Bgcom resumed with : 0
11-03 11:59:18.930154     0     0 I mdss_dsi_panel_set_idle_mode: Idle (1->1)
11-03 11:59:18.963996     0     0 I PM      : resume of devices complete after 74.555 msecs
11-03 11:59:18.966649     0     0 I         : Restarting tasks ...
11-03 11:59:18.968223     0     0 W QSEECOM : qseecom_receive_req: Interrupted: exiting Listener Service = 8192
11-03 11:59:18.968285     0     0 W QSEECOM : qseecom_receive_req: Interrupted: exiting Listener Service = 12288
11-03 11:59:18.968316     0     0 W QSEECOM : qseecom_receive_req: Interrupted: exiting Listener Service = 10
11-03 11:59:18.968347     0     0 W QSEECOM : qseecom_receive_req: Interrupted: exiting Listener Service = 28672
11-03 11:59:18.972179     0     0 W QSEECOM : qseecom_receive_req: Interrupted: exiting Listener Service = 11
11-03 11:59:18.975891     0     0 I         : done.
11-03 11:59:18.976602     0     0 I PM      : suspend exit 2021-11-03 10:59:18.976602713 UTC
11-03 11:59:19.178513     0     0 I PM      : suspend entry 2021-11-03 10:59:19.178513442 UTC
11-03 11:59:19.178526     0     0 I PM      : Syncing filesystems ... done.
11-03 11:59:19.293706     0     0 I         : Freezing user space processes ... (elapsed 0.007 seconds) done.
11-03 11:59:19.301176     0     0 I         : Freezing remaining freezable tasks ... (elapsed 0.003 seconds) done.
--------- switch to system
11-03 11:59:28.381386  1686  1686 I PowerManagerService: Waking up from dozing (uid=1000 reason=tiltToWake)...
--------- switch to kernel
11-03 11:59:19.305143     0     0 I         : Suspending console(s) (use no_console_suspend to debug)
11-03 11:59:19.316683     0     0 I mdss_dsi_panel_set_idle_mode: Idle (1->1)
11-03 11:59:19.355141     0     0 I bgcom   : bgcom_pm_suspend: suspended with : 0
11-03 11:59:19.389045     0     0 I PM      : suspend of devices complete after 81.680 msecs
11-03 11:59:19.394875     0     0 I PM      : late suspend of devices complete after 5.787 msecs
11-03 11:59:19.400718     0     0 I PM      : noirq suspend of devices complete after 5.816 msecs
11-03 11:59:19.400731     0     0 I         : Disabling non-boot CPUs ...
11-03 11:59:19.422842     0     0 I CPU1    : shutdown
11-03 11:59:19.425227     0     0 I suspend ns: 4383078616734	suspend cycles:    1318017785830
11-03 11:59:19.425203     0     0 I CPU0    : msm_cpu_pm_enter_sleep mode:3 during suspend
11-03 11:59:19.425203     0     0 I         : Suspended for 8.853 seconds
11-03 11:59:19.425203     0     0 I resume cycles: 1318187777526
11-03 11:59:19.425776     0     0 I         : Enabling non-boot CPUs ...
11-03 11:59:19.426619     0     0 I CPU1    : update cpu_capacity 1024
11-03 11:59:19.428063     0     0 I         : CPU1 is up
11-03 11:59:19.429718     0     0 I CPU1    : update max cpu_capacity 748
11-03 11:59:19.432028     0     0 I PM      : noirq resume of devices complete after 3.617 msecs
11-03 11:59:19.437563     0     0 I PM      : early resume of devices complete after 4.067 msecs
11-03 11:59:19.467408     0     0 I bgcom   : bgcom_pm_resume: Bgcom resumed with : 0
11-03 11:59:19.477331     0     0 I mdss_dsi_panel_set_idle_mode: Idle (1->1)
11-03 11:59:19.513759     0     0 I PM      : resume of devices complete after 76.167 msecs
11-03 11:59:19.517768     0     0 I         : Restarting tasks ...
11-03 11:59:19.522783     0     0 W QSEECOM : qseecom_receive_req: Interrupted: exiting Listener Service = 12288
11-03 11:59:19.524822     0     0 W QSEECOM : qseecom_receive_req: Interrupted: exiting Listener Service = 8192
11-03 11:59:19.524905     0     0 W QSEECOM : qseecom_receive_req: Interrupted: exiting Listener Service = 11
11-03 11:59:19.524944     0     0 W QSEECOM : qseecom_receive_req: Interrupted: exiting Listener Service = 10
11-03 11:59:19.524983     0     0 W QSEECOM : qseecom_receive_req: Interrupted: exiting Listener Service = 28672
11-03 11:59:19.536449     0     0 I         : done.
11-03 11:59:28.391311     0     0 I PM      : suspend exit 2021-11-03 10:59:28.391311042 UTC
--------- switch to system
11-03 11:59:28.404024  1686  1686 W UsageStatsService: Event reported without a package name
--------- switch to kernel
11-03 11:59:28.412951     0     0 E FG      : fg_psy_get_property: unsupported property 7
11-03 11:59:28.278836     0     0 W healthd : battery l=6 v=3692 t=30.0 h=2 st=3 c=5 fc=443000 cc=0 chg=
--------- switch to main
11-03 11:59:28.448088   512  1749 I sensors-hal: batch:140, android.sensor.light/46, period=100000000, max_latency=0
11-03 11:59:28.448174   512  1749 I sensors-hal: batch:149, android.sensor.light/46, period=100000000, max_latency=0 request completed
11-03 11:59:28.452743   512  1749 I sensors-hal: activate:107, android.sensor.light/46 en=1
11-03 11:59:28.453652   512  1749 I sensors-hal: ssc_enable_rt_task:254, ssc_enable_rt_task : true
11-03 11:59:28.461563   512  1749 I sensors-hal: activate:118, android.sensor.light/46 en=1 completed
11-03 11:59:28.464778  1686  1823 I SidekickService: endDisplayLocked()
--------- switch to system
11-03 11:59:28.466329  1686  1710 I DisplayManagerService: Display device changed state: "Écran intégré", ON
--------- switch to main
11-03 11:59:28.470318   416  1715 D SKGHAL  : sendAmbientEvent: enter: enable = 0
11-03 11:59:28.490913  4243  4243 D OMService: onDisplayChanged: not dozing
11-03 11:59:28.506756  1686  1759 I InputReader: Reconfiguring input devices.  changes=0x00000004
11-03 11:59:28.522004   512  1749 I sensors-hal: batch:140, android.sensor.accelerometer/48, period=66667000, max_latency=100000000
11-03 11:59:28.522153   512  1749 I sensors-hal: batch:149, android.sensor.accelerometer/48, period=66667000, max_latency=100000000 request completed
--------- switch to kernel
11-03 11:59:28.359927     0     0 E bgrsb   : bgrsb_enable: rsb will set report rate
11-03 11:59:28.380476     0     0 E bgrsb   : bgrsb_enable: gpio 32 is valid
11-03 11:59:28.384644     0     0 E mdss_dsi_gen_read_status: Read back value from panel is incorrect
--------- switch to main
11-03 11:59:28.525202   504   523 I SDM     : DisplayBase::SetDisplayState: Set state = 3, display 0
11-03 11:59:28.525487   504   523 D SDM     : HWCDisplayPrimary::SetStandByMode: Display is connected successfully
11-03 11:59:28.527387   416  1715 D SKGHAL  : standBy_update_control call succeed on 0
11-03 11:59:28.527503   416  1715 D SKGHAL  : sendAmbientEvent: done: enable = 0
11-03 11:59:28.528532  1686  1823 D SidekickService:    ... endDisplay returns void
11-03 11:59:28.529544   545   545 D SurfaceFlinger: Set power mode=2, type=0 flinger=0xb6bb6000
11-03 11:59:28.530015   504   764 I SDM     : DisplayBase::SetDisplayState: Set state = 1, display 0
11-03 11:59:28.530427   512  1749 I sensors-hal: activate:107, android.sensor.accelerometer/48 en=1
11-03 11:59:28.531107   512  1749 I sensors-hal: ssc_enable_rt_task:254, ssc_enable_rt_task : true
--------- switch to kernel
11-03 11:59:28.388374     0     0 I         : [touch]FB_BLANK_VSYNC_SUSPEND
11-03 11:59:28.388382     0     0 I         : [touch]Already in suspend state
11-03 11:59:28.403226     0     0 I mdss_dsi_panel_set_idle_mode: Idle (1->0)
11-03 11:59:28.404426     0     0 E mdp3_enable_panic_ctrl: mdp3_enable_panic_ctrl: Enable Panic Control
11-03 11:59:28.404578     0     0 I         : [touch]FB_BLANK_UNBLANK
11-03 11:59:28.404585     0     0 I         : [touch]raydium_ts_do_resume, 1.
11-03 11:59:28.405073     0     0 I         : [ raydium ]workqueue is empty!
11-03 11:59:28.405097     0     0 I raydium_ts 5-0039: [touch]Already enable irq
11-03 11:59:28.405101     0     0 I         : [touch]Device may wakeup
--------- switch to main
11-03 11:59:28.539950   512  1749 I sensors-hal: activate:118, android.sensor.accelerometer/48 en=1 completed
11-03 11:59:28.543190   545   545 D SurfaceFlinger: Finished set power mode=2, type=0
--------- switch to system
11-03 11:59:28.548201  1686  1712 W PowerManagerService: Screen on took 279 ms
11-03 11:59:28.548544  1686  1712 I DreamManagerService: Gently waking up from dream.
11-03 11:59:28.549147  1686  1708 I DreamManagerService: Performing gentle wake from dream.
--------- switch to main
11-03 11:59:28.552861   512 13983 I sensors-hal: handle_indication_realtime:355,  SCHED_FIFO(10) for qmi_cbk
--------- switch to system
11-03 11:59:28.558429  1686  1702 W BroadcastQueue: Background execution not allowed: receiving Intent { act=android.intent.action.USER_PRESENT flg=0x10 } to com.google.android.gms/.auth.setup.devicesignals.LockScreenReceiver
11-03 11:59:28.559169  1686  1702 W BroadcastQueue: Background execution not allowed: receiving Intent { act=android.intent.action.USER_PRESENT flg=0x10 } to com.google.android.gms/.chimera.GmsIntentOperationService$PersistentTrustedReceiver
--------- switch to main
11-03 11:59:28.564199  3205  3434 W WorkController: Loading failed for worker [trainingcache]: worker not found
11-03 11:59:28.565901  3205  3372 W A       : TrainingCache cache DEVICE_UNLOCKED failure
11-03 11:59:28.565901  3205  3372 W A       : com.google.android.apps.gsa.search.core.service.h.a.a: No worker found for Worker ID [trainingcache].
11-03 11:59:28.565901  3205  3372 W A       : 	at com.google.android.apps.gsa.search.core.service.g.a.c.a(Unknown Source:5)
11-03 11:59:28.565901  3205  3372 W A       : 	at com.google.android.libraries.gsa.c.a.d.a(Unknown Source:3)
11-03 11:59:28.565901  3205  3372 W A       : 	at com.google.common.p.a.cg.c(Unknown Source:2)
11-03 11:59:28.565901  3205  3372 W A       : 	at com.google.common.p.a.bk.run(SourceFile:3)
11-03 11:59:28.565901  3205  3372 W A       : 	at com.google.common.p.a.ci.run(Unknown Source:4)
11-03 11:59:28.565901  3205  3372 W A       : 	at com.google.apps.tiktok.concurrent.ab.run(SourceFile:1)
11-03 11:59:28.565901  3205  3372 W A       : 	at java.util.concurrent.ThreadPoolExecutor.runWorker(ThreadPoolExecutor.java:1167)
11-03 11:59:28.565901  3205  3372 W A       : 	at java.util.concurrent.ThreadPoolExecutor$Worker.run(ThreadPoolExecutor.java:641)
11-03 11:59:28.565901  3205  3372 W A       : 	at com.google.apps.tiktok.concurrent.c.run(Unknown Source:4)
11-03 11:59:28.565901  3205  3372 W A       : 	at java.lang.Thread.run(Thread.java:764)
--------- switch to system
11-03 11:59:28.600861  1686  1686 V DreamService[AmbientDream]: wakeUp(): fromSystem=true, mWaking=false, mFinished=false
11-03 11:59:28.601045  1686  1686 V DreamService[AmbientDream]: finish(): mFinished=false
11-03 11:59:28.601141  1686  1686 I DreamManagerService: Leaving dreamland.
11-03 11:59:28.601739  1686  1708 I DreamManagerService: Performing gentle wake from dream.
11-03 11:59:28.601908  1686  1708 I DreamController: Stopping dream: name=ComponentInfo{com.google.android.wearable.ambient/com.google.android.wearable.ambient.AmbientDream}, isTest=false, canDoze=true, userId=0
11-03 11:59:28.645241  1686  1686 V DreamService[AmbientDream]: detach(): Calling onDreamingStopped()
--------- switch to main
11-03 11:59:28.647919  1686  1686 I AmbientService: [ce6a28c] doOnDreamingStopped
11-03 11:59:28.648146  1686  1686 D WristGestureCtrl: Starting: GesturesEnabled-false UngazeEnabled-true
11-03 11:59:28.648227  1686  1686 D DefaultUngazeDetector: starting
11-03 11:59:28.648332  1686  1686 D DefaultUngazeDetector: startUngazeStateEstimation(). startTime = 68648078
11-03 11:59:28.651700   512  1749 I sensors-hal: batch:140, android.sensor.accelerometer/48, period=19231000, max_latency=100000000
11-03 11:59:28.654795  1686  1686 W AlarmManagerProxy: Removing unknown listener
11-03 11:59:28.655290   512 13985 I sensors-hal: handle_indication_realtime:355,  SCHED_FIFO(10) for qmi_cbk
11-03 11:59:28.656819   512  1749 I sensors-hal: batch:149, android.sensor.accelerometer/48, period=19231000, max_latency=100000000 request completed
11-03 11:59:28.661700   512  1749 I sensors-hal: flush:169, android.sensor.accelerometer/48
11-03 11:59:28.664368   512  1749 I sensors-hal: flush:175, android.sensor.accelerometer/48 completed
11-03 11:59:28.674497  2520  2520 D HOME    : [HomeVisitsLogger]Logging streamlet event: visit_start
11-03 11:59:28.674702  2520  2520 D HOME    : [HomeVisitsLogger]Logging streamlet event: exit_ambient_mode
11-03 11:59:28.675027  2520  2520 D HOME    : [HotwordController]updateClient MODE_WATCH_FACE false false false true
11-03 11:59:28.675852  2520  2520 D HOME    : [WatchFaceUiController]setInAmbientMode false
11-03 11:59:28.675923  2520  2520 D HOME    : [WatchFaceUiController]sendWatchFaceServiceBinder
11-03 11:59:28.679894  2520  2520 D HOME    : [WatchFaceUiController]sendStateToWallpaper
11-03 11:59:28.680619  1686  1686 I AmbientService: [ce6a28c] No auto-resume Activity.
11-03 11:59:28.681233  2520  2520 D HOME    : [WatchFaceUiController]Showing watch face wallpaper.
11-03 11:59:28.681373  2520  2520 D HOME    : [WatchFaceUiController]sendStateToWallpaper
11-03 11:59:28.685139  2520  2520 D HOME    : [StreamDBQueue]Promised revision #5119 to queue a new op
11-03 11:59:28.685398  2520  2520 D WatchStreamManager: Promised rank-blocked=true @ r#5119
11-03 11:59:28.685946  2520  2520 D HOME    : [StreamDBQueue]Promised revision #5120 to queue a new op
--------- switch to system
11-03 11:59:28.686894  1686  1686 W ContextImpl: Calling a method in the system process without a qualified user: android.app.ContextImpl.sendBroadcast:1020 android.content.ContextWrapper.sendBroadcast:449 com.google.android.wearable.ambient.AmbientDream.onDestroy:273 android.app.ActivityThread.handleStopService:3698 android.app.ActivityThread.access$1700:200 
--------- switch to main
11-03 11:59:28.688236  2520  2520 D WatchStreamManager: Promised rank-blocked=true @ r#5120
11-03 11:59:28.688817  2520  2520 D HOME    : [TilesController]Tile refresh optimization is enabled.
11-03 11:59:28.689155  2520  2520 D HOME    : [EventBus]Wrapper pool is full. Discarding excess wrapper instance for event com.google.android.clockwork.sysui.events.KeyguardStateEvent
11-03 11:59:28.689225  2520  2520 D HOME    : [WatchFaceUiController]sendStateToWallpaper
11-03 11:59:28.690709  1686  1686 E AlarmManager: cancel() called with a null PendingIntent
11-03 11:59:28.690729  2520  2520 D HOME    : [EventBus]Wrapper pool is full. Discarding excess wrapper instance for event com.google.android.clockwork.sysui.events.KeyguardStateEvent
--------- switch to system
11-03 11:59:28.690992  1686  1686 V DreamService[AmbientDream]: onDestroy()
--------- switch to main
11-03 11:59:28.690934  2520  2520 D HOME    : [EventBus]Wrapper pool is full. Discarding excess wrapper instance for event com.google.android.clockwork.sysui.events.KeyguardStateEvent
11-03 11:59:28.691882  2520 13839 D HOME    : [WatchStreamDB]Item alerting conditions - isInterruptive: true, recentlyInterrupted: false, isItemPinned: false, isUnread: true
11-03 11:59:28.694984  2520  2520 D HOME    : [WatchFaceUiController]sendStateToWallpaper
11-03 11:59:28.698304  2520  2520 W StaticLayout: maxLineHeight should not be -1.  maxLines:1 lineCount:1
11-03 11:59:28.718152  2520 13839 D HOME    : [StreamAlertingRegulator]isTheaterModeEnabled: false, isAlertingAllowedByOffBody: true, matchesLocalInterruptionFilter: true
11-03 11:59:28.718513  2520 13839 D HOME    : [WatchStreamDB]couldItemAlert: false, isTopItemChanged: false, isDeferralForTopItem: false
11-03 11:59:28.732626  2520  2520 D HOME    : [StreamBackendInit]NotificationService onNotificationPosted StatusBarNotification(pkg=android user=UserHandle{-1} id=51 tag=null key=-1|android|51|null|1000: Notification(channel=ALERTS pri=0 contentView=null vibrate=null sound=null defaults=0x0 flags=0x0 color=0xfff4511e actions=1 vis=PUBLIC))
11-03 11:59:28.734153  2520  2716 D CollectorHandler: handleMessage, event: ON_NOTIFICATION_POSTED_WITH_RANKING
--------- switch to system
11-03 11:59:28.748129   618   618 I wificond: Pno scan stopped
--------- switch to kernel
11-03 11:59:28.674042     0     0 I init    : processing action (ro.enable_core_ctl=true && sys.cw_corectl_mode=perf) from (/vendor/etc/init/hw/init.qcom.rc:954)
11-03 11:59:28.675244     0     0 I CPU2    : update cpu_capacity 1024
11-03 11:59:28.676312     0     0 W         : IRQ21 no longer affine to CPU2
11-03 11:59:28.676972     0     0 I CPU2    : shutdown
11-03 11:59:28.695299     0     0 I CPU3    : update cpu_capacity 1024
11-03 11:59:28.696120     0     0 W         : IRQ21 no longer affine to CPU3
11-03 11:59:28.696808     0     0 I CPU3    : shutdown
--------- switch to main
11-03 11:59:28.784928  2520  2716 D HOME    : [StreamDBQueue]Promised revision #5121 to queue a new op
11-03 11:59:28.785279  2520  2716 D HOME    : [WatchStreamManager]Promised set @ r#5121 for (android,tag=null,id=51,notifKey=-1|android|51|null|1000)
11-03 11:59:28.799782  2520 13839 D HOME    : [WatchStreamDB]Item alerting conditions - isInterruptive: true, recentlyInterrupted: false, isItemPinned: false, isUnread: true
11-03 11:59:28.800139  2520 13839 D HOME    : [StreamAlertingRegulator]isTheaterModeEnabled: false, isAlertingAllowedByOffBody: true, matchesLocalInterruptionFilter: true
11-03 11:59:28.800344  2520 13839 D HOME    : [WatchStreamDB]couldItemAlert: false, isTopItemChanged: false, isDeferralForTopItem: false
11-03 11:59:28.802712  1686  1686 I WearPower: [WearTouchMediator] changing touch input to enabled (ON_AUTO)
11-03 11:59:28.803915  1686  1759 I InputReader: Reconfiguring input devices.  changes=0x00000200
11-03 11:59:28.815637  1956  1956 D QtiCarrierConfigHelper: WARNING, no carrier configs on phone Id: 0
11-03 11:59:28.829571  2520  2520 D HOME    : [WatchFaceUiController]sendStateToWallpaper
11-03 11:59:28.856523  2520  2520 D HOME    : [BatteryChange]action: android.intent.action.BATTERY_CHANGED
11-03 11:59:28.857160  2520  2520 D HOME    : [WatchFaceUiController]sendWatchFaceServiceBinder
11-03 11:59:28.858603  2520 12958 D HOME    : [BatteryChange]HandleBatteryChangedTask
11-03 11:59:28.861007  2520 12958 D HOME    : [BatteryChange]level: 6, status: 3
11-03 11:59:28.862723  2520  2520 D HOME    : [WatchFaceUiController]sendProperties
11-03 11:59:28.864133  2520  2520 D HOME    : [WatchFaceUiController]sendStateToWallpaper
11-03 11:59:28.865233  2520 13836 D HOME    : [ComplicationController]scheduleImmediateUpdateForAllFromProvider ComponentInfo{com.google.android.wearable.app/com.google.android.clockwork.home.complications.providers.BatteryProviderService}
11-03 11:59:28.867540  1686  1686 W AlarmManager: Unrecognized alarm listener com.android.server.job.controllers.-$$Lambda$IdleController$IdlenessTracker$nTdS-lGBXcES5VWKcJFmQFgU7IU@1ab437a
11-03 11:59:28.870360  1686  1686 W AlarmManagerProxy: Removing unknown listener
11-03 11:59:28.877402  1686  1686 W DefaultSettingsContentR: Value for ambient_low_bit_enabled not stored as number. Attempting parse as boolean.
11-03 11:59:28.885384  2520 12958 D HOME    : [BatteryChange]updateStreamItem
11-03 11:59:28.888705  3205  3434 W WorkController: Loading failed for worker [trainingcache]: worker not found
11-03 11:59:28.889697  3205  3294 W A       : TrainingCache cache SCREEN_ON failure
11-03 11:59:28.889697  3205  3294 W A       : com.google.android.apps.gsa.search.core.service.h.a.a: No worker found for Worker ID [trainingcache].
11-03 11:59:28.889697  3205  3294 W A       : 	at com.google.android.apps.gsa.search.core.service.g.a.c.a(Unknown Source:5)
11-03 11:59:28.889697  3205  3294 W A       : 	at com.google.android.libraries.gsa.c.a.d.a(Unknown Source:3)
11-03 11:59:28.889697  3205  3294 W A       : 	at com.google.common.p.a.cg.c(Unknown Source:2)
11-03 11:59:28.889697  3205  3294 W A       : 	at com.google.common.p.a.bk.run(SourceFile:3)
11-03 11:59:28.889697  3205  3294 W A       : 	at com.google.common.p.a.ci.run(Unknown Source:4)
11-03 11:59:28.889697  3205  3294 W A       : 	at com.google.apps.tiktok.concurrent.ab.run(SourceFile:1)
11-03 11:59:28.889697  3205  3294 W A       : 	at java.util.concurrent.ThreadPoolExecutor.runWorker(ThreadPoolExecutor.java:1167)
11-03 11:59:28.889697  3205  3294 W A       : 	at java.util.concurrent.ThreadPoolExecutor$Worker.run(ThreadPoolExecutor.java:641)
11-03 11:59:28.889697  3205  3294 W A       : 	at com.google.apps.tiktok.concurrent.c.run(Unknown Source:4)
11-03 11:59:28.889697  3205  3294 W A       : 	at java.lang.Thread.run(Thread.java:764)
11-03 11:59:28.932186  2520 12958 D HOME    : [BatteryChange]level: 6, timestamp: 1635937168931
11-03 11:59:28.932277  2520  2520 D HOME    : [StreamDBQueue]Promised revision #5122 to queue a new op
11-03 11:59:28.932388  2520  2520 D WatchStreamManager: Promised rank-blocked=true @ r#5122
11-03 11:59:28.932432  2520 12958 D HOME    : [BatteryChange]batteryHistory size: 20'
11-03 11:59:28.932606  2520 12958 D HOME    : [BatteryChange]timeDelta: 15219944
11-03 11:59:28.932748  2520 12958 D HOME    : [BatteryChange]levelDelta: 21
11-03 11:59:28.938005  2520 13839 D HOME    : [WatchStreamDB]Item alerting conditions - isInterruptive: true, recentlyInterrupted: true, isItemPinned: true, isUnread: true
11-03 11:59:28.938940  2520 13839 D HOME    : [StreamAlertingRegulator]isTheaterModeEnabled: false, isAlertingAllowedByOffBody: true, matchesLocalInterruptionFilter: true
11-03 11:59:28.939147  2520 13839 D DynamicBucketRankerImpl: StreamItemIdAndRevision{notifKey=-1|android|51|null|1000, packageName=android, id=51, revision=5121, originalRevision=4218, updateCount=8} in bucket #9 (ChronologicalBucket)
11-03 11:59:28.946610  2520 13839 D HOME    : [WatchStreamDB]TopLevelStreamItem{item=StreamItem(StreamItemIdAndRevision{notifKey=-1|android|51|null|1000, packageName=android, id=51, revision=5121, originalRevision=4218, updateCount=8},AutoValue_StreamItemData{hidden=NOT_HIDDEN, title=24 chars, remoteNodeId=null, originalPackageName=android, localPackageName=android, tag=null, appName=Système Android, postTime=1635937168550, lastDiffedTime=1635937168550, lastPostedInterruptiveTime=1635937168550, user=UserHandle{-1}, onlyAlertOnce=false, vibrationPattern=null, isInterruptive=false, isGroupSummary=false, dismissalId=null, bridgeTag=null, isAncs=false}), parentAtChildPostTime=null} ranked at index 0
11-03 11:59:28.947790  2520 13839 D HOME    : [WatchStreamDB]Item alerting conditions - isInterruptive: true, recentlyInterrupted: true, isItemPinned: true, isUnread: true
11-03 11:59:28.948158  2520 13839 D HOME    : [StreamAlertingRegulator]isTheaterModeEnabled: false, isAlertingAllowedByOffBody: true, matchesLocalInterruptionFilter: true
11-03 11:59:28.948671  2520 13839 D HOME    : [WatchStreamDB]couldItemAlert: true, isTopItemChanged: true, isDeferralForTopItem: false
11-03 11:59:28.949353  2520 13839 D HOME    : [WatchStreamDB]Record alert: StreamAlertData[itemId:StreamItemIdAndRevision{notifKey=-1|android|51|null|1000, packageName=android, id=51, revision=5121, originalRevision=4218, updateCount=8}, alertingId:StreamItemIdAndRevision{notifKey=-1|android|51|null|1000, packageName=android, id=51, revision=5121, originalRevision=4218, updateCount=8}, vibration:null, alertOnlyOnce:false
11-03 11:59:28.949779  2520 13839 D HOME    : [StreamVibrator]maybeVibrate. isAllowed: true
11-03 11:59:28.949937  2520 13839 D HOME    : [StreamVibrator]hasVibrationPattern: false
11-03 11:59:28.950073  2520 13839 D HOME    : [StreamVibrator]vibratePattern: null
11-03 11:59:28.950212  2520 13839 D HOME    : [StreamVibrator]isPluggedIn: false
11-03 11:59:28.950347  2520 13839 D HOME    : [StreamVibrator]sendAccessibilityEvent packageName: android
11-03 11:59:28.950396  2520 13839 D HOME    : [StreamVibrator]AccessibilityManager is not enabled
11-03 11:59:28.953963  2520 13839 D HOME    : [StreamDBQueue]Promised revision #5123 to queue a new op
11-03 11:59:28.954127  2520 13839 D WatchStreamManager: Promised unpin-items @ r#5123
11-03 11:59:28.954394  2520 13839 D HOME    : [StreamAdapter]onStreamChange StreamChangeEvent[modified=1, removed=0, modifiedTop=1, removedTop=0, reorder=true, possibleAlertingItem=exists]
11-03 11:59:28.954680  2520 13839 D HOME    : [StreamAdapter]onStreamChange StreamChangeEvent[modified=1, removed=0, modifiedTop=1, removedTop=0, reorder=true, possibleAlertingItem=exists]
11-03 11:59:28.954947  2520  2520 D HOME    : [TopNotificationReceiver]Sending request to TopNotificationProviderService for complication update
11-03 11:59:28.958187  2520 13839 D HOME    : [NewStreamAdapter]Publishing revision #5121 to adapter clients
11-03 11:59:28.958821  2520 13839 D HOME    : [WatchStreamDB]Item alerting conditions - isInterruptive: true, recentlyInterrupted: true, isItemPinned: true, isUnread: true
11-03 11:59:28.959070  2520 13839 D HOME    : [StreamAlertingRegulator]isTheaterModeEnabled: false, isAlertingAllowedByOffBody: true, matchesLocalInterruptionFilter: true
11-03 11:59:28.959258  2520 13839 D HOME    : [WatchStreamDB]couldItemAlert: true, isTopItemChanged: false, isDeferralForTopItem: false
11-03 11:59:28.959637  2520 13839 D HOME    : [WatchStreamDB]updateRanking ignored
11-03 11:59:28.960019  2520 13839 D HOME    : [WatchStreamDB]Item alerting conditions - isInterruptive: true, recentlyInterrupted: true, isItemPinned: false, isUnread: true
11-03 11:59:28.960282  2520 13839 D HOME    : [StreamAlertingRegulator]isTheaterModeEnabled: false, isAlertingAllowedByOffBody: true, matchesLocalInterruptionFilter: true
11-03 11:59:28.960466  2520 13839 D HOME    : [WatchStreamDB]couldItemAlert: false, isTopItemChanged: false, isDeferralForTopItem: false
11-03 11:59:28.964769  2520 13836 D HOME    : [ComplicationController]scheduleImmediateUpdateForAllFromProvider ComponentInfo{com.google.android.wearable.app/com.google.android.clockwork.wcs.notification.complication.TopNotificationProviderService}
11-03 11:59:28.971226  2520  2520 D HOME    : [TopNotificationReceiver]Sending request to TopNotificationProviderService for complication update
11-03 11:59:28.974062  2520  2520 D HOME    : [StreamAdapter]setStreamItems, size 2
11-03 11:59:28.974682  2520  2520 D HOME    : [StreamAdapter]notifyItemChanged 0
11-03 11:59:28.975791  2520  2520 D HOME    : [StreamPreviewLogic]should preview (medium info): metadata[mayHideyPeek=true mWasPushedDown=false mPreviewed=false, mAlerting=true, mShouldAlwaysHideyPeek=false] isAlerting=true wasPushedDown=false hasPreviewed=false, shouldPreview=true
11-03 11:59:28.976097  2520  2520 D HOME    : [StreamPreviewer]preview StreamItemId{notifKey=-1|android|51|null|1000, packageName=android, id=51} ambient=false screenOff=false onWatchface=true streamUsage=WATCHFACE_STREAM ambientPreviewEnabled=true
11-03 11:59:28.976166  2520  2520 D HOME    : [StreamPreviewer]ambient preview or active preview from watchface
11-03 11:59:28.978960  2520  2520 D HOME    : [HomeVisitsLogger]Logging streamlet event: 
11-03 11:59:28.979417  2520  2520 D HOME    : [HotwordController]updateClient MODE_STREAM false false false true
11-03 11:59:28.982246  2520  2520 D HOME    : [StreamModule]Updating gaze alerter state: inWetMode=false focused=true uiMode=MODE_STREAM
11-03 11:59:28.986010  2520  2520 D HOME    : [CompactStreamCard]setStreamItem: StreamItem(StreamItemIdAndRevision{notifKey=-1|android|51|null|1000, packageName=android, id=51, revision=5121, originalRevision=4218, updateCount=8},AutoValue_StreamItemData{hidden=NOT_HIDDEN, title=24 chars, remoteNodeId=null, originalPackageName=android, localPackageName=android, tag=null, appName=Système Android, postTime=1635937168550, lastDiffedTime=1635937168550, lastPostedInterruptiveTime=1635937168550, user=UserHandle{-1}, onlyAlertOnce=false, vibrationPattern=null, isInterruptive=false, isGroupSummary=false, dismissalId=null, bridgeTag=null, isAncs=false})
11-03 11:59:29.004148  2520  2520 D HOME    : [StreamAdapter]setStreamItems, size 2
11-03 11:59:29.004745  2520  2520 D HOME    : [StreamAdapter]notifyItemChanged 0
11-03 11:59:29.006119  2520  2520 D HOME    : [StreamPreviewLogic]should preview (medium info): metadata[mayHideyPeek=true mWasPushedDown=false mPreviewed=false, mAlerting=true, mShouldAlwaysHideyPeek=false] isAlerting=true wasPushedDown=false hasPreviewed=false, shouldPreview=true
11-03 11:59:29.006479  2520  2520 D HOME    : [StreamPreviewer]preview StreamItemId{notifKey=-1|android|51|null|1000, packageName=android, id=51} ambient=false screenOff=false onWatchface=true streamUsage=HUN_STREAM ambientPreviewEnabled=true
11-03 11:59:29.006602  2520  2520 D HOME    : [StreamPreviewer]HUN preview
11-03 11:59:29.020811   512   512 I sensors-hal: activate:107, android.sensor.light/46 en=0
11-03 11:59:29.021670   512   512 I sensors-hal: activate:118, android.sensor.light/46 en=0 completed
11-03 11:59:29.023543   512   512 I sensors-hal: batch:140, android.sensor.light/46, period=250000000, max_latency=0
11-03 11:59:29.023598   512   512 I sensors-hal: batch:149, android.sensor.light/46, period=250000000, max_latency=0 request completed
11-03 11:59:29.024335   512   512 I sensors-hal: activate:107, android.sensor.light/46 en=1
11-03 11:59:29.024619   512   512 I sensors-hal: ssc_enable_rt_task:254, ssc_enable_rt_task : true
11-03 11:59:29.026649   512   512 I sensors-hal: activate:118, android.sensor.light/46 en=1 completed
11-03 11:59:29.043270  2520 13835 D HOME    : [ComplicationController]scheduleImmediateUpdateForAllFromProvider ComponentInfo{com.google.android.wearable.app/com.google.android.clockwork.wcs.notification.complication.TopNotificationProviderService}
--------- switch to system
11-03 11:59:29.043945  1686  1686 V SettingsProvider: Notifying for 0: content://settings/system/screen_brightness
--------- switch to main
11-03 11:59:29.046780  1686  1686 I SidekickService: loadBrightnessLocked()
11-03 11:59:29.047424  1686  1686 D SidekickService: screenBrightness  = 56
11-03 11:59:29.047917  1686  1686 D SidekickService: sendConfigValuesLocked(): alsThresholds = [40, 92, 95, 100, 125, 150, 175, 200, 225, 250, 300, 400, 500, 800, 1200], brightnessValuesBright = [50, 56, 60, 70, 80, 90, 100, 115, 120, 140, 160, 180, 200, 220, 240, 255], brightnessValuesDim= [50, 56, 60, 70, 80, 90, 100, 115, 120, 140, 160, 180, 200, 220, 240, 255]
11-03 11:59:29.061008  2520 13836 W Resources: Drawable android:drawable/ic_menu_refresh has unresolved theme attributes! Consider using Resources.getDrawable(int, Theme) or Context.getDrawable(int).
11-03 11:59:29.061008  2520 13836 W Resources: java.lang.RuntimeException
11-03 11:59:29.061008  2520 13836 W Resources: 	at android.content.res.Resources.getDrawable(Resources.java:804)
11-03 11:59:29.061008  2520 13836 W Resources: 	at fyq.call(Unknown Source:2)
11-03 11:59:29.061008  2520 13836 W Resources: 	at bwk.call(Unknown Source:2)
11-03 11:59:29.061008  2520 13836 W Resources: 	at java.util.concurrent.FutureTask.run(FutureTask.java:266)
11-03 11:59:29.061008  2520 13836 W Resources: 	at bvw.run(AW782433232:6)
11-03 11:59:29.061008  2520 13836 W Resources: 	at bvy.run(AW782433232:5)
11-03 11:59:29.061008  2520 13836 W Resources: 	at java.util.concurrent.ThreadPoolExecutor.runWorker(ThreadPoolExecutor.java:1167)
11-03 11:59:29.061008  2520 13836 W Resources: 	at java.util.concurrent.ThreadPoolExecutor$Worker.run(ThreadPoolExecutor.java:641)
11-03 11:59:29.061008  2520 13836 W Resources: 	at bvl.run(AW782433232:4)
11-03 11:59:29.061008  2520 13836 W Resources: 	at java.lang.Thread.run(Thread.java:764)
11-03 11:59:29.063052  1686  1686 D SidekickService: setAlsMode(): mode = 2, brightenAlpha = 80, dimmingAlpha = 80
11-03 11:59:29.069853  1686  1686 D SidekickService: setTwmConfig():: msTiltToBright = 10000, tiltToBright = false
11-03 11:59:29.102817   512 13993 I sensors-hal: handle_indication_realtime:355,  SCHED_FIFO(10) for qmi_cbk
11-03 11:59:29.184653  2520  2520 D HOME    : [HomeVisitsLogger]Logging streamlet event: scroll_into_stream
11-03 11:59:30.291603  1686  1686 D HandsFreeClientShard: Connecting HandsFree client profile (retry).
11-03 11:59:30.301850  1686  1686 D BluetoothHeadsetClient: disconnect(14:3C:C3:AD:3D:53)
11-03 11:59:30.304530  1686  1686 D BluetoothHeadsetClient: connect(14:3C:C3:AD:3D:53)
11-03 11:59:30.306449 10095 10167 D HeadsetClientStateMachine: Disconnected process message: 1
11-03 11:59:30.306729 10095 10133 I bt_btif_queue: queue_int_add: adding connection request: address=14:3c:c3:ad:3d:53 UUID=111E busy=false
11-03 11:59:30.306803 10095 10133 I bt_btif_queue: btif_queue_connect_next: executing connection request: address=14:3c:c3:ad:3d:53 UUID=111E busy=false
11-03 11:59:30.306834 10095 10133 E bt_btif : is_connected: not connected!
11-03 11:59:30.306875 10095 10133 W bt_btif : bta_hf_client_find_cb_by_bda: bdaddr mismatch for handle 0 alloc 0
11-03 11:59:30.306899 10095 10133 W bt_btif : bta_hf_client_find_cb_by_bda: bdaddr mismatch for handle 1 alloc 0
11-03 11:59:30.306920 10095 10133 W bt_btif : bta_hf_client_find_cb_by_bda: bdaddr mismatch for handle 2 alloc 0
11-03 11:59:30.306940 10095 10133 W bt_btif : bta_hf_client_find_cb_by_bda: bdaddr mismatch for handle 3 alloc 0
11-03 11:59:30.306960 10095 10133 W bt_btif : bta_hf_client_find_cb_by_bda: bdaddr mismatch for handle 4 alloc 0
11-03 11:59:30.306980 10095 10133 W bt_btif : bta_hf_client_find_cb_by_bda: bdaddr mismatch for handle 5 alloc 0
11-03 11:59:30.306999 10095 10133 W bt_btif : bta_hf_client_find_cb_by_bda: bdaddr mismatch for handle 6 alloc 0
11-03 11:59:30.307019 10095 10133 W bt_btif : bta_hf_client_find_cb_by_bda: bdaddr mismatch for handle 7 alloc 0
11-03 11:59:30.307040 10095 10133 W bt_btif : bta_hf_client_find_cb_by_bda: bdaddr mismatch for handle 8 alloc 0
11-03 11:59:30.307060 10095 10133 W bt_btif : bta_hf_client_find_cb_by_bda: bdaddr mismatch for handle 9 alloc 0
11-03 11:59:30.307078 10095 10133 E bt_btif : bta_hf_client_find_cb_by_bda: block not found
11-03 11:59:30.312529 10095 10095 D AdapterProperties: PROFILE_CONNECTION_STATE_CHANGE: profile=16, device=14:3C:C3:AD:3D:53, 0 -> 1
