11-03 08:27:05.137374  2520 10295 D HOME    : [DataRequester]requestUpdateFromProvider TileConfig{id=-1, provider=ComponentInfo{com.google.android.wearable.app/com.google.android.clockwork.home.jovi.tile.JoviTileProviderService}}
11-03 08:27:05.191408  2520 10295 D HOME    : [DataRequester]cancelScheduledUpdates TileConfig{id=2, provider=ComponentInfo{com.google.android.wearable.app/com.google.android.clockwork.home.calendar.AgendaTileProviderService}}
11-03 08:27:05.193680  1956  1956 D QtiCarrierConfigHelper: WARNING, no carrier configs on phone Id: 0
11-03 08:27:05.206343  3205  3434 W WorkController: Loading failed for worker [trainingcache]: worker not found
--------- switch to system
11-03 08:27:05.212391  1686  1702 W BroadcastQueue: Background execution not allowed: receiving Intent { act=android.intent.action.USER_PRESENT flg=0x10 } to com.google.android.gms/.auth.setup.devicesignals.LockScreenReceiver
--------- switch to main
11-03 08:27:05.228807   512 10726 I sensors-hal: handle_indication_realtime:355,  SCHED_FIFO(10) for qmi_cbk
--------- switch to system
11-03 08:27:05.236523  1686  1702 W BroadcastQueue: Background execution not allowed: receiving Intent { act=android.intent.action.USER_PRESENT flg=0x10 } to com.google.android.gms/.chimera.GmsIntentOperationService$PersistentTrustedReceiver
--------- switch to main
11-03 08:27:05.237968  3205  3372 W A       : TrainingCache cache DEVICE_UNLOCKED failure
11-03 08:27:05.237968  3205  3372 W A       : com.google.android.apps.gsa.search.core.service.h.a.a: No worker found for Worker ID [trainingcache].
11-03 08:27:05.237968  3205  3372 W A       : 	at com.google.android.apps.gsa.search.core.service.g.a.c.a(Unknown Source:5)
11-03 08:27:05.237968  3205  3372 W A       : 	at com.google.android.libraries.gsa.c.a.d.a(Unknown Source:3)
11-03 08:27:05.237968  3205  3372 W A       : 	at com.google.common.p.a.cg.c(Unknown Source:2)
11-03 08:27:05.237968  3205  3372 W A       : 	at com.google.common.p.a.bk.run(SourceFile:3)
11-03 08:27:05.237968  3205  3372 W A       : 	at com.google.common.p.a.ci.run(Unknown Source:4)
11-03 08:27:05.237968  3205  3372 W A       : 	at com.google.apps.tiktok.concurrent.ab.run(SourceFile:1)
11-03 08:27:05.237968  3205  3372 W A       : 	at java.util.concurrent.ThreadPoolExecutor.runWorker(ThreadPoolExecutor.java:1167)
11-03 08:27:05.237968  3205  3372 W A       : 	at java.util.concurrent.ThreadPoolExecutor$Worker.run(ThreadPoolExecutor.java:641)
11-03 08:27:05.237968  3205  3372 W A       : 	at com.google.apps.tiktok.concurrent.c.run(Unknown Source:4)
11-03 08:27:05.237968  3205  3372 W A       : 	at java.lang.Thread.run(Thread.java:764)
11-03 08:27:05.260463  2520  2520 D HOME    : [WatchFaceUiController]sendStateToWallpaper
11-03 08:27:05.260791  2520 10295 D HOME    : [DataRequester]requestUpdateFromProvider TileConfig{id=2, provider=ComponentInfo{com.google.android.wearable.app/com.google.android.clockwork.home.calendar.AgendaTileProviderService}}
11-03 08:27:05.286012  1686  1799 E WifiStateMachine: getWifiLinkLayerStats called without an interface
11-03 08:27:05.286834  2520  2520 D HOME    : [BatteryChange]action: android.intent.action.BATTERY_CHANGED
11-03 08:27:05.287821  2520  2520 D HOME    : [JoviUpdater]background update started
11-03 08:27:05.288102  2520 10540 D HOME    : [BatteryChange]HandleBatteryChangedTask
11-03 08:27:05.288413  2520 10540 D HOME    : [BatteryChange]level: 24, status: 3
11-03 08:27:05.287428  1686  1686 W AlarmManager: Unrecognized alarm listener com.android.server.job.controllers.-$$Lambda$IdleController$IdlenessTracker$nTdS-lGBXcES5VWKcJFmQFgU7IU@1ab437a
11-03 08:27:05.289225  2520 10540 D HOME    : [BatteryChange]level: 24, timestamp: 1635924425288
11-03 08:27:05.290698  2520 10692 D HOME    : [CwCal]CalendarEventsResolver:queryCalendarEventInstances:window=EventWindow{Wed Nov 03 00:00:00 GMT+01:00 2021,Thu Nov 04 23:59:59 GMT+01:00 2021}
11-03 08:27:05.311968  2520  2520 D HOME    : [LocationOracleImpl]Fetching last known location.
11-03 08:27:05.312374  2520  2520 D HOME    : [AccountOracleImpl]Fetching account of type: com.google
--------- switch to kernel
11-03 08:27:05.327169     0     0 I init    : processing action (ro.enable_core_ctl=true && sys.cw_corectl_mode=perf) from (/vendor/etc/init/hw/init.qcom.rc:954)
11-03 08:27:05.328396     0     0 I CPU2    : update cpu_capacity 1024
--------- switch to main
11-03 08:27:05.279668  2520 10693 D HOME    : [ComplicationController]scheduleImmediateUpdateForAllFromProvider ComponentInfo{com.google.android.wearable.app/com.google.android.clockwork.home.complications.providers.BatteryProviderService}
11-03 08:27:05.326171  2520  2520 W GmsAccountProvider: No accounts found.
11-03 08:27:05.326271  2520  2520 E HOME    : [OAuthOracleImpl]Account not found.
11-03 08:27:05.327895  2520  4738 E HOME    : [GetCardsRpc]One or more asynchronous tasks failed.
11-03 08:27:05.327895  2520  4738 E HOME    : android.accounts.AccountsException: Account not found.
11-03 08:27:05.327895  2520  4738 E HOME    : 	at djj.a(AW782433232:2)
11-03 08:27:05.327895  2520  4738 E HOME    : 	at dxa.d(AW782433232:6)
11-03 08:27:05.327895  2520  4738 E HOME    : 	at dwx.a(Unknown Source:3)
11-03 08:27:05.327895  2520  4738 E HOME    : 	at ltg.c(Unknown Source:2)
11-03 08:27:05.327895  2520  4738 E HOME    : 	at lsr.run(AW782433232:3)
11-03 08:27:05.327895  2520  4738 E HOME    : 	at lti.run(Unknown Source:4)
11-03 08:27:05.327895  2520  4738 E HOME    : 	at android.os.Handler.handleCallback(Handler.java:873)
11-03 08:27:05.327895  2520  4738 E HOME    : 	at android.os.Handler.dispatchMessage(Handler.java:99)
11-03 08:27:05.327895  2520  4738 E HOME    : 	at android.os.Looper.loop(Looper.java:193)
11-03 08:27:05.327895  2520  4738 E HOME    : 	at android.app.ActivityThread.main(ActivityThread.java:6680)
11-03 08:27:05.327895  2520  4738 E HOME    : 	at java.lang.reflect.Method.invoke(Native Method)
11-03 08:27:05.327895  2520  4738 E HOME    : 	at com.android.internal.os.RuntimeInit$MethodAndArgsCaller.run(RuntimeInit.java:493)
11-03 08:27:05.327895  2520  4738 E HOME    : 	at com.android.internal.os.ZygoteInit.main(ZygoteInit.java:858)
11-03 08:27:05.344367  2520  4738 W HOME    : [UpdateController]Data update failed
11-03 08:27:05.344367  2520  4738 W HOME    : djr: Some cache updates failed
11-03 08:27:05.344367  2520  4738 W HOME    : 	at dkh.b(Unknown Source:27)
11-03 08:27:05.344367  2520  4738 W HOME    : 	at mhz.bd(AW782433232:2)
11-03 08:27:05.344367  2520  4738 W HOME    : 	at lqz.f(Unknown Source:2)
11-03 08:27:05.344367  2520  4738 W HOME    : 	at lrb.run(AW782433232:9)
11-03 08:27:05.344367  2520  4738 W HOME    : 	at java.util.concurrent.ThreadPoolExecutor.runWorker(ThreadPoolExecutor.java:1167)
11-03 08:27:05.344367  2520  4738 W HOME    : 	at java.util.concurrent.ThreadPoolExecutor$Worker.run(ThreadPoolExecutor.java:641)
11-03 08:27:05.344367  2520  4738 W HOME    : 	at java.lang.Thread.run(Thread.java:764)
11-03 08:27:05.345061  2520  2520 D HOME    : [AccountOracleImpl]Fetching account of type: com.google
11-03 08:27:05.408566  2520  2520 W GmsAccountProvider: No accounts found.
--------- switch to kernel
11-03 08:27:05.348511     0     0 I CPU3    : update cpu_capacity 1024
--------- switch to main
11-03 08:27:05.413804  1686  1686 I WearPower: [WearTouchMediator] changing touch input to enabled (ON_AUTO)
--------- switch to kernel
11-03 08:27:05.361866     0     0 I CPU2    : update max cpu_capacity 1024
--------- switch to main
11-03 08:27:05.414676  1686  1759 I InputReader: Reconfiguring input devices.  changes=0x00000200
11-03 08:27:05.422251  2520  2520 D HOME    : [SurfaceRenderer]maybeRender: hasWindowFocus = false, hasViewFocus = false, hasModelToRender = true, shouldRender = false
11-03 08:27:05.422608  2520  2520 D HOME    : [JoviUpdater]background update succeeded
11-03 08:27:05.434449  1686  1686 W AlarmManagerProxy: Removing unknown listener
11-03 08:27:05.436127  1686  1686 W DefaultSettingsContentR: Value for ambient_low_bit_enabled not stored as number. Attempting parse as boolean.
11-03 08:27:05.440504  2520 10295 D HOME    : [DataRequester]cancelScheduledUpdates TileConfig{id=-1, provider=ComponentInfo{com.google.android.wearable.app/com.google.android.clockwork.home.jovi.tile.JoviTileProviderService}}
11-03 08:27:05.440894  2520 10295 D HOME    : [DataRequester]cancelScheduledUpdates could not find jobId for provider -1
11-03 08:27:05.441361  2520 10295 D HOME    : [DataRequester]updateFinished -1
11-03 08:27:05.441505  2520 10295 D HOME    : [ProviderConnMgr]Unbinding from service
11-03 08:27:05.443454  2520  2520 D HOME    : [AgendaController]loadEvents
11-03 08:27:05.447401  2520 10295 D HOME    : [DataRequester]Scheduling job for TileConfig{id=-1, provider=ComponentInfo{com.google.android.wearable.app/com.google.android.clockwork.home.jovi.tile.JoviTileProviderService}} delay=14400 jobId=2000125
11-03 08:27:05.450890  2520  6286 D HOME    : [AgendaController]Fetching event data for window: EventWindow{Wed Nov 03 00:00:00 GMT+01:00 2021,Fri Nov 05 23:59:59 GMT+01:00 2021}
11-03 08:27:05.451762  2520  6286 D HOME    : [CwCal]CalendarEventsResolver:queryCalendarEventInstances:window=EventWindow{Wed Nov 03 00:00:00 GMT+01:00 2021,Fri Nov 05 23:59:59 GMT+01:00 2021}
11-03 08:27:05.460578  3205  3434 W WorkController: Loading failed for worker [trainingcache]: worker not found
11-03 08:27:05.462296  3205  3294 W A       : TrainingCache cache SCREEN_ON failure
11-03 08:27:05.462296  3205  3294 W A       : com.google.android.apps.gsa.search.core.service.h.a.a: No worker found for Worker ID [trainingcache].
11-03 08:27:05.462296  3205  3294 W A       : 	at com.google.android.apps.gsa.search.core.service.g.a.c.a(Unknown Source:5)
11-03 08:27:05.462296  3205  3294 W A       : 	at com.google.android.libraries.gsa.c.a.d.a(Unknown Source:3)
11-03 08:27:05.462296  3205  3294 W A       : 	at com.google.common.p.a.cg.c(Unknown Source:2)
11-03 08:27:05.462296  3205  3294 W A       : 	at com.google.common.p.a.bk.run(SourceFile:3)
11-03 08:27:05.462296  3205  3294 W A       : 	at com.google.common.p.a.ci.run(Unknown Source:4)
11-03 08:27:05.462296  3205  3294 W A       : 	at com.google.apps.tiktok.concurrent.ab.run(SourceFile:1)
11-03 08:27:05.462296  3205  3294 W A       : 	at java.util.concurrent.ThreadPoolExecutor.runWorker(ThreadPoolExecutor.java:1167)
11-03 08:27:05.462296  3205  3294 W A       : 	at java.util.concurrent.ThreadPoolExecutor$Worker.run(ThreadPoolExecutor.java:641)
11-03 08:27:05.462296  3205  3294 W A       : 	at com.google.apps.tiktok.concurrent.c.run(Unknown Source:4)
11-03 08:27:05.462296  3205  3294 W A       : 	at java.lang.Thread.run(Thread.java:764)
11-03 08:27:05.495016  2520  4738 D HOME    : [AccountOracleImpl]Fetching account of type: com.google
--------- switch to kernel
11-03 08:27:05.393344     0     0 I CPU3    : update max cpu_capacity 1024
--------- switch to main
11-03 08:27:05.505677  2520  2520 D HOME    : [StreamDBQueue]Promised revision #3164 to queue a new op
11-03 08:27:05.506002  2520  2520 D WatchStreamManager: Promised rank-blocked=true @ r#3164
11-03 08:27:05.506864  2520 10693 D HOME    : [WatchStreamDB]Item alerting conditions - isInterruptive: false, recentlyInterrupted: false, isItemPinned: false, isUnread: false
11-03 08:27:05.507432  2520 10693 D HOME    : [StreamAlertingRegulator]isTheaterModeEnabled: false, isAlertingAllowedByOffBody: true, matchesLocalInterruptionFilter: true
11-03 08:27:05.508289  2520  2714 D HOME    : [TickMonitor]Received time tick
11-03 08:27:05.508569  2520  2714 D HOME    : [TickMonitor]handleTimeTick() finished
11-03 08:27:05.520984  2520 10693 D HOME    : [WatchStreamDB]couldItemAlert: false, isTopItemChanged: false, isDeferralForTopItem: false
11-03 08:27:05.522654  2520  4738 W GmsAccountProvider: No accounts found.
11-03 08:27:05.522831  2520  4738 D HOME    : [LocPermissionChecker]No account present for location permissions.
11-03 08:27:05.537071  2520  2520 D HOME    : [AgendaController]Obtained events in UI thread: []
11-03 08:27:05.537919  2520  2520 D HOME    : [EventDiarizer]Constructing with window EventWindow{Wed Nov 03 00:00:00 GMT+01:00 2021,Fri Nov 05 23:59:59 GMT+01:00 2021}
11-03 08:27:05.541769  2520  2520 D HOME    : [AgendaMetricsLogger]eventDataNotPresent
11-03 08:27:05.544469  2520 10692 D HOME    : [DataRequester]cancelScheduledUpdates TileConfig{id=2, provider=ComponentInfo{com.google.android.wearable.app/com.google.android.clockwork.home.calendar.AgendaTileProviderService}}
11-03 08:27:05.544796  2520 10692 D HOME    : [DataRequester]cancelScheduledUpdates could not find jobId for provider 2
11-03 08:27:05.545169  2520 10692 D HOME    : [DataRequester]updateFinished 2
11-03 08:27:05.545311  2520 10692 D HOME    : [ProviderConnMgr]Unbinding from service
11-03 08:27:05.552769  2520 10692 D HOME    : [DataRequester]Scheduling job for TileConfig{id=2, provider=ComponentInfo{com.google.android.wearable.app/com.google.android.clockwork.home.calendar.AgendaTileProviderService}} delay=14400 jobId=2000126
11-03 08:27:05.587243   512  1749 I sensors-hal: activate:107, android.sensor.light/46 en=0
11-03 08:27:05.590137   512  1749 I sensors-hal: activate:118, android.sensor.light/46 en=0 completed
11-03 08:27:05.592409   512  1749 I sensors-hal: batch:140, android.sensor.light/46, period=250000000, max_latency=0
11-03 08:27:05.592467   512  1749 I sensors-hal: batch:149, android.sensor.light/46, period=250000000, max_latency=0 request completed
11-03 08:27:05.592807   512  1749 I sensors-hal: activate:107, android.sensor.light/46 en=1
11-03 08:27:05.592787  1686  5241 I GnssLocationProvider: WakeLock acquired by sendMessage(SET_REQUEST, 0, com.android.server.location.GnssLocationProvider$GpsRequest@77581e7)
11-03 08:27:05.593168   512  1749 I sensors-hal: ssc_enable_rt_task:254, ssc_enable_rt_task : true
11-03 08:27:05.597600   512  1749 I sensors-hal: activate:118, android.sensor.light/46 en=1 completed
11-03 08:27:05.600761   501   501 I LocSvc_GnssInterface: ===> setPositionMode line 269 
11-03 08:27:05.609996   501   501 I LocSvc_GnssInterface: ===> start line 208 
11-03 08:27:05.610163   501   501 I LocSvc_APIClientBase: locAPIStartTracking:342] start new session: 52
--------- switch to system
11-03 08:27:05.610501  1686  1686 V SettingsProvider: Notifying for 0: content://settings/system/screen_brightness
--------- switch to main
11-03 08:27:05.611066   501  1894 I LocSvc_api_v02: ---> locClientSendReq line 2298 QMI_LOC_REG_EVENTS_REQ_V02
11-03 08:27:05.612325  1686  1686 I SidekickService: loadBrightnessLocked()
11-03 08:27:05.613421   501  1894 I LocSvc_api_v02: ---> locClientSendReq line 2298 QMI_LOC_SET_OPERATION_MODE_REQ_V02
11-03 08:27:05.614082  1686  1686 D SidekickService: screenBrightness  = 57
11-03 08:27:05.614619  1686  1686 D SidekickService: sendConfigValuesLocked(): alsThresholds = [40, 92, 95, 100, 125, 150, 175, 200, 225, 250, 300, 400, 500, 800, 1200], brightnessValuesBright = [50, 56, 60, 70, 80, 90, 100, 115, 120, 140, 160, 180, 200, 220, 240, 255], brightnessValuesDim= [50, 56, 60, 70, 80, 90, 100, 115, 120, 140, 160, 180, 200, 220, 240, 255]
11-03 08:27:05.616220   501  1904 I LocSvc_ApiV02: <--- globalRespCb line 178 QMI_LOC_SET_OPERATION_MODE_REQ_V02
11-03 08:27:05.616480  1686  1701 I GnssLocationProvider: WakeLock released by handleMessage(SET_REQUEST, 0, com.android.server.location.GnssLocationProvider$GpsRequest@77581e7)
11-03 08:27:05.617404   501  1894 I LocSvc_api_v02: ---> locClientSendReq line 2298 QMI_LOC_START_REQ_V02
11-03 08:27:05.625266  1686  1686 D SidekickService: setAlsMode(): mode = 2, brightenAlpha = 80, dimmingAlpha = 80
11-03 08:27:05.634958  1686  1686 D SidekickService: setTwmConfig():: msTiltToBright = 10000, tiltToBright = false
11-03 08:27:05.678807   512 10739 I sensors-hal: handle_indication_realtime:355,  SCHED_FIFO(10) for qmi_cbk
11-03 08:27:05.689758  2520  2541 I id.wearable.ap: Background concurrent copying GC freed 61491(2MB) AllocSpace objects, 0(0B) LOS objects, 24% free, 7MB/10MB, paused 43.941ms total 346.139ms
11-03 08:27:05.984456  7745  7745 I Choreographer: Skipped 93 frames!  The application may be doing too much work on its main thread.
11-03 08:27:06.666815   501  1904 I LocSvc_ApiV02: <--- globalEventCb line 152 QMI_LOC_EVENT_POSITION_REPORT_IND_V02
11-03 08:27:07.504726   512   512 I sensors-hal: batch:140, android.sensor.accelerometer/48, period=66667000, max_latency=100000000
11-03 08:27:07.506226   512   512 I sensors-hal: batch:149, android.sensor.accelerometer/48, period=66667000, max_latency=100000000 request completed
11-03 08:27:07.507255  1686  1686 D DefaultUngazeDetector: Ungaze event occurred; emitting gesture event!
11-03 08:27:07.507463  1686  1686 D WristGestureCtrl: Gesture:GESTURE UNGAZE, timestamp(ms): 55904456, confidence: 0.0, latency(ms): 0, duration(ms): 2481
11-03 08:27:07.509580   512   512 I sensors-hal: batch:140, android.sensor.accelerometer/48, period=19231000, max_latency=100000000
--------- switch to system
11-03 08:27:07.512288  1686  1686 I WindowManager: sleepRelease() calling goToSleep(GO_TO_SLEEP_REASON_SLEEP_BUTTON)
11-03 08:27:07.512566  1686  1686 I PowerManagerService: Going to sleep due to sleep button (uid 1000)...
--------- switch to main
11-03 08:27:07.514258   512   512 I sensors-hal: batch:149, android.sensor.accelerometer/48, period=19231000, max_latency=100000000 request completed
--------- switch to system
11-03 08:27:07.514376  1686  1712 I DreamManagerService: Entering dreamland.
--------- switch to main
11-03 08:27:07.514852   512   512 I sensors-hal: flush:169, android.sensor.accelerometer/48
--------- switch to system
11-03 08:27:07.515338  1686  1712 I PowerManagerService: Dozing...
--------- switch to main
11-03 08:27:07.516693   512   512 I sensors-hal: flush:175, android.sensor.accelerometer/48 completed
--------- switch to system
11-03 08:27:07.516677  1686  1708 I DreamController: Starting dream: name=ComponentInfo{com.google.android.wearable.ambient/com.google.android.wearable.ambient.AmbientDream}, isTest=false, canDoze=true, userId=0
11-03 08:27:07.516791  1686  1686 W UsageStatsService: Event reported without a package name
11-03 08:27:07.544023  1686  1686 W ContextImpl: Calling a method in the system process without a qualified user: android.app.ContextImpl.bindService:1611 android.content.ContextWrapper.bindService:698 com.google.android.wearable.ambient.AmbientDream.onCreate:191 android.app.ActivityThread.handleCreateService:3533 android.app.ActivityThread.access$1300:200 
11-03 08:27:07.547139  1686  1686 W ContextImpl: Calling a method in the system process without a qualified user: android.app.ContextImpl.sendBroadcast:1005 android.content.ContextWrapper.sendBroadcast:444 com.google.android.wearable.ambient.AmbientDream.onCreate:241 android.app.ActivityThread.handleCreateService:3533 android.app.ActivityThread.access$1300:200 
11-03 08:27:07.547858  1686  1686 V DreamService[AmbientDream]: onBind() intent = Intent { act=android.service.dreams.DreamService flg=0x800000 cmp=com.google.android.wearable.ambient/.AmbientDream }
--------- switch to main
11-03 08:27:07.549500  1686  1686 I AmbientService: [ce6a28c] Ambient Created
--------- switch to system
11-03 08:27:07.550246  1686  1686 V DreamService[AmbientDream]: Calling onDreamingStarted()
--------- switch to main
11-03 08:27:07.550390  1686  1686 I AmbientService: [ce6a28c] doOnDreamingStarted
11-03 08:27:07.550930  1686  1686 D SidekickService: setShouldControlDisplay called: true
11-03 08:27:07.555788  1686  1686 I AmbientService: [ce6a28c] Selected running activity for ambient mode: AmbientActivity[component=ComponentInfo{com.google.android.wearable.app/com.google.android.clockwork.home2.activity.HomeActivity2}, callbacks=@210b385, running=true, ambientRequested=true, ambientEnabled=true, offloadEnabled=true]
11-03 08:27:07.557146  2520  2520 D HOME    : [HomeVisitsLogger]Logging streamlet event: enter_ambient_mode
11-03 08:27:07.557799  1686  1686 I AmbientService: [ce6a28c] Sidekick is ready to display, requesting doze.
11-03 08:27:07.557976  2520  2520 D HOME    : [HotwordController]updateClient MODE_WATCH_FACE false true false true
11-03 08:27:07.558636  1686  1686 I AmbientService: [ce6a28c] No auto-resume Activity.
11-03 08:27:07.559221  2520  2520 D HOME    : [WatchFaceUiController]setInAmbientMode true
11-03 08:27:07.560149  2520 10693 I SidekickManager: replaceWatchFaceComponentsImpl(): watchFace = com.google.android.clockwork.decomposablewatchface.WatchFaceDecomposition@e25984d
11-03 08:27:07.560928  2520 10692 D HOME    : [HomeVisitsLogger]Logging streamlet event: visit_end
11-03 08:27:07.561394  2520  2520 D HOME    : [StreamDBQueue]Promised revision #3165 to queue a new op
11-03 08:27:07.561644  2520  2520 D WatchStreamManager: Promised rank-blocked=false @ r#3165
11-03 08:27:07.562115  2520  2520 D HOME    : [StreamDBQueue]Promised revision #3166 to queue a new op
11-03 08:27:07.562353  2520  2520 D WatchStreamManager: Promised rank-blocked=false @ r#3166
11-03 08:27:07.563683  2520  2520 D HOME    : [EventBus]Wrapper pool is full. Discarding excess wrapper instance for event com.google.android.clockwork.sysui.events.KeyguardStateEvent
11-03 08:27:07.563828  2520  2520 D HOME    : [WatchFaceUiController]sendStateToWallpaper
11-03 08:27:07.563956  2520 10692 D HOME    : [WatchStreamDB]Item alerting conditions - isInterruptive: false, recentlyInterrupted: false, isItemPinned: false, isUnread: false
11-03 08:27:07.564349  2520 10692 D HOME    : [StreamAlertingRegulator]isTheaterModeEnabled: false, isAlertingAllowedByOffBody: true, matchesLocalInterruptionFilter: true
11-03 08:27:07.561924  1686  1686 W DefaultSettingsContentR: Value for ambient_low_bit_enabled not stored as number. Attempting parse as boolean.
11-03 08:27:07.564912  2520 10295 D HOME    : [StreamDBQueue]Promised revision #3167 to queue a new op
11-03 08:27:07.564971  1686  5849 D SidekickService: sendWatchFaceComponents called: watchFace = com.google.android.clockwork.decomposablewatchface.WatchFaceDecomposition@6b4ac30shouldReplace = false
11-03 08:27:07.565083  2520 10295 D WatchStreamManager: Promised rerank @ r#3167
11-03 08:27:07.565193  1686  5849 D SidekickService: Check decomposition for calling app com.google.android.wearable.app with uid 10049
11-03 08:27:07.565683  1686  5849 D SidekickService: sendWatchFaceLocked(): shouldReplace = false, mSidekickIsControlling = false, 1 images, 0 fonts, 0 numbers, 0 proportionalFonts, 0 strings
11-03 08:27:07.565774  1686  5849 D SidekickService: ISidekickGraphics#beginResources()...
11-03 08:27:07.566042  2520  2520 D HOME    : [EventBus]Wrapper pool is full. Discarding excess wrapper instance for event com.google.android.clockwork.sysui.events.KeyguardStateEvent
11-03 08:27:07.566354  2520  2520 D HOME    : [EventBus]Wrapper pool is full. Discarding excess wrapper instance for event com.google.android.clockwork.sysui.events.KeyguardStateEvent
11-03 08:27:07.566514  2520 10692 D HOME    : [WatchStreamDB]couldItemAlert: false, isTopItemChanged: false, isDeferralForTopItem: false
11-03 08:27:07.566999  1686  5849 D SidekickServiceUtils: bitmapFromDrawable: Returning bitmap directly
11-03 08:27:07.568634  1686  5849 D SidekickService: sendBitmapsLocked(): bounds = RectF(0.0, 0.0, 0.0024038462, 0.0024038462), drawableInfo = {.id = 100000, .width = 1, .height = 1, .display = true, .offsetX = 0.0, .offsetY = 0.0, .rotationInfo = {.hasRotation = false, .pivotX = 0.0, .pivotY = 0.0, .degreesPerDay = 0.0, .degreesPerStep = 0.0, .zeroDegreesTime = {.daysSinceLocalEpoch = 0, .msSinceMidnight = 0}}, .transformInfo = {.transformed = false, .flipX = false, .flipY = false, .flip45 = false, .scaleX = 0.0, .scaleY = 0.0}, .type = GENERIC, .blink = {.blinking = false, .periodOnMs = 0.0, .periodOffMs = 0.0, .startTime = {.daysSinceLocalEpoch = 0, .msSinceMidnight = 0}}, .zOrder = 8, .displayInTwm = true}, image.size() = 84
11-03 08:27:07.568762  2520 10692 D HOME    : [WatchStreamDB]Item alerting conditions - isInterruptive: false, recentlyInterrupted: false, isItemPinned: false, isUnread: false
11-03 08:27:07.569165  2520 10692 D HOME    : [StreamAlertingRegulator]isTheaterModeEnabled: false, isAlertingAllowedByOffBody: true, matchesLocalInterruptionFilter: true
11-03 08:27:07.569789   416  2389 D SKGHAL  : saveResource: resId = 100000
11-03 08:27:07.570265  2520 10692 D HOME    : [WatchStreamDB]couldItemAlert: false, isTopItemChanged: false, isDeferralForTopItem: false
11-03 08:27:07.570420  1686  5849 D SidekickService: sendBitmapsLocked(): status = 0, bytesUsed = 18
11-03 08:27:07.570694  1686  5849 D SidekickService: ISidekickGraphics#endResources()...
11-03 08:27:07.571032  2520 10692 D HOME    : [WatchStreamDB]updateRanking()
11-03 08:27:07.572181  2520 10692 D HOME    : [WatchStreamDB]Item alerting conditions - isInterruptive: false, recentlyInterrupted: false, isItemPinned: false, isUnread: false
11-03 08:27:07.572739  2520 10692 D HOME    : [StreamAlertingRegulator]isTheaterModeEnabled: false, isAlertingAllowedByOffBody: true, matchesLocalInterruptionFilter: true
11-03 08:27:07.573043  2520 10692 D HOME    : [WatchStreamDB]couldItemAlert: false, isTopItemChanged: false, isDeferralForTopItem: false
11-03 08:27:07.577365  2520 10692 D HOME    : [NewStreamAdapter]Publishing revision #3167 to adapter clients
11-03 08:27:07.579887  2520 10295 D HOME    : [StreamDBQueue]Promised revision #3168 to queue a new op
11-03 08:27:07.580322  2520 10295 D WatchStreamManager: Promised rerank @ r#3168
11-03 08:27:07.583741  2520 10449 D HOME    : [WatchStreamDB]updateRanking()
11-03 08:27:07.584325  2520 10449 D HOME    : [WatchStreamDB]Item alerting conditions - isInterruptive: false, recentlyInterrupted: false, isItemPinned: false, isUnread: false
11-03 08:27:07.584582  2520 10449 D HOME    : [StreamAlertingRegulator]isTheaterModeEnabled: false, isAlertingAllowedByOffBody: true, matchesLocalInterruptionFilter: true
11-03 08:27:07.584795  2520 10449 D HOME    : [WatchStreamDB]couldItemAlert: false, isTopItemChanged: false, isDeferralForTopItem: false
11-03 08:27:07.586292  2520 10449 D HOME    : [NewStreamAdapter]Publishing revision #3168 to adapter clients
11-03 08:27:07.667449   501  1904 I LocSvc_ApiV02: <--- globalEventCb line 152 QMI_LOC_EVENT_POSITION_REPORT_IND_V02
11-03 08:27:07.949719   416  2389 D SKGHAL  : sendResources: metadata size = 2400, font size = 72
11-03 08:27:08.028678   416  2389 D SKGHAL  : endResources: rc = 0
11-03 08:27:08.029840  1686  1686 W system_server: Long monitor contention with owner Binder:1686_18 (5849) at int com.google.android.clockwork.sidekick.SidekickService$BinderService.sendWatchFace(com.google.android.clockwork.decomposablewatchface.WatchFaceDecomposition, boolean)(SidekickService.java:1021) waiters=0 in boolean com.google.android.clockwork.sidekick.SidekickService$BinderService.readyToDisplay() for 459ms
11-03 08:27:08.030869  1686  1686 I AmbientService: [ce6a28c] Showing watch face in offload mode, canceling alarm.
11-03 08:27:08.030938  1686  1686 W AlarmManagerProxy: Removing unknown listener
11-03 08:27:08.031111  1686  1686 D WristGestureCtrl: Stopping detectors: GesturesEnabled-false gestureDetector-false ungazeEnabled-true ungaze-true
11-03 08:27:08.031158  1686  1686 D DefaultUngazeDetector: stopping
11-03 08:27:08.031370  1686  9965 W system_server: Long monitor contention with owner main (1686) at void com.google.android.wearable.ambient.AmbientService.doOnDreamingStarted()(AmbientService.java:659) waiters=0 in void com.google.android.wearable.ambient.AmbientService.maybeSendDozeCommand() for 463ms
--------- switch to system
11-03 08:27:08.031516  1686  1686 W Looper  : Slow dispatch took 482ms main h=android.os.Handler c=android.service.dreams.DreamService$1@48420a9 m=0
--------- switch to main
11-03 08:27:08.033109   512   512 I sensors-hal: batch:140, android.sensor.accelerometer/48, period=66667000, max_latency=100000000
--------- switch to system
11-03 08:27:08.034200  1686  1686 W Looper  : Slow delivery took 472ms main h=android.app.ActivityThread$H c=android.app.-$$Lambda$LoadedApk$ReceiverDispatcher$Args$_BumDX2UKsnxLVrE6UJsJZkotuA@9eb962e m=0
11-03 08:27:08.036491  1686  1686 W Looper  : Drained
--------- switch to main
11-03 08:27:08.036784   512   512 I sensors-hal: batch:149, android.sensor.accelerometer/48, period=66667000, max_latency=100000000 request completed
11-03 08:27:08.040656  2520  2520 W StaticLayout: maxLineHeight should not be -1.  maxLines:1 lineCount:1
11-03 08:27:08.061663  2520  2520 D HOME    : [SidekickManagerAsync]replaceWatchFaceComponents(): Callback#onResult(): 0
11-03 08:27:08.062052  2520  2520 D HOME    : [WatchFaceUiController]Complication updates sent, posting watch face hiding
11-03 08:27:08.062202  2520  2520 D HOME    : [WatchFaceUiController]Still in ambient watch face, hiding
11-03 08:27:08.062274   512   512 I sensors-hal: activate:107, android.sensor.light/46 en=0
11-03 08:27:08.062374  2520  2520 D HOME    : [WatchFaceUiController]Hiding watch face wallpaper.
--------- switch to kernel
11-03 08:27:07.964268     0     0 E FG      : fg_psy_get_property: unsupported property 7
11-03 08:27:07.965849     0     0 W healthd : battery l=24 v=3687 t=28.0 h=2 st=3 c=170 fc=443000 cc=0 chg=
--------- switch to main
11-03 08:27:08.064394  1956  1956 D QtiCarrierConfigHelper: WARNING, no carrier configs on phone Id: 0
11-03 08:27:08.064956   512   512 I sensors-hal: activate:118, android.sensor.light/46 en=0 completed
--------- switch to system
11-03 08:27:08.067210  1686  1710 I DisplayManagerService: Display device changed state: "Écran intégré", DOZE_SUSPEND
--------- switch to main
11-03 08:27:08.075159   545   545 D SurfaceFlinger: Set power mode=3, type=0 flinger=0xb6bb6000
11-03 08:27:08.075737   504   762 I SDM     : DisplayBase::SetDisplayState: Set state = 3, display 0
11-03 08:27:08.098771  1686  1759 I InputReader: Reconfiguring input devices.  changes=0x00000004
11-03 08:27:08.099229  2520  2520 D HOME    : [BatteryChange]action: android.intent.action.BATTERY_CHANGED
11-03 08:27:08.099654  2520 10693 D HOME    : [BatteryChange]HandleBatteryChangedTask
11-03 08:27:08.100031  2520 10693 D HOME    : [BatteryChange]level: 24, status: 3
11-03 08:27:08.123891   545   545 D SurfaceFlinger: Finished set power mode=3, type=0
11-03 08:27:08.124485  1686  1823 I SidekickService: beginDisplayLocked(): DOZE_SUSPEND
11-03 08:27:08.125087   416  2389 D SKGHAL  : sendAmbientPrepare: enter:
--------- switch to kernel
11-03 08:27:07.986402     0     0 I mdss_dsi_panel_set_idle_mode: Idle (0->1)
11-03 08:27:08.030757     0     0 I         : [touch]FB_BLANK_VSYNC_SUSPEND
11-03 08:27:08.030764     0     0 I         : [touch]irq disable
11-03 08:27:08.030769     0     0 I         : [touch]workqueue is empty!
11-03 08:27:08.030772     0     0 I         : [touch]raydium_ts_do_suspend.
11-03 08:27:08.030782     0     0 I         : [touch]Device may wakeup
11-03 08:27:08.034103     0     0 I         : [touch]irq enable
--------- switch to main
11-03 08:27:08.313018   416  2389 D SKGHAL  : sendAmbientEvent: enter: enable = 1
11-03 08:27:08.314233   504   523 I SDM     : DisplayBase::SetDisplayState: Set state = 4, display 0
11-03 08:27:08.314329   504   523 D SDM     : HWCDisplayPrimary::SetStandByMode: Null display is connected successfully
11-03 08:27:08.314495   416  2389 D SKGHAL  : standBy_update_control call succeed on 1
11-03 08:27:08.323133   416  2389 D SKGHAL  : sendAmbientEvent: done: enable = 1
11-03 08:27:08.323693  1686  1823 D SidekickService:    ... beginDisplay result: 0 for halPower: 1
11-03 08:27:08.326773   512   512 I sensors-hal: activate:107, android.sensor.accelerometer/48 en=0
11-03 08:27:08.329309   512   512 I sensors-hal: activate:118, android.sensor.accelerometer/48 en=0 completed
--------- switch to kernel
11-03 08:27:08.242772     0     0 E bgrsb   : bgrsb_enable: gpio 32 is valid
--------- switch to main
11-03 08:27:08.334958  1686  1799 E WifiStateMachine: getWifiLinkLayerStats called without an interface
11-03 08:27:08.354101  1686  1686 I WearPower: [WearTouchMediator] changing touch input to enabled (ON_AUTO)
11-03 08:27:08.355124  1686  1759 I InputReader: Reconfiguring input devices.  changes=0x00000200
--------- switch to kernel
11-03 08:27:08.268485     0     0 I init    : processing action (ro.enable_core_ctl=true && sys.cw_corectl_mode=idle) from (/vendor/etc/init/hw/init.qcom.rc:949)
--------- switch to main
11-03 08:27:08.364053  1686  1686 I AmbientService: [ce6a28c] Timeout alarm not required, auto-resume timeout handled by dream.
11-03 08:27:08.376100  3205  3434 W WorkController: Loading failed for worker [trainingcache]: worker not found
11-03 08:27:08.377393  3205  3372 W A       : TrainingCache cache SCREEN_OFF failure
11-03 08:27:08.377393  3205  3372 W A       : com.google.android.apps.gsa.search.core.service.h.a.a: No worker found for Worker ID [trainingcache].
11-03 08:27:08.377393  3205  3372 W A       : 	at com.google.android.apps.gsa.search.core.service.g.a.c.a(Unknown Source:5)
11-03 08:27:08.377393  3205  3372 W A       : 	at com.google.android.libraries.gsa.c.a.d.a(Unknown Source:3)
11-03 08:27:08.377393  3205  3372 W A       : 	at com.google.common.p.a.cg.c(Unknown Source:2)
11-03 08:27:08.377393  3205  3372 W A       : 	at com.google.common.p.a.bk.run(SourceFile:3)
11-03 08:27:08.377393  3205  3372 W A       : 	at com.google.common.p.a.ci.run(Unknown Source:4)
11-03 08:27:08.377393  3205  3372 W A       : 	at com.google.apps.tiktok.concurrent.ab.run(SourceFile:1)
11-03 08:27:08.377393  3205  3372 W A       : 	at java.util.concurrent.ThreadPoolExecutor.runWorker(ThreadPoolExecutor.java:1167)
11-03 08:27:08.377393  3205  3372 W A       : 	at java.util.concurrent.ThreadPoolExecutor$Worker.run(ThreadPoolExecutor.java:641)
11-03 08:27:08.377393  3205  3372 W A       : 	at com.google.apps.tiktok.concurrent.c.run(Unknown Source:4)
11-03 08:27:08.377393  3205  3372 W A       : 	at java.lang.Thread.run(Thread.java:764)
11-03 08:27:08.392559  2520  2520 D HOME    : [StreamDBQueue]Promised revision #3169 to queue a new op
11-03 08:27:08.392877  2520  2520 D WatchStreamManager: Promised rank-blocked=false @ r#3169
11-03 08:27:08.393172  2520  2520 D HOME    : [CompactHunStarter]detachWindow()
11-03 08:27:08.393755  2520 10295 D HOME    : [StreamDBQueue]Promised revision #3170 to queue a new op
11-03 08:27:08.393992  2520 10295 D WatchStreamManager: Promised rerank @ r#3170
11-03 08:27:08.394180  2520 10693 D HOME    : [WatchStreamDB]Item alerting conditions - isInterruptive: false, recentlyInterrupted: false, isItemPinned: false, isUnread: false
11-03 08:27:08.394515  2520 10693 D HOME    : [StreamAlertingRegulator]isTheaterModeEnabled: false, isAlertingAllowedByOffBody: true, matchesLocalInterruptionFilter: true
11-03 08:27:08.394797  2520 10693 D HOME    : [WatchStreamDB]couldItemAlert: false, isTopItemChanged: false, isDeferralForTopItem: false
11-03 08:27:08.395395  2520 10693 D HOME    : [WatchStreamDB]updateRanking()
11-03 08:27:08.395973  2520 10693 D HOME    : [WatchStreamDB]Item alerting conditions - isInterruptive: false, recentlyInterrupted: false, isItemPinned: false, isUnread: false
11-03 08:27:08.396257  2520 10693 D HOME    : [StreamAlertingRegulator]isTheaterModeEnabled: false, isAlertingAllowedByOffBody: true, matchesLocalInterruptionFilter: true
11-03 08:27:08.400215  2520 10693 D HOME    : [WatchStreamDB]couldItemAlert: false, isTopItemChanged: false, isDeferralForTopItem: false
11-03 08:27:08.400932  2520 10693 D HOME    : [NewStreamAdapter]Publishing revision #3170 to adapter clients
--------- switch to kernel
11-03 08:27:08.320176     0     0 I CPU1    : update max cpu_capacity 748
11-03 08:27:08.322187     0     0 I CPU3    : update max cpu_capacity 1024
11-03 08:27:08.438564     0     0 I PM      : suspend entry 2021-11-03 07:27:08.438564254 UTC
11-03 08:27:08.438573     0     0 I PM      : Syncing filesystems ...
11-03 08:27:08.441453     0     0 W         : IRQ21 no longer affine to CPU2
11-03 08:27:08.442125     0     0 I CPU2    : shutdown
11-03 08:27:08.444240     0     0 I init    : Command 'write /sys/devices/system/cpu/cpu2/online 0' action=ro.enable_core_ctl=true && sys.cw_corectl_mode=idle (/vendor/etc/init/hw/init.qcom.rc:951) took 86ms and succeeded
11-03 08:27:08.474694     0     0 I         : done.
11-03 08:27:08.512887     0     0 W         : IRQ21 no longer affine to CPU3
11-03 08:27:08.513637     0     0 I CPU3    : shutdown
11-03 08:27:08.515106     0     0 I         : Freezing user space processes ...
11-03 08:27:08.520078     0     0 I CPU0    : update max cpu_capacity 748
11-03 08:27:08.520167     0     0 I PM      : Wakeup pending, aborting suspend
11-03 08:27:08.520206     0     0 I         : active wakeup source: NETLINK
11-03 08:27:08.520248     0     0 E         : Freezing of tasks aborted after 0.005 seconds
11-03 08:27:08.520267     0     0 I         : Restarting tasks ...
11-03 08:27:08.520665     0     0 I init    : Command 'write /sys/devices/system/cpu/cpu3/online 0' action=ro.enable_core_ctl=true && sys.cw_corectl_mode=idle (/vendor/etc/init/hw/init.qcom.rc:952) took 76ms and succeeded
11-03 08:27:08.520760     0     0 W QSEECOM : qseecom_receive_req: Interrupted: exiting Listener Service = 11
11-03 08:27:08.520808     0     0 W QSEECOM : qseecom_receive_req: Interrupted: exiting Listener Service = 28672
11-03 08:27:08.520844     0     0 W QSEECOM : qseecom_receive_req: Interrupted: exiting Listener Service = 8192
11-03 08:27:08.524656     0     0 W QSEECOM : qseecom_receive_req: Interrupted: exiting Listener Service = 10
11-03 08:27:08.524705     0     0 W QSEECOM : qseecom_receive_req: Interrupted: exiting Listener Service = 12288
11-03 08:27:08.525272     0     0 I         : done.
11-03 08:27:08.526058     0     0 I PM      : suspend exit 2021-11-03 07:27:08.526058785 UTC
--------- switch to main
11-03 08:27:08.669168   501  1904 I LocSvc_ApiV02: <--- globalEventCb line 152 QMI_LOC_EVENT_POSITION_REPORT_IND_V02
--------- switch to kernel
11-03 08:27:08.728065     0     0 I PM      : suspend entry 2021-11-03 07:27:08.728065764 UTC
11-03 08:27:08.728077     0     0 I PM      : Syncing filesystems ... done.
11-03 08:27:08.747195     0     0 I         : Freezing user space processes ... (elapsed 0.007 seconds) done.
11-03 08:27:08.754479     0     0 I         : Freezing remaining freezable tasks ... (elapsed 0.003 seconds) done.
11-03 08:27:08.757695     0     0 I         : Suspending console(s) (use no_console_suspend to debug)
11-03 08:27:08.769145     0     0 I mdss_dsi_panel_set_idle_mode: Idle (1->1)
11-03 08:27:08.804126     0     0 I bgcom   : bgcom_pm_suspend: suspended with : 0
11-03 08:27:08.828405     0     0 I PM      : suspend of devices complete after 68.700 msecs
11-03 08:27:08.831869     0     0 I PM      : late suspend of devices complete after 3.442 msecs
11-03 08:27:08.835461     0     0 I PM      : noirq suspend of devices complete after 3.574 msecs
11-03 08:27:08.835469     0     0 I         : Disabling non-boot CPUs ...
11-03 08:27:08.850292     0     0 W         : IRQ16 no longer affine to CPU1
11-03 08:27:08.850301     0     0 W         : IRQ21 no longer affine to CPU1
11-03 08:27:08.850501     0     0 W         : IRQ93 no longer affine to CPU1
11-03 08:27:08.851278     0     0 I CPU1    : shutdown
11-03 08:27:08.852442     0     0 I suspend ns: 2924433689337	suspend cycles:    1073590788524
11-03 08:27:08.852430     0     0 I CPU0    : msm_cpu_pm_enter_sleep mode:3 during suspend
11-03 08:27:08.852430     0     0 I         : Suspended for 0.815 seconds
11-03 08:27:08.852430     0     0 I resume cycles: 1073606454185
11-03 08:27:08.852780     0     0 I         : Enabling non-boot CPUs ...
11-03 08:27:08.853164     0     0 I CPU1    : update cpu_capacity 1024
11-03 08:27:08.854435     0     0 I         : CPU1 is up
11-03 08:27:08.856451     0     0 I PM      : noirq resume of devices complete after 1.814 msecs
11-03 08:27:08.859599     0     0 I CPU1    : update max cpu_capacity 748
11-03 08:27:08.859866     0     0 I PM      : early resume of devices complete after 2.394 msecs
11-03 08:27:08.886760     0     0 I bgcom   : bgcom_pm_resume: Bgcom resumed with : 0
11-03 08:27:08.896926     0     0 I mdss_dsi_panel_set_idle_mode: Idle (1->1)
11-03 08:27:08.933078     0     0 I PM      : resume of devices complete after 73.190 msecs
11-03 08:27:08.935301     0     0 I         : Restarting tasks ...
11-03 08:27:08.937980     0     0 W QSEECOM : qseecom_receive_req: Interrupted: exiting Listener Service = 8192
11-03 08:27:08.938033     0     0 W QSEECOM : qseecom_receive_req: Interrupted: exiting Listener Service = 11
11-03 08:27:08.938074     0     0 W QSEECOM : qseecom_receive_req: Interrupted: exiting Listener Service = 28672
11-03 08:27:08.940757     0     0 W QSEECOM : qseecom_receive_req: Interrupted: exiting Listener Service = 12288
11-03 08:27:08.940801     0     0 W QSEECOM : qseecom_receive_req: Interrupted: exiting Listener Service = 10
11-03 08:27:08.941490     0     0 I         : done.
11-03 08:27:09.765044     0     0 I PM      : suspend exit 2021-11-03 07:27:09.765044513 UTC
11-03 08:27:09.867043     0     0 I PM      : suspend entry 2021-11-03 07:27:09.867043471 UTC
11-03 08:27:09.867053     0     0 I PM      : Syncing filesystems ... done.
11-03 08:27:09.959592     0     0 I         : Freezing user space processes ... (elapsed 0.005 seconds) done.
11-03 08:27:09.965445     0     0 I         : Freezing remaining freezable tasks ... (elapsed 0.003 seconds) done.
11-03 08:27:09.968671     0     0 I         : Suspending console(s) (use no_console_suspend to debug)
11-03 08:27:09.979754     0     0 I mdss_dsi_panel_set_idle_mode: Idle (1->1)
11-03 08:27:10.019575     0     0 I bgcom   : bgcom_pm_suspend: suspended with : 0
11-03 08:27:10.048218     0     0 I PM      : suspend of devices complete after 77.990 msecs
11-03 08:27:10.050967     0     0 I PM      : late suspend of devices complete after 2.733 msecs
11-03 08:27:10.054015     0     0 I PM      : noirq suspend of devices complete after 3.031 msecs
11-03 08:27:10.054021     0     0 I         : Disabling non-boot CPUs ...
11-03 08:27:10.066823     0     0 I CPU1    : shutdown
11-03 08:27:10.067689     0     0 I suspend ns: 2924833018296	suspend cycles:    1073614121301
11-03 08:27:10.067680     0     0 I CPU0    : msm_cpu_pm_enter_sleep mode:3 during suspend
11-03 08:27:10.067680     0     0 I         : Suspended for 0.601 seconds
11-03 08:27:10.067680     0     0 I resume cycles: 1073625668097
11-03 08:27:10.067973     0     0 I         : Enabling non-boot CPUs ...
11-03 08:27:10.068298     0     0 I CPU1    : update cpu_capacity 1024
11-03 08:27:10.069258     0     0 I         : CPU1 is up
11-03 08:27:10.070972     0     0 I PM      : noirq resume of devices complete after 1.549 msecs
11-03 08:27:10.073799     0     0 I PM      : early resume of devices complete after 1.855 msecs
11-03 08:27:10.075246     0     0 I CPU0    : update max cpu_capacity 748
11-03 08:27:10.096922     0     0 I bgcom   : bgcom_pm_resume: Bgcom resumed with : 0
11-03 08:27:10.106446     0     0 I mdss_dsi_panel_set_idle_mode: Idle (1->1)
11-03 08:27:10.138238     0     0 I PM      : resume of devices complete after 64.400 msecs
11-03 08:27:10.140124     0     0 I         : Restarting tasks ...
11-03 08:27:10.142619     0     0 W QSEECOM : qseecom_receive_req: Interrupted: exiting Listener Service = 8192
11-03 08:27:10.142665     0     0 W QSEECOM : qseecom_receive_req: Interrupted: exiting Listener Service = 11
11-03 08:27:10.142695     0     0 W QSEECOM : qseecom_receive_req: Interrupted: exiting Listener Service = 28672
11-03 08:27:10.144858     0     0 W QSEECOM : qseecom_receive_req: Interrupted: exiting Listener Service = 12288
11-03 08:27:10.144902     0     0 W QSEECOM : qseecom_receive_req: Interrupted: exiting Listener Service = 10
11-03 08:27:10.152530     0     0 I         : done.
11-03 08:27:10.754520     0     0 I PM      : suspend exit 2021-11-03 07:27:10.754520866 UTC
11-03 08:27:10.855257     0     0 I PM      : suspend entry 2021-11-03 07:27:10.855257949 UTC
11-03 08:27:10.855268     0     0 I PM      : Syncing filesystems ... done.
11-03 08:27:10.946849     0     0 I         : Freezing user space processes ... (elapsed 0.006 seconds) done.
11-03 08:27:10.952950     0     0 I         : Freezing remaining freezable tasks ... (elapsed 0.002 seconds) done.
11-03 08:27:10.955954     0     0 I         : Suspending console(s) (use no_console_suspend to debug)
11-03 08:27:10.966329     0     0 I mdss_dsi_panel_set_idle_mode: Idle (1->1)
11-03 08:27:11.000747     0     0 I bgcom   : bgcom_pm_suspend: suspended with : 0
11-03 08:27:11.029539     0     0 I PM      : suspend of devices complete after 71.840 msecs
11-03 08:27:11.032231     0     0 I PM      : late suspend of devices complete after 2.675 msecs
11-03 08:27:11.035267     0     0 I PM      : noirq suspend of devices complete after 3.020 msecs
11-03 08:27:11.035273     0     0 I         : Disabling non-boot CPUs ...
11-03 08:27:11.047302     0     0 W         : IRQ21 no longer affine to CPU1
11-03 08:27:11.048134     0     0 I CPU1    : shutdown
11-03 08:27:11.048951     0     0 I suspend ns: 2925212885901	suspend cycles:    1073632961555
11-03 08:27:11.048942     0     0 I CPU0    : msm_cpu_pm_enter_sleep mode:3 during suspend
11-03 08:27:11.048942     0     0 I         : Suspended for 0.620 seconds
11-03 08:27:11.048942     0     0 I resume cycles: 1073644872889
11-03 08:27:11.049228     0     0 I         : Enabling non-boot CPUs ...
11-03 08:27:11.049557     0     0 I CPU1    : update cpu_capacity 1024
11-03 08:27:11.050508     0     0 I         : CPU1 is up
11-03 08:27:11.052221     0     0 I PM      : noirq resume of devices complete after 1.540 msecs
11-03 08:27:11.055023     0     0 I PM      : early resume of devices complete after 1.836 msecs
11-03 08:27:11.056563     0     0 I CPU0    : update max cpu_capacity 748
11-03 08:27:11.077233     0     0 I bgcom   : bgcom_pm_resume: Bgcom resumed with : 0
11-03 08:27:11.086771     0     0 I mdss_dsi_panel_set_idle_mode: Idle (1->1)
11-03 08:27:11.119606     0     0 I PM      : resume of devices complete after 64.565 msecs
11-03 08:27:11.121457     0     0 I         : Restarting tasks ...
11-03 08:27:11.123643     0     0 W QSEECOM : qseecom_receive_req: Interrupted: exiting Listener Service = 8192
11-03 08:27:11.123699     0     0 W QSEECOM : qseecom_receive_req: Interrupted: exiting Listener Service = 28672
11-03 08:27:11.125971     0     0 W QSEECOM : qseecom_receive_req: Interrupted: exiting Listener Service = 12288
11-03 08:27:11.126018     0     0 W QSEECOM : qseecom_receive_req: Interrupted: exiting Listener Service = 11
11-03 08:27:11.126048     0     0 W QSEECOM : qseecom_receive_req: Interrupted: exiting Listener Service = 10
11-03 08:27:11.134245     0     0 I         : done.
11-03 08:27:11.755407     0     0 I PM      : suspend exit 2021-11-03 07:27:11.755407584 UTC
11-03 08:27:11.858182     0     0 I PM      : suspend entry 2021-11-03 07:27:11.858182376 UTC
11-03 08:27:11.858193     0     0 I PM      : Syncing filesystems ... done.
11-03 08:27:11.947671     0     0 I         : Freezing user space processes ... (elapsed 0.005 seconds) done.
11-03 08:27:11.953041     0     0 I         : Freezing remaining freezable tasks ... (elapsed 0.002 seconds) done.
11-03 08:27:11.955977     0     0 I         : Suspending console(s) (use no_console_suspend to debug)
11-03 08:27:11.966344     0     0 I mdss_dsi_panel_set_idle_mode: Idle (1->1)
11-03 08:27:12.001506     0     0 I bgcom   : bgcom_pm_suspend: suspended with : 0
11-03 08:27:12.031619     0     0 I PM      : suspend of devices complete after 73.864 msecs
11-03 08:27:12.034312     0     0 I PM      : late suspend of devices complete after 2.675 msecs
11-03 08:27:12.037454     0     0 I PM      : noirq suspend of devices complete after 3.127 msecs
11-03 08:27:12.037460     0     0 I         : Disabling non-boot CPUs ...
11-03 08:27:12.057597     0     0 W         : IRQ21 no longer affine to CPU1
11-03 08:27:12.058426     0     0 I CPU1    : shutdown
11-03 08:27:12.059263     0     0 I suspend ns: 2925602812829	suspend cycles:    1073652359486
11-03 08:27:12.059252     0     0 I CPU0    : msm_cpu_pm_enter_sleep mode:3 during suspend
11-03 08:27:12.059252     0     0 I         : Suspended for 0.609 seconds
11-03 08:27:12.059252     0     0 I resume cycles: 1073664060474
11-03 08:27:12.059551     0     0 I         : Enabling non-boot CPUs ...
11-03 08:27:12.059876     0     0 I CPU1    : update cpu_capacity 1024
11-03 08:27:12.060830     0     0 I         : CPU1 is up
11-03 08:27:12.062567     0     0 I PM      : noirq resume of devices complete after 1.553 msecs
11-03 08:27:12.065445     0     0 I PM      : early resume of devices complete after 1.849 msecs
11-03 08:27:12.066922     0     0 I CPU0    : update max cpu_capacity 748
11-03 08:27:12.088141     0     0 E mdss_dsi_gen_read_status: Read back value from panel is incorrect
11-03 08:27:12.089746     0     0 I bgcom   : bgcom_pm_resume: Bgcom resumed with : 0
11-03 08:27:12.097772     0     0 I mdss_dsi_panel_set_idle_mode: Idle (1->1)
11-03 08:27:12.130489     0     0 I PM      : resume of devices complete after 65.025 msecs
11-03 08:27:12.132451     0     0 I         : Restarting tasks ...
11-03 08:27:12.134745     0     0 W QSEECOM : qseecom_receive_req: Interrupted: exiting Listener Service = 8192
11-03 08:27:12.134790     0     0 W QSEECOM : qseecom_receive_req: Interrupted: exiting Listener Service = 12288
11-03 08:27:12.134825     0     0 W QSEECOM : qseecom_receive_req: Interrupted: exiting Listener Service = 10
