11-03 20:37:58.504908  2365  4447 I HOME    : [HomeSafeServiceStarter]startWakefulService: Trying to start wakeful service - ComponentInfo{com.google.android.wearable.app/com.google.android.clockwork.home.packagemanager.PackageChangesNotificationService}
11-03 20:37:58.582075  1990  4475 W PackageHelper: Could not get resources package for package "com.android.vending". Falling back to app package name.
--------- switch to system
11-03 20:37:58.628877  1679  1728 I ActivityManager: Killing 3442:com.montblanc.smartwatch.configurator.energy/u0a46 (adj 906): empty #17
--------- switch to main
11-03 20:37:58.638319  1679  1697 W libprocessgroup: kill(-3442, 9) failed: No such process
11-03 20:37:58.678847  1679  1697 W libprocessgroup: kill(-3442, 9) failed: No such process
11-03 20:37:58.711180   444   444 I Zygote  : Process 3442 exited due to signal (9)
11-03 20:37:58.718250  1679  1697 W libprocessgroup: kill(-3442, 9) failed: No such process
11-03 20:37:58.718422  1679  1697 I libprocessgroup: Successfully killed process cgroup uid 10046 pid 3442 in 80ms
11-03 20:37:58.729586  2365  2365 W id.wearable.ap: Long monitor contention with owner BG (4256) at android.content.res.Resources android.app.ResourcesManager.getOrCreateResources(android.os.IBinder, android.content.res.ResourcesKey, java.lang.ClassLoader)(ResourcesManager.java:753) waiters=0 in android.app.LoadedApk android.app.ActivityThread.getPackageInfo(android.content.pm.ApplicationInfo, android.content.res.CompatibilityInfo, java.lang.ClassLoader, boolean, boolean, boolean) for 1.178s
--------- switch to system
11-03 20:37:58.752677  1679  1704 I PowerManagerService: Going to sleep due to screen timeout (uid 1000)...
11-03 20:37:58.753445  1679  1679 W UsageStatsService: Event reported without a package name
11-03 20:37:58.754268  1679  1704 I DreamManagerService: Entering dreamland.
11-03 20:37:58.755032  1679  1704 I PowerManagerService: Dozing...
--------- switch to main
11-03 20:37:58.772582  2365  3968 W id.wearable.ap: Long monitor contention with owner BG (4256) at android.content.res.Resources android.app.ResourcesManager.getOrCreateResources(android.os.IBinder, android.content.res.ResourcesKey, java.lang.ClassLoader)(ResourcesManager.java:753) waiters=1 in android.content.res.Resources android.app.ResourcesManager.getOrCreateResources(android.os.IBinder, android.content.res.ResourcesKey, java.lang.ClassLoader) for 861ms
11-03 20:37:58.773181  2264  2281 I gle.android.gm: Background concurrent copying GC freed 23580(1375KB) AllocSpace objects, 2(104KB) LOS objects, 24% free, 4MB/6MB, paused 63.085ms total 778.328ms
11-03 20:37:58.781468  2365  2386 I id.wearable.ap: Background concurrent copying GC freed 10300(616KB) AllocSpace objects, 0(0B) LOS objects, 24% free, 6MB/8MB, paused 182us total 1.762s
--------- switch to system
11-03 20:37:58.800833  1679  1700 I DreamController: Starting dream: name=ComponentInfo{com.google.android.wearable.ambient/com.google.android.wearable.ambient.AmbientDream}, isTest=false, canDoze=true, userId=0
11-03 20:37:58.837021  1679  1679 W ContextImpl: Calling a method in the system process without a qualified user: android.app.ContextImpl.bindService:1611 android.content.ContextWrapper.bindService:698 com.google.android.wearable.ambient.AmbientDream.onCreate:191 android.app.ActivityThread.handleCreateService:3533 android.app.ActivityThread.access$1300:200 
11-03 20:37:58.854128  1679  1679 W ContextImpl: Calling a method in the system process without a qualified user: android.app.ContextImpl.sendBroadcast:1005 android.content.ContextWrapper.sendBroadcast:444 com.google.android.wearable.ambient.AmbientDream.onCreate:241 android.app.ActivityThread.handleCreateService:3533 android.app.ActivityThread.access$1300:200 
11-03 20:37:58.855101  1679  1679 V DreamService[AmbientDream]: onBind() intent = Intent { act=android.service.dreams.DreamService flg=0x800000 cmp=com.google.android.wearable.ambient/.AmbientDream }
--------- switch to main
11-03 20:37:58.858096  1679  1679 I AmbientService: [2f230a7] Ambient Created: launching default, have auto-resume: true
--------- switch to system
11-03 20:37:58.868903  1679  1679 W ContextImpl: Calling a method in the system process without a qualified user: android.app.ContextImpl.startActivity:887 android.content.ContextWrapper.startActivity:379 com.google.android.wearable.ambient.AmbientService.maybeLaunchDefaultActivity:538 com.google.android.wearable.ambient.AmbientService.doOnCreate:633 com.google.android.wearable.ambient.AmbientService.access$3000:75 
11-03 20:37:58.869439  1679  1679 W ContextImpl: Calling a method in the system process without a qualified user: android.app.ContextImpl.startActivity:899 android.app.ContextImpl.startActivity:888 android.content.ContextWrapper.startActivity:379 com.google.android.wearable.ambient.AmbientService.maybeLaunchDefaultActivity:538 com.google.android.wearable.ambient.AmbientService.doOnCreate:633 
--------- switch to main
11-03 20:37:58.871634  2365  4352 D HOME    : [ComplicationController]scheduleImmediateUpdateForAllFromProvider ComponentInfo{com.google.android.wearable.app/com.google.android.clockwork.home.complications.providers.LauncherProviderService}
--------- switch to system
11-03 20:37:58.872130  1679  1679 I ActivityManager: START u0 {act=android.intent.action.MAIN cat=[android.intent.category.HOME] flg=0x34010000 cmp=com.google.android.wearable.app/com.google.android.clockwork.home2.activity.HomeActivity2} from uid 1000
--------- switch to main
11-03 20:37:58.875036  4450  4450 I Finsky  : [2] dyw.aE(6): Process created at version: 27.5.15-25 [5] [PR] 401864712
11-03 20:37:58.892315  2365  4352 D HOME    : [ComplicationController]scheduleImmediateUpdateForAllFromProvider ComponentInfo{com.google.android.wearable.app/com.google.android.clockwork.home.complications.providers.MostRecentAppProviderService}
11-03 20:37:58.967940  2365  4285 W id.wearable.ap: Long monitor contention with owner BG (4256) at android.content.res.Resources android.app.ResourcesManager.getOrCreateResources(android.os.IBinder, android.content.res.ResourcesKey, java.lang.ClassLoader)(ResourcesManager.java:753) waiters=2 in android.content.res.Resources android.app.ResourcesManager.getOrCreateResources(android.os.IBinder, android.content.res.ResourcesKey, java.lang.ClassLoader) for 566ms
11-03 20:37:59.002757  2365  4284 W id.wearable.ap: Long monitor contention with owner BG (4256) at android.content.res.Resources android.app.ResourcesManager.getOrCreateResources(android.os.IBinder, android.content.res.ResourcesKey, java.lang.ClassLoader)(ResourcesManager.java:753) waiters=3 in android.content.res.Resources android.app.ResourcesManager.getOrCreateResources(android.os.IBinder, android.content.res.ResourcesKey, java.lang.ClassLoader) for 499ms
11-03 20:37:59.029564  2365  3891 W id.wearable.ap: Long monitor contention with owner BG (4256) at android.content.res.Resources android.app.ResourcesManager.getOrCreateResources(android.os.IBinder, android.content.res.ResourcesKey, java.lang.ClassLoader)(ResourcesManager.java:753) waiters=4 in android.content.res.Resources android.app.ResourcesManager.getOrCreateResources(android.os.IBinder, android.content.res.ResourcesKey, java.lang.ClassLoader) for 447ms
11-03 20:37:59.072744  1679  4399 W system_server: Long monitor contention with owner main (1679) at int com.android.server.am.ActivityStarter.startActivityMayWait(android.app.IApplicationThread, int, java.lang.String, int, int, android.content.Intent, java.lang.String, android.service.voice.IVoiceInteractionSession, com.android.internal.app.IVoiceInteractor, android.os.IBinder, java.lang.String, int, int, android.app.ProfilerInfo, android.app.WaitResult, android.content.res.Configuration, com.android.server.am.SafeActivityOptions, boolean, int, com.android.server.am.TaskRecord, java.lang.String, boolean, com.android.server.am.PendingIntentRecord)(ActivityStarter.java:1088) waiters=0 in boolean com.android.server.am.ActivityManagerService.refContentProvider(android.os.IBinder, int, int) for 191ms
--------- switch to system
11-03 20:37:59.085341  1679  1679 W Looper  : Slow dispatch took 229ms main h=android.app.ActivityThread$H c=android.app.LoadedApk$ServiceDispatcher$RunConnection@32b7eff m=0
11-03 20:37:59.115929  1679  1679 W Looper  : Slow delivery took 258ms main h=android.app.ActivityThread$H c=android.app.LoadedApk$ServiceDispatcher$RunConnection@e1e91b8 m=0
11-03 20:37:59.119782  1679  1679 W Looper  : Drained
11-03 20:37:59.120749  1679  1679 V DreamService[AmbientDream]: Calling onDreamingStarted()
--------- switch to main
11-03 20:37:59.120860  1679  1679 I AmbientService: [2f230a7] doOnDreamingStarted
11-03 20:37:59.121020  1679  1679 D WristGestureCtrl: Stopping detectors: GesturesEnabled-false gestureDetector-false ungazeEnabled-true ungaze-true
11-03 20:37:59.121059  1679  1679 D DefaultUngazeDetector: stopping
11-03 20:37:59.121792   511  1735 I sensors-hal: batch:140, android.sensor.accelerometer/48, period=66667000, max_latency=100000000
11-03 20:37:59.129591   511  1735 I sensors-hal: batch:149, android.sensor.accelerometer/48, period=66667000, max_latency=100000000 request completed
11-03 20:37:59.250417  1990  4442 I qrg     : Scheduling Phenotype for a PhenotypeSyncImmediately(6, com.google.android.libraries.mdi.sync#com.android.vending) one off with window [1, 2] in seconds [CONTEXT service_id=51 ]
11-03 20:37:59.267896  2365  3968 W id.wearable.ap: Long monitor contention with owner BG (4256) at android.content.res.Resources android.app.ResourcesManager.getOrCreateResources(android.os.IBinder, android.content.res.ResourcesKey, java.lang.ClassLoader)(ResourcesManager.java:753) waiters=3 in android.content.res.Resources android.app.ResourcesManager.getOrCreateResources(android.os.IBinder, android.content.res.ResourcesKey, java.lang.ClassLoader) for 495ms
11-03 20:37:59.268778  2365  2365 W id.wearable.ap: Long monitor contention with owner BG (4256) at android.content.res.Resources android.app.ResourcesManager.getOrCreateResources(android.os.IBinder, android.content.res.ResourcesKey, java.lang.ClassLoader)(ResourcesManager.java:753) waiters=4 in void android.app.ActivityThread.handleDispatchPackageBroadcast(int, java.lang.String[]) for 482ms
11-03 20:37:59.288056  2365  2365 D HOME    : [PackageUpdateBroadcastReceiver]action: android.intent.action.PACKAGE_REPLACED packageName: com.android.vending
11-03 20:37:59.288675  2365  2365 D HOME    : [PackageUpdateBroadcastReceiver]action: android.intent.action.PACKAGE_REPLACED packageName: com.android.vending
11-03 20:37:59.291208  2365  4285 W id.wearable.ap: Long monitor contention with owner BG (4256) at android.content.res.Resources android.app.ResourcesManager.getOrCreateResources(android.os.IBinder, android.content.res.ResourcesKey, java.lang.ClassLoader)(ResourcesManager.java:753) waiters=4 in android.content.res.Resources android.app.ResourcesManager.getOrCreateResources(android.os.IBinder, android.content.res.ResourcesKey, java.lang.ClassLoader) for 320ms
11-03 20:37:59.330453  1990  2842 W TapAndPay: setPayOnWearEnabledRealtime: 413952 [CONTEXT service_id=79 ]
11-03 20:37:59.346261  2365  4476 D HOME    : [PackageChangesNotifSvc]Install notification for com.android.vending not shown.
11-03 20:37:59.346417  2365  4476 D HOME    : [PackageChangesNotifSvc]This is not an LE device, so not installing GMS-dependent apps.
11-03 20:37:59.376274  2365  2365 D HOME    : [PaymentStateMgr]There's no account yet. Treating as new user
11-03 20:37:59.376678  2365  2365 D HOME    : [PaymentStateMgr]There's no account yet. Treating as new user
11-03 20:37:59.377460  2365  2365 D HOME    : [PayUtil]Successfully set data item: /wear_pay/wear_pay_status
11-03 20:37:59.377957  2365  2365 D HOME    : [PayUtil]Successfully set data item: /wear_pay/wear_pay_status
11-03 20:37:59.378720  2365  4284 W id.wearable.ap: Long monitor contention with owner BG (4256) at android.content.res.Resources android.app.ResourcesManager.getOrCreateResources(android.os.IBinder, android.content.res.ResourcesKey, java.lang.ClassLoader)(ResourcesManager.java:753) waiters=4 in android.content.res.Resources android.app.ResourcesManager.getOrCreateResources(android.os.IBinder, android.content.res.ResourcesKey, java.lang.ClassLoader) for 375ms
11-03 20:37:59.380197  2365  2365 D HOME    : [HotwordController]updateClient MODE_WATCH_FACE false false false true
11-03 20:37:59.382113  2365  4284 D HOME    : [LauncherInfoManager]Fetching info for com.google.android.wearable.fitness.passive.ui.PassiveActivity
11-03 20:37:59.389374  2365  4284 D HOME    : [LauncherInfoManager]Fetching info for com.google.android.apps.wearable.certifier.MainActivity
11-03 20:37:59.392004  2365  4284 D HOME    : [LauncherInfoManager]Fetching info for com.google.android.clockwork.internalphone.InternalDialerLauncherActivity
11-03 20:37:59.409689  2365  4285 D HOME    : [LauncherInfoManager]Fetching info for com.google.android.wearable.fitness.passive.ui.PassiveActivity
11-03 20:37:59.411122  2365  4285 D HOME    : [LauncherInfoManager]Fetching info for com.google.android.apps.wearable.certifier.MainActivity
11-03 20:37:59.428300  2365  4284 D HOME    : [LauncherInfoManager]Fetching info for com.google.android.clockwork.settings.MainSettingsActivity
11-03 20:37:59.430733  1679  3654 I AmbientService: [2f230a7] Potential first ambient activity started: AmbientActivity[component=ComponentInfo{com.google.android.wearable.app/com.google.android.clockwork.home2.activity.HomeActivity2}, callbacks=@965d446, running=true, ambientRequested=false, ambientEnabled=true, offloadEnabled=true]
11-03 20:37:59.431167  1679  3654 D SidekickService: setShouldControlDisplay called: true
11-03 20:37:59.431946  1679  3654 I AmbientService: [2f230a7] Selected running activity for ambient mode: AmbientActivity[component=ComponentInfo{com.google.android.wearable.app/com.google.android.clockwork.home2.activity.HomeActivity2}, callbacks=@965d446, running=true, ambientRequested=true, ambientEnabled=true, offloadEnabled=true]
11-03 20:37:59.432290  1679  3654 I AmbientService: [2f230a7] Sidekick is ready to display, requesting doze.
11-03 20:37:59.432845  2365  4470 D HOME    : [ComplicationController]scheduleImmediateUpdateForAllFromProvider ComponentInfo{com.google.android.wearable.app/com.google.android.clockwork.home.complications.providers.MostRecentAppProviderService}
11-03 20:37:59.433148  2365  4285 D HOME    : [LauncherInfoManager]Fetching info for com.google.android.clockwork.internalphone.InternalDialerLauncherActivity
11-03 20:37:59.433832  1679  3654 W DefaultSettingsContentR: Value for ambient_low_bit_enabled not stored as number. Attempting parse as boolean.
11-03 20:37:59.436379  1679  3654 I AmbientService: [2f230a7] Showing watch face in offload mode, canceling alarm.
11-03 20:37:59.436443  1679  3654 W AlarmManagerProxy: Removing unknown listener
11-03 20:37:59.436491  1679  3654 I AmbientService: [2f230a7] The new activity has probably been launched on purpose.
11-03 20:37:59.439757  2365  4285 D HOME    : [LauncherInfoManager]Fetching info for com.google.android.clockwork.settings.MainSettingsActivity
11-03 20:37:59.448138  1679  2056 I AmbientService: [2f230a7] Current ambient activity was paused: AmbientActivity[component=ComponentInfo{com.google.android.wearable.app/com.google.android.clockwork.home2.activity.HomeActivity2}, callbacks=@965d446, running=false, ambientRequested=true, ambientEnabled=true, offloadEnabled=true]
11-03 20:37:59.448820  1679  2056 D SidekickService: setShouldControlDisplay called: false
11-03 20:37:59.453183  2365  4284 D HOME    : [LauncherInfoManager]Fetching info for com.google.android.clockwork.home.module.oobe.OobeLauncherActivity
11-03 20:37:59.458059  1679  2056 I AmbientService: [2f230a7] We need an ambient activity, but nothing to use, requesting doze.
11-03 20:37:59.459695  1679  2056 W DefaultSettingsContentR: Value for ambient_low_bit_enabled not stored as number. Attempting parse as boolean.
11-03 20:37:59.461609  1679  2056 I AmbientService: [2f230a7] There is no running ambient activity, canceling alarm.
11-03 20:37:59.461672  1679  2056 W AlarmManagerProxy: Removing unknown listener
11-03 20:37:59.462589  2365  2365 D HOME    : [HotwordController]updateClient MODE_WATCH_FACE false false true true
11-03 20:37:59.466414  2365  2365 D HOME    : [WatchFaceUiController]sendStateToWallpaper
11-03 20:37:59.468168  2365  2365 D HOME    : [StreamModule]Updating gaze alerter state: inWetMode=false focused=true uiMode=MODE_WATCH_FACE
11-03 20:37:59.468467  2365  2365 D HOME    : [SurfaceRenderer]maybeRender: hasWindowFocus = true, hasViewFocus = false, hasModelToRender = false, shouldRender = false
11-03 20:37:59.475612  2365  2365 D HOME    : [HotwordController]updateClient MODE_WATCH_FACE false false false true
11-03 20:37:59.481905  1679  2390 I AmbientService: [2f230a7] Potential first ambient activity started: AmbientActivity[component=ComponentInfo{com.google.android.wearable.app/com.google.android.clockwork.home2.activity.HomeActivity2}, callbacks=@965d446, running=true, ambientRequested=true, ambientEnabled=true, offloadEnabled=true]
11-03 20:37:59.482946  1679  2390 D SidekickService: setShouldControlDisplay called: true
11-03 20:37:59.484031  1679  2390 I AmbientService: [2f230a7] Selected running activity for ambient mode: AmbientActivity[component=ComponentInfo{com.google.android.wearable.app/com.google.android.clockwork.home2.activity.HomeActivity2}, callbacks=@965d446, running=true, ambientRequested=true, ambientEnabled=true, offloadEnabled=true]
11-03 20:37:59.484678  1679  2390 I AmbientService: [2f230a7] Sidekick is ready to display, requesting doze.
11-03 20:37:59.487188  1679  2390 W DefaultSettingsContentR: Value for ambient_low_bit_enabled not stored as number. Attempting parse as boolean.
11-03 20:37:59.489637  1679  2390 I AmbientService: [2f230a7] Showing watch face in offload mode, canceling alarm.
11-03 20:37:59.489707  1679  2390 W AlarmManagerProxy: Removing unknown listener
11-03 20:37:59.489755  1679  2390 I AmbientService: [2f230a7] The new activity has probably been launched on purpose.
11-03 20:37:59.492066  2365  2365 D HOME    : [WatchFaceUiController]sendWatchFaceServiceBinder
11-03 20:37:59.495804  2365  2365 D HOME    : [WatchFaceUiController]sendProperties
11-03 20:37:59.496914  2365  2365 D HOME    : [WatchFaceUiController]sendStateToWallpaper
11-03 20:37:59.498431  2365  2365 D HOME    : [PaymentStateMgr]There's no account yet. Treating as new user
11-03 20:37:59.500530  2365  2365 D HOME    : [PayUtil]Successfully set data item: /wear_pay/wear_pay_status
11-03 20:37:59.502501  2365  2365 D HOME    : [HomeVisitsLogger]Logging streamlet event: enter_ambient_mode
11-03 20:37:59.503035  2365  2365 D HOME    : [HotwordController]updateClient MODE_WATCH_FACE false true false true
11-03 20:37:59.503118  2365  4352 D HOME    : [HomeVisitsLogger]Logging streamlet event: visit_end
11-03 20:37:59.504110  2365  2365 D HOME    : [WatchFaceUiController]setInAmbientMode true
11-03 20:37:59.505643  2365  2365 D HOME    : [StreamDBQueue]Promised revision #6085 to queue a new op
11-03 20:37:59.505844  2365  2365 D WatchStreamManager: Promised rank-blocked=false @ r#6085
11-03 20:37:59.506154  2365  2365 D HOME    : [StreamDBQueue]Promised revision #6086 to queue a new op
11-03 20:37:59.506269  2365  2365 D WatchStreamManager: Promised rank-blocked=false @ r#6086
11-03 20:37:59.506612  2365  2365 D HOME    : [EventBus]Wrapper pool is full. Discarding excess wrapper instance for event com.google.android.clockwork.sysui.events.KeyguardStateEvent
11-03 20:37:59.506691  2365  2365 D HOME    : [WatchFaceUiController]sendStateToWallpaper
11-03 20:37:59.508124  2365  2365 D HOME    : [EventBus]Wrapper pool is full. Discarding excess wrapper instance for event com.google.android.clockwork.sysui.events.KeyguardStateEvent
11-03 20:37:59.508334  2365  2365 D HOME    : [EventBus]Wrapper pool is full. Discarding excess wrapper instance for event com.google.android.clockwork.sysui.events.KeyguardStateEvent
11-03 20:37:59.513493   511   511 I sensors-hal: activate:107, android.sensor.light/46 en=0
11-03 20:37:59.514101   511   511 I sensors-hal: activate:118, android.sensor.light/46 en=0 completed
11-03 20:37:59.524727  2365  4464 D HOME    : [StreamDBQueue]Promised revision #6087 to queue a new op
11-03 20:37:59.524990  2365  4464 D WatchStreamManager: Promised rerank @ r#6087
11-03 20:37:59.527528  2365  4352 I SidekickManager: replaceWatchFaceComponentsImpl(): watchFace = com.google.android.clockwork.decomposablewatchface.WatchFaceDecomposition@adb98f0
11-03 20:37:59.528574  1679  2056 D SidekickService: sendWatchFaceComponents called: watchFace = com.google.android.clockwork.decomposablewatchface.WatchFaceDecomposition@3806082shouldReplace = false
11-03 20:37:59.528765  1679  2056 D SidekickService: Check decomposition for calling app com.google.android.wearable.app with uid 10049
11-03 20:37:59.529088  1679  2056 D SidekickService: sendWatchFaceLocked(): shouldReplace = false, mSidekickIsControlling = false, 1 images, 0 fonts, 0 numbers, 0 proportionalFonts, 0 strings
11-03 20:37:59.529143  1679  2056 D SidekickService: ISidekickGraphics#beginResources()...
11-03 20:37:59.530039  1679  2056 D SidekickServiceUtils: bitmapFromDrawable: Returning bitmap directly
11-03 20:37:59.531212  1679  2056 D SidekickService: sendBitmapsLocked(): bounds = RectF(0.0, 0.0, 0.0024038462, 0.0024038462), drawableInfo = {.id = 100000, .width = 1, .height = 1, .display = true, .offsetX = 0.0, .offsetY = 0.0, .rotationInfo = {.hasRotation = false, .pivotX = 0.0, .pivotY = 0.0, .degreesPerDay = 0.0, .degreesPerStep = 0.0, .zeroDegreesTime = {.daysSinceLocalEpoch = 0, .msSinceMidnight = 0}}, .transformInfo = {.transformed = false, .flipX = false, .flipY = false, .flip45 = false, .scaleX = 0.0, .scaleY = 0.0}, .type = GENERIC, .blink = {.blinking = false, .periodOnMs = 0.0, .periodOffMs = 0.0, .startTime = {.daysSinceLocalEpoch = 0, .msSinceMidnight = 0}}, .zOrder = 8, .displayInTwm = true}, image.size() = 84
11-03 20:37:59.531926   414  1708 D SKGHAL  : saveResource: resId = 100000
11-03 20:37:59.532310  1679  2056 D SidekickService: sendBitmapsLocked(): status = 0, bytesUsed = 18
11-03 20:37:59.532461  1679  2056 D SidekickService: ISidekickGraphics#endResources()...
11-03 20:37:59.534192  2365  4285 D HOME    : [LauncherInfoManager]Fetching info for com.google.android.clockwork.home.module.oobe.OobeLauncherActivity
11-03 20:37:59.535232  2365  4354 D HOME    : [WatchStreamDB]updateRanking()
11-03 20:37:59.542255  2365  4284 D HOME    : [LauncherInfoManager]Fetching info for com.google.android.clockwork.home.pay.FastPayActivity
11-03 20:37:59.548366  2365  4354 D HOME    : [NewStreamAdapter]Publishing revision #6087 to adapter clients
11-03 20:37:59.553086  2365  4464 D HOME    : [StreamDBQueue]Promised revision #6088 to queue a new op
11-03 20:37:59.553326  2365  4464 D WatchStreamManager: Promised rerank @ r#6088
11-03 20:37:59.553513  2365  4447 D HOME    : [WatchStreamDB]updateRanking()
11-03 20:37:59.554092  2365  4447 D HOME    : [NewStreamAdapter]Publishing revision #6088 to adapter clients
11-03 20:37:59.560279  2365  4284 D HOME    : [LauncherInfoManager]Fetching info for com.google.android.clockwork.sysui.experiences.calendar.AgendaActivity
11-03 20:37:59.561491  2365  4284 D HOME    : [LauncherInfoManager]Fetching info for com.google.android.clockwork.sysui.experiences.contacts.ContactsActivity
11-03 20:37:59.562605  2365  4284 D HOME    : [LauncherInfoManager]Fetching info for com.google.android.clockwork.wcs.bugreport.TakeReportActivity
11-03 20:37:59.564108  2365  4285 D HOME    : [LauncherInfoManager]Fetching info for com.google.android.clockwork.home.pay.FastPayActivity
--------- switch to system
11-03 20:37:59.582621  1679  1702 I DisplayManagerService: Display device changed state: "cran intgr", DOZE_SUSPEND
--------- switch to main
11-03 20:37:59.610626  2365  4285 D HOME    : [LauncherInfoManager]Fetching info for com.google.android.clockwork.sysui.experiences.calendar.AgendaActivity
11-03 20:37:59.615917  1679  1746 I InputReader: Reconfiguring input devices.  changes=0x00000004
11-03 20:37:59.620983   538   538 D SurfaceFlinger: Set power mode=3, type=0 flinger=0xb5b36000
11-03 20:37:59.621596   503   726 I SDM     : DisplayBase::SetDisplayState: Set state = 3, display 0
11-03 20:37:59.632988  2365  4285 D HOME    : [LauncherInfoManager]Fetching info for com.google.android.clockwork.sysui.experiences.contacts.ContactsActivity
11-03 20:37:59.634326  2365  4285 D HOME    : [LauncherInfoManager]Fetching info for com.google.android.clockwork.wcs.bugreport.TakeReportActivity
11-03 20:37:59.639129  2365  4284 D HOME    : [LauncherInfoManager]Fetching info for de.zuhanden.smartwatch.heartrate.newapp.HeartRateActivity
11-03 20:37:59.642250  2365  4284 D HOME    : [LauncherInfoManager]Fetching info for de.zuhanden.smartwatch.alarmclock.activities.main.MainActivity
11-03 20:37:59.644862  2365  4284 D HOME    : [LauncherInfoManager]Fetching info for de.zuhanden.smartwatch.stopwatch.StopWatchActivity
11-03 20:37:59.656925  2365  4285 D HOME    : [LauncherInfoManager]Fetching info for de.zuhanden.smartwatch.heartrate.newapp.HeartRateActivity
11-03 20:37:59.665601  2365  4285 D HOME    : [LauncherInfoManager]Fetching info for de.zuhanden.smartwatch.alarmclock.activities.main.MainActivity
11-03 20:37:59.680270   538   538 D SurfaceFlinger: Finished set power mode=3, type=0
11-03 20:37:59.646120  2365  4284 D HOME    : [LauncherInfoManager]Fetching info for com.montblanc.smartwatch.toolbox.MainActivity
11-03 20:37:59.684724  2365  4285 D HOME    : [LauncherInfoManager]Fetching info for de.zuhanden.smartwatch.stopwatch.StopWatchActivity
--------- switch to kernel
11-03 20:37:59.631031     0     0 I mdss_dsi_panel_set_idle_mode: Idle (0->1)
11-03 20:37:59.678155     0     0 I         : [touch]FB_BLANK_VSYNC_SUSPEND
11-03 20:37:59.678161     0     0 I         : [touch]irq disable
11-03 20:37:59.678165     0     0 I         : [touch]workqueue is empty!
11-03 20:37:59.678170     0     0 I         : [touch]raydium_ts_do_suspend.
11-03 20:37:59.678179     0     0 I         : [touch]Device may wakeup
11-03 20:37:59.680035     0     0 I         : [touch]irq enable
--------- switch to main
11-03 20:37:59.688993  2365  4284 D HOME    : [LauncherInfoManager]Fetching info for com.google.android.wearable.fitness.passive.hrm.HeartRateLauncherActivity
11-03 20:37:59.693357   414  1708 D SKGHAL  : sendResources: metadata size = 2400, font size = 72
11-03 20:37:59.704094  2365  4285 D HOME    : [LauncherInfoManager]Fetching info for com.montblanc.smartwatch.toolbox.MainActivity
11-03 20:37:59.722643  2365  4284 D HOME    : [LauncherInfoManager]Fetching info for com.google.android.wearable.fitness.realtime.breathe.BreatheLauncherActivity
11-03 20:37:59.724079  2365  4284 D HOME    : [LauncherInfoManager]Fetching info for com.google.android.wearable.fitness.realtime.RealtimeLauncherActivity
11-03 20:37:59.735008  2365  4285 D HOME    : [LauncherInfoManager]Fetching info for com.google.android.wearable.fitness.passive.hrm.HeartRateLauncherActivity
11-03 20:37:59.736226  2365  4285 D HOME    : [LauncherInfoManager]Fetching info for com.google.android.wearable.fitness.realtime.breathe.BreatheLauncherActivity
11-03 20:37:59.737480  2365  4285 D HOME    : [LauncherInfoManager]Fetching info for com.google.android.wearable.fitness.realtime.RealtimeLauncherActivity
11-03 20:37:59.738930  2365  4285 D HOME    : [LauncherInfoManager]Fetching info for com.google.android.apps.messaging.main.MainActivity
11-03 20:37:59.742031  2365  4284 D HOME    : [LauncherInfoManager]Fetching info for com.google.android.apps.messaging.main.MainActivity
11-03 20:37:59.743116  2365  4284 D HOME    : [LauncherInfoManager]Fetching info for com.google.android.wearable.translate.MainActivity
11-03 20:37:59.744057  2365  4284 D HOME    : [LauncherInfoManager]Fetching info for com.google.android.clockwork.flashlight.FlashlightActivity
11-03 20:37:59.745029  2365  4284 D HOME    : [LauncherInfoManager]Fetching info for com.google.android.gms.mdm.RingMyPhoneActivity
11-03 20:37:59.750587   414  1708 D SKGHAL  : endResources: rc = 0
11-03 20:37:59.758214  1679  1781 I SidekickService: beginDisplayLocked(): DOZE_SUSPEND
11-03 20:37:59.758816   414  1708 D SKGHAL  : sendAmbientPrepare: enter:
11-03 20:37:59.759316  2365  2365 D HOME    : [SidekickManagerAsync]replaceWatchFaceComponents(): Callback#onResult(): 0
11-03 20:37:59.759553  2365  2365 D HOME    : [WatchFaceUiController]Complication updates sent, posting watch face hiding
11-03 20:37:59.759612  2365  2365 D HOME    : [WatchFaceUiController]Still in ambient watch face, hiding
11-03 20:37:59.759657  2365  2365 D HOME    : [WatchFaceUiController]Hiding watch face wallpaper.
11-03 20:37:59.761853  2365  4285 D HOME    : [LauncherInfoManager]Fetching info for com.google.android.wearable.translate.MainActivity
11-03 20:37:59.778667  2365  4284 D HOME    : [LauncherInfoManager]Fetching info for com.google.android.clockwork.home.flagtoggler.FlagTogglerListActivity
11-03 20:37:59.779908  2365  4284 D HOME    : [LauncherInfoManager]Fetching info for com.google.android.clockwork.home.weather.WeatherActivity
11-03 20:37:59.781340  2365  4285 D HOME    : [LauncherInfoManager]Fetching info for com.google.android.clockwork.flashlight.FlashlightActivity
11-03 20:37:59.785014  2365  4285 D HOME    : [LauncherInfoManager]Fetching info for com.google.android.gms.mdm.RingMyPhoneActivity
11-03 20:37:59.786300  2365  4285 D HOME    : [LauncherInfoManager]Fetching info for com.google.android.clockwork.home.flagtoggler.FlagTogglerListActivity
11-03 20:37:59.787444  2365  4285 D HOME    : [LauncherInfoManager]Fetching info for com.google.android.clockwork.home.weather.WeatherActivity
11-03 20:37:59.788692  2365  4285 D HOME    : [LauncherInfoManager]Fetching info for com.google.android.wearable.reminders.MainActivity
11-03 20:37:59.790348  2365  4284 D HOME    : [LauncherInfoManager]Fetching info for com.google.android.wearable.reminders.MainActivity
11-03 20:37:59.808352  2365  4284 D HOME    : [LauncherInfoManager]Fetching info for com.google.clockwork.wearqxdm.MainActivity
11-03 20:37:59.812160  2365  4284 D HOME    : [LauncherInfoManager]Fetching info for com.jeremysteckling.facerrel.ui.activity.FacerStoreFrontActivity
11-03 20:37:59.813523  2365  4284 D HOME    : [LauncherInfoManager]Fetching info for de.zuhanden.smartwatch.timer.activities.main.MainActivity
11-03 20:37:59.818079  2365  4285 D HOME    : [LauncherInfoManager]Fetching info for com.google.clockwork.wearqxdm.MainActivity
11-03 20:37:59.819516  2365  4285 D HOME    : [LauncherInfoManager]Fetching info for com.jeremysteckling.facerrel.ui.activity.FacerStoreFrontActivity
11-03 20:37:59.820680  2365  4285 D HOME    : [LauncherInfoManager]Fetching info for de.zuhanden.smartwatch.timer.activities.main.MainActivity
11-03 20:37:59.824100  2365  4284 D HOME    : [LauncherInfoManager]Fetching info for utc.smartwatch.zuhanden.de.utc.activities.WorldActivity
11-03 20:37:59.845880  2365  4285 D HOME    : [LauncherInfoManager]Fetching info for utc.smartwatch.zuhanden.de.utc.activities.WorldActivity
11-03 20:37:59.847897  2365  4285 D HOME    : [LauncherInfoManager]Fetching info for com.oma.dm.omatest.MainActivity
11-03 20:37:59.837424  2365  4284 D HOME    : [LauncherInfoManager]Fetching info for com.oma.dm.omatest.MainActivity
11-03 20:37:59.851486  2365  4284 D HOME    : [LauncherInfoManager]Fetching info for com.qualcomm.qti.usta.ui.UnifiedSensorTestActivity
11-03 20:37:59.852759  2365  4284 D HOME    : [LauncherInfoManager]Fetching info for com.timeshifter.timeshifter.wear.presentation.ui.auth.AuthActivity
11-03 20:37:59.854001  2365  4284 D HOME    : [LauncherInfoManager]Fetching info for fitness.smartwatch.montblanc.cardiocoach.ui.activity.FitnessActivity
11-03 20:37:59.856122  2365  4284 D HOME    : [LauncherInfoManager]Fetching info for fitness.smartwatch.montblanc.sleep.ui.activity.SleepDetailsActivity
11-03 20:37:59.870545  2365  4285 D HOME    : [LauncherInfoManager]Fetching info for com.qualcomm.qti.usta.ui.UnifiedSensorTestActivity
11-03 20:37:59.871898  2365  4285 D HOME    : [LauncherInfoManager]Fetching info for com.timeshifter.timeshifter.wear.presentation.ui.auth.AuthActivity
11-03 20:37:59.873055  2365  4285 D HOME    : [LauncherInfoManager]Fetching info for fitness.smartwatch.montblanc.cardiocoach.ui.activity.FitnessActivity
11-03 20:37:59.874203  2365  4285 D HOME    : [LauncherInfoManager]Fetching info for fitness.smartwatch.montblanc.sleep.ui.activity.SleepDetailsActivity
11-03 20:37:59.876850  2365  4284 D HOME    : [LauncherInfoManager]Fetching info for fitness.smartwatch.montblanc.bodyresources.ui.activity.main.BodyResourcesActivity
11-03 20:37:59.878692   414  1708 D SKGHAL  : sendAmbientEvent: enter: enable = 1
11-03 20:37:59.879112  2365  4284 D HOME    : [LauncherInfoManager]Fetching info for fitness.smartwatch.montblanc.stress_new.ui.activity.main.StressActivity
11-03 20:37:59.880354  2365  4284 D HOME    : [LauncherInfoManager]Fetching info for travel.smartwatch.montblanc.com.travelapp.SelectCountryActivity
11-03 20:37:59.888753  2365  4285 D HOME    : [LauncherInfoManager]Fetching info for fitness.smartwatch.montblanc.bodyresources.ui.activity.main.BodyResourcesActivity
11-03 20:37:59.890735  2365  4285 D HOME    : [LauncherInfoManager]Fetching info for fitness.smartwatch.montblanc.stress_new.ui.activity.main.StressActivity
11-03 20:37:59.893918   503   520 I SDM     : DisplayBase::SetDisplayState: Set state = 4, display 0
--------- switch to kernel
11-03 20:37:59.894393     0     0 E mdss_dsi_gen_read_status: Read back value from panel is incorrect
--------- switch to main
11-03 20:37:59.905318  2365  4285 D HOME    : [LauncherInfoManager]Fetching info for travel.smartwatch.montblanc.com.travelapp.SelectCountryActivity
11-03 20:37:59.910309  2365  4284 W CwExecutors: Finished  Q:     1 E:  2592 LauncherItemLoader#load (Slow)
11-03 20:37:59.911500  2365  2365 D HOME    : [LauncherInfoManager]launcherPackageName = fitness.smartwatch.montblanc.com.fitness
11-03 20:37:59.911695  2365  2365 D HOME    : [LauncherInfoManager]launcherClassName = fitness.smartwatch.montblanc.bodyresources.ui.activity.main.BodyResourcesActivity
11-03 20:37:59.917350  2365  4464 D HOME    : [ComplicationController]scheduleImmediateUpdateForAllFromProvider ComponentInfo{com.google.android.wearable.app/com.google.android.clockwork.home.complications.providers.MostRecentAppProviderService}
11-03 20:37:59.917876  2365  4464 D HOME    : [ComplicationController]scheduleImmediateUpdateForAllFromProvider ComponentInfo{com.google.android.wearable.app/com.google.android.clockwork.home.complications.providers.MostRecentAppProviderService}
11-03 20:37:59.938217   503   520 D SDM     : HWCDisplayPrimary::SetStandByMode: Null display is connected successfully
11-03 20:37:59.938546   414  1708 D SKGHAL  : standBy_update_control call succeed on 1
11-03 20:37:59.943711  4450  4481 I Finsky  : [242] sgj.C(18): Finished reading experiment flags from file [0tGUNCGIkbk4o6-fQ335kUYSKwVj4lusnHT-A5Dsy08].
11-03 20:37:59.945197   414  1708 D SKGHAL  : sendAmbientEvent: done: enable = 1
11-03 20:37:59.945505  1679  1781 D SidekickService:    ... beginDisplay result: 0 for halPower: 1
--------- switch to kernel
11-03 20:37:59.956015     0     0 E bgrsb   : bgrsb_enable: gpio 32 is valid
--------- switch to main
11-03 20:37:59.948136   511   511 I sensors-hal: activate:107, android.sensor.accelerometer/48 en=0
11-03 20:37:59.949849   511   511 I sensors-hal: activate:118, android.sensor.accelerometer/48 en=0 completed
11-03 20:37:59.952791  2365  4284 D StrictMode: StrictMode policy violation: android.os.strictmode.CustomViolation: Slow task LauncherItemLoader#load took 2592ms on User executor
11-03 20:37:59.952791  2365  4284 D StrictMode: 	at android.os.StrictMode$AndroidBlockGuardPolicy.onCustomSlowCall(StrictMode.java:1471)
11-03 20:37:59.952791  2365  4284 D StrictMode: 	at android.os.StrictMode.noteSlowCall(StrictMode.java:2324)
11-03 20:37:59.952791  2365  4284 D StrictMode: 	at bvs.a(AW782433232:9)
11-03 20:37:59.952791  2365  4284 D StrictMode: 	at bvw.run(AW782433232:7)
11-03 20:37:59.952791  2365  4284 D StrictMode: 	at bvy.run(AW782433232:5)
11-03 20:37:59.952791  2365  4284 D StrictMode: 	at java.util.concurrent.ThreadPoolExecutor.runWorker(ThreadPoolExecutor.java:1167)
11-03 20:37:59.952791  2365  4284 D StrictMode: 	at java.util.concurrent.ThreadPoolExecutor$Worker.run(ThreadPoolExecutor.java:641)
11-03 20:37:59.952791  2365  4284 D StrictMode: 	at bvl.run(AW782433232:4)
11-03 20:37:59.952791  2365  4284 D StrictMode: 	at java.lang.Thread.run(Thread.java:764)
11-03 20:37:59.965105  2365  2365 D HOME    : [LauncherInfoManager]launcherPackageName = fitness.smartwatch.montblanc.com.fitness
11-03 20:37:59.965287  2365  2365 D HOME    : [LauncherInfoManager]launcherClassName = fitness.smartwatch.montblanc.bodyresources.ui.activity.main.BodyResourcesActivity
11-03 20:37:59.967457  2365  4285 W CwExecutors: Finished  Q:     2 E:  2445 LauncherItemLoader#load (Slow)
11-03 20:37:59.970597  2365  4354 D HOME    : [ComplicationController]scheduleImmediateUpdateForAllFromProvider ComponentInfo{com.google.android.wearable.app/com.google.android.clockwork.home.complications.providers.MostRecentAppProviderService}
11-03 20:37:59.971273  2365  4285 D StrictMode: StrictMode policy violation: android.os.strictmode.CustomViolation: Slow task LauncherItemLoader#load took 2445ms on User executor
11-03 20:37:59.971273  2365  4285 D StrictMode: 	at android.os.StrictMode$AndroidBlockGuardPolicy.onCustomSlowCall(StrictMode.java:1471)
11-03 20:37:59.971273  2365  4285 D StrictMode: 	at android.os.StrictMode.noteSlowCall(StrictMode.java:2324)
11-03 20:37:59.971273  2365  4285 D StrictMode: 	at bvs.a(AW782433232:9)
11-03 20:37:59.971273  2365  4285 D StrictMode: 	at bvw.run(AW782433232:7)
11-03 20:37:59.971273  2365  4285 D StrictMode: 	at bvy.run(AW782433232:5)
11-03 20:37:59.971273  2365  4285 D StrictMode: 	at java.util.concurrent.ThreadPoolExecutor.runWorker(ThreadPoolExecutor.java:1167)
11-03 20:37:59.971273  2365  4285 D StrictMode: 	at java.util.concurrent.ThreadPoolExecutor$Worker.run(ThreadPoolExecutor.java:641)
11-03 20:37:59.971273  2365  4285 D StrictMode: 	at bvl.run(AW782433232:4)
11-03 20:37:59.971273  2365  4285 D StrictMode: 	at java.lang.Thread.run(Thread.java:764)
11-03 20:37:59.982424  1679  1679 I WearPower: [WearTouchMediator] changing touch input to enabled (ON_AUTO)
11-03 20:37:59.983268  1679  1746 I InputReader: Reconfiguring input devices.  changes=0x00000200
11-03 20:37:59.998299  1679  1679 I AmbientService: [2f230a7] Timeout alarm not required, auto-resume timeout handled by dream.
11-03 20:38:00.003731  2365  2365 D HOME    : [StreamDBQueue]Promised revision #6089 to queue a new op
11-03 20:38:00.003969  2365  2365 D WatchStreamManager: Promised rank-blocked=false @ r#6089
11-03 20:38:00.004155  2365  2365 D HOME    : [CompactHunStarter]detachWindow()
11-03 20:38:00.008654  2365  4447 D HOME    : [StreamDBQueue]Promised revision #6090 to queue a new op
11-03 20:38:00.010175  2365  4447 D WatchStreamManager: Promised rerank @ r#6090
11-03 20:38:00.013152  2365  4353 D HOME    : [WatchStreamDB]updateRanking()
11-03 20:38:00.013914  2365  4353 D HOME    : [NewStreamAdapter]Publishing revision #6090 to adapter clients
11-03 20:38:00.015361  2391  2760 W WorkController: Loading failed for worker [trainingcache]: worker not found
11-03 20:38:00.017838  2391  2758 W A       : TrainingCache cache SCREEN_OFF failure
11-03 20:38:00.017838  2391  2758 W A       : com.google.android.apps.gsa.search.core.service.h.a.a: No worker found for Worker ID [trainingcache].
11-03 20:38:00.017838  2391  2758 W A       : 	at com.google.android.apps.gsa.search.core.service.g.a.c.a(Unknown Source:5)
11-03 20:38:00.017838  2391  2758 W A       : 	at com.google.android.libraries.gsa.c.a.d.a(Unknown Source:3)
11-03 20:38:00.017838  2391  2758 W A       : 	at com.google.common.p.a.cg.c(Unknown Source:2)
11-03 20:38:00.017838  2391  2758 W A       : 	at com.google.common.p.a.bk.run(SourceFile:3)
11-03 20:38:00.017838  2391  2758 W A       : 	at com.google.common.p.a.ci.run(Unknown Source:4)
11-03 20:38:00.017838  2391  2758 W A       : 	at com.google.apps.tiktok.concurrent.ab.run(SourceFile:1)
11-03 20:38:00.017838  2391  2758 W A       : 	at java.util.concurrent.ThreadPoolExecutor.runWorker(ThreadPoolExecutor.java:1167)
11-03 20:38:00.017838  2391  2758 W A       : 	at java.util.concurrent.ThreadPoolExecutor$Worker.run(ThreadPoolExecutor.java:641)
11-03 20:38:00.017838  2391  2758 W A       : 	at com.google.apps.tiktok.concurrent.c.run(Unknown Source:4)
11-03 20:38:00.017838  2391  2758 W A       : 	at java.lang.Thread.run(Thread.java:764)
--------- switch to kernel
11-03 20:38:00.050156     0     0 I PM      : suspend entry 2021-11-03 19:38:00.050156627 UTC
--------- switch to main
11-03 20:38:00.055786  4450  4481 I Finsky  : [242] sgj.C(18): Finished reading experiment flags from file [Se-xCc4LzNyh3UrKMIU2sUf-PUKz4oQEbpKZDMuaFno].
--------- switch to kernel
11-03 20:38:00.050166     0     0 I PM      : Syncing filesystems ... done.
11-03 20:38:00.071867     0     0 I         : Freezing user space processes ... (elapsed 0.005 seconds) done.
11-03 20:38:00.077292     0     0 I         : Freezing remaining freezable tasks ... (elapsed 0.003 seconds) done.
11-03 20:38:00.080540     0     0 I         : Suspending console(s) (use no_console_suspend to debug)
11-03 20:38:00.091040     0     0 I mdss_dsi_panel_set_idle_mode: Idle (1->1)
11-03 20:38:00.131675     0     0 I bgcom   : bgcom_pm_suspend: suspended with : 0
11-03 20:38:00.155845     0     0 I PM      : suspend of devices complete after 73.763 msecs
11-03 20:38:00.158698     0     0 I PM      : late suspend of devices complete after 2.835 msecs
11-03 20:38:00.161769     0     0 I PM      : noirq suspend of devices complete after 3.061 msecs
11-03 20:38:00.161774     0     0 I         : Disabling non-boot CPUs ...
11-03 20:38:00.178345     0     0 W         : IRQ16 no longer affine to CPU1
11-03 20:38:00.178532     0     0 W         : IRQ93 no longer affine to CPU1
11-03 20:38:00.179214     0     0 I CPU1    : shutdown
11-03 20:38:00.180561     0     0 I suspend ns: 384803044610	suspend cycles:       7541605782
11-03 20:38:00.180552     0     0 I CPU0    : msm_cpu_pm_enter_sleep mode:3 during suspend
11-03 20:38:00.180552     0     0 I         : Suspended for 6.711 seconds
11-03 20:38:00.180552     0     0 I resume cycles: 7670466747
11-03 20:38:00.180780     0     0 I         : Enabling non-boot CPUs ...
11-03 20:38:00.181106     0     0 I CPU1    : update cpu_capacity 1024
11-03 20:38:00.182082     0     0 I         : CPU1 is up
11-03 20:38:00.183713     0     0 I PM      : noirq resume of devices complete after 1.456 msecs
11-03 20:38:00.186740     0     0 I PM      : early resume of devices complete after 1.816 msecs
11-03 20:38:00.187743     0     0 I CPU1    : update max cpu_capacity 1024
11-03 20:38:00.211726     0     0 I bgcom   : bgcom_pm_resume: Bgcom resumed with : 0
11-03 20:38:00.222171     0     0 I mdss_dsi_panel_set_idle_mode: Idle (1->1)
11-03 20:38:00.259909     0     0 I PM      : resume of devices complete after 73.152 msecs
11-03 20:38:00.261774     0     0 I         : Restarting tasks ...
11-03 20:38:00.263161     0     0 W QSEECOM : qseecom_receive_req: Interrupted: exiting Listener Service = 8192
11-03 20:38:00.263224     0     0 W QSEECOM : qseecom_receive_req: Interrupted: exiting Listener Service = 11
11-03 20:38:00.268080     0     0 W QSEECOM : qseecom_receive_req: Interrupted: exiting Listener Service = 12288
11-03 20:38:00.268131     0     0 W QSEECOM : qseecom_receive_req: Interrupted: exiting Listener Service = 10
11-03 20:38:00.268158     0     0 W QSEECOM : qseecom_receive_req: Interrupted: exiting Listener Service = 28672
--------- switch to system
11-03 20:38:06.995842  1679  1679 D DevicePolicyManager: updateSystemUpdateFreezePeriodsRecord
--------- switch to main
11-03 20:38:06.996120  1679  1679 D SidekickService: Clearing TWM watch face for time change
11-03 20:38:06.996180  1679  1679 I SidekickService: Requesting new TWM watch face, user may see a spinner or the incorrect format if entering TWM immediately.
--------- switch to system
11-03 20:38:06.996592  1679  1679 W ContextImpl: Calling a method in the system process without a qualified user: android.app.ContextImpl.sendBroadcast:1020 com.google.android.clockwork.sidekick.SidekickService$3.onReceive:649 android.app.LoadedApk$ReceiverDispatcher$Args.lambda$getRunnable$0:1391 android.app.-$$Lambda$LoadedApk$ReceiverDispatcher$Args$_BumDX2UKsnxLVrE6UJsJZkotuA.run:2 android.os.Handler.handleCallback:873 
--------- switch to main
11-03 20:38:06.996997  1679  1679 D SidekickService: Received android.intent.action.TIME_SET while controlling, update time
11-03 20:38:06.998106   414  1708 D SKGHAL  : sendAmbientEvent: enter: enable = 0
--------- switch to kernel
11-03 20:38:00.289137     0     0 I         : done.
11-03 20:38:07.001961     0     0 I PM      : suspend exit 2021-11-03 19:38:07.001961780 UTC
--------- switch to main
11-03 20:38:07.012679  2365  2612 D HOME    : [TimeSetReceiver]Received intent: Intent { act=android.intent.action.TIME_SET flg=0x25200010 }
11-03 20:38:07.012880  2365  2612 I HOME    : [HomeSafeServiceStarter]startService: Trying to start service - ComponentInfo{com.google.android.wearable.app/com.google.android.clockwork.home.settings.TimeChangeService}
11-03 20:38:07.017382   503   520 I SDM     : DisplayBase::SetDisplayState: Set state = 3, display 0
11-03 20:38:07.017570   503   520 D SDM     : HWCDisplayPrimary::SetStandByMode: Display is connected successfully
11-03 20:38:07.017891   414  1708 D SKGHAL  : standBy_update_control call succeed on 0
11-03 20:38:07.017930   414  1708 D SKGHAL  : sendAmbientEvent: done: enable = 0
11-03 20:38:07.017951   414  1708 D SKGHAL  : sendAmbientPrepare: enter:
--------- switch to kernel
11-03 20:38:07.017456     0     0 I         : [touch]FB_BLANK_VSYNC_SUSPEND
11-03 20:38:07.017459     0     0 I         : [touch]Already in suspend state
--------- switch to main
11-03 20:38:07.138254   414  1708 D SKGHAL  : sendAmbientEvent: enter: enable = 1
11-03 20:38:07.140878   503   520 I SDM     : DisplayBase::SetDisplayState: Set state = 4, display 0
11-03 20:38:07.140981   503   520 D SDM     : HWCDisplayPrimary::SetStandByMode: Null display is connected successfully
11-03 20:38:07.141153   414  1708 D SKGHAL  : standBy_update_control call succeed on 1
11-03 20:38:07.146902  2365  2365 D HOME    : [TimeChangeService]constructed
11-03 20:38:07.151656   414  1708 D SKGHAL  : sendAmbientEvent: done: enable = 1
11-03 20:38:07.162406  2365  4491 D HOME    : [TimeChangeService]onHandleIntent: Intent { act=com.google.android.clockwork.settings.REEVALUATE_PHONE_TIME_ZONE cmp=com.google.android.wearable.app/com.google.android.clockwork.home.settings.TimeChangeService }
11-03 20:38:07.162534  2365  4491 D HOME    : [TimeChangeService]calling reevaluateTimeZone()
11-03 20:38:07.162592  2365  4491 D HOME    : [Clockwork.Settings]reevaluateTimeZone
11-03 20:38:07.162789  2365  4491 D HOME    : [TimeZoneSyncer]setWatchDate: 1635968287162
11-03 20:38:07.162843  2365  4491 D HOME    : [TimeZoneSyncer]findMatchingTimeZone - apply phone's time change later
11-03 20:38:07.163027  2365  4491 D HOME    : [TimeZoneSyncer]findMatchingTimeZone dateMs: 1635968287162, targetOffsetMs: 3600000
11-03 20:38:07.163228  2365  4491 D HOME    : [TimeZoneSyncer]findMatchingTimeZone using phone's time zone: libcore.util.ZoneInfo[id="Europe/Zurich",mRawOffset=3600000,mEarliestRawOffset=3600000,mUseDst=true,mDstSavings=3600000,transitions=118]
11-03 20:38:07.163401  2365  4491 D HOME    : [TimeZoneSyncer]findMatchingTimeZone returning libcore.util.ZoneInfo[id="Europe/Zurich",mRawOffset=3600000,mEarliestRawOffset=3600000,mUseDst=true,mDstSavings=3600000,transitions=118]
--------- switch to system
11-03 20:38:07.167429  1679  1679 W Looper  : Slow dispatch took 171ms main h=android.app.ActivityThread$H c=android.app.-$$Lambda$LoadedApk$ReceiverDispatcher$Args$_BumDX2UKsnxLVrE6UJsJZkotuA@f7b320b m=0
11-03 20:38:07.168334  1679  1679 D ConditionProviders.SCP: onReceive android.intent.action.TIME_SET
11-03 20:38:07.177072  1679  1679 D ConditionProviders.SCP: evaluateSubscriptionLocked cal=ScheduleCalendar[mDays={1, 2, 3, 4, 5, 6, 7}, mSchedule=ScheduleInfo{days=[1, 2, 3, 4, 5, 6, 7], startHour=22, startMinute=0, endHour=7, endMinute=0, exitAtAlarm=true, nextAlarm=Thu Jan 01 01:00:00 GMT+01:00 1970 (0)}], now=Wed Nov 03 20:38:07 GMT+01:00 2021 (1635968287168), nextUserAlarmTime=Thu Jan 01 01:00:00 GMT+01:00 1970 (0)
--------- switch to main
11-03 20:38:07.180324  2365  4491 D HOME    : [TimeZoneSyncer]findUpcomingTimeChange watchTimeChangeDate: 1648342800000, futurePhoneChangeDate:1648342800000
--------- switch to system
11-03 20:38:07.180727  1679  1679 D ConditionProviders.SCP: notifyCondition condition://android/schedule?days=1.2.3.4.5.6.7&start=22.0&end=7.0&exitAtAlarm=true STATE_FALSE reason=!meetsSchedule
--------- switch to main
11-03 20:38:07.182085  2365  4491 D HOME    : [TimeChangeService]schedule reevaluateTimeZone for time: 1648342800000
--------- switch to system
11-03 20:38:07.188188  1679  1679 D ConditionProviders.SCP: Scheduling evaluate for Wed Nov 03 22:00:00 GMT+01:00 2021 (1635973200000), in +1h21m52s832ms, now=Wed Nov 03 20:38:07 GMT+01:00 2021 (1635968287168)
--------- switch to main
11-03 20:38:07.202593  2365  2612 D HOME    : [TickMonitor]Received time tick
