11-03 20:37:05.891895  2365  3891 D HOME    : [WatchStreamDB]TopLevelStreamItem{item=StreamItem(StreamItemIdAndRevision{notifKey=0|com.android.providers.downloads|0|1:com.android.vending|10014, packageName=com.android.providers.downloads, tag=1:com.android.vending, id=0, revision=6057, originalRevision=6053, updateCount=4},AutoValue_StreamItemData{hidden=NOT_HIDDEN, title=11 chars, remoteNodeId=null, originalPackageName=com.android.providers.downloads, localPackageName=com.android.providers.downloads, tag=1:com.android.vending, appName=Gestionnaire de tlchargement, postTime=1635968225828, lastDiffedTime=1635968225680, lastPostedInterruptiveTime=0, user=UserHandle{0}, onlyAlertOnce=true, vibrationPattern=null, isInterruptive=false, isGroupSummary=false, dismissalId=null, bridgeTag=null, isAncs=false}), parentAtChildPostTime=null} ranked at index 0
11-03 20:37:05.892213  2365  3891 D HOME    : [WatchStreamDB]Item alerting conditions - isInterruptive: false, recentlyInterrupted: false, isItemPinned: false, isUnread: false
11-03 20:37:05.892465  2365  3891 D HOME    : [StreamAlertingRegulator]isTheaterModeEnabled: false, isAlertingAllowedByOffBody: false, matchesLocalInterruptionFilter: true
11-03 20:37:05.892635  2365  3891 D HOME    : [WatchStreamDB]couldItemAlert: false, isTopItemChanged: true, isDeferralForTopItem: false
11-03 20:37:05.919983  2365  3891 D HOME    : [StreamAdapter]onStreamChange StreamChangeEvent[modified=1, removed=0, modifiedTop=1, removedTop=0, reorder=true, possibleAlertingItem=none]
11-03 20:37:05.922635  2365  3891 D HOME    : [StreamAdapter]onStreamChange StreamChangeEvent[modified=1, removed=0, modifiedTop=1, removedTop=0, reorder=true, possibleAlertingItem=none]
11-03 20:37:05.923329  2365  2365 D HOME    : [TopNotificationReceiver]Sending request to TopNotificationProviderService for complication update
11-03 20:37:05.930020  2365  3968 D HOME    : [ComplicationController]scheduleImmediateUpdateForAllFromProvider ComponentInfo{com.google.android.wearable.app/com.google.android.clockwork.wcs.notification.complication.TopNotificationProviderService}
11-03 20:37:05.948134  2365  3891 D HOME    : [NewStreamAdapter]Publishing revision #6057 to adapter clients
11-03 20:37:05.950151  2365  2365 D HOME    : [StreamAdapter]setStreamItems, size 1
11-03 20:37:05.950870  2365  2365 D HOME    : [StreamAdapter]setStreamItems, size 1
11-03 20:37:05.964363  2365  2365 D HOME    : [StreamBackendInit]NotificationService onNotificationPosted StatusBarNotification(pkg=com.android.providers.downloads user=UserHandle{0} id=0 tag=1:com.android.vending key=0|com.android.providers.downloads|0|1:com.android.vending|10014: Notification(channel=active pri=0 contentView=null vibrate=null sound=null defaults=0x0 flags=0xa color=0xff607d8b actions=1 vis=PRIVATE))
11-03 20:37:05.966529  2365  2619 D CollectorHandler: handleMessage, event: ON_NOTIFICATION_POSTED_WITH_RANKING
11-03 20:37:05.966984  4176  4221 D DownloadManager: Not notifying for pending background play downloads
11-03 20:37:05.971963  2365  2619 D HOME    : [StreamDBQueue]Promised revision #6058 to queue a new op
11-03 20:37:05.972472  2365  2619 D HOME    : [WatchStreamManager]Promised set @ r#6058 for (com.android.providers.downloads,tag=1:com.android.vending,id=0,notifKey=0|com.android.providers.downloads|0|1:com.android.vending|10014)
11-03 20:37:05.974452  2365  3891 D DynamicBucketRankerImpl: StreamItemIdAndRevision{notifKey=0|com.android.providers.downloads|0|1:com.android.vending|10014, packageName=com.android.providers.downloads, tag=1:com.android.vending, id=0, revision=6058, originalRevision=6053, updateCount=5} in bucket #9 (ChronologicalBucket)
11-03 20:37:05.975088  2365  3891 D HOME    : [WatchStreamDB]TopLevelStreamItem{item=StreamItem(StreamItemIdAndRevision{notifKey=0|com.android.providers.downloads|0|1:com.android.vending|10014, packageName=com.android.providers.downloads, tag=1:com.android.vending, id=0, revision=6058, originalRevision=6053, updateCount=5},AutoValue_StreamItemData{hidden=NOT_HIDDEN, title=11 chars, remoteNodeId=null, originalPackageName=com.android.providers.downloads, localPackageName=com.android.providers.downloads, tag=1:com.android.vending, appName=Gestionnaire de tlchargement, postTime=1635968225947, lastDiffedTime=1635968225680, lastPostedInterruptiveTime=0, user=UserHandle{0}, onlyAlertOnce=true, vibrationPattern=null, isInterruptive=false, isGroupSummary=false, dismissalId=null, bridgeTag=null, isAncs=false}), parentAtChildPostTime=null} ranked at index 0
11-03 20:37:05.975409  2365  3891 D HOME    : [WatchStreamDB]Item alerting conditions - isInterruptive: false, recentlyInterrupted: false, isItemPinned: false, isUnread: false
11-03 20:37:05.975653  2365  3891 D HOME    : [StreamAlertingRegulator]isTheaterModeEnabled: false, isAlertingAllowedByOffBody: false, matchesLocalInterruptionFilter: true
11-03 20:37:05.975853  2365  3891 D HOME    : [WatchStreamDB]couldItemAlert: false, isTopItemChanged: true, isDeferralForTopItem: false
11-03 20:37:05.976239  2365  3891 D HOME    : [StreamAdapter]onStreamChange StreamChangeEvent[modified=1, removed=0, modifiedTop=1, removedTop=0, reorder=true, possibleAlertingItem=none]
11-03 20:37:05.976574  2365  3891 D HOME    : [StreamAdapter]onStreamChange StreamChangeEvent[modified=1, removed=0, modifiedTop=1, removedTop=0, reorder=true, possibleAlertingItem=none]
11-03 20:37:05.983754  2365  2365 D HOME    : [TopNotificationReceiver]Sending request to TopNotificationProviderService for complication update
11-03 20:37:05.988353  2365  3891 D HOME    : [NewStreamAdapter]Publishing revision #6058 to adapter clients
11-03 20:37:05.988924  2365  3968 D HOME    : [ComplicationController]scheduleImmediateUpdateForAllFromProvider ComponentInfo{com.google.android.wearable.app/com.google.android.clockwork.wcs.notification.complication.TopNotificationProviderService}
11-03 20:37:05.992267  2365  2365 D HOME    : [StreamAdapter]setStreamItems, size 1
--------- switch to kernel
11-03 20:37:06.121802     0     0 I [touch]x: 313,y:316
--------- switch to main
11-03 20:37:05.994908  2365  2365 D HOME    : [StreamAdapter]setStreamItems, size 1
11-03 20:37:06.141526  2365  2386 I id.wearable.ap: Background concurrent copying GC freed 24600(1284KB) AllocSpace objects, 10(520KB) LOS objects, 25% free, 6MB/8MB, paused 240us total 297.660ms
11-03 20:37:06.569039  1990  2169 I CCTUploader: Failed to get auth token for log sources [[FITNESS_GMS_CORE]] because the account doesn't exist on the device.
11-03 20:37:06.654499  1990  2169 I CCTUploader: Failed to get auth token for log sources [[FITNESS_GMS_CORE]] because the account doesn't exist on the device.
11-03 20:37:06.778347  1990  2169 W Conscrypt: Could not set socket write timeout: java.net.SocketException: Socket closed
11-03 20:37:06.779042  1990  2169 W Conscrypt: 	at com.google.android.gms.org.conscrypt.Platform.setSocketWriteTimeout(:com.google.android.gms@205016071@20.50.16 (050304-351607135):2)
11-03 20:37:06.779107  1990  2169 W Conscrypt: 	at com.google.android.gms.org.conscrypt.ConscryptFileDescriptorSocket.setSoWriteTimeout(:com.google.android.gms@205016071@20.50.16 (050304-351607135):0)
--------- switch to kernel
11-03 20:37:06.812362     0     0 I [touch]x: 236,y:305
--------- switch to system
11-03 20:37:06.938710  1679  1899 I ActivityManager: START u0 {act=android.intent.action.MAIN cmp=com.google.android.apps.wearable.settings/android.support.wearable.preference.WearablePreferenceActivity (has extras)} from uid 1000
--------- switch to main
11-03 20:37:07.001684  1934  1934 W ActivityThread: handleWindowVisibility: no activity for token android.os.BinderProxy@91a5628
--------- switch to system
11-03 20:37:07.012460  1934  1934 W ContextImpl: Calling a method in the system process without a qualified user: android.app.ContextImpl.bindService:1611 android.content.ContextWrapper.bindService:698 com.google.android.wearable.compat.WearableActivityController.onCreate:168 android.support.wearable.activity.WearableActivityDelegate.onCreate:39 android.support.wearable.activity.WearableActivity.onCreate:60 
--------- switch to kernel
11-03 20:37:07.112327     0     0 I init    : Received control message 'start' for 'logd-reinit' from pid: 1934 (com.google.android.apps.wearable.settings)
11-03 20:37:07.113450     0     0 I init    : starting service 'logd-reinit'...
11-03 20:37:07.364522     0     0 I logd.daemon: reinit
11-03 20:37:07.366721     0     0 I init    : Service 'logd-reinit' (pid 4263) exited with status 0
--------- switch to main
11-03 20:37:07.498539  1990  2169 W Conscrypt: Could not set socket write timeout: java.net.SocketException: Socket closed
11-03 20:37:07.499063  1990  2169 W Conscrypt: 	at com.google.android.gms.org.conscrypt.Platform.setSocketWriteTimeout(:com.google.android.gms@205016071@20.50.16 (050304-351607135):2)
11-03 20:37:07.499126  1990  2169 W Conscrypt: 	at com.google.android.gms.org.conscrypt.ConscryptFileDescriptorSocket.setSoWriteTimeout(:com.google.android.gms@205016071@20.50.16 (050304-351607135):0)
11-03 20:37:07.537905  1679  1702 I ActivityManager: Displayed com.google.android.apps.wearable.settings/android.support.wearable.preference.WearablePreferenceActivity: +497ms
11-03 20:37:07.545468  1679  1689 I system_server: Background concurrent copying GC freed 51593(2MB) AllocSpace objects, 4(208KB) LOS objects, 19% free, 10MB/12MB, paused 656us total 963.961ms
11-03 20:37:07.654874  1934  1954 I arable.setting: Background concurrent copying GC freed 25130(1092KB) AllocSpace objects, 2(104KB) LOS objects, 24% free, 2MB/3MB, paused 135us total 317.771ms
--------- switch to kernel
11-03 20:37:07.794283     0     0 D logd    : logdr: UID=10034 GID=10034 PID=1990 n tail=0 logMask=4 pid=0 start=1635968227006000000ns timeout=1635975427768603574ns
--------- switch to main
11-03 20:37:07.902696  4176  4189 V DownloadManager: Deleting /data/data/com.android.providers.downloads/cache/main_fr_fr_d3_20160620.dict via provider delete
--------- switch to system
11-03 20:37:08.010288  1679  1782 E TaskPersister: File error accessing recents directory (directory doesn't exist?).
--------- switch to main
11-03 20:37:08.291974  1990  3231 I NetworkScheduler.Stats: Task com.google.android.gms/com.google.android.gms.clearcut.uploader.QosUploaderService finished executing. cause:5 result: 1 elapsed_millis: 15145 uptime_millis: 15145 exec_start_elapsed_seconds: 317 [CONTEXT service_id=218 ]
11-03 20:37:08.492066  4176  4189 D DownloadManager: Not notifying for pending background play downloads
11-03 20:37:08.494356  4176  4221 W d.process.medi: Long monitor contention with owner Binder:4176_2 (4189) at void com.android.providers.downloads.DownloadNotifier.update()(DownloadNotifier.java:174) waiters=0 in void com.android.providers.downloads.DownloadNotifier.update() for 553ms
11-03 20:37:08.503016  2365  2365 D HOME    : [StreamBackendInit]NotificationService onNotificationPosted StatusBarNotification(pkg=com.android.providers.downloads user=UserHandle{0} id=0 tag=1:com.android.vending key=0|com.android.providers.downloads|0|1:com.android.vending|10014: Notification(channel=active pri=0 contentView=null vibrate=null sound=null defaults=0x0 flags=0xa color=0xff607d8b actions=1 vis=PRIVATE))
11-03 20:37:08.503647  2365  2619 D CollectorHandler: handleMessage, event: ON_NOTIFICATION_POSTED_WITH_RANKING
11-03 20:37:08.509641  2365  2619 D HOME    : [StreamDBQueue]Promised revision #6059 to queue a new op
11-03 20:37:08.510085  2365  2619 D HOME    : [WatchStreamManager]Promised set @ r#6059 for (com.android.providers.downloads,tag=1:com.android.vending,id=0,notifKey=0|com.android.providers.downloads|0|1:com.android.vending|10014)
11-03 20:37:08.511958  2365  3968 D DynamicBucketRankerImpl: StreamItemIdAndRevision{notifKey=0|com.android.providers.downloads|0|1:com.android.vending|10014, packageName=com.android.providers.downloads, tag=1:com.android.vending, id=0, revision=6059, originalRevision=6053, updateCount=6} in bucket #9 (ChronologicalBucket)
11-03 20:37:08.512603  2365  3968 D HOME    : [WatchStreamDB]TopLevelStreamItem{item=StreamItem(StreamItemIdAndRevision{notifKey=0|com.android.providers.downloads|0|1:com.android.vending|10014, packageName=com.android.providers.downloads, tag=1:com.android.vending, id=0, revision=6059, originalRevision=6053, updateCount=6},AutoValue_StreamItemData{hidden=NOT_HIDDEN, title=11 chars, remoteNodeId=null, originalPackageName=com.android.providers.downloads, localPackageName=com.android.providers.downloads, tag=1:com.android.vending, appName=Gestionnaire de tlchargement, postTime=1635968228483, lastDiffedTime=1635968228483, lastPostedInterruptiveTime=0, user=UserHandle{0}, onlyAlertOnce=true, vibrationPattern=null, isInterruptive=false, isGroupSummary=false, dismissalId=null, bridgeTag=null, isAncs=false}), parentAtChildPostTime=null} ranked at index 0
11-03 20:37:08.514782  2365  3968 D HOME    : [WatchStreamDB]Item alerting conditions - isInterruptive: false, recentlyInterrupted: false, isItemPinned: false, isUnread: false
11-03 20:37:08.515060  2365  3968 D HOME    : [StreamAlertingRegulator]isTheaterModeEnabled: false, isAlertingAllowedByOffBody: false, matchesLocalInterruptionFilter: true
11-03 20:37:08.515246  2365  3968 D HOME    : [WatchStreamDB]couldItemAlert: false, isTopItemChanged: true, isDeferralForTopItem: false
11-03 20:37:08.515719  2365  3968 D HOME    : [StreamAdapter]onStreamChange StreamChangeEvent[modified=1, removed=0, modifiedTop=1, removedTop=0, reorder=true, possibleAlertingItem=none]
11-03 20:37:08.516061  2365  3968 D HOME    : [StreamAdapter]onStreamChange StreamChangeEvent[modified=1, removed=0, modifiedTop=1, removedTop=0, reorder=true, possibleAlertingItem=none]
11-03 20:37:08.516368  2365  2365 D HOME    : [TopNotificationReceiver]Sending request to TopNotificationProviderService for complication update
11-03 20:37:08.522434  2365  4256 D HOME    : [ComplicationController]scheduleImmediateUpdateForAllFromProvider ComponentInfo{com.google.android.wearable.app/com.google.android.clockwork.wcs.notification.complication.TopNotificationProviderService}
11-03 20:37:08.535903  2365  2365 D HOME    : [StreamBackendInit]NotificationService onNotificationPosted StatusBarNotification(pkg=com.android.providers.downloads user=UserHandle{0} id=0 tag=1:com.android.vending key=0|com.android.providers.downloads|0|1:com.android.vending|10014: Notification(channel=active pri=0 contentView=null vibrate=null sound=null defaults=0x0 flags=0xa color=0xff607d8b actions=1 vis=PRIVATE))
11-03 20:37:08.550988  4176  4221 D DownloadManager: Not notifying for pending background play downloads
11-03 20:37:08.555428  2365  3968 D HOME    : [NewStreamAdapter]Publishing revision #6059 to adapter clients
11-03 20:37:08.556944  2365  2365 D HOME    : [StreamAdapter]setStreamItems, size 1
11-03 20:37:08.557485  2365  2365 D HOME    : [StreamAdapter]notifyItemChanged 0
11-03 20:37:08.558542  2365  2365 D HOME    : [StreamAdapter]setStreamItems, size 1
11-03 20:37:08.559023  2365  2365 D HOME    : [StreamAdapter]notifyItemChanged 0
11-03 20:37:08.562475  1990  2189 I NetworkScheduler.Stats: Task com.google.android.gms/com.google.android.gms.chimera.container.ConfigService started execution. cause:5 exec_start_elapsed_seconds: 333 [CONTEXT service_id=218 ]
11-03 20:37:08.564294  2365  2619 D CollectorHandler: handleMessage, event: ON_NOTIFICATION_POSTED_WITH_RANKING
11-03 20:37:08.571993  2365  2365 D HOME    : [CompactStreamCard]setStreamItem: StreamItem(StreamItemIdAndRevision{notifKey=0|com.android.providers.downloads|0|1:com.android.vending|10014, packageName=com.android.providers.downloads, tag=1:com.android.vending, id=0, revision=6059, originalRevision=6053, updateCount=6},AutoValue_StreamItemData{hidden=NOT_HIDDEN, title=11 chars, remoteNodeId=null, originalPackageName=com.android.providers.downloads, localPackageName=com.android.providers.downloads, tag=1:com.android.vending, appName=Gestionnaire de tlchargement, postTime=1635968228483, lastDiffedTime=1635968228483, lastPostedInterruptiveTime=0, user=UserHandle{0}, onlyAlertOnce=true, vibrationPattern=null, isInterruptive=false, isGroupSummary=false, dismissalId=null, bridgeTag=null, isAncs=false})
--------- switch to kernel
11-03 20:37:08.579037     0     0 I [touch]x: 302,y:336
--------- switch to main
11-03 20:37:08.604521  2365  2619 D HOME    : [StreamDBQueue]Promised revision #6060 to queue a new op
11-03 20:37:08.604984  2365  2619 D HOME    : [WatchStreamManager]Promised set @ r#6060 for (com.android.providers.downloads,tag=1:com.android.vending,id=0,notifKey=0|com.android.providers.downloads|0|1:com.android.vending|10014)
11-03 20:37:08.606795  2365  3968 D DynamicBucketRankerImpl: StreamItemIdAndRevision{notifKey=0|com.android.providers.downloads|0|1:com.android.vending|10014, packageName=com.android.providers.downloads, tag=1:com.android.vending, id=0, revision=6060, originalRevision=6053, updateCount=7} in bucket #9 (ChronologicalBucket)
11-03 20:37:08.607419  2365  3968 D HOME    : [WatchStreamDB]TopLevelStreamItem{item=StreamItem(StreamItemIdAndRevision{notifKey=0|com.android.providers.downloads|0|1:com.android.vending|10014, packageName=com.android.providers.downloads, tag=1:com.android.vending, id=0, revision=6060, originalRevision=6053, updateCount=7},AutoValue_StreamItemData{hidden=NOT_HIDDEN, title=11 chars, remoteNodeId=null, originalPackageName=com.android.providers.downloads, localPackageName=com.android.providers.downloads, tag=1:com.android.vending, appName=Gestionnaire de tlchargement, postTime=1635968228526, lastDiffedTime=1635968228526, lastPostedInterruptiveTime=0, user=UserHandle{0}, onlyAlertOnce=true, vibrationPattern=null, isInterruptive=false, isGroupSummary=false, dismissalId=null, bridgeTag=null, isAncs=false}), parentAtChildPostTime=null} ranked at index 0
11-03 20:37:08.623281  2264  3158 I ChimeraConfigurator: Starting update, reason: 2 urgentFeatures: 
11-03 20:37:08.648612  4176  4221 D DownloadManager: Not notifying for pending background play downloads
11-03 20:37:08.653248  2365  2365 D HOME    : [StreamBackendInit]NotificationService onNotificationPosted StatusBarNotification(pkg=com.android.providers.downloads user=UserHandle{0} id=0 tag=1:com.android.vending key=0|com.android.providers.downloads|0|1:com.android.vending|10014: Notification(channel=active pri=0 contentView=null vibrate=null sound=null defaults=0x0 flags=0xa color=0xff607d8b actions=1 vis=PRIVATE))
11-03 20:37:08.657370  2365  3968 D HOME    : [WatchStreamDB]Item alerting conditions - isInterruptive: false, recentlyInterrupted: false, isItemPinned: false, isUnread: false
11-03 20:37:08.657956  2365  3968 D HOME    : [StreamAlertingRegulator]isTheaterModeEnabled: false, isAlertingAllowedByOffBody: false, matchesLocalInterruptionFilter: true
11-03 20:37:08.658188  2365  3968 D HOME    : [WatchStreamDB]couldItemAlert: false, isTopItemChanged: true, isDeferralForTopItem: false
11-03 20:37:08.658572  2365  3968 D HOME    : [StreamAdapter]onStreamChange StreamChangeEvent[modified=1, removed=0, modifiedTop=1, removedTop=0, reorder=true, possibleAlertingItem=none]
11-03 20:37:08.659408  2365  3968 D HOME    : [StreamAdapter]onStreamChange StreamChangeEvent[modified=1, removed=0, modifiedTop=1, removedTop=0, reorder=true, possibleAlertingItem=none]
11-03 20:37:08.681037  2365  2365 D HOME    : [TopNotificationReceiver]Sending request to TopNotificationProviderService for complication update
11-03 20:37:08.704718  2365  4256 D HOME    : [ComplicationController]scheduleImmediateUpdateForAllFromProvider ComponentInfo{com.google.android.wearable.app/com.google.android.clockwork.wcs.notification.complication.TopNotificationProviderService}
11-03 20:37:08.712365  2365  3968 D HOME    : [NewStreamAdapter]Publishing revision #6060 to adapter clients
11-03 20:37:08.716779  2365  2619 D CollectorHandler: handleMessage, event: ON_NOTIFICATION_POSTED_WITH_RANKING
11-03 20:37:08.721243  2365  2365 D HOME    : [StreamAdapter]setStreamItems, size 1
11-03 20:37:08.722076  2365  2365 D HOME    : [StreamAdapter]notifyItemChanged 0
11-03 20:37:08.722787  2365  2365 D HOME    : [StreamAdapter]setStreamItems, size 1
11-03 20:37:08.723256  2365  2365 D HOME    : [StreamAdapter]notifyItemChanged 0
11-03 20:37:08.735789  2365  2365 D HOME    : [CompactStreamCard]setStreamItem: StreamItem(StreamItemIdAndRevision{notifKey=0|com.android.providers.downloads|0|1:com.android.vending|10014, packageName=com.android.providers.downloads, tag=1:com.android.vending, id=0, revision=6060, originalRevision=6053, updateCount=7},AutoValue_StreamItemData{hidden=NOT_HIDDEN, title=11 chars, remoteNodeId=null, originalPackageName=com.android.providers.downloads, localPackageName=com.android.providers.downloads, tag=1:com.android.vending, appName=Gestionnaire de tlchargement, postTime=1635968228526, lastDiffedTime=1635968228526, lastPostedInterruptiveTime=0, user=UserHandle{0}, onlyAlertOnce=true, vibrationPattern=null, isInterruptive=false, isGroupSummary=false, dismissalId=null, bridgeTag=null, isAncs=false})
11-03 20:37:08.728249  2365  2619 D HOME    : [StreamDBQueue]Promised revision #6061 to queue a new op
11-03 20:37:08.766094  2365  2619 D HOME    : [WatchStreamManager]Promised set @ r#6061 for (com.android.providers.downloads,tag=1:com.android.vending,id=0,notifKey=0|com.android.providers.downloads|0|1:com.android.vending|10014)
11-03 20:37:08.798769  2365  3968 D DynamicBucketRankerImpl: StreamItemIdAndRevision{notifKey=0|com.android.providers.downloads|0|1:com.android.vending|10014, packageName=com.android.providers.downloads, tag=1:com.android.vending, id=0, revision=6061, originalRevision=6053, updateCount=8} in bucket #9 (ChronologicalBucket)
11-03 20:37:08.815918  2365  3968 D HOME    : [WatchStreamDB]TopLevelStreamItem{item=StreamItem(StreamItemIdAndRevision{notifKey=0|com.android.providers.downloads|0|1:com.android.vending|10014, packageName=com.android.providers.downloads, tag=1:com.android.vending, id=0, revision=6061, originalRevision=6053, updateCount=8},AutoValue_StreamItemData{hidden=NOT_HIDDEN, title=11 chars, remoteNodeId=null, originalPackageName=com.android.providers.downloads, localPackageName=com.android.providers.downloads, tag=1:com.android.vending, appName=Gestionnaire de tlchargement, postTime=1635968228641, lastDiffedTime=1635968228641, lastPostedInterruptiveTime=0, user=UserHandle{0}, onlyAlertOnce=true, vibrationPattern=null, isInterruptive=false, isGroupSummary=false, dismissalId=null, bridgeTag=null, isAncs=false}), parentAtChildPostTime=null} ranked at index 0
11-03 20:37:08.816374  2365  3968 D HOME    : [WatchStreamDB]Item alerting conditions - isInterruptive: false, recentlyInterrupted: false, isItemPinned: false, isUnread: false
11-03 20:37:08.816642  2365  3968 D HOME    : [StreamAlertingRegulator]isTheaterModeEnabled: false, isAlertingAllowedByOffBody: false, matchesLocalInterruptionFilter: true
11-03 20:37:08.816840  2365  3968 D HOME    : [WatchStreamDB]couldItemAlert: false, isTopItemChanged: true, isDeferralForTopItem: false
11-03 20:37:08.833273  2365  3968 D HOME    : [StreamAdapter]onStreamChange StreamChangeEvent[modified=1, removed=0, modifiedTop=1, removedTop=0, reorder=true, possibleAlertingItem=none]
11-03 20:37:08.834051  2365  3968 D HOME    : [StreamAdapter]onStreamChange StreamChangeEvent[modified=1, removed=0, modifiedTop=1, removedTop=0, reorder=true, possibleAlertingItem=none]
11-03 20:37:08.836198  2365  3968 D HOME    : [NewStreamAdapter]Publishing revision #6061 to adapter clients
11-03 20:37:08.847016  2365  2365 D HOME    : [TopNotificationReceiver]Sending request to TopNotificationProviderService for complication update
11-03 20:37:08.855223  2365  3891 D HOME    : [ComplicationController]scheduleImmediateUpdateForAllFromProvider ComponentInfo{com.google.android.wearable.app/com.google.android.clockwork.wcs.notification.complication.TopNotificationProviderService}
11-03 20:37:08.859208  2365  2365 D HOME    : [StreamAdapter]setStreamItems, size 1
11-03 20:37:08.859728  2365  2365 D HOME    : [StreamAdapter]notifyItemChanged 0
11-03 20:37:08.860087  2365  2365 D HOME    : [StreamAdapter]setStreamItems, size 1
11-03 20:37:08.861490  2365  2365 D HOME    : [StreamAdapter]notifyItemChanged 0
11-03 20:37:08.891615  2365  2365 D HOME    : [CompactStreamCard]setStreamItem: StreamItem(StreamItemIdAndRevision{notifKey=0|com.android.providers.downloads|0|1:com.android.vending|10014, packageName=com.android.providers.downloads, tag=1:com.android.vending, id=0, revision=6061, originalRevision=6053, updateCount=8},AutoValue_StreamItemData{hidden=NOT_HIDDEN, title=11 chars, remoteNodeId=null, originalPackageName=com.android.providers.downloads, localPackageName=com.android.providers.downloads, tag=1:com.android.vending, appName=Gestionnaire de tlchargement, postTime=1635968228641, lastDiffedTime=1635968228641, lastPostedInterruptiveTime=0, user=UserHandle{0}, onlyAlertOnce=true, vibrationPattern=null, isInterruptive=false, isGroupSummary=false, dismissalId=null, bridgeTag=null, isAncs=false})
11-03 20:37:08.959680  2264  3158 I ChmraDebugLogger: [49] null [CONTEXT service_id=264 ]
11-03 20:37:09.097883  2264  3158 I ChimeraConfigurator: Update complete: success
11-03 20:37:09.150819  2264  3158 I GmsModuleFndr: Beginning GMS chimera module scan
11-03 20:37:09.195325  2264  3158 I ModuleSetMgr: Computing pending module set with APKs: [[Cronetdynamite:205016050304], [Dynamiteloader:205016050004], [Dynamitemodulesa:205016050004], [Dynamitemodulesc:205016050004], [Googlecertificates:205016050004], [Mapsdynamite:205016050004]]
11-03 20:37:09.290652  2264  3158 I ModuleSetMgr: Pending container module APKs: []
11-03 20:37:09.290756  2264  3158 I ModuleSetMgr: Pending non-container module APKs: []
11-03 20:37:09.350218  2264  2281 I gle.android.gm: Background concurrent copying GC freed 10703(659KB) AllocSpace objects, 17(788KB) LOS objects, 24% free, 4MB/5MB, paused 123us total 260.666ms
--------- switch to kernel
11-03 20:37:09.513458     0     0 I [touch]x: 306,y:328
--------- switch to main
11-03 20:37:09.734740   408   408 E SELinux : avc:  denied  { find } for interface=android.hardware.memtrack::IMemtrack sid=u:r:priv_app:s0:c512,c768 pid=1990 scontext=u:r:priv_app:s0:c512,c768 tcontext=u:object_r:hal_memtrack_hwservice:s0 tclass=hwservice_manager permissive=0
11-03 20:37:09.737250  1990  4268 E memtrack: Couldn't load memtrack module
11-03 20:37:09.737428  1990  4268 W android.os.Debug: failed to get memory consumption info: -1
11-03 20:37:09.793581  1990  3231 I NetworkScheduler.Stats: Task com.google.android.gms/com.google.android.gms.chimera.container.ConfigService finished executing. cause:5 result: 1 elapsed_millis: 1342 uptime_millis: 1342 exec_start_elapsed_seconds: 333 [CONTEXT service_id=218 ]
11-03 20:37:09.944403  2264  3226 I TelephonySpamChimeraSer: Running Telephony Spam Chimera Service [CONTEXT service_id=150 ]
11-03 20:37:09.950428  1990  3231 I NetworkScheduler.Stats: Task com.google.android.gms/com.google.android.gms.telephonyspam.sync.SpamListSyncTaskService started execution. cause:5 exec_start_elapsed_seconds: 334 [CONTEXT service_id=218 ]
11-03 20:37:09.974375  2264  3226 I TelephonySpamChimeraSer: Cleaning SIP Header local table of old entries [CONTEXT service_id=150 ]
11-03 20:37:09.991705  2264  3226 I SpamListSync: Call spam module disabled. Skipping cleaning cache sip header table. [CONTEXT service_id=150 ]
11-03 20:37:09.992202  2264  3226 I TelephonySpamChimeraSer: Syncing Call Spam List [CONTEXT service_id=150 ]
11-03 20:37:09.992642  2264  3226 I SpamListSync: SpamListSyncChimeraService.syncSpamList called with tag: telephonyspam.SpamListSyncLtePeriodicTask, extras: Bundle[{SpamList Type=0, Action=1.0}] [CONTEXT service_id=150 ]
11-03 20:37:10.020065  2365  2365 D HOME    : [StreamBackendInit]NotificationService onNotificationPosted StatusBarNotification(pkg=com.android.providers.downloads user=UserHandle{0} id=0 tag=1:com.android.vending key=0|com.android.providers.downloads|0|1:com.android.vending|10014: Notification(channel=active pri=0 contentView=null vibrate=null sound=null defaults=0x0 flags=0xa color=0xff607d8b actions=1 vis=PRIVATE))
11-03 20:37:10.020958  2365  2619 D CollectorHandler: handleMessage, event: ON_NOTIFICATION_POSTED_WITH_RANKING
11-03 20:37:10.023458  2365  2619 D HOME    : [StreamDBQueue]Promised revision #6062 to queue a new op
11-03 20:37:10.023881  2365  2619 D HOME    : [WatchStreamManager]Promised set @ r#6062 for (com.android.providers.downloads,tag=1:com.android.vending,id=0,notifKey=0|com.android.providers.downloads|0|1:com.android.vending|10014)
11-03 20:37:10.026124  2365  3968 D DynamicBucketRankerImpl: StreamItemIdAndRevision{notifKey=0|com.android.providers.downloads|0|1:com.android.vending|10014, packageName=com.android.providers.downloads, tag=1:com.android.vending, id=0, revision=6062, originalRevision=6053, updateCount=9} in bucket #9 (ChronologicalBucket)
11-03 20:37:10.026646  2365  3968 D HOME    : [WatchStreamDB]TopLevelStreamItem{item=StreamItem(StreamItemIdAndRevision{notifKey=0|com.android.providers.downloads|0|1:com.android.vending|10014, packageName=com.android.providers.downloads, tag=1:com.android.vending, id=0, revision=6062, originalRevision=6053, updateCount=9},AutoValue_StreamItemData{hidden=NOT_HIDDEN, title=11 chars, remoteNodeId=null, originalPackageName=com.android.providers.downloads, localPackageName=com.android.providers.downloads, tag=1:com.android.vending, appName=Gestionnaire de tlchargement, postTime=1635968230006, lastDiffedTime=1635968230006, lastPostedInterruptiveTime=0, user=UserHandle{0}, onlyAlertOnce=true, vibrationPattern=null, isInterruptive=false, isGroupSummary=false, dismissalId=null, bridgeTag=null, isAncs=false}), parentAtChildPostTime=null} ranked at index 0
11-03 20:37:10.026920  2365  3968 D HOME    : [WatchStreamDB]Item alerting conditions - isInterruptive: false, recentlyInterrupted: false, isItemPinned: false, isUnread: false
11-03 20:37:10.027161  2365  3968 D HOME    : [StreamAlertingRegulator]isTheaterModeEnabled: false, isAlertingAllowedByOffBody: false, matchesLocalInterruptionFilter: true
11-03 20:37:10.027317  2365  3968 D HOME    : [WatchStreamDB]couldItemAlert: false, isTopItemChanged: true, isDeferralForTopItem: false
11-03 20:37:10.032178  2264  3226 I SpamListSync: Call spam module disabled. Skipping spam list syncing. [CONTEXT service_id=150 ]
11-03 20:37:10.043447  4176  4221 D DownloadManager: Not notifying for pending background play downloads
11-03 20:37:10.047764  1990  2169 I NetworkScheduler.Stats: Task com.google.android.gms/com.google.android.gms.telephonyspam.sync.SpamListSyncTaskService finished executing. cause:5 result: 1 elapsed_millis: 137 uptime_millis: 137 exec_start_elapsed_seconds: 334 [CONTEXT service_id=218 ]
11-03 20:37:10.062270  2365  3968 D HOME    : [StreamAdapter]onStreamChange StreamChangeEvent[modified=1, removed=0, modifiedTop=1, removedTop=0, reorder=true, possibleAlertingItem=none]
11-03 20:37:10.063204  2365  3968 D HOME    : [StreamAdapter]onStreamChange StreamChangeEvent[modified=1, removed=0, modifiedTop=1, removedTop=0, reorder=true, possibleAlertingItem=none]
11-03 20:37:10.066378  2365  2365 D HOME    : [TopNotificationReceiver]Sending request to TopNotificationProviderService for complication update
11-03 20:37:10.086183  2365  4256 D HOME    : [ComplicationController]scheduleImmediateUpdateForAllFromProvider ComponentInfo{com.google.android.wearable.app/com.google.android.clockwork.wcs.notification.complication.TopNotificationProviderService}
11-03 20:37:10.088353  2365  3968 D HOME    : [NewStreamAdapter]Publishing revision #6062 to adapter clients
11-03 20:37:10.091025  2365  2365 D HOME    : [StreamAdapter]setStreamItems, size 1
11-03 20:37:10.091462  2365  2365 D HOME    : [StreamAdapter]notifyItemChanged 0
11-03 20:37:10.092471  2365  2365 D HOME    : [StreamAdapter]setStreamItems, size 1
11-03 20:37:10.092858  2365  2365 D HOME    : [StreamAdapter]notifyItemChanged 0
11-03 20:37:10.108287  2365  2365 D HOME    : [CompactStreamCard]setStreamItem: StreamItem(StreamItemIdAndRevision{notifKey=0|com.android.providers.downloads|0|1:com.android.vending|10014, packageName=com.android.providers.downloads, tag=1:com.android.vending, id=0, revision=6062, originalRevision=6053, updateCount=9},AutoValue_StreamItemData{hidden=NOT_HIDDEN, title=11 chars, remoteNodeId=null, originalPackageName=com.android.providers.downloads, localPackageName=com.android.providers.downloads, tag=1:com.android.vending, appName=Gestionnaire de tlchargement, postTime=1635968230006, lastDiffedTime=1635968230006, lastPostedInterruptiveTime=0, user=UserHandle{0}, onlyAlertOnce=true, vibrationPattern=null, isInterruptive=false, isGroupSummary=false, dismissalId=null, bridgeTag=null, isAncs=false})
11-03 20:37:10.165970  1990  2169 I NetworkScheduler.Stats: Task com.google.android.apps.walletnfcrel/ started execution. cause:5 exec_start_elapsed_seconds: 334 [CONTEXT service_id=218 ]
11-03 20:37:10.474870  1990  2169 I NetworkScheduler.Stats: Task com.google.android.apps.walletnfcrel/ finished executing. cause:5 result: 1 elapsed_millis: 326 uptime_millis: 326 exec_start_elapsed_seconds: 334 [CONTEXT service_id=218 ]
11-03 20:37:10.669183  2264  3158 I WalletGcmTaskService: Running GcmTask w/ tag INSTANTBUY_SYNC_GCM_TASK_STEP_1
11-03 20:37:10.673468  1990  3231 I NetworkScheduler.Stats: Task com.google.android.gms/com.google.android.gms.wallet.service.WalletGcmTaskService started execution. cause:5 exec_start_elapsed_seconds: 335 [CONTEXT service_id=218 ]
11-03 20:37:10.693082  2264  3158 W RequestQueueProvider: Cannot detect com.android.volley.GmsAbstractRequestQueue at runtime. GmsModuleApi API version is too low: required=101, current=-1
11-03 20:37:10.736455  2264  3158 E GmsRequestQueue: Tried to stop global GMSCore RequestQueue. This is likely unintended, so ignoring.
--------- switch to kernel
11-03 20:37:10.769738     0     0 I [touch]x: 298,y:325
--------- switch to main
11-03 20:37:10.821207  1990  2169 I NetworkScheduler.Stats: Task com.google.android.gms/com.google.android.gms.wallet.service.WalletGcmTaskService finished executing. cause:5 result: 1 elapsed_millis: 215 uptime_millis: 215 exec_start_elapsed_seconds: 335 [CONTEXT service_id=218 ]
11-03 20:37:10.941231  1990  2001 I .gms.persisten: Background concurrent copying GC freed 68205(3MB) AllocSpace objects, 32(2MB) LOS objects, 25% free, 8MB/10MB, paused 1.798ms total 363.787ms
11-03 20:37:10.943353  1990  1999 W System  : A resource failed to call end. 
11-03 20:37:11.063072  1990  4265 I NetworkScheduler.Stats: Task com.google.android.gms/com.google.android.gms.phenotype.service.sync.PhenotypeConfigurator started execution. cause:5 exec_start_elapsed_seconds: 335 [CONTEXT service_id=218 ]
11-03 20:37:12.029066  2365  2365 D HOME    : [StreamBackendInit]NotificationService onNotificationPosted StatusBarNotification(pkg=com.android.providers.downloads user=UserHandle{0} id=0 tag=1:com.android.vending key=0|com.android.providers.downloads|0|1:com.android.vending|10014: Notification(channel=active pri=0 contentView=null vibrate=null sound=null defaults=0x0 flags=0xa color=0xff607d8b actions=1 vis=PRIVATE))
11-03 20:37:12.029980  2365  2619 D CollectorHandler: handleMessage, event: ON_NOTIFICATION_POSTED_WITH_RANKING
11-03 20:37:12.036258  4176  4221 D DownloadManager: Not notifying for pending background play downloads
11-03 20:37:12.044119  2365  2619 D HOME    : [StreamDBQueue]Promised revision #6063 to queue a new op
11-03 20:37:12.047699  2365  3968 D DynamicBucketRankerImpl: StreamItemIdAndRevision{notifKey=0|com.android.providers.downloads|0|1:com.android.vending|10014, packageName=com.android.providers.downloads, tag=1:com.android.vending, id=0, revision=6063, originalRevision=6053, updateCount=10} in bucket #9 (ChronologicalBucket)
11-03 20:37:12.048335  2365  3968 D HOME    : [WatchStreamDB]TopLevelStreamItem{item=StreamItem(StreamItemIdAndRevision{notifKey=0|com.android.providers.downloads|0|1:com.android.vending|10014, packageName=com.android.providers.downloads, tag=1:com.android.vending, id=0, revision=6063, originalRevision=6053, updateCount=10},AutoValue_StreamItemData{hidden=NOT_HIDDEN, title=11 chars, remoteNodeId=null, originalPackageName=com.android.providers.downloads, localPackageName=com.android.providers.downloads, tag=1:com.android.vending, appName=Gestionnaire de tlchargement, postTime=1635968232020, lastDiffedTime=1635968232020, lastPostedInterruptiveTime=0, user=UserHandle{0}, onlyAlertOnce=true, vibrationPattern=null, isInterruptive=false, isGroupSummary=false, dismissalId=null, bridgeTag=null, isAncs=false}), parentAtChildPostTime=null} ranked at index 0
11-03 20:37:12.048679  2365  3968 D HOME    : [WatchStreamDB]Item alerting conditions - isInterruptive: false, recentlyInterrupted: false, isItemPinned: false, isUnread: false
11-03 20:37:12.048920  2365  3968 D HOME    : [StreamAlertingRegulator]isTheaterModeEnabled: false, isAlertingAllowedByOffBody: false, matchesLocalInterruptionFilter: true
11-03 20:37:12.049131  2365  3968 D HOME    : [WatchStreamDB]couldItemAlert: false, isTopItemChanged: true, isDeferralForTopItem: false
11-03 20:37:12.049512  2365  3968 D HOME    : [StreamAdapter]onStreamChange StreamChangeEvent[modified=1, removed=0, modifiedTop=1, removedTop=0, reorder=true, possibleAlertingItem=none]
11-03 20:37:12.051976  2365  2619 D HOME    : [WatchStreamManager]Promised set @ r#6063 for (com.android.providers.downloads,tag=1:com.android.vending,id=0,notifKey=0|com.android.providers.downloads|0|1:com.android.vending|10014)
11-03 20:37:12.058765  2365  3968 D HOME    : [StreamAdapter]onStreamChange StreamChangeEvent[modified=1, removed=0, modifiedTop=1, removedTop=0, reorder=true, possibleAlertingItem=none]
11-03 20:37:12.063711  2365  2365 D HOME    : [TopNotificationReceiver]Sending request to TopNotificationProviderService for complication update
11-03 20:37:12.069509  2365  3968 D HOME    : [NewStreamAdapter]Publishing revision #6063 to adapter clients
11-03 20:37:12.072264  2365  2365 D HOME    : [StreamAdapter]setStreamItems, size 1
11-03 20:37:12.072817  2365  2365 D HOME    : [StreamAdapter]notifyItemChanged 0
11-03 20:37:12.073993  2365  2365 D HOME    : [StreamAdapter]setStreamItems, size 1
11-03 20:37:12.074752  2365  2365 D HOME    : [StreamAdapter]notifyItemChanged 0
11-03 20:37:12.076865  2365  3968 D HOME    : [ComplicationController]scheduleImmediateUpdateForAllFromProvider ComponentInfo{com.google.android.wearable.app/com.google.android.clockwork.wcs.notification.complication.TopNotificationProviderService}
11-03 20:37:12.086997  2365  2365 D HOME    : [CompactStreamCard]setStreamItem: StreamItem(StreamItemIdAndRevision{notifKey=0|com.android.providers.downloads|0|1:com.android.vending|10014, packageName=com.android.providers.downloads, tag=1:com.android.vending, id=0, revision=6063, originalRevision=6053, updateCount=10},AutoValue_StreamItemData{hidden=NOT_HIDDEN, title=11 chars, remoteNodeId=null, originalPackageName=com.android.providers.downloads, localPackageName=com.android.providers.downloads, tag=1:com.android.vending, appName=Gestionnaire de tlchargement, postTime=1635968232020, lastDiffedTime=1635968232020, lastPostedInterruptiveTime=0, user=UserHandle{0}, onlyAlertOnce=true, vibrationPattern=null, isInterruptive=false, isGroupSummary=false, dismissalId=null, bridgeTag=null, isAncs=false})
--------- switch to kernel
11-03 20:37:12.124803     0     0 I [touch]x: 307,y:279
11-03 20:37:13.003753     0     0 I [touch]x: 121,y:197
--------- switch to main
11-03 20:37:13.071353  1990  3231 E qpe     : Phenotype registration failed [CONTEXT service_id=51 ]
11-03 20:37:13.071353  1990  3231 E qpe     : java.util.concurrent.TimeoutException: Timed out waiting for Task
11-03 20:37:13.071353  1990  3231 E qpe     : 	at vkr.f(:com.google.android.gms@205016071@20.50.16 (050304-351607135):7)
11-03 20:37:13.071353  1990  3231 E qpe     : 	at qpe.b(:com.google.android.gms@205016071@20.50.16 (050304-351607135):5)
11-03 20:37:13.071353  1990  3231 E qpe     : 	at com.google.android.gms.phenotype.sync.HeterodyneSyncTaskChimeraService.g(:com.google.android.gms@205016071@20.50.16 (050304-351607135):8)
11-03 20:37:13.071353  1990  3231 E qpe     : 	at com.google.android.gms.phenotype.sync.HeterodyneSyncTaskChimeraService.b(:com.google.android.gms@205016071@20.50.16 (050304-351607135):4)
11-03 20:37:13.071353  1990  3231 E qpe     : 	at msi.call(Unknown Source:4)
11-03 20:37:13.071353  1990  3231 E qpe     : 	at java.util.concurrent.FutureTask.run(FutureTask.java:266)
11-03 20:37:13.071353  1990  3231 E qpe     : 	at iwh.c(:com.google.android.gms@205016071@20.50.16 (050304-351607135):6)
11-03 20:37:13.071353  1990  3231 E qpe     : 	at iwh.run(:com.google.android.gms@205016071@20.50.16 (050304-351607135):8)
11-03 20:37:13.071353  1990  3231 E qpe     : 	at java.util.concurrent.ThreadPoolExecutor.runWorker(ThreadPoolExecutor.java:1167)
11-03 20:37:13.071353  1990  3231 E qpe     : 	at java.util.concurrent.ThreadPoolExecutor$Worker.run(ThreadPoolExecutor.java:641)
11-03 20:37:13.071353  1990  3231 E qpe     : 	at jbu.run(:com.google.android.gms@205016071@20.50.16 (050304-351607135):0)
11-03 20:37:13.071353  1990  3231 E qpe     : 	at java.lang.Thread.run(Thread.java:764)
--------- switch to kernel
11-03 20:37:13.150573     0     0 I init    : Received control message 'restart' for 'adbd' from pid: 1934 (com.google.android.apps.wearable.settings)
11-03 20:37:13.150638     0     0 I init    : Sending signal 9 to service 'adbd' (pid 596) process group...
--------- switch to main
11-03 20:37:13.168000  1799  1799 W RenderThread: type=1400 audit(0.0:252): avc: denied { read } for name="u:object_r:vendor_default_prop:s0" dev="tmpfs" ino=11163 scontext=u:r:untrusted_app_25:s0:c512,c768 tcontext=u:object_r:vendor_default_prop:s0 tclass=file permissive=0
11-03 20:37:13.187939  1799  4032 E libc    : Access denied finding property "vendor.debug.egl.changepixelformat"
11-03 20:37:13.208538  3504  3514 W ckling.facerre: Receiving file descriptor from ADB failed (socket 30): Success
11-03 20:37:13.208659  3504  3514 E ckling.facerre: Something went wrong getting fds from adb. Retry!: Success
11-03 20:37:13.209348  4118  4126 W artwatch.citie: Receiving file descriptor from ADB failed (socket 30): Success
11-03 20:37:13.209430  4118  4126 E artwatch.citie: Something went wrong getting fds from adb. Retry!: Success
11-03 20:37:13.209485  3442  3450 W igurator.energ: Receiving file descriptor from ADB failed (socket 25): Success
11-03 20:37:13.209546  3442  3450 E igurator.energ: Something went wrong getting fds from adb. Retry!: Success
11-03 20:37:13.209979  3417  3425 W com.oma.sub: Receiving file descriptor from ADB failed (socket 25): Success
11-03 20:37:13.210085  3417  3425 E com.oma.sub: Something went wrong getting fds from adb. Retry!: Success
11-03 20:37:13.210711  3398  3407 W tionmeasuremen: Receiving file descriptor from ADB failed (socket 33): Success
--------- switch to kernel
11-03 20:37:13.233333    20    20 E         : [20:37:13.233305] [000000018BC9B0ED] [VosMC]  wlan: [E :SME] Received RRM message. Message Id = 5784
--------- switch to main
11-03 20:37:13.210743  2297  2305 W rator.chrono39: Receiving file descriptor from ADB failed (socket 30): Success
11-03 20:37:13.210823  2297  2305 E rator.chrono39: Something went wrong getting fds from adb. Retry!: Success
11-03 20:37:13.210823  3398  3407 E tionmeasuremen: Something went wrong getting fds from adb. Retry!: Success
11-03 20:37:13.211368  3380  3388 W lcomm.telephon: Receiving file descriptor from ADB failed (socket 30): Success
11-03 20:37:13.211490  3380  3388 E lcomm.telephon: Something went wrong getting fds from adb. Retry!: Success
11-03 20:37:13.211888  2271  2286 W .qcrilmsgtunne: Receiving file descriptor from ADB failed (socket 30): Success
11-03 20:37:13.212004  2271  2286 E .qcrilmsgtunne: Something went wrong getting fds from adb. Retry!: Success
11-03 20:37:13.212007  3356  3363 W id.partnersetu: Receiving file descriptor from ADB failed (socket 30): Success
11-03 20:37:13.212064  3356  3363 E id.partnersetu: Something went wrong getting fds from adb. Retry!: Success
11-03 20:37:13.212402  2264  2277 W gle.android.gm: Receiving file descriptor from ADB failed (socket 30): Success
11-03 20:37:13.212475  2264  2277 E gle.android.gm: Something went wrong getting fds from adb. Retry!: Success
11-03 20:37:13.212461  3281  3288 W rable.bluetoot: Receiving file descriptor from ADB failed (socket 25): Success
11-03 20:37:13.212589  3281  3288 E rable.bluetoot: Something went wrong getting fds from adb. Retry!: Success
11-03 20:37:13.212799  1990  1997 W .gms.persisten: Receiving file descriptor from ADB failed (socket 29): Interrupted system call
11-03 20:37:13.212869  1990  1997 E .gms.persisten: Something went wrong getting fds from adb. Retry!: Interrupted system call
11-03 20:37:13.212968  3246  3253 W ps.walletnfcre: Receiving file descriptor from ADB failed (socket 25): Success
11-03 20:37:13.213031  3246  3253 E ps.walletnfcre: Something went wrong getting fds from adb. Retry!: Success
11-03 20:37:13.213167  1934  1949 W arable.setting: Receiving file descriptor from ADB failed (socket 29): Success
11-03 20:37:13.213233  1934  1949 E arable.setting: Something went wrong getting fds from adb. Retry!: Success
11-03 20:37:13.213505  3178  3185 W .apps.messagin: Receiving file descriptor from ADB failed (socket 30): Success
11-03 20:37:13.213661  3178  3185 E .apps.messagin: Something went wrong getting fds from adb. Retry!: Success
11-03 20:37:13.213914  1925  1942 W sidekickmetric: Receiving file descriptor from ADB failed (socket 29): Interrupted system call
11-03 20:37:13.214034  1925  1942 E sidekickmetric: Something went wrong getting fds from adb. Retry!: Interrupted system call
11-03 20:37:13.214089  4176  4183 W d.process.medi: Receiving file descriptor from ADB failed (socket 30): Success
11-03 20:37:13.214151  4176  4183 E d.process.medi: Something went wrong getting fds from adb. Retry!: Success
11-03 20:37:13.214465  1906  1920 W m.android.phon: Receiving file descriptor from ADB failed (socket 30): Interrupted system call
11-03 20:37:13.214550  1906  1920 E m.android.phon: Something went wrong getting fds from adb. Retry!: Interrupted system call
11-03 20:37:13.214561  2981  2991 W ctivity.metric: Receiving file descriptor from ADB failed (socket 30): Success
11-03 20:37:13.214620  2981  2991 E ctivity.metric: Something went wrong getting fds from adb. Retry!: Success
11-03 20:37:13.214986  2849  2856 W id.apps.fitnes: Receiving file descriptor from ADB failed (socket 25): Success
11-03 20:37:13.215062  2849  2856 E id.apps.fitnes: Something went wrong getting fds from adb. Retry!: Success
11-03 20:37:13.215139  1900  1913 W elephonyservic: Receiving file descriptor from ADB failed (socket 30): Interrupted system call
11-03 20:37:13.215209  1900  1913 E elephonyservic: Something went wrong getting fds from adb. Retry!: Interrupted system call
11-03 20:37:13.215463  3789  3796 W .android.gms.u: Receiving file descriptor from ADB failed (socket 25): Success
--------- switch to kernel
11-03 20:37:13.233391    20    20 E         : [20:37:13.233366] [000000018BC9B58F] [VosMC]  wlan: [E :SME] Received Beacon report request ind Channel = 1
11-03 20:37:13.233410    20    20 E         : [20:37:13.233385] [000000018BC9B6F7] [VosMC]  wlan: [E :SME] sme_RrmProcessBeaconReportReqInd: 910: Allocated memory for ChannelList
11-03 20:37:13.233424    20    20 E         : [20:37:13.233400] [000000018BC9B80F] [VosMC]  wlan: [E :SME] channel == 1
11-03 20:37:13.233440    20    20 E         : [20:37:13.233417] [000000018BC9B950] [VosMC]  wlan: [E :SME] Issue scan request
11-03 20:37:13.233459    20    20 E         : [20:37:13.233435] [000000018BC9BAA9] [VosMC]  wlan: [E :SME] sme_RrmIssueScanReq: 753: Allocated memory for pSSIDList
11-03 20:37:13.233482    20    20 E         : [20:37:13.233459] [000000018BC9BC75] [VosMC]  wlan: [E :SME] For Duration 10
11-03 20:37:13.233496    20    20 E         : [20:37:13.233472] [000000018BC9BD77] [VosMC]  wlan: [E :SME] On channel 1
11-03 20:37:13.233770    20    20 E         : [20:37:13.233745] [000000018BC9D1E7] [VosMC]  wlan: [E :SME] sme_RrmIssueScanReq: 800: Free memory for SSIDList
11-03 20:37:13.238778     0     0 I libprocessgroup: Successfully killed process cgroup uid 0 pid 596 in 88ms
11-03 20:37:13.244728     0     0 I init    : Service 'adbd' (pid 596) received signal 9
11-03 20:37:13.247559     0     0 I init    : starting service 'adbd'...
11-03 20:37:13.304116    20    20 E         : [20:37:13.304088] [000000018BDE6DA6] [VosMC]  wlan: [E :SME] Scan Request callback
11-03 20:37:13.304137    20    20 E         : [20:37:13.304112] [000000018BDE6F84] [VosMC]  wlan: [E :SME] Send scan result to PE
11-03 20:37:13.304154    20    20 E         : [20:37:13.304130] [000000018BDE70CF] [VosMC]  wlan: [E :SME] sme_RrmSendScanResult: 494: Allocated memory for SSIDList
--------- switch to main
11-03 20:37:13.215541  3789  3796 E .android.gms.u: Something went wrong getting fds from adb. Retry!: Success
11-03 20:37:13.215540  1679  1685 W system_server: Receiving file descriptor from ADB failed (socket 29): Interrupted system call
11-03 20:37:13.215638  1679  1685 E system_server: Something went wrong getting fds from adb. Retry!: Interrupted system call
11-03 20:37:13.215949  3710  3720 W id.gms.unstabl: Receiving file descriptor from ADB failed (socket 30): Success
11-03 20:37:13.216024  3710  3720 E id.gms.unstabl: Something went wrong getting fds from adb. Retry!: Success
