11-03 10:55:22.254812  1686  2014 D SidekickService: sendNumbersLocked(): drawableInfo = {.id = 6, .width = 100, .height = 50, .display = true, .offsetX = 214.0, .offsetY = 30.0, .rotationInfo = {.hasRotation = false, .pivotX = 0.0, .pivotY = 0.0, .degreesPerDay = 0.0, .degreesPerStep = 0.0, .zeroDegreesTime = {.daysSinceLocalEpoch = 0, .msSinceMidnight = 0}}, .transformInfo = {.transformed = false, .flipX = false, .flipY = false, .flip45 = false, .scaleX = 0.0, .scaleY = 0.0}, .type = NUMBER, .blink = {.blinking = false, .periodOnMs = 0.0, .periodOffMs = 0.0, .startTime = {.daysSinceLocalEpoch = 0, .msSinceMidnight = 0}}, .zOrder = 5, .displayInTwm = true}, numberInfo = {.startTime = {.daysSinceLocalEpoch = 0, .msSinceMidnight = 0}, .startNumber = 0, .minNumber = 0, .maxNumber = 59, .increment = 1, .msPerIncrement = 60000.0, .fontId = 4, .digits = 2, .leadingZeroes = 1, .digit = -1, .transitionMs = 0.0}
11-03 10:55:22.255246   416   416 D SKGHAL  : saveResource: resId = 6
11-03 10:55:22.255843  1686  2014 D SidekickService: sendNumbersLocked(): status = 0, bytesUsed = 0
11-03 10:55:22.255981  1686  2014 D SidekickService: ISidekickGraphics#endResources()...
11-03 10:55:22.315902   512 13333 I sensors-hal: handle_indication_realtime:355,  SCHED_FIFO(10) for qmi_cbk
11-03 10:55:22.467817   416   416 D SKGHAL  : sendResources: metadata size = 2400, font size = 72
11-03 10:55:22.570472   416   416 D SKGHAL  : endResources: rc = 0
11-03 10:55:22.570570   416   416 D SKGHAL  : Changing to ACTIVE state
11-03 10:55:22.571717  1686  1686 W system_server: Long monitor contention with owner Binder:1686_5 (2014) at int com.google.android.clockwork.sidekick.SidekickService$BinderService.sendWatchFace(com.google.android.clockwork.decomposablewatchface.WatchFaceDecomposition, boolean)(SidekickService.java:1021) waiters=0 in void com.google.android.clockwork.sidekick.SidekickService$2.onChange(boolean) for 334ms
11-03 10:55:22.571979  2520 12978 I SidekickManager: sendWatchFaceImpl(): watchFace = com.google.android.clockwork.decomposablewatchface.WatchFaceDecomposition@bd6a3e forTWM = false
11-03 10:55:22.572319  2520  2520 D HOME    : [SidekickManagerAsync]sendWatchFace(): Callback#onResult(): 0
11-03 10:55:22.573990  1686  1686 I SidekickService: loadBrightnessLocked()
11-03 10:55:22.577961  1686  1686 D SidekickService: screenBrightness  = 53
11-03 10:55:22.579317  1686  1686 D SidekickService: sendConfigValuesLocked(): alsThresholds = [40, 92, 95, 100, 125, 150, 175, 200, 225, 250, 300, 400, 500, 800, 1200], brightnessValuesBright = [50, 56, 60, 70, 80, 90, 100, 115, 120, 140, 160, 180, 200, 220, 240, 255], brightnessValuesDim= [50, 56, 60, 70, 80, 90, 100, 115, 120, 140, 160, 180, 200, 220, 240, 255]
11-03 10:55:22.584829  1686  2014 D SidekickService: sendWatchFaceComponents called: watchFace = com.google.android.clockwork.decomposablewatchface.WatchFaceDecomposition@6c197d4shouldReplace = true
11-03 10:55:22.589614  1686  1686 D SidekickService: setAlsMode(): mode = 2, brightenAlpha = 80, dimmingAlpha = 80
11-03 10:55:22.599235  1686  1686 D SidekickService: setTwmConfig():: msTiltToBright = 10000, tiltToBright = false
--------- switch to system
11-03 10:55:22.600268  1686  1686 W Looper  : Slow dispatch took 363ms main h=android.os.Handler c=android.database.ContentObserver$NotificationRunnable@ea86d7d m=0
--------- switch to main
11-03 10:55:22.600878  1686  2014 D SidekickService: Check decomposition for calling app com.google.android.wearable.app with uid 10049
11-03 10:55:22.601714  1686  2014 D SidekickService: sendWatchFaceLocked(): shouldReplace = true, mSidekickIsControlling = false, 2 images, 1 fonts, 2 numbers, 0 proportionalFonts, 0 strings
11-03 10:55:22.601803  1686  2014 D SidekickService: resetLocked()
--------- switch to system
11-03 10:55:22.601955  1686  1686 W Looper  : Slow delivery took 290ms main h=com.android.clockwork.gestures.detector.gaze.SensorDataChecker$1 c=null m=1
--------- switch to main
11-03 10:55:22.610824   416   416 D SKGHAL  : Changing to  RESET state
11-03 10:55:22.611458  1686  2014 D SidekickService: ISidekickGraphics#beginResources()...
11-03 10:55:22.611797   416   416 D SKGHAL  : Changing to DOWNLOAD State
11-03 10:55:22.612592  1686  2014 D SidekickServiceUtils: bitmapFromDrawable: Returning bitmap directly
11-03 10:55:22.620761  1686  2014 W SidekickService: null digitDimensions in font, setting to PointF(20.0, 27.0)
11-03 10:55:22.621054  1686  2014 D SidekickService: sendFontsLocked(): fontInfo = {.width = 20, .height = 27, .nGlyphs = 10, .id = 4}, image.size() = 919
11-03 10:55:22.623038   416   416 D SKGHAL  : saveResource: resId = 4
11-03 10:55:22.627330  1686  2014 D SidekickService: sendFontsLocked(): status = 0, bytesUsed = 1374
11-03 10:55:22.628487  1686  2014 D SidekickServiceUtils: bitmapFromDrawable: Returning bitmap directly
11-03 10:55:22.739746  1686  2014 D SidekickService: sendBitmapsLocked(): bounds = RectF(0.0, 0.0, 1.0, 1.0), drawableInfo = {.id = 0, .width = 416, .height = 416, .display = true, .offsetX = 0.0, .offsetY = 0.0, .rotationInfo = {.hasRotation = false, .pivotX = 0.0, .pivotY = 0.0, .degreesPerDay = 0.0, .degreesPerStep = 0.0, .zeroDegreesTime = {.daysSinceLocalEpoch = 0, .msSinceMidnight = 0}}, .transformInfo = {.transformed = false, .flipX = false, .flipY = false, .flip45 = false, .scaleX = 0.0, .scaleY = 0.0}, .type = GENERIC, .blink = {.blinking = false, .periodOnMs = 0.0, .periodOffMs = 0.0, .startTime = {.daysSinceLocalEpoch = 0, .msSinceMidnight = 0}}, .zOrder = 1, .displayInTwm = true}, image.size() = 6063
11-03 10:55:22.743615  3316  3328 I .gms.persisten: Background concurrent copying GC freed 68590(2MB) AllocSpace objects, 0(0B) LOS objects, 24% free, 7MB/10MB, paused 167us total 193.100ms
11-03 10:55:22.754281   416   416 D SKGHAL  : saveResource: resId = 0
11-03 10:55:22.773737  1686  2014 D SidekickService: sendBitmapsLocked(): status = 0, bytesUsed = 9429
11-03 10:55:22.774591  1686  2014 D SidekickServiceUtils: bitmapFromDrawable: Returning bitmap directly
11-03 10:55:22.777677  1686  2014 D SidekickService: sendBitmapsLocked(): bounds = RectF(0.0, 0.0, 0.0024038462, 0.0024038462), drawableInfo = {.id = 100000, .width = 1, .height = 1, .display = true, .offsetX = 0.0, .offsetY = 0.0, .rotationInfo = {.hasRotation = false, .pivotX = 0.0, .pivotY = 0.0, .degreesPerDay = 0.0, .degreesPerStep = 0.0, .zeroDegreesTime = {.daysSinceLocalEpoch = 0, .msSinceMidnight = 0}}, .transformInfo = {.transformed = false, .flipX = false, .flipY = false, .flip45 = false, .scaleX = 0.0, .scaleY = 0.0}, .type = GENERIC, .blink = {.blinking = false, .periodOnMs = 0.0, .periodOffMs = 0.0, .startTime = {.daysSinceLocalEpoch = 0, .msSinceMidnight = 0}}, .zOrder = 6, .displayInTwm = true}, image.size() = 84
11-03 10:55:22.779490   416   416 D SKGHAL  : saveResource: resId = 100000
11-03 10:55:22.780101  1686  2014 D SidekickService: sendBitmapsLocked(): status = 0, bytesUsed = 18
11-03 10:55:22.781537  1686  2014 D SidekickService: sendNumbersLocked(): drawableInfo = {.id = 5, .width = 100, .height = 50, .display = true, .offsetX = 162.0, .offsetY = 30.0, .rotationInfo = {.hasRotation = false, .pivotX = 0.0, .pivotY = 0.0, .degreesPerDay = 0.0, .degreesPerStep = 0.0, .zeroDegreesTime = {.daysSinceLocalEpoch = 0, .msSinceMidnight = 0}}, .transformInfo = {.transformed = false, .flipX = false, .flipY = false, .flip45 = false, .scaleX = 0.0, .scaleY = 0.0}, .type = NUMBER, .blink = {.blinking = false, .periodOnMs = 0.0, .periodOffMs = 0.0, .startTime = {.daysSinceLocalEpoch = 0, .msSinceMidnight = 0}}, .zOrder = 5, .displayInTwm = true}, numberInfo = {.startTime = {.daysSinceLocalEpoch = 0, .msSinceMidnight = 0}, .startNumber = 0, .minNumber = 0, .maxNumber = 23, .increment = 1, .msPerIncrement = 3600000.0, .fontId = 4, .digits = 2, .leadingZeroes = 1, .digit = -1, .transitionMs = 0.0}
11-03 10:55:22.782341   416   416 D SKGHAL  : saveResource: resId = 5
11-03 10:55:22.782797  1686  2014 D SidekickService: sendNumbersLocked(): status = 0, bytesUsed = 0
11-03 10:55:22.784148  1686  2014 D SidekickService: sendNumbersLocked(): drawableInfo = {.id = 6, .width = 100, .height = 50, .display = true, .offsetX = 214.0, .offsetY = 30.0, .rotationInfo = {.hasRotation = false, .pivotX = 0.0, .pivotY = 0.0, .degreesPerDay = 0.0, .degreesPerStep = 0.0, .zeroDegreesTime = {.daysSinceLocalEpoch = 0, .msSinceMidnight = 0}}, .transformInfo = {.transformed = false, .flipX = false, .flipY = false, .flip45 = false, .scaleX = 0.0, .scaleY = 0.0}, .type = NUMBER, .blink = {.blinking = false, .periodOnMs = 0.0, .periodOffMs = 0.0, .startTime = {.daysSinceLocalEpoch = 0, .msSinceMidnight = 0}}, .zOrder = 5, .displayInTwm = true}, numberInfo = {.startTime = {.daysSinceLocalEpoch = 0, .msSinceMidnight = 0}, .startNumber = 0, .minNumber = 0, .maxNumber = 59, .increment = 1, .msPerIncrement = 60000.0, .fontId = 4, .digits = 2, .leadingZeroes = 1, .digit = -1, .transitionMs = 0.0}
11-03 10:55:22.784750   416   416 D SKGHAL  : saveResource: resId = 6
11-03 10:55:22.785058  1686  2014 D SidekickService: sendNumbersLocked(): status = 0, bytesUsed = 0
11-03 10:55:22.785211  1686  2014 D SidekickService: ISidekickGraphics#endResources()...
11-03 10:55:22.940150   416   416 D SKGHAL  : sendResources: metadata size = 2400, font size = 72
11-03 10:55:22.979392   416   416 D SKGHAL  : endResources: rc = 0
11-03 10:55:22.979572   416   416 D SKGHAL  : Changing to ACTIVE state
11-03 10:55:22.980913  2520 12978 I SidekickManager: sendWatchFaceImpl(): watchFace = com.google.android.clockwork.decomposablewatchface.WatchFaceDecomposition@ab1f5ec forTWM = false
11-03 10:55:22.981234  2520  2520 D HOME    : [SidekickManagerAsync]sendWatchFace(): Callback#onResult(): 0
11-03 10:55:22.987590  1686  2014 D SidekickService: sendWatchFaceComponents called: watchFace = com.google.android.clockwork.decomposablewatchface.WatchFaceDecomposition@ac0e472shouldReplace = true
11-03 10:55:22.987838  1686  2014 D SidekickService: Check decomposition for calling app com.google.android.wearable.app with uid 10049
11-03 10:55:22.988795  1686  2014 D SidekickService: sendWatchFaceLocked(): shouldReplace = true, mSidekickIsControlling = false, 2 images, 1 fonts, 2 numbers, 0 proportionalFonts, 0 strings
11-03 10:55:22.988874  1686  2014 D SidekickService: resetLocked()
11-03 10:55:22.995489   416   416 D SKGHAL  : Changing to  RESET state
11-03 10:55:22.995904  1686  2014 D SidekickService: ISidekickGraphics#beginResources()...
11-03 10:55:22.996263   416  2389 D SKGHAL  : Changing to DOWNLOAD State
11-03 10:55:22.997500  1686  2014 D SidekickServiceUtils: bitmapFromDrawable: Returning bitmap directly
11-03 10:55:23.007500  1686  2014 W SidekickService: null digitDimensions in font, setting to PointF(20.0, 27.0)
11-03 10:55:23.007775  1686  2014 D SidekickService: sendFontsLocked(): fontInfo = {.width = 20, .height = 27, .nGlyphs = 10, .id = 4}, image.size() = 919
11-03 10:55:23.010246   416   416 D SKGHAL  : saveResource: resId = 4
11-03 10:55:23.015389  1686  2014 D SidekickService: sendFontsLocked(): status = 0, bytesUsed = 1374
11-03 10:55:23.016244  1686  2014 D SidekickServiceUtils: bitmapFromDrawable: Returning bitmap directly
11-03 10:55:23.127481  1686  2014 D SidekickService: sendBitmapsLocked(): bounds = RectF(0.0, 0.0, 1.0, 1.0), drawableInfo = {.id = 0, .width = 416, .height = 416, .display = true, .offsetX = 0.0, .offsetY = 0.0, .rotationInfo = {.hasRotation = false, .pivotX = 0.0, .pivotY = 0.0, .degreesPerDay = 0.0, .degreesPerStep = 0.0, .zeroDegreesTime = {.daysSinceLocalEpoch = 0, .msSinceMidnight = 0}}, .transformInfo = {.transformed = false, .flipX = false, .flipY = false, .flip45 = false, .scaleX = 0.0, .scaleY = 0.0}, .type = GENERIC, .blink = {.blinking = false, .periodOnMs = 0.0, .periodOffMs = 0.0, .startTime = {.daysSinceLocalEpoch = 0, .msSinceMidnight = 0}}, .zOrder = 1, .displayInTwm = true}, image.size() = 6063
11-03 10:55:23.142148   416   416 D SKGHAL  : saveResource: resId = 0
--------- switch to system
11-03 10:55:23.156059  1686  1686 W Looper  : Drained
--------- switch to main
11-03 10:55:23.156348   512   512 I sensors-hal: batch:140, android.sensor.accelerometer/48, period=66667000, max_latency=100000000
11-03 10:55:23.160070   512   512 I sensors-hal: batch:149, android.sensor.accelerometer/48, period=66667000, max_latency=100000000 request completed
11-03 10:55:23.161452  1686  2014 D SidekickService: sendBitmapsLocked(): status = 0, bytesUsed = 9429
11-03 10:55:23.162020  1686  2014 D SidekickServiceUtils: bitmapFromDrawable: Returning bitmap directly
11-03 10:55:23.162691   512   512 I sensors-hal: batch:140, android.sensor.accelerometer/48, period=19231000, max_latency=100000000
11-03 10:55:23.163150  1686  2014 D SidekickService: sendBitmapsLocked(): bounds = RectF(0.0, 0.0, 0.0024038462, 0.0024038462), drawableInfo = {.id = 100000, .width = 1, .height = 1, .display = true, .offsetX = 0.0, .offsetY = 0.0, .rotationInfo = {.hasRotation = false, .pivotX = 0.0, .pivotY = 0.0, .degreesPerDay = 0.0, .degreesPerStep = 0.0, .zeroDegreesTime = {.daysSinceLocalEpoch = 0, .msSinceMidnight = 0}}, .transformInfo = {.transformed = false, .flipX = false, .flipY = false, .flip45 = false, .scaleX = 0.0, .scaleY = 0.0}, .type = GENERIC, .blink = {.blinking = false, .periodOnMs = 0.0, .periodOffMs = 0.0, .startTime = {.daysSinceLocalEpoch = 0, .msSinceMidnight = 0}}, .zOrder = 6, .displayInTwm = true}, image.size() = 84
11-03 10:55:23.163253  1686  1686 D DefaultUngazeDetector: Ungaze event occurred; emitting gesture event!
11-03 10:55:23.163330  1686  1686 D WristGestureCtrl: Gesture:GESTURE UNGAZE, timestamp(ms): 64801173, confidence: 0.0, latency(ms): 0, duration(ms): 1420
11-03 10:55:23.163887   416   416 D SKGHAL  : saveResource: resId = 100000
11-03 10:55:23.164445  1686  2014 D SidekickService: sendBitmapsLocked(): status = 0, bytesUsed = 18
11-03 10:55:23.164688   512   512 I sensors-hal: batch:149, android.sensor.accelerometer/48, period=19231000, max_latency=100000000 request completed
11-03 10:55:23.165105   512   512 I sensors-hal: flush:169, android.sensor.accelerometer/48
11-03 10:55:23.165547  1686  2014 D SidekickService: sendNumbersLocked(): drawableInfo = {.id = 5, .width = 100, .height = 50, .display = true, .offsetX = 162.0, .offsetY = 30.0, .rotationInfo = {.hasRotation = false, .pivotX = 0.0, .pivotY = 0.0, .degreesPerDay = 0.0, .degreesPerStep = 0.0, .zeroDegreesTime = {.daysSinceLocalEpoch = 0, .msSinceMidnight = 0}}, .transformInfo = {.transformed = false, .flipX = false, .flipY = false, .flip45 = false, .scaleX = 0.0, .scaleY = 0.0}, .type = NUMBER, .blink = {.blinking = false, .periodOnMs = 0.0, .periodOffMs = 0.0, .startTime = {.daysSinceLocalEpoch = 0, .msSinceMidnight = 0}}, .zOrder = 5, .displayInTwm = true}, numberInfo = {.startTime = {.daysSinceLocalEpoch = 0, .msSinceMidnight = 0}, .startNumber = 0, .minNumber = 0, .maxNumber = 23, .increment = 1, .msPerIncrement = 3600000.0, .fontId = 4, .digits = 2, .leadingZeroes = 1, .digit = -1, .transitionMs = 0.0}
11-03 10:55:23.166247   512   512 I sensors-hal: flush:175, android.sensor.accelerometer/48 completed
11-03 10:55:23.166496   416   416 D SKGHAL  : saveResource: resId = 5
--------- switch to system
11-03 10:55:23.166586  1686  1686 I WindowManager: sleepRelease() calling goToSleep(GO_TO_SLEEP_REASON_SLEEP_BUTTON)
--------- switch to main
11-03 10:55:23.166748  1686  2014 D SidekickService: sendNumbersLocked(): status = 0, bytesUsed = 0
--------- switch to system
11-03 10:55:23.166772  1686  1686 I PowerManagerService: Going to sleep due to sleep button (uid 1000)...
--------- switch to main
11-03 10:55:23.167716  1686  2014 D SidekickService: sendNumbersLocked(): drawableInfo = {.id = 6, .width = 100, .height = 50, .display = true, .offsetX = 214.0, .offsetY = 30.0, .rotationInfo = {.hasRotation = false, .pivotX = 0.0, .pivotY = 0.0, .degreesPerDay = 0.0, .degreesPerStep = 0.0, .zeroDegreesTime = {.daysSinceLocalEpoch = 0, .msSinceMidnight = 0}}, .transformInfo = {.transformed = false, .flipX = false, .flipY = false, .flip45 = false, .scaleX = 0.0, .scaleY = 0.0}, .type = NUMBER, .blink = {.blinking = false, .periodOnMs = 0.0, .periodOffMs = 0.0, .startTime = {.daysSinceLocalEpoch = 0, .msSinceMidnight = 0}}, .zOrder = 5, .displayInTwm = true}, numberInfo = {.startTime = {.daysSinceLocalEpoch = 0, .msSinceMidnight = 0}, .startNumber = 0, .minNumber = 0, .maxNumber = 59, .increment = 1, .msPerIncrement = 60000.0, .fontId = 4, .digits = 2, .leadingZeroes = 1, .digit = -1, .transitionMs = 0.0}
--------- switch to system
11-03 10:55:23.167765  1686  1686 W UsageStatsService: Event reported without a package name
11-03 10:55:23.167837  1686  1712 I DreamManagerService: Entering dreamland.
--------- switch to main
11-03 10:55:23.168317   416   416 D SKGHAL  : saveResource: resId = 6
--------- switch to system
11-03 10:55:23.168536  1686  1712 I PowerManagerService: Dozing...
--------- switch to main
11-03 10:55:23.168682  1686  2014 D SidekickService: sendNumbersLocked(): status = 0, bytesUsed = 0
11-03 10:55:23.168833  1686  2014 D SidekickService: ISidekickGraphics#endResources()...
--------- switch to system
11-03 10:55:23.181763  1686  1708 I DreamController: Starting dream: name=ComponentInfo{com.google.android.wearable.ambient/com.google.android.wearable.ambient.AmbientDream}, isTest=false, canDoze=true, userId=0
--------- switch to main
11-03 10:55:23.491680   416   416 D SKGHAL  : sendResources: metadata size = 2400, font size = 72
11-03 10:55:23.525662   416   416 D SKGHAL  : endResources: rc = 0
11-03 10:55:23.525766   416   416 D SKGHAL  : Changing to ACTIVE state
11-03 10:55:23.527410  2520 12978 I SidekickManager: sendWatchFaceImpl(): watchFace = com.google.android.clockwork.decomposablewatchface.WatchFaceDecomposition@c21ec4a forTWM = false
11-03 10:55:23.527606  2520  2520 D HOME    : [SidekickManagerAsync]sendWatchFace(): Callback#onResult(): 0
--------- switch to system
11-03 10:55:23.535522  1686  1686 W ContextImpl: Calling a method in the system process without a qualified user: android.app.ContextImpl.bindService:1611 android.content.ContextWrapper.bindService:698 com.google.android.wearable.ambient.AmbientDream.onCreate:191 android.app.ActivityThread.handleCreateService:3533 android.app.ActivityThread.access$1300:200 
--------- switch to main
11-03 10:55:23.537018  1686  2014 D SidekickService: sendWatchFaceComponents called: watchFace = com.google.android.clockwork.decomposablewatchface.WatchFaceDecomposition@3649e04shouldReplace = true
11-03 10:55:23.537287  1686  2014 D SidekickService: Check decomposition for calling app com.google.android.wearable.app with uid 10049
11-03 10:55:23.538316  1686  2014 D SidekickService: sendWatchFaceLocked(): shouldReplace = true, mSidekickIsControlling = false, 2 images, 1 fonts, 2 numbers, 0 proportionalFonts, 0 strings
11-03 10:55:23.538412  1686  2014 D SidekickService: resetLocked()
--------- switch to system
11-03 10:55:23.539559  1686  1686 W ContextImpl: Calling a method in the system process without a qualified user: android.app.ContextImpl.sendBroadcast:1005 android.content.ContextWrapper.sendBroadcast:444 com.google.android.wearable.ambient.AmbientDream.onCreate:241 android.app.ActivityThread.handleCreateService:3533 android.app.ActivityThread.access$1300:200 
11-03 10:55:23.540219  1686  1686 W Looper  : Slow dispatch took 352ms main h=android.app.ActivityThread$H c=null m=114
11-03 10:55:23.541225  1686  1686 V DreamService[AmbientDream]: onBind() intent = Intent { act=android.service.dreams.DreamService flg=0x800000 cmp=com.google.android.wearable.ambient/.AmbientDream }
11-03 10:55:23.541523  1686  1686 W Looper  : Slow delivery took 354ms main h=android.app.ActivityThread$H c=null m=121
--------- switch to main
11-03 10:55:23.542168  1686  1686 I AmbientService: [ce6a28c] Ambient Created
--------- switch to system
11-03 10:55:23.542265  1686  1686 W Looper  : Drained
11-03 10:55:23.542883  1686  1686 V DreamService[AmbientDream]: Calling onDreamingStarted()
--------- switch to main
11-03 10:55:23.542996  1686  1686 I AmbientService: [ce6a28c] doOnDreamingStarted
11-03 10:55:23.543522  1686  1686 D SidekickService: setShouldControlDisplay called: true
11-03 10:55:23.550042   416   416 D SKGHAL  : Changing to  RESET state
11-03 10:55:23.550649  1686  2014 D SidekickService: ISidekickGraphics#beginResources()...
11-03 10:55:23.551015   416   416 D SKGHAL  : Changing to DOWNLOAD State
11-03 10:55:23.552013  1686  2014 D SidekickServiceUtils: bitmapFromDrawable: Returning bitmap directly
11-03 10:55:23.561760  1686  2014 W SidekickService: null digitDimensions in font, setting to PointF(20.0, 27.0)
11-03 10:55:23.562051  1686  2014 D SidekickService: sendFontsLocked(): fontInfo = {.width = 20, .height = 27, .nGlyphs = 10, .id = 4}, image.size() = 919
11-03 10:55:23.564019   416   416 D SKGHAL  : saveResource: resId = 4
11-03 10:55:23.569448  1686  2014 D SidekickService: sendFontsLocked(): status = 0, bytesUsed = 1374
11-03 10:55:23.570268  1686  2014 D SidekickServiceUtils: bitmapFromDrawable: Returning bitmap directly
11-03 10:55:23.680512  1686  2014 D SidekickService: sendBitmapsLocked(): bounds = RectF(0.0, 0.0, 1.0, 1.0), drawableInfo = {.id = 0, .width = 416, .height = 416, .display = true, .offsetX = 0.0, .offsetY = 0.0, .rotationInfo = {.hasRotation = false, .pivotX = 0.0, .pivotY = 0.0, .degreesPerDay = 0.0, .degreesPerStep = 0.0, .zeroDegreesTime = {.daysSinceLocalEpoch = 0, .msSinceMidnight = 0}}, .transformInfo = {.transformed = false, .flipX = false, .flipY = false, .flip45 = false, .scaleX = 0.0, .scaleY = 0.0}, .type = GENERIC, .blink = {.blinking = false, .periodOnMs = 0.0, .periodOffMs = 0.0, .startTime = {.daysSinceLocalEpoch = 0, .msSinceMidnight = 0}}, .zOrder = 1, .displayInTwm = true}, image.size() = 6063
11-03 10:55:23.695212   416   416 D SKGHAL  : saveResource: resId = 0
11-03 10:55:23.712991  1686  2014 D SidekickService: sendBitmapsLocked(): status = 0, bytesUsed = 9429
11-03 10:55:23.713795  1686  2014 D SidekickServiceUtils: bitmapFromDrawable: Returning bitmap directly
11-03 10:55:23.715214  1686  2014 D SidekickService: sendBitmapsLocked(): bounds = RectF(0.0, 0.0, 0.0024038462, 0.0024038462), drawableInfo = {.id = 100000, .width = 1, .height = 1, .display = true, .offsetX = 0.0, .offsetY = 0.0, .rotationInfo = {.hasRotation = false, .pivotX = 0.0, .pivotY = 0.0, .degreesPerDay = 0.0, .degreesPerStep = 0.0, .zeroDegreesTime = {.daysSinceLocalEpoch = 0, .msSinceMidnight = 0}}, .transformInfo = {.transformed = false, .flipX = false, .flipY = false, .flip45 = false, .scaleX = 0.0, .scaleY = 0.0}, .type = GENERIC, .blink = {.blinking = false, .periodOnMs = 0.0, .periodOffMs = 0.0, .startTime = {.daysSinceLocalEpoch = 0, .msSinceMidnight = 0}}, .zOrder = 6, .displayInTwm = true}, image.size() = 84
11-03 10:55:23.716355   416   416 D SKGHAL  : saveResource: resId = 100000
11-03 10:55:23.716685  1686  2014 D SidekickService: sendBitmapsLocked(): status = 0, bytesUsed = 18
11-03 10:55:23.717719  1686  2014 D SidekickService: sendNumbersLocked(): drawableInfo = {.id = 5, .width = 100, .height = 50, .display = true, .offsetX = 162.0, .offsetY = 30.0, .rotationInfo = {.hasRotation = false, .pivotX = 0.0, .pivotY = 0.0, .degreesPerDay = 0.0, .degreesPerStep = 0.0, .zeroDegreesTime = {.daysSinceLocalEpoch = 0, .msSinceMidnight = 0}}, .transformInfo = {.transformed = false, .flipX = false, .flipY = false, .flip45 = false, .scaleX = 0.0, .scaleY = 0.0}, .type = NUMBER, .blink = {.blinking = false, .periodOnMs = 0.0, .periodOffMs = 0.0, .startTime = {.daysSinceLocalEpoch = 0, .msSinceMidnight = 0}}, .zOrder = 5, .displayInTwm = true}, numberInfo = {.startTime = {.daysSinceLocalEpoch = 0, .msSinceMidnight = 0}, .startNumber = 0, .minNumber = 0, .maxNumber = 23, .increment = 1, .msPerIncrement = 3600000.0, .fontId = 4, .digits = 2, .leadingZeroes = 1, .digit = -1, .transitionMs = 0.0}
11-03 10:55:23.718410   416   416 D SKGHAL  : saveResource: resId = 5
11-03 10:55:23.718860  1686  2014 D SidekickService: sendNumbersLocked(): status = 0, bytesUsed = 0
11-03 10:55:23.719803  1686  2014 D SidekickService: sendNumbersLocked(): drawableInfo = {.id = 6, .width = 100, .height = 50, .display = true, .offsetX = 214.0, .offsetY = 30.0, .rotationInfo = {.hasRotation = false, .pivotX = 0.0, .pivotY = 0.0, .degreesPerDay = 0.0, .degreesPerStep = 0.0, .zeroDegreesTime = {.daysSinceLocalEpoch = 0, .msSinceMidnight = 0}}, .transformInfo = {.transformed = false, .flipX = false, .flipY = false, .flip45 = false, .scaleX = 0.0, .scaleY = 0.0}, .type = NUMBER, .blink = {.blinking = false, .periodOnMs = 0.0, .periodOffMs = 0.0, .startTime = {.daysSinceLocalEpoch = 0, .msSinceMidnight = 0}}, .zOrder = 5, .displayInTwm = true}, numberInfo = {.startTime = {.daysSinceLocalEpoch = 0, .msSinceMidnight = 0}, .startNumber = 0, .minNumber = 0, .maxNumber = 59, .increment = 1, .msPerIncrement = 60000.0, .fontId = 4, .digits = 2, .leadingZeroes = 1, .digit = -1, .transitionMs = 0.0}
11-03 10:55:23.720348   416   416 D SKGHAL  : saveResource: resId = 6
11-03 10:55:23.720761  1686  2014 D SidekickService: sendNumbersLocked(): status = 0, bytesUsed = 0
11-03 10:55:23.720903  1686  2014 D SidekickService: ISidekickGraphics#endResources()...
11-03 10:55:23.892304   416   416 D SKGHAL  : sendResources: metadata size = 2400, font size = 72
11-03 10:55:23.923896   416   416 D SKGHAL  : endResources: rc = 0
11-03 10:55:23.923991   416   416 D SKGHAL  : Changing to ACTIVE state
11-03 10:55:23.925654  2520  2520 D HOME    : [SidekickManagerAsync]sendWatchFace(): Callback#onResult(): 0
11-03 10:55:23.926056  1686  1686 I AmbientService: [ce6a28c] Selected running activity for ambient mode: AmbientActivity[component=ComponentInfo{com.google.android.wearable.app/com.google.android.clockwork.home2.activity.HomeActivity2}, callbacks=@210b385, running=true, ambientRequested=true, ambientEnabled=true, offloadEnabled=true]
11-03 10:55:23.926890  1686  1686 I AmbientService: [ce6a28c] Sidekick is ready to display, requesting doze.
11-03 10:55:23.927793  1686  1686 I AmbientService: [ce6a28c] No auto-resume Activity.
11-03 10:55:23.931495  1686  1686 W DefaultSettingsContentR: Value for ambient_low_bit_enabled not stored as number. Attempting parse as boolean.
11-03 10:55:23.932552  2520  2520 D HOME    : [HomeVisitsLogger]Logging streamlet event: enter_ambient_mode
11-03 10:55:23.933461  2520  2520 D HOME    : [HotwordController]updateClient MODE_WATCH_FACE false true false true
11-03 10:55:23.933500  2520 12978 D HOME    : [HomeVisitsLogger]Logging streamlet event: visit_end
11-03 10:55:23.937613  1686  1686 I AmbientService: [ce6a28c] Showing watch face in offload mode, canceling alarm.
11-03 10:55:23.937746  1686  1686 W AlarmManagerProxy: Removing unknown listener
11-03 10:55:23.937931  1686  1686 D WristGestureCtrl: Stopping detectors: GesturesEnabled-false gestureDetector-false ungazeEnabled-true ungaze-true
11-03 10:55:23.937994  1686  1686 D DefaultUngazeDetector: stopping
--------- switch to system
11-03 10:55:23.938392  1686  1686 W Looper  : Slow dispatch took 395ms main h=android.os.Handler c=android.service.dreams.DreamService$1@ca0efa5 m=0
--------- switch to main
11-03 10:55:23.940438   512   512 I sensors-hal: batch:140, android.sensor.accelerometer/48, period=66667000, max_latency=100000000
--------- switch to system
11-03 10:55:23.940852  1686  1686 W Looper  : Slow delivery took 397ms main h=android.app.ActivityThread$H c=android.app.-$$Lambda$LoadedApk$ReceiverDispatcher$Args$_BumDX2UKsnxLVrE6UJsJZkotuA@8287f7a m=0
--------- switch to main
11-03 10:55:23.942796   512   512 I sensors-hal: batch:149, android.sensor.accelerometer/48, period=66667000, max_latency=100000000 request completed
11-03 10:55:23.987509  2520  2520 D HOME    : [WatchFaceUiController]setInAmbientMode true
11-03 10:55:23.988538  2520 12978 I SidekickManager: replaceWatchFaceComponentsImpl(): watchFace = com.google.android.clockwork.decomposablewatchface.WatchFaceDecomposition@300333
11-03 10:55:23.990199  2520  2520 D HOME    : [StreamDBQueue]Promised revision #4712 to queue a new op
11-03 10:55:23.990430  2520  2520 D WatchStreamManager: Promised rank-blocked=false @ r#4712
11-03 10:55:23.990488  1686  2014 D SidekickService: sendWatchFaceComponents called: watchFace = com.google.android.clockwork.decomposablewatchface.WatchFaceDecomposition@271a32bshouldReplace = false
11-03 10:55:23.990664  1686  2014 D SidekickService: Check decomposition for calling app com.google.android.wearable.app with uid 10049
11-03 10:55:23.990845  2520  2520 D HOME    : [StreamDBQueue]Promised revision #4713 to queue a new op
11-03 10:55:23.990965  2520  2520 D WatchStreamManager: Promised rank-blocked=false @ r#4713
11-03 10:55:23.990962  2520 12759 D HOME    : [WatchStreamDB]Item alerting conditions - isInterruptive: true, recentlyInterrupted: false, isItemPinned: false, isUnread: false
11-03 10:55:23.991035  1686  2014 D SidekickService: sendWatchFaceLocked(): shouldReplace = false, mSidekickIsControlling = false, 1 images, 0 fonts, 0 numbers, 0 proportionalFonts, 0 strings
11-03 10:55:23.991090  1686  2014 D SidekickService: ISidekickGraphics#beginResources()...
11-03 10:55:23.991301  2520 12759 D HOME    : [StreamAlertingRegulator]isTheaterModeEnabled: false, isAlertingAllowedByOffBody: true, matchesLocalInterruptionFilter: true
11-03 10:55:23.991550  2520 12759 D HOME    : [WatchStreamDB]couldItemAlert: false, isTopItemChanged: false, isDeferralForTopItem: false
11-03 10:55:23.991727  2520  2520 D HOME    : [EventBus]Wrapper pool is full. Discarding excess wrapper instance for event com.google.android.clockwork.sysui.events.KeyguardStateEvent
11-03 10:55:23.991815  2520  2520 D HOME    : [WatchFaceUiController]sendStateToWallpaper
11-03 10:55:23.992701  2520 12958 D HOME    : [StreamDBQueue]Promised revision #4714 to queue a new op
11-03 10:55:23.992334  1686  2014 D SidekickServiceUtils: bitmapFromDrawable: Returning bitmap directly
11-03 10:55:23.992928  2520 12958 D WatchStreamManager: Promised rerank @ r#4714
11-03 10:55:23.994155  2520  2520 D HOME    : [EventBus]Wrapper pool is full. Discarding excess wrapper instance for event com.google.android.clockwork.sysui.events.KeyguardStateEvent
11-03 10:55:23.994610  2520  2520 D HOME    : [EventBus]Wrapper pool is full. Discarding excess wrapper instance for event com.google.android.clockwork.sysui.events.KeyguardStateEvent
11-03 10:55:23.995136  2520 12759 D HOME    : [WatchStreamDB]Item alerting conditions - isInterruptive: true, recentlyInterrupted: false, isItemPinned: false, isUnread: false
11-03 10:55:23.995643  2520 12759 D HOME    : [StreamAlertingRegulator]isTheaterModeEnabled: false, isAlertingAllowedByOffBody: true, matchesLocalInterruptionFilter: true
11-03 10:55:23.998552  2520 12759 D HOME    : [WatchStreamDB]couldItemAlert: false, isTopItemChanged: false, isDeferralForTopItem: false
11-03 10:55:23.999861  2520 12759 D HOME    : [WatchStreamDB]updateRanking()
11-03 10:55:24.000624  2520 12759 D HOME    : [WatchStreamDB]Item alerting conditions - isInterruptive: true, recentlyInterrupted: false, isItemPinned: false, isUnread: false
11-03 10:55:24.001108  2520 12759 D HOME    : [StreamAlertingRegulator]isTheaterModeEnabled: false, isAlertingAllowedByOffBody: true, matchesLocalInterruptionFilter: true
11-03 10:55:24.001463  2520 12759 D HOME    : [WatchStreamDB]couldItemAlert: false, isTopItemChanged: false, isDeferralForTopItem: false
11-03 10:55:24.002487  2520 12759 D HOME    : [NewStreamAdapter]Publishing revision #4714 to adapter clients
11-03 10:55:24.002513  2520  2520 W StaticLayout: maxLineHeight should not be -1.  maxLines:1 lineCount:1
11-03 10:55:24.003272  2520 12958 D HOME    : [StreamDBQueue]Promised revision #4715 to queue a new op
11-03 10:55:24.003594  1686  2014 D SidekickService: sendBitmapsLocked(): bounds = RectF(0.47115386, 0.33653846, 0.52884614, 0.39423078), drawableInfo = {.id = 100000, .width = 24, .height = 24, .display = true, .offsetX = 193.0, .offsetY = 137.0, .rotationInfo = {.hasRotation = false, .pivotX = 0.0, .pivotY = 0.0, .degreesPerDay = 0.0, .degreesPerStep = 0.0, .zeroDegreesTime = {.daysSinceLocalEpoch = 0, .msSinceMidnight = 0}}, .transformInfo = {.transformed = false, .flipX = false, .flipY = false, .flip45 = false, .scaleX = 0.0, .scaleY = 0.0}, .type = GENERIC, .blink = {.blinking = false, .periodOnMs = 0.0, .periodOffMs = 0.0, .startTime = {.daysSinceLocalEpoch = 0, .msSinceMidnight = 0}}, .zOrder = 6, .displayInTwm = true}, image.size() = 204
11-03 10:55:24.003936  2520 12958 D WatchStreamManager: Promised rerank @ r#4715
11-03 10:55:24.004138  2520 12759 D HOME    : [WatchStreamDB]updateRanking()
11-03 10:55:24.004868   416   416 D SKGHAL  : saveResource: resId = 100000
11-03 10:55:24.005018  2520 12759 D HOME    : [WatchStreamDB]Item alerting conditions - isInterruptive: true, recentlyInterrupted: false, isItemPinned: false, isUnread: false
11-03 10:55:24.005365  2520 12759 D HOME    : [StreamAlertingRegulator]isTheaterModeEnabled: false, isAlertingAllowedByOffBody: true, matchesLocalInterruptionFilter: true
11-03 10:55:24.005711  2520 12759 D HOME    : [WatchStreamDB]couldItemAlert: false, isTopItemChanged: false, isDeferralForTopItem: false
11-03 10:55:24.005829  1686  2014 D SidekickService: sendBitmapsLocked(): status = 0, bytesUsed = 267
11-03 10:55:24.006035  1686  2014 D SidekickService: ISidekickGraphics#endResources()...
11-03 10:55:24.006443  2520 12759 D HOME    : [NewStreamAdapter]Publishing revision #4715 to adapter clients
11-03 10:55:24.173891   416   416 D SKGHAL  : sendResources: metadata size = 2400, font size = 72
11-03 10:55:24.218258   416   416 D SKGHAL  : endResources: rc = 0
--------- switch to system
11-03 10:55:24.220481  1686  1686 W Looper  : Drained
11-03 10:55:24.220775  1686  1686 W Looper  : Slow dispatch took 219ms main h=android.os.Handler c=com.google.android.wearable.ambient.AmbientDream$Callbacks$1@85bc388 m=0
--------- switch to main
11-03 10:55:24.231111  2520  2520 D HOME    : [SidekickManagerAsync]replaceWatchFaceComponents(): Callback#onResult(): 0
11-03 10:55:24.231707  2520  2520 D HOME    : [WatchFaceUiController]Complication updates sent, posting watch face hiding
11-03 10:55:24.231823  2520  2520 D HOME    : [WatchFaceUiController]Still in ambient watch face, hiding
11-03 10:55:24.231902  2520  2520 D HOME    : [WatchFaceUiController]Hiding watch face wallpaper.
--------- switch to kernel
11-03 10:55:24.114573     0     0 E FG      : fg_psy_get_property: unsupported property 7
11-03 10:55:24.117376     0     0 W healthd : battery l=11 v=3606 t=29.0 h=2 st=3 c=200 fc=443000 cc=0 chg=
--------- switch to main
11-03 10:55:24.253785   512   512 I sensors-hal: activate:107, android.sensor.light/46 en=0
11-03 10:55:24.256850   512   512 I sensors-hal: activate:118, android.sensor.light/46 en=0 completed
11-03 10:55:24.264523   545   545 D SurfaceFlinger: Set power mode=3, type=0 flinger=0xb6bb6000
--------- switch to system
11-03 10:55:24.264424  1686  1710 I DisplayManagerService: Display device changed state: "Écran intégré", DOZE_SUSPEND
--------- switch to main
11-03 10:55:24.266214   504   764 I SDM     : DisplayBase::SetDisplayState: Set state = 3, display 0
11-03 10:55:24.315873   545   545 D SurfaceFlinger: Finished set power mode=3, type=0
--------- switch to kernel
11-03 10:55:24.147414     0     0 I mdss_dsi_panel_set_idle_mode: Idle (0->1)
--------- switch to main
11-03 10:55:24.320012  1686  1823 I SidekickService: beginDisplayLocked(): DOZE_SUSPEND
--------- switch to kernel
11-03 10:55:24.183644     0     0 I         : [touch]FB_BLANK_VSYNC_SUSPEND
11-03 10:55:24.183664     0     0 I         : [touch]irq disable
11-03 10:55:24.183677     0     0 I         : [touch]workqueue is empty!
11-03 10:55:24.183685     0     0 I         : [touch]raydium_ts_do_suspend.
11-03 10:55:24.183717     0     0 I         : [touch]Device may wakeup
11-03 10:55:24.187767     0     0 I         : [touch]irq enable
--------- switch to main
11-03 10:55:24.321928   512  3991 I sensors-hal: submit_sensors_hal_event:107, (pedometer_wrist  Non-wakeup)dropping un-ordered ts samples _previous 64803358163862 and current ts 64803358163862
11-03 10:55:24.324539   416   416 D SKGHAL  : sendAmbientPrepare: enter:
11-03 10:55:24.345679  1686  1759 I InputReader: Reconfiguring input devices.  changes=0x00000004
11-03 10:55:24.354954  2520  2520 D HOME    : [WatchFaceUiController]sendStateToWallpaper
11-03 10:55:24.377187   416   416 D SKGHAL  : sendAmbientEvent: enter: enable = 1
11-03 10:55:24.378232  2520 12978 D HOME    : [ComplicationController]scheduleImmediateUpdateForAllFromProvider ComponentInfo{com.google.android.wearable.app/com.google.android.clockwork.home.complications.providers.BatteryProviderService}
11-03 10:55:24.386402  1956  1956 D QtiCarrierConfigHelper: WARNING, no carrier configs on phone Id: 0
11-03 10:55:24.390611   504   523 I SDM     : DisplayBase::SetDisplayState: Set state = 4, display 0
11-03 10:55:24.405257   504   523 D SDM     : HWCDisplayPrimary::SetStandByMode: Null display is connected successfully
11-03 10:55:24.406035   416   416 D SKGHAL  : standBy_update_control call succeed on 1
11-03 10:55:24.413147  2520  2520 D HOME    : [BatteryChange]action: android.intent.action.BATTERY_CHANGED
11-03 10:55:24.413608  2520 12978 D HOME    : [BatteryChange]HandleBatteryChangedTask
11-03 10:55:24.414503  2520  2520 D HOME    : [StreamBackendInit]NotificationService onNotificationPosted StatusBarNotification(pkg=android user=UserHandle{-1} id=51 tag=null key=-1|android|51|null|1000: Notification(channel=ALERTS pri=0 contentView=null vibrate=null sound=null defaults=0x0 flags=0x0 color=0xfff4511e actions=1 vis=PUBLIC))
11-03 10:55:24.415885  2520  2716 D CollectorHandler: handleMessage, event: ON_NOTIFICATION_POSTED_WITH_RANKING
11-03 10:55:24.415221  2520 12978 D HOME    : [BatteryChange]level: 11, status: 3
11-03 10:55:24.416980   416   416 D SKGHAL  : sendAmbientEvent: done: enable = 1
11-03 10:55:24.417339  1686  1823 D SidekickService:    ... beginDisplay result: 0 for halPower: 1
11-03 10:55:24.419509  2520 12978 D HOME    : [BatteryChange]updateStreamItem
11-03 10:55:24.422028   512  1749 I sensors-hal: activate:107, android.sensor.accelerometer/48 en=0
11-03 10:55:24.423297   512  1749 I sensors-hal: activate:118, android.sensor.accelerometer/48 en=0 completed
11-03 10:55:24.425167  2520  2716 D HOME    : [StreamDBQueue]Promised revision #4716 to queue a new op
11-03 10:55:24.426979  2520  2716 D HOME    : [WatchStreamManager]Promised set @ r#4716 for (android,tag=null,id=51,notifKey=-1|android|51|null|1000)
--------- switch to kernel
11-03 10:55:24.298193     0     0 E bgrsb   : bgrsb_enable: gpio 32 is valid
--------- switch to main
11-03 10:55:24.432822  1686  1799 E WifiStateMachine: getWifiLinkLayerStats called without an interface
11-03 10:55:24.436890  2520 12956 D HOME    : [WatchStreamDB]Item alerting conditions - isInterruptive: true, recentlyInterrupted: true, isItemPinned: true, isUnread: true
11-03 10:55:24.437302  2520 12956 D HOME    : [StreamAlertingRegulator]isTheaterModeEnabled: false, isAlertingAllowedByOffBody: true, matchesLocalInterruptionFilter: true
11-03 10:55:24.438902  2520 12956 D DynamicBucketRankerImpl: StreamItemIdAndRevision{notifKey=-1|android|51|null|1000, packageName=android, id=51, revision=4716, originalRevision=4218, updateCount=3} in bucket #9 (ChronologicalBucket)
11-03 10:55:24.440298  2520 12956 D HOME    : [WatchStreamDB]TopLevelStreamItem{item=StreamItem(StreamItemIdAndRevision{notifKey=-1|android|51|null|1000, packageName=android, id=51, revision=4716, originalRevision=4218, updateCount=3},AutoValue_StreamItemData{hidden=NOT_HIDDEN, title=25 chars, remoteNodeId=null, originalPackageName=android, localPackageName=android, tag=null, appName=Système Android, postTime=1635933324262, lastDiffedTime=1635933324262, lastPostedInterruptiveTime=1635933324262, user=UserHandle{-1}, onlyAlertOnce=false, vibrationPattern=null, isInterruptive=false, isGroupSummary=false, dismissalId=null, bridgeTag=null, isAncs=false}), parentAtChildPostTime=null} ranked at index 0
11-03 10:55:24.440885  2520 12956 D HOME    : [WatchStreamDB]Item alerting conditions - isInterruptive: true, recentlyInterrupted: true, isItemPinned: true, isUnread: true
11-03 10:55:24.441256  2520 12956 D HOME    : [StreamAlertingRegulator]isTheaterModeEnabled: false, isAlertingAllowedByOffBody: true, matchesLocalInterruptionFilter: true
11-03 10:55:24.441550  2520 12956 D HOME    : [WatchStreamDB]couldItemAlert: true, isTopItemChanged: true, isDeferralForTopItem: false
11-03 10:55:24.441958  2520 12956 D HOME    : [WatchStreamDB]Record alert: StreamAlertData[itemId:StreamItemIdAndRevision{notifKey=-1|android|51|null|1000, packageName=android, id=51, revision=4716, originalRevision=4218, updateCount=3}, alertingId:StreamItemIdAndRevision{notifKey=-1|android|51|null|1000, packageName=android, id=51, revision=4716, originalRevision=4218, updateCount=3}, vibration:null, alertOnlyOnce:false
11-03 10:55:24.442033  2520 12978 D HOME    : [BatteryChange]level: 11, timestamp: 1635933324441
11-03 10:55:24.442792  2520 12956 D HOME    : [StreamVibrator]maybeVibrate. isAllowed: true
11-03 10:55:24.443072  2520 12956 D HOME    : [StreamVibrator]hasVibrationPattern: false
11-03 10:55:24.443236  2520 12956 D HOME    : [StreamVibrator]vibratePattern: null
11-03 10:55:24.443372  2520 12956 D HOME    : [StreamVibrator]isPluggedIn: false
11-03 10:55:24.443551  2520 12956 D HOME    : [StreamVibrator]sendAccessibilityEvent packageName: android
11-03 10:55:24.443610  2520 12956 D HOME    : [StreamVibrator]AccessibilityManager is not enabled
11-03 10:55:24.445387  2520 12956 D HOME    : [GazeAlerter]shouldRunGazeDetection? priority=0, isAlreadyIlluminated=false, isGazeDetectionEnabledByConfig=true
11-03 10:55:24.446630  2520 12956 D HOME    : [GazeAlerter]Should run gaze detection.
11-03 10:55:24.447070  2520 12956 D HOME    : [StreamAdapter]onStreamChange StreamChangeEvent[modified=1, removed=0, modifiedTop=1, removedTop=0, reorder=true, possibleAlertingItem=exists]
11-03 10:55:24.447341  2520 12956 D HOME    : [StreamAdapter]onStreamChange StreamChangeEvent[modified=1, removed=0, modifiedTop=1, removedTop=0, reorder=true, possibleAlertingItem=exists]
11-03 10:55:24.450416  2520  2520 D HOME    : [NotificationCountModule]Dispatching the NotificationCountEvent in home module
11-03 10:55:24.451940  2520  2520 D HOME    : [TopNotificationReceiver]Sending request to TopNotificationProviderService for complication update
11-03 10:55:24.452256  2520 12956 D HOME    : [NewStreamAdapter]Publishing revision #4716 to adapter clients
11-03 10:55:24.457213   512  1749 I sensors-hal: batch:140, android.sensor.accelerometer/48, period=19231000, max_latency=0
11-03 10:55:24.457312   512  1749 I sensors-hal: batch:149, android.sensor.accelerometer/48, period=19231000, max_latency=0 request completed
11-03 10:55:24.457647   512  1749 I sensors-hal: activate:107, android.sensor.accelerometer/48 en=1
11-03 10:55:24.457938   512  1749 I sensors-hal: ssc_enable_rt_task:254, ssc_enable_rt_task : true
11-03 10:55:24.460590  2520  2520 D HOME    : [UnreadNotifReceiver]Sending request to UnreadNotificationsProviderService for complication update
11-03 10:55:24.460964   512  1749 I sensors-hal: activate:118, android.sensor.accelerometer/48 en=1 completed
11-03 10:55:24.464521  1686  1686 I WearPower: [WearTouchMediator] changing touch input to enabled (ON_AUTO)
11-03 10:55:24.466111  1686  1759 I InputReader: Reconfiguring input devices.  changes=0x00000200
--------- switch to kernel
11-03 10:55:24.340996     0     0 I init    : processing action (ro.enable_core_ctl=true && sys.cw_corectl_mode=idle) from (/vendor/etc/init/hw/init.qcom.rc:949)
--------- switch to main
11-03 10:55:24.468909  2520  2520 D HOME    : [WatchFaceUiController]sendStateToWallpaper
11-03 10:55:24.471800  2520  2520 D HOME    : [StreamAdapter]setStreamItems, size 2
11-03 10:55:24.472507  2520  2520 D HOME    : [StreamAdapter]notifyItemChanged 0
11-03 10:55:24.472628  1686  1686 I AmbientService: [ce6a28c] Timeout alarm not required, auto-resume timeout handled by dream.
11-03 10:55:24.474953  2520  2520 D HOME    : [StreamPreviewLogic]should preview (medium info): metadata[mayHideyPeek=true mWasPushedDown=false mPreviewed=false, mAlerting=true, mShouldAlwaysHideyPeek=false] isAlerting=true wasPushedDown=false hasPreviewed=false, shouldPreview=true
11-03 10:55:24.475283  2520  2520 D HOME    : [StreamPreviewer]preview StreamItemId{notifKey=-1|android|51|null|1000, packageName=android, id=51} ambient=true screenOff=false onWatchface=true streamUsage=WATCHFACE_STREAM ambientPreviewEnabled=true
11-03 10:55:24.475352  2520  2520 D HOME    : [StreamPreviewer]ambient preview or active preview from watchface
11-03 10:55:24.479540  2520  2520 D HOME    : [HomeVisitsLogger]Logging streamlet event: scroll_into_stream
11-03 10:55:24.481355  2520 12956 D HOME    : [ComplicationController]scheduleImmediateUpdateForAllFromProvider ComponentInfo{com.google.android.wearable.app/com.google.android.clockwork.wcs.notification.complication.TopNotificationProviderService}
11-03 10:55:24.483872  2520  2520 D HOME    : [HomeVisitsLogger]Logging streamlet event: 
11-03 10:55:24.484419  2520  2520 D HOME    : [HotwordController]updateClient MODE_STREAM false true false true
11-03 10:55:24.484587  3205  3434 W WorkController: Loading failed for worker [trainingcache]: worker not found
11-03 10:55:24.485634  3205  3372 W A       : TrainingCache cache SCREEN_OFF failure
11-03 10:55:24.485634  3205  3372 W A       : com.google.android.apps.gsa.search.core.service.h.a.a: No worker found for Worker ID [trainingcache].
11-03 10:55:24.485634  3205  3372 W A       : 	at com.google.android.apps.gsa.search.core.service.g.a.c.a(Unknown Source:5)
11-03 10:55:24.485634  3205  3372 W A       : 	at com.google.android.libraries.gsa.c.a.d.a(Unknown Source:3)
11-03 10:55:24.485634  3205  3372 W A       : 	at com.google.common.p.a.cg.c(Unknown Source:2)
11-03 10:55:24.485634  3205  3372 W A       : 	at com.google.common.p.a.bk.run(SourceFile:3)
11-03 10:55:24.485634  3205  3372 W A       : 	at com.google.common.p.a.ci.run(Unknown Source:4)
11-03 10:55:24.485634  3205  3372 W A       : 	at com.google.apps.tiktok.concurrent.ab.run(SourceFile:1)
11-03 10:55:24.485634  3205  3372 W A       : 	at java.util.concurrent.ThreadPoolExecutor.runWorker(ThreadPoolExecutor.java:1167)
11-03 10:55:24.485634  3205  3372 W A       : 	at java.util.concurrent.ThreadPoolExecutor$Worker.run(ThreadPoolExecutor.java:641)
11-03 10:55:24.485634  3205  3372 W A       : 	at com.google.apps.tiktok.concurrent.c.run(Unknown Source:4)
11-03 10:55:24.485634  3205  3372 W A       : 	at java.lang.Thread.run(Thread.java:764)
11-03 10:55:24.485853  1686  1742 I AmbientService: [ce6a28c] Offloadability changed in ambient mode for: AmbientActivity[component=ComponentInfo{com.google.android.wearable.app/com.google.android.clockwork.home2.activity.HomeActivity2}, callbacks=@210b385, running=true, ambientRequested=true, ambientEnabled=true, offloadEnabled=false], new state: false
11-03 10:55:24.485930  1686  1742 I AmbientService: [ce6a28c] Potentially updating doze command
11-03 10:55:24.486555  1686  1742 D SidekickService: setShouldControlDisplay called: false
11-03 10:55:24.487653  1686  1742 I AmbientService: [ce6a28c] Selected running activity for ambient mode: AmbientActivity[component=ComponentInfo{com.google.android.wearable.app/com.google.android.clockwork.home2.activity.HomeActivity2}, callbacks=@210b385, running=true, ambientRequested=true, ambientEnabled=true, offloadEnabled=false]
11-03 10:55:24.488550  1686  1742 I AmbientService: [ce6a28c] Offload not possible, requesting doze.
11-03 10:55:24.489523  1686  1742 I AmbientService: [ce6a28c] No auto-resume Activity.
11-03 10:55:24.489880  1686  1823 I SidekickService: endDisplayLocked()
--------- switch to system
11-03 10:55:24.490618  1686  1710 I DisplayManagerService: Display device changed state: "Écran intégré", DOZE
--------- switch to main
11-03 10:55:24.490957  1686  1742 W DefaultSettingsContentR: Value for ambient_low_bit_enabled not stored as number. Attempting parse as boolean.
11-03 10:55:24.494259   416   416 D SKGHAL  : sendAmbientEvent: enter: enable = 0
11-03 10:55:24.495009   512 13338 I sensors-hal: handle_indication_realtime:355,  SCHED_FIFO(10) for qmi_cbk
11-03 10:55:24.497741  2520 12956 D HOME    : [ComplicationController]scheduleImmediateUpdateForAllFromProvider ComponentInfo{com.google.android.wearable.app/com.google.android.clockwork.home.complications.providers.UnreadNotificationsProviderService}
11-03 10:55:24.507774  1686  1759 I InputReader: Reconfiguring input devices.  changes=0x00000004
11-03 10:55:24.510866  4243  4243 D OMService: onDisplayChanged: dozing
11-03 10:55:24.531143   504   523 I SDM     : DisplayBase::SetDisplayState: Set state = 3, display 0
11-03 10:55:24.531346   504   523 D SDM     : HWCDisplayPrimary::SetStandByMode: Display is connected successfully
11-03 10:55:24.531958   416   416 D SKGHAL  : standBy_update_control call succeed on 0
11-03 10:55:24.532041   416   416 D SKGHAL  : sendAmbientEvent: done: enable = 0
11-03 10:55:24.533153  1686  1823 D SidekickService:    ... endDisplay returns void
11-03 10:55:24.533880   545   545 D SurfaceFlinger: Set power mode=1, type=0 flinger=0xb6bb6000
11-03 10:55:24.534429   504   764 I SDM     : DisplayBase::SetDisplayState: Set state = 2, display 0
11-03 10:55:24.535230   545   545 D SurfaceFlinger: Finished set power mode=1, type=0
11-03 10:55:24.536919  2520  2520 D HOME    : [StreamModule]Updating gaze alerter state: inWetMode=false focused=true uiMode=MODE_STREAM
