11-03 10:40:02.940691     0     0 I CPU1    : update cpu_capacity 1024
11-03 10:40:02.942161     0     0 I         : CPU1 is up
11-03 10:40:02.944312     0     0 I CPU1    : update max cpu_capacity 748
11-03 10:40:02.945963     0     0 I PM      : noirq resume of devices complete after 3.445 msecs
11-03 10:40:02.951149     0     0 I PM      : early resume of devices complete after 3.718 msecs
11-03 10:40:02.980606     0     0 I bgcom   : bgcom_pm_resume: Bgcom resumed with : 0
11-03 10:40:02.990537     0     0 I mdss_dsi_panel_set_idle_mode: Idle (1->1)
11-03 10:40:03.028614     0     0 I PM      : resume of devices complete after 77.435 msecs
11-03 10:40:03.031725     0     0 I         : Restarting tasks ...
11-03 10:40:03.036621     0     0 W QSEECOM : qseecom_receive_req: Interrupted: exiting Listener Service = 10
11-03 10:40:03.039306     0     0 W QSEECOM : qseecom_receive_req: Interrupted: exiting Listener Service = 8192
11-03 10:40:03.039397     0     0 W QSEECOM : qseecom_receive_req: Interrupted: exiting Listener Service = 12288
11-03 10:40:03.039444     0     0 W QSEECOM : qseecom_receive_req: Interrupted: exiting Listener Service = 11
11-03 10:40:03.039492     0     0 W QSEECOM : qseecom_receive_req: Interrupted: exiting Listener Service = 28672
--------- switch to system
11-03 10:40:12.769848  1686  1686 I PowerManagerService: Waking up from dozing (uid=1000 reason=tiltToWake)...
11-03 10:40:12.779491  1686  1686 W UsageStatsService: Event reported without a package name
--------- switch to kernel
11-03 10:40:03.046305     0     0 I         : done.
11-03 10:40:12.770146     0     0 I PM      : suspend exit 2021-11-03 09:40:12.770146454 UTC
11-03 10:40:12.787566     0     0 E <CORE> tx_data: No Space in Fifo
11-03 10:40:12.794610     0     0 E FG      : fg_psy_get_property: unsupported property 7
11-03 10:40:12.675334     0     0 W healthd : battery l=12 v=3720 t=30.0 h=2 st=3 c=6 fc=443000 cc=0 chg=
--------- switch to main
11-03 10:40:12.814169   512   512 I sensors-hal: batch:140, android.sensor.light/46, period=100000000, max_latency=0
11-03 10:40:12.814219   512   512 I sensors-hal: batch:149, android.sensor.light/46, period=100000000, max_latency=0 request completed
11-03 10:40:12.814533   512   512 I sensors-hal: activate:107, android.sensor.light/46 en=1
11-03 10:40:12.814783   512   512 I sensors-hal: ssc_enable_rt_task:254, ssc_enable_rt_task : true
11-03 10:40:12.817649   512   512 I sensors-hal: activate:118, android.sensor.light/46 en=1 completed
11-03 10:40:12.818762  1686  1823 I SidekickService: endDisplayLocked()
--------- switch to system
11-03 10:40:12.819392  1686  1710 I DisplayManagerService: Display device changed state: "Écran intégré", ON
--------- switch to main
11-03 10:40:12.823284   416   416 D SKGHAL  : sendAmbientEvent: enter: enable = 0
11-03 10:40:12.823950   512   512 I sensors-hal: batch:140, android.sensor.accelerometer/48, period=66667000, max_latency=100000000
11-03 10:40:12.824008   512   512 I sensors-hal: batch:149, android.sensor.accelerometer/48, period=66667000, max_latency=100000000 request completed
11-03 10:40:12.831756  4243  4243 D OMService: onDisplayChanged: not dozing
11-03 10:40:12.834474   512   512 I sensors-hal: activate:107, android.sensor.accelerometer/48 en=1
11-03 10:40:12.834745   512   512 I sensors-hal: ssc_enable_rt_task:254, ssc_enable_rt_task : true
11-03 10:40:12.840091   512   512 I sensors-hal: activate:118, android.sensor.accelerometer/48 en=1 completed
11-03 10:40:12.845807  1686  1759 I InputReader: Reconfiguring input devices.  changes=0x00000004
11-03 10:40:12.848455  2520  2520 D HOME    : [BatteryChange]action: android.intent.action.BATTERY_CHANGED
11-03 10:40:12.848827  2520 12978 D HOME    : [BatteryChange]HandleBatteryChangedTask
11-03 10:40:12.849149  2520 12978 D HOME    : [BatteryChange]level: 12, status: 3
11-03 10:40:12.849276  1956  1956 D QtiCarrierConfigHelper: WARNING, no carrier configs on phone Id: 0
11-03 10:40:12.850137  2520 12978 D HOME    : [BatteryChange]updateStreamItem
11-03 10:40:12.862461  3205  3434 W WorkController: Loading failed for worker [trainingcache]: worker not found
11-03 10:40:12.866745  3205  3294 W A       : TrainingCache cache DEVICE_UNLOCKED failure
11-03 10:40:12.866745  3205  3294 W A       : com.google.android.apps.gsa.search.core.service.h.a.a: No worker found for Worker ID [trainingcache].
11-03 10:40:12.866745  3205  3294 W A       : 	at com.google.android.apps.gsa.search.core.service.g.a.c.a(Unknown Source:5)
11-03 10:40:12.866745  3205  3294 W A       : 	at com.google.android.libraries.gsa.c.a.d.a(Unknown Source:3)
11-03 10:40:12.866745  3205  3294 W A       : 	at com.google.common.p.a.cg.c(Unknown Source:2)
11-03 10:40:12.866745  3205  3294 W A       : 	at com.google.common.p.a.bk.run(SourceFile:3)
11-03 10:40:12.866745  3205  3294 W A       : 	at com.google.common.p.a.ci.run(Unknown Source:4)
11-03 10:40:12.866745  3205  3294 W A       : 	at com.google.apps.tiktok.concurrent.ab.run(SourceFile:1)
11-03 10:40:12.866745  3205  3294 W A       : 	at java.util.concurrent.ThreadPoolExecutor.runWorker(ThreadPoolExecutor.java:1167)
11-03 10:40:12.866745  3205  3294 W A       : 	at java.util.concurrent.ThreadPoolExecutor$Worker.run(ThreadPoolExecutor.java:641)
11-03 10:40:12.866745  3205  3294 W A       : 	at com.google.apps.tiktok.concurrent.c.run(Unknown Source:4)
11-03 10:40:12.866745  3205  3294 W A       : 	at java.lang.Thread.run(Thread.java:764)
--------- switch to kernel
11-03 10:40:12.746502     0     0 I         : [touch]FB_BLANK_VSYNC_SUSPEND
11-03 10:40:12.746506     0     0 I         : [touch]Already in suspend state
--------- switch to system
11-03 10:40:12.867919  1686  1702 W BroadcastQueue: Background execution not allowed: receiving Intent { act=android.intent.action.USER_PRESENT flg=0x10 } to com.google.android.gms/.auth.setup.devicesignals.LockScreenReceiver
11-03 10:40:12.868368  1686  1702 W BroadcastQueue: Background execution not allowed: receiving Intent { act=android.intent.action.USER_PRESENT flg=0x10 } to com.google.android.gms/.chimera.GmsIntentOperationService$PersistentTrustedReceiver
--------- switch to main
11-03 10:40:12.868701   504   523 I SDM     : DisplayBase::SetDisplayState: Set state = 3, display 0
11-03 10:40:12.868832   504   523 D SDM     : HWCDisplayPrimary::SetStandByMode: Display is connected successfully
11-03 10:40:12.869351   416   416 D SKGHAL  : standBy_update_control call succeed on 0
11-03 10:40:12.869400   416   416 D SKGHAL  : sendAmbientEvent: done: enable = 0
11-03 10:40:12.869849  1686  1823 D SidekickService:    ... endDisplay returns void
11-03 10:40:12.873155  1686  1799 E WifiStateMachine: getWifiLinkLayerStats called without an interface
11-03 10:40:12.875438   545   545 D SurfaceFlinger: Set power mode=2, type=0 flinger=0xb6bb6000
11-03 10:40:12.875948   504   762 I SDM     : DisplayBase::SetDisplayState: Set state = 1, display 0
--------- switch to kernel
11-03 10:40:12.746882     0     0 E bgrsb   : bgrsb_enable: rsb will set report rate
11-03 10:40:12.760620     0     0 I mdss_dsi_panel_set_idle_mode: Idle (1->0)
11-03 10:40:12.761289     0     0 E mdp3_enable_panic_ctrl: mdp3_enable_panic_ctrl: Enable Panic Control
11-03 10:40:12.761341     0     0 I         : [touch]FB_BLANK_UNBLANK
11-03 10:40:12.761345     0     0 I         : [touch]raydium_ts_do_resume, 1.
11-03 10:40:12.761587     0     0 I         : [ raydium ]workqueue is empty!
11-03 10:40:12.761598     0     0 I raydium_ts 5-0039: [touch]Already enable irq
11-03 10:40:12.761600     0     0 I         : [touch]Device may wakeup
--------- switch to main
11-03 10:40:12.884391   545   545 D SurfaceFlinger: Finished set power mode=2, type=0
--------- switch to system
11-03 10:40:12.886150  1686  1712 W PowerManagerService: Screen on took 234 ms
11-03 10:40:12.886350  1686  1712 I DreamManagerService: Gently waking up from dream.
11-03 10:40:12.886547  1686  1708 I DreamManagerService: Performing gentle wake from dream.
11-03 10:40:12.887421  1686  1686 V DreamService[AmbientDream]: wakeUp(): fromSystem=true, mWaking=false, mFinished=false
11-03 10:40:12.887519  1686  1686 V DreamService[AmbientDream]: finish(): mFinished=false
11-03 10:40:12.887586  1686  1686 I DreamManagerService: Leaving dreamland.
11-03 10:40:12.888397  1686  1708 I DreamManagerService: Performing gentle wake from dream.
11-03 10:40:12.888509  1686  1708 I DreamController: Stopping dream: name=ComponentInfo{com.google.android.wearable.ambient/com.google.android.wearable.ambient.AmbientDream}, isTest=false, canDoze=true, userId=0
11-03 10:40:12.899269  1686  1686 V DreamService[AmbientDream]: detach(): Calling onDreamingStopped()
--------- switch to main
11-03 10:40:12.899371  1686  1686 I AmbientService: [ce6a28c] doOnDreamingStopped
11-03 10:40:12.899443  1686  1686 D WristGestureCtrl: Starting: GesturesEnabled-false UngazeEnabled-true
11-03 10:40:12.899495  1686  1686 D DefaultUngazeDetector: starting
11-03 10:40:12.899547  1686  1686 D DefaultUngazeDetector: startUngazeStateEstimation(). startTime = 63892329
11-03 10:40:12.899709  1686  1686 W AlarmManagerProxy: Removing unknown listener
11-03 10:40:12.900999   512   512 I sensors-hal: batch:140, android.sensor.accelerometer/48, period=19231000, max_latency=100000000
11-03 10:40:12.901013  1686  1686 I AmbientService: [ce6a28c] No auto-resume Activity.
11-03 10:40:12.902473   512   512 I sensors-hal: batch:149, android.sensor.accelerometer/48, period=19231000, max_latency=100000000 request completed
--------- switch to system
11-03 10:40:12.902551  1686  1686 W ContextImpl: Calling a method in the system process without a qualified user: android.app.ContextImpl.sendBroadcast:1020 android.content.ContextWrapper.sendBroadcast:449 com.google.android.wearable.ambient.AmbientDream.onDestroy:273 android.app.ActivityThread.handleStopService:3698 android.app.ActivityThread.access$1700:200 
--------- switch to main
11-03 10:40:12.907420   512   512 I sensors-hal: flush:169, android.sensor.accelerometer/48
11-03 10:40:12.908711  2520  2520 D HOME    : [HomeVisitsLogger]Logging streamlet event: visit_start
11-03 10:40:12.908929  2520  2520 D HOME    : [HomeVisitsLogger]Logging streamlet event: exit_ambient_mode
11-03 10:40:12.909250  2520  2520 D HOME    : [HotwordController]updateClient MODE_WATCH_FACE false false false true
11-03 10:40:12.910055  2520  2520 D HOME    : [WatchFaceUiController]setInAmbientMode false
11-03 10:40:12.910120  2520  2520 D HOME    : [WatchFaceUiController]sendWatchFaceServiceBinder
11-03 10:40:12.910430   512   512 I sensors-hal: flush:175, android.sensor.accelerometer/48 completed
11-03 10:40:12.913985  2520  2520 D HOME    : [WatchFaceUiController]sendStateToWallpaper
11-03 10:40:12.915168  2520  2520 D HOME    : [WatchFaceUiController]Showing watch face wallpaper.
11-03 10:40:12.915305  2520  2520 D HOME    : [WatchFaceUiController]sendStateToWallpaper
11-03 10:40:12.917351  2520  2520 D HOME    : [StreamDBQueue]Promised revision #4484 to queue a new op
11-03 10:40:12.917553  2520  2520 D WatchStreamManager: Promised rank-blocked=true @ r#4484
11-03 10:40:12.917873  2520  2520 D HOME    : [StreamDBQueue]Promised revision #4485 to queue a new op
11-03 10:40:12.917974  2520  2520 D WatchStreamManager: Promised rank-blocked=true @ r#4485
11-03 10:40:12.918454  2520  2520 D HOME    : [TilesController]Tile refresh optimization is enabled.
11-03 10:40:12.918742  2520  2520 D HOME    : [EventBus]Wrapper pool is full. Discarding excess wrapper instance for event com.google.android.clockwork.sysui.events.KeyguardStateEvent
11-03 10:40:12.918814  2520  2520 D HOME    : [WatchFaceUiController]sendStateToWallpaper
11-03 10:40:12.920193  2520  2520 D HOME    : [EventBus]Wrapper pool is full. Discarding excess wrapper instance for event com.google.android.clockwork.sysui.events.KeyguardStateEvent
11-03 10:40:12.920401  2520  2520 D HOME    : [EventBus]Wrapper pool is full. Discarding excess wrapper instance for event com.google.android.clockwork.sysui.events.KeyguardStateEvent
11-03 10:40:12.922301  2520 12956 D HOME    : [WatchStreamDB]Item alerting conditions - isInterruptive: true, recentlyInterrupted: false, isItemPinned: false, isUnread: false
11-03 10:40:12.922565  2520 12956 D HOME    : [StreamAlertingRegulator]isTheaterModeEnabled: false, isAlertingAllowedByOffBody: true, matchesLocalInterruptionFilter: true
11-03 10:40:12.923893  2520  2520 D HOME    : [WatchFaceUiController]sendStateToWallpaper
11-03 10:40:12.924015  1686  1686 E AlarmManager: cancel() called with a null PendingIntent
11-03 10:40:12.930205  2520  2520 W StaticLayout: maxLineHeight should not be -1.  maxLines:1 lineCount:1
--------- switch to system
11-03 10:40:12.942696  1686  1686 V DreamService[AmbientDream]: onDestroy()
--------- switch to main
11-03 10:40:12.943226   512 12994 I sensors-hal: handle_indication_realtime:355,  SCHED_FIFO(10) for qmi_cbk
11-03 10:40:12.946711  1686  1686 W AlarmManager: Unrecognized alarm listener com.android.server.job.controllers.-$$Lambda$IdleController$IdlenessTracker$nTdS-lGBXcES5VWKcJFmQFgU7IU@1ab437a
--------- switch to kernel
11-03 10:40:12.771682     0     0 E bgrsb   : bgrsb_enable: gpio 32 is valid
--------- switch to main
11-03 10:40:12.971799  2520 12956 D HOME    : [WatchStreamDB]couldItemAlert: false, isTopItemChanged: false, isDeferralForTopItem: false
11-03 10:40:12.972661  2520 12956 D HOME    : [WatchStreamDB]Item alerting conditions - isInterruptive: true, recentlyInterrupted: false, isItemPinned: false, isUnread: false
11-03 10:40:12.972934  2520 12956 D HOME    : [StreamAlertingRegulator]isTheaterModeEnabled: false, isAlertingAllowedByOffBody: true, matchesLocalInterruptionFilter: true
11-03 10:40:12.973131  2520 12956 D HOME    : [WatchStreamDB]couldItemAlert: false, isTopItemChanged: false, isDeferralForTopItem: false
11-03 10:40:12.990408  1686  1686 I WearPower: [WearTouchMediator] changing touch input to enabled (ON_AUTO)
11-03 10:40:12.991417  1686  1759 I InputReader: Reconfiguring input devices.  changes=0x00000200
11-03 10:40:12.992643  2520  2520 D HOME    : [WatchFaceUiController]sendWatchFaceServiceBinder
11-03 10:40:12.997074  2520  2520 D HOME    : [WatchFaceUiController]sendProperties
11-03 10:40:12.998372  2520  2520 D HOME    : [WatchFaceUiController]sendStateToWallpaper
--------- switch to kernel
11-03 10:40:12.884231     0     0 I init    : processing action (ro.enable_core_ctl=true && sys.cw_corectl_mode=perf) from (/vendor/etc/init/hw/init.qcom.rc:954)
11-03 10:40:12.885655     0     0 I CPU2    : update cpu_capacity 1024
--------- switch to main
11-03 10:40:13.015762  1686  1686 W AlarmManagerProxy: Removing unknown listener
11-03 10:40:13.017145  1686  1686 W DefaultSettingsContentR: Value for ambient_low_bit_enabled not stored as number. Attempting parse as boolean.
11-03 10:40:13.043589  3205  3434 W WorkController: Loading failed for worker [trainingcache]: worker not found
11-03 10:40:13.045925  3205  3372 W A       : TrainingCache cache SCREEN_ON failure
11-03 10:40:13.045925  3205  3372 W A       : com.google.android.apps.gsa.search.core.service.h.a.a: No worker found for Worker ID [trainingcache].
11-03 10:40:13.045925  3205  3372 W A       : 	at com.google.android.apps.gsa.search.core.service.g.a.c.a(Unknown Source:5)
11-03 10:40:13.045925  3205  3372 W A       : 	at com.google.android.libraries.gsa.c.a.d.a(Unknown Source:3)
11-03 10:40:13.045925  3205  3372 W A       : 	at com.google.common.p.a.cg.c(Unknown Source:2)
11-03 10:40:13.045925  3205  3372 W A       : 	at com.google.common.p.a.bk.run(SourceFile:3)
11-03 10:40:13.045925  3205  3372 W A       : 	at com.google.common.p.a.ci.run(Unknown Source:4)
11-03 10:40:13.045925  3205  3372 W A       : 	at com.google.apps.tiktok.concurrent.ab.run(SourceFile:1)
11-03 10:40:13.045925  3205  3372 W A       : 	at java.util.concurrent.ThreadPoolExecutor.runWorker(ThreadPoolExecutor.java:1167)
11-03 10:40:13.045925  3205  3372 W A       : 	at java.util.concurrent.ThreadPoolExecutor$Worker.run(ThreadPoolExecutor.java:641)
11-03 10:40:13.045925  3205  3372 W A       : 	at com.google.apps.tiktok.concurrent.c.run(Unknown Source:4)
11-03 10:40:13.045925  3205  3372 W A       : 	at java.lang.Thread.run(Thread.java:764)
11-03 10:40:13.053326   512 12996 I sensors-hal: handle_indication_realtime:355,  SCHED_FIFO(10) for qmi_cbk
--------- switch to kernel
11-03 10:40:12.912410     0     0 I CPU3    : update cpu_capacity 1024
11-03 10:40:12.919516     0     0 I CPU2    : update max cpu_capacity 1024
--------- switch to main
11-03 10:40:13.074373  2520  2520 D HOME    : [StreamDBQueue]Promised revision #4486 to queue a new op
11-03 10:40:13.074721  2520  2520 D WatchStreamManager: Promised rank-blocked=true @ r#4486
11-03 10:40:13.075602  2520 12978 D HOME    : [WatchStreamDB]Item alerting conditions - isInterruptive: true, recentlyInterrupted: false, isItemPinned: false, isUnread: false
11-03 10:40:13.076311  2520 12978 D HOME    : [StreamAlertingRegulator]isTheaterModeEnabled: false, isAlertingAllowedByOffBody: true, matchesLocalInterruptionFilter: true
11-03 10:40:13.076657  2520 12978 D HOME    : [WatchStreamDB]couldItemAlert: false, isTopItemChanged: false, isDeferralForTopItem: false
11-03 10:40:13.078542  2520  2714 D HOME    : [TickMonitor]Received time tick
11-03 10:40:13.078796  2520  2714 D HOME    : [TickMonitor]handleTimeTick() finished
--------- switch to kernel
11-03 10:40:12.953561     0     0 I CPU3    : update max cpu_capacity 1024
--------- switch to main
11-03 10:40:13.413250   512   512 I sensors-hal: activate:107, android.sensor.light/46 en=0
11-03 10:40:13.414518   512   512 I sensors-hal: activate:118, android.sensor.light/46 en=0 completed
11-03 10:40:13.417257   512   512 I sensors-hal: batch:140, android.sensor.light/46, period=250000000, max_latency=0
11-03 10:40:13.417339   512   512 I sensors-hal: batch:149, android.sensor.light/46, period=250000000, max_latency=0 request completed
11-03 10:40:13.417764   512   512 I sensors-hal: activate:107, android.sensor.light/46 en=1
11-03 10:40:13.418108   512   512 I sensors-hal: ssc_enable_rt_task:254, ssc_enable_rt_task : true
11-03 10:40:13.420824   512   512 I sensors-hal: activate:118, android.sensor.light/46 en=1 completed
--------- switch to system
11-03 10:40:13.426013  1686  1686 V SettingsProvider: Notifying for 0: content://settings/system/screen_brightness
--------- switch to main
11-03 10:40:13.426973  1686  1686 I SidekickService: loadBrightnessLocked()
11-03 10:40:13.427838  1686  1686 D SidekickService: screenBrightness  = 56
11-03 10:40:13.428474  1686  1686 D SidekickService: sendConfigValuesLocked(): alsThresholds = [40, 92, 95, 100, 125, 150, 175, 200, 225, 250, 300, 400, 500, 800, 1200], brightnessValuesBright = [50, 56, 60, 70, 80, 90, 100, 115, 120, 140, 160, 180, 200, 220, 240, 255], brightnessValuesDim= [50, 56, 60, 70, 80, 90, 100, 115, 120, 140, 160, 180, 200, 220, 240, 255]
11-03 10:40:13.438408  1686  1686 D SidekickService: setAlsMode(): mode = 2, brightenAlpha = 80, dimmingAlpha = 80
11-03 10:40:13.449601  1686  1686 D SidekickService: setTwmConfig():: msTiltToBright = 10000, tiltToBright = false
11-03 10:40:13.483627   512 13004 I sensors-hal: handle_indication_realtime:355,  SCHED_FIFO(10) for qmi_cbk
--------- switch to system
11-03 10:40:17.653005  1686  1712 I PowerManagerService: Going to sleep due to screen timeout (uid 1000)...
11-03 10:40:17.653572  1686  1686 W UsageStatsService: Event reported without a package name
11-03 10:40:17.654271  1686  1712 I DreamManagerService: Entering dreamland.
11-03 10:40:17.655041  1686  1712 I PowerManagerService: Dozing...
11-03 10:40:17.666730  1686  1708 I DreamController: Starting dream: name=ComponentInfo{com.google.android.wearable.ambient/com.google.android.wearable.ambient.AmbientDream}, isTest=false, canDoze=true, userId=0
11-03 10:40:17.683734  1686  1686 W ContextImpl: Calling a method in the system process without a qualified user: android.app.ContextImpl.bindService:1611 android.content.ContextWrapper.bindService:698 com.google.android.wearable.ambient.AmbientDream.onCreate:191 android.app.ActivityThread.handleCreateService:3533 android.app.ActivityThread.access$1300:200 
11-03 10:40:17.687160  1686  1686 W ContextImpl: Calling a method in the system process without a qualified user: android.app.ContextImpl.sendBroadcast:1005 android.content.ContextWrapper.sendBroadcast:444 com.google.android.wearable.ambient.AmbientDream.onCreate:241 android.app.ActivityThread.handleCreateService:3533 android.app.ActivityThread.access$1300:200 
11-03 10:40:17.688314  1686  1686 V DreamService[AmbientDream]: onBind() intent = Intent { act=android.service.dreams.DreamService flg=0x800000 cmp=com.google.android.wearable.ambient/.AmbientDream }
--------- switch to main
11-03 10:40:17.689482  1686  1686 I AmbientService: [ce6a28c] Ambient Created
--------- switch to system
11-03 10:40:17.690842  1686  1686 V DreamService[AmbientDream]: Calling onDreamingStarted()
--------- switch to main
11-03 10:40:17.691047  1686  1686 I AmbientService: [ce6a28c] doOnDreamingStarted
11-03 10:40:17.691632  1686  1686 D SidekickService: setShouldControlDisplay called: true
11-03 10:40:17.692630  1686  1686 I AmbientService: [ce6a28c] Selected running activity for ambient mode: AmbientActivity[component=ComponentInfo{com.google.android.wearable.app/com.google.android.clockwork.home2.activity.HomeActivity2}, callbacks=@210b385, running=true, ambientRequested=true, ambientEnabled=true, offloadEnabled=true]
11-03 10:40:17.693247  1686  1686 I AmbientService: [ce6a28c] Sidekick is ready to display, requesting doze.
11-03 10:40:17.693976  1686  1686 I AmbientService: [ce6a28c] No auto-resume Activity.
11-03 10:40:17.696248  1686  1686 W DefaultSettingsContentR: Value for ambient_low_bit_enabled not stored as number. Attempting parse as boolean.
11-03 10:40:17.699534  1686  1686 I AmbientService: [ce6a28c] Showing watch face in offload mode, canceling alarm.
11-03 10:40:17.699558  2520  2520 D HOME    : [HomeVisitsLogger]Logging streamlet event: enter_ambient_mode
11-03 10:40:17.699658  1686  1686 W AlarmManagerProxy: Removing unknown listener
11-03 10:40:17.699754  1686  1686 D WristGestureCtrl: Stopping detectors: GesturesEnabled-false gestureDetector-false ungazeEnabled-true ungaze-true
11-03 10:40:17.699787  1686  1686 D DefaultUngazeDetector: stopping
11-03 10:40:17.700162  2520  2520 D HOME    : [HotwordController]updateClient MODE_WATCH_FACE false true false true
11-03 10:40:17.700251  2520 12956 D HOME    : [HomeVisitsLogger]Logging streamlet event: visit_end
11-03 10:40:17.701983   512   512 I sensors-hal: batch:140, android.sensor.accelerometer/48, period=66667000, max_latency=100000000
11-03 10:40:17.704929   512   512 I sensors-hal: batch:149, android.sensor.accelerometer/48, period=66667000, max_latency=100000000 request completed
11-03 10:40:17.740377  2520  2520 D HOME    : [WatchFaceUiController]setInAmbientMode true
11-03 10:40:17.741295  2520 12956 I SidekickManager: replaceWatchFaceComponentsImpl(): watchFace = com.google.android.clockwork.decomposablewatchface.WatchFaceDecomposition@de53ac7
11-03 10:40:17.742388  1686  9965 D SidekickService: sendWatchFaceComponents called: watchFace = com.google.android.clockwork.decomposablewatchface.WatchFaceDecomposition@589433dshouldReplace = false
11-03 10:40:17.742643  1686  9965 D SidekickService: Check decomposition for calling app com.google.android.wearable.app with uid 10049
11-03 10:40:17.742679  2520  2520 D HOME    : [StreamDBQueue]Promised revision #4487 to queue a new op
11-03 10:40:17.742912  2520  2520 D WatchStreamManager: Promised rank-blocked=false @ r#4487
11-03 10:40:17.743030  1686  9965 D SidekickService: sendWatchFaceLocked(): shouldReplace = false, mSidekickIsControlling = false, 1 images, 0 fonts, 0 numbers, 0 proportionalFonts, 0 strings
11-03 10:40:17.743083  1686  9965 D SidekickService: ISidekickGraphics#beginResources()...
11-03 10:40:17.743310  2520  2520 D HOME    : [StreamDBQueue]Promised revision #4488 to queue a new op
11-03 10:40:17.743498  2520  2520 D WatchStreamManager: Promised rank-blocked=false @ r#4488
11-03 10:40:17.743859  2520 12958 D HOME    : [StreamDBQueue]Promised revision #4489 to queue a new op
11-03 10:40:17.743986  2520 12958 D WatchStreamManager: Promised rerank @ r#4489
11-03 10:40:17.744104  1686  9965 D SidekickServiceUtils: bitmapFromDrawable: Returning bitmap directly
11-03 10:40:17.744277  2520  2520 D HOME    : [EventBus]Wrapper pool is full. Discarding excess wrapper instance for event com.google.android.clockwork.sysui.events.KeyguardStateEvent
11-03 10:40:17.744376  2520  2520 D HOME    : [WatchFaceUiController]sendStateToWallpaper
11-03 10:40:17.744742  2520 12978 D HOME    : [WatchStreamDB]Item alerting conditions - isInterruptive: true, recentlyInterrupted: false, isItemPinned: false, isUnread: false
11-03 10:40:17.745070  2520 12978 D HOME    : [StreamAlertingRegulator]isTheaterModeEnabled: false, isAlertingAllowedByOffBody: true, matchesLocalInterruptionFilter: true
11-03 10:40:17.745304  2520 12978 D HOME    : [WatchStreamDB]couldItemAlert: false, isTopItemChanged: false, isDeferralForTopItem: false
11-03 10:40:17.746341  2520  2520 D HOME    : [EventBus]Wrapper pool is full. Discarding excess wrapper instance for event com.google.android.clockwork.sysui.events.KeyguardStateEvent
11-03 10:40:17.746381  1686  9965 D SidekickService: sendBitmapsLocked(): bounds = RectF(0.47115386, 0.33653846, 0.52884614, 0.39423078), drawableInfo = {.id = 100000, .width = 24, .height = 24, .display = true, .offsetX = 193.0, .offsetY = 137.0, .rotationInfo = {.hasRotation = false, .pivotX = 0.0, .pivotY = 0.0, .degreesPerDay = 0.0, .degreesPerStep = 0.0, .zeroDegreesTime = {.daysSinceLocalEpoch = 0, .msSinceMidnight = 0}}, .transformInfo = {.transformed = false, .flipX = false, .flipY = false, .flip45 = false, .scaleX = 0.0, .scaleY = 0.0}, .type = GENERIC, .blink = {.blinking = false, .periodOnMs = 0.0, .periodOffMs = 0.0, .startTime = {.daysSinceLocalEpoch = 0, .msSinceMidnight = 0}}, .zOrder = 6, .displayInTwm = true}, image.size() = 204
11-03 10:40:17.746673  2520  2520 D HOME    : [EventBus]Wrapper pool is full. Discarding excess wrapper instance for event com.google.android.clockwork.sysui.events.KeyguardStateEvent
11-03 10:40:17.747006  2520 12978 D HOME    : [WatchStreamDB]Item alerting conditions - isInterruptive: true, recentlyInterrupted: false, isItemPinned: false, isUnread: false
11-03 10:40:17.747373  2520 12978 D HOME    : [StreamAlertingRegulator]isTheaterModeEnabled: false, isAlertingAllowedByOffBody: true, matchesLocalInterruptionFilter: true
11-03 10:40:17.747489   416  2389 D SKGHAL  : saveResource: resId = 100000
11-03 10:40:17.747650  2520 12978 D HOME    : [WatchStreamDB]couldItemAlert: false, isTopItemChanged: false, isDeferralForTopItem: false
11-03 10:40:17.748181  2520 12978 D HOME    : [WatchStreamDB]updateRanking()
11-03 10:40:17.751957  1686  9965 D SidekickService: sendBitmapsLocked(): status = 0, bytesUsed = 267
11-03 10:40:17.752389  1686  9965 D SidekickService: ISidekickGraphics#endResources()...
11-03 10:40:17.752811  2520  2520 W StaticLayout: maxLineHeight should not be -1.  maxLines:1 lineCount:1
11-03 10:40:17.750642  2520 12978 D HOME    : [WatchStreamDB]Item alerting conditions - isInterruptive: true, recentlyInterrupted: false, isItemPinned: false, isUnread: false
11-03 10:40:17.757052  2520 12978 D HOME    : [StreamAlertingRegulator]isTheaterModeEnabled: false, isAlertingAllowedByOffBody: true, matchesLocalInterruptionFilter: true
11-03 10:40:17.757440  2520 12978 D HOME    : [WatchStreamDB]couldItemAlert: false, isTopItemChanged: false, isDeferralForTopItem: false
11-03 10:40:17.758283  2520 12978 D HOME    : [NewStreamAdapter]Publishing revision #4489 to adapter clients
11-03 10:40:17.759097  2520 12958 D HOME    : [StreamDBQueue]Promised revision #4490 to queue a new op
11-03 10:40:17.760245  2520 12978 D HOME    : [WatchStreamDB]updateRanking()
11-03 10:40:17.761320  2520 12978 D HOME    : [WatchStreamDB]Item alerting conditions - isInterruptive: true, recentlyInterrupted: false, isItemPinned: false, isUnread: false
11-03 10:40:17.760047  2520 12958 D WatchStreamManager: Promised rerank @ r#4490
11-03 10:40:17.762062  2520 12978 D HOME    : [StreamAlertingRegulator]isTheaterModeEnabled: false, isAlertingAllowedByOffBody: true, matchesLocalInterruptionFilter: true
11-03 10:40:17.762347  2520 12978 D HOME    : [WatchStreamDB]couldItemAlert: false, isTopItemChanged: false, isDeferralForTopItem: false
11-03 10:40:17.763002  2520 12978 D HOME    : [NewStreamAdapter]Publishing revision #4490 to adapter clients
11-03 10:40:17.944650   416  2389 D SKGHAL  : sendResources: metadata size = 2400, font size = 72
11-03 10:40:17.987752   416  2389 D SKGHAL  : endResources: rc = 0
11-03 10:40:17.990498  2520  2520 D HOME    : [SidekickManagerAsync]replaceWatchFaceComponents(): Callback#onResult(): 0
--------- switch to system
11-03 10:40:17.990719  1686  1686 W Looper  : Slow dispatch took 241ms main h=android.os.Handler c=com.google.android.wearable.ambient.AmbientDream$Callbacks$1@c1c6732 m=0
--------- switch to main
11-03 10:40:17.991024  2520  2520 D HOME    : [WatchFaceUiController]Complication updates sent, posting watch face hiding
11-03 10:40:17.991155  2520  2520 D HOME    : [WatchFaceUiController]Still in ambient watch face, hiding
11-03 10:40:17.991255  2520  2520 D HOME    : [WatchFaceUiController]Hiding watch face wallpaper.
--------- switch to kernel
11-03 10:40:17.887607     0     0 E FG      : fg_psy_get_property: unsupported property 7
11-03 10:40:17.891756     0     0 W healthd : battery l=12 v=3657 t=30.0 h=2 st=3 c=115 fc=443000 cc=0 chg=
--------- switch to main
11-03 10:40:18.026740   512   512 I sensors-hal: activate:107, android.sensor.light/46 en=0
11-03 10:40:18.029970   512   512 I sensors-hal: activate:118, android.sensor.light/46 en=0 completed
11-03 10:40:18.043328  1956  1956 D QtiCarrierConfigHelper: WARNING, no carrier configs on phone Id: 0
11-03 10:40:18.044447  2520  2520 D HOME    : [BatteryChange]action: android.intent.action.BATTERY_CHANGED
11-03 10:40:18.046462  2520 12956 D HOME    : [BatteryChange]HandleBatteryChangedTask
11-03 10:40:18.047730  2520 12956 D HOME    : [BatteryChange]level: 12, status: 3
11-03 10:40:18.050032  2520 12956 D HOME    : [BatteryChange]updateStreamItem
--------- switch to system
11-03 10:40:18.058030  1686  1710 I DisplayManagerService: Display device changed state: "Écran intégré", DOZE_SUSPEND
--------- switch to main
11-03 10:40:18.100523  1686  1759 I InputReader: Reconfiguring input devices.  changes=0x00000004
11-03 10:40:18.114328  1686  1823 D LightsService: Excessive delay setting light
11-03 10:40:18.115285   545   545 D SurfaceFlinger: Set power mode=3, type=0 flinger=0xb6bb6000
11-03 10:40:18.116831   504   764 I SDM     : DisplayBase::SetDisplayState: Set state = 3, display 0
11-03 10:40:18.172100   545   545 D SurfaceFlinger: Finished set power mode=3, type=0
11-03 10:40:18.172982  1686  1823 I SidekickService: beginDisplayLocked(): DOZE_SUSPEND
11-03 10:40:18.174028   416  2389 D SKGHAL  : sendAmbientPrepare: enter:
--------- switch to kernel
11-03 10:40:18.000632     0     0 I mdss_dsi_panel_set_idle_mode: Idle (0->1)
11-03 10:40:18.045174     0     0 I         : [touch]FB_BLANK_VSYNC_SUSPEND
11-03 10:40:18.045183     0     0 I         : [touch]irq disable
11-03 10:40:18.045189     0     0 I         : [touch]workqueue is empty!
11-03 10:40:18.045193     0     0 I         : [touch]raydium_ts_do_suspend.
11-03 10:40:18.045207     0     0 I         : [touch]Device may wakeup
11-03 10:40:18.049332     0     0 I         : [touch]irq enable
--------- switch to main
11-03 10:40:18.226256   416  2389 D SKGHAL  : sendAmbientEvent: enter: enable = 1
11-03 10:40:18.227331   504   523 I SDM     : DisplayBase::SetDisplayState: Set state = 4, display 0
11-03 10:40:18.227424   504   523 D SDM     : HWCDisplayPrimary::SetStandByMode: Null display is connected successfully
11-03 10:40:18.227599   416  2389 D SKGHAL  : standBy_update_control call succeed on 1
11-03 10:40:18.237967   416  2389 D SKGHAL  : sendAmbientEvent: done: enable = 1
11-03 10:40:18.238542  1686  1823 D SidekickService:    ... beginDisplay result: 0 for halPower: 1
11-03 10:40:18.242717   512   512 I sensors-hal: activate:107, android.sensor.accelerometer/48 en=0
11-03 10:40:18.244423   512   512 I sensors-hal: activate:118, android.sensor.accelerometer/48 en=0 completed
11-03 10:40:18.250860  1686  1799 E WifiStateMachine: getWifiLinkLayerStats called without an interface
--------- switch to kernel
11-03 10:40:18.123338     0     0 E bgrsb   : bgrsb_enable: gpio 32 is valid
--------- switch to main
11-03 10:40:18.272799  1686  1686 I WearPower: [WearTouchMediator] changing touch input to enabled (ON_AUTO)
11-03 10:40:18.274374  1686  1759 I InputReader: Reconfiguring input devices.  changes=0x00000200
11-03 10:40:18.283349  1686  1686 I AmbientService: [ce6a28c] Timeout alarm not required, auto-resume timeout handled by dream.
--------- switch to kernel
11-03 10:40:18.155045     0     0 I init    : processing action (ro.enable_core_ctl=true && sys.cw_corectl_mode=idle) from (/vendor/etc/init/hw/init.qcom.rc:949)
--------- switch to main
11-03 10:40:18.294117  3205  3434 W WorkController: Loading failed for worker [trainingcache]: worker not found
11-03 10:40:18.295453  3205  3294 W A       : TrainingCache cache SCREEN_OFF failure
11-03 10:40:18.295453  3205  3294 W A       : com.google.android.apps.gsa.search.core.service.h.a.a: No worker found for Worker ID [trainingcache].
11-03 10:40:18.295453  3205  3294 W A       : 	at com.google.android.apps.gsa.search.core.service.g.a.c.a(Unknown Source:5)
11-03 10:40:18.295453  3205  3294 W A       : 	at com.google.android.libraries.gsa.c.a.d.a(Unknown Source:3)
11-03 10:40:18.295453  3205  3294 W A       : 	at com.google.common.p.a.cg.c(Unknown Source:2)
11-03 10:40:18.295453  3205  3294 W A       : 	at com.google.common.p.a.bk.run(SourceFile:3)
11-03 10:40:18.295453  3205  3294 W A       : 	at com.google.common.p.a.ci.run(Unknown Source:4)
11-03 10:40:18.295453  3205  3294 W A       : 	at com.google.apps.tiktok.concurrent.ab.run(SourceFile:1)
11-03 10:40:18.295453  3205  3294 W A       : 	at java.util.concurrent.ThreadPoolExecutor.runWorker(ThreadPoolExecutor.java:1167)
11-03 10:40:18.295453  3205  3294 W A       : 	at java.util.concurrent.ThreadPoolExecutor$Worker.run(ThreadPoolExecutor.java:641)
11-03 10:40:18.295453  3205  3294 W A       : 	at com.google.apps.tiktok.concurrent.c.run(Unknown Source:4)
11-03 10:40:18.295453  3205  3294 W A       : 	at java.lang.Thread.run(Thread.java:764)
11-03 10:40:18.310314  2520  2520 D HOME    : [StreamDBQueue]Promised revision #4491 to queue a new op
11-03 10:40:18.310654  2520  2520 D WatchStreamManager: Promised rank-blocked=false @ r#4491
11-03 10:40:18.311014  2520  2520 D HOME    : [CompactHunStarter]detachWindow()
11-03 10:40:18.311353  2520 12958 D HOME    : [StreamDBQueue]Promised revision #4492 to queue a new op
11-03 10:40:18.311369  2520 12956 D HOME    : [WatchStreamDB]Item alerting conditions - isInterruptive: true, recentlyInterrupted: false, isItemPinned: false, isUnread: false
11-03 10:40:18.311567  2520 12958 D WatchStreamManager: Promised rerank @ r#4492
11-03 10:40:18.311818  2520 12956 D HOME    : [StreamAlertingRegulator]isTheaterModeEnabled: false, isAlertingAllowedByOffBody: true, matchesLocalInterruptionFilter: true
11-03 10:40:18.312139  2520 12956 D HOME    : [WatchStreamDB]couldItemAlert: false, isTopItemChanged: false, isDeferralForTopItem: false
11-03 10:40:18.312752  2520 12956 D HOME    : [WatchStreamDB]updateRanking()
11-03 10:40:18.313494  2520 12956 D HOME    : [WatchStreamDB]Item alerting conditions - isInterruptive: true, recentlyInterrupted: false, isItemPinned: false, isUnread: false
11-03 10:40:18.313831  2520 12956 D HOME    : [StreamAlertingRegulator]isTheaterModeEnabled: false, isAlertingAllowedByOffBody: true, matchesLocalInterruptionFilter: true
11-03 10:40:18.314170  2520 12956 D HOME    : [WatchStreamDB]couldItemAlert: false, isTopItemChanged: false, isDeferralForTopItem: false
11-03 10:40:18.314934  2520 12956 D HOME    : [NewStreamAdapter]Publishing revision #4492 to adapter clients
--------- switch to kernel
11-03 10:40:18.340291     0     0 I PM      : suspend entry 2021-11-03 09:40:18.340291660 UTC
11-03 10:40:18.340301     0     0 I PM      : Syncing filesystems ...
11-03 10:40:18.365596     0     0 I CPU3    : update max cpu_capacity 1024
11-03 10:40:18.372945     0     0 I         : done.
11-03 10:40:18.389077     0     0 I CPU2    : shutdown
11-03 10:40:18.390146     0     0 I         : Freezing user space processes ...
11-03 10:40:18.394138     0     0 I PM      : Wakeup pending, aborting suspend
11-03 10:40:18.394173     0     0 I         : active wakeup source: NETLINK
11-03 10:40:18.394207     0     0 E         : Freezing of tasks aborted after 0.004 seconds
11-03 10:40:18.394218     0     0 I         : Restarting tasks ...
11-03 10:40:18.394751     0     0 W QSEECOM : qseecom_receive_req: Interrupted: exiting Listener Service = 11
11-03 10:40:18.394777     0     0 W QSEECOM : qseecom_receive_req: Interrupted: exiting Listener Service = 12288
11-03 10:40:18.394876     0     0 W QSEECOM : qseecom_receive_req: Interrupted: exiting Listener Service = 28672
11-03 10:40:18.395039     0     0 W QSEECOM : qseecom_receive_req: Interrupted: exiting Listener Service = 10
11-03 10:40:18.397961     0     0 I init    : Command 'write /sys/devices/system/cpu/cpu2/online 0' action=ro.enable_core_ctl=true && sys.cw_corectl_mode=idle (/vendor/etc/init/hw/init.qcom.rc:951) took 120ms and succeeded
11-03 10:40:18.398713     0     0 W QSEECOM : qseecom_receive_req: Interrupted: exiting Listener Service = 8192
11-03 10:40:18.398790     0     0 I         : done.
11-03 10:40:18.399447     0     0 I PM      : suspend exit 2021-11-03 09:40:18.399447129 UTC
11-03 10:40:18.456755     0     0 I CPU0    : update max cpu_capacity 748
11-03 10:40:18.489725     0     0 W         : IRQ21 no longer affine to CPU3
11-03 10:40:18.491338     0     0 I CPU3    : shutdown
11-03 10:40:18.496043     0     0 I init    : Command 'write /sys/devices/system/cpu/cpu3/online 0' action=ro.enable_core_ctl=true && sys.cw_corectl_mode=idle (/vendor/etc/init/hw/init.qcom.rc:952) took 97ms and succeeded
11-03 10:40:18.601172     0     0 I PM      : suspend entry 2021-11-03 09:40:18.601172337 UTC
--------- switch to system
11-03 10:40:38.610294  1686  1686 I PowerManagerService: Waking up from dozing (uid=1000 reason=tiltToWake)...
--------- switch to kernel
11-03 10:40:18.601191     0     0 I PM      : Syncing filesystems ... done.
11-03 10:40:18.635052     0     0 I         : Freezing user space processes ... (elapsed 0.011 seconds) done.
11-03 10:40:18.647038     0     0 I         : Freezing remaining freezable tasks ... (elapsed 0.006 seconds) done.
11-03 10:40:18.653131     0     0 I         : Suspending console(s) (use no_console_suspend to debug)
11-03 10:40:18.668776     0     0 I mdss_dsi_panel_set_idle_mode: Idle (1->1)
11-03 10:40:18.711969     0     0 I bgcom   : bgcom_pm_suspend: suspended with : 0
11-03 10:40:18.742853     0     0 I PM      : suspend of devices complete after 85.370 msecs
11-03 10:40:18.748915     0     0 I PM      : late suspend of devices complete after 6.016 msecs
11-03 10:40:18.754964     0     0 I PM      : noirq suspend of devices complete after 6.011 msecs
11-03 10:40:18.754980     0     0 I         : Disabling non-boot CPUs ...
11-03 10:40:18.769032     0     0 I CPU1    : shutdown
11-03 10:40:18.771466     0     0 I suspend ns: 3933013643906	suspend cycles:    1226997233693
11-03 10:40:18.771438     0     0 I CPU0    : msm_cpu_pm_enter_sleep mode:3 during suspend
11-03 10:40:18.771438     0     0 I         : Suspended for 19.719 seconds
11-03 10:40:18.771438     0     0 I resume cycles: 1227375849588
11-03 10:40:18.772053     0     0 I         : Enabling non-boot CPUs ...
11-03 10:40:18.772920     0     0 I CPU1    : update cpu_capacity 1024
11-03 10:40:18.774674     0     0 I         : CPU1 is up
11-03 10:40:18.775504     0     0 I CPU1    : update max cpu_capacity 748
11-03 10:40:18.778777     0     0 I PM      : noirq resume of devices complete after 3.704 msecs
11-03 10:40:18.784559     0     0 I PM      : early resume of devices complete after 4.263 msecs
11-03 10:40:18.818941     0     0 I bgcom   : bgcom_pm_resume: Bgcom resumed with : 0
11-03 10:40:18.829366     0     0 I mdss_dsi_panel_set_idle_mode: Idle (1->1)
11-03 10:40:18.870842     0     0 I PM      : resume of devices complete after 86.239 msecs
11-03 10:40:18.875841     0     0 I         : Restarting tasks ...
11-03 10:40:18.878815     0     0 W QSEECOM : qseecom_receive_req: Interrupted: exiting Listener Service = 8192
11-03 10:40:18.878912     0     0 W QSEECOM : qseecom_receive_req: Interrupted: exiting Listener Service = 12288
11-03 10:40:18.878965     0     0 W QSEECOM : qseecom_receive_req: Interrupted: exiting Listener Service = 10
11-03 10:40:18.885891     0     0 W QSEECOM : qseecom_receive_req: Interrupted: exiting Listener Service = 11
11-03 10:40:18.885988     0     0 W QSEECOM : qseecom_receive_req: Interrupted: exiting Listener Service = 28672
11-03 10:40:18.891594     0     0 I         : done.
11-03 10:40:38.629687     0     0 I PM      : suspend exit 2021-11-03 09:40:38.629687694 UTC
--------- switch to system
11-03 10:40:38.633341  1686  1686 W UsageStatsService: Event reported without a package name
--------- switch to kernel
11-03 10:40:38.644554     0     0 E <CORE> tx_data: No Space in Fifo
11-03 10:40:38.647805     0     0 E FG      : fg_psy_get_property: unsupported property 7
11-03 10:40:38.528189     0     0 W healthd : battery l=12 v=3721 t=30.0 h=2 st=3 c=8 fc=443000 cc=0 chg=
--------- switch to main
11-03 10:40:38.680474   512  1749 I sensors-hal: batch:140, android.sensor.light/46, period=100000000, max_latency=0
11-03 10:40:38.680654   512  1749 I sensors-hal: batch:149, android.sensor.light/46, period=100000000, max_latency=0 request completed
11-03 10:40:38.687543   512  1749 I sensors-hal: activate:107, android.sensor.light/46 en=1
11-03 10:40:38.688315   512  1749 I sensors-hal: ssc_enable_rt_task:254, ssc_enable_rt_task : true
11-03 10:40:38.692428   512  1749 I sensors-hal: activate:118, android.sensor.light/46 en=1 completed
11-03 10:40:38.695777   512  1749 I sensors-hal: batch:140, android.sensor.accelerometer/48, period=66667000, max_latency=100000000
11-03 10:40:38.695964   512  1749 I sensors-hal: batch:149, android.sensor.accelerometer/48, period=66667000, max_latency=100000000 request completed
11-03 10:40:38.696511  1686  1823 I SidekickService: endDisplayLocked()
11-03 10:40:38.696984   416  2389 D SKGHAL  : sendAmbientEvent: enter: enable = 0
--------- switch to system
11-03 10:40:38.697752  1686  1710 I DisplayManagerService: Display device changed state: "Écran intégré", ON
--------- switch to main
11-03 10:40:38.712786  4243  4243 D OMService: onDisplayChanged: not dozing
11-03 10:40:38.715881   512  1749 I sensors-hal: activate:107, android.sensor.accelerometer/48 en=1
11-03 10:40:38.716133   512  1749 I sensors-hal: ssc_enable_rt_task:254, ssc_enable_rt_task : true
11-03 10:40:38.717974   512  1749 I sensors-hal: activate:118, android.sensor.accelerometer/48 en=1 completed
11-03 10:40:38.722788  1686  1759 I InputReader: Reconfiguring input devices.  changes=0x00000004
--------- switch to system
11-03 10:40:38.725149  1686  1702 W BroadcastQueue: Background execution not allowed: receiving Intent { act=android.intent.action.USER_PRESENT flg=0x10 } to com.google.android.gms/.auth.setup.devicesignals.LockScreenReceiver
--------- switch to main
11-03 10:40:38.726960  2520  2520 D HOME    : [BatteryChange]action: android.intent.action.BATTERY_CHANGED
11-03 10:40:38.727603  2520 12958 D HOME    : [BatteryChange]HandleBatteryChangedTask
11-03 10:40:38.728000  2520 12958 D HOME    : [BatteryChange]level: 12, status: 3
11-03 10:40:38.729764  3205  3434 W WorkController: Loading failed for worker [trainingcache]: worker not found
11-03 10:40:38.730687  3205  3372 W A       : TrainingCache cache DEVICE_UNLOCKED failure
11-03 10:40:38.730687  3205  3372 W A       : com.google.android.apps.gsa.search.core.service.h.a.a: No worker found for Worker ID [trainingcache].
11-03 10:40:38.730687  3205  3372 W A       : 	at com.google.android.apps.gsa.search.core.service.g.a.c.a(Unknown Source:5)
11-03 10:40:38.730687  3205  3372 W A       : 	at com.google.android.libraries.gsa.c.a.d.a(Unknown Source:3)
11-03 10:40:38.730687  3205  3372 W A       : 	at com.google.common.p.a.cg.c(Unknown Source:2)
11-03 10:40:38.730687  3205  3372 W A       : 	at com.google.common.p.a.bk.run(SourceFile:3)
11-03 10:40:38.730687  3205  3372 W A       : 	at com.google.common.p.a.ci.run(Unknown Source:4)
11-03 10:40:38.730687  3205  3372 W A       : 	at com.google.apps.tiktok.concurrent.ab.run(SourceFile:1)
11-03 10:40:38.730687  3205  3372 W A       : 	at java.util.concurrent.ThreadPoolExecutor.runWorker(ThreadPoolExecutor.java:1167)
11-03 10:40:38.730687  3205  3372 W A       : 	at java.util.concurrent.ThreadPoolExecutor$Worker.run(ThreadPoolExecutor.java:641)
11-03 10:40:38.730687  3205  3372 W A       : 	at com.google.apps.tiktok.concurrent.c.run(Unknown Source:4)
11-03 10:40:38.730687  3205  3372 W A       : 	at java.lang.Thread.run(Thread.java:764)
11-03 10:40:38.731812  2520 12958 D HOME    : [BatteryChange]updateStreamItem
11-03 10:40:38.733379   504   523 I SDM     : DisplayBase::SetDisplayState: Set state = 3, display 0
11-03 10:40:38.733523   504   523 D SDM     : HWCDisplayPrimary::SetStandByMode: Display is connected successfully
11-03 10:40:38.733803   416  2389 D SKGHAL  : standBy_update_control call succeed on 0
11-03 10:40:38.733842   416  2389 D SKGHAL  : sendAmbientEvent: done: enable = 0
11-03 10:40:38.734276  1686  1823 D SidekickService:    ... endDisplay returns void
11-03 10:40:38.734793   545   545 D SurfaceFlinger: Set power mode=2, type=0 flinger=0xb6bb6000
11-03 10:40:38.735231   504   764 I SDM     : DisplayBase::SetDisplayState: Set state = 1, display 0
--------- switch to kernel
11-03 10:40:38.587017     0     0 E bgrsb   : bgrsb_enable: rsb will set report rate
11-03 10:40:38.611033     0     0 I         : [touch]FB_BLANK_VSYNC_SUSPEND
11-03 10:40:38.611036     0     0 I         : [touch]Already in suspend state
11-03 10:40:38.616272     0     0 E bgrsb   : bgrsb_enable: gpio 32 is valid
--------- switch to main
11-03 10:40:38.743893   545   545 D SurfaceFlinger: Finished set power mode=2, type=0
11-03 10:40:38.744798  1956  1956 D QtiCarrierConfigHelper: WARNING, no carrier configs on phone Id: 0
--------- switch to kernel
11-03 10:40:38.619874     0     0 I mdss_dsi_panel_set_idle_mode: Idle (1->0)
11-03 10:40:38.620586     0     0 E mdp3_enable_panic_ctrl: mdp3_enable_panic_ctrl: Enable Panic Control
11-03 10:40:38.620643     0     0 I         : [touch]FB_BLANK_UNBLANK
11-03 10:40:38.620647     0     0 I         : [touch]raydium_ts_do_resume, 1.
11-03 10:40:38.620901     0     0 I         : [ raydium ]workqueue is empty!
11-03 10:40:38.620911     0     0 I raydium_ts 5-0039: [touch]Already enable irq
11-03 10:40:38.620914     0     0 I         : [touch]Device may wakeup
--------- switch to system
11-03 10:40:38.745849  1686  1702 W BroadcastQueue: Background execution not allowed: receiving Intent { act=android.intent.action.USER_PRESENT flg=0x10 } to com.google.android.gms/.chimera.GmsIntentOperationService$PersistentTrustedReceiver
11-03 10:40:38.754141  1686  1712 W PowerManagerService: Screen on took 272 ms
11-03 10:40:38.754439  1686  1712 I DreamManagerService: Gently waking up from dream.
11-03 10:40:38.754726  1686  1708 I DreamManagerService: Performing gentle wake from dream.
11-03 10:40:38.759389  1686  1686 V DreamService[AmbientDream]: wakeUp(): fromSystem=true, mWaking=false, mFinished=false
11-03 10:40:38.759547  1686  1686 V DreamService[AmbientDream]: finish(): mFinished=false
11-03 10:40:38.759621  1686  1686 I DreamManagerService: Leaving dreamland.
11-03 10:40:38.760101  1686  1708 I DreamManagerService: Performing gentle wake from dream.
11-03 10:40:38.760273  1686  1708 I DreamController: Stopping dream: name=ComponentInfo{com.google.android.wearable.ambient/com.google.android.wearable.ambient.AmbientDream}, isTest=false, canDoze=true, userId=0
--------- switch to main
11-03 10:40:38.760967  1686  1799 E WifiStateMachine: getWifiLinkLayerStats called without an interface
11-03 10:40:38.768829   512 13008 I sensors-hal: handle_indication_realtime:355,  SCHED_FIFO(10) for qmi_cbk
--------- switch to system
11-03 10:40:38.773843  1686  1686 V DreamService[AmbientDream]: detach(): Calling onDreamingStopped()
--------- switch to main
11-03 10:40:38.773958  1686  1686 I AmbientService: [ce6a28c] doOnDreamingStopped
11-03 10:40:38.774033  1686  1686 D WristGestureCtrl: Starting: GesturesEnabled-false UngazeEnabled-true
11-03 10:40:38.774080  1686  1686 D DefaultUngazeDetector: starting
11-03 10:40:38.774134  1686  1686 D DefaultUngazeDetector: startUngazeStateEstimation(). startTime = 63918204
11-03 10:40:38.774268  1686  1686 W AlarmManagerProxy: Removing unknown listener
11-03 10:40:38.775087   512  1749 I sensors-hal: batch:140, android.sensor.accelerometer/48, period=19231000, max_latency=100000000
11-03 10:40:38.776266   512  1749 I sensors-hal: batch:149, android.sensor.accelerometer/48, period=19231000, max_latency=100000000 request completed
11-03 10:40:38.776600   512  1749 I sensors-hal: flush:169, android.sensor.accelerometer/48
