11-03 08:30:58.427884 10095 10133 W bt_btif : bta_hf_client_find_cb_by_bda: bdaddr mismatch for handle 1 alloc 0
11-03 08:30:58.427906 10095 10133 W bt_btif : bta_hf_client_find_cb_by_bda: bdaddr mismatch for handle 2 alloc 0
11-03 08:30:58.427928 10095 10133 W bt_btif : bta_hf_client_find_cb_by_bda: bdaddr mismatch for handle 3 alloc 0
11-03 08:30:58.427948 10095 10133 W bt_btif : bta_hf_client_find_cb_by_bda: bdaddr mismatch for handle 4 alloc 0
11-03 08:30:58.427968 10095 10133 W bt_btif : bta_hf_client_find_cb_by_bda: bdaddr mismatch for handle 5 alloc 0
11-03 08:30:58.427989 10095 10133 W bt_btif : bta_hf_client_find_cb_by_bda: bdaddr mismatch for handle 6 alloc 0
11-03 08:30:58.428008 10095 10133 W bt_btif : bta_hf_client_find_cb_by_bda: bdaddr mismatch for handle 7 alloc 0
11-03 08:30:58.428029 10095 10133 W bt_btif : bta_hf_client_find_cb_by_bda: bdaddr mismatch for handle 8 alloc 0
11-03 08:30:58.428049 10095 10133 W bt_btif : bta_hf_client_find_cb_by_bda: bdaddr mismatch for handle 9 alloc 0
11-03 08:30:58.428069 10095 10133 E bt_btif : bta_hf_client_find_cb_by_bda: block not found
--------- switch to kernel
11-03 08:30:58.432963     0     0 E FG      : fg_psy_get_property: unsupported property 7
11-03 08:30:58.344628     0     0 W healthd : battery l=24 v=3770 t=29.0 h=2 st=3 c=21 fc=443000 cc=0 chg=
--------- switch to main
11-03 08:30:58.458524   512  1749 I sensors-hal: batch:140, android.sensor.light/46, period=100000000, max_latency=0
11-03 08:30:58.458609   512  1749 I sensors-hal: batch:149, android.sensor.light/46, period=100000000, max_latency=0 request completed
11-03 08:30:58.459414   512  1749 I sensors-hal: activate:107, android.sensor.light/46 en=1
11-03 08:30:58.459660   512  1749 I sensors-hal: ssc_enable_rt_task:254, ssc_enable_rt_task : true
11-03 08:30:58.463928 10095 10095 D AdapterProperties: PROFILE_CONNECTION_STATE_CHANGE: profile=16, device=14:3C:C3:AD:3D:53, 0 -> 1
11-03 08:30:58.464198 10095 10095 D AdapterProperties: ADAPTER_CONNECTION_STATE_CHANGE: 14:3C:C3:AD:3D:53: 0 -> 1
11-03 08:30:58.467644  5603  5603 D BtTelecomReceiver: onReceive: Intent { act=android.bluetooth.headsetclient.profile.action.CONNECTION_STATE_CHANGED flg=0x10 cmp=com.google.android.apps.wearable.bluetooth/com.google.android.clockwork.hfp.BtTelecomBroadcastReceiver (has extras) }
11-03 08:30:58.467906  5603  5603 D BtTelecomReceiver: Hfp connection changed: -724754873 0 -> 1
--------- switch to system
11-03 08:30:58.468897  1686  7908 W BroadcastQueue: Background execution not allowed: receiving Intent { act=android.bluetooth.adapter.action.CONNECTION_STATE_CHANGED flg=0x4000010 (has extras) } to com.google.android.gms/.chimera.GmsIntentOperationService$PersistentTrustedReceiver
--------- switch to main
11-03 08:30:58.473363   512  1749 I sensors-hal: activate:118, android.sensor.light/46 en=1 completed
11-03 08:30:58.474718   512  1749 I sensors-hal: batch:140, android.sensor.accelerometer/48, period=66667000, max_latency=100000000
11-03 08:30:58.474792   512  1749 I sensors-hal: batch:149, android.sensor.accelerometer/48, period=66667000, max_latency=100000000 request completed
11-03 08:30:58.474884  1686  1823 I SidekickService: endDisplayLocked()
--------- switch to system
11-03 08:30:58.475233  1686  1710 I DisplayManagerService: Display device changed state: "Écran intégré", ON
--------- switch to main
11-03 08:30:58.475596   416   416 D SKGHAL  : sendAmbientEvent: enter: enable = 0
11-03 08:30:58.483735   512  1749 I sensors-hal: activate:107, android.sensor.accelerometer/48 en=1
11-03 08:30:58.484025   512  1749 I sensors-hal: ssc_enable_rt_task:254, ssc_enable_rt_task : true
11-03 08:30:58.503219  4243  4243 D OMService: onDisplayChanged: not dozing
11-03 08:30:58.509402  1686  1759 I InputReader: Reconfiguring input devices.  changes=0x00000004
11-03 08:30:58.510359   512  1749 I sensors-hal: activate:118, android.sensor.accelerometer/48 en=1 completed
11-03 08:30:58.518175  1956  1956 D QtiCarrierConfigHelper: WARNING, no carrier configs on phone Id: 0
11-03 08:30:58.523402  2520  2520 D HOME    : [BatteryChange]action: android.intent.action.BATTERY_CHANGED
11-03 08:30:58.523786  2520 10449 D HOME    : [BatteryChange]HandleBatteryChangedTask
11-03 08:30:58.524092  2520 10449 D HOME    : [BatteryChange]level: 24, status: 3
11-03 08:30:58.537756  3205  3434 W WorkController: Loading failed for worker [trainingcache]: worker not found
11-03 08:30:58.538758  3205  3294 W A       : TrainingCache cache DEVICE_UNLOCKED failure
11-03 08:30:58.538758  3205  3294 W A       : com.google.android.apps.gsa.search.core.service.h.a.a: No worker found for Worker ID [trainingcache].
11-03 08:30:58.538758  3205  3294 W A       : 	at com.google.android.apps.gsa.search.core.service.g.a.c.a(Unknown Source:5)
11-03 08:30:58.538758  3205  3294 W A       : 	at com.google.android.libraries.gsa.c.a.d.a(Unknown Source:3)
11-03 08:30:58.538758  3205  3294 W A       : 	at com.google.common.p.a.cg.c(Unknown Source:2)
11-03 08:30:58.538758  3205  3294 W A       : 	at com.google.common.p.a.bk.run(SourceFile:3)
11-03 08:30:58.538758  3205  3294 W A       : 	at com.google.common.p.a.ci.run(Unknown Source:4)
11-03 08:30:58.538758  3205  3294 W A       : 	at com.google.apps.tiktok.concurrent.ab.run(SourceFile:1)
11-03 08:30:58.538758  3205  3294 W A       : 	at java.util.concurrent.ThreadPoolExecutor.runWorker(ThreadPoolExecutor.java:1167)
11-03 08:30:58.538758  3205  3294 W A       : 	at java.util.concurrent.ThreadPoolExecutor$Worker.run(ThreadPoolExecutor.java:641)
11-03 08:30:58.538758  3205  3294 W A       : 	at com.google.apps.tiktok.concurrent.c.run(Unknown Source:4)
11-03 08:30:58.538758  3205  3294 W A       : 	at java.lang.Thread.run(Thread.java:764)
--------- switch to system
11-03 08:30:58.546184  1686  1702 W BroadcastQueue: Background execution not allowed: receiving Intent { act=android.intent.action.USER_PRESENT flg=0x10 } to com.google.android.gms/.auth.setup.devicesignals.LockScreenReceiver
11-03 08:30:58.546723  1686  1702 W BroadcastQueue: Background execution not allowed: receiving Intent { act=android.intent.action.USER_PRESENT flg=0x10 } to com.google.android.gms/.chimera.GmsIntentOperationService$PersistentTrustedReceiver
--------- switch to main
11-03 08:30:58.552092  1686  1799 E WifiStateMachine: getWifiLinkLayerStats called without an interface
11-03 08:30:58.569152  1686  1686 I WearPower: [WearTouchMediator] changing touch input to enabled (ON_AUTO)
11-03 08:30:58.570684  1686  1759 I InputReader: Reconfiguring input devices.  changes=0x00000200
--------- switch to kernel
11-03 08:30:58.482935     0     0 I init    : processing action (ro.enable_core_ctl=true && sys.cw_corectl_mode=perf) from (/vendor/etc/init/hw/init.qcom.rc:954)
11-03 08:30:58.484093     0     0 I CPU2    : update cpu_capacity 1024
--------- switch to main
11-03 08:30:58.585179  1686  1686 D WristGestureCtrl: Starting: GesturesEnabled-false UngazeEnabled-true
11-03 08:30:58.585311  1686  1686 D DefaultUngazeDetector: starting
11-03 08:30:58.585373  1686  1686 D DefaultUngazeDetector: startUngazeStateEstimation(). startTime = 56138015
11-03 08:30:58.586531  1686  1686 W AlarmManagerProxy: Removing unknown listener
11-03 08:30:58.587875  1686  1686 W DefaultSettingsContentR: Value for ambient_low_bit_enabled not stored as number. Attempting parse as boolean.
11-03 08:30:58.591776   512  1749 I sensors-hal: batch:140, android.sensor.accelerometer/48, period=19231000, max_latency=100000000
11-03 08:30:58.592787   512 10770 I sensors-hal: handle_indication_realtime:355,  SCHED_FIFO(10) for qmi_cbk
11-03 08:30:58.593381   512  1749 I sensors-hal: batch:149, android.sensor.accelerometer/48, period=19231000, max_latency=100000000 request completed
11-03 08:30:58.593768   512  1749 I sensors-hal: flush:169, android.sensor.accelerometer/48
11-03 08:30:58.594570   512  1749 I sensors-hal: flush:175, android.sensor.accelerometer/48 completed
11-03 08:30:58.602365  3205  3434 W WorkController: Loading failed for worker [trainingcache]: worker not found
11-03 08:30:58.603348  3205  3372 W A       : TrainingCache cache SCREEN_ON failure
11-03 08:30:58.603348  3205  3372 W A       : com.google.android.apps.gsa.search.core.service.h.a.a: No worker found for Worker ID [trainingcache].
11-03 08:30:58.603348  3205  3372 W A       : 	at com.google.android.apps.gsa.search.core.service.g.a.c.a(Unknown Source:5)
11-03 08:30:58.603348  3205  3372 W A       : 	at com.google.android.libraries.gsa.c.a.d.a(Unknown Source:3)
11-03 08:30:58.603348  3205  3372 W A       : 	at com.google.common.p.a.cg.c(Unknown Source:2)
11-03 08:30:58.603348  3205  3372 W A       : 	at com.google.common.p.a.bk.run(SourceFile:3)
11-03 08:30:58.603348  3205  3372 W A       : 	at com.google.common.p.a.ci.run(Unknown Source:4)
11-03 08:30:58.603348  3205  3372 W A       : 	at com.google.apps.tiktok.concurrent.ab.run(SourceFile:1)
11-03 08:30:58.603348  3205  3372 W A       : 	at java.util.concurrent.ThreadPoolExecutor.runWorker(ThreadPoolExecutor.java:1167)
11-03 08:30:58.603348  3205  3372 W A       : 	at java.util.concurrent.ThreadPoolExecutor$Worker.run(ThreadPoolExecutor.java:641)
11-03 08:30:58.603348  3205  3372 W A       : 	at com.google.apps.tiktok.concurrent.c.run(Unknown Source:4)
11-03 08:30:58.603348  3205  3372 W A       : 	at java.lang.Thread.run(Thread.java:764)
--------- switch to kernel
11-03 08:30:58.506643     0     0 I CPU3    : update cpu_capacity 1024
11-03 08:30:58.513608     0     0 I CPU2    : update max cpu_capacity 1024
--------- switch to main
11-03 08:30:58.636537  7745  7756 I rtwatch.toolbo: Background concurrent copying GC freed 27710(1058KB) AllocSpace objects, 0(0B) LOS objects, 24% free, 2MB/3MB, paused 103us total 126.451ms
11-03 08:30:58.651751  2520  2520 D HOME    : [StreamDBQueue]Promised revision #3189 to queue a new op
11-03 08:30:58.652081  2520  2520 D WatchStreamManager: Promised rank-blocked=true @ r#3189
11-03 08:30:58.652786  2520 10449 D HOME    : [WatchStreamDB]Item alerting conditions - isInterruptive: false, recentlyInterrupted: false, isItemPinned: false, isUnread: false
11-03 08:30:58.653222  2520 10449 D HOME    : [StreamAlertingRegulator]isTheaterModeEnabled: false, isAlertingAllowedByOffBody: true, matchesLocalInterruptionFilter: true
11-03 08:30:58.653534  2520 10449 D HOME    : [WatchStreamDB]couldItemAlert: false, isTopItemChanged: false, isDeferralForTopItem: false
11-03 08:30:58.656124  2520  2714 D HOME    : [TickMonitor]Received time tick
11-03 08:30:58.656660  2520  2714 D HOME    : [TickMonitor]handleTimeTick() finished
--------- switch to kernel
11-03 08:30:58.537435     0     0 E bgrsb   : bgrsb_enable: rsb will set report rate
11-03 08:30:58.546230     0     0 I CPU0    : update max cpu_capacity 748
11-03 08:30:58.548023     0     0 I CPU3    : update max cpu_capacity 1024
--------- switch to main
11-03 08:30:58.664307   504   523 I SDM     : DisplayBase::SetDisplayState: Set state = 3, display 0
11-03 08:30:58.664466   504   523 D SDM     : HWCDisplayPrimary::SetStandByMode: Display is connected successfully
11-03 08:30:58.664720   416   416 D SKGHAL  : standBy_update_control call succeed on 0
11-03 08:30:58.664775   416   416 D SKGHAL  : sendAmbientEvent: done: enable = 0
11-03 08:30:58.665266  1686  1823 D SidekickService:    ... endDisplay returns void
--------- switch to kernel
11-03 08:30:58.573910     0     0 I         : [touch]FB_BLANK_VSYNC_SUSPEND
--------- switch to main
11-03 08:30:58.665934   545   545 D SurfaceFlinger: Set power mode=2, type=0 flinger=0xb6bb6000
--------- switch to kernel
11-03 08:30:58.573914     0     0 I         : [touch]Already in suspend state
--------- switch to main
11-03 08:30:58.666415   504   762 I SDM     : DisplayBase::SetDisplayState: Set state = 1, display 0
11-03 08:30:58.675824   545   545 D SurfaceFlinger: Finished set power mode=2, type=0
--------- switch to kernel
11-03 08:30:58.583092     0     0 I mdss_dsi_panel_set_idle_mode: Idle (1->0)
11-03 08:30:58.583803     0     0 E mdp3_enable_panic_ctrl: mdp3_enable_panic_ctrl: Enable Panic Control
11-03 08:30:58.583865     0     0 I         : [touch]FB_BLANK_UNBLANK
11-03 08:30:58.583869     0     0 I         : [touch]raydium_ts_do_resume, 1.
11-03 08:30:58.584385     0     0 I         : [ raydium ]workqueue is empty!
11-03 08:30:58.584396     0     0 I raydium_ts 5-0039: [touch]Already enable irq
--------- switch to system
11-03 08:30:58.678056  1686  1712 W PowerManagerService: Screen on took 408 ms
11-03 08:30:58.678322  1686  1712 I DreamManagerService: Gently waking up from dream.
--------- switch to kernel
11-03 08:30:58.584399     0     0 I         : [touch]Device may wakeup
--------- switch to system
11-03 08:30:58.678642  1686  1708 I DreamManagerService: Performing gentle wake from dream.
11-03 08:30:58.678907  1686  1686 V DreamService[AmbientDream]: wakeUp(): fromSystem=true, mWaking=false, mFinished=false
11-03 08:30:58.678989  1686  1686 V DreamService[AmbientDream]: finish(): mFinished=false
11-03 08:30:58.679052  1686  1686 I DreamManagerService: Leaving dreamland.
11-03 08:30:58.679609  1686  1708 I DreamManagerService: Performing gentle wake from dream.
11-03 08:30:58.679793  1686  1708 I DreamController: Stopping dream: name=ComponentInfo{com.google.android.wearable.ambient/com.google.android.wearable.ambient.AmbientDream}, isTest=false, canDoze=true, userId=0
11-03 08:30:58.680934  1686  1686 V DreamService[AmbientDream]: detach(): Calling onDreamingStopped()
--------- switch to main
11-03 08:30:58.681016  1686  1686 I AmbientService: [ce6a28c] doOnDreamingStopped
11-03 08:30:58.681063  1686  1686 W AlarmManagerProxy: Removing unknown listener
11-03 08:30:58.683469  1686  1686 I AmbientService: [ce6a28c] No auto-resume Activity.
11-03 08:30:58.684622  1686  1686 W AlarmManager: Unrecognized alarm listener com.android.server.job.controllers.-$$Lambda$IdleController$IdlenessTracker$nTdS-lGBXcES5VWKcJFmQFgU7IU@1ab437a
--------- switch to system
11-03 08:30:58.685561  1686  1686 W ContextImpl: Calling a method in the system process without a qualified user: android.app.ContextImpl.sendBroadcast:1020 android.content.ContextWrapper.sendBroadcast:449 com.google.android.wearable.ambient.AmbientDream.onDestroy:273 android.app.ActivityThread.handleStopService:3698 android.app.ActivityThread.access$1700:200 
--------- switch to main
11-03 08:30:58.685974  1686  1686 E AlarmManager: cancel() called with a null PendingIntent
11-03 08:30:58.686009  2520  2520 D HOME    : [HomeVisitsLogger]Logging streamlet event: visit_start
11-03 08:30:58.686383  2520  2520 D HOME    : [HomeVisitsLogger]Logging streamlet event: exit_ambient_mode
--------- switch to system
11-03 08:30:58.686279  1686  1686 V DreamService[AmbientDream]: onDestroy()
--------- switch to main
11-03 08:30:58.686781  2520  2520 D HOME    : [HotwordController]updateClient MODE_WATCH_FACE false false false true
11-03 08:30:58.687636  2520  2520 D HOME    : [WatchFaceUiController]setInAmbientMode false
11-03 08:30:58.687700  2520  2520 D HOME    : [WatchFaceUiController]sendWatchFaceServiceBinder
11-03 08:30:58.692682  2520  2520 D HOME    : [WatchFaceUiController]sendStateToWallpaper
11-03 08:30:58.694997  2520  2520 D HOME    : [WatchFaceUiController]Showing watch face wallpaper.
11-03 08:30:58.695169  2520  2520 D HOME    : [WatchFaceUiController]sendStateToWallpaper
11-03 08:30:58.698244  2520  2520 D HOME    : [StreamDBQueue]Promised revision #3190 to queue a new op
11-03 08:30:58.698468  2520  2520 D WatchStreamManager: Promised rank-blocked=true @ r#3190
11-03 08:30:58.698809  2520  2520 D HOME    : [StreamDBQueue]Promised revision #3191 to queue a new op
11-03 08:30:58.698912  2520  2520 D WatchStreamManager: Promised rank-blocked=true @ r#3191
11-03 08:30:58.698984  2520 10449 D HOME    : [WatchStreamDB]Item alerting conditions - isInterruptive: false, recentlyInterrupted: false, isItemPinned: false, isUnread: false
11-03 08:30:58.699253  2520 10449 D HOME    : [StreamAlertingRegulator]isTheaterModeEnabled: false, isAlertingAllowedByOffBody: true, matchesLocalInterruptionFilter: true
11-03 08:30:58.699455  2520  2520 D HOME    : [TilesController]Tile refresh optimization is enabled.
11-03 08:30:58.699511  2520 10449 D HOME    : [WatchStreamDB]couldItemAlert: false, isTopItemChanged: false, isDeferralForTopItem: false
11-03 08:30:58.699771  2520  2520 D HOME    : [EventBus]Wrapper pool is full. Discarding excess wrapper instance for event com.google.android.clockwork.sysui.events.KeyguardStateEvent
11-03 08:30:58.699857  2520  2520 D HOME    : [WatchFaceUiController]sendStateToWallpaper
11-03 08:30:58.700389  2520 10449 D HOME    : [WatchStreamDB]Item alerting conditions - isInterruptive: false, recentlyInterrupted: false, isItemPinned: false, isUnread: false
11-03 08:30:58.700725  2520 10449 D HOME    : [StreamAlertingRegulator]isTheaterModeEnabled: false, isAlertingAllowedByOffBody: true, matchesLocalInterruptionFilter: true
11-03 08:30:58.700957  2520 10449 D HOME    : [WatchStreamDB]couldItemAlert: false, isTopItemChanged: false, isDeferralForTopItem: false
11-03 08:30:58.701744  2520  2520 D HOME    : [EventBus]Wrapper pool is full. Discarding excess wrapper instance for event com.google.android.clockwork.sysui.events.KeyguardStateEvent
11-03 08:30:58.702037  2520  2520 D HOME    : [EventBus]Wrapper pool is full. Discarding excess wrapper instance for event com.google.android.clockwork.sysui.events.KeyguardStateEvent
11-03 08:30:58.707467  2520  2520 D HOME    : [WatchFaceUiController]sendStateToWallpaper
11-03 08:30:58.711694  2520  2520 W StaticLayout: maxLineHeight should not be -1.  maxLines:1 lineCount:1
--------- switch to kernel
11-03 08:30:58.617716     0     0 E bgrsb   : bgrsb_enable: gpio 32 is valid
--------- switch to main
11-03 08:30:58.717790   512 10768 I sensors-hal: handle_indication_realtime:355,  SCHED_FIFO(10) for qmi_cbk
11-03 08:30:59.190650   512  1749 I sensors-hal: activate:107, android.sensor.light/46 en=0
11-03 08:30:59.192307   512  1749 I sensors-hal: activate:118, android.sensor.light/46 en=0 completed
11-03 08:30:59.194056   512  1749 I sensors-hal: batch:140, android.sensor.light/46, period=250000000, max_latency=0
11-03 08:30:59.194140   512  1749 I sensors-hal: batch:149, android.sensor.light/46, period=250000000, max_latency=0 request completed
11-03 08:30:59.194634   512  1749 I sensors-hal: activate:107, android.sensor.light/46 en=1
11-03 08:30:59.195039   512  1749 I sensors-hal: ssc_enable_rt_task:254, ssc_enable_rt_task : true
11-03 08:30:59.197508   512  1749 I sensors-hal: activate:118, android.sensor.light/46 en=1 completed
--------- switch to system
11-03 08:30:59.200360  1686  1686 V SettingsProvider: Notifying for 0: content://settings/system/screen_brightness
--------- switch to main
11-03 08:30:59.202390  1686  1686 I SidekickService: loadBrightnessLocked()
11-03 08:30:59.203221  1686  1686 D SidekickService: screenBrightness  = 58
11-03 08:30:59.203889  1686  1686 D SidekickService: sendConfigValuesLocked(): alsThresholds = [40, 92, 95, 100, 125, 150, 175, 200, 225, 250, 300, 400, 500, 800, 1200], brightnessValuesBright = [50, 56, 60, 70, 80, 90, 100, 115, 120, 140, 160, 180, 200, 220, 240, 255], brightnessValuesDim= [50, 56, 60, 70, 80, 90, 100, 115, 120, 140, 160, 180, 200, 220, 240, 255]
11-03 08:30:59.250662  1686  1686 D SidekickService: setAlsMode(): mode = 2, brightenAlpha = 80, dimmingAlpha = 80
11-03 08:30:59.266875  1686  1686 D SidekickService: setTwmConfig():: msTiltToBright = 10000, tiltToBright = false
11-03 08:30:59.368910   512 10780 I sensors-hal: handle_indication_realtime:355,  SCHED_FIFO(10) for qmi_cbk
11-03 08:31:03.620754 10095 10150 W bt_sdp  : SDP - Rcvd conn cnf with error: 0x4  CID 0x53
11-03 08:31:03.621466 10095 10133 D BluetoothHeadsetClientServiceJni: connection_state_cb: state 0 peer_feat 0 chld_feat 0
11-03 08:31:03.622001 10095 10133 E bt_btif : btif_hf_client_get_cb_by_bda: could not find block for bdaddr
11-03 08:31:03.622063 10095 10133 E bt_btif : btif_hf_client_upstreams_evt: event 3 but not allocating block: cb not found
11-03 08:31:03.622134 10095 10133 I bt_btif_queue: queue_int_advance: removing connection request: address=14:3c:c3:ad:3d:53 UUID=111E busy=true
11-03 08:31:03.622219 10095 10167 D HeadsetClientStateMachine: Enter Disconnected: 100
11-03 08:31:03.625283 10095 10095 D AdapterProperties: PROFILE_CONNECTION_STATE_CHANGE: profile=16, device=14:3C:C3:AD:3D:53, 1 -> 0
11-03 08:31:03.625675 10095 10095 D AdapterProperties: ADAPTER_CONNECTION_STATE_CHANGE: 14:3C:C3:AD:3D:53: 1 -> 0
11-03 08:31:03.627263  5603  5603 D BtTelecomReceiver: onReceive: Intent { act=android.bluetooth.headsetclient.profile.action.CONNECTION_STATE_CHANGED flg=0x10 cmp=com.google.android.apps.wearable.bluetooth/com.google.android.clockwork.hfp.BtTelecomBroadcastReceiver (has extras) }
11-03 08:31:03.627512  5603  5603 D BtTelecomReceiver: Hfp connection changed: -724754873 1 -> 0
11-03 08:31:03.634068  5603  5603 D HfpClientConnService: onCreate
11-03 08:31:03.635205  5603  5603 D HfpClientConnService: disabling HFP
11-03 08:31:03.635337  5603  5603 I HfpClientConnService: enable request:Enable Request - time:1635924663627 type:false reason:headset client disconnected
--------- switch to system
11-03 08:31:03.637636  1686  5241 W BroadcastQueue: Background execution not allowed: receiving Intent { act=android.bluetooth.adapter.action.CONNECTION_STATE_CHANGED flg=0x4000010 (has extras) } to com.google.android.gms/.chimera.GmsIntentOperationService$PersistentTrustedReceiver
--------- switch to main
11-03 08:31:03.641075  5603  5603 I HfpClientConnService: account already disabled
11-03 08:31:03.658817  2520  2714 D HOME    : [TickMonitor]Received time tick
11-03 08:31:03.659113  2520  2714 D HOME    : [TickMonitor]handleTimeTick() finished
--------- switch to system
11-03 08:31:03.856218  1686  1686 V SettingsProvider: Notifying for 0: content://settings/system/screen_brightness
--------- switch to main
11-03 08:31:03.857443  1686  1686 I SidekickService: loadBrightnessLocked()
11-03 08:31:03.858286  1686  1686 D SidekickService: screenBrightness  = 100
11-03 08:31:03.858957  1686  1686 D SidekickService: sendConfigValuesLocked(): alsThresholds = [40, 92, 95, 100, 125, 150, 175, 200, 225, 250, 300, 400, 500, 800, 1200], brightnessValuesBright = [50, 56, 60, 70, 80, 90, 100, 115, 120, 140, 160, 180, 200, 220, 240, 255], brightnessValuesDim= [50, 56, 60, 70, 80, 90, 100, 115, 120, 140, 160, 180, 200, 220, 240, 255]
11-03 08:31:03.872780  1686  1686 D SidekickService: setAlsMode(): mode = 2, brightenAlpha = 80, dimmingAlpha = 80
11-03 08:31:03.884743  1686  1686 D SidekickService: setTwmConfig():: msTiltToBright = 10000, tiltToBright = false
--------- switch to system
11-03 08:31:08.271075  1686  1712 I PowerManagerService: Going to sleep due to screen timeout (uid 1000)...
11-03 08:31:08.272100  1686  1686 W UsageStatsService: Event reported without a package name
11-03 08:31:08.274352  1686  1712 I DreamManagerService: Entering dreamland.
11-03 08:31:08.275823  1686  1712 I PowerManagerService: Dozing...
11-03 08:31:08.288862  1686  1708 I DreamController: Starting dream: name=ComponentInfo{com.google.android.wearable.ambient/com.google.android.wearable.ambient.AmbientDream}, isTest=false, canDoze=true, userId=0
11-03 08:31:08.305687  1686  1686 W ContextImpl: Calling a method in the system process without a qualified user: android.app.ContextImpl.bindService:1611 android.content.ContextWrapper.bindService:698 com.google.android.wearable.ambient.AmbientDream.onCreate:191 android.app.ActivityThread.handleCreateService:3533 android.app.ActivityThread.access$1300:200 
11-03 08:31:08.308948  1686  1686 W ContextImpl: Calling a method in the system process without a qualified user: android.app.ContextImpl.sendBroadcast:1005 android.content.ContextWrapper.sendBroadcast:444 com.google.android.wearable.ambient.AmbientDream.onCreate:241 android.app.ActivityThread.handleCreateService:3533 android.app.ActivityThread.access$1300:200 
11-03 08:31:08.309744  1686  1686 V DreamService[AmbientDream]: onBind() intent = Intent { act=android.service.dreams.DreamService flg=0x800000 cmp=com.google.android.wearable.ambient/.AmbientDream }
--------- switch to main
11-03 08:31:08.312100  1686  1686 I AmbientService: [ce6a28c] Ambient Created
--------- switch to system
11-03 08:31:08.313035  1686  1686 V DreamService[AmbientDream]: Calling onDreamingStarted()
--------- switch to main
11-03 08:31:08.313195  1686  1686 I AmbientService: [ce6a28c] doOnDreamingStarted
11-03 08:31:08.313692  1686  1686 D SidekickService: setShouldControlDisplay called: true
11-03 08:31:08.314625  1686  1686 I AmbientService: [ce6a28c] Selected running activity for ambient mode: AmbientActivity[component=ComponentInfo{com.google.android.wearable.app/com.google.android.clockwork.home2.activity.HomeActivity2}, callbacks=@210b385, running=true, ambientRequested=true, ambientEnabled=true, offloadEnabled=true]
11-03 08:31:08.315401  1686  1686 I AmbientService: [ce6a28c] Sidekick is ready to display, requesting doze.
11-03 08:31:08.319587  1686  1686 I AmbientService: [ce6a28c] No auto-resume Activity.
11-03 08:31:08.323241  1686  1686 W DefaultSettingsContentR: Value for ambient_low_bit_enabled not stored as number. Attempting parse as boolean.
11-03 08:31:08.325155  2520  2520 D HOME    : [HomeVisitsLogger]Logging streamlet event: enter_ambient_mode
11-03 08:31:08.326090  2520  2520 D HOME    : [HotwordController]updateClient MODE_WATCH_FACE false true false true
11-03 08:31:08.327360  2520  2520 D HOME    : [WatchFaceUiController]setInAmbientMode true
11-03 08:31:08.328501  2520 10449 I SidekickManager: replaceWatchFaceComponentsImpl(): watchFace = com.google.android.clockwork.decomposablewatchface.WatchFaceDecomposition@89291ef
11-03 08:31:08.328512  1686  1686 I AmbientService: [ce6a28c] Showing watch face in offload mode, canceling alarm.
11-03 08:31:08.328597  1686  1686 W AlarmManagerProxy: Removing unknown listener
11-03 08:31:08.328708  1686  1686 D WristGestureCtrl: Stopping detectors: GesturesEnabled-false gestureDetector-false ungazeEnabled-true ungaze-true
11-03 08:31:08.328759  1686  1686 D DefaultUngazeDetector: stopping
11-03 08:31:08.328944  2520 10693 D HOME    : [HomeVisitsLogger]Logging streamlet event: visit_end
11-03 08:31:08.329217  2520  2520 D HOME    : [StreamDBQueue]Promised revision #3192 to queue a new op
11-03 08:31:08.330388   512   512 I sensors-hal: batch:140, android.sensor.accelerometer/48, period=66667000, max_latency=100000000
11-03 08:31:08.330468  2520 10692 D HOME    : [WatchStreamDB]Item alerting conditions - isInterruptive: false, recentlyInterrupted: false, isItemPinned: false, isUnread: false
11-03 08:31:08.330895  2520 10692 D HOME    : [StreamAlertingRegulator]isTheaterModeEnabled: false, isAlertingAllowedByOffBody: true, matchesLocalInterruptionFilter: true
11-03 08:31:08.331064  2520  2520 D WatchStreamManager: Promised rank-blocked=false @ r#3192
11-03 08:31:08.331201  2520 10692 D HOME    : [WatchStreamDB]couldItemAlert: false, isTopItemChanged: false, isDeferralForTopItem: false
11-03 08:31:08.331612  2520  2520 D HOME    : [StreamDBQueue]Promised revision #3193 to queue a new op
11-03 08:31:08.331793  1686  5241 D SidekickService: sendWatchFaceComponents called: watchFace = com.google.android.clockwork.decomposablewatchface.WatchFaceDecomposition@4d61481shouldReplace = false
11-03 08:31:08.331843  2520  2520 D WatchStreamManager: Promised rank-blocked=false @ r#3193
11-03 08:31:08.332033  1686  5241 D SidekickService: Check decomposition for calling app com.google.android.wearable.app with uid 10049
11-03 08:31:08.332111  2520 10603 D HOME    : [StreamDBQueue]Promised revision #3194 to queue a new op
11-03 08:31:08.332220  2520 10692 D HOME    : [WatchStreamDB]Item alerting conditions - isInterruptive: false, recentlyInterrupted: false, isItemPinned: false, isUnread: false
11-03 08:31:08.332234  2520 10603 D WatchStreamManager: Promised rerank @ r#3194
11-03 08:31:08.332505  1686  5241 D SidekickService: sendWatchFaceLocked(): shouldReplace = false, mSidekickIsControlling = false, 1 images, 0 fonts, 0 numbers, 0 proportionalFonts, 0 strings
11-03 08:31:08.332589  1686  5241 D SidekickService: ISidekickGraphics#beginResources()...
11-03 08:31:08.332608  2520 10692 D HOME    : [StreamAlertingRegulator]isTheaterModeEnabled: false, isAlertingAllowedByOffBody: true, matchesLocalInterruptionFilter: true
11-03 08:31:08.332638  2520  2520 D HOME    : [EventBus]Wrapper pool is full. Discarding excess wrapper instance for event com.google.android.clockwork.sysui.events.KeyguardStateEvent
11-03 08:31:08.332731  2520  2520 D HOME    : [WatchFaceUiController]sendStateToWallpaper
11-03 08:31:08.332865  2520 10692 D HOME    : [WatchStreamDB]couldItemAlert: false, isTopItemChanged: false, isDeferralForTopItem: false
11-03 08:31:08.333446  2520 10692 D HOME    : [WatchStreamDB]updateRanking()
11-03 08:31:08.334180  2520 10692 D HOME    : [WatchStreamDB]Item alerting conditions - isInterruptive: false, recentlyInterrupted: false, isItemPinned: false, isUnread: false
11-03 08:31:08.334473  1686  5241 D SidekickServiceUtils: bitmapFromDrawable: Returning bitmap directly
11-03 08:31:08.334627  2520 10692 D HOME    : [StreamAlertingRegulator]isTheaterModeEnabled: false, isAlertingAllowedByOffBody: true, matchesLocalInterruptionFilter: true
11-03 08:31:08.334668   512   512 I sensors-hal: batch:149, android.sensor.accelerometer/48, period=66667000, max_latency=100000000 request completed
11-03 08:31:08.334924  2520  2520 D HOME    : [EventBus]Wrapper pool is full. Discarding excess wrapper instance for event com.google.android.clockwork.sysui.events.KeyguardStateEvent
11-03 08:31:08.334924  2520 10692 D HOME    : [WatchStreamDB]couldItemAlert: false, isTopItemChanged: false, isDeferralForTopItem: false
11-03 08:31:08.335283  2520  2520 D HOME    : [EventBus]Wrapper pool is full. Discarding excess wrapper instance for event com.google.android.clockwork.sysui.events.KeyguardStateEvent
11-03 08:31:08.335683  2520 10692 D HOME    : [NewStreamAdapter]Publishing revision #3194 to adapter clients
11-03 08:31:08.336153  1686  5241 D SidekickService: sendBitmapsLocked(): bounds = RectF(0.0, 0.0, 0.0024038462, 0.0024038462), drawableInfo = {.id = 100000, .width = 1, .height = 1, .display = true, .offsetX = 0.0, .offsetY = 0.0, .rotationInfo = {.hasRotation = false, .pivotX = 0.0, .pivotY = 0.0, .degreesPerDay = 0.0, .degreesPerStep = 0.0, .zeroDegreesTime = {.daysSinceLocalEpoch = 0, .msSinceMidnight = 0}}, .transformInfo = {.transformed = false, .flipX = false, .flipY = false, .flip45 = false, .scaleX = 0.0, .scaleY = 0.0}, .type = GENERIC, .blink = {.blinking = false, .periodOnMs = 0.0, .periodOffMs = 0.0, .startTime = {.daysSinceLocalEpoch = 0, .msSinceMidnight = 0}}, .zOrder = 8, .displayInTwm = true}, image.size() = 84
11-03 08:31:08.336268  2520 10603 D HOME    : [StreamDBQueue]Promised revision #3195 to queue a new op
11-03 08:31:08.337429   416   416 D SKGHAL  : saveResource: resId = 100000
11-03 08:31:08.336877  2520 10603 D WatchStreamManager: Promised rerank @ r#3195
11-03 08:31:08.337871  1686  5241 D SidekickService: sendBitmapsLocked(): status = 0, bytesUsed = 18
11-03 08:31:08.339146  1686  5241 D SidekickService: ISidekickGraphics#endResources()...
11-03 08:31:08.342155  2520  2520 W StaticLayout: maxLineHeight should not be -1.  maxLines:1 lineCount:1
11-03 08:31:08.342513  2520 10693 D HOME    : [WatchStreamDB]updateRanking()
11-03 08:31:08.348306  2520 10693 D HOME    : [WatchStreamDB]Item alerting conditions - isInterruptive: false, recentlyInterrupted: false, isItemPinned: false, isUnread: false
11-03 08:31:08.348867  2520 10693 D HOME    : [StreamAlertingRegulator]isTheaterModeEnabled: false, isAlertingAllowedByOffBody: true, matchesLocalInterruptionFilter: true
11-03 08:31:08.349186  2520 10693 D HOME    : [WatchStreamDB]couldItemAlert: false, isTopItemChanged: false, isDeferralForTopItem: false
11-03 08:31:08.349934  2520 10693 D HOME    : [NewStreamAdapter]Publishing revision #3195 to adapter clients
11-03 08:31:08.603521   416   416 D SKGHAL  : sendResources: metadata size = 2400, font size = 72
11-03 08:31:08.670134   416   416 D SKGHAL  : endResources: rc = 0
11-03 08:31:08.671909  1686  1686 W system_server: Long monitor contention with owner Binder:1686_17 (5241) at int com.google.android.clockwork.sidekick.SidekickService$BinderService.sendWatchFace(com.google.android.clockwork.decomposablewatchface.WatchFaceDecomposition, boolean)(SidekickService.java:1021) waiters=0 in boolean com.google.android.clockwork.sidekick.SidekickService$BinderService.readyToDisplay() for 334ms
11-03 08:31:08.673545  2520  2520 D HOME    : [SidekickManagerAsync]replaceWatchFaceComponents(): Callback#onResult(): 0
11-03 08:31:08.674135  2520  2520 D HOME    : [WatchFaceUiController]Complication updates sent, posting watch face hiding
--------- switch to system
11-03 08:31:08.674190  1686  1686 W Looper  : Slow dispatch took 337ms main h=android.os.Handler c=com.google.android.wearable.ambient.AmbientDream$Callbacks$1@62c3926 m=0
--------- switch to main
11-03 08:31:08.674271  2520  2520 D HOME    : [WatchFaceUiController]Still in ambient watch face, hiding
11-03 08:31:08.674352  2520  2520 D HOME    : [WatchFaceUiController]Hiding watch face wallpaper.
--------- switch to kernel
11-03 08:31:08.605580     0     0 E FG      : fg_psy_get_property: unsupported property 7
11-03 08:31:08.612918     0     0 W healthd : battery l=24 v=3686 t=29.0 h=2 st=3 c=173 fc=443000 cc=0 chg=
--------- switch to main
11-03 08:31:08.711160   512   512 I sensors-hal: activate:107, android.sensor.light/46 en=0
11-03 08:31:08.723893  1956  1956 D QtiCarrierConfigHelper: WARNING, no carrier configs on phone Id: 0
11-03 08:31:08.727129   512   512 I sensors-hal: activate:118, android.sensor.light/46 en=0 completed
11-03 08:31:08.730898  2520  2520 D HOME    : [BatteryChange]action: android.intent.action.BATTERY_CHANGED
11-03 08:31:08.731861  2520 10449 D HOME    : [BatteryChange]HandleBatteryChangedTask
11-03 08:31:08.732882  2520 10449 D HOME    : [BatteryChange]level: 24, status: 3
--------- switch to system
11-03 08:31:08.747066  1686  1710 I DisplayManagerService: Display device changed state: "Écran intégré", DOZE_SUSPEND
--------- switch to main
11-03 08:31:08.775320  1686  1759 I InputReader: Reconfiguring input devices.  changes=0x00000004
11-03 08:31:08.788867   545   545 D SurfaceFlinger: Set power mode=3, type=0 flinger=0xb6bb6000
11-03 08:31:08.790568   504   762 I SDM     : DisplayBase::SetDisplayState: Set state = 3, display 0
11-03 08:31:08.847677   545   545 D SurfaceFlinger: Finished set power mode=3, type=0
11-03 08:31:08.850044  1686  1823 I SidekickService: beginDisplayLocked(): DOZE_SUSPEND
11-03 08:31:08.851680   416   416 D SKGHAL  : sendAmbientPrepare: enter:
--------- switch to kernel
11-03 08:31:08.709320     0     0 I mdss_dsi_panel_set_idle_mode: Idle (0->1)
11-03 08:31:08.750383     0     0 I         : [touch]FB_BLANK_VSYNC_SUSPEND
11-03 08:31:08.750400     0     0 I         : [touch]irq disable
11-03 08:31:08.750407     0     0 I         : [touch]workqueue is empty!
11-03 08:31:08.750411     0     0 I         : [touch]raydium_ts_do_suspend.
11-03 08:31:08.750434     0     0 I         : [touch]Device may wakeup
11-03 08:31:08.755727     0     0 I         : [touch]irq enable
--------- switch to main
11-03 08:31:08.985355   416   416 D SKGHAL  : sendAmbientEvent: enter: enable = 1
11-03 08:31:08.988138   504   523 I SDM     : DisplayBase::SetDisplayState: Set state = 4, display 0
11-03 08:31:08.988373   504   523 D SDM     : HWCDisplayPrimary::SetStandByMode: Null display is connected successfully
11-03 08:31:08.988678   416   416 D SKGHAL  : standBy_update_control call succeed on 1
11-03 08:31:09.000646   416   416 D SKGHAL  : sendAmbientEvent: done: enable = 1
11-03 08:31:09.001519  1686  1823 D SidekickService:    ... beginDisplay result: 0 for halPower: 1
11-03 08:31:09.009634   512   512 I sensors-hal: activate:107, android.sensor.accelerometer/48 en=0
11-03 08:31:09.012336   512   512 I sensors-hal: activate:118, android.sensor.accelerometer/48 en=0 completed
--------- switch to kernel
11-03 08:31:08.921770     0     0 E bgrsb   : bgrsb_enable: gpio 32 is valid
--------- switch to main
11-03 08:31:09.021006  1686  1799 E WifiStateMachine: getWifiLinkLayerStats called without an interface
11-03 08:31:09.056067  1686  1686 I WearPower: [WearTouchMediator] changing touch input to enabled (ON_AUTO)
11-03 08:31:09.059036  1686  1759 I InputReader: Reconfiguring input devices.  changes=0x00000200
--------- switch to kernel
11-03 08:31:08.972952     0     0 I init    : processing action (ro.enable_core_ctl=true && sys.cw_corectl_mode=idle) from (/vendor/etc/init/hw/init.qcom.rc:949)
--------- switch to main
11-03 08:31:09.073023  1686  1686 I AmbientService: [ce6a28c] Timeout alarm not required, auto-resume timeout handled by dream.
11-03 08:31:09.095966  3205  3434 W WorkController: Loading failed for worker [trainingcache]: worker not found
11-03 08:31:09.099037  3205  3294 W A       : TrainingCache cache SCREEN_OFF failure
11-03 08:31:09.099037  3205  3294 W A       : com.google.android.apps.gsa.search.core.service.h.a.a: No worker found for Worker ID [trainingcache].
11-03 08:31:09.099037  3205  3294 W A       : 	at com.google.android.apps.gsa.search.core.service.g.a.c.a(Unknown Source:5)
11-03 08:31:09.099037  3205  3294 W A       : 	at com.google.android.libraries.gsa.c.a.d.a(Unknown Source:3)
11-03 08:31:09.099037  3205  3294 W A       : 	at com.google.common.p.a.cg.c(Unknown Source:2)
11-03 08:31:09.099037  3205  3294 W A       : 	at com.google.common.p.a.bk.run(SourceFile:3)
11-03 08:31:09.099037  3205  3294 W A       : 	at com.google.common.p.a.ci.run(Unknown Source:4)
11-03 08:31:09.099037  3205  3294 W A       : 	at com.google.apps.tiktok.concurrent.ab.run(SourceFile:1)
11-03 08:31:09.099037  3205  3294 W A       : 	at java.util.concurrent.ThreadPoolExecutor.runWorker(ThreadPoolExecutor.java:1167)
11-03 08:31:09.099037  3205  3294 W A       : 	at java.util.concurrent.ThreadPoolExecutor$Worker.run(ThreadPoolExecutor.java:641)
11-03 08:31:09.099037  3205  3294 W A       : 	at com.google.apps.tiktok.concurrent.c.run(Unknown Source:4)
11-03 08:31:09.099037  3205  3294 W A       : 	at java.lang.Thread.run(Thread.java:764)
11-03 08:31:09.127135  2520  2520 D HOME    : [StreamDBQueue]Promised revision #3196 to queue a new op
11-03 08:31:09.127824  2520  2520 D WatchStreamManager: Promised rank-blocked=false @ r#3196
11-03 08:31:09.128374  2520  2520 D HOME    : [CompactHunStarter]detachWindow()
11-03 08:31:09.129456  2520 10692 D HOME    : [StreamDBQueue]Promised revision #3197 to queue a new op
11-03 08:31:09.129820  2520 10449 D HOME    : [WatchStreamDB]Item alerting conditions - isInterruptive: false, recentlyInterrupted: false, isItemPinned: false, isUnread: false
11-03 08:31:09.129889  2520 10692 D WatchStreamManager: Promised rerank @ r#3197
11-03 08:31:09.130673  2520 10449 D HOME    : [StreamAlertingRegulator]isTheaterModeEnabled: false, isAlertingAllowedByOffBody: true, matchesLocalInterruptionFilter: true
11-03 08:31:09.131307  2520 10449 D HOME    : [WatchStreamDB]couldItemAlert: false, isTopItemChanged: false, isDeferralForTopItem: false
11-03 08:31:09.132639  2520 10449 D HOME    : [WatchStreamDB]updateRanking()
11-03 08:31:09.134028  2520 10449 D HOME    : [WatchStreamDB]Item alerting conditions - isInterruptive: false, recentlyInterrupted: false, isItemPinned: false, isUnread: false
11-03 08:31:09.134926  2520 10449 D HOME    : [StreamAlertingRegulator]isTheaterModeEnabled: false, isAlertingAllowedByOffBody: true, matchesLocalInterruptionFilter: true
11-03 08:31:09.135398  2520 10449 D HOME    : [WatchStreamDB]couldItemAlert: false, isTopItemChanged: false, isDeferralForTopItem: false
11-03 08:31:09.140398  2520 10449 D HOME    : [NewStreamAdapter]Publishing revision #3197 to adapter clients
--------- switch to kernel
11-03 08:31:09.036137     0     0 I CPU3    : update max cpu_capacity 1024
11-03 08:31:09.070276     0     0 W         : IRQ16 no longer affine to CPU2
11-03 08:31:09.070372     0     0 W         : IRQ93 no longer affine to CPU2
11-03 08:31:09.072580     0     0 I CPU2    : shutdown
11-03 08:31:09.088958     0     0 I init    : Command 'write /sys/devices/system/cpu/cpu2/online 0' action=ro.enable_core_ctl=true && sys.cw_corectl_mode=idle (/vendor/etc/init/hw/init.qcom.rc:951) took 115ms and succeeded
11-03 08:31:09.202197     0     0 I PM      : suspend entry 2021-11-03 07:31:09.202197958 UTC
11-03 08:31:09.202224     0     0 I PM      : Syncing filesystems ... done.
11-03 08:31:09.252246     0     0 I CPU3    : shutdown
11-03 08:31:09.254854     0     0 I         : Freezing user space processes ...
11-03 08:31:09.261224     0     0 I CPU1    : update max cpu_capacity 748
11-03 08:31:09.266611     0     0 I         : (elapsed 0.011 seconds) done.
11-03 08:31:09.266638     0     0 I         : Freezing remaining freezable tasks ...
11-03 08:31:09.269333     0     0 I PM      : Wakeup pending, aborting suspend
11-03 08:31:09.269422     0     0 I         : active wakeup source: NETLINK
11-03 08:31:09.269498     0     0 E         : Freezing of tasks aborted after 0.002 seconds
11-03 08:31:09.269513     0     0 I         : Restarting kernel threads ... done.
11-03 08:31:09.271979     0     0 I         : Restarting tasks ...
11-03 08:31:09.272898     0     0 W QSEECOM : qseecom_receive_req: Interrupted: exiting Listener Service = 12288
11-03 08:31:09.272974     0     0 W QSEECOM : qseecom_receive_req: Interrupted: exiting Listener Service = 10
11-03 08:31:09.273017     0     0 W QSEECOM : qseecom_receive_req: Interrupted: exiting Listener Service = 28672
11-03 08:31:09.278650     0     0 W QSEECOM : qseecom_receive_req: Interrupted: exiting Listener Service = 8192
11-03 08:31:09.278907     0     0 W QSEECOM : qseecom_receive_req: Interrupted: exiting Listener Service = 11
11-03 08:31:09.280769     0     0 I init    : Command 'write /sys/devices/system/cpu/cpu3/online 0' action=ro.enable_core_ctl=true && sys.cw_corectl_mode=idle (/vendor/etc/init/hw/init.qcom.rc:952) took 100ms and succeeded
11-03 08:31:09.282150     0     0 I         : done.
11-03 08:31:09.283244     0     0 I PM      : suspend exit 2021-11-03 07:31:09.283244000 UTC
11-03 08:31:09.485982     0     0 I PM      : suspend entry 2021-11-03 07:31:09.485982229 UTC
11-03 08:31:09.486004     0     0 I PM      : Syncing filesystems ... done.
11-03 08:31:09.515271     0     0 I         : Freezing user space processes ... (elapsed 0.012 seconds) done.
11-03 08:31:09.527352     0     0 I         : Freezing remaining freezable tasks ... (elapsed 0.006 seconds) done.
11-03 08:31:09.533494     0     0 I         : Suspending console(s) (use no_console_suspend to debug)
11-03 08:31:09.549242     0     0 I mdss_dsi_panel_set_idle_mode: Idle (1->1)
11-03 08:31:09.592660     0     0 I bgcom   : bgcom_pm_suspend: suspended with : 0
11-03 08:31:09.627771     0     0 I PM      : suspend of devices complete after 89.928 msecs
11-03 08:31:09.633954     0     0 I PM      : late suspend of devices complete after 6.139 msecs
11-03 08:31:09.640585     0     0 I PM      : noirq suspend of devices complete after 6.590 msecs
11-03 08:31:09.640600     0     0 I         : Disabling non-boot CPUs ...
11-03 08:31:09.667877     0     0 W         : IRQ21 no longer affine to CPU1
11-03 08:31:09.669904     0     0 I CPU1    : shutdown
11-03 08:31:09.672301     0     0 I suspend ns: 2953945495881	suspend cycles:    1078214529853
11-03 08:31:09.672277     0     0 I CPU0    : msm_cpu_pm_enter_sleep mode:3 during suspend
11-03 08:31:09.672277     0     0 I         : Suspended for 5.562 seconds
11-03 08:31:09.672277     0     0 I resume cycles: 1078321333558
11-03 08:31:09.672947     0     0 I         : Enabling non-boot CPUs ...
11-03 08:31:09.673820     0     0 I CPU1    : update cpu_capacity 1024
11-03 08:31:09.675533     0     0 I         : CPU1 is up
11-03 08:31:09.676283     0     0 I CPU1    : update max cpu_capacity 748
11-03 08:31:09.679650     0     0 I PM      : noirq resume of devices complete after 3.745 msecs
11-03 08:31:09.685464     0     0 I PM      : early resume of devices complete after 4.285 msecs
11-03 08:31:09.720674     0     0 I bgcom   : bgcom_pm_resume: Bgcom resumed with : 0
--------- switch to system
11-03 08:31:15.350990  1686  1686 I PowerManagerService: Waking up from dozing (uid=1000 reason=tiltToWake)...
--------- switch to kernel
11-03 08:31:09.731114     0     0 I mdss_dsi_panel_set_idle_mode: Idle (1->1)
11-03 08:31:09.771668     0     0 I PM      : resume of devices complete after 86.161 msecs
11-03 08:31:09.776626     0     0 I         : Restarting tasks ...
11-03 08:31:09.779875     0     0 W QSEECOM : qseecom_receive_req: Interrupted: exiting Listener Service = 12288
11-03 08:31:09.779980     0     0 W QSEECOM : qseecom_receive_req: Interrupted: exiting Listener Service = 10
11-03 08:31:09.787447     0     0 W QSEECOM : qseecom_receive_req: Interrupted: exiting Listener Service = 8192
11-03 08:31:09.787549     0     0 W QSEECOM : qseecom_receive_req: Interrupted: exiting Listener Service = 11
11-03 08:31:09.787602     0     0 W QSEECOM : qseecom_receive_req: Interrupted: exiting Listener Service = 28672
--------- switch to system
11-03 08:31:15.385364  1686  1686 W UsageStatsService: Event reported without a package name
--------- switch to kernel
11-03 08:31:09.814952     0     0 I         : done.
11-03 08:31:15.378792     0     0 I PM      : suspend exit 2021-11-03 07:31:15.378792956 UTC
11-03 08:31:15.391336     0     0 E FG      : fg_psy_get_property: unsupported property 7
11-03 08:31:15.307362     0     0 W healthd : battery l=24 v=3770 t=29.0 h=2 st=3 c=7 fc=443000 cc=0 chg=
--------- switch to main
11-03 08:31:15.424278   512   512 I sensors-hal: batch:140, android.sensor.light/46, period=100000000, max_latency=0
11-03 08:31:15.424422   512   512 I sensors-hal: batch:149, android.sensor.light/46, period=100000000, max_latency=0 request completed
11-03 08:31:15.425130   512   512 I sensors-hal: activate:107, android.sensor.light/46 en=1
11-03 08:31:15.425793   512   512 I sensors-hal: ssc_enable_rt_task:254, ssc_enable_rt_task : true
11-03 08:31:15.430845   512   512 I sensors-hal: activate:118, android.sensor.light/46 en=1 completed
11-03 08:31:15.433830  1686  1823 I SidekickService: endDisplayLocked()
--------- switch to system
11-03 08:31:15.434340  1686  1710 I DisplayManagerService: Display device changed state: "Écran intégré", ON
--------- switch to main
11-03 08:31:15.434758   416   416 D SKGHAL  : sendAmbientEvent: enter: enable = 0
11-03 08:31:15.449948   512   512 I sensors-hal: batch:140, android.sensor.accelerometer/48, period=66667000, max_latency=100000000
11-03 08:31:15.450880   512   512 I sensors-hal: batch:149, android.sensor.accelerometer/48, period=66667000, max_latency=100000000 request completed
11-03 08:31:15.451481   512   512 I sensors-hal: activate:107, android.sensor.accelerometer/48 en=1
11-03 08:31:15.452171   512   512 I sensors-hal: ssc_enable_rt_task:254, ssc_enable_rt_task : true
11-03 08:31:15.466220  4243  4243 D OMService: onDisplayChanged: not dozing
11-03 08:31:15.494317   512   512 I sensors-hal: activate:118, android.sensor.accelerometer/48 en=1 completed
11-03 08:31:15.495072  1686  1759 I InputReader: Reconfiguring input devices.  changes=0x00000004
11-03 08:31:15.518210  2520  2520 D HOME    : [BatteryChange]action: android.intent.action.BATTERY_CHANGED
11-03 08:31:15.524294  1956  1956 D QtiCarrierConfigHelper: WARNING, no carrier configs on phone Id: 0
11-03 08:31:15.526555  1686  1799 E WifiStateMachine: getWifiLinkLayerStats called without an interface
11-03 08:31:15.537063  3205  3434 W WorkController: Loading failed for worker [trainingcache]: worker not found
11-03 08:31:15.539715  3205  3372 W A       : TrainingCache cache DEVICE_UNLOCKED failure
11-03 08:31:15.539715  3205  3372 W A       : com.google.android.apps.gsa.search.core.service.h.a.a: No worker found for Worker ID [trainingcache].
11-03 08:31:15.539715  3205  3372 W A       : 	at com.google.android.apps.gsa.search.core.service.g.a.c.a(Unknown Source:5)
11-03 08:31:15.539715  3205  3372 W A       : 	at com.google.android.libraries.gsa.c.a.d.a(Unknown Source:3)
11-03 08:31:15.539715  3205  3372 W A       : 	at com.google.common.p.a.cg.c(Unknown Source:2)
11-03 08:31:15.539715  3205  3372 W A       : 	at com.google.common.p.a.bk.run(SourceFile:3)
11-03 08:31:15.539715  3205  3372 W A       : 	at com.google.common.p.a.ci.run(Unknown Source:4)
11-03 08:31:15.539715  3205  3372 W A       : 	at com.google.apps.tiktok.concurrent.ab.run(SourceFile:1)
11-03 08:31:15.539715  3205  3372 W A       : 	at java.util.concurrent.ThreadPoolExecutor.runWorker(ThreadPoolExecutor.java:1167)
11-03 08:31:15.539715  3205  3372 W A       : 	at java.util.concurrent.ThreadPoolExecutor$Worker.run(ThreadPoolExecutor.java:641)
11-03 08:31:15.539715  3205  3372 W A       : 	at com.google.apps.tiktok.concurrent.c.run(Unknown Source:4)
11-03 08:31:15.539715  3205  3372 W A       : 	at java.lang.Thread.run(Thread.java:764)
11-03 08:31:15.541892  2520 10692 D HOME    : [BatteryChange]HandleBatteryChangedTask
11-03 08:31:15.542930  2520 10692 D HOME    : [BatteryChange]level: 24, status: 3
--------- switch to system
11-03 08:31:15.545544  1686  1702 W BroadcastQueue: Background execution not allowed: receiving Intent { act=android.intent.action.USER_PRESENT flg=0x10 } to com.google.android.gms/.auth.setup.devicesignals.LockScreenReceiver
