11-03 12:31:24.903488  4243  4243 D OMService: onDisplayChanged: not dozing
11-03 12:31:24.913269  1686  1759 I InputReader: Reconfiguring input devices.  changes=0x00000004
11-03 12:31:24.922259   512   512 I sensors-hal: activate:118, android.sensor.accelerometer/48 en=1 completed
--------- switch to kernel
11-03 12:31:24.776097     0     0 E bgrsb   : bgrsb_enable: rsb will set report rate
11-03 12:31:24.783684     0     0 E bgrsb   : bgrsb_enable: gpio 32 is valid
--------- switch to main
11-03 12:31:24.936688  2520  2520 D HOME    : [BatteryChange]action: android.intent.action.BATTERY_CHANGED
11-03 12:31:24.937156  2520 14469 D HOME    : [BatteryChange]HandleBatteryChangedTask
11-03 12:31:24.938189  2520 14469 D HOME    : [BatteryChange]level: 2, status: 3
11-03 12:31:24.939404  1956  1956 D QtiCarrierConfigHelper: WARNING, no carrier configs on phone Id: 0
11-03 12:31:24.945687  2520 14469 D HOME    : [BatteryChange]updateStreamItem
11-03 12:31:24.946722  1686  1799 E WifiStateMachine: getWifiLinkLayerStats called without an interface
11-03 12:31:24.955466  3205  3434 W WorkController: Loading failed for worker [trainingcache]: worker not found
11-03 12:31:24.958215  3205  3294 W A       : TrainingCache cache DEVICE_UNLOCKED failure
11-03 12:31:24.958215  3205  3294 W A       : com.google.android.apps.gsa.search.core.service.h.a.a: No worker found for Worker ID [trainingcache].
11-03 12:31:24.958215  3205  3294 W A       : 	at com.google.android.apps.gsa.search.core.service.g.a.c.a(Unknown Source:5)
11-03 12:31:24.958215  3205  3294 W A       : 	at com.google.android.libraries.gsa.c.a.d.a(Unknown Source:3)
11-03 12:31:24.958215  3205  3294 W A       : 	at com.google.common.p.a.cg.c(Unknown Source:2)
11-03 12:31:24.958215  3205  3294 W A       : 	at com.google.common.p.a.bk.run(SourceFile:3)
11-03 12:31:24.958215  3205  3294 W A       : 	at com.google.common.p.a.ci.run(Unknown Source:4)
11-03 12:31:24.958215  3205  3294 W A       : 	at com.google.apps.tiktok.concurrent.ab.run(SourceFile:1)
11-03 12:31:24.958215  3205  3294 W A       : 	at java.util.concurrent.ThreadPoolExecutor.runWorker(ThreadPoolExecutor.java:1167)
11-03 12:31:24.958215  3205  3294 W A       : 	at java.util.concurrent.ThreadPoolExecutor$Worker.run(ThreadPoolExecutor.java:641)
11-03 12:31:24.958215  3205  3294 W A       : 	at com.google.apps.tiktok.concurrent.c.run(Unknown Source:4)
11-03 12:31:24.958215  3205  3294 W A       : 	at java.lang.Thread.run(Thread.java:764)
--------- switch to system
11-03 12:31:24.961029  1686  1702 W BroadcastQueue: Background execution not allowed: receiving Intent { act=android.intent.action.USER_PRESENT flg=0x10 } to com.google.android.gms/.auth.setup.devicesignals.LockScreenReceiver
11-03 12:31:24.961789  1686  1702 W BroadcastQueue: Background execution not allowed: receiving Intent { act=android.intent.action.USER_PRESENT flg=0x10 } to com.google.android.gms/.chimera.GmsIntentOperationService$PersistentTrustedReceiver
--------- switch to kernel
11-03 12:31:24.856990     0     0 I init    : processing action (ro.enable_core_ctl=true && sys.cw_corectl_mode=perf) from (/vendor/etc/init/hw/init.qcom.rc:954)
11-03 12:31:24.859175     0     0 I CPU2    : update cpu_capacity 1024
11-03 12:31:24.860629     0     0 W         : IRQ21 no longer affine to CPU2
11-03 12:31:24.861722     0     0 I CPU2    : shutdown
11-03 12:31:24.866703     0     0 I CPU3    : update cpu_capacity 1024
11-03 12:31:24.868214     0     0 W         : IRQ21 no longer affine to CPU3
11-03 12:31:24.869198     0     0 I CPU3    : shutdown
--------- switch to main
11-03 12:31:24.975559   512 14557 I sensors-hal: handle_indication_realtime:355,  SCHED_FIFO(10) for qmi_cbk
11-03 12:31:24.991521  1686  1686 I WearPower: [WearTouchMediator] changing touch input to enabled (ON_AUTO)
11-03 12:31:24.993722  1686  1759 I InputReader: Reconfiguring input devices.  changes=0x00000200
11-03 12:31:25.018726  2520 14469 D HOME    : [BatteryChange]batteryHistory size: 20'
11-03 12:31:25.019027  2520 14469 D HOME    : [BatteryChange]timeDelta: 14565082
11-03 12:31:25.019209  2520 14469 D HOME    : [BatteryChange]levelDelta: 22
11-03 12:31:25.030664  1686  1686 D WristGestureCtrl: Starting: GesturesEnabled-false UngazeEnabled-true
11-03 12:31:25.030770  1686  1686 D DefaultUngazeDetector: starting
11-03 12:31:25.030843  1686  1686 D DefaultUngazeDetector: startUngazeStateEstimation(). startTime = 70564460
11-03 12:31:25.031016  1686  1686 W AlarmManagerProxy: Removing unknown listener
11-03 12:31:25.032243   512   512 I sensors-hal: batch:140, android.sensor.accelerometer/48, period=19231000, max_latency=100000000
11-03 12:31:25.032708  1686  1686 W DefaultSettingsContentR: Value for ambient_low_bit_enabled not stored as number. Attempting parse as boolean.
11-03 12:31:25.033629   512 14559 I sensors-hal: handle_indication_realtime:355,  SCHED_FIFO(10) for qmi_cbk
11-03 12:31:25.034665   512   512 I sensors-hal: batch:149, android.sensor.accelerometer/48, period=19231000, max_latency=100000000 request completed
11-03 12:31:25.035312   512   512 I sensors-hal: flush:169, android.sensor.accelerometer/48
11-03 12:31:25.036791   512   512 I sensors-hal: flush:175, android.sensor.accelerometer/48 completed
11-03 12:31:25.045191  3205  3434 W WorkController: Loading failed for worker [trainingcache]: worker not found
11-03 12:31:25.046231  3205  3372 W A       : TrainingCache cache SCREEN_ON failure
11-03 12:31:25.046231  3205  3372 W A       : com.google.android.apps.gsa.search.core.service.h.a.a: No worker found for Worker ID [trainingcache].
11-03 12:31:25.046231  3205  3372 W A       : 	at com.google.android.apps.gsa.search.core.service.g.a.c.a(Unknown Source:5)
11-03 12:31:25.046231  3205  3372 W A       : 	at com.google.android.libraries.gsa.c.a.d.a(Unknown Source:3)
11-03 12:31:25.046231  3205  3372 W A       : 	at com.google.common.p.a.cg.c(Unknown Source:2)
11-03 12:31:25.046231  3205  3372 W A       : 	at com.google.common.p.a.bk.run(SourceFile:3)
11-03 12:31:25.046231  3205  3372 W A       : 	at com.google.common.p.a.ci.run(Unknown Source:4)
11-03 12:31:25.046231  3205  3372 W A       : 	at com.google.apps.tiktok.concurrent.ab.run(SourceFile:1)
11-03 12:31:25.046231  3205  3372 W A       : 	at java.util.concurrent.ThreadPoolExecutor.runWorker(ThreadPoolExecutor.java:1167)
11-03 12:31:25.046231  3205  3372 W A       : 	at java.util.concurrent.ThreadPoolExecutor$Worker.run(ThreadPoolExecutor.java:641)
11-03 12:31:25.046231  3205  3372 W A       : 	at com.google.apps.tiktok.concurrent.c.run(Unknown Source:4)
11-03 12:31:25.046231  3205  3372 W A       : 	at java.lang.Thread.run(Thread.java:764)
11-03 12:31:25.079935  2520  2520 D HOME    : [StreamDBQueue]Promised revision #5517 to queue a new op
11-03 12:31:25.080266  2520  2520 D WatchStreamManager: Promised rank-blocked=true @ r#5517
11-03 12:31:25.081385  2520 14469 D HOME    : [WatchStreamDB]Item alerting conditions - isInterruptive: true, recentlyInterrupted: false, isItemPinned: false, isUnread: false
11-03 12:31:25.081722  2520 14469 D HOME    : [StreamAlertingRegulator]isTheaterModeEnabled: false, isAlertingAllowedByOffBody: true, matchesLocalInterruptionFilter: true
11-03 12:31:25.081985  2520 14469 D HOME    : [WatchStreamDB]couldItemAlert: false, isTopItemChanged: false, isDeferralForTopItem: false
11-03 12:31:25.083680  2520  2714 D HOME    : [TickMonitor]Received time tick
11-03 12:31:25.084358  2520  2714 D HOME    : [TickMonitor]handleTimeTick() finished
11-03 12:31:25.230815   504   523 I SDM     : DisplayBase::SetDisplayState: Set state = 3, display 0
11-03 12:31:25.231166   504   523 D SDM     : HWCDisplayPrimary::SetStandByMode: Display is connected successfully
11-03 12:31:25.232154   416  2389 D SKGHAL  : standBy_update_control call succeed on 0
11-03 12:31:25.232294   416  2389 D SKGHAL  : sendAmbientEvent: done: enable = 0
11-03 12:31:25.233395  1686  1823 D SidekickService:    ... endDisplay returns void
11-03 12:31:25.235083   545   545 D SurfaceFlinger: Set power mode=2, type=0 flinger=0xb6bb6000
11-03 12:31:25.235616   504   762 I SDM     : DisplayBase::SetDisplayState: Set state = 1, display 0
--------- switch to kernel
11-03 12:31:25.086107     0     0 I         : [touch]FB_BLANK_VSYNC_SUSPEND
11-03 12:31:25.086115     0     0 I         : [touch]Already in suspend state
--------- switch to main
11-03 12:31:25.247043   545   545 D SurfaceFlinger: Finished set power mode=2, type=0
--------- switch to kernel
11-03 12:31:25.097997     0     0 I mdss_dsi_panel_set_idle_mode: Idle (1->0)
11-03 12:31:25.099109     0     0 E mdp3_enable_panic_ctrl: mdp3_enable_panic_ctrl: Enable Panic Control
11-03 12:31:25.099245     0     0 I         : [touch]FB_BLANK_UNBLANK
11-03 12:31:25.099252     0     0 I         : [touch]raydium_ts_do_resume, 1.
11-03 12:31:25.100214     0     0 I         : [ raydium ]workqueue is empty!
11-03 12:31:25.100238     0     0 I raydium_ts 5-0039: [touch]Already enable irq
11-03 12:31:25.100242     0     0 I         : [touch]Device may wakeup
--------- switch to system
11-03 12:31:25.251010  1686  1712 W PowerManagerService: Screen on took 568 ms
11-03 12:31:25.251521  1686  1712 I DreamManagerService: Gently waking up from dream.
11-03 12:31:25.252512  1686  1708 I DreamManagerService: Performing gentle wake from dream.
11-03 12:31:25.253731  1686  1686 V DreamService[AmbientDream]: wakeUp(): fromSystem=true, mWaking=false, mFinished=false
11-03 12:31:25.253886  1686  1686 V DreamService[AmbientDream]: finish(): mFinished=false
11-03 12:31:25.254008  1686  1686 I DreamManagerService: Leaving dreamland.
11-03 12:31:25.254835  1686  1708 I DreamManagerService: Performing gentle wake from dream.
11-03 12:31:25.255091  1686  1708 I DreamController: Stopping dream: name=ComponentInfo{com.google.android.wearable.ambient/com.google.android.wearable.ambient.AmbientDream}, isTest=false, canDoze=true, userId=0
11-03 12:31:25.258079  1686  1686 V DreamService[AmbientDream]: detach(): Calling onDreamingStopped()
--------- switch to main
11-03 12:31:25.258313  1686  1686 I AmbientService: [ce6a28c] doOnDreamingStopped
11-03 12:31:25.258408  1686  1686 W AlarmManagerProxy: Removing unknown listener
11-03 12:31:25.268015  2520  2520 D HOME    : [HomeVisitsLogger]Logging streamlet event: visit_start
11-03 12:31:25.268641  2520  2520 D HOME    : [HomeVisitsLogger]Logging streamlet event: exit_ambient_mode
11-03 12:31:25.269321  2520  2520 D HOME    : [HotwordController]updateClient MODE_WATCH_FACE false false false true
11-03 12:31:25.271348  2520  2520 D HOME    : [WatchFaceUiController]setInAmbientMode false
11-03 12:31:25.271503  2520  2520 D HOME    : [WatchFaceUiController]sendWatchFaceServiceBinder
11-03 12:31:25.280355  2520  2520 D HOME    : [WatchFaceUiController]sendStateToWallpaper
11-03 12:31:25.284021  2520  2520 D HOME    : [WatchFaceUiController]Showing watch face wallpaper.
11-03 12:31:25.284226  2520  2520 D HOME    : [WatchFaceUiController]sendStateToWallpaper
11-03 12:31:25.288405  2520  2520 D HOME    : [StreamDBQueue]Promised revision #5518 to queue a new op
11-03 12:31:25.288721  2520  2520 D WatchStreamManager: Promised rank-blocked=true @ r#5518
11-03 12:31:25.289192  2520  2520 D HOME    : [StreamDBQueue]Promised revision #5519 to queue a new op
11-03 12:31:25.289320  2520  2520 D WatchStreamManager: Promised rank-blocked=true @ r#5519
11-03 12:31:25.289934  2520  2520 D HOME    : [TilesController]Tile refresh optimization is enabled.
11-03 12:31:25.290352  2520  2520 D HOME    : [EventBus]Wrapper pool is full. Discarding excess wrapper instance for event com.google.android.clockwork.sysui.events.KeyguardStateEvent
11-03 12:31:25.290345  2520 14535 D HOME    : [WatchStreamDB]Item alerting conditions - isInterruptive: true, recentlyInterrupted: false, isItemPinned: false, isUnread: false
11-03 12:31:25.290445  2520  2520 D HOME    : [WatchFaceUiController]sendStateToWallpaper
11-03 12:31:25.290654  2520 14535 D HOME    : [StreamAlertingRegulator]isTheaterModeEnabled: false, isAlertingAllowedByOffBody: true, matchesLocalInterruptionFilter: true
11-03 12:31:25.290860  2520 14535 D HOME    : [WatchStreamDB]couldItemAlert: false, isTopItemChanged: false, isDeferralForTopItem: false
11-03 12:31:25.291789  1686  1686 I AmbientService: [ce6a28c] No auto-resume Activity.
11-03 12:31:25.292410  2520  2520 D HOME    : [EventBus]Wrapper pool is full. Discarding excess wrapper instance for event com.google.android.clockwork.sysui.events.KeyguardStateEvent
11-03 12:31:25.292719  2520  2520 D HOME    : [EventBus]Wrapper pool is full. Discarding excess wrapper instance for event com.google.android.clockwork.sysui.events.KeyguardStateEvent
11-03 12:31:25.295880  1686  1686 W AlarmManager: Unrecognized alarm listener com.android.server.job.controllers.-$$Lambda$IdleController$IdlenessTracker$nTdS-lGBXcES5VWKcJFmQFgU7IU@1ab437a
--------- switch to system
11-03 12:31:25.297535  1686  1686 W ContextImpl: Calling a method in the system process without a qualified user: android.app.ContextImpl.sendBroadcast:1020 android.content.ContextWrapper.sendBroadcast:449 com.google.android.wearable.ambient.AmbientDream.onDestroy:273 android.app.ActivityThread.handleStopService:3698 android.app.ActivityThread.access$1700:200 
--------- switch to main
11-03 12:31:25.297960  1686  1686 E AlarmManager: cancel() called with a null PendingIntent
11-03 12:31:25.298375  2520  2520 D HOME    : [WatchFaceUiController]sendStateToWallpaper
--------- switch to system
11-03 12:31:25.299223  1686  1686 V DreamService[AmbientDream]: onDestroy()
--------- switch to main
11-03 12:31:25.307567  2520  2520 W StaticLayout: maxLineHeight should not be -1.  maxLines:1 lineCount:1
11-03 12:31:25.321186  2520 14535 D HOME    : [WatchStreamDB]Item alerting conditions - isInterruptive: true, recentlyInterrupted: false, isItemPinned: false, isUnread: false
11-03 12:31:25.343118  2520 14535 D HOME    : [StreamAlertingRegulator]isTheaterModeEnabled: false, isAlertingAllowedByOffBody: true, matchesLocalInterruptionFilter: true
11-03 12:31:25.343614  2520 14535 D HOME    : [WatchStreamDB]couldItemAlert: false, isTopItemChanged: false, isDeferralForTopItem: false
11-03 12:31:25.360647  2520  2520 D HOME    : [WatchFaceUiController]sendWatchFaceServiceBinder
11-03 12:31:25.365124  2520  2520 D HOME    : [WatchFaceUiController]sendProperties
11-03 12:31:25.368130  2520  2520 D HOME    : [WatchFaceUiController]sendStateToWallpaper
11-03 12:31:25.449340   512   512 I sensors-hal: activate:107, android.sensor.light/46 en=0
11-03 12:31:25.451054   512   512 I sensors-hal: activate:118, android.sensor.light/46 en=0 completed
11-03 12:31:25.453070   512   512 I sensors-hal: batch:140, android.sensor.light/46, period=250000000, max_latency=0
11-03 12:31:25.453130   512   512 I sensors-hal: batch:149, android.sensor.light/46, period=250000000, max_latency=0 request completed
11-03 12:31:25.453448   512   512 I sensors-hal: activate:107, android.sensor.light/46 en=1
11-03 12:31:25.453733   512   512 I sensors-hal: ssc_enable_rt_task:254, ssc_enable_rt_task : true
11-03 12:31:25.456269   512   512 I sensors-hal: activate:118, android.sensor.light/46 en=1 completed
11-03 12:31:25.539834   512 14567 I sensors-hal: handle_indication_realtime:355,  SCHED_FIFO(10) for qmi_cbk
11-03 12:31:25.575721   512  1749 I sensors-hal: batch:140, android.sensor.accelerometer/48, period=66667000, max_latency=100000000
11-03 12:31:25.578536   512  1749 I sensors-hal: batch:149, android.sensor.accelerometer/48, period=66667000, max_latency=100000000 request completed
11-03 12:31:25.579412  1686  1686 D DefaultUngazeDetector: Ungaze event occurred; emitting gesture event!
11-03 12:31:25.579535  1686  1686 D WristGestureCtrl: Gesture:GESTURE UNGAZE, timestamp(ms): 70564460, confidence: 0.0, latency(ms): 0, duration(ms): 549
11-03 12:31:25.581183   512  1749 I sensors-hal: batch:140, android.sensor.accelerometer/48, period=19231000, max_latency=100000000
11-03 12:31:25.582845   512  1749 I sensors-hal: batch:149, android.sensor.accelerometer/48, period=19231000, max_latency=100000000 request completed
--------- switch to system
11-03 12:31:25.583074  1686  1686 I WindowManager: sleepRelease() calling goToSleep(GO_TO_SLEEP_REASON_SLEEP_BUTTON)
--------- switch to main
11-03 12:31:25.583250   512  1749 I sensors-hal: flush:169, android.sensor.accelerometer/48
--------- switch to system
11-03 12:31:25.583293  1686  1686 I PowerManagerService: Going to sleep due to sleep button (uid 1000)...
11-03 12:31:25.584517  1686  1712 I DreamManagerService: Entering dreamland.
11-03 12:31:25.585034  1686  1686 W UsageStatsService: Event reported without a package name
11-03 12:31:25.585205  1686  1712 I PowerManagerService: Dozing...
--------- switch to main
11-03 12:31:25.585975   512  1749 I sensors-hal: flush:175, android.sensor.accelerometer/48 completed
--------- switch to system
11-03 12:31:25.606389  1686  1708 I DreamController: Starting dream: name=ComponentInfo{com.google.android.wearable.ambient/com.google.android.wearable.ambient.AmbientDream}, isTest=false, canDoze=true, userId=0
11-03 12:31:25.626600  1686  1686 W ContextImpl: Calling a method in the system process without a qualified user: android.app.ContextImpl.bindService:1611 android.content.ContextWrapper.bindService:698 com.google.android.wearable.ambient.AmbientDream.onCreate:191 android.app.ActivityThread.handleCreateService:3533 android.app.ActivityThread.access$1300:200 
11-03 12:31:25.629109  1686  1686 W ContextImpl: Calling a method in the system process without a qualified user: android.app.ContextImpl.sendBroadcast:1005 android.content.ContextWrapper.sendBroadcast:444 com.google.android.wearable.ambient.AmbientDream.onCreate:241 android.app.ActivityThread.handleCreateService:3533 android.app.ActivityThread.access$1300:200 
11-03 12:31:25.629703  1686  1686 V DreamService[AmbientDream]: onBind() intent = Intent { act=android.service.dreams.DreamService flg=0x800000 cmp=com.google.android.wearable.ambient/.AmbientDream }
--------- switch to main
11-03 12:31:25.631192  1686  1686 I AmbientService: [ce6a28c] Ambient Created
--------- switch to system
11-03 12:31:25.631856  1686  1686 V DreamService[AmbientDream]: Calling onDreamingStarted()
--------- switch to main
11-03 12:31:25.631957  1686  1686 I AmbientService: [ce6a28c] doOnDreamingStarted
11-03 12:31:25.632322  1686  1686 D SidekickService: setShouldControlDisplay called: true
11-03 12:31:25.641028  1686  1686 I AmbientService: [ce6a28c] Selected running activity for ambient mode: AmbientActivity[component=ComponentInfo{com.google.android.wearable.app/com.google.android.clockwork.home2.activity.HomeActivity2}, callbacks=@210b385, running=true, ambientRequested=true, ambientEnabled=true, offloadEnabled=true]
11-03 12:31:25.641712  1686  1686 I AmbientService: [ce6a28c] Sidekick is ready to display, requesting doze.
11-03 12:31:25.643219  1686  1686 I AmbientService: [ce6a28c] No auto-resume Activity.
11-03 12:31:25.644770  1686  1686 W DefaultSettingsContentR: Value for ambient_low_bit_enabled not stored as number. Attempting parse as boolean.
11-03 12:31:25.648570  2520  2520 D HOME    : [HomeVisitsLogger]Logging streamlet event: enter_ambient_mode
11-03 12:31:25.649129  2520  2520 D HOME    : [HotwordController]updateClient MODE_WATCH_FACE false true false true
11-03 12:31:25.650248  2520 13839 D HOME    : [HomeVisitsLogger]Logging streamlet event: visit_end
11-03 12:31:25.651222  1686  1686 I AmbientService: [ce6a28c] Showing watch face in offload mode, canceling alarm.
11-03 12:31:25.651337  1686  1686 W AlarmManagerProxy: Removing unknown listener
11-03 12:31:25.651480  1686  1686 D WristGestureCtrl: Stopping detectors: GesturesEnabled-false gestureDetector-false ungazeEnabled-true ungaze-true
11-03 12:31:25.651520  1686  1686 D DefaultUngazeDetector: stopping
11-03 12:31:25.652779   512  1749 I sensors-hal: batch:140, android.sensor.accelerometer/48, period=66667000, max_latency=100000000
11-03 12:31:25.688878  2520  2520 D HOME    : [WatchFaceUiController]setInAmbientMode true
11-03 12:31:25.690357  2520  2520 D HOME    : [StreamDBQueue]Promised revision #5520 to queue a new op
11-03 12:31:25.690581  2520  2520 D WatchStreamManager: Promised rank-blocked=false @ r#5520
11-03 12:31:25.691153  2520  2520 D HOME    : [StreamDBQueue]Promised revision #5521 to queue a new op
11-03 12:31:25.691180  2520 14469 D HOME    : [WatchStreamDB]Item alerting conditions - isInterruptive: true, recentlyInterrupted: false, isItemPinned: false, isUnread: false
11-03 12:31:25.691260  2520  2520 D WatchStreamManager: Promised rank-blocked=false @ r#5521
11-03 12:31:25.691417  2520 14469 D HOME    : [StreamAlertingRegulator]isTheaterModeEnabled: false, isAlertingAllowedByOffBody: true, matchesLocalInterruptionFilter: true
11-03 12:31:25.691593  2520 14469 D HOME    : [WatchStreamDB]couldItemAlert: false, isTopItemChanged: false, isDeferralForTopItem: false
11-03 12:31:25.691900  2520  2520 D HOME    : [EventBus]Wrapper pool is full. Discarding excess wrapper instance for event com.google.android.clockwork.sysui.events.KeyguardStateEvent
11-03 12:31:25.691985  2520  2520 D HOME    : [WatchFaceUiController]sendStateToWallpaper
11-03 12:31:25.692290  2520 14469 D HOME    : [WatchStreamDB]Item alerting conditions - isInterruptive: true, recentlyInterrupted: false, isItemPinned: false, isUnread: false
11-03 12:31:25.693093   512  1749 I sensors-hal: batch:149, android.sensor.accelerometer/48, period=66667000, max_latency=100000000 request completed
11-03 12:31:25.694819  2520 13839 I SidekickManager: replaceWatchFaceComponentsImpl(): watchFace = com.google.android.clockwork.decomposablewatchface.WatchFaceDecomposition@83e6ab4
11-03 12:31:25.695553  1686  1741 D SidekickService: sendWatchFaceComponents called: watchFace = com.google.android.clockwork.decomposablewatchface.WatchFaceDecomposition@b9d86c9shouldReplace = false
11-03 12:31:25.695739  1686  1741 D SidekickService: Check decomposition for calling app com.google.android.wearable.app with uid 10049
11-03 12:31:25.696071  1686  1741 D SidekickService: sendWatchFaceLocked(): shouldReplace = false, mSidekickIsControlling = false, 1 images, 0 fonts, 0 numbers, 0 proportionalFonts, 0 strings
11-03 12:31:25.696119  1686  1741 D SidekickService: ISidekickGraphics#beginResources()...
11-03 12:31:25.697140  1686  1741 D SidekickServiceUtils: bitmapFromDrawable: Returning bitmap directly
11-03 12:31:25.698768  1686  1741 D SidekickService: sendBitmapsLocked(): bounds = RectF(0.47115386, 0.33653846, 0.52884614, 0.39423078), drawableInfo = {.id = 100000, .width = 24, .height = 24, .display = true, .offsetX = 193.0, .offsetY = 137.0, .rotationInfo = {.hasRotation = false, .pivotX = 0.0, .pivotY = 0.0, .degreesPerDay = 0.0, .degreesPerStep = 0.0, .zeroDegreesTime = {.daysSinceLocalEpoch = 0, .msSinceMidnight = 0}}, .transformInfo = {.transformed = false, .flipX = false, .flipY = false, .flip45 = false, .scaleX = 0.0, .scaleY = 0.0}, .type = GENERIC, .blink = {.blinking = false, .periodOnMs = 0.0, .periodOffMs = 0.0, .startTime = {.daysSinceLocalEpoch = 0, .msSinceMidnight = 0}}, .zOrder = 8, .displayInTwm = true}, image.size() = 97
11-03 12:31:25.699672   416  2389 D SKGHAL  : saveResource: resId = 100000
11-03 12:31:25.700552  1686  1741 D SidekickService: sendBitmapsLocked(): status = 0, bytesUsed = 64
11-03 12:31:25.700716  1686  1741 D SidekickService: ISidekickGraphics#endResources()...
11-03 12:31:25.716931  2520  2520 D HOME    : [EventBus]Wrapper pool is full. Discarding excess wrapper instance for event com.google.android.clockwork.sysui.events.KeyguardStateEvent
11-03 12:31:25.717204  2520  2520 D HOME    : [EventBus]Wrapper pool is full. Discarding excess wrapper instance for event com.google.android.clockwork.sysui.events.KeyguardStateEvent
11-03 12:31:25.717584  2520 12958 D HOME    : [StreamDBQueue]Promised revision #5522 to queue a new op
11-03 12:31:25.717717  2520 12958 D WatchStreamManager: Promised rerank @ r#5522
11-03 12:31:25.721111  2520 14469 D HOME    : [StreamAlertingRegulator]isTheaterModeEnabled: false, isAlertingAllowedByOffBody: true, matchesLocalInterruptionFilter: true
11-03 12:31:25.721818  2520  2520 W StaticLayout: maxLineHeight should not be -1.  maxLines:1 lineCount:1
11-03 12:31:25.721477  2520 14469 D HOME    : [WatchStreamDB]couldItemAlert: false, isTopItemChanged: false, isDeferralForTopItem: false
11-03 12:31:25.730699  2520 14469 D HOME    : [WatchStreamDB]updateRanking()
11-03 12:31:25.731235  2520 14469 D HOME    : [WatchStreamDB]Item alerting conditions - isInterruptive: true, recentlyInterrupted: false, isItemPinned: false, isUnread: false
11-03 12:31:25.731485  2520 14469 D HOME    : [StreamAlertingRegulator]isTheaterModeEnabled: false, isAlertingAllowedByOffBody: true, matchesLocalInterruptionFilter: true
11-03 12:31:25.731644  2520 14469 D HOME    : [WatchStreamDB]couldItemAlert: false, isTopItemChanged: false, isDeferralForTopItem: false
11-03 12:31:25.733332  2520 14469 D HOME    : [NewStreamAdapter]Publishing revision #5522 to adapter clients
11-03 12:31:25.734191  2520 12958 D HOME    : [StreamDBQueue]Promised revision #5523 to queue a new op
11-03 12:31:25.734371  2520 12958 D WatchStreamManager: Promised rerank @ r#5523
11-03 12:31:25.735510  2520 14536 D HOME    : [WatchStreamDB]updateRanking()
11-03 12:31:25.736059  2520 14536 D HOME    : [WatchStreamDB]Item alerting conditions - isInterruptive: true, recentlyInterrupted: false, isItemPinned: false, isUnread: false
11-03 12:31:25.736335  2520 14536 D HOME    : [StreamAlertingRegulator]isTheaterModeEnabled: false, isAlertingAllowedByOffBody: true, matchesLocalInterruptionFilter: true
11-03 12:31:25.738150  2520 14536 D HOME    : [WatchStreamDB]couldItemAlert: false, isTopItemChanged: false, isDeferralForTopItem: false
11-03 12:31:25.738798  2520 14536 D HOME    : [NewStreamAdapter]Publishing revision #5523 to adapter clients
11-03 12:31:26.140575   416  2389 D SKGHAL  : sendResources: metadata size = 2400, font size = 72
11-03 12:31:26.203585   416  2389 D SKGHAL  : endResources: rc = 0
11-03 12:31:26.204444  1686  1686 W system_server: Long monitor contention with owner Binder:1686_3 (1741) at int com.google.android.clockwork.sidekick.SidekickService$BinderService.sendWatchFace(com.google.android.clockwork.decomposablewatchface.WatchFaceDecomposition, boolean)(SidekickService.java:1021) waiters=0 in boolean com.google.android.clockwork.sidekick.SidekickService$BinderService.readyToDisplay() for 484ms
11-03 12:31:26.205394  2520  2520 D HOME    : [SidekickManagerAsync]replaceWatchFaceComponents(): Callback#onResult(): 0
11-03 12:31:26.205687  2520  2520 D HOME    : [WatchFaceUiController]Complication updates sent, posting watch face hiding
11-03 12:31:26.205770  2520  2520 D HOME    : [WatchFaceUiController]Still in ambient watch face, hiding
11-03 12:31:26.205835  2520  2520 D HOME    : [WatchFaceUiController]Hiding watch face wallpaper.
--------- switch to system
11-03 12:31:26.210487  1686  1686 W Looper  : Slow dispatch took 492ms main h=android.os.Handler c=com.google.android.wearable.ambient.AmbientDream$Callbacks$1@999d1ce m=0
--------- switch to kernel
11-03 12:31:26.098319     0     0 E FG      : fg_psy_get_property: unsupported property 7
11-03 12:31:26.102647     0     0 W healthd : battery l=2 v=3679 t=27.0 h=2 st=3 c=5 fc=443000 cc=0 chg=
--------- switch to main
11-03 12:31:26.256360   512   512 I sensors-hal: activate:107, android.sensor.light/46 en=0
11-03 12:31:26.257846  1956  1956 D QtiCarrierConfigHelper: WARNING, no carrier configs on phone Id: 0
11-03 12:31:26.260328   512   512 I sensors-hal: activate:118, android.sensor.light/46 en=0 completed
11-03 12:31:26.265032  2520  2520 D HOME    : [BatteryChange]action: android.intent.action.BATTERY_CHANGED
11-03 12:31:26.266304  2520 13839 D HOME    : [BatteryChange]HandleBatteryChangedTask
11-03 12:31:26.271380  2520 13839 D HOME    : [BatteryChange]level: 2, status: 3
--------- switch to system
11-03 12:31:26.272032  1686  1710 I DisplayManagerService: Display device changed state: "Écran intégré", DOZE_SUSPEND
--------- switch to main
11-03 12:31:26.283345   545   545 D SurfaceFlinger: Set power mode=3, type=0 flinger=0xb6bb6000
11-03 12:31:26.283833   504   762 I SDM     : DisplayBase::SetDisplayState: Set state = 3, display 0
11-03 12:31:26.300248  2520 13839 D HOME    : [BatteryChange]updateStreamItem
11-03 12:31:26.310032  2520 13839 D HOME    : [BatteryChange]batteryHistory size: 20'
11-03 12:31:26.310254  2520 13839 D HOME    : [BatteryChange]timeDelta: 14565082
11-03 12:31:26.310392  2520 13839 D HOME    : [BatteryChange]levelDelta: 22
11-03 12:31:26.320401   545   545 D SurfaceFlinger: Finished set power mode=3, type=0
11-03 12:31:26.320935  1686  1823 I SidekickService: beginDisplayLocked(): DOZE_SUSPEND
11-03 12:31:26.321515   416  2389 D SKGHAL  : sendAmbientPrepare: enter:
--------- switch to kernel
11-03 12:31:26.138911     0     0 I mdss_dsi_panel_set_idle_mode: Idle (0->1)
--------- switch to main
11-03 12:31:26.331801  1686  1759 I InputReader: Reconfiguring input devices.  changes=0x00000004
--------- switch to kernel
11-03 12:31:26.173054     0     0 I         : [touch]FB_BLANK_VSYNC_SUSPEND
11-03 12:31:26.173060     0     0 I         : [touch]irq disable
11-03 12:31:26.173064     0     0 I         : [touch]workqueue is empty!
11-03 12:31:26.173066     0     0 I         : [touch]raydium_ts_do_suspend.
11-03 12:31:26.173075     0     0 I         : [touch]Device may wakeup
11-03 12:31:26.175122     0     0 I         : [touch]irq enable
--------- switch to main
11-03 12:31:26.441339   416  2389 D SKGHAL  : sendAmbientEvent: enter: enable = 1
11-03 12:31:26.442883   504   523 I SDM     : DisplayBase::SetDisplayState: Set state = 4, display 0
11-03 12:31:26.443002   504   523 D SDM     : HWCDisplayPrimary::SetStandByMode: Null display is connected successfully
11-03 12:31:26.443193   416  2389 D SKGHAL  : standBy_update_control call succeed on 1
11-03 12:31:26.453292   416  2389 D SKGHAL  : sendAmbientEvent: done: enable = 1
11-03 12:31:26.453901  1686  1823 D SidekickService:    ... beginDisplay result: 0 for halPower: 1
11-03 12:31:26.458059   512   512 I sensors-hal: activate:107, android.sensor.accelerometer/48 en=0
11-03 12:31:26.459033   512   512 I sensors-hal: activate:118, android.sensor.accelerometer/48 en=0 completed
11-03 12:31:26.464697  1686  1799 E WifiStateMachine: getWifiLinkLayerStats called without an interface
--------- switch to kernel
11-03 12:31:26.321927     0     0 E bgrsb   : bgrsb_enable: gpio 32 is valid
--------- switch to main
11-03 12:31:26.489333  1686  1686 I WearPower: [WearTouchMediator] changing touch input to enabled (ON_AUTO)
11-03 12:31:26.490307  1686  1759 I InputReader: Reconfiguring input devices.  changes=0x00000200
--------- switch to kernel
11-03 12:31:26.347145     0     0 I init    : processing action (ro.enable_core_ctl=true && sys.cw_corectl_mode=idle) from (/vendor/etc/init/hw/init.qcom.rc:949)
--------- switch to main
11-03 12:31:26.495357  1686  1686 I AmbientService: [ce6a28c] Timeout alarm not required, auto-resume timeout handled by dream.
11-03 12:31:26.502713  3205  3434 W WorkController: Loading failed for worker [trainingcache]: worker not found
11-03 12:31:26.503547  3205  3294 W A       : TrainingCache cache SCREEN_OFF failure
11-03 12:31:26.503547  3205  3294 W A       : com.google.android.apps.gsa.search.core.service.h.a.a: No worker found for Worker ID [trainingcache].
11-03 12:31:26.503547  3205  3294 W A       : 	at com.google.android.apps.gsa.search.core.service.g.a.c.a(Unknown Source:5)
11-03 12:31:26.503547  3205  3294 W A       : 	at com.google.android.libraries.gsa.c.a.d.a(Unknown Source:3)
11-03 12:31:26.503547  3205  3294 W A       : 	at com.google.common.p.a.cg.c(Unknown Source:2)
11-03 12:31:26.503547  3205  3294 W A       : 	at com.google.common.p.a.bk.run(SourceFile:3)
11-03 12:31:26.503547  3205  3294 W A       : 	at com.google.common.p.a.ci.run(Unknown Source:4)
11-03 12:31:26.503547  3205  3294 W A       : 	at com.google.apps.tiktok.concurrent.ab.run(SourceFile:1)
11-03 12:31:26.503547  3205  3294 W A       : 	at java.util.concurrent.ThreadPoolExecutor.runWorker(ThreadPoolExecutor.java:1167)
11-03 12:31:26.503547  3205  3294 W A       : 	at java.util.concurrent.ThreadPoolExecutor$Worker.run(ThreadPoolExecutor.java:641)
11-03 12:31:26.503547  3205  3294 W A       : 	at com.google.apps.tiktok.concurrent.c.run(Unknown Source:4)
11-03 12:31:26.503547  3205  3294 W A       : 	at java.lang.Thread.run(Thread.java:764)
11-03 12:31:26.515308  2520  2520 D HOME    : [StreamDBQueue]Promised revision #5524 to queue a new op
11-03 12:31:26.515557  2520  2520 D WatchStreamManager: Promised rank-blocked=false @ r#5524
11-03 12:31:26.515773  2520  2520 D HOME    : [CompactHunStarter]detachWindow()
11-03 12:31:26.516126  2520 13839 D HOME    : [WatchStreamDB]Item alerting conditions - isInterruptive: true, recentlyInterrupted: false, isItemPinned: false, isUnread: false
11-03 12:31:26.516524  2520 13839 D HOME    : [StreamAlertingRegulator]isTheaterModeEnabled: false, isAlertingAllowedByOffBody: true, matchesLocalInterruptionFilter: true
11-03 12:31:26.516874  2520 13839 D HOME    : [WatchStreamDB]couldItemAlert: false, isTopItemChanged: false, isDeferralForTopItem: false
11-03 12:31:26.517752  2520 12958 D HOME    : [StreamDBQueue]Promised revision #5525 to queue a new op
11-03 12:31:26.517943  2520 12958 D WatchStreamManager: Promised rerank @ r#5525
11-03 12:31:26.523028  2520 13839 D HOME    : [WatchStreamDB]updateRanking()
11-03 12:31:26.523643  2520 13839 D HOME    : [WatchStreamDB]Item alerting conditions - isInterruptive: true, recentlyInterrupted: false, isItemPinned: false, isUnread: false
11-03 12:31:26.523918  2520 13839 D HOME    : [StreamAlertingRegulator]isTheaterModeEnabled: false, isAlertingAllowedByOffBody: true, matchesLocalInterruptionFilter: true
11-03 12:31:26.526676  2520 13839 D HOME    : [WatchStreamDB]couldItemAlert: false, isTopItemChanged: false, isDeferralForTopItem: false
11-03 12:31:26.527341  2520 13839 D HOME    : [NewStreamAdapter]Publishing revision #5525 to adapter clients
--------- switch to kernel
11-03 12:31:26.541320     0     0 I PM      : suspend entry 2021-11-03 11:31:26.541320579 UTC
11-03 12:31:26.541330     0     0 I PM      : Syncing filesystems ... done.
--------- switch to system
11-03 12:32:14.372028  1686  1686 I PowerManagerService: Waking up from dozing (uid=1000 reason=tiltToWake)...
--------- switch to kernel
11-03 12:31:26.621906     0     0 I         : Freezing user space processes ... (elapsed 0.005 seconds) done.
11-03 12:31:26.627635     0     0 I         : Freezing remaining freezable tasks ... (elapsed 0.002 seconds) done.
11-03 12:31:26.630612     0     0 I         : Suspending console(s) (use no_console_suspend to debug)
11-03 12:31:26.640911     0     0 I mdss_dsi_panel_set_idle_mode: Idle (1->1)
11-03 12:31:26.680814     0     0 I bgcom   : bgcom_pm_suspend: suspended with : 0
11-03 12:31:26.708150     0     0 I PM      : suspend of devices complete after 75.997 msecs
11-03 12:31:26.710826     0     0 I PM      : late suspend of devices complete after 2.659 msecs
11-03 12:31:26.713826     0     0 I PM      : noirq suspend of devices complete after 2.984 msecs
11-03 12:31:26.713832     0     0 I         : Disabling non-boot CPUs ...
11-03 12:31:26.727953     0     0 I CPU1    : shutdown
11-03 12:31:26.728873     0     0 I suspend ns: 4606847475288	suspend cycles:    1355022016097
11-03 12:31:26.728863     0     0 I CPU0    : msm_cpu_pm_enter_sleep mode:3 during suspend
11-03 12:31:26.728863     0     0 I         : Suspended for 47.561 seconds
11-03 12:31:26.728863     0     0 I resume cycles: 1355935206987
11-03 12:31:26.729183     0     0 I         : Enabling non-boot CPUs ...
11-03 12:31:26.729516     0     0 I CPU1    : update cpu_capacity 1024
11-03 12:31:26.730456     0     0 I         : CPU1 is up
11-03 12:31:26.732065     0     0 I PM      : noirq resume of devices complete after 1.416 msecs
11-03 12:31:26.734723     0     0 I PM      : early resume of devices complete after 1.684 msecs
11-03 12:31:26.736475     0     0 I CPU1    : update max cpu_capacity 748
11-03 12:31:26.756989     0     0 I bgcom   : bgcom_pm_resume: Bgcom resumed with : 0
11-03 12:31:26.766578     0     0 I mdss_dsi_panel_set_idle_mode: Idle (1->1)
11-03 12:31:26.799304     0     0 I PM      : resume of devices complete after 64.563 msecs
11-03 12:31:26.801228     0     0 I         : Restarting tasks ...
11-03 12:31:26.804633     0     0 W QSEECOM : qseecom_receive_req: Interrupted: exiting Listener Service = 8192
11-03 12:31:26.804693     0     0 W QSEECOM : qseecom_receive_req: Interrupted: exiting Listener Service = 11
11-03 12:31:26.804732     0     0 W QSEECOM : qseecom_receive_req: Interrupted: exiting Listener Service = 10
11-03 12:31:26.806305     0     0 W QSEECOM : qseecom_receive_req: Interrupted: exiting Listener Service = 12288
11-03 12:31:26.806469     0     0 W QSEECOM : qseecom_receive_req: Interrupted: exiting Listener Service = 28672
11-03 12:31:26.807581     0     0 I         : done.
11-03 12:32:14.370680     0     0 I PM      : suspend exit 2021-11-03 11:32:14.370680508 UTC
11-03 12:32:14.390326     0     0 E FG      : fg_psy_get_property: unsupported property 7
11-03 12:32:14.248178     0     0 W healthd : battery l=2 v=3680 t=27.0 h=2 st=3 c=7 fc=443000 cc=0 chg=
--------- switch to system
11-03 12:32:14.400247  1686  1686 W UsageStatsService: Event reported without a package name
--------- switch to main
11-03 12:32:14.422968   512  1749 I sensors-hal: batch:140, android.sensor.light/46, period=100000000, max_latency=0
11-03 12:32:14.425283   512  1749 I sensors-hal: batch:149, android.sensor.light/46, period=100000000, max_latency=0 request completed
11-03 12:32:14.425791   512  1749 I sensors-hal: activate:107, android.sensor.light/46 en=1
11-03 12:32:14.426159   512  1749 I sensors-hal: ssc_enable_rt_task:254, ssc_enable_rt_task : true
11-03 12:32:14.431211   512  1749 I sensors-hal: activate:118, android.sensor.light/46 en=1 completed
11-03 12:32:14.432452  1686  1823 I SidekickService: endDisplayLocked()
11-03 12:32:14.432789   416  2389 D SKGHAL  : sendAmbientEvent: enter: enable = 0
--------- switch to system
11-03 12:32:14.433108  1686  1710 I DisplayManagerService: Display device changed state: "Écran intégré", ON
--------- switch to main
11-03 12:32:14.433497   512  1749 I sensors-hal: batch:140, android.sensor.accelerometer/48, period=66667000, max_latency=100000000
11-03 12:32:14.433543   512  1749 I sensors-hal: batch:149, android.sensor.accelerometer/48, period=66667000, max_latency=100000000 request completed
11-03 12:32:14.436671   512  1749 I sensors-hal: activate:107, android.sensor.accelerometer/48 en=1
11-03 12:32:14.436950   512  1749 I sensors-hal: ssc_enable_rt_task:254, ssc_enable_rt_task : true
11-03 12:32:14.442850   512  1749 I sensors-hal: activate:118, android.sensor.accelerometer/48 en=1 completed
11-03 12:32:14.453990  2520  2520 D HOME    : [BatteryChange]action: android.intent.action.BATTERY_CHANGED
11-03 12:32:14.454755  2520 12958 D HOME    : [BatteryChange]HandleBatteryChangedTask
11-03 12:32:14.455096  2520 12958 D HOME    : [BatteryChange]level: 2, status: 3
11-03 12:32:14.458164  4243  4243 D OMService: onDisplayChanged: not dozing
11-03 12:32:14.459718  1956  1956 D QtiCarrierConfigHelper: WARNING, no carrier configs on phone Id: 0
11-03 12:32:14.461439  2520 12958 D HOME    : [BatteryChange]updateStreamItem
11-03 12:32:14.464645  1686  1759 I InputReader: Reconfiguring input devices.  changes=0x00000004
11-03 12:32:14.467661  1686  1799 E WifiStateMachine: getWifiLinkLayerStats called without an interface
--------- switch to system
11-03 12:32:14.473233  1686  1702 W BroadcastQueue: Background execution not allowed: receiving Intent { act=android.intent.action.USER_PRESENT flg=0x10 } to com.google.android.gms/.auth.setup.devicesignals.LockScreenReceiver
11-03 12:32:14.473553  1686  1702 W BroadcastQueue: Background execution not allowed: receiving Intent { act=android.intent.action.USER_PRESENT flg=0x10 } to com.google.android.gms/.chimera.GmsIntentOperationService$PersistentTrustedReceiver
--------- switch to main
11-03 12:32:14.477668  3205  3434 W WorkController: Loading failed for worker [trainingcache]: worker not found
11-03 12:32:14.479486  3205  3372 W A       : TrainingCache cache DEVICE_UNLOCKED failure
11-03 12:32:14.479486  3205  3372 W A       : com.google.android.apps.gsa.search.core.service.h.a.a: No worker found for Worker ID [trainingcache].
11-03 12:32:14.479486  3205  3372 W A       : 	at com.google.android.apps.gsa.search.core.service.g.a.c.a(Unknown Source:5)
11-03 12:32:14.479486  3205  3372 W A       : 	at com.google.android.libraries.gsa.c.a.d.a(Unknown Source:3)
11-03 12:32:14.479486  3205  3372 W A       : 	at com.google.common.p.a.cg.c(Unknown Source:2)
11-03 12:32:14.479486  3205  3372 W A       : 	at com.google.common.p.a.bk.run(SourceFile:3)
11-03 12:32:14.479486  3205  3372 W A       : 	at com.google.common.p.a.ci.run(Unknown Source:4)
11-03 12:32:14.479486  3205  3372 W A       : 	at com.google.apps.tiktok.concurrent.ab.run(SourceFile:1)
11-03 12:32:14.479486  3205  3372 W A       : 	at java.util.concurrent.ThreadPoolExecutor.runWorker(ThreadPoolExecutor.java:1167)
11-03 12:32:14.479486  3205  3372 W A       : 	at java.util.concurrent.ThreadPoolExecutor$Worker.run(ThreadPoolExecutor.java:641)
11-03 12:32:14.479486  3205  3372 W A       : 	at com.google.apps.tiktok.concurrent.c.run(Unknown Source:4)
11-03 12:32:14.479486  3205  3372 W A       : 	at java.lang.Thread.run(Thread.java:764)
11-03 12:32:14.499048  2520 12958 D HOME    : [BatteryChange]batteryHistory size: 20'
11-03 12:32:14.499296  2520 12958 D HOME    : [BatteryChange]timeDelta: 14565082
11-03 12:32:14.499451  2520 12958 D HOME    : [BatteryChange]levelDelta: 22
11-03 12:32:14.516072  1686  1686 I WearPower: [WearTouchMediator] changing touch input to enabled (ON_AUTO)
11-03 12:32:14.517064  1686  1759 I InputReader: Reconfiguring input devices.  changes=0x00000200
--------- switch to kernel
11-03 12:32:14.372494     0     0 E bgrsb   : bgrsb_enable: rsb will set report rate
11-03 12:32:14.375791     0     0 I init    : processing action (ro.enable_core_ctl=true && sys.cw_corectl_mode=perf) from (/vendor/etc/init/hw/init.qcom.rc:954)
11-03 12:32:14.376926     0     0 I CPU2    : update cpu_capacity 1024
11-03 12:32:14.377947     0     0 E bgrsb   : bgrsb_enable: gpio 32 is valid
11-03 12:32:14.379030     0     0 I CPU2    : shutdown
--------- switch to main
11-03 12:32:14.529509  1686  1686 D WristGestureCtrl: Starting: GesturesEnabled-false UngazeEnabled-true
11-03 12:32:14.529608  1686  1686 D DefaultUngazeDetector: starting
11-03 12:32:14.529673  1686  1686 D DefaultUngazeDetector: startUngazeStateEstimation(). startTime = 70613959
11-03 12:32:14.529832  1686  1686 W AlarmManagerProxy: Removing unknown listener
11-03 12:32:14.530586   512  1749 I sensors-hal: batch:140, android.sensor.accelerometer/48, period=19231000, max_latency=100000000
--------- switch to kernel
11-03 12:32:14.381869     0     0 I CPU3    : update cpu_capacity 1024
--------- switch to main
11-03 12:32:14.531867   512  1749 I sensors-hal: batch:149, android.sensor.accelerometer/48, period=19231000, max_latency=100000000 request completed
--------- switch to kernel
11-03 12:32:14.382891     0     0 W         : IRQ21 no longer affine to CPU3
--------- switch to main
11-03 12:32:14.532299   512  1749 I sensors-hal: flush:169, android.sensor.accelerometer/48
11-03 12:32:14.533288   512  1749 I sensors-hal: flush:175, android.sensor.accelerometer/48 completed
--------- switch to kernel
11-03 12:32:14.383632     0     0 I CPU3    : shutdown
--------- switch to main
11-03 12:32:14.559216   512 14571 I sensors-hal: handle_indication_realtime:355,  SCHED_FIFO(10) for qmi_cbk
11-03 12:32:14.581968   504   523 I SDM     : DisplayBase::SetDisplayState: Set state = 3, display 0
11-03 12:32:14.582120   504   523 D SDM     : HWCDisplayPrimary::SetStandByMode: Display is connected successfully
11-03 12:32:14.582325   416  2389 D SKGHAL  : standBy_update_control call succeed on 0
11-03 12:32:14.582369   416  2389 D SKGHAL  : sendAmbientEvent: done: enable = 0
--------- switch to kernel
11-03 12:32:14.437023     0     0 I         : [touch]FB_BLANK_VSYNC_SUSPEND
11-03 12:32:14.437026     0     0 I         : [touch]Already in suspend state
--------- switch to main
11-03 12:32:14.616554  1686  1686 W DefaultSettingsContentR: Value for ambient_low_bit_enabled not stored as number. Attempting parse as boolean.
11-03 12:32:14.617111  1686  1823 D SidekickService:    ... endDisplay returns void
11-03 12:32:14.617601   545   545 D SurfaceFlinger: Set power mode=2, type=0 flinger=0xb6bb6000
11-03 12:32:14.617832   504   761 I SDM     : DisplayBase::SetDisplayState: Set state = 1, display 0
--------- switch to kernel
11-03 12:32:14.479737     0     0 I mdss_dsi_panel_set_idle_mode: Idle (1->0)
11-03 12:32:14.480429     0     0 E mdp3_enable_panic_ctrl: mdp3_enable_panic_ctrl: Enable Panic Control
11-03 12:32:14.480484     0     0 I         : [touch]FB_BLANK_UNBLANK
11-03 12:32:14.480488     0     0 I         : [touch]raydium_ts_do_resume, 1.
11-03 12:32:14.480745     0     0 I         : [ raydium ]workqueue is empty!
11-03 12:32:14.480755     0     0 I raydium_ts 5-0039: [touch]Already enable irq
11-03 12:32:14.480758     0     0 I         : [touch]Device may wakeup
--------- switch to main
11-03 12:32:14.626348   545   545 D SurfaceFlinger: Finished set power mode=2, type=0
--------- switch to system
11-03 12:32:14.628574  1686  1712 W PowerManagerService: Screen on took 347 ms
11-03 12:32:14.628910  1686  1712 I DreamManagerService: Gently waking up from dream.
11-03 12:32:14.629164  1686  1708 I DreamManagerService: Performing gentle wake from dream.
11-03 12:32:14.633905  1686  1686 V DreamService[AmbientDream]: wakeUp(): fromSystem=true, mWaking=false, mFinished=false
11-03 12:32:14.634276  1686  1686 V DreamService[AmbientDream]: finish(): mFinished=false
11-03 12:32:14.634398  1686  1686 I DreamManagerService: Leaving dreamland.
11-03 12:32:14.635216  1686  1708 I DreamManagerService: Performing gentle wake from dream.
11-03 12:32:14.635403  1686  1708 I DreamController: Stopping dream: name=ComponentInfo{com.google.android.wearable.ambient/com.google.android.wearable.ambient.AmbientDream}, isTest=false, canDoze=true, userId=0
11-03 12:32:14.637718  1686  1686 V DreamService[AmbientDream]: detach(): Calling onDreamingStopped()
--------- switch to main
11-03 12:32:14.637917  1686  1686 I AmbientService: [ce6a28c] doOnDreamingStopped
11-03 12:32:14.637995  1686  1686 W AlarmManagerProxy: Removing unknown listener
11-03 12:32:14.643883  2520  2520 D HOME    : [HomeVisitsLogger]Logging streamlet event: visit_start
11-03 12:32:14.644179  2520  2520 D HOME    : [HomeVisitsLogger]Logging streamlet event: exit_ambient_mode
11-03 12:32:14.644626  2520  2520 D HOME    : [HotwordController]updateClient MODE_WATCH_FACE false false false true
11-03 12:32:14.645402  1686  1686 I AmbientService: [ce6a28c] No auto-resume Activity.
11-03 12:32:14.645642  2520  2520 D HOME    : [WatchFaceUiController]setInAmbientMode false
11-03 12:32:14.645715  2520  2520 D HOME    : [WatchFaceUiController]sendWatchFaceServiceBinder
11-03 12:32:14.652193  2520  2520 D HOME    : [WatchFaceUiController]sendStateToWallpaper
11-03 12:32:14.653964  2520  2520 D HOME    : [WatchFaceUiController]Showing watch face wallpaper.
11-03 12:32:14.654211  2520  2520 D HOME    : [WatchFaceUiController]sendStateToWallpaper
11-03 12:32:14.657407  2520  2520 D HOME    : [StreamDBQueue]Promised revision #5526 to queue a new op
11-03 12:32:14.657684  1686  1686 W AlarmManager: Unrecognized alarm listener com.android.server.job.controllers.-$$Lambda$IdleController$IdlenessTracker$nTdS-lGBXcES5VWKcJFmQFgU7IU@1ab437a
11-03 12:32:14.657722  2520  2520 D WatchStreamManager: Promised rank-blocked=true @ r#5526
11-03 12:32:14.658167  2520  2520 D HOME    : [StreamDBQueue]Promised revision #5527 to queue a new op
11-03 12:32:14.658315  2520  2520 D WatchStreamManager: Promised rank-blocked=true @ r#5527
11-03 12:32:14.658714  2520 14536 D HOME    : [WatchStreamDB]Item alerting conditions - isInterruptive: true, recentlyInterrupted: false, isItemPinned: false, isUnread: false
11-03 12:32:14.659085  2520 14536 D HOME    : [StreamAlertingRegulator]isTheaterModeEnabled: false, isAlertingAllowedByOffBody: true, matchesLocalInterruptionFilter: true
11-03 12:32:14.659132  2520  2520 D HOME    : [TilesController]Tile refresh optimization is enabled.
11-03 12:32:14.659349  2520 14536 D HOME    : [WatchStreamDB]couldItemAlert: false, isTopItemChanged: false, isDeferralForTopItem: false
11-03 12:32:14.659397  2520  2520 D HOME    : [EventBus]Wrapper pool is full. Discarding excess wrapper instance for event com.google.android.clockwork.sysui.events.KeyguardStateEvent
11-03 12:32:14.659468  2520  2520 D HOME    : [WatchFaceUiController]sendStateToWallpaper
11-03 12:32:14.662683  3205  3434 W WorkController: Loading failed for worker [trainingcache]: worker not found
11-03 12:32:14.662653  2520  2520 D HOME    : [EventBus]Wrapper pool is full. Discarding excess wrapper instance for event com.google.android.clockwork.sysui.events.KeyguardStateEvent
11-03 12:32:14.662978  2520  2520 D HOME    : [EventBus]Wrapper pool is full. Discarding excess wrapper instance for event com.google.android.clockwork.sysui.events.KeyguardStateEvent
11-03 12:32:14.666122  3205  3294 W A       : TrainingCache cache SCREEN_ON failure
