11-02 20:00:23.578771  2520  6840 D HOME    : [WatchStreamDB]couldItemAlert: false, isTopItemChanged: false, isDeferralForTopItem: false
11-02 20:00:23.584790  3205  3434 W WorkController: Loading failed for worker [trainingcache]: worker not found
11-02 20:00:23.588219  3205  3372 W A       : TrainingCache cache SCREEN_ON failure
11-02 20:00:23.588219  3205  3372 W A       : com.google.android.apps.gsa.search.core.service.h.a.a: No worker found for Worker ID [trainingcache].
11-02 20:00:23.588219  3205  3372 W A       : 	at com.google.android.apps.gsa.search.core.service.g.a.c.a(Unknown Source:5)
11-02 20:00:23.588219  3205  3372 W A       : 	at com.google.android.libraries.gsa.c.a.d.a(Unknown Source:3)
11-02 20:00:23.588219  3205  3372 W A       : 	at com.google.common.p.a.cg.c(Unknown Source:2)
11-02 20:00:23.588219  3205  3372 W A       : 	at com.google.common.p.a.bk.run(SourceFile:3)
11-02 20:00:23.588219  3205  3372 W A       : 	at com.google.common.p.a.ci.run(Unknown Source:4)
11-02 20:00:23.588219  3205  3372 W A       : 	at com.google.apps.tiktok.concurrent.ab.run(SourceFile:1)
11-02 20:00:23.588219  3205  3372 W A       : 	at java.util.concurrent.ThreadPoolExecutor.runWorker(ThreadPoolExecutor.java:1167)
11-02 20:00:23.588219  3205  3372 W A       : 	at java.util.concurrent.ThreadPoolExecutor$Worker.run(ThreadPoolExecutor.java:641)
11-02 20:00:23.588219  3205  3372 W A       : 	at com.google.apps.tiktok.concurrent.c.run(Unknown Source:4)
11-02 20:00:23.588219  3205  3372 W A       : 	at java.lang.Thread.run(Thread.java:764)
--------- switch to kernel
11-02 20:00:23.544737     0     0 I CPU1    : update max cpu_capacity 748
11-02 20:00:23.545787     0     0 I CPU3    : update max cpu_capacity 1024
--------- switch to main
11-02 20:00:23.613994  2520  4718 W OpenGLRenderer: Incorrectly called buildLayer on View: HardwareButtonHintOverlayView, destroying layer...
11-02 20:00:23.642881  2520  2714 D HOME    : [TickMonitor]Received time tick
11-02 20:00:23.643138  2520  2714 D HOME    : [TickMonitor]handleTimeTick() finished
11-02 20:00:23.650083  2520  2520 D HOME    : [StreamDBQueue]Promised revision #1274 to queue a new op
11-02 20:00:23.650386  2520  2520 D WatchStreamManager: Promised rank-blocked=true @ r#1274
11-02 20:00:23.651542  2520  6932 D HOME    : [WatchStreamDB]Item alerting conditions - isInterruptive: true, recentlyInterrupted: false, isItemPinned: true, isUnread: false
11-02 20:00:23.652680  2520  6932 D HOME    : [StreamAlertingRegulator]isTheaterModeEnabled: false, isAlertingAllowedByOffBody: true, matchesLocalInterruptionFilter: true
11-02 20:00:23.653106  2520  6932 D HOME    : [WatchStreamDB]couldItemAlert: false, isTopItemChanged: false, isDeferralForTopItem: false
11-02 20:00:23.656781  2520  2520 D HOME    : [WatchFaceUiController]sendWatchFaceServiceBinder
11-02 20:00:23.661979  2520  2520 D HOME    : [WatchFaceUiController]sendProperties
11-02 20:00:23.664448  2520  2520 D HOME    : [WatchFaceUiController]sendStateToWallpaper
11-02 20:00:23.697387  2520  2520 D HOME    : [StreamBackendInit]NotificationService onNotificationPosted StatusBarNotification(pkg=android user=UserHandle{0} id=0 tag=com.android.server.wm.AlertWindowNotification - com.google.android.wearable.app key=0|android|0|com.android.server.wm.AlertWindowNotification - com.google.android.wearable.app|1000: Notification(channel=com.android.server.wm.AlertWindowNotification - com.google.android.wearable.app pri=0 contentView=null vibrate=null sound=null defaults=0x0 flags=0x102 color=0xff607d8b vis=PRIVATE))
11-02 20:00:23.698436  2520  2716 D CollectorHandler: handleMessage, event: ON_NOTIFICATION_POSTED_WITH_RANKING
11-02 20:00:23.702963  2520  2716 D HOME    : [StreamDBQueue]Promised revision #1275 to queue a new op
11-02 20:00:23.703805  2520  2716 D HOME    : [WatchStreamManager]Promised set @ r#1275 for (android,tag=com.android.server.wm.AlertWindowNotification - com.google.android.wearable.app,id=0,notifKey=0|android|0|com.android.server.wm.AlertWindowNotification - com.google.android.wearable.app|1000)
11-02 20:00:23.706273  2520  6840 D StreamDatabase:   filtering notification, reason=HOME_OVER_OTHER_APPS_NOTIFICATION, itemId=StreamItemIdAndRevision{notifKey=0|android|0|com.android.server.wm.AlertWindowNotification - com.google.android.wearable.app|1000, packageName=android, tag=com.android.server.wm.AlertWindowNotification - com.google.android.wearable.app, id=0, revision=1275, originalRevision=1275, updateCount=0}
11-02 20:00:23.706999  2520  6840 D HOME    : [WatchStreamDB]Item alerting conditions - isInterruptive: true, recentlyInterrupted: false, isItemPinned: true, isUnread: false
11-02 20:00:23.707273  2520  6840 D HOME    : [StreamAlertingRegulator]isTheaterModeEnabled: false, isAlertingAllowedByOffBody: true, matchesLocalInterruptionFilter: true
11-02 20:00:23.707470  2520  6840 D HOME    : [WatchStreamDB]couldItemAlert: false, isTopItemChanged: false, isDeferralForTopItem: false
11-02 20:00:23.708498  2520  6840 D HOME    : [StreamAdapter]onStreamChange StreamChangeEvent[modified=1, removed=0, modifiedTop=0, removedTop=0, reorder=false, possibleAlertingItem=none]
11-02 20:00:23.708898  2520  6840 D HOME    : [StreamAdapter]onStreamChange StreamChangeEvent[modified=1, removed=0, modifiedTop=0, removedTop=0, reorder=false, possibleAlertingItem=none]
11-02 20:00:23.709389  2520  2520 D HOME    : [TopNotificationReceiver]Sending request to TopNotificationProviderService for complication update
11-02 20:00:23.709489  2520  6840 D HOME    : [NewStreamAdapter]Publishing revision #1275 to adapter clients
11-02 20:00:23.712125  2520  2520 D HOME    : [StreamAdapter]setStreamItems, size 2
11-02 20:00:23.712684  2520  2520 D HOME    : [StreamAdapter]setStreamItems, size 1
11-02 20:00:23.714846  2520  6840 D HOME    : [ComplicationController]scheduleImmediateUpdateForAllFromProvider ComponentInfo{com.google.android.wearable.app/com.google.android.clockwork.wcs.notification.complication.TopNotificationProviderService}
11-02 20:00:23.956545   512  1749 I sensors-hal: activate:107, android.sensor.light/46 en=0
11-02 20:00:23.958044   512  1749 I sensors-hal: activate:118, android.sensor.light/46 en=0 completed
11-02 20:00:23.964989   512  1749 I sensors-hal: batch:140, android.sensor.light/46, period=250000000, max_latency=0
11-02 20:00:23.965132   512  1749 I sensors-hal: batch:149, android.sensor.light/46, period=250000000, max_latency=0 request completed
11-02 20:00:23.965596   512  1749 I sensors-hal: activate:107, android.sensor.light/46 en=1
11-02 20:00:23.965993   512  1749 I sensors-hal: ssc_enable_rt_task:254, ssc_enable_rt_task : true
11-02 20:00:23.970440   512  1749 I sensors-hal: activate:118, android.sensor.light/46 en=1 completed
--------- switch to system
11-02 20:00:23.976730  1686  1686 V SettingsProvider: Notifying for 0: content://settings/system/screen_brightness
--------- switch to main
11-02 20:00:23.980344  1686  1686 I SidekickService: loadBrightnessLocked()
11-02 20:00:23.981507  1686  1686 D SidekickService: screenBrightness  = 51
11-02 20:00:23.982032  1686  1686 D SidekickService: sendConfigValuesLocked(): alsThresholds = [40, 92, 95, 100, 125, 150, 175, 200, 225, 250, 300, 400, 500, 800, 1200], brightnessValuesBright = [50, 56, 60, 70, 80, 90, 100, 115, 120, 140, 160, 180, 200, 220, 240, 255], brightnessValuesDim= [50, 56, 60, 70, 80, 90, 100, 115, 120, 140, 160, 180, 200, 220, 240, 255]
11-02 20:00:23.993829  1686  1686 D SidekickService: setAlsMode(): mode = 2, brightenAlpha = 80, dimmingAlpha = 80
11-02 20:00:24.005002  1686  1686 D SidekickService: setTwmConfig():: msTiltToBright = 10000, tiltToBright = false
11-02 20:00:24.038758   512  7080 I sensors-hal: handle_indication_realtime:355,  SCHED_FIFO(10) for qmi_cbk
11-02 20:00:24.132640  1686  2896 D WificondControl: Scan result ready event
--------- switch to system
11-02 20:00:28.194498  1686  1712 I PowerManagerService: Going to sleep due to screen timeout (uid 1000)...
11-02 20:00:28.196622  1686  1686 W UsageStatsService: Event reported without a package name
11-02 20:00:28.198251  1686  1712 I DreamManagerService: Entering dreamland.
11-02 20:00:28.199684  1686  1712 I PowerManagerService: Dozing...
11-02 20:00:28.224044  1686  1708 I DreamController: Starting dream: name=ComponentInfo{com.google.android.wearable.ambient/com.google.android.wearable.ambient.AmbientDream}, isTest=false, canDoze=true, userId=0
11-02 20:00:28.240848  1686  1686 W ContextImpl: Calling a method in the system process without a qualified user: android.app.ContextImpl.bindService:1611 android.content.ContextWrapper.bindService:698 com.google.android.wearable.ambient.AmbientDream.onCreate:191 android.app.ActivityThread.handleCreateService:3533 android.app.ActivityThread.access$1300:200 
11-02 20:00:28.243877  1686  1686 W ContextImpl: Calling a method in the system process without a qualified user: android.app.ContextImpl.sendBroadcast:1005 android.content.ContextWrapper.sendBroadcast:444 com.google.android.wearable.ambient.AmbientDream.onCreate:241 android.app.ActivityThread.handleCreateService:3533 android.app.ActivityThread.access$1300:200 
11-02 20:00:28.245356  1686  1686 V DreamService[AmbientDream]: onBind() intent = Intent { act=android.service.dreams.DreamService flg=0x800000 cmp=com.google.android.wearable.ambient/.AmbientDream }
--------- switch to main
11-02 20:00:28.246182  1686  1686 I AmbientService: [ce6a28c] Ambient Created
--------- switch to system
11-02 20:00:28.247293  1686  1686 V DreamService[AmbientDream]: Calling onDreamingStarted()
--------- switch to main
11-02 20:00:28.248569  1686  1686 I AmbientService: [ce6a28c] doOnDreamingStarted
11-02 20:00:28.249197  1686  1686 D SidekickService: setShouldControlDisplay called: true
11-02 20:00:28.250281  1686  1686 I AmbientService: [ce6a28c] Selected running activity for ambient mode: AmbientActivity[component=ComponentInfo{com.google.android.wearable.app/com.google.android.clockwork.home2.activity.HomeActivity2}, callbacks=@210b385, running=true, ambientRequested=true, ambientEnabled=true, offloadEnabled=true]
11-02 20:00:28.250844  1686  1686 I AmbientService: [ce6a28c] Sidekick is ready to display, requesting doze.
11-02 20:00:28.251439  1686  1686 I AmbientService: [ce6a28c] No auto-resume Activity.
11-02 20:00:28.253104  1686  1686 W DefaultSettingsContentR: Value for ambient_low_bit_enabled not stored as number. Attempting parse as boolean.
11-02 20:00:28.254193  2520  2520 D HOME    : [HomeVisitsLogger]Logging streamlet event: enter_ambient_mode
11-02 20:00:28.254860  2520  6840 D HOME    : [HomeVisitsLogger]Logging streamlet event: visit_end
11-02 20:00:28.254860  2520  2520 D HOME    : [HotwordController]updateClient MODE_WATCH_FACE false true false true
11-02 20:00:28.255927  2520  2520 D HOME    : [WatchFaceUiController]setInAmbientMode true
11-02 20:00:28.257562  2520  6840 I SidekickManager: replaceWatchFaceComponentsImpl(): watchFace = com.google.android.clockwork.decomposablewatchface.WatchFaceDecomposition@32c434
11-02 20:00:28.258561  1686  2896 D SidekickService: sendWatchFaceComponents called: watchFace = com.google.android.clockwork.decomposablewatchface.WatchFaceDecomposition@a82893eshouldReplace = false
11-02 20:00:28.260150  2520  2520 D HOME    : [StreamDBQueue]Promised revision #1276 to queue a new op
11-02 20:00:28.260463  2520  2520 D WatchStreamManager: Promised rank-blocked=false @ r#1276
11-02 20:00:28.261111  2520  2520 D HOME    : [StreamDBQueue]Promised revision #1277 to queue a new op
11-02 20:00:28.261351  2520  2520 D WatchStreamManager: Promised rank-blocked=false @ r#1277
11-02 20:00:28.262356  2520  2520 D HOME    : [EventBus]Wrapper pool is full. Discarding excess wrapper instance for event com.google.android.clockwork.sysui.events.KeyguardStateEvent
11-02 20:00:28.262527  2520  2520 D HOME    : [WatchFaceUiController]sendStateToWallpaper
11-02 20:00:28.265289  1686  2896 D SidekickService: Check decomposition for calling app com.google.android.wearable.app with uid 10049
11-02 20:00:28.265772  1686  2896 D SidekickService: sendWatchFaceLocked(): shouldReplace = false, mSidekickIsControlling = false, 1 images, 0 fonts, 0 numbers, 0 proportionalFonts, 0 strings
11-02 20:00:28.265842  1686  2896 D SidekickService: ISidekickGraphics#beginResources()...
11-02 20:00:28.266574  2520  2520 D HOME    : [EventBus]Wrapper pool is full. Discarding excess wrapper instance for event com.google.android.clockwork.sysui.events.KeyguardStateEvent
11-02 20:00:28.266597  2520  5175 D HOME    : [StreamDBQueue]Promised revision #1278 to queue a new op
11-02 20:00:28.266752  2520  5175 D WatchStreamManager: Promised rerank @ r#1278
11-02 20:00:28.266858  2520  2520 D HOME    : [EventBus]Wrapper pool is full. Discarding excess wrapper instance for event com.google.android.clockwork.sysui.events.KeyguardStateEvent
11-02 20:00:28.267178  1686  2896 D SidekickServiceUtils: bitmapFromDrawable: Returning bitmap directly
11-02 20:00:28.268454  2520  6572 D HOME    : [WatchStreamDB]Item alerting conditions - isInterruptive: true, recentlyInterrupted: false, isItemPinned: true, isUnread: false
11-02 20:00:28.268590  1686  2896 D SidekickService: sendBitmapsLocked(): bounds = RectF(0.0, 0.0, 0.0024038462, 0.0024038462), drawableInfo = {.id = 100000, .width = 1, .height = 1, .display = true, .offsetX = 0.0, .offsetY = 0.0, .rotationInfo = {.hasRotation = false, .pivotX = 0.0, .pivotY = 0.0, .degreesPerDay = 0.0, .degreesPerStep = 0.0, .zeroDegreesTime = {.daysSinceLocalEpoch = 0, .msSinceMidnight = 0}}, .transformInfo = {.transformed = false, .flipX = false, .flipY = false, .flip45 = false, .scaleX = 0.0, .scaleY = 0.0}, .type = GENERIC, .blink = {.blinking = false, .periodOnMs = 0.0, .periodOffMs = 0.0, .startTime = {.daysSinceLocalEpoch = 0, .msSinceMidnight = 0}}, .zOrder = 8, .displayInTwm = true}, image.size() = 84
11-02 20:00:28.268981  2520  6572 D HOME    : [StreamAlertingRegulator]isTheaterModeEnabled: false, isAlertingAllowedByOffBody: true, matchesLocalInterruptionFilter: true
11-02 20:00:28.269260  2520  6572 D HOME    : [WatchStreamDB]couldItemAlert: false, isTopItemChanged: false, isDeferralForTopItem: false
11-02 20:00:28.270312  2520  6572 D HOME    : [WatchStreamDB]Item alerting conditions - isInterruptive: true, recentlyInterrupted: false, isItemPinned: true, isUnread: false
11-02 20:00:28.270661  2520  6572 D HOME    : [StreamAlertingRegulator]isTheaterModeEnabled: false, isAlertingAllowedByOffBody: true, matchesLocalInterruptionFilter: true
11-02 20:00:28.270813   416  2389 D SKGHAL  : saveResource: resId = 100000
11-02 20:00:28.270906  2520  6572 D HOME    : [WatchStreamDB]couldItemAlert: false, isTopItemChanged: false, isDeferralForTopItem: false
11-02 20:00:28.271495  2520  6572 D HOME    : [WatchStreamDB]updateRanking()
11-02 20:00:28.272091  2520  6572 D HOME    : [WatchStreamDB]Item alerting conditions - isInterruptive: true, recentlyInterrupted: false, isItemPinned: true, isUnread: false
11-02 20:00:28.272516  2520  6572 D HOME    : [StreamAlertingRegulator]isTheaterModeEnabled: false, isAlertingAllowedByOffBody: true, matchesLocalInterruptionFilter: true
11-02 20:00:28.272791  2520  6572 D HOME    : [WatchStreamDB]couldItemAlert: false, isTopItemChanged: false, isDeferralForTopItem: false
11-02 20:00:28.273401  2520  6572 D HOME    : [NewStreamAdapter]Publishing revision #1278 to adapter clients
11-02 20:00:28.274367  2520  5175 D HOME    : [StreamDBQueue]Promised revision #1279 to queue a new op
11-02 20:00:28.274572  2520  5175 D WatchStreamManager: Promised rerank @ r#1279
11-02 20:00:28.275017  1686  2896 D SidekickService: sendBitmapsLocked(): status = 0, bytesUsed = 18
11-02 20:00:28.275487  2520  6572 D HOME    : [WatchStreamDB]updateRanking()
11-02 20:00:28.276153  2520  6572 D HOME    : [WatchStreamDB]Item alerting conditions - isInterruptive: true, recentlyInterrupted: false, isItemPinned: true, isUnread: false
11-02 20:00:28.276402  1686  2896 D SidekickService: ISidekickGraphics#endResources()...
11-02 20:00:28.276516  2520  6572 D HOME    : [StreamAlertingRegulator]isTheaterModeEnabled: false, isAlertingAllowedByOffBody: true, matchesLocalInterruptionFilter: true
11-02 20:00:28.276767  2520  6572 D HOME    : [WatchStreamDB]couldItemAlert: false, isTopItemChanged: false, isDeferralForTopItem: false
11-02 20:00:28.277560  2520  6572 D HOME    : [NewStreamAdapter]Publishing revision #1279 to adapter clients
11-02 20:00:28.429273   416  2389 D SKGHAL  : sendResources: metadata size = 2400, font size = 72
11-02 20:00:28.491484   416  2389 D SKGHAL  : endResources: rc = 0
11-02 20:00:28.492442  1686  1686 W system_server: Long monitor contention with owner Binder:1686_D (2896) at int com.google.android.clockwork.sidekick.SidekickService$BinderService.sendWatchFace(com.google.android.clockwork.decomposablewatchface.WatchFaceDecomposition, boolean)(SidekickService.java:1021) waiters=0 in boolean com.google.android.clockwork.sidekick.SidekickService$BinderService.readyToDisplay() for 225ms
11-02 20:00:28.493016  1686  1686 I AmbientService: [ce6a28c] Showing watch face in offload mode, canceling alarm.
11-02 20:00:28.493081  1686  1686 W AlarmManagerProxy: Removing unknown listener
11-02 20:00:28.493239  1686  1686 D WristGestureCtrl: Stopping detectors: GesturesEnabled-false gestureDetector-false ungazeEnabled-true ungaze-true
11-02 20:00:28.493285  1686  1686 D DefaultUngazeDetector: stopping
--------- switch to system
11-02 20:00:28.493558  1686  1686 W Looper  : Slow dispatch took 246ms main h=android.os.Handler c=android.service.dreams.DreamService$1@359839f m=0
--------- switch to main
11-02 20:00:28.495095   512   512 I sensors-hal: batch:140, android.sensor.accelerometer/48, period=66667000, max_latency=100000000
--------- switch to system
11-02 20:00:28.495303  1686  1686 W Looper  : Slow delivery took 247ms main h=android.app.ActivityThread$H c=android.app.-$$Lambda$LoadedApk$ReceiverDispatcher$Args$_BumDX2UKsnxLVrE6UJsJZkotuA@f31acec m=0
--------- switch to main
11-02 20:00:28.496100  1686  1686 D HandsFreeClientShard: Connecting HandsFree client profile (retry).
11-02 20:00:28.498263  2520  2520 W StaticLayout: maxLineHeight should not be -1.  maxLines:1 lineCount:1
11-02 20:00:28.498610   512   512 I sensors-hal: batch:149, android.sensor.accelerometer/48, period=66667000, max_latency=100000000 request completed
11-02 20:00:28.499323  1686  1686 D BluetoothHeadsetClient: disconnect(14:3C:C3:AD:3D:53)
11-02 20:00:28.504212  1686  1686 D BluetoothHeadsetClient: connect(14:3C:C3:AD:3D:53)
11-02 20:00:28.509737  1829  2096 D HeadsetClientStateMachine: Disconnected process message: 1
11-02 20:00:28.512337  1829  2027 I bt_btif_queue: queue_int_add: adding connection request: address=14:3c:c3:ad:3d:53 UUID=111E busy=false
11-02 20:00:28.512453  1829  2027 I bt_btif_queue: btif_queue_connect_next: executing connection request: address=14:3c:c3:ad:3d:53 UUID=111E busy=false
11-02 20:00:28.512495  1829  2027 E bt_btif : is_connected: not connected!
11-02 20:00:28.512558  1829  2027 W bt_btif : bta_hf_client_find_cb_by_bda: bdaddr mismatch for handle 0 alloc 0
11-02 20:00:28.512591  1829  2027 W bt_btif : bta_hf_client_find_cb_by_bda: bdaddr mismatch for handle 1 alloc 0
11-02 20:00:28.512621  1829  2027 W bt_btif : bta_hf_client_find_cb_by_bda: bdaddr mismatch for handle 2 alloc 0
11-02 20:00:28.512651  1829  2027 W bt_btif : bta_hf_client_find_cb_by_bda: bdaddr mismatch for handle 3 alloc 0
--------- switch to system
11-02 20:00:28.512648  1686  1686 W Looper  : Drained
--------- switch to main
11-02 20:00:28.512681  1829  2027 W bt_btif : bta_hf_client_find_cb_by_bda: bdaddr mismatch for handle 4 alloc 0
11-02 20:00:28.512711  1829  2027 W bt_btif : bta_hf_client_find_cb_by_bda: bdaddr mismatch for handle 5 alloc 0
11-02 20:00:28.512738  1829  2027 W bt_btif : bta_hf_client_find_cb_by_bda: bdaddr mismatch for handle 6 alloc 0
11-02 20:00:28.512766  1829  2027 W bt_btif : bta_hf_client_find_cb_by_bda: bdaddr mismatch for handle 7 alloc 0
11-02 20:00:28.512793  1829  2027 W bt_btif : bta_hf_client_find_cb_by_bda: bdaddr mismatch for handle 8 alloc 0
11-02 20:00:28.512822  1829  2027 W bt_btif : bta_hf_client_find_cb_by_bda: bdaddr mismatch for handle 9 alloc 0
11-02 20:00:28.512851  1829  2027 E bt_btif : bta_hf_client_find_cb_by_bda: block not found
11-02 20:00:28.521048  1829  1829 D AdapterProperties: PROFILE_CONNECTION_STATE_CHANGE: profile=16, device=14:3C:C3:AD:3D:53, 0 -> 1
11-02 20:00:28.521721  1829  1829 D AdapterProperties: ADAPTER_CONNECTION_STATE_CHANGE: 14:3C:C3:AD:3D:53: 0 -> 1
11-02 20:00:28.526357   545  2654 W SurfaceFlinger: Attempting to destroy on removed layer: 6f6f88c OobeOverlayHint#0
--------- switch to kernel
11-02 20:00:28.508104     0     0 E FG      : fg_psy_get_property: unsupported property 7
11-02 20:00:28.512934     0     0 W healthd : battery l=66 v=3939 t=30.0 h=2 st=3 c=136 fc=443000 cc=0 chg=
--------- switch to main
11-02 20:00:28.559349  5603  5603 D BtTelecomReceiver: onReceive: Intent { act=android.bluetooth.headsetclient.profile.action.CONNECTION_STATE_CHANGED flg=0x10 cmp=com.google.android.apps.wearable.bluetooth/com.google.android.clockwork.hfp.BtTelecomBroadcastReceiver (has extras) }
11-02 20:00:28.559599  5603  5603 D BtTelecomReceiver: Hfp connection changed: -724754873 0 -> 1
11-02 20:00:28.562433  1956  1956 D QtiCarrierConfigHelper: WARNING, no carrier configs on phone Id: 0
--------- switch to system
11-02 20:00:28.564882  1686  2944 W BroadcastQueue: Background execution not allowed: receiving Intent { act=android.bluetooth.adapter.action.CONNECTION_STATE_CHANGED flg=0x4000010 (has extras) } to com.google.android.gms/.chimera.GmsIntentOperationService$PersistentTrustedReceiver
--------- switch to main
11-02 20:00:28.569294   512   512 I sensors-hal: activate:107, android.sensor.light/46 en=0
11-02 20:00:28.570123  2520  2520 D HOME    : [SidekickManagerAsync]replaceWatchFaceComponents(): Callback#onResult(): 0
11-02 20:00:28.570256   512   512 I sensors-hal: activate:118, android.sensor.light/46 en=0 completed
11-02 20:00:28.570958  2520  2520 D HOME    : [StreamBackendInit]NotificationService onNotificationRemoved StatusBarNotification(pkg=android user=UserHandle{0} id=0 tag=com.android.server.wm.AlertWindowNotification - com.google.android.wearable.app key=0|android|0|com.android.server.wm.AlertWindowNotification - com.google.android.wearable.app|1000: Notification(channel=com.android.server.wm.AlertWindowNotification - com.google.android.wearable.app pri=0 contentView=null vibrate=null sound=null defaults=0x0 flags=0x102 color=0xff607d8b vis=PRIVATE))
11-02 20:00:28.571372  2520  2716 D CollectorHandler: handleMessage, event: ON_NOTIFICATION_REMOVED
11-02 20:00:28.571648  2520  2520 D HOME    : [BatteryChange]action: android.intent.action.BATTERY_CHANGED
11-02 20:00:28.571800  2520  2716 D HOME    : [StreamDBQueue]Promised revision #1280 to queue a new op
11-02 20:00:28.571947  2520  2520 D HOME    : [WatchFaceUiController]Complication updates sent, posting watch face hiding
11-02 20:00:28.572033  2520  2520 D HOME    : [WatchFaceUiController]Still in ambient watch face, hiding
11-02 20:00:28.572081  2520  2520 D HOME    : [WatchFaceUiController]Hiding watch face wallpaper.
11-02 20:00:28.572225  2520  2716 D HOME    : [WatchStreamManager]Promised remove @ r#1280 for StreamItemIdAndRevision{notifKey=0|android|0|com.android.server.wm.AlertWindowNotification - com.google.android.wearable.app|1000, packageName=android, tag=com.android.server.wm.AlertWindowNotification - com.google.android.wearable.app, id=0, revision=0, originalRevision=0, updateCount=0} (@1279): SBN removed: StreamItemIdAndRevision{notifKey=0|android|0|com.android.server.wm.AlertWindowNotification - com.google.android.wearable.app|1000, packageName=android, tag=com.android.server.wm.AlertWindowNotification - com.google.android.wearable.app, id=0, revision=0, originalRevision=0, updateCount=0}
11-02 20:00:28.572531  2520  6572 D StreamDatabase: remove. itemId: StreamItemIdAndRevision{notifKey=0|android|0|com.android.server.wm.AlertWindowNotification - com.google.android.wearable.app|1000, packageName=android, tag=com.android.server.wm.AlertWindowNotification - com.google.android.wearable.app, id=0, revision=1275, originalRevision=1275, updateCount=0}
11-02 20:00:28.573078  2520  6572 D HOME    : [WatchStreamDB]Item alerting conditions - isInterruptive: true, recentlyInterrupted: false, isItemPinned: true, isUnread: false
11-02 20:00:28.573305  2520  6840 D HOME    : [BatteryChange]HandleBatteryChangedTask
11-02 20:00:28.573423  2520  6572 D HOME    : [StreamAlertingRegulator]isTheaterModeEnabled: false, isAlertingAllowedByOffBody: true, matchesLocalInterruptionFilter: true
11-02 20:00:28.573619  2520  6572 D HOME    : [WatchStreamDB]couldItemAlert: false, isTopItemChanged: false, isDeferralForTopItem: false
11-02 20:00:28.573628  2520  6840 D HOME    : [BatteryChange]level: 66, status: 3
11-02 20:00:28.574062  2520  6572 D HOME    : [StreamAdapter]onStreamChange StreamChangeEvent[modified=0, removed=1, modifiedTop=0, removedTop=0, reorder=false, possibleAlertingItem=none]
11-02 20:00:28.574577  2520  6572 D HOME    : [StreamAdapter]onStreamChange StreamChangeEvent[modified=0, removed=1, modifiedTop=0, removedTop=0, reorder=false, possibleAlertingItem=none]
11-02 20:00:28.575341  2520  6572 D HOME    : [NewStreamAdapter]Publishing revision #1280 to adapter clients
--------- switch to system
11-02 20:00:28.576700  1686  1710 I DisplayManagerService: Display device changed state: "Écran intégré", DOZE_SUSPEND
--------- switch to main
11-02 20:00:28.589786   545   545 D SurfaceFlinger: Set power mode=3, type=0 flinger=0xb6bb6000
11-02 20:00:28.590455   504   762 I SDM     : DisplayBase::SetDisplayState: Set state = 3, display 0
11-02 20:00:28.592913  1686  1759 I InputReader: Reconfiguring input devices.  changes=0x00000004
11-02 20:00:28.607553  2520  2520 D HOME    : [TopNotificationReceiver]Sending request to TopNotificationProviderService for complication update
11-02 20:00:28.613781  2520  2520 D HOME    : [StreamAdapter]setStreamItems, size 1
11-02 20:00:28.614546  2520  2520 D HOME    : [StreamAdapter]setStreamItems, size 2
11-02 20:00:28.614682  2520  6840 D HOME    : [ComplicationController]scheduleImmediateUpdateForAllFromProvider ComponentInfo{com.google.android.wearable.app/com.google.android.clockwork.wcs.notification.complication.TopNotificationProviderService}
--------- switch to kernel
11-02 20:00:28.555835     0     0 I mdss_dsi_panel_set_idle_mode: Idle (0->1)
11-02 20:00:28.594355     0     0 I         : [touch]FB_BLANK_VSYNC_SUSPEND
11-02 20:00:28.594361     0     0 I         : [touch]irq disable
11-02 20:00:28.594365     0     0 I         : [touch]workqueue is empty!
11-02 20:00:28.594368     0     0 I         : [touch]raydium_ts_do_suspend.
11-02 20:00:28.594377     0     0 I         : [touch]Device may wakeup
11-02 20:00:28.596585     0     0 I         : [touch]irq enable
--------- switch to main
11-02 20:00:28.631700   545   545 D SurfaceFlinger: Finished set power mode=3, type=0
11-02 20:00:28.632373  1686  1823 I SidekickService: beginDisplayLocked(): DOZE_SUSPEND
11-02 20:00:28.632959   416  2389 D SKGHAL  : sendAmbientPrepare: enter:
11-02 20:00:28.744537  2520  2541 I id.wearable.ap: Background concurrent copying GC freed 61728(2MB) AllocSpace objects, 0(0B) LOS objects, 25% free, 7MB/9MB, paused 159us total 139.247ms
11-02 20:00:28.751118   416  2389 D SKGHAL  : sendAmbientEvent: enter: enable = 1
11-02 20:00:28.751826   504   523 I SDM     : DisplayBase::SetDisplayState: Set state = 4, display 0
11-02 20:00:28.751885   504   523 D SDM     : HWCDisplayPrimary::SetStandByMode: Null display is connected successfully
11-02 20:00:28.752033   416  2389 D SKGHAL  : standBy_update_control call succeed on 1
11-02 20:00:28.763322   416  2389 D SKGHAL  : sendAmbientEvent: done: enable = 1
11-02 20:00:28.763747  1686  1823 D SidekickService:    ... beginDisplay result: 0 for halPower: 1
11-02 20:00:28.766882   512  1749 I sensors-hal: activate:107, android.sensor.accelerometer/48 en=0
11-02 20:00:28.768072   512  1749 I sensors-hal: activate:118, android.sensor.accelerometer/48 en=0 completed
--------- switch to kernel
11-02 20:00:28.734865     0     0 E bgrsb   : bgrsb_enable: gpio 32 is valid
--------- switch to main
11-02 20:00:28.796120  1686  1686 I WearPower: [WearTouchMediator] changing touch input to enabled (ON_AUTO)
11-02 20:00:28.797237  1686  1759 I InputReader: Reconfiguring input devices.  changes=0x00000200
11-02 20:00:28.804824  1686  1686 I AmbientService: [ce6a28c] Timeout alarm not required, auto-resume timeout handled by dream.
--------- switch to kernel
11-02 20:00:28.765182     0     0 I init    : processing action (ro.enable_core_ctl=true && sys.cw_corectl_mode=idle) from (/vendor/etc/init/hw/init.qcom.rc:949)
--------- switch to main
11-02 20:00:28.815980  3205  3434 W WorkController: Loading failed for worker [trainingcache]: worker not found
11-02 20:00:28.817616  3205  3294 W A       : TrainingCache cache SCREEN_OFF failure
11-02 20:00:28.817616  3205  3294 W A       : com.google.android.apps.gsa.search.core.service.h.a.a: No worker found for Worker ID [trainingcache].
11-02 20:00:28.817616  3205  3294 W A       : 	at com.google.android.apps.gsa.search.core.service.g.a.c.a(Unknown Source:5)
11-02 20:00:28.817616  3205  3294 W A       : 	at com.google.android.libraries.gsa.c.a.d.a(Unknown Source:3)
11-02 20:00:28.817616  3205  3294 W A       : 	at com.google.common.p.a.cg.c(Unknown Source:2)
11-02 20:00:28.817616  3205  3294 W A       : 	at com.google.common.p.a.bk.run(SourceFile:3)
11-02 20:00:28.817616  3205  3294 W A       : 	at com.google.common.p.a.ci.run(Unknown Source:4)
11-02 20:00:28.817616  3205  3294 W A       : 	at com.google.apps.tiktok.concurrent.ab.run(SourceFile:1)
11-02 20:00:28.817616  3205  3294 W A       : 	at java.util.concurrent.ThreadPoolExecutor.runWorker(ThreadPoolExecutor.java:1167)
11-02 20:00:28.817616  3205  3294 W A       : 	at java.util.concurrent.ThreadPoolExecutor$Worker.run(ThreadPoolExecutor.java:641)
11-02 20:00:28.817616  3205  3294 W A       : 	at com.google.apps.tiktok.concurrent.c.run(Unknown Source:4)
11-02 20:00:28.817616  3205  3294 W A       : 	at java.lang.Thread.run(Thread.java:764)
--------- switch to system
11-02 20:00:28.821326   618   618 W wificond: Skip match ssid for pno scan: Samsung Ingrid, Wifirst Les Valmonts, Pauline, HUAWEI-F3EF, PUBLIC WIFI Groupe Televerbier, TMR_PUBLIC_WIFI, SFR_1AE0, BINLAR_2.4G, Sira-WiFi, iPhone S, Siam Garden Cooking School, .@AirportAISFreeWiFi, iPhone de Ameulie, Paulo's iPhone, Beach  Park Hostel & Tree Bar, The Big_Easy, AndroidAPEC14, _VINCI Airports wifi, Yolo Hostel, .@AirportDTACFreeWiFi,    .@ TRUEWIFI, .@ AIS SUPER WiFi, .@AirportTrueFreeWiFi,     King Power,  Free Airport-Google WiFi by CAT, BangkokAirways, UPC5616060, ColocMegy, jcmjsm, iPhone Consti, ASGARD, FMEL, Florence 2.4Ghz, BENJI, IBIS_STYLES_NANTES_CENTRE_GARE_N, LACENNE , Jack's iPhone, Salt_2GHz_28C9D0, Salt_5GHz_28C9D0, Yah Hallo, ASGARD-24G, Livebox-22B4, LeBOen, App_111, Michaud1936, _VT21-VISITORS_, Sebi, RAFA 5, Verkehrshaus, iPhone, MONZOON, igluna-public, kepler, _WIFI_LYRIA, HUAWEI-C452, Vodafone-A54562143, WiFiFrecce, OSoleMioWifi, VodafoneDepretis19, SanLorenzo, Live Hotels Guest, Franci , iPhone de Soline, viktoria_intern, UPC7759032, Vod
--------- switch to main
11-02 20:00:28.833236  2520  2520 D HOME    : [StreamDBQueue]Promised revision #1281 to queue a new op
11-02 20:00:28.833491  2520  2520 D WatchStreamManager: Promised rank-blocked=false @ r#1281
11-02 20:00:28.833750  2520  2520 D HOME    : [CompactHunStarter]detachWindow()
11-02 20:00:28.834178  2520  6840 D HOME    : [WatchStreamDB]Item alerting conditions - isInterruptive: true, recentlyInterrupted: false, isItemPinned: true, isUnread: false
11-02 20:00:28.834246  2520  6572 D HOME    : [StreamDBQueue]Promised revision #1282 to queue a new op
11-02 20:00:28.834347  2520  6572 D WatchStreamManager: Promised rerank @ r#1282
11-02 20:00:28.834462  2520  6840 D HOME    : [StreamAlertingRegulator]isTheaterModeEnabled: false, isAlertingAllowedByOffBody: true, matchesLocalInterruptionFilter: true
11-02 20:00:28.834690  2520  6840 D HOME    : [WatchStreamDB]couldItemAlert: false, isTopItemChanged: false, isDeferralForTopItem: false
11-02 20:00:28.835206  2520  6840 D HOME    : [WatchStreamDB]updateRanking()
11-02 20:00:28.835699  2520  6840 D HOME    : [WatchStreamDB]Item alerting conditions - isInterruptive: true, recentlyInterrupted: false, isItemPinned: true, isUnread: false
11-02 20:00:28.835968  2520  6840 D HOME    : [StreamAlertingRegulator]isTheaterModeEnabled: false, isAlertingAllowedByOffBody: true, matchesLocalInterruptionFilter: true
11-02 20:00:28.837926  2520  6840 D HOME    : [WatchStreamDB]couldItemAlert: false, isTopItemChanged: false, isDeferralForTopItem: false
11-02 20:00:28.838928  2520  6840 D HOME    : [NewStreamAdapter]Publishing revision #1282 to adapter clients
--------- switch to system
11-02 20:00:28.860644   618   618 I wificond: Pno scan started
--------- switch to kernel
11-02 20:00:28.864144     0     0 I CPU0    : update max cpu_capacity 748
11-02 20:00:28.886259     0     0 I CPU3    : update max cpu_capacity 1024
11-02 20:00:28.886336     0     0 I CPU2    : shutdown
11-02 20:00:28.888760     0     0 I init    : Command 'write /sys/devices/system/cpu/cpu2/online 0' action=ro.enable_core_ctl=true && sys.cw_corectl_mode=idle (/vendor/etc/init/hw/init.qcom.rc:951) took 123ms and succeeded
11-02 20:00:28.934156     0     0 I CPU0    : update max cpu_capacity 748
11-02 20:00:28.958776     0     0 I CPU3    : shutdown
11-02 20:00:28.964584     0     0 I init    : Command 'write /sys/devices/system/cpu/cpu3/online 0' action=ro.enable_core_ctl=true && sys.cw_corectl_mode=idle (/vendor/etc/init/hw/init.qcom.rc:952) took 75ms and succeeded
11-02 20:00:29.019398     0     0 I PM      : suspend entry 2021-11-02 19:00:29.019398791 UTC
11-02 20:00:29.019417     0     0 I PM      : Syncing filesystems ... done.
11-02 20:00:29.948858     0     0 I         : Freezing user space processes ... (elapsed 0.006 seconds) done.
11-02 20:00:29.955398     0     0 I         : Freezing remaining freezable tasks ... (elapsed 0.004 seconds) done.
11-02 20:00:29.959545     0     0 I         : Suspending console(s) (use no_console_suspend to debug)
11-02 20:00:29.971233     0     0 I mdss_dsi_panel_set_idle_mode: Idle (1->1)
11-02 20:00:30.013174     0     0 I bgcom   : bgcom_pm_suspend: suspended with : 0
11-02 20:00:30.040342     0     0 I PM      : suspend of devices complete after 78.573 msecs
11-02 20:00:30.045809     0     0 I PM      : late suspend of devices complete after 5.422 msecs
11-02 20:00:30.051649     0     0 I PM      : noirq suspend of devices complete after 5.815 msecs
11-02 20:00:30.051661     0     0 I         : Disabling non-boot CPUs ...
11-02 20:00:30.069027     0     0 W         : IRQ21 no longer affine to CPU1
11-02 20:00:30.070907     0     0 I CPU1    : shutdown
11-02 20:00:30.073247     0     0 I suspend ns: 1083520778369	suspend cycles:     213454227565
11-02 20:00:30.073221     0     0 I CPU0    : msm_cpu_pm_enter_sleep mode:3 during suspend
11-02 20:00:30.073221     0     0 I         : Suspended for 3.914 seconds
11-02 20:00:30.073221     0     0 I resume cycles: 213529382325
11-02 20:00:30.073669     0     0 I         : Enabling non-boot CPUs ...
11-02 20:00:30.074509     0     0 I CPU1    : update cpu_capacity 1024
11-02 20:00:30.075955     0     0 I         : CPU1 is up
11-02 20:00:30.077728     0     0 I CPU1    : update max cpu_capacity 748
11-02 20:00:30.079823     0     0 I PM      : noirq resume of devices complete after 3.526 msecs
11-02 20:00:30.084953     0     0 I PM      : early resume of devices complete after 3.712 msecs
11-02 20:00:30.115806     0     0 I bgcom   : bgcom_pm_resume: Bgcom resumed with : 0
11-02 20:00:30.126855     0     0 I mdss_dsi_panel_set_idle_mode: Idle (1->1)
11-02 20:00:30.162612     0     0 I PM      : resume of devices complete after 77.595 msecs
11-02 20:00:30.166872     0     0 I         : Restarting tasks ...
11-02 20:00:30.172473     0     0 W QSEECOM : qseecom_receive_req: Interrupted: exiting Listener Service = 8192
11-02 20:00:30.172573     0     0 W QSEECOM : qseecom_receive_req: Interrupted: exiting Listener Service = 12288
11-02 20:00:30.172618     0     0 W QSEECOM : qseecom_receive_req: Interrupted: exiting Listener Service = 11
11-02 20:00:30.172671     0     0 W QSEECOM : qseecom_receive_req: Interrupted: exiting Listener Service = 10
11-02 20:00:30.172711     0     0 W QSEECOM : qseecom_receive_req: Interrupted: exiting Listener Service = 28672
--------- switch to main
11-02 20:00:34.094897  1829  2088 W bt_sdp  : SDP - Rcvd conn cnf with error: 0x4  CID 0x55
11-02 20:00:34.095848  1829  2027 D BluetoothHeadsetClientServiceJni: connection_state_cb: state 0 peer_feat 0 chld_feat 0
11-02 20:00:34.096900  1829  2027 E bt_btif : btif_hf_client_get_cb_by_bda: could not find block for bdaddr
11-02 20:00:34.096987  1829  2027 E bt_btif : btif_hf_client_upstreams_evt: event 3 but not allocating block: cb not found
11-02 20:00:34.097083  1829  2027 I bt_btif_queue: queue_int_advance: removing connection request: address=14:3c:c3:ad:3d:53 UUID=111E busy=true
11-02 20:00:34.097509  1829  2096 D HeadsetClientStateMachine: Enter Disconnected: 100
--------- switch to kernel
11-02 20:00:30.180725     0     0 I         : done.
11-02 20:00:34.104349     0     0 I PM      : suspend exit 2021-11-02 19:00:34.104349309 UTC
--------- switch to main
11-02 20:00:34.109385  5603  5603 D BtTelecomReceiver: onReceive: Intent { act=android.bluetooth.headsetclient.profile.action.CONNECTION_STATE_CHANGED flg=0x10 cmp=com.google.android.apps.wearable.bluetooth/com.google.android.clockwork.hfp.BtTelecomBroadcastReceiver (has extras) }
11-02 20:00:34.109933  5603  5603 D BtTelecomReceiver: Hfp connection changed: -724754873 1 -> 0
11-02 20:00:34.113089  1829  1829 D AdapterProperties: PROFILE_CONNECTION_STATE_CHANGE: profile=16, device=14:3C:C3:AD:3D:53, 1 -> 0
11-02 20:00:34.114132  1829  1829 D AdapterProperties: ADAPTER_CONNECTION_STATE_CHANGE: 14:3C:C3:AD:3D:53: 1 -> 0
--------- switch to system
11-02 20:00:34.124325  1686  2583 W BroadcastQueue: Background execution not allowed: receiving Intent { act=android.bluetooth.adapter.action.CONNECTION_STATE_CHANGED flg=0x4000010 (has extras) } to com.google.android.gms/.chimera.GmsIntentOperationService$PersistentTrustedReceiver
--------- switch to main
11-02 20:00:34.126660  5603  5603 D HfpClientConnService: onCreate
11-02 20:00:34.130756  5603  5603 D HfpClientConnService: disabling HFP
11-02 20:00:34.131022  5603  5603 I HfpClientConnService: enable request:Enable Request - time:1635879634110 type:false reason:headset client disconnected
11-02 20:00:34.136272  5603  5603 I HfpClientConnService: account already disabled
--------- switch to kernel
11-02 20:00:34.484249     0     0 I PM      : suspend entry 2021-11-02 19:00:34.484249726 UTC
11-02 20:00:34.484272     0     0 I PM      : Syncing filesystems ... done.
11-02 20:00:34.609756     0     0 I         : Freezing user space processes ... (elapsed 0.007 seconds) done.
11-02 20:00:34.617077     0     0 I         : Freezing remaining freezable tasks ... (elapsed 0.003 seconds) done.
11-02 20:00:34.621037     0     0 I         : Suspending console(s) (use no_console_suspend to debug)
11-02 20:00:34.633147     0     0 I mdss_dsi_panel_set_idle_mode: Idle (1->1)
11-02 20:00:34.677358     0     0 I bgcom   : bgcom_pm_suspend: suspended with : 0
11-02 20:00:34.712721     0     0 I PM      : suspend of devices complete after 89.289 msecs
11-02 20:00:34.718287     0     0 I PM      : late suspend of devices complete after 5.526 msecs
11-02 20:00:34.724074     0     0 I PM      : noirq suspend of devices complete after 5.762 msecs
11-02 20:00:34.724087     0     0 I         : Disabling non-boot CPUs ...
11-02 20:00:34.745026     0     0 I CPU1    : shutdown
11-02 20:00:34.747049     0     0 I suspend ns: 1084280283787	suspend cycles:     213543964829
11-02 20:00:34.747028     0     0 I CPU0    : msm_cpu_pm_enter_sleep mode:3 during suspend
11-02 20:00:34.747028     0     0 I         : Suspended for 0.490 seconds
11-02 20:00:34.747028     0     0 I resume cycles: 213553388459
11-02 20:00:34.747568     0     0 I         : Enabling non-boot CPUs ...
11-02 20:00:34.748409     0     0 I CPU1    : update cpu_capacity 1024
11-02 20:00:34.749841     0     0 I         : CPU1 is up
11-02 20:00:34.751899     0     0 I CPU1    : update max cpu_capacity 748
11-02 20:00:34.753714     0     0 I PM      : noirq resume of devices complete after 3.556 msecs
11-02 20:00:34.759218     0     0 I PM      : early resume of devices complete after 4.039 msecs
11-02 20:00:34.789338     0     0 I bgcom   : bgcom_pm_resume: Bgcom resumed with : 0
11-02 20:00:34.799424     0     0 I mdss_dsi_panel_set_idle_mode: Idle (1->1)
11-02 20:00:34.836546     0     0 I PM      : resume of devices complete after 77.279 msecs
11-02 20:00:34.840761     0     0 I         : Restarting tasks ...
11-02 20:00:34.848234     0     0 W QSEECOM : qseecom_receive_req: Interrupted: exiting Listener Service = 8192
11-02 20:00:34.848330     0     0 W QSEECOM : qseecom_receive_req: Interrupted: exiting Listener Service = 12288
11-02 20:00:34.848380     0     0 W QSEECOM : qseecom_receive_req: Interrupted: exiting Listener Service = 11
11-02 20:00:34.848420     0     0 W QSEECOM : qseecom_receive_req: Interrupted: exiting Listener Service = 10
11-02 20:00:34.848459     0     0 W QSEECOM : qseecom_receive_req: Interrupted: exiting Listener Service = 28672
--------- switch to system
11-02 20:00:35.350309  1686  1686 I PowerManagerService: Waking up from dozing (uid=1000 reason=tiltToWake)...
--------- switch to kernel
11-02 20:00:34.857312     0     0 I         : done.
11-02 20:00:35.350272     0     0 I PM      : suspend exit 2021-11-02 19:00:35.350272746 UTC
--------- switch to system
11-02 20:00:35.359629  1686  1686 W UsageStatsService: Event reported without a package name
--------- switch to kernel
11-02 20:00:35.374208     0     0 E FG      : fg_psy_get_property: unsupported property 7
11-02 20:00:35.341112     0     0 W healthd : battery l=65 v=4000 t=30.0 h=2 st=3 c=6 fc=443000 cc=0 chg=
--------- switch to main
11-02 20:00:35.406498   512  1749 I sensors-hal: batch:140, android.sensor.light/46, period=100000000, max_latency=0
11-02 20:00:35.406583   512  1749 I sensors-hal: batch:149, android.sensor.light/46, period=100000000, max_latency=0 request completed
11-02 20:00:35.408617   512  1749 I sensors-hal: activate:107, android.sensor.light/46 en=1
11-02 20:00:35.408881   512  1749 I sensors-hal: ssc_enable_rt_task:254, ssc_enable_rt_task : true
11-02 20:00:35.420909   512  1749 I sensors-hal: activate:118, android.sensor.light/46 en=1 completed
11-02 20:00:35.422904  1686  1823 I SidekickService: endDisplayLocked()
11-02 20:00:35.423741   512  1749 I sensors-hal: batch:140, android.sensor.accelerometer/48, period=66667000, max_latency=100000000
11-02 20:00:35.423801   512  1749 I sensors-hal: batch:149, android.sensor.accelerometer/48, period=66667000, max_latency=100000000 request completed
--------- switch to system
11-02 20:00:35.423937  1686  1710 I DisplayManagerService: Display device changed state: "Écran intégré", ON
--------- switch to main
11-02 20:00:35.424103   512  1749 I sensors-hal: activate:107, android.sensor.accelerometer/48 en=1
11-02 20:00:35.424347   512  1749 I sensors-hal: ssc_enable_rt_task:254, ssc_enable_rt_task : true
11-02 20:00:35.427596   416  2389 D SKGHAL  : sendAmbientEvent: enter: enable = 0
11-02 20:00:35.428964   512  1749 I sensors-hal: activate:118, android.sensor.accelerometer/48 en=1 completed
11-02 20:00:35.452409  1686  1759 I InputReader: Reconfiguring input devices.  changes=0x00000004
11-02 20:00:35.458180  4243  4243 D OMService: onDisplayChanged: not dozing
--------- switch to kernel
11-02 20:00:35.427465     0     0 E bgrsb   : bgrsb_enable: rsb will set report rate
11-02 20:00:35.431859     0     0 E bgrsb   : bgrsb_enable: gpio 32 is valid
--------- switch to main
11-02 20:00:35.499481   504   523 I SDM     : DisplayBase::SetDisplayState: Set state = 3, display 0
11-02 20:00:35.499645   504   523 D SDM     : HWCDisplayPrimary::SetStandByMode: Display is connected successfully
11-02 20:00:35.500454   416  2389 D SKGHAL  : standBy_update_control call succeed on 0
11-02 20:00:35.500547   416  2389 D SKGHAL  : sendAmbientEvent: done: enable = 0
11-02 20:00:35.501022  1686  1823 D SidekickService:    ... endDisplay returns void
11-02 20:00:35.501615   545   545 D SurfaceFlinger: Set power mode=2, type=0 flinger=0xb6bb6000
11-02 20:00:35.502024   504   762 I SDM     : DisplayBase::SetDisplayState: Set state = 1, display 0
--------- switch to kernel
11-02 20:00:35.464589     0     0 I         : [touch]FB_BLANK_VSYNC_SUSPEND
11-02 20:00:35.464592     0     0 I         : [touch]Already in suspend state
--------- switch to main
11-02 20:00:35.503575   512  7084 I sensors-hal: handle_indication_realtime:355,  SCHED_FIFO(10) for qmi_cbk
11-02 20:00:35.510690   545   545 D SurfaceFlinger: Finished set power mode=2, type=0
--------- switch to system
11-02 20:00:35.513041  1686  1712 W PowerManagerService: Screen on took 284 ms
11-02 20:00:35.513349  1686  1712 I DreamManagerService: Gently waking up from dream.
11-02 20:00:35.513660  1686  1708 I DreamManagerService: Performing gentle wake from dream.
--------- switch to kernel
11-02 20:00:35.473939     0     0 I mdss_dsi_panel_set_idle_mode: Idle (1->0)
11-02 20:00:35.474616     0     0 E mdp3_enable_panic_ctrl: mdp3_enable_panic_ctrl: Enable Panic Control
11-02 20:00:35.474688     0     0 I         : [touch]FB_BLANK_UNBLANK
11-02 20:00:35.474692     0     0 I         : [touch]raydium_ts_do_resume, 1.
11-02 20:00:35.475001     0     0 I         : [ raydium ]workqueue is empty!
11-02 20:00:35.475012     0     0 I raydium_ts 5-0039: [touch]Already enable irq
11-02 20:00:35.475014     0     0 I         : [touch]Device may wakeup
--------- switch to system
11-02 20:00:35.514500  1686  1686 V DreamService[AmbientDream]: wakeUp(): fromSystem=true, mWaking=false, mFinished=false
11-02 20:00:35.514640  1686  1686 V DreamService[AmbientDream]: finish(): mFinished=false
11-02 20:00:35.514738  1686  1686 I DreamManagerService: Leaving dreamland.
11-02 20:00:35.515393  1686  1708 I DreamManagerService: Performing gentle wake from dream.
11-02 20:00:35.515530  1686  1708 I DreamController: Stopping dream: name=ComponentInfo{com.google.android.wearable.ambient/com.google.android.wearable.ambient.AmbientDream}, isTest=false, canDoze=true, userId=0
11-02 20:00:35.517331  1686  1686 V DreamService[AmbientDream]: detach(): Calling onDreamingStopped()
--------- switch to main
11-02 20:00:35.517436  1686  1686 I AmbientService: [ce6a28c] doOnDreamingStopped
11-02 20:00:35.517510  1686  1686 D WristGestureCtrl: Starting: GesturesEnabled-false UngazeEnabled-true
11-02 20:00:35.517563  1686  1686 D DefaultUngazeDetector: starting
11-02 20:00:35.517618  1686  1686 D DefaultUngazeDetector: startUngazeStateEstimation(). startTime = 11114947
11-02 20:00:35.517784  1686  1686 W AlarmManagerProxy: Removing unknown listener
11-02 20:00:35.519775   512  1749 I sensors-hal: batch:140, android.sensor.accelerometer/48, period=19231000, max_latency=100000000
11-02 20:00:35.521974   512  1749 I sensors-hal: batch:149, android.sensor.accelerometer/48, period=19231000, max_latency=100000000 request completed
11-02 20:00:35.524385  2520  2520 D HOME    : [HomeVisitsLogger]Logging streamlet event: visit_start
11-02 20:00:35.524652  2520  2520 D HOME    : [HomeVisitsLogger]Logging streamlet event: exit_ambient_mode
11-02 20:00:35.525006  2520  2520 D HOME    : [HotwordController]updateClient MODE_WATCH_FACE false false false true
11-02 20:00:35.525760  2520  2520 D HOME    : [WatchFaceUiController]setInAmbientMode false
11-02 20:00:35.525829  2520  2520 D HOME    : [WatchFaceUiController]sendWatchFaceServiceBinder
11-02 20:00:35.527213   512  1749 I sensors-hal: flush:169, android.sensor.accelerometer/48
11-02 20:00:35.530041  2520  2520 D HOME    : [WatchFaceUiController]sendStateToWallpaper
11-02 20:00:35.530691   512  1749 I sensors-hal: flush:175, android.sensor.accelerometer/48 completed
11-02 20:00:35.533557  2520  2520 D HOME    : [WatchFaceUiController]Showing watch face wallpaper.
11-02 20:00:35.533715  2520  2520 D HOME    : [WatchFaceUiController]sendStateToWallpaper
11-02 20:00:35.538633  1686  1686 I AmbientService: [ce6a28c] No auto-resume Activity.
11-02 20:00:35.547257  2520  2520 D HOME    : [StreamDBQueue]Promised revision #1283 to queue a new op
11-02 20:00:35.547460  2520  2520 D WatchStreamManager: Promised rank-blocked=true @ r#1283
--------- switch to system
11-02 20:00:35.547591  1686  1686 W ContextImpl: Calling a method in the system process without a qualified user: android.app.ContextImpl.sendBroadcast:1020 android.content.ContextWrapper.sendBroadcast:449 com.google.android.wearable.ambient.AmbientDream.onDestroy:273 android.app.ActivityThread.handleStopService:3698 android.app.ActivityThread.access$1700:200 
--------- switch to main
11-02 20:00:35.547793  2520  2520 D HOME    : [StreamDBQueue]Promised revision #1284 to queue a new op
11-02 20:00:35.547896  2520  2520 D WatchStreamManager: Promised rank-blocked=true @ r#1284
11-02 20:00:35.547945  1686  1686 E AlarmManager: cancel() called with a null PendingIntent
11-02 20:00:35.548273  2520  2520 D HOME    : [TilesController]Tile refresh optimization is enabled.
--------- switch to system
