11-02 20:43:47.323959  2520  2520 W ViewRootImpl[HomeActivity2]: Cancelling event due to no window focus: MotionEvent { action=ACTION_CANCEL, actionButton=0, id[0]=0, x[0]=100.0, y[0]=100.0, toolType[0]=TOOL_TYPE_FINGER, buttonState=0, metaState=0, flags=0x0, edgeFlags=0x0, pointerCount=1, historySize=0, eventTime=1278877, downTime=1253228, deviceId=1, source=0x1002 }
11-02 20:43:47.342068  1686  1710 I DisplayManagerService: Display device changed state: "Écran intégré", ON
--------- switch to main
11-02 20:43:47.346019   416   416 D SKGHAL  : sendAmbientEvent: enter: enable = 0
11-02 20:43:47.363608   512  7552 I sensors-hal: handle_indication_realtime:355,  SCHED_FIFO(10) for qmi_cbk
11-02 20:43:47.381877  1686  1759 I InputReader: Reconfiguring input devices.  changes=0x00000004
--------- switch to kernel
11-02 20:43:47.409288     0     0 I         : [touch]FB_BLANK_VSYNC_SUSPEND
11-02 20:43:47.409296     0     0 I         : [touch]Already in suspend state
--------- switch to main
11-02 20:43:47.387146   512   512 I sensors-hal: activate:118, android.sensor.accelerometer/48 en=1 completed
11-02 20:43:47.391745  4243  4243 D OMService: onDisplayChanged: not dozing
--------- switch to kernel
11-02 20:43:47.423402     0     0 I mdss_dsi_panel_set_idle_mode: Idle (1->0)
11-02 20:43:47.424623     0     0 E mdp3_enable_panic_ctrl: mdp3_enable_panic_ctrl: Enable Panic Control
11-02 20:43:47.424749     0     0 I         : [touch]FB_BLANK_UNBLANK
11-02 20:43:47.424756     0     0 I         : [touch]raydium_ts_do_resume, 1.
11-02 20:43:47.425264     0     0 I         : [ raydium ]workqueue is empty!
11-02 20:43:47.425775     0     0 I         : [touch] raydium_esd_check
11-02 20:43:47.425799     0     0 I raydium_ts 5-0039: [touch]Already enable irq
11-02 20:43:47.425803     0     0 I         : [touch]Device may wakeup
--------- switch to main
11-02 20:43:47.401819  1956  1956 D QtiCarrierConfigHelper: WARNING, no carrier configs on phone Id: 0
11-02 20:43:47.404502  2520  2520 D HOME    : [BatteryChange]action: android.intent.action.BATTERY_CHANGED
11-02 20:43:47.405399  2520  6840 D HOME    : [BatteryChange]HandleBatteryChangedTask
11-02 20:43:47.406923  2520  6840 D HOME    : [BatteryChange]level: 63, status: 3
11-02 20:43:47.418211  1686  1799 E WifiStateMachine: getWifiLinkLayerStats called without an interface
11-02 20:43:47.429064  3205  3434 W WorkController: Loading failed for worker [trainingcache]: worker not found
11-02 20:43:47.431839  3205  3294 W A       : TrainingCache cache DEVICE_UNLOCKED failure
11-02 20:43:47.431839  3205  3294 W A       : com.google.android.apps.gsa.search.core.service.h.a.a: No worker found for Worker ID [trainingcache].
11-02 20:43:47.431839  3205  3294 W A       : 	at com.google.android.apps.gsa.search.core.service.g.a.c.a(Unknown Source:5)
11-02 20:43:47.431839  3205  3294 W A       : 	at com.google.android.libraries.gsa.c.a.d.a(Unknown Source:3)
11-02 20:43:47.431839  3205  3294 W A       : 	at com.google.common.p.a.cg.c(Unknown Source:2)
11-02 20:43:47.431839  3205  3294 W A       : 	at com.google.common.p.a.bk.run(SourceFile:3)
11-02 20:43:47.431839  3205  3294 W A       : 	at com.google.common.p.a.ci.run(Unknown Source:4)
11-02 20:43:47.431839  3205  3294 W A       : 	at com.google.apps.tiktok.concurrent.ab.run(SourceFile:1)
11-02 20:43:47.431839  3205  3294 W A       : 	at java.util.concurrent.ThreadPoolExecutor.runWorker(ThreadPoolExecutor.java:1167)
11-02 20:43:47.431839  3205  3294 W A       : 	at java.util.concurrent.ThreadPoolExecutor$Worker.run(ThreadPoolExecutor.java:641)
11-02 20:43:47.431839  3205  3294 W A       : 	at com.google.apps.tiktok.concurrent.c.run(Unknown Source:4)
11-02 20:43:47.431839  3205  3294 W A       : 	at java.lang.Thread.run(Thread.java:764)
--------- switch to system
11-02 20:43:47.432533  1686  1702 W BroadcastQueue: Background execution not allowed: receiving Intent { act=android.intent.action.USER_PRESENT flg=0x10 } to com.google.android.gms/.auth.setup.devicesignals.LockScreenReceiver
11-02 20:43:47.439346  1686  1702 W BroadcastQueue: Background execution not allowed: receiving Intent { act=android.intent.action.USER_PRESENT flg=0x10 } to com.google.android.gms/.chimera.GmsIntentOperationService$PersistentTrustedReceiver
--------- switch to main
11-02 20:43:47.452144   504   523 I SDM     : DisplayBase::SetDisplayState: Set state = 3, display 0
11-02 20:43:47.452508   504   523 D SDM     : HWCDisplayPrimary::SetStandByMode: Display is connected successfully
11-02 20:43:47.452905   416   416 D SKGHAL  : standBy_update_control call succeed on 0
11-02 20:43:47.452974   416   416 D SKGHAL  : sendAmbientEvent: done: enable = 0
11-02 20:43:47.457146  1686  1823 D SidekickService:    ... endDisplay returns void
11-02 20:43:47.458428   545   545 D SurfaceFlinger: Set power mode=2, type=0 flinger=0xb6bb6000
11-02 20:43:47.459100   504   762 I SDM     : DisplayBase::SetDisplayState: Set state = 1, display 0
11-02 20:43:47.470107   545   545 D SurfaceFlinger: Finished set power mode=2, type=0
--------- switch to system
11-02 20:43:47.478893  1686  1712 W PowerManagerService: Screen on took 336 ms
11-02 20:43:47.479263  1686  1712 I DreamManagerService: Gently waking up from dream.
11-02 20:43:47.479816  1686  1708 I DreamManagerService: Performing gentle wake from dream.
--------- switch to main
11-02 20:43:47.501459   512  7554 I sensors-hal: handle_indication_realtime:355,  SCHED_FIFO(10) for qmi_cbk
--------- switch to system
11-02 20:43:47.524613  1686  1686 V DreamService[AmbientDream]: wakeUp(): fromSystem=true, mWaking=false, mFinished=false
11-02 20:43:47.524857  1686  1686 V DreamService[AmbientDream]: finish(): mFinished=false
11-02 20:43:47.524987  1686  1686 I DreamManagerService: Leaving dreamland.
11-02 20:43:47.527406  1686  1708 I DreamManagerService: Performing gentle wake from dream.
11-02 20:43:47.527677  1686  1708 I DreamController: Stopping dream: name=ComponentInfo{com.google.android.wearable.ambient/com.google.android.wearable.ambient.AmbientDream}, isTest=false, canDoze=true, userId=0
11-02 20:43:47.540329  1686  1686 V DreamService[AmbientDream]: detach(): Calling onDreamingStopped()
--------- switch to main
11-02 20:43:47.540621  1686  1686 I AmbientService: [ce6a28c] doOnDreamingStopped
11-02 20:43:47.540743  1686  1686 D WristGestureCtrl: Starting: GesturesEnabled-false UngazeEnabled-true
11-02 20:43:47.540823  1686  1686 D DefaultUngazeDetector: starting
11-02 20:43:47.540906  1686  1686 D DefaultUngazeDetector: startUngazeStateEstimation(). startTime = 13706970
11-02 20:43:47.547193   512   512 I sensors-hal: batch:140, android.sensor.accelerometer/48, period=19231000, max_latency=100000000
11-02 20:43:47.548245  1686  1686 W AlarmManagerProxy: Removing unknown listener
11-02 20:43:47.552391   512   512 I sensors-hal: batch:149, android.sensor.accelerometer/48, period=19231000, max_latency=100000000 request completed
11-02 20:43:47.553839   512   512 I sensors-hal: flush:169, android.sensor.accelerometer/48
11-02 20:43:47.558205  2520  2520 D HOME    : [HomeVisitsLogger]Logging streamlet event: visit_start
11-02 20:43:47.558549  2520  2520 D HOME    : [HomeVisitsLogger]Logging streamlet event: exit_ambient_mode
11-02 20:43:47.559150  2520  2520 D HOME    : [HotwordController]updateClient MODE_WATCH_FACE false false false true
11-02 20:43:47.560745  2520  2520 D HOME    : [WatchFaceUiController]setInAmbientMode false
11-02 20:43:47.560890  2520  2520 D HOME    : [WatchFaceUiController]sendWatchFaceServiceBinder
--------- switch to kernel
11-02 20:43:47.602478     0     0 I init    : processing action (ro.enable_core_ctl=true && sys.cw_corectl_mode=perf) from (/vendor/etc/init/hw/init.qcom.rc:954)
--------- switch to main
11-02 20:43:47.567049   512   512 I sensors-hal: flush:175, android.sensor.accelerometer/48 completed
11-02 20:43:47.568919  2520  2520 D HOME    : [WatchFaceUiController]sendStateToWallpaper
11-02 20:43:47.574542  2520  2520 D HOME    : [WatchFaceUiController]Showing watch face wallpaper.
11-02 20:43:47.574848  2520  2520 D HOME    : [WatchFaceUiController]sendStateToWallpaper
11-02 20:43:47.612715  2520  2520 D HOME    : [StreamDBQueue]Promised revision #1682 to queue a new op
11-02 20:43:47.613061  2520  2520 D WatchStreamManager: Promised rank-blocked=true @ r#1682
11-02 20:43:47.613573  2520  2520 D HOME    : [StreamDBQueue]Promised revision #1683 to queue a new op
11-02 20:43:47.613722  2520  2520 D WatchStreamManager: Promised rank-blocked=true @ r#1683
11-02 20:43:47.614220  2520  2520 D HOME    : [TilesController]Tile refresh optimization is enabled.
11-02 20:43:47.615222  2520  2520 D HOME    : [EventBus]Wrapper pool is full. Discarding excess wrapper instance for event com.google.android.clockwork.sysui.events.KeyguardStateEvent
11-02 20:43:47.615342  2520  2520 D HOME    : [WatchFaceUiController]sendStateToWallpaper
11-02 20:43:47.617213  2520  6932 D HOME    : [DataRequester]cancelScheduledUpdates TileConfig{id=-1, provider=ComponentInfo{com.google.android.wearable.app/com.google.android.clockwork.home.jovi.tile.JoviTileProviderService}}
11-02 20:43:47.617893  2520  6840 D HOME    : [WatchStreamDB]Item alerting conditions - isInterruptive: true, recentlyInterrupted: false, isItemPinned: true, isUnread: false
11-02 20:43:47.618191  2520  6840 D HOME    : [StreamAlertingRegulator]isTheaterModeEnabled: false, isAlertingAllowedByOffBody: true, matchesLocalInterruptionFilter: true
11-02 20:43:47.618435  2520  6840 D HOME    : [WatchStreamDB]couldItemAlert: false, isTopItemChanged: false, isDeferralForTopItem: false
11-02 20:43:47.621662  2520  2520 D HOME    : [EventBus]Wrapper pool is full. Discarding excess wrapper instance for event com.google.android.clockwork.sysui.events.KeyguardStateEvent
--------- switch to kernel
11-02 20:43:47.603854     0     0 I CPU2    : update cpu_capacity 1024
--------- switch to main
11-02 20:43:47.621962  2520  2520 D HOME    : [EventBus]Wrapper pool is full. Discarding excess wrapper instance for event com.google.android.clockwork.sysui.events.KeyguardStateEvent
11-02 20:43:47.625345  2520  6840 D HOME    : [WatchStreamDB]Item alerting conditions - isInterruptive: true, recentlyInterrupted: false, isItemPinned: true, isUnread: false
11-02 20:43:47.626129  2520  6840 D HOME    : [StreamAlertingRegulator]isTheaterModeEnabled: false, isAlertingAllowedByOffBody: true, matchesLocalInterruptionFilter: true
11-02 20:43:47.626604  2520  2520 D HOME    : [WatchFaceUiController]sendStateToWallpaper
11-02 20:43:47.627300  2520  6840 D HOME    : [WatchStreamDB]couldItemAlert: false, isTopItemChanged: false, isDeferralForTopItem: false
11-02 20:43:47.629116  1686  1686 I AmbientService: [ce6a28c] No auto-resume Activity.
11-02 20:43:47.630363  2520  2520 W StaticLayout: maxLineHeight should not be -1.  maxLines:1 lineCount:1
--------- switch to system
11-02 20:43:47.630794  1686  1686 W ContextImpl: Calling a method in the system process without a qualified user: android.app.ContextImpl.sendBroadcast:1020 android.content.ContextWrapper.sendBroadcast:449 com.google.android.wearable.ambient.AmbientDream.onDestroy:273 android.app.ActivityThread.handleStopService:3698 android.app.ActivityThread.access$1700:200 
--------- switch to main
11-02 20:43:47.631470  1686  1686 E AlarmManager: cancel() called with a null PendingIntent
--------- switch to system
11-02 20:43:47.631840  1686  1686 V DreamService[AmbientDream]: onDestroy()
--------- switch to main
11-02 20:43:47.641103  1686  1686 W AlarmManager: Unrecognized alarm listener com.android.server.job.controllers.-$$Lambda$IdleController$IdlenessTracker$nTdS-lGBXcES5VWKcJFmQFgU7IU@1ab437a
11-02 20:43:47.642408  1686  1686 I WearPower: [WearTouchMediator] changing touch input to enabled (ON_AUTO)
11-02 20:43:47.643371  1686  1759 I InputReader: Reconfiguring input devices.  changes=0x00000200
11-02 20:43:47.655275  1686  1686 W AlarmManagerProxy: Removing unknown listener
11-02 20:43:47.657043  2520  6932 D HOME    : [DataRequester]requestUpdateFromProvider TileConfig{id=-1, provider=ComponentInfo{com.google.android.wearable.app/com.google.android.clockwork.home.jovi.tile.JoviTileProviderService}}
11-02 20:43:47.657022  1686  1686 W DefaultSettingsContentR: Value for ambient_low_bit_enabled not stored as number. Attempting parse as boolean.
11-02 20:43:47.690998  3205  3434 W WorkController: Loading failed for worker [trainingcache]: worker not found
11-02 20:43:47.692330  3205  3372 W A       : TrainingCache cache SCREEN_ON failure
11-02 20:43:47.692330  3205  3372 W A       : com.google.android.apps.gsa.search.core.service.h.a.a: No worker found for Worker ID [trainingcache].
11-02 20:43:47.692330  3205  3372 W A       : 	at com.google.android.apps.gsa.search.core.service.g.a.c.a(Unknown Source:5)
11-02 20:43:47.692330  3205  3372 W A       : 	at com.google.android.libraries.gsa.c.a.d.a(Unknown Source:3)
11-02 20:43:47.692330  3205  3372 W A       : 	at com.google.common.p.a.cg.c(Unknown Source:2)
11-02 20:43:47.692330  3205  3372 W A       : 	at com.google.common.p.a.bk.run(SourceFile:3)
11-02 20:43:47.692330  3205  3372 W A       : 	at com.google.common.p.a.ci.run(Unknown Source:4)
11-02 20:43:47.692330  3205  3372 W A       : 	at com.google.apps.tiktok.concurrent.ab.run(SourceFile:1)
11-02 20:43:47.692330  3205  3372 W A       : 	at java.util.concurrent.ThreadPoolExecutor.runWorker(ThreadPoolExecutor.java:1167)
11-02 20:43:47.692330  3205  3372 W A       : 	at java.util.concurrent.ThreadPoolExecutor$Worker.run(ThreadPoolExecutor.java:641)
11-02 20:43:47.692330  3205  3372 W A       : 	at com.google.apps.tiktok.concurrent.c.run(Unknown Source:4)
11-02 20:43:47.692330  3205  3372 W A       : 	at java.lang.Thread.run(Thread.java:764)
--------- switch to kernel
11-02 20:43:47.638737     0     0 I CPU3    : update cpu_capacity 1024
11-02 20:43:47.654462     0     0 I CPU0    : update max cpu_capacity 748
--------- switch to main
11-02 20:43:47.712230  2520  4718 W OpenGLRenderer: Incorrectly called buildLayer on View: HardwareButtonHintOverlayView, destroying layer...
--------- switch to kernel
11-02 20:43:47.672953     0     0 I CPU1    : update max cpu_capacity 748
11-02 20:43:47.673278     0     0 I CPU2    : update max cpu_capacity 1024
--------- switch to main
11-02 20:43:47.742723  2520  2520 D HOME    : [StreamDBQueue]Promised revision #1684 to queue a new op
11-02 20:43:47.743193  2520  2520 D WatchStreamManager: Promised rank-blocked=true @ r#1684
11-02 20:43:47.748284  2520  2520 D HOME    : [JoviUpdater]background update started
11-02 20:43:47.749733  2520  2520 D HOME    : [WatchFaceUiController]sendWatchFaceServiceBinder
11-02 20:43:47.756572  2520  6932 D HOME    : [CwCal]CalendarEventsResolver:queryCalendarEventInstances:window=EventWindow{Tue Nov 02 00:00:00 GMT+01:00 2021,Wed Nov 03 23:59:59 GMT+01:00 2021}
11-02 20:43:47.758547  2520  2520 D HOME    : [WatchFaceUiController]sendProperties
11-02 20:43:47.760311  2520  2520 D HOME    : [WatchFaceUiController]sendStateToWallpaper
11-02 20:43:47.762467  2520  2520 D HOME    : [LocationOracleImpl]Fetching last known location.
11-02 20:43:47.763658  2520  2520 D HOME    : [AccountOracleImpl]Fetching account of type: com.google
11-02 20:43:47.772566  2520  7212 D HOME    : [WatchStreamDB]Item alerting conditions - isInterruptive: true, recentlyInterrupted: false, isItemPinned: true, isUnread: false
11-02 20:43:47.787541  2520  2520 W GmsAccountProvider: No accounts found.
11-02 20:43:47.787706  2520  2520 E HOME    : [OAuthOracleImpl]Account not found.
11-02 20:43:47.789351  2520  4738 E HOME    : [GetCardsRpc]One or more asynchronous tasks failed.
11-02 20:43:47.789351  2520  4738 E HOME    : android.accounts.AccountsException: Account not found.
11-02 20:43:47.789351  2520  4738 E HOME    : 	at djj.a(AW782433232:2)
11-02 20:43:47.789351  2520  4738 E HOME    : 	at dxa.d(AW782433232:6)
11-02 20:43:47.789351  2520  4738 E HOME    : 	at dwx.a(Unknown Source:3)
11-02 20:43:47.789351  2520  4738 E HOME    : 	at ltg.c(Unknown Source:2)
11-02 20:43:47.789351  2520  4738 E HOME    : 	at lsr.run(AW782433232:3)
11-02 20:43:47.789351  2520  4738 E HOME    : 	at lti.run(Unknown Source:4)
11-02 20:43:47.789351  2520  4738 E HOME    : 	at android.os.Handler.handleCallback(Handler.java:873)
11-02 20:43:47.789351  2520  4738 E HOME    : 	at android.os.Handler.dispatchMessage(Handler.java:99)
11-02 20:43:47.789351  2520  4738 E HOME    : 	at android.os.Looper.loop(Looper.java:193)
11-02 20:43:47.789351  2520  4738 E HOME    : 	at android.app.ActivityThread.main(ActivityThread.java:6680)
11-02 20:43:47.789351  2520  4738 E HOME    : 	at java.lang.reflect.Method.invoke(Native Method)
11-02 20:43:47.789351  2520  4738 E HOME    : 	at com.android.internal.os.RuntimeInit$MethodAndArgsCaller.run(RuntimeInit.java:493)
11-02 20:43:47.789351  2520  4738 E HOME    : 	at com.android.internal.os.ZygoteInit.main(ZygoteInit.java:858)
11-02 20:43:47.794707  2520  7212 D HOME    : [StreamAlertingRegulator]isTheaterModeEnabled: false, isAlertingAllowedByOffBody: true, matchesLocalInterruptionFilter: true
11-02 20:43:47.796130  2520  4738 D HOME    : [AccountOracleImpl]Fetching account of type: com.google
11-02 20:43:47.815654  2520  7212 D HOME    : [WatchStreamDB]couldItemAlert: false, isTopItemChanged: false, isDeferralForTopItem: false
11-02 20:43:47.818898   512  1749 I sensors-hal: activate:107, android.sensor.light/46 en=0
11-02 20:43:47.819956   512  1749 I sensors-hal: activate:118, android.sensor.light/46 en=0 completed
11-02 20:43:47.825279  2520  4738 W GmsAccountProvider: No accounts found.
11-02 20:43:47.825427  2520  4738 D HOME    : [LocPermissionChecker]No account present for location permissions.
11-02 20:43:47.830516   512  1749 I sensors-hal: batch:140, android.sensor.light/46, period=250000000, max_latency=0
11-02 20:43:47.830607   512  1749 I sensors-hal: batch:149, android.sensor.light/46, period=250000000, max_latency=0 request completed
11-02 20:43:47.833382   512  1749 I sensors-hal: activate:107, android.sensor.light/46 en=1
11-02 20:43:47.835192   512  1749 I sensors-hal: ssc_enable_rt_task:254, ssc_enable_rt_task : true
11-02 20:43:47.838934   512  1749 I sensors-hal: activate:118, android.sensor.light/46 en=1 completed
11-02 20:43:47.842347  2520  4738 W HOME    : [UpdateController]Data update failed
11-02 20:43:47.842347  2520  4738 W HOME    : djr: Some cache updates failed
11-02 20:43:47.842347  2520  4738 W HOME    : 	at dkh.b(Unknown Source:27)
11-02 20:43:47.842347  2520  4738 W HOME    : 	at mhz.bd(AW782433232:2)
11-02 20:43:47.842347  2520  4738 W HOME    : 	at lqz.f(Unknown Source:2)
11-02 20:43:47.842347  2520  4738 W HOME    : 	at lrb.run(AW782433232:9)
11-02 20:43:47.842347  2520  4738 W HOME    : 	at java.util.concurrent.ThreadPoolExecutor.runWorker(ThreadPoolExecutor.java:1167)
11-02 20:43:47.842347  2520  4738 W HOME    : 	at java.util.concurrent.ThreadPoolExecutor$Worker.run(ThreadPoolExecutor.java:641)
11-02 20:43:47.842347  2520  4738 W HOME    : 	at java.lang.Thread.run(Thread.java:764)
11-02 20:43:47.853421  2520  2520 D HOME    : [AccountOracleImpl]Fetching account of type: com.google
--------- switch to system
11-02 20:43:47.853547  1686  1686 V SettingsProvider: Notifying for 0: content://settings/system/screen_brightness
--------- switch to main
11-02 20:43:47.860204  1686  1686 I SidekickService: loadBrightnessLocked()
11-02 20:43:47.860872  1686  1686 D SidekickService: screenBrightness  = 50
11-02 20:43:47.861429  1686  1686 D SidekickService: sendConfigValuesLocked(): alsThresholds = [40, 92, 95, 100, 125, 150, 175, 200, 225, 250, 300, 400, 500, 800, 1200], brightnessValuesBright = [50, 56, 60, 70, 80, 90, 100, 115, 120, 140, 160, 180, 200, 220, 240, 255], brightnessValuesDim= [50, 56, 60, 70, 80, 90, 100, 115, 120, 140, 160, 180, 200, 220, 240, 255]
11-02 20:43:47.871388  1686  1686 D SidekickService: setAlsMode(): mode = 2, brightenAlpha = 80, dimmingAlpha = 80
11-02 20:43:47.877755  2520  2520 W GmsAccountProvider: No accounts found.
11-02 20:43:47.880386  2520  2520 D HOME    : [StreamBackendInit]NotificationService onNotificationPosted StatusBarNotification(pkg=android user=UserHandle{0} id=0 tag=com.android.server.wm.AlertWindowNotification - com.google.android.wearable.app key=0|android|0|com.android.server.wm.AlertWindowNotification - com.google.android.wearable.app|1000: Notification(channel=com.android.server.wm.AlertWindowNotification - com.google.android.wearable.app pri=0 contentView=null vibrate=null sound=null defaults=0x0 flags=0x102 color=0xff607d8b vis=PRIVATE))
11-02 20:43:47.881604  2520  2716 D CollectorHandler: handleMessage, event: ON_NOTIFICATION_POSTED_WITH_RANKING
11-02 20:43:47.884649  1686  1686 D SidekickService: setTwmConfig():: msTiltToBright = 10000, tiltToBright = false
11-02 20:43:47.889703  2520  2520 D HOME    : [SurfaceRenderer]maybeRender: hasWindowFocus = true, hasViewFocus = false, hasModelToRender = true, shouldRender = true
11-02 20:43:47.890208  2520  2520 D HOME    : [SurfaceRenderer]cardLifecycleParent: onStart
11-02 20:43:47.890454  2520  2520 D HOME    : [SurfaceRenderer]cardLifecycleParent: onResume
11-02 20:43:47.891987  2520  2716 D HOME    : [StreamDBQueue]Promised revision #1685 to queue a new op
11-02 20:43:47.892696  2520  2716 D HOME    : [WatchStreamManager]Promised set @ r#1685 for (android,tag=com.android.server.wm.AlertWindowNotification - com.google.android.wearable.app,id=0,notifKey=0|android|0|com.android.server.wm.AlertWindowNotification - com.google.android.wearable.app|1000)
11-02 20:43:47.893884  2520  7508 D StreamDatabase:   filtering notification, reason=HOME_OVER_OTHER_APPS_NOTIFICATION, itemId=StreamItemIdAndRevision{notifKey=0|android|0|com.android.server.wm.AlertWindowNotification - com.google.android.wearable.app|1000, packageName=android, tag=com.android.server.wm.AlertWindowNotification - com.google.android.wearable.app, id=0, revision=1685, originalRevision=1685, updateCount=0}
11-02 20:43:47.894715  2520  7508 D HOME    : [WatchStreamDB]Item alerting conditions - isInterruptive: true, recentlyInterrupted: false, isItemPinned: true, isUnread: false
11-02 20:43:47.895121  2520  7508 D HOME    : [StreamAlertingRegulator]isTheaterModeEnabled: false, isAlertingAllowedByOffBody: true, matchesLocalInterruptionFilter: true
11-02 20:43:47.895416  2520  7508 D HOME    : [WatchStreamDB]couldItemAlert: false, isTopItemChanged: false, isDeferralForTopItem: false
11-02 20:43:47.896608  2520  2520 D HOME    : [JoviUpdater]background update succeeded
11-02 20:43:47.901838   512  7562 I sensors-hal: handle_indication_realtime:355,  SCHED_FIFO(10) for qmi_cbk
11-02 20:43:47.902359  2520  6932 D HOME    : [DataRequester]cancelScheduledUpdates TileConfig{id=-1, provider=ComponentInfo{com.google.android.wearable.app/com.google.android.clockwork.home.jovi.tile.JoviTileProviderService}}
11-02 20:43:47.902841  2520  6932 D HOME    : [DataRequester]cancelScheduledUpdates could not find jobId for provider -1
11-02 20:43:47.903306  2520  6932 D HOME    : [DataRequester]updateFinished -1
11-02 20:43:47.903527  2520  6932 D HOME    : [ProviderConnMgr]Unbinding from service
11-02 20:43:47.907108  2520  6932 D HOME    : [DataRequester]Scheduling job for TileConfig{id=-1, provider=ComponentInfo{com.google.android.wearable.app/com.google.android.clockwork.home.jovi.tile.JoviTileProviderService}} delay=14400 jobId=2000058
11-02 20:43:47.907388  2520  7508 D HOME    : [StreamAdapter]onStreamChange StreamChangeEvent[modified=1, removed=0, modifiedTop=0, removedTop=0, reorder=false, possibleAlertingItem=none]
11-02 20:43:47.908663  2520  7508 D HOME    : [StreamAdapter]onStreamChange StreamChangeEvent[modified=1, removed=0, modifiedTop=0, removedTop=0, reorder=false, possibleAlertingItem=none]
11-02 20:43:47.922612  2520  2520 D HOME    : [TopNotificationReceiver]Sending request to TopNotificationProviderService for complication update
11-02 20:43:47.923635  1686  2896 I GnssLocationProvider: WakeLock acquired by sendMessage(SET_REQUEST, 0, com.android.server.location.GnssLocationProvider$GpsRequest@f0e1c41)
11-02 20:43:47.926208  2520  7508 D HOME    : [NewStreamAdapter]Publishing revision #1685 to adapter clients
11-02 20:43:47.927441  2520  2520 D HOME    : [StreamAdapter]setStreamItems, size 2
11-02 20:43:47.928127   501   501 I LocSvc_GnssInterface: ===> setPositionMode line 269 
11-02 20:43:47.928554  2520  2520 D HOME    : [StreamAdapter]setStreamItems, size 1
11-02 20:43:47.929050   501   501 I LocSvc_GnssInterface: ===> start line 208 
11-02 20:43:47.929223   501   501 I LocSvc_APIClientBase: locAPIStartTracking:342] start new session: 28
11-02 20:43:47.930085   501  1894 I LocSvc_api_v02: ---> locClientSendReq line 2298 QMI_LOC_REG_EVENTS_REQ_V02
11-02 20:43:47.930444  1686  1701 I GnssLocationProvider: WakeLock released by handleMessage(SET_REQUEST, 0, com.android.server.location.GnssLocationProvider$GpsRequest@f0e1c41)
11-02 20:43:47.933964   501  1894 I LocSvc_api_v02: ---> locClientSendReq line 2298 QMI_LOC_SET_OPERATION_MODE_REQ_V02
11-02 20:43:47.936616  2520  2541 I id.wearable.ap: Background concurrent copying GC freed 62088(2MB) AllocSpace objects, 0(0B) LOS objects, 24% free, 7MB/10MB, paused 6.999ms total 275.917ms
11-02 20:43:47.939194   501  1904 I LocSvc_ApiV02: <--- globalRespCb line 178 QMI_LOC_SET_OPERATION_MODE_REQ_V02
11-02 20:43:47.939380   501  1894 I LocSvc_api_v02: ---> locClientSendReq line 2298 QMI_LOC_START_REQ_V02
11-02 20:43:47.939655  2520  7508 D HOME    : [ComplicationController]scheduleImmediateUpdateForAllFromProvider ComponentInfo{com.google.android.wearable.app/com.google.android.clockwork.wcs.notification.complication.TopNotificationProviderService}
11-02 20:43:48.236426  2520  2716 D CollectorHandler: handleMessage, event: DISABLE_EFFECTS
11-02 20:43:48.241277  2520  2716 I chatty  : uid=10049(com.google.android.wearable.app) StreamLooper identical 1 line
11-02 20:43:48.248052  2520  2716 D CollectorHandler: handleMessage, event: DISABLE_EFFECTS
11-02 20:43:48.337718   512   512 I sensors-hal: batch:140, android.sensor.accelerometer/48, period=66667000, max_latency=100000000
11-02 20:43:48.339401   512   512 I sensors-hal: batch:149, android.sensor.accelerometer/48, period=66667000, max_latency=100000000 request completed
11-02 20:43:48.340639  1686  1686 D DefaultUngazeDetector: Ungaze event occurred; emitting gesture event!
11-02 20:43:48.340775  1686  1686 D WristGestureCtrl: Gesture:GESTURE UNGAZE, timestamp(ms): 13706970, confidence: 0.0, latency(ms): 0, duration(ms): 800
11-02 20:43:48.342186   512   512 I sensors-hal: batch:140, android.sensor.accelerometer/48, period=19231000, max_latency=100000000
11-02 20:43:48.344197   512   512 I sensors-hal: batch:149, android.sensor.accelerometer/48, period=19231000, max_latency=100000000 request completed
11-02 20:43:48.345071   512   512 I sensors-hal: flush:169, android.sensor.accelerometer/48
11-02 20:43:48.346267   512   512 I sensors-hal: flush:175, android.sensor.accelerometer/48 completed
--------- switch to system
11-02 20:43:48.346486  1686  1686 I WindowManager: sleepRelease() calling goToSleep(GO_TO_SLEEP_REASON_SLEEP_BUTTON)
11-02 20:43:48.346694  1686  1686 I PowerManagerService: Going to sleep due to sleep button (uid 1000)...
11-02 20:43:48.347661  1686  1686 W UsageStatsService: Event reported without a package name
11-02 20:43:48.347774  1686  1712 I DreamManagerService: Entering dreamland.
11-02 20:43:48.348600  1686  1712 I PowerManagerService: Dozing...
11-02 20:43:48.360212  1686  1708 I DreamController: Starting dream: name=ComponentInfo{com.google.android.wearable.ambient/com.google.android.wearable.ambient.AmbientDream}, isTest=false, canDoze=true, userId=0
11-02 20:43:48.376567  1686  1686 W ContextImpl: Calling a method in the system process without a qualified user: android.app.ContextImpl.bindService:1611 android.content.ContextWrapper.bindService:698 com.google.android.wearable.ambient.AmbientDream.onCreate:191 android.app.ActivityThread.handleCreateService:3533 android.app.ActivityThread.access$1300:200 
11-02 20:43:48.379376  1686  1686 W ContextImpl: Calling a method in the system process without a qualified user: android.app.ContextImpl.sendBroadcast:1005 android.content.ContextWrapper.sendBroadcast:444 com.google.android.wearable.ambient.AmbientDream.onCreate:241 android.app.ActivityThread.handleCreateService:3533 android.app.ActivityThread.access$1300:200 
11-02 20:43:48.380277  1686  1686 V DreamService[AmbientDream]: onBind() intent = Intent { act=android.service.dreams.DreamService flg=0x800000 cmp=com.google.android.wearable.ambient/.AmbientDream }
--------- switch to main
11-02 20:43:48.381253  1686  1686 I AmbientService: [ce6a28c] Ambient Created
--------- switch to system
11-02 20:43:48.383515  1686  1686 V DreamService[AmbientDream]: Calling onDreamingStarted()
--------- switch to main
11-02 20:43:48.383788  1686  1686 I AmbientService: [ce6a28c] doOnDreamingStarted
11-02 20:43:48.384255  1686  1686 D SidekickService: setShouldControlDisplay called: true
11-02 20:43:48.385355  1686  1686 I AmbientService: [ce6a28c] Selected running activity for ambient mode: AmbientActivity[component=ComponentInfo{com.google.android.wearable.app/com.google.android.clockwork.home2.activity.HomeActivity2}, callbacks=@210b385, running=true, ambientRequested=true, ambientEnabled=true, offloadEnabled=true]
11-02 20:43:48.386064  1686  1686 I AmbientService: [ce6a28c] Sidekick is ready to display, requesting doze.
11-02 20:43:48.386762  1686  1686 I AmbientService: [ce6a28c] No auto-resume Activity.
11-02 20:43:48.389058  1686  1686 W DefaultSettingsContentR: Value for ambient_low_bit_enabled not stored as number. Attempting parse as boolean.
11-02 20:43:48.390902  2520  2520 D HOME    : [HomeVisitsLogger]Logging streamlet event: enter_ambient_mode
11-02 20:43:48.391725  2520  2520 D HOME    : [HotwordController]updateClient MODE_WATCH_FACE false true false true
11-02 20:43:48.392594  2520  6932 D HOME    : [HomeVisitsLogger]Logging streamlet event: visit_end
11-02 20:43:48.392943  2520  2520 D HOME    : [WatchFaceUiController]setInAmbientMode true
11-02 20:43:48.394229  1686  1686 I AmbientService: [ce6a28c] Showing watch face in offload mode, canceling alarm.
11-02 20:43:48.394357  1686  1686 W AlarmManagerProxy: Removing unknown listener
11-02 20:43:48.394498  1686  1686 D WristGestureCtrl: Stopping detectors: GesturesEnabled-false gestureDetector-false ungazeEnabled-true ungaze-true
11-02 20:43:48.394553  1686  1686 D DefaultUngazeDetector: stopping
11-02 20:43:48.396724  2520  2520 D HOME    : [StreamDBQueue]Promised revision #1686 to queue a new op
11-02 20:43:48.396990  2520  2520 D WatchStreamManager: Promised rank-blocked=false @ r#1686
11-02 20:43:48.397103  2520  6932 I SidekickManager: replaceWatchFaceComponentsImpl(): watchFace = com.google.android.clockwork.decomposablewatchface.WatchFaceDecomposition@9a71083
11-02 20:43:48.397660  2520  2520 D HOME    : [StreamDBQueue]Promised revision #1687 to queue a new op
11-02 20:43:48.397806  2520  2520 D WatchStreamManager: Promised rank-blocked=false @ r#1687
11-02 20:43:48.398002  1686  2583 D SidekickService: sendWatchFaceComponents called: watchFace = com.google.android.clockwork.decomposablewatchface.WatchFaceDecomposition@828ceb3shouldReplace = false
11-02 20:43:48.398230  1686  2583 D SidekickService: Check decomposition for calling app com.google.android.wearable.app with uid 10049
11-02 20:43:48.398824  2520  2520 D HOME    : [EventBus]Wrapper pool is full. Discarding excess wrapper instance for event com.google.android.clockwork.sysui.events.KeyguardStateEvent
11-02 20:43:48.398944  2520  2520 D HOME    : [WatchFaceUiController]sendStateToWallpaper
11-02 20:43:48.399017  2520  7212 D HOME    : [WatchStreamDB]Item alerting conditions - isInterruptive: true, recentlyInterrupted: false, isItemPinned: true, isUnread: false
11-02 20:43:48.400932  1686  2583 D SidekickService: sendWatchFaceLocked(): shouldReplace = false, mSidekickIsControlling = false, 1 images, 0 fonts, 0 numbers, 0 proportionalFonts, 0 strings
11-02 20:43:48.401022  1686  2583 D SidekickService: ISidekickGraphics#beginResources()...
11-02 20:43:48.402300  1686  2583 D SidekickServiceUtils: bitmapFromDrawable: Returning bitmap directly
11-02 20:43:48.403436  2520  2520 D HOME    : [EventBus]Wrapper pool is full. Discarding excess wrapper instance for event com.google.android.clockwork.sysui.events.KeyguardStateEvent
11-02 20:43:48.403857  2520  2520 D HOME    : [EventBus]Wrapper pool is full. Discarding excess wrapper instance for event com.google.android.clockwork.sysui.events.KeyguardStateEvent
11-02 20:43:48.403865  2520  6840 D HOME    : [StreamDBQueue]Promised revision #1688 to queue a new op
11-02 20:43:48.404670  2520  7212 D HOME    : [StreamAlertingRegulator]isTheaterModeEnabled: false, isAlertingAllowedByOffBody: false, matchesLocalInterruptionFilter: true
11-02 20:43:48.405176  2520  7212 D HOME    : [WatchStreamDB]couldItemAlert: false, isTopItemChanged: false, isDeferralForTopItem: false
11-02 20:43:48.407161   512   512 I sensors-hal: batch:140, android.sensor.accelerometer/48, period=66667000, max_latency=100000000
11-02 20:43:48.407514  2520  7212 D HOME    : [WatchStreamDB]Item alerting conditions - isInterruptive: true, recentlyInterrupted: false, isItemPinned: true, isUnread: false
11-02 20:43:48.408938  1686  2583 D SidekickService: sendBitmapsLocked(): bounds = RectF(0.0, 0.0, 0.0024038462, 0.0024038462), drawableInfo = {.id = 100000, .width = 1, .height = 1, .display = true, .offsetX = 0.0, .offsetY = 0.0, .rotationInfo = {.hasRotation = false, .pivotX = 0.0, .pivotY = 0.0, .degreesPerDay = 0.0, .degreesPerStep = 0.0, .zeroDegreesTime = {.daysSinceLocalEpoch = 0, .msSinceMidnight = 0}}, .transformInfo = {.transformed = false, .flipX = false, .flipY = false, .flip45 = false, .scaleX = 0.0, .scaleY = 0.0}, .type = GENERIC, .blink = {.blinking = false, .periodOnMs = 0.0, .periodOffMs = 0.0, .startTime = {.daysSinceLocalEpoch = 0, .msSinceMidnight = 0}}, .zOrder = 8, .displayInTwm = true}, image.size() = 84
11-02 20:43:48.409483   512   512 I sensors-hal: batch:149, android.sensor.accelerometer/48, period=66667000, max_latency=100000000 request completed
11-02 20:43:48.410481  2520  7212 D HOME    : [StreamAlertingRegulator]isTheaterModeEnabled: false, isAlertingAllowedByOffBody: false, matchesLocalInterruptionFilter: true
11-02 20:43:48.412147   416  2389 D SKGHAL  : saveResource: resId = 100000
11-02 20:43:48.404155  2520  6840 D WatchStreamManager: Promised rerank @ r#1688
11-02 20:43:48.412658  1686  2583 D SidekickService: sendBitmapsLocked(): status = 0, bytesUsed = 18
11-02 20:43:48.412751  2520  2520 W StaticLayout: maxLineHeight should not be -1.  maxLines:1 lineCount:1
11-02 20:43:48.412875  1686  2583 D SidekickService: ISidekickGraphics#endResources()...
11-02 20:43:48.415243  2520  7212 D HOME    : [WatchStreamDB]couldItemAlert: false, isTopItemChanged: false, isDeferralForTopItem: false
11-02 20:43:48.416391  2520  7212 D HOME    : [WatchStreamDB]updateRanking()
11-02 20:43:48.417978  2520  7212 D HOME    : [WatchStreamDB]Item alerting conditions - isInterruptive: true, recentlyInterrupted: false, isItemPinned: true, isUnread: false
11-02 20:43:48.419125  2520  7212 D HOME    : [StreamAlertingRegulator]isTheaterModeEnabled: false, isAlertingAllowedByOffBody: false, matchesLocalInterruptionFilter: true
11-02 20:43:48.420600  2520  7212 D HOME    : [WatchStreamDB]couldItemAlert: false, isTopItemChanged: false, isDeferralForTopItem: false
11-02 20:43:48.423152  2520  7212 D HOME    : [NewStreamAdapter]Publishing revision #1688 to adapter clients
11-02 20:43:48.424204  2520  6840 D HOME    : [StreamDBQueue]Promised revision #1689 to queue a new op
11-02 20:43:48.424516  2520  6840 D WatchStreamManager: Promised rerank @ r#1689
11-02 20:43:48.428870  2520  7212 D HOME    : [WatchStreamDB]updateRanking()
11-02 20:43:48.430183  2520  7212 D HOME    : [WatchStreamDB]Item alerting conditions - isInterruptive: true, recentlyInterrupted: false, isItemPinned: true, isUnread: false
11-02 20:43:48.430920  2520  7212 D HOME    : [StreamAlertingRegulator]isTheaterModeEnabled: false, isAlertingAllowedByOffBody: false, matchesLocalInterruptionFilter: true
11-02 20:43:48.431449  2520  7212 D HOME    : [WatchStreamDB]couldItemAlert: false, isTopItemChanged: false, isDeferralForTopItem: false
11-02 20:43:48.432300  2520  7212 D HOME    : [NewStreamAdapter]Publishing revision #1689 to adapter clients
11-02 20:43:48.433918   545  1334 W SurfaceFlinger: Attempting to destroy on removed layer: 72ee237 OobeOverlayHint#0
11-02 20:43:48.669100   501  1904 I LocSvc_ApiV02: <--- globalEventCb line 152 QMI_LOC_EVENT_POSITION_REPORT_IND_V02
11-02 20:43:48.745727   416  2389 D SKGHAL  : sendResources: metadata size = 2400, font size = 72
11-02 20:43:48.812193   416  2389 D SKGHAL  : endResources: rc = 0
11-02 20:43:48.813567  1686  1686 W system_server: Long monitor contention with owner Binder:1686_B (2583) at int com.google.android.clockwork.sidekick.SidekickService$BinderService.sendWatchFace(com.google.android.clockwork.decomposablewatchface.WatchFaceDecomposition, boolean)(SidekickService.java:1021) waiters=0 in boolean com.google.android.clockwork.sidekick.SidekickService$BinderService.readyToDisplay() for 403ms
11-02 20:43:48.814583  2520  2520 D HOME    : [SidekickManagerAsync]replaceWatchFaceComponents(): Callback#onResult(): 0
11-02 20:43:48.815107  2520  2520 D HOME    : [WatchFaceUiController]Complication updates sent, posting watch face hiding
11-02 20:43:48.815219  2520  2520 D HOME    : [WatchFaceUiController]Still in ambient watch face, hiding
11-02 20:43:48.815303  2520  2520 D HOME    : [WatchFaceUiController]Hiding watch face wallpaper.
--------- switch to system
11-02 20:43:48.815769  1686  1686 W Looper  : Slow dispatch took 410ms main h=android.os.Handler c=com.google.android.wearable.ambient.AmbientDream$Callbacks$1@c368be9 m=0
11-02 20:43:48.820609  1686  1686 W Looper  : Slow delivery took 398ms main h=com.android.server.notification.NotificationManagerService$WorkerHandler c=com.android.server.notification.NotificationManagerService$14@1d7a30f m=0
--------- switch to kernel
11-02 20:43:48.800347     0     0 E FG      : fg_psy_get_property: unsupported property 7
--------- switch to main
11-02 20:43:48.847276  2520  2520 D HOME    : [StreamBackendInit]NotificationService onNotificationRemoved StatusBarNotification(pkg=android user=UserHandle{0} id=0 tag=com.android.server.wm.AlertWindowNotification - com.google.android.wearable.app key=0|android|0|com.android.server.wm.AlertWindowNotification - com.google.android.wearable.app|1000: Notification(channel=com.android.server.wm.AlertWindowNotification - com.google.android.wearable.app pri=0 contentView=null vibrate=null sound=null defaults=0x0 flags=0x102 color=0xff607d8b vis=PRIVATE))
11-02 20:43:48.847742  2520  2716 D CollectorHandler: handleMessage, event: ON_NOTIFICATION_REMOVED
11-02 20:43:48.848546  2520  2716 D HOME    : [StreamDBQueue]Promised revision #1690 to queue a new op
11-02 20:43:48.849128  2520  2716 D HOME    : [WatchStreamManager]Promised remove @ r#1690 for StreamItemIdAndRevision{notifKey=0|android|0|com.android.server.wm.AlertWindowNotification - com.google.android.wearable.app|1000, packageName=android, tag=com.android.server.wm.AlertWindowNotification - com.google.android.wearable.app, id=0, revision=0, originalRevision=0, updateCount=0} (@1689): SBN removed: StreamItemIdAndRevision{notifKey=0|android|0|com.android.server.wm.AlertWindowNotification - com.google.android.wearable.app|1000, packageName=android, tag=com.android.server.wm.AlertWindowNotification - com.google.android.wearable.app, id=0, revision=0, originalRevision=0, updateCount=0}
11-02 20:43:48.849111  2520  6932 D StreamDatabase: remove. itemId: StreamItemIdAndRevision{notifKey=0|android|0|com.android.server.wm.AlertWindowNotification - com.google.android.wearable.app|1000, packageName=android, tag=com.android.server.wm.AlertWindowNotification - com.google.android.wearable.app, id=0, revision=1685, originalRevision=1685, updateCount=0}
11-02 20:43:48.849642  2520  6932 D HOME    : [WatchStreamDB]Item alerting conditions - isInterruptive: true, recentlyInterrupted: false, isItemPinned: true, isUnread: false
11-02 20:43:48.849970  2520  6932 D HOME    : [StreamAlertingRegulator]isTheaterModeEnabled: false, isAlertingAllowedByOffBody: false, matchesLocalInterruptionFilter: true
11-02 20:43:48.850166  2520  6932 D HOME    : [WatchStreamDB]couldItemAlert: false, isTopItemChanged: false, isDeferralForTopItem: false
11-02 20:43:48.850543  2520  6932 D HOME    : [StreamAdapter]onStreamChange StreamChangeEvent[modified=0, removed=1, modifiedTop=0, removedTop=0, reorder=false, possibleAlertingItem=none]
11-02 20:43:48.850845  2520  6932 D HOME    : [StreamAdapter]onStreamChange StreamChangeEvent[modified=0, removed=1, modifiedTop=0, removedTop=0, reorder=false, possibleAlertingItem=none]
11-02 20:43:48.851324  2520  6932 D HOME    : [NewStreamAdapter]Publishing revision #1690 to adapter clients
11-02 20:43:48.851386  2520  2520 D HOME    : [TopNotificationReceiver]Sending request to TopNotificationProviderService for complication update
--------- switch to kernel
11-02 20:43:48.807269     0     0 W healthd : battery l=63 v=3981 t=34.0 h=2 st=3 c=6 fc=443000 cc=0 chg=
--------- switch to system
11-02 20:43:48.853238  1686  1686 W Looper  : Drained
--------- switch to main
11-02 20:43:48.854384  2520  2520 D HOME    : [StreamAdapter]setStreamItems, size 1
11-02 20:43:48.854928   512  1749 I sensors-hal: activate:107, android.sensor.light/46 en=0
11-02 20:43:48.856423   512  1749 I sensors-hal: activate:118, android.sensor.light/46 en=0 completed
11-02 20:43:48.858151  1956  1956 D QtiCarrierConfigHelper: WARNING, no carrier configs on phone Id: 0
11-02 20:43:48.859960  2520  2520 D HOME    : [StreamAdapter]setStreamItems, size 2
11-02 20:43:48.860251   545   545 D SurfaceFlinger: Set power mode=3, type=0 flinger=0xb6bb6000
11-02 20:43:48.860738  2520  2520 D HOME    : [BatteryChange]action: android.intent.action.BATTERY_CHANGED
11-02 20:43:48.860829   504   761 I SDM     : DisplayBase::SetDisplayState: Set state = 3, display 0
11-02 20:43:48.861045  2520  6932 D HOME    : [BatteryChange]HandleBatteryChangedTask
11-02 20:43:48.861538  2520  6840 D HOME    : [ComplicationController]scheduleImmediateUpdateForAllFromProvider ComponentInfo{com.google.android.wearable.app/com.google.android.clockwork.wcs.notification.complication.TopNotificationProviderService}
11-02 20:43:48.862062  2520  6932 D HOME    : [BatteryChange]level: 63, status: 3
11-02 20:43:48.889485   545   545 D SurfaceFlinger: Finished set power mode=3, type=0
11-02 20:43:48.891348  1686  1823 I SidekickService: beginDisplayLocked(): DOZE_SUSPEND
11-02 20:43:48.891949  2520  2520 D HOME    : [SurfaceRenderer]cardLifecycleParent: onPause
11-02 20:43:48.892057   416  2389 D SKGHAL  : sendAmbientPrepare: enter:
11-02 20:43:48.892233  2520  2520 D HOME    : [SurfaceRenderer]cardLifecycleParent: onStop
--------- switch to system
11-02 20:43:48.892830  1686  1710 I DisplayManagerService: Display device changed state: "Écran intégré", DOZE_SUSPEND
--------- switch to kernel
11-02 20:43:48.817762     0     0 I mdss_dsi_panel_set_idle_mode: Idle (0->1)
11-02 20:43:48.843612     0     0 I         : [touch]FB_BLANK_VSYNC_SUSPEND
11-02 20:43:48.843617     0     0 I         : [touch]irq disable
11-02 20:43:48.843622     0     0 I         : [touch]workqueue is empty!
11-02 20:43:48.843624     0     0 I         : [touch]raydium_ts_do_suspend.
11-02 20:43:48.843633     0     0 I         : [touch]Device may wakeup
11-02 20:43:48.845947     0     0 I         : [touch]irq enable
--------- switch to main
11-02 20:43:48.912214  1686  1759 I InputReader: Reconfiguring input devices.  changes=0x00000004
11-02 20:43:49.030125   416  2389 D SKGHAL  : sendAmbientEvent: enter: enable = 1
11-02 20:43:49.031286   504   523 I SDM     : DisplayBase::SetDisplayState: Set state = 4, display 0
11-02 20:43:49.031388   504   523 D SDM     : HWCDisplayPrimary::SetStandByMode: Null display is connected successfully
11-02 20:43:49.031549   416  2389 D SKGHAL  : standBy_update_control call succeed on 1
11-02 20:43:49.046098   416  2389 D SKGHAL  : sendAmbientEvent: done: enable = 1
11-02 20:43:49.046459  1686  1823 D SidekickService:    ... beginDisplay result: 0 for halPower: 1
11-02 20:43:49.049590   512  1749 I sensors-hal: activate:107, android.sensor.accelerometer/48 en=0
11-02 20:43:49.051153   512  1749 I sensors-hal: activate:118, android.sensor.accelerometer/48 en=0 completed
11-02 20:43:49.056100  1686  1799 E WifiStateMachine: getWifiLinkLayerStats called without an interface
--------- switch to kernel
11-02 20:43:49.027840     0     0 E bgrsb   : bgrsb_enable: gpio 32 is valid
--------- switch to main
11-02 20:43:49.075290  1686  1686 I WearPower: [WearTouchMediator] changing touch input to enabled (ON_AUTO)
11-02 20:43:49.076611  1686  1759 I InputReader: Reconfiguring input devices.  changes=0x00000200
--------- switch to kernel
11-02 20:43:49.036125     0     0 I init    : processing action (ro.enable_core_ctl=true && sys.cw_corectl_mode=idle) from (/vendor/etc/init/hw/init.qcom.rc:949)
--------- switch to main
11-02 20:43:49.085388  1686  1686 I AmbientService: [ce6a28c] Timeout alarm not required, auto-resume timeout handled by dream.
11-02 20:43:49.097419  3205  3434 W WorkController: Loading failed for worker [trainingcache]: worker not found
11-02 20:43:49.099101  3205  3294 W A       : TrainingCache cache SCREEN_OFF failure
11-02 20:43:49.099101  3205  3294 W A       : com.google.android.apps.gsa.search.core.service.h.a.a: No worker found for Worker ID [trainingcache].
11-02 20:43:49.099101  3205  3294 W A       : 	at com.google.android.apps.gsa.search.core.service.g.a.c.a(Unknown Source:5)
11-02 20:43:49.099101  3205  3294 W A       : 	at com.google.android.libraries.gsa.c.a.d.a(Unknown Source:3)
11-02 20:43:49.099101  3205  3294 W A       : 	at com.google.common.p.a.cg.c(Unknown Source:2)
11-02 20:43:49.099101  3205  3294 W A       : 	at com.google.common.p.a.bk.run(SourceFile:3)
11-02 20:43:49.099101  3205  3294 W A       : 	at com.google.common.p.a.ci.run(Unknown Source:4)
11-02 20:43:49.099101  3205  3294 W A       : 	at com.google.apps.tiktok.concurrent.ab.run(SourceFile:1)
11-02 20:43:49.099101  3205  3294 W A       : 	at java.util.concurrent.ThreadPoolExecutor.runWorker(ThreadPoolExecutor.java:1167)
11-02 20:43:49.099101  3205  3294 W A       : 	at java.util.concurrent.ThreadPoolExecutor$Worker.run(ThreadPoolExecutor.java:641)
11-02 20:43:49.099101  3205  3294 W A       : 	at com.google.apps.tiktok.concurrent.c.run(Unknown Source:4)
11-02 20:43:49.099101  3205  3294 W A       : 	at java.lang.Thread.run(Thread.java:764)
11-02 20:43:49.112340  2520  2520 D HOME    : [StreamDBQueue]Promised revision #1691 to queue a new op
11-02 20:43:49.112714  2520  2520 D WatchStreamManager: Promised rank-blocked=false @ r#1691
11-02 20:43:49.113105  2520  2520 D HOME    : [CompactHunStarter]detachWindow()
11-02 20:43:49.113364  2520  6932 D HOME    : [WatchStreamDB]Item alerting conditions - isInterruptive: true, recentlyInterrupted: false, isItemPinned: true, isUnread: false
11-02 20:43:49.113766  2520  6932 D HOME    : [StreamAlertingRegulator]isTheaterModeEnabled: false, isAlertingAllowedByOffBody: false, matchesLocalInterruptionFilter: true
11-02 20:43:49.114122  2520  6932 D HOME    : [WatchStreamDB]couldItemAlert: false, isTopItemChanged: false, isDeferralForTopItem: false
11-02 20:43:49.115176  2520  6840 D HOME    : [StreamDBQueue]Promised revision #1692 to queue a new op
11-02 20:43:49.115417  2520  6840 D WatchStreamManager: Promised rerank @ r#1692
11-02 20:43:49.115663  2520  7212 D HOME    : [WatchStreamDB]updateRanking()
11-02 20:43:49.116292  2520  7212 D HOME    : [WatchStreamDB]Item alerting conditions - isInterruptive: true, recentlyInterrupted: false, isItemPinned: true, isUnread: false
11-02 20:43:49.116665  2520  7212 D HOME    : [StreamAlertingRegulator]isTheaterModeEnabled: false, isAlertingAllowedByOffBody: false, matchesLocalInterruptionFilter: true
11-02 20:43:49.116956  2520  7212 D HOME    : [WatchStreamDB]couldItemAlert: false, isTopItemChanged: false, isDeferralForTopItem: false
11-02 20:43:49.117756  2520  7212 D HOME    : [NewStreamAdapter]Publishing revision #1692 to adapter clients
--------- switch to kernel
11-02 20:43:49.117482     0     0 I PM      : suspend entry 2021-11-02 19:43:49.117482560 UTC
11-02 20:43:49.117495     0     0 I PM      : Syncing filesystems ... done.
11-02 20:43:49.155584     0     0 I CPU1    : update max cpu_capacity 748
11-02 20:43:49.189119     0     0 I CPU3    : update max cpu_capacity 1024
11-02 20:43:49.189197     0     0 I CPU2    : shutdown
11-02 20:43:49.190228     0     0 I         : Freezing user space processes ...
11-02 20:43:49.194248     0     0 I PM      : Wakeup pending, aborting suspend
11-02 20:43:49.194280     0     0 I         : active wakeup source: NETLINK
11-02 20:43:49.194313     0     0 E         : Freezing of tasks aborted after 0.004 seconds
11-02 20:43:49.194325     0     0 I         : Restarting tasks ...
11-02 20:43:49.194864     0     0 W QSEECOM : qseecom_receive_req: Interrupted: exiting Listener Service = 12288
11-02 20:43:49.194893     0     0 W QSEECOM : qseecom_receive_req: Interrupted: exiting Listener Service = 11
11-02 20:43:49.194932     0     0 W QSEECOM : qseecom_receive_req: Interrupted: exiting Listener Service = 8192
11-02 20:43:49.194966     0     0 W QSEECOM : qseecom_receive_req: Interrupted: exiting Listener Service = 28672
