11-03 12:28:24.479261  1686  1686 W AlarmManagerProxy: Removing unknown listener
11-03 12:28:24.485378  2520  2520 D HOME    : [HomeVisitsLogger]Logging streamlet event: visit_start
11-03 12:28:24.485725  2520  2520 D HOME    : [HomeVisitsLogger]Logging streamlet event: exit_ambient_mode
11-03 12:28:24.486152  2520  2520 D HOME    : [HotwordController]updateClient MODE_WATCH_FACE false false false true
11-03 12:28:24.487265  2520  2520 D HOME    : [WatchFaceUiController]setInAmbientMode false
11-03 12:28:24.487364  2520  2520 D HOME    : [WatchFaceUiController]sendWatchFaceServiceBinder
11-03 12:28:24.495359  2520  2520 D HOME    : [WatchFaceUiController]sendStateToWallpaper
11-03 12:28:24.497765  2520  2520 D HOME    : [WatchFaceUiController]Showing watch face wallpaper.
11-03 12:28:24.497932  2520  2520 D HOME    : [WatchFaceUiController]sendStateToWallpaper
11-03 12:28:24.498038  1686  1686 I AmbientService: [ce6a28c] No auto-resume Activity.
11-03 12:28:24.500292  2520  2520 D HOME    : [StreamDBQueue]Promised revision #5443 to queue a new op
11-03 12:28:24.500499  2520  2520 D WatchStreamManager: Promised rank-blocked=true @ r#5443
11-03 12:28:24.500830  2520  2520 D HOME    : [StreamDBQueue]Promised revision #5444 to queue a new op
11-03 12:28:24.500932  2520  2520 D WatchStreamManager: Promised rank-blocked=true @ r#5444
--------- switch to system
11-03 12:28:24.501158  1686  1686 W ContextImpl: Calling a method in the system process without a qualified user: android.app.ContextImpl.sendBroadcast:1020 android.content.ContextWrapper.sendBroadcast:449 com.google.android.wearable.ambient.AmbientDream.onDestroy:273 android.app.ActivityThread.handleStopService:3698 android.app.ActivityThread.access$1700:200 
--------- switch to main
11-03 12:28:24.501387  2520  2520 D HOME    : [TilesController]Tile refresh optimization is enabled.
11-03 12:28:24.501466  1686  1686 E AlarmManager: cancel() called with a null PendingIntent
11-03 12:28:24.501796  2520  2520 D HOME    : [EventBus]Wrapper pool is full. Discarding excess wrapper instance for event com.google.android.clockwork.sysui.events.KeyguardStateEvent
--------- switch to system
11-03 12:28:24.501796  1686  1686 V DreamService[AmbientDream]: onDestroy()
--------- switch to main
11-03 12:28:24.501871  2520  2520 D HOME    : [WatchFaceUiController]sendStateToWallpaper
11-03 12:28:24.502815  2520 13693 D HOME    : [WatchStreamDB]Item alerting conditions - isInterruptive: true, recentlyInterrupted: false, isItemPinned: false, isUnread: false
11-03 12:28:24.503368  2520  2520 D HOME    : [EventBus]Wrapper pool is full. Discarding excess wrapper instance for event com.google.android.clockwork.sysui.events.KeyguardStateEvent
11-03 12:28:24.503585  2520  2520 D HOME    : [EventBus]Wrapper pool is full. Discarding excess wrapper instance for event com.google.android.clockwork.sysui.events.KeyguardStateEvent
11-03 12:28:24.507580  2520  2520 D HOME    : [WatchFaceUiController]sendStateToWallpaper
11-03 12:28:24.513544  2520  2520 W StaticLayout: maxLineHeight should not be -1.  maxLines:1 lineCount:1
11-03 12:28:24.539650  2520 13693 D HOME    : [StreamAlertingRegulator]isTheaterModeEnabled: false, isAlertingAllowedByOffBody: true, matchesLocalInterruptionFilter: true
11-03 12:28:24.539956  2520 13693 D HOME    : [WatchStreamDB]couldItemAlert: false, isTopItemChanged: false, isDeferralForTopItem: false
11-03 12:28:24.540941  2520 13693 D HOME    : [WatchStreamDB]Item alerting conditions - isInterruptive: true, recentlyInterrupted: false, isItemPinned: false, isUnread: false
11-03 12:28:24.541233  2520 13693 D HOME    : [StreamAlertingRegulator]isTheaterModeEnabled: false, isAlertingAllowedByOffBody: true, matchesLocalInterruptionFilter: true
11-03 12:28:24.541425  2520 13693 D HOME    : [WatchStreamDB]couldItemAlert: false, isTopItemChanged: false, isDeferralForTopItem: false
11-03 12:28:24.556499  2520  2520 D HOME    : [WatchFaceUiController]sendWatchFaceServiceBinder
11-03 12:28:24.560623  2520  2520 D HOME    : [WatchFaceUiController]sendProperties
11-03 12:28:24.564420  2520  2520 D HOME    : [WatchFaceUiController]sendStateToWallpaper
11-03 12:28:24.647625   512  1749 I sensors-hal: activate:107, android.sensor.light/46 en=0
11-03 12:28:24.649174   512  1749 I sensors-hal: activate:118, android.sensor.light/46 en=0 completed
11-03 12:28:24.651261   512  1749 I sensors-hal: batch:140, android.sensor.light/46, period=250000000, max_latency=0
11-03 12:28:24.651322   512  1749 I sensors-hal: batch:149, android.sensor.light/46, period=250000000, max_latency=0 request completed
11-03 12:28:24.651995   512  1749 I sensors-hal: activate:107, android.sensor.light/46 en=1
11-03 12:28:24.652305   512  1749 I sensors-hal: ssc_enable_rt_task:254, ssc_enable_rt_task : true
11-03 12:28:24.654959   512  1749 I sensors-hal: activate:118, android.sensor.light/46 en=1 completed
--------- switch to system
11-03 12:28:24.657825  1686  1686 V SettingsProvider: Notifying for 0: content://settings/system/screen_brightness
--------- switch to main
11-03 12:28:24.660440  1686  1686 I SidekickService: loadBrightnessLocked()
11-03 12:28:24.664993  1686  1686 D SidekickService: screenBrightness  = 57
11-03 12:28:24.665670  1686  1686 D SidekickService: sendConfigValuesLocked(): alsThresholds = [40, 92, 95, 100, 125, 150, 175, 200, 225, 250, 300, 400, 500, 800, 1200], brightnessValuesBright = [50, 56, 60, 70, 80, 90, 100, 115, 120, 140, 160, 180, 200, 220, 240, 255], brightnessValuesDim= [50, 56, 60, 70, 80, 90, 100, 115, 120, 140, 160, 180, 200, 220, 240, 255]
11-03 12:28:24.676393  1686  1686 D SidekickService: setAlsMode(): mode = 2, brightenAlpha = 80, dimmingAlpha = 80
11-03 12:28:24.687344  1686  1686 D SidekickService: setTwmConfig():: msTiltToBright = 10000, tiltToBright = false
11-03 12:28:24.735614 12391 14441 W atlo    : [{0}] Failed to resolve name. status={1}
11-03 12:28:24.751276   512 14440 I sensors-hal: handle_indication_realtime:355,  SCHED_FIFO(10) for qmi_cbk
11-03 12:28:25.253351  7790  7806 I Finsky  : [295] com.google.android.finsky.bo.ac.run(5): Stats for Executor: BlockingExecutor com.google.android.finsky.bo.ad@a23a1d2[Running, pool size = 0, active threads = 0, queued tasks = 0, completed tasks = 2]
11-03 12:28:25.559889   512   512 I sensors-hal: batch:140, android.sensor.accelerometer/48, period=66667000, max_latency=100000000
11-03 12:28:25.562265   512   512 I sensors-hal: batch:149, android.sensor.accelerometer/48, period=66667000, max_latency=100000000 request completed
11-03 12:28:25.563163  1686  1686 D DefaultUngazeDetector: Ungaze event occurred; emitting gesture event!
11-03 12:28:25.563290  1686  1686 D WristGestureCtrl: Gesture:GESTURE UNGAZE, timestamp(ms): 70383748, confidence: 0.0, latency(ms): 0, duration(ms): 1245
11-03 12:28:25.564646   512   512 I sensors-hal: batch:140, android.sensor.accelerometer/48, period=19231000, max_latency=100000000
--------- switch to system
11-03 12:28:25.566621  1686  1686 I WindowManager: sleepRelease() calling goToSleep(GO_TO_SLEEP_REASON_SLEEP_BUTTON)
11-03 12:28:25.566930  1686  1686 I PowerManagerService: Going to sleep due to sleep button (uid 1000)...
11-03 12:28:25.568013  1686  1686 W UsageStatsService: Event reported without a package name
11-03 12:28:25.568101  1686  1712 I DreamManagerService: Entering dreamland.
--------- switch to main
11-03 12:28:25.568399   512   512 I sensors-hal: batch:149, android.sensor.accelerometer/48, period=19231000, max_latency=100000000 request completed
--------- switch to system
11-03 12:28:25.568769  1686  1712 I PowerManagerService: Dozing...
--------- switch to main
11-03 12:28:25.568984   512   512 I sensors-hal: flush:169, android.sensor.accelerometer/48
11-03 12:28:25.570215   512   512 I sensors-hal: flush:175, android.sensor.accelerometer/48 completed
--------- switch to system
11-03 12:28:25.600001  1686  1708 I DreamController: Starting dream: name=ComponentInfo{com.google.android.wearable.ambient/com.google.android.wearable.ambient.AmbientDream}, isTest=false, canDoze=true, userId=0
11-03 12:28:25.612454  1686  1686 W ContextImpl: Calling a method in the system process without a qualified user: android.app.ContextImpl.bindService:1611 android.content.ContextWrapper.bindService:698 com.google.android.wearable.ambient.AmbientDream.onCreate:191 android.app.ActivityThread.handleCreateService:3533 android.app.ActivityThread.access$1300:200 
11-03 12:28:25.614761  1686  1686 W ContextImpl: Calling a method in the system process without a qualified user: android.app.ContextImpl.sendBroadcast:1005 android.content.ContextWrapper.sendBroadcast:444 com.google.android.wearable.ambient.AmbientDream.onCreate:241 android.app.ActivityThread.handleCreateService:3533 android.app.ActivityThread.access$1300:200 
11-03 12:28:25.628848  1686  1686 V DreamService[AmbientDream]: onBind() intent = Intent { act=android.service.dreams.DreamService flg=0x800000 cmp=com.google.android.wearable.ambient/.AmbientDream }
--------- switch to main
11-03 12:28:25.629585  1686  1686 I AmbientService: [ce6a28c] Ambient Created
--------- switch to system
11-03 12:28:25.632400  1686  1686 V DreamService[AmbientDream]: Calling onDreamingStarted()
--------- switch to main
11-03 12:28:25.632621  1686  1686 I AmbientService: [ce6a28c] doOnDreamingStarted
11-03 12:28:25.633030  1686  1686 D SidekickService: setShouldControlDisplay called: true
11-03 12:28:25.633882  1686  1686 I AmbientService: [ce6a28c] Selected running activity for ambient mode: AmbientActivity[component=ComponentInfo{com.google.android.wearable.app/com.google.android.clockwork.home2.activity.HomeActivity2}, callbacks=@210b385, running=true, ambientRequested=true, ambientEnabled=true, offloadEnabled=true]
11-03 12:28:25.634400  1686  1686 I AmbientService: [ce6a28c] Sidekick is ready to display, requesting doze.
11-03 12:28:25.634881  1686  1686 I AmbientService: [ce6a28c] No auto-resume Activity.
11-03 12:28:25.637243  2520  2520 D HOME    : [HomeVisitsLogger]Logging streamlet event: enter_ambient_mode
11-03 12:28:25.638023  2520  2520 D HOME    : [HotwordController]updateClient MODE_WATCH_FACE false true false true
11-03 12:28:25.645553  1686  1686 W DefaultSettingsContentR: Value for ambient_low_bit_enabled not stored as number. Attempting parse as boolean.
11-03 12:28:25.647966  1686  1686 I AmbientService: [ce6a28c] Showing watch face in offload mode, canceling alarm.
11-03 12:28:25.648031  1686  1686 W AlarmManagerProxy: Removing unknown listener
11-03 12:28:25.648112  1686  1686 D WristGestureCtrl: Stopping detectors: GesturesEnabled-false gestureDetector-false ungazeEnabled-true ungaze-true
11-03 12:28:25.648142  1686  1686 D DefaultUngazeDetector: stopping
11-03 12:28:25.650175  2520 13838 D HOME    : [HomeVisitsLogger]Logging streamlet event: visit_end
11-03 12:28:25.676963  2520  2520 D HOME    : [WatchFaceUiController]setInAmbientMode true
11-03 12:28:25.678320  2520 13838 I SidekickManager: replaceWatchFaceComponentsImpl(): watchFace = com.google.android.clockwork.decomposablewatchface.WatchFaceDecomposition@9c61e29
11-03 12:28:25.678516  2520  2520 D HOME    : [StreamDBQueue]Promised revision #5445 to queue a new op
11-03 12:28:25.678715  2520  2520 D WatchStreamManager: Promised rank-blocked=false @ r#5445
11-03 12:28:25.679064  2520  2520 D HOME    : [StreamDBQueue]Promised revision #5446 to queue a new op
11-03 12:28:25.679061  1686  1698 D SidekickService: sendWatchFaceComponents called: watchFace = com.google.android.clockwork.decomposablewatchface.WatchFaceDecomposition@5a2087dshouldReplace = false
11-03 12:28:25.679171  2520  2520 D WatchStreamManager: Promised rank-blocked=false @ r#5446
11-03 12:28:25.679228  1686  1698 D SidekickService: Check decomposition for calling app com.google.android.wearable.app with uid 10049
11-03 12:28:25.679588  1686  1698 D SidekickService: sendWatchFaceLocked(): shouldReplace = false, mSidekickIsControlling = false, 1 images, 0 fonts, 0 numbers, 0 proportionalFonts, 0 strings
11-03 12:28:25.679650  1686  1698 D SidekickService: ISidekickGraphics#beginResources()...
11-03 12:28:25.679859  2520  2520 D HOME    : [EventBus]Wrapper pool is full. Discarding excess wrapper instance for event com.google.android.clockwork.sysui.events.KeyguardStateEvent
11-03 12:28:25.679935  2520  2520 D HOME    : [WatchFaceUiController]sendStateToWallpaper
11-03 12:28:25.681474  2520  2520 D HOME    : [EventBus]Wrapper pool is full. Discarding excess wrapper instance for event com.google.android.clockwork.sysui.events.KeyguardStateEvent
11-03 12:28:25.681812  2520  2520 D HOME    : [EventBus]Wrapper pool is full. Discarding excess wrapper instance for event com.google.android.clockwork.sysui.events.KeyguardStateEvent
11-03 12:28:25.687266  2520  2520 W StaticLayout: maxLineHeight should not be -1.  maxLines:1 lineCount:1
11-03 12:28:25.692693   512   512 I sensors-hal: batch:140, android.sensor.accelerometer/48, period=66667000, max_latency=100000000
11-03 12:28:25.695259   512   512 I sensors-hal: batch:149, android.sensor.accelerometer/48, period=66667000, max_latency=100000000 request completed
11-03 12:28:25.696367  2520 13693 D HOME    : [WatchStreamDB]Item alerting conditions - isInterruptive: true, recentlyInterrupted: false, isItemPinned: false, isUnread: false
11-03 12:28:25.696755  1686  1698 D SidekickServiceUtils: bitmapFromDrawable: Returning bitmap directly
11-03 12:28:25.698383  1686  1698 D SidekickService: sendBitmapsLocked(): bounds = RectF(0.47115386, 0.33653846, 0.52884614, 0.39423078), drawableInfo = {.id = 100000, .width = 24, .height = 24, .display = true, .offsetX = 193.0, .offsetY = 137.0, .rotationInfo = {.hasRotation = false, .pivotX = 0.0, .pivotY = 0.0, .degreesPerDay = 0.0, .degreesPerStep = 0.0, .zeroDegreesTime = {.daysSinceLocalEpoch = 0, .msSinceMidnight = 0}}, .transformInfo = {.transformed = false, .flipX = false, .flipY = false, .flip45 = false, .scaleX = 0.0, .scaleY = 0.0}, .type = GENERIC, .blink = {.blinking = false, .periodOnMs = 0.0, .periodOffMs = 0.0, .startTime = {.daysSinceLocalEpoch = 0, .msSinceMidnight = 0}}, .zOrder = 8, .displayInTwm = true}, image.size() = 97
11-03 12:28:25.699175   416  1715 D SKGHAL  : saveResource: resId = 100000
11-03 12:28:25.699761  1686  1698 D SidekickService: sendBitmapsLocked(): status = 0, bytesUsed = 64
11-03 12:28:25.699917  1686  1698 D SidekickService: ISidekickGraphics#endResources()...
11-03 12:28:25.701451  2520 14104 D HOME    : [StreamDBQueue]Promised revision #5447 to queue a new op
11-03 12:28:25.707640  2520 14104 D WatchStreamManager: Promised rerank @ r#5447
11-03 12:28:25.708283  2520 13693 D HOME    : [StreamAlertingRegulator]isTheaterModeEnabled: false, isAlertingAllowedByOffBody: true, matchesLocalInterruptionFilter: true
11-03 12:28:25.713234  2520 13693 D HOME    : [WatchStreamDB]couldItemAlert: false, isTopItemChanged: false, isDeferralForTopItem: false
11-03 12:28:25.714174  2520 13693 D HOME    : [WatchStreamDB]Item alerting conditions - isInterruptive: true, recentlyInterrupted: false, isItemPinned: false, isUnread: false
11-03 12:28:25.714536  2520 13693 D HOME    : [StreamAlertingRegulator]isTheaterModeEnabled: false, isAlertingAllowedByOffBody: true, matchesLocalInterruptionFilter: true
11-03 12:28:25.714785  2520 13693 D HOME    : [WatchStreamDB]couldItemAlert: false, isTopItemChanged: false, isDeferralForTopItem: false
11-03 12:28:25.715266  2520 13693 D HOME    : [WatchStreamDB]updateRanking()
11-03 12:28:25.715773  2520 13693 D HOME    : [WatchStreamDB]Item alerting conditions - isInterruptive: true, recentlyInterrupted: false, isItemPinned: false, isUnread: false
11-03 12:28:25.716061  2520 13693 D HOME    : [StreamAlertingRegulator]isTheaterModeEnabled: false, isAlertingAllowedByOffBody: true, matchesLocalInterruptionFilter: true
11-03 12:28:25.716276  2520 13693 D HOME    : [WatchStreamDB]couldItemAlert: false, isTopItemChanged: false, isDeferralForTopItem: false
11-03 12:28:25.717431  2520 13693 D HOME    : [NewStreamAdapter]Publishing revision #5447 to adapter clients
11-03 12:28:25.720106  2520 14104 D HOME    : [StreamDBQueue]Promised revision #5448 to queue a new op
11-03 12:28:25.720321  2520 14104 D WatchStreamManager: Promised rerank @ r#5448
11-03 12:28:25.720512  2520 13693 D HOME    : [WatchStreamDB]updateRanking()
11-03 12:28:25.720994  2520 13693 D HOME    : [WatchStreamDB]Item alerting conditions - isInterruptive: true, recentlyInterrupted: false, isItemPinned: false, isUnread: false
11-03 12:28:25.721291  2520 13693 D HOME    : [StreamAlertingRegulator]isTheaterModeEnabled: false, isAlertingAllowedByOffBody: true, matchesLocalInterruptionFilter: true
11-03 12:28:25.721479  2520 13693 D HOME    : [WatchStreamDB]couldItemAlert: false, isTopItemChanged: false, isDeferralForTopItem: false
11-03 12:28:25.722157  2520 13693 D HOME    : [NewStreamAdapter]Publishing revision #5448 to adapter clients
11-03 12:28:25.722340  7790  7806 I Finsky  : [295] com.google.android.finsky.bo.ac.run(5): Stats for Executor: LightweightExecutor com.google.android.finsky.bo.ad@6e612a3[Running, pool size = 3, active threads = 0, queued tasks = 0, completed tasks = 8]
11-03 12:28:25.961393   416  1715 D SKGHAL  : sendResources: metadata size = 2400, font size = 72
11-03 12:28:26.021930   416  1715 D SKGHAL  : endResources: rc = 0
11-03 12:28:26.023865  1686  1686 W system_server: Long monitor contention with owner Binder:1686_2 (1698) at int com.google.android.clockwork.sidekick.SidekickService$BinderService.sendWatchFace(com.google.android.clockwork.decomposablewatchface.WatchFaceDecomposition, boolean)(SidekickService.java:1021) waiters=0 in boolean com.google.android.clockwork.sidekick.SidekickService$BinderService.readyToDisplay() for 320ms
11-03 12:28:26.025038  2520  2520 D HOME    : [SidekickManagerAsync]replaceWatchFaceComponents(): Callback#onResult(): 0
11-03 12:28:26.025483  2520  2520 D HOME    : [WatchFaceUiController]Complication updates sent, posting watch face hiding
11-03 12:28:26.025599  2520  2520 D HOME    : [WatchFaceUiController]Still in ambient watch face, hiding
11-03 12:28:26.025687  2520  2520 D HOME    : [WatchFaceUiController]Hiding watch face wallpaper.
--------- switch to system
11-03 12:28:26.028639  1686  1686 W Looper  : Slow dispatch took 325ms main h=android.os.Handler c=com.google.android.wearable.ambient.AmbientDream$Callbacks$1@241e372 m=0
--------- switch to kernel
11-03 12:28:25.906193     0     0 E FG      : fg_psy_get_property: unsupported property 7
11-03 12:28:25.912902     0     0 W healthd : battery l=3 v=3579 t=26.0 h=2 st=3 c=137 fc=443000 cc=0 chg=
--------- switch to main
11-03 12:28:26.062947   512   512 I sensors-hal: activate:107, android.sensor.light/46 en=0
11-03 12:28:26.064964   512   512 I sensors-hal: activate:118, android.sensor.light/46 en=0 completed
--------- switch to system
11-03 12:28:26.072739  1686  1710 I DisplayManagerService: Display device changed state: "Écran intégré", DOZE_SUSPEND
--------- switch to main
11-03 12:28:26.092858   545   545 D SurfaceFlinger: Set power mode=3, type=0 flinger=0xb6bb6000
11-03 12:28:26.093773   504   761 I SDM     : DisplayBase::SetDisplayState: Set state = 3, display 0
11-03 12:28:26.107938  2520  2520 D HOME    : [BatteryChange]action: android.intent.action.BATTERY_CHANGED
11-03 12:28:26.108461  1956  1956 D QtiCarrierConfigHelper: WARNING, no carrier configs on phone Id: 0
11-03 12:28:26.108764  2520 14104 D HOME    : [BatteryChange]HandleBatteryChangedTask
11-03 12:28:26.109169  2520 14104 D HOME    : [BatteryChange]level: 3, status: 3
11-03 12:28:26.122197  2520 14104 D HOME    : [BatteryChange]updateStreamItem
11-03 12:28:26.145844   545   545 D SurfaceFlinger: Finished set power mode=3, type=0
--------- switch to kernel
11-03 12:28:25.953777     0     0 I mdss_dsi_panel_set_idle_mode: Idle (0->1)
11-03 12:28:25.999235     0     0 I         : [touch]FB_BLANK_VSYNC_SUSPEND
11-03 12:28:25.999241     0     0 I         : [touch]irq disable
11-03 12:28:25.999245     0     0 I         : [touch]workqueue is empty!
11-03 12:28:25.999248     0     0 I         : [touch]raydium_ts_do_suspend.
11-03 12:28:25.999257     0     0 I         : [touch]Device may wakeup
11-03 12:28:26.001652     0     0 I         : [touch]irq enable
--------- switch to main
11-03 12:28:26.148364  1686  1823 I SidekickService: beginDisplayLocked(): DOZE_SUSPEND
11-03 12:28:26.148869   416  1715 D SKGHAL  : sendAmbientPrepare: enter:
11-03 12:28:26.157187  1686  1759 I InputReader: Reconfiguring input devices.  changes=0x00000004
11-03 12:28:26.166111  2520 14104 D HOME    : [BatteryChange]batteryHistory size: 20'
11-03 12:28:26.166336  2520 14104 D HOME    : [BatteryChange]timeDelta: 15331232
11-03 12:28:26.166498  2520 14104 D HOME    : [BatteryChange]levelDelta: 22
11-03 12:28:26.266066   416  1715 D SKGHAL  : sendAmbientEvent: enter: enable = 1
11-03 12:28:26.267215   504   523 I SDM     : DisplayBase::SetDisplayState: Set state = 4, display 0
11-03 12:28:26.272652   504   523 D SDM     : HWCDisplayPrimary::SetStandByMode: Null display is connected successfully
11-03 12:28:26.272962   416  1715 D SKGHAL  : standBy_update_control call succeed on 1
11-03 12:28:26.282077   416  1715 D SKGHAL  : sendAmbientEvent: done: enable = 1
11-03 12:28:26.282790  1686  1823 D SidekickService:    ... beginDisplay result: 0 for halPower: 1
11-03 12:28:26.286667   512   512 I sensors-hal: activate:107, android.sensor.accelerometer/48 en=0
11-03 12:28:26.288327   512   512 I sensors-hal: activate:118, android.sensor.accelerometer/48 en=0 completed
--------- switch to kernel
11-03 12:28:26.145652     0     0 E bgrsb   : bgrsb_enable: gpio 32 is valid
--------- switch to main
11-03 12:28:26.295239  1686  1799 E WifiStateMachine: getWifiLinkLayerStats called without an interface
11-03 12:28:26.318291  1686  1686 I WearPower: [WearTouchMediator] changing touch input to enabled (ON_AUTO)
11-03 12:28:26.319785  1686  1759 I InputReader: Reconfiguring input devices.  changes=0x00000200
11-03 12:28:26.329460  1686  1686 I AmbientService: [ce6a28c] Timeout alarm not required, auto-resume timeout handled by dream.
--------- switch to kernel
11-03 12:28:26.178758     0     0 I init    : processing action (ro.enable_core_ctl=true && sys.cw_corectl_mode=idle) from (/vendor/etc/init/hw/init.qcom.rc:949)
--------- switch to main
11-03 12:28:26.343972  3205  3434 W WorkController: Loading failed for worker [trainingcache]: worker not found
11-03 12:28:26.345134  3205  3294 W A       : TrainingCache cache SCREEN_OFF failure
11-03 12:28:26.345134  3205  3294 W A       : com.google.android.apps.gsa.search.core.service.h.a.a: No worker found for Worker ID [trainingcache].
11-03 12:28:26.345134  3205  3294 W A       : 	at com.google.android.apps.gsa.search.core.service.g.a.c.a(Unknown Source:5)
11-03 12:28:26.345134  3205  3294 W A       : 	at com.google.android.libraries.gsa.c.a.d.a(Unknown Source:3)
11-03 12:28:26.345134  3205  3294 W A       : 	at com.google.common.p.a.cg.c(Unknown Source:2)
11-03 12:28:26.345134  3205  3294 W A       : 	at com.google.common.p.a.bk.run(SourceFile:3)
11-03 12:28:26.345134  3205  3294 W A       : 	at com.google.common.p.a.ci.run(Unknown Source:4)
11-03 12:28:26.345134  3205  3294 W A       : 	at com.google.apps.tiktok.concurrent.ab.run(SourceFile:1)
11-03 12:28:26.345134  3205  3294 W A       : 	at java.util.concurrent.ThreadPoolExecutor.runWorker(ThreadPoolExecutor.java:1167)
11-03 12:28:26.345134  3205  3294 W A       : 	at java.util.concurrent.ThreadPoolExecutor$Worker.run(ThreadPoolExecutor.java:641)
11-03 12:28:26.345134  3205  3294 W A       : 	at com.google.apps.tiktok.concurrent.c.run(Unknown Source:4)
11-03 12:28:26.345134  3205  3294 W A       : 	at java.lang.Thread.run(Thread.java:764)
11-03 12:28:26.361246  2520  2520 D HOME    : [StreamDBQueue]Promised revision #5449 to queue a new op
11-03 12:28:26.361549  2520  2520 D WatchStreamManager: Promised rank-blocked=false @ r#5449
11-03 12:28:26.361914  2520  2520 D HOME    : [CompactHunStarter]detachWindow()
11-03 12:28:26.362283  2520 14104 D HOME    : [WatchStreamDB]Item alerting conditions - isInterruptive: true, recentlyInterrupted: false, isItemPinned: false, isUnread: false
11-03 12:28:26.362605  2520 14104 D HOME    : [StreamAlertingRegulator]isTheaterModeEnabled: false, isAlertingAllowedByOffBody: true, matchesLocalInterruptionFilter: true
11-03 12:28:26.362723  2520 13838 D HOME    : [StreamDBQueue]Promised revision #5450 to queue a new op
11-03 12:28:26.362839  2520 13838 D WatchStreamManager: Promised rerank @ r#5450
11-03 12:28:26.362876  2520 14104 D HOME    : [WatchStreamDB]couldItemAlert: false, isTopItemChanged: false, isDeferralForTopItem: false
11-03 12:28:26.363367  2520 14104 D HOME    : [WatchStreamDB]updateRanking()
11-03 12:28:26.363912  2520 14104 D HOME    : [WatchStreamDB]Item alerting conditions - isInterruptive: true, recentlyInterrupted: false, isItemPinned: false, isUnread: false
11-03 12:28:26.364244  2520 14104 D HOME    : [StreamAlertingRegulator]isTheaterModeEnabled: false, isAlertingAllowedByOffBody: true, matchesLocalInterruptionFilter: true
11-03 12:28:26.364480  2520 14104 D HOME    : [WatchStreamDB]couldItemAlert: false, isTopItemChanged: false, isDeferralForTopItem: false
11-03 12:28:26.368772  2520 14104 D HOME    : [NewStreamAdapter]Publishing revision #5450 to adapter clients
--------- switch to kernel
11-03 12:28:26.397799     0     0 I PM      : suspend entry 2021-11-03 11:28:26.397799715 UTC
11-03 12:28:26.397809     0     0 I PM      : Syncing filesystems ... done.
11-03 12:28:26.442485     0     0 I         : Freezing user space processes ... (elapsed 0.005 seconds) done.
--------- switch to system
11-03 12:28:35.911514  1686  1686 I PowerManagerService: Waking up from dozing (uid=1000 reason=tiltToWake)...
11-03 12:28:35.915934  1686  1686 W UsageStatsService: Event reported without a package name
--------- switch to kernel
11-03 12:28:26.448340     0     0 I         : Freezing remaining freezable tasks ... (elapsed 0.002 seconds) done.
11-03 12:28:26.451298     0     0 I         : Suspending console(s) (use no_console_suspend to debug)
11-03 12:28:26.461905     0     0 I mdss_dsi_panel_set_idle_mode: Idle (1->1)
11-03 12:28:26.495946     0     0 I bgcom   : bgcom_pm_suspend: suspended with : 0
11-03 12:28:26.518560     0     0 I PM      : suspend of devices complete after 65.523 msecs
11-03 12:28:26.521240     0     0 I PM      : late suspend of devices complete after 2.663 msecs
11-03 12:28:26.524381     0     0 I PM      : noirq suspend of devices complete after 3.125 msecs
11-03 12:28:26.524388     0     0 I         : Disabling non-boot CPUs ...
11-03 12:28:26.543182     0     0 I CPU1    : shutdown
11-03 12:28:26.544112     0     0 I suspend ns: 4551388588144	suspend cycles:    1351562468711
11-03 12:28:26.544102     0     0 I CPU0    : msm_cpu_pm_enter_sleep mode:3 during suspend
11-03 12:28:26.544102     0     0 I         : Suspended for 9.286 seconds
11-03 12:28:26.544102     0     0 I resume cycles: 1351740769449
11-03 12:28:26.544375     0     0 I         : Enabling non-boot CPUs ...
11-03 12:28:26.544707     0     0 I CPU1    : update cpu_capacity 1024
11-03 12:28:26.545678     0     0 I         : CPU1 is up
11-03 12:28:26.547267     0     0 I PM      : noirq resume of devices complete after 1.412 msecs
11-03 12:28:26.549929     0     0 I PM      : early resume of devices complete after 1.689 msecs
11-03 12:28:26.551671     0     0 I CPU1    : update max cpu_capacity 748
11-03 12:28:26.572442     0     0 I bgcom   : bgcom_pm_resume: Bgcom resumed with : 0
11-03 12:28:26.581977     0     0 I mdss_dsi_panel_set_idle_mode: Idle (1->1)
11-03 12:28:26.614437     0     0 I PM      : resume of devices complete after 64.491 msecs
11-03 12:28:26.616383     0     0 I         : Restarting tasks ...
11-03 12:28:26.618725     0     0 W QSEECOM : qseecom_receive_req: Interrupted: exiting Listener Service = 8192
11-03 12:28:26.618786     0     0 W QSEECOM : qseecom_receive_req: Interrupted: exiting Listener Service = 12288
11-03 12:28:26.618822     0     0 W QSEECOM : qseecom_receive_req: Interrupted: exiting Listener Service = 10
11-03 12:28:26.618855     0     0 W QSEECOM : qseecom_receive_req: Interrupted: exiting Listener Service = 28672
11-03 12:28:26.621962     0     0 W QSEECOM : qseecom_receive_req: Interrupted: exiting Listener Service = 11
11-03 12:28:26.627214     0     0 I         : done.
11-03 12:28:35.914206     0     0 I PM      : suspend exit 2021-11-03 11:28:35.914206116 UTC
11-03 12:28:35.928505     0     0 E FG      : fg_psy_get_property: unsupported property 7
11-03 12:28:35.786513     0     0 W healthd : battery l=3 v=3674 t=25.0 h=2 st=3 c=5 fc=443000 cc=0 chg=
--------- switch to main
11-03 12:28:35.961227   512  1749 I sensors-hal: batch:140, android.sensor.light/46, period=100000000, max_latency=0
11-03 12:28:35.961353   512  1749 I sensors-hal: batch:149, android.sensor.light/46, period=100000000, max_latency=0 request completed
11-03 12:28:35.961849   512  1749 I sensors-hal: activate:107, android.sensor.light/46 en=1
11-03 12:28:35.962238   512  1749 I sensors-hal: ssc_enable_rt_task:254, ssc_enable_rt_task : true
11-03 12:28:35.965953   512  1749 I sensors-hal: activate:118, android.sensor.light/46 en=1 completed
11-03 12:28:35.968590  1686  1823 I SidekickService: endDisplayLocked()
--------- switch to system
11-03 12:28:35.969097  1686  1710 I DisplayManagerService: Display device changed state: "Écran intégré", ON
--------- switch to main
11-03 12:28:35.969941   416  1715 D SKGHAL  : sendAmbientEvent: enter: enable = 0
11-03 12:28:35.976720   512  1749 I sensors-hal: batch:140, android.sensor.accelerometer/48, period=66667000, max_latency=100000000
11-03 12:28:35.976828   512  1749 I sensors-hal: batch:149, android.sensor.accelerometer/48, period=66667000, max_latency=100000000 request completed
11-03 12:28:35.985751   512  1749 I sensors-hal: activate:107, android.sensor.accelerometer/48 en=1
11-03 12:28:35.986329   512  1749 I sensors-hal: ssc_enable_rt_task:254, ssc_enable_rt_task : true
11-03 12:28:35.986873  4243  4243 D OMService: onDisplayChanged: not dozing
11-03 12:28:35.995603  1686  1759 I InputReader: Reconfiguring input devices.  changes=0x00000004
11-03 12:28:35.997124   512  1749 I sensors-hal: activate:118, android.sensor.accelerometer/48 en=1 completed
11-03 12:28:36.001257  1686  1799 E WifiStateMachine: getWifiLinkLayerStats called without an interface
--------- switch to system
11-03 12:28:36.007044  1686  1702 W BroadcastQueue: Background execution not allowed: receiving Intent { act=android.intent.action.USER_PRESENT flg=0x10 } to com.google.android.gms/.auth.setup.devicesignals.LockScreenReceiver
--------- switch to main
11-03 12:28:36.009862  3205  3434 W WorkController: Loading failed for worker [trainingcache]: worker not found
11-03 12:28:36.010665  3205  3372 W A       : TrainingCache cache DEVICE_UNLOCKED failure
11-03 12:28:36.010665  3205  3372 W A       : com.google.android.apps.gsa.search.core.service.h.a.a: No worker found for Worker ID [trainingcache].
11-03 12:28:36.010665  3205  3372 W A       : 	at com.google.android.apps.gsa.search.core.service.g.a.c.a(Unknown Source:5)
11-03 12:28:36.010665  3205  3372 W A       : 	at com.google.android.libraries.gsa.c.a.d.a(Unknown Source:3)
11-03 12:28:36.010665  3205  3372 W A       : 	at com.google.common.p.a.cg.c(Unknown Source:2)
11-03 12:28:36.010665  3205  3372 W A       : 	at com.google.common.p.a.bk.run(SourceFile:3)
11-03 12:28:36.010665  3205  3372 W A       : 	at com.google.common.p.a.ci.run(Unknown Source:4)
11-03 12:28:36.010665  3205  3372 W A       : 	at com.google.apps.tiktok.concurrent.ab.run(SourceFile:1)
11-03 12:28:36.010665  3205  3372 W A       : 	at java.util.concurrent.ThreadPoolExecutor.runWorker(ThreadPoolExecutor.java:1167)
11-03 12:28:36.010665  3205  3372 W A       : 	at java.util.concurrent.ThreadPoolExecutor$Worker.run(ThreadPoolExecutor.java:641)
11-03 12:28:36.010665  3205  3372 W A       : 	at com.google.apps.tiktok.concurrent.c.run(Unknown Source:4)
11-03 12:28:36.010665  3205  3372 W A       : 	at java.lang.Thread.run(Thread.java:764)
11-03 12:28:36.013985  2520  2520 D HOME    : [BatteryChange]action: android.intent.action.BATTERY_CHANGED
11-03 12:28:36.014719  2520 13838 D HOME    : [BatteryChange]HandleBatteryChangedTask
11-03 12:28:36.015118  1956  1956 D QtiCarrierConfigHelper: WARNING, no carrier configs on phone Id: 0
--------- switch to system
11-03 12:28:36.015712  1686  1702 W BroadcastQueue: Background execution not allowed: receiving Intent { act=android.intent.action.USER_PRESENT flg=0x10 } to com.google.android.gms/.chimera.GmsIntentOperationService$PersistentTrustedReceiver
--------- switch to main
11-03 12:28:36.027574  2520 13838 D HOME    : [BatteryChange]level: 3, status: 3
11-03 12:28:36.028404  2520 13838 D HOME    : [BatteryChange]updateStreamItem
11-03 12:28:36.041445  2520 13838 D HOME    : [BatteryChange]batteryHistory size: 20'
11-03 12:28:36.042120  2520 13838 D HOME    : [BatteryChange]timeDelta: 15331232
11-03 12:28:36.042271  2520 13838 D HOME    : [BatteryChange]levelDelta: 22
11-03 12:28:36.056900  1686  1686 I WearPower: [WearTouchMediator] changing touch input to enabled (ON_AUTO)
11-03 12:28:36.057718  1686  1759 I InputReader: Reconfiguring input devices.  changes=0x00000200
--------- switch to kernel
11-03 12:28:35.902431     0     0 E bgrsb   : bgrsb_enable: rsb will set report rate
11-03 12:28:35.917673     0     0 I init    : processing action (ro.enable_core_ctl=true && sys.cw_corectl_mode=perf) from (/vendor/etc/init/hw/init.qcom.rc:954)
11-03 12:28:35.917916     0     0 E bgrsb   : bgrsb_enable: gpio 32 is valid
11-03 12:28:35.918839     0     0 I CPU2    : update cpu_capacity 1024
11-03 12:28:35.919813     0     0 W         : IRQ21 no longer affine to CPU2
11-03 12:28:35.920491     0     0 I CPU2    : shutdown
11-03 12:28:35.922852     0     0 I CPU3    : update cpu_capacity 1024
11-03 12:28:35.924694     0     0 I CPU3    : shutdown
--------- switch to main
11-03 12:28:36.070697  1686  1686 D WristGestureCtrl: Starting: GesturesEnabled-false UngazeEnabled-true
11-03 12:28:36.070824  1686  1686 D DefaultUngazeDetector: starting
11-03 12:28:36.070886  1686  1686 D DefaultUngazeDetector: startUngazeStateEstimation(). startTime = 70395500
11-03 12:28:36.071025  1686  1686 W AlarmManagerProxy: Removing unknown listener
--------- switch to kernel
11-03 12:28:35.932625     0     0 I         : [touch]FB_BLANK_VSYNC_SUSPEND
11-03 12:28:35.932628     0     0 I         : [touch]Already in suspend state
--------- switch to main
11-03 12:28:36.071782   512  1749 I sensors-hal: batch:140, android.sensor.accelerometer/48, period=19231000, max_latency=100000000
11-03 12:28:36.072354  1686  1686 W DefaultSettingsContentR: Value for ambient_low_bit_enabled not stored as number. Attempting parse as boolean.
11-03 12:28:36.073161   512  1749 I sensors-hal: batch:149, android.sensor.accelerometer/48, period=19231000, max_latency=100000000 request completed
11-03 12:28:36.073499   512  1749 I sensors-hal: flush:169, android.sensor.accelerometer/48
11-03 12:28:36.074331   512  1749 I sensors-hal: flush:175, android.sensor.accelerometer/48 completed
11-03 12:28:36.076515   504   523 I SDM     : DisplayBase::SetDisplayState: Set state = 3, display 0
11-03 12:28:36.076652   504   523 D SDM     : HWCDisplayPrimary::SetStandByMode: Display is connected successfully
11-03 12:28:36.076944   416  1715 D SKGHAL  : standBy_update_control call succeed on 0
11-03 12:28:36.076994   416  1715 D SKGHAL  : sendAmbientEvent: done: enable = 0
11-03 12:28:36.077400  1686  1823 D SidekickService:    ... endDisplay returns void
11-03 12:28:36.077902   545   545 D SurfaceFlinger: Set power mode=2, type=0 flinger=0xb6bb6000
11-03 12:28:36.078273   504   762 I SDM     : DisplayBase::SetDisplayState: Set state = 1, display 0
11-03 12:28:36.086753   545   545 D SurfaceFlinger: Finished set power mode=2, type=0
--------- switch to kernel
11-03 12:28:35.941237     0     0 I mdss_dsi_panel_set_idle_mode: Idle (1->0)
11-03 12:28:35.941916     0     0 E mdp3_enable_panic_ctrl: mdp3_enable_panic_ctrl: Enable Panic Control
11-03 12:28:35.941973     0     0 I         : [touch]FB_BLANK_UNBLANK
11-03 12:28:35.941978     0     0 I         : [touch]raydium_ts_do_resume, 1.
11-03 12:28:35.942233     0     0 I         : [ raydium ]workqueue is empty!
11-03 12:28:35.942243     0     0 I raydium_ts 5-0039: [touch]Already enable irq
11-03 12:28:35.942245     0     0 I         : [touch]Device may wakeup
--------- switch to system
11-03 12:28:36.088767  1686  1712 W PowerManagerService: Screen on took 266 ms
11-03 12:28:36.089058  1686  1712 I DreamManagerService: Gently waking up from dream.
11-03 12:28:36.089648  1686  1708 I DreamManagerService: Performing gentle wake from dream.
11-03 12:28:36.090328  1686  1686 V DreamService[AmbientDream]: wakeUp(): fromSystem=true, mWaking=false, mFinished=false
11-03 12:28:36.090416  1686  1686 V DreamService[AmbientDream]: finish(): mFinished=false
11-03 12:28:36.090478  1686  1686 I DreamManagerService: Leaving dreamland.
11-03 12:28:36.090885  1686  1708 I DreamManagerService: Performing gentle wake from dream.
11-03 12:28:36.090993  1686  1708 I DreamController: Stopping dream: name=ComponentInfo{com.google.android.wearable.ambient/com.google.android.wearable.ambient.AmbientDream}, isTest=false, canDoze=true, userId=0
--------- switch to main
11-03 12:28:36.093472  3205  3434 W WorkController: Loading failed for worker [trainingcache]: worker not found
11-03 12:28:36.094174  3205  3294 W A       : TrainingCache cache SCREEN_ON failure
11-03 12:28:36.094174  3205  3294 W A       : com.google.android.apps.gsa.search.core.service.h.a.a: No worker found for Worker ID [trainingcache].
11-03 12:28:36.094174  3205  3294 W A       : 	at com.google.android.apps.gsa.search.core.service.g.a.c.a(Unknown Source:5)
11-03 12:28:36.094174  3205  3294 W A       : 	at com.google.android.libraries.gsa.c.a.d.a(Unknown Source:3)
11-03 12:28:36.094174  3205  3294 W A       : 	at com.google.common.p.a.cg.c(Unknown Source:2)
11-03 12:28:36.094174  3205  3294 W A       : 	at com.google.common.p.a.bk.run(SourceFile:3)
11-03 12:28:36.094174  3205  3294 W A       : 	at com.google.common.p.a.ci.run(Unknown Source:4)
11-03 12:28:36.094174  3205  3294 W A       : 	at com.google.apps.tiktok.concurrent.ab.run(SourceFile:1)
11-03 12:28:36.094174  3205  3294 W A       : 	at java.util.concurrent.ThreadPoolExecutor.runWorker(ThreadPoolExecutor.java:1167)
11-03 12:28:36.094174  3205  3294 W A       : 	at java.util.concurrent.ThreadPoolExecutor$Worker.run(ThreadPoolExecutor.java:641)
11-03 12:28:36.094174  3205  3294 W A       : 	at com.google.apps.tiktok.concurrent.c.run(Unknown Source:4)
11-03 12:28:36.094174  3205  3294 W A       : 	at java.lang.Thread.run(Thread.java:764)
--------- switch to system
11-03 12:28:36.095472  1686  1686 V DreamService[AmbientDream]: detach(): Calling onDreamingStopped()
--------- switch to main
11-03 12:28:36.095576  1686  1686 I AmbientService: [ce6a28c] doOnDreamingStopped
11-03 12:28:36.095627  1686  1686 W AlarmManagerProxy: Removing unknown listener
11-03 12:28:36.099729  2520  2520 D HOME    : [HomeVisitsLogger]Logging streamlet event: visit_start
11-03 12:28:36.099933  2520  2520 D HOME    : [HomeVisitsLogger]Logging streamlet event: exit_ambient_mode
11-03 12:28:36.100270  2520  2520 D HOME    : [HotwordController]updateClient MODE_WATCH_FACE false false false true
11-03 12:28:36.100974  2520  2520 D HOME    : [WatchFaceUiController]setInAmbientMode false
11-03 12:28:36.101044  2520  2520 D HOME    : [WatchFaceUiController]sendWatchFaceServiceBinder
11-03 12:28:36.105696  1686  1686 I AmbientService: [ce6a28c] No auto-resume Activity.
11-03 12:28:36.106872  1686  1686 W AlarmManager: Unrecognized alarm listener com.android.server.job.controllers.-$$Lambda$IdleController$IdlenessTracker$nTdS-lGBXcES5VWKcJFmQFgU7IU@1ab437a
--------- switch to system
11-03 12:28:36.107689  1686  1686 W ContextImpl: Calling a method in the system process without a qualified user: android.app.ContextImpl.sendBroadcast:1020 android.content.ContextWrapper.sendBroadcast:449 com.google.android.wearable.ambient.AmbientDream.onDestroy:273 android.app.ActivityThread.handleStopService:3698 android.app.ActivityThread.access$1700:200 
--------- switch to main
11-03 12:28:36.113890  2520  2520 D HOME    : [WatchFaceUiController]sendStateToWallpaper
11-03 12:28:36.115228  2520  2520 D HOME    : [WatchFaceUiController]Showing watch face wallpaper.
11-03 12:28:36.115382  2520  2520 D HOME    : [WatchFaceUiController]sendStateToWallpaper
11-03 12:28:36.116242   512 14446 I sensors-hal: handle_indication_realtime:355,  SCHED_FIFO(10) for qmi_cbk
11-03 12:28:36.117658  2520  2520 D HOME    : [StreamDBQueue]Promised revision #5451 to queue a new op
11-03 12:28:36.117866  2520  2520 D WatchStreamManager: Promised rank-blocked=true @ r#5451
11-03 12:28:36.118292  2520  2520 D HOME    : [StreamDBQueue]Promised revision #5452 to queue a new op
11-03 12:28:36.118404  2520  2520 D WatchStreamManager: Promised rank-blocked=true @ r#5452
11-03 12:28:36.118676  2520 14104 D HOME    : [WatchStreamDB]Item alerting conditions - isInterruptive: true, recentlyInterrupted: false, isItemPinned: false, isUnread: false
11-03 12:28:36.118847  2520  2520 D HOME    : [TilesController]Tile refresh optimization is enabled.
11-03 12:28:36.118917  2520 14104 D HOME    : [StreamAlertingRegulator]isTheaterModeEnabled: false, isAlertingAllowedByOffBody: true, matchesLocalInterruptionFilter: true
11-03 12:28:36.119211  2520  2520 D HOME    : [EventBus]Wrapper pool is full. Discarding excess wrapper instance for event com.google.android.clockwork.sysui.events.KeyguardStateEvent
11-03 12:28:36.119284  2520  2520 D HOME    : [WatchFaceUiController]sendStateToWallpaper
11-03 12:28:36.120487  2520 14104 D HOME    : [WatchStreamDB]couldItemAlert: false, isTopItemChanged: false, isDeferralForTopItem: false
11-03 12:28:36.120836  2520  2520 D HOME    : [EventBus]Wrapper pool is full. Discarding excess wrapper instance for event com.google.android.clockwork.sysui.events.KeyguardStateEvent
11-03 12:28:36.121045  2520  2520 D HOME    : [EventBus]Wrapper pool is full. Discarding excess wrapper instance for event com.google.android.clockwork.sysui.events.KeyguardStateEvent
11-03 12:28:36.124758  2520  2520 D HOME    : [WatchFaceUiController]sendStateToWallpaper
11-03 12:28:36.131845  2520  2520 W StaticLayout: maxLineHeight should not be -1.  maxLines:1 lineCount:1
11-03 12:28:36.133826  2520 14104 D HOME    : [WatchStreamDB]Item alerting conditions - isInterruptive: true, recentlyInterrupted: false, isItemPinned: false, isUnread: false
11-03 12:28:36.139373  2520 14104 D HOME    : [StreamAlertingRegulator]isTheaterModeEnabled: false, isAlertingAllowedByOffBody: true, matchesLocalInterruptionFilter: true
11-03 12:28:36.142736  2520 14104 D HOME    : [WatchStreamDB]couldItemAlert: false, isTopItemChanged: false, isDeferralForTopItem: false
11-03 12:28:36.143437  1686  1686 E AlarmManager: cancel() called with a null PendingIntent
--------- switch to system
11-03 12:28:36.143693  1686  1686 V DreamService[AmbientDream]: onDestroy()
--------- switch to main
11-03 12:28:36.164026  2520  2520 D HOME    : [StreamDBQueue]Promised revision #5453 to queue a new op
11-03 12:28:36.164265  2520  2520 D WatchStreamManager: Promised rank-blocked=true @ r#5453
11-03 12:28:36.165566  2520 12958 D HOME    : [WatchStreamDB]Item alerting conditions - isInterruptive: true, recentlyInterrupted: false, isItemPinned: false, isUnread: false
11-03 12:28:36.183004  2520  2520 D HOME    : [WatchFaceUiController]sendWatchFaceServiceBinder
11-03 12:28:36.187378  2520  2520 D HOME    : [WatchFaceUiController]sendProperties
11-03 12:28:36.192892  2520  2520 D HOME    : [WatchFaceUiController]sendStateToWallpaper
11-03 12:28:36.208735  2520 12958 D HOME    : [StreamAlertingRegulator]isTheaterModeEnabled: false, isAlertingAllowedByOffBody: true, matchesLocalInterruptionFilter: true
11-03 12:28:36.209730  2520 12958 D HOME    : [WatchStreamDB]couldItemAlert: false, isTopItemChanged: false, isDeferralForTopItem: false
11-03 12:28:36.228437   512 14448 I sensors-hal: handle_indication_realtime:355,  SCHED_FIFO(10) for qmi_cbk
11-03 12:28:36.596729   512  1749 I sensors-hal: activate:107, android.sensor.light/46 en=0
11-03 12:28:36.599794   512  1749 I sensors-hal: activate:118, android.sensor.light/46 en=0 completed
11-03 12:28:36.606641   512  1749 I sensors-hal: batch:140, android.sensor.light/46, period=250000000, max_latency=0
11-03 12:28:36.606759   512  1749 I sensors-hal: batch:149, android.sensor.light/46, period=250000000, max_latency=0 request completed
11-03 12:28:36.609243   512  1749 I sensors-hal: activate:107, android.sensor.light/46 en=1
11-03 12:28:36.610057   512  1749 I sensors-hal: ssc_enable_rt_task:254, ssc_enable_rt_task : true
11-03 12:28:36.612123   512  1749 I sensors-hal: activate:118, android.sensor.light/46 en=1 completed
--------- switch to system
11-03 12:28:36.615826  1686  1686 V SettingsProvider: Notifying for 0: content://settings/system/screen_brightness
--------- switch to main
11-03 12:28:36.618525  1686  1686 I SidekickService: loadBrightnessLocked()
11-03 12:28:36.619841  1686  1686 D SidekickService: screenBrightness  = 58
11-03 12:28:36.620381  1686  1686 D SidekickService: sendConfigValuesLocked(): alsThresholds = [40, 92, 95, 100, 125, 150, 175, 200, 225, 250, 300, 400, 500, 800, 1200], brightnessValuesBright = [50, 56, 60, 70, 80, 90, 100, 115, 120, 140, 160, 180, 200, 220, 240, 255], brightnessValuesDim= [50, 56, 60, 70, 80, 90, 100, 115, 120, 140, 160, 180, 200, 220, 240, 255]
11-03 12:28:36.634700  1686  1686 D SidekickService: setAlsMode(): mode = 2, brightenAlpha = 80, dimmingAlpha = 80
11-03 12:28:36.641951  1686  1686 D SidekickService: setTwmConfig():: msTiltToBright = 10000, tiltToBright = false
11-03 12:28:36.687747   512 14452 I sensors-hal: handle_indication_realtime:355,  SCHED_FIFO(10) for qmi_cbk
11-03 12:28:39.314237   512  1749 I sensors-hal: batch:140, android.sensor.accelerometer/48, period=66667000, max_latency=100000000
11-03 12:28:39.319763   512  1749 I sensors-hal: batch:149, android.sensor.accelerometer/48, period=66667000, max_latency=100000000 request completed
11-03 12:28:39.322215  1686  1686 D DefaultUngazeDetector: Ungaze event occurred; emitting gesture event!
11-03 12:28:39.322349  1686  1686 D WristGestureCtrl: Gesture:GESTURE UNGAZE, timestamp(ms): 70395500, confidence: 0.0, latency(ms): 0, duration(ms): 3252
11-03 12:28:39.324988   512  1749 I sensors-hal: batch:140, android.sensor.accelerometer/48, period=19231000, max_latency=100000000
11-03 12:28:39.326622   512  1749 I sensors-hal: batch:149, android.sensor.accelerometer/48, period=19231000, max_latency=100000000 request completed
11-03 12:28:39.327458   512  1749 I sensors-hal: flush:169, android.sensor.accelerometer/48
11-03 12:28:39.328868   512  1749 I sensors-hal: flush:175, android.sensor.accelerometer/48 completed
--------- switch to system
11-03 12:28:39.329344  1686  1686 I WindowManager: sleepRelease() calling goToSleep(GO_TO_SLEEP_REASON_SLEEP_BUTTON)
11-03 12:28:39.329542  1686  1686 I PowerManagerService: Going to sleep due to sleep button (uid 1000)...
11-03 12:28:39.331644  1686  1712 I DreamManagerService: Entering dreamland.
11-03 12:28:39.332252  1686  1712 I PowerManagerService: Dozing...
11-03 12:28:39.333301  1686  1708 I DreamController: Starting dream: name=ComponentInfo{com.google.android.wearable.ambient/com.google.android.wearable.ambient.AmbientDream}, isTest=false, canDoze=true, userId=0
11-03 12:28:39.346468  1686  1686 W UsageStatsService: Event reported without a package name
11-03 12:28:39.372899  1686  1686 W ContextImpl: Calling a method in the system process without a qualified user: android.app.ContextImpl.bindService:1611 android.content.ContextWrapper.bindService:698 com.google.android.wearable.ambient.AmbientDream.onCreate:191 android.app.ActivityThread.handleCreateService:3533 android.app.ActivityThread.access$1300:200 
11-03 12:28:39.375150  1686  1686 W ContextImpl: Calling a method in the system process without a qualified user: android.app.ContextImpl.sendBroadcast:1005 android.content.ContextWrapper.sendBroadcast:444 com.google.android.wearable.ambient.AmbientDream.onCreate:241 android.app.ActivityThread.handleCreateService:3533 android.app.ActivityThread.access$1300:200 
11-03 12:28:39.375695  1686  1686 V DreamService[AmbientDream]: onBind() intent = Intent { act=android.service.dreams.DreamService flg=0x800000 cmp=com.google.android.wearable.ambient/.AmbientDream }
--------- switch to main
11-03 12:28:39.376912  1686  1686 I AmbientService: [ce6a28c] Ambient Created
--------- switch to system
11-03 12:28:39.377535  1686  1686 V DreamService[AmbientDream]: Calling onDreamingStarted()
--------- switch to main
11-03 12:28:39.377634  1686  1686 I AmbientService: [ce6a28c] doOnDreamingStarted
11-03 12:28:39.380270  1686  1686 D SidekickService: setShouldControlDisplay called: true
11-03 12:28:39.385397  1686  1686 I AmbientService: [ce6a28c] Selected running activity for ambient mode: AmbientActivity[component=ComponentInfo{com.google.android.wearable.app/com.google.android.clockwork.home2.activity.HomeActivity2}, callbacks=@210b385, running=true, ambientRequested=true, ambientEnabled=true, offloadEnabled=true]
11-03 12:28:39.386105  1686  1686 I AmbientService: [ce6a28c] Sidekick is ready to display, requesting doze.
11-03 12:28:39.387675  1686  1686 I AmbientService: [ce6a28c] No auto-resume Activity.
