11-03 12:29:58.270242  1686  1686 W UsageStatsService: Event reported without a package name
--------- switch to kernel
11-03 12:29:58.282531     0     0 E FG      : fg_psy_get_property: unsupported property 7
11-03 12:29:58.139522     0     0 W healthd : battery l=2 v=3670 t=27.0 h=2 st=3 c=5 fc=443000 cc=0 chg=
--------- switch to main
11-03 12:29:58.297838   512   512 I sensors-hal: batch:140, android.sensor.light/46, period=100000000, max_latency=0
11-03 12:29:58.297890   512   512 I sensors-hal: batch:149, android.sensor.light/46, period=100000000, max_latency=0 request completed
11-03 12:29:58.298162   512   512 I sensors-hal: activate:107, android.sensor.light/46 en=1
11-03 12:29:58.298885   512   512 I sensors-hal: ssc_enable_rt_task:254, ssc_enable_rt_task : true
11-03 12:29:58.300967   512   512 I sensors-hal: activate:118, android.sensor.light/46 en=1 completed
11-03 12:29:58.302554   545   545 D SurfaceFlinger: Set power mode=2, type=0 flinger=0xb6bb6000
--------- switch to system
11-03 12:29:58.302756  1686  1710 I DisplayManagerService: Display device changed state: "Écran intégré", ON
--------- switch to main
11-03 12:29:58.302799   504   762 I SDM     : DisplayBase::SetDisplayState: Set state = 1, display 0
11-03 12:29:58.306916   512   512 I sensors-hal: batch:140, android.sensor.accelerometer/48, period=66667000, max_latency=100000000
11-03 12:29:58.306968   512   512 I sensors-hal: batch:149, android.sensor.accelerometer/48, period=66667000, max_latency=100000000 request completed
11-03 12:29:58.307933   512   512 I sensors-hal: activate:107, android.sensor.accelerometer/48 en=1
11-03 12:29:58.308171   512   512 I sensors-hal: ssc_enable_rt_task:254, ssc_enable_rt_task : true
--------- switch to kernel
11-03 12:29:58.165189     0     0 I mdss_dsi_panel_set_idle_mode: Idle (1->0)
11-03 12:29:58.165871     0     0 E mdp3_enable_panic_ctrl: mdp3_enable_panic_ctrl: Enable Panic Control
11-03 12:29:58.165933     0     0 I         : [touch]FB_BLANK_UNBLANK
11-03 12:29:58.165936     0     0 I         : [touch]raydium_ts_do_resume, 1.
11-03 12:29:58.166177     0     0 I         : [ raydium ]workqueue is empty!
11-03 12:29:58.166187     0     0 I raydium_ts 5-0039: [touch]Already enable irq
11-03 12:29:58.166189     0     0 I         : [touch]Device may wakeup
--------- switch to main
11-03 12:29:58.311033   545   545 D SurfaceFlinger: Finished set power mode=2, type=0
11-03 12:29:58.319132   512   512 I sensors-hal: activate:118, android.sensor.accelerometer/48 en=1 completed
11-03 12:29:58.336139  1686  1759 I InputReader: Reconfiguring input devices.  changes=0x00000004
11-03 12:29:58.336289  4243  4243 D OMService: onDisplayChanged: not dozing
11-03 12:29:58.337700  1686  1799 E WifiStateMachine: getWifiLinkLayerStats called without an interface
--------- switch to system
11-03 12:29:58.337982  1686  1712 I DreamManagerService: Gently waking up from dream.
11-03 12:29:58.338424  1686  1708 I DreamManagerService: Performing gentle wake from dream.
11-03 12:29:58.344587  1686  1686 V DreamService[AmbientDream]: wakeUp(): fromSystem=true, mWaking=false, mFinished=false
11-03 12:29:58.344723  1686  1686 V DreamService[AmbientDream]: finish(): mFinished=false
11-03 12:29:58.344801  1686  1686 I DreamManagerService: Leaving dreamland.
--------- switch to main
11-03 12:29:58.346409  1956  1956 D QtiCarrierConfigHelper: WARNING, no carrier configs on phone Id: 0
--------- switch to system
11-03 12:29:58.349247  1686  1708 I DreamManagerService: Performing gentle wake from dream.
11-03 12:29:58.349407  1686  1708 I DreamController: Stopping dream: name=ComponentInfo{com.google.android.wearable.ambient/com.google.android.wearable.ambient.AmbientDream}, isTest=false, canDoze=true, userId=0
--------- switch to main
11-03 12:29:58.350833  2520  2520 D HOME    : [BatteryChange]action: android.intent.action.BATTERY_CHANGED
11-03 12:29:58.351216  2520 14469 D HOME    : [BatteryChange]HandleBatteryChangedTask
11-03 12:29:58.351583  2520 14469 D HOME    : [BatteryChange]level: 2, status: 3
11-03 12:29:58.352219  2520 14469 D HOME    : [BatteryChange]updateStreamItem
11-03 12:29:58.355037  3205  3434 W WorkController: Loading failed for worker [trainingcache]: worker not found
--------- switch to system
11-03 12:29:58.356071  1686  1702 W BroadcastQueue: Background execution not allowed: receiving Intent { act=android.intent.action.USER_PRESENT flg=0x10 } to com.google.android.gms/.auth.setup.devicesignals.LockScreenReceiver
--------- switch to kernel
11-03 12:29:58.216647     0     0 E bgrsb   : bgrsb_enable: rsb will set report rate
11-03 12:29:58.222430     0     0 E bgrsb   : bgrsb_enable: gpio 32 is valid
--------- switch to main
11-03 12:29:58.357726  3205  3294 W A       : TrainingCache cache DEVICE_UNLOCKED failure
11-03 12:29:58.357726  3205  3294 W A       : com.google.android.apps.gsa.search.core.service.h.a.a: No worker found for Worker ID [trainingcache].
11-03 12:29:58.357726  3205  3294 W A       : 	at com.google.android.apps.gsa.search.core.service.g.a.c.a(Unknown Source:5)
11-03 12:29:58.357726  3205  3294 W A       : 	at com.google.android.libraries.gsa.c.a.d.a(Unknown Source:3)
11-03 12:29:58.357726  3205  3294 W A       : 	at com.google.common.p.a.cg.c(Unknown Source:2)
11-03 12:29:58.357726  3205  3294 W A       : 	at com.google.common.p.a.bk.run(SourceFile:3)
11-03 12:29:58.357726  3205  3294 W A       : 	at com.google.common.p.a.ci.run(Unknown Source:4)
11-03 12:29:58.357726  3205  3294 W A       : 	at com.google.apps.tiktok.concurrent.ab.run(SourceFile:1)
11-03 12:29:58.357726  3205  3294 W A       : 	at java.util.concurrent.ThreadPoolExecutor.runWorker(ThreadPoolExecutor.java:1167)
11-03 12:29:58.357726  3205  3294 W A       : 	at java.util.concurrent.ThreadPoolExecutor$Worker.run(ThreadPoolExecutor.java:641)
11-03 12:29:58.357726  3205  3294 W A       : 	at com.google.apps.tiktok.concurrent.c.run(Unknown Source:4)
11-03 12:29:58.357726  3205  3294 W A       : 	at java.lang.Thread.run(Thread.java:764)
--------- switch to system
11-03 12:29:58.375466  1686  1702 W BroadcastQueue: Background execution not allowed: receiving Intent { act=android.intent.action.USER_PRESENT flg=0x10 } to com.google.android.gms/.chimera.GmsIntentOperationService$PersistentTrustedReceiver
11-03 12:29:58.387833  1686  1686 V DreamService[AmbientDream]: detach(): Calling onDreamingStopped()
--------- switch to main
11-03 12:29:58.387981  1686  1686 I AmbientService: [ce6a28c] doOnDreamingStopped
11-03 12:29:58.388056  1686  1686 D WristGestureCtrl: Starting: GesturesEnabled-false UngazeEnabled-true
11-03 12:29:58.388102  1686  1686 D DefaultUngazeDetector: starting
11-03 12:29:58.388157  1686  1686 D DefaultUngazeDetector: startUngazeStateEstimation(). startTime = 70477818
11-03 12:29:58.389882   512   512 I sensors-hal: batch:140, android.sensor.accelerometer/48, period=19231000, max_latency=100000000
11-03 12:29:58.395791  2520  2520 D HOME    : [HomeVisitsLogger]Logging streamlet event: visit_start
11-03 12:29:58.396068  2520  2520 D HOME    : [HomeVisitsLogger]Logging streamlet event: exit_ambient_mode
11-03 12:29:58.396777  2520  2520 D HOME    : [HotwordController]updateClient MODE_STREAM false false false true
11-03 12:29:58.397156  2520  2520 D HOME    : [AmbientUpdateScheduler]Unscheduling task 0
11-03 12:29:58.400123  2520  2520 D HOME    : [WatchFaceUiController]setInAmbientMode false
11-03 12:29:58.400217  2520  2520 D HOME    : [WatchFaceUiController]sendWatchFaceServiceBinder
11-03 12:29:58.400911   512   512 I sensors-hal: batch:149, android.sensor.accelerometer/48, period=19231000, max_latency=100000000 request completed
11-03 12:29:58.401810   512   512 I sensors-hal: flush:169, android.sensor.accelerometer/48
11-03 12:29:58.405473  2520 14469 D HOME    : [BatteryChange]batteryHistory size: 20'
11-03 12:29:58.405585  2520  2520 D HOME    : [WatchFaceUiController]sendStateToWallpaper
11-03 12:29:58.405712  2520 14469 D HOME    : [BatteryChange]timeDelta: 14565082
11-03 12:29:58.405853  2520 14469 D HOME    : [BatteryChange]levelDelta: 22
11-03 12:29:58.407856  2520  2520 D HOME    : [StreamDBQueue]Promised revision #5498 to queue a new op
11-03 12:29:58.408045  2520  2520 D WatchStreamManager: Promised rank-blocked=true @ r#5498
11-03 12:29:58.408340  2520  2520 D HOME    : [StreamDBQueue]Promised revision #5499 to queue a new op
11-03 12:29:58.408424  2520  2520 D WatchStreamManager: Promised rank-blocked=true @ r#5499
11-03 12:29:58.408851  2520  2520 D HOME    : [StreamPreviewer]ambient preview changed to interactive
11-03 12:29:58.409094  2520  2520 D HOME    : [TilesController]Tile refresh optimization is enabled.
11-03 12:29:58.409217  2520  2520 D HOME    : [WatchFaceUiController]sendStateToWallpaper
11-03 12:29:58.410631  2520  2520 D HOME    : [EventBus]Wrapper pool is full. Discarding excess wrapper instance for event com.google.android.clockwork.sysui.events.KeyguardStateEvent
11-03 12:29:58.410832  2520  2520 D HOME    : [EventBus]Wrapper pool is full. Discarding excess wrapper instance for event com.google.android.clockwork.sysui.events.KeyguardStateEvent
11-03 12:29:58.411585  2520  2520 D HOME    : [EventBus]Wrapper pool is full. Discarding excess wrapper instance for event com.google.android.clockwork.sysui.events.InteractivityEvent
11-03 12:29:58.411650  2520 13839 D HOME    : [WatchStreamDB]Item alerting conditions - isInterruptive: true, recentlyInterrupted: true, isItemPinned: false, isUnread: true
11-03 12:29:58.415047   512   512 I sensors-hal: flush:175, android.sensor.accelerometer/48 completed
11-03 12:29:58.415676  2520  2520 D HOME    : [WatchFaceUiController]sendStateToWallpaper
11-03 12:29:58.417806   512 14520 I sensors-hal: handle_indication_realtime:355,  SCHED_FIFO(10) for qmi_cbk
11-03 12:29:58.426132  2520 13839 D HOME    : [StreamAlertingRegulator]isTheaterModeEnabled: false, isAlertingAllowedByOffBody: true, matchesLocalInterruptionFilter: true
11-03 12:29:58.426487  2520 13839 D HOME    : [WatchStreamDB]couldItemAlert: false, isTopItemChanged: false, isDeferralForTopItem: false
11-03 12:29:58.427311  2520 13839 D HOME    : [WatchStreamDB]Item alerting conditions - isInterruptive: true, recentlyInterrupted: true, isItemPinned: false, isUnread: true
11-03 12:29:58.427594  2520 13839 D HOME    : [StreamAlertingRegulator]isTheaterModeEnabled: false, isAlertingAllowedByOffBody: true, matchesLocalInterruptionFilter: true
11-03 12:29:58.427781  2520 13839 D HOME    : [WatchStreamDB]couldItemAlert: false, isTopItemChanged: false, isDeferralForTopItem: false
11-03 12:29:58.431829  1686  1686 I AmbientService: [ce6a28c] No auto-resume Activity.
--------- switch to system
11-03 12:29:58.433039  1686  1686 W ContextImpl: Calling a method in the system process without a qualified user: android.app.ContextImpl.sendBroadcast:1020 android.content.ContextWrapper.sendBroadcast:449 com.google.android.wearable.ambient.AmbientDream.onDestroy:273 android.app.ActivityThread.handleStopService:3698 android.app.ActivityThread.access$1700:200 
--------- switch to main
11-03 12:29:58.433367  1686  1686 E AlarmManager: cancel() called with a null PendingIntent
--------- switch to system
11-03 12:29:58.433609  1686  1686 V DreamService[AmbientDream]: onDestroy()
--------- switch to main
11-03 12:29:58.446923  2520  2520 D HOME    : [CompactStreamCard]setStreamItem: StreamItem(StreamItemIdAndRevision{notifKey=-1|android|51|null|1000, packageName=android, id=51, revision=5494, originalRevision=4218, updateCount=11},AutoValue_StreamItemData{hidden=NOT_HIDDEN, title=24 chars, remoteNodeId=null, originalPackageName=android, localPackageName=android, tag=null, appName=Système Android, postTime=1635938990284, lastDiffedTime=1635938990284, lastPostedInterruptiveTime=1635938990284, user=UserHandle{-1}, onlyAlertOnce=false, vibrationPattern=null, isInterruptive=false, isGroupSummary=false, dismissalId=null, bridgeTag=null, isAncs=false})
11-03 12:29:58.463792  1686  1686 W AlarmManager: Unrecognized alarm listener com.android.server.job.controllers.-$$Lambda$IdleController$IdlenessTracker$nTdS-lGBXcES5VWKcJFmQFgU7IU@1ab437a
11-03 12:29:58.480582  2520  2520 W StaticLayout: maxLineHeight should not be -1.  maxLines:1 lineCount:1
11-03 12:29:58.505312  1686  1686 I WearPower: [WearTouchMediator] changing touch input to enabled (ON_AUTO)
11-03 12:29:58.506152  1686  1759 I InputReader: Reconfiguring input devices.  changes=0x00000200
--------- switch to kernel
11-03 12:29:58.372991     0     0 I init    : processing action (ro.enable_core_ctl=true && sys.cw_corectl_mode=perf) from (/vendor/etc/init/hw/init.qcom.rc:954)
11-03 12:29:58.374422     0     0 I CPU2    : update cpu_capacity 1024
11-03 12:29:58.375354     0     0 W         : IRQ21 no longer affine to CPU2
11-03 12:29:58.376209     0     0 I CPU2    : shutdown
11-03 12:29:58.378812     0     0 I CPU3    : update cpu_capacity 1024
11-03 12:29:58.380457     0     0 I CPU3    : shutdown
--------- switch to main
11-03 12:29:58.530036   512 14522 I sensors-hal: handle_indication_realtime:355,  SCHED_FIFO(10) for qmi_cbk
11-03 12:29:58.545314  1686  1686 W AlarmManagerProxy: Removing unknown listener
11-03 12:29:58.546632  1686  1686 W DefaultSettingsContentR: Value for ambient_low_bit_enabled not stored as number. Attempting parse as boolean.
11-03 12:29:58.559985  3205  3434 W WorkController: Loading failed for worker [trainingcache]: worker not found
11-03 12:29:58.560729  3205  3372 W A       : TrainingCache cache SCREEN_ON failure
11-03 12:29:58.560729  3205  3372 W A       : com.google.android.apps.gsa.search.core.service.h.a.a: No worker found for Worker ID [trainingcache].
11-03 12:29:58.560729  3205  3372 W A       : 	at com.google.android.apps.gsa.search.core.service.g.a.c.a(Unknown Source:5)
11-03 12:29:58.560729  3205  3372 W A       : 	at com.google.android.libraries.gsa.c.a.d.a(Unknown Source:3)
11-03 12:29:58.560729  3205  3372 W A       : 	at com.google.common.p.a.cg.c(Unknown Source:2)
11-03 12:29:58.560729  3205  3372 W A       : 	at com.google.common.p.a.bk.run(SourceFile:3)
11-03 12:29:58.560729  3205  3372 W A       : 	at com.google.common.p.a.ci.run(Unknown Source:4)
11-03 12:29:58.560729  3205  3372 W A       : 	at com.google.apps.tiktok.concurrent.ab.run(SourceFile:1)
11-03 12:29:58.560729  3205  3372 W A       : 	at java.util.concurrent.ThreadPoolExecutor.runWorker(ThreadPoolExecutor.java:1167)
11-03 12:29:58.560729  3205  3372 W A       : 	at java.util.concurrent.ThreadPoolExecutor$Worker.run(ThreadPoolExecutor.java:641)
11-03 12:29:58.560729  3205  3372 W A       : 	at com.google.apps.tiktok.concurrent.c.run(Unknown Source:4)
11-03 12:29:58.560729  3205  3372 W A       : 	at java.lang.Thread.run(Thread.java:764)
11-03 12:29:58.568338  2520 13839 W Resources: Drawable android:drawable/ic_menu_refresh has unresolved theme attributes! Consider using Resources.getDrawable(int, Theme) or Context.getDrawable(int).
11-03 12:29:58.568338  2520 13839 W Resources: java.lang.RuntimeException
11-03 12:29:58.568338  2520 13839 W Resources: 	at android.content.res.Resources.getDrawable(Resources.java:804)
11-03 12:29:58.568338  2520 13839 W Resources: 	at fyq.call(Unknown Source:2)
11-03 12:29:58.568338  2520 13839 W Resources: 	at bwk.call(Unknown Source:2)
11-03 12:29:58.568338  2520 13839 W Resources: 	at java.util.concurrent.FutureTask.run(FutureTask.java:266)
11-03 12:29:58.568338  2520 13839 W Resources: 	at bvw.run(AW782433232:6)
11-03 12:29:58.568338  2520 13839 W Resources: 	at bvy.run(AW782433232:5)
11-03 12:29:58.568338  2520 13839 W Resources: 	at java.util.concurrent.ThreadPoolExecutor.runWorker(ThreadPoolExecutor.java:1167)
11-03 12:29:58.568338  2520 13839 W Resources: 	at java.util.concurrent.ThreadPoolExecutor$Worker.run(ThreadPoolExecutor.java:641)
11-03 12:29:58.568338  2520 13839 W Resources: 	at bvl.run(AW782433232:4)
11-03 12:29:58.568338  2520 13839 W Resources: 	at java.lang.Thread.run(Thread.java:764)
11-03 12:29:58.666301  2520  2520 D HOME    : [StreamDBQueue]Promised revision #5500 to queue a new op
11-03 12:29:58.666671  2520  2520 D WatchStreamManager: Promised rank-blocked=true @ r#5500
11-03 12:29:58.667356  2520  2520 D HOME    : [StreamPreviewer]preview StreamItemId{notifKey=-1|android|51|null|1000, packageName=android, id=51} ambient=false screenOff=false onWatchface=true streamUsage=HUN_STREAM ambientPreviewEnabled=true
11-03 12:29:58.667447  2520  2520 D HOME    : [StreamPreviewer]HUN preview
11-03 12:29:58.671908  2520 13839 D HOME    : [WatchStreamDB]Item alerting conditions - isInterruptive: true, recentlyInterrupted: true, isItemPinned: false, isUnread: true
11-03 12:29:58.672478  2520 13839 D HOME    : [StreamAlertingRegulator]isTheaterModeEnabled: false, isAlertingAllowedByOffBody: true, matchesLocalInterruptionFilter: true
11-03 12:29:58.672772  2520 13839 D HOME    : [WatchStreamDB]couldItemAlert: false, isTopItemChanged: false, isDeferralForTopItem: false
11-03 12:29:58.803452  3205  3219 I earchbox:searc: Background concurrent copying GC freed 16978(1472KB) AllocSpace objects, 0(0B) LOS objects, 24% free, 4MB/6MB, paused 105us total 243.926ms
11-03 12:29:58.897654   512   512 I sensors-hal: activate:107, android.sensor.light/46 en=0
11-03 12:29:58.899384   512   512 I sensors-hal: activate:118, android.sensor.light/46 en=0 completed
11-03 12:29:58.901319   512   512 I sensors-hal: batch:140, android.sensor.light/46, period=250000000, max_latency=0
11-03 12:29:58.901385   512   512 I sensors-hal: batch:149, android.sensor.light/46, period=250000000, max_latency=0 request completed
11-03 12:29:58.901693   512   512 I sensors-hal: activate:107, android.sensor.light/46 en=1
11-03 12:29:58.901941   512   512 I sensors-hal: ssc_enable_rt_task:254, ssc_enable_rt_task : true
11-03 12:29:58.903867  2520  2541 I id.wearable.ap: Background concurrent copying GC freed 71625(2MB) AllocSpace objects, 2(104KB) LOS objects, 25% free, 8MB/11MB, paused 213us total 446.564ms
11-03 12:29:58.906240   512   512 I sensors-hal: activate:118, android.sensor.light/46 en=1 completed
11-03 12:29:58.988361   512 14532 I sensors-hal: handle_indication_realtime:355,  SCHED_FIFO(10) for qmi_cbk
11-03 12:30:00.011100  2520  2714 D HOME    : [TickMonitor]Received time tick
11-03 12:30:00.011389  2520  2714 D HOME    : [TickMonitor]handleTimeTick() finished
11-03 12:30:02.325079  3316 14533 E memtrack: Couldn't load memtrack module
11-03 12:30:02.325220  3316 14533 W android.os.Debug: failed to get memory consumption info: -1
11-03 12:30:02.916786   512   512 I sensors-hal: batch:140, android.sensor.accelerometer/48, period=66667000, max_latency=100000000
11-03 12:30:02.919397   512   512 I sensors-hal: batch:149, android.sensor.accelerometer/48, period=66667000, max_latency=100000000 request completed
11-03 12:30:02.921885   512   512 I sensors-hal: batch:140, android.sensor.accelerometer/48, period=19231000, max_latency=100000000
11-03 12:30:02.923803   512   512 I sensors-hal: batch:149, android.sensor.accelerometer/48, period=19231000, max_latency=100000000 request completed
11-03 12:30:02.924310   512   512 I sensors-hal: flush:169, android.sensor.accelerometer/48
11-03 12:30:02.930940   512   512 I sensors-hal: flush:175, android.sensor.accelerometer/48 completed
11-03 12:30:04.182558  1686  1686 D HandsFreeClientShard: Connecting HandsFree client profile (retry).
11-03 12:30:04.185193  1686  1686 D BluetoothHeadsetClient: disconnect(14:3C:C3:AD:3D:53)
11-03 12:30:04.186701  1686  1686 D BluetoothHeadsetClient: connect(14:3C:C3:AD:3D:53)
11-03 12:30:04.195284 10095 10167 D HeadsetClientStateMachine: Disconnected process message: 1
11-03 12:30:04.198839 10095 10133 I bt_btif_queue: queue_int_add: adding connection request: address=14:3c:c3:ad:3d:53 UUID=111E busy=false
11-03 12:30:04.198933 10095 10133 I bt_btif_queue: btif_queue_connect_next: executing connection request: address=14:3c:c3:ad:3d:53 UUID=111E busy=false
11-03 12:30:04.198963 10095 10133 E bt_btif : is_connected: not connected!
11-03 12:30:04.199007 10095 10133 W bt_btif : bta_hf_client_find_cb_by_bda: bdaddr mismatch for handle 0 alloc 0
11-03 12:30:04.199031 10095 10133 W bt_btif : bta_hf_client_find_cb_by_bda: bdaddr mismatch for handle 1 alloc 0
11-03 12:30:04.199052 10095 10133 W bt_btif : bta_hf_client_find_cb_by_bda: bdaddr mismatch for handle 2 alloc 0
11-03 12:30:04.199075 10095 10133 W bt_btif : bta_hf_client_find_cb_by_bda: bdaddr mismatch for handle 3 alloc 0
11-03 12:30:04.199095 10095 10133 W bt_btif : bta_hf_client_find_cb_by_bda: bdaddr mismatch for handle 4 alloc 0
11-03 12:30:04.199116 10095 10133 W bt_btif : bta_hf_client_find_cb_by_bda: bdaddr mismatch for handle 5 alloc 0
11-03 12:30:04.199137 10095 10133 W bt_btif : bta_hf_client_find_cb_by_bda: bdaddr mismatch for handle 6 alloc 0
11-03 12:30:04.199159 10095 10133 W bt_btif : bta_hf_client_find_cb_by_bda: bdaddr mismatch for handle 7 alloc 0
11-03 12:30:04.199178 10095 10133 W bt_btif : bta_hf_client_find_cb_by_bda: bdaddr mismatch for handle 8 alloc 0
11-03 12:30:04.199198 10095 10133 W bt_btif : bta_hf_client_find_cb_by_bda: bdaddr mismatch for handle 9 alloc 0
11-03 12:30:04.199218 10095 10133 E bt_btif : bta_hf_client_find_cb_by_bda: block not found
11-03 12:30:04.205949 10095 10095 D AdapterProperties: PROFILE_CONNECTION_STATE_CHANGE: profile=16, device=14:3C:C3:AD:3D:53, 0 -> 1
11-03 12:30:04.205943  5603  5603 D BtTelecomReceiver: onReceive: Intent { act=android.bluetooth.headsetclient.profile.action.CONNECTION_STATE_CHANGED flg=0x10 cmp=com.google.android.apps.wearable.bluetooth/com.google.android.clockwork.hfp.BtTelecomBroadcastReceiver (has extras) }
11-03 12:30:04.206139  5603  5603 D BtTelecomReceiver: Hfp connection changed: -724754873 0 -> 1
11-03 12:30:04.206237 10095 10095 D AdapterProperties: ADAPTER_CONNECTION_STATE_CHANGE: 14:3C:C3:AD:3D:53: 0 -> 1
--------- switch to system
11-03 12:30:04.212170  1686  1698 W BroadcastQueue: Background execution not allowed: receiving Intent { act=android.bluetooth.adapter.action.CONNECTION_STATE_CHANGED flg=0x4000010 (has extras) } to com.google.android.gms/.chimera.GmsIntentOperationService$PersistentTrustedReceiver
--------- switch to main
11-03 12:30:04.314502  3338 14534 E memtrack: Couldn't load memtrack module
11-03 12:30:04.314600  3338 14534 W android.os.Debug: failed to get memory consumption info: -1
11-03 12:30:05.644748   512  1749 I sensors-hal: batch:140, android.sensor.accelerometer/48, period=66667000, max_latency=100000000
11-03 12:30:05.647615   512  1749 I sensors-hal: batch:149, android.sensor.accelerometer/48, period=66667000, max_latency=100000000 request completed
11-03 12:30:05.648830  1686  1686 D DefaultUngazeDetector: Ungaze event occurred; emitting gesture event!
11-03 12:30:05.648996  1686  1686 D WristGestureCtrl: Gesture:GESTURE UNGAZE, timestamp(ms): 70477818, confidence: 0.0, latency(ms): 0, duration(ms): 7261
11-03 12:30:05.650450   512  1749 I sensors-hal: batch:140, android.sensor.accelerometer/48, period=19231000, max_latency=100000000
11-03 12:30:05.652264   512  1749 I sensors-hal: batch:149, android.sensor.accelerometer/48, period=19231000, max_latency=100000000 request completed
11-03 12:30:05.653079   512  1749 I sensors-hal: flush:169, android.sensor.accelerometer/48
--------- switch to system
11-03 12:30:05.654321  1686  1686 I WindowManager: sleepRelease() calling goToSleep(GO_TO_SLEEP_REASON_SLEEP_BUTTON)
--------- switch to main
11-03 12:30:05.659748   512  1749 I sensors-hal: flush:175, android.sensor.accelerometer/48 completed
--------- switch to system
11-03 12:30:05.663957  1686  1686 I PowerManagerService: Going to sleep due to sleep button (uid 1000)...
11-03 12:30:05.665912  1686  1712 I DreamManagerService: Entering dreamland.
11-03 12:30:05.666076  1686  1686 W UsageStatsService: Event reported without a package name
11-03 12:30:05.666599  1686  1712 I PowerManagerService: Dozing...
11-03 12:30:05.686215  1686  1708 I DreamController: Starting dream: name=ComponentInfo{com.google.android.wearable.ambient/com.google.android.wearable.ambient.AmbientDream}, isTest=false, canDoze=true, userId=0
11-03 12:30:05.705677  1686  1686 W ContextImpl: Calling a method in the system process without a qualified user: android.app.ContextImpl.bindService:1611 android.content.ContextWrapper.bindService:698 com.google.android.wearable.ambient.AmbientDream.onCreate:191 android.app.ActivityThread.handleCreateService:3533 android.app.ActivityThread.access$1300:200 
11-03 12:30:05.709776  1686  1686 W ContextImpl: Calling a method in the system process without a qualified user: android.app.ContextImpl.sendBroadcast:1005 android.content.ContextWrapper.sendBroadcast:444 com.google.android.wearable.ambient.AmbientDream.onCreate:241 android.app.ActivityThread.handleCreateService:3533 android.app.ActivityThread.access$1300:200 
11-03 12:30:05.710434  1686  1686 V DreamService[AmbientDream]: onBind() intent = Intent { act=android.service.dreams.DreamService flg=0x800000 cmp=com.google.android.wearable.ambient/.AmbientDream }
--------- switch to main
11-03 12:30:05.711494  1686  1686 I AmbientService: [ce6a28c] Ambient Created
--------- switch to system
11-03 12:30:05.712115  1686  1686 V DreamService[AmbientDream]: Calling onDreamingStarted()
--------- switch to main
11-03 12:30:05.712215  1686  1686 I AmbientService: [ce6a28c] doOnDreamingStarted
11-03 12:30:05.712579  1686  1686 D SidekickService: setShouldControlDisplay called: false
11-03 12:30:05.713221  1686  1686 I AmbientService: [ce6a28c] Selected running activity for ambient mode: AmbientActivity[component=ComponentInfo{com.google.android.wearable.app/com.google.android.clockwork.home2.activity.HomeActivity2}, callbacks=@210b385, running=true, ambientRequested=true, ambientEnabled=true, offloadEnabled=false]
11-03 12:30:05.713718  1686  1686 I AmbientService: [ce6a28c] Offload not possible, requesting doze.
11-03 12:30:05.714225  1686  1686 I AmbientService: [ce6a28c] No auto-resume Activity.
11-03 12:30:05.715502  1686  1686 W DefaultSettingsContentR: Value for ambient_low_bit_enabled not stored as number. Attempting parse as boolean.
11-03 12:30:05.717223  2520  2520 D HOME    : [HomeVisitsLogger]Logging streamlet event: enter_ambient_mode
11-03 12:30:05.717819  2520 14469 D HOME    : [HomeVisitsLogger]Logging streamlet event: visit_end
11-03 12:30:05.717855  2520  2520 D HOME    : [HotwordController]updateClient MODE_STREAM false true false true
11-03 12:30:05.727218  1686  1686 D WristGestureCtrl: Stopping detectors: GesturesEnabled-false gestureDetector-false ungazeEnabled-true ungaze-true
11-03 12:30:05.727293  1686  1686 D DefaultUngazeDetector: stopping
11-03 12:30:05.730227   512  1749 I sensors-hal: batch:140, android.sensor.accelerometer/48, period=66667000, max_latency=100000000
11-03 12:30:05.746999   512  1749 I sensors-hal: batch:149, android.sensor.accelerometer/48, period=66667000, max_latency=100000000 request completed
11-03 12:30:05.761497  2520  2520 D HOME    : [WatchFaceUiController]setInAmbientMode true
11-03 12:30:05.762190  2520 13839 I SidekickManager: replaceWatchFaceComponentsImpl(): watchFace = com.google.android.clockwork.decomposablewatchface.WatchFaceDecomposition@6810682
11-03 12:30:05.762963  2520  2520 D HOME    : [StreamDBQueue]Promised revision #5501 to queue a new op
11-03 12:30:05.763176  2520  2520 D WatchStreamManager: Promised rank-blocked=false @ r#5501
11-03 12:30:05.763512  2520  2520 D HOME    : [StreamDBQueue]Promised revision #5502 to queue a new op
11-03 12:30:05.763617  2520  2520 D WatchStreamManager: Promised rank-blocked=false @ r#5502
11-03 12:30:05.763874  1686  2014 D SidekickService: sendWatchFaceComponents called: watchFace = com.google.android.clockwork.decomposablewatchface.WatchFaceDecomposition@8865e3fshouldReplace = false
11-03 12:30:05.764078  1686  2014 D SidekickService: Check decomposition for calling app com.google.android.wearable.app with uid 10049
11-03 12:30:05.764228  2520  2520 D HOME    : [StreamDBQueue]Promised revision #5503 to queue a new op
11-03 12:30:05.764339  2520  2520 D WatchStreamManager: Promised mark-all-read @ r#5503
11-03 12:30:05.764415  1686  2014 D SidekickService: sendWatchFaceLocked(): shouldReplace = false, mSidekickIsControlling = false, 1 images, 0 fonts, 0 numbers, 0 proportionalFonts, 0 strings
11-03 12:30:05.764460  1686  2014 D SidekickService: ISidekickGraphics#beginResources()...
11-03 12:30:05.764940  2520 12958 D HOME    : [StreamDBQueue]Promised revision #5504 to queue a new op
11-03 12:30:05.764962  2520 14469 D HOME    : [WatchStreamDB]Item alerting conditions - isInterruptive: true, recentlyInterrupted: true, isItemPinned: false, isUnread: true
11-03 12:30:05.765048  2520 12958 D WatchStreamManager: Promised rerank @ r#5504
11-03 12:30:05.765191  2520 14469 D HOME    : [StreamAlertingRegulator]isTheaterModeEnabled: false, isAlertingAllowedByOffBody: true, matchesLocalInterruptionFilter: true
11-03 12:30:05.765396  2520 14469 D HOME    : [WatchStreamDB]couldItemAlert: false, isTopItemChanged: false, isDeferralForTopItem: false
11-03 12:30:05.765883  1686  2014 D SidekickServiceUtils: bitmapFromDrawable: Returning bitmap directly
11-03 12:30:05.766143  2520 14469 D HOME    : [WatchStreamDB]Item alerting conditions - isInterruptive: true, recentlyInterrupted: true, isItemPinned: false, isUnread: true
11-03 12:30:05.766432  2520 14469 D HOME    : [StreamAlertingRegulator]isTheaterModeEnabled: false, isAlertingAllowedByOffBody: true, matchesLocalInterruptionFilter: true
11-03 12:30:05.766622  2520 14469 D HOME    : [WatchStreamDB]couldItemAlert: false, isTopItemChanged: false, isDeferralForTopItem: false
11-03 12:30:05.767360  2520 14469 D HOME    : [WatchStreamDB]Item alerting conditions - isInterruptive: true, recentlyInterrupted: true, isItemPinned: false, isUnread: false
11-03 12:30:05.767523  1686  2014 D SidekickService: sendBitmapsLocked(): bounds = RectF(0.47115386, 0.33653846, 0.52884614, 0.39423078), drawableInfo = {.id = 100000, .width = 24, .height = 24, .display = true, .offsetX = 193.0, .offsetY = 137.0, .rotationInfo = {.hasRotation = false, .pivotX = 0.0, .pivotY = 0.0, .degreesPerDay = 0.0, .degreesPerStep = 0.0, .zeroDegreesTime = {.daysSinceLocalEpoch = 0, .msSinceMidnight = 0}}, .transformInfo = {.transformed = false, .flipX = false, .flipY = false, .flip45 = false, .scaleX = 0.0, .scaleY = 0.0}, .type = GENERIC, .blink = {.blinking = false, .periodOnMs = 0.0, .periodOffMs = 0.0, .startTime = {.daysSinceLocalEpoch = 0, .msSinceMidnight = 0}}, .zOrder = 8, .displayInTwm = true}, image.size() = 97
11-03 12:30:05.767615  2520 14469 D HOME    : [StreamAlertingRegulator]isTheaterModeEnabled: false, isAlertingAllowedByOffBody: true, matchesLocalInterruptionFilter: true
11-03 12:30:05.767788  2520 14469 D HOME    : [WatchStreamDB]couldItemAlert: false, isTopItemChanged: false, isDeferralForTopItem: false
11-03 12:30:05.768376   416  1715 D SKGHAL  : saveResource: resId = 100000
11-03 12:30:05.769281  1686  2014 D SidekickService: sendBitmapsLocked(): status = 0, bytesUsed = 64
11-03 12:30:05.769452  1686  2014 D SidekickService: ISidekickGraphics#endResources()...
11-03 12:30:05.784941  2520 14469 D HOME    : [NewStreamAdapter]Publishing revision #5503 to adapter clients
11-03 12:30:05.786466  2520  2520 D HOME    : [WatchFaceUiController]sendStateToWallpaper
11-03 12:30:05.788633  2520  2520 D HOME    : [HotwordController]updateClient MODE_WATCH_FACE false true false true
11-03 12:30:05.788960  2520  2520 D HOME    : [EventBus]Wrapper pool is full. Discarding excess wrapper instance for event hoq
11-03 12:30:05.793208  2520  2520 D HOME    : [EventBus]Wrapper pool is full. Discarding excess wrapper instance for event hoq
11-03 12:30:05.794380  1686  2583 I AmbientService: [ce6a28c] Offloadability changed in ambient mode for: AmbientActivity[component=ComponentInfo{com.google.android.wearable.app/com.google.android.clockwork.home2.activity.HomeActivity2}, callbacks=@210b385, running=true, ambientRequested=true, ambientEnabled=true, offloadEnabled=true], new state: true
11-03 12:30:05.794455  1686  2583 I AmbientService: [ce6a28c] Potentially updating doze command
11-03 12:30:05.795052  1686  2583 D SidekickService: setShouldControlDisplay called: true
11-03 12:30:05.797206  2520 14469 D HOME    : [WatchStreamDB]updateRanking()
11-03 12:30:05.798199  2520 14469 D HOME    : [WatchStreamDB]Item alerting conditions - isInterruptive: true, recentlyInterrupted: true, isItemPinned: false, isUnread: false
11-03 12:30:05.798870  2520 14469 D HOME    : [StreamAlertingRegulator]isTheaterModeEnabled: false, isAlertingAllowedByOffBody: true, matchesLocalInterruptionFilter: true
11-03 12:30:05.799156  2520 14469 D HOME    : [WatchStreamDB]couldItemAlert: false, isTopItemChanged: false, isDeferralForTopItem: false
11-03 12:30:05.799702  2520 14469 D HOME    : [NewStreamAdapter]Publishing revision #5504 to adapter clients
11-03 12:30:05.800595  2520 12958 D HOME    : [StreamDBQueue]Promised revision #5505 to queue a new op
11-03 12:30:05.800837  2520 12958 D WatchStreamManager: Promised rerank @ r#5505
11-03 12:30:05.800891  2520 14469 D HOME    : [WatchStreamDB]updateRanking()
11-03 12:30:05.801355  2520 14469 D HOME    : [WatchStreamDB]Item alerting conditions - isInterruptive: true, recentlyInterrupted: true, isItemPinned: false, isUnread: false
11-03 12:30:05.801641  2520 14469 D HOME    : [StreamAlertingRegulator]isTheaterModeEnabled: false, isAlertingAllowedByOffBody: true, matchesLocalInterruptionFilter: true
11-03 12:30:05.801820  2520 14469 D HOME    : [WatchStreamDB]couldItemAlert: false, isTopItemChanged: false, isDeferralForTopItem: false
11-03 12:30:05.802298  2520 14469 D HOME    : [NewStreamAdapter]Publishing revision #5505 to adapter clients
11-03 12:30:06.026283   416  1715 D SKGHAL  : sendResources: metadata size = 2400, font size = 72
11-03 12:30:06.092661   416  1715 D SKGHAL  : endResources: rc = 0
11-03 12:30:06.093429  1686  2583 W system_server: Long monitor contention with owner Binder:1686_5 (2014) at int com.google.android.clockwork.sidekick.SidekickService$BinderService.sendWatchFace(com.google.android.clockwork.decomposablewatchface.WatchFaceDecomposition, boolean)(SidekickService.java:1021) waiters=0 in void com.google.android.clockwork.sidekick.SidekickService$BinderService.setShouldControlDisplay(boolean) for 298ms
11-03 12:30:06.094536  1686  2583 I AmbientService: [ce6a28c] Selected running activity for ambient mode: AmbientActivity[component=ComponentInfo{com.google.android.wearable.app/com.google.android.clockwork.home2.activity.HomeActivity2}, callbacks=@210b385, running=true, ambientRequested=true, ambientEnabled=true, offloadEnabled=true]
11-03 12:30:06.095259  1686  2583 I AmbientService: [ce6a28c] Sidekick is ready to display, requesting doze.
11-03 12:30:06.096148  1686  2583 I AmbientService: [ce6a28c] No auto-resume Activity.
11-03 12:30:06.097875  1686  2583 W DefaultSettingsContentR: Value for ambient_low_bit_enabled not stored as number. Attempting parse as boolean.
11-03 12:30:06.101412  1686  2583 I AmbientService: [ce6a28c] Showing watch face in offload mode, canceling alarm.
11-03 12:30:06.106331  2520  2520 D HOME    : [EventBus]Wrapper pool is full. Discarding excess wrapper instance for event hoq
11-03 12:30:06.106881  2520  2520 I chatty  : uid=10049(com.google.android.wearable.app) identical 1 line
11-03 12:30:06.107120  2520  2520 D HOME    : [EventBus]Wrapper pool is full. Discarding excess wrapper instance for event hoq
11-03 12:30:06.107351  2520  2520 D HOME    : [StreamModule]Updating gaze alerter state: inWetMode=false focused=true uiMode=MODE_WATCH_FACE
11-03 12:30:06.107537  2520  2520 D HOME    : [EventBus]Wrapper pool is full. Discarding excess wrapper instance for event hoq
11-03 12:30:06.107770  2520  2520 D HOME    : [EventBus]Wrapper pool is full. Discarding excess wrapper instance for event hoq
11-03 12:30:06.125249  2520  2520 W StaticLayout: maxLineHeight should not be -1.  maxLines:1 lineCount:1
11-03 12:30:06.127164  2520  2520 D HOME    : [CompactStreamCard]setStreamItem: StreamItem(StreamItemIdAndRevision{notifKey=-1|android|51|null|1000, packageName=android, id=51, revision=5494, originalRevision=4218, updateCount=11},AutoValue_StreamItemData{hidden=NOT_HIDDEN, title=24 chars, remoteNodeId=null, originalPackageName=android, localPackageName=android, tag=null, appName=Système Android, postTime=1635938990284, lastDiffedTime=1635938990284, lastPostedInterruptiveTime=1635938990284, user=UserHandle{-1}, onlyAlertOnce=false, vibrationPattern=null, isInterruptive=false, isGroupSummary=false, dismissalId=null, bridgeTag=null, isAncs=false})
11-03 12:30:06.134437  2520  2520 W StaticLayout: maxLineHeight should not be -1.  maxLines:1 lineCount:1
11-03 12:30:06.136318  2520  2520 W StaticLayout: maxLineHeight should not be -1.  maxLines:1 lineCount:1
11-03 12:30:06.157588  1956  1956 D QtiCarrierConfigHelper: WARNING, no carrier configs on phone Id: 0
--------- switch to kernel
11-03 12:30:06.004777     0     0 E FG      : fg_psy_get_property: unsupported property 7
11-03 12:30:06.006429     0     0 W healthd : battery l=2 v=3574 t=27.0 h=2 st=3 c=154 fc=443000 cc=0 chg=
--------- switch to main
11-03 12:30:06.165798  2520  2520 D HOME    : [NotificationCountModule]Dispatching the NotificationCountEvent in home module
11-03 12:30:06.167410  2520  2520 D HOME    : [TopNotificationReceiver]Sending request to TopNotificationProviderService for complication update
11-03 12:30:06.170109  2520  2520 D HOME    : [UnreadNotifReceiver]Sending request to UnreadNotificationsProviderService for complication update
11-03 12:30:06.176126  2520  2520 D HOME    : [WatchFaceUiController]sendStateToWallpaper
11-03 12:30:06.177265   512   512 I sensors-hal: activate:107, android.sensor.light/46 en=0
11-03 12:30:06.179372  2520  2520 D HOME    : [SidekickManagerAsync]replaceWatchFaceComponents(): Callback#onResult(): 0
11-03 12:30:06.179962   512   512 I sensors-hal: activate:118, android.sensor.light/46 en=0 completed
11-03 12:30:06.184046   545   545 D SurfaceFlinger: Set power mode=3, type=0 flinger=0xb6bb6000
--------- switch to system
11-03 12:30:06.184534  1686  1710 I DisplayManagerService: Display device changed state: "Écran intégré", DOZE_SUSPEND
--------- switch to main
11-03 12:30:06.184710   504   762 I SDM     : DisplayBase::SetDisplayState: Set state = 3, display 0
11-03 12:30:06.198065  2520 13839 D HOME    : [ComplicationController]scheduleImmediateUpdateForAllFromProvider ComponentInfo{com.google.android.wearable.app/com.google.android.clockwork.wcs.notification.complication.TopNotificationProviderService}
11-03 12:30:06.198411  2520 13839 D HOME    : [ComplicationController]scheduleImmediateUpdateForAllFromProvider ComponentInfo{com.google.android.wearable.app/com.google.android.clockwork.home.complications.providers.UnreadNotificationsProviderService}
11-03 12:30:06.203028  1686  1759 I InputReader: Reconfiguring input devices.  changes=0x00000004
11-03 12:30:06.209994  2520  2520 D HOME    : [BatteryChange]action: android.intent.action.BATTERY_CHANGED
11-03 12:30:06.211014  2520  2520 D HOME    : [WatchFaceUiController]Complication updates sent, posting watch face hiding
11-03 12:30:06.211103  2520  2520 D HOME    : [WatchFaceUiController]Still in ambient watch face, hiding
11-03 12:30:06.211686  2520 13839 D HOME    : [BatteryChange]HandleBatteryChangedTask
11-03 12:30:06.212068  2520 13839 D HOME    : [BatteryChange]level: 2, status: 3
11-03 12:30:06.222067   545   545 D SurfaceFlinger: Finished set power mode=3, type=0
--------- switch to kernel
11-03 12:30:06.040182     0     0 I mdss_dsi_panel_set_idle_mode: Idle (0->1)
11-03 12:30:06.074847     0     0 I         : [touch]FB_BLANK_VSYNC_SUSPEND
11-03 12:30:06.074853     0     0 I         : [touch]irq disable
11-03 12:30:06.074857     0     0 I         : [touch]workqueue is empty!
11-03 12:30:06.074860     0     0 I         : [touch]raydium_ts_do_suspend.
11-03 12:30:06.074868     0     0 I         : [touch]Device may wakeup
11-03 12:30:06.077271     0     0 I         : [touch]irq enable
--------- switch to main
11-03 12:30:06.223964  1686  1823 I SidekickService: beginDisplayLocked(): DOZE_SUSPEND
11-03 12:30:06.231378   416  1715 D SKGHAL  : sendAmbientPrepare: enter:
11-03 12:30:06.239908  2520 13839 D HOME    : [BatteryChange]updateStreamItem
11-03 12:30:06.249822  2520 13839 D HOME    : [BatteryChange]batteryHistory size: 20'
11-03 12:30:06.250077  2520 13839 D HOME    : [BatteryChange]timeDelta: 14565082
11-03 12:30:06.250239  2520 13839 D HOME    : [BatteryChange]levelDelta: 22
11-03 12:30:06.360592   416  1715 D SKGHAL  : sendAmbientEvent: enter: enable = 1
11-03 12:30:06.375224   504   523 I SDM     : DisplayBase::SetDisplayState: Set state = 4, display 0
11-03 12:30:06.465904   504   523 D SDM     : HWCDisplayPrimary::SetStandByMode: Null display is connected successfully
11-03 12:30:06.466595   416  1715 D SKGHAL  : standBy_update_control call succeed on 1
11-03 12:30:06.492041   416  1715 D SKGHAL  : sendAmbientEvent: done: enable = 1
11-03 12:30:06.494384  1686  1823 D SidekickService:    ... beginDisplay result: 0 for halPower: 1
11-03 12:30:06.514768   512   512 I sensors-hal: activate:107, android.sensor.accelerometer/48 en=0
11-03 12:30:06.516437   512   512 I sensors-hal: activate:118, android.sensor.accelerometer/48 en=0 completed
--------- switch to kernel
11-03 12:30:06.371922     0     0 E bgrsb   : bgrsb_enable: gpio 32 is valid
--------- switch to main
11-03 12:30:06.533543  1686  1799 E WifiStateMachine: getWifiLinkLayerStats called without an interface
11-03 12:30:06.559127  1686  1686 I WearPower: [WearTouchMediator] changing touch input to enabled (ON_AUTO)
11-03 12:30:06.560405  1686  1759 I InputReader: Reconfiguring input devices.  changes=0x00000200
--------- switch to kernel
11-03 12:30:06.418451     0     0 I init    : processing action (ro.enable_core_ctl=true && sys.cw_corectl_mode=idle) from (/vendor/etc/init/hw/init.qcom.rc:949)
--------- switch to main
11-03 12:30:06.569185  1686  1686 I AmbientService: [ce6a28c] Timeout alarm not required, auto-resume timeout handled by dream.
11-03 12:30:06.576023  3205  3434 W WorkController: Loading failed for worker [trainingcache]: worker not found
11-03 12:30:06.576897  3205  3294 W A       : TrainingCache cache SCREEN_OFF failure
11-03 12:30:06.576897  3205  3294 W A       : com.google.android.apps.gsa.search.core.service.h.a.a: No worker found for Worker ID [trainingcache].
11-03 12:30:06.576897  3205  3294 W A       : 	at com.google.android.apps.gsa.search.core.service.g.a.c.a(Unknown Source:5)
11-03 12:30:06.576897  3205  3294 W A       : 	at com.google.android.libraries.gsa.c.a.d.a(Unknown Source:3)
11-03 12:30:06.576897  3205  3294 W A       : 	at com.google.common.p.a.cg.c(Unknown Source:2)
11-03 12:30:06.576897  3205  3294 W A       : 	at com.google.common.p.a.bk.run(SourceFile:3)
11-03 12:30:06.576897  3205  3294 W A       : 	at com.google.common.p.a.ci.run(Unknown Source:4)
11-03 12:30:06.576897  3205  3294 W A       : 	at com.google.apps.tiktok.concurrent.ab.run(SourceFile:1)
11-03 12:30:06.576897  3205  3294 W A       : 	at java.util.concurrent.ThreadPoolExecutor.runWorker(ThreadPoolExecutor.java:1167)
11-03 12:30:06.576897  3205  3294 W A       : 	at java.util.concurrent.ThreadPoolExecutor$Worker.run(ThreadPoolExecutor.java:641)
11-03 12:30:06.576897  3205  3294 W A       : 	at com.google.apps.tiktok.concurrent.c.run(Unknown Source:4)
11-03 12:30:06.576897  3205  3294 W A       : 	at java.lang.Thread.run(Thread.java:764)
11-03 12:30:06.590632  2520  2520 D HOME    : [StreamDBQueue]Promised revision #5506 to queue a new op
11-03 12:30:06.590914  2520  2520 D WatchStreamManager: Promised rank-blocked=false @ r#5506
11-03 12:30:06.591127  2520  2520 D HOME    : [CompactHunStarter]detachWindow()
11-03 12:30:06.591588  2520 13839 D HOME    : [WatchStreamDB]Item alerting conditions - isInterruptive: true, recentlyInterrupted: true, isItemPinned: false, isUnread: false
11-03 12:30:06.591740  2520 14536 D HOME    : [StreamDBQueue]Promised revision #5507 to queue a new op
11-03 12:30:06.591843  2520 14536 D WatchStreamManager: Promised rerank @ r#5507
11-03 12:30:06.591878  2520 13839 D HOME    : [StreamAlertingRegulator]isTheaterModeEnabled: false, isAlertingAllowedByOffBody: true, matchesLocalInterruptionFilter: true
11-03 12:30:06.592049  2520 13839 D HOME    : [WatchStreamDB]couldItemAlert: false, isTopItemChanged: false, isDeferralForTopItem: false
11-03 12:30:06.592463  2520 13839 D HOME    : [WatchStreamDB]updateRanking()
11-03 12:30:06.592926  2520 13839 D HOME    : [WatchStreamDB]Item alerting conditions - isInterruptive: true, recentlyInterrupted: true, isItemPinned: false, isUnread: false
11-03 12:30:06.593202  2520 13839 D HOME    : [StreamAlertingRegulator]isTheaterModeEnabled: false, isAlertingAllowedByOffBody: true, matchesLocalInterruptionFilter: true
11-03 12:30:06.593394  2520 13839 D HOME    : [WatchStreamDB]couldItemAlert: false, isTopItemChanged: false, isDeferralForTopItem: false
11-03 12:30:06.593879  2520 13839 D HOME    : [NewStreamAdapter]Publishing revision #5507 to adapter clients
--------- switch to kernel
11-03 12:30:06.646515     0     0 I PM      : suspend entry 2021-11-03 11:30:06.646515247 UTC
11-03 12:30:06.646525     0     0 I PM      : Syncing filesystems ... done.
11-03 12:30:06.676701     0     0 I         : Freezing user space processes ... (elapsed 0.007 seconds) done.
11-03 12:30:06.683850     0     0 I         : Freezing remaining freezable tasks ... (elapsed 0.003 seconds) done.
11-03 12:30:06.687107     0     0 I         : Suspending console(s) (use no_console_suspend to debug)
11-03 12:30:06.698259     0     0 I mdss_dsi_panel_set_idle_mode: Idle (1->1)
11-03 12:30:06.733372     0     0 I bgcom   : bgcom_pm_suspend: suspended with : 0
11-03 12:30:06.755719     0     0 I PM      : suspend of devices complete after 66.646 msecs
11-03 12:30:06.759357     0     0 I PM      : late suspend of devices complete after 3.617 msecs
11-03 12:30:06.762934     0     0 I PM      : noirq suspend of devices complete after 3.559 msecs
11-03 12:30:06.762941     0     0 I         : Disabling non-boot CPUs ...
11-03 12:30:06.779428     0     0 W         : IRQ16 no longer affine to CPU1
11-03 12:30:06.779633     0     0 W         : IRQ93 no longer affine to CPU1
11-03 12:30:06.780408     0     0 I CPU1    : shutdown
11-03 12:30:06.781484     0     0 I suspend ns: 4597758378544	suspend cycles:    1353487026206
11-03 12:30:06.781472     0     0 I CPU0    : msm_cpu_pm_enter_sleep mode:3 during suspend
11-03 12:30:06.781472     0     0 I         : Suspended for 2.603 seconds
11-03 12:30:06.781472     0     0 I resume cycles: 1353537016354
11-03 12:30:06.781756     0     0 I         : Enabling non-boot CPUs ...
11-03 12:30:06.782131     0     0 I CPU1    : update cpu_capacity 1024
11-03 12:30:06.783386     0     0 I         : CPU1 is up
11-03 12:30:06.785308     0     0 I PM      : noirq resume of devices complete after 1.702 msecs
11-03 12:30:06.788359     0     0 I PM      : early resume of devices complete after 2.022 msecs
11-03 12:30:06.788680     0     0 I CPU1    : update max cpu_capacity 748
11-03 12:30:06.814545     0     0 I bgcom   : bgcom_pm_resume: Bgcom resumed with : 0
11-03 12:30:06.824798     0     0 I mdss_dsi_panel_set_idle_mode: Idle (1->1)
11-03 12:30:06.861722     0     0 I PM      : resume of devices complete after 73.342 msecs
11-03 12:30:06.864171     0     0 I         : Restarting tasks ...
11-03 12:30:06.867118     0     0 W QSEECOM : qseecom_receive_req: Interrupted: exiting Listener Service = 8192
11-03 12:30:06.867274     0     0 W QSEECOM : qseecom_receive_req: Interrupted: exiting Listener Service = 11
11-03 12:30:06.867314     0     0 W QSEECOM : qseecom_receive_req: Interrupted: exiting Listener Service = 28672
11-03 12:30:06.870600     0     0 W QSEECOM : qseecom_receive_req: Interrupted: exiting Listener Service = 12288
11-03 12:30:06.870662     0     0 W QSEECOM : qseecom_receive_req: Interrupted: exiting Listener Service = 10
--------- switch to main
11-03 12:30:09.480191 10095 10150 W bt_sdp  : SDP - Rcvd conn cnf with error: 0x4  CID 0x4a
11-03 12:30:09.480871 10095 10133 D BluetoothHeadsetClientServiceJni: connection_state_cb: state 0 peer_feat 0 chld_feat 0
11-03 12:30:09.481579 10095 10133 E bt_btif : btif_hf_client_get_cb_by_bda: could not find block for bdaddr
11-03 12:30:09.481663 10095 10133 E bt_btif : btif_hf_client_upstreams_evt: event 3 but not allocating block: cb not found
11-03 12:30:09.481744 10095 10133 I bt_btif_queue: queue_int_advance: removing connection request: address=14:3c:c3:ad:3d:53 UUID=111E busy=true
11-03 12:30:09.482030 10095 10167 D HeadsetClientStateMachine: Enter Disconnected: 100
--------- switch to kernel
11-03 12:30:06.879095     0     0 I         : done.
11-03 12:30:09.483491     0     0 I PM      : suspend exit 2021-11-03 11:30:09.483491808 UTC
--------- switch to main
11-03 12:30:09.490800 10095 10095 D AdapterProperties: PROFILE_CONNECTION_STATE_CHANGE: profile=16, device=14:3C:C3:AD:3D:53, 1 -> 0
11-03 12:30:09.491317 10095 10095 D AdapterProperties: ADAPTER_CONNECTION_STATE_CHANGE: 14:3C:C3:AD:3D:53: 1 -> 0
11-03 12:30:09.492319  5603  5603 D BtTelecomReceiver: onReceive: Intent { act=android.bluetooth.headsetclient.profile.action.CONNECTION_STATE_CHANGED flg=0x10 cmp=com.google.android.apps.wearable.bluetooth/com.google.android.clockwork.hfp.BtTelecomBroadcastReceiver (has extras) }
11-03 12:30:09.492540  5603  5603 D BtTelecomReceiver: Hfp connection changed: -724754873 1 -> 0
11-03 12:30:09.501242  5603  5603 D HfpClientConnService: onCreate
--------- switch to system
