11-03 20:43:52.549061     0     0 I PM      : resume of devices complete after 0.023 msecs
11-03 20:43:52.551590     0     0 I         : Restarting tasks ...
11-03 20:43:52.553113     0     0 W QSEECOM : qseecom_receive_req: Interrupted: exiting Listener Service = 8192
11-03 20:43:52.553169     0     0 W QSEECOM : qseecom_receive_req: Interrupted: exiting Listener Service = 12288
11-03 20:43:52.553208     0     0 W QSEECOM : qseecom_receive_req: Interrupted: exiting Listener Service = 28672
11-03 20:43:52.557263     0     0 W QSEECOM : qseecom_receive_req: Interrupted: exiting Listener Service = 11
11-03 20:43:52.557319     0     0 W QSEECOM : qseecom_receive_req: Interrupted: exiting Listener Service = 10
11-03 20:43:52.557715     0     0 I         : done.
11-03 20:43:52.558442     0     0 I PM      : suspend exit 2021-11-03 19:43:52.558442372 UTC
11-03 20:43:52.759911     0     0 I PM      : suspend entry 2021-11-03 19:43:52.759911174 UTC
11-03 20:43:52.759925     0     0 I PM      : Syncing filesystems ... done.
11-03 20:43:52.782138     0     0 I         : Freezing user space processes ... (elapsed 0.008 seconds) done.
11-03 20:43:52.790649     0     0 I         : Freezing remaining freezable tasks ... (elapsed 0.004 seconds) done.
11-03 20:43:52.795068     0     0 I         : Suspending console(s) (use no_console_suspend to debug)
11-03 20:43:52.807335     0     0 I mdss_dsi_panel_set_idle_mode: Idle (1->1)
11-03 20:43:52.845324     0     0 I bgcom   : bgcom_pm_suspend: suspended with : 0
11-03 20:43:52.883053     0     0 I PM      : suspend of devices complete after 85.472 msecs
11-03 20:43:52.889124     0     0 I PM      : late suspend of devices complete after 6.030 msecs
11-03 20:43:52.895559     0     0 I PM      : noirq suspend of devices complete after 6.406 msecs
11-03 20:43:52.895571     0     0 I         : Disabling non-boot CPUs ...
11-03 20:43:52.912241     0     0 W         : IRQ16 no longer affine to CPU1
11-03 20:43:52.914319     0     0 I CPU1    : shutdown
11-03 20:43:52.916494     0     0 I suspend ns: 628219607315	suspend cycles:      14314135525
11-03 20:43:52.916471     0     0 I CPU0    : msm_cpu_pm_enter_sleep mode:3 during suspend
11-03 20:43:52.916471     0     0 I         : Suspended for 0.538 seconds
11-03 20:43:52.916471     0     0 I resume cycles: 14324469839
11-03 20:43:52.916782     0     0 I         : Enabling non-boot CPUs ...
11-03 20:43:52.917620     0     0 I CPU1    : update cpu_capacity 1024
11-03 20:43:52.919325     0     0 I         : CPU1 is up
11-03 20:43:52.920984     0     0 I CPU1    : update max cpu_capacity 1024
11-03 20:43:52.923480     0     0 I PM      : noirq resume of devices complete after 3.803 msecs
11-03 20:43:52.929082     0     0 I PM      : early resume of devices complete after 4.063 msecs
11-03 20:43:52.930403    20    20 E         : [20:43:53.468649] [0000000355D223D3] [VosRX]  wlan: [E :WDI] WDTS_RxPacketDump RX Data frame is UC
11-03 20:43:52.930431    20    20 E         : [20:43:53.468686] [0000000355D22687] [VosRX]  wlan: [E :WDI] WDTS_RxPacketDump: Data subtype:8 SA:44:fe:3b:41:13:4b DA:00:0a:f5:f2:a2:70
11-03 20:43:52.930539    20    20 E         : [20:43:53.468792] [0000000355D22EA4] [VosRX]  wlan: [E :HDD] hdd_log_ip_addr: src addr 192:168:1:3
11-03 20:43:52.930556    20    20 E         : [20:43:53.468813] [0000000355D23013] [VosRX]  wlan: [E :HDD] hdd_log_ip_addr: dst addr 192:168:1:14
11-03 20:43:52.960985     0     0 I bgcom   : bgcom_pm_resume: Bgcom resumed with : 0
11-03 20:43:52.973045     0     0 I mdss_dsi_panel_set_idle_mode: Idle (1->1)
11-03 20:43:53.015449     0     0 I PM      : resume of devices complete after 86.335 msecs
11-03 20:43:53.018499     0     0 I         : Restarting tasks ...
11-03 20:43:53.021035     0     0 W QSEECOM : qseecom_receive_req: Interrupted: exiting Listener Service = 12288
11-03 20:43:53.021116     0     0 W QSEECOM : qseecom_receive_req: Interrupted: exiting Listener Service = 11
11-03 20:43:53.021160     0     0 W QSEECOM : qseecom_receive_req: Interrupted: exiting Listener Service = 28672
11-03 20:43:53.025631     0     0 W QSEECOM : qseecom_receive_req: Interrupted: exiting Listener Service = 8192
11-03 20:43:53.025697     0     0 W QSEECOM : qseecom_receive_req: Interrupted: exiting Listener Service = 10
11-03 20:43:53.032955     0     0 I         : done.
11-03 20:43:53.571984     0     0 I PM      : suspend exit 2021-11-03 19:43:53.571984455 UTC
11-03 20:43:53.673458     0     0 I PM      : suspend entry 2021-11-03 19:43:53.673458986 UTC
11-03 20:43:53.673471     0     0 I PM      : Syncing filesystems ... done.
11-03 20:43:53.776601     0     0 I         : Freezing user space processes ... (elapsed 0.007 seconds) done.
11-03 20:43:53.784197     0     0 I         : Freezing remaining freezable tasks ... (elapsed 0.004 seconds) done.
11-03 20:43:53.788235     0     0 I         : Suspending console(s) (use no_console_suspend to debug)
11-03 20:43:53.800206     0     0 I mdss_dsi_panel_set_idle_mode: Idle (1->1)
11-03 20:43:53.843829     0     0 I bgcom   : bgcom_pm_suspend: suspended with : 0
11-03 20:43:53.879992     0     0 I PM      : suspend of devices complete after 89.329 msecs
11-03 20:43:53.885568     0     0 I PM      : late suspend of devices complete after 5.534 msecs
11-03 20:43:53.891398     0     0 I PM      : noirq suspend of devices complete after 5.807 msecs
11-03 20:43:53.891411     0     0 I         : Disabling non-boot CPUs ...
11-03 20:43:53.910118     0     0 W migrate_irqs: 1 callbacks suppressed
11-03 20:43:53.910125     0     0 W         : IRQ16 no longer affine to CPU1
11-03 20:43:53.910432     0     0 W         : IRQ93 no longer affine to CPU1
11-03 20:43:53.912109     0     0 I CPU1    : shutdown
11-03 20:43:53.914134     0     0 I suspend ns: 628679006014	suspend cycles:      14333290294
11-03 20:43:53.914114     0     0 I CPU0    : msm_cpu_pm_enter_sleep mode:3 during suspend
11-03 20:43:53.914114     0     0 I         : Suspended for 0.768 seconds
11-03 20:43:53.914372     0     0 I         : Enabling non-boot CPUs ...
11-03 20:43:53.915181     0     0 I CPU1    : update cpu_capacity 1024
11-03 20:43:53.916602     0     0 I         : CPU1 is up
11-03 20:43:53.918955     0     0 I CPU1    : update max cpu_capacity 1024
11-03 20:43:53.920456     0     0 I PM      : noirq resume of devices complete after 3.541 msecs
11-03 20:43:53.925963     0     0 I PM      : early resume of devices complete after 4.042 msecs
11-03 20:43:53.927439    20    20 E         : [20:43:54.696179] [000000035739C48A] [VosRX]  wlan: [E :WDI] WDTS_RxPacketDump RX Data frame is UC
11-03 20:43:53.927461    20    20 E         : [20:43:54.696210] [000000035739C6DD] [VosRX]  wlan: [E :WDI] WDTS_RxPacketDump: Data subtype:8 SA:44:fe:3b:41:13:4b DA:00:0a:f5:f2:a2:70
11-03 20:43:53.927556    20    20 E         : [20:43:54.696306] [000000035739CE0E] [VosRX]  wlan: [E :HDD] hdd_log_ip_addr: src addr 192:168:1:3
11-03 20:43:53.927569    20    20 E         : [20:43:54.696320] [000000035739CF0A] [VosRX]  wlan: [E :HDD] hdd_log_ip_addr: dst addr 192:168:1:14
11-03 20:43:53.954825     0     0 I bgcom   : bgcom_pm_resume: Bgcom resumed with : 0
11-03 20:43:53.966280     0     0 I mdss_dsi_panel_set_idle_mode: Idle (1->1)
11-03 20:43:54.003745     0     0 I PM      : resume of devices complete after 77.755 msecs
11-03 20:43:54.006397     0     0 I         : Restarting tasks ...
11-03 20:43:54.010343     0     0 W QSEECOM : qseecom_receive_req: Interrupted: exiting Listener Service = 8192
11-03 20:43:54.010407     0     0 W QSEECOM : qseecom_receive_req: Interrupted: exiting Listener Service = 12288
11-03 20:43:54.010435     0     0 W QSEECOM : qseecom_receive_req: Interrupted: exiting Listener Service = 10
11-03 20:43:54.011588     0     0 W QSEECOM : qseecom_receive_req: Interrupted: exiting Listener Service = 11
11-03 20:43:54.011635     0     0 W QSEECOM : qseecom_receive_req: Interrupted: exiting Listener Service = 28672
11-03 20:43:54.013048     0     0 I         : done.
11-03 20:43:54.787317     0     0 I PM      : suspend exit 2021-11-03 19:43:54.787317839 UTC
11-03 20:43:54.888823     0     0 I PM      : suspend entry 2021-11-03 19:43:54.888823829 UTC
11-03 20:43:54.888837     0     0 I PM      : Syncing filesystems ... done.
11-03 20:43:54.986970     0     0 I         : Freezing user space processes ... (elapsed 0.007 seconds) done.
11-03 20:43:54.994648     0     0 I         : Freezing remaining freezable tasks ... (elapsed 0.004 seconds) done.
11-03 20:43:54.998714     0     0 I         : Suspending console(s) (use no_console_suspend to debug)
11-03 20:43:55.010330     0     0 I mdss_dsi_panel_set_idle_mode: Idle (1->1)
11-03 20:43:55.052371     0     0 I bgcom   : bgcom_pm_suspend: suspended with : 0
11-03 20:43:55.088035     0     0 I PM      : suspend of devices complete after 87.088 msecs
11-03 20:43:55.093637     0     0 I PM      : late suspend of devices complete after 5.564 msecs
11-03 20:43:55.099441     0     0 I PM      : noirq suspend of devices complete after 5.779 msecs
11-03 20:43:55.099452     0     0 I         : Disabling non-boot CPUs ...
11-03 20:43:55.118749     0     0 W         : IRQ16 no longer affine to CPU1
11-03 20:43:55.119030     0     0 W         : IRQ93 no longer affine to CPU1
11-03 20:43:55.120722     0     0 I CPU1    : shutdown
11-03 20:43:55.122761     0     0 I suspend ns: 629118894869	suspend cycles:      14356495885
11-03 20:43:55.122739     0     0 I CPU0    : msm_cpu_pm_enter_sleep mode:3 during suspend
11-03 20:43:55.122739     0     0 I         : Suspended for 0.789 seconds
11-03 20:43:55.122739     0     0 I resume cycles: 14371648906
11-03 20:43:55.123005     0     0 I         : Enabling non-boot CPUs ...
11-03 20:43:55.123822     0     0 I CPU1    : update cpu_capacity 1024
11-03 20:43:55.125240     0     0 I         : CPU1 is up
11-03 20:43:55.127545     0     0 I CPU1    : update max cpu_capacity 1024
11-03 20:43:55.129043     0     0 I PM      : noirq resume of devices complete after 3.490 msecs
11-03 20:43:55.134540     0     0 I PM      : early resume of devices complete after 4.023 msecs
11-03 20:43:55.136008    20    20 E         : [20:43:55.925231] [0000000358A1D794] [VosRX]  wlan: [E :WDI] WDTS_RxPacketDump RX Data frame is UC
11-03 20:43:55.136030    20    20 E         : [20:43:55.925262] [0000000358A1D9B4] [VosRX]  wlan: [E :WDI] WDTS_RxPacketDump: Data subtype:8 SA:44:fe:3b:41:13:4b DA:00:0a:f5:f2:a2:70
11-03 20:43:55.136126    20    20 E         : [20:43:55.925357] [0000000358A1E0EE] [VosRX]  wlan: [E :HDD] hdd_log_ip_addr: src addr 192:168:1:3
11-03 20:43:55.136139    20    20 E         : [20:43:55.925372] [0000000358A1E201] [VosRX]  wlan: [E :HDD] hdd_log_ip_addr: dst addr 192:168:1:14
11-03 20:43:55.163485     0     0 I bgcom   : bgcom_pm_resume: Bgcom resumed with : 0
11-03 20:43:55.173248     0     0 I mdss_dsi_panel_set_idle_mode: Idle (1->1)
11-03 20:43:55.212248     0     0 I PM      : resume of devices complete after 77.679 msecs
11-03 20:43:55.214869     0     0 I         : Restarting tasks ...
11-03 20:43:55.217656     0     0 W QSEECOM : qseecom_receive_req: Interrupted: exiting Listener Service = 8192
11-03 20:43:55.217718     0     0 W QSEECOM : qseecom_receive_req: Interrupted: exiting Listener Service = 12288
11-03 20:43:55.217753     0     0 W QSEECOM : qseecom_receive_req: Interrupted: exiting Listener Service = 11
11-03 20:43:55.217785     0     0 W QSEECOM : qseecom_receive_req: Interrupted: exiting Listener Service = 10
11-03 20:43:55.220334     0     0 W QSEECOM : qseecom_receive_req: Interrupted: exiting Listener Service = 28672
11-03 20:43:55.224732     0     0 I         : done.
11-03 20:43:56.014670     0     0 I PM      : suspend exit 2021-11-03 19:43:56.014670755 UTC
11-03 20:43:56.116124     0     0 I PM      : suspend entry 2021-11-03 19:43:56.116124453 UTC
11-03 20:43:56.116138     0     0 I PM      : Syncing filesystems ... done.
11-03 20:43:56.244943     0     0 I         : Freezing user space processes ...
11-03 20:43:56.250094     0     0 I PM      : Wakeup pending, aborting suspend
11-03 20:43:56.250180     0     0 I         : last active wakeup source: KeyEvents
11-03 20:43:56.250203     0     0 E         : Freezing of tasks aborted after 0.005 seconds
11-03 20:43:56.250217     0     0 I         : Restarting tasks ...
11-03 20:43:56.250919     0     0 W QSEECOM : qseecom_receive_req: Interrupted: exiting Listener Service = 12288
11-03 20:43:56.250973     0     0 W QSEECOM : qseecom_receive_req: Interrupted: exiting Listener Service = 10
11-03 20:43:56.254419     0     0 W QSEECOM : qseecom_receive_req: Interrupted: exiting Listener Service = 28672
11-03 20:43:56.254469     0     0 W QSEECOM : qseecom_receive_req: Interrupted: exiting Listener Service = 11
11-03 20:43:56.254501     0     0 W QSEECOM : qseecom_receive_req: Interrupted: exiting Listener Service = 8192
11-03 20:43:56.256443     0     0 I         : done.
11-03 20:43:56.257170     0     0 I PM      : suspend exit 2021-11-03 19:43:56.257170911 UTC
11-03 20:43:56.457942     0     0 I PM      : suspend entry 2021-11-03 19:43:56.457942265 UTC
11-03 20:43:56.457963     0     0 I PM      : Syncing filesystems ... done.
11-03 20:43:56.483748     0     0 I         : Freezing user space processes ... (elapsed 0.007 seconds) done.
11-03 20:43:56.491182     0     0 I         : Freezing remaining freezable tasks ... (elapsed 0.004 seconds) done.
11-03 20:43:56.495231     0     0 I         : Suspending console(s) (use no_console_suspend to debug)
11-03 20:43:56.508454     0     0 I mdss_dsi_panel_set_idle_mode: Idle (1->1)
11-03 20:43:56.550988     0     0 I bgcom   : bgcom_pm_suspend: suspended with : 0
11-03 20:43:56.588897     0     0 I PM      : suspend of devices complete after 91.163 msecs
11-03 20:43:56.594901     0     0 I PM      : late suspend of devices complete after 5.961 msecs
11-03 20:43:56.600722     0     0 I PM      : noirq suspend of devices complete after 5.798 msecs
11-03 20:43:56.600732     0     0 I         : Disabling non-boot CPUs ...
11-03 20:43:56.617807     0     0 W         : IRQ21 no longer affine to CPU1
11-03 20:43:56.619764     0     0 I CPU1    : shutdown
11-03 20:43:56.621732     0     0 I suspend ns: 629828655391	suspend cycles:      14385276308
11-03 20:43:56.621715     0     0 I CPU0    : msm_cpu_pm_enter_sleep mode:3 during suspend
11-03 20:43:56.621715     0     0 I         : Suspended for 0.518 seconds
11-03 20:43:56.621715     0     0 I resume cycles: 14395242923
11-03 20:43:56.621970     0     0 I         : Enabling non-boot CPUs ...
11-03 20:43:56.622782     0     0 I CPU1    : update cpu_capacity 1024
11-03 20:43:56.624214     0     0 I         : CPU1 is up
11-03 20:43:56.626582     0     0 I CPU1    : update max cpu_capacity 1024
11-03 20:43:56.628026     0     0 I PM      : noirq resume of devices complete after 3.489 msecs
11-03 20:43:56.633259     0     0 I PM      : early resume of devices complete after 3.755 msecs
11-03 20:43:56.634517    20    20 E         : [20:43:57.153618] [000000035A09B877] [VosRX]  wlan: [E :WDI] WDTS_RxPacketDump RX Data frame is UC
11-03 20:43:56.634541    20    20 E         : [20:43:57.153652] [000000035A09BAF5] [VosRX]  wlan: [E :WDI] WDTS_RxPacketDump: Data subtype:8 SA:44:fe:3b:41:13:4b DA:00:0a:f5:f2:a2:70
11-03 20:43:56.634634    20    20 E         : [20:43:57.153744] [000000035A09C1EE] [VosRX]  wlan: [E :HDD] hdd_log_ip_addr: src addr 192:168:1:3
11-03 20:43:56.634647    20    20 E         : [20:43:57.153759] [000000035A09C2FF] [VosRX]  wlan: [E :HDD] hdd_log_ip_addr: dst addr 192:168:1:14
11-03 20:43:56.661870     0     0 I bgcom   : bgcom_pm_resume: Bgcom resumed with : 0
11-03 20:43:56.673290     0     0 I mdss_dsi_panel_set_idle_mode: Idle (1->1)
11-03 20:43:56.710788     0     0 I PM      : resume of devices complete after 77.501 msecs
11-03 20:43:56.713407     0     0 I         : Restarting tasks ...
11-03 20:43:56.715959     0     0 W QSEECOM : qseecom_receive_req: Interrupted: exiting Listener Service = 11
11-03 20:43:56.716016     0     0 W QSEECOM : qseecom_receive_req: Interrupted: exiting Listener Service = 28672
11-03 20:43:56.718498     0     0 W QSEECOM : qseecom_receive_req: Interrupted: exiting Listener Service = 8192
11-03 20:43:56.718549     0     0 W QSEECOM : qseecom_receive_req: Interrupted: exiting Listener Service = 12288
11-03 20:43:56.718582     0     0 W QSEECOM : qseecom_receive_req: Interrupted: exiting Listener Service = 10
11-03 20:43:56.725004     0     0 I         : done.
11-03 20:43:57.244847     0     0 I PM      : suspend exit 2021-11-03 19:43:57.244847421 UTC
11-03 20:43:57.346305     0     0 I PM      : suspend entry 2021-11-03 19:43:57.346305910 UTC
11-03 20:43:57.346320     0     0 I PM      : Syncing filesystems ... done.
11-03 20:43:57.447201     0     0 I         : Freezing user space processes ... (elapsed 0.007 seconds) done.
11-03 20:43:57.454722     0     0 I         : Freezing remaining freezable tasks ... (elapsed 0.004 seconds) done.
11-03 20:43:57.458888     0     0 I         : Suspending console(s) (use no_console_suspend to debug)
11-03 20:43:57.470602     0     0 I mdss_dsi_panel_set_idle_mode: Idle (1->1)
11-03 20:43:57.510321     0     0 I bgcom   : bgcom_pm_suspend: suspended with : 0
11-03 20:43:57.547186     0     0 I PM      : suspend of devices complete after 86.076 msecs
11-03 20:43:57.552704     0     0 I PM      : late suspend of devices complete after 5.475 msecs
11-03 20:43:57.558585     0     0 I PM      : noirq suspend of devices complete after 5.857 msecs
11-03 20:43:57.558598     0     0 I         : Disabling non-boot CPUs ...
11-03 20:43:57.576889     0     0 W         : IRQ16 no longer affine to CPU1
11-03 20:43:57.577197     0     0 W         : IRQ93 no longer affine to CPU1
11-03 20:43:57.578851     0     0 I CPU1    : shutdown
11-03 20:43:57.580829     0     0 I suspend ns: 630268649402	suspend cycles:      14403690808
11-03 20:43:57.580809     0     0 I CPU0    : msm_cpu_pm_enter_sleep mode:3 during suspend
11-03 20:43:57.580809     0     0 I         : Suspended for 0.173 seconds
11-03 20:43:57.580809     0     0 I resume cycles: 14407026017
11-03 20:43:57.581064     0     0 I         : Enabling non-boot CPUs ...
11-03 20:43:57.581878     0     0 I CPU1    : update cpu_capacity 1024
11-03 20:43:57.583322     0     0 I         : CPU1 is up
11-03 20:43:57.585562     0     0 I CPU1    : update max cpu_capacity 1024
11-03 20:43:57.587140     0     0 I PM      : noirq resume of devices complete after 3.496 msecs
11-03 20:43:57.592362     0     0 I PM      : early resume of devices complete after 3.743 msecs
11-03 20:43:57.593649    20    20 E         : [20:43:57.767362] [000000035ABD8740] [VosRX]  wlan: [E :WDI] WDTS_RxPacketDump RX Data frame is UC
11-03 20:43:57.593671    20    20 E         : [20:43:57.767391] [000000035ABD896C] [VosRX]  wlan: [E :WDI] WDTS_RxPacketDump: Data subtype:8 SA:44:fe:3b:41:13:4b DA:00:0a:f5:f2:a2:70
11-03 20:43:57.593767    20    20 E         : [20:43:57.767486] [000000035ABD909A] [VosRX]  wlan: [E :HDD] hdd_log_ip_addr: src addr 192:168:1:2
11-03 20:43:57.593779    20    20 E         : [20:43:57.767501] [000000035ABD91A8] [VosRX]  wlan: [E :HDD] hdd_log_ip_addr: dst addr 239:255:255:250
11-03 20:43:57.621528     0     0 I bgcom   : bgcom_pm_resume: Bgcom resumed with : 0
11-03 20:43:57.631349     0     0 I mdss_dsi_panel_set_idle_mode: Idle (1->1)
11-03 20:43:57.670090     0     0 I PM      : resume of devices complete after 77.700 msecs
11-03 20:43:57.672744     0     0 I         : Restarting tasks ...
11-03 20:43:57.675377     0     0 W QSEECOM : qseecom_receive_req: Interrupted: exiting Listener Service = 12288
11-03 20:43:57.675656     0     0 W QSEECOM : qseecom_receive_req: Interrupted: exiting Listener Service = 28672
11-03 20:43:57.678346     0     0 W QSEECOM : qseecom_receive_req: Interrupted: exiting Listener Service = 8192
11-03 20:43:57.678403     0     0 W QSEECOM : qseecom_receive_req: Interrupted: exiting Listener Service = 10
11-03 20:43:57.680537     0     0 I         : done.
11-03 20:43:57.854989     0     0 I PM      : suspend exit 2021-11-03 19:43:57.854989243 UTC
11-03 20:43:57.855811     0     0 W QSEECOM : qseecom_receive_req: Interrupted: exiting Listener Service = 11
11-03 20:43:57.957902     0     0 I PM      : suspend entry 2021-11-03 19:43:57.957902785 UTC
11-03 20:43:57.957916     0     0 I PM      : Syncing filesystems ... done.
11-03 20:43:58.059801     0     0 I         : Freezing user space processes ... (elapsed 0.007 seconds) done.
11-03 20:43:58.067246     0     0 I         : Freezing remaining freezable tasks ... (elapsed 0.003 seconds) done.
11-03 20:43:58.071183     0     0 I         : Suspending console(s) (use no_console_suspend to debug)
11-03 20:43:58.084007     0     0 I mdss_dsi_panel_set_idle_mode: Idle (1->1)
11-03 20:43:58.122017     0     0 I PM      : Wakeup pending, aborting suspend
11-03 20:43:58.122024     0     0 I         : active wakeup source: qcom_rx_wakelock
11-03 20:43:58.122104     0     0 E PM      : Some devices failed to suspend, or early wake event detected
11-03 20:43:58.122224     0     0 W hwmon2  : Unbalanced pm_runtime_enable!
11-03 20:43:58.129432     0     0 I mdss_dsi_panel_set_idle_mode: Idle (1->1)
11-03 20:43:58.163317     0     0 I PM      : resume of devices complete after 41.195 msecs
11-03 20:43:58.166013     0     0 I         : Restarting tasks ...
11-03 20:43:58.167703     0     0 W QSEECOM : qseecom_receive_req: Interrupted: exiting Listener Service = 10
11-03 20:43:58.167822     0     0 W QSEECOM : qseecom_receive_req: Interrupted: exiting Listener Service = 12288
11-03 20:43:58.172163     0     0 W QSEECOM : qseecom_receive_req: Interrupted: exiting Listener Service = 8192
11-03 20:43:58.175806     0     0 W QSEECOM : qseecom_receive_req: Interrupted: exiting Listener Service = 28672
11-03 20:43:58.175872     0     0 W QSEECOM : qseecom_receive_req: Interrupted: exiting Listener Service = 11
11-03 20:43:58.175910     0     0 I         : done.
11-03 20:43:58.176556     0     0 I PM      : suspend exit 2021-11-03 19:43:58.176556430 UTC
11-03 20:43:58.378036     0     0 I PM      : suspend entry 2021-11-03 19:43:58.378036587 UTC
11-03 20:43:58.378049     0     0 I PM      : Syncing filesystems ... done.
11-03 20:43:58.402497     0     0 I         : Freezing user space processes ... (elapsed 0.007 seconds) done.
11-03 20:43:58.410257     0     0 I         : Freezing remaining freezable tasks ... (elapsed 0.004 seconds) done.
11-03 20:43:58.414319     0     0 I         : Suspending console(s) (use no_console_suspend to debug)
11-03 20:43:58.426562     0     0 I mdss_dsi_panel_set_idle_mode: Idle (1->1)
11-03 20:43:58.464026     0     0 I bgcom   : bgcom_pm_suspend: suspended with : 0
11-03 20:43:58.465447     0     0 E dpm_run_callback(): platform_pm_suspend+0x0/0x50 returns -16
11-03 20:43:58.465455     0     0 E PM      : Device alarmtimer failed to suspend: error -16
11-03 20:43:58.478677     0     0 E PM      : Some devices failed to suspend, or early wake event detected
11-03 20:43:58.481268     0     0 I bgcom   : bgcom_pm_resume: Bgcom resumed with : 0
11-03 20:43:58.492445     0     0 I mdss_dsi_panel_set_idle_mode: Idle (1->1)
11-03 20:43:58.533728     0     0 I PM      : resume of devices complete after 55.028 msecs
11-03 20:43:58.536343     0     0 I         : Restarting tasks ...
11-03 20:43:58.538231     0     0 W QSEECOM : qseecom_receive_req: Interrupted: exiting Listener Service = 8192
11-03 20:43:58.538288     0     0 W QSEECOM : qseecom_receive_req: Interrupted: exiting Listener Service = 12288
11-03 20:43:58.538326     0     0 W QSEECOM : qseecom_receive_req: Interrupted: exiting Listener Service = 10
11-03 20:43:58.542380     0     0 W QSEECOM : qseecom_receive_req: Interrupted: exiting Listener Service = 11
11-03 20:43:58.542436     0     0 W QSEECOM : qseecom_receive_req: Interrupted: exiting Listener Service = 28672
11-03 20:43:58.545474     0     0 I         : done.
11-03 20:43:58.546005     0     0 I PM      : suspend exit 2021-11-03 19:43:58.546005805 UTC
--------- switch to main
11-03 20:44:00.013099  2365  2365 D HOME    : [AmbientUpdateScheduler]UpdateReceiver: onReceive 0
11-03 20:44:00.013590  2365  2365 D HOME    : [AmbientUpdateScheduler]Unscheduling task 0
11-03 20:44:00.019095  2365  5064 I SidekickManager: replaceWatchFaceComponentsImpl(): watchFace = com.google.android.clockwork.decomposablewatchface.WatchFaceDecomposition@420feb9
11-03 20:44:00.021227  1679  4859 D SidekickService: sendWatchFaceComponents called: watchFace = com.google.android.clockwork.decomposablewatchface.WatchFaceDecomposition@43d8534shouldReplace = false
11-03 20:44:00.021645  1679  4859 D SidekickService: Check decomposition for calling app com.google.android.wearable.app with uid 10049
11-03 20:44:00.022341  1679  4859 D SidekickService: sendWatchFaceLocked(): shouldReplace = false, mSidekickIsControlling = true, 1 images, 0 fonts, 0 numbers, 0 proportionalFonts, 0 strings
11-03 20:44:00.022471  1679  4859 D SidekickService: ISidekickGraphics#beginResources()...
11-03 20:44:00.024407  1679  4859 D SidekickServiceUtils: bitmapFromDrawable: Returning bitmap directly
11-03 20:44:00.027073  1679  4859 D SidekickService: sendBitmapsLocked(): bounds = RectF(0.0, 0.0, 0.0024038462, 0.0024038462), drawableInfo = {.id = 100000, .width = 1, .height = 1, .display = true, .offsetX = 0.0, .offsetY = 0.0, .rotationInfo = {.hasRotation = false, .pivotX = 0.0, .pivotY = 0.0, .degreesPerDay = 0.0, .degreesPerStep = 0.0, .zeroDegreesTime = {.daysSinceLocalEpoch = 0, .msSinceMidnight = 0}}, .transformInfo = {.transformed = false, .flipX = false, .flipY = false, .flip45 = false, .scaleX = 0.0, .scaleY = 0.0}, .type = GENERIC, .blink = {.blinking = false, .periodOnMs = 0.0, .periodOffMs = 0.0, .startTime = {.daysSinceLocalEpoch = 0, .msSinceMidnight = 0}}, .zOrder = 8, .displayInTwm = true}, image.size() = 84
11-03 20:44:00.028766   414  1707 D SKGHAL  : saveResource: resId = 100000
11-03 20:44:00.030034  1679  4859 D SidekickService: sendBitmapsLocked(): status = 0, bytesUsed = 18
11-03 20:44:00.030393  1679  4859 D SidekickService: ISidekickGraphics#endResources()...
11-03 20:44:00.037465  2365  2612 D HOME    : [TickMonitor]Received time tick
11-03 20:44:00.038106  2365  2612 D HOME    : [TickMonitor]handleTimeTick() finished
11-03 20:44:00.057570   414  1707 D SKGHAL  : sendResourceUpdates: Sending complication update for id=5, size=18:
11-03 20:44:00.170015   414  1707 D SKGHAL  : endResources: rc = 0
11-03 20:44:00.173470  2365  2365 D HOME    : [SidekickManagerAsync]replaceWatchFaceComponents(): Callback#onResult(): 0
--------- switch to kernel
11-03 20:44:00.511229     0     0 I PM      : suspend entry 2021-11-03 19:44:00.511229294 UTC
11-03 20:44:00.511251     0     0 I PM      : Syncing filesystems ... done.
11-03 20:44:00.613368     0     0 I         : Freezing user space processes ... (elapsed 0.009 seconds) done.
11-03 20:44:00.622936     0     0 I         : Freezing remaining freezable tasks ... (elapsed 0.005 seconds) done.
11-03 20:44:00.628956     0     0 I         : Suspending console(s) (use no_console_suspend to debug)
11-03 20:44:00.644128     0     0 I mdss_dsi_panel_set_idle_mode: Idle (1->1)
11-03 20:44:00.684557     0     0 I bgcom   : bgcom_pm_suspend: suspended with : 0
11-03 20:44:00.715332     0     0 I PM      : suspend of devices complete after 82.500 msecs
11-03 20:44:00.721546     0     0 I PM      : late suspend of devices complete after 6.172 msecs
11-03 20:44:00.727027     0     0 I PM      : noirq suspend of devices complete after 5.457 msecs
11-03 20:44:00.727040     0     0 I         : Disabling non-boot CPUs ...
11-03 20:44:00.740435     0     0 W         : IRQ16 no longer affine to CPU1
11-03 20:44:00.740448     0     0 W         : IRQ21 no longer affine to CPU1
11-03 20:44:00.740727     0     0 W         : IRQ93 no longer affine to CPU1
11-03 20:44:00.742343     0     0 I CPU1    : shutdown
11-03 20:44:00.744417     0     0 I suspend ns: 633258535713	suspend cycles:      14464431834
11-03 20:44:00.744395     0     0 I CPU0    : msm_cpu_pm_enter_sleep mode:3 during suspend
11-03 20:44:00.744395     0     0 I         : Suspended for 1.003 seconds
11-03 20:44:00.744395     0     0 I resume cycles: 14483702272
11-03 20:44:00.744655     0     0 I         : Enabling non-boot CPUs ...
11-03 20:44:00.745472     0     0 I CPU1    : update cpu_capacity 1024
11-03 20:44:00.746913     0     0 I         : CPU1 is up
11-03 20:44:00.749186     0     0 I CPU1    : update max cpu_capacity 1024
11-03 20:44:00.750768     0     0 I PM      : noirq resume of devices complete after 3.539 msecs
11-03 20:44:00.756006     0     0 I PM      : early resume of devices complete after 3.761 msecs
11-03 20:44:00.757250    20    20 E         : [20:44:01.760928] [000000035F4F84BF] [VosRX]  wlan: [E :WDI] WDTS_RxPacketDump RX Data frame is UC
11-03 20:44:00.757271    20    20 E         : [20:44:01.760960] [000000035F4F871A] [VosRX]  wlan: [E :WDI] WDTS_RxPacketDump: Data subtype:8 SA:44:fe:3b:41:13:4b DA:00:0a:f5:f2:a2:70
11-03 20:44:00.757367    20    20 E         : [20:44:01.761056] [000000035F4F8E5C] [VosRX]  wlan: [E :HDD] hdd_log_ip_addr: src addr 192:168:1:3
11-03 20:44:00.757381    20    20 E         : [20:44:01.761070] [000000035F4F8F5A] [VosRX]  wlan: [E :HDD] hdd_log_ip_addr: dst addr 192:168:1:14
11-03 20:44:00.784543     0     0 I bgcom   : bgcom_pm_resume: Bgcom resumed with : 0
11-03 20:44:00.795631     0     0 I mdss_dsi_panel_set_idle_mode: Idle (1->1)
11-03 20:44:00.833517     0     0 I PM      : resume of devices complete after 77.482 msecs
11-03 20:44:00.836153     0     0 I         : Restarting tasks ...
11-03 20:44:00.838834     0     0 W QSEECOM : qseecom_receive_req: Interrupted: exiting Listener Service = 12288
11-03 20:44:00.838901     0     0 W QSEECOM : qseecom_receive_req: Interrupted: exiting Listener Service = 10
11-03 20:44:00.838929     0     0 W QSEECOM : qseecom_receive_req: Interrupted: exiting Listener Service = 28672
11-03 20:44:00.841825     0     0 W QSEECOM : qseecom_receive_req: Interrupted: exiting Listener Service = 8192
11-03 20:44:00.841889     0     0 W QSEECOM : qseecom_receive_req: Interrupted: exiting Listener Service = 11
11-03 20:44:00.849502     0     0 I         : done.
11-03 20:44:01.853837     0     0 I PM      : suspend exit 2021-11-03 19:44:01.853837679 UTC
11-03 20:44:01.954398     0     0 I PM      : suspend entry 2021-11-03 19:44:01.954398460 UTC
11-03 20:44:01.954412     0     0 I PM      : Syncing filesystems ... done.
11-03 20:44:02.053615     0     0 I         : Freezing user space processes ... (elapsed 0.007 seconds) done.
11-03 20:44:02.060861     0     0 I         : Freezing remaining freezable tasks ... (elapsed 0.003 seconds) done.
11-03 20:44:02.064660     0     0 I         : Suspending console(s) (use no_console_suspend to debug)
11-03 20:44:02.076243     0     0 I mdss_dsi_panel_set_idle_mode: Idle (1->1)
11-03 20:44:02.117568     0     0 I bgcom   : bgcom_pm_suspend: suspended with : 0
11-03 20:44:02.153799     0     0 I PM      : suspend of devices complete after 86.905 msecs
11-03 20:44:02.159424     0     0 I PM      : late suspend of devices complete after 5.583 msecs
11-03 20:44:02.165205     0     0 I PM      : noirq suspend of devices complete after 5.756 msecs
11-03 20:44:02.165218     0     0 I         : Disabling non-boot CPUs ...
11-03 20:44:02.183865     0     0 W         : IRQ16 no longer affine to CPU1
11-03 20:44:02.184162     0     0 W         : IRQ93 no longer affine to CPU1
11-03 20:44:02.185825     0     0 I CPU1    : shutdown
11-03 20:44:02.187731     0     0 I suspend ns: 633698180297	suspend cycles:      14492143448
11-03 20:44:02.187714     0     0 I CPU0    : msm_cpu_pm_enter_sleep mode:3 during suspend
11-03 20:44:02.187714     0     0 I         : Suspended for 0.174 seconds
11-03 20:44:02.187714     0     0 I resume cycles: 14495494941
11-03 20:44:02.187975     0     0 I         : Enabling non-boot CPUs ...
11-03 20:44:02.188788     0     0 I CPU1    : update cpu_capacity 1024
11-03 20:44:02.190220     0     0 I         : CPU1 is up
11-03 20:44:02.192728     0     0 I CPU1    : update max cpu_capacity 1024
11-03 20:44:02.194048     0     0 I PM      : noirq resume of devices complete after 3.506 msecs
11-03 20:44:02.199569     0     0 I PM      : early resume of devices complete after 4.042 msecs
11-03 20:44:02.201060    20    20 E         : [20:44:02.375621] [0000000360039AC0] [VosRX]  wlan: [E :WDI] WDTS_RxPacketDump RX Data frame is UC
11-03 20:44:02.201082    20    20 E         : [20:44:02.375654] [0000000360039D21] [VosRX]  wlan: [E :WDI] WDTS_RxPacketDump: Data subtype:8 SA:44:fe:3b:41:13:4b DA:00:0a:f5:f2:a2:70
11-03 20:44:02.201177    20    20 E         : [20:44:02.375748] [000000036003A445] [VosRX]  wlan: [E :HDD] hdd_log_ip_addr: src addr 192:168:1:3
11-03 20:44:02.201190    20    20 E         : [20:44:02.375763] [000000036003A556] [VosRX]  wlan: [E :HDD] hdd_log_ip_addr: dst addr 192:168:1:14
11-03 20:44:02.228264     0     0 I bgcom   : bgcom_pm_resume: Bgcom resumed with : 0
11-03 20:44:02.239378     0     0 I mdss_dsi_panel_set_idle_mode: Idle (1->1)
11-03 20:44:02.277268     0     0 I PM      : resume of devices complete after 77.671 msecs
11-03 20:44:02.279913     0     0 I         : Restarting tasks ...
11-03 20:44:02.282453     0     0 W QSEECOM : qseecom_receive_req: Interrupted: exiting Listener Service = 12288
11-03 20:44:02.282516     0     0 W QSEECOM : qseecom_receive_req: Interrupted: exiting Listener Service = 28672
11-03 20:44:02.285065     0     0 W QSEECOM : qseecom_receive_req: Interrupted: exiting Listener Service = 8192
11-03 20:44:02.285116     0     0 W QSEECOM : qseecom_receive_req: Interrupted: exiting Listener Service = 11
11-03 20:44:02.285148     0     0 W QSEECOM : qseecom_receive_req: Interrupted: exiting Listener Service = 10
11-03 20:44:02.289968     0     0 I         : done.
11-03 20:44:02.465257     0     0 I PM      : suspend exit 2021-11-03 19:44:02.465257470 UTC
11-03 20:44:02.568171     0     0 I PM      : suspend entry 2021-11-03 19:44:02.568171845 UTC
11-03 20:44:02.568183     0     0 I PM      : Syncing filesystems ... done.
11-03 20:44:02.640350     0     0 I         : Freezing user space processes ... (elapsed 0.007 seconds) done.
11-03 20:44:02.648374     0     0 I         : Freezing remaining freezable tasks ... (elapsed 0.003 seconds) done.
11-03 20:44:02.652393     0     0 I         : Suspending console(s) (use no_console_suspend to debug)
11-03 20:44:02.664503     0     0 I mdss_dsi_panel_set_idle_mode: Idle (1->1)
11-03 20:44:02.702575     0     0 I bgcom   : bgcom_pm_suspend: suspended with : 0
11-03 20:44:02.739761     0     0 I PM      : suspend of devices complete after 85.144 msecs
11-03 20:44:02.745338     0     0 I PM      : late suspend of devices complete after 5.535 msecs
11-03 20:44:02.751256     0     0 I PM      : noirq suspend of devices complete after 5.894 msecs
11-03 20:44:02.751269     0     0 I         : Disabling non-boot CPUs ...
11-03 20:44:02.770325     0     0 I CPU1    : shutdown
11-03 20:44:02.772363     0     0 I suspend ns: 634108245037	suspend cycles:      14503368184
11-03 20:44:02.772340     0     0 I CPU0    : msm_cpu_pm_enter_sleep mode:3 during suspend
11-03 20:44:02.772340     0     0 I         : Suspended for 0.821 seconds
11-03 20:44:02.772340     0     0 I resume cycles: 14519151256
11-03 20:44:02.772599     0     0 I         : Enabling non-boot CPUs ...
11-03 20:44:02.773408     0     0 I CPU1    : update cpu_capacity 1024
11-03 20:44:02.774827     0     0 I         : CPU1 is up
11-03 20:44:02.777097     0     0 I CPU1    : update max cpu_capacity 1024
11-03 20:44:02.778606     0     0 I PM      : noirq resume of devices complete after 3.469 msecs
11-03 20:44:02.784088     0     0 I PM      : early resume of devices complete after 4.005 msecs
11-03 20:44:02.785471    20    20 E         : [20:44:03.607508] [00000003616C823D] [VosRX]  wlan: [E :WDI] WDTS_RxPacketDump RX Data frame is UC
11-03 20:44:02.785493    20    20 E         : [20:44:03.607539] [00000003616C847B] [VosRX]  wlan: [E :WDI] WDTS_RxPacketDump: Data subtype:8 SA:44:fe:3b:41:13:4b DA:00:0a:f5:f2:a2:70
11-03 20:44:02.785589    20    20 E         : [20:44:03.607633] [00000003616C8BA6] [VosRX]  wlan: [E :HDD] hdd_log_ip_addr: src addr 192:168:1:3
11-03 20:44:02.785601    20    20 E         : [20:44:03.607648] [00000003616C8CAF] [VosRX]  wlan: [E :HDD] hdd_log_ip_addr: dst addr 192:168:1:14
11-03 20:44:02.814325     0     0 I bgcom   : bgcom_pm_resume: Bgcom resumed with : 0
11-03 20:44:02.825757     0     0 I mdss_dsi_panel_set_idle_mode: Idle (1->1)
11-03 20:44:02.861267     0     0 I PM      : resume of devices complete after 77.151 msecs
11-03 20:44:02.863891     0     0 I         : Restarting tasks ...
11-03 20:44:02.866684     0     0 W QSEECOM : qseecom_receive_req: Interrupted: exiting Listener Service = 8192
11-03 20:44:02.866751     0     0 W QSEECOM : qseecom_receive_req: Interrupted: exiting Listener Service = 12288
11-03 20:44:02.866788     0     0 W QSEECOM : qseecom_receive_req: Interrupted: exiting Listener Service = 28672
11-03 20:44:02.869646     0     0 W QSEECOM : qseecom_receive_req: Interrupted: exiting Listener Service = 11
11-03 20:44:02.869701     0     0 W QSEECOM : qseecom_receive_req: Interrupted: exiting Listener Service = 10
11-03 20:44:02.877710     0     0 I         : done.
11-03 20:44:03.700437     0     0 I PM      : suspend exit 2021-11-03 19:44:03.700437625 UTC
--------- switch to main
11-03 20:44:03.764809  1990  5234 E memtrack: Couldn't load memtrack module
11-03 20:44:03.764968  1990  5234 W android.os.Debug: failed to get memory consumption info: -1
--------- switch to kernel
11-03 20:44:03.806972     0     0 I PM      : suspend entry 2021-11-03 19:44:03.806972364 UTC
11-03 20:44:03.806986     0     0 I PM      : Syncing filesystems ... done.
11-03 20:44:03.910394     0     0 I         : Freezing user space processes ... (elapsed 0.007 seconds) done.
11-03 20:44:03.917926     0     0 I         : Freezing remaining freezable tasks ... (elapsed 0.004 seconds) done.
11-03 20:44:03.922005     0     0 I         : Suspending console(s) (use no_console_suspend to debug)
11-03 20:44:03.933787     0     0 I mdss_dsi_panel_set_idle_mode: Idle (1->1)
11-03 20:44:03.975030     0     0 I bgcom   : bgcom_pm_suspend: suspended with : 0
11-03 20:44:04.010403     0     0 I PM      : suspend of devices complete after 86.179 msecs
11-03 20:44:04.015983     0     0 I PM      : late suspend of devices complete after 5.539 msecs
11-03 20:44:04.021746     0     0 I PM      : noirq suspend of devices complete after 5.740 msecs
11-03 20:44:04.021759     0     0 I         : Disabling non-boot CPUs ...
11-03 20:44:04.040282     0     0 W         : IRQ21 no longer affine to CPU1
11-03 20:44:04.042178     0     0 I CPU1    : shutdown
11-03 20:44:04.044037     0     0 I suspend ns: 634557889777	suspend cycles:      14527784435
11-03 20:44:04.044019     0     0 I CPU0    : msm_cpu_pm_enter_sleep mode:3 during suspend
11-03 20:44:04.044019     0     0 I         : Suspended for 0.469 seconds
11-03 20:44:04.044019     0     0 I resume cycles: 14536802184
11-03 20:44:04.044286     0     0 I         : Enabling non-boot CPUs ...
11-03 20:44:04.045096     0     0 I CPU1    : update cpu_capacity 1024
11-03 20:44:04.046548     0     0 I         : CPU1 is up
11-03 20:44:04.049068     0     0 I CPU1    : update max cpu_capacity 1024
11-03 20:44:04.050367     0     0 I PM      : noirq resume of devices complete after 3.511 msecs
11-03 20:44:04.055873     0     0 I PM      : early resume of devices complete after 4.028 msecs
11-03 20:44:04.057605    20    20 E         : [20:44:04.527277] [000000036279F8FB] [VosRX]  wlan: [E :WDI] WDTS_RxPacketDump RX Data frame is UC
11-03 20:44:04.057626    20    20 E         : [20:44:04.527312] [000000036279FB88] [VosRX]  wlan: [E :WDI] WDTS_RxPacketDump: Data subtype:8 SA:44:fe:3b:41:13:4b DA:00:0a:f5:f2:a2:70
11-03 20:44:04.057722    20    20 E         : [20:44:04.527407] [00000003627A02A1] [VosRX]  wlan: [E :HDD] hdd_log_ip_addr: src addr 192:168:1:3
11-03 20:44:04.057735    20    20 E         : [20:44:04.527421] [00000003627A03B7] [VosRX]  wlan: [E :HDD] hdd_log_ip_addr: dst addr 192:168:1:14
11-03 20:44:04.084827     0     0 I bgcom   : bgcom_pm_resume: Bgcom resumed with : 0
11-03 20:44:04.096372     0     0 I mdss_dsi_panel_set_idle_mode: Idle (1->1)
11-03 20:44:04.133553     0     0 I PM      : resume of devices complete after 77.653 msecs
11-03 20:44:04.136195     0     0 I         : Restarting tasks ...
11-03 20:44:04.139100     0     0 W QSEECOM : qseecom_receive_req: Interrupted: exiting Listener Service = 12288
11-03 20:44:04.139168     0     0 W QSEECOM : qseecom_receive_req: Interrupted: exiting Listener Service = 10
11-03 20:44:04.139202     0     0 W QSEECOM : qseecom_receive_req: Interrupted: exiting Listener Service = 28672
11-03 20:44:04.141704     0     0 W QSEECOM : qseecom_receive_req: Interrupted: exiting Listener Service = 8192
11-03 20:44:04.141768     0     0 W QSEECOM : qseecom_receive_req: Interrupted: exiting Listener Service = 11
11-03 20:44:04.142537     0     0 I         : done.
11-03 20:44:04.612652     0     0 I PM      : suspend exit 2021-11-03 19:44:04.612652364 UTC
11-03 20:44:04.713377     0     0 I PM      : suspend entry 2021-11-03 19:44:04.713377989 UTC
11-03 20:44:04.713391     0     0 I PM      : Syncing filesystems ... done.
11-03 20:44:04.813814     0     0 I         : Freezing user space processes ... (elapsed 0.007 seconds) done.
11-03 20:44:04.821434     0     0 I         : Freezing remaining freezable tasks ... (elapsed 0.003 seconds) done.
11-03 20:44:04.825422     0     0 I         : Suspending console(s) (use no_console_suspend to debug)
11-03 20:44:04.837559     0     0 I mdss_dsi_panel_set_idle_mode: Idle (1->1)
11-03 20:44:04.874044     0     0 I bgcom   : bgcom_pm_suspend: suspended with : 0
11-03 20:44:04.910996     0     0 I PM      : suspend of devices complete after 83.358 msecs
11-03 20:44:04.916545     0     0 I PM      : late suspend of devices complete after 5.500 msecs
11-03 20:44:04.922402     0     0 I PM      : noirq suspend of devices complete after 5.830 msecs
11-03 20:44:04.922415     0     0 I         : Disabling non-boot CPUs ...
11-03 20:44:04.941750     0     0 I CPU1    : shutdown
11-03 20:44:04.943674     0     0 I suspend ns: 634987852382	suspend cycles:      14545057466
11-03 20:44:04.943655     0     0 I CPU0    : msm_cpu_pm_enter_sleep mode:3 during suspend
11-03 20:44:04.943655     0     0 I         : Suspended for 0.493 seconds
11-03 20:44:04.943655     0     0 I resume cycles: 14554528354
11-03 20:44:04.943905     0     0 I         : Enabling non-boot CPUs ...
11-03 20:44:04.944710     0     0 I CPU1    : update cpu_capacity 1024
11-03 20:44:04.946123     0     0 I         : CPU1 is up
11-03 20:44:04.948549     0     0 I CPU1    : update max cpu_capacity 1024
11-03 20:44:04.949911     0     0 I PM      : noirq resume of devices complete after 3.485 msecs
11-03 20:44:04.955096     0     0 I PM      : early resume of devices complete after 3.713 msecs
11-03 20:44:04.956337    20    20 E         : [20:44:05.449618] [0000000363883075] [VosRX]  wlan: [E :WDI] WDTS_RxPacketDump RX Data frame is UC
11-03 20:44:04.956358    20    20 E         : [20:44:05.449647] [0000000363883297] [VosRX]  wlan: [E :WDI] WDTS_RxPacketDump: Data subtype:8 SA:44:fe:3b:41:13:4b DA:00:0a:f5:f2:a2:70
11-03 20:44:04.956451    20    20 E         : [20:44:05.449738] [000000036388397C] [VosRX]  wlan: [E :HDD] hdd_log_ip_addr: src addr 192:168:1:1
11-03 20:44:04.956465    20    20 E         : [20:44:05.449754] [0000000363883A97] [VosRX]  wlan: [E :HDD] hdd_log_ip_addr: dst addr 192:168:1:14
11-03 20:44:04.985660     0     0 I bgcom   : bgcom_pm_resume: Bgcom resumed with : 0
11-03 20:44:04.997096     0     0 I mdss_dsi_panel_set_idle_mode: Idle (1->1)
11-03 20:44:05.032763     0     0 I PM      : resume of devices complete after 77.639 msecs
11-03 20:44:05.035373     0     0 I         : Restarting tasks ...
11-03 20:44:05.038874     0     0 W QSEECOM : qseecom_receive_req: Interrupted: exiting Listener Service = 8192
11-03 20:44:05.038938     0     0 W QSEECOM : qseecom_receive_req: Interrupted: exiting Listener Service = 12288
11-03 20:44:05.038972     0     0 W QSEECOM : qseecom_receive_req: Interrupted: exiting Listener Service = 10
11-03 20:44:05.039007     0     0 W QSEECOM : qseecom_receive_req: Interrupted: exiting Listener Service = 28672
11-03 20:44:05.041081     0     0 W QSEECOM : qseecom_receive_req: Interrupted: exiting Listener Service = 11
11-03 20:44:05.041789     0     0 I         : done.
11-03 20:44:05.535820     0     0 I PM      : suspend exit 2021-11-03 19:44:05.535820905 UTC
11-03 20:44:05.640758     0     0 I PM      : suspend entry 2021-11-03 19:44:05.640758353 UTC
11-03 20:44:05.640771     0     0 I PM      : Syncing filesystems ... done.
11-03 20:44:05.742029     0     0 I         : Freezing user space processes ... (elapsed 0.007 seconds) done.
11-03 20:44:05.749537     0     0 I         : Freezing remaining freezable tasks ... (elapsed 0.003 seconds) done.
11-03 20:44:05.753460     0     0 I         : Suspending console(s) (use no_console_suspend to debug)
11-03 20:44:05.766685     0     0 I mdss_dsi_panel_set_idle_mode: Idle (1->1)
11-03 20:44:05.807015     0     0 I bgcom   : bgcom_pm_suspend: suspended with : 0
11-03 20:44:05.844192     0     0 I PM      : suspend of devices complete after 88.504 msecs
11-03 20:44:05.849992     0     0 I PM      : late suspend of devices complete after 5.762 msecs
11-03 20:44:05.855793     0     0 I PM      : noirq suspend of devices complete after 5.775 msecs
11-03 20:44:05.855807     0     0 I         : Disabling non-boot CPUs ...
11-03 20:44:05.874881     0     0 I CPU1    : shutdown
11-03 20:44:05.876761     0     0 I suspend ns: 635427664675	suspend cycles:      14562972750
11-03 20:44:05.876741     0     0 I CPU0    : msm_cpu_pm_enter_sleep mode:3 during suspend
11-03 20:44:05.876993     0     0 I         : Enabling non-boot CPUs ...
11-03 20:44:05.877810     0     0 I CPU1    : update cpu_capacity 1024
11-03 20:44:05.879209     0     0 I         : CPU1 is up
11-03 20:44:05.881699     0     0 I CPU1    : update max cpu_capacity 1024
11-03 20:44:05.883035     0     0 I PM      : noirq resume of devices complete after 3.498 msecs
11-03 20:44:05.888403     0     0 I PM      : early resume of devices complete after 3.895 msecs
11-03 20:44:05.889629    20    20 E         : [20:44:06.985228] [00000003654A1337] [VosRX]  wlan: [E :WDI] WDTS_RxPacketDump RX Data frame is UC
11-03 20:44:05.889651    20    20 E         : [20:44:06.985262] [00000003654A15BC] [VosRX]  wlan: [E :WDI] WDTS_RxPacketDump: Data subtype:8 SA:44:fe:3b:41:13:4b DA:00:0a:f5:f2:a2:70
11-03 20:44:05.889745    20    20 E         : [20:44:06.985355] [00000003654A1CC3] [VosRX]  wlan: [E :HDD] hdd_log_ip_addr: src addr 192:168:1:3
11-03 20:44:05.889821    20    20 E         : [20:44:06.985370] [00000003654A1DDA] [VosRX]  wlan: [E :HDD] hdd_log_ip_addr: dst addr 192:168:1:14
11-03 20:44:05.918038     0     0 I bgcom   : bgcom_pm_resume: Bgcom resumed with : 0
11-03 20:44:05.929266     0     0 I mdss_dsi_panel_set_idle_mode: Idle (1->1)
11-03 20:44:05.965996     0     0 I PM      : resume of devices complete after 77.563 msecs
11-03 20:44:05.968630     0     0 I         : Restarting tasks ...
11-03 20:44:05.971770     0     0 W QSEECOM : qseecom_receive_req: Interrupted: exiting Listener Service = 8192
11-03 20:44:05.971840     0     0 W QSEECOM : qseecom_receive_req: Interrupted: exiting Listener Service = 12288
11-03 20:44:05.971885     0     0 W QSEECOM : qseecom_receive_req: Interrupted: exiting Listener Service = 11
11-03 20:44:05.971920     0     0 W QSEECOM : qseecom_receive_req: Interrupted: exiting Listener Service = 10
11-03 20:44:05.974595     0     0 W QSEECOM : qseecom_receive_req: Interrupted: exiting Listener Service = 28672
11-03 20:44:05.975281     0     0 I         : done.
11-03 20:44:07.071598     0     0 I PM      : suspend exit 2021-11-03 19:44:07.071598039 UTC
11-03 20:44:07.176051     0     0 I PM      : suspend entry 2021-11-03 19:44:07.176051269 UTC
11-03 20:44:07.176063     0     0 I PM      : Syncing filesystems ... done.
11-03 20:44:07.277405     0     0 I         : Freezing user space processes ... (elapsed 0.007 seconds) done.
11-03 20:44:07.284566     0     0 I         : Freezing remaining freezable tasks ... (elapsed 0.004 seconds) done.
11-03 20:44:07.289322     0     0 I         : Suspending console(s) (use no_console_suspend to debug)
11-03 20:44:07.291699     0     0 I PM      : Wakeup pending, aborting suspend
11-03 20:44:07.291710     0     0 I         : active wakeup source: qcom_rx_wakelock
11-03 20:44:07.291797     0     0 E PM      : Some devices failed to suspend, or early wake event detected
11-03 20:44:07.291818     0     0 W vcsa63  : Unbalanced pm_runtime_enable!
11-03 20:44:07.291827     0     0 I PM      : resume of devices complete after 0.022 msecs
11-03 20:44:07.294192     0     0 I         : Restarting tasks ...
11-03 20:44:07.295802     0     0 W QSEECOM : qseecom_receive_req: Interrupted: exiting Listener Service = 8192
11-03 20:44:07.295865     0     0 W QSEECOM : qseecom_receive_req: Interrupted: exiting Listener Service = 12288
11-03 20:44:07.295899     0     0 W QSEECOM : qseecom_receive_req: Interrupted: exiting Listener Service = 11
11-03 20:44:07.295932     0     0 W QSEECOM : qseecom_receive_req: Interrupted: exiting Listener Service = 10
11-03 20:44:07.299938     0     0 W QSEECOM : qseecom_receive_req: Interrupted: exiting Listener Service = 28672
