11-03 20:32:39.894843  2365  2648 E HOME    : 	at java.util.concurrent.ThreadPoolExecutor$Worker.run(ThreadPoolExecutor.java:641)
11-03 20:32:39.894843  2365  2648 E HOME    : 	at bvl.run(AW782433232:4)
11-03 20:32:39.894843  2365  2648 E HOME    : 	at java.lang.Thread.run(Thread.java:764)
11-03 20:32:39.907812  1679  1729 D SidekickService: sendBitmapsLocked(): status = 0, bytesUsed = 20658
11-03 20:32:39.908452  1679  1729 D SidekickServiceUtils: bitmapFromDrawable: Returning bitmap directly
11-03 20:32:39.909616  1679  1729 D SidekickService: sendBitmapsLocked(): bounds = RectF(0.0, 0.0, 0.0024038462, 0.0024038462), drawableInfo = {.id = 100000, .width = 1, .height = 1, .display = true, .offsetX = 0.0, .offsetY = 0.0, .rotationInfo = {.hasRotation = false, .pivotX = 0.0, .pivotY = 0.0, .degreesPerDay = 0.0, .degreesPerStep = 0.0, .zeroDegreesTime = {.daysSinceLocalEpoch = 0, .msSinceMidnight = 0}}, .transformInfo = {.transformed = false, .flipX = false, .flipY = false, .flip45 = false, .scaleX = 0.0, .scaleY = 0.0}, .type = GENERIC, .blink = {.blinking = false, .periodOnMs = 0.0, .periodOffMs = 0.0, .startTime = {.daysSinceLocalEpoch = 0, .msSinceMidnight = 0}}, .zOrder = 8, .displayInTwm = true}, image.size() = 84
11-03 20:32:39.910343   414  1707 D SKGHAL  : saveResource: resId = 100000
11-03 20:32:39.910682  1679  1729 D SidekickService: sendBitmapsLocked(): status = 0, bytesUsed = 18
11-03 20:32:39.910943  1679  1729 D SidekickService: ISidekickGraphics#endResources()...
11-03 20:32:39.919920  2365  2847 D HOME    : [NewStreamAdapter]Publishing revision #6010 to adapter clients
11-03 20:32:39.933723  2391  2793 W earchbox:searc: Long monitor contention with owner Blocking Thread #5 (2813) at int java.io.UnixFileSystem.getBooleanAttributes0(java.lang.String)(UnixFileSystem.java:-2) waiters=1 in void com.google.android.apps.gsa.m.b.b(com.google.android.apps.gsa.m.a) for 1.807s
--------- switch to system
11-03 20:32:39.961968  1679  2708 I ActivityManager: Process com.android.keychain (pid 2410) has died: cch+6CEM 
--------- switch to main
11-03 20:32:39.963721  1679  1697 W libprocessgroup: kill(-2410, 9) failed: No such process
11-03 20:32:39.963895  1679  1697 I libprocessgroup: Successfully killed process cgroup uid 1000 pid 2410 in 0ms
11-03 20:32:39.970462   444   444 I Zygote  : Process 2410 exited due to signal (9)
11-03 20:32:39.970877  2264  2663 I gle.android.gm: The ClassLoaderContext is a special shared library.
11-03 20:32:40.012534  2391  2391 I WorkerManager: Unloading disused workers
11-03 20:32:40.024224  2365  2848 D HOME    : [StreamDBQueue]Promised revision #6011 to queue a new op
11-03 20:32:40.024452  2365  2848 D WatchStreamManager: Promised rerank @ r#6011
11-03 20:32:40.026938  2365  2864 D HOME    : [WatchStreamDB]updateRanking()
11-03 20:32:40.044166  2391  2391 D StrictMode: StrictMode policy violation; ~duration=6 ms: android.os.strictmode.DiskReadViolation
11-03 20:32:40.044166  2391  2391 D StrictMode: 	at android.os.StrictMode$AndroidBlockGuardPolicy.onReadFromDisk(StrictMode.java:1504)
11-03 20:32:40.044166  2391  2391 D StrictMode: 	at java.io.FileInputStream.<init>(FileInputStream.java:163)
11-03 20:32:40.044166  2391  2391 D StrictMode: 	at java.io.FileReader.<init>(FileReader.java:72)
11-03 20:32:40.044166  2391  2391 D StrictMode: 	at com.google.android.apps.gsa.binaries.clockwork.de.a(SourceFile:1)
11-03 20:32:40.044166  2391  2391 D StrictMode: 	at com.google.android.apps.gsa.binaries.clockwork.cw.a(Unknown Source:0)
11-03 20:32:40.044166  2391  2391 D StrictMode: 	at com.google.common.b.bx.a(SourceFile:1)
11-03 20:32:40.044166  2391  2391 D StrictMode: 	at com.google.android.apps.gsa.binaries.clockwork.cx.a(Unknown Source:2)
11-03 20:32:40.044166  2391  2391 D StrictMode: 	at com.google.common.b.bx.a(SourceFile:1)
11-03 20:32:40.044166  2391  2391 D StrictMode: 	at com.google.android.apps.gsa.binaries.clockwork.db.onTrimMemory(SourceFile:2)
11-03 20:32:40.044166  2391  2391 D StrictMode: 	at android.app.ActivityThread.handleTrimMemory(ActivityThread.java:5442)
11-03 20:32:40.044166  2391  2391 D StrictMode: 	at android.app.ActivityThread.access$900(ActivityThread.java:200)
11-03 20:32:40.044166  2391  2391 D StrictMode: 	at android.app.ActivityThread$ApplicationThread.lambda$scheduleTrimMemory$0(ActivityThread.java:1420)
11-03 20:32:40.044166  2391  2391 D StrictMode: 	at android.app.-$$Lambda$ActivityThread$ApplicationThread$tUGFX7CUhzB4Pg5wFd5yeqOnu38.accept(Unknown Source:8)
11-03 20:32:40.044166  2391  2391 D StrictMode: 	at com.android.internal.util.function.pooled.PooledLambdaImpl.doInvoke(PooledLambdaImpl.java:258)
11-03 20:32:40.044166  2391  2391 D StrictMode: 	at com.android.internal.util.function.pooled.PooledLambdaImpl.invoke(PooledLambdaImpl.java:182)
11-03 20:32:40.044166  2391  2391 D StrictMode: 	at com.android.internal.util.function.pooled.OmniFunction.run(OmniFunction.java:77)
11-03 20:32:40.044166  2391  2391 D StrictMode: 	at android.os.Handler.handleCallback(Handler.java:873)
11-03 20:32:40.044166  2391  2391 D StrictMode: 	at android.os.Handler.dispatchMessage(Handler.java:99)
11-03 20:32:40.044166  2391  2391 D StrictMode: 	at android.os.Looper.loop(Looper.java:193)
11-03 20:32:40.044166  2391  2391 D StrictMode: 	at android.app.ActivityThread.main(ActivityThread.java:6680)
11-03 20:32:40.044166  2391  2391 D StrictMode: 	at java.lang.reflect.Method.invoke(Native Method)
11-03 20:32:40.044166  2391  2391 D StrictMode: 	at com.android.internal.os.RuntimeInit$MethodAndArgsCaller.run(RuntimeInit.java:493)
11-03 20:32:40.044166  2391  2391 D StrictMode: 	at com.android.internal.os.ZygoteInit.main(ZygoteInit.java:858)
11-03 20:32:40.073526   414  1707 D SKGHAL  : sendResources: metadata size = 2400, font size = 72
11-03 20:32:40.059937  2365  2864 D HOME    : [NewStreamAdapter]Publishing revision #6011 to adapter clients
11-03 20:32:40.130282  2365  2848 D HOME    : [StreamDBQueue]Promised revision #6012 to queue a new op
11-03 20:32:40.136341   414  1707 D SKGHAL  : endResources: rc = 0
11-03 20:32:40.136418   414  1707 D SKGHAL  : Changing to ACTIVE state
11-03 20:32:40.183204  2391  2391 D StrictMode: StrictMode policy violation; ~duration=6 ms: android.os.strictmode.DiskReadViolation
11-03 20:32:40.183204  2391  2391 D StrictMode: 	at android.os.StrictMode$AndroidBlockGuardPolicy.onReadFromDisk(StrictMode.java:1504)
11-03 20:32:40.183204  2391  2391 D StrictMode: 	at libcore.io.BlockGuardOs.read(BlockGuardOs.java:253)
11-03 20:32:40.183204  2391  2391 D StrictMode: 	at libcore.io.IoBridge.read(IoBridge.java:501)
11-03 20:32:40.183204  2391  2391 D StrictMode: 	at java.io.FileInputStream.read(FileInputStream.java:307)
11-03 20:32:40.183204  2391  2391 D StrictMode: 	at sun.nio.cs.StreamDecoder.readBytes(StreamDecoder.java:288)
11-03 20:32:40.183204  2391  2391 D StrictMode: 	at sun.nio.cs.StreamDecoder.implRead(StreamDecoder.java:351)
11-03 20:32:40.183204  2391  2391 D StrictMode: 	at sun.nio.cs.StreamDecoder.read(StreamDecoder.java:180)
11-03 20:32:40.183204  2391  2391 D StrictMode: 	at java.io.InputStreamReader.read(InputStreamReader.java:184)
11-03 20:32:40.183204  2391  2391 D StrictMode: 	at java.io.BufferedReader.fill(BufferedReader.java:172)
11-03 20:32:40.183204  2391  2391 D StrictMode: 	at java.io.BufferedReader.readLine(BufferedReader.java:335)
11-03 20:32:40.183204  2391  2391 D StrictMode: 	at java.io.BufferedReader.readLine(BufferedReader.java:400)
11-03 20:32:40.183204  2391  2391 D StrictMode: 	at com.google.android.apps.gsa.binaries.clockwork.de.a(SourceFile:1)
11-03 20:32:40.183204  2391  2391 D StrictMode: 	at com.google.android.apps.gsa.binaries.clockwork.cw.a(Unknown Source:0)
11-03 20:32:40.183204  2391  2391 D StrictMode: 	at com.google.common.b.bx.a(SourceFile:1)
11-03 20:32:40.183204  2391  2391 D StrictMode: 	at com.google.android.apps.gsa.binaries.clockwork.cx.a(Unknown Source:2)
11-03 20:32:40.183204  2391  2391 D StrictMode: 	at com.google.common.b.bx.a(SourceFile:1)
11-03 20:32:40.183204  2391  2391 D StrictMode: 	at com.google.android.apps.gsa.binaries.clockwork.db.onTrimMemory(SourceFile:2)
11-03 20:32:40.183204  2391  2391 D StrictMode: 	at android.app.ActivityThread.handleTrimMemory(ActivityThread.java:5442)
11-03 20:32:40.183204  2391  2391 D StrictMode: 	at android.app.ActivityThread.access$900(ActivityThread.java:200)
11-03 20:32:40.183204  2391  2391 D StrictMode: 	at android.app.ActivityThread$ApplicationThread.lambda$scheduleTrimMemory$0(ActivityThread.java:1420)
11-03 20:32:40.183204  2391  2391 D StrictMode: 	at android.app.-$$Lambda$ActivityThread$ApplicationThread$tUGFX7CUhzB4Pg5wFd5yeqOnu38.accept(Unknown Source:8)
11-03 20:32:40.183204  2391  2391 D StrictMode: 	at com.android.internal.util.function.pooled.PooledLambdaImpl.doInvoke(PooledLambdaImpl.java:258)
11-03 20:32:40.183204  2391  2391 D StrictMode: 	at com.android.internal.util.function.pooled.PooledLambdaImpl.invoke(PooledLambdaImpl.java:182)
11-03 20:32:40.183204  2391  2391 D StrictMode: 	at com.android.internal.util.function.pooled.OmniFunction.run(OmniFunction.java:77)
11-03 20:32:40.183204  2391  2391 D StrictMode: 	at android.os.Handler.handleCallback(Handler.java:873)
11-03 20:32:40.183204  2391  2391 D StrictMode: 	at android.os.Handler.dispatchMessage(Handler.java:99)
11-03 20:32:40.183204  2391  2391 D StrictMode: 	at android.os.Looper.loop(Looper.java:193)
11-03 20:32:40.183204  2391  2391 D StrictMode: 	at android.app.ActivityThread.main(ActivityThread.java:6680)
11-03 20:32:40.183204  2391  2391 D StrictMode: 	at java.lang.reflect.Method.invoke(Native Method)
11-03 20:32:40.183204  2391  2391 D StrictMode: 	at com.android.internal.os.RuntimeInit$MethodAndArgsCaller.run(RuntimeInit.java:493)
11-03 20:32:40.183204  2391  2391 D StrictMode: 	at com.android.internal.os.ZygoteInit.main(ZygoteInit.java:858)
11-03 20:32:40.184294  2391  2391 D StrictMode: StrictMode policy violation; ~duration=5 ms: android.os.strictmode.DiskReadViolation
11-03 20:32:40.184294  2391  2391 D StrictMode: 	at android.os.StrictMode$AndroidBlockGuardPolicy.onReadFromDisk(StrictMode.java:1504)
11-03 20:32:40.184294  2391  2391 D StrictMode: 	at libcore.io.BlockGuardOs.read(BlockGuardOs.java:253)
11-03 20:32:40.184294  2391  2391 D StrictMode: 	at libcore.io.IoBridge.read(IoBridge.java:501)
11-03 20:32:40.184294  2391  2391 D StrictMode: 	at java.io.FileInputStream.read(FileInputStream.java:307)
11-03 20:32:40.184294  2391  2391 D StrictMode: 	at sun.nio.cs.StreamDecoder.readBytes(StreamDecoder.java:288)
11-03 20:32:40.184294  2391  2391 D StrictMode: 	at sun.nio.cs.StreamDecoder.implRead(StreamDecoder.java:351)
11-03 20:32:40.184294  2391  2391 D StrictMode: 	at sun.nio.cs.StreamDecoder.read(StreamDecoder.java:180)
11-03 20:32:40.184294  2391  2391 D StrictMode: 	at java.io.InputStreamReader.read(InputStreamReader.java:184)
11-03 20:32:40.184294  2391  2391 D StrictMode: 	at java.io.BufferedReader.fill(BufferedReader.java:172)
11-03 20:32:40.184294  2391  2391 D StrictMode: 	at java.io.BufferedReader.readLine(BufferedReader.java:335)
11-03 20:32:40.184294  2391  2391 D StrictMode: 	at java.io.BufferedReader.readLine(BufferedReader.java:400)
11-03 20:32:40.184294  2391  2391 D StrictMode: 	at com.google.android.apps.gsa.binaries.clockwork.de.a(SourceFile:1)
11-03 20:32:40.184294  2391  2391 D StrictMode: 	at com.google.android.apps.gsa.binaries.clockwork.cw.a(Unknown Source:0)
11-03 20:32:40.184294  2391  2391 D StrictMode: 	at com.google.common.b.bx.a(SourceFile:1)
11-03 20:32:40.184294  2391  2391 D StrictMode: 	at com.google.android.apps.gsa.binaries.clockwork.cx.a(Unknown Source:2)
11-03 20:32:40.184294  2391  2391 D StrictMode: 	at com.google.common.b.bx.a(SourceFile:1)
11-03 20:32:40.184294  2391  2391 D StrictMode: 	at com.google.android.apps.gsa.binaries.clockwork.db.onTrimMemory(SourceFile:2)
11-03 20:32:40.184294  2391  2391 D StrictMode: 	at android.app.ActivityThread.handleTrimMemory(ActivityThread.java:5442)
11-03 20:32:40.184294  2391  2391 D StrictMode: 	at android.app.ActivityThread.access$900(ActivityThread.java:200)
11-03 20:32:40.184294  2391  2391 D StrictMode: 	at android.app.ActivityThread$ApplicationThread.lambda$scheduleTrimMemory$0(ActivityThread.java:1420)
11-03 20:32:40.184294  2391  2391 D StrictMode: 	at android.app.-$$Lambda$ActivityThread$ApplicationThread$tUGFX7CUhzB4Pg5wFd5yeqOnu38.accept(Unknown Source:8)
11-03 20:32:40.184294  2391  2391 D StrictMode: 	at com.android.internal.util.function.pooled.PooledLambdaImpl.doInvoke(PooledLambdaImpl.java:258)
11-03 20:32:40.184294  2391  2391 D StrictMode: 	at com.android.internal.util.function.pooled.PooledLambdaImpl.invoke(PooledLambdaImpl.java:182)
11-03 20:32:40.184294  2391  2391 D StrictMode: 	at com.android.internal.util.function.pooled.OmniFunction.run(OmniFunction.java:77)
11-03 20:32:40.184294  2391  2391 D StrictMode: 	at android.os.Handler.handleCallback(Handler.java:873)
11-03 20:32:40.184294  2391  2391 D StrictMode: 	at android.os.Handler.dispatchMessage(Handler.java:99)
11-03 20:32:40.184294  2391  2391 D StrictMode: 	at android.os.Looper.loop(Looper.java:193)
11-03 20:32:40.184294  2391  2391 D StrictMode: 	at android.app.ActivityThread.main(ActivityThread.java:6680)
11-03 20:32:40.184294  2391  2391 D StrictMode: 	at java.lang.reflect.Method.invoke(Native Method)
11-03 20:32:40.184294  2391  2391 D StrictMode: 	at com.android.internal.os.RuntimeInit$MethodAndArgsCaller.run(RuntimeInit.java:493)
11-03 20:32:40.184294  2391  2391 D StrictMode: 	at com.android.internal.os.ZygoteInit.main(ZygoteInit.java:858)
11-03 20:32:40.189050   666   666 I /system/bin/tombstoned: received crash request for pid 1817
11-03 20:32:40.189202   666   666 I /system/bin/tombstoned: found intercept fd 512 for pid 1817 and type kDebuggerdJavaBacktrace
11-03 20:32:40.191961  1679  1694 I system_server: libdebuggerd_client: done dumping process 1817
11-03 20:32:40.192368  1679  1694 I system_server: libdebuggerd_client: started dumping process 535
11-03 20:32:40.193220   666   666 I /system/bin/tombstoned: registered intercept for pid 535 and type kDebuggerdNativeBacktrace
11-03 20:32:40.193735   535   535 I libc    : Requested dump for tid 535 (audioserver)
11-03 20:32:40.194008  1817  1828 I ckwork.systemu: Wrote stack traces to '[tombstoned]'
11-03 20:32:40.242030  1679  1746 D WindowManager: interceptKeyTq keycode=26 interactive=true keyguardActive=false policyFlags=22000000
11-03 20:32:40.242362  1990  2185 W ProviderHelper: Unknown dynamite feature measurement.dynamite
11-03 20:32:40.247806  2795  2870 I DynamiteModule: Considering local module com.google.android.gms.measurement.dynamite:20 and remote module com.google.android.gms.measurement.dynamite:0
11-03 20:32:40.248009  2795  2870 I DynamiteModule: Selected local version of com.google.android.gms.measurement.dynamite
11-03 20:32:40.299771  2365  2864 D HOME    : [WatchStreamDB]updateRanking()
11-03 20:32:40.301657  2365  2848 D WatchStreamManager: Promised rerank @ r#6012
11-03 20:32:40.304838  1990  1990 W .gms.persisten: Long monitor contention with owner highpool[4] (2700) at android.content.res.Resources android.app.ResourcesManager.getOrCreateResources(android.os.IBinder, android.content.res.ResourcesKey, java.lang.ClassLoader)(ResourcesManager.java:753) waiters=0 in java.util.ArrayList android.app.ActivityThread.collectComponentCallbacks(boolean, android.content.res.Configuration) for 311ms
11-03 20:32:40.313792  2365  2826 I SidekickManager: replaceWatchFaceComponentsImpl(): watchFace = com.google.android.clockwork.decomposablewatchface.WatchFaceDecomposition@d6000bc
11-03 20:32:40.314600  1679  1729 D SidekickService: sendWatchFaceComponents called: watchFace = com.google.android.clockwork.decomposablewatchface.WatchFaceDecomposition@7c17c31shouldReplace = false
11-03 20:32:40.314796  1679  1729 D SidekickService: Check decomposition for calling app com.google.android.wearable.app with uid 10049
11-03 20:32:40.315138  1679  1729 D SidekickService: sendWatchFaceLocked(): shouldReplace = false, mSidekickIsControlling = false, 1 images, 0 fonts, 0 numbers, 0 proportionalFonts, 0 strings
11-03 20:32:40.315199  1679  1729 D SidekickService: ISidekickGraphics#beginResources()...
11-03 20:32:40.316506  1679  1729 D SidekickServiceUtils: bitmapFromDrawable: Returning bitmap directly
11-03 20:32:40.317817  1679  1729 D SidekickService: sendBitmapsLocked(): bounds = RectF(0.0, 0.0, 0.0024038462, 0.0024038462), drawableInfo = {.id = 100000, .width = 1, .height = 1, .display = true, .offsetX = 0.0, .offsetY = 0.0, .rotationInfo = {.hasRotation = false, .pivotX = 0.0, .pivotY = 0.0, .degreesPerDay = 0.0, .degreesPerStep = 0.0, .zeroDegreesTime = {.daysSinceLocalEpoch = 0, .msSinceMidnight = 0}}, .transformInfo = {.transformed = false, .flipX = false, .flipY = false, .flip45 = false, .scaleX = 0.0, .scaleY = 0.0}, .type = GENERIC, .blink = {.blinking = false, .periodOnMs = 0.0, .periodOffMs = 0.0, .startTime = {.daysSinceLocalEpoch = 0, .msSinceMidnight = 0}}, .zOrder = 8, .displayInTwm = true}, image.size() = 84
11-03 20:32:40.318557   414  1707 D SKGHAL  : saveResource: resId = 100000
11-03 20:32:40.318955  1679  1729 D SidekickService: sendBitmapsLocked(): status = 0, bytesUsed = 18
11-03 20:32:40.319121  1679  1729 D SidekickService: ISidekickGraphics#endResources()...
11-03 20:32:40.321984  2365  2729 I OpenGLRenderer: Davey! duration=4490ms; Flags=1, IntendedVsync=60453799722, Vsync=63498244136, OldestInputEvent=9223372036854775807, NewestInputEvent=0, HandleInputStart=63512189557, AnimationStart=63512225495, PerformTraversalsStart=63513733463, DrawStart=63537410234, SyncQueued=63556442005, SyncStart=63556822057, IssueDrawCommandsStart=63566050442, SwapBuffers=64777970077, FrameCompleted=64944196536, DequeueBufferDuration=366000, QueueBufferDuration=1190000, 
11-03 20:32:40.324831  2365  2365 D HOME    : [WFPView]trimMemory
11-03 20:32:40.326490  2365  2365 D HOME    : [StreamModule]Updating gaze alerter state: inWetMode=false focused=false uiMode=MODE_WATCH_FACE
--------- switch to system
11-03 20:32:40.327517  2365  2365 W ViewRootImpl[HomeActivity2]: Dropping event due to no window focus: MotionEvent { action=ACTION_DOWN, actionButton=0, id[0]=0, x[0]=198.0, y[0]=19.0, toolType[0]=TOOL_TYPE_FINGER, buttonState=0, metaState=0, flags=0x1, edgeFlags=0x0, pointerCount=1, historySize=0, eventTime=63815, downTime=63815, deviceId=1, source=0x1002 }
11-03 20:32:40.328436  2365  2365 W ViewRootImpl[HomeActivity2]: Dropping event due to no window focus: MotionEvent { action=ACTION_MOVE, actionButton=0, id[0]=0, x[0]=261.0, y[0]=329.0, toolType[0]=TOOL_TYPE_FINGER, buttonState=0, metaState=0, flags=0x1, edgeFlags=0x0, pointerCount=1, historySize=14, eventTime=64014, downTime=63815, deviceId=1, source=0x1002 }
11-03 20:32:40.328900  2365  2365 W ViewRootImpl[HomeActivity2]: Cancelling event due to no window focus: MotionEvent { action=ACTION_CANCEL, actionButton=0, id[0]=0, x[0]=261.0, y[0]=329.0, toolType[0]=TOOL_TYPE_FINGER, buttonState=0, metaState=0, flags=0x1, edgeFlags=0x0, pointerCount=1, historySize=0, eventTime=64020, downTime=63815, deviceId=1, source=0x1002 }
--------- switch to main
11-03 20:32:40.379961  1679  1746 D WindowManager: interceptKeyTq keycode=26 interactive=true keyguardActive=false policyFlags=22000000
11-03 20:32:40.402030  1990  2792 W ProviderHelper: Unknown dynamite feature measurement.dynamite
11-03 20:32:40.467872   414  1707 D SKGHAL  : sendResources: metadata size = 2400, font size = 72
11-03 20:32:40.426117  2365  2864 D HOME    : [NewStreamAdapter]Publishing revision #6012 to adapter clients
11-03 20:32:40.535746   414  1707 D SKGHAL  : endResources: rc = 0
11-03 20:32:40.569082  2365  2365 D HOME    : [WatchFaceUiController]Watch face has changed to WatchFaceInfo[com.montblanc.smartwatch.configurator.chrono390/com.montblanc.smartwatch.configurator.watchface.ConfiguratorWatchfaceService]
11-03 20:32:40.590309  2365  2365 I HOME    : [CompClientService]Creating service
11-03 20:32:40.645845  2795  2795 W FA      : Failed to register event listener on calling thread. Trying again on the dynamite thread.
11-03 20:32:40.655168  2365  2881 D HOME    : [AppGmsDepIntentSvc]Retrying installation of all apps that depended on GMS version.
--------- switch to system
11-03 20:32:40.329105  2365  2365 I chatty  : uid=10049(com.google.android.wearable.app) identical 2 lines
11-03 20:32:40.329228  2365  2365 W ViewRootImpl[HomeActivity2]: Cancelling event due to no window focus: MotionEvent { action=ACTION_CANCEL, actionButton=0, id[0]=0, x[0]=261.0, y[0]=329.0, toolType[0]=TOOL_TYPE_FINGER, buttonState=0, metaState=0, flags=0x1, edgeFlags=0x0, pointerCount=1, historySize=0, eventTime=64020, downTime=63815, deviceId=1, source=0x1002 }
11-03 20:32:40.681216  1679  1695 D WindowManager: powerPress: eventTime=64863 interactive=true count=1 beganFromNonInteractive=false mShortPressOnPowerBehavior=5
11-03 20:32:40.681396  1679  1695 I WindowManager: power button intercepted
11-03 20:32:40.682702  1679  1695 D WindowManager: requiresConfirmation? false mFocusedActivity: com.google.android.wearable.app/com.google.android.clockwork.home2.activity.HomeActivity2
11-03 20:32:40.704645  1679  1695 I ActivityManager: START u0 {act=android.intent.action.MAIN cat=[android.intent.category.HOME] flg=0x10200000 cmp=com.google.android.wearable.app/com.google.android.clockwork.home2.activity.HomeActivity2 (has extras)} from uid 1000
--------- switch to main
11-03 20:32:40.718988  2365  2365 D HOME    : [WatchFaceUiController]sendStateToWallpaper
11-03 20:32:40.720743  2365  2365 D HOME    : [WatchFaceOverlayUi]setSystemClockEnabled: false
11-03 20:32:40.729074  2365  2365 D HOME    : [AccountOracle]AssistantAccountService connected
11-03 20:32:40.730513  2365  2365 D HOME    : [AccountOracle]Assistant account information fetched
11-03 20:32:40.749335  1679  1679 D WearBluetooth: start up new sysproxy connection
11-03 20:32:40.750080  1679  1679 D WearBluetooth: updateClientState IDLE -> CONNECTING
11-03 20:32:40.750269  1679  1679 D WearBluetooth: Retrieving bluetooth network socket
11-03 20:32:40.757994  1679  2142 W BluetoothAdapter: getBluetoothService() called with no BluetoothManagerCallback
11-03 20:32:40.802725  2365  2365 D HOME    : [AccountOracle]AssistantAccountService unbound
11-03 20:32:40.806432  2365  2832 D HOME    : [ComplicationDataSender]sendComplicationDataToWatchFace wfcid=2, data=ComplicationData{mType=1, mFields=Bundle[{}]}
11-03 20:32:40.807261  2365  2868 E HOME    : [AccountOracle]Assistant account not found locally
11-03 20:32:40.838543  2365  2832 D HOME    : [LabelAutoGenerator]onComplicationDataSentToWatchFace: 2
11-03 20:32:40.839764  1679  2142 D WearBluetooth: Connect with port 0 parcelFd:{ParcelFileDescriptor: java.io.FileDescriptor@7fbb820}
11-03 20:32:40.840129  1679  1679 D WearBluetooth: Retrieved bluetooth network socket parcelFd:{ParcelFileDescriptor: java.io.FileDescriptor@7fbb820} fd:206
11-03 20:32:40.841678  1679  2143 D WearBluetooth: connectNativeInBackground fd:206
11-03 20:32:40.842142   628   628 D sysproxyd: OnClientAccepted accepted new client connection.
11-03 20:32:40.842287   628   628 D sysproxyd: OnCommandStart starting sysproxy.
11-03 20:32:40.850671  2365  2832 D HOME    : [LabelAutoGenerator]maybeGenerateComplicationDescriptionLabels: 3 == 3
11-03 20:32:40.897202  2365  2671 D HOME    : [ConnectConfigRunnable]Attempt(0) to put config:ConnectionConfiguration[ mName=null, mAddress=null, mType=1, mRole=2, mEnabled=true, mIsConnected=false, mPeerNodeId=null, mBtlePriority=true, mNodeId=null]
11-03 20:32:40.900533  2365  2365 D HOME    : [HomeVisitsLogger]Logging streamlet event: visit_start
11-03 20:32:40.900760  2365  2365 D HOME    : [HomeVisitsLogger]Logging streamlet event: exit_ambient_mode
11-03 20:32:40.901434  2365  2365 D HOME    : [HotwordController]updateClient MODE_WATCH_FACE false false false true
11-03 20:32:40.902387  2365  2365 D HOME    : [WatchFaceUiController]setInAmbientMode false
11-03 20:32:40.902461  2365  2365 D HOME    : [WatchFaceUiController]sendWatchFaceServiceBinder
11-03 20:32:40.906294  2365  2365 D HOME    : [WatchFaceUiController]sendStateToWallpaper
11-03 20:32:40.908987  2365  2365 D HOME    : [StreamDBQueue]Promised revision #6013 to queue a new op
11-03 20:32:40.909256  2365  2365 D WatchStreamManager: Promised rank-blocked=true @ r#6013
11-03 20:32:40.909676  2365  2365 D HOME    : [StreamDBQueue]Promised revision #6014 to queue a new op
11-03 20:32:40.909798  2365  2365 D WatchStreamManager: Promised rank-blocked=true @ r#6014
11-03 20:32:40.910044  2365  2365 D HOME    : [TilesController]Tile refresh optimization is enabled.
11-03 20:32:40.910492  2365  2365 D HOME    : [EventBus]Wrapper pool is full. Discarding excess wrapper instance for event com.google.android.clockwork.sysui.events.KeyguardStateEvent
11-03 20:32:40.910574  2365  2365 D HOME    : [WatchFaceUiController]sendStateToWallpaper
11-03 20:32:40.913406  2365  2365 D HOME    : [EventBus]Wrapper pool is full. Discarding excess wrapper instance for event com.google.android.clockwork.sysui.events.KeyguardStateEvent
11-03 20:32:40.913629  2365  2365 D HOME    : [EventBus]Wrapper pool is full. Discarding excess wrapper instance for event com.google.android.clockwork.sysui.events.KeyguardStateEvent
11-03 20:32:40.917496  2365  2365 D HOME    : [WatchFaceUiController]sendStateToWallpaper
11-03 20:32:40.919045  2365  2365 D HOME    : [WatchFaceOverlayUi]setSystemClockEnabled: false
11-03 20:32:40.926724  2365  2365 D HOME    : [LauncherInfoManager]launcherPackageName = fitness.smartwatch.montblanc.com.fitness
11-03 20:32:40.926920  2365  2365 D HOME    : [LauncherInfoManager]launcherClassName = fitness.smartwatch.montblanc.bodyresources.ui.activity.main.BodyResourcesActivity
11-03 20:32:40.933479  2365  2832 D HOME    : [ComplicationDataSender]Activity is not focused: data was sent, but marking as not-sent in case it does not get through.
11-03 20:32:40.943797  2365  2832 D HOME    : [ComplicationController]Sending failed; adding to unsent wfcid=2 data=ComplicationData{mType=1, mFields=Bundle[{}]}
11-03 20:32:40.955020  2365  2832 D HOME    : [ComplicationController]setActiveComplications ComponentInfo{com.montblanc.smartwatch.configurator.chrono390/com.montblanc.smartwatch.configurator.watchface.ConfiguratorWatchfaceService} [0, 1, 2]
11-03 20:32:40.955289  2365  2832 D HOME    : [ComplicationController]setActiveComplications ComponentInfo{com.montblanc.smartwatch.configurator.chrono390/com.montblanc.smartwatch.configurator.watchface.ConfiguratorWatchfaceService} [0, 1, 2]
11-03 20:32:40.957067  2365  2365 I Choreographer: Skipped 91 frames!  The application may be doing too much work on its main thread.
11-03 20:32:40.958503  2365  2365 D HOME    : [StreamDBQueue]Promised revision #6015 to queue a new op
11-03 20:32:40.958712  2365  2365 D WatchStreamManager: Promised mark-all-read @ r#6015
11-03 20:32:40.979347  2365  2868 D HOME    : [NewStreamAdapter]Publishing revision #6015 to adapter clients
11-03 20:32:41.024628  2795  2795 I FirebaseCrashlytics: Initializing Crashlytics 17.2.2
11-03 20:32:41.042764  2880  2880 I crash_dump32: obtaining output fd from tombstoned, type: kDebuggerdNativeBacktrace
11-03 20:32:41.043736   666   666 I /system/bin/tombstoned: received crash request for pid 535
11-03 20:32:41.043883   666   666 I /system/bin/tombstoned: found intercept fd 512 for pid 535 and type kDebuggerdNativeBacktrace
11-03 20:32:41.044381  2880  2880 I crash_dump32: performing dump of process 535 (target tid = 535)
11-03 20:32:41.130598  2365  2729 I OpenGLRenderer: Davey! duration=2214ms; Flags=0, IntendedVsync=63538194356, Vsync=65560416558, OldestInputEvent=9223372036854775807, NewestInputEvent=0, HandleInputStart=65579597056, AnimationStart=65579628358, PerformTraversalsStart=65613991119, DrawStart=65746525910, SyncQueued=65748040025, SyncStart=65748102785, IssueDrawCommandsStart=65748510962, SwapBuffers=65750620910, FrameCompleted=65752811015, DequeueBufferDuration=326000, QueueBufferDuration=723000, 
11-03 20:32:41.133486  2365  2365 D HOME    : [WatchFaceUiController]sendStateToWallpaper
11-03 20:32:41.135155  2365  2365 D HOME    : [WatchFaceOverlayUi]setSystemClockEnabled: false
--------- switch to kernel
11-03 20:32:41.187374     0     0 I [touch]x: 294,y:309
--------- switch to main
11-03 20:32:41.230629  2886  2886 D sysproxy: System proxy launched.
11-03 20:32:41.230846  2886  2886 D sysproxy: connect: fd: 3
11-03 20:32:41.230869  2886  2886 D sysproxy: [B] connect:select...
11-03 20:32:41.313640  2365  2365 D StrictMode: StrictMode policy violation; ~duration=9 ms: android.os.strictmode.DiskReadViolation
11-03 20:32:41.313640  2365  2365 D StrictMode: 	at android.os.StrictMode$AndroidBlockGuardPolicy.onReadFromDisk(StrictMode.java:1504)
11-03 20:32:41.313640  2365  2365 D StrictMode: 	at java.io.UnixFileSystem.checkAccess(UnixFileSystem.java:251)
11-03 20:32:41.313640  2365  2365 D StrictMode: 	at java.io.File.exists(File.java:815)
11-03 20:32:41.313640  2365  2365 D StrictMode: 	at android.app.ContextImpl.getDataDir(ContextImpl.java:2253)
11-03 20:32:41.313640  2365  2365 D StrictMode: 	at android.app.ContextImpl.getPreferencesDir(ContextImpl.java:550)
11-03 20:32:41.313640  2365  2365 D StrictMode: 	at android.app.ContextImpl.getSharedPreferencesPath(ContextImpl.java:747)
11-03 20:32:41.313640  2365  2365 D StrictMode: 	at android.app.ContextImpl.getSharedPreferences(ContextImpl.java:400)
11-03 20:32:41.313640  2365  2365 D StrictMode: 	at android.content.ContextWrapper.getSharedPreferences(ContextWrapper.java:174)
11-03 20:32:41.313640  2365  2365 D StrictMode: 	at fmz.<init>(AW782433232:1)
11-03 20:32:41.313640  2365  2365 D StrictMode: 	at com.google.android.clockwork.home.weather.WeatherTileProviderService.onCreate(AW782433232:2)
11-03 20:32:41.313640  2365  2365 D StrictMode: 	at android.app.ActivityThread.handleCreateService(ActivityThread.java:3533)
11-03 20:32:41.313640  2365  2365 D StrictMode: 	at android.app.ActivityThread.access$1300(ActivityThread.java:200)
11-03 20:32:41.313640  2365  2365 D StrictMode: 	at android.app.ActivityThread$H.handleMessage(ActivityThread.java:1667)
11-03 20:32:41.313640  2365  2365 D StrictMode: 	at android.os.Handler.dispatchMessage(Handler.java:106)
11-03 20:32:41.313640  2365  2365 D StrictMode: 	at android.os.Looper.loop(Looper.java:193)
11-03 20:32:41.313640  2365  2365 D StrictMode: 	at android.app.ActivityThread.main(ActivityThread.java:6680)
11-03 20:32:41.313640  2365  2365 D StrictMode: 	at java.lang.reflect.Method.invoke(Native Method)
11-03 20:32:41.313640  2365  2365 D StrictMode: 	at com.android.internal.os.RuntimeInit$MethodAndArgsCaller.run(RuntimeInit.java:493)
11-03 20:32:41.313640  2365  2365 D StrictMode: 	at com.android.internal.os.ZygoteInit.main(ZygoteInit.java:858)
11-03 20:32:41.314552  2365  2365 D StrictMode: StrictMode policy violation; ~duration=9 ms: android.os.strictmode.DiskReadViolation
11-03 20:32:41.314552  2365  2365 D StrictMode: 	at android.os.StrictMode$AndroidBlockGuardPolicy.onReadFromDisk(StrictMode.java:1504)
11-03 20:32:41.314552  2365  2365 D StrictMode: 	at java.io.UnixFileSystem.checkAccess(UnixFileSystem.java:251)
11-03 20:32:41.314552  2365  2365 D StrictMode: 	at java.io.File.exists(File.java:815)
11-03 20:32:41.314552  2365  2365 D StrictMode: 	at android.app.ContextImpl.ensurePrivateDirExists(ContextImpl.java:605)
11-03 20:32:41.314552  2365  2365 D StrictMode: 	at android.app.ContextImpl.ensurePrivateDirExists(ContextImpl.java:596)
11-03 20:32:41.314552  2365  2365 D StrictMode: 	at android.app.ContextImpl.getPreferencesDir(ContextImpl.java:552)
11-03 20:32:41.314552  2365  2365 D StrictMode: 	at android.app.ContextImpl.getSharedPreferencesPath(ContextImpl.java:747)
11-03 20:32:41.314552  2365  2365 D StrictMode: 	at android.app.ContextImpl.getSharedPreferences(ContextImpl.java:400)
11-03 20:32:41.314552  2365  2365 D StrictMode: 	at android.content.ContextWrapper.getSharedPreferences(ContextWrapper.java:174)
11-03 20:32:41.314552  2365  2365 D StrictMode: 	at fmz.<init>(AW782433232:1)
11-03 20:32:41.314552  2365  2365 D StrictMode: 	at com.google.android.clockwork.home.weather.WeatherTileProviderService.onCreate(AW782433232:2)
11-03 20:32:41.314552  2365  2365 D StrictMode: 	at android.app.ActivityThread.handleCreateService(ActivityThread.java:3533)
11-03 20:32:41.314552  2365  2365 D StrictMode: 	at android.app.ActivityThread.access$1300(ActivityThread.java:200)
11-03 20:32:41.314552  2365  2365 D StrictMode: 	at android.app.ActivityThread$H.handleMessage(ActivityThread.java:1667)
11-03 20:32:41.314552  2365  2365 D StrictMode: 	at android.os.Handler.dispatchMessage(Handler.java:106)
11-03 20:32:41.314552  2365  2365 D StrictMode: 	at android.os.Looper.loop(Looper.java:193)
11-03 20:32:41.314552  2365  2365 D StrictMode: 	at android.app.ActivityThread.main(ActivityThread.java:6680)
11-03 20:32:41.314552  2365  2365 D StrictMode: 	at java.lang.reflect.Method.invoke(Native Method)
11-03 20:32:41.314552  2365  2365 D StrictMode: 	at com.android.internal.os.RuntimeInit$MethodAndArgsCaller.run(RuntimeInit.java:493)
11-03 20:32:41.314552  2365  2365 D StrictMode: 	at com.android.internal.os.ZygoteInit.main(ZygoteInit.java:858)
11-03 20:32:41.315334  2365  2365 D StrictMode: StrictMode policy violation; ~duration=6 ms: android.os.strictmode.DiskReadViolation
11-03 20:32:41.315334  2365  2365 D StrictMode: 	at android.os.StrictMode$AndroidBlockGuardPolicy.onReadFromDisk(StrictMode.java:1504)
11-03 20:32:41.315334  2365  2365 D StrictMode: 	at java.io.UnixFileSystem.checkAccess(UnixFileSystem.java:251)
11-03 20:32:41.315334  2365  2365 D StrictMode: 	at java.io.File.exists(File.java:815)
11-03 20:32:41.315334  2365  2365 D StrictMode: 	at android.app.ContextImpl.ensurePrivateDirExists(ContextImpl.java:605)
11-03 20:32:41.315334  2365  2365 D StrictMode: 	at android.app.ContextImpl.ensurePrivateDirExists(ContextImpl.java:596)
11-03 20:32:41.315334  2365  2365 D StrictMode: 	at android.app.ContextImpl.getPreferencesDir(ContextImpl.java:552)
11-03 20:32:41.315334  2365  2365 D StrictMode: 	at android.app.ContextImpl.getSharedPreferencesPath(ContextImpl.java:747)
11-03 20:32:41.315334  2365  2365 D StrictMode: 	at android.app.ContextImpl.getSharedPreferences(ContextImpl.java:400)
11-03 20:32:41.315334  2365  2365 D StrictMode: 	at android.content.ContextWrapper.getSharedPreferences(ContextWrapper.java:174)
11-03 20:32:41.315334  2365  2365 D StrictMode: 	at flk.<init>(Unknown Source:8)
11-03 20:32:41.315334  2365  2365 D StrictMode: 	at fmz.<init>(AW782433232:2)
11-03 20:32:41.315334  2365  2365 D StrictMode: 	at com.google.android.clockwork.home.weather.WeatherTileProviderService.onCreate(AW782433232:2)
11-03 20:32:41.315334  2365  2365 D StrictMode: 	at android.app.ActivityThread.handleCreateService(ActivityThread.java:3533)
11-03 20:32:41.315334  2365  2365 D StrictMode: 	at android.app.ActivityThread.access$1300(ActivityThread.java:200)
11-03 20:32:41.315334  2365  2365 D StrictMode: 	at android.app.ActivityThread$H.handleMessage(ActivityThread.java:1667)
11-03 20:32:41.315334  2365  2365 D StrictMode: 	at android.os.Handler.dispatchMessage(Handler.java:106)
11-03 20:32:41.315334  2365  2365 D StrictMode: 	at android.os.Looper.loop(Looper.java:193)
11-03 20:32:41.315334  2365  2365 D StrictMode: 	at android.app.ActivityThread.main(ActivityThread.java:6680)
11-03 20:32:41.315334  2365  2365 D StrictMode: 	at java.lang.reflect.Method.invoke(Native Method)
11-03 20:32:41.315334  2365  2365 D StrictMode: 	at com.android.internal.os.RuntimeInit$MethodAndArgsCaller.run(RuntimeInit.java:493)
11-03 20:32:41.315334  2365  2365 D StrictMode: 	at com.android.internal.os.ZygoteInit.main(ZygoteInit.java:858)
11-03 20:32:41.345396  2849  2860 I id.apps.fitnes: Background concurrent copying GC freed 3275(251KB) AllocSpace objects, 0(0B) LOS objects, 33% free, 1025KB/1537KB, paused 10.603ms total 285.028ms
11-03 20:32:41.469593  1990  2001 I .gms.persisten: Background concurrent copying GC freed 27663(1772KB) AllocSpace objects, 8(168KB) LOS objects, 24% free, 4MB/6MB, paused 128.947ms total 2.461s
11-03 20:32:41.518990  1679  1694 I system_server: libdebuggerd_client: done dumping process 535
11-03 20:32:41.520121  1679  1694 I system_server: libdebuggerd_client: started dumping process 538
11-03 20:32:41.521117   666   666 I /system/bin/tombstoned: registered intercept for pid 538 and type kDebuggerdNativeBacktrace
11-03 20:32:41.521789   538   538 I libc    : Requested dump for tid 538 (surfaceflinger)
11-03 20:32:41.573992  2900  2900 I crash_dump32: obtaining output fd from tombstoned, type: kDebuggerdNativeBacktrace
11-03 20:32:41.576254   666   666 I /system/bin/tombstoned: received crash request for pid 538
11-03 20:32:41.576434   666   666 I /system/bin/tombstoned: enqueueing crash request for pid 538
11-03 20:32:41.594611   666   666 I /system/bin/tombstoned: found intercept fd 512 for pid 538 and type kDebuggerdNativeBacktrace
11-03 20:32:41.595004  2900  2900 I crash_dump32: performing dump of process 538 (target tid = 538)
--------- switch to kernel
11-03 20:32:41.600917     0     0 I init    : Untracked pid 2880 exited with status 0
--------- switch to main
11-03 20:32:41.662804  1990  2842 I qrs     : Removed 0 invalid users [CONTEXT service_id=51 ]
--------- switch to kernel
11-03 20:32:41.659722     0     0 I init    : Untracked pid 2891 exited with status 0
11-03 20:32:41.711094     0     0 I init    : Untracked pid 2900 exited with status 0
11-03 20:32:41.711311     0     0 I init    : Untracked pid 2902 exited with status 0
--------- switch to main
11-03 20:32:41.715959  2795  2795 I FirebaseInitProvider: FirebaseApp initialization successful
11-03 20:32:41.721438  1679  1694 I system_server: libdebuggerd_client: done dumping process 538
11-03 20:32:41.721865  1679  1694 I system_server: libdebuggerd_client: started dumping process 615
11-03 20:32:41.722754   666   666 I /system/bin/tombstoned: registered intercept for pid 615 and type kDebuggerdNativeBacktrace
11-03 20:32:41.723425   615   615 I libc    : Requested dump for tid 615 (mediadrmserver)
--------- switch to kernel
11-03 20:32:41.775884     0     0 I [touch]x: 289,y:318
--------- switch to main
11-03 20:32:41.784170  2365  2365 W id.wearable.ap: Long monitor contention with owner BG (2832) at android.content.res.Resources android.app.ResourcesManager.getOrCreateResources(android.os.IBinder, android.content.res.ResourcesKey, java.lang.ClassLoader)(ResourcesManager.java:753) waiters=1 in android.app.LoadedApk android.app.ActivityThread.getPackageInfo(android.content.pm.ApplicationInfo, android.content.res.CompatibilityInfo, java.lang.ClassLoader, boolean, boolean, boolean) for 463ms
11-03 20:32:41.785132  2365  2826 W id.wearable.ap: Long monitor contention with owner BG (2868) at android.content.res.Resources android.app.ResourcesManager.getOrCreateResources(android.os.IBinder, android.content.res.ResourcesKey, java.lang.ClassLoader)(ResourcesManager.java:753) waiters=2 in android.content.res.Resources android.app.ResourcesManager.getOrCreateResources(android.os.IBinder, android.content.res.ResourcesKey, java.lang.ClassLoader) for 520ms
11-03 20:32:41.831734  2365  2365 D HOME    : [SidekickManagerAsync]sendWatchFace(): Callback#onResult(): 0
11-03 20:32:41.833249  2365  2365 D HOME    : [SidekickManagerAsync]replaceWatchFaceComponents(): Callback#onResult(): 0
11-03 20:32:41.833680  2365  2365 D HOME    : [WFPController]Fetched 4 favorites in 3000ms
11-03 20:32:41.833953  2365  2365 D HOME    : [WFPController]Favorites cache not valid, updating
11-03 20:32:41.834312  2365  2365 D HOME    : [WFPController]updateFavoritesState. current is index 1 of [WatchFaceInfo[com.montblanc.smartwatch.configurator.summit/com.montblanc.smartwatch.configurator.watchface.ConfiguratorWatchfaceService], WatchFaceInfo[com.montblanc.smartwatch.configurator.chrono390/com.montblanc.smartwatch.configurator.watchface.ConfiguratorWatchfaceService], WatchFaceInfo[com.montblanc.smart.watch.sportswatchface/com.montblanc.smartwatch.sportswatchface.ui.SportsWatchService], WatchFaceInfo[com.montblanc.smartwatch.configurator.boheme.date/com.montblanc.smartwatch.configurator.watchface.ConfiguratorWatchfaceService]]
11-03 20:32:41.834496  2365  2365 D HOME    : [WFPController]notifyUiOfBackgroundFavoritesChange
11-03 20:32:41.834727  2365  2365 D HOME    : [WFPView]setFavoriteWatchFaces: 4, current: 1
11-03 20:32:41.835125  2365  2365 D HOME    : [WFPView]focusFavoriteAtIndex 1: screenWidth=416, previewWidth=258, previewHeight=258,  totalPreviewWidth=298, offset=-70
11-03 20:32:41.835205  2365  2365 D HOME    : [WFPEntryAnim]Notified of impending layout
11-03 20:32:41.835582  2365  2365 W HOME    : [WFPView]getFocusedViewHolder: couldn't find a centred view
11-03 20:32:41.911157  2365  2365 D HOME    : [HotwordController]updateClient MODE_WATCH_FACE false false true true
11-03 20:32:41.921022  2365  2365 D HOME    : [KeyHandlerRegistry]handleHomeFocus, uiMode[MODE_WATCH_FACE]
11-03 20:32:41.922469  2365  2365 D HOME    : [HotwordController]updateClient MODE_WATCH_FACE false false false true
--------- switch to kernel
11-03 20:32:41.923053     0     0 I [touch]x: 281,y:315
--------- switch to main
11-03 20:32:41.940127  2795  2911 D NetworkSecurityConfig: No Network Security Config specified, using platform default
11-03 20:32:41.947936  2365  2656 E LocalCapabilitySetter: Failed to add supports_cloudsync : Status{statusCode=TIMEOUT, resolution=null}
11-03 20:32:41.948241  2365  2656 E HOME    : [CloudSyncCapability]Failed to add capability supports_cloudsync: 15
11-03 20:32:41.948466  2365  2365 D HOME    : [JoviUpdater]background update started
11-03 20:32:41.948818  2365  2365 I Choreographer: Skipped 43 frames!  The application may be doing too much work on its main thread.
11-03 20:32:42.032513  2913  2913 I crash_dump32: obtaining output fd from tombstoned, type: kDebuggerdNativeBacktrace
11-03 20:32:42.048141   666   666 I /system/bin/tombstoned: received crash request for pid 615
11-03 20:32:42.048344   666   666 I /system/bin/tombstoned: found intercept fd 512 for pid 615 and type kDebuggerdNativeBacktrace
11-03 20:32:42.048807  2913  2913 I crash_dump32: performing dump of process 615 (target tid = 615)
11-03 20:32:42.079700  2365  2365 W CwExecutors: Finished  Q:   764 E:    59 LoadSplashColor.Listener (Slow)
11-03 20:32:42.092228  2365  2365 D StrictMode: StrictMode policy violation; ~duration=0 ms: android.os.strictmode.CustomViolation: Slow task LoadSplashColor.Listener took 59ms on UI executor
11-03 20:32:42.092228  2365  2365 D StrictMode: 	at android.os.StrictMode$AndroidBlockGuardPolicy.onCustomSlowCall(StrictMode.java:1471)
11-03 20:32:42.092228  2365  2365 D StrictMode: 	at android.os.StrictMode.noteSlowCall(StrictMode.java:2324)
11-03 20:32:42.092228  2365  2365 D StrictMode: 	at bvs.a(AW782433232:9)
11-03 20:32:42.092228  2365  2365 D StrictMode: 	at bvw.run(AW782433232:7)
11-03 20:32:42.092228  2365  2365 D StrictMode: 	at android.os.Handler.handleCallback(Handler.java:873)
11-03 20:32:42.092228  2365  2365 D StrictMode: 	at android.os.Handler.dispatchMessage(Handler.java:99)
11-03 20:32:42.092228  2365  2365 D StrictMode: 	at android.os.Looper.loop(Looper.java:193)
11-03 20:32:42.092228  2365  2365 D StrictMode: 	at android.app.ActivityThread.main(ActivityThread.java:6680)
11-03 20:32:42.092228  2365  2365 D StrictMode: 	at java.lang.reflect.Method.invoke(Native Method)
11-03 20:32:42.092228  2365  2365 D StrictMode: 	at com.android.internal.os.RuntimeInit$MethodAndArgsCaller.run(RuntimeInit.java:493)
11-03 20:32:42.092228  2365  2365 D StrictMode: 	at com.android.internal.os.ZygoteInit.main(ZygoteInit.java:858)
11-03 20:32:42.118785  1679  1694 I system_server: libdebuggerd_client: done dumping process 615
11-03 20:32:42.119137  1679  1694 I system_server: libdebuggerd_client: started dumping process 617
11-03 20:32:42.122631   666   666 I /system/bin/tombstoned: registered intercept for pid 617 and type kDebuggerdNativeBacktrace
11-03 20:32:42.123649   666   666 I /system/bin/tombstoned: received crash request for pid 617
11-03 20:32:42.123759   666   666 I /system/bin/tombstoned: enqueueing crash request for pid 617
11-03 20:32:42.124675   666   666 I /system/bin/tombstoned: found intercept fd 512 for pid 617 and type kDebuggerdNativeBacktrace
--------- switch to kernel
11-03 20:32:42.131432     0     0 I init    : Untracked pid 2915 exited with status 0
11-03 20:32:42.131634     0     0 I init    : Untracked pid 2913 exited with status 0
--------- switch to main
11-03 20:32:42.151988  2365  2365 D HOME    : [SurfaceRenderer]maybeRender: hasWindowFocus = false, hasViewFocus = false, hasModelToRender = true, shouldRender = false
11-03 20:32:42.152959  2365  2365 D HOME    : [WFPController]Fetched 4 favorites in 1198ms
11-03 20:32:42.164349  2365  2365 E HOME    : [3PMediaFeatureContract]Failed to read ThirdPartyMediaControls capability, retrying = false
11-03 20:32:42.164349  2365  2365 E HOME    : caa: An error occurred fetching capabilities: Status{statusCode=TIMEOUT, resolution=null}
11-03 20:32:42.164349  2365  2365 E HOME    : 	at byz.d(AW782433232:2)
11-03 20:32:42.164349  2365  2365 E HOME    : 	at byx.a(Unknown Source:3)
11-03 20:32:42.164349  2365  2365 E HOME    : 	at ijm.handleMessage(AW782433232:5)
11-03 20:32:42.164349  2365  2365 E HOME    : 	at android.os.Handler.dispatchMessage(Handler.java:106)
11-03 20:32:42.164349  2365  2365 E HOME    : 	at itr.b(Unknown Source:0)
11-03 20:32:42.164349  2365  2365 E HOME    : 	at itr.dispatchMessage(Unknown Source:0)
11-03 20:32:42.164349  2365  2365 E HOME    : 	at android.os.Looper.loop(Looper.java:193)
11-03 20:32:42.164349  2365  2365 E HOME    : 	at android.app.ActivityThread.main(ActivityThread.java:6680)
11-03 20:32:42.164349  2365  2365 E HOME    : 	at java.lang.reflect.Method.invoke(Native Method)
11-03 20:32:42.164349  2365  2365 E HOME    : 	at com.android.internal.os.RuntimeInit$MethodAndArgsCaller.run(RuntimeInit.java:493)
11-03 20:32:42.164349  2365  2365 E HOME    : 	at com.android.internal.os.ZygoteInit.main(ZygoteInit.java:858)
11-03 20:32:42.165846  2365  2365 D HOME    : [WatchFaceUiController]Complication updates sent, posting watch face hiding
11-03 20:32:42.174015  2365  2365 D HOME    : [LocationOracleImpl]Fetching last known location.
11-03 20:32:42.175395  2365  2365 D HOME    : [AccountOracleImpl]Fetching account of type: com.google
11-03 20:32:42.242142  2365  2836 D HOME    : [CwCal]CalendarEventsResolver:queryCalendarEventInstances:window=EventWindow{Wed Nov 03 00:00:00 GMT+01:00 2021,Thu Nov 04 23:59:59 GMT+01:00 2021}
11-03 20:32:42.269962  2365  2365 W GmsAccountProvider: No accounts found.
11-03 20:32:42.270156  2365  2365 E HOME    : [OAuthOracleImpl]Account not found.
11-03 20:32:42.296251  2365  2365 D HOME    : [JoviUpdater]modelWithInitialization update succeeded
11-03 20:32:42.296445  2365  2791 E HOME    : [GetCardsRpc]One or more asynchronous tasks failed.
11-03 20:32:42.296445  2365  2791 E HOME    : android.accounts.AccountsException: Account not found.
11-03 20:32:42.296445  2365  2791 E HOME    : 	at djj.a(AW782433232:2)
11-03 20:32:42.296445  2365  2791 E HOME    : 	at dxa.d(AW782433232:6)
11-03 20:32:42.296445  2365  2791 E HOME    : 	at dwx.a(Unknown Source:3)
11-03 20:32:42.296445  2365  2791 E HOME    : 	at ltg.c(Unknown Source:2)
11-03 20:32:42.296445  2365  2791 E HOME    : 	at lsr.run(AW782433232:3)
11-03 20:32:42.296445  2365  2791 E HOME    : 	at lti.run(Unknown Source:4)
11-03 20:32:42.296445  2365  2791 E HOME    : 	at android.os.Handler.handleCallback(Handler.java:873)
11-03 20:32:42.296445  2365  2791 E HOME    : 	at android.os.Handler.dispatchMessage(Handler.java:99)
11-03 20:32:42.296445  2365  2791 E HOME    : 	at android.os.Looper.loop(Looper.java:193)
11-03 20:32:42.296445  2365  2791 E HOME    : 	at android.app.ActivityThread.main(ActivityThread.java:6680)
11-03 20:32:42.296445  2365  2791 E HOME    : 	at java.lang.reflect.Method.invoke(Native Method)
11-03 20:32:42.296445  2365  2791 E HOME    : 	at com.android.internal.os.RuntimeInit$MethodAndArgsCaller.run(RuntimeInit.java:493)
11-03 20:32:42.296445  2365  2791 E HOME    : 	at com.android.internal.os.ZygoteInit.main(ZygoteInit.java:858)
11-03 20:32:42.296487  2365  2365 E LocalCapabilitySetter: Failed to add wifi_ap_list_supported : Status{statusCode=TIMEOUT, resolution=null}
11-03 20:32:42.296742  2365  2365 D HOME    : [AgendaController]loadEvents
--------- switch to kernel
11-03 20:32:42.301293     0     0 E FG      : fg_psy_get_property: unsupported property 7
11-03 20:32:42.305209     0     0 W healthd : battery l=1 v=3886 t=27.0 h=2 st=2 c=-266 fc=443000 cc=0 chg=a
--------- switch to main
11-03 20:32:42.312897  2365  2889 D HOME    : [AgendaController]Fetching event data for window: EventWindow{Wed Nov 03 00:00:00 GMT+01:00 2021,Fri Nov 05 23:59:59 GMT+01:00 2021}
11-03 20:32:42.313373  2365  2889 D HOME    : [CwCal]CalendarEventsResolver:queryCalendarEventInstances:window=EventWindow{Wed Nov 03 00:00:00 GMT+01:00 2021,Fri Nov 05 23:59:59 GMT+01:00 2021}
11-03 20:32:42.332862  2365  2365 D HOME    : [WeatherTileProvServ]onTileUpdate
11-03 20:32:42.333806  2365  2365 D HOME    : [WeatherTileProCtr]getWeatherData
11-03 20:32:42.335985  2365  2365 D HOME    : [WeatherProviderPrefs]getLatestWeather lastUpdateTime = [1635869074185]
11-03 20:32:42.341125  2365  2365 D HOME    : [WeatherTileProCtr]Requesting new weather data
11-03 20:32:42.355641  2365  2365 D HOME    : [WeatherTileProvServ]Receive NO_ERROR
--------- switch to kernel
11-03 20:32:42.351928     0     0 I [touch]x: 276,y:326
--------- switch to main
