11-03 10:12:34.436337     0     0 I         : [touch]irq disable
11-03 10:12:34.436341     0     0 I         : [touch]workqueue is empty!
11-03 10:12:34.436344     0     0 I         : [touch]raydium_ts_do_suspend.
11-03 10:12:34.436355     0     0 I         : [touch]Device may wakeup
11-03 10:12:34.439728     0     0 I         : [touch]irq enable
--------- switch to main
11-03 10:12:34.681824  1686  1696 I system_server: Background concurrent copying GC freed 35646(1969KB) AllocSpace objects, 26(808KB) LOS objects, 19% free, 10MB/13MB, paused 262us total 258.579ms
11-03 10:12:34.771284   416   416 D SKGHAL  : sendResources: metadata size = 2400, font size = 72
11-03 10:12:34.834476   416   416 D SKGHAL  : endResources: rc = 0
11-03 10:12:34.835289  1686  1823 I SidekickService: beginDisplayLocked(): DOZE_SUSPEND
11-03 10:12:34.836094   416  2389 D SKGHAL  : sendAmbientPrepare: enter:
11-03 10:12:34.836332  2520  2520 D HOME    : [SidekickManagerAsync]replaceWatchFaceComponents(): Callback#onResult(): 0
11-03 10:12:34.836638  2520  2520 D HOME    : [WatchFaceUiController]Complication updates sent, posting watch face hiding
11-03 10:12:34.836705  2520  2520 D HOME    : [WatchFaceUiController]Still in ambient watch face, hiding
11-03 10:12:34.836754  2520  2520 D HOME    : [WatchFaceUiController]Hiding watch face wallpaper.
11-03 10:12:34.958231   416  2389 D SKGHAL  : sendAmbientEvent: enter: enable = 1
11-03 10:12:34.959085   504   523 I SDM     : DisplayBase::SetDisplayState: Set state = 4, display 0
11-03 10:12:34.987020   504   523 D SDM     : HWCDisplayPrimary::SetStandByMode: Null display is connected successfully
11-03 10:12:34.987489   416  2389 D SKGHAL  : standBy_update_control call succeed on 1
11-03 10:12:34.998630   416  2389 D SKGHAL  : sendAmbientEvent: done: enable = 1
11-03 10:12:34.999178  1686  1823 D SidekickService:    ... beginDisplay result: 0 for halPower: 1
11-03 10:12:35.003463   512  1749 I sensors-hal: activate:107, android.sensor.accelerometer/48 en=0
11-03 10:12:35.004948   512  1749 I sensors-hal: activate:118, android.sensor.accelerometer/48 en=0 completed
11-03 10:12:35.011192  1686  1799 E WifiStateMachine: getWifiLinkLayerStats called without an interface
--------- switch to kernel
11-03 10:12:34.896400     0     0 E bgrsb   : bgrsb_enable: gpio 32 is valid
--------- switch to main
11-03 10:12:35.034373  1686  1686 I WearPower: [WearTouchMediator] changing touch input to enabled (ON_AUTO)
11-03 10:12:35.035914  1686  1759 I InputReader: Reconfiguring input devices.  changes=0x00000200
11-03 10:12:35.045463  1686  1686 I AmbientService: [ce6a28c] Timeout alarm not required, auto-resume timeout handled by dream.
--------- switch to kernel
11-03 10:12:34.927023     0     0 I init    : processing action (ro.enable_core_ctl=true && sys.cw_corectl_mode=idle) from (/vendor/etc/init/hw/init.qcom.rc:949)
--------- switch to main
11-03 10:12:35.059688  3205  3434 W WorkController: Loading failed for worker [trainingcache]: worker not found
11-03 10:12:35.061353  3205  3294 W A       : TrainingCache cache SCREEN_OFF failure
11-03 10:12:35.061353  3205  3294 W A       : com.google.android.apps.gsa.search.core.service.h.a.a: No worker found for Worker ID [trainingcache].
11-03 10:12:35.061353  3205  3294 W A       : 	at com.google.android.apps.gsa.search.core.service.g.a.c.a(Unknown Source:5)
11-03 10:12:35.061353  3205  3294 W A       : 	at com.google.android.libraries.gsa.c.a.d.a(Unknown Source:3)
11-03 10:12:35.061353  3205  3294 W A       : 	at com.google.common.p.a.cg.c(Unknown Source:2)
11-03 10:12:35.061353  3205  3294 W A       : 	at com.google.common.p.a.bk.run(SourceFile:3)
11-03 10:12:35.061353  3205  3294 W A       : 	at com.google.common.p.a.ci.run(Unknown Source:4)
11-03 10:12:35.061353  3205  3294 W A       : 	at com.google.apps.tiktok.concurrent.ab.run(SourceFile:1)
11-03 10:12:35.061353  3205  3294 W A       : 	at java.util.concurrent.ThreadPoolExecutor.runWorker(ThreadPoolExecutor.java:1167)
11-03 10:12:35.061353  3205  3294 W A       : 	at java.util.concurrent.ThreadPoolExecutor$Worker.run(ThreadPoolExecutor.java:641)
11-03 10:12:35.061353  3205  3294 W A       : 	at com.google.apps.tiktok.concurrent.c.run(Unknown Source:4)
11-03 10:12:35.061353  3205  3294 W A       : 	at java.lang.Thread.run(Thread.java:764)
11-03 10:12:35.077560  2520  2520 D HOME    : [StreamDBQueue]Promised revision #4009 to queue a new op
11-03 10:12:35.077989  2520  2520 D WatchStreamManager: Promised rank-blocked=false @ r#4009
11-03 10:12:35.078323  2520  2520 D HOME    : [CompactHunStarter]detachWindow()
11-03 10:12:35.078948  2520 10449 D HOME    : [StreamDBQueue]Promised revision #4010 to queue a new op
11-03 10:12:35.079017  2520 12013 D HOME    : [WatchStreamDB]Item alerting conditions - isInterruptive: false, recentlyInterrupted: false, isItemPinned: false, isUnread: false
11-03 10:12:35.079139  2520 10449 D WatchStreamManager: Promised rerank @ r#4010
11-03 10:12:35.079384  2520 12013 D HOME    : [StreamAlertingRegulator]isTheaterModeEnabled: false, isAlertingAllowedByOffBody: true, matchesLocalInterruptionFilter: true
11-03 10:12:35.079730  2520 12013 D HOME    : [WatchStreamDB]couldItemAlert: false, isTopItemChanged: false, isDeferralForTopItem: false
11-03 10:12:35.080322  2520 12013 D HOME    : [WatchStreamDB]updateRanking()
11-03 10:12:35.080941  2520 12013 D HOME    : [WatchStreamDB]Item alerting conditions - isInterruptive: false, recentlyInterrupted: false, isItemPinned: false, isUnread: false
11-03 10:12:35.081376  2520 12013 D HOME    : [StreamAlertingRegulator]isTheaterModeEnabled: false, isAlertingAllowedByOffBody: true, matchesLocalInterruptionFilter: true
11-03 10:12:35.081688  2520 12013 D HOME    : [WatchStreamDB]couldItemAlert: false, isTopItemChanged: false, isDeferralForTopItem: false
11-03 10:12:35.082457  2520 12013 D HOME    : [NewStreamAdapter]Publishing revision #4010 to adapter clients
--------- switch to kernel
11-03 10:12:35.096576     0     0 I PM      : suspend entry 2021-11-03 09:12:35.096576967 UTC
11-03 10:12:35.096588     0     0 I PM      : Syncing filesystems ...
11-03 10:12:35.127278     0     0 I CPU0    : update max cpu_capacity 748
11-03 10:12:35.131628     0     0 I CPU3    : update max cpu_capacity 1024
11-03 10:12:35.134869     0     0 I         : done.
11-03 10:12:35.150833     0     0 I CPU2    : shutdown
11-03 10:12:35.151885     0     0 I         : Freezing user space processes ...
11-03 10:12:35.155767     0     0 I PM      : Wakeup pending, aborting suspend
11-03 10:12:35.155808     0     0 I         : active wakeup source: NETLINK
11-03 10:12:35.155844     0     0 E         : Freezing of tasks aborted after 0.003 seconds
11-03 10:12:35.155855     0     0 I         : Restarting tasks ...
11-03 10:12:35.156277     0     0 W QSEECOM : qseecom_receive_req: Interrupted: exiting Listener Service = 11
11-03 10:12:35.156321     0     0 W QSEECOM : qseecom_receive_req: Interrupted: exiting Listener Service = 28672
11-03 10:12:35.156351     0     0 W QSEECOM : qseecom_receive_req: Interrupted: exiting Listener Service = 8192
11-03 10:12:35.156378     0     0 W QSEECOM : qseecom_receive_req: Interrupted: exiting Listener Service = 12288
11-03 10:12:35.157142     0     0 W QSEECOM : qseecom_receive_req: Interrupted: exiting Listener Service = 10
11-03 10:12:35.159357     0     0 I init    : Command 'write /sys/devices/system/cpu/cpu2/online 0' action=ro.enable_core_ctl=true && sys.cw_corectl_mode=idle (/vendor/etc/init/hw/init.qcom.rc:951) took 120ms and succeeded
11-03 10:12:35.160179     0     0 I         : done.
11-03 10:12:35.167738     0     0 I init    : Command 'write /sys/devices/system/cpu/cpu3/online 0' action=ro.enable_core_ctl=true && sys.cw_corectl_mode=idle (/vendor/etc/init/hw/init.qcom.rc:952) took 0ms and failed: Unable to write to file '/sys/devices/system/cpu/cpu3/online': Unable to write file contents: Device or resource busy
11-03 10:12:35.160732     0     0 I PM      : suspend exit 2021-11-03 09:12:35.160732279 UTC
11-03 10:12:35.362368     0     0 I PM      : suspend entry 2021-11-03 09:12:35.362368216 UTC
11-03 10:12:35.362387     0     0 I PM      : Syncing filesystems ... done.
--------- switch to main
11-03 10:12:36.721559 10095 10150 W bt_sdp  : SDP - Rcvd conn cnf with error: 0x4  CID 0x44
--------- switch to kernel
11-03 10:12:35.389955     0     0 I         : Freezing user space processes ... (elapsed 0.010 seconds) done.
11-03 10:12:35.400042     0     0 I         : Freezing remaining freezable tasks ... (elapsed 0.006 seconds) done.
11-03 10:12:35.406157     0     0 I         : Suspending console(s) (use no_console_suspend to debug)
11-03 10:12:35.421087     0     0 I mdss_dsi_panel_set_idle_mode: Idle (1->1)
11-03 10:12:35.463542     0     0 I bgcom   : bgcom_pm_suspend: suspended with : 0
11-03 10:12:35.499524     0     0 I PM      : suspend of devices complete after 89.512 msecs
11-03 10:12:35.504942     0     0 I PM      : late suspend of devices complete after 5.377 msecs
11-03 10:12:35.510815     0     0 I PM      : noirq suspend of devices complete after 5.832 msecs
11-03 10:12:35.510831     0     0 I         : Disabling non-boot CPUs ...
11-03 10:12:35.528626     0     0 W         : IRQ21 no longer affine to CPU1
11-03 10:12:35.530572     0     0 I CPU1    : shutdown
11-03 10:12:35.537328     0     0 I CPU0    : update max cpu_capacity 748
11-03 10:12:35.577329     0     0 I CPU3    : update max cpu_capacity 1024
11-03 10:12:35.578252     0     0 W         : IRQ16 no longer affine to CPU3
11-03 10:12:35.578329     0     0 W         : IRQ93 no longer affine to CPU3
11-03 10:12:35.579658     0     0 I CPU3    : shutdown
11-03 10:12:35.581869     0     0 I suspend ns: 3458412616454	suspend cycles:    1195063993611
11-03 10:12:35.581848     0     0 I CPU0    : msm_cpu_pm_enter_sleep mode:3 during suspend
11-03 10:12:35.581848     0     0 I         : Suspended for 1.022 seconds
--------- switch to main
11-03 10:12:36.722606 10095 10133 D BluetoothHeadsetClientServiceJni: connection_state_cb: state 0 peer_feat 0 chld_feat 0
11-03 10:12:36.723926 10095 10133 E bt_btif : btif_hf_client_get_cb_by_bda: could not find block for bdaddr
11-03 10:12:36.724053 10095 10133 E bt_btif : btif_hf_client_upstreams_evt: event 3 but not allocating block: cb not found
11-03 10:12:36.724156 10095 10133 I bt_btif_queue: queue_int_advance: removing connection request: address=14:3c:c3:ad:3d:53 UUID=111E busy=true
11-03 10:12:36.724694 10095 10167 D HeadsetClientStateMachine: Enter Disconnected: 100
11-03 10:12:36.741479  5603  5603 D BtTelecomReceiver: onReceive: Intent { act=android.bluetooth.headsetclient.profile.action.CONNECTION_STATE_CHANGED flg=0x10 cmp=com.google.android.apps.wearable.bluetooth/com.google.android.clockwork.hfp.BtTelecomBroadcastReceiver (has extras) }
11-03 10:12:36.742001  5603  5603 D BtTelecomReceiver: Hfp connection changed: -724754873 1 -> 0
11-03 10:12:36.742638 10095 10095 D AdapterProperties: PROFILE_CONNECTION_STATE_CHANGE: profile=16, device=14:3C:C3:AD:3D:53, 1 -> 0
11-03 10:12:36.743431 10095 10095 D AdapterProperties: ADAPTER_CONNECTION_STATE_CHANGE: 14:3C:C3:AD:3D:53: 1 -> 0
--------- switch to kernel
11-03 10:12:35.581848     0     0 I resume cycles: 1195083633354
11-03 10:12:35.582279     0     0 I         : Enabling non-boot CPUs ...
11-03 10:12:35.583102     0     0 I CPU1    : update cpu_capacity 1024
11-03 10:12:35.584232     0     0 I         : CPU1 is up
11-03 10:12:35.585331     0     0 I CPU3    : update cpu_capacity 1024
11-03 10:12:35.586870     0     0 I         : CPU3 is up
11-03 10:12:35.587114     0     0 I CPU3    : update max cpu_capacity 1024
11-03 10:12:35.590713     0     0 I PM      : noirq resume of devices complete after 3.310 msecs
11-03 10:12:35.595923     0     0 I PM      : early resume of devices complete after 3.727 msecs
11-03 10:12:35.633520     0     0 I bgcom   : bgcom_pm_resume: Bgcom resumed with : 0
11-03 10:12:35.644777     0     0 I mdss_dsi_panel_set_idle_mode: Idle (1->1)
11-03 10:12:35.682232     0     0 I PM      : resume of devices complete after 86.264 msecs
11-03 10:12:35.686546     0     0 I         : Restarting tasks ...
11-03 10:12:35.689215     0     0 W QSEECOM : qseecom_receive_req: Interrupted: exiting Listener Service = 8192
11-03 10:12:35.689303     0     0 W QSEECOM : qseecom_receive_req: Interrupted: exiting Listener Service = 12288
11-03 10:12:35.689349     0     0 W QSEECOM : qseecom_receive_req: Interrupted: exiting Listener Service = 11
11-03 10:12:35.689384     0     0 W QSEECOM : qseecom_receive_req: Interrupted: exiting Listener Service = 10
11-03 10:12:35.689418     0     0 W QSEECOM : qseecom_receive_req: Interrupted: exiting Listener Service = 28672
11-03 10:12:35.696398     0     0 I         : done.
11-03 10:12:36.720716     0     0 I PM      : suspend exit 2021-11-03 09:12:36.720716705 UTC
--------- switch to main
11-03 10:12:36.752316  5603  5603 D HfpClientConnService: onCreate
11-03 10:12:36.754167  5603  5603 D HfpClientConnService: disabling HFP
11-03 10:12:36.754447  5603  5603 I HfpClientConnService: enable request:Enable Request - time:1635930756742 type:false reason:headset client disconnected
--------- switch to system
11-03 10:12:36.754811  1686 10916 W BroadcastQueue: Background execution not allowed: receiving Intent { act=android.bluetooth.adapter.action.CONNECTION_STATE_CHANGED flg=0x4000010 (has extras) } to com.google.android.gms/.chimera.GmsIntentOperationService$PersistentTrustedReceiver
--------- switch to main
11-03 10:12:36.759459  5603  5603 I HfpClientConnService: account already disabled
--------- switch to kernel
11-03 10:12:37.102398     0     0 I PM      : suspend entry 2021-11-03 09:12:37.102398372 UTC
11-03 10:12:37.102419     0     0 I PM      : Syncing filesystems ... done.
11-03 10:12:37.215157     0     0 I         : Freezing user space processes ... (elapsed 0.008 seconds) done.
11-03 10:12:37.223272     0     0 I         : Freezing remaining freezable tasks ... (elapsed 0.003 seconds) done.
11-03 10:12:37.227252     0     0 I         : Suspending console(s) (use no_console_suspend to debug)
--------- switch to system
11-03 10:12:44.278896  1686  1686 I PowerManagerService: Waking up from dozing (uid=1000 reason=tiltToWake)...
--------- switch to kernel
11-03 10:12:37.238920     0     0 I mdss_dsi_panel_set_idle_mode: Idle (1->1)
11-03 10:12:37.276072     0     0 I bgcom   : bgcom_pm_suspend: suspended with : 0
11-03 10:12:37.322523     0     0 I PM      : suspend of devices complete after 93.057 msecs
11-03 10:12:37.327852     0     0 I PM      : late suspend of devices complete after 5.288 msecs
11-03 10:12:37.333746     0     0 I PM      : noirq suspend of devices complete after 5.857 msecs
11-03 10:12:37.333760     0     0 I         : Disabling non-boot CPUs ...
11-03 10:12:37.353261     0     0 I CPU1    : shutdown
11-03 10:12:37.360084     0     0 I CPU0    : update max cpu_capacity 748
11-03 10:12:37.390095     0     0 I CPU3    : update max cpu_capacity 1024
11-03 10:12:37.400879     0     0 W         : IRQ16 no longer affine to CPU3
11-03 10:12:37.400943     0     0 W         : IRQ93 no longer affine to CPU3
11-03 10:12:37.402309     0     0 I CPU3    : shutdown
11-03 10:12:37.404059     0     0 I suspend ns: 3459211911716	suspend cycles:    1195098979823
11-03 10:12:37.404042     0     0 I CPU0    : msm_cpu_pm_enter_sleep mode:3 during suspend
11-03 10:12:37.404042     0     0 I         : Suspended for 6.754 seconds
11-03 10:12:37.404042     0     0 I resume cycles: 1195228666459
11-03 10:12:37.404551     0     0 I         : Enabling non-boot CPUs ...
11-03 10:12:37.405393     0     0 I CPU1    : update cpu_capacity 1024
11-03 10:12:37.406478     0     0 I         : CPU1 is up
11-03 10:12:37.407609     0     0 I CPU3    : update cpu_capacity 1024
11-03 10:12:37.409130     0     0 I         : CPU3 is up
11-03 10:12:37.409895     0     0 I CPU3    : update max cpu_capacity 1024
11-03 10:12:37.412900     0     0 I PM      : noirq resume of devices complete after 3.527 msecs
11-03 10:12:37.418127     0     0 I PM      : early resume of devices complete after 3.745 msecs
11-03 10:12:37.455519     0     0 I bgcom   : bgcom_pm_resume: Bgcom resumed with : 0
11-03 10:12:37.466501     0     0 I mdss_dsi_panel_set_idle_mode: Idle (1->1)
11-03 10:12:37.504664     0     0 I PM      : resume of devices complete after 86.497 msecs
11-03 10:12:37.509315     0     0 I         : Restarting tasks ...
11-03 10:12:37.511928     0     0 W QSEECOM : qseecom_receive_req: Interrupted: exiting Listener Service = 12288
11-03 10:12:37.514772     0     0 W QSEECOM : qseecom_receive_req: Interrupted: exiting Listener Service = 8192
11-03 10:12:37.514859     0     0 W QSEECOM : qseecom_receive_req: Interrupted: exiting Listener Service = 28672
11-03 10:12:37.518090     0     0 W QSEECOM : qseecom_receive_req: Interrupted: exiting Listener Service = 11
11-03 10:12:37.518178     0     0 W QSEECOM : qseecom_receive_req: Interrupted: exiting Listener Service = 10
11-03 10:12:37.522088     0     0 I         : done.
11-03 10:12:44.279307     0     0 I PM      : suspend exit 2021-11-03 09:12:44.279307900 UTC
--------- switch to system
11-03 10:12:44.297567  1686  1686 W UsageStatsService: Event reported without a package name
--------- switch to kernel
11-03 10:12:44.306258     0     0 E FG      : fg_psy_get_property: unsupported property 7
11-03 10:12:44.196378     0     0 W healthd : battery l=18 v=3740 t=28.0 h=2 st=3 c=9 fc=443000 cc=0 chg=
--------- switch to main
11-03 10:12:44.331633   512  1749 I sensors-hal: batch:140, android.sensor.light/46, period=100000000, max_latency=0
11-03 10:12:44.331735   512  1749 I sensors-hal: batch:149, android.sensor.light/46, period=100000000, max_latency=0 request completed
11-03 10:12:44.335547   512  1749 I sensors-hal: activate:107, android.sensor.light/46 en=1
11-03 10:12:44.336029   512  1749 I sensors-hal: ssc_enable_rt_task:254, ssc_enable_rt_task : true
11-03 10:12:44.338938   512  1749 I sensors-hal: activate:118, android.sensor.light/46 en=1 completed
11-03 10:12:44.341248  1686  1823 I SidekickService: endDisplayLocked()
--------- switch to system
11-03 10:12:44.341618  1686  1710 I DisplayManagerService: Display device changed state: "Écran intégré", ON
--------- switch to main
11-03 10:12:44.342381   416  2389 D SKGHAL  : sendAmbientEvent: enter: enable = 0
11-03 10:12:44.345675   512  1749 I sensors-hal: batch:140, android.sensor.accelerometer/48, period=66667000, max_latency=100000000
11-03 10:12:44.345767   512  1749 I sensors-hal: batch:149, android.sensor.accelerometer/48, period=66667000, max_latency=100000000 request completed
11-03 10:12:44.355248   512  1749 I sensors-hal: activate:107, android.sensor.accelerometer/48 en=1
11-03 10:12:44.356103   512  1749 I sensors-hal: ssc_enable_rt_task:254, ssc_enable_rt_task : true
11-03 10:12:44.381646  1686  1759 I InputReader: Reconfiguring input devices.  changes=0x00000004
11-03 10:12:44.382860   512  1749 I sensors-hal: activate:118, android.sensor.accelerometer/48 en=1 completed
11-03 10:12:44.391032  1956  1956 D QtiCarrierConfigHelper: WARNING, no carrier configs on phone Id: 0
11-03 10:12:44.396670  4243  4243 D OMService: onDisplayChanged: not dozing
11-03 10:12:44.401480  2520  2520 D HOME    : [BatteryChange]action: android.intent.action.BATTERY_CHANGED
11-03 10:12:44.402398  2520 10449 D HOME    : [BatteryChange]HandleBatteryChangedTask
11-03 10:12:44.403142  2520 10449 D HOME    : [BatteryChange]level: 18, status: 3
--------- switch to kernel
11-03 10:12:44.267138     0     0 E bgrsb   : bgrsb_enable: rsb will set report rate
11-03 10:12:44.288513     0     0 E bgrsb   : bgrsb_enable: gpio 32 is valid
--------- switch to main
11-03 10:12:44.411717  1686  1799 E WifiStateMachine: getWifiLinkLayerStats called without an interface
11-03 10:12:44.425641   512 12097 I sensors-hal: handle_indication_realtime:355,  SCHED_FIFO(10) for qmi_cbk
11-03 10:12:44.427614  3205  3434 W WorkController: Loading failed for worker [trainingcache]: worker not found
11-03 10:12:44.429545  3205  3372 W A       : TrainingCache cache DEVICE_UNLOCKED failure
11-03 10:12:44.429545  3205  3372 W A       : com.google.android.apps.gsa.search.core.service.h.a.a: No worker found for Worker ID [trainingcache].
11-03 10:12:44.429545  3205  3372 W A       : 	at com.google.android.apps.gsa.search.core.service.g.a.c.a(Unknown Source:5)
11-03 10:12:44.429545  3205  3372 W A       : 	at com.google.android.libraries.gsa.c.a.d.a(Unknown Source:3)
11-03 10:12:44.429545  3205  3372 W A       : 	at com.google.common.p.a.cg.c(Unknown Source:2)
11-03 10:12:44.429545  3205  3372 W A       : 	at com.google.common.p.a.bk.run(SourceFile:3)
11-03 10:12:44.429545  3205  3372 W A       : 	at com.google.common.p.a.ci.run(Unknown Source:4)
11-03 10:12:44.429545  3205  3372 W A       : 	at com.google.apps.tiktok.concurrent.ab.run(SourceFile:1)
11-03 10:12:44.429545  3205  3372 W A       : 	at java.util.concurrent.ThreadPoolExecutor.runWorker(ThreadPoolExecutor.java:1167)
11-03 10:12:44.429545  3205  3372 W A       : 	at java.util.concurrent.ThreadPoolExecutor$Worker.run(ThreadPoolExecutor.java:641)
11-03 10:12:44.429545  3205  3372 W A       : 	at com.google.apps.tiktok.concurrent.c.run(Unknown Source:4)
11-03 10:12:44.429545  3205  3372 W A       : 	at java.lang.Thread.run(Thread.java:764)
11-03 10:12:44.432014   504   523 I SDM     : DisplayBase::SetDisplayState: Set state = 3, display 0
11-03 10:12:44.434149   504   523 D SDM     : HWCDisplayPrimary::SetStandByMode: Display is connected successfully
11-03 10:12:44.436923   416  2389 D SKGHAL  : standBy_update_control call succeed on 0
11-03 10:12:44.437061   416  2389 D SKGHAL  : sendAmbientEvent: done: enable = 0
--------- switch to system
11-03 10:12:44.438812  1686  1702 W BroadcastQueue: Background execution not allowed: receiving Intent { act=android.intent.action.USER_PRESENT flg=0x10 } to com.google.android.gms/.auth.setup.devicesignals.LockScreenReceiver
--------- switch to main
11-03 10:12:44.441271  1686  1823 D SidekickService:    ... endDisplay returns void
11-03 10:12:44.442411   545   545 D SurfaceFlinger: Set power mode=2, type=0 flinger=0xb6bb6000
11-03 10:12:44.443025   504   762 I SDM     : DisplayBase::SetDisplayState: Set state = 1, display 0
11-03 10:12:44.453789   545   545 D SurfaceFlinger: Finished set power mode=2, type=0
--------- switch to system
11-03 10:12:44.458730  1686  1712 W PowerManagerService: Screen on took 307 ms
11-03 10:12:44.459340  1686  1712 I DreamManagerService: Gently waking up from dream.
11-03 10:12:44.461030  1686  1708 I DreamManagerService: Performing gentle wake from dream.
--------- switch to kernel
11-03 10:12:44.321682     0     0 I         : [touch]FB_BLANK_VSYNC_SUSPEND
11-03 10:12:44.321691     0     0 I         : [touch]Already in suspend state
11-03 10:12:44.338186     0     0 I mdss_dsi_panel_set_idle_mode: Idle (1->0)
11-03 10:12:44.339484     0     0 E mdp3_enable_panic_ctrl: mdp3_enable_panic_ctrl: Enable Panic Control
11-03 10:12:44.339622     0     0 I         : [touch]FB_BLANK_UNBLANK
11-03 10:12:44.339628     0     0 I         : [touch]raydium_ts_do_resume, 1.
11-03 10:12:44.340193     0     0 I         : [ raydium ]workqueue is empty!
11-03 10:12:44.340220     0     0 I raydium_ts 5-0039: [touch]Already enable irq
11-03 10:12:44.340223     0     0 I         : [touch]Device may wakeup
--------- switch to system
11-03 10:12:44.463212  1686  1702 W BroadcastQueue: Background execution not allowed: receiving Intent { act=android.intent.action.USER_PRESENT flg=0x10 } to com.google.android.gms/.chimera.GmsIntentOperationService$PersistentTrustedReceiver
11-03 10:12:44.481247  1686  1686 V DreamService[AmbientDream]: wakeUp(): fromSystem=true, mWaking=false, mFinished=false
11-03 10:12:44.481557  1686  1686 V DreamService[AmbientDream]: finish(): mFinished=false
11-03 10:12:44.481691  1686  1686 I DreamManagerService: Leaving dreamland.
11-03 10:12:44.482457  1686  1708 I DreamManagerService: Performing gentle wake from dream.
11-03 10:12:44.482723  1686  1708 I DreamController: Stopping dream: name=ComponentInfo{com.google.android.wearable.ambient/com.google.android.wearable.ambient.AmbientDream}, isTest=false, canDoze=true, userId=0
11-03 10:12:44.500340  1686  1686 V DreamService[AmbientDream]: detach(): Calling onDreamingStopped()
--------- switch to main
11-03 10:12:44.500740  1686  1686 I AmbientService: [ce6a28c] doOnDreamingStopped
11-03 10:12:44.500926  1686  1686 D WristGestureCtrl: Starting: GesturesEnabled-false UngazeEnabled-true
11-03 10:12:44.500999  1686  1686 D DefaultUngazeDetector: starting
11-03 10:12:44.501076  1686  1686 D DefaultUngazeDetector: startUngazeStateEstimation(). startTime = 62243931
11-03 10:12:44.504148  1686  1686 W AlarmManagerProxy: Removing unknown listener
11-03 10:12:44.506942   512  1749 I sensors-hal: batch:140, android.sensor.accelerometer/48, period=19231000, max_latency=100000000
11-03 10:12:44.509212   512 12099 I sensors-hal: handle_indication_realtime:355,  SCHED_FIFO(10) for qmi_cbk
11-03 10:12:44.511100   512  1749 I sensors-hal: batch:149, android.sensor.accelerometer/48, period=19231000, max_latency=100000000 request completed
11-03 10:12:44.512043   512  1749 I sensors-hal: flush:169, android.sensor.accelerometer/48
11-03 10:12:44.512024  1686  1686 I AmbientService: [ce6a28c] No auto-resume Activity.
11-03 10:12:44.514271   512  1749 I sensors-hal: flush:175, android.sensor.accelerometer/48 completed
--------- switch to system
11-03 10:12:44.517196  1686  1686 W ContextImpl: Calling a method in the system process without a qualified user: android.app.ContextImpl.sendBroadcast:1020 android.content.ContextWrapper.sendBroadcast:449 com.google.android.wearable.ambient.AmbientDream.onDestroy:273 android.app.ActivityThread.handleStopService:3698 android.app.ActivityThread.access$1700:200 
--------- switch to main
11-03 10:12:44.517589  1686  1686 E AlarmManager: cancel() called with a null PendingIntent
--------- switch to system
11-03 10:12:44.517882  1686  1686 V DreamService[AmbientDream]: onDestroy()
--------- switch to main
11-03 10:12:44.518387  1686  1686 W AlarmManager: Unrecognized alarm listener com.android.server.job.controllers.-$$Lambda$IdleController$IdlenessTracker$nTdS-lGBXcES5VWKcJFmQFgU7IU@1ab437a
11-03 10:12:44.520110  2520  2520 D HOME    : [HomeVisitsLogger]Logging streamlet event: visit_start
11-03 10:12:44.520331  2520  2520 D HOME    : [HomeVisitsLogger]Logging streamlet event: exit_ambient_mode
11-03 10:12:44.520691  2520  2520 D HOME    : [HotwordController]updateClient MODE_WATCH_FACE false false false true
11-03 10:12:44.521412  2520  2520 D HOME    : [WatchFaceUiController]setInAmbientMode false
11-03 10:12:44.521475  2520  2520 D HOME    : [WatchFaceUiController]sendWatchFaceServiceBinder
11-03 10:12:44.530623  2520  2520 D HOME    : [WatchFaceUiController]sendStateToWallpaper
11-03 10:12:44.531965  2520  2520 D HOME    : [WatchFaceUiController]Showing watch face wallpaper.
11-03 10:12:44.532132  2520  2520 D HOME    : [WatchFaceUiController]sendStateToWallpaper
11-03 10:12:44.534602  2520  2520 D HOME    : [StreamDBQueue]Promised revision #4011 to queue a new op
11-03 10:12:44.534789  2520  2520 D WatchStreamManager: Promised rank-blocked=true @ r#4011
11-03 10:12:44.535061  2520  2520 D HOME    : [StreamDBQueue]Promised revision #4012 to queue a new op
11-03 10:12:44.535153  2520  2520 D WatchStreamManager: Promised rank-blocked=true @ r#4012
11-03 10:12:44.535523  2520  2520 D HOME    : [TilesController]Tile refresh optimization is enabled.
11-03 10:12:44.535788  2520  2520 D HOME    : [EventBus]Wrapper pool is full. Discarding excess wrapper instance for event com.google.android.clockwork.sysui.events.KeyguardStateEvent
11-03 10:12:44.535851  2520  2520 D HOME    : [WatchFaceUiController]sendStateToWallpaper
11-03 10:12:44.537420  2520  2520 D HOME    : [EventBus]Wrapper pool is full. Discarding excess wrapper instance for event com.google.android.clockwork.sysui.events.KeyguardStateEvent
11-03 10:12:44.537633  2520  2520 D HOME    : [EventBus]Wrapper pool is full. Discarding excess wrapper instance for event com.google.android.clockwork.sysui.events.KeyguardStateEvent
11-03 10:12:44.541506  2520  2520 D HOME    : [WatchFaceUiController]sendStateToWallpaper
11-03 10:12:44.545159  2520  2520 W StaticLayout: maxLineHeight should not be -1.  maxLines:1 lineCount:1
11-03 10:12:44.557218  1686  1686 I WearPower: [WearTouchMediator] changing touch input to enabled (ON_AUTO)
11-03 10:12:44.558158  1686  1759 I InputReader: Reconfiguring input devices.  changes=0x00000200
11-03 10:12:44.562787  2520 12013 D HOME    : [WatchStreamDB]Item alerting conditions - isInterruptive: false, recentlyInterrupted: false, isItemPinned: false, isUnread: false
--------- switch to kernel
11-03 10:12:44.448088     0     0 I init    : processing action (ro.enable_core_ctl=true && sys.cw_corectl_mode=perf) from (/vendor/etc/init/hw/init.qcom.rc:954)
11-03 10:12:44.449390     0     0 I CPU2    : update cpu_capacity 1024
--------- switch to main
11-03 10:12:44.565568  2520 12013 D HOME    : [StreamAlertingRegulator]isTheaterModeEnabled: false, isAlertingAllowedByOffBody: true, matchesLocalInterruptionFilter: true
11-03 10:12:44.566137  2520 12013 D HOME    : [WatchStreamDB]couldItemAlert: false, isTopItemChanged: false, isDeferralForTopItem: false
11-03 10:12:44.570708  2520 12013 D HOME    : [WatchStreamDB]Item alerting conditions - isInterruptive: false, recentlyInterrupted: false, isItemPinned: false, isUnread: false
11-03 10:12:44.571111  2520 12013 D HOME    : [StreamAlertingRegulator]isTheaterModeEnabled: false, isAlertingAllowedByOffBody: true, matchesLocalInterruptionFilter: true
11-03 10:12:44.571361  2520 12013 D HOME    : [WatchStreamDB]couldItemAlert: false, isTopItemChanged: false, isDeferralForTopItem: false
11-03 10:12:44.577411  1686  1686 W AlarmManagerProxy: Removing unknown listener
11-03 10:12:44.579303  1686  1686 W DefaultSettingsContentR: Value for ambient_low_bit_enabled not stored as number. Attempting parse as boolean.
11-03 10:12:44.588593  3205  3434 W WorkController: Loading failed for worker [trainingcache]: worker not found
11-03 10:12:44.596004  3205  3294 W A       : TrainingCache cache SCREEN_ON failure
11-03 10:12:44.596004  3205  3294 W A       : com.google.android.apps.gsa.search.core.service.h.a.a: No worker found for Worker ID [trainingcache].
11-03 10:12:44.596004  3205  3294 W A       : 	at com.google.android.apps.gsa.search.core.service.g.a.c.a(Unknown Source:5)
11-03 10:12:44.596004  3205  3294 W A       : 	at com.google.android.libraries.gsa.c.a.d.a(Unknown Source:3)
11-03 10:12:44.596004  3205  3294 W A       : 	at com.google.common.p.a.cg.c(Unknown Source:2)
11-03 10:12:44.596004  3205  3294 W A       : 	at com.google.common.p.a.bk.run(SourceFile:3)
11-03 10:12:44.596004  3205  3294 W A       : 	at com.google.common.p.a.ci.run(Unknown Source:4)
11-03 10:12:44.596004  3205  3294 W A       : 	at com.google.apps.tiktok.concurrent.ab.run(SourceFile:1)
11-03 10:12:44.596004  3205  3294 W A       : 	at java.util.concurrent.ThreadPoolExecutor.runWorker(ThreadPoolExecutor.java:1167)
11-03 10:12:44.596004  3205  3294 W A       : 	at java.util.concurrent.ThreadPoolExecutor$Worker.run(ThreadPoolExecutor.java:641)
11-03 10:12:44.596004  3205  3294 W A       : 	at com.google.apps.tiktok.concurrent.c.run(Unknown Source:4)
11-03 10:12:44.596004  3205  3294 W A       : 	at java.lang.Thread.run(Thread.java:764)
11-03 10:12:44.600367  2520  2520 D HOME    : [WatchFaceUiController]sendWatchFaceServiceBinder
--------- switch to kernel
11-03 10:12:44.477843     0     0 I CPU0    : update max cpu_capacity 748
11-03 10:12:44.481721     0     0 I CPU3    : update max cpu_capacity 1024
--------- switch to main
11-03 10:12:44.605234  2520  2520 D HOME    : [WatchFaceUiController]sendProperties
11-03 10:12:44.607662  2520  2520 D HOME    : [WatchFaceUiController]sendStateToWallpaper
11-03 10:12:44.617351  2520  2520 D HOME    : [StreamDBQueue]Promised revision #4013 to queue a new op
11-03 10:12:44.617689  2520  2520 D WatchStreamManager: Promised rank-blocked=true @ r#4013
11-03 10:12:44.618502  2520 10449 D HOME    : [WatchStreamDB]Item alerting conditions - isInterruptive: false, recentlyInterrupted: false, isItemPinned: false, isUnread: false
11-03 10:12:44.618875  2520 10449 D HOME    : [StreamAlertingRegulator]isTheaterModeEnabled: false, isAlertingAllowedByOffBody: true, matchesLocalInterruptionFilter: true
11-03 10:12:44.630752  2520 10449 D HOME    : [WatchStreamDB]couldItemAlert: false, isTopItemChanged: false, isDeferralForTopItem: false
11-03 10:12:44.667939  3338  3983 E memtrack: Couldn't load memtrack module
11-03 10:12:44.668086  3338  3983 W android.os.Debug: failed to get memory consumption info: -1
11-03 10:12:44.893726   512  1749 I sensors-hal: activate:107, android.sensor.light/46 en=0
11-03 10:12:44.894797   512  1749 I sensors-hal: activate:118, android.sensor.light/46 en=0 completed
11-03 10:12:44.896788   512  1749 I sensors-hal: batch:140, android.sensor.light/46, period=250000000, max_latency=0
11-03 10:12:44.896847   512  1749 I sensors-hal: batch:149, android.sensor.light/46, period=250000000, max_latency=0 request completed
11-03 10:12:44.897171   512  1749 I sensors-hal: activate:107, android.sensor.light/46 en=1
11-03 10:12:44.897485   512  1749 I sensors-hal: ssc_enable_rt_task:254, ssc_enable_rt_task : true
11-03 10:12:44.900422   512  1749 I sensors-hal: activate:118, android.sensor.light/46 en=1 completed
--------- switch to system
11-03 10:12:44.903402  1686  1686 V SettingsProvider: Notifying for 0: content://settings/system/screen_brightness
--------- switch to main
11-03 10:12:44.906315  1686  1686 I SidekickService: loadBrightnessLocked()
11-03 10:12:44.907762  1686  1686 D SidekickService: screenBrightness  = 81
11-03 10:12:44.912693  1686  1686 D SidekickService: sendConfigValuesLocked(): alsThresholds = [40, 92, 95, 100, 125, 150, 175, 200, 225, 250, 300, 400, 500, 800, 1200], brightnessValuesBright = [50, 56, 60, 70, 80, 90, 100, 115, 120, 140, 160, 180, 200, 220, 240, 255], brightnessValuesDim= [50, 56, 60, 70, 80, 90, 100, 115, 120, 140, 160, 180, 200, 220, 240, 255]
11-03 10:12:44.926339  1686  1686 D SidekickService: setAlsMode(): mode = 2, brightenAlpha = 80, dimmingAlpha = 80
11-03 10:12:44.937594  1686  1686 D SidekickService: setTwmConfig():: msTiltToBright = 10000, tiltToBright = false
11-03 10:12:44.985300   512 12107 I sensors-hal: handle_indication_realtime:355,  SCHED_FIFO(10) for qmi_cbk
11-03 10:12:47.111463   512  1749 I sensors-hal: batch:140, android.sensor.accelerometer/48, period=66667000, max_latency=100000000
11-03 10:12:47.114270   512  1749 I sensors-hal: batch:149, android.sensor.accelerometer/48, period=66667000, max_latency=100000000 request completed
11-03 10:12:47.115492  1686  1686 D DefaultUngazeDetector: Ungaze event occurred; emitting gesture event!
11-03 10:12:47.115649  1686  1686 D WristGestureCtrl: Gesture:GESTURE UNGAZE, timestamp(ms): 62243931, confidence: 0.0, latency(ms): 0, duration(ms): 2614
11-03 10:12:47.117709   512  1749 I sensors-hal: batch:140, android.sensor.accelerometer/48, period=19231000, max_latency=100000000
--------- switch to system
11-03 10:12:47.119246  1686  1686 I WindowManager: sleepRelease() calling goToSleep(GO_TO_SLEEP_REASON_SLEEP_BUTTON)
11-03 10:12:47.119551  1686  1686 I PowerManagerService: Going to sleep due to sleep button (uid 1000)...
--------- switch to main
11-03 10:12:47.119876   512  1749 I sensors-hal: batch:149, android.sensor.accelerometer/48, period=19231000, max_latency=100000000 request completed
11-03 10:12:47.120289   512  1749 I sensors-hal: flush:169, android.sensor.accelerometer/48
--------- switch to system
11-03 10:12:47.121368  1686  1712 I DreamManagerService: Entering dreamland.
--------- switch to main
11-03 10:12:47.121506   512  1749 I sensors-hal: flush:175, android.sensor.accelerometer/48 completed
--------- switch to system
11-03 10:12:47.122149  1686  1712 I PowerManagerService: Dozing...
11-03 10:12:47.122500  1686  1686 W UsageStatsService: Event reported without a package name
11-03 10:12:47.138943  1686  1708 I DreamController: Starting dream: name=ComponentInfo{com.google.android.wearable.ambient/com.google.android.wearable.ambient.AmbientDream}, isTest=false, canDoze=true, userId=0
11-03 10:12:47.152664  1686  1686 W ContextImpl: Calling a method in the system process without a qualified user: android.app.ContextImpl.bindService:1611 android.content.ContextWrapper.bindService:698 com.google.android.wearable.ambient.AmbientDream.onCreate:191 android.app.ActivityThread.handleCreateService:3533 android.app.ActivityThread.access$1300:200 
11-03 10:12:47.157525  1686  1686 W ContextImpl: Calling a method in the system process without a qualified user: android.app.ContextImpl.sendBroadcast:1005 android.content.ContextWrapper.sendBroadcast:444 com.google.android.wearable.ambient.AmbientDream.onCreate:241 android.app.ActivityThread.handleCreateService:3533 android.app.ActivityThread.access$1300:200 
11-03 10:12:47.158630  1686  1686 V DreamService[AmbientDream]: onBind() intent = Intent { act=android.service.dreams.DreamService flg=0x800000 cmp=com.google.android.wearable.ambient/.AmbientDream }
--------- switch to main
11-03 10:12:47.160365  1686  1686 I AmbientService: [ce6a28c] Ambient Created
--------- switch to system
11-03 10:12:47.163443  1686  1686 V DreamService[AmbientDream]: Calling onDreamingStarted()
--------- switch to main
11-03 10:12:47.163582  1686  1686 I AmbientService: [ce6a28c] doOnDreamingStarted
11-03 10:12:47.164098  1686  1686 D SidekickService: setShouldControlDisplay called: true
11-03 10:12:47.165801  1686  1686 I AmbientService: [ce6a28c] Selected running activity for ambient mode: AmbientActivity[component=ComponentInfo{com.google.android.wearable.app/com.google.android.clockwork.home2.activity.HomeActivity2}, callbacks=@210b385, running=true, ambientRequested=true, ambientEnabled=true, offloadEnabled=true]
11-03 10:12:47.166365  1686  1686 I AmbientService: [ce6a28c] Sidekick is ready to display, requesting doze.
11-03 10:12:47.167283  1686  1686 I AmbientService: [ce6a28c] No auto-resume Activity.
11-03 10:12:47.169262  1686  1686 W DefaultSettingsContentR: Value for ambient_low_bit_enabled not stored as number. Attempting parse as boolean.
11-03 10:12:47.170410  2520  2520 D HOME    : [HomeVisitsLogger]Logging streamlet event: enter_ambient_mode
11-03 10:12:47.171120  2520  2520 D HOME    : [HotwordController]updateClient MODE_WATCH_FACE false true false true
11-03 10:12:47.171126  2520 12013 D HOME    : [HomeVisitsLogger]Logging streamlet event: visit_end
11-03 10:12:47.172408  2520  2520 D HOME    : [WatchFaceUiController]setInAmbientMode true
11-03 10:12:47.173727  1686  1686 I AmbientService: [ce6a28c] Showing watch face in offload mode, canceling alarm.
11-03 10:12:47.173822  1686  1686 W AlarmManagerProxy: Removing unknown listener
11-03 10:12:47.173938  1686  1686 D WristGestureCtrl: Stopping detectors: GesturesEnabled-false gestureDetector-false ungazeEnabled-true ungaze-true
11-03 10:12:47.173988  1686  1686 D DefaultUngazeDetector: stopping
11-03 10:12:47.174200  2520  2520 D HOME    : [StreamDBQueue]Promised revision #4014 to queue a new op
11-03 10:12:47.174573  2520  2520 D WatchStreamManager: Promised rank-blocked=false @ r#4014
11-03 10:12:47.175055  2520  2520 D HOME    : [StreamDBQueue]Promised revision #4015 to queue a new op
11-03 10:12:47.175205  2520  2520 D WatchStreamManager: Promised rank-blocked=false @ r#4015
11-03 10:12:47.176225  2520  2520 D HOME    : [EventBus]Wrapper pool is full. Discarding excess wrapper instance for event com.google.android.clockwork.sysui.events.KeyguardStateEvent
11-03 10:12:47.176397  2520  2520 D HOME    : [WatchFaceUiController]sendStateToWallpaper
11-03 10:12:47.176519  2520 12093 D HOME    : [WatchStreamDB]Item alerting conditions - isInterruptive: false, recentlyInterrupted: false, isItemPinned: false, isUnread: false
11-03 10:12:47.179386  2520  2520 D HOME    : [EventBus]Wrapper pool is full. Discarding excess wrapper instance for event com.google.android.clockwork.sysui.events.KeyguardStateEvent
11-03 10:12:47.176934  2520 12093 D HOME    : [StreamAlertingRegulator]isTheaterModeEnabled: false, isAlertingAllowedByOffBody: true, matchesLocalInterruptionFilter: true
11-03 10:12:47.179972  2520  2520 D HOME    : [EventBus]Wrapper pool is full. Discarding excess wrapper instance for event com.google.android.clockwork.sysui.events.KeyguardStateEvent
11-03 10:12:47.178778   512  1749 I sensors-hal: batch:140, android.sensor.accelerometer/48, period=66667000, max_latency=100000000
11-03 10:12:47.185218  2520 12093 D HOME    : [WatchStreamDB]couldItemAlert: false, isTopItemChanged: false, isDeferralForTopItem: false
11-03 10:12:47.186906   512  1749 I sensors-hal: batch:149, android.sensor.accelerometer/48, period=66667000, max_latency=100000000 request completed
11-03 10:12:47.189643  2520 11200 D HOME    : [StreamDBQueue]Promised revision #4016 to queue a new op
11-03 10:12:47.189878  2520 11200 D WatchStreamManager: Promised rerank @ r#4016
11-03 10:12:47.190295  2520 12093 D HOME    : [WatchStreamDB]Item alerting conditions - isInterruptive: false, recentlyInterrupted: false, isItemPinned: false, isUnread: false
11-03 10:12:47.190584  2520 12093 D HOME    : [StreamAlertingRegulator]isTheaterModeEnabled: false, isAlertingAllowedByOffBody: true, matchesLocalInterruptionFilter: true
11-03 10:12:47.190808  2520 12093 D HOME    : [WatchStreamDB]couldItemAlert: false, isTopItemChanged: false, isDeferralForTopItem: false
11-03 10:12:47.191107  2520 12093 D HOME    : [WatchStreamDB]updateRanking()
11-03 10:12:47.191535  2520 12093 D HOME    : [WatchStreamDB]Item alerting conditions - isInterruptive: false, recentlyInterrupted: false, isItemPinned: false, isUnread: false
11-03 10:12:47.192241  2520 12013 I SidekickManager: replaceWatchFaceComponentsImpl(): watchFace = com.google.android.clockwork.decomposablewatchface.WatchFaceDecomposition@f70ecb4
11-03 10:12:47.192887  2520 12093 D HOME    : [StreamAlertingRegulator]isTheaterModeEnabled: false, isAlertingAllowedByOffBody: true, matchesLocalInterruptionFilter: true
11-03 10:12:47.193111  1686  7908 D SidekickService: sendWatchFaceComponents called: watchFace = com.google.android.clockwork.decomposablewatchface.WatchFaceDecomposition@a09312bshouldReplace = false
11-03 10:12:47.193196  2520 12093 D HOME    : [WatchStreamDB]couldItemAlert: false, isTopItemChanged: false, isDeferralForTopItem: false
11-03 10:12:47.193315  1686  7908 D SidekickService: Check decomposition for calling app com.google.android.wearable.app with uid 10049
11-03 10:12:47.193656  1686  7908 D SidekickService: sendWatchFaceLocked(): shouldReplace = false, mSidekickIsControlling = false, 1 images, 0 fonts, 0 numbers, 0 proportionalFonts, 0 strings
11-03 10:12:47.193712  1686  7908 D SidekickService: ISidekickGraphics#beginResources()...
11-03 10:12:47.193767  2520 12093 D HOME    : [NewStreamAdapter]Publishing revision #4016 to adapter clients
11-03 10:12:47.194947  2520 11200 D HOME    : [StreamDBQueue]Promised revision #4017 to queue a new op
11-03 10:12:47.195167  2520 11200 D WatchStreamManager: Promised rerank @ r#4017
11-03 10:12:47.195432  2520  2520 W StaticLayout: maxLineHeight should not be -1.  maxLines:1 lineCount:1
11-03 10:12:47.197249  2520 12093 D HOME    : [WatchStreamDB]updateRanking()
11-03 10:12:47.198216  1686  7908 D SidekickServiceUtils: bitmapFromDrawable: Returning bitmap directly
11-03 10:12:47.198244  2520 12093 D HOME    : [WatchStreamDB]Item alerting conditions - isInterruptive: false, recentlyInterrupted: false, isItemPinned: false, isUnread: false
11-03 10:12:47.198792  2520 12093 D HOME    : [StreamAlertingRegulator]isTheaterModeEnabled: false, isAlertingAllowedByOffBody: true, matchesLocalInterruptionFilter: true
11-03 10:12:47.199256  2520 12093 D HOME    : [WatchStreamDB]couldItemAlert: false, isTopItemChanged: false, isDeferralForTopItem: false
11-03 10:12:47.200022  1686  7908 D SidekickService: sendBitmapsLocked(): bounds = RectF(0.0, 0.0, 0.0024038462, 0.0024038462), drawableInfo = {.id = 100000, .width = 1, .height = 1, .display = true, .offsetX = 0.0, .offsetY = 0.0, .rotationInfo = {.hasRotation = false, .pivotX = 0.0, .pivotY = 0.0, .degreesPerDay = 0.0, .degreesPerStep = 0.0, .zeroDegreesTime = {.daysSinceLocalEpoch = 0, .msSinceMidnight = 0}}, .transformInfo = {.transformed = false, .flipX = false, .flipY = false, .flip45 = false, .scaleX = 0.0, .scaleY = 0.0}, .type = GENERIC, .blink = {.blinking = false, .periodOnMs = 0.0, .periodOffMs = 0.0, .startTime = {.daysSinceLocalEpoch = 0, .msSinceMidnight = 0}}, .zOrder = 8, .displayInTwm = true}, image.size() = 84
11-03 10:12:47.200625  2520 12093 D HOME    : [NewStreamAdapter]Publishing revision #4017 to adapter clients
11-03 10:12:47.200908   416  2389 D SKGHAL  : saveResource: resId = 100000
11-03 10:12:47.201296  1686  7908 D SidekickService: sendBitmapsLocked(): status = 0, bytesUsed = 18
11-03 10:12:47.201478  1686  7908 D SidekickService: ISidekickGraphics#endResources()...
--------- switch to kernel
11-03 10:12:47.092424     0     0 E FG      : fg_psy_get_property: unsupported property 7
11-03 10:12:47.094467     0     0 W healthd : battery l=18 v=3668 t=28.0 h=2 st=3 c=128 fc=443000 cc=0 chg=
--------- switch to main
11-03 10:12:47.215393  1956  1956 D QtiCarrierConfigHelper: WARNING, no carrier configs on phone Id: 0
11-03 10:12:47.221730   512   512 I sensors-hal: activate:107, android.sensor.light/46 en=0
11-03 10:12:47.222024  2520  2520 D HOME    : [BatteryChange]action: android.intent.action.BATTERY_CHANGED
11-03 10:12:47.222501  2520 11200 D HOME    : [BatteryChange]HandleBatteryChangedTask
11-03 10:12:47.222976  2520 11200 D HOME    : [BatteryChange]level: 18, status: 3
11-03 10:12:47.223341   512   512 I sensors-hal: activate:118, android.sensor.light/46 en=0 completed
--------- switch to system
11-03 10:12:47.225903  1686  1710 I DisplayManagerService: Display device changed state: "Écran intégré", DOZE_SUSPEND
--------- switch to main
11-03 10:12:47.229697   545   545 D SurfaceFlinger: Set power mode=3, type=0 flinger=0xb6bb6000
11-03 10:12:47.230364   504   762 I SDM     : DisplayBase::SetDisplayState: Set state = 3, display 0
11-03 10:12:47.283032   545   545 D SurfaceFlinger: Finished set power mode=3, type=0
--------- switch to kernel
11-03 10:12:47.118124     0     0 I mdss_dsi_panel_set_idle_mode: Idle (0->1)
11-03 10:12:47.165494     0     0 I         : [touch]FB_BLANK_VSYNC_SUSPEND
11-03 10:12:47.165501     0     0 I         : [touch]irq disable
11-03 10:12:47.165506     0     0 I         : [touch]workqueue is empty!
11-03 10:12:47.165509     0     0 I         : [touch]raydium_ts_do_suspend.
11-03 10:12:47.165521     0     0 I         : [touch]Device may wakeup
11-03 10:12:47.170256     0     0 I         : [touch]irq enable
--------- switch to main
11-03 10:12:47.288683  1686  1759 I InputReader: Reconfiguring input devices.  changes=0x00000004
11-03 10:12:47.500005   416  2389 D SKGHAL  : sendResources: metadata size = 2400, font size = 72
11-03 10:12:47.572380   416  2389 D SKGHAL  : endResources: rc = 0
11-03 10:12:47.574035  1686  1823 I SidekickService: beginDisplayLocked(): DOZE_SUSPEND
11-03 10:12:47.575721   416   416 D SKGHAL  : sendAmbientPrepare: enter:
11-03 10:12:47.576447  2520  2520 D HOME    : [SidekickManagerAsync]replaceWatchFaceComponents(): Callback#onResult(): 0
11-03 10:12:47.576992  2520  2520 D HOME    : [WatchFaceUiController]Complication updates sent, posting watch face hiding
11-03 10:12:47.577131  2520  2520 D HOME    : [WatchFaceUiController]Still in ambient watch face, hiding
11-03 10:12:47.577215  2520  2520 D HOME    : [WatchFaceUiController]Hiding watch face wallpaper.
11-03 10:12:47.706365   416   416 D SKGHAL  : sendAmbientEvent: enter: enable = 1
11-03 10:12:47.708263   504   523 I SDM     : DisplayBase::SetDisplayState: Set state = 4, display 0
11-03 10:12:47.762336   504   523 D SDM     : HWCDisplayPrimary::SetStandByMode: Null display is connected successfully
11-03 10:12:47.762763   416   416 D SKGHAL  : standBy_update_control call succeed on 1
11-03 10:12:47.772920   416   416 D SKGHAL  : sendAmbientEvent: done: enable = 1
11-03 10:12:47.773485  1686  1823 D SidekickService:    ... beginDisplay result: 0 for halPower: 1
11-03 10:12:47.777338   512   512 I sensors-hal: activate:107, android.sensor.accelerometer/48 en=0
11-03 10:12:47.779112   512   512 I sensors-hal: activate:118, android.sensor.accelerometer/48 en=0 completed
--------- switch to kernel
11-03 10:12:47.671763     0     0 E bgrsb   : bgrsb_enable: gpio 32 is valid
--------- switch to main
11-03 10:12:47.786309  1686  1799 E WifiStateMachine: getWifiLinkLayerStats called without an interface
11-03 10:12:47.808487  1686  1686 I WearPower: [WearTouchMediator] changing touch input to enabled (ON_AUTO)
11-03 10:12:47.810023  1686  1759 I InputReader: Reconfiguring input devices.  changes=0x00000200
--------- switch to kernel
11-03 10:12:47.700404     0     0 I init    : processing action (ro.enable_core_ctl=true && sys.cw_corectl_mode=idle) from (/vendor/etc/init/hw/init.qcom.rc:949)
--------- switch to main
11-03 10:12:47.820827  1686  1686 I AmbientService: [ce6a28c] Timeout alarm not required, auto-resume timeout handled by dream.
11-03 10:12:47.832983  3205  3434 W WorkController: Loading failed for worker [trainingcache]: worker not found
11-03 10:12:47.835458  3205  3372 W A       : TrainingCache cache SCREEN_OFF failure
