11-02 20:21:49.860261  2520  7212 D HOME    : [StreamDBQueue]Promised revision #1465 to queue a new op
11-02 20:21:49.860368  2520  2520 D HOME    : [WatchFaceUiController]sendStateToWallpaper
11-02 20:21:49.860404  2520  7212 D WatchStreamManager: Promised rerank @ r#1465
11-02 20:21:49.860956  1686  2943 D SidekickService: sendWatchFaceLocked(): shouldReplace = false, mSidekickIsControlling = false, 1 images, 0 fonts, 0 numbers, 0 proportionalFonts, 0 strings
11-02 20:21:49.861033  1686  2943 D SidekickService: ISidekickGraphics#beginResources()...
11-02 20:21:49.862417  2520  2520 D HOME    : [EventBus]Wrapper pool is full. Discarding excess wrapper instance for event com.google.android.clockwork.sysui.events.KeyguardStateEvent
11-02 20:21:49.862715  2520  2520 D HOME    : [EventBus]Wrapper pool is full. Discarding excess wrapper instance for event com.google.android.clockwork.sysui.events.KeyguardStateEvent
11-02 20:21:49.862814  2520  6840 D HOME    : [WatchStreamDB]Item alerting conditions - isInterruptive: true, recentlyInterrupted: false, isItemPinned: true, isUnread: false
11-02 20:21:49.863083  2520  6840 D HOME    : [StreamAlertingRegulator]isTheaterModeEnabled: false, isAlertingAllowedByOffBody: true, matchesLocalInterruptionFilter: true
11-02 20:21:49.863290  1686  2943 D SidekickServiceUtils: bitmapFromDrawable: Returning bitmap directly
11-02 20:21:49.863339  2520  6840 D HOME    : [WatchStreamDB]couldItemAlert: false, isTopItemChanged: false, isDeferralForTopItem: false
11-02 20:21:49.864502  2520  6840 D HOME    : [WatchStreamDB]Item alerting conditions - isInterruptive: true, recentlyInterrupted: false, isItemPinned: true, isUnread: false
11-02 20:21:49.864810  2520  6840 D HOME    : [StreamAlertingRegulator]isTheaterModeEnabled: false, isAlertingAllowedByOffBody: true, matchesLocalInterruptionFilter: true
11-02 20:21:49.864872  1686  2943 D SidekickService: sendBitmapsLocked(): bounds = RectF(0.0, 0.0, 0.0024038462, 0.0024038462), drawableInfo = {.id = 100000, .width = 1, .height = 1, .display = true, .offsetX = 0.0, .offsetY = 0.0, .rotationInfo = {.hasRotation = false, .pivotX = 0.0, .pivotY = 0.0, .degreesPerDay = 0.0, .degreesPerStep = 0.0, .zeroDegreesTime = {.daysSinceLocalEpoch = 0, .msSinceMidnight = 0}}, .transformInfo = {.transformed = false, .flipX = false, .flipY = false, .flip45 = false, .scaleX = 0.0, .scaleY = 0.0}, .type = GENERIC, .blink = {.blinking = false, .periodOnMs = 0.0, .periodOffMs = 0.0, .startTime = {.daysSinceLocalEpoch = 0, .msSinceMidnight = 0}}, .zOrder = 8, .displayInTwm = true}, image.size() = 84
11-02 20:21:49.865036  2520  6840 D HOME    : [WatchStreamDB]couldItemAlert: false, isTopItemChanged: false, isDeferralForTopItem: false
11-02 20:21:49.865703   416  2389 D SKGHAL  : saveResource: resId = 100000
11-02 20:21:49.866145  2520  6840 D HOME    : [WatchStreamDB]updateRanking()
11-02 20:21:49.866355  1686  2943 D SidekickService: sendBitmapsLocked(): status = 0, bytesUsed = 18
11-02 20:21:49.866532  1686  2943 D SidekickService: ISidekickGraphics#endResources()...
11-02 20:21:49.866782  2520  6840 D HOME    : [WatchStreamDB]Item alerting conditions - isInterruptive: true, recentlyInterrupted: false, isItemPinned: true, isUnread: false
11-02 20:21:49.867110  2520  6840 D HOME    : [StreamAlertingRegulator]isTheaterModeEnabled: false, isAlertingAllowedByOffBody: true, matchesLocalInterruptionFilter: true
11-02 20:21:49.867356  2520  6840 D HOME    : [WatchStreamDB]couldItemAlert: false, isTopItemChanged: false, isDeferralForTopItem: false
11-02 20:21:49.868012  2520  6840 D HOME    : [NewStreamAdapter]Publishing revision #1465 to adapter clients
11-02 20:21:49.868497  2520  7212 D HOME    : [StreamDBQueue]Promised revision #1466 to queue a new op
11-02 20:21:49.868699  2520  7212 D WatchStreamManager: Promised rerank @ r#1466
11-02 20:21:49.869241  2520  6932 D HOME    : [WatchStreamDB]updateRanking()
11-02 20:21:49.869853  2520  6932 D HOME    : [WatchStreamDB]Item alerting conditions - isInterruptive: true, recentlyInterrupted: false, isItemPinned: true, isUnread: false
11-02 20:21:49.870601  2520  6932 D HOME    : [StreamAlertingRegulator]isTheaterModeEnabled: false, isAlertingAllowedByOffBody: true, matchesLocalInterruptionFilter: true
11-02 20:21:49.871043  2520  6932 D HOME    : [WatchStreamDB]couldItemAlert: false, isTopItemChanged: false, isDeferralForTopItem: false
11-02 20:21:49.871698  2520  6932 D HOME    : [NewStreamAdapter]Publishing revision #1466 to adapter clients
11-02 20:21:50.146765   416  2389 D SKGHAL  : sendResources: metadata size = 2400, font size = 72
11-02 20:21:50.216600   416  2389 D SKGHAL  : endResources: rc = 0
11-02 20:21:50.217358  1686  1686 I AmbientService: [ce6a28c] Showing watch face in offload mode, canceling alarm.
11-02 20:21:50.217478  1686  1686 W AlarmManagerProxy: Removing unknown listener
11-02 20:21:50.217681  1686  1686 D WristGestureCtrl: Stopping detectors: GesturesEnabled-false gestureDetector-false ungazeEnabled-true ungaze-true
11-02 20:21:50.217749  1686  1686 D DefaultUngazeDetector: stopping
11-02 20:21:50.217823  1686  3295 W system_server: Long monitor contention with owner main (1686) at void com.google.android.wearable.ambient.AmbientService.doOnDreamingStarted()(AmbientService.java:659) waiters=0 in void com.google.android.wearable.ambient.AmbientService.maybeSendDozeCommand() for 354ms
--------- switch to system
11-02 20:21:50.218096  1686  1686 W Looper  : Slow dispatch took 373ms main h=android.os.Handler c=android.service.dreams.DreamService$1@eab381f m=0
11-02 20:21:50.219705  1686  1686 W Looper  : Slow delivery took 374ms main h=android.app.ActivityThread$H c=android.app.-$$Lambda$LoadedApk$ReceiverDispatcher$Args$_BumDX2UKsnxLVrE6UJsJZkotuA@fa876c m=0
--------- switch to main
11-02 20:21:50.221472   512  1749 I sensors-hal: batch:140, android.sensor.accelerometer/48, period=66667000, max_latency=100000000
--------- switch to system
11-02 20:21:50.221587  1686  1686 W Looper  : Drained
--------- switch to main
11-02 20:21:50.222901  2520  2520 W StaticLayout: maxLineHeight should not be -1.  maxLines:1 lineCount:1
11-02 20:21:50.230549   512  1749 I sensors-hal: batch:149, android.sensor.accelerometer/48, period=66667000, max_latency=100000000 request completed
--------- switch to kernel
11-02 20:21:50.209052     0     0 E FG      : fg_psy_get_property: unsupported property 7
11-02 20:21:50.211527     0     0 W healthd : battery l=64 v=3929 t=33.0 h=2 st=3 c=144 fc=443000 cc=0 chg=
--------- switch to main
11-02 20:21:50.263000  2520  2520 D HOME    : [SidekickManagerAsync]replaceWatchFaceComponents(): Callback#onResult(): 0
11-02 20:21:50.264144  2520  2520 D HOME    : [StreamBackendInit]NotificationService onNotificationRemoved StatusBarNotification(pkg=android user=UserHandle{0} id=0 tag=com.android.server.wm.AlertWindowNotification - com.google.android.wearable.app key=0|android|0|com.android.server.wm.AlertWindowNotification - com.google.android.wearable.app|1000: Notification(channel=com.android.server.wm.AlertWindowNotification - com.google.android.wearable.app pri=0 contentView=null vibrate=null sound=null defaults=0x0 flags=0x102 color=0xff607d8b vis=PRIVATE))
11-02 20:21:50.264473  2520  2520 D HOME    : [WatchFaceUiController]Complication updates sent, posting watch face hiding
11-02 20:21:50.264536  2520  2520 D HOME    : [WatchFaceUiController]Still in ambient watch face, hiding
11-02 20:21:50.264590  2520  2520 D HOME    : [WatchFaceUiController]Hiding watch face wallpaper.
11-02 20:21:50.264605  2520  2716 D CollectorHandler: handleMessage, event: ON_NOTIFICATION_REMOVED
11-02 20:21:50.265174  2520  2716 D HOME    : [StreamDBQueue]Promised revision #1467 to queue a new op
11-02 20:21:50.265904  2520  7303 D StreamDatabase: remove. itemId: StreamItemIdAndRevision{notifKey=0|android|0|com.android.server.wm.AlertWindowNotification - com.google.android.wearable.app|1000, packageName=android, tag=com.android.server.wm.AlertWindowNotification - com.google.android.wearable.app, id=0, revision=1462, originalRevision=1462, updateCount=0}
11-02 20:21:50.266276  2520  2716 D HOME    : [WatchStreamManager]Promised remove @ r#1467 for StreamItemIdAndRevision{notifKey=0|android|0|com.android.server.wm.AlertWindowNotification - com.google.android.wearable.app|1000, packageName=android, tag=com.android.server.wm.AlertWindowNotification - com.google.android.wearable.app, id=0, revision=0, originalRevision=0, updateCount=0} (@1466): SBN removed: StreamItemIdAndRevision{notifKey=0|android|0|com.android.server.wm.AlertWindowNotification - com.google.android.wearable.app|1000, packageName=android, tag=com.android.server.wm.AlertWindowNotification - com.google.android.wearable.app, id=0, revision=0, originalRevision=0, updateCount=0}
11-02 20:21:50.266472  2520  7303 D HOME    : [WatchStreamDB]Item alerting conditions - isInterruptive: true, recentlyInterrupted: false, isItemPinned: true, isUnread: false
11-02 20:21:50.266799  2520  7303 D HOME    : [StreamAlertingRegulator]isTheaterModeEnabled: false, isAlertingAllowedByOffBody: true, matchesLocalInterruptionFilter: true
11-02 20:21:50.267051  2520  7303 D HOME    : [WatchStreamDB]couldItemAlert: false, isTopItemChanged: false, isDeferralForTopItem: false
11-02 20:21:50.267524  2520  7303 D HOME    : [StreamAdapter]onStreamChange StreamChangeEvent[modified=0, removed=1, modifiedTop=0, removedTop=0, reorder=false, possibleAlertingItem=none]
11-02 20:21:50.267755  1956  1956 D QtiCarrierConfigHelper: WARNING, no carrier configs on phone Id: 0
11-02 20:21:50.268231  2520  7303 D HOME    : [StreamAdapter]onStreamChange StreamChangeEvent[modified=0, removed=1, modifiedTop=0, removedTop=0, reorder=false, possibleAlertingItem=none]
11-02 20:21:50.268824  2520  7303 D HOME    : [NewStreamAdapter]Publishing revision #1467 to adapter clients
11-02 20:21:50.274874   512  1749 I sensors-hal: activate:107, android.sensor.light/46 en=0
11-02 20:21:50.277703   512  1749 I sensors-hal: activate:118, android.sensor.light/46 en=0 completed
11-02 20:21:50.279829   545   545 D SurfaceFlinger: Set power mode=3, type=0 flinger=0xb6bb6000
11-02 20:21:50.280458   504   762 I SDM     : DisplayBase::SetDisplayState: Set state = 3, display 0
--------- switch to system
11-02 20:21:50.281446  1686  1710 I DisplayManagerService: Display device changed state: "Écran intégré", DOZE_SUSPEND
--------- switch to main
11-02 20:21:50.282598  2520  2520 D HOME    : [TopNotificationReceiver]Sending request to TopNotificationProviderService for complication update
11-02 20:21:50.291302  2520  2520 D HOME    : [BatteryChange]action: android.intent.action.BATTERY_CHANGED
11-02 20:21:50.292174  2520  6572 D HOME    : [BatteryChange]HandleBatteryChangedTask
11-02 20:21:50.292722  2520  6572 D HOME    : [BatteryChange]level: 64, status: 3
11-02 20:21:50.293365  2520  2520 D HOME    : [StreamAdapter]setStreamItems, size 2
11-02 20:21:50.293593  1686  1759 I InputReader: Reconfiguring input devices.  changes=0x00000004
11-02 20:21:50.294368  2520  2520 D HOME    : [StreamAdapter]setStreamItems, size 1
11-02 20:21:50.296233  2520  7213 D HOME    : [ComplicationController]scheduleImmediateUpdateForAllFromProvider ComponentInfo{com.google.android.wearable.app/com.google.android.clockwork.wcs.notification.complication.TopNotificationProviderService}
11-02 20:21:50.318307   545   545 D SurfaceFlinger: Finished set power mode=3, type=0
11-02 20:21:50.318902  1686  1823 I SidekickService: beginDisplayLocked(): DOZE_SUSPEND
11-02 20:21:50.319517   416  2389 D SKGHAL  : sendAmbientPrepare: enter:
--------- switch to kernel
11-02 20:21:50.242170     0     0 I mdss_dsi_panel_set_idle_mode: Idle (0->1)
11-02 20:21:50.276120     0     0 I         : [touch]FB_BLANK_VSYNC_SUSPEND
11-02 20:21:50.276127     0     0 I         : [touch]irq disable
11-02 20:21:50.276131     0     0 I         : [touch]workqueue is empty!
11-02 20:21:50.276134     0     0 I         : [touch]raydium_ts_do_suspend.
11-02 20:21:50.276146     0     0 I         : [touch]Device may wakeup
11-02 20:21:50.279332     0     0 I         : [touch]irq enable
--------- switch to main
11-02 20:21:50.444275   416  2389 D SKGHAL  : sendAmbientEvent: enter: enable = 1
11-02 20:21:50.446075   504   523 I SDM     : DisplayBase::SetDisplayState: Set state = 4, display 0
11-02 20:21:50.446212   504   523 D SDM     : HWCDisplayPrimary::SetStandByMode: Null display is connected successfully
11-02 20:21:50.446763   416  2389 D SKGHAL  : standBy_update_control call succeed on 1
11-02 20:21:50.480371   416  2389 D SKGHAL  : sendAmbientEvent: done: enable = 1
11-02 20:21:50.481275  1686  1823 D SidekickService:    ... beginDisplay result: 0 for halPower: 1
11-02 20:21:50.486967   512  1749 I sensors-hal: activate:107, android.sensor.accelerometer/48 en=0
11-02 20:21:50.489294   512  1749 I sensors-hal: activate:118, android.sensor.accelerometer/48 en=0 completed
--------- switch to kernel
11-02 20:21:50.452387     0     0 E bgrsb   : bgrsb_enable: gpio 32 is valid
--------- switch to main
11-02 20:21:50.498927  1686  1799 E WifiStateMachine: getWifiLinkLayerStats called without an interface
11-02 20:21:50.531436  1686  1686 I WearPower: [WearTouchMediator] changing touch input to enabled (ON_AUTO)
11-02 20:21:50.534275  1686  1759 I InputReader: Reconfiguring input devices.  changes=0x00000200
--------- switch to kernel
11-02 20:21:50.499818     0     0 I init    : processing action (ro.enable_core_ctl=true && sys.cw_corectl_mode=idle) from (/vendor/etc/init/hw/init.qcom.rc:949)
--------- switch to main
11-02 20:21:50.548332  1686  1686 I AmbientService: [ce6a28c] Timeout alarm not required, auto-resume timeout handled by dream.
11-02 20:21:50.573470  3205  3434 W WorkController: Loading failed for worker [trainingcache]: worker not found
11-02 20:21:50.579203  3205  3372 W A       : TrainingCache cache SCREEN_OFF failure
11-02 20:21:50.579203  3205  3372 W A       : com.google.android.apps.gsa.search.core.service.h.a.a: No worker found for Worker ID [trainingcache].
11-02 20:21:50.579203  3205  3372 W A       : 	at com.google.android.apps.gsa.search.core.service.g.a.c.a(Unknown Source:5)
11-02 20:21:50.579203  3205  3372 W A       : 	at com.google.android.libraries.gsa.c.a.d.a(Unknown Source:3)
11-02 20:21:50.579203  3205  3372 W A       : 	at com.google.common.p.a.cg.c(Unknown Source:2)
11-02 20:21:50.579203  3205  3372 W A       : 	at com.google.common.p.a.bk.run(SourceFile:3)
11-02 20:21:50.579203  3205  3372 W A       : 	at com.google.common.p.a.ci.run(Unknown Source:4)
11-02 20:21:50.579203  3205  3372 W A       : 	at com.google.apps.tiktok.concurrent.ab.run(SourceFile:1)
11-02 20:21:50.579203  3205  3372 W A       : 	at java.util.concurrent.ThreadPoolExecutor.runWorker(ThreadPoolExecutor.java:1167)
11-02 20:21:50.579203  3205  3372 W A       : 	at java.util.concurrent.ThreadPoolExecutor$Worker.run(ThreadPoolExecutor.java:641)
11-02 20:21:50.579203  3205  3372 W A       : 	at com.google.apps.tiktok.concurrent.c.run(Unknown Source:4)
11-02 20:21:50.579203  3205  3372 W A       : 	at java.lang.Thread.run(Thread.java:764)
11-02 20:21:50.601397  2520  2520 D HOME    : [StreamDBQueue]Promised revision #1468 to queue a new op
11-02 20:21:50.602126  2520  2520 D WatchStreamManager: Promised rank-blocked=false @ r#1468
11-02 20:21:50.602981  2520  2520 D HOME    : [CompactHunStarter]detachWindow()
11-02 20:21:50.605541  2520  6572 D HOME    : [StreamDBQueue]Promised revision #1469 to queue a new op
11-02 20:21:50.606090  2520  6572 D WatchStreamManager: Promised rerank @ r#1469
11-02 20:21:50.606065  2520  7213 D HOME    : [WatchStreamDB]Item alerting conditions - isInterruptive: true, recentlyInterrupted: false, isItemPinned: true, isUnread: false
11-02 20:21:50.606864  2520  7213 D HOME    : [StreamAlertingRegulator]isTheaterModeEnabled: false, isAlertingAllowedByOffBody: true, matchesLocalInterruptionFilter: true
11-02 20:21:50.607369  2520  7213 D HOME    : [WatchStreamDB]couldItemAlert: false, isTopItemChanged: false, isDeferralForTopItem: false
--------- switch to kernel
11-02 20:21:50.565798     0     0 I CPU3    : update max cpu_capacity 1024
--------- switch to main
11-02 20:21:50.608651  2520  7213 D HOME    : [WatchStreamDB]updateRanking()
11-02 20:21:50.609996  2520  7213 D HOME    : [WatchStreamDB]Item alerting conditions - isInterruptive: true, recentlyInterrupted: false, isItemPinned: true, isUnread: false
11-02 20:21:50.610934  2520  7213 D HOME    : [StreamAlertingRegulator]isTheaterModeEnabled: false, isAlertingAllowedByOffBody: true, matchesLocalInterruptionFilter: true
11-02 20:21:50.611566  2520  7213 D HOME    : [WatchStreamDB]couldItemAlert: false, isTopItemChanged: false, isDeferralForTopItem: false
11-02 20:21:50.618325  2520  7213 D HOME    : [NewStreamAdapter]Publishing revision #1469 to adapter clients
--------- switch to kernel
11-02 20:21:50.615114     0     0 I PM      : suspend entry 2021-11-02 19:21:50.615114644 UTC
11-02 20:21:50.615143     0     0 I PM      : Syncing filesystems ...
11-02 20:21:50.637152     0     0 I CPU2    : shutdown
11-02 20:21:50.649153     0     0 I init    : Command 'write /sys/devices/system/cpu/cpu2/online 0' action=ro.enable_core_ctl=true && sys.cw_corectl_mode=idle (/vendor/etc/init/hw/init.qcom.rc:951) took 110ms and succeeded
11-02 20:21:50.663253     0     0 I         : done.
11-02 20:21:50.708620     0     0 W         : IRQ21 no longer affine to CPU3
11-02 20:21:50.710450     0     0 I CPU3    : shutdown
11-02 20:21:50.713953     0     0 I         : Freezing user space processes ...
11-02 20:21:50.715496     0     0 I CPU1    : update max cpu_capacity 748
11-02 20:21:50.722819     0     0 I PM      : Wakeup pending, aborting suspend
11-02 20:21:50.722910     0     0 I         : active wakeup source: NETLINK
11-02 20:21:50.722993     0     0 E         : Freezing of tasks aborted after 0.009 seconds
11-02 20:21:50.723017     0     0 I         : Restarting tasks ...
11-02 20:21:50.725366     0     0 W QSEECOM : qseecom_receive_req: Interrupted: exiting Listener Service = 28672
11-02 20:21:50.725625     0     0 W QSEECOM : qseecom_receive_req: Interrupted: exiting Listener Service = 8192
11-02 20:21:50.729716     0     0 W QSEECOM : qseecom_receive_req: Interrupted: exiting Listener Service = 11
11-02 20:21:50.730064     0     0 W QSEECOM : qseecom_receive_req: Interrupted: exiting Listener Service = 10
11-02 20:21:50.730243     0     0 W QSEECOM : qseecom_receive_req: Interrupted: exiting Listener Service = 12288
11-02 20:21:50.731863     0     0 I init    : Command 'write /sys/devices/system/cpu/cpu3/online 0' action=ro.enable_core_ctl=true && sys.cw_corectl_mode=idle (/vendor/etc/init/hw/init.qcom.rc:952) took 82ms and succeeded
11-02 20:21:50.733021     0     0 I         : done.
11-02 20:21:50.734083     0     0 I PM      : suspend exit 2021-11-02 19:21:50.734083498 UTC
11-02 20:21:50.941212     0     0 I PM      : suspend entry 2021-11-02 19:21:50.941212404 UTC
--------- switch to system
11-02 20:23:04.907670  1686  1686 I PowerManagerService: Waking up from dozing (uid=1000 reason=tiltToWake)...
11-02 20:23:04.927307  1686  1686 W UsageStatsService: Event reported without a package name
--------- switch to kernel
11-02 20:21:50.941234     0     0 I PM      : Syncing filesystems ... done.
11-02 20:21:50.978829     0     0 I         : Freezing user space processes ... (elapsed 0.011 seconds) done.
11-02 20:21:50.990463     0     0 I         : Freezing remaining freezable tasks ... (elapsed 0.006 seconds) done.
11-02 20:21:50.996796     0     0 I         : Suspending console(s) (use no_console_suspend to debug)
11-02 20:21:51.011743     0     0 I mdss_dsi_panel_set_idle_mode: Idle (1->1)
11-02 20:21:51.048636     0     0 I bgcom   : bgcom_pm_suspend: suspended with : 0
11-02 20:21:51.079018     0     0 I PM      : suspend of devices complete after 78.406 msecs
11-02 20:21:51.085281     0     0 I PM      : late suspend of devices complete after 6.219 msecs
11-02 20:21:51.091319     0     0 I PM      : noirq suspend of devices complete after 6.002 msecs
11-02 20:21:51.091336     0     0 I         : Disabling non-boot CPUs ...
11-02 20:21:51.105753     0     0 I CPU1    : shutdown
11-02 20:21:51.108139     0     0 I suspend ns: 1169497525648	suspend cycles:     238050097560
11-02 20:21:51.108115     0     0 I CPU0    : msm_cpu_pm_enter_sleep mode:3 during suspend
11-02 20:21:51.108115     0     0 I         : Suspended for 73.679 seconds
11-02 20:21:51.108115     0     0 I resume cycles: 239464749780
11-02 20:21:51.108802     0     0 I         : Enabling non-boot CPUs ...
11-02 20:21:51.109663     0     0 I CPU1    : update cpu_capacity 1024
11-02 20:21:51.111394     0     0 I         : CPU1 is up
11-02 20:21:51.112219     0     0 I CPU1    : update max cpu_capacity 748
11-02 20:21:51.115451     0     0 I PM      : noirq resume of devices complete after 3.694 msecs
11-02 20:21:51.121298     0     0 I PM      : early resume of devices complete after 4.326 msecs
11-02 20:21:51.154561     0     0 I bgcom   : bgcom_pm_resume: Bgcom resumed with : 0
11-02 20:21:51.165018     0     0 I mdss_dsi_panel_set_idle_mode: Idle (1->1)
11-02 20:21:51.207537     0     0 I PM      : resume of devices complete after 86.193 msecs
11-02 20:21:51.212466     0     0 I         : Restarting tasks ...
11-02 20:21:51.215147     0     0 W QSEECOM : qseecom_receive_req: Interrupted: exiting Listener Service = 8192
11-02 20:21:51.215248     0     0 W QSEECOM : qseecom_receive_req: Interrupted: exiting Listener Service = 28672
11-02 20:21:51.222647     0     0 W QSEECOM : qseecom_receive_req: Interrupted: exiting Listener Service = 12288
11-02 20:21:51.222749     0     0 W QSEECOM : qseecom_receive_req: Interrupted: exiting Listener Service = 11
11-02 20:21:51.222799     0     0 W QSEECOM : qseecom_receive_req: Interrupted: exiting Listener Service = 10
11-02 20:21:51.242808     0     0 I         : done.
11-02 20:23:04.923646     0     0 I PM      : suspend exit 2021-11-02 19:23:04.923646698 UTC
11-02 20:23:04.944691     0     0 E FG      : fg_psy_get_property: unsupported property 7
11-02 20:23:04.908428     0     0 W healthd : battery l=64 v=3999 t=33.0 h=2 st=3 c=4 fc=443000 cc=0 chg=
--------- switch to main
11-02 20:23:04.974177   512  1749 I sensors-hal: batch:140, android.sensor.light/46, period=100000000, max_latency=0
11-02 20:23:04.974279   512  1749 I sensors-hal: batch:149, android.sensor.light/46, period=100000000, max_latency=0 request completed
11-02 20:23:04.979754   512  1749 I sensors-hal: activate:107, android.sensor.light/46 en=1
11-02 20:23:04.980441   512  1749 I sensors-hal: ssc_enable_rt_task:254, ssc_enable_rt_task : true
11-02 20:23:04.987415   512  1749 I sensors-hal: activate:118, android.sensor.light/46 en=1 completed
--------- switch to system
11-02 20:23:04.990989  1686  1710 I DisplayManagerService: Display device changed state: "Écran intégré", ON
--------- switch to main
11-02 20:23:04.997136   512  1749 I sensors-hal: batch:140, android.sensor.accelerometer/48, period=66667000, max_latency=100000000
11-02 20:23:04.997222   512  1749 I sensors-hal: batch:149, android.sensor.accelerometer/48, period=66667000, max_latency=100000000 request completed
11-02 20:23:04.990312  1686  1823 I SidekickService: endDisplayLocked()
11-02 20:23:05.000254   416  2389 D SKGHAL  : sendAmbientEvent: enter: enable = 0
11-02 20:23:05.000763   512  1749 I sensors-hal: activate:107, android.sensor.accelerometer/48 en=1
11-02 20:23:05.001167   512  1749 I sensors-hal: ssc_enable_rt_task:254, ssc_enable_rt_task : true
11-02 20:23:05.009785   512  1749 I sensors-hal: activate:118, android.sensor.accelerometer/48 en=1 completed
11-02 20:23:05.016907  1686  1759 I InputReader: Reconfiguring input devices.  changes=0x00000004
11-02 20:23:05.028059  2520  2520 D HOME    : [BatteryChange]action: android.intent.action.BATTERY_CHANGED
11-02 20:23:05.028870  2520  6572 D HOME    : [BatteryChange]HandleBatteryChangedTask
11-02 20:23:05.029421  2520  6572 D HOME    : [BatteryChange]level: 64, status: 3
--------- switch to kernel
11-02 20:23:04.983712     0     0 E bgrsb   : bgrsb_enable: rsb will set report rate
11-02 20:23:05.010868     0     0 E bgrsb   : bgrsb_enable: gpio 32 is valid
11-02 20:23:05.021435     0     0 I         : [touch]FB_BLANK_VSYNC_SUSPEND
11-02 20:23:05.021440     0     0 I         : [touch]Already in suspend state
11-02 20:23:05.033150     0     0 I mdss_dsi_panel_set_idle_mode: Idle (1->0)
11-02 20:23:05.034175     0     0 E mdp3_enable_panic_ctrl: mdp3_enable_panic_ctrl: Enable Panic Control
11-02 20:23:05.034250     0     0 I         : [touch]FB_BLANK_UNBLANK
11-02 20:23:05.034256     0     0 I         : [touch]raydium_ts_do_resume, 1.
11-02 20:23:05.034592     0     0 I         : [ raydium ]workqueue is empty!
11-02 20:23:05.034607     0     0 I raydium_ts 5-0039: [touch]Already enable irq
11-02 20:23:05.034610     0     0 I         : [touch]Device may wakeup
--------- switch to system
11-02 20:23:05.040022  1686  1702 W BroadcastQueue: Background execution not allowed: receiving Intent { act=android.intent.action.USER_PRESENT flg=0x10 } to com.google.android.gms/.auth.setup.devicesignals.LockScreenReceiver
--------- switch to main
11-02 20:23:05.043481  3205  3434 W WorkController: Loading failed for worker [trainingcache]: worker not found
--------- switch to system
11-02 20:23:05.044122  1686  1702 W BroadcastQueue: Background execution not allowed: receiving Intent { act=android.intent.action.USER_PRESENT flg=0x10 } to com.google.android.gms/.chimera.GmsIntentOperationService$PersistentTrustedReceiver
--------- switch to main
11-02 20:23:05.046123  3205  3294 W A       : TrainingCache cache DEVICE_UNLOCKED failure
11-02 20:23:05.046123  3205  3294 W A       : com.google.android.apps.gsa.search.core.service.h.a.a: No worker found for Worker ID [trainingcache].
11-02 20:23:05.046123  3205  3294 W A       : 	at com.google.android.apps.gsa.search.core.service.g.a.c.a(Unknown Source:5)
11-02 20:23:05.046123  3205  3294 W A       : 	at com.google.android.libraries.gsa.c.a.d.a(Unknown Source:3)
11-02 20:23:05.046123  3205  3294 W A       : 	at com.google.common.p.a.cg.c(Unknown Source:2)
11-02 20:23:05.046123  3205  3294 W A       : 	at com.google.common.p.a.bk.run(SourceFile:3)
11-02 20:23:05.046123  3205  3294 W A       : 	at com.google.common.p.a.ci.run(Unknown Source:4)
11-02 20:23:05.046123  3205  3294 W A       : 	at com.google.apps.tiktok.concurrent.ab.run(SourceFile:1)
11-02 20:23:05.046123  3205  3294 W A       : 	at java.util.concurrent.ThreadPoolExecutor.runWorker(ThreadPoolExecutor.java:1167)
11-02 20:23:05.046123  3205  3294 W A       : 	at java.util.concurrent.ThreadPoolExecutor$Worker.run(ThreadPoolExecutor.java:641)
11-02 20:23:05.046123  3205  3294 W A       : 	at com.google.apps.tiktok.concurrent.c.run(Unknown Source:4)
11-02 20:23:05.046123  3205  3294 W A       : 	at java.lang.Thread.run(Thread.java:764)
11-02 20:23:05.059839   504   523 I SDM     : DisplayBase::SetDisplayState: Set state = 3, display 0
11-02 20:23:05.060459   504   523 D SDM     : HWCDisplayPrimary::SetStandByMode: Display is connected successfully
11-02 20:23:05.060856   416  2389 D SKGHAL  : standBy_update_control call succeed on 0
11-02 20:23:05.060915   416  2389 D SKGHAL  : sendAmbientEvent: done: enable = 0
11-02 20:23:05.063533  1686  1823 D SidekickService:    ... endDisplay returns void
11-02 20:23:05.064180   545   545 D SurfaceFlinger: Set power mode=2, type=0 flinger=0xb6bb6000
11-02 20:23:05.064550   504   762 I SDM     : DisplayBase::SetDisplayState: Set state = 1, display 0
11-02 20:23:05.071044  1956  1956 D QtiCarrierConfigHelper: WARNING, no carrier configs on phone Id: 0
11-02 20:23:05.073892   545   545 D SurfaceFlinger: Finished set power mode=2, type=0
11-02 20:23:05.077313   512  7307 I sensors-hal: handle_indication_realtime:355,  SCHED_FIFO(10) for qmi_cbk
--------- switch to system
11-02 20:23:05.080309  1686  2583 W PowerManagerService: Screen on took 303 ms
11-02 20:23:05.080806  1686  1712 I DreamManagerService: Gently waking up from dream.
11-02 20:23:05.081180  1686  1708 I DreamManagerService: Performing gentle wake from dream.
11-02 20:23:05.083415  1686  1686 V DreamService[AmbientDream]: wakeUp(): fromSystem=true, mWaking=false, mFinished=false
11-02 20:23:05.083513  1686  1686 V DreamService[AmbientDream]: finish(): mFinished=false
11-02 20:23:05.083591  1686  1686 I DreamManagerService: Leaving dreamland.
11-02 20:23:05.098326  1686  1708 I DreamManagerService: Performing gentle wake from dream.
11-02 20:23:05.098551  1686  1708 I DreamController: Stopping dream: name=ComponentInfo{com.google.android.wearable.ambient/com.google.android.wearable.ambient.AmbientDream}, isTest=false, canDoze=true, userId=0
--------- switch to main
11-02 20:23:05.104494  1686  1799 E WifiStateMachine: getWifiLinkLayerStats called without an interface
--------- switch to system
11-02 20:23:05.117238  1686  1686 V DreamService[AmbientDream]: detach(): Calling onDreamingStopped()
--------- switch to main
11-02 20:23:05.117469  1686  1686 I AmbientService: [ce6a28c] doOnDreamingStopped
11-02 20:23:05.117565  1686  1686 D WristGestureCtrl: Starting: GesturesEnabled-false UngazeEnabled-true
11-02 20:23:05.117619  1686  1686 D DefaultUngazeDetector: starting
11-02 20:23:05.117677  1686  1686 D DefaultUngazeDetector: startUngazeStateEstimation(). startTime = 12464547
11-02 20:23:05.117847  1686  1686 W AlarmManagerProxy: Removing unknown listener
11-02 20:23:05.121378  1686  1686 I AmbientService: [ce6a28c] No auto-resume Activity.
11-02 20:23:05.121590   512  1749 I sensors-hal: batch:140, android.sensor.accelerometer/48, period=19231000, max_latency=100000000
--------- switch to system
11-02 20:23:05.123416  1686  1686 W ContextImpl: Calling a method in the system process without a qualified user: android.app.ContextImpl.sendBroadcast:1020 android.content.ContextWrapper.sendBroadcast:449 com.google.android.wearable.ambient.AmbientDream.onDestroy:273 android.app.ActivityThread.handleStopService:3698 android.app.ActivityThread.access$1700:200 
--------- switch to main
11-02 20:23:05.123877  1686  1686 E AlarmManager: cancel() called with a null PendingIntent
--------- switch to system
11-02 20:23:05.124259  1686  1686 V DreamService[AmbientDream]: onDestroy()
--------- switch to main
11-02 20:23:05.124748   512  7309 I sensors-hal: handle_indication_realtime:355,  SCHED_FIFO(10) for qmi_cbk
11-02 20:23:05.127210   512  1749 I sensors-hal: batch:149, android.sensor.accelerometer/48, period=19231000, max_latency=100000000 request completed
11-02 20:23:05.128073  2520  2520 D HOME    : [HomeVisitsLogger]Logging streamlet event: visit_start
11-02 20:23:05.128391  2520  2520 D HOME    : [HomeVisitsLogger]Logging streamlet event: exit_ambient_mode
11-02 20:23:05.128798  2520  2520 D HOME    : [HotwordController]updateClient MODE_WATCH_FACE false false false true
11-02 20:23:05.129888  2520  2520 D HOME    : [WatchFaceUiController]setInAmbientMode false
11-02 20:23:05.129984  2520  2520 D HOME    : [WatchFaceUiController]sendWatchFaceServiceBinder
11-02 20:23:05.130148   512  1749 I sensors-hal: flush:169, android.sensor.accelerometer/48
11-02 20:23:05.137479   512  1749 I sensors-hal: flush:175, android.sensor.accelerometer/48 completed
11-02 20:23:05.137719  2520  2520 D HOME    : [WatchFaceUiController]sendStateToWallpaper
11-02 20:23:05.139381  2520  2520 D HOME    : [WatchFaceUiController]Showing watch face wallpaper.
11-02 20:23:05.139577  2520  2520 D HOME    : [WatchFaceUiController]sendStateToWallpaper
11-02 20:23:05.158843  2520  2520 D HOME    : [StreamDBQueue]Promised revision #1470 to queue a new op
11-02 20:23:05.159191  2520  2520 D WatchStreamManager: Promised rank-blocked=true @ r#1470
11-02 20:23:05.159614  2520  2520 D HOME    : [StreamDBQueue]Promised revision #1471 to queue a new op
11-02 20:23:05.159748  2520  2520 D WatchStreamManager: Promised rank-blocked=true @ r#1471
11-02 20:23:05.159990  2520  7213 D HOME    : [WatchStreamDB]Item alerting conditions - isInterruptive: true, recentlyInterrupted: false, isItemPinned: true, isUnread: false
11-02 20:23:05.160260  2520  2520 D HOME    : [TilesController]Tile refresh optimization is enabled.
11-02 20:23:05.160334  2520  7213 D HOME    : [StreamAlertingRegulator]isTheaterModeEnabled: false, isAlertingAllowedByOffBody: true, matchesLocalInterruptionFilter: true
11-02 20:23:05.160535  2520  7213 D HOME    : [WatchStreamDB]couldItemAlert: false, isTopItemChanged: false, isDeferralForTopItem: false
11-02 20:23:05.161301  2520  7213 D HOME    : [WatchStreamDB]Item alerting conditions - isInterruptive: true, recentlyInterrupted: false, isItemPinned: true, isUnread: false
11-02 20:23:05.161291  2520  2520 D HOME    : [EventBus]Wrapper pool is full. Discarding excess wrapper instance for event com.google.android.clockwork.sysui.events.KeyguardStateEvent
11-02 20:23:05.161408  2520  2520 D HOME    : [WatchFaceUiController]sendStateToWallpaper
11-02 20:23:05.161598  2520  7213 D HOME    : [StreamAlertingRegulator]isTheaterModeEnabled: false, isAlertingAllowedByOffBody: true, matchesLocalInterruptionFilter: true
11-02 20:23:05.161790  2520  7213 D HOME    : [WatchStreamDB]couldItemAlert: false, isTopItemChanged: false, isDeferralForTopItem: false
11-02 20:23:05.162796  2520  7212 D HOME    : [DataRequester]cancelScheduledUpdates TileConfig{id=-1, provider=ComponentInfo{com.google.android.wearable.app/com.google.android.clockwork.home.jovi.tile.JoviTileProviderService}}
11-02 20:23:05.165425  2520  2520 D HOME    : [EventBus]Wrapper pool is full. Discarding excess wrapper instance for event com.google.android.clockwork.sysui.events.KeyguardStateEvent
11-02 20:23:05.165906  2520  2520 D HOME    : [EventBus]Wrapper pool is full. Discarding excess wrapper instance for event com.google.android.clockwork.sysui.events.KeyguardStateEvent
11-02 20:23:05.172548  2520  2520 D HOME    : [WatchFaceUiController]sendStateToWallpaper
11-02 20:23:05.181595  2520  2520 W StaticLayout: maxLineHeight should not be -1.  maxLines:1 lineCount:1
11-02 20:23:05.186965  1686  1686 W AlarmManager: Unrecognized alarm listener com.android.server.job.controllers.-$$Lambda$IdleController$IdlenessTracker$nTdS-lGBXcES5VWKcJFmQFgU7IU@1ab437a
11-02 20:23:05.223882  2520  4718 W OpenGLRenderer: Incorrectly called buildLayer on View: HardwareButtonHintOverlayView, destroying layer...
11-02 20:23:05.264185  2520  7212 D HOME    : [DataRequester]requestUpdateFromProvider TileConfig{id=-1, provider=ComponentInfo{com.google.android.wearable.app/com.google.android.clockwork.home.jovi.tile.JoviTileProviderService}}
11-02 20:23:05.277677  2520  2520 D HOME    : [WatchFaceUiController]sendWatchFaceServiceBinder
11-02 20:23:05.282091  2520  2520 D HOME    : [WatchFaceUiController]sendProperties
11-02 20:23:05.283569  2520  2520 D HOME    : [WatchFaceUiController]sendStateToWallpaper
11-02 20:23:05.296212  1686  1686 I WearPower: [WearTouchMediator] changing touch input to enabled (ON_AUTO)
11-02 20:23:05.297206  1686  1759 I InputReader: Reconfiguring input devices.  changes=0x00000200
11-02 20:23:05.316424  2520  2520 D HOME    : [JoviUpdater]background update started
11-02 20:23:05.319778  2520  2520 D HOME    : [LocationOracleImpl]Fetching last known location.
11-02 20:23:05.320151  2520  2520 D HOME    : [AccountOracleImpl]Fetching account of type: com.google
11-02 20:23:05.330363  2520  2520 W GmsAccountProvider: No accounts found.
11-02 20:23:05.330452  2520  2520 E HOME    : [OAuthOracleImpl]Account not found.
11-02 20:23:05.344910  2520  4738 E HOME    : [GetCardsRpc]One or more asynchronous tasks failed.
11-02 20:23:05.344910  2520  4738 E HOME    : android.accounts.AccountsException: Account not found.
11-02 20:23:05.344910  2520  4738 E HOME    : 	at djj.a(AW782433232:2)
11-02 20:23:05.344910  2520  4738 E HOME    : 	at dxa.d(AW782433232:6)
11-02 20:23:05.344910  2520  4738 E HOME    : 	at dwx.a(Unknown Source:3)
11-02 20:23:05.344910  2520  4738 E HOME    : 	at ltg.c(Unknown Source:2)
11-02 20:23:05.344910  2520  4738 E HOME    : 	at lsr.run(AW782433232:3)
11-02 20:23:05.344910  2520  4738 E HOME    : 	at lti.run(Unknown Source:4)
11-02 20:23:05.344910  2520  4738 E HOME    : 	at android.os.Handler.handleCallback(Handler.java:873)
11-02 20:23:05.344910  2520  4738 E HOME    : 	at android.os.Handler.dispatchMessage(Handler.java:99)
11-02 20:23:05.344910  2520  4738 E HOME    : 	at android.os.Looper.loop(Looper.java:193)
11-02 20:23:05.344910  2520  4738 E HOME    : 	at android.app.ActivityThread.main(ActivityThread.java:6680)
11-02 20:23:05.344910  2520  4738 E HOME    : 	at java.lang.reflect.Method.invoke(Native Method)
11-02 20:23:05.344910  2520  4738 E HOME    : 	at com.android.internal.os.RuntimeInit$MethodAndArgsCaller.run(RuntimeInit.java:493)
11-02 20:23:05.344910  2520  4738 E HOME    : 	at com.android.internal.os.ZygoteInit.main(ZygoteInit.java:858)
11-02 20:23:05.348961  2520  7212 D HOME    : [DataRequester]cancelScheduledUpdates TileConfig{id=2, provider=ComponentInfo{com.google.android.wearable.app/com.google.android.clockwork.home.calendar.AgendaTileProviderService}}
11-02 20:23:05.350702  2520  4738 W HOME    : [UpdateController]Data update failed
11-02 20:23:05.350702  2520  4738 W HOME    : djr: Some cache updates failed
11-02 20:23:05.350702  2520  4738 W HOME    : 	at dkh.b(Unknown Source:27)
11-02 20:23:05.350702  2520  4738 W HOME    : 	at mhz.bd(AW782433232:2)
11-02 20:23:05.350702  2520  4738 W HOME    : 	at lqz.f(Unknown Source:2)
11-02 20:23:05.350702  2520  4738 W HOME    : 	at lrb.run(AW782433232:9)
11-02 20:23:05.350702  2520  4738 W HOME    : 	at java.util.concurrent.ThreadPoolExecutor.runWorker(ThreadPoolExecutor.java:1167)
11-02 20:23:05.350702  2520  4738 W HOME    : 	at java.util.concurrent.ThreadPoolExecutor$Worker.run(ThreadPoolExecutor.java:641)
11-02 20:23:05.350702  2520  4738 W HOME    : 	at java.lang.Thread.run(Thread.java:764)
11-02 20:23:05.351537  2520  2520 D HOME    : [AccountOracleImpl]Fetching account of type: com.google
--------- switch to kernel
11-02 20:23:05.362595     0     0 I init    : processing action (ro.enable_core_ctl=true && sys.cw_corectl_mode=perf) from (/vendor/etc/init/hw/init.qcom.rc:954)
--------- switch to main
11-02 20:23:05.373033  2520  4738 D HOME    : [AccountOracleImpl]Fetching account of type: com.google
11-02 20:23:05.378971  2520  6932 D HOME    : [CwCal]CalendarEventsResolver:queryCalendarEventInstances:window=EventWindow{Tue Nov 02 00:00:00 GMT+01:00 2021,Wed Nov 03 23:59:59 GMT+01:00 2021}
11-02 20:23:05.383654  2520  2520 W GmsAccountProvider: No accounts found.
11-02 20:23:05.384260  2520  4738 W GmsAccountProvider: No accounts found.
11-02 20:23:05.384345  2520  4738 D HOME    : [LocPermissionChecker]No account present for location permissions.
11-02 20:23:05.403407  2520  2520 D HOME    : [SurfaceRenderer]maybeRender: hasWindowFocus = true, hasViewFocus = false, hasModelToRender = true, shouldRender = true
11-02 20:23:05.403672  2520  2520 D HOME    : [SurfaceRenderer]cardLifecycleParent: onStart
11-02 20:23:05.403877  2520  2520 D HOME    : [SurfaceRenderer]cardLifecycleParent: onResume
11-02 20:23:05.404875  2520  2520 D HOME    : [JoviUpdater]background update succeeded
11-02 20:23:05.424330  1686  1686 W AlarmManagerProxy: Removing unknown listener
11-02 20:23:05.427280  1686  1686 W DefaultSettingsContentR: Value for ambient_low_bit_enabled not stored as number. Attempting parse as boolean.
11-02 20:23:05.430318  2520  7212 D HOME    : [DataRequester]requestUpdateFromProvider TileConfig{id=2, provider=ComponentInfo{com.google.android.wearable.app/com.google.android.clockwork.home.calendar.AgendaTileProviderService}}
11-02 20:23:05.446826  3205  3434 W WorkController: Loading failed for worker [trainingcache]: worker not found
11-02 20:23:05.448265  3205  3372 W A       : TrainingCache cache SCREEN_ON failure
11-02 20:23:05.448265  3205  3372 W A       : com.google.android.apps.gsa.search.core.service.h.a.a: No worker found for Worker ID [trainingcache].
11-02 20:23:05.448265  3205  3372 W A       : 	at com.google.android.apps.gsa.search.core.service.g.a.c.a(Unknown Source:5)
11-02 20:23:05.448265  3205  3372 W A       : 	at com.google.android.libraries.gsa.c.a.d.a(Unknown Source:3)
11-02 20:23:05.448265  3205  3372 W A       : 	at com.google.common.p.a.cg.c(Unknown Source:2)
11-02 20:23:05.448265  3205  3372 W A       : 	at com.google.common.p.a.bk.run(SourceFile:3)
11-02 20:23:05.448265  3205  3372 W A       : 	at com.google.common.p.a.ci.run(Unknown Source:4)
11-02 20:23:05.448265  3205  3372 W A       : 	at com.google.apps.tiktok.concurrent.ab.run(SourceFile:1)
11-02 20:23:05.448265  3205  3372 W A       : 	at java.util.concurrent.ThreadPoolExecutor.runWorker(ThreadPoolExecutor.java:1167)
11-02 20:23:05.448265  3205  3372 W A       : 	at java.util.concurrent.ThreadPoolExecutor$Worker.run(ThreadPoolExecutor.java:641)
11-02 20:23:05.448265  3205  3372 W A       : 	at com.google.apps.tiktok.concurrent.c.run(Unknown Source:4)
11-02 20:23:05.448265  3205  3372 W A       : 	at java.lang.Thread.run(Thread.java:764)
11-02 20:23:05.465297  2520  2520 D HOME    : [StreamBackendInit]NotificationService onNotificationPosted StatusBarNotification(pkg=android user=UserHandle{0} id=0 tag=com.android.server.wm.AlertWindowNotification - com.google.android.wearable.app key=0|android|0|com.android.server.wm.AlertWindowNotification - com.google.android.wearable.app|1000: Notification(channel=com.android.server.wm.AlertWindowNotification - com.google.android.wearable.app pri=0 contentView=null vibrate=null sound=null defaults=0x0 flags=0x102 color=0xff607d8b vis=PRIVATE))
11-02 20:23:05.466786  2520  2716 D CollectorHandler: handleMessage, event: ON_NOTIFICATION_POSTED_WITH_RANKING
11-02 20:23:05.472837  2520  2716 D HOME    : [StreamDBQueue]Promised revision #1472 to queue a new op
11-02 20:23:05.473390  2520  2716 D HOME    : [WatchStreamManager]Promised set @ r#1472 for (android,tag=com.android.server.wm.AlertWindowNotification - com.google.android.wearable.app,id=0,notifKey=0|android|0|com.android.server.wm.AlertWindowNotification - com.google.android.wearable.app|1000)
11-02 20:23:05.474422  2520  6572 D StreamDatabase:   filtering notification, reason=HOME_OVER_OTHER_APPS_NOTIFICATION, itemId=StreamItemIdAndRevision{notifKey=0|android|0|com.android.server.wm.AlertWindowNotification - com.google.android.wearable.app|1000, packageName=android, tag=com.android.server.wm.AlertWindowNotification - com.google.android.wearable.app, id=0, revision=1472, originalRevision=1472, updateCount=0}
11-02 20:23:05.475175  2520  6572 D HOME    : [WatchStreamDB]Item alerting conditions - isInterruptive: true, recentlyInterrupted: false, isItemPinned: true, isUnread: false
11-02 20:23:05.482437  2520  7212 D HOME    : [DataRequester]cancelScheduledUpdates TileConfig{id=-1, provider=ComponentInfo{com.google.android.wearable.app/com.google.android.clockwork.home.jovi.tile.JoviTileProviderService}}
11-02 20:23:05.482880  2520  7212 D HOME    : [DataRequester]cancelScheduledUpdates could not find jobId for provider -1
11-02 20:23:05.483531  2520  7212 D HOME    : [DataRequester]updateFinished -1
11-02 20:23:05.483716  2520  7212 D HOME    : [ProviderConnMgr]Unbinding from service
11-02 20:23:05.487973  2520  6572 D HOME    : [StreamAlertingRegulator]isTheaterModeEnabled: false, isAlertingAllowedByOffBody: true, matchesLocalInterruptionFilter: true
11-02 20:23:05.488971  2520  6572 D HOME    : [WatchStreamDB]couldItemAlert: false, isTopItemChanged: false, isDeferralForTopItem: false
11-02 20:23:05.490279  2520  7212 D HOME    : [DataRequester]Scheduling job for TileConfig{id=-1, provider=ComponentInfo{com.google.android.wearable.app/com.google.android.clockwork.home.jovi.tile.JoviTileProviderService}} delay=14400 jobId=2000052
11-02 20:23:05.493450  2520  6572 D HOME    : [StreamAdapter]onStreamChange StreamChangeEvent[modified=1, removed=0, modifiedTop=0, removedTop=0, reorder=false, possibleAlertingItem=none]
11-02 20:23:05.493833  2520  6572 D HOME    : [StreamAdapter]onStreamChange StreamChangeEvent[modified=1, removed=0, modifiedTop=0, removedTop=0, reorder=false, possibleAlertingItem=none]
11-02 20:23:05.494940  2520  2520 D HOME    : [TopNotificationReceiver]Sending request to TopNotificationProviderService for complication update
11-02 20:23:05.495176  2520  6572 D HOME    : [NewStreamAdapter]Publishing revision #1472 to adapter clients
--------- switch to kernel
11-02 20:23:05.365420     0     0 I CPU2    : update cpu_capacity 1024
11-02 20:23:05.389218     0     0 I CPU3    : update cpu_capacity 1024
11-02 20:23:05.446402     0     0 I CPU3    : update max cpu_capacity 1024
--------- switch to main
11-02 20:23:05.497384  2520  2520 D HOME    : [AgendaController]loadEvents
11-02 20:23:05.498324  2520  2520 D HOME    : [StreamAdapter]setStreamItems, size 2
11-02 20:23:05.498714  2520  6286 D HOME    : [AgendaController]Fetching event data for window: EventWindow{Tue Nov 02 00:00:00 GMT+01:00 2021,Thu Nov 04 23:59:59 GMT+01:00 2021}
11-02 20:23:05.498940  2520  2520 D HOME    : [StreamAdapter]setStreamItems, size 1
11-02 20:23:05.499446  2520  6286 D HOME    : [CwCal]CalendarEventsResolver:queryCalendarEventInstances:window=EventWindow{Tue Nov 02 00:00:00 GMT+01:00 2021,Thu Nov 04 23:59:59 GMT+01:00 2021}
11-02 20:23:05.513827  2520  2520 D HOME    : [StreamDBQueue]Promised revision #1473 to queue a new op
11-02 20:23:05.514158  2520  2520 D WatchStreamManager: Promised rank-blocked=true @ r#1473
11-02 20:23:05.514817  2520  7303 D HOME    : [WatchStreamDB]Item alerting conditions - isInterruptive: true, recentlyInterrupted: false, isItemPinned: true, isUnread: false
11-02 20:23:05.515203  2520  7303 D HOME    : [StreamAlertingRegulator]isTheaterModeEnabled: false, isAlertingAllowedByOffBody: true, matchesLocalInterruptionFilter: true
11-02 20:23:05.515481  2520  7303 D HOME    : [WatchStreamDB]couldItemAlert: false, isTopItemChanged: false, isDeferralForTopItem: false
11-02 20:23:05.516556  2520  7212 D HOME    : [ComplicationController]scheduleImmediateUpdateForAllFromProvider ComponentInfo{com.google.android.wearable.app/com.google.android.clockwork.wcs.notification.complication.TopNotificationProviderService}
11-02 20:23:05.517451  2520  2714 D HOME    : [TickMonitor]Received time tick
11-02 20:23:05.517645  2520  2714 D HOME    : [TickMonitor]handleTimeTick() finished
11-02 20:23:05.527178  1686  1697 I GnssLocationProvider: WakeLock acquired by sendMessage(SET_REQUEST, 0, com.android.server.location.GnssLocationProvider$GpsRequest@e662bcc)
11-02 20:23:05.535054   501   501 I LocSvc_GnssInterface: ===> setPositionMode line 269 
11-02 20:23:05.536325   501   501 I LocSvc_GnssInterface: ===> start line 208 
11-02 20:23:05.536460   501   501 I LocSvc_APIClientBase: locAPIStartTracking:342] start new session: 26
11-02 20:23:05.536667   501  1894 I LocSvc_api_v02: ---> locClientSendReq line 2298 QMI_LOC_REG_EVENTS_REQ_V02
11-02 20:23:05.538627  1686  1701 I GnssLocationProvider: WakeLock released by handleMessage(SET_REQUEST, 0, com.android.server.location.GnssLocationProvider$GpsRequest@e662bcc)
11-02 20:23:05.538742   512  1749 I sensors-hal: activate:107, android.sensor.light/46 en=0
11-02 20:23:05.539272   501  1894 I LocSvc_api_v02: ---> locClientSendReq line 2298 QMI_LOC_SET_OPERATION_MODE_REQ_V02
11-02 20:23:05.539944   512  1749 I sensors-hal: activate:118, android.sensor.light/46 en=0 completed
11-02 20:23:05.541733   512  1749 I sensors-hal: batch:140, android.sensor.light/46, period=250000000, max_latency=0
11-02 20:23:05.541807   512  1749 I sensors-hal: batch:149, android.sensor.light/46, period=250000000, max_latency=0 request completed
11-02 20:23:05.542124   501  1904 I LocSvc_ApiV02: <--- globalRespCb line 178 QMI_LOC_SET_OPERATION_MODE_REQ_V02
11-02 20:23:05.542452   512  1749 I sensors-hal: activate:107, android.sensor.light/46 en=1
11-02 20:23:05.542527   501  1894 I LocSvc_api_v02: ---> locClientSendReq line 2298 QMI_LOC_START_REQ_V02
11-02 20:23:05.542782   512  1749 I sensors-hal: ssc_enable_rt_task:254, ssc_enable_rt_task : true
11-02 20:23:05.548712   512  1749 I sensors-hal: activate:118, android.sensor.light/46 en=1 completed
11-02 20:23:05.555900  2520  2520 D HOME    : [AgendaController]Obtained events in UI thread: []
11-02 20:23:05.556751  2520  2520 D HOME    : [EventDiarizer]Constructing with window EventWindow{Tue Nov 02 00:00:00 GMT+01:00 2021,Thu Nov 04 23:59:59 GMT+01:00 2021}
11-02 20:23:05.560888  2520  2520 D HOME    : [AgendaMetricsLogger]eventDataNotPresent
11-02 20:23:05.561218  2520  6572 D HOME    : [DataRequester]cancelScheduledUpdates TileConfig{id=2, provider=ComponentInfo{com.google.android.wearable.app/com.google.android.clockwork.home.calendar.AgendaTileProviderService}}
11-02 20:23:05.561537  2520  6572 D HOME    : [DataRequester]cancelScheduledUpdates could not find jobId for provider 2
11-02 20:23:05.561852  2520  6572 D HOME    : [DataRequester]updateFinished 2
11-02 20:23:05.562108  2520  6572 D HOME    : [ProviderConnMgr]Unbinding from service
11-02 20:23:05.564384  2520  6572 D HOME    : [DataRequester]Scheduling job for TileConfig{id=2, provider=ComponentInfo{com.google.android.wearable.app/com.google.android.clockwork.home.calendar.AgendaTileProviderService}} delay=14400 jobId=2000053
11-02 20:23:05.609057   512  7315 I sensors-hal: handle_indication_realtime:355,  SCHED_FIFO(10) for qmi_cbk
11-02 20:23:05.667851   501  1904 I LocSvc_ApiV02: <--- globalEventCb line 152 QMI_LOC_EVENT_POSITION_REPORT_IND_V02
11-02 20:23:06.405178  2520  2520 D HOME    : [SurfaceRenderer]cardLifecycleParent: onPause
11-02 20:23:06.405479  2520  2520 D HOME    : [SurfaceRenderer]cardLifecycleParent: onStop
