11-03 08:37:18.357801  1956  1956 D QtiCarrierConfigHelper: WARNING, no carrier configs on phone Id: 0
11-03 08:37:18.358403  2520  2520 D HOME    : [BatteryChange]action: android.intent.action.BATTERY_CHANGED
11-03 08:37:18.358952  2520 10295 D HOME    : [BatteryChange]HandleBatteryChangedTask
11-03 08:37:18.364884  1686  1799 E WifiStateMachine: getWifiLinkLayerStats called without an interface
11-03 08:37:18.365030  2520 10295 D HOME    : [BatteryChange]level: 24, status: 3
--------- switch to system
11-03 08:37:18.368680  1686  1702 W BroadcastQueue: Background execution not allowed: receiving Intent { act=android.intent.action.USER_PRESENT flg=0x10 } to com.google.android.gms/.auth.setup.devicesignals.LockScreenReceiver
11-03 08:37:18.369139  1686  1702 W BroadcastQueue: Background execution not allowed: receiving Intent { act=android.intent.action.USER_PRESENT flg=0x10 } to com.google.android.gms/.chimera.GmsIntentOperationService$PersistentTrustedReceiver
--------- switch to main
11-03 08:37:18.371455  3205  3434 W WorkController: Loading failed for worker [trainingcache]: worker not found
11-03 08:37:18.372326  3205  3294 W A       : TrainingCache cache DEVICE_UNLOCKED failure
11-03 08:37:18.372326  3205  3294 W A       : com.google.android.apps.gsa.search.core.service.h.a.a: No worker found for Worker ID [trainingcache].
11-03 08:37:18.372326  3205  3294 W A       : 	at com.google.android.apps.gsa.search.core.service.g.a.c.a(Unknown Source:5)
11-03 08:37:18.372326  3205  3294 W A       : 	at com.google.android.libraries.gsa.c.a.d.a(Unknown Source:3)
11-03 08:37:18.372326  3205  3294 W A       : 	at com.google.common.p.a.cg.c(Unknown Source:2)
11-03 08:37:18.372326  3205  3294 W A       : 	at com.google.common.p.a.bk.run(SourceFile:3)
11-03 08:37:18.372326  3205  3294 W A       : 	at com.google.common.p.a.ci.run(Unknown Source:4)
11-03 08:37:18.372326  3205  3294 W A       : 	at com.google.apps.tiktok.concurrent.ab.run(SourceFile:1)
11-03 08:37:18.372326  3205  3294 W A       : 	at java.util.concurrent.ThreadPoolExecutor.runWorker(ThreadPoolExecutor.java:1167)
11-03 08:37:18.372326  3205  3294 W A       : 	at java.util.concurrent.ThreadPoolExecutor$Worker.run(ThreadPoolExecutor.java:641)
11-03 08:37:18.372326  3205  3294 W A       : 	at com.google.apps.tiktok.concurrent.c.run(Unknown Source:4)
11-03 08:37:18.372326  3205  3294 W A       : 	at java.lang.Thread.run(Thread.java:764)
11-03 08:37:18.393821  1686  1686 I WearPower: [WearTouchMediator] changing touch input to enabled (ON_AUTO)
11-03 08:37:18.394665  1686  1759 I InputReader: Reconfiguring input devices.  changes=0x00000200
--------- switch to kernel
11-03 08:37:18.315390     0     0 I init    : processing action (ro.enable_core_ctl=true && sys.cw_corectl_mode=perf) from (/vendor/etc/init/hw/init.qcom.rc:954)
11-03 08:37:18.316511     0     0 I CPU2    : update cpu_capacity 1024
11-03 08:37:18.326641     0     0 E bgrsb   : bgrsb_enable: rsb will set report rate
11-03 08:37:18.326642     0     0 E bgrsb   : bgrsb_enable: gpio 32 is valid
--------- switch to main
11-03 08:37:18.423928  1686  1686 D WristGestureCtrl: Starting: GesturesEnabled-false UngazeEnabled-true
11-03 08:37:18.424041  1686  1686 D DefaultUngazeDetector: starting
11-03 08:37:18.424105  1686  1686 D DefaultUngazeDetector: startUngazeStateEstimation(). startTime = 56517854
11-03 08:37:18.424228  1686  1686 W AlarmManagerProxy: Removing unknown listener
11-03 08:37:18.424983   512  1749 I sensors-hal: batch:140, android.sensor.accelerometer/48, period=19231000, max_latency=100000000
11-03 08:37:18.425555  1686  1686 W DefaultSettingsContentR: Value for ambient_low_bit_enabled not stored as number. Attempting parse as boolean.
11-03 08:37:18.426510   512  1749 I sensors-hal: batch:149, android.sensor.accelerometer/48, period=19231000, max_latency=100000000 request completed
11-03 08:37:18.426850   512  1749 I sensors-hal: flush:169, android.sensor.accelerometer/48
11-03 08:37:18.427618   512  1749 I sensors-hal: flush:175, android.sensor.accelerometer/48 completed
11-03 08:37:18.436237  3205  3434 W WorkController: Loading failed for worker [trainingcache]: worker not found
11-03 08:37:18.437527  3205  3372 W A       : TrainingCache cache SCREEN_ON failure
11-03 08:37:18.437527  3205  3372 W A       : com.google.android.apps.gsa.search.core.service.h.a.a: No worker found for Worker ID [trainingcache].
11-03 08:37:18.437527  3205  3372 W A       : 	at com.google.android.apps.gsa.search.core.service.g.a.c.a(Unknown Source:5)
11-03 08:37:18.437527  3205  3372 W A       : 	at com.google.android.libraries.gsa.c.a.d.a(Unknown Source:3)
11-03 08:37:18.437527  3205  3372 W A       : 	at com.google.common.p.a.cg.c(Unknown Source:2)
11-03 08:37:18.437527  3205  3372 W A       : 	at com.google.common.p.a.bk.run(SourceFile:3)
11-03 08:37:18.437527  3205  3372 W A       : 	at com.google.common.p.a.ci.run(Unknown Source:4)
11-03 08:37:18.437527  3205  3372 W A       : 	at com.google.apps.tiktok.concurrent.ab.run(SourceFile:1)
11-03 08:37:18.437527  3205  3372 W A       : 	at java.util.concurrent.ThreadPoolExecutor.runWorker(ThreadPoolExecutor.java:1167)
11-03 08:37:18.437527  3205  3372 W A       : 	at java.util.concurrent.ThreadPoolExecutor$Worker.run(ThreadPoolExecutor.java:641)
11-03 08:37:18.437527  3205  3372 W A       : 	at com.google.apps.tiktok.concurrent.c.run(Unknown Source:4)
11-03 08:37:18.437527  3205  3372 W A       : 	at java.lang.Thread.run(Thread.java:764)
11-03 08:37:18.453390  2520  2520 D HOME    : [StreamDBQueue]Promised revision #3225 to queue a new op
11-03 08:37:18.453714  2520  2520 D WatchStreamManager: Promised rank-blocked=true @ r#3225
11-03 08:37:18.455716  2520 10295 D HOME    : [WatchStreamDB]Item alerting conditions - isInterruptive: false, recentlyInterrupted: false, isItemPinned: false, isUnread: false
11-03 08:37:18.456070  2520 10295 D HOME    : [StreamAlertingRegulator]isTheaterModeEnabled: false, isAlertingAllowedByOffBody: true, matchesLocalInterruptionFilter: true
11-03 08:37:18.456326  2520 10295 D HOME    : [WatchStreamDB]couldItemAlert: false, isTopItemChanged: false, isDeferralForTopItem: false
11-03 08:37:18.457013  2520  2714 D HOME    : [TickMonitor]Received time tick
11-03 08:37:18.457226  2520  2714 D HOME    : [TickMonitor]handleTimeTick() finished
--------- switch to kernel
11-03 08:37:18.342095     0     0 I CPU3    : update cpu_capacity 1024
11-03 08:37:18.347568     0     0 I CPU0    : update max cpu_capacity 748
11-03 08:37:18.348324     0     0 I CPU2    : update max cpu_capacity 1024
--------- switch to main
11-03 08:37:18.489779   504   523 I SDM     : DisplayBase::SetDisplayState: Set state = 3, display 0
11-03 08:37:18.489942   504   523 D SDM     : HWCDisplayPrimary::SetStandByMode: Display is connected successfully
11-03 08:37:18.490467   416   416 D SKGHAL  : standBy_update_control call succeed on 0
11-03 08:37:18.490546   416   416 D SKGHAL  : sendAmbientEvent: done: enable = 0
11-03 08:37:18.491034  1686  1823 D SidekickService:    ... endDisplay returns void
11-03 08:37:18.491664   545   545 D SurfaceFlinger: Set power mode=2, type=0 flinger=0xb6bb6000
11-03 08:37:18.491997   504   764 I SDM     : DisplayBase::SetDisplayState: Set state = 1, display 0
--------- switch to kernel
11-03 08:37:18.388175     0     0 I CPU1    : update max cpu_capacity 748
11-03 08:37:18.398270     0     0 I CPU2    : update max cpu_capacity 1024
11-03 08:37:18.398272     0     0 I         : [touch]FB_BLANK_VSYNC_SUSPEND
11-03 08:37:18.398276     0     0 I         : [touch]Already in suspend state
11-03 08:37:18.407562     0     0 I mdss_dsi_panel_set_idle_mode: Idle (1->0)
--------- switch to main
11-03 08:37:18.501726   545   545 D SurfaceFlinger: Finished set power mode=2, type=0
--------- switch to system
11-03 08:37:18.504112  1686  1712 W PowerManagerService: Screen on took 348 ms
11-03 08:37:18.504418  1686  1712 I DreamManagerService: Gently waking up from dream.
11-03 08:37:18.504761  1686  1708 I DreamManagerService: Performing gentle wake from dream.
11-03 08:37:18.505160  1686  1686 V DreamService[AmbientDream]: wakeUp(): fromSystem=true, mWaking=false, mFinished=false
--------- switch to kernel
11-03 08:37:18.408679     0     0 E mdp3_enable_panic_ctrl: mdp3_enable_panic_ctrl: Enable Panic Control
11-03 08:37:18.408749     0     0 I         : [touch]FB_BLANK_UNBLANK
--------- switch to system
11-03 08:37:18.505256  1686  1686 V DreamService[AmbientDream]: finish(): mFinished=false
11-03 08:37:18.505337  1686  1686 I DreamManagerService: Leaving dreamland.
11-03 08:37:18.505812  1686  1708 I DreamManagerService: Performing gentle wake from dream.
11-03 08:37:18.505942  1686  1708 I DreamController: Stopping dream: name=ComponentInfo{com.google.android.wearable.ambient/com.google.android.wearable.ambient.AmbientDream}, isTest=false, canDoze=true, userId=0
11-03 08:37:18.507885  1686  1686 V DreamService[AmbientDream]: detach(): Calling onDreamingStopped()
--------- switch to main
11-03 08:37:18.508001  1686  1686 I AmbientService: [ce6a28c] doOnDreamingStopped
11-03 08:37:18.508065  1686  1686 W AlarmManagerProxy: Removing unknown listener
11-03 08:37:18.513226  1686  1686 I AmbientService: [ce6a28c] No auto-resume Activity.
11-03 08:37:18.513794  2520  2520 D HOME    : [HomeVisitsLogger]Logging streamlet event: visit_start
11-03 08:37:18.514136  2520  2520 D HOME    : [HomeVisitsLogger]Logging streamlet event: exit_ambient_mode
11-03 08:37:18.514513  1686  1686 W AlarmManager: Unrecognized alarm listener com.android.server.job.controllers.-$$Lambda$IdleController$IdlenessTracker$nTdS-lGBXcES5VWKcJFmQFgU7IU@1ab437a
11-03 08:37:18.514592  2520  2520 D HOME    : [HotwordController]updateClient MODE_WATCH_FACE false false false true
--------- switch to kernel
11-03 08:37:18.408754     0     0 I         : [touch]raydium_ts_do_resume, 1.
11-03 08:37:18.409058     0     0 I         : [ raydium ]workqueue is empty!
11-03 08:37:18.409076     0     0 I raydium_ts 5-0039: [touch]Already enable irq
11-03 08:37:18.409079     0     0 I         : [touch]Device may wakeup
--------- switch to main
11-03 08:37:18.515525  2520  2520 D HOME    : [WatchFaceUiController]setInAmbientMode false
--------- switch to system
11-03 08:37:18.515577  1686  1686 W ContextImpl: Calling a method in the system process without a qualified user: android.app.ContextImpl.sendBroadcast:1020 android.content.ContextWrapper.sendBroadcast:449 com.google.android.wearable.ambient.AmbientDream.onDestroy:273 android.app.ActivityThread.handleStopService:3698 android.app.ActivityThread.access$1700:200 
--------- switch to main
11-03 08:37:18.515647  2520  2520 D HOME    : [WatchFaceUiController]sendWatchFaceServiceBinder
11-03 08:37:18.516226  1686  1686 E AlarmManager: cancel() called with a null PendingIntent
--------- switch to system
11-03 08:37:18.516541  1686  1686 V DreamService[AmbientDream]: onDestroy()
--------- switch to main
11-03 08:37:18.521425  2520  2520 D HOME    : [WatchFaceUiController]sendStateToWallpaper
11-03 08:37:18.524969  2520  2520 D HOME    : [WatchFaceUiController]Showing watch face wallpaper.
11-03 08:37:18.525193  2520  2520 D HOME    : [WatchFaceUiController]sendStateToWallpaper
11-03 08:37:18.528604  2520  2520 D HOME    : [StreamDBQueue]Promised revision #3226 to queue a new op
11-03 08:37:18.528903  2520  2520 D WatchStreamManager: Promised rank-blocked=true @ r#3226
11-03 08:37:18.529514  2520  2520 D HOME    : [StreamDBQueue]Promised revision #3227 to queue a new op
11-03 08:37:18.529730  2520  2520 D WatchStreamManager: Promised rank-blocked=true @ r#3227
11-03 08:37:18.530407  2520  2520 D HOME    : [TilesController]Tile refresh optimization is enabled.
11-03 08:37:18.530899  2520 10693 D HOME    : [WatchStreamDB]Item alerting conditions - isInterruptive: false, recentlyInterrupted: false, isItemPinned: false, isUnread: false
11-03 08:37:18.531263  2520 10693 D HOME    : [StreamAlertingRegulator]isTheaterModeEnabled: false, isAlertingAllowedByOffBody: true, matchesLocalInterruptionFilter: true
11-03 08:37:18.531275  2520  2520 D HOME    : [EventBus]Wrapper pool is full. Discarding excess wrapper instance for event com.google.android.clockwork.sysui.events.KeyguardStateEvent
11-03 08:37:18.531366  2520  2520 D HOME    : [WatchFaceUiController]sendStateToWallpaper
11-03 08:37:18.531525  2520 10693 D HOME    : [WatchStreamDB]couldItemAlert: false, isTopItemChanged: false, isDeferralForTopItem: false
11-03 08:37:18.532513  2520 10693 D HOME    : [WatchStreamDB]Item alerting conditions - isInterruptive: false, recentlyInterrupted: false, isItemPinned: false, isUnread: false
11-03 08:37:18.533598  2520  2520 D HOME    : [EventBus]Wrapper pool is full. Discarding excess wrapper instance for event com.google.android.clockwork.sysui.events.KeyguardStateEvent
11-03 08:37:18.533848  2520 10603 D HOME    : [DataRequester]cancelScheduledUpdates TileConfig{id=-1, provider=ComponentInfo{com.google.android.wearable.app/com.google.android.clockwork.home.jovi.tile.JoviTileProviderService}}
11-03 08:37:18.533891  2520  2520 D HOME    : [EventBus]Wrapper pool is full. Discarding excess wrapper instance for event com.google.android.clockwork.sysui.events.KeyguardStateEvent
11-03 08:37:18.539625  2520 10693 D HOME    : [StreamAlertingRegulator]isTheaterModeEnabled: false, isAlertingAllowedByOffBody: true, matchesLocalInterruptionFilter: true
11-03 08:37:18.539857  2520  2520 D HOME    : [WatchFaceUiController]sendStateToWallpaper
11-03 08:37:18.540087  2520 10693 D HOME    : [WatchStreamDB]couldItemAlert: false, isTopItemChanged: false, isDeferralForTopItem: false
11-03 08:37:18.541052  2520 10603 D HOME    : [DataRequester]requestUpdateFromProvider TileConfig{id=-1, provider=ComponentInfo{com.google.android.wearable.app/com.google.android.clockwork.home.jovi.tile.JoviTileProviderService}}
11-03 08:37:18.544670  2520  2520 W StaticLayout: maxLineHeight should not be -1.  maxLines:1 lineCount:1
11-03 08:37:18.565525  2520  2520 D HOME    : [JoviUpdater]background update started
11-03 08:37:18.567129  2520  2520 D HOME    : [LocationOracleImpl]Fetching last known location.
11-03 08:37:18.567646  2520  2520 D HOME    : [AccountOracleImpl]Fetching account of type: com.google
11-03 08:37:18.571081  2520 10295 D HOME    : [CwCal]CalendarEventsResolver:queryCalendarEventInstances:window=EventWindow{Wed Nov 03 00:00:00 GMT+01:00 2021,Thu Nov 04 23:59:59 GMT+01:00 2021}
11-03 08:37:18.585552  2520  4738 D HOME    : [AccountOracleImpl]Fetching account of type: com.google
11-03 08:37:18.587418  2520  2520 W GmsAccountProvider: No accounts found.
11-03 08:37:18.587557  2520  2520 E HOME    : [OAuthOracleImpl]Account not found.
11-03 08:37:18.599533  2520  4738 W GmsAccountProvider: No accounts found.
11-03 08:37:18.599703  2520  4738 D HOME    : [LocPermissionChecker]No account present for location permissions.
11-03 08:37:18.604188  2520  4738 E HOME    : [GetCardsRpc]One or more asynchronous tasks failed.
11-03 08:37:18.604188  2520  4738 E HOME    : android.accounts.AccountsException: Account not found.
11-03 08:37:18.604188  2520  4738 E HOME    : 	at djj.a(AW782433232:2)
11-03 08:37:18.604188  2520  4738 E HOME    : 	at dxa.d(AW782433232:6)
11-03 08:37:18.604188  2520  4738 E HOME    : 	at dwx.a(Unknown Source:3)
11-03 08:37:18.604188  2520  4738 E HOME    : 	at ltg.c(Unknown Source:2)
11-03 08:37:18.604188  2520  4738 E HOME    : 	at lsr.run(AW782433232:3)
11-03 08:37:18.604188  2520  4738 E HOME    : 	at lti.run(Unknown Source:4)
11-03 08:37:18.604188  2520  4738 E HOME    : 	at android.os.Handler.handleCallback(Handler.java:873)
11-03 08:37:18.604188  2520  4738 E HOME    : 	at android.os.Handler.dispatchMessage(Handler.java:99)
11-03 08:37:18.604188  2520  4738 E HOME    : 	at android.os.Looper.loop(Looper.java:193)
11-03 08:37:18.604188  2520  4738 E HOME    : 	at android.app.ActivityThread.main(ActivityThread.java:6680)
11-03 08:37:18.604188  2520  4738 E HOME    : 	at java.lang.reflect.Method.invoke(Native Method)
11-03 08:37:18.604188  2520  4738 E HOME    : 	at com.android.internal.os.RuntimeInit$MethodAndArgsCaller.run(RuntimeInit.java:493)
11-03 08:37:18.604188  2520  4738 E HOME    : 	at com.android.internal.os.ZygoteInit.main(ZygoteInit.java:858)
11-03 08:37:18.608929  2520  4738 W HOME    : [UpdateController]Data update failed
11-03 08:37:18.608929  2520  4738 W HOME    : djr: Some cache updates failed
11-03 08:37:18.608929  2520  4738 W HOME    : 	at dkh.b(Unknown Source:27)
11-03 08:37:18.608929  2520  4738 W HOME    : 	at mhz.bd(AW782433232:2)
11-03 08:37:18.608929  2520  4738 W HOME    : 	at lqz.f(Unknown Source:2)
11-03 08:37:18.608929  2520  4738 W HOME    : 	at lrb.run(AW782433232:9)
11-03 08:37:18.608929  2520  4738 W HOME    : 	at java.util.concurrent.ThreadPoolExecutor.runWorker(ThreadPoolExecutor.java:1167)
11-03 08:37:18.608929  2520  4738 W HOME    : 	at java.util.concurrent.ThreadPoolExecutor$Worker.run(ThreadPoolExecutor.java:641)
11-03 08:37:18.608929  2520  4738 W HOME    : 	at java.lang.Thread.run(Thread.java:764)
11-03 08:37:18.609827  2520  2520 D HOME    : [AccountOracleImpl]Fetching account of type: com.google
11-03 08:37:18.621078  2520  2520 W GmsAccountProvider: No accounts found.
11-03 08:37:18.623619   512 10841 I sensors-hal: handle_indication_realtime:355,  SCHED_FIFO(10) for qmi_cbk
11-03 08:37:18.628831  2520  2520 D HOME    : [SurfaceRenderer]maybeRender: hasWindowFocus = false, hasViewFocus = false, hasModelToRender = true, shouldRender = false
11-03 08:37:18.629400  2520  2520 D HOME    : [JoviUpdater]background update succeeded
11-03 08:37:18.631867  2520 10603 D HOME    : [DataRequester]cancelScheduledUpdates TileConfig{id=-1, provider=ComponentInfo{com.google.android.wearable.app/com.google.android.clockwork.home.jovi.tile.JoviTileProviderService}}
11-03 08:37:18.632158  2520 10603 D HOME    : [DataRequester]cancelScheduledUpdates could not find jobId for provider -1
11-03 08:37:18.632372  2520 10603 D HOME    : [DataRequester]updateFinished -1
11-03 08:37:18.632462  2520 10603 D HOME    : [ProviderConnMgr]Unbinding from service
11-03 08:37:18.635305  2520 10603 D HOME    : [DataRequester]Scheduling job for TileConfig{id=-1, provider=ComponentInfo{com.google.android.wearable.app/com.google.android.clockwork.home.jovi.tile.JoviTileProviderService}} delay=14400 jobId=2000128
11-03 08:37:18.641226  1686  4693 I GnssLocationProvider: WakeLock acquired by sendMessage(SET_REQUEST, 0, com.android.server.location.GnssLocationProvider$GpsRequest@de8322c)
11-03 08:37:18.643638   501   501 I LocSvc_GnssInterface: ===> setPositionMode line 269 
11-03 08:37:18.644633   501   501 I LocSvc_GnssInterface: ===> start line 208 
11-03 08:37:18.645222   501  1894 I LocSvc_api_v02: ---> locClientSendReq line 2298 QMI_LOC_REG_EVENTS_REQ_V02
11-03 08:37:18.645771   501   501 I LocSvc_APIClientBase: locAPIStartTracking:342] start new session: 53
11-03 08:37:18.648978  1686  1701 I GnssLocationProvider: WakeLock released by handleMessage(SET_REQUEST, 0, com.android.server.location.GnssLocationProvider$GpsRequest@de8322c)
11-03 08:37:18.650451   501  1894 I LocSvc_api_v02: ---> locClientSendReq line 2298 QMI_LOC_SET_OPERATION_MODE_REQ_V02
11-03 08:37:18.651596   501  1904 I LocSvc_ApiV02: <--- globalRespCb line 178 QMI_LOC_SET_OPERATION_MODE_REQ_V02
11-03 08:37:18.651712   501  1894 I LocSvc_api_v02: ---> locClientSendReq line 2298 QMI_LOC_START_REQ_V02
11-03 08:37:18.740184   512 10843 I sensors-hal: handle_indication_realtime:355,  SCHED_FIFO(10) for qmi_cbk
11-03 08:37:19.090410   512  1749 I sensors-hal: activate:107, android.sensor.light/46 en=0
11-03 08:37:19.091853   512  1749 I sensors-hal: activate:118, android.sensor.light/46 en=0 completed
11-03 08:37:19.094222   512  1749 I sensors-hal: batch:140, android.sensor.light/46, period=250000000, max_latency=0
11-03 08:37:19.094426   512  1749 I sensors-hal: batch:149, android.sensor.light/46, period=250000000, max_latency=0 request completed
11-03 08:37:19.095098   512  1749 I sensors-hal: activate:107, android.sensor.light/46 en=1
11-03 08:37:19.095484   512  1749 I sensors-hal: ssc_enable_rt_task:254, ssc_enable_rt_task : true
11-03 08:37:19.099000   512  1749 I sensors-hal: activate:118, android.sensor.light/46 en=1 completed
--------- switch to system
11-03 08:37:19.104035  1686  1686 V SettingsProvider: Notifying for 0: content://settings/system/screen_brightness
--------- switch to main
11-03 08:37:19.105535  1686  1686 I SidekickService: loadBrightnessLocked()
11-03 08:37:19.106274  1686  1686 D SidekickService: screenBrightness  = 59
11-03 08:37:19.107041  1686  1686 D SidekickService: sendConfigValuesLocked(): alsThresholds = [40, 92, 95, 100, 125, 150, 175, 200, 225, 250, 300, 400, 500, 800, 1200], brightnessValuesBright = [50, 56, 60, 70, 80, 90, 100, 115, 120, 140, 160, 180, 200, 220, 240, 255], brightnessValuesDim= [50, 56, 60, 70, 80, 90, 100, 115, 120, 140, 160, 180, 200, 220, 240, 255]
11-03 08:37:19.117255  1686  1686 D SidekickService: setAlsMode(): mode = 2, brightenAlpha = 80, dimmingAlpha = 80
11-03 08:37:19.130668  1686  1686 D SidekickService: setTwmConfig():: msTiltToBright = 10000, tiltToBright = false
11-03 08:37:19.175746   512 10852 I sensors-hal: handle_indication_realtime:355,  SCHED_FIFO(10) for qmi_cbk
11-03 08:37:19.507307   512  1749 I sensors-hal: batch:140, android.sensor.accelerometer/48, period=66667000, max_latency=100000000
11-03 08:37:19.508900   512  1749 I sensors-hal: batch:149, android.sensor.accelerometer/48, period=66667000, max_latency=100000000 request completed
11-03 08:37:19.509896  1686  1686 D DefaultUngazeDetector: Ungaze event occurred; emitting gesture event!
11-03 08:37:19.510077  1686  1686 D WristGestureCtrl: Gesture:GESTURE UNGAZE, timestamp(ms): 56517854, confidence: 0.0, latency(ms): 0, duration(ms): 1086
11-03 08:37:19.511570   512  1749 I sensors-hal: batch:140, android.sensor.accelerometer/48, period=19231000, max_latency=100000000
11-03 08:37:19.513523   512  1749 I sensors-hal: batch:149, android.sensor.accelerometer/48, period=19231000, max_latency=100000000 request completed
--------- switch to system
11-03 08:37:19.513976  1686  1686 I WindowManager: sleepRelease() calling goToSleep(GO_TO_SLEEP_REASON_SLEEP_BUTTON)
--------- switch to main
11-03 08:37:19.514113   512  1749 I sensors-hal: flush:169, android.sensor.accelerometer/48
--------- switch to system
11-03 08:37:19.514345  1686  1686 I PowerManagerService: Going to sleep due to sleep button (uid 1000)...
--------- switch to main
11-03 08:37:19.515578   512  1749 I sensors-hal: flush:175, android.sensor.accelerometer/48 completed
--------- switch to system
11-03 08:37:19.515914  1686  1712 I DreamManagerService: Entering dreamland.
11-03 08:37:19.517021  1686  1712 I PowerManagerService: Dozing...
11-03 08:37:19.517493  1686  1686 W UsageStatsService: Event reported without a package name
11-03 08:37:19.530220  1686  1708 I DreamController: Starting dream: name=ComponentInfo{com.google.android.wearable.ambient/com.google.android.wearable.ambient.AmbientDream}, isTest=false, canDoze=true, userId=0
11-03 08:37:19.547935  1686  1686 W ContextImpl: Calling a method in the system process without a qualified user: android.app.ContextImpl.bindService:1611 android.content.ContextWrapper.bindService:698 com.google.android.wearable.ambient.AmbientDream.onCreate:191 android.app.ActivityThread.handleCreateService:3533 android.app.ActivityThread.access$1300:200 
11-03 08:37:19.550630  1686  1686 W ContextImpl: Calling a method in the system process without a qualified user: android.app.ContextImpl.sendBroadcast:1005 android.content.ContextWrapper.sendBroadcast:444 com.google.android.wearable.ambient.AmbientDream.onCreate:241 android.app.ActivityThread.handleCreateService:3533 android.app.ActivityThread.access$1300:200 
11-03 08:37:19.551264  1686  1686 V DreamService[AmbientDream]: onBind() intent = Intent { act=android.service.dreams.DreamService flg=0x800000 cmp=com.google.android.wearable.ambient/.AmbientDream }
--------- switch to main
11-03 08:37:19.552608  1686  1686 I AmbientService: [ce6a28c] Ambient Created
--------- switch to system
11-03 08:37:19.553293  1686  1686 V DreamService[AmbientDream]: Calling onDreamingStarted()
--------- switch to main
11-03 08:37:19.553395  1686  1686 I AmbientService: [ce6a28c] doOnDreamingStarted
11-03 08:37:19.553796  1686  1686 D SidekickService: setShouldControlDisplay called: true
11-03 08:37:19.554641  1686  1686 I AmbientService: [ce6a28c] Selected running activity for ambient mode: AmbientActivity[component=ComponentInfo{com.google.android.wearable.app/com.google.android.clockwork.home2.activity.HomeActivity2}, callbacks=@210b385, running=true, ambientRequested=true, ambientEnabled=true, offloadEnabled=true]
11-03 08:37:19.555375  1686  1686 I AmbientService: [ce6a28c] Sidekick is ready to display, requesting doze.
11-03 08:37:19.555941  1686  1686 I AmbientService: [ce6a28c] No auto-resume Activity.
11-03 08:37:19.559596  2520  2520 D HOME    : [HomeVisitsLogger]Logging streamlet event: enter_ambient_mode
11-03 08:37:19.560220  2520 10603 D HOME    : [HomeVisitsLogger]Logging streamlet event: visit_end
11-03 08:37:19.560260  2520  2520 D HOME    : [HotwordController]updateClient MODE_WATCH_FACE false true false true
11-03 08:37:19.561328  2520  2520 D HOME    : [WatchFaceUiController]setInAmbientMode true
11-03 08:37:19.561689  1686  1686 W DefaultSettingsContentR: Value for ambient_low_bit_enabled not stored as number. Attempting parse as boolean.
11-03 08:37:19.563028  2520  2520 D HOME    : [StreamDBQueue]Promised revision #3228 to queue a new op
11-03 08:37:19.563359  2520  2520 D WatchStreamManager: Promised rank-blocked=false @ r#3228
11-03 08:37:19.563890  2520  2520 D HOME    : [StreamDBQueue]Promised revision #3229 to queue a new op
11-03 08:37:19.564001  2520 10693 D HOME    : [WatchStreamDB]Item alerting conditions - isInterruptive: false, recentlyInterrupted: false, isItemPinned: false, isUnread: false
11-03 08:37:19.564116  2520  2520 D WatchStreamManager: Promised rank-blocked=false @ r#3229
11-03 08:37:19.564311  2520 10693 D HOME    : [StreamAlertingRegulator]isTheaterModeEnabled: false, isAlertingAllowedByOffBody: true, matchesLocalInterruptionFilter: true
11-03 08:37:19.564558  2520 10693 D HOME    : [WatchStreamDB]couldItemAlert: false, isTopItemChanged: false, isDeferralForTopItem: false
11-03 08:37:19.564619  2520 10692 D HOME    : [StreamDBQueue]Promised revision #3230 to queue a new op
11-03 08:37:19.564735  2520 10692 D WatchStreamManager: Promised rerank @ r#3230
11-03 08:37:19.564811  2520  2520 D HOME    : [EventBus]Wrapper pool is full. Discarding excess wrapper instance for event com.google.android.clockwork.sysui.events.KeyguardStateEvent
11-03 08:37:19.564898  2520  2520 D HOME    : [WatchFaceUiController]sendStateToWallpaper
11-03 08:37:19.565530  2520 10693 D HOME    : [WatchStreamDB]Item alerting conditions - isInterruptive: false, recentlyInterrupted: false, isItemPinned: false, isUnread: false
11-03 08:37:19.565892  1686  1686 I AmbientService: [ce6a28c] Showing watch face in offload mode, canceling alarm.
11-03 08:37:19.565911  2520 10693 D HOME    : [StreamAlertingRegulator]isTheaterModeEnabled: false, isAlertingAllowedByOffBody: true, matchesLocalInterruptionFilter: true
11-03 08:37:19.565966  1686  1686 W AlarmManagerProxy: Removing unknown listener
11-03 08:37:19.566056  1686  1686 D WristGestureCtrl: Stopping detectors: GesturesEnabled-false gestureDetector-false ungazeEnabled-true ungaze-true
11-03 08:37:19.566096  1686  1686 D DefaultUngazeDetector: stopping
11-03 08:37:19.566763  2520  2520 D HOME    : [EventBus]Wrapper pool is full. Discarding excess wrapper instance for event com.google.android.clockwork.sysui.events.KeyguardStateEvent
11-03 08:37:19.567279   512  1749 I sensors-hal: batch:140, android.sensor.accelerometer/48, period=66667000, max_latency=100000000
11-03 08:37:19.567268  2520  2520 D HOME    : [EventBus]Wrapper pool is full. Discarding excess wrapper instance for event com.google.android.clockwork.sysui.events.KeyguardStateEvent
11-03 08:37:19.567375  2520 10603 I SidekickManager: replaceWatchFaceComponentsImpl(): watchFace = com.google.android.clockwork.decomposablewatchface.WatchFaceDecomposition@73d6e91
11-03 08:37:19.568268  1686  5849 D SidekickService: sendWatchFaceComponents called: watchFace = com.google.android.clockwork.decomposablewatchface.WatchFaceDecomposition@65892e1shouldReplace = false
11-03 08:37:19.569207  1686  5849 D SidekickService: Check decomposition for calling app com.google.android.wearable.app with uid 10049
11-03 08:37:19.569655  1686  5849 D SidekickService: sendWatchFaceLocked(): shouldReplace = false, mSidekickIsControlling = false, 1 images, 0 fonts, 0 numbers, 0 proportionalFonts, 0 strings
11-03 08:37:19.569854  1686  5849 D SidekickService: ISidekickGraphics#beginResources()...
11-03 08:37:19.571851   512  1749 I sensors-hal: batch:149, android.sensor.accelerometer/48, period=66667000, max_latency=100000000 request completed
11-03 08:37:19.572156  1686  5849 D SidekickServiceUtils: bitmapFromDrawable: Returning bitmap directly
11-03 08:37:19.572585  2520 10693 D HOME    : [WatchStreamDB]couldItemAlert: false, isTopItemChanged: false, isDeferralForTopItem: false
11-03 08:37:19.573221  2520 10693 D HOME    : [WatchStreamDB]updateRanking()
11-03 08:37:19.573610  1686  5849 D SidekickService: sendBitmapsLocked(): bounds = RectF(0.0, 0.0, 0.0024038462, 0.0024038462), drawableInfo = {.id = 100000, .width = 1, .height = 1, .display = true, .offsetX = 0.0, .offsetY = 0.0, .rotationInfo = {.hasRotation = false, .pivotX = 0.0, .pivotY = 0.0, .degreesPerDay = 0.0, .degreesPerStep = 0.0, .zeroDegreesTime = {.daysSinceLocalEpoch = 0, .msSinceMidnight = 0}}, .transformInfo = {.transformed = false, .flipX = false, .flipY = false, .flip45 = false, .scaleX = 0.0, .scaleY = 0.0}, .type = GENERIC, .blink = {.blinking = false, .periodOnMs = 0.0, .periodOffMs = 0.0, .startTime = {.daysSinceLocalEpoch = 0, .msSinceMidnight = 0}}, .zOrder = 8, .displayInTwm = true}, image.size() = 84
11-03 08:37:19.573748  2520 10693 D HOME    : [WatchStreamDB]Item alerting conditions - isInterruptive: false, recentlyInterrupted: false, isItemPinned: false, isUnread: false
11-03 08:37:19.574040  2520 10693 D HOME    : [StreamAlertingRegulator]isTheaterModeEnabled: false, isAlertingAllowedByOffBody: true, matchesLocalInterruptionFilter: true
11-03 08:37:19.574292  2520 10693 D HOME    : [WatchStreamDB]couldItemAlert: false, isTopItemChanged: false, isDeferralForTopItem: false
11-03 08:37:19.574433   416   416 D SKGHAL  : saveResource: resId = 100000
11-03 08:37:19.574908  1686  5849 D SidekickService: sendBitmapsLocked(): status = 0, bytesUsed = 18
11-03 08:37:19.575113  1686  5849 D SidekickService: ISidekickGraphics#endResources()...
11-03 08:37:19.580235  2520 10693 D HOME    : [NewStreamAdapter]Publishing revision #3230 to adapter clients
11-03 08:37:19.582342  2520 10692 D HOME    : [StreamDBQueue]Promised revision #3231 to queue a new op
11-03 08:37:19.582678  2520 10692 D WatchStreamManager: Promised rerank @ r#3231
11-03 08:37:19.583178  2520 10540 D HOME    : [WatchStreamDB]updateRanking()
11-03 08:37:19.583284  2520  2520 W StaticLayout: maxLineHeight should not be -1.  maxLines:1 lineCount:1
11-03 08:37:19.584047  2520 10540 D HOME    : [WatchStreamDB]Item alerting conditions - isInterruptive: false, recentlyInterrupted: false, isItemPinned: false, isUnread: false
11-03 08:37:19.590860  2520 10540 D HOME    : [StreamAlertingRegulator]isTheaterModeEnabled: false, isAlertingAllowedByOffBody: true, matchesLocalInterruptionFilter: true
11-03 08:37:19.591298  2520 10540 D HOME    : [WatchStreamDB]couldItemAlert: false, isTopItemChanged: false, isDeferralForTopItem: false
11-03 08:37:19.592092  2520 10540 D HOME    : [NewStreamAdapter]Publishing revision #3231 to adapter clients
11-03 08:37:19.667795   501  1904 I LocSvc_ApiV02: <--- globalEventCb line 152 QMI_LOC_EVENT_POSITION_REPORT_IND_V02
11-03 08:37:19.726622  2520  2541 I id.wearable.ap: Background concurrent copying GC freed 71350(2MB) AllocSpace objects, 0(0B) LOS objects, 24% free, 7MB/10MB, paused 365us total 157.486ms
11-03 08:37:20.042124   416   416 D SKGHAL  : sendResources: metadata size = 2400, font size = 72
11-03 08:37:20.109420   416   416 D SKGHAL  : endResources: rc = 0
11-03 08:37:20.110273  1686  1686 W system_server: Long monitor contention with owner Binder:1686_18 (5849) at int com.google.android.clockwork.sidekick.SidekickService$BinderService.sendWatchFace(com.google.android.clockwork.decomposablewatchface.WatchFaceDecomposition, boolean)(SidekickService.java:1021) waiters=0 in boolean com.google.android.clockwork.sidekick.SidekickService$BinderService.readyToDisplay() for 539ms
11-03 08:37:20.111308  2520  2520 D HOME    : [SidekickManagerAsync]replaceWatchFaceComponents(): Callback#onResult(): 0
11-03 08:37:20.111674  2520  2520 D HOME    : [WatchFaceUiController]Complication updates sent, posting watch face hiding
11-03 08:37:20.111870  2520  2520 D HOME    : [WatchFaceUiController]Still in ambient watch face, hiding
--------- switch to system
11-03 08:37:20.111857  1686  1686 W Looper  : Slow dispatch took 542ms main h=android.os.Handler c=com.google.android.wearable.ambient.AmbientDream$Callbacks$1@b7d4806 m=0
--------- switch to main
11-03 08:37:20.111943  2520  2520 D HOME    : [WatchFaceUiController]Hiding watch face wallpaper.
--------- switch to kernel
11-03 08:37:20.034883     0     0 E FG      : fg_psy_get_property: unsupported property 7
11-03 08:37:20.036861     0     0 W healthd : battery l=24 v=3685 t=30.0 h=2 st=3 c=161 fc=443000 cc=0 chg=
--------- switch to main
11-03 08:37:20.133451   512   512 I sensors-hal: activate:107, android.sensor.light/46 en=0
11-03 08:37:20.135852  1956  1956 D QtiCarrierConfigHelper: WARNING, no carrier configs on phone Id: 0
11-03 08:37:20.136526   512   512 I sensors-hal: activate:118, android.sensor.light/46 en=0 completed
11-03 08:37:20.140348   545   545 D SurfaceFlinger: Set power mode=3, type=0 flinger=0xb6bb6000
--------- switch to system
11-03 08:37:20.140949  1686  1710 I DisplayManagerService: Display device changed state: "Écran intégré", DOZE_SUSPEND
--------- switch to main
11-03 08:37:20.141492   504   764 I SDM     : DisplayBase::SetDisplayState: Set state = 3, display 0
11-03 08:37:20.152338  2520  2520 D HOME    : [BatteryChange]action: android.intent.action.BATTERY_CHANGED
11-03 08:37:20.153291  2520 10603 D HOME    : [BatteryChange]HandleBatteryChangedTask
11-03 08:37:20.171035  2520 10603 D HOME    : [BatteryChange]level: 24, status: 3
11-03 08:37:20.175896  1686  1759 I InputReader: Reconfiguring input devices.  changes=0x00000004
11-03 08:37:20.182323   545   545 D SurfaceFlinger: Finished set power mode=3, type=0
11-03 08:37:20.183361  1686  1823 I SidekickService: beginDisplayLocked(): DOZE_SUSPEND
11-03 08:37:20.184071   416   416 D SKGHAL  : sendAmbientPrepare: enter:
--------- switch to kernel
11-03 08:37:20.057286     0     0 I mdss_dsi_panel_set_idle_mode: Idle (0->1)
11-03 08:37:20.088478     0     0 I         : [touch]FB_BLANK_VSYNC_SUSPEND
11-03 08:37:20.088486     0     0 I         : [touch]irq disable
11-03 08:37:20.088490     0     0 I         : [touch]workqueue is empty!
11-03 08:37:20.088494     0     0 I         : [touch]raydium_ts_do_suspend.
11-03 08:37:20.088505     0     0 I         : [touch]Device may wakeup
11-03 08:37:20.090447     0     0 I         : [touch]irq enable
--------- switch to main
11-03 08:37:20.317014   416   416 D SKGHAL  : sendAmbientEvent: enter: enable = 1
11-03 08:37:20.317923   504   523 I SDM     : DisplayBase::SetDisplayState: Set state = 4, display 0
11-03 08:37:20.317992   504   523 D SDM     : HWCDisplayPrimary::SetStandByMode: Null display is connected successfully
11-03 08:37:20.318151   416   416 D SKGHAL  : standBy_update_control call succeed on 1
11-03 08:37:20.327818   416   416 D SKGHAL  : sendAmbientEvent: done: enable = 1
11-03 08:37:20.328224  1686  1823 D SidekickService:    ... beginDisplay result: 0 for halPower: 1
11-03 08:37:20.331918   512   512 I sensors-hal: activate:107, android.sensor.accelerometer/48 en=0
11-03 08:37:20.333619   512   512 I sensors-hal: activate:118, android.sensor.accelerometer/48 en=0 completed
11-03 08:37:20.340269  1686  1799 E WifiStateMachine: getWifiLinkLayerStats called without an interface
11-03 08:37:20.358094  1686  1686 I WearPower: [WearTouchMediator] changing touch input to enabled (ON_AUTO)
11-03 08:37:20.359506  1686  1759 I InputReader: Reconfiguring input devices.  changes=0x00000200
11-03 08:37:20.368469  1686  1686 I AmbientService: [ce6a28c] Timeout alarm not required, auto-resume timeout handled by dream.
--------- switch to kernel
11-03 08:37:20.270717     0     0 I init    : processing action (ro.enable_core_ctl=true && sys.cw_corectl_mode=idle) from (/vendor/etc/init/hw/init.qcom.rc:949)
11-03 08:37:20.275312     0     0 E bgrsb   : bgrsb_enable: gpio 32 is valid
--------- switch to main
11-03 08:37:20.382693  3205  3434 W WorkController: Loading failed for worker [trainingcache]: worker not found
11-03 08:37:20.383933  3205  3294 W A       : TrainingCache cache SCREEN_OFF failure
11-03 08:37:20.383933  3205  3294 W A       : com.google.android.apps.gsa.search.core.service.h.a.a: No worker found for Worker ID [trainingcache].
11-03 08:37:20.383933  3205  3294 W A       : 	at com.google.android.apps.gsa.search.core.service.g.a.c.a(Unknown Source:5)
11-03 08:37:20.383933  3205  3294 W A       : 	at com.google.android.libraries.gsa.c.a.d.a(Unknown Source:3)
11-03 08:37:20.383933  3205  3294 W A       : 	at com.google.common.p.a.cg.c(Unknown Source:2)
11-03 08:37:20.383933  3205  3294 W A       : 	at com.google.common.p.a.bk.run(SourceFile:3)
11-03 08:37:20.383933  3205  3294 W A       : 	at com.google.common.p.a.ci.run(Unknown Source:4)
11-03 08:37:20.383933  3205  3294 W A       : 	at com.google.apps.tiktok.concurrent.ab.run(SourceFile:1)
11-03 08:37:20.383933  3205  3294 W A       : 	at java.util.concurrent.ThreadPoolExecutor.runWorker(ThreadPoolExecutor.java:1167)
11-03 08:37:20.383933  3205  3294 W A       : 	at java.util.concurrent.ThreadPoolExecutor$Worker.run(ThreadPoolExecutor.java:641)
11-03 08:37:20.383933  3205  3294 W A       : 	at com.google.apps.tiktok.concurrent.c.run(Unknown Source:4)
11-03 08:37:20.383933  3205  3294 W A       : 	at java.lang.Thread.run(Thread.java:764)
11-03 08:37:20.396638  2520  2520 D HOME    : [StreamDBQueue]Promised revision #3232 to queue a new op
11-03 08:37:20.397001  2520  2520 D WatchStreamManager: Promised rank-blocked=false @ r#3232
11-03 08:37:20.397337  2520  2520 D HOME    : [CompactHunStarter]detachWindow()
11-03 08:37:20.397845  2520 10449 D HOME    : [StreamDBQueue]Promised revision #3233 to queue a new op
11-03 08:37:20.397997  2520 10449 D WatchStreamManager: Promised rerank @ r#3233
11-03 08:37:20.398086  2520 10603 D HOME    : [WatchStreamDB]Item alerting conditions - isInterruptive: false, recentlyInterrupted: false, isItemPinned: false, isUnread: false
11-03 08:37:20.398461  2520 10603 D HOME    : [StreamAlertingRegulator]isTheaterModeEnabled: false, isAlertingAllowedByOffBody: true, matchesLocalInterruptionFilter: true
11-03 08:37:20.398913  2520 10603 D HOME    : [WatchStreamDB]couldItemAlert: false, isTopItemChanged: false, isDeferralForTopItem: false
11-03 08:37:20.399736  2520 10603 D HOME    : [WatchStreamDB]updateRanking()
11-03 08:37:20.400474  2520 10603 D HOME    : [WatchStreamDB]Item alerting conditions - isInterruptive: false, recentlyInterrupted: false, isItemPinned: false, isUnread: false
11-03 08:37:20.400895  2520 10603 D HOME    : [StreamAlertingRegulator]isTheaterModeEnabled: false, isAlertingAllowedByOffBody: true, matchesLocalInterruptionFilter: true
11-03 08:37:20.401193  2520 10603 D HOME    : [WatchStreamDB]couldItemAlert: false, isTopItemChanged: false, isDeferralForTopItem: false
11-03 08:37:20.401922  2520 10603 D HOME    : [NewStreamAdapter]Publishing revision #3233 to adapter clients
--------- switch to kernel
11-03 08:37:20.327631     0     0 I CPU1    : update max cpu_capacity 748
11-03 08:37:20.329498     0     0 I CPU3    : update max cpu_capacity 1024
11-03 08:37:20.443664     0     0 I PM      : suspend entry 2021-11-03 07:37:20.443664219 UTC
11-03 08:37:20.443676     0     0 I PM      : Syncing filesystems ...
11-03 08:37:20.462253     0     0 I CPU2    : shutdown
11-03 08:37:20.464873     0     0 I init    : Command 'write /sys/devices/system/cpu/cpu2/online 0' action=ro.enable_core_ctl=true && sys.cw_corectl_mode=idle (/vendor/etc/init/hw/init.qcom.rc:951) took 102ms and succeeded
11-03 08:37:20.476178     0     0 I         : done.
11-03 08:37:20.523470     0     0 I CPU3    : shutdown
11-03 08:37:20.524687     0     0 I         : Freezing user space processes ...
11-03 08:37:20.529631     0     0 I CPU0    : update max cpu_capacity 748
11-03 08:37:20.530032     0     0 I PM      : Wakeup pending, aborting suspend
11-03 08:37:20.530079     0     0 I         : active wakeup source: NETLINK
11-03 08:37:20.530119     0     0 E         : Freezing of tasks aborted after 0.005 seconds
11-03 08:37:20.530132     0     0 I         : Restarting tasks ...
11-03 08:37:20.530728     0     0 W QSEECOM : qseecom_receive_req: Interrupted: exiting Listener Service = 10
11-03 08:37:20.530815     0     0 W QSEECOM : qseecom_receive_req: Interrupted: exiting Listener Service = 28672
11-03 08:37:20.530854     0     0 W QSEECOM : qseecom_receive_req: Interrupted: exiting Listener Service = 11
11-03 08:37:20.531137     0     0 W QSEECOM : qseecom_receive_req: Interrupted: exiting Listener Service = 8192
11-03 08:37:20.534655     0     0 W QSEECOM : qseecom_receive_req: Interrupted: exiting Listener Service = 12288
11-03 08:37:20.535477     0     0 I         : done.
11-03 08:37:20.542407     0     0 I init    : Command 'write /sys/devices/system/cpu/cpu3/online 0' action=ro.enable_core_ctl=true && sys.cw_corectl_mode=idle (/vendor/etc/init/hw/init.qcom.rc:952) took 70ms and succeeded
11-03 08:37:20.536141     0     0 I PM      : suspend exit 2021-11-03 07:37:20.536141407 UTC
--------- switch to main
11-03 08:37:20.667395   501  1904 I LocSvc_ApiV02: <--- globalEventCb line 152 QMI_LOC_EVENT_POSITION_REPORT_IND_V02
--------- switch to kernel
11-03 08:37:20.737959     0     0 I PM      : suspend entry 2021-11-03 07:37:20.737959532 UTC
11-03 08:37:20.737970     0     0 I PM      : Syncing filesystems ... done.
11-03 08:37:20.757330     0     0 I         : Freezing user space processes ... (elapsed 0.007 seconds) done.
11-03 08:37:20.764682     0     0 I         : Freezing remaining freezable tasks ... (elapsed 0.003 seconds) done.
11-03 08:37:20.767858     0     0 I         : Suspending console(s) (use no_console_suspend to debug)
11-03 08:37:20.778941     0     0 I mdss_dsi_panel_set_idle_mode: Idle (1->1)
11-03 08:37:20.813974     0     0 I bgcom   : bgcom_pm_suspend: suspended with : 0
11-03 08:37:20.838305     0     0 I PM      : suspend of devices complete after 68.377 msecs
11-03 08:37:20.841788     0     0 I PM      : late suspend of devices complete after 3.461 msecs
11-03 08:37:20.845377     0     0 I PM      : noirq suspend of devices complete after 3.570 msecs
11-03 08:37:20.845384     0     0 I         : Disabling non-boot CPUs ...
11-03 08:37:20.860017     0     0 W         : IRQ21 no longer affine to CPU1
11-03 08:37:20.860961     0     0 I CPU1    : shutdown
11-03 08:37:20.862088     0     0 I suspend ns: 2983451430914	suspend cycles:    1085341373711
11-03 08:37:20.862075     0     0 I CPU0    : msm_cpu_pm_enter_sleep mode:3 during suspend
11-03 08:37:20.862075     0     0 I         : Suspended for 0.806 seconds
11-03 08:37:20.862075     0     0 I resume cycles: 1085356854071
11-03 08:37:20.862428     0     0 I         : Enabling non-boot CPUs ...
11-03 08:37:20.862800     0     0 I CPU1    : update cpu_capacity 1024
11-03 08:37:20.864050     0     0 I         : CPU1 is up
11-03 08:37:20.866085     0     0 I PM      : noirq resume of devices complete after 1.806 msecs
11-03 08:37:20.869305     0     0 I CPU1    : update max cpu_capacity 748
11-03 08:37:20.869529     0     0 I PM      : early resume of devices complete after 2.420 msecs
11-03 08:37:20.896154     0     0 I bgcom   : bgcom_pm_resume: Bgcom resumed with : 0
11-03 08:37:20.906326     0     0 I mdss_dsi_panel_set_idle_mode: Idle (1->1)
11-03 08:37:20.942654     0     0 I PM      : resume of devices complete after 73.079 msecs
11-03 08:37:20.945192     0     0 I         : Restarting tasks ...
11-03 08:37:20.947746     0     0 W QSEECOM : qseecom_receive_req: Interrupted: exiting Listener Service = 8192
11-03 08:37:20.947803     0     0 W QSEECOM : qseecom_receive_req: Interrupted: exiting Listener Service = 11
11-03 08:37:20.947924     0     0 W QSEECOM : qseecom_receive_req: Interrupted: exiting Listener Service = 28672
11-03 08:37:20.950884     0     0 W QSEECOM : qseecom_receive_req: Interrupted: exiting Listener Service = 12288
11-03 08:37:20.950935     0     0 W QSEECOM : qseecom_receive_req: Interrupted: exiting Listener Service = 10
11-03 08:37:20.951827     0     0 I         : done.
11-03 08:37:21.767345     0     0 I PM      : suspend exit 2021-11-03 07:37:21.767345989 UTC
11-03 08:37:21.867820     0     0 I PM      : suspend entry 2021-11-03 07:37:21.867820677 UTC
11-03 08:37:21.867831     0     0 I PM      : Syncing filesystems ... done.
11-03 08:37:21.954589     0     0 I         : Freezing user space processes ... (elapsed 0.006 seconds) done.
11-03 08:37:21.960716     0     0 I         : Freezing remaining freezable tasks ... (elapsed 0.003 seconds) done.
11-03 08:37:21.963747     0     0 I         : Suspending console(s) (use no_console_suspend to debug)
11-03 08:37:21.975164     0     0 I mdss_dsi_panel_set_idle_mode: Idle (1->1)
11-03 08:37:22.009907     0     0 I bgcom   : bgcom_pm_suspend: suspended with : 0
11-03 08:37:22.040106     0     0 I PM      : suspend of devices complete after 74.469 msecs
11-03 08:37:22.042794     0     0 I PM      : late suspend of devices complete after 2.671 msecs
11-03 08:37:22.045966     0     0 I PM      : noirq suspend of devices complete after 3.155 msecs
11-03 08:37:22.045971     0     0 I         : Disabling non-boot CPUs ...
11-03 08:37:22.065999     0     0 W         : IRQ21 no longer affine to CPU1
11-03 08:37:22.066826     0     0 I CPU1    : shutdown
11-03 08:37:22.067659     0     0 I suspend ns: 2983850735498	suspend cycles:    1085364520719
11-03 08:37:22.067649     0     0 I CPU0    : msm_cpu_pm_enter_sleep mode:3 during suspend
11-03 08:37:22.067649     0     0 I         : Suspended for 0.601 seconds
11-03 08:37:22.067649     0     0 I resume cycles: 1085376068336
11-03 08:37:22.067935     0     0 I         : Enabling non-boot CPUs ...
11-03 08:37:22.068258     0     0 I CPU1    : update cpu_capacity 1024
11-03 08:37:22.069229     0     0 I         : CPU1 is up
11-03 08:37:22.070959     0     0 I PM      : noirq resume of devices complete after 1.545 msecs
11-03 08:37:22.073915     0     0 I PM      : early resume of devices complete after 1.979 msecs
11-03 08:37:22.075284     0     0 I CPU0    : update max cpu_capacity 748
11-03 08:37:22.097899     0     0 I bgcom   : bgcom_pm_resume: Bgcom resumed with : 0
11-03 08:37:22.107545     0     0 I mdss_dsi_panel_set_idle_mode: Idle (1->1)
11-03 08:37:22.149269     0     0 I PM      : resume of devices complete after 75.335 msecs
11-03 08:37:22.151122     0     0 I         : Restarting tasks ...
11-03 08:37:22.153638     0     0 W QSEECOM : qseecom_receive_req: Interrupted: exiting Listener Service = 12288
11-03 08:37:22.155492     0     0 W QSEECOM : qseecom_receive_req: Interrupted: exiting Listener Service = 8192
11-03 08:37:22.155537     0     0 W QSEECOM : qseecom_receive_req: Interrupted: exiting Listener Service = 11
11-03 08:37:22.155562     0     0 W QSEECOM : qseecom_receive_req: Interrupted: exiting Listener Service = 10
11-03 08:37:22.155587     0     0 W QSEECOM : qseecom_receive_req: Interrupted: exiting Listener Service = 28672
11-03 08:37:22.162167     0     0 I         : done.
11-03 08:37:22.768087     0     0 I PM      : suspend exit 2021-11-03 07:37:22.768087603 UTC
11-03 08:37:22.868380     0     0 I PM      : suspend entry 2021-11-03 07:37:22.868380415 UTC
11-03 08:37:22.868391     0     0 I PM      : Syncing filesystems ... done.
11-03 08:37:22.956920     0     0 I         : Freezing user space processes ... (elapsed 0.005 seconds) done.
11-03 08:37:22.962882     0     0 I         : Freezing remaining freezable tasks ... (elapsed 0.002 seconds) done.
11-03 08:37:22.965854     0     0 I         : Suspending console(s) (use no_console_suspend to debug)
11-03 08:37:22.976510     0     0 I mdss_dsi_panel_set_idle_mode: Idle (1->1)
11-03 08:37:23.011275     0     0 I bgcom   : bgcom_pm_suspend: suspended with : 0
11-03 08:37:23.041300     0     0 I PM      : suspend of devices complete after 73.604 msecs
11-03 08:37:23.043995     0     0 I PM      : late suspend of devices complete after 2.677 msecs
11-03 08:37:23.047150     0     0 I PM      : noirq suspend of devices complete after 3.137 msecs
11-03 08:37:23.047156     0     0 I         : Disabling non-boot CPUs ...
11-03 08:37:23.068253     0     0 I CPU1    : shutdown
11-03 08:37:23.069116     0     0 I suspend ns: 2984250753988	suspend cycles:    1085383748691
11-03 08:37:23.069105     0     0 I CPU0    : msm_cpu_pm_enter_sleep mode:3 during suspend
11-03 08:37:23.069105     0     0 I         : Suspended for 0.600 seconds
11-03 08:37:23.069105     0     0 I resume cycles: 1085395274921
11-03 08:37:23.069406     0     0 I         : Enabling non-boot CPUs ...
