11-03 21:00:29.760351    21    21 E         : [21:00:30.640740] [00000007CAFE66AD] [VosRX]  wlan: [E :HDD] hdd_log_ip_addr: src addr 192:168:1:3
11-03 21:00:29.760413    21    21 E         : [21:00:30.640754] [00000007CAFE67B9] [VosRX]  wlan: [E :HDD] hdd_log_ip_addr: dst addr 192:168:1:14
11-03 21:00:29.788715     0     0 I bgcom   : bgcom_pm_resume: Bgcom resumed with : 0
11-03 21:00:29.794685     0     0 I PM      : resume of devices complete after 35.618 msecs
11-03 21:00:29.797323     0     0 I         : Restarting tasks ...
11-03 21:00:29.799754     0     0 W QSEECOM : qseecom_receive_req: Interrupted: exiting Listener Service = 12288
11-03 21:00:29.799818     0     0 W QSEECOM : qseecom_receive_req: Interrupted: exiting Listener Service = 10
11-03 21:00:29.803269     0     0 W QSEECOM : qseecom_receive_req: Interrupted: exiting Listener Service = 8192
11-03 21:00:29.803327     0     0 W QSEECOM : qseecom_receive_req: Interrupted: exiting Listener Service = 11
11-03 21:00:29.803360     0     0 W QSEECOM : qseecom_receive_req: Interrupted: exiting Listener Service = 28672
11-03 21:00:29.810726     0     0 I         : done.
11-03 21:00:30.691811     0     0 I PM      : suspend exit 2021-11-03 20:00:30.691811406 UTC
11-03 21:00:30.793299     0     0 I PM      : suspend entry 2021-11-03 20:00:30.793299219 UTC
11-03 21:00:30.793314     0     0 I PM      : Syncing filesystems ... done.
11-03 21:00:30.894003     0     0 I         : Freezing user space processes ... (elapsed 0.007 seconds) done.
11-03 21:00:30.901542     0     0 I         : Freezing remaining freezable tasks ... (elapsed 0.004 seconds) done.
11-03 21:00:30.905616     0     0 I         : Suspending console(s) (use no_console_suspend to debug)
11-03 21:00:30.913795     0     0 I bgcom   : bgcom_pm_suspend: suspended with : 0
11-03 21:00:30.951603     0     0 I PM      : suspend of devices complete after 43.767 msecs
11-03 21:00:30.957308     0     0 I PM      : late suspend of devices complete after 5.662 msecs
11-03 21:00:30.963173     0     0 I PM      : noirq suspend of devices complete after 5.836 msecs
11-03 21:00:30.963187     0     0 I         : Disabling non-boot CPUs ...
11-03 21:00:30.985635     0     0 I CPU1    : shutdown
11-03 21:00:30.987597     0     0 I suspend ns: 1141670788880	suspend cycles:      33477100797
11-03 21:00:30.987578     0     0 I CPU0    : msm_cpu_pm_enter_sleep mode:3 during suspend
11-03 21:00:30.987578     0     0 I         : Suspended for 0.868 seconds
11-03 21:00:30.987578     0     0 I resume cycles: 33493774478
11-03 21:00:30.987837     0     0 I         : Enabling non-boot CPUs ...
11-03 21:00:30.988635     0     0 I CPU1    : update cpu_capacity 1024
11-03 21:00:30.990067     0     0 I         : CPU1 is up
11-03 21:00:30.992480     0     0 I CPU1    : update max cpu_capacity 1024
11-03 21:00:30.993925     0     0 I PM      : noirq resume of devices complete after 3.547 msecs
11-03 21:00:30.999402     0     0 I PM      : early resume of devices complete after 4.011 msecs
11-03 21:00:31.000593    21    21 E         : [21:00:31.869014] [00000007CC663F66] [VosRX]  wlan: [E :WDI] WDTS_RxPacketDump RX Data frame is UC
11-03 21:00:31.000615    21    21 E         : [21:00:31.869047] [00000007CC6641AE] [VosRX]  wlan: [E :WDI] WDTS_RxPacketDump: Data subtype:8 SA:44:fe:3b:41:13:4b DA:00:0a:f5:f2:a2:70
11-03 21:00:31.000716    21    21 E         : [21:00:31.869146] [00000007CC664937] [VosRX]  wlan: [E :HDD] hdd_log_ip_addr: src addr 192:168:1:3
11-03 21:00:31.000729    21    21 E         : [21:00:31.869163] [00000007CC664A5D] [VosRX]  wlan: [E :HDD] hdd_log_ip_addr: dst addr 192:168:1:14
11-03 21:00:31.028729     0     0 I bgcom   : bgcom_pm_resume: Bgcom resumed with : 0
11-03 21:00:31.034360     0     0 I PM      : resume of devices complete after 34.930 msecs
11-03 21:00:31.037170     0     0 I         : Restarting tasks ...
11-03 21:00:31.039654     0     0 W QSEECOM : qseecom_receive_req: Interrupted: exiting Listener Service = 8192
11-03 21:00:31.039711     0     0 W QSEECOM : qseecom_receive_req: Interrupted: exiting Listener Service = 11
11-03 21:00:31.042333     0     0 W QSEECOM : qseecom_receive_req: Interrupted: exiting Listener Service = 12288
11-03 21:00:31.042601     0     0 W QSEECOM : qseecom_receive_req: Interrupted: exiting Listener Service = 10
11-03 21:00:31.042637     0     0 W QSEECOM : qseecom_receive_req: Interrupted: exiting Listener Service = 28672
11-03 21:00:31.046750     0     0 I         : done.
11-03 21:00:31.915874     0     0 I PM      : suspend exit 2021-11-03 20:00:31.915874583 UTC
11-03 21:00:32.017329     0     0 I PM      : suspend entry 2021-11-03 20:00:32.017329843 UTC
11-03 21:00:32.017343     0     0 I PM      : Syncing filesystems ... done.
11-03 21:00:32.118104     0     0 I         : Freezing user space processes ... (elapsed 0.007 seconds) done.
11-03 21:00:32.125621     0     0 I         : Freezing remaining freezable tasks ... (elapsed 0.003 seconds) done.
11-03 21:00:32.129612     0     0 I         : Suspending console(s) (use no_console_suspend to debug)
11-03 21:00:32.137901     0     0 I bgcom   : bgcom_pm_suspend: suspended with : 0
11-03 21:00:32.173406     0     0 I PM      : suspend of devices complete after 41.268 msecs
11-03 21:00:32.178910     0     0 I PM      : late suspend of devices complete after 5.458 msecs
11-03 21:00:32.184727     0     0 I PM      : noirq suspend of devices complete after 5.793 msecs
11-03 21:00:32.184739     0     0 I         : Disabling non-boot CPUs ...
11-03 21:00:32.203905     0     0 I CPU1    : shutdown
11-03 21:00:32.205857     0     0 I suspend ns: 1142020621901	suspend cycles:      33500491272
11-03 21:00:32.205834     0     0 I CPU0    : msm_cpu_pm_enter_sleep mode:3 during suspend
11-03 21:00:32.205834     0     0 I         : Suspended for 0.881 seconds
11-03 21:00:32.205834     0     0 I resume cycles: 33517421831
11-03 21:00:32.206087     0     0 I         : Enabling non-boot CPUs ...
11-03 21:00:32.206904     0     0 I CPU1    : update cpu_capacity 1024
11-03 21:00:32.208315     0     0 I         : CPU1 is up
11-03 21:00:32.210821     0     0 I CPU1    : update max cpu_capacity 1024
11-03 21:00:32.212148     0     0 I PM      : noirq resume of devices complete after 3.520 msecs
11-03 21:00:32.217694     0     0 I PM      : early resume of devices complete after 4.069 msecs
11-03 21:00:32.218893    21    21 E         : [21:00:33.100691] [00000007CDCF1706] [VosRX]  wlan: [E :WDI] WDTS_RxPacketDump RX Data frame is UC
11-03 21:00:32.218914    21    21 E         : [21:00:33.100723] [00000007CDCF1964] [VosRX]  wlan: [E :WDI] WDTS_RxPacketDump: Data subtype:8 SA:44:fe:3b:41:13:4b DA:00:0a:f5:f2:a2:70
11-03 21:00:32.219011    21    21 E         : [21:00:33.100819] [00000007CDCF20AE] [VosRX]  wlan: [E :HDD] hdd_log_ip_addr: src addr 192:168:1:3
11-03 21:00:32.219026    21    21 E         : [21:00:33.100835] [00000007CDCF21DA] [VosRX]  wlan: [E :HDD] hdd_log_ip_addr: dst addr 192:168:1:14
11-03 21:00:32.247373     0     0 I bgcom   : bgcom_pm_resume: Bgcom resumed with : 0
11-03 21:00:32.253298     0     0 I PM      : resume of devices complete after 35.575 msecs
11-03 21:00:32.255922     0     0 I         : Restarting tasks ...
11-03 21:00:32.258671     0     0 W QSEECOM : qseecom_receive_req: Interrupted: exiting Listener Service = 11
11-03 21:00:32.261453     0     0 W QSEECOM : qseecom_receive_req: Interrupted: exiting Listener Service = 8192
11-03 21:00:32.261510     0     0 W QSEECOM : qseecom_receive_req: Interrupted: exiting Listener Service = 12288
11-03 21:00:32.261540     0     0 W QSEECOM : qseecom_receive_req: Interrupted: exiting Listener Service = 10
11-03 21:00:32.261568     0     0 W QSEECOM : qseecom_receive_req: Interrupted: exiting Listener Service = 28672
11-03 21:00:32.268688     0     0 I         : done.
11-03 21:00:33.151180     0     0 I PM      : suspend exit 2021-11-03 20:00:33.151180884 UTC
11-03 21:00:33.251816     0     0 I PM      : suspend entry 2021-11-03 20:00:33.251816665 UTC
11-03 21:00:33.251830     0     0 I PM      : Syncing filesystems ... done.
11-03 21:00:33.353330     0     0 I         : Freezing user space processes ... (elapsed 0.007 seconds) done.
11-03 21:00:33.360732     0     0 I         : Freezing remaining freezable tasks ... (elapsed 0.003 seconds) done.
11-03 21:00:33.364475     0     0 I         : Suspending console(s) (use no_console_suspend to debug)
11-03 21:00:33.371624     0     0 I bgcom   : bgcom_pm_suspend: suspended with : 0
11-03 21:00:33.408958     0     0 I PM      : suspend of devices complete after 42.244 msecs
11-03 21:00:33.414758     0     0 I PM      : late suspend of devices complete after 5.756 msecs
11-03 21:00:33.420409     0     0 I PM      : noirq suspend of devices complete after 5.625 msecs
11-03 21:00:33.420423     0     0 I         : Disabling non-boot CPUs ...
11-03 21:00:33.433736     0     0 W migrate_irqs: 4 callbacks suppressed
11-03 21:00:33.433746     0     0 W         : IRQ16 no longer affine to CPU1
11-03 21:00:33.433758     0     0 W         : IRQ21 no longer affine to CPU1
11-03 21:00:33.434039     0     0 W         : IRQ93 no longer affine to CPU1
11-03 21:00:33.435639     0     0 I CPU1    : shutdown
11-03 21:00:33.437629     0     0 I suspend ns: 1142370598568	suspend cycles:      33524141383
11-03 21:00:33.437608     0     0 I CPU0    : msm_cpu_pm_enter_sleep mode:3 during suspend
11-03 21:00:33.437608     0     0 I         : Suspended for 0.561 seconds
11-03 21:00:33.437608     0     0 I resume cycles: 33534931665
11-03 21:00:33.437852     0     0 I         : Enabling non-boot CPUs ...
11-03 21:00:33.438664     0     0 I CPU1    : update cpu_capacity 1024
11-03 21:00:33.440101     0     0 I         : CPU1 is up
11-03 21:00:33.442438     0     0 I CPU1    : update max cpu_capacity 1024
11-03 21:00:33.443888     0     0 I PM      : noirq resume of devices complete after 3.483 msecs
11-03 21:00:33.449105     0     0 I PM      : early resume of devices complete after 3.736 msecs
11-03 21:00:33.450346    21    21 E         : [21:00:34.012343] [00000007CEDA2CE3] [VosRX]  wlan: [E :WDI] WDTS_RxPacketDump RX Data frame is UC
11-03 21:00:33.450367    21    21 E         : [21:00:34.012374] [00000007CEDA2F29] [VosRX]  wlan: [E :WDI] WDTS_RxPacketDump: Data subtype:8 SA:44:fe:3b:41:13:4b DA:00:0a:f5:f2:a2:70
11-03 21:00:33.450464    21    21 E         : [21:00:34.012468] [00000007CEDA365B] [VosRX]  wlan: [E :HDD] hdd_log_ip_addr: src addr 192:168:1:3
11-03 21:00:33.450478    21    21 E         : [21:00:34.012485] [00000007CEDA3782] [VosRX]  wlan: [E :HDD] hdd_log_ip_addr: dst addr 192:168:1:14
11-03 21:00:33.478236     0     0 I bgcom   : bgcom_pm_resume: Bgcom resumed with : 0
11-03 21:00:33.484183     0     0 I PM      : resume of devices complete after 35.050 msecs
11-03 21:00:33.486786     0     0 I         : Restarting tasks ...
11-03 21:00:33.489246     0     0 W QSEECOM : qseecom_receive_req: Interrupted: exiting Listener Service = 11
11-03 21:00:33.489308     0     0 W QSEECOM : qseecom_receive_req: Interrupted: exiting Listener Service = 28672
11-03 21:00:33.492072     0     0 W QSEECOM : qseecom_receive_req: Interrupted: exiting Listener Service = 8192
11-03 21:00:33.492124     0     0 W QSEECOM : qseecom_receive_req: Interrupted: exiting Listener Service = 12288
11-03 21:00:33.492156     0     0 W QSEECOM : qseecom_receive_req: Interrupted: exiting Listener Service = 10
11-03 21:00:33.498446     0     0 I         : done.
11-03 21:00:34.061128     0     0 I PM      : suspend exit 2021-11-03 20:00:34.061128539 UTC
11-03 21:00:34.162569     0     0 I PM      : suspend entry 2021-11-03 20:00:34.162569008 UTC
11-03 21:00:34.162582     0     0 I PM      : Syncing filesystems ... done.
11-03 21:00:34.265068     0     0 I         : Freezing user space processes ... (elapsed 0.007 seconds) done.
11-03 21:00:34.272293     0     0 I         : Freezing remaining freezable tasks ... (elapsed 0.003 seconds) done.
11-03 21:00:34.276046     0     0 I         : Suspending console(s) (use no_console_suspend to debug)
11-03 21:00:34.284609     0     0 I bgcom   : bgcom_pm_suspend: suspended with : 0
11-03 21:00:34.322689     0     0 I PM      : suspend of devices complete after 44.405 msecs
11-03 21:00:34.328373     0     0 I PM      : late suspend of devices complete after 5.640 msecs
11-03 21:00:34.333961     0     0 I PM      : noirq suspend of devices complete after 5.564 msecs
11-03 21:00:34.333975     0     0 I         : Disabling non-boot CPUs ...
11-03 21:00:34.355545     0     0 W         : IRQ16 no longer affine to CPU1
11-03 21:00:34.355559     0     0 W         : IRQ21 no longer affine to CPU1
11-03 21:00:34.355859     0     0 W         : IRQ93 no longer affine to CPU1
11-03 21:00:34.357477     0     0 I CPU1    : shutdown
11-03 21:00:34.359436     0     0 I suspend ns: 1142730412631	suspend cycles:      33541840095
11-03 21:00:34.359417     0     0 I CPU0    : msm_cpu_pm_enter_sleep mode:3 during suspend
11-03 21:00:34.359417     0     0 I         : Suspended for 0.570 seconds
11-03 21:00:34.359417     0     0 I resume cycles: 33552787982
11-03 21:00:34.359674     0     0 I         : Enabling non-boot CPUs ...
11-03 21:00:34.360480     0     0 I CPU1    : update cpu_capacity 1024
11-03 21:00:34.361884     0     0 I         : CPU1 is up
11-03 21:00:34.364304     0     0 I CPU1    : update max cpu_capacity 1024
11-03 21:00:34.365662     0     0 I PM      : noirq resume of devices complete after 3.465 msecs
11-03 21:00:34.370839     0     0 I PM      : early resume of devices complete after 3.709 msecs
11-03 21:00:34.372057    21    21 E         : [21:00:34.942260] [00000007CFEA9CBF] [VosRX]  wlan: [E :WDI] WDTS_RxPacketDump RX Data frame is UC
11-03 21:00:34.372079    21    21 E         : [21:00:34.942292] [00000007CFEA9F1C] [VosRX]  wlan: [E :WDI] WDTS_RxPacketDump: Data subtype:8 SA:44:fe:3b:41:13:4b DA:00:0a:f5:f2:a2:70
11-03 21:00:34.372173    21    21 E         : [21:00:34.942386] [00000007CFEAA626] [VosRX]  wlan: [E :HDD] hdd_log_ip_addr: src addr 192:168:1:1
11-03 21:00:34.372187    21    21 E         : [21:00:34.942401] [00000007CFEAA744] [VosRX]  wlan: [E :HDD] hdd_log_ip_addr: dst addr 192:168:1:14
11-03 21:00:34.399462     0     0 I bgcom   : bgcom_pm_resume: Bgcom resumed with : 0
11-03 21:00:34.405270     0     0 I PM      : resume of devices complete after 34.399 msecs
11-03 21:00:34.407888     0     0 I         : Restarting tasks ...
11-03 21:00:34.410601     0     0 W QSEECOM : qseecom_receive_req: Interrupted: exiting Listener Service = 8192
11-03 21:00:34.410665     0     0 W QSEECOM : qseecom_receive_req: Interrupted: exiting Listener Service = 10
11-03 21:00:34.410699     0     0 W QSEECOM : qseecom_receive_req: Interrupted: exiting Listener Service = 28672
11-03 21:00:34.413202     0     0 W QSEECOM : qseecom_receive_req: Interrupted: exiting Listener Service = 12288
11-03 21:00:34.413252     0     0 W QSEECOM : qseecom_receive_req: Interrupted: exiting Listener Service = 11
11-03 21:00:34.413925     0     0 I         : done.
11-03 21:00:34.985046     0     0 I PM      : suspend exit 2021-11-03 20:00:34.985046611 UTC
11-03 21:00:35.088165     0     0 I PM      : suspend entry 2021-11-03 20:00:35.088165153 UTC
11-03 21:00:35.088179     0     0 I PM      : Syncing filesystems ... done.
11-03 21:00:35.190443     0     0 I         : Freezing user space processes ... (elapsed 0.007 seconds) done.
11-03 21:00:35.198344     0     0 I         : Freezing remaining freezable tasks ... (elapsed 0.003 seconds) done.
11-03 21:00:35.202324     0     0 I         : Suspending console(s) (use no_console_suspend to debug)
11-03 21:00:35.211255     0     0 I bgcom   : bgcom_pm_suspend: suspended with : 0
11-03 21:00:35.247501     0     0 I PM      : suspend of devices complete after 42.723 msecs
11-03 21:00:35.253053     0     0 I PM      : late suspend of devices complete after 5.510 msecs
11-03 21:00:35.258900     0     0 I PM      : noirq suspend of devices complete after 5.822 msecs
11-03 21:00:35.258913     0     0 I         : Disabling non-boot CPUs ...
11-03 21:00:35.275552     0     0 W         : IRQ21 no longer affine to CPU1
11-03 21:00:35.277458     0     0 I CPU1    : shutdown
11-03 21:00:35.279393     0     0 I suspend ns: 1143080165757	suspend cycles:      33559503242
11-03 21:00:35.279373     0     0 I CPU0    : msm_cpu_pm_enter_sleep mode:3 during suspend
11-03 21:00:35.279373     0     0 I         : Suspended for 0.879 seconds
11-03 21:00:35.279373     0     0 I resume cycles: 33576385688
11-03 21:00:35.279622     0     0 I         : Enabling non-boot CPUs ...
11-03 21:00:35.280425     0     0 I CPU1    : update cpu_capacity 1024
11-03 21:00:35.281823     0     0 I         : CPU1 is up
11-03 21:00:35.284440     0     0 I CPU1    : update max cpu_capacity 1024
11-03 21:00:35.285712     0     0 I PM      : noirq resume of devices complete after 3.583 msecs
11-03 21:00:35.291229     0     0 I PM      : early resume of devices complete after 4.044 msecs
11-03 21:00:35.292741    21    21 E         : [21:00:36.172038] [00000007D152E603] [VosRX]  wlan: [E :WDI] WDTS_RxPacketDump RX Data frame is UC
11-03 21:00:35.292764    21    21 E         : [21:00:36.172068] [00000007D152E843] [VosRX]  wlan: [E :WDI] WDTS_RxPacketDump: Data subtype:8 SA:44:fe:3b:41:13:4b DA:00:0a:f5:f2:a2:70
11-03 21:00:35.292861    21    21 E         : [21:00:36.172164] [00000007D152EF77] [VosRX]  wlan: [E :HDD] hdd_log_ip_addr: src addr 192:168:1:3
11-03 21:00:35.292875    21    21 E         : [21:00:36.172180] [00000007D152F0B0] [VosRX]  wlan: [E :HDD] hdd_log_ip_addr: dst addr 192:168:1:14
11-03 21:00:35.322351     0     0 I bgcom   : bgcom_pm_resume: Bgcom resumed with : 0
11-03 21:00:35.328362     0     0 I PM      : resume of devices complete after 37.102 msecs
11-03 21:00:35.330979     0     0 I         : Restarting tasks ...
11-03 21:00:35.333624     0     0 W QSEECOM : qseecom_receive_req: Interrupted: exiting Listener Service = 8192
11-03 21:00:35.333740     0     0 W QSEECOM : qseecom_receive_req: Interrupted: exiting Listener Service = 11
11-03 21:00:35.336984     0     0 W QSEECOM : qseecom_receive_req: Interrupted: exiting Listener Service = 12288
11-03 21:00:35.337042     0     0 W QSEECOM : qseecom_receive_req: Interrupted: exiting Listener Service = 10
11-03 21:00:35.337073     0     0 W QSEECOM : qseecom_receive_req: Interrupted: exiting Listener Service = 28672
11-03 21:00:35.344683     0     0 I         : done.
11-03 21:00:36.224636     0     0 I PM      : suspend exit 2021-11-03 20:00:36.224636090 UTC
11-03 21:00:36.325008     0     0 I PM      : suspend entry 2021-11-03 20:00:36.325008173 UTC
11-03 21:00:36.325022     0     0 I PM      : Syncing filesystems ... done.
11-03 21:00:36.428964     0     0 I         : Freezing user space processes ... (elapsed 0.007 seconds) done.
11-03 21:00:36.436201     0     0 I         : Freezing remaining freezable tasks ... (elapsed 0.003 seconds) done.
11-03 21:00:36.440022     0     0 I         : Suspending console(s) (use no_console_suspend to debug)
11-03 21:00:36.446977     0     0 I bgcom   : bgcom_pm_suspend: suspended with : 0
11-03 21:00:36.483415     0     0 I PM      : suspend of devices complete after 41.175 msecs
11-03 21:00:36.489293     0     0 I PM      : late suspend of devices complete after 5.838 msecs
11-03 21:00:36.495041     0     0 I PM      : noirq suspend of devices complete after 5.725 msecs
11-03 21:00:36.495053     0     0 I         : Disabling non-boot CPUs ...
11-03 21:00:36.514799     0     0 W         : IRQ21 no longer affine to CPU1
11-03 21:00:36.516680     0     0 I CPU1    : shutdown
11-03 21:00:36.518661     0     0 I suspend ns: 1143440140185	suspend cycles:      33583297197
11-03 21:00:36.518642     0     0 I CPU0    : msm_cpu_pm_enter_sleep mode:3 during suspend
11-03 21:00:36.518642     0     0 I         : Suspended for 0.867 seconds
11-03 21:00:36.518642     0     0 I resume cycles: 33599946408
11-03 21:00:36.518894     0     0 I         : Enabling non-boot CPUs ...
11-03 21:00:36.519707     0     0 I CPU1    : update cpu_capacity 1024
11-03 21:00:36.521168     0     0 I         : CPU1 is up
11-03 21:00:36.523604     0     0 I CPU1    : update max cpu_capacity 1024
11-03 21:00:36.524997     0     0 I PM      : noirq resume of devices complete after 3.510 msecs
11-03 21:00:36.530501     0     0 I PM      : early resume of devices complete after 4.030 msecs
11-03 21:00:36.531863    21    21 E         : [21:00:37.399010] [00000007D2BA5CF4] [VosRX]  wlan: [E :WDI] WDTS_RxPacketDump RX Data frame is UC
11-03 21:00:36.531886    21    21 E         : [21:00:37.399043] [00000007D2BA5F5B] [VosRX]  wlan: [E :WDI] WDTS_RxPacketDump: Data subtype:8 SA:44:fe:3b:41:13:4b DA:00:0a:f5:f2:a2:70
11-03 21:00:36.531984    21    21 E         : [21:00:37.399141] [00000007D2BA66C6] [VosRX]  wlan: [E :HDD] hdd_log_ip_addr: src addr 192:168:1:3
11-03 21:00:36.531997    21    21 E         : [21:00:37.399156] [00000007D2BA67CE] [VosRX]  wlan: [E :HDD] hdd_log_ip_addr: dst addr 192:168:1:14
11-03 21:00:36.559460     0     0 I bgcom   : bgcom_pm_resume: Bgcom resumed with : 0
11-03 21:00:36.573399     0     0 I PM      : resume of devices complete after 42.870 msecs
11-03 21:00:36.576135     0     0 I         : Restarting tasks ...
11-03 21:00:36.578747     0     0 W QSEECOM : qseecom_receive_req: Interrupted: exiting Listener Service = 8192
11-03 21:00:36.578803     0     0 W QSEECOM : qseecom_receive_req: Interrupted: exiting Listener Service = 11
11-03 21:00:36.578837     0     0 W QSEECOM : qseecom_receive_req: Interrupted: exiting Listener Service = 10
11-03 21:00:36.581557     0     0 W QSEECOM : qseecom_receive_req: Interrupted: exiting Listener Service = 12288
11-03 21:00:36.581605     0     0 W QSEECOM : qseecom_receive_req: Interrupted: exiting Listener Service = 28672
11-03 21:00:36.584358     0     0 I         : done.
11-03 21:00:37.452148     0     0 I PM      : suspend exit 2021-11-03 20:00:37.452148693 UTC
11-03 21:00:37.553657     0     0 I PM      : suspend entry 2021-11-03 20:00:37.553657600 UTC
11-03 21:00:37.553670     0     0 I PM      : Syncing filesystems ... done.
11-03 21:00:37.651002     0     0 I         : Freezing user space processes ... (elapsed 0.007 seconds) done.
11-03 21:00:37.658366     0     0 I         : Freezing remaining freezable tasks ... (elapsed 0.003 seconds) done.
11-03 21:00:37.662020     0     0 I         : Suspending console(s) (use no_console_suspend to debug)
11-03 21:00:37.669248     0     0 I bgcom   : bgcom_pm_suspend: suspended with : 0
11-03 21:00:37.706939     0     0 I PM      : suspend of devices complete after 42.682 msecs
11-03 21:00:37.712808     0     0 I PM      : late suspend of devices complete after 5.826 msecs
11-03 21:00:37.718534     0     0 I PM      : noirq suspend of devices complete after 5.702 msecs
11-03 21:00:37.718547     0     0 I         : Disabling non-boot CPUs ...
11-03 21:00:37.731905     0     0 W         : IRQ16 no longer affine to CPU1
11-03 21:00:37.731920     0     0 W         : IRQ21 no longer affine to CPU1
11-03 21:00:37.733805     0     0 I CPU1    : shutdown
11-03 21:00:37.735810     0     0 I suspend ns: 1143790143727	suspend cycles:      33606666476
11-03 21:00:37.735790     0     0 I CPU0    : msm_cpu_pm_enter_sleep mode:3 during suspend
11-03 21:00:37.735790     0     0 I         : Suspended for 0.880 seconds
11-03 21:00:37.735790     0     0 I resume cycles: 33623573307
11-03 21:00:37.736044     0     0 I         : Enabling non-boot CPUs ...
11-03 21:00:37.736859     0     0 I CPU1    : update cpu_capacity 1024
11-03 21:00:37.738299     0     0 I         : CPU1 is up
11-03 21:00:37.740551     0     0 I CPU1    : update max cpu_capacity 1024
11-03 21:00:37.742115     0     0 I PM      : noirq resume of devices complete after 3.499 msecs
11-03 21:00:37.747885     0     0 I PM      : early resume of devices complete after 4.300 msecs
11-03 21:00:37.749203    21    21 E         : [21:00:38.629770] [00000007D422EFFA] [VosRX]  wlan: [E :WDI] WDTS_RxPacketDump RX Data frame is UC
11-03 21:00:37.749225    21    21 E         : [21:00:38.629801] [00000007D422F234] [VosRX]  wlan: [E :WDI] WDTS_RxPacketDump: Data subtype:8 SA:44:fe:3b:41:13:4b DA:00:0a:f5:f2:a2:70
11-03 21:00:37.749324    21    21 E         : [21:00:38.629898] [00000007D422F990] [VosRX]  wlan: [E :HDD] hdd_log_ip_addr: src addr 192:168:1:3
11-03 21:00:37.749337    21    21 E         : [21:00:38.629914] [00000007D422FABB] [VosRX]  wlan: [E :HDD] hdd_log_ip_addr: dst addr 192:168:1:14
11-03 21:00:37.777905     0     0 I bgcom   : bgcom_pm_resume: Bgcom resumed with : 0
11-03 21:00:37.783514     0     0 I PM      : resume of devices complete after 35.601 msecs
11-03 21:00:37.786420     0     0 I         : Restarting tasks ...
11-03 21:00:37.789099     0     0 W QSEECOM : qseecom_receive_req: Interrupted: exiting Listener Service = 12288
11-03 21:00:37.789210     0     0 W QSEECOM : qseecom_receive_req: Interrupted: exiting Listener Service = 11
11-03 21:00:37.792626     0     0 W QSEECOM : qseecom_receive_req: Interrupted: exiting Listener Service = 8192
11-03 21:00:37.792680     0     0 W QSEECOM : qseecom_receive_req: Interrupted: exiting Listener Service = 10
11-03 21:00:37.792712     0     0 W QSEECOM : qseecom_receive_req: Interrupted: exiting Listener Service = 28672
11-03 21:00:37.797649     0     0 I         : done.
11-03 21:00:38.678956     0     0 I PM      : suspend exit 2021-11-03 20:00:38.678956400 UTC
11-03 21:00:38.780903     0     0 I PM      : suspend entry 2021-11-03 20:00:38.780903328 UTC
11-03 21:00:38.780917     0     0 I PM      : Syncing filesystems ... done.
11-03 21:00:38.881343     0     0 I         : Freezing user space processes ... (elapsed 0.007 seconds) done.
11-03 21:00:38.888508     0     0 I         : Freezing remaining freezable tasks ... (elapsed 0.003 seconds) done.
11-03 21:00:38.892410     0     0 I         : Suspending console(s) (use no_console_suspend to debug)
11-03 21:00:38.899190     0     0 I bgcom   : bgcom_pm_suspend: suspended with : 0
11-03 21:00:38.935801     0     0 I PM      : suspend of devices complete after 41.166 msecs
11-03 21:00:38.941637     0     0 I PM      : late suspend of devices complete after 5.798 msecs
11-03 21:00:38.947232     0     0 I PM      : noirq suspend of devices complete after 5.571 msecs
11-03 21:00:38.947245     0     0 I         : Disabling non-boot CPUs ...
11-03 21:00:38.964191     0     0 I CPU1    : shutdown
11-03 21:00:38.966096     0     0 I suspend ns: 1144139866280	suspend cycles:      33630287980
11-03 21:00:38.966078     0     0 I CPU0    : msm_cpu_pm_enter_sleep mode:3 during suspend
11-03 21:00:38.966078     0     0 I         : Suspended for 0.877 seconds
11-03 21:00:38.966078     0     0 I resume cycles: 33647129805
11-03 21:00:38.966341     0     0 I         : Enabling non-boot CPUs ...
11-03 21:00:38.967150     0     0 I CPU1    : update cpu_capacity 1024
11-03 21:00:38.968595     0     0 I         : CPU1 is up
11-03 21:00:38.971062     0     0 I CPU1    : update max cpu_capacity 1024
11-03 21:00:38.972416     0     0 I PM      : noirq resume of devices complete after 3.512 msecs
11-03 21:00:38.977950     0     0 I PM      : early resume of devices complete after 4.063 msecs
11-03 21:00:38.979459    21    21 E         : [21:00:39.856635] [00000007D58A5ED0] [VosRX]  wlan: [E :WDI] WDTS_RxPacketDump RX Data frame is UC
11-03 21:00:38.979481    21    21 E         : [21:00:39.856671] [00000007D58A617E] [VosRX]  wlan: [E :WDI] WDTS_RxPacketDump: Data subtype:8 SA:44:fe:3b:41:13:4b DA:00:0a:f5:f2:a2:70
11-03 21:00:38.979575    21    21 E         : [21:00:39.856764] [00000007D58A687A] [VosRX]  wlan: [E :HDD] hdd_log_ip_addr: src addr 192:168:1:3
11-03 21:00:38.979589    21    21 E         : [21:00:39.856779] [00000007D58A6992] [VosRX]  wlan: [E :HDD] hdd_log_ip_addr: dst addr 192:168:1:14
11-03 21:00:39.006973     0     0 I bgcom   : bgcom_pm_resume: Bgcom resumed with : 0
11-03 21:00:39.012836     0     0 I PM      : resume of devices complete after 34.856 msecs
11-03 21:00:39.015436     0     0 I         : Restarting tasks ...
11-03 21:00:39.018042     0     0 W QSEECOM : qseecom_receive_req: Interrupted: exiting Listener Service = 12288
11-03 21:00:39.018109     0     0 W QSEECOM : qseecom_receive_req: Interrupted: exiting Listener Service = 11
11-03 21:00:39.018142     0     0 W QSEECOM : qseecom_receive_req: Interrupted: exiting Listener Service = 28672
11-03 21:00:39.020778     0     0 W QSEECOM : qseecom_receive_req: Interrupted: exiting Listener Service = 8192
11-03 21:00:39.020823     0     0 W QSEECOM : qseecom_receive_req: Interrupted: exiting Listener Service = 10
11-03 21:00:39.021549     0     0 I         : done.
11-03 21:00:39.899452     0     0 I PM      : suspend exit 2021-11-03 20:00:39.899452077 UTC
11-03 21:00:40.003810     0     0 I PM      : suspend entry 2021-11-03 20:00:40.003810514 UTC
11-03 21:00:40.003823     0     0 I PM      : Syncing filesystems ... done.
11-03 21:00:40.106365     0     0 I         : Freezing user space processes ... (elapsed 0.007 seconds) done.
11-03 21:00:40.113501     0     0 I         : Freezing remaining freezable tasks ... (elapsed 0.003 seconds) done.
11-03 21:00:40.117499     0     0 I         : Suspending console(s) (use no_console_suspend to debug)
11-03 21:00:40.124079     0     0 I bgcom   : bgcom_pm_suspend: suspended with : 0
11-03 21:00:40.161319     0     0 I PM      : suspend of devices complete after 41.413 msecs
11-03 21:00:40.167102     0     0 I PM      : late suspend of devices complete after 5.740 msecs
11-03 21:00:40.173037     0     0 I PM      : noirq suspend of devices complete after 5.908 msecs
11-03 21:00:40.173049     0     0 I         : Disabling non-boot CPUs ...
11-03 21:00:40.191207     0     0 I CPU1    : shutdown
11-03 21:00:40.193172     0     0 I suspend ns: 1144489764458	suspend cycles:      33653847850
11-03 21:00:40.193154     0     0 I CPU0    : msm_cpu_pm_enter_sleep mode:3 during suspend
11-03 21:00:40.193154     0     0 I         : Suspended for 0.880 seconds
11-03 21:00:40.193154     0     0 I resume cycles: 33670749101
11-03 21:00:40.193409     0     0 I         : Enabling non-boot CPUs ...
11-03 21:00:40.194223     0     0 I CPU1    : update cpu_capacity 1024
11-03 21:00:40.195661     0     0 I         : CPU1 is up
11-03 21:00:40.198054     0     0 I CPU1    : update max cpu_capacity 1024
11-03 21:00:40.199517     0     0 I PM      : noirq resume of devices complete after 3.552 msecs
11-03 21:00:40.205019     0     0 I PM      : early resume of devices complete after 4.021 msecs
11-03 21:00:40.206494    21    21 E         : [21:00:41.086769] [00000007D6F2C2D6] [VosRX]  wlan: [E :WDI] WDTS_RxPacketDump RX Data frame is UC
11-03 21:00:40.206515    21    21 E         : [21:00:41.086801] [00000007D6F2C532] [VosRX]  wlan: [E :WDI] WDTS_RxPacketDump: Data subtype:8 SA:44:fe:3b:41:13:4b DA:00:0a:f5:f2:a2:70
11-03 21:00:40.206612    21    21 E         : [21:00:41.086896] [00000007D6F2CC71] [VosRX]  wlan: [E :HDD] hdd_log_ip_addr: src addr 192:168:1:3
11-03 21:00:40.206625    21    21 E         : [21:00:41.086911] [00000007D6F2CD78] [VosRX]  wlan: [E :HDD] hdd_log_ip_addr: dst addr 192:168:1:14
11-03 21:00:40.234477     0     0 I bgcom   : bgcom_pm_resume: Bgcom resumed with : 0
11-03 21:00:40.240309     0     0 I PM      : resume of devices complete after 35.261 msecs
11-03 21:00:40.242947     0     0 I         : Restarting tasks ...
11-03 21:00:40.245293     0     0 W QSEECOM : qseecom_receive_req: Interrupted: exiting Listener Service = 12288
11-03 21:00:40.245345     0     0 W QSEECOM : qseecom_receive_req: Interrupted: exiting Listener Service = 10
11-03 21:00:40.245390     0     0 W QSEECOM : qseecom_receive_req: Interrupted: exiting Listener Service = 28672
11-03 21:00:40.248728     0     0 W QSEECOM : qseecom_receive_req: Interrupted: exiting Listener Service = 8192
11-03 21:00:40.248784     0     0 W QSEECOM : qseecom_receive_req: Interrupted: exiting Listener Service = 11
11-03 21:00:40.253523     0     0 I         : done.
11-03 21:00:41.134507     0     0 I PM      : suspend exit 2021-11-03 20:00:41.134507962 UTC
11-03 21:00:41.235444     0     0 I PM      : suspend entry 2021-11-03 20:00:41.235444576 UTC
11-03 21:00:41.235458     0     0 I PM      : Syncing filesystems ... done.
11-03 21:00:41.337036     0     0 I         : Freezing user space processes ... (elapsed 0.007 seconds) done.
11-03 21:00:41.344283     0     0 I         : Freezing remaining freezable tasks ... (elapsed 0.004 seconds) done.
11-03 21:00:41.348500     0     0 I         : Suspending console(s) (use no_console_suspend to debug)
11-03 21:00:41.357032     0     0 I bgcom   : bgcom_pm_suspend: suspended with : 0
11-03 21:00:41.358771     0     0 E dpm_run_callback(): platform_pm_suspend+0x0/0x50 returns -16
11-03 21:00:41.358777     0     0 E PM      : Device alarmtimer failed to suspend: error -16
11-03 21:00:41.370501     0     0 E PM      : Some devices failed to suspend, or early wake event detected
11-03 21:00:41.373680     0     0 I bgcom   : bgcom_pm_resume: Bgcom resumed with : 0
11-03 21:00:41.379441     0     0 I PM      : resume of devices complete after 8.917 msecs
11-03 21:00:41.382056     0     0 I         : Restarting tasks ...
11-03 21:00:41.383444     0     0 W QSEECOM : qseecom_receive_req: Interrupted: exiting Listener Service = 8192
11-03 21:00:41.383504     0     0 W QSEECOM : qseecom_receive_req: Interrupted: exiting Listener Service = 12288
11-03 21:00:41.383538     0     0 W QSEECOM : qseecom_receive_req: Interrupted: exiting Listener Service = 28672
11-03 21:00:41.387475     0     0 W QSEECOM : qseecom_receive_req: Interrupted: exiting Listener Service = 11
11-03 21:00:41.387528     0     0 W QSEECOM : qseecom_receive_req: Interrupted: exiting Listener Service = 10
11-03 21:00:41.387646     0     0 I         : done.
11-03 21:00:41.388698     0     0 I PM      : suspend exit 2021-11-03 20:00:41.388698014 UTC
11-03 21:00:42.297474     0     0 E FG      : fg_psy_get_property: unsupported property 7
11-03 21:00:42.186019     0     0 W healthd : battery l=35 v=4005 t=38.0 h=2 st=2 c=-286 fc=443000 cc=0 chg=a
11-03 21:00:43.430403     0     0 I PM      : suspend entry 2021-11-03 20:00:43.430403429 UTC
11-03 21:00:43.430422     0     0 I PM      : Syncing filesystems ... done.
11-03 21:00:43.546042     0     0 I         : Freezing user space processes ...
11-03 21:00:43.553049     0     0 I PM      : Wakeup pending, aborting suspend
11-03 21:00:43.553077     0     0 I         : active wakeup source: qcom_rx_wakelock
11-03 21:00:43.553243     0     0 E         : Freezing of tasks aborted after 0.007 seconds
11-03 21:00:43.553263     0     0 I         : Restarting tasks ...
11-03 21:00:43.554501     0     0 W QSEECOM : qseecom_receive_req: Interrupted: exiting Listener Service = 8192
11-03 21:00:43.554586     0     0 W QSEECOM : qseecom_receive_req: Interrupted: exiting Listener Service = 12288
11-03 21:00:43.554628     0     0 W QSEECOM : qseecom_receive_req: Interrupted: exiting Listener Service = 10
11-03 21:00:43.559577     0     0 W QSEECOM : qseecom_receive_req: Interrupted: exiting Listener Service = 28672
11-03 21:00:43.559905     0     0 W QSEECOM : qseecom_receive_req: Interrupted: exiting Listener Service = 11
11-03 21:00:43.561522     0     0 I         : done.
11-03 21:00:43.563236     0     0 I PM      : suspend exit 2021-11-03 20:00:43.563236971 UTC
11-03 21:00:43.965548     0     0 I PM      : suspend entry 2021-11-03 20:00:43.965548846 UTC
11-03 21:00:43.965571     0     0 I PM      : Syncing filesystems ... done.
11-03 21:00:43.994253     0     0 I         : Freezing user space processes ... (elapsed 0.010 seconds) done.
11-03 21:00:44.004528     0     0 I         : Freezing remaining freezable tasks ... (elapsed 0.006 seconds) done.
11-03 21:00:44.010666     0     0 I         : Suspending console(s) (use no_console_suspend to debug)
11-03 21:00:44.022594     0     0 I bgcom   : bgcom_pm_suspend: suspended with : 0
11-03 21:00:44.054342     0     0 I PM      : suspend of devices complete after 40.112 msecs
11-03 21:00:44.060130     0     0 I PM      : late suspend of devices complete after 5.746 msecs
11-03 21:00:44.065799     0     0 I PM      : noirq suspend of devices complete after 5.644 msecs
11-03 21:00:44.065812     0     0 I         : Disabling non-boot CPUs ...
11-03 21:00:44.089441     0     0 W migrate_irqs: 6 callbacks suppressed
11-03 21:00:44.089450     0     0 W         : IRQ16 no longer affine to CPU1
11-03 21:00:44.089463     0     0 W         : IRQ21 no longer affine to CPU1
11-03 21:00:44.089766     0     0 W         : IRQ93 no longer affine to CPU1
11-03 21:00:44.091407     0     0 I CPU1    : shutdown
11-03 21:00:44.093329     0     0 I suspend ns: 1147509656967	suspend cycles:      33728731037
11-03 21:00:44.093310     0     0 I CPU0    : msm_cpu_pm_enter_sleep mode:3 during suspend
11-03 21:00:44.093310     0     0 I         : Suspended for 0.665 seconds
11-03 21:00:44.093310     0     0 I resume cycles: 33741503974
11-03 21:00:44.093576     0     0 I         : Enabling non-boot CPUs ...
11-03 21:00:44.094392     0     0 I CPU1    : update cpu_capacity 1024
11-03 21:00:44.095806     0     0 I         : CPU1 is up
11-03 21:00:44.098194     0     0 I CPU1    : update max cpu_capacity 1024
11-03 21:00:44.099610     0     0 I PM      : noirq resume of devices complete after 3.485 msecs
11-03 21:00:44.104762     0     0 I PM      : early resume of devices complete after 3.680 msecs
11-03 21:00:44.105993    21    21 E         : [21:00:44.771261] [00000007DB2A33C2] [VosRX]  wlan: [E :WDI] WDTS_RxPacketDump RX Data frame is UC
11-03 21:00:44.106015    21    21 E         : [21:00:44.771294] [00000007DB2A362C] [VosRX]  wlan: [E :WDI] WDTS_RxPacketDump: Data subtype:8 SA:44:fe:3b:41:13:4b DA:00:0a:f5:f2:a2:70
11-03 21:00:44.106114    21    21 E         : [21:00:44.771390] [00000007DB2A3D6F] [VosRX]  wlan: [E :HDD] hdd_log_ip_addr: src addr 192:168:1:3
11-03 21:00:44.106174    21    21 E         : [21:00:44.771406] [00000007DB2A3E97] [VosRX]  wlan: [E :HDD] hdd_log_ip_addr: dst addr 192:168:1:14
11-03 21:00:44.133503     0     0 I bgcom   : bgcom_pm_resume: Bgcom resumed with : 0
11-03 21:00:44.139516     0     0 I PM      : resume of devices complete after 34.722 msecs
11-03 21:00:44.142158     0     0 I         : Restarting tasks ...
11-03 21:00:44.144586     0     0 W QSEECOM : qseecom_receive_req: Interrupted: exiting Listener Service = 8192
11-03 21:00:44.144653     0     0 W QSEECOM : qseecom_receive_req: Interrupted: exiting Listener Service = 12288
11-03 21:00:44.144696     0     0 W QSEECOM : qseecom_receive_req: Interrupted: exiting Listener Service = 11
11-03 21:00:44.147391     0     0 W QSEECOM : qseecom_receive_req: Interrupted: exiting Listener Service = 10
11-03 21:00:44.147441     0     0 W QSEECOM : qseecom_receive_req: Interrupted: exiting Listener Service = 28672
11-03 21:00:44.149662     0     0 I         : done.
11-03 21:00:44.815670     0     0 I PM      : suspend exit 2021-11-03 20:00:44.815670460 UTC
11-03 21:00:44.919210     0     0 I PM      : suspend entry 2021-11-03 20:00:44.919210304 UTC
11-03 21:00:44.919224     0     0 I PM      : Syncing filesystems ... done.
11-03 21:00:45.015527     0     0 I         : Freezing user space processes ... (elapsed 0.007 seconds) done.
11-03 21:00:45.022992     0     0 I         : Freezing remaining freezable tasks ... (elapsed 0.004 seconds) done.
11-03 21:00:45.027075     0     0 I         : Suspending console(s) (use no_console_suspend to debug)
11-03 21:00:45.034698     0     0 I bgcom   : bgcom_pm_suspend: suspended with : 0
11-03 21:00:45.060637     0     0 I PM      : Wakeup pending, aborting suspend
11-03 21:00:45.060644     0     0 I         : active wakeup source: qcom_rx_wakelock
11-03 21:00:45.066097     0     0 E PM      : Some devices failed to suspend, or early wake event detected
11-03 21:00:45.090926     0     0 I bgcom   : bgcom_pm_resume: Bgcom resumed with : 0
11-03 21:00:45.096971     0     0 I PM      : resume of devices complete after 30.849 msecs
11-03 21:00:45.099584     0     0 I         : Restarting tasks ...
11-03 21:00:45.101054     0     0 W QSEECOM : qseecom_receive_req: Interrupted: exiting Listener Service = 8192
11-03 21:00:45.101108     0     0 W QSEECOM : qseecom_receive_req: Interrupted: exiting Listener Service = 12288
11-03 21:00:45.101144     0     0 W QSEECOM : qseecom_receive_req: Interrupted: exiting Listener Service = 11
11-03 21:00:45.101183     0     0 W QSEECOM : qseecom_receive_req: Interrupted: exiting Listener Service = 28672
11-03 21:00:45.104881     0     0 W QSEECOM : qseecom_receive_req: Interrupted: exiting Listener Service = 10
11-03 21:00:45.111810     0     0 I         : done.
11-03 21:00:45.112534     0     0 I PM      : suspend exit 2021-11-03 20:00:45.112534158 UTC
11-03 21:00:45.314057     0     0 I PM      : suspend entry 2021-11-03 20:00:45.314057335 UTC
11-03 21:00:45.314071     0     0 I PM      : Syncing filesystems ... done.
11-03 21:00:45.414730     0     0 I         : Freezing user space processes ... (elapsed 0.007 seconds) done.
11-03 21:00:45.422246     0     0 I         : Freezing remaining freezable tasks ... (elapsed 0.004 seconds) done.
11-03 21:00:45.426343     0     0 I         : Suspending console(s) (use no_console_suspend to debug)
11-03 21:00:45.433666     0     0 I bgcom   : bgcom_pm_suspend: suspended with : 0
11-03 21:00:45.471554     0     0 I PM      : suspend of devices complete after 42.997 msecs
11-03 21:00:45.477271     0     0 I PM      : late suspend of devices complete after 5.674 msecs
11-03 21:00:45.482934     0     0 I PM      : noirq suspend of devices complete after 5.636 msecs
11-03 21:00:45.482947     0     0 I         : Disabling non-boot CPUs ...
11-03 21:00:45.494585     0     0 W         : IRQ16 no longer affine to CPU1
11-03 21:00:45.494601     0     0 W         : IRQ21 no longer affine to CPU1
11-03 21:00:45.494883     0     0 W         : IRQ93 no longer affine to CPU1
11-03 21:00:45.496534     0     0 I CPU1    : shutdown
11-03 21:00:45.498477     0     0 I suspend ns: 1148249531708	suspend cycles:      33755709569
11-03 21:00:45.498454     0     0 I CPU0    : msm_cpu_pm_enter_sleep mode:3 during suspend
11-03 21:00:45.498454     0     0 I         : Suspended for 0.491 seconds
11-03 21:00:45.498454     0     0 I resume cycles: 33765150628
11-03 21:00:45.498711     0     0 I         : Enabling non-boot CPUs ...
11-03 21:00:45.499522     0     0 I CPU1    : update cpu_capacity 1024
11-03 21:00:45.500982     0     0 I         : CPU1 is up
11-03 21:00:45.503330     0     0 I CPU1    : update max cpu_capacity 1024
11-03 21:00:45.504748     0     0 I PM      : noirq resume of devices complete after 3.448 msecs
11-03 21:00:45.510218     0     0 I PM      : early resume of devices complete after 3.989 msecs
11-03 21:00:45.511684    21    21 E         : [21:00:46.003406] [00000007DC932EAA] [VosRX]  wlan: [E :WDI] WDTS_RxPacketDump RX Data frame is UC
11-03 21:00:45.511705    21    21 E         : [21:00:46.003437] [00000007DC9330E5] [VosRX]  wlan: [E :WDI] WDTS_RxPacketDump: Data subtype:8 SA:44:fe:3b:41:13:4b DA:00:0a:f5:f2:a2:70
11-03 21:00:45.511803    21    21 E         : [21:00:46.003532] [00000007DC933820] [VosRX]  wlan: [E :HDD] hdd_log_ip_addr: src addr 192:168:1:3
11-03 21:00:45.511815    21    21 E         : [21:00:46.003547] [00000007DC933930] [VosRX]  wlan: [E :HDD] hdd_log_ip_addr: dst addr 192:168:1:14
11-03 21:00:45.539718     0     0 I bgcom   : bgcom_pm_resume: Bgcom resumed with : 0
11-03 21:00:45.544891     0     0 I PM      : resume of devices complete after 34.645 msecs
11-03 21:00:45.547506     0     0 I         : Restarting tasks ...
11-03 21:00:45.550161     0     0 W QSEECOM : qseecom_receive_req: Interrupted: exiting Listener Service = 10
11-03 21:00:45.550225     0     0 W QSEECOM : qseecom_receive_req: Interrupted: exiting Listener Service = 28672
11-03 21:00:45.552704     0     0 W QSEECOM : qseecom_receive_req: Interrupted: exiting Listener Service = 8192
11-03 21:00:45.552759     0     0 W QSEECOM : qseecom_receive_req: Interrupted: exiting Listener Service = 12288
11-03 21:00:45.552789     0     0 W QSEECOM : qseecom_receive_req: Interrupted: exiting Listener Service = 11
11-03 21:00:45.554319     0     0 I         : done.
11-03 21:00:46.046693     0     0 I PM      : suspend exit 2021-11-03 20:00:46.046693532 UTC
11-03 21:00:46.150275     0     0 I PM      : suspend entry 2021-11-03 20:00:46.150275563 UTC
11-03 21:00:46.150289     0     0 I PM      : Syncing filesystems ... done.
11-03 21:00:46.250947     0     0 I         : Freezing user space processes ... (elapsed 0.007 seconds) done.
11-03 21:00:46.258618     0     0 I         : Freezing remaining freezable tasks ... (elapsed 0.003 seconds) done.
11-03 21:00:46.262597     0     0 I         : Suspending console(s) (use no_console_suspend to debug)
11-03 21:00:46.271356     0     0 I bgcom   : bgcom_pm_suspend: suspended with : 0
11-03 21:00:46.305892     0     0 I PM      : suspend of devices complete after 41.064 msecs
11-03 21:00:46.311453     0     0 I PM      : late suspend of devices complete after 5.521 msecs
11-03 21:00:46.317273     0     0 I PM      : noirq suspend of devices complete after 5.793 msecs
11-03 21:00:46.317286     0     0 I         : Disabling non-boot CPUs ...
11-03 21:00:46.338078     0     0 I CPU1    : shutdown
11-03 21:00:46.339897     0     0 I suspend ns: 1148599237959	suspend cycles:      33771864988
11-03 21:00:46.339879     0     0 I CPU0    : msm_cpu_pm_enter_sleep mode:3 during suspend
11-03 21:00:46.339879     0     0 I         : Suspended for 0.877 seconds
11-03 21:00:46.339879     0     0 I resume cycles: 33788711482
11-03 21:00:46.340131     0     0 I         : Enabling non-boot CPUs ...
11-03 21:00:46.340936     0     0 I CPU1    : update cpu_capacity 1024
11-03 21:00:46.342395     0     0 I         : CPU1 is up
11-03 21:00:46.344972     0     0 I CPU1    : update max cpu_capacity 1024
11-03 21:00:46.346243     0     0 I PM      : noirq resume of devices complete after 3.532 msecs
11-03 21:00:46.351755     0     0 I PM      : early resume of devices complete after 4.043 msecs
11-03 21:00:46.353255    21    21 E         : [21:00:47.230677] [00000007DDFABC00] [VosRX]  wlan: [E :WDI] WDTS_RxPacketDump RX Data frame is UC
11-03 21:00:46.353279    21    21 E         : [21:00:47.230712] [00000007DDFABE84] [VosRX]  wlan: [E :WDI] WDTS_RxPacketDump: Data subtype:8 SA:44:fe:3b:41:13:4b DA:00:0a:f5:f2:a2:70
11-03 21:00:46.353375    21    21 E         : [21:00:47.230806] [00000007DDFAC5AA] [VosRX]  wlan: [E :HDD] hdd_log_ip_addr: src addr 192:168:1:3
11-03 21:00:46.353388    21    21 E         : [21:00:47.230822] [00000007DDFAC6DC] [VosRX]  wlan: [E :HDD] hdd_log_ip_addr: dst addr 192:168:1:14
11-03 21:00:46.380825     0     0 I bgcom   : bgcom_pm_resume: Bgcom resumed with : 0
11-03 21:00:46.386739     0     0 I PM      : resume of devices complete after 34.957 msecs
11-03 21:00:46.389335     0     0 I         : Restarting tasks ...
11-03 21:00:46.391899     0     0 W QSEECOM : qseecom_receive_req: Interrupted: exiting Listener Service = 8192
11-03 21:00:46.391961     0     0 W QSEECOM : qseecom_receive_req: Interrupted: exiting Listener Service = 12288
11-03 21:00:46.391996     0     0 W QSEECOM : qseecom_receive_req: Interrupted: exiting Listener Service = 28672
11-03 21:00:46.394787     0     0 W QSEECOM : qseecom_receive_req: Interrupted: exiting Listener Service = 11
11-03 21:00:46.394947     0     0 W QSEECOM : qseecom_receive_req: Interrupted: exiting Listener Service = 10
11-03 21:00:46.396126     0     0 I         : done.
11-03 21:00:47.274315     0     0 I PM      : suspend exit 2021-11-03 20:00:47.274315354 UTC
11-03 21:00:47.378854     0     0 I PM      : suspend entry 2021-11-03 20:00:47.378854416 UTC
11-03 21:00:47.378868     0     0 I PM      : Syncing filesystems ... done.
11-03 21:00:47.472528     0     0 I         : Freezing user space processes ...
11-03 21:00:47.477445     0     0 I PM      : Wakeup pending, aborting suspend
11-03 21:00:47.477461     0     0 I         : active wakeup source: qcom_rx_wakelock
11-03 21:00:47.477550     0     0 E         : Freezing of tasks aborted after 0.005 seconds
11-03 21:00:47.477563     0     0 I         : Restarting tasks ...
11-03 21:00:47.478218     0     0 W QSEECOM : qseecom_receive_req: Interrupted: exiting Listener Service = 10
11-03 21:00:47.481764     0     0 W QSEECOM : qseecom_receive_req: Interrupted: exiting Listener Service = 11
11-03 21:00:47.481815     0     0 W QSEECOM : qseecom_receive_req: Interrupted: exiting Listener Service = 28672
11-03 21:00:47.481846     0     0 W QSEECOM : qseecom_receive_req: Interrupted: exiting Listener Service = 8192
11-03 21:00:47.482926     0     0 W QSEECOM : qseecom_receive_req: Interrupted: exiting Listener Service = 12288
11-03 21:00:47.483458     0     0 I         : done.
11-03 21:00:47.484112     0     0 I PM      : suspend exit 2021-11-03 20:00:47.484112281 UTC
--------- switch to main
11-03 21:00:47.697000  4276  4276 W /system/bin/adbd: type=1400 audit(0.0:358): avc: denied { getattr } for comm=73796E6320737663203537 path="/init" dev="dm-0" ino=18 scontext=u:r:adbd:s0 tcontext=u:object_r:init_exec:s0 tclass=file permissive=0
11-03 21:00:47.697000  4276  4276 W /system/bin/adbd: type=1400 audit(0.0:359): avc: denied { getattr } for comm=73796E6320737663203537 path="/init.environ.rc" dev="dm-0" ino=13 scontext=u:r:adbd:s0 tcontext=u:object_r:rootfs:s0 tclass=file permissive=0
