11-03 07:38:34.198767     0     0 I CPU0    : msm_cpu_pm_enter_sleep mode:3 during suspend
11-03 07:38:34.198767     0     0 I         : Suspended for 2.748 seconds
11-03 07:38:34.198767     0     0 I resume cycles: 1017682201107
11-03 07:38:34.199007     0     0 I         : Enabling non-boot CPUs ...
--------- switch to main
11-03 07:38:37.025347 10095 10150 W bt_sdp  : SDP - Rcvd conn cnf with error: 0x4  CID 0x47
11-03 07:38:37.034582 10095 10133 D BluetoothHeadsetClientServiceJni: connection_state_cb: state 0 peer_feat 0 chld_feat 0
11-03 07:38:37.035190 10095 10133 E bt_btif : btif_hf_client_get_cb_by_bda: could not find block for bdaddr
11-03 07:38:37.035257 10095 10133 E bt_btif : btif_hf_client_upstreams_evt: event 3 but not allocating block: cb not found
11-03 07:38:37.035318 10095 10133 I bt_btif_queue: queue_int_advance: removing connection request: address=14:3c:c3:ad:3d:53 UUID=111E busy=true
11-03 07:38:37.035557 10095 10167 D HeadsetClientStateMachine: Enter Disconnected: 100
--------- switch to kernel
11-03 07:38:34.199334     0     0 I CPU1    : update cpu_capacity 1024
11-03 07:38:34.200312     0     0 I         : CPU1 is up
11-03 07:38:34.201910     0     0 I PM      : noirq resume of devices complete after 1.429 msecs
11-03 07:38:34.204564     0     0 I PM      : early resume of devices complete after 1.684 msecs
11-03 07:38:34.206334     0     0 I CPU0    : update max cpu_capacity 748
11-03 07:38:34.227488     0     0 I bgcom   : bgcom_pm_resume: Bgcom resumed with : 0
11-03 07:38:34.237412     0     0 I mdss_dsi_panel_set_idle_mode: Idle (1->1)
11-03 07:38:34.269028     0     0 I PM      : resume of devices complete after 64.423 msecs
11-03 07:38:34.270989     0     0 I         : Restarting tasks ...
11-03 07:38:34.273916     0     0 W QSEECOM : qseecom_receive_req: Interrupted: exiting Listener Service = 8192
11-03 07:38:34.273965     0     0 W QSEECOM : qseecom_receive_req: Interrupted: exiting Listener Service = 12288
11-03 07:38:34.273997     0     0 W QSEECOM : qseecom_receive_req: Interrupted: exiting Listener Service = 11
11-03 07:38:34.274029     0     0 W QSEECOM : qseecom_receive_req: Interrupted: exiting Listener Service = 10
11-03 07:38:34.274053     0     0 W QSEECOM : qseecom_receive_req: Interrupted: exiting Listener Service = 28672
11-03 07:38:34.286429     0     0 I         : done.
11-03 07:38:37.034957     0     0 I PM      : suspend exit 2021-11-03 06:38:37.034957939 UTC
--------- switch to system
11-03 07:38:37.097253  1686  1702 I ActivityManager: Skipping duplicate ANR: ProcessRecord{361f4aa 7745:com.montblanc.smartwatch.toolbox/u0a38} Broadcast of Intent { act=android.intent.action.SCREEN_OFF flg=0x50200010 }
--------- switch to main
11-03 07:38:37.098593 10095 10095 D AdapterProperties: PROFILE_CONNECTION_STATE_CHANGE: profile=16, device=14:3C:C3:AD:3D:53, 1 -> 0
11-03 07:38:37.098890 10095 10095 D AdapterProperties: ADAPTER_CONNECTION_STATE_CHANGE: 14:3C:C3:AD:3D:53: 1 -> 0
11-03 07:38:37.108007  5603  5603 D BtTelecomReceiver: onReceive: Intent { act=android.bluetooth.headsetclient.profile.action.CONNECTION_STATE_CHANGED flg=0x10 cmp=com.google.android.apps.wearable.bluetooth/com.google.android.clockwork.hfp.BtTelecomBroadcastReceiver (has extras) }
11-03 07:38:37.108422  5603  5603 D BtTelecomReceiver: Hfp connection changed: -724754873 1 -> 0
11-03 07:38:37.115713  5603  5603 D HfpClientConnService: onCreate
11-03 07:38:37.116387  5603  5603 D HfpClientConnService: disabling HFP
11-03 07:38:37.116471  5603  5603 I HfpClientConnService: enable request:Enable Request - time:1635921517108 type:false reason:headset client disconnected
11-03 07:38:37.118506  5603  5603 I HfpClientConnService: account already disabled
--------- switch to system
11-03 07:38:37.121420  1686  9763 W BroadcastQueue: Background execution not allowed: receiving Intent { act=android.bluetooth.adapter.action.CONNECTION_STATE_CHANGED flg=0x4000010 (has extras) } to com.google.android.gms/.chimera.GmsIntentOperationService$PersistentTrustedReceiver
--------- switch to kernel
11-03 07:38:37.444638     0     0 I PM      : suspend entry 2021-11-03 06:38:37.444638147 UTC
11-03 07:38:37.444647     0     0 I PM      : Syncing filesystems ... done.
11-03 07:38:37.517294     0     0 I         : Freezing user space processes ... (elapsed 0.007 seconds) done.
11-03 07:38:37.525207     0     0 I         : Freezing remaining freezable tasks ... (elapsed 0.002 seconds) done.
11-03 07:38:37.528170     0     0 I         : Suspending console(s) (use no_console_suspend to debug)
11-03 07:38:37.538737     0     0 I mdss_dsi_panel_set_idle_mode: Idle (1->1)
11-03 07:38:37.578652     0     0 I bgcom   : bgcom_pm_suspend: suspended with : 0
11-03 07:38:37.607618     0     0 I PM      : suspend of devices complete after 77.906 msecs
11-03 07:38:37.610309     0     0 I PM      : late suspend of devices complete after 2.672 msecs
11-03 07:38:37.613300     0     0 I PM      : noirq suspend of devices complete after 2.977 msecs
11-03 07:38:37.613307     0     0 I         : Disabling non-boot CPUs ...
11-03 07:38:37.625833     0     0 I CPU1    : shutdown
11-03 07:38:37.626622     0     0 I suspend ns: 2585286246707	suspend cycles:    1017695252771
11-03 07:38:37.626612     0     0 I CPU0    : msm_cpu_pm_enter_sleep mode:3 during suspend
11-03 07:38:37.626612     0     0 I         : Suspended for 54.963 seconds
11-03 07:38:37.626612     0     0 I resume cycles: 1018750560914
11-03 07:38:37.626898     0     0 I         : Enabling non-boot CPUs ...
11-03 07:38:37.627222     0     0 I CPU1    : update cpu_capacity 1024
11-03 07:38:37.628208     0     0 I         : CPU1 is up
11-03 07:38:37.629802     0     0 I PM      : noirq resume of devices complete after 1.413 msecs
11-03 07:38:37.632702     0     0 I PM      : early resume of devices complete after 1.690 msecs
11-03 07:38:37.634262     0     0 I CPU0    : update max cpu_capacity 748
11-03 07:38:37.655579     0     0 I bgcom   : bgcom_pm_resume: Bgcom resumed with : 0
11-03 07:38:37.665350     0     0 I mdss_dsi_panel_set_idle_mode: Idle (1->1)
11-03 07:38:37.697258     0     0 I PM      : resume of devices complete after 64.539 msecs
11-03 07:38:37.699129     0     0 I         : Restarting tasks ...
11-03 07:38:37.701434     0     0 W QSEECOM : qseecom_receive_req: Interrupted: exiting Listener Service = 8192
11-03 07:38:37.701538     0     0 W QSEECOM : qseecom_receive_req: Interrupted: exiting Listener Service = 12288
11-03 07:38:37.704120     0     0 W QSEECOM : qseecom_receive_req: Interrupted: exiting Listener Service = 11
11-03 07:38:37.704275     0     0 W QSEECOM : qseecom_receive_req: Interrupted: exiting Listener Service = 10
11-03 07:38:37.704309     0     0 W QSEECOM : qseecom_receive_req: Interrupted: exiting Listener Service = 28672
11-03 07:38:37.710522     0     0 I         : done.
11-03 07:39:32.675175     0     0 I PM      : suspend exit 2021-11-03 06:39:32.675175937 UTC
11-03 07:39:32.780333     0     0 I PM      : suspend entry 2021-11-03 06:39:32.780333802 UTC
11-03 07:39:32.780352     0     0 I PM      : Syncing filesystems ... done.
11-03 07:39:32.852755     0     0 I         : Freezing user space processes ... (elapsed 0.005 seconds) done.
11-03 07:39:32.857972     0     0 I         : Freezing remaining freezable tasks ... (elapsed 0.003 seconds) done.
11-03 07:39:32.861163     0     0 I         : Suspending console(s) (use no_console_suspend to debug)
11-03 07:39:32.872720     0     0 I mdss_dsi_panel_set_idle_mode: Idle (1->1)
11-03 07:39:32.912354     0     0 I bgcom   : bgcom_pm_suspend: suspended with : 0
11-03 07:39:32.940781     0     0 I PM      : suspend of devices complete after 78.056 msecs
11-03 07:39:32.943469     0     0 I PM      : late suspend of devices complete after 2.671 msecs
11-03 07:39:32.946460     0     0 I PM      : noirq suspend of devices complete after 2.976 msecs
11-03 07:39:32.946466     0     0 I         : Disabling non-boot CPUs ...
--------- switch to main
11-03 07:40:54.675638  2520  2714 D HOME    : [TickMonitor]Received time tick
11-03 07:40:54.676116  2520  2714 D HOME    : [TickMonitor]handleTimeTick() finished
11-03 07:40:54.692674  1686  1820 I WearCellularMediator: OFF_SIM_ABSENT changed radio power: false
--------- switch to kernel
11-03 07:39:32.959678     0     0 I CPU1    : shutdown
11-03 07:39:32.960385     0     0 I suspend ns: 2585656058687	suspend cycles:    1018757661304
11-03 07:39:32.960376     0     0 I CPU0    : msm_cpu_pm_enter_sleep mode:3 during suspend
11-03 07:39:32.960376     0     0 I         : Suspended for 81.629 seconds
11-03 07:39:32.960376     0     0 I resume cycles: 1020324944961
11-03 07:39:32.960597     0     0 I         : Enabling non-boot CPUs ...
11-03 07:39:32.960922     0     0 I CPU1    : update cpu_capacity 1024
11-03 07:39:32.961899     0     0 I         : CPU1 is up
11-03 07:39:32.963479     0     0 I PM      : noirq resume of devices complete after 1.405 msecs
11-03 07:39:32.966379     0     0 I PM      : early resume of devices complete after 1.693 msecs
11-03 07:39:32.968190     0     0 I CPU1    : update max cpu_capacity 748
11-03 07:39:32.989468     0     0 I bgcom   : bgcom_pm_resume: Bgcom resumed with : 0
11-03 07:39:32.999276     0     0 I mdss_dsi_panel_set_idle_mode: Idle (1->1)
11-03 07:39:33.031221     0     0 I PM      : resume of devices complete after 64.825 msecs
11-03 07:39:33.033062     0     0 I         : Restarting tasks ...
11-03 07:39:33.035028     0     0 W QSEECOM : qseecom_receive_req: Interrupted: exiting Listener Service = 12288
11-03 07:39:33.035071     0     0 W QSEECOM : qseecom_receive_req: Interrupted: exiting Listener Service = 10
11-03 07:39:33.035104     0     0 W QSEECOM : qseecom_receive_req: Interrupted: exiting Listener Service = 28672
11-03 07:39:33.037479     0     0 W QSEECOM : qseecom_receive_req: Interrupted: exiting Listener Service = 8192
11-03 07:39:33.037519     0     0 W QSEECOM : qseecom_receive_req: Interrupted: exiting Listener Service = 11
11-03 07:39:33.047756     0     0 I         : done.
11-03 07:40:54.679893     0     0 I PM      : suspend exit 2021-11-03 06:40:54.679893770 UTC
11-03 07:40:54.780636     0     0 I PM      : suspend entry 2021-11-03 06:40:54.780636895 UTC
11-03 07:40:54.780657     0     0 I PM      : Syncing filesystems ... done.
11-03 07:40:54.851184     0     0 I         : Freezing user space processes ... (elapsed 0.007 seconds) done.
11-03 07:40:54.858722     0     0 I         : Freezing remaining freezable tasks ... (elapsed 0.002 seconds) done.
11-03 07:40:54.861681     0     0 I         : Suspending console(s) (use no_console_suspend to debug)
11-03 07:40:54.872201     0     0 I mdss_dsi_panel_set_idle_mode: Idle (1->1)
11-03 07:40:54.911767     0     0 I bgcom   : bgcom_pm_suspend: suspended with : 0
11-03 07:40:54.939652     0     0 I PM      : suspend of devices complete after 76.429 msecs
11-03 07:40:54.942388     0     0 I PM      : late suspend of devices complete after 2.718 msecs
11-03 07:40:54.945381     0     0 I PM      : noirq suspend of devices complete after 2.980 msecs
11-03 07:40:54.945388     0     0 I         : Disabling non-boot CPUs ...
11-03 07:40:54.959011     0     0 I CPU1    : shutdown
11-03 07:40:54.959851     0     0 I suspend ns: 2586026170406	suspend cycles:    1020332051106
11-03 07:40:54.959842     0     0 I CPU0    : msm_cpu_pm_enter_sleep mode:3 during suspend
11-03 07:40:54.959842     0     0 I         : Suspended for 229.372 seconds
11-03 07:40:54.959842     0     0 I resume cycles: 1024736004866
11-03 07:40:54.960385     0     0 I         : Enabling non-boot CPUs ...
11-03 07:40:54.960711     0     0 I CPU1    : update cpu_capacity 1024
11-03 07:40:54.961679     0     0 I         : CPU1 is up
--------- switch to system
11-03 07:44:44.453972  1686  1686 I PowerManagerService: Waking up from dozing (uid=1000 reason=tiltToWake)...
11-03 07:44:44.485478  1686  1686 W UsageStatsService: Event reported without a package name
--------- switch to kernel
11-03 07:40:54.963385     0     0 I PM      : noirq resume of devices complete after 1.540 msecs
11-03 07:40:54.966217     0     0 I PM      : early resume of devices complete after 1.862 msecs
11-03 07:40:54.967474     0     0 I CPU1    : update max cpu_capacity 748
11-03 07:40:54.989936     0     0 I bgcom   : bgcom_pm_resume: Bgcom resumed with : 0
11-03 07:40:54.999548     0     0 I mdss_dsi_panel_set_idle_mode: Idle (1->1)
11-03 07:40:55.040346     0     0 I PM      : resume of devices complete after 74.111 msecs
11-03 07:40:55.042353     0     0 I         : Restarting tasks ...
11-03 07:40:55.045007     0     0 W QSEECOM : qseecom_receive_req: Interrupted: exiting Listener Service = 12288
11-03 07:40:55.045054     0     0 W QSEECOM : qseecom_receive_req: Interrupted: exiting Listener Service = 10
11-03 07:40:55.045083     0     0 W QSEECOM : qseecom_receive_req: Interrupted: exiting Listener Service = 28672
11-03 07:40:55.075789     0     0 W QSEECOM : qseecom_receive_req: Interrupted: exiting Listener Service = 8192
11-03 07:40:55.075852     0     0 W QSEECOM : qseecom_receive_req: Interrupted: exiting Listener Service = 11
11-03 07:40:55.108861     0     0 I         : done.
11-03 07:44:44.482336     0     0 I PM      : suspend exit 2021-11-03 06:44:44.482336547 UTC
11-03 07:44:44.491745     0     0 E FG      : fg_psy_get_property: unsupported property 7
11-03 07:44:44.407792     0     0 W healthd : battery l=28 v=3794 t=23.0 h=2 st=3 c=7 fc=443000 cc=0 chg=
--------- switch to main
11-03 07:44:44.519396   512  1749 I sensors-hal: batch:140, android.sensor.light/46, period=100000000, max_latency=0
11-03 07:44:44.519523   512  1749 I sensors-hal: batch:149, android.sensor.light/46, period=100000000, max_latency=0 request completed
11-03 07:44:44.520678   512  1749 I sensors-hal: activate:107, android.sensor.light/46 en=1
11-03 07:44:44.520937   512  1749 I sensors-hal: ssc_enable_rt_task:254, ssc_enable_rt_task : true
11-03 07:44:44.526885   512  1749 I sensors-hal: activate:118, android.sensor.light/46 en=1 completed
11-03 07:44:44.528039  1686  1823 I SidekickService: endDisplayLocked()
--------- switch to system
11-03 07:44:44.528682  1686  1710 I DisplayManagerService: Display device changed state: "Écran intégré", ON
--------- switch to main
11-03 07:44:44.528799   512  1749 I sensors-hal: batch:140, android.sensor.accelerometer/48, period=66667000, max_latency=100000000
11-03 07:44:44.528842   512  1749 I sensors-hal: batch:149, android.sensor.accelerometer/48, period=66667000, max_latency=100000000 request completed
11-03 07:44:44.529128   512  1749 I sensors-hal: activate:107, android.sensor.accelerometer/48 en=1
11-03 07:44:44.529372   512  1749 I sensors-hal: ssc_enable_rt_task:254, ssc_enable_rt_task : true
11-03 07:44:44.532564   416  2389 D SKGHAL  : sendAmbientEvent: enter: enable = 0
11-03 07:44:44.551805  1686  1759 I InputReader: Reconfiguring input devices.  changes=0x00000004
11-03 07:44:44.553648  4243  4243 D OMService: onDisplayChanged: not dozing
11-03 07:44:44.561755   512  1749 I sensors-hal: activate:118, android.sensor.accelerometer/48 en=1 completed
11-03 07:44:44.566121  1956  1956 D QtiCarrierConfigHelper: WARNING, no carrier configs on phone Id: 0
11-03 07:44:44.566198  2520  2520 D HOME    : [BatteryChange]action: android.intent.action.BATTERY_CHANGED
11-03 07:44:44.567054  2520 10244 D HOME    : [BatteryChange]HandleBatteryChangedTask
11-03 07:44:44.567449  2520 10244 D HOME    : [BatteryChange]level: 28, status: 3
11-03 07:44:44.581944  1686  1799 E WifiStateMachine: getWifiLinkLayerStats called without an interface
--------- switch to system
11-03 07:44:44.585731  1686  1702 W BroadcastQueue: Background execution not allowed: receiving Intent { act=android.intent.action.USER_PRESENT flg=0x10 } to com.google.android.gms/.auth.setup.devicesignals.LockScreenReceiver
11-03 07:44:44.586050  1686  1702 W BroadcastQueue: Background execution not allowed: receiving Intent { act=android.intent.action.USER_PRESENT flg=0x10 } to com.google.android.gms/.chimera.GmsIntentOperationService$PersistentTrustedReceiver
--------- switch to main
11-03 07:44:44.589042  3205  3434 W WorkController: Loading failed for worker [trainingcache]: worker not found
11-03 07:44:44.590168  3205  3372 W A       : TrainingCache cache DEVICE_UNLOCKED failure
11-03 07:44:44.590168  3205  3372 W A       : com.google.android.apps.gsa.search.core.service.h.a.a: No worker found for Worker ID [trainingcache].
11-03 07:44:44.590168  3205  3372 W A       : 	at com.google.android.apps.gsa.search.core.service.g.a.c.a(Unknown Source:5)
11-03 07:44:44.590168  3205  3372 W A       : 	at com.google.android.libraries.gsa.c.a.d.a(Unknown Source:3)
11-03 07:44:44.590168  3205  3372 W A       : 	at com.google.common.p.a.cg.c(Unknown Source:2)
11-03 07:44:44.590168  3205  3372 W A       : 	at com.google.common.p.a.bk.run(SourceFile:3)
11-03 07:44:44.590168  3205  3372 W A       : 	at com.google.common.p.a.ci.run(Unknown Source:4)
11-03 07:44:44.590168  3205  3372 W A       : 	at com.google.apps.tiktok.concurrent.ab.run(SourceFile:1)
11-03 07:44:44.590168  3205  3372 W A       : 	at java.util.concurrent.ThreadPoolExecutor.runWorker(ThreadPoolExecutor.java:1167)
11-03 07:44:44.590168  3205  3372 W A       : 	at java.util.concurrent.ThreadPoolExecutor$Worker.run(ThreadPoolExecutor.java:641)
11-03 07:44:44.590168  3205  3372 W A       : 	at com.google.apps.tiktok.concurrent.c.run(Unknown Source:4)
11-03 07:44:44.590168  3205  3372 W A       : 	at java.lang.Thread.run(Thread.java:764)
11-03 07:44:44.682121  1686  1686 I WearPower: [WearTouchMediator] changing touch input to enabled (ON_AUTO)
11-03 07:44:44.683009  1686  1759 I InputReader: Reconfiguring input devices.  changes=0x00000200
--------- switch to kernel
11-03 07:44:44.577937     0     0 E bgrsb   : bgrsb_enable: rsb will set report rate
11-03 07:44:44.598579     0     0 I init    : processing action (ro.enable_core_ctl=true && sys.cw_corectl_mode=perf) from (/vendor/etc/init/hw/init.qcom.rc:954)
11-03 07:44:44.600681     0     0 I CPU2    : update cpu_capacity 1024
--------- switch to main
11-03 07:44:44.694032  1686  1686 D WristGestureCtrl: Starting: GesturesEnabled-false UngazeEnabled-true
11-03 07:44:44.694150  1686  1686 D DefaultUngazeDetector: starting
11-03 07:44:44.694218  1686  1686 D DefaultUngazeDetector: startUngazeStateEstimation(). startTime = 53364124
11-03 07:44:44.694450  1686  1686 W AlarmManagerProxy: Removing unknown listener
11-03 07:44:44.695239   512  1749 I sensors-hal: batch:140, android.sensor.accelerometer/48, period=19231000, max_latency=100000000
11-03 07:44:44.696167   512 10415 I sensors-hal: handle_indication_realtime:355,  SCHED_FIFO(10) for qmi_cbk
11-03 07:44:44.696867   512  1749 I sensors-hal: batch:149, android.sensor.accelerometer/48, period=19231000, max_latency=100000000 request completed
11-03 07:44:44.696978  1686  1686 W DefaultSettingsContentR: Value for ambient_low_bit_enabled not stored as number. Attempting parse as boolean.
11-03 07:44:44.697254   512  1749 I sensors-hal: flush:169, android.sensor.accelerometer/48
11-03 07:44:44.698252   512  1749 I sensors-hal: flush:175, android.sensor.accelerometer/48 completed
11-03 07:44:44.716948  3205  3434 W WorkController: Loading failed for worker [trainingcache]: worker not found
11-03 07:44:44.719631  3205  3294 W A       : TrainingCache cache SCREEN_ON failure
11-03 07:44:44.719631  3205  3294 W A       : com.google.android.apps.gsa.search.core.service.h.a.a: No worker found for Worker ID [trainingcache].
11-03 07:44:44.719631  3205  3294 W A       : 	at com.google.android.apps.gsa.search.core.service.g.a.c.a(Unknown Source:5)
11-03 07:44:44.719631  3205  3294 W A       : 	at com.google.android.libraries.gsa.c.a.d.a(Unknown Source:3)
11-03 07:44:44.719631  3205  3294 W A       : 	at com.google.common.p.a.cg.c(Unknown Source:2)
11-03 07:44:44.719631  3205  3294 W A       : 	at com.google.common.p.a.bk.run(SourceFile:3)
11-03 07:44:44.719631  3205  3294 W A       : 	at com.google.common.p.a.ci.run(Unknown Source:4)
11-03 07:44:44.719631  3205  3294 W A       : 	at com.google.apps.tiktok.concurrent.ab.run(SourceFile:1)
11-03 07:44:44.719631  3205  3294 W A       : 	at java.util.concurrent.ThreadPoolExecutor.runWorker(ThreadPoolExecutor.java:1167)
11-03 07:44:44.719631  3205  3294 W A       : 	at java.util.concurrent.ThreadPoolExecutor$Worker.run(ThreadPoolExecutor.java:641)
11-03 07:44:44.719631  3205  3294 W A       : 	at com.google.apps.tiktok.concurrent.c.run(Unknown Source:4)
11-03 07:44:44.719631  3205  3294 W A       : 	at java.lang.Thread.run(Thread.java:764)
--------- switch to kernel
11-03 07:44:44.619668     0     0 I CPU3    : update cpu_capacity 1024
11-03 07:44:44.627644     0     0 I CPU2    : update max cpu_capacity 1024
--------- switch to main
11-03 07:44:44.757004  2520  2520 D HOME    : [StreamDBQueue]Promised revision #3003 to queue a new op
11-03 07:44:44.757308  2520  2520 D WatchStreamManager: Promised rank-blocked=true @ r#3003
11-03 07:44:44.758793  2520  2714 D HOME    : [TickMonitor]Received time tick
11-03 07:44:44.759040  2520  2714 D HOME    : [TickMonitor]handleTimeTick() finished
11-03 07:44:44.759619  2520 10244 D HOME    : [WatchStreamDB]Item alerting conditions - isInterruptive: false, recentlyInterrupted: false, isItemPinned: false, isUnread: false
11-03 07:44:44.760120  2520 10244 D HOME    : [StreamAlertingRegulator]isTheaterModeEnabled: false, isAlertingAllowedByOffBody: true, matchesLocalInterruptionFilter: true
11-03 07:44:44.760402  2520 10244 D HOME    : [WatchStreamDB]couldItemAlert: false, isTopItemChanged: false, isDeferralForTopItem: false
--------- switch to kernel
11-03 07:44:44.663832     0     0 I CPU0    : update max cpu_capacity 748
11-03 07:44:44.664732     0     0 I CPU3    : update max cpu_capacity 1024
--------- switch to main
11-03 07:44:44.784511   504   523 I SDM     : DisplayBase::SetDisplayState: Set state = 3, display 0
11-03 07:44:44.784696   504   523 D SDM     : HWCDisplayPrimary::SetStandByMode: Display is connected successfully
11-03 07:44:44.786251   416  2389 D SKGHAL  : standBy_update_control call succeed on 0
--------- switch to kernel
11-03 07:44:44.697461     0     0 E bgrsb   : bgrsb_enable: gpio 32 is valid
11-03 07:44:44.698308     0     0 I         : [touch]FB_BLANK_VSYNC_SUSPEND
11-03 07:44:44.698310     0     0 I         : [touch]Already in suspend state
--------- switch to main
11-03 07:44:44.786488   416  2389 D SKGHAL  : sendAmbientEvent: done: enable = 0
11-03 07:44:44.787958  1686  1823 D SidekickService:    ... endDisplay returns void
11-03 07:44:44.789838   545   545 D SurfaceFlinger: Set power mode=2, type=0 flinger=0xb6bb6000
11-03 07:44:44.790751   504   764 I SDM     : DisplayBase::SetDisplayState: Set state = 1, display 0
11-03 07:44:44.791247   512 10413 I sensors-hal: handle_indication_realtime:355,  SCHED_FIFO(10) for qmi_cbk
--------- switch to kernel
11-03 07:44:44.711910     0     0 I mdss_dsi_panel_set_idle_mode: Idle (1->0)
11-03 07:44:44.712702     0     0 E mdp3_enable_panic_ctrl: mdp3_enable_panic_ctrl: Enable Panic Control
--------- switch to main
11-03 07:44:44.800125   545   545 D SurfaceFlinger: Finished set power mode=2, type=0
--------- switch to system
11-03 07:44:44.802485  1686  1712 W PowerManagerService: Screen on took 477 ms
11-03 07:44:44.802795  1686  1712 I DreamManagerService: Gently waking up from dream.
11-03 07:44:44.803170  1686  1708 I DreamManagerService: Performing gentle wake from dream.
--------- switch to kernel
11-03 07:44:44.712781     0     0 I         : [touch]FB_BLANK_UNBLANK
11-03 07:44:44.712786     0     0 I         : [touch]raydium_ts_do_resume, 1.
11-03 07:44:44.713059     0     0 I         : [ raydium ]workqueue is empty!
11-03 07:44:44.713070     0     0 I raydium_ts 5-0039: [touch]Already enable irq
11-03 07:44:44.713072     0     0 I         : [touch]Device may wakeup
--------- switch to system
11-03 07:44:44.804058  1686  1686 V DreamService[AmbientDream]: wakeUp(): fromSystem=true, mWaking=false, mFinished=false
11-03 07:44:44.804190  1686  1686 V DreamService[AmbientDream]: finish(): mFinished=false
11-03 07:44:44.804270  1686  1686 I DreamManagerService: Leaving dreamland.
11-03 07:44:44.804757  1686  1708 I DreamManagerService: Performing gentle wake from dream.
11-03 07:44:44.804889  1686  1708 I DreamController: Stopping dream: name=ComponentInfo{com.google.android.wearable.ambient/com.google.android.wearable.ambient.AmbientDream}, isTest=false, canDoze=true, userId=0
11-03 07:44:44.806696  1686  1686 V DreamService[AmbientDream]: detach(): Calling onDreamingStopped()
--------- switch to main
11-03 07:44:44.806868  1686  1686 I AmbientService: [ce6a28c] doOnDreamingStopped
11-03 07:44:44.806936  1686  1686 W AlarmManagerProxy: Removing unknown listener
11-03 07:44:44.814941  2520  2520 D HOME    : [HomeVisitsLogger]Logging streamlet event: visit_start
11-03 07:44:44.815510  2520  2520 D HOME    : [HomeVisitsLogger]Logging streamlet event: exit_ambient_mode
11-03 07:44:44.816461  2520  2520 D HOME    : [HotwordController]updateClient MODE_WATCH_FACE false false false true
11-03 07:44:44.818301  2520  2520 D HOME    : [WatchFaceUiController]setInAmbientMode false
11-03 07:44:44.818535  2520  2520 D HOME    : [WatchFaceUiController]sendWatchFaceServiceBinder
11-03 07:44:44.824042  1686  1686 I AmbientService: [ce6a28c] No auto-resume Activity.
11-03 07:44:44.825982  2520  2520 D HOME    : [WatchFaceUiController]sendStateToWallpaper
11-03 07:44:44.827478  2520  2520 D HOME    : [WatchFaceUiController]Showing watch face wallpaper.
11-03 07:44:44.827659  2520  2520 D HOME    : [WatchFaceUiController]sendStateToWallpaper
11-03 07:44:44.827296  1686  1686 W AlarmManager: Unrecognized alarm listener com.android.server.job.controllers.-$$Lambda$IdleController$IdlenessTracker$nTdS-lGBXcES5VWKcJFmQFgU7IU@1ab437a
11-03 07:44:44.830095  2520  2520 D HOME    : [StreamDBQueue]Promised revision #3004 to queue a new op
11-03 07:44:44.830341  2520  2520 D WatchStreamManager: Promised rank-blocked=true @ r#3004
11-03 07:44:44.830805  2520  2520 D HOME    : [StreamDBQueue]Promised revision #3005 to queue a new op
11-03 07:44:44.830943  2520  2520 D WatchStreamManager: Promised rank-blocked=true @ r#3005
11-03 07:44:44.831450  2520  2520 D HOME    : [TilesController]Tile refresh optimization is enabled.
11-03 07:44:44.832331  2520 10389 D HOME    : [WatchStreamDB]Item alerting conditions - isInterruptive: false, recentlyInterrupted: false, isItemPinned: false, isUnread: false
11-03 07:44:44.832691  2520 10389 D HOME    : [StreamAlertingRegulator]isTheaterModeEnabled: false, isAlertingAllowedByOffBody: true, matchesLocalInterruptionFilter: true
11-03 07:44:44.832762  2520  2520 D HOME    : [EventBus]Wrapper pool is full. Discarding excess wrapper instance for event com.google.android.clockwork.sysui.events.KeyguardStateEvent
11-03 07:44:44.832831  2520  2520 D HOME    : [WatchFaceUiController]sendStateToWallpaper
11-03 07:44:44.832891  2520 10389 D HOME    : [WatchStreamDB]couldItemAlert: false, isTopItemChanged: false, isDeferralForTopItem: false
--------- switch to system
11-03 07:44:44.837851  1686  1686 W ContextImpl: Calling a method in the system process without a qualified user: android.app.ContextImpl.sendBroadcast:1020 android.content.ContextWrapper.sendBroadcast:449 com.google.android.wearable.ambient.AmbientDream.onDestroy:273 android.app.ActivityThread.handleStopService:3698 android.app.ActivityThread.access$1700:200 
--------- switch to main
11-03 07:44:44.838921  1686  1686 E AlarmManager: cancel() called with a null PendingIntent
--------- switch to system
11-03 07:44:44.839800  1686  1686 V DreamService[AmbientDream]: onDestroy()
--------- switch to main
11-03 07:44:44.843783  2520  2520 D HOME    : [EventBus]Wrapper pool is full. Discarding excess wrapper instance for event com.google.android.clockwork.sysui.events.KeyguardStateEvent
11-03 07:44:44.844888  2520  2520 D HOME    : [EventBus]Wrapper pool is full. Discarding excess wrapper instance for event com.google.android.clockwork.sysui.events.KeyguardStateEvent
11-03 07:44:44.847748  2520 10389 D HOME    : [WatchStreamDB]Item alerting conditions - isInterruptive: false, recentlyInterrupted: false, isItemPinned: false, isUnread: false
11-03 07:44:44.848116  2520 10389 D HOME    : [StreamAlertingRegulator]isTheaterModeEnabled: false, isAlertingAllowedByOffBody: true, matchesLocalInterruptionFilter: true
11-03 07:44:44.848391  2520 10389 D HOME    : [WatchStreamDB]couldItemAlert: false, isTopItemChanged: false, isDeferralForTopItem: false
11-03 07:44:44.851545  2520  2520 D HOME    : [WatchFaceUiController]sendStateToWallpaper
11-03 07:44:44.851803  2520 10427 D HOME    : [DataRequester]cancelScheduledUpdates TileConfig{id=2, provider=ComponentInfo{com.google.android.wearable.app/com.google.android.clockwork.home.calendar.AgendaTileProviderService}}
11-03 07:44:44.855669  2520  2520 W StaticLayout: maxLineHeight should not be -1.  maxLines:1 lineCount:1
11-03 07:44:44.867595  2520 10427 D HOME    : [DataRequester]requestUpdateFromProvider TileConfig{id=2, provider=ComponentInfo{com.google.android.wearable.app/com.google.android.clockwork.home.calendar.AgendaTileProviderService}}
11-03 07:44:44.898948  2520  2520 D HOME    : [AgendaController]loadEvents
11-03 07:44:44.905178  2520  6286 D HOME    : [AgendaController]Fetching event data for window: EventWindow{Wed Nov 03 00:00:00 GMT+01:00 2021,Fri Nov 05 23:59:59 GMT+01:00 2021}
11-03 07:44:44.907133  2520  6286 D HOME    : [CwCal]CalendarEventsResolver:queryCalendarEventInstances:window=EventWindow{Wed Nov 03 00:00:00 GMT+01:00 2021,Fri Nov 05 23:59:59 GMT+01:00 2021}
11-03 07:44:44.962436  2520  2520 D HOME    : [AgendaController]Obtained events in UI thread: []
11-03 07:44:44.962938  2520  2520 D HOME    : [EventDiarizer]Constructing with window EventWindow{Wed Nov 03 00:00:00 GMT+01:00 2021,Fri Nov 05 23:59:59 GMT+01:00 2021}
11-03 07:44:44.966014  2520  2520 D HOME    : [AgendaMetricsLogger]eventDataNotPresent
11-03 07:44:44.966280  2520 10427 D HOME    : [DataRequester]cancelScheduledUpdates TileConfig{id=2, provider=ComponentInfo{com.google.android.wearable.app/com.google.android.clockwork.home.calendar.AgendaTileProviderService}}
11-03 07:44:44.966524  2520 10427 D HOME    : [DataRequester]cancelScheduledUpdates could not find jobId for provider 2
11-03 07:44:44.966761  2520 10427 D HOME    : [DataRequester]updateFinished 2
11-03 07:44:44.966851  2520 10427 D HOME    : [ProviderConnMgr]Unbinding from service
11-03 07:44:44.970527  2520 10427 D HOME    : [DataRequester]Scheduling job for TileConfig{id=2, provider=ComponentInfo{com.google.android.wearable.app/com.google.android.clockwork.home.calendar.AgendaTileProviderService}} delay=14400 jobId=2000118
11-03 07:44:45.260330   512   512 I sensors-hal: activate:107, android.sensor.light/46 en=0
11-03 07:44:45.261542   512   512 I sensors-hal: activate:118, android.sensor.light/46 en=0 completed
11-03 07:44:45.266098   512   512 I sensors-hal: batch:140, android.sensor.light/46, period=250000000, max_latency=0
11-03 07:44:45.266581   512   512 I sensors-hal: batch:149, android.sensor.light/46, period=250000000, max_latency=0 request completed
11-03 07:44:45.268948   512   512 I sensors-hal: activate:107, android.sensor.light/46 en=1
11-03 07:44:45.269848   512   512 I sensors-hal: ssc_enable_rt_task:254, ssc_enable_rt_task : true
11-03 07:44:45.276634   512   512 I sensors-hal: activate:118, android.sensor.light/46 en=1 completed
--------- switch to system
11-03 07:44:45.280449  1686  1686 V SettingsProvider: Notifying for 0: content://settings/system/screen_brightness
--------- switch to main
11-03 07:44:45.282988  1686  1686 I SidekickService: loadBrightnessLocked()
11-03 07:44:45.284181  1686  1686 D SidekickService: screenBrightness  = 50
11-03 07:44:45.284739  1686  1686 D SidekickService: sendConfigValuesLocked(): alsThresholds = [40, 92, 95, 100, 125, 150, 175, 200, 225, 250, 300, 400, 500, 800, 1200], brightnessValuesBright = [50, 56, 60, 70, 80, 90, 100, 115, 120, 140, 160, 180, 200, 220, 240, 255], brightnessValuesDim= [50, 56, 60, 70, 80, 90, 100, 115, 120, 140, 160, 180, 200, 220, 240, 255]
11-03 07:44:45.301568  1686  1686 D SidekickService: setAlsMode(): mode = 2, brightenAlpha = 80, dimmingAlpha = 80
11-03 07:44:45.312560  1686  1686 D SidekickService: setTwmConfig():: msTiltToBright = 10000, tiltToBright = false
11-03 07:44:45.340582   512 10430 I sensors-hal: handle_indication_realtime:355,  SCHED_FIFO(10) for qmi_cbk
11-03 07:44:50.782473   512   512 I sensors-hal: batch:140, android.sensor.accelerometer/48, period=66667000, max_latency=100000000
11-03 07:44:50.786593   512   512 I sensors-hal: batch:149, android.sensor.accelerometer/48, period=66667000, max_latency=100000000 request completed
11-03 07:44:50.787997  1686  1686 D DefaultUngazeDetector: Ungaze event occurred; emitting gesture event!
11-03 07:44:50.788126  1686  1686 D WristGestureCtrl: Gesture:GESTURE UNGAZE, timestamp(ms): 53364124, confidence: 0.0, latency(ms): 0, duration(ms): 6094
11-03 07:44:50.789404   512   512 I sensors-hal: batch:140, android.sensor.accelerometer/48, period=19231000, max_latency=100000000
11-03 07:44:50.791342   512   512 I sensors-hal: batch:149, android.sensor.accelerometer/48, period=19231000, max_latency=100000000 request completed
11-03 07:44:50.791758   512   512 I sensors-hal: flush:169, android.sensor.accelerometer/48
11-03 07:44:50.793671   512   512 I sensors-hal: flush:175, android.sensor.accelerometer/48 completed
--------- switch to system
11-03 07:44:50.795428  1686  1686 I WindowManager: sleepRelease() calling goToSleep(GO_TO_SLEEP_REASON_SLEEP_BUTTON)
11-03 07:44:50.796030  1686  1686 I PowerManagerService: Going to sleep due to sleep button (uid 1000)...
11-03 07:44:50.798380  1686  1712 I DreamManagerService: Entering dreamland.
11-03 07:44:50.798511  1686  1686 W UsageStatsService: Event reported without a package name
11-03 07:44:50.799117  1686  1712 I PowerManagerService: Dozing...
11-03 07:44:50.817060  1686  1708 I DreamController: Starting dream: name=ComponentInfo{com.google.android.wearable.ambient/com.google.android.wearable.ambient.AmbientDream}, isTest=false, canDoze=true, userId=0
11-03 07:44:50.838653  1686  1686 W ContextImpl: Calling a method in the system process without a qualified user: android.app.ContextImpl.bindService:1611 android.content.ContextWrapper.bindService:698 com.google.android.wearable.ambient.AmbientDream.onCreate:191 android.app.ActivityThread.handleCreateService:3533 android.app.ActivityThread.access$1300:200 
11-03 07:44:50.844443  1686  1686 W ContextImpl: Calling a method in the system process without a qualified user: android.app.ContextImpl.sendBroadcast:1005 android.content.ContextWrapper.sendBroadcast:444 com.google.android.wearable.ambient.AmbientDream.onCreate:241 android.app.ActivityThread.handleCreateService:3533 android.app.ActivityThread.access$1300:200 
11-03 07:44:50.846326  1686  1686 V DreamService[AmbientDream]: onBind() intent = Intent { act=android.service.dreams.DreamService flg=0x800000 cmp=com.google.android.wearable.ambient/.AmbientDream }
--------- switch to main
11-03 07:44:50.848720  1686  1686 I AmbientService: [ce6a28c] Ambient Created
--------- switch to system
11-03 07:44:50.850784  1686  1686 V DreamService[AmbientDream]: Calling onDreamingStarted()
--------- switch to main
11-03 07:44:50.851243  1686  1686 I AmbientService: [ce6a28c] doOnDreamingStarted
11-03 07:44:50.852319  1686  1686 D SidekickService: setShouldControlDisplay called: true
11-03 07:44:50.854364  1686  1686 I AmbientService: [ce6a28c] Selected running activity for ambient mode: AmbientActivity[component=ComponentInfo{com.google.android.wearable.app/com.google.android.clockwork.home2.activity.HomeActivity2}, callbacks=@210b385, running=true, ambientRequested=true, ambientEnabled=true, offloadEnabled=true]
11-03 07:44:50.856395  1686  1686 I AmbientService: [ce6a28c] Sidekick is ready to display, requesting doze.
11-03 07:44:50.858128  1686  1686 I AmbientService: [ce6a28c] No auto-resume Activity.
11-03 07:44:50.859823  1686  1686 W DefaultSettingsContentR: Value for ambient_low_bit_enabled not stored as number. Attempting parse as boolean.
11-03 07:44:50.863294  2520  2520 D HOME    : [HomeVisitsLogger]Logging streamlet event: enter_ambient_mode
11-03 07:44:50.864386  2520  2520 D HOME    : [HotwordController]updateClient MODE_WATCH_FACE false true false true
11-03 07:44:50.865145  2520 10427 D HOME    : [HomeVisitsLogger]Logging streamlet event: visit_end
11-03 07:44:50.866046  2520  2520 D HOME    : [WatchFaceUiController]setInAmbientMode true
11-03 07:44:50.867980  2520  2520 D HOME    : [StreamDBQueue]Promised revision #3006 to queue a new op
11-03 07:44:50.868298  2520  2520 D WatchStreamManager: Promised rank-blocked=false @ r#3006
11-03 07:44:50.868871  2520  2520 D HOME    : [StreamDBQueue]Promised revision #3007 to queue a new op
11-03 07:44:50.868871  2520 10428 D HOME    : [WatchStreamDB]Item alerting conditions - isInterruptive: false, recentlyInterrupted: false, isItemPinned: false, isUnread: false
11-03 07:44:50.869023  2520  2520 D WatchStreamManager: Promised rank-blocked=false @ r#3007
11-03 07:44:50.869230  2520 10428 D HOME    : [StreamAlertingRegulator]isTheaterModeEnabled: false, isAlertingAllowedByOffBody: true, matchesLocalInterruptionFilter: true
11-03 07:44:50.869481  2520 10428 D HOME    : [WatchStreamDB]couldItemAlert: false, isTopItemChanged: false, isDeferralForTopItem: false
11-03 07:44:50.870258  2520  2520 D HOME    : [EventBus]Wrapper pool is full. Discarding excess wrapper instance for event com.google.android.clockwork.sysui.events.KeyguardStateEvent
11-03 07:44:50.870379  2520  2520 D HOME    : [WatchFaceUiController]sendStateToWallpaper
11-03 07:44:50.870540  2520 10389 D HOME    : [StreamDBQueue]Promised revision #3008 to queue a new op
11-03 07:44:50.870662  2520 10389 D WatchStreamManager: Promised rerank @ r#3008
11-03 07:44:50.871376  1686  1686 I AmbientService: [ce6a28c] Showing watch face in offload mode, canceling alarm.
11-03 07:44:50.871742  1686  1686 W AlarmManagerProxy: Removing unknown listener
11-03 07:44:50.871840  1686  1686 D WristGestureCtrl: Stopping detectors: GesturesEnabled-false gestureDetector-false ungazeEnabled-true ungaze-true
11-03 07:44:50.871877  1686  1686 D DefaultUngazeDetector: stopping
11-03 07:44:50.871969  2520  2520 D HOME    : [EventBus]Wrapper pool is full. Discarding excess wrapper instance for event com.google.android.clockwork.sysui.events.KeyguardStateEvent
11-03 07:44:50.872229  2520  2520 D HOME    : [EventBus]Wrapper pool is full. Discarding excess wrapper instance for event com.google.android.clockwork.sysui.events.KeyguardStateEvent
11-03 07:44:50.873208   512   512 I sensors-hal: batch:140, android.sensor.accelerometer/48, period=66667000, max_latency=100000000
11-03 07:44:50.876055   512   512 I sensors-hal: batch:149, android.sensor.accelerometer/48, period=66667000, max_latency=100000000 request completed
11-03 07:44:50.882777  2520  2520 W StaticLayout: maxLineHeight should not be -1.  maxLines:1 lineCount:1
11-03 07:44:50.887813  2520 10428 D HOME    : [WatchStreamDB]Item alerting conditions - isInterruptive: false, recentlyInterrupted: false, isItemPinned: false, isUnread: false
11-03 07:44:50.888308  2520 10428 D HOME    : [StreamAlertingRegulator]isTheaterModeEnabled: false, isAlertingAllowedByOffBody: true, matchesLocalInterruptionFilter: true
11-03 07:44:50.888632  2520 10428 D HOME    : [WatchStreamDB]couldItemAlert: false, isTopItemChanged: false, isDeferralForTopItem: false
11-03 07:44:50.889653  2520 10428 D HOME    : [WatchStreamDB]updateRanking()
11-03 07:44:50.891124  2520 10428 D HOME    : [WatchStreamDB]Item alerting conditions - isInterruptive: false, recentlyInterrupted: false, isItemPinned: false, isUnread: false
11-03 07:44:50.893098  2520 10428 D HOME    : [StreamAlertingRegulator]isTheaterModeEnabled: false, isAlertingAllowedByOffBody: true, matchesLocalInterruptionFilter: true
11-03 07:44:50.893523  2520 10428 D HOME    : [WatchStreamDB]couldItemAlert: false, isTopItemChanged: false, isDeferralForTopItem: false
11-03 07:44:50.895136  2520 10428 D HOME    : [NewStreamAdapter]Publishing revision #3008 to adapter clients
11-03 07:44:50.897452  2520 10389 D HOME    : [StreamDBQueue]Promised revision #3009 to queue a new op
11-03 07:44:50.898315  2520 10389 D WatchStreamManager: Promised rerank @ r#3009
11-03 07:44:50.877468  2520 10427 I SidekickManager: replaceWatchFaceComponentsImpl(): watchFace = com.google.android.clockwork.decomposablewatchface.WatchFaceDecomposition@7b850a7
11-03 07:44:50.901261  1686  7887 D SidekickService: sendWatchFaceComponents called: watchFace = com.google.android.clockwork.decomposablewatchface.WatchFaceDecomposition@6148f71shouldReplace = false
11-03 07:44:50.901553  1686  7887 D SidekickService: Check decomposition for calling app com.google.android.wearable.app with uid 10049
--------- switch to kernel
11-03 07:44:50.816802     0     0 E FG      : fg_psy_get_property: unsupported property 7
11-03 07:44:50.821474     0     0 W healthd : battery l=28 v=3653 t=23.0 h=2 st=3 c=208 fc=443000 cc=0 chg=
--------- switch to main
11-03 07:44:50.902106  1686  7887 D SidekickService: sendWatchFaceLocked(): shouldReplace = false, mSidekickIsControlling = false, 1 images, 0 fonts, 0 numbers, 0 proportionalFonts, 0 strings
11-03 07:44:50.902179  1686  7887 D SidekickService: ISidekickGraphics#beginResources()...
11-03 07:44:50.902169  2520 10428 D HOME    : [WatchStreamDB]updateRanking()
11-03 07:44:50.903402  1686  7887 D SidekickServiceUtils: bitmapFromDrawable: Returning bitmap directly
11-03 07:44:50.905457  2520 10428 D HOME    : [WatchStreamDB]Item alerting conditions - isInterruptive: false, recentlyInterrupted: false, isItemPinned: false, isUnread: false
11-03 07:44:50.906763  1686  7887 D SidekickService: sendBitmapsLocked(): bounds = RectF(0.0, 0.0, 0.0024038462, 0.0024038462), drawableInfo = {.id = 100000, .width = 1, .height = 1, .display = true, .offsetX = 0.0, .offsetY = 0.0, .rotationInfo = {.hasRotation = false, .pivotX = 0.0, .pivotY = 0.0, .degreesPerDay = 0.0, .degreesPerStep = 0.0, .zeroDegreesTime = {.daysSinceLocalEpoch = 0, .msSinceMidnight = 0}}, .transformInfo = {.transformed = false, .flipX = false, .flipY = false, .flip45 = false, .scaleX = 0.0, .scaleY = 0.0}, .type = GENERIC, .blink = {.blinking = false, .periodOnMs = 0.0, .periodOffMs = 0.0, .startTime = {.daysSinceLocalEpoch = 0, .msSinceMidnight = 0}}, .zOrder = 8, .displayInTwm = true}, image.size() = 84
11-03 07:44:50.906848  2520 10428 D HOME    : [StreamAlertingRegulator]isTheaterModeEnabled: false, isAlertingAllowedByOffBody: true, matchesLocalInterruptionFilter: true
11-03 07:44:50.907175  2520 10428 D HOME    : [WatchStreamDB]couldItemAlert: false, isTopItemChanged: false, isDeferralForTopItem: false
11-03 07:44:50.907790   416   416 D SKGHAL  : saveResource: resId = 100000
11-03 07:44:50.908136  2520 10428 D HOME    : [NewStreamAdapter]Publishing revision #3009 to adapter clients
11-03 07:44:50.908966  1686  7887 D SidekickService: sendBitmapsLocked(): status = 0, bytesUsed = 18
11-03 07:44:50.909189  1686  7887 D SidekickService: ISidekickGraphics#endResources()...
11-03 07:44:50.914267  1956  1956 D QtiCarrierConfigHelper: WARNING, no carrier configs on phone Id: 0
11-03 07:44:50.927988  2520  2520 D HOME    : [BatteryChange]action: android.intent.action.BATTERY_CHANGED
11-03 07:44:50.928810  2520 10389 D HOME    : [BatteryChange]HandleBatteryChangedTask
11-03 07:44:50.930444  2520 10389 D HOME    : [BatteryChange]level: 28, status: 3
11-03 07:44:50.931485   512   512 I sensors-hal: activate:107, android.sensor.light/46 en=0
11-03 07:44:50.942052   512   512 I sensors-hal: activate:118, android.sensor.light/46 en=0 completed
11-03 07:44:50.947252   545   545 D SurfaceFlinger: Set power mode=3, type=0 flinger=0xb6bb6000
--------- switch to system
11-03 07:44:50.947612  1686  1710 I DisplayManagerService: Display device changed state: "Écran intégré", DOZE_SUSPEND
--------- switch to main
11-03 07:44:50.948440   504   764 I SDM     : DisplayBase::SetDisplayState: Set state = 3, display 0
11-03 07:44:50.984237   545   545 D SurfaceFlinger: Finished set power mode=3, type=0
11-03 07:44:50.985553  1686  1759 I InputReader: Reconfiguring input devices.  changes=0x00000004
--------- switch to kernel
11-03 07:44:50.862194     0     0 I mdss_dsi_panel_set_idle_mode: Idle (0->1)
11-03 07:44:50.894474     0     0 I         : [touch]FB_BLANK_VSYNC_SUSPEND
11-03 07:44:50.894481     0     0 I         : [touch]irq disable
11-03 07:44:50.894486     0     0 I         : [touch]workqueue is empty!
11-03 07:44:50.894489     0     0 I         : [touch]raydium_ts_do_suspend.
11-03 07:44:50.894499     0     0 I         : [touch]Device may wakeup
11-03 07:44:50.897398     0     0 I         : [touch]irq enable
--------- switch to main
11-03 07:44:51.324908   416   416 D SKGHAL  : sendResources: metadata size = 2400, font size = 72
11-03 07:44:51.388668   416   416 D SKGHAL  : endResources: rc = 0
11-03 07:44:51.389505  1686  1823 W system_server: Long monitor contention with owner Binder:1686_19 (7887) at int com.google.android.clockwork.sidekick.SidekickService$BinderService.sendWatchFace(com.google.android.clockwork.decomposablewatchface.WatchFaceDecomposition, boolean)(SidekickService.java:1021) waiters=0 in boolean com.google.android.clockwork.sidekick.SidekickService$LocalService.startDisplayControl(int) for 404ms
11-03 07:44:51.390148  1686  1823 I SidekickService: beginDisplayLocked(): DOZE_SUSPEND
11-03 07:44:51.390271  2520  2520 D HOME    : [SidekickManagerAsync]replaceWatchFaceComponents(): Callback#onResult(): 0
11-03 07:44:51.390477  2520  2520 D HOME    : [WatchFaceUiController]Complication updates sent, posting watch face hiding
11-03 07:44:51.390535  2520  2520 D HOME    : [WatchFaceUiController]Still in ambient watch face, hiding
11-03 07:44:51.390583  2520  2520 D HOME    : [WatchFaceUiController]Hiding watch face wallpaper.
11-03 07:44:51.390754   416   416 D SKGHAL  : sendAmbientPrepare: enter:
11-03 07:44:51.513862   416   416 D SKGHAL  : sendAmbientEvent: enter: enable = 1
11-03 07:44:51.514635   504   523 I SDM     : DisplayBase::SetDisplayState: Set state = 4, display 0
11-03 07:44:51.514705   504   523 D SDM     : HWCDisplayPrimary::SetStandByMode: Null display is connected successfully
11-03 07:44:51.514848   416   416 D SKGHAL  : standBy_update_control call succeed on 1
11-03 07:44:51.527428   416   416 D SKGHAL  : sendAmbientEvent: done: enable = 1
11-03 07:44:51.527831  1686  1823 D SidekickService:    ... beginDisplay result: 0 for halPower: 1
11-03 07:44:51.530702   512   512 I sensors-hal: activate:107, android.sensor.accelerometer/48 en=0
11-03 07:44:51.531783   512   512 I sensors-hal: activate:118, android.sensor.accelerometer/48 en=0 completed
11-03 07:44:51.536069  1686  1799 E WifiStateMachine: getWifiLinkLayerStats called without an interface
--------- switch to kernel
11-03 07:44:51.451241     0     0 E bgrsb   : bgrsb_enable: gpio 32 is valid
--------- switch to main
11-03 07:44:51.557335  1686  1686 I WearPower: [WearTouchMediator] changing touch input to enabled (ON_AUTO)
11-03 07:44:51.558390  1686  1759 I InputReader: Reconfiguring input devices.  changes=0x00000200
--------- switch to kernel
11-03 07:44:51.474809     0     0 I init    : processing action (ro.enable_core_ctl=true && sys.cw_corectl_mode=idle) from (/vendor/etc/init/hw/init.qcom.rc:949)
--------- switch to main
11-03 07:44:51.569158  1686  1686 I AmbientService: [ce6a28c] Timeout alarm not required, auto-resume timeout handled by dream.
11-03 07:44:51.577783  3205  3434 W WorkController: Loading failed for worker [trainingcache]: worker not found
11-03 07:44:51.579015  3205  3372 W A       : TrainingCache cache SCREEN_OFF failure
11-03 07:44:51.579015  3205  3372 W A       : com.google.android.apps.gsa.search.core.service.h.a.a: No worker found for Worker ID [trainingcache].
11-03 07:44:51.579015  3205  3372 W A       : 	at com.google.android.apps.gsa.search.core.service.g.a.c.a(Unknown Source:5)
11-03 07:44:51.579015  3205  3372 W A       : 	at com.google.android.libraries.gsa.c.a.d.a(Unknown Source:3)
11-03 07:44:51.579015  3205  3372 W A       : 	at com.google.common.p.a.cg.c(Unknown Source:2)
11-03 07:44:51.579015  3205  3372 W A       : 	at com.google.common.p.a.bk.run(SourceFile:3)
11-03 07:44:51.579015  3205  3372 W A       : 	at com.google.common.p.a.ci.run(Unknown Source:4)
11-03 07:44:51.579015  3205  3372 W A       : 	at com.google.apps.tiktok.concurrent.ab.run(SourceFile:1)
11-03 07:44:51.579015  3205  3372 W A       : 	at java.util.concurrent.ThreadPoolExecutor.runWorker(ThreadPoolExecutor.java:1167)
11-03 07:44:51.579015  3205  3372 W A       : 	at java.util.concurrent.ThreadPoolExecutor$Worker.run(ThreadPoolExecutor.java:641)
11-03 07:44:51.579015  3205  3372 W A       : 	at com.google.apps.tiktok.concurrent.c.run(Unknown Source:4)
11-03 07:44:51.579015  3205  3372 W A       : 	at java.lang.Thread.run(Thread.java:764)
11-03 07:44:51.598447  2520  2520 D HOME    : [StreamDBQueue]Promised revision #3010 to queue a new op
11-03 07:44:51.598738  2520  2520 D WatchStreamManager: Promised rank-blocked=false @ r#3010
11-03 07:44:51.599053  2520  2520 D HOME    : [CompactHunStarter]detachWindow()
11-03 07:44:51.599715  2520 10427 D HOME    : [WatchStreamDB]Item alerting conditions - isInterruptive: false, recentlyInterrupted: false, isItemPinned: false, isUnread: false
