11-03 20:37:13.216482  3613  3623 W omm.timeservic: Receiving file descriptor from ADB failed (socket 30): Success
11-03 20:37:13.216593  3613  3623 E omm.timeservic: Something went wrong getting fds from adb. Retry!: Success
11-03 20:37:13.217251  2621  2630 W e.process.gapp: Receiving file descriptor from ADB failed (socket 30): Success
11-03 20:37:13.217331  2621  2630 E e.process.gapp: Something went wrong getting fds from adb. Retry!: Success
11-03 20:37:13.218202  2576  2587 W d.process.acor: Receiving file descriptor from ADB failed (socket 30): Success
11-03 20:37:13.218295  2576  2587 E d.process.acor: Something went wrong getting fds from adb. Retry!: Success
11-03 20:37:13.221386  2417  2446 W roid.euicc.wea: Receiving file descriptor from ADB failed (socket 30): Success
11-03 20:37:13.221503  2417  2446 E roid.euicc.wea: Something went wrong getting fds from adb. Retry!: Success
11-03 20:37:13.223367  2349  2374 W com.oma.dm: Receiving file descriptor from ADB failed (socket 30): Interrupted system call
11-03 20:37:13.223468  2349  2374 E com.oma.dm: Something went wrong getting fds from adb. Retry!: Interrupted system call
11-03 20:37:13.224685  2338  2357 W com.android.se: Receiving file descriptor from ADB failed (socket 30): Interrupted system call
11-03 20:37:13.224849  2338  2357 E com.android.se: Something went wrong getting fds from adb. Retry!: Interrupted system call
11-03 20:37:13.226561  1799  1809 W putmethod.lati: Receiving file descriptor from ADB failed (socket 30): Success
11-03 20:37:13.226649  1799  1809 E putmethod.lati: Something went wrong getting fds from adb. Retry!: Success
11-03 20:37:13.227410  1817  1829 W ckwork.systemu: Receiving file descriptor from ADB failed (socket 11): Interrupted system call
11-03 20:37:13.227633  1817  1829 E ckwork.systemu: Something went wrong getting fds from adb. Retry!: Interrupted system call
11-03 20:37:13.227747  1784  1791 W droid.bluetoot: Receiving file descriptor from ADB failed (socket 29): Success
11-03 20:37:13.228001  1784  1791 E droid.bluetoot: Something went wrong getting fds from adb. Retry!: Success
11-03 20:37:13.228183  4068  4080 W android.vendin: Receiving file descriptor from ADB failed (socket 30): Success
11-03 20:37:13.228250  4068  4080 E android.vendin: Something went wrong getting fds from adb. Retry!: Success
11-03 20:37:13.228597  2391  2402 W earchbox:searc: Receiving file descriptor from ADB failed (socket 25): Success
11-03 20:37:13.228672  2391  2402 E earchbox:searc: Something went wrong getting fds from adb. Retry!: Success
11-03 20:37:13.226019  3573  3581 W atch.alarmcloc: Receiving file descriptor from ADB failed (socket 30): Success
11-03 20:37:13.229193  3573  3581 E atch.alarmcloc: Something went wrong getting fds from adb. Retry!: Success
11-03 20:37:13.229177  2552  2559 W ti.diagservice: Receiving file descriptor from ADB failed (socket 30): Success
11-03 20:37:13.229249  2552  2559 E ti.diagservice: Something went wrong getting fds from adb. Retry!: Success
11-03 20:37:13.229448  2314  2331 W com.android.nf: Receiving file descriptor from ADB failed (socket 25): Interrupted system call
--------- switch to kernel
11-03 20:37:13.304300    20    20 E         : [20:37:13.304274] [000000018BDE7BAE] [VosMC]  wlan: [E :SME] sme_RrmSendScanResult: 520: Free memory for SSIDList
11-03 20:37:13.304419    20    20 E         : [20:37:13.304395] [000000018BDE84A5] [VosMC]  wlan: [E :SME] Beacon report xmit Ind to PE
11-03 20:37:13.304438    20    20 E         : [20:37:13.304414] [000000018BDE861B] [VosMC]  wlan: [E :SME] sme_RrmSendBeaconReportXmitInd: 213: Allocated memory for pBeaconRep
11-03 20:37:13.304551    20    20 E         : [20:37:13.304524] [000000018BDE8E67] [VosMC]  wlan: [E :SME] sme_RrmScanRequestCallback: 693: Free memory for ChannelList
11-03 20:37:13.326265     0     0 I init    : Created socket '/dev/socket/adbd', mode 660, user 1000, group 1000
--------- switch to main
11-03 20:37:13.229550  2452  2475 W ocess.gservice: Receiving file descriptor from ADB failed (socket 30): Success
11-03 20:37:13.229604  2314  2331 E com.android.nf: Something went wrong getting fds from adb. Retry!: Interrupted system call
11-03 20:37:13.229612  2452  2475 E ocess.gservice: Something went wrong getting fds from adb. Retry!: Success
11-03 20:37:13.229906  3864  3871 W anc.com.fitnes: Receiving file descriptor from ADB failed (socket 29): Success
11-03 20:37:13.229906  2365  2382 W id.wearable.ap: Receiving file descriptor from ADB failed (socket 25): Interrupted system call
11-03 20:37:13.229989  3864  3871 E anc.com.fitnes: Something went wrong getting fds from adb. Retry!: Success
11-03 20:37:13.229989  2365  2382 E id.wearable.ap: Something went wrong getting fds from adb. Retry!: Interrupted system call
11-03 20:37:13.232437  4118  4126 W artwatch.citie: Receiving file descriptor from ADB failed (socket 30): Connection reset by peer
11-03 20:37:13.232513  4118  4126 E artwatch.citie: Something went wrong getting fds from adb. Retry!: Connection reset by peer
11-03 20:37:13.234079  3442  3450 W igurator.energ: Receiving file descriptor from ADB failed (socket 25): Connection reset by peer
11-03 20:37:13.234153  3442  3450 E igurator.energ: Something went wrong getting fds from adb. Retry!: Connection reset by peer
11-03 20:37:13.234450  3417  3425 W com.oma.sub: Receiving file descriptor from ADB failed (socket 25): Connection reset by peer
11-03 20:37:13.234507  3417  3425 E com.oma.sub: Something went wrong getting fds from adb. Retry!: Connection reset by peer
11-03 20:37:13.234872  3398  3407 W tionmeasuremen: Receiving file descriptor from ADB failed (socket 33): Connection reset by peer
11-03 20:37:13.234931  3398  3407 E tionmeasuremen: Something went wrong getting fds from adb. Retry!: Connection reset by peer
11-03 20:37:13.235917  3504  3514 W ckling.facerre: Receiving file descriptor from ADB failed (socket 30): Connection reset by peer
11-03 20:37:13.235986  3504  3514 E ckling.facerre: Something went wrong getting fds from adb. Retry!: Connection reset by peer
--------- switch to system
11-03 20:37:13.320791  1934  1934 W ContextImpl: Calling a method in the system process without a qualified user: android.app.ContextImpl.stopService:1543 android.content.ContextWrapper.stopService:674 com.google.android.clockwork.settings.AdbUtil.setAdbBluetoothTargetServiceRunning:278 com.google.android.clockwork.settings.AdbUtil.activateMode:121 com.google.android.clockwork.settings.AdbUtil.toggleWifiDebugging:77 
11-03 20:37:13.323191  1679  2839 D WifiService: setWifiEnabled: true pid=1934, uid=1000, package=com.google.android.apps.wearable.settings
--------- switch to main
11-03 20:37:13.323403  1679  2839 I WifiService: setWifiEnabled package=com.google.android.apps.wearable.settings uid=1000 enable=true
--------- switch to system
11-03 20:37:13.325896  1679  2839 D ConnectivityService: requestNetwork for uid/pid:1000/1934 NetworkRequest [ REQUEST id=34, [ Transports: WIFI Capabilities: NOT_RESTRICTED&TRUSTED&NOT_VPN Unwanted:  Uid: 1000] ]
--------- switch to main
11-03 20:37:13.343923  1679  1679 D WearWifiMediator: setWifiDecision: true; reason: ON_CHARGING
11-03 20:37:13.349324  1679  1757 D WIFI_UT : got request NetworkRequest [ REQUEST id=34, [ Transports: WIFI Capabilities: NOT_RESTRICTED&TRUSTED&NOT_VPN Unwanted:  Uid: 1000] ] with score 60
11-03 20:37:13.349525  1679  1757 D WIFI    : got request NetworkRequest [ REQUEST id=34, [ Transports: WIFI Capabilities: NOT_RESTRICTED&TRUSTED&NOT_VPN Unwanted:  Uid: 1000] ] with score 60
11-03 20:37:13.350965  1679  1679 D COMPANION_PROXY: got request NetworkRequest [ REQUEST id=34, [ Transports: WIFI Capabilities: NOT_RESTRICTED&TRUSTED&NOT_VPN Unwanted:  Uid: 1000] ] with score 60
11-03 20:37:13.359968  1906  1906 D PhoneSwitcherNetworkRequstListener: got request NetworkRequest [ REQUEST id=34, [ Transports: WIFI Capabilities: NOT_RESTRICTED&TRUSTED&NOT_VPN Unwanted:  Uid: 1000] ] with score 60
11-03 20:37:13.459406  4276  4279 W libc    : Unable to set property "ctl.start" to "mdnsd": error code: 0x20
--------- switch to kernel
11-03 20:37:13.458984     0     0 E selinux : avc:  denied  { set } for property=ctl.start$mdnsd pid=4276 uid=2000 gid=2000 scontext=u:r:adbd:s0 tcontext=u:object_r:ctl_start_prop:s0 tclass=property_service permissive=0
11-03 20:37:13.459101     0     0 E init    : Unable to set property 'ctl.start' to 'mdnsd' from uid:2000 gid:2000 pid:4276: Invalid permissions to perform 'start' on 'mdnsd'
--------- switch to main
11-03 20:37:13.494006  4276  4277 I adbd    : initializing functionfs
11-03 20:37:13.494290  4276  4277 I adbd    : opening control endpoint /dev/usb-ffs/adb/ep0
--------- switch to kernel
11-03 20:37:13.494518     0     0 I         : read descriptors
11-03 20:37:13.494709     0     0 I         : read strings
11-03 20:37:13.497211     0     0 I init    : processing action (sys.usb.ffs.ready=1) from (/vendor/etc/init/hw/init.qcom.factory.rc:48)
--------- switch to main
11-03 20:37:13.501382  4276  4277 I adbd    : functionfs successfully initialized
11-03 20:37:13.501781  4276  4277 I adbd    : registering usb transport
--------- switch to kernel
11-03 20:37:13.546483     0     0 I         : msm_hsusb msm_hsusb: [ci13xxx_start] hw_ep_max = 16
11-03 20:37:13.564062     0     0 I msm_otg 78d9000.usb: phy_reset: success
11-03 20:37:13.670033     0     0 I msm_otg 78d9000.usb: USB exited from low power mode
11-03 20:37:13.670067     0     0 I         : msm_hsusb msm_hsusb: CI13XXX_CONTROLLER_UDC_STARTED_EVENT received
11-03 20:37:13.672440     0     0 I init    : Command 'write /config/usb_gadget/g1/UDC ${sys.usb.controller}' action=sys.usb.ffs.ready=1 (/vendor/etc/init/hw/init.qcom.factory.rc:54) took 142ms and succeeded
--------- switch to main
11-03 20:37:14.065960  2365  2365 D HOME    : [StreamBackendInit]NotificationService onNotificationPosted StatusBarNotification(pkg=com.android.providers.downloads user=UserHandle{0} id=0 tag=1:com.android.vending key=0|com.android.providers.downloads|0|1:com.android.vending|10014: Notification(channel=active pri=0 contentView=null vibrate=null sound=null defaults=0x0 flags=0xa color=0xff607d8b actions=1 vis=PRIVATE))
11-03 20:37:14.066769  2365  2619 D CollectorHandler: handleMessage, event: ON_NOTIFICATION_POSTED_WITH_RANKING
11-03 20:37:14.094978  2365  2619 D HOME    : [StreamDBQueue]Promised revision #6064 to queue a new op
11-03 20:37:14.158441  2365  2619 D HOME    : [WatchStreamManager]Promised set @ r#6064 for (com.android.providers.downloads,tag=1:com.android.vending,id=0,notifKey=0|com.android.providers.downloads|0|1:com.android.vending|10014)
11-03 20:37:14.167862  4176  4221 D DownloadManager: Not notifying for pending background play downloads
11-03 20:37:14.171203  2365  3968 D DynamicBucketRankerImpl: StreamItemIdAndRevision{notifKey=0|com.android.providers.downloads|0|1:com.android.vending|10014, packageName=com.android.providers.downloads, tag=1:com.android.vending, id=0, revision=6064, originalRevision=6053, updateCount=11} in bucket #9 (ChronologicalBucket)
11-03 20:37:14.173017  2365  3968 D HOME    : [WatchStreamDB]TopLevelStreamItem{item=StreamItem(StreamItemIdAndRevision{notifKey=0|com.android.providers.downloads|0|1:com.android.vending|10014, packageName=com.android.providers.downloads, tag=1:com.android.vending, id=0, revision=6064, originalRevision=6053, updateCount=11},AutoValue_StreamItemData{hidden=NOT_HIDDEN, title=11 chars, remoteNodeId=null, originalPackageName=com.android.providers.downloads, localPackageName=com.android.providers.downloads, tag=1:com.android.vending, appName=Gestionnaire de tlchargement, postTime=1635968234055, lastDiffedTime=1635968234055, lastPostedInterruptiveTime=0, user=UserHandle{0}, onlyAlertOnce=true, vibrationPattern=null, isInterruptive=false, isGroupSummary=false, dismissalId=null, bridgeTag=null, isAncs=false}), parentAtChildPostTime=null} ranked at index 0
11-03 20:37:14.173393  2365  3968 D HOME    : [WatchStreamDB]Item alerting conditions - isInterruptive: false, recentlyInterrupted: false, isItemPinned: false, isUnread: false
11-03 20:37:14.173745  2365  3968 D HOME    : [StreamAlertingRegulator]isTheaterModeEnabled: false, isAlertingAllowedByOffBody: false, matchesLocalInterruptionFilter: true
11-03 20:37:14.173923  2365  3968 D HOME    : [WatchStreamDB]couldItemAlert: false, isTopItemChanged: true, isDeferralForTopItem: false
11-03 20:37:14.174298  2365  3968 D HOME    : [StreamAdapter]onStreamChange StreamChangeEvent[modified=1, removed=0, modifiedTop=1, removedTop=0, reorder=true, possibleAlertingItem=none]
11-03 20:37:14.175527  2365  3968 D HOME    : [StreamAdapter]onStreamChange StreamChangeEvent[modified=1, removed=0, modifiedTop=1, removedTop=0, reorder=true, possibleAlertingItem=none]
11-03 20:37:14.179988  2365  2365 D HOME    : [TopNotificationReceiver]Sending request to TopNotificationProviderService for complication update
11-03 20:37:14.186768  2365  3968 D HOME    : [NewStreamAdapter]Publishing revision #6064 to adapter clients
11-03 20:37:14.187885  2365  3891 D HOME    : [ComplicationController]scheduleImmediateUpdateForAllFromProvider ComponentInfo{com.google.android.wearable.app/com.google.android.clockwork.wcs.notification.complication.TopNotificationProviderService}
11-03 20:37:14.190168  2365  2365 D HOME    : [StreamAdapter]setStreamItems, size 1
11-03 20:37:14.190587  2365  2365 D HOME    : [StreamAdapter]notifyItemChanged 0
11-03 20:37:14.192209  2365  2365 D HOME    : [StreamAdapter]setStreamItems, size 1
11-03 20:37:14.192640  2365  2365 D HOME    : [StreamAdapter]notifyItemChanged 0
11-03 20:37:14.196851  2365  2365 D HOME    : [CompactStreamCard]setStreamItem: StreamItem(StreamItemIdAndRevision{notifKey=0|com.android.providers.downloads|0|1:com.android.vending|10014, packageName=com.android.providers.downloads, tag=1:com.android.vending, id=0, revision=6064, originalRevision=6053, updateCount=11},AutoValue_StreamItemData{hidden=NOT_HIDDEN, title=11 chars, remoteNodeId=null, originalPackageName=com.android.providers.downloads, localPackageName=com.android.providers.downloads, tag=1:com.android.vending, appName=Gestionnaire de tlchargement, postTime=1635968234055, lastDiffedTime=1635968234055, lastPostedInterruptiveTime=0, user=UserHandle{0}, onlyAlertOnce=true, vibrationPattern=null, isInterruptive=false, isGroupSummary=false, dismissalId=null, bridgeTag=null, isAncs=false})
11-03 20:37:14.325393  1679  1689 I system_server: Background concurrent copying GC freed 39814(2MB) AllocSpace objects, 6(312KB) LOS objects, 19% free, 9MB/12MB, paused 197us total 420.995ms
--------- switch to system
11-03 20:37:14.834471  1679  2390 I ActivityManager: Killing 3504:com.jeremysteckling.facerrel/u0a29 (adj 906): empty #17
--------- switch to main
11-03 20:37:14.839477  1679  1697 W libprocessgroup: kill(-3504, 9) failed: No such process
11-03 20:37:14.892921  1679  1697 W libprocessgroup: kill(-3504, 9) failed: No such process
11-03 20:37:14.909668   444   444 I Zygote  : Process 3504 exited due to signal (9)
11-03 20:37:14.937950  1679  1697 W libprocessgroup: kill(-3504, 9) failed: No such process
11-03 20:37:14.938120  1679  1697 I libprocessgroup: Successfully killed process cgroup uid 10029 pid 3504 in 98ms
11-03 20:37:15.173653  1990  3231 I qrs     : Removed 0 invalid users [CONTEXT service_id=51 ]
11-03 20:37:15.397956  1990  2001 I .gms.persisten: Background concurrent copying GC freed 63620(3MB) AllocSpace objects, 0(0B) LOS objects, 24% free, 6MB/9MB, paused 138us total 233.020ms
11-03 20:37:15.539636  4176  4252 D DownloadManager: [5] Finished with status SUCCESS
11-03 20:37:15.601653  4068  4068 I Finsky  : [2] com.google.android.finsky.download.DownloadBroadcastReceiver.a(9): Intent received at DownloadBroadcastReceiver
11-03 20:37:15.619097  4176  4221 D DownloadManager: Not notifying for pending background play downloads
11-03 20:37:15.622343  4176  4252 D DownloadManager: Not notifying for pending background play downloads
11-03 20:37:15.631503  2365  2365 D HOME    : [StreamBackendInit]NotificationService onNotificationPosted StatusBarNotification(pkg=com.android.providers.downloads user=UserHandle{0} id=0 tag=1:com.android.vending key=0|com.android.providers.downloads|0|1:com.android.vending|10014: Notification(channel=active pri=0 contentView=null vibrate=null sound=null defaults=0x0 flags=0xa color=0xff607d8b actions=1 vis=PRIVATE))
11-03 20:37:15.632292  2365  2619 D CollectorHandler: handleMessage, event: ON_NOTIFICATION_POSTED_WITH_RANKING
11-03 20:37:15.634579  2365  2365 D HOME    : [StreamBackendInit]NotificationService onNotificationRemoved StatusBarNotification(pkg=com.android.providers.downloads user=UserHandle{0} id=0 tag=1:com.android.vending key=0|com.android.providers.downloads|0|1:com.android.vending|10014: Notification(channel=active pri=0 contentView=null vibrate=null sound=null defaults=0x0 flags=0xa color=0xff607d8b actions=1 vis=PRIVATE))
11-03 20:37:15.650370  4068  4068 I Finsky  : [2] com.google.android.finsky.download.n.a(82): com.android.vending: onProgress 20966354/20966354 Status: 200 URI: content://downloads/my_downloads/5.
11-03 20:37:15.652784  2365  2619 D HOME    : [StreamDBQueue]Promised revision #6065 to queue a new op
11-03 20:37:15.653485  2365  2619 D HOME    : [WatchStreamManager]Promised set @ r#6065 for (com.android.providers.downloads,tag=1:com.android.vending,id=0,notifKey=0|com.android.providers.downloads|0|1:com.android.vending|10014)
11-03 20:37:15.656129  2365  3968 D DynamicBucketRankerImpl: StreamItemIdAndRevision{notifKey=0|com.android.providers.downloads|0|1:com.android.vending|10014, packageName=com.android.providers.downloads, tag=1:com.android.vending, id=0, revision=6065, originalRevision=6053, updateCount=12} in bucket #9 (ChronologicalBucket)
11-03 20:37:15.656832  2365  3968 D HOME    : [WatchStreamDB]TopLevelStreamItem{item=StreamItem(StreamItemIdAndRevision{notifKey=0|com.android.providers.downloads|0|1:com.android.vending|10014, packageName=com.android.providers.downloads, tag=1:com.android.vending, id=0, revision=6065, originalRevision=6053, updateCount=12},AutoValue_StreamItemData{hidden=NOT_HIDDEN, title=11 chars, remoteNodeId=null, originalPackageName=com.android.providers.downloads, localPackageName=com.android.providers.downloads, tag=1:com.android.vending, appName=Gestionnaire de tlchargement, postTime=1635968235608, lastDiffedTime=1635968235608, lastPostedInterruptiveTime=0, user=UserHandle{0}, onlyAlertOnce=true, vibrationPattern=null, isInterruptive=false, isGroupSummary=false, dismissalId=null, bridgeTag=null, isAncs=false}), parentAtChildPostTime=null} ranked at index 0
11-03 20:37:15.657187  2365  3968 D HOME    : [WatchStreamDB]Item alerting conditions - isInterruptive: false, recentlyInterrupted: false, isItemPinned: false, isUnread: false
11-03 20:37:15.657448  2365  3968 D HOME    : [StreamAlertingRegulator]isTheaterModeEnabled: false, isAlertingAllowedByOffBody: false, matchesLocalInterruptionFilter: true
11-03 20:37:15.661915  4176  4221 D DownloadManager: Not notifying for pending background play downloads
11-03 20:37:15.671704  2365  3968 D HOME    : [WatchStreamDB]couldItemAlert: false, isTopItemChanged: true, isDeferralForTopItem: false
11-03 20:37:15.672398  2365  3968 D HOME    : [StreamAdapter]onStreamChange StreamChangeEvent[modified=1, removed=0, modifiedTop=1, removedTop=0, reorder=true, possibleAlertingItem=none]
11-03 20:37:15.679012  2365  3968 D HOME    : [StreamAdapter]onStreamChange StreamChangeEvent[modified=1, removed=0, modifiedTop=1, removedTop=0, reorder=true, possibleAlertingItem=none]
11-03 20:37:15.684411  2365  2365 D HOME    : [TopNotificationReceiver]Sending request to TopNotificationProviderService for complication update
11-03 20:37:15.691110  2365  3891 D HOME    : [ComplicationController]scheduleImmediateUpdateForAllFromProvider ComponentInfo{com.google.android.wearable.app/com.google.android.clockwork.wcs.notification.complication.TopNotificationProviderService}
11-03 20:37:15.692668  2365  3968 D HOME    : [NewStreamAdapter]Publishing revision #6065 to adapter clients
11-03 20:37:15.693207  2365  2619 D CollectorHandler: handleMessage, event: ON_NOTIFICATION_REMOVED
11-03 20:37:15.694372  2365  2619 D HOME    : [StreamDBQueue]Promised revision #6066 to queue a new op
11-03 20:37:15.694811  2365  3968 D StreamDatabase: remove. itemId: StreamItemIdAndRevision{notifKey=0|com.android.providers.downloads|0|1:com.android.vending|10014, packageName=com.android.providers.downloads, tag=1:com.android.vending, id=0, revision=6065, originalRevision=6053, updateCount=12}
11-03 20:37:15.694792  2365  2619 D HOME    : [WatchStreamManager]Promised remove @ r#6066 for StreamItemIdAndRevision{notifKey=0|com.android.providers.downloads|0|1:com.android.vending|10014, packageName=com.android.providers.downloads, tag=1:com.android.vending, id=0, revision=0, originalRevision=0, updateCount=0} (@6065): SBN removed: StreamItemIdAndRevision{notifKey=0|com.android.providers.downloads|0|1:com.android.vending|10014, packageName=com.android.providers.downloads, tag=1:com.android.vending, id=0, revision=0, originalRevision=0, updateCount=0}
11-03 20:37:15.696247  2365  3968 D HOME    : [StreamAdapter]onStreamChange StreamChangeEvent[modified=0, removed=1, modifiedTop=0, removedTop=1, reorder=false, possibleAlertingItem=none]
11-03 20:37:15.698693  4068  4068 I Finsky  : [2] com.google.android.finsky.download.e.a(47): com.android.vending from 2 to 3.
11-03 20:37:15.699923  4068  4068 I Finsky  : [2] com.google.android.finsky.download.n.e(98): com.android.vending: onComplete
11-03 20:37:15.700569  4068  4068 I Finsky  : [2] com.google.android.finsky.download.n.i(65): Download com.android.vending removed from DownloadQueue
11-03 20:37:15.705986  2365  3968 D HOME    : [StreamAdapter]onStreamChange StreamChangeEvent[modified=0, removed=1, modifiedTop=0, removedTop=1, reorder=false, possibleAlertingItem=none]
11-03 20:37:15.708863  2365  2365 D HOME    : [StreamAdapter]setStreamItems, size 1
11-03 20:37:15.709646  2365  2365 D HOME    : [StreamAdapter]notifyItemChanged 0
11-03 20:37:15.709920  2365  3968 D HOME    : [NewStreamAdapter]Publishing revision #6066 to adapter clients
11-03 20:37:15.720062  2365  2365 D HOME    : [StreamAdapter]setStreamItems, size 1
11-03 20:37:15.720907  2365  2365 D HOME    : [StreamAdapter]notifyItemChanged 0
11-03 20:37:15.722748  2365  2365 D HOME    : [CompactStreamCard]setStreamItem: StreamItem(StreamItemIdAndRevision{notifKey=0|com.android.providers.downloads|0|1:com.android.vending|10014, packageName=com.android.providers.downloads, tag=1:com.android.vending, id=0, revision=6065, originalRevision=6053, updateCount=12},AutoValue_StreamItemData{hidden=NOT_HIDDEN, title=11 chars, remoteNodeId=null, originalPackageName=com.android.providers.downloads, localPackageName=com.android.providers.downloads, tag=1:com.android.vending, appName=Gestionnaire de tlchargement, postTime=1635968235608, lastDiffedTime=1635968235608, lastPostedInterruptiveTime=0, user=UserHandle{0}, onlyAlertOnce=true, vibrationPattern=null, isInterruptive=false, isGroupSummary=false, dismissalId=null, bridgeTag=null, isAncs=false})
11-03 20:37:15.742731  4068  4068 I Finsky  : [2] com.google.android.finsky.selfupdate.a.f.onPostExecute(11): Self-update ready to be installed, waiting for market to close.
11-03 20:37:15.761876  2365  2365 D HOME    : [NotificationCountModule]Dispatching the NotificationCountEvent in home module
11-03 20:37:15.764987  2365  2365 D HOME    : [TopNotificationReceiver]Sending request to TopNotificationProviderService for complication update
11-03 20:37:15.770964  2365  2365 D HOME    : [UnreadNotifReceiver]Sending request to UnreadNotificationsProviderService for complication update
11-03 20:37:15.778584  2365  4256 D HOME    : [ComplicationController]scheduleImmediateUpdateForAllFromProvider ComponentInfo{com.google.android.wearable.app/com.google.android.clockwork.wcs.notification.complication.TopNotificationProviderService}
11-03 20:37:15.802034  2365  2365 D HOME    : [WatchFaceUiController]sendStateToWallpaper
11-03 20:37:15.810096  2365  2365 D HOME    : [StreamAdapter]setStreamItems, size 0
11-03 20:37:15.816954  2365  2365 D HOME    : [StreamAdapter]setStreamItems, size 0
11-03 20:37:15.838248  2365  4256 D HOME    : [ComplicationController]scheduleImmediateUpdateForAllFromProvider ComponentInfo{com.google.android.wearable.app/com.google.android.clockwork.home.complications.providers.UnreadNotificationsProviderService}
11-03 20:37:15.851251  1990  1990 I BndSvcConfigHelper: No bound-service is registered for action: com.google.android.gms.mdm.services.START
11-03 20:37:15.851453  1990  1990 I BoundBrokerSvc: Bound service not available for: Intent { act=com.google.android.gms.mdm.services.START pkg=com.google.android.gms }
11-03 20:37:15.851647  1990  1990 I GmsApiChimeraSvc: Handling missing api service for: com.google.android.gms.mdm.services.START
11-03 20:37:15.918239  1990  3117 I GmsApiChimeraSvc: Using MissingApiServiceBroker for com.google.android.gms.mdm.services.START due to missing BoundService implementation
11-03 20:37:15.943637  2365  2365 W HOME    : [OpenDeepLinkService]Phone device not connected when service called with requestType: ConnectedPhoneStatusRequest
11-03 20:37:15.953972  2365  2365 D HOME    : [NoNotifsWithSetting]onReceiveResult resultCode: 1, resultData: Bundle[{RESULT_CODE=-1}]
11-03 20:37:16.020063  2391  2391 I BgTaskExecutorImpl: Starting EXCLUSIVE background task FETCH_CONFIGS_FROM_PHENOTYPE.
11-03 20:37:16.094456  2365  2612 I CwPhenotypeBroadcastRec: Received new phenotype configuration.
--------- switch to system
11-03 20:37:16.258128  1679  1679 W Looper  : Slow dispatch took 139ms main h=com.android.server.job.JobSchedulerService$JobHandler c=null m=1
--------- switch to main
11-03 20:37:16.285208  2849  2849 W PhenotypeBackgroundRecv: #setContext not called in #onCreate, creating new ExecutorService.
--------- switch to kernel
11-03 20:37:16.335252     0     0 E FG      : fg_psy_get_property: unsupported property 7
--------- switch to main
11-03 20:37:16.360807  1906  1906 D QtiCarrierConfigHelper: WARNING, no carrier configs on phone Id: 0
--------- switch to kernel
11-03 20:37:16.337557     0     0 I chatty  : uid=0(root) logd identical 1 line
11-03 20:37:16.339279     0     0 E FG      : fg_psy_get_property: unsupported property 7
11-03 20:37:16.348368     0     0 W healthd : battery l=8 v=3857 t=35.0 h=2 st=2 c=-213 fc=443000 cc=0 chg=a
--------- switch to main
11-03 20:37:16.383812  2365  2365 D HOME    : [WatchFaceUiController]sendStateToWallpaper
--------- switch to kernel
11-03 20:37:16.351366     0     0 W healthd : battery l=8 v=3857 t=35.0 h=2 st=2 c=-213 fc=443000 cc=0 chg=a
11-03 20:37:16.423570     0     0 I msm_otg 78d9000.usb: USB in low power mode
--------- switch to main
11-03 20:37:16.467742  2365  2365 D HOME    : [BatteryChange]action: android.intent.action.BATTERY_CHANGED
11-03 20:37:16.468542  2365  4256 D HOME    : [BatteryChange]HandleBatteryChangedTask
11-03 20:37:16.469043  2365  4256 D HOME    : [BatteryChange]level: 8, status: 2
11-03 20:37:16.470223  2365  4256 D HOME    : [BatteryChange]level: 8, timestamp: 1635968236469
11-03 20:37:16.470502  2365  4256 D HOME    : [BatteryChange]batteryHistory size: 7'
11-03 20:37:16.500288  2365  2612 I CwPhenotypeBroadcastRec: Received new phenotype configuration.
11-03 20:37:16.535297  2365  4256 D HOME    : [ComplicationController]scheduleImmediateUpdateForAllFromProvider ComponentInfo{com.google.android.wearable.app/com.google.android.clockwork.home.complications.providers.BatteryProviderService}
11-03 20:37:16.559455  3178  4292 W Bugle   : SubscriptionMetadataUtils get: invalid subId = -1
11-03 20:37:16.572465  3178  4292 W Bugle   : SubscriptionMetadataUtils get: invalid subId = -1
11-03 20:37:16.576886  3178  4292 I Bugle   : CountryCodeDetector: updateMainDeviceCountry from system locale as fallback. detected country: FR
--------- switch to system
11-03 20:37:16.722491  1679  1679 W Looper  : Slow dispatch took 134ms main h=com.android.server.notification.NotificationManagerService$WorkerHandler c=null m=2
11-03 20:37:16.723357  1679  1691 W NotificationService: Toast already killed. pkg=com.google.android.inputmethod.latin callback=android.app.ITransientNotification$Stub$Proxy@2b0f249
--------- switch to main
11-03 20:37:16.879752  2365  2365 W PhenotypeBackgroundRecv: #setContext not called in #onCreate, creating new ExecutorService.
11-03 20:37:17.170909   538   614 W SurfaceFlinger: Attempting to destroy on removed layer: e22f668 Toast#0
11-03 20:37:17.429034  1990  4237 I qrg     : Scheduling adaptive one off task with window [14400, 604800] in seconds [CONTEXT service_id=51 ]
11-03 20:37:17.684504  1990  2001 I .gms.persisten: Background concurrent copying GC freed 49018(2MB) AllocSpace objects, 3(60KB) LOS objects, 24% free, 8MB/11MB, paused 503us total 268.862ms
11-03 20:37:18.066549  1679  1679 D HandsFreeClientShard: Connecting HandsFree client profile (retry).
11-03 20:37:18.069950  1679  1679 D BluetoothHeadsetClient: disconnect(14:3C:C3:AD:3D:53)
11-03 20:37:18.071600  1679  1679 D BluetoothHeadsetClient: connect(14:3C:C3:AD:3D:53)
11-03 20:37:18.074426  1784  2068 D HeadsetClientStateMachine: Disconnected process message: 1
11-03 20:37:18.074825  1784  1971 I bt_btif_queue: queue_int_add: adding connection request: address=14:3c:c3:ad:3d:53 UUID=111E busy=false
11-03 20:37:18.074915  1784  1971 I bt_btif_queue: btif_queue_connect_next: executing connection request: address=14:3c:c3:ad:3d:53 UUID=111E busy=false
11-03 20:37:18.074965  1784  1971 E bt_btif : is_connected: not connected!
11-03 20:37:18.075036  1784  1971 W bt_btif : bta_hf_client_find_cb_by_bda: bdaddr mismatch for handle 0 alloc 0
11-03 20:37:18.075067  1784  1971 W bt_btif : bta_hf_client_find_cb_by_bda: bdaddr mismatch for handle 1 alloc 0
11-03 20:37:18.075093  1784  1971 W bt_btif : bta_hf_client_find_cb_by_bda: bdaddr mismatch for handle 2 alloc 0
11-03 20:37:18.075118  1784  1971 W bt_btif : bta_hf_client_find_cb_by_bda: bdaddr mismatch for handle 3 alloc 0
11-03 20:37:18.075144  1784  1971 W bt_btif : bta_hf_client_find_cb_by_bda: bdaddr mismatch for handle 4 alloc 0
11-03 20:37:18.075173  1784  1971 W bt_btif : bta_hf_client_find_cb_by_bda: bdaddr mismatch for handle 5 alloc 0
11-03 20:37:18.075197  1784  1971 W bt_btif : bta_hf_client_find_cb_by_bda: bdaddr mismatch for handle 6 alloc 0
11-03 20:37:18.075222  1784  1971 W bt_btif : bta_hf_client_find_cb_by_bda: bdaddr mismatch for handle 7 alloc 0
11-03 20:37:18.075246  1784  1971 W bt_btif : bta_hf_client_find_cb_by_bda: bdaddr mismatch for handle 8 alloc 0
11-03 20:37:18.075269  1784  1971 W bt_btif : bta_hf_client_find_cb_by_bda: bdaddr mismatch for handle 9 alloc 0
11-03 20:37:18.075289  1784  1971 E bt_btif : bta_hf_client_find_cb_by_bda: block not found
11-03 20:37:18.082392  1784  1784 D AdapterProperties: PROFILE_CONNECTION_STATE_CHANGE: profile=16, device=14:3C:C3:AD:3D:53, 0 -> 1
11-03 20:37:18.082799  1784  1784 D AdapterProperties: ADAPTER_CONNECTION_STATE_CHANGE: 14:3C:C3:AD:3D:53: 0 -> 1
11-03 20:37:18.083909  3281  3281 D BtTelecomReceiver: onReceive: Intent { act=android.bluetooth.headsetclient.profile.action.CONNECTION_STATE_CHANGED flg=0x10 cmp=com.google.android.apps.wearable.bluetooth/com.google.android.clockwork.hfp.BtTelecomBroadcastReceiver (has extras) }
11-03 20:37:18.084117  3281  3281 D BtTelecomReceiver: Hfp connection changed: -724754873 0 -> 1
--------- switch to system
11-03 20:37:18.095761  1679  1694 W BroadcastQueue: Background execution not allowed: receiving Intent { act=android.bluetooth.adapter.action.CONNECTION_STATE_CHANGED flg=0x4000010 (has extras) } to com.google.android.gms/.chimera.GmsIntentOperationService$PersistentTrustedReceiver
--------- switch to main
11-03 20:37:18.152070  1990  2001 I .gms.persisten: Background concurrent copying GC freed 78977(3MB) AllocSpace objects, 9(316KB) LOS objects, 24% free, 9MB/13MB, paused 937us total 319.209ms
11-03 20:37:18.215945  1990  3231 I qrg     : Scheduling adaptive one off task with window [14400, 604800] in seconds [CONTEXT service_id=51 ]
11-03 20:37:18.309620  2264  4298 I MdiSyncModule: flag handling is skipping irrelevant intent.
11-03 20:37:18.331601  2264  4298 W ModuleInitIntentOp: Dropping unexpected action com.google.android.gms.phenotype.COMMITTED
11-03 20:37:18.332552  1990  4304 I PTCommittedOperation: Receive new configuration for com.google.android.gms.people
11-03 20:37:18.364475  1990  4297 I GCoreUlr: ULR code skipped on unsupported form factor.
11-03 20:37:18.460739  4276  4279 E adbd    : Could not start mdnsd.
11-03 20:37:18.481977  2264  4307 W PeoplePU: getComponentEnabledSetting failed.
11-03 20:37:18.481977  2264  4307 W PeoplePU: java.lang.IllegalArgumentException: Unknown component: ComponentInfo{com.google.android.syncadapters.contacts/com.google.android.syncadapters.contacts.ContactsSyncAdapterService}
11-03 20:37:18.481977  2264  4307 W PeoplePU: 	at android.os.Parcel.createException(Parcel.java:1954)
11-03 20:37:18.481977  2264  4307 W PeoplePU: 	at android.os.Parcel.readException(Parcel.java:1918)
11-03 20:37:18.481977  2264  4307 W PeoplePU: 	at android.os.Parcel.readException(Parcel.java:1868)
11-03 20:37:18.481977  2264  4307 W PeoplePU: 	at android.content.pm.IPackageManager$Stub$Proxy.getComponentEnabledSetting(IPackageManager.java:4940)
11-03 20:37:18.481977  2264  4307 W PeoplePU: 	at android.app.ApplicationPackageManager.getComponentEnabledSetting(ApplicationPackageManager.java:2328)
11-03 20:37:18.481977  2264  4307 W PeoplePU: 	at qky.b(:com.google.android.gms@205016071@20.50.16 (050304-351607135):1)
11-03 20:37:18.481977  2264  4307 W PeoplePU: 	at qfm.a(:com.google.android.gms@205016071@20.50.16 (050304-351607135):5)
11-03 20:37:18.481977  2264  4307 W PeoplePU: 	at com.google.android.gms.people.service.SettingsChangedBroadcastIntentOperation.onHandleIntent(:com.google.android.gms@205016071@20.50.16 (050304-351607135):13)
11-03 20:37:18.481977  2264  4307 W PeoplePU: 	at com.google.android.chimera.IntentOperation.onHandleIntent(:com.google.android.gms@205016071@20.50.16 (050304-351607135):2)
11-03 20:37:18.481977  2264  4307 W PeoplePU: 	at gxq.onHandleIntent(:com.google.android.gms@205016071@20.50.16 (050304-351607135):6)
11-03 20:37:18.481977  2264  4307 W PeoplePU: 	at cea.run(:com.google.android.gms@205016071@20.50.16 (050304-351607135):4)
11-03 20:37:18.481977  2264  4307 W PeoplePU: 	at cdz.run(:com.google.android.gms@205016071@20.50.16 (050304-351607135):11)
11-03 20:37:18.481977  2264  4307 W PeoplePU: 	at afhs.run(:com.google.android.gms@205016071@20.50.16 (050304-351607135):2)
11-03 20:37:18.481977  2264  4307 W PeoplePU: 	at java.util.concurrent.ThreadPoolExecutor.runWorker(ThreadPoolExecutor.java:1167)
11-03 20:37:18.481977  2264  4307 W PeoplePU: 	at java.util.concurrent.ThreadPoolExecutor$Worker.run(ThreadPoolExecutor.java:641)
11-03 20:37:18.481977  2264  4307 W PeoplePU: 	at java.lang.Thread.run(Thread.java:764)
11-03 20:37:18.481977  2264  4307 W PeoplePU: Caused by: android.os.RemoteException: Remote stack trace:
11-03 20:37:18.481977  2264  4307 W PeoplePU: 	at com.android.server.pm.Settings.getComponentEnabledSettingLPr(Settings.java:4310)
11-03 20:37:18.481977  2264  4307 W PeoplePU: 	at com.android.server.pm.PackageManagerService.getComponentEnabledSetting(PackageManagerService.java:21310)
11-03 20:37:18.481977  2264  4307 W PeoplePU: 	at android.content.pm.IPackageManager$Stub.onTransact(IPackageManager.java:1566)
11-03 20:37:18.481977  2264  4307 W PeoplePU: 	at com.android.server.pm.PackageManagerService.onTransact(PackageManagerService.java:3890)
11-03 20:37:18.481977  2264  4307 W PeoplePU: 	at android.os.Binder.execTransact(Binder.java:731)
11-03 20:37:18.481977  2264  4307 W PeoplePU: 
11-03 20:37:18.504472  2264  4307 W PeoplePU: Exceptions when checking package
11-03 20:37:18.504472  2264  4307 W PeoplePU: android.content.pm.PackageManager$NameNotFoundException: com.google.android.syncadapters.contacts
11-03 20:37:18.504472  2264  4307 W PeoplePU: 	at android.app.ApplicationPackageManager.getApplicationInfoAsUser(ApplicationPackageManager.java:395)
11-03 20:37:18.504472  2264  4307 W PeoplePU: 	at android.app.ApplicationPackageManager.getApplicationInfo(ApplicationPackageManager.java:377)
11-03 20:37:18.504472  2264  4307 W PeoplePU: 	at qky.a(:com.google.android.gms@205016071@20.50.16 (050304-351607135):1)
11-03 20:37:18.504472  2264  4307 W PeoplePU: 	at qfm.a(:com.google.android.gms@205016071@20.50.16 (050304-351607135):9)
11-03 20:37:18.504472  2264  4307 W PeoplePU: 	at com.google.android.gms.people.service.SettingsChangedBroadcastIntentOperation.onHandleIntent(:com.google.android.gms@205016071@20.50.16 (050304-351607135):13)
11-03 20:37:18.504472  2264  4307 W PeoplePU: 	at com.google.android.chimera.IntentOperation.onHandleIntent(:com.google.android.gms@205016071@20.50.16 (050304-351607135):2)
11-03 20:37:18.504472  2264  4307 W PeoplePU: 	at gxq.onHandleIntent(:com.google.android.gms@205016071@20.50.16 (050304-351607135):6)
11-03 20:37:18.504472  2264  4307 W PeoplePU: 	at cea.run(:com.google.android.gms@205016071@20.50.16 (050304-351607135):4)
11-03 20:37:18.504472  2264  4307 W PeoplePU: 	at cdz.run(:com.google.android.gms@205016071@20.50.16 (050304-351607135):11)
11-03 20:37:18.504472  2264  4307 W PeoplePU: 	at afhs.run(:com.google.android.gms@205016071@20.50.16 (050304-351607135):2)
11-03 20:37:18.504472  2264  4307 W PeoplePU: 	at java.util.concurrent.ThreadPoolExecutor.runWorker(ThreadPoolExecutor.java:1167)
11-03 20:37:18.504472  2264  4307 W PeoplePU: 	at java.util.concurrent.ThreadPoolExecutor$Worker.run(ThreadPoolExecutor.java:641)
11-03 20:37:18.504472  2264  4307 W PeoplePU: 	at java.lang.Thread.run(Thread.java:764)
11-03 20:37:18.549090  2264  4307 W FsaEntryPointSwitcher: FSA1 package doesn't exist or was disabled, disabling GmsCore entry point.
11-03 20:37:18.549431  2264  4307 I FsaEntryPointSwitcher: setting component enabled=2 for com.google.android.gms.people.sync.focus.ContactsSyncAdapterService
11-03 20:37:18.550770  2264  4307 I FsaEntryPointSwitcher: Setting component enabled succeeds.
11-03 20:37:18.553626  2264  4307 W PeoplePU: getComponentEnabledSetting failed.
11-03 20:37:18.553626  2264  4307 W PeoplePU: java.lang.IllegalArgumentException: Unknown component: ComponentInfo{com.google.android.syncadapters.contacts/com.google.android.syncadapters.contacts.ProxyGalProvider}
11-03 20:37:18.553626  2264  4307 W PeoplePU: 	at android.os.Parcel.createException(Parcel.java:1954)
11-03 20:37:18.553626  2264  4307 W PeoplePU: 	at android.os.Parcel.readException(Parcel.java:1918)
11-03 20:37:18.553626  2264  4307 W PeoplePU: 	at android.os.Parcel.readException(Parcel.java:1868)
11-03 20:37:18.553626  2264  4307 W PeoplePU: 	at android.content.pm.IPackageManager$Stub$Proxy.getComponentEnabledSetting(IPackageManager.java:4940)
11-03 20:37:18.553626  2264  4307 W PeoplePU: 	at android.app.ApplicationPackageManager.getComponentEnabledSetting(ApplicationPackageManager.java:2328)
11-03 20:37:18.553626  2264  4307 W PeoplePU: 	at qky.b(:com.google.android.gms@205016071@20.50.16 (050304-351607135):1)
11-03 20:37:18.553626  2264  4307 W PeoplePU: 	at pvi.a(:com.google.android.gms@205016071@20.50.16 (050304-351607135):2)
11-03 20:37:18.553626  2264  4307 W PeoplePU: 	at com.google.android.gms.people.service.SettingsChangedBroadcastIntentOperation.onHandleIntent(:com.google.android.gms@205016071@20.50.16 (050304-351607135):16)
11-03 20:37:18.553626  2264  4307 W PeoplePU: 	at com.google.android.chimera.IntentOperation.onHandleIntent(:com.google.android.gms@205016071@20.50.16 (050304-351607135):2)
11-03 20:37:18.553626  2264  4307 W PeoplePU: 	at gxq.onHandleIntent(:com.google.android.gms@205016071@20.50.16 (050304-351607135):6)
11-03 20:37:18.553626  2264  4307 W PeoplePU: 	at cea.run(:com.google.android.gms@205016071@20.50.16 (050304-351607135):4)
11-03 20:37:18.553626  2264  4307 W PeoplePU: 	at cdz.run(:com.google.android.gms@205016071@20.50.16 (050304-351607135):11)
11-03 20:37:18.553626  2264  4307 W PeoplePU: 	at afhs.run(:com.google.android.gms@205016071@20.50.16 (050304-351607135):2)
11-03 20:37:18.553626  2264  4307 W PeoplePU: 	at java.util.concurrent.ThreadPoolExecutor.runWorker(ThreadPoolExecutor.java:1167)
11-03 20:37:18.553626  2264  4307 W PeoplePU: 	at java.util.concurrent.ThreadPoolExecutor$Worker.run(ThreadPoolExecutor.java:641)
11-03 20:37:18.553626  2264  4307 W PeoplePU: 	at java.lang.Thread.run(Thread.java:764)
11-03 20:37:18.553756  2264  4307 W GalProviderController: GAL1 package doesn't exist or disabled.
11-03 20:37:18.727323  1990  4237 I NetworkScheduler.Stats: Task com.google.android.gms/com.google.android.gms.phenotype.service.sync.PhenotypeConfigurator finished executing. cause:5 result: 1 elapsed_millis: 18718 uptime_millis: 18718 exec_start_elapsed_seconds: 324 [CONTEXT service_id=218 ]
11-03 20:37:18.752553  2264  2281 I gle.android.gm: Background concurrent copying GC freed 15623(1014KB) AllocSpace objects, 8(352KB) LOS objects, 24% free, 4MB/5MB, paused 2.844ms total 400.188ms
11-03 20:37:18.807144  1990  2001 I .gms.persisten: Background concurrent copying GC freed 45000(2MB) AllocSpace objects, 13(1212KB) LOS objects, 25% free, 11MB/14MB, paused 3.415ms total 558.144ms
11-03 20:37:18.892796  1990  2178 I NetworkScheduler.Stats: Task com.google.android.gms/com.google.android.gms.tapandpay.gcmtask.TapAndPayGcmTaskService started execution. cause:5 exec_start_elapsed_seconds: 343 [CONTEXT service_id=218 ]
11-03 20:37:19.153381  1990  4237 I NetworkScheduler.Stats: Task com.google.android.gms/com.google.android.gms.tapandpay.gcmtask.TapAndPayGcmTaskService finished executing. cause:5 result: 1 elapsed_millis: 274 uptime_millis: 274 exec_start_elapsed_seconds: 343 [CONTEXT service_id=218 ]
11-03 20:37:19.211231  1990  4237 I NetworkScheduler.Stats: Task com.google.android.gms/com.google.android.gms.phenotype.service.sync.PhenotypeConfigurator finished executing. cause:5 result: 1 elapsed_millis: 8181 uptime_millis: 8181 exec_start_elapsed_seconds: 335 [CONTEXT service_id=218 ]
11-03 20:37:19.227688  2264  4309 I MdiSyncModule: flag handling is skipping irrelevant intent.
11-03 20:37:19.242992  2264  4309 W ModuleInitIntentOp: Dropping unexpected action com.google.android.gms.phenotype.COMMITTED
11-03 20:37:19.252430  1990  4303 I PTCommittedOperation: Receive new configuration for com.google.android.gms.romanesco
11-03 20:37:19.261367  1990  4297 I GCoreUlr: ULR code skipped on unsupported form factor.
11-03 20:37:19.287377  2391  2762 I EventLoggerStores: recordEvent PHENOTYPE_FETCH_FULL_CONFIGURATIONS_SUCCESS ClientEvent[]
11-03 20:37:19.399281  1990  3231 I NetworkScheduler.Stats: Task com.google.android.gms/com.google.android.gms.tapandpay.gcmtask.TapAndPayGcmTaskService started execution. cause:5 exec_start_elapsed_seconds: 343 [CONTEXT service_id=218 ]
11-03 20:37:19.422315  2391  2406 I earchbox:searc: Background concurrent copying GC freed 6279(476KB) AllocSpace objects, 0(0B) LOS objects, 24% free, 5MB/7MB, paused 144us total 327.115ms
--------- switch to kernel
11-03 20:37:19.425486     0     0 E FG      : fg_psy_get_property: unsupported property 7
11-03 20:37:19.427382     0     0 I chatty  : uid=0(root) logd identical 1 line
11-03 20:37:19.428343     0     0 E FG      : fg_psy_get_property: unsupported property 7
11-03 20:37:19.433970     0     0 W healthd : battery l=8 v=3884 t=35.0 h=2 st=2 c=-270 fc=443000 cc=0 chg=a
--------- switch to main
11-03 20:37:19.441882  1906  1906 D QtiCarrierConfigHelper: WARNING, no carrier configs on phone Id: 0
11-03 20:37:19.442677  2365  2365 D HOME    : [BatteryChange]action: android.intent.action.BATTERY_CHANGED
11-03 20:37:19.443016  1990  3231 I NetworkScheduler.Stats: Task com.google.android.gms/com.google.android.gms.tapandpay.gcmtask.TapAndPayGcmTaskService started execution. cause:5 exec_start_elapsed_seconds: 344 [CONTEXT service_id=218 ]
11-03 20:37:19.443281  2365  4256 D HOME    : [BatteryChange]HandleBatteryChangedTask
11-03 20:37:19.443638  2365  4256 D HOME    : [BatteryChange]level: 8, status: 2
11-03 20:37:19.444353  2365  4256 D HOME    : [BatteryChange]batteryHistory size: 7'
11-03 20:37:19.558495  2264  4314 I MdiSyncModule: flag handling is skipping irrelevant intent.
11-03 20:37:19.564884  2264  4308 W ModuleInitIntentOp: Dropping unexpected action com.google.android.gms.phenotype.COMMITTED
11-03 20:37:19.600892  1990  4312 I PTCommittedOperation: Receive new configuration for com.google.android.location
11-03 20:37:19.607869  1990  4312 I GCoreUlr: ULR code skipped on unsupported form factor.
11-03 20:37:19.608551  1990  4237 I NetworkScheduler.Stats: Task com.google.android.gms/com.google.android.gms.tapandpay.gcmtask.TapAndPayGcmTaskService finished executing. cause:5 result: 1 elapsed_millis: 259 uptime_millis: 259 exec_start_elapsed_seconds: 343 [CONTEXT service_id=218 ]
11-03 20:37:19.654058  1990  4237 I NetworkScheduler.Stats: Task com.google.android.gms/com.google.android.gms.tapandpay.gcmtask.TapAndPayGcmTaskService finished executing. cause:5 result: 1 elapsed_millis: 208 uptime_millis: 208 exec_start_elapsed_seconds: 344 [CONTEXT service_id=218 ]
11-03 20:37:19.801312  1990  4237 I NetworkScheduler.Stats: Task com.google.android.apps.walletnfcrel/ finished executing. cause:5 result: 3 elapsed_millis: 63 uptime_millis: 63 exec_start_elapsed_seconds: 344 [CONTEXT service_id=218 ]
11-03 20:37:19.911834  1990  2001 I .gms.persisten: Background concurrent copying GC freed 113657(5MB) AllocSpace objects, 24(1568KB) LOS objects, 25% free, 8MB/11MB, paused 184us total 376.120ms
11-03 20:37:19.916467  1679  1689 I system_server: Background concurrent copying GC freed 42708(2MB) AllocSpace objects, 7(284KB) LOS objects, 19% free, 9MB/12MB, paused 170us total 423.308ms
11-03 20:37:19.971422  1990  4237 I NetworkScheduler.Stats: Task com.google.android.apps.walletnfcrel/ started execution. cause:5 exec_start_elapsed_seconds: 344 [CONTEXT service_id=218 ]
11-03 20:37:19.971672  1990  4237 I NetworkScheduler.Stats: Task com.google.android.gms/com.google.android.gms.auth.account.be.legacy.AuthCronService started execution. cause:5 exec_start_elapsed_seconds: 344 [CONTEXT service_id=218 ]
11-03 20:37:19.983860  2264  4308 I MdiSyncModule: flag handling is skipping irrelevant intent.
11-03 20:37:19.988252  2264  4316 W ModuleInitIntentOp: Dropping unexpected action com.google.android.gms.phenotype.COMMITTED
11-03 20:37:20.009813  1990  4304 I PTCommittedOperation: Receive new configuration for com.google.android.gms.tapandpay
11-03 20:37:20.023084  1990  4312 I GCoreUlr: ULR code skipped on unsupported form factor.
11-03 20:37:20.160794  1990  3231 I NetworkScheduler.Stats: Task com.google.android.gms/com.google.android.gms.droidguard.DroidGuardGcmTaskService started execution. cause:5 exec_start_elapsed_seconds: 344 [CONTEXT service_id=218 ]
11-03 20:37:20.196112  1990  4237 I NetworkScheduler.Stats: Task com.google.android.gms/com.google.android.gms.droidguard.DroidGuardGcmTaskService finished executing. cause:5 result: 1 elapsed_millis: 105 uptime_millis: 105 exec_start_elapsed_seconds: 344 [CONTEXT service_id=218 ]
11-03 20:37:20.464215  1990  4237 I NetworkScheduler.Stats: Task com.google.android.gms/com.google.android.gms.phenotype.service.sync.PhenotypeConfigurator started execution. cause:5 exec_start_elapsed_seconds: 345 [CONTEXT service_id=218 ]
11-03 20:37:20.656896  4323  4323 I dex2oat : The ClassLoaderContext is a special shared library.
11-03 20:37:20.658680  4323  4323 I dex2oat : /system/bin/dex2oat -j4 --dex-file=/data/user/0/com.google.android.gms/app_dg_cache/45AF9F8F3DA5EA6968B403F7860E3CA0134E3A4F/the.apk --output-vdex-fd=51 --oat-fd=52 --oat-location=/data/user/0/com.google.android.gms/app_dg_cache/45AF9F8F3DA5EA6968B403F7860E3CA0134E3A4F/oat/arm/the.odex --compiler-filter=quicken --class-loader-context=&
11-03 20:37:20.679553  4323  4323 W dex2oat : Could not reserve sentinel fault page
11-03 20:37:20.705763  2264  4301 W ModuleInitIntentOp: Dropping unexpected action com.google.android.gms.phenotype.COMMITTED
11-03 20:37:20.706243  2264  4310 I MdiSyncModule: flag handling is skipping irrelevant intent.
11-03 20:37:20.728952  1990  4303 I PTCommittedOperation: Receive new configuration for com.google.android.gms.gcm
11-03 20:37:20.750435  1990  4303 I GCoreUlr: ULR code skipped on unsupported form factor.
11-03 20:37:21.067828  1990  2001 I .gms.persisten: Background concurrent copying GC freed 78215(3MB) AllocSpace objects, 23(1688KB) LOS objects, 24% free, 8MB/10MB, paused 146us total 649.240ms
11-03 20:37:21.152454  2264  3656 E WakeLock: DG:service ** IS FORCE-RELEASED ON TIMEOUT **
11-03 20:37:21.197322  4323  4323 I dex2oat : dex2oat took 551.388ms (218.958ms cpu) (threads: 4) arena alloc=3KB (3120B) java alloc=65KB (67424B) native alloc=594KB (608336B) free=1453KB (1488816B)
11-03 20:37:21.208691  3710  3777 I id.gms.unstabl: The ClassLoaderContext is a special shared library.
11-03 20:37:21.363882  2264  4317 I MdiSyncModule: flag handling is skipping irrelevant intent.
11-03 20:37:21.367234  2264  4314 W ModuleInitIntentOp: Dropping unexpected action com.google.android.gms.phenotype.COMMITTED
11-03 20:37:21.376624  1990  4311 I PTCommittedOperation: Receive new configuration for com.google.android.gms.clearcut.public
11-03 20:37:21.384597  1990  4311 I GCoreUlr: ULR code skipped on unsupported form factor.
11-03 20:37:21.387463  3710  3724 I id.gms.unstabl: Background concurrent copying GC freed 3000(310KB) AllocSpace objects, 2(84KB) LOS objects, 25% free, 2016KB/2MB, paused 335us total 159.416ms
