11-02 23:18:52.312349     0     0 I         : Disabling non-boot CPUs ...
11-02 23:18:52.329340     0     0 I CPU1    : shutdown
--------- switch to system
11-02 23:18:53.000527  1686  1686 I PowerManagerService: Waking up from dozing (uid=1000 reason=tiltToWake)...
--------- switch to kernel
11-02 23:18:52.331466     0     0 I suspend ns: 1951353233358	suspend cycles:     441977585570
11-02 23:18:52.331442     0     0 I CPU0    : msm_cpu_pm_enter_sleep mode:3 during suspend
11-02 23:18:52.331442     0     0 I         : Suspended for 0.547 seconds
11-02 23:18:52.331442     0     0 I resume cycles: 441988095706
11-02 23:18:52.332225     0     0 I         : Enabling non-boot CPUs ...
11-02 23:18:52.333092     0     0 I CPU1    : update cpu_capacity 1024
11-02 23:18:52.334774     0     0 I         : CPU1 is up
11-02 23:18:52.335793     0     0 I CPU1    : update max cpu_capacity 748
11-02 23:18:52.338878     0     0 I PM      : noirq resume of devices complete after 3.675 msecs
11-02 23:18:52.344381     0     0 I PM      : early resume of devices complete after 3.981 msecs
11-02 23:18:52.377725     0     0 I bgcom   : bgcom_pm_resume: Bgcom resumed with : 0
11-02 23:18:52.388152     0     0 I mdss_dsi_panel_set_idle_mode: Idle (1->1)
11-02 23:18:52.431212     0     0 I PM      : resume of devices complete after 86.786 msecs
11-02 23:18:52.435935     0     0 I         : Restarting tasks ...
11-02 23:18:52.438469     0     0 W QSEECOM : qseecom_receive_req: Interrupted: exiting Listener Service = 8192
11-02 23:18:52.438563     0     0 W QSEECOM : qseecom_receive_req: Interrupted: exiting Listener Service = 12288
11-02 23:18:52.438620     0     0 W QSEECOM : qseecom_receive_req: Interrupted: exiting Listener Service = 11
11-02 23:18:52.438674     0     0 W QSEECOM : qseecom_receive_req: Interrupted: exiting Listener Service = 10
11-02 23:18:52.438720     0     0 W QSEECOM : qseecom_receive_req: Interrupted: exiting Listener Service = 28672
11-02 23:18:52.453566     0     0 I         : done.
11-02 23:18:53.002412     0     0 I PM      : suspend exit 2021-11-02 22:18:53.002412012 UTC
--------- switch to system
11-02 23:18:53.026926  1686  1686 W UsageStatsService: Event reported without a package name
--------- switch to kernel
11-02 23:18:53.038347     0     0 E FG      : fg_psy_get_property: unsupported property 7
11-02 23:18:52.968815     0     0 W healthd : battery l=47 v=3861 t=25.0 h=2 st=3 c=20 fc=443000 cc=0 chg=
--------- switch to system
11-02 23:18:53.068857  1686  1708 W Looper  : Drained
--------- switch to main
11-02 23:18:53.076431   512  1749 I sensors-hal: batch:140, android.sensor.light/46, period=100000000, max_latency=0
11-02 23:18:53.076647   512  1749 I sensors-hal: batch:149, android.sensor.light/46, period=100000000, max_latency=0 request completed
11-02 23:18:53.078343   512  1749 I sensors-hal: activate:107, android.sensor.light/46 en=1
11-02 23:18:53.079047   512  1749 I sensors-hal: ssc_enable_rt_task:254, ssc_enable_rt_task : true
11-02 23:18:53.083292   512  1749 I sensors-hal: activate:118, android.sensor.light/46 en=1 completed
11-02 23:18:53.086124  1686  1823 I SidekickService: endDisplayLocked()
--------- switch to system
11-02 23:18:53.086676  1686  1710 I DisplayManagerService: Display device changed state: "Écran intégré", ON
--------- switch to main
11-02 23:18:53.087083   416   416 D SKGHAL  : sendAmbientEvent: enter: enable = 0
11-02 23:18:53.127971   512  1749 I sensors-hal: batch:140, android.sensor.accelerometer/48, period=66667000, max_latency=100000000
11-02 23:18:53.128071   512  1749 I sensors-hal: batch:149, android.sensor.accelerometer/48, period=66667000, max_latency=100000000 request completed
11-02 23:18:53.128445   512  1749 I sensors-hal: activate:107, android.sensor.accelerometer/48 en=1
11-02 23:18:53.128879   512  1749 I sensors-hal: ssc_enable_rt_task:254, ssc_enable_rt_task : true
11-02 23:18:53.130674  1686  1759 I InputReader: Reconfiguring input devices.  changes=0x00000004
11-02 23:18:53.137008   512  1749 I sensors-hal: activate:118, android.sensor.accelerometer/48 en=1 completed
11-02 23:18:53.144615  2520  2520 D HOME    : [BatteryChange]action: android.intent.action.BATTERY_CHANGED
11-02 23:18:53.145192  1956  1956 D QtiCarrierConfigHelper: WARNING, no carrier configs on phone Id: 0
11-02 23:18:53.149380  2520  8464 D HOME    : [BatteryChange]HandleBatteryChangedTask
11-02 23:18:53.149821  2520  8464 D HOME    : [BatteryChange]level: 47, status: 3
--------- switch to system
11-02 23:18:53.154648  1686  1702 W BroadcastQueue: Background execution not allowed: receiving Intent { act=android.intent.action.USER_PRESENT flg=0x10 } to com.google.android.gms/.auth.setup.devicesignals.LockScreenReceiver
11-02 23:18:53.155040  1686  1702 W BroadcastQueue: Background execution not allowed: receiving Intent { act=android.intent.action.USER_PRESENT flg=0x10 } to com.google.android.gms/.chimera.GmsIntentOperationService$PersistentTrustedReceiver
--------- switch to main
11-02 23:18:53.155062  3205  3434 W WorkController: Loading failed for worker [trainingcache]: worker not found
11-02 23:18:53.156367  3205  3372 W A       : TrainingCache cache DEVICE_UNLOCKED failure
11-02 23:18:53.156367  3205  3372 W A       : com.google.android.apps.gsa.search.core.service.h.a.a: No worker found for Worker ID [trainingcache].
11-02 23:18:53.156367  3205  3372 W A       : 	at com.google.android.apps.gsa.search.core.service.g.a.c.a(Unknown Source:5)
11-02 23:18:53.156367  3205  3372 W A       : 	at com.google.android.libraries.gsa.c.a.d.a(Unknown Source:3)
11-02 23:18:53.156367  3205  3372 W A       : 	at com.google.common.p.a.cg.c(Unknown Source:2)
11-02 23:18:53.156367  3205  3372 W A       : 	at com.google.common.p.a.bk.run(SourceFile:3)
11-02 23:18:53.156367  3205  3372 W A       : 	at com.google.common.p.a.ci.run(Unknown Source:4)
11-02 23:18:53.156367  3205  3372 W A       : 	at com.google.apps.tiktok.concurrent.ab.run(SourceFile:1)
11-02 23:18:53.156367  3205  3372 W A       : 	at java.util.concurrent.ThreadPoolExecutor.runWorker(ThreadPoolExecutor.java:1167)
11-02 23:18:53.156367  3205  3372 W A       : 	at java.util.concurrent.ThreadPoolExecutor$Worker.run(ThreadPoolExecutor.java:641)
11-02 23:18:53.156367  3205  3372 W A       : 	at com.google.apps.tiktok.concurrent.c.run(Unknown Source:4)
11-02 23:18:53.156367  3205  3372 W A       : 	at java.lang.Thread.run(Thread.java:764)
11-02 23:18:53.178869  1686  1799 E WifiStateMachine: getWifiLinkLayerStats called without an interface
11-02 23:18:53.214295  1686  1686 I WearPower: [WearTouchMediator] changing touch input to enabled (ON_AUTO)
11-02 23:18:53.215433  1686  1759 I InputReader: Reconfiguring input devices.  changes=0x00000200
--------- switch to kernel
11-02 23:18:53.145236     0     0 I init    : processing action (ro.enable_core_ctl=true && sys.cw_corectl_mode=perf) from (/vendor/etc/init/hw/init.qcom.rc:954)
11-02 23:18:53.146651     0     0 I CPU2    : update cpu_capacity 1024
--------- switch to main
11-02 23:18:53.222693  1686  1686 D WristGestureCtrl: Starting: GesturesEnabled-false UngazeEnabled-true
11-02 23:18:53.222832  1686  1686 D DefaultUngazeDetector: starting
11-02 23:18:53.222909  1686  1686 D DefaultUngazeDetector: startUngazeStateEstimation(). startTime = 23012653
11-02 23:18:53.224697   512  1749 I sensors-hal: batch:140, android.sensor.accelerometer/48, period=19231000, max_latency=100000000
11-02 23:18:53.225143  1686  1686 W AlarmManagerProxy: Removing unknown listener
11-02 23:18:53.226990  1686  1686 W DefaultSettingsContentR: Value for ambient_low_bit_enabled not stored as number. Attempting parse as boolean.
11-02 23:18:53.227400   512  1749 I sensors-hal: batch:149, android.sensor.accelerometer/48, period=19231000, max_latency=100000000 request completed
11-02 23:18:53.227803   512  1749 I sensors-hal: flush:169, android.sensor.accelerometer/48
11-02 23:18:53.228717   512  1749 I sensors-hal: flush:175, android.sensor.accelerometer/48 completed
11-02 23:18:53.241710  3205  3434 W WorkController: Loading failed for worker [trainingcache]: worker not found
11-02 23:18:53.243041  3205  3294 W A       : TrainingCache cache SCREEN_ON failure
11-02 23:18:53.243041  3205  3294 W A       : com.google.android.apps.gsa.search.core.service.h.a.a: No worker found for Worker ID [trainingcache].
11-02 23:18:53.243041  3205  3294 W A       : 	at com.google.android.apps.gsa.search.core.service.g.a.c.a(Unknown Source:5)
11-02 23:18:53.243041  3205  3294 W A       : 	at com.google.android.libraries.gsa.c.a.d.a(Unknown Source:3)
11-02 23:18:53.243041  3205  3294 W A       : 	at com.google.common.p.a.cg.c(Unknown Source:2)
11-02 23:18:53.243041  3205  3294 W A       : 	at com.google.common.p.a.bk.run(SourceFile:3)
11-02 23:18:53.243041  3205  3294 W A       : 	at com.google.common.p.a.ci.run(Unknown Source:4)
11-02 23:18:53.243041  3205  3294 W A       : 	at com.google.apps.tiktok.concurrent.ab.run(SourceFile:1)
11-02 23:18:53.243041  3205  3294 W A       : 	at java.util.concurrent.ThreadPoolExecutor.runWorker(ThreadPoolExecutor.java:1167)
11-02 23:18:53.243041  3205  3294 W A       : 	at java.util.concurrent.ThreadPoolExecutor$Worker.run(ThreadPoolExecutor.java:641)
11-02 23:18:53.243041  3205  3294 W A       : 	at com.google.apps.tiktok.concurrent.c.run(Unknown Source:4)
11-02 23:18:53.243041  3205  3294 W A       : 	at java.lang.Thread.run(Thread.java:764)
--------- switch to kernel
11-02 23:18:53.165328     0     0 I CPU3    : update cpu_capacity 1024
11-02 23:18:53.170964     0     0 I CPU0    : update max cpu_capacity 748
11-02 23:18:53.175128     0     0 I CPU2    : update max cpu_capacity 1024
--------- switch to main
11-02 23:18:53.264769  2520  2520 D HOME    : [StreamDBQueue]Promised revision #2575 to queue a new op
11-02 23:18:53.265084  2520  2520 D WatchStreamManager: Promised rank-blocked=true @ r#2575
11-02 23:18:53.265851  2520  8464 D HOME    : [WatchStreamDB]Item alerting conditions - isInterruptive: false, recentlyInterrupted: false, isItemPinned: false, isUnread: false
11-02 23:18:53.266242  2520  8464 D HOME    : [StreamAlertingRegulator]isTheaterModeEnabled: false, isAlertingAllowedByOffBody: true, matchesLocalInterruptionFilter: true
11-02 23:18:53.266525  2520  8464 D HOME    : [WatchStreamDB]couldItemAlert: false, isTopItemChanged: false, isDeferralForTopItem: false
--------- switch to kernel
11-02 23:18:53.211035     0     0 I CPU0    : update max cpu_capacity 748
11-02 23:18:53.216857     0     0 I CPU2    : update max cpu_capacity 1024
--------- switch to main
11-02 23:18:53.338537   512  9178 I sensors-hal: handle_indication_realtime:355,  SCHED_FIFO(10) for qmi_cbk
11-02 23:18:53.404998   512  9180 I sensors-hal: handle_indication_realtime:355,  SCHED_FIFO(10) for qmi_cbk
--------- switch to kernel
11-02 23:18:53.438237     0     0 E bgrsb   : bgrsb_enable: rsb will set report rate
11-02 23:18:53.454642     0     0 E bgrsb   : bgrsb_enable: gpio 32 is valid
--------- switch to main
11-02 23:18:53.573982   504   523 I SDM     : DisplayBase::SetDisplayState: Set state = 3, display 0
11-02 23:18:53.574356   504   523 D SDM     : HWCDisplayPrimary::SetStandByMode: Display is connected successfully
11-02 23:18:53.575356   416   416 D SKGHAL  : standBy_update_control call succeed on 0
11-02 23:18:53.575468   416   416 D SKGHAL  : sendAmbientEvent: done: enable = 0
11-02 23:18:53.576678  1686  1823 D SidekickService:    ... endDisplay returns void
11-02 23:18:53.578228   545   545 D SurfaceFlinger: Set power mode=2, type=0 flinger=0xb6bb6000
11-02 23:18:53.579080   504   762 I SDM     : DisplayBase::SetDisplayState: Set state = 1, display 0
--------- switch to kernel
11-02 23:18:53.501762     0     0 I         : [touch]FB_BLANK_VSYNC_SUSPEND
11-02 23:18:53.501768     0     0 I         : [touch]Already in suspend state
--------- switch to main
11-02 23:18:53.591165   545   545 D SurfaceFlinger: Finished set power mode=2, type=0
--------- switch to kernel
11-02 23:18:53.514068     0     0 I mdss_dsi_panel_set_idle_mode: Idle (1->0)
11-02 23:18:53.515351     0     0 E mdp3_enable_panic_ctrl: mdp3_enable_panic_ctrl: Enable Panic Control
11-02 23:18:53.515486     0     0 I         : [touch]FB_BLANK_UNBLANK
11-02 23:18:53.515494     0     0 I         : [touch]raydium_ts_do_resume, 1.
11-02 23:18:53.516391     0     0 I         : [ raydium ]workqueue is empty!
11-02 23:18:53.516417     0     0 I raydium_ts 5-0039: [touch]Already enable irq
11-02 23:18:53.516421     0     0 I         : [touch]Device may wakeup
--------- switch to system
11-02 23:18:53.596119  1686  1712 W PowerManagerService: Screen on took 723 ms
11-02 23:18:53.596685  1686  1712 I DreamManagerService: Gently waking up from dream.
11-02 23:18:53.597650  1686  1708 I DreamManagerService: Performing gentle wake from dream.
11-02 23:18:53.598946  1686  1686 V DreamService[AmbientDream]: wakeUp(): fromSystem=true, mWaking=false, mFinished=false
11-02 23:18:53.599096  1686  1686 V DreamService[AmbientDream]: finish(): mFinished=false
11-02 23:18:53.599226  1686  1686 I DreamManagerService: Leaving dreamland.
11-02 23:18:53.600146  1686  1708 I DreamManagerService: Performing gentle wake from dream.
11-02 23:18:53.600469  1686  1708 I DreamController: Stopping dream: name=ComponentInfo{com.google.android.wearable.ambient/com.google.android.wearable.ambient.AmbientDream}, isTest=false, canDoze=true, userId=0
11-02 23:18:53.609066  1686  1686 V DreamService[AmbientDream]: detach(): Calling onDreamingStopped()
--------- switch to main
11-02 23:18:53.609455  1686  1686 I AmbientService: [ce6a28c] doOnDreamingStopped
11-02 23:18:53.609577  1686  1686 W AlarmManagerProxy: Removing unknown listener
11-02 23:18:53.613510  1686  1686 I AmbientService: [ce6a28c] No auto-resume Activity.
11-02 23:18:53.621990  1686  1686 W AlarmManager: Unrecognized alarm listener com.android.server.job.controllers.-$$Lambda$IdleController$IdlenessTracker$nTdS-lGBXcES5VWKcJFmQFgU7IU@1ab437a
11-02 23:18:53.623612  2520  2520 D HOME    : [HomeVisitsLogger]Logging streamlet event: visit_start
11-02 23:18:53.624379  2520  2520 D HOME    : [HomeVisitsLogger]Logging streamlet event: exit_ambient_mode
--------- switch to system
11-02 23:18:53.624731  1686  1686 W ContextImpl: Calling a method in the system process without a qualified user: android.app.ContextImpl.sendBroadcast:1020 android.content.ContextWrapper.sendBroadcast:449 com.google.android.wearable.ambient.AmbientDream.onDestroy:273 android.app.ActivityThread.handleStopService:3698 android.app.ActivityThread.access$1700:200 
--------- switch to main
11-02 23:18:53.625470  2520  2520 D HOME    : [HotwordController]updateClient MODE_WATCH_FACE false false false true
11-02 23:18:53.625758  1686  1686 E AlarmManager: cancel() called with a null PendingIntent
--------- switch to system
11-02 23:18:53.626676  1686  1686 V DreamService[AmbientDream]: onDestroy()
--------- switch to main
11-02 23:18:53.627615  2520  2520 D HOME    : [WatchFaceUiController]setInAmbientMode false
11-02 23:18:53.627806  2520  2520 D HOME    : [WatchFaceUiController]sendWatchFaceServiceBinder
11-02 23:18:53.639291  2520  2520 D HOME    : [WatchFaceUiController]sendStateToWallpaper
11-02 23:18:53.645954  2520  2520 D HOME    : [WatchFaceUiController]Showing watch face wallpaper.
11-02 23:18:53.646525  2520  2520 D HOME    : [WatchFaceUiController]sendStateToWallpaper
11-02 23:18:53.653953  2520  2520 D HOME    : [StreamDBQueue]Promised revision #2576 to queue a new op
11-02 23:18:53.654727  2520  2520 D WatchStreamManager: Promised rank-blocked=true @ r#2576
11-02 23:18:53.655716  2520  2520 D HOME    : [StreamDBQueue]Promised revision #2577 to queue a new op
11-02 23:18:53.656044  2520  2520 D WatchStreamManager: Promised rank-blocked=true @ r#2577
11-02 23:18:53.656266  2520  9131 D HOME    : [WatchStreamDB]Item alerting conditions - isInterruptive: false, recentlyInterrupted: false, isItemPinned: false, isUnread: false
11-02 23:18:53.656923  2520  9131 D HOME    : [StreamAlertingRegulator]isTheaterModeEnabled: false, isAlertingAllowedByOffBody: true, matchesLocalInterruptionFilter: true
11-02 23:18:53.657565  2520  2520 D HOME    : [TilesController]Tile refresh optimization is enabled.
11-02 23:18:53.657696  2520  9131 D HOME    : [WatchStreamDB]couldItemAlert: false, isTopItemChanged: false, isDeferralForTopItem: false
11-02 23:18:53.658383  2520  2520 D HOME    : [EventBus]Wrapper pool is full. Discarding excess wrapper instance for event com.google.android.clockwork.sysui.events.KeyguardStateEvent
11-02 23:18:53.658631  2520  2520 D HOME    : [WatchFaceUiController]sendStateToWallpaper
11-02 23:18:53.663439  2520  2520 D HOME    : [EventBus]Wrapper pool is full. Discarding excess wrapper instance for event com.google.android.clockwork.sysui.events.KeyguardStateEvent
11-02 23:18:53.664398  2520  2520 D HOME    : [EventBus]Wrapper pool is full. Discarding excess wrapper instance for event com.google.android.clockwork.sysui.events.KeyguardStateEvent
11-02 23:18:53.675111  2520  9131 D HOME    : [WatchStreamDB]Item alerting conditions - isInterruptive: false, recentlyInterrupted: false, isItemPinned: false, isUnread: false
11-02 23:18:53.675935  2520  9131 D HOME    : [StreamAlertingRegulator]isTheaterModeEnabled: false, isAlertingAllowedByOffBody: true, matchesLocalInterruptionFilter: true
11-02 23:18:53.676608  2520  9131 D HOME    : [WatchStreamDB]couldItemAlert: false, isTopItemChanged: false, isDeferralForTopItem: false
11-02 23:18:53.678478  2520  2520 D HOME    : [WatchFaceUiController]sendStateToWallpaper
11-02 23:18:53.685120  2520  2520 W StaticLayout: maxLineHeight should not be -1.  maxLines:1 lineCount:1
11-02 23:18:53.740375  2520  2520 D HOME    : [WatchFaceUiController]sendWatchFaceServiceBinder
11-02 23:18:53.748886  2520  2520 D HOME    : [WatchFaceUiController]sendProperties
11-02 23:18:53.764418  2520  2520 D HOME    : [WatchFaceUiController]sendStateToWallpaper
11-02 23:18:53.805473   512  1749 I sensors-hal: activate:107, android.sensor.light/46 en=0
11-02 23:18:53.807117   512  1749 I sensors-hal: activate:118, android.sensor.light/46 en=0 completed
11-02 23:18:53.808816   512  1749 I sensors-hal: batch:140, android.sensor.light/46, period=250000000, max_latency=0
11-02 23:18:53.808869   512  1749 I sensors-hal: batch:149, android.sensor.light/46, period=250000000, max_latency=0 request completed
11-02 23:18:53.809152   512  1749 I sensors-hal: activate:107, android.sensor.light/46 en=1
11-02 23:18:53.809431   512  1749 I sensors-hal: ssc_enable_rt_task:254, ssc_enable_rt_task : true
11-02 23:18:53.811794   512  1749 I sensors-hal: activate:118, android.sensor.light/46 en=1 completed
11-02 23:18:53.892493   512  9188 I sensors-hal: handle_indication_realtime:355,  SCHED_FIFO(10) for qmi_cbk
11-02 23:18:53.920254   512  1749 I sensors-hal: batch:140, android.sensor.accelerometer/48, period=66667000, max_latency=100000000
11-02 23:18:53.922052   512  1749 I sensors-hal: batch:149, android.sensor.accelerometer/48, period=66667000, max_latency=100000000 request completed
11-02 23:18:53.925255  1686  1686 D DefaultUngazeDetector: Ungaze event occurred; emitting gesture event!
11-02 23:18:53.925412  1686  1686 D WristGestureCtrl: Gesture:GESTURE UNGAZE, timestamp(ms): 23012653, confidence: 0.0, latency(ms): 0, duration(ms): 702
11-02 23:18:53.925825   512  1749 I sensors-hal: batch:140, android.sensor.accelerometer/48, period=19231000, max_latency=100000000
11-02 23:18:53.931300   512  1749 I sensors-hal: batch:149, android.sensor.accelerometer/48, period=19231000, max_latency=100000000 request completed
11-02 23:18:53.931971   512  1749 I sensors-hal: flush:169, android.sensor.accelerometer/48
11-02 23:18:53.933763   512  1749 I sensors-hal: flush:175, android.sensor.accelerometer/48 completed
--------- switch to system
11-02 23:18:53.934685  1686  1686 I WindowManager: sleepRelease() calling goToSleep(GO_TO_SLEEP_REASON_SLEEP_BUTTON)
11-02 23:18:53.934913  1686  1686 I PowerManagerService: Going to sleep due to sleep button (uid 1000)...
11-02 23:18:53.935784  1686  1686 W UsageStatsService: Event reported without a package name
11-02 23:18:53.935914  1686  1712 I DreamManagerService: Entering dreamland.
11-02 23:18:53.937367  1686  1712 I PowerManagerService: Dozing...
11-02 23:18:53.947535  1686  1708 I DreamController: Starting dream: name=ComponentInfo{com.google.android.wearable.ambient/com.google.android.wearable.ambient.AmbientDream}, isTest=false, canDoze=true, userId=0
11-02 23:18:53.964384  1686  1686 W ContextImpl: Calling a method in the system process without a qualified user: android.app.ContextImpl.bindService:1611 android.content.ContextWrapper.bindService:698 com.google.android.wearable.ambient.AmbientDream.onCreate:191 android.app.ActivityThread.handleCreateService:3533 android.app.ActivityThread.access$1300:200 
11-02 23:18:53.966643  1686  1686 W ContextImpl: Calling a method in the system process without a qualified user: android.app.ContextImpl.sendBroadcast:1005 android.content.ContextWrapper.sendBroadcast:444 com.google.android.wearable.ambient.AmbientDream.onCreate:241 android.app.ActivityThread.handleCreateService:3533 android.app.ActivityThread.access$1300:200 
11-02 23:18:53.967283  1686  1686 V DreamService[AmbientDream]: onBind() intent = Intent { act=android.service.dreams.DreamService flg=0x800000 cmp=com.google.android.wearable.ambient/.AmbientDream }
--------- switch to main
11-02 23:18:53.969888  1686  1686 I AmbientService: [ce6a28c] Ambient Created
--------- switch to system
11-02 23:18:53.976187  1686  1686 V DreamService[AmbientDream]: Calling onDreamingStarted()
--------- switch to main
11-02 23:18:53.976416  1686  1686 I AmbientService: [ce6a28c] doOnDreamingStarted
11-02 23:18:53.977070  1686  1686 D SidekickService: setShouldControlDisplay called: true
11-02 23:18:53.978289  1686  1686 I AmbientService: [ce6a28c] Selected running activity for ambient mode: AmbientActivity[component=ComponentInfo{com.google.android.wearable.app/com.google.android.clockwork.home2.activity.HomeActivity2}, callbacks=@210b385, running=true, ambientRequested=true, ambientEnabled=true, offloadEnabled=true]
11-02 23:18:53.979022  1686  1686 I AmbientService: [ce6a28c] Sidekick is ready to display, requesting doze.
11-02 23:18:53.979577  1686  1686 I AmbientService: [ce6a28c] No auto-resume Activity.
11-02 23:18:53.981552  1686  1686 W DefaultSettingsContentR: Value for ambient_low_bit_enabled not stored as number. Attempting parse as boolean.
11-02 23:18:53.982731  2520  2520 D HOME    : [HomeVisitsLogger]Logging streamlet event: enter_ambient_mode
11-02 23:18:53.983526  2520  2520 D HOME    : [HotwordController]updateClient MODE_WATCH_FACE false true false true
11-02 23:18:53.983524  2520  8464 D HOME    : [HomeVisitsLogger]Logging streamlet event: visit_end
11-02 23:18:53.984482  2520  2520 D HOME    : [WatchFaceUiController]setInAmbientMode true
11-02 23:18:53.984678  1686  1686 I AmbientService: [ce6a28c] Showing watch face in offload mode, canceling alarm.
11-02 23:18:53.984735  1686  1686 W AlarmManagerProxy: Removing unknown listener
11-02 23:18:53.984830  1686  1686 D WristGestureCtrl: Stopping detectors: GesturesEnabled-false gestureDetector-false ungazeEnabled-true ungaze-true
11-02 23:18:53.984874  1686  1686 D DefaultUngazeDetector: stopping
11-02 23:18:53.986030  2520  2520 D HOME    : [StreamDBQueue]Promised revision #2578 to queue a new op
11-02 23:18:53.986278  2520  2520 D WatchStreamManager: Promised rank-blocked=false @ r#2578
11-02 23:18:53.986466   512  1749 I sensors-hal: batch:140, android.sensor.accelerometer/48, period=66667000, max_latency=100000000
11-02 23:18:53.986713  2520  2520 D HOME    : [StreamDBQueue]Promised revision #2579 to queue a new op
11-02 23:18:53.986971  2520  2520 D WatchStreamManager: Promised rank-blocked=false @ r#2579
11-02 23:18:53.987154  2520  8604 D HOME    : [StreamDBQueue]Promised revision #2580 to queue a new op
11-02 23:18:53.987251  2520  8604 D WatchStreamManager: Promised rerank @ r#2580
11-02 23:18:53.987274  2520  8603 D HOME    : [WatchStreamDB]Item alerting conditions - isInterruptive: false, recentlyInterrupted: false, isItemPinned: false, isUnread: false
11-02 23:18:53.987568  2520  8603 D HOME    : [StreamAlertingRegulator]isTheaterModeEnabled: false, isAlertingAllowedByOffBody: true, matchesLocalInterruptionFilter: true
11-02 23:18:53.987798  2520  2520 D HOME    : [EventBus]Wrapper pool is full. Discarding excess wrapper instance for event com.google.android.clockwork.sysui.events.KeyguardStateEvent
11-02 23:18:53.987884  2520  2520 D HOME    : [WatchFaceUiController]sendStateToWallpaper
11-02 23:18:53.988961   512  1749 I sensors-hal: batch:149, android.sensor.accelerometer/48, period=66667000, max_latency=100000000 request completed
11-02 23:18:53.989840  2520  2520 D HOME    : [EventBus]Wrapper pool is full. Discarding excess wrapper instance for event com.google.android.clockwork.sysui.events.KeyguardStateEvent
11-02 23:18:53.990098  2520  2520 D HOME    : [EventBus]Wrapper pool is full. Discarding excess wrapper instance for event com.google.android.clockwork.sysui.events.KeyguardStateEvent
11-02 23:18:53.996305  2520  2520 W StaticLayout: maxLineHeight should not be -1.  maxLines:1 lineCount:1
11-02 23:18:53.998871  2520  8464 I SidekickManager: replaceWatchFaceComponentsImpl(): watchFace = com.google.android.clockwork.decomposablewatchface.WatchFaceDecomposition@eab2789
11-02 23:18:53.999949  1686  5241 D SidekickService: sendWatchFaceComponents called: watchFace = com.google.android.clockwork.decomposablewatchface.WatchFaceDecomposition@6b2c0e7shouldReplace = false
11-02 23:18:54.000199  1686  5241 D SidekickService: Check decomposition for calling app com.google.android.wearable.app with uid 10049
11-02 23:18:54.000669  1686  5241 D SidekickService: sendWatchFaceLocked(): shouldReplace = false, mSidekickIsControlling = false, 1 images, 0 fonts, 0 numbers, 0 proportionalFonts, 0 strings
11-02 23:18:54.000739  1686  5241 D SidekickService: ISidekickGraphics#beginResources()...
11-02 23:18:54.001798  1686  5241 D SidekickServiceUtils: bitmapFromDrawable: Returning bitmap directly
11-02 23:18:54.003497  1686  5241 D SidekickService: sendBitmapsLocked(): bounds = RectF(0.0, 0.0, 0.0024038462, 0.0024038462), drawableInfo = {.id = 100000, .width = 1, .height = 1, .display = true, .offsetX = 0.0, .offsetY = 0.0, .rotationInfo = {.hasRotation = false, .pivotX = 0.0, .pivotY = 0.0, .degreesPerDay = 0.0, .degreesPerStep = 0.0, .zeroDegreesTime = {.daysSinceLocalEpoch = 0, .msSinceMidnight = 0}}, .transformInfo = {.transformed = false, .flipX = false, .flipY = false, .flip45 = false, .scaleX = 0.0, .scaleY = 0.0}, .type = GENERIC, .blink = {.blinking = false, .periodOnMs = 0.0, .periodOffMs = 0.0, .startTime = {.daysSinceLocalEpoch = 0, .msSinceMidnight = 0}}, .zOrder = 8, .displayInTwm = true}, image.size() = 84
11-02 23:18:54.004153  2520  8603 D HOME    : [WatchStreamDB]couldItemAlert: false, isTopItemChanged: false, isDeferralForTopItem: false
11-02 23:18:54.004298   416   416 D SKGHAL  : saveResource: resId = 100000
11-02 23:18:54.004656  1686  5241 D SidekickService: sendBitmapsLocked(): status = 0, bytesUsed = 18
11-02 23:18:54.004818  1686  5241 D SidekickService: ISidekickGraphics#endResources()...
11-02 23:18:54.005105  2520  8603 D HOME    : [WatchStreamDB]Item alerting conditions - isInterruptive: false, recentlyInterrupted: false, isItemPinned: false, isUnread: false
11-02 23:18:54.005464  2520  8603 D HOME    : [StreamAlertingRegulator]isTheaterModeEnabled: false, isAlertingAllowedByOffBody: true, matchesLocalInterruptionFilter: true
11-02 23:18:54.005891  2520  8603 D HOME    : [WatchStreamDB]couldItemAlert: false, isTopItemChanged: false, isDeferralForTopItem: false
11-02 23:18:54.006643  2520  8603 D HOME    : [WatchStreamDB]updateRanking()
11-02 23:18:54.007177  2520  8603 D HOME    : [WatchStreamDB]Item alerting conditions - isInterruptive: false, recentlyInterrupted: false, isItemPinned: false, isUnread: false
11-02 23:18:54.007460  2520  8603 D HOME    : [StreamAlertingRegulator]isTheaterModeEnabled: false, isAlertingAllowedByOffBody: true, matchesLocalInterruptionFilter: true
11-02 23:18:54.007656  2520  8603 D HOME    : [WatchStreamDB]couldItemAlert: false, isTopItemChanged: false, isDeferralForTopItem: false
11-02 23:18:54.008217  2520  8603 D HOME    : [NewStreamAdapter]Publishing revision #2580 to adapter clients
11-02 23:18:54.009516  2520  8604 D HOME    : [StreamDBQueue]Promised revision #2581 to queue a new op
11-02 23:18:54.009771  2520  8604 D WatchStreamManager: Promised rerank @ r#2581
11-02 23:18:54.009984  2520  9131 D HOME    : [WatchStreamDB]updateRanking()
11-02 23:18:54.010502  2520  9131 D HOME    : [WatchStreamDB]Item alerting conditions - isInterruptive: false, recentlyInterrupted: false, isItemPinned: false, isUnread: false
11-02 23:18:54.010827  2520  9131 D HOME    : [StreamAlertingRegulator]isTheaterModeEnabled: false, isAlertingAllowedByOffBody: true, matchesLocalInterruptionFilter: true
11-02 23:18:54.011041  2520  9131 D HOME    : [WatchStreamDB]couldItemAlert: false, isTopItemChanged: false, isDeferralForTopItem: false
11-02 23:18:54.013421  2520  9131 D HOME    : [NewStreamAdapter]Publishing revision #2581 to adapter clients
11-02 23:18:54.478353   416   416 D SKGHAL  : sendResources: metadata size = 2400, font size = 72
11-02 23:18:54.546494   416   416 D SKGHAL  : endResources: rc = 0
11-02 23:18:54.547726  1686  1686 W system_server: Long monitor contention with owner Binder:1686_17 (5241) at int com.google.android.clockwork.sidekick.SidekickService$BinderService.sendWatchFace(com.google.android.clockwork.decomposablewatchface.WatchFaceDecomposition, boolean)(SidekickService.java:1021) waiters=0 in boolean com.google.android.clockwork.sidekick.SidekickService$BinderService.readyToDisplay() for 546ms
11-02 23:18:54.548574  2520  2520 D HOME    : [SidekickManagerAsync]replaceWatchFaceComponents(): Callback#onResult(): 0
11-02 23:18:54.548912  2520  2520 D HOME    : [WatchFaceUiController]Complication updates sent, posting watch face hiding
11-02 23:18:54.548996  2520  2520 D HOME    : [WatchFaceUiController]Still in ambient watch face, hiding
11-02 23:18:54.549059  2520  2520 D HOME    : [WatchFaceUiController]Hiding watch face wallpaper.
--------- switch to system
11-02 23:18:54.549372  1686  1686 W Looper  : Slow dispatch took 549ms main h=android.os.Handler c=com.google.android.wearable.ambient.AmbientDream$Callbacks$1@a8cb494 m=0
--------- switch to main
11-02 23:18:54.549567  1686  1686 D HandsFreeClientShard: Connecting HandsFree client profile (retry).
11-02 23:18:54.554414  1686  1686 D BluetoothHeadsetClient: disconnect(14:3C:C3:AD:3D:53)
11-02 23:18:54.557011  1686  1686 D BluetoothHeadsetClient: connect(14:3C:C3:AD:3D:53)
11-02 23:18:54.560412  1829  2096 D HeadsetClientStateMachine: Disconnected process message: 1
--------- switch to system
11-02 23:18:54.561041  1686  1686 W Looper  : Slow delivery took 308ms main h=com.android.clockwork.bluetooth.HandsFreeClientShard$1 c=null m=0
--------- switch to main
11-02 23:18:54.561896  1829  2027 I bt_btif_queue: queue_int_add: adding connection request: address=14:3c:c3:ad:3d:53 UUID=111E busy=false
11-02 23:18:54.562096  1829  2027 I bt_btif_queue: btif_queue_connect_next: executing connection request: address=14:3c:c3:ad:3d:53 UUID=111E busy=false
11-02 23:18:54.562168  1829  2027 E bt_btif : is_connected: not connected!
11-02 23:18:54.562279  1829  2027 W bt_btif : bta_hf_client_find_cb_by_bda: bdaddr mismatch for handle 0 alloc 0
11-02 23:18:54.562329  1829  2027 W bt_btif : bta_hf_client_find_cb_by_bda: bdaddr mismatch for handle 1 alloc 0
11-02 23:18:54.562363  1829  2027 W bt_btif : bta_hf_client_find_cb_by_bda: bdaddr mismatch for handle 2 alloc 0
11-02 23:18:54.562393  1829  2027 W bt_btif : bta_hf_client_find_cb_by_bda: bdaddr mismatch for handle 3 alloc 0
11-02 23:18:54.562422  1829  2027 W bt_btif : bta_hf_client_find_cb_by_bda: bdaddr mismatch for handle 4 alloc 0
11-02 23:18:54.562450  1829  2027 W bt_btif : bta_hf_client_find_cb_by_bda: bdaddr mismatch for handle 5 alloc 0
11-02 23:18:54.562481  1829  2027 W bt_btif : bta_hf_client_find_cb_by_bda: bdaddr mismatch for handle 6 alloc 0
11-02 23:18:54.562512  1829  2027 W bt_btif : bta_hf_client_find_cb_by_bda: bdaddr mismatch for handle 7 alloc 0
11-02 23:18:54.562541  1829  2027 W bt_btif : bta_hf_client_find_cb_by_bda: bdaddr mismatch for handle 8 alloc 0
11-02 23:18:54.562570  1829  2027 W bt_btif : bta_hf_client_find_cb_by_bda: bdaddr mismatch for handle 9 alloc 0
--------- switch to kernel
11-02 23:18:54.492771     0     0 E FG      : fg_psy_get_property: unsupported property 7
--------- switch to main
11-02 23:18:54.562601  1829  2027 E bt_btif : bta_hf_client_find_cb_by_bda: block not found
11-02 23:18:54.568366  1829  1829 D AdapterProperties: PROFILE_CONNECTION_STATE_CHANGE: profile=16, device=14:3C:C3:AD:3D:53, 0 -> 1
11-02 23:18:54.569228  1829  1829 D AdapterProperties: ADAPTER_CONNECTION_STATE_CHANGE: 14:3C:C3:AD:3D:53: 0 -> 1
--------- switch to system
11-02 23:18:54.572176  1686  1686 W Looper  : Drained
--------- switch to kernel
11-02 23:18:54.505020     0     0 W healthd : battery l=47 v=3812 t=25.0 h=2 st=3 c=98 fc=443000 cc=0 chg=
--------- switch to main
11-02 23:18:54.590102  5603  5603 D BtTelecomReceiver: onReceive: Intent { act=android.bluetooth.headsetclient.profile.action.CONNECTION_STATE_CHANGED flg=0x10 cmp=com.google.android.apps.wearable.bluetooth/com.google.android.clockwork.hfp.BtTelecomBroadcastReceiver (has extras) }
11-02 23:18:54.590731  5603  5603 D BtTelecomReceiver: Hfp connection changed: -724754873 0 -> 1
11-02 23:18:54.604303  1956  1956 D QtiCarrierConfigHelper: WARNING, no carrier configs on phone Id: 0
11-02 23:18:54.607896   512   512 I sensors-hal: activate:107, android.sensor.light/46 en=0
11-02 23:18:54.609708   512   512 I sensors-hal: activate:118, android.sensor.light/46 en=0 completed
11-02 23:18:54.612833  2520  2520 D HOME    : [BatteryChange]action: android.intent.action.BATTERY_CHANGED
11-02 23:18:54.617653   545   545 D SurfaceFlinger: Set power mode=3, type=0 flinger=0xb6bb6000
11-02 23:18:54.618947   504   764 I SDM     : DisplayBase::SetDisplayState: Set state = 3, display 0
--------- switch to system
11-02 23:18:54.620647  1686  3998 W BroadcastQueue: Background execution not allowed: receiving Intent { act=android.bluetooth.adapter.action.CONNECTION_STATE_CHANGED flg=0x4000010 (has extras) } to com.google.android.gms/.chimera.GmsIntentOperationService$PersistentTrustedReceiver
11-02 23:18:54.621184  1686  1710 I DisplayManagerService: Display device changed state: "Écran intégré", DOZE_SUSPEND
--------- switch to main
11-02 23:18:54.622797  2520  8464 D HOME    : [BatteryChange]HandleBatteryChangedTask
11-02 23:18:54.623933  2520  8464 D HOME    : [BatteryChange]level: 47, status: 3
11-02 23:18:54.647065   545   545 D SurfaceFlinger: Finished set power mode=3, type=0
11-02 23:18:54.648089  1686  1823 I SidekickService: beginDisplayLocked(): DOZE_SUSPEND
11-02 23:18:54.649053   416   416 D SKGHAL  : sendAmbientPrepare: enter:
--------- switch to kernel
11-02 23:18:54.546744     0     0 I mdss_dsi_panel_set_idle_mode: Idle (0->1)
11-02 23:18:54.571685     0     0 I         : [touch]FB_BLANK_VSYNC_SUSPEND
11-02 23:18:54.571700     0     0 I         : [touch]irq disable
11-02 23:18:54.571709     0     0 I         : [touch]workqueue is empty!
11-02 23:18:54.571720     0     0 I         : [touch]raydium_ts_do_suspend.
11-02 23:18:54.571739     0     0 I         : [touch]Device may wakeup
11-02 23:18:54.574080     0     0 I         : [touch]irq enable
--------- switch to main
11-02 23:18:54.670777  1686  1759 I InputReader: Reconfiguring input devices.  changes=0x00000004
11-02 23:18:54.788708   416   416 D SKGHAL  : sendAmbientEvent: enter: enable = 1
11-02 23:18:54.789875   504   523 I SDM     : DisplayBase::SetDisplayState: Set state = 4, display 0
11-02 23:18:54.802561   504   523 D SDM     : HWCDisplayPrimary::SetStandByMode: Null display is connected successfully
11-02 23:18:54.802876   416   416 D SKGHAL  : standBy_update_control call succeed on 1
11-02 23:18:54.814814   416   416 D SKGHAL  : sendAmbientEvent: done: enable = 1
11-02 23:18:54.815314  1686  1823 D SidekickService:    ... beginDisplay result: 0 for halPower: 1
11-02 23:18:54.818881   512   512 I sensors-hal: activate:107, android.sensor.accelerometer/48 en=0
11-02 23:18:54.821043   512   512 I sensors-hal: activate:118, android.sensor.accelerometer/48 en=0 completed
11-02 23:18:54.828832  1686  1799 E WifiStateMachine: getWifiLinkLayerStats called without an interface
--------- switch to kernel
11-02 23:18:54.759591     0     0 E bgrsb   : bgrsb_enable: gpio 32 is valid
--------- switch to main
11-02 23:18:54.848713  1686  1686 I WearPower: [WearTouchMediator] changing touch input to enabled (ON_AUTO)
11-02 23:18:54.849647  1686  1759 I InputReader: Reconfiguring input devices.  changes=0x00000200
--------- switch to kernel
11-02 23:18:54.779028     0     0 I init    : processing action (ro.enable_core_ctl=true && sys.cw_corectl_mode=idle) from (/vendor/etc/init/hw/init.qcom.rc:949)
--------- switch to main
11-02 23:18:54.855187  1686  1686 I AmbientService: [ce6a28c] Timeout alarm not required, auto-resume timeout handled by dream.
11-02 23:18:54.864761  3205  3434 W WorkController: Loading failed for worker [trainingcache]: worker not found
11-02 23:18:54.865977  3205  3372 W A       : TrainingCache cache SCREEN_OFF failure
11-02 23:18:54.865977  3205  3372 W A       : com.google.android.apps.gsa.search.core.service.h.a.a: No worker found for Worker ID [trainingcache].
11-02 23:18:54.865977  3205  3372 W A       : 	at com.google.android.apps.gsa.search.core.service.g.a.c.a(Unknown Source:5)
11-02 23:18:54.865977  3205  3372 W A       : 	at com.google.android.libraries.gsa.c.a.d.a(Unknown Source:3)
11-02 23:18:54.865977  3205  3372 W A       : 	at com.google.common.p.a.cg.c(Unknown Source:2)
11-02 23:18:54.865977  3205  3372 W A       : 	at com.google.common.p.a.bk.run(SourceFile:3)
11-02 23:18:54.865977  3205  3372 W A       : 	at com.google.common.p.a.ci.run(Unknown Source:4)
11-02 23:18:54.865977  3205  3372 W A       : 	at com.google.apps.tiktok.concurrent.ab.run(SourceFile:1)
11-02 23:18:54.865977  3205  3372 W A       : 	at java.util.concurrent.ThreadPoolExecutor.runWorker(ThreadPoolExecutor.java:1167)
11-02 23:18:54.865977  3205  3372 W A       : 	at java.util.concurrent.ThreadPoolExecutor$Worker.run(ThreadPoolExecutor.java:641)
11-02 23:18:54.865977  3205  3372 W A       : 	at com.google.apps.tiktok.concurrent.c.run(Unknown Source:4)
11-02 23:18:54.865977  3205  3372 W A       : 	at java.lang.Thread.run(Thread.java:764)
11-02 23:18:54.879902  2520  2520 D HOME    : [StreamDBQueue]Promised revision #2582 to queue a new op
11-02 23:18:54.880166  2520  2520 D WatchStreamManager: Promised rank-blocked=false @ r#2582
11-02 23:18:54.880418  2520  2520 D HOME    : [CompactHunStarter]detachWindow()
11-02 23:18:54.881309  2520  8464 D HOME    : [WatchStreamDB]Item alerting conditions - isInterruptive: false, recentlyInterrupted: false, isItemPinned: false, isUnread: false
11-02 23:18:54.881767  2520  8464 D HOME    : [StreamAlertingRegulator]isTheaterModeEnabled: false, isAlertingAllowedByOffBody: true, matchesLocalInterruptionFilter: true
11-02 23:18:54.882435  2520  8603 D HOME    : [StreamDBQueue]Promised revision #2583 to queue a new op
11-02 23:18:54.882513  2520  8464 D HOME    : [WatchStreamDB]couldItemAlert: false, isTopItemChanged: false, isDeferralForTopItem: false
11-02 23:18:54.882598  2520  8603 D WatchStreamManager: Promised rerank @ r#2583
11-02 23:18:54.883604  2520  8464 D HOME    : [WatchStreamDB]updateRanking()
11-02 23:18:54.884473  2520  8464 D HOME    : [WatchStreamDB]Item alerting conditions - isInterruptive: false, recentlyInterrupted: false, isItemPinned: false, isUnread: false
11-02 23:18:54.884873  2520  8464 D HOME    : [StreamAlertingRegulator]isTheaterModeEnabled: false, isAlertingAllowedByOffBody: true, matchesLocalInterruptionFilter: true
11-02 23:18:54.885363  2520  8464 D HOME    : [WatchStreamDB]couldItemAlert: false, isTopItemChanged: false, isDeferralForTopItem: false
11-02 23:18:54.886169  2520  8464 D HOME    : [NewStreamAdapter]Publishing revision #2583 to adapter clients
--------- switch to kernel
11-02 23:18:54.840812     0     0 I CPU1    : update max cpu_capacity 748
11-02 23:18:54.845297     0     0 I CPU3    : update max cpu_capacity 1024
11-02 23:18:54.873049     0     0 W         : IRQ21 no longer affine to CPU2
11-02 23:18:54.873733     0     0 I CPU2    : shutdown
11-02 23:18:54.875618     0     0 I init    : Command 'write /sys/devices/system/cpu/cpu2/online 0' action=ro.enable_core_ctl=true && sys.cw_corectl_mode=idle (/vendor/etc/init/hw/init.qcom.rc:951) took 96ms and succeeded
11-02 23:18:54.941602     0     0 I CPU1    : update max cpu_capacity 748
11-02 23:18:54.972449     0     0 W         : IRQ16 no longer affine to CPU3
11-02 23:18:54.972549     0     0 W         : IRQ93 no longer affine to CPU3
11-02 23:18:54.974225     0     0 I CPU3    : shutdown
11-02 23:18:54.979146     0     0 I init    : Command 'write /sys/devices/system/cpu/cpu3/online 0' action=ro.enable_core_ctl=true && sys.cw_corectl_mode=idle (/vendor/etc/init/hw/init.qcom.rc:952) took 103ms and succeeded
11-02 23:18:55.083511     0     0 I PM      : suspend entry 2021-11-02 22:18:55.083511126 UTC
11-02 23:18:55.083535     0     0 I PM      : Syncing filesystems ... done.
11-02 23:18:55.195570     0     0 I         : Freezing user space processes ... (elapsed 0.009 seconds) done.
11-02 23:18:55.205446     0     0 I         : Freezing remaining freezable tasks ... (elapsed 0.006 seconds) done.
11-02 23:18:55.211563     0     0 I         : Suspending console(s) (use no_console_suspend to debug)
11-02 23:18:55.226624     0     0 I mdss_dsi_panel_set_idle_mode: Idle (1->1)
11-02 23:18:55.269012     0     0 I bgcom   : bgcom_pm_suspend: suspended with : 0
11-02 23:18:55.297189     0     0 I PM      : suspend of devices complete after 81.643 msecs
11-02 23:18:55.302600     0     0 I PM      : late suspend of devices complete after 5.371 msecs
11-02 23:18:55.308353     0     0 I PM      : noirq suspend of devices complete after 5.715 msecs
11-02 23:18:55.308367     0     0 I         : Disabling non-boot CPUs ...
11-02 23:18:55.326197     0     0 I CPU1    : shutdown
11-02 23:18:55.328402     0     0 I suspend ns: 1953802772844	suspend cycles:     442035126864
11-02 23:18:55.328380     0     0 I CPU0    : msm_cpu_pm_enter_sleep mode:3 during suspend
11-02 23:18:55.328380     0     0 I         : Suspended for 4.440 seconds
11-02 23:18:55.328380     0     0 I resume cycles: 442120384708
11-02 23:18:55.328815     0     0 I         : Enabling non-boot CPUs ...
11-02 23:18:55.329647     0     0 I CPU1    : update cpu_capacity 1024
11-02 23:18:55.331075     0     0 I         : CPU1 is up
11-02 23:18:55.333126     0     0 I CPU1    : update max cpu_capacity 748
11-02 23:18:55.334908     0     0 I PM      : noirq resume of devices complete after 3.494 msecs
11-02 23:18:55.340062     0     0 I PM      : early resume of devices complete after 3.741 msecs
11-02 23:18:55.372680     0     0 I bgcom   : bgcom_pm_resume: Bgcom resumed with : 0
11-02 23:18:55.383647     0     0 I mdss_dsi_panel_set_idle_mode: Idle (1->1)
11-02 23:18:55.428101     0     0 I PM      : resume of devices complete after 87.997 msecs
11-02 23:18:55.432222     0     0 I         : Restarting tasks ...
11-02 23:18:55.436655     0     0 W QSEECOM : qseecom_receive_req: Interrupted: exiting Listener Service = 12288
11-02 23:18:55.439714     0     0 W QSEECOM : qseecom_receive_req: Interrupted: exiting Listener Service = 8192
11-02 23:18:55.439783     0     0 W QSEECOM : qseecom_receive_req: Interrupted: exiting Listener Service = 11
11-02 23:18:55.439825     0     0 W QSEECOM : qseecom_receive_req: Interrupted: exiting Listener Service = 10
11-02 23:18:55.439864     0     0 W QSEECOM : qseecom_receive_req: Interrupted: exiting Listener Service = 28672
--------- switch to main
11-02 23:18:59.881199  1829  2088 W bt_sdp  : SDP - Rcvd conn cnf with error: 0x4  CID 0x52
11-02 23:18:59.882191  1829  2027 D BluetoothHeadsetClientServiceJni: connection_state_cb: state 0 peer_feat 0 chld_feat 0
11-02 23:18:59.883095  1829  2027 E bt_btif : btif_hf_client_get_cb_by_bda: could not find block for bdaddr
11-02 23:18:59.883173  1829  2027 E bt_btif : btif_hf_client_upstreams_evt: event 3 but not allocating block: cb not found
11-02 23:18:59.883278  1829  2027 I bt_btif_queue: queue_int_advance: removing connection request: address=14:3c:c3:ad:3d:53 UUID=111E busy=true
11-02 23:18:59.884805  1829  2096 D HeadsetClientStateMachine: Enter Disconnected: 100
11-02 23:18:59.896422  1829  1829 D AdapterProperties: PROFILE_CONNECTION_STATE_CHANGE: profile=16, device=14:3C:C3:AD:3D:53, 1 -> 0
11-02 23:18:59.898462  1829  1829 D AdapterProperties: ADAPTER_CONNECTION_STATE_CHANGE: 14:3C:C3:AD:3D:53: 1 -> 0
11-02 23:18:59.909895  5603  5603 D BtTelecomReceiver: onReceive: Intent { act=android.bluetooth.headsetclient.profile.action.CONNECTION_STATE_CHANGED flg=0x10 cmp=com.google.android.apps.wearable.bluetooth/com.google.android.clockwork.hfp.BtTelecomBroadcastReceiver (has extras) }
11-02 23:18:59.910291  5603  5603 D BtTelecomReceiver: Hfp connection changed: -724754873 1 -> 0
--------- switch to kernel
11-02 23:18:55.457976     0     0 I         : done.
11-02 23:18:59.899522     0     0 I PM      : suspend exit 2021-11-02 22:18:59.899522894 UTC
--------- switch to main
11-02 23:18:59.932718  5603  5603 D HfpClientConnService: onCreate
--------- switch to system
11-02 23:18:59.933416  1686  3295 W BroadcastQueue: Background execution not allowed: receiving Intent { act=android.bluetooth.adapter.action.CONNECTION_STATE_CHANGED flg=0x4000010 (has extras) } to com.google.android.gms/.chimera.GmsIntentOperationService$PersistentTrustedReceiver
--------- switch to main
11-02 23:18:59.934956  5603  5603 D HfpClientConnService: disabling HFP
11-02 23:18:59.935343  5603  5603 I HfpClientConnService: enable request:Enable Request - time:1635891539910 type:false reason:headset client disconnected
11-02 23:18:59.939706  5603  5603 I HfpClientConnService: account already disabled
--------- switch to kernel
11-02 23:19:00.265023     0     0 I PM      : suspend entry 2021-11-02 22:19:00.265023936 UTC
--------- switch to system
11-02 23:19:16.124833  1686  1759 I PowerManagerService: Waking up from dozing (uid=1000 reason=android.policy:MOTION)...
11-02 23:19:16.130438  1686  1686 W UsageStatsService: Event reported without a package name
--------- switch to kernel
11-02 23:19:00.265045     0     0 I PM      : Syncing filesystems ... done.
11-02 23:19:00.360919     0     0 I         : Freezing user space processes ... (elapsed 0.007 seconds) done.
11-02 23:19:00.368631     0     0 I         : Freezing remaining freezable tasks ... (elapsed 0.003 seconds) done.
11-02 23:19:00.372635     0     0 I         : Suspending console(s) (use no_console_suspend to debug)
11-02 23:19:00.385612     0     0 I mdss_dsi_panel_set_idle_mode: Idle (1->1)
11-02 23:19:00.428265     0     0 I bgcom   : bgcom_pm_suspend: suspended with : 0
11-02 23:19:00.464242     0     0 I PM      : suspend of devices complete after 89.160 msecs
11-02 23:19:00.469698     0     0 I PM      : late suspend of devices complete after 5.415 msecs
11-02 23:19:00.475642     0     0 I PM      : noirq suspend of devices complete after 5.905 msecs
11-02 23:19:00.475657     0     0 I         : Disabling non-boot CPUs ...
11-02 23:19:00.496614     0     0 I CPU1    : shutdown
11-02 23:19:00.498678     0     0 I suspend ns: 1954532536960	suspend cycles:     442134396179
11-02 23:19:00.498656     0     0 I CPU0    : msm_cpu_pm_enter_sleep mode:3 during suspend
11-02 23:19:00.498656     0     0 I         : Suspended for 15.510 seconds
11-02 23:19:00.498656     0     0 I resume cycles: 442432206319
11-02 23:19:00.499215     0     0 I         : Enabling non-boot CPUs ...
11-02 23:19:00.500045     0     0 I CPU1    : update cpu_capacity 1024
11-02 23:19:00.501464     0     0 I         : CPU1 is up
11-02 23:19:00.503446     0     0 I CPU1    : update max cpu_capacity 748
11-02 23:19:00.505280     0     0 I PM      : noirq resume of devices complete after 3.453 msecs
11-02 23:19:00.510352     0     0 I         : [touch]display wake up
11-02 23:19:00.510661     0     0 I PM      : early resume of devices complete after 3.926 msecs
11-02 23:19:00.544049     0     0 I bgcom   : bgcom_pm_resume: Bgcom resumed with : 0
11-02 23:19:00.554820     0     0 I mdss_dsi_panel_set_idle_mode: Idle (1->1)
11-02 23:19:00.599304     0     0 I PM      : resume of devices complete after 88.602 msecs
11-02 23:19:00.603661     0     0 I         : Restarting tasks ...
11-02 23:19:00.607003     0     0 W QSEECOM : qseecom_receive_req: Interrupted: exiting Listener Service = 12288
11-02 23:19:00.611482     0     0 W QSEECOM : qseecom_receive_req: Interrupted: exiting Listener Service = 8192
11-02 23:19:00.611570     0     0 W QSEECOM : qseecom_receive_req: Interrupted: exiting Listener Service = 11
11-02 23:19:00.611616     0     0 W QSEECOM : qseecom_receive_req: Interrupted: exiting Listener Service = 10
11-02 23:19:00.611656     0     0 W QSEECOM : qseecom_receive_req: Interrupted: exiting Listener Service = 28672
--------- switch to system
