11-03 10:45:52.915177  1686  1698 D SidekickService: ISidekickGraphics#beginResources()...
11-03 10:45:52.915639   416   416 D SKGHAL  : Changing to DOWNLOAD State
11-03 10:45:52.916887  1686  1698 D SidekickServiceUtils: bitmapFromDrawable: Returning bitmap directly
11-03 10:45:52.923162  2520 12958 D HOME    : [WatchStreamDB]Item alerting conditions - isInterruptive: true, recentlyInterrupted: false, isItemPinned: false, isUnread: false
11-03 10:45:52.924261  2520 12958 D HOME    : [StreamAlertingRegulator]isTheaterModeEnabled: false, isAlertingAllowedByOffBody: true, matchesLocalInterruptionFilter: true
11-03 10:45:52.927907  2520 12958 D HOME    : [WatchStreamDB]couldItemAlert: false, isTopItemChanged: false, isDeferralForTopItem: false
11-03 10:45:52.928126  1686  1698 W SidekickService: null digitDimensions in font, setting to PointF(20.0, 27.0)
11-03 10:45:52.928290  1686  1698 D SidekickService: sendFontsLocked(): fontInfo = {.width = 20, .height = 27, .nGlyphs = 10, .id = 4}, image.size() = 919
11-03 10:45:52.930021   416   416 D SKGHAL  : saveResource: resId = 4
11-03 10:45:52.934518  1686  1698 D SidekickService: sendFontsLocked(): status = 0, bytesUsed = 1374
11-03 10:45:52.935271  1686  1698 D SidekickServiceUtils: bitmapFromDrawable: Returning bitmap directly
11-03 10:45:53.004205   512   512 I sensors-hal: activate:107, android.sensor.light/46 en=0
11-03 10:45:53.007869   512   512 I sensors-hal: activate:118, android.sensor.light/46 en=0 completed
11-03 10:45:53.011112   512   512 I sensors-hal: batch:140, android.sensor.light/46, period=250000000, max_latency=0
11-03 10:45:53.011191   512   512 I sensors-hal: batch:149, android.sensor.light/46, period=250000000, max_latency=0 request completed
11-03 10:45:53.012280   512   512 I sensors-hal: activate:107, android.sensor.light/46 en=1
11-03 10:45:53.013603   512   512 I sensors-hal: ssc_enable_rt_task:254, ssc_enable_rt_task : true
11-03 10:45:53.023551   512   512 I sensors-hal: activate:118, android.sensor.light/46 en=1 completed
11-03 10:45:53.052215  1686  1698 D SidekickService: sendBitmapsLocked(): bounds = RectF(0.0, 0.0, 1.0, 1.0), drawableInfo = {.id = 0, .width = 416, .height = 416, .display = true, .offsetX = 0.0, .offsetY = 0.0, .rotationInfo = {.hasRotation = false, .pivotX = 0.0, .pivotY = 0.0, .degreesPerDay = 0.0, .degreesPerStep = 0.0, .zeroDegreesTime = {.daysSinceLocalEpoch = 0, .msSinceMidnight = 0}}, .transformInfo = {.transformed = false, .flipX = false, .flipY = false, .flip45 = false, .scaleX = 0.0, .scaleY = 0.0}, .type = GENERIC, .blink = {.blinking = false, .periodOnMs = 0.0, .periodOffMs = 0.0, .startTime = {.daysSinceLocalEpoch = 0, .msSinceMidnight = 0}}, .zOrder = 1, .displayInTwm = true}, image.size() = 6063
11-03 10:45:53.066653   416   416 D SKGHAL  : saveResource: resId = 0
11-03 10:45:53.085689  1686  1698 D SidekickService: sendBitmapsLocked(): status = 0, bytesUsed = 9429
11-03 10:45:53.086209  1686  1698 D SidekickServiceUtils: bitmapFromDrawable: Returning bitmap directly
11-03 10:45:53.087282  1686  1698 D SidekickService: sendBitmapsLocked(): bounds = RectF(0.0, 0.0, 0.0024038462, 0.0024038462), drawableInfo = {.id = 100000, .width = 1, .height = 1, .display = true, .offsetX = 0.0, .offsetY = 0.0, .rotationInfo = {.hasRotation = false, .pivotX = 0.0, .pivotY = 0.0, .degreesPerDay = 0.0, .degreesPerStep = 0.0, .zeroDegreesTime = {.daysSinceLocalEpoch = 0, .msSinceMidnight = 0}}, .transformInfo = {.transformed = false, .flipX = false, .flipY = false, .flip45 = false, .scaleX = 0.0, .scaleY = 0.0}, .type = GENERIC, .blink = {.blinking = false, .periodOnMs = 0.0, .periodOffMs = 0.0, .startTime = {.daysSinceLocalEpoch = 0, .msSinceMidnight = 0}}, .zOrder = 6, .displayInTwm = true}, image.size() = 84
11-03 10:45:53.088056   416   416 D SKGHAL  : saveResource: resId = 100000
11-03 10:45:53.088791  1686  1698 D SidekickService: sendBitmapsLocked(): status = 0, bytesUsed = 18
11-03 10:45:53.089871  1686  1698 D SidekickService: sendNumbersLocked(): drawableInfo = {.id = 5, .width = 100, .height = 50, .display = true, .offsetX = 162.0, .offsetY = 30.0, .rotationInfo = {.hasRotation = false, .pivotX = 0.0, .pivotY = 0.0, .degreesPerDay = 0.0, .degreesPerStep = 0.0, .zeroDegreesTime = {.daysSinceLocalEpoch = 0, .msSinceMidnight = 0}}, .transformInfo = {.transformed = false, .flipX = false, .flipY = false, .flip45 = false, .scaleX = 0.0, .scaleY = 0.0}, .type = NUMBER, .blink = {.blinking = false, .periodOnMs = 0.0, .periodOffMs = 0.0, .startTime = {.daysSinceLocalEpoch = 0, .msSinceMidnight = 0}}, .zOrder = 5, .displayInTwm = true}, numberInfo = {.startTime = {.daysSinceLocalEpoch = 0, .msSinceMidnight = 0}, .startNumber = 0, .minNumber = 0, .maxNumber = 23, .increment = 1, .msPerIncrement = 3600000.0, .fontId = 4, .digits = 2, .leadingZeroes = 1, .digit = -1, .transitionMs = 0.0}
11-03 10:45:53.090522   416   416 D SKGHAL  : saveResource: resId = 5
11-03 10:45:53.090848  1686  1698 D SidekickService: sendNumbersLocked(): status = 0, bytesUsed = 0
11-03 10:45:53.092284  1686  1698 D SidekickService: sendNumbersLocked(): drawableInfo = {.id = 6, .width = 100, .height = 50, .display = true, .offsetX = 214.0, .offsetY = 30.0, .rotationInfo = {.hasRotation = false, .pivotX = 0.0, .pivotY = 0.0, .degreesPerDay = 0.0, .degreesPerStep = 0.0, .zeroDegreesTime = {.daysSinceLocalEpoch = 0, .msSinceMidnight = 0}}, .transformInfo = {.transformed = false, .flipX = false, .flipY = false, .flip45 = false, .scaleX = 0.0, .scaleY = 0.0}, .type = NUMBER, .blink = {.blinking = false, .periodOnMs = 0.0, .periodOffMs = 0.0, .startTime = {.daysSinceLocalEpoch = 0, .msSinceMidnight = 0}}, .zOrder = 5, .displayInTwm = true}, numberInfo = {.startTime = {.daysSinceLocalEpoch = 0, .msSinceMidnight = 0}, .startNumber = 0, .minNumber = 0, .maxNumber = 59, .increment = 1, .msPerIncrement = 60000.0, .fontId = 4, .digits = 2, .leadingZeroes = 1, .digit = -1, .transitionMs = 0.0}
11-03 10:45:53.093091  2520  2541 I id.wearable.ap: NativeAlloc concurrent copying GC freed 63015(2MB) AllocSpace objects, 0(0B) LOS objects, 24% free, 8MB/10MB, paused 444us total 273.247ms
11-03 10:45:53.093375   416   416 D SKGHAL  : saveResource: resId = 6
11-03 10:45:53.093904  1686  1698 D SidekickService: sendNumbersLocked(): status = 0, bytesUsed = 0
11-03 10:45:53.094105  1686  1698 D SidekickService: ISidekickGraphics#endResources()...
11-03 10:45:53.095144   512 13116 I sensors-hal: handle_indication_realtime:355,  SCHED_FIFO(10) for qmi_cbk
11-03 10:45:53.313509  1686  1696 I system_server: Background concurrent copying GC freed 19627(2MB) AllocSpace objects, 14(440KB) LOS objects, 19% free, 10MB/12MB, paused 408us total 221.024ms
11-03 10:45:53.355701   416   416 D SKGHAL  : sendResources: metadata size = 2400, font size = 72
11-03 10:45:53.397246   416   416 D SKGHAL  : endResources: rc = 0
11-03 10:45:53.397348   416   416 D SKGHAL  : Changing to ACTIVE state
11-03 10:45:53.398708  2520 12956 I SidekickManager: sendWatchFaceImpl(): watchFace = com.google.android.clockwork.decomposablewatchface.WatchFaceDecomposition@4c4b3be forTWM = false
11-03 10:45:53.398966  2520  2520 D HOME    : [SidekickManagerAsync]sendWatchFace(): Callback#onResult(): 0
11-03 10:45:53.405856  1686  1698 D SidekickService: sendWatchFaceComponents called: watchFace = com.google.android.clockwork.decomposablewatchface.WatchFaceDecomposition@c602945shouldReplace = true
11-03 10:45:53.406174  1686  1698 D SidekickService: Check decomposition for calling app com.google.android.wearable.app with uid 10049
11-03 10:45:53.407243  1686  1698 D SidekickService: sendWatchFaceLocked(): shouldReplace = true, mSidekickIsControlling = false, 2 images, 1 fonts, 2 numbers, 0 proportionalFonts, 0 strings
11-03 10:45:53.407346  1686  1698 D SidekickService: resetLocked()
11-03 10:45:53.424101   416   416 D SKGHAL  : Changing to  RESET state
11-03 10:45:53.424835  1686  1698 D SidekickService: ISidekickGraphics#beginResources()...
11-03 10:45:53.425227   416   416 D SKGHAL  : Changing to DOWNLOAD State
11-03 10:45:53.426073  1686  1698 D SidekickServiceUtils: bitmapFromDrawable: Returning bitmap directly
11-03 10:45:53.436402  1686  1698 W SidekickService: null digitDimensions in font, setting to PointF(20.0, 27.0)
11-03 10:45:53.436686  1686  1698 D SidekickService: sendFontsLocked(): fontInfo = {.width = 20, .height = 27, .nGlyphs = 10, .id = 4}, image.size() = 919
11-03 10:45:53.438886   416   416 D SKGHAL  : saveResource: resId = 4
11-03 10:45:53.444269  1686  1698 D SidekickService: sendFontsLocked(): status = 0, bytesUsed = 1374
11-03 10:45:53.445023  1686  1698 D SidekickServiceUtils: bitmapFromDrawable: Returning bitmap directly
11-03 10:45:53.556266  1686  1698 D SidekickService: sendBitmapsLocked(): bounds = RectF(0.0, 0.0, 1.0, 1.0), drawableInfo = {.id = 0, .width = 416, .height = 416, .display = true, .offsetX = 0.0, .offsetY = 0.0, .rotationInfo = {.hasRotation = false, .pivotX = 0.0, .pivotY = 0.0, .degreesPerDay = 0.0, .degreesPerStep = 0.0, .zeroDegreesTime = {.daysSinceLocalEpoch = 0, .msSinceMidnight = 0}}, .transformInfo = {.transformed = false, .flipX = false, .flipY = false, .flip45 = false, .scaleX = 0.0, .scaleY = 0.0}, .type = GENERIC, .blink = {.blinking = false, .periodOnMs = 0.0, .periodOffMs = 0.0, .startTime = {.daysSinceLocalEpoch = 0, .msSinceMidnight = 0}}, .zOrder = 1, .displayInTwm = true}, image.size() = 6063
11-03 10:45:53.570848   416   416 D SKGHAL  : saveResource: resId = 0
11-03 10:45:53.589754  1686  1698 D SidekickService: sendBitmapsLocked(): status = 0, bytesUsed = 9429
11-03 10:45:53.590525  1686  1698 D SidekickServiceUtils: bitmapFromDrawable: Returning bitmap directly
11-03 10:45:53.592072  1686  1698 D SidekickService: sendBitmapsLocked(): bounds = RectF(0.0, 0.0, 0.0024038462, 0.0024038462), drawableInfo = {.id = 100000, .width = 1, .height = 1, .display = true, .offsetX = 0.0, .offsetY = 0.0, .rotationInfo = {.hasRotation = false, .pivotX = 0.0, .pivotY = 0.0, .degreesPerDay = 0.0, .degreesPerStep = 0.0, .zeroDegreesTime = {.daysSinceLocalEpoch = 0, .msSinceMidnight = 0}}, .transformInfo = {.transformed = false, .flipX = false, .flipY = false, .flip45 = false, .scaleX = 0.0, .scaleY = 0.0}, .type = GENERIC, .blink = {.blinking = false, .periodOnMs = 0.0, .periodOffMs = 0.0, .startTime = {.daysSinceLocalEpoch = 0, .msSinceMidnight = 0}}, .zOrder = 6, .displayInTwm = true}, image.size() = 84
11-03 10:45:53.592951   416   416 D SKGHAL  : saveResource: resId = 100000
11-03 10:45:53.593543  1686  1698 D SidekickService: sendBitmapsLocked(): status = 0, bytesUsed = 18
11-03 10:45:53.594561  1686  1698 D SidekickService: sendNumbersLocked(): drawableInfo = {.id = 5, .width = 100, .height = 50, .display = true, .offsetX = 162.0, .offsetY = 30.0, .rotationInfo = {.hasRotation = false, .pivotX = 0.0, .pivotY = 0.0, .degreesPerDay = 0.0, .degreesPerStep = 0.0, .zeroDegreesTime = {.daysSinceLocalEpoch = 0, .msSinceMidnight = 0}}, .transformInfo = {.transformed = false, .flipX = false, .flipY = false, .flip45 = false, .scaleX = 0.0, .scaleY = 0.0}, .type = NUMBER, .blink = {.blinking = false, .periodOnMs = 0.0, .periodOffMs = 0.0, .startTime = {.daysSinceLocalEpoch = 0, .msSinceMidnight = 0}}, .zOrder = 5, .displayInTwm = true}, numberInfo = {.startTime = {.daysSinceLocalEpoch = 0, .msSinceMidnight = 0}, .startNumber = 0, .minNumber = 0, .maxNumber = 23, .increment = 1, .msPerIncrement = 3600000.0, .fontId = 4, .digits = 2, .leadingZeroes = 1, .digit = -1, .transitionMs = 0.0}
11-03 10:45:53.595123   416   416 D SKGHAL  : saveResource: resId = 5
11-03 10:45:53.595374  1686  1698 D SidekickService: sendNumbersLocked(): status = 0, bytesUsed = 0
11-03 10:45:53.596243  1686  1698 D SidekickService: sendNumbersLocked(): drawableInfo = {.id = 6, .width = 100, .height = 50, .display = true, .offsetX = 214.0, .offsetY = 30.0, .rotationInfo = {.hasRotation = false, .pivotX = 0.0, .pivotY = 0.0, .degreesPerDay = 0.0, .degreesPerStep = 0.0, .zeroDegreesTime = {.daysSinceLocalEpoch = 0, .msSinceMidnight = 0}}, .transformInfo = {.transformed = false, .flipX = false, .flipY = false, .flip45 = false, .scaleX = 0.0, .scaleY = 0.0}, .type = NUMBER, .blink = {.blinking = false, .periodOnMs = 0.0, .periodOffMs = 0.0, .startTime = {.daysSinceLocalEpoch = 0, .msSinceMidnight = 0}}, .zOrder = 5, .displayInTwm = true}, numberInfo = {.startTime = {.daysSinceLocalEpoch = 0, .msSinceMidnight = 0}, .startNumber = 0, .minNumber = 0, .maxNumber = 59, .increment = 1, .msPerIncrement = 60000.0, .fontId = 4, .digits = 2, .leadingZeroes = 1, .digit = -1, .transitionMs = 0.0}
11-03 10:45:53.596766   416   416 D SKGHAL  : saveResource: resId = 6
11-03 10:45:53.596994  1686  1698 D SidekickService: sendNumbersLocked(): status = 0, bytesUsed = 0
11-03 10:45:53.597110  1686  1698 D SidekickService: ISidekickGraphics#endResources()...
11-03 10:45:53.759626   416   416 D SKGHAL  : sendResources: metadata size = 2400, font size = 72
11-03 10:45:53.792113   416   416 D SKGHAL  : endResources: rc = 0
11-03 10:45:53.792356   416   416 D SKGHAL  : Changing to ACTIVE state
11-03 10:45:53.793747  2520 12956 I SidekickManager: sendWatchFaceImpl(): watchFace = com.google.android.clockwork.decomposablewatchface.WatchFaceDecomposition@6e61b6c forTWM = false
11-03 10:45:53.794002  2520  2520 D HOME    : [SidekickManagerAsync]sendWatchFace(): Callback#onResult(): 0
11-03 10:45:53.799820  1686  1698 D SidekickService: sendWatchFaceComponents called: watchFace = com.google.android.clockwork.decomposablewatchface.WatchFaceDecomposition@1e2c89ashouldReplace = true
11-03 10:45:53.800142  1686  1698 D SidekickService: Check decomposition for calling app com.google.android.wearable.app with uid 10049
11-03 10:45:53.800915  1686  1698 D SidekickService: sendWatchFaceLocked(): shouldReplace = true, mSidekickIsControlling = false, 2 images, 1 fonts, 2 numbers, 0 proportionalFonts, 0 strings
11-03 10:45:53.800979  1686  1698 D SidekickService: resetLocked()
11-03 10:45:53.809878   416   416 D SKGHAL  : Changing to  RESET state
11-03 10:45:53.810444  1686  1698 D SidekickService: ISidekickGraphics#beginResources()...
11-03 10:45:53.810856   416   416 D SKGHAL  : Changing to DOWNLOAD State
11-03 10:45:53.812012  1686  1698 D SidekickServiceUtils: bitmapFromDrawable: Returning bitmap directly
11-03 10:45:53.821272  1686  1698 W SidekickService: null digitDimensions in font, setting to PointF(20.0, 27.0)
11-03 10:45:53.821642  1686  1698 D SidekickService: sendFontsLocked(): fontInfo = {.width = 20, .height = 27, .nGlyphs = 10, .id = 4}, image.size() = 919
11-03 10:45:53.823675   416   416 D SKGHAL  : saveResource: resId = 4
11-03 10:45:53.829328  1686  1698 D SidekickService: sendFontsLocked(): status = 0, bytesUsed = 1374
11-03 10:45:53.830302  1686  1698 D SidekickServiceUtils: bitmapFromDrawable: Returning bitmap directly
11-03 10:45:53.939519  1686  1698 D SidekickService: sendBitmapsLocked(): bounds = RectF(0.0, 0.0, 1.0, 1.0), drawableInfo = {.id = 0, .width = 416, .height = 416, .display = true, .offsetX = 0.0, .offsetY = 0.0, .rotationInfo = {.hasRotation = false, .pivotX = 0.0, .pivotY = 0.0, .degreesPerDay = 0.0, .degreesPerStep = 0.0, .zeroDegreesTime = {.daysSinceLocalEpoch = 0, .msSinceMidnight = 0}}, .transformInfo = {.transformed = false, .flipX = false, .flipY = false, .flip45 = false, .scaleX = 0.0, .scaleY = 0.0}, .type = GENERIC, .blink = {.blinking = false, .periodOnMs = 0.0, .periodOffMs = 0.0, .startTime = {.daysSinceLocalEpoch = 0, .msSinceMidnight = 0}}, .zOrder = 1, .displayInTwm = true}, image.size() = 6063
11-03 10:45:53.953978   416   416 D SKGHAL  : saveResource: resId = 0
11-03 10:45:53.971872  1686  1698 D SidekickService: sendBitmapsLocked(): status = 0, bytesUsed = 9429
11-03 10:45:53.972426  1686  1698 D SidekickServiceUtils: bitmapFromDrawable: Returning bitmap directly
11-03 10:45:53.973499  1686  1698 D SidekickService: sendBitmapsLocked(): bounds = RectF(0.0, 0.0, 0.0024038462, 0.0024038462), drawableInfo = {.id = 100000, .width = 1, .height = 1, .display = true, .offsetX = 0.0, .offsetY = 0.0, .rotationInfo = {.hasRotation = false, .pivotX = 0.0, .pivotY = 0.0, .degreesPerDay = 0.0, .degreesPerStep = 0.0, .zeroDegreesTime = {.daysSinceLocalEpoch = 0, .msSinceMidnight = 0}}, .transformInfo = {.transformed = false, .flipX = false, .flipY = false, .flip45 = false, .scaleX = 0.0, .scaleY = 0.0}, .type = GENERIC, .blink = {.blinking = false, .periodOnMs = 0.0, .periodOffMs = 0.0, .startTime = {.daysSinceLocalEpoch = 0, .msSinceMidnight = 0}}, .zOrder = 6, .displayInTwm = true}, image.size() = 84
11-03 10:45:53.974223   416   416 D SKGHAL  : saveResource: resId = 100000
11-03 10:45:53.974902  1686  1698 D SidekickService: sendBitmapsLocked(): status = 0, bytesUsed = 18
11-03 10:45:53.975878  1686  1698 D SidekickService: sendNumbersLocked(): drawableInfo = {.id = 5, .width = 100, .height = 50, .display = true, .offsetX = 162.0, .offsetY = 30.0, .rotationInfo = {.hasRotation = false, .pivotX = 0.0, .pivotY = 0.0, .degreesPerDay = 0.0, .degreesPerStep = 0.0, .zeroDegreesTime = {.daysSinceLocalEpoch = 0, .msSinceMidnight = 0}}, .transformInfo = {.transformed = false, .flipX = false, .flipY = false, .flip45 = false, .scaleX = 0.0, .scaleY = 0.0}, .type = NUMBER, .blink = {.blinking = false, .periodOnMs = 0.0, .periodOffMs = 0.0, .startTime = {.daysSinceLocalEpoch = 0, .msSinceMidnight = 0}}, .zOrder = 5, .displayInTwm = true}, numberInfo = {.startTime = {.daysSinceLocalEpoch = 0, .msSinceMidnight = 0}, .startNumber = 0, .minNumber = 0, .maxNumber = 23, .increment = 1, .msPerIncrement = 3600000.0, .fontId = 4, .digits = 2, .leadingZeroes = 1, .digit = -1, .transitionMs = 0.0}
11-03 10:45:53.976419   416   416 D SKGHAL  : saveResource: resId = 5
11-03 10:45:53.976664  1686  1698 D SidekickService: sendNumbersLocked(): status = 0, bytesUsed = 0
11-03 10:45:53.977562  1686  1698 D SidekickService: sendNumbersLocked(): drawableInfo = {.id = 6, .width = 100, .height = 50, .display = true, .offsetX = 214.0, .offsetY = 30.0, .rotationInfo = {.hasRotation = false, .pivotX = 0.0, .pivotY = 0.0, .degreesPerDay = 0.0, .degreesPerStep = 0.0, .zeroDegreesTime = {.daysSinceLocalEpoch = 0, .msSinceMidnight = 0}}, .transformInfo = {.transformed = false, .flipX = false, .flipY = false, .flip45 = false, .scaleX = 0.0, .scaleY = 0.0}, .type = NUMBER, .blink = {.blinking = false, .periodOnMs = 0.0, .periodOffMs = 0.0, .startTime = {.daysSinceLocalEpoch = 0, .msSinceMidnight = 0}}, .zOrder = 5, .displayInTwm = true}, numberInfo = {.startTime = {.daysSinceLocalEpoch = 0, .msSinceMidnight = 0}, .startNumber = 0, .minNumber = 0, .maxNumber = 59, .increment = 1, .msPerIncrement = 60000.0, .fontId = 4, .digits = 2, .leadingZeroes = 1, .digit = -1, .transitionMs = 0.0}
11-03 10:45:53.978065   416   416 D SKGHAL  : saveResource: resId = 6
11-03 10:45:53.978500  1686  1698 D SidekickService: sendNumbersLocked(): status = 0, bytesUsed = 0
11-03 10:45:53.978627  1686  1698 D SidekickService: ISidekickGraphics#endResources()...
11-03 10:45:54.145654   416   416 D SKGHAL  : sendResources: metadata size = 2400, font size = 72
11-03 10:45:54.178814   416   416 D SKGHAL  : endResources: rc = 0
11-03 10:45:54.178908   416   416 D SKGHAL  : Changing to ACTIVE state
11-03 10:45:54.180134  2520 12956 I SidekickManager: sendWatchFaceImpl(): watchFace = com.google.android.clockwork.decomposablewatchface.WatchFaceDecomposition@7144dca forTWM = false
11-03 10:45:54.180414  2520  2520 D HOME    : [SidekickManagerAsync]sendWatchFace(): Callback#onResult(): 0
11-03 10:45:54.191311  1686  1698 D SidekickService: sendWatchFaceComponents called: watchFace = com.google.android.clockwork.decomposablewatchface.WatchFaceDecomposition@7ca85cbshouldReplace = true
11-03 10:45:54.191857  1686  1698 D SidekickService: Check decomposition for calling app com.google.android.wearable.app with uid 10049
11-03 10:45:54.192907  1686  1698 D SidekickService: sendWatchFaceLocked(): shouldReplace = true, mSidekickIsControlling = false, 2 images, 1 fonts, 2 numbers, 0 proportionalFonts, 0 strings
11-03 10:45:54.193068  1686  1698 D SidekickService: resetLocked()
11-03 10:45:54.206093   416   416 D SKGHAL  : Changing to  RESET state
11-03 10:45:54.206569  1686  1698 D SidekickService: ISidekickGraphics#beginResources()...
11-03 10:45:54.207015   416   416 D SKGHAL  : Changing to DOWNLOAD State
11-03 10:45:54.209334  1686  1698 D SidekickServiceUtils: bitmapFromDrawable: Returning bitmap directly
11-03 10:45:54.218703  1686  1698 W SidekickService: null digitDimensions in font, setting to PointF(20.0, 27.0)
11-03 10:45:54.218989  1686  1698 D SidekickService: sendFontsLocked(): fontInfo = {.width = 20, .height = 27, .nGlyphs = 10, .id = 4}, image.size() = 919
11-03 10:45:54.220964   416   416 D SKGHAL  : saveResource: resId = 4
11-03 10:45:54.226224  1686  1698 D SidekickService: sendFontsLocked(): status = 0, bytesUsed = 1374
11-03 10:45:54.227192  1686  1698 D SidekickServiceUtils: bitmapFromDrawable: Returning bitmap directly
11-03 10:45:54.336948  1686  1698 D SidekickService: sendBitmapsLocked(): bounds = RectF(0.0, 0.0, 1.0, 1.0), drawableInfo = {.id = 0, .width = 416, .height = 416, .display = true, .offsetX = 0.0, .offsetY = 0.0, .rotationInfo = {.hasRotation = false, .pivotX = 0.0, .pivotY = 0.0, .degreesPerDay = 0.0, .degreesPerStep = 0.0, .zeroDegreesTime = {.daysSinceLocalEpoch = 0, .msSinceMidnight = 0}}, .transformInfo = {.transformed = false, .flipX = false, .flipY = false, .flip45 = false, .scaleX = 0.0, .scaleY = 0.0}, .type = GENERIC, .blink = {.blinking = false, .periodOnMs = 0.0, .periodOffMs = 0.0, .startTime = {.daysSinceLocalEpoch = 0, .msSinceMidnight = 0}}, .zOrder = 1, .displayInTwm = true}, image.size() = 6063
11-03 10:45:54.352403   416   416 D SKGHAL  : saveResource: resId = 0
11-03 10:45:54.371767  1686  1698 D SidekickService: sendBitmapsLocked(): status = 0, bytesUsed = 9429
11-03 10:45:54.372323  1686  1698 D SidekickServiceUtils: bitmapFromDrawable: Returning bitmap directly
11-03 10:45:54.373408  1686  1698 D SidekickService: sendBitmapsLocked(): bounds = RectF(0.0, 0.0, 0.0024038462, 0.0024038462), drawableInfo = {.id = 100000, .width = 1, .height = 1, .display = true, .offsetX = 0.0, .offsetY = 0.0, .rotationInfo = {.hasRotation = false, .pivotX = 0.0, .pivotY = 0.0, .degreesPerDay = 0.0, .degreesPerStep = 0.0, .zeroDegreesTime = {.daysSinceLocalEpoch = 0, .msSinceMidnight = 0}}, .transformInfo = {.transformed = false, .flipX = false, .flipY = false, .flip45 = false, .scaleX = 0.0, .scaleY = 0.0}, .type = GENERIC, .blink = {.blinking = false, .periodOnMs = 0.0, .periodOffMs = 0.0, .startTime = {.daysSinceLocalEpoch = 0, .msSinceMidnight = 0}}, .zOrder = 6, .displayInTwm = true}, image.size() = 84
11-03 10:45:54.374474   416   416 D SKGHAL  : saveResource: resId = 100000
11-03 10:45:54.375019  1686  1698 D SidekickService: sendBitmapsLocked(): status = 0, bytesUsed = 18
11-03 10:45:54.376031  1686  1698 D SidekickService: sendNumbersLocked(): drawableInfo = {.id = 5, .width = 100, .height = 50, .display = true, .offsetX = 162.0, .offsetY = 30.0, .rotationInfo = {.hasRotation = false, .pivotX = 0.0, .pivotY = 0.0, .degreesPerDay = 0.0, .degreesPerStep = 0.0, .zeroDegreesTime = {.daysSinceLocalEpoch = 0, .msSinceMidnight = 0}}, .transformInfo = {.transformed = false, .flipX = false, .flipY = false, .flip45 = false, .scaleX = 0.0, .scaleY = 0.0}, .type = NUMBER, .blink = {.blinking = false, .periodOnMs = 0.0, .periodOffMs = 0.0, .startTime = {.daysSinceLocalEpoch = 0, .msSinceMidnight = 0}}, .zOrder = 5, .displayInTwm = true}, numberInfo = {.startTime = {.daysSinceLocalEpoch = 0, .msSinceMidnight = 0}, .startNumber = 0, .minNumber = 0, .maxNumber = 23, .increment = 1, .msPerIncrement = 3600000.0, .fontId = 4, .digits = 2, .leadingZeroes = 1, .digit = -1, .transitionMs = 0.0}
11-03 10:45:54.376570   416   416 D SKGHAL  : saveResource: resId = 5
11-03 10:45:54.377023  1686  1698 D SidekickService: sendNumbersLocked(): status = 0, bytesUsed = 0
11-03 10:45:54.377907  1686  1698 D SidekickService: sendNumbersLocked(): drawableInfo = {.id = 6, .width = 100, .height = 50, .display = true, .offsetX = 214.0, .offsetY = 30.0, .rotationInfo = {.hasRotation = false, .pivotX = 0.0, .pivotY = 0.0, .degreesPerDay = 0.0, .degreesPerStep = 0.0, .zeroDegreesTime = {.daysSinceLocalEpoch = 0, .msSinceMidnight = 0}}, .transformInfo = {.transformed = false, .flipX = false, .flipY = false, .flip45 = false, .scaleX = 0.0, .scaleY = 0.0}, .type = NUMBER, .blink = {.blinking = false, .periodOnMs = 0.0, .periodOffMs = 0.0, .startTime = {.daysSinceLocalEpoch = 0, .msSinceMidnight = 0}}, .zOrder = 5, .displayInTwm = true}, numberInfo = {.startTime = {.daysSinceLocalEpoch = 0, .msSinceMidnight = 0}, .startNumber = 0, .minNumber = 0, .maxNumber = 59, .increment = 1, .msPerIncrement = 60000.0, .fontId = 4, .digits = 2, .leadingZeroes = 1, .digit = -1, .transitionMs = 0.0}
11-03 10:45:54.378421   416   416 D SKGHAL  : saveResource: resId = 6
11-03 10:45:54.378666  1686  1698 D SidekickService: sendNumbersLocked(): status = 0, bytesUsed = 0
11-03 10:45:54.378786  1686  1698 D SidekickService: ISidekickGraphics#endResources()...
11-03 10:45:54.551205   416   416 D SKGHAL  : sendResources: metadata size = 2400, font size = 72
11-03 10:45:54.586097   416   416 D SKGHAL  : endResources: rc = 0
11-03 10:45:54.586238   416   416 D SKGHAL  : Changing to ACTIVE state
11-03 10:45:54.587987  2520  2520 D HOME    : [SidekickManagerAsync]sendWatchFace(): Callback#onResult(): 0
--------- switch to system
11-03 10:45:57.239375  1686  1712 I PowerManagerService: Going to sleep due to screen timeout (uid 1000)...
11-03 10:45:57.240571  1686  1712 I DreamManagerService: Entering dreamland.
11-03 10:45:57.241275  1686  1712 I PowerManagerService: Dozing...
11-03 10:45:57.242457  1686  1708 I DreamController: Starting dream: name=ComponentInfo{com.google.android.wearable.ambient/com.google.android.wearable.ambient.AmbientDream}, isTest=false, canDoze=true, userId=0
11-03 10:45:57.242551  1686  1686 W UsageStatsService: Event reported without a package name
11-03 10:45:57.266537  1686  1686 W ContextImpl: Calling a method in the system process without a qualified user: android.app.ContextImpl.bindService:1611 android.content.ContextWrapper.bindService:698 com.google.android.wearable.ambient.AmbientDream.onCreate:191 android.app.ActivityThread.handleCreateService:3533 android.app.ActivityThread.access$1300:200 
11-03 10:45:57.269654  1686  1686 W ContextImpl: Calling a method in the system process without a qualified user: android.app.ContextImpl.sendBroadcast:1005 android.content.ContextWrapper.sendBroadcast:444 com.google.android.wearable.ambient.AmbientDream.onCreate:241 android.app.ActivityThread.handleCreateService:3533 android.app.ActivityThread.access$1300:200 
11-03 10:45:57.272279  1686  1686 V DreamService[AmbientDream]: onBind() intent = Intent { act=android.service.dreams.DreamService flg=0x800000 cmp=com.google.android.wearable.ambient/.AmbientDream }
--------- switch to main
11-03 10:45:57.273892  1686  1686 I AmbientService: [ce6a28c] Ambient Created
--------- switch to system
11-03 10:45:57.276178  1686  1686 V DreamService[AmbientDream]: Calling onDreamingStarted()
--------- switch to main
11-03 10:45:57.276412  1686  1686 I AmbientService: [ce6a28c] doOnDreamingStarted
11-03 10:45:57.277096  1686  1686 D SidekickService: setShouldControlDisplay called: true
11-03 10:45:57.278752  1686  1686 I AmbientService: [ce6a28c] Selected running activity for ambient mode: AmbientActivity[component=ComponentInfo{com.google.android.wearable.app/com.google.android.clockwork.home2.activity.HomeActivity2}, callbacks=@210b385, running=true, ambientRequested=true, ambientEnabled=true, offloadEnabled=true]
11-03 10:45:57.279568  1686  1686 I AmbientService: [ce6a28c] Sidekick is ready to display, requesting doze.
11-03 10:45:57.280357  1686  1686 I AmbientService: [ce6a28c] No auto-resume Activity.
11-03 10:45:57.282561  1686  1686 W DefaultSettingsContentR: Value for ambient_low_bit_enabled not stored as number. Attempting parse as boolean.
11-03 10:45:57.283244  2520  2520 D HOME    : [HomeVisitsLogger]Logging streamlet event: enter_ambient_mode
11-03 10:45:57.284139  2520 12956 D HOME    : [HomeVisitsLogger]Logging streamlet event: visit_end
11-03 10:45:57.284195  2520  2520 D HOME    : [HotwordController]updateClient MODE_WATCH_FACE false true false true
11-03 10:45:57.286856  1686  1686 I AmbientService: [ce6a28c] Showing watch face in offload mode, canceling alarm.
11-03 10:45:57.287056  1686  1686 W AlarmManagerProxy: Removing unknown listener
11-03 10:45:57.287211  1686  1686 D WristGestureCtrl: Stopping detectors: GesturesEnabled-false gestureDetector-false ungazeEnabled-true ungaze-true
11-03 10:45:57.287291  1686  1686 D DefaultUngazeDetector: stopping
11-03 10:45:57.289994   512   512 I sensors-hal: batch:140, android.sensor.accelerometer/48, period=66667000, max_latency=100000000
11-03 10:45:57.297542   512   512 I sensors-hal: batch:149, android.sensor.accelerometer/48, period=66667000, max_latency=100000000 request completed
11-03 10:45:57.338790  2520  2520 D HOME    : [WatchFaceUiController]setInAmbientMode true
11-03 10:45:57.339854  2520 12956 I SidekickManager: replaceWatchFaceComponentsImpl(): watchFace = com.google.android.clockwork.decomposablewatchface.WatchFaceDecomposition@93576b3
11-03 10:45:57.341714  2520  2520 D HOME    : [StreamDBQueue]Promised revision #4559 to queue a new op
11-03 10:45:57.342044  2520  2520 D WatchStreamManager: Promised rank-blocked=false @ r#4559
11-03 10:45:57.342401  1686  2583 D SidekickService: sendWatchFaceComponents called: watchFace = com.google.android.clockwork.decomposablewatchface.WatchFaceDecomposition@acab684shouldReplace = false
11-03 10:45:57.342543  2520  2520 D HOME    : [StreamDBQueue]Promised revision #4560 to queue a new op
11-03 10:45:57.342621  1686  2583 D SidekickService: Check decomposition for calling app com.google.android.wearable.app with uid 10049
11-03 10:45:57.342720  2520  2520 D WatchStreamManager: Promised rank-blocked=false @ r#4560
11-03 10:45:57.343050  2520 12978 D HOME    : [WatchStreamDB]Item alerting conditions - isInterruptive: true, recentlyInterrupted: false, isItemPinned: false, isUnread: false
11-03 10:45:57.343046  2520 12958 D HOME    : [StreamDBQueue]Promised revision #4561 to queue a new op
11-03 10:45:57.343188  2520 12958 D WatchStreamManager: Promised rerank @ r#4561
11-03 10:45:57.343313  1686  2583 D SidekickService: sendWatchFaceLocked(): shouldReplace = false, mSidekickIsControlling = false, 1 images, 0 fonts, 0 numbers, 0 proportionalFonts, 0 strings
11-03 10:45:57.343354  2520 12978 D HOME    : [StreamAlertingRegulator]isTheaterModeEnabled: false, isAlertingAllowedByOffBody: true, matchesLocalInterruptionFilter: true
11-03 10:45:57.343383  1686  2583 D SidekickService: ISidekickGraphics#beginResources()...
11-03 10:45:57.343491  2520  2520 D HOME    : [EventBus]Wrapper pool is full. Discarding excess wrapper instance for event com.google.android.clockwork.sysui.events.KeyguardStateEvent
11-03 10:45:57.343568  2520  2520 D HOME    : [WatchFaceUiController]sendStateToWallpaper
11-03 10:45:57.343562  2520 12978 D HOME    : [WatchStreamDB]couldItemAlert: false, isTopItemChanged: false, isDeferralForTopItem: false
11-03 10:45:57.344473  1686  2583 D SidekickServiceUtils: bitmapFromDrawable: Returning bitmap directly
11-03 10:45:57.344505  2520 12978 D HOME    : [WatchStreamDB]Item alerting conditions - isInterruptive: true, recentlyInterrupted: false, isItemPinned: false, isUnread: false
11-03 10:45:57.344799  2520 12978 D HOME    : [StreamAlertingRegulator]isTheaterModeEnabled: false, isAlertingAllowedByOffBody: true, matchesLocalInterruptionFilter: true
11-03 10:45:57.345118  2520 12978 D HOME    : [WatchStreamDB]couldItemAlert: false, isTopItemChanged: false, isDeferralForTopItem: false
11-03 10:45:57.345413  2520  2520 D HOME    : [EventBus]Wrapper pool is full. Discarding excess wrapper instance for event com.google.android.clockwork.sysui.events.KeyguardStateEvent
11-03 10:45:57.345674  2520  2520 D HOME    : [EventBus]Wrapper pool is full. Discarding excess wrapper instance for event com.google.android.clockwork.sysui.events.KeyguardStateEvent
11-03 10:45:57.347672  2520 12978 D HOME    : [WatchStreamDB]updateRanking()
11-03 10:45:57.348327  2520 12978 D HOME    : [WatchStreamDB]Item alerting conditions - isInterruptive: true, recentlyInterrupted: false, isItemPinned: false, isUnread: false
11-03 10:45:57.348680  2520 12978 D HOME    : [StreamAlertingRegulator]isTheaterModeEnabled: false, isAlertingAllowedByOffBody: true, matchesLocalInterruptionFilter: true
11-03 10:45:57.348934  2520 12978 D HOME    : [WatchStreamDB]couldItemAlert: false, isTopItemChanged: false, isDeferralForTopItem: false
11-03 10:45:57.349502  2520 12978 D HOME    : [NewStreamAdapter]Publishing revision #4561 to adapter clients
11-03 10:45:57.350187  2520 12958 D HOME    : [StreamDBQueue]Promised revision #4562 to queue a new op
11-03 10:45:57.350422  2520 12958 D WatchStreamManager: Promised rerank @ r#4562
11-03 10:45:57.350640  1686  2583 D SidekickService: sendBitmapsLocked(): bounds = RectF(0.47115386, 0.33653846, 0.52884614, 0.39423078), drawableInfo = {.id = 100000, .width = 24, .height = 24, .display = true, .offsetX = 193.0, .offsetY = 137.0, .rotationInfo = {.hasRotation = false, .pivotX = 0.0, .pivotY = 0.0, .degreesPerDay = 0.0, .degreesPerStep = 0.0, .zeroDegreesTime = {.daysSinceLocalEpoch = 0, .msSinceMidnight = 0}}, .transformInfo = {.transformed = false, .flipX = false, .flipY = false, .flip45 = false, .scaleX = 0.0, .scaleY = 0.0}, .type = GENERIC, .blink = {.blinking = false, .periodOnMs = 0.0, .periodOffMs = 0.0, .startTime = {.daysSinceLocalEpoch = 0, .msSinceMidnight = 0}}, .zOrder = 6, .displayInTwm = true}, image.size() = 204
11-03 10:45:57.350669  2520 12978 D HOME    : [WatchStreamDB]updateRanking()
11-03 10:45:57.351211  2520 12978 D HOME    : [WatchStreamDB]Item alerting conditions - isInterruptive: true, recentlyInterrupted: false, isItemPinned: false, isUnread: false
11-03 10:45:57.351255  2520  2520 W StaticLayout: maxLineHeight should not be -1.  maxLines:1 lineCount:1
11-03 10:45:57.351709  2520 12978 D HOME    : [StreamAlertingRegulator]isTheaterModeEnabled: false, isAlertingAllowedByOffBody: true, matchesLocalInterruptionFilter: true
11-03 10:45:57.351808   416   416 D SKGHAL  : saveResource: resId = 100000
11-03 10:45:57.351962  2520 12978 D HOME    : [WatchStreamDB]couldItemAlert: false, isTopItemChanged: false, isDeferralForTopItem: false
11-03 10:45:57.352672  1686  2583 D SidekickService: sendBitmapsLocked(): status = 0, bytesUsed = 267
11-03 10:45:57.352672  2520 12978 D HOME    : [NewStreamAdapter]Publishing revision #4562 to adapter clients
11-03 10:45:57.352879  1686  2583 D SidekickService: ISidekickGraphics#endResources()...
11-03 10:45:57.535906   416   416 D SKGHAL  : sendResources: metadata size = 2400, font size = 72
11-03 10:45:57.578414   416   416 D SKGHAL  : endResources: rc = 0
11-03 10:45:57.580018  1686  1686 W system_server: Long monitor contention with owner Binder:1686_B (2583) at int com.google.android.clockwork.sidekick.SidekickService$BinderService.sendWatchFace(com.google.android.clockwork.decomposablewatchface.WatchFaceDecomposition, boolean)(SidekickService.java:1021) waiters=0 in boolean com.google.android.clockwork.sidekick.SidekickService$BinderService.readyToDisplay() for 232ms
11-03 10:45:57.581831  2520  2520 D HOME    : [SidekickManagerAsync]replaceWatchFaceComponents(): Callback#onResult(): 0
--------- switch to system
11-03 10:45:57.582283  1686  1686 W Looper  : Slow dispatch took 235ms main h=android.os.Handler c=com.google.android.wearable.ambient.AmbientDream$Callbacks$1@a041e6d m=0
--------- switch to main
11-03 10:45:57.582362  2520  2520 D HOME    : [WatchFaceUiController]Complication updates sent, posting watch face hiding
11-03 10:45:57.582461  2520  2520 D HOME    : [WatchFaceUiController]Still in ambient watch face, hiding
11-03 10:45:57.582550  2520  2520 D HOME    : [WatchFaceUiController]Hiding watch face wallpaper.
--------- switch to kernel
11-03 10:45:57.479629     0     0 E FG      : fg_psy_get_property: unsupported property 7
11-03 10:45:57.483337     0     0 W healthd : battery l=12 v=3625 t=29.0 h=2 st=3 c=171 fc=443000 cc=0 chg=
--------- switch to main
11-03 10:45:57.620154  1956  1956 D QtiCarrierConfigHelper: WARNING, no carrier configs on phone Id: 0
11-03 10:45:57.625434   512  1749 I sensors-hal: activate:107, android.sensor.light/46 en=0
11-03 10:45:57.626719  2520  2520 D HOME    : [BatteryChange]action: android.intent.action.BATTERY_CHANGED
11-03 10:45:57.628183  2520 12956 D HOME    : [BatteryChange]HandleBatteryChangedTask
11-03 10:45:57.629376   512  1749 I sensors-hal: activate:118, android.sensor.light/46 en=0 completed
11-03 10:45:57.633624  2520 12956 D HOME    : [BatteryChange]level: 12, status: 3
11-03 10:45:57.635714  2520 12956 D HOME    : [BatteryChange]updateStreamItem
--------- switch to system
11-03 10:45:57.648155  1686  1710 I DisplayManagerService: Display device changed state: "Écran intégré", DOZE_SUSPEND
--------- switch to main
11-03 10:45:57.681081   545   545 D SurfaceFlinger: Set power mode=3, type=0 flinger=0xb6bb6000
11-03 10:45:57.682974   504   764 I SDM     : DisplayBase::SetDisplayState: Set state = 3, display 0
11-03 10:45:57.683535  1686  1759 I InputReader: Reconfiguring input devices.  changes=0x00000004
--------- switch to kernel
11-03 10:45:57.567032     0     0 I mdss_dsi_panel_set_idle_mode: Idle (0->1)
11-03 10:45:57.610248     0     0 I         : [touch]FB_BLANK_VSYNC_SUSPEND
11-03 10:45:57.610265     0     0 I         : [touch]irq disable
11-03 10:45:57.610274     0     0 I         : [touch]workqueue is empty!
11-03 10:45:57.610280     0     0 I         : [touch]raydium_ts_do_suspend.
11-03 10:45:57.610305     0     0 I         : [touch]Device may wakeup
11-03 10:45:57.614916     0     0 I         : [touch]irq enable
--------- switch to main
11-03 10:45:57.739625   545   545 D SurfaceFlinger: Finished set power mode=3, type=0
11-03 10:45:57.740762  1686  1823 I SidekickService: beginDisplayLocked(): DOZE_SUSPEND
11-03 10:45:57.742436   416   416 D SKGHAL  : sendAmbientPrepare: enter:
--------- switch to kernel
11-03 10:45:57.626383     0     0 E mdss_dsi_gen_read_status: Read back value from panel is incorrect
--------- switch to main
11-03 10:45:57.784918   416   416 D SKGHAL  : sendAmbientEvent: enter: enable = 1
11-03 10:45:57.786199   504   523 I SDM     : DisplayBase::SetDisplayState: Set state = 4, display 0
11-03 10:45:57.789949   504   523 D SDM     : HWCDisplayPrimary::SetStandByMode: Null display is connected successfully
11-03 10:45:57.790259   416   416 D SKGHAL  : standBy_update_control call succeed on 1
11-03 10:45:57.808056   416   416 D SKGHAL  : sendAmbientEvent: done: enable = 1
11-03 10:45:57.808602  1686  1823 D SidekickService:    ... beginDisplay result: 0 for halPower: 1
11-03 10:45:57.812670   512  1749 I sensors-hal: activate:107, android.sensor.accelerometer/48 en=0
11-03 10:45:57.814446   512  1749 I sensors-hal: activate:118, android.sensor.accelerometer/48 en=0 completed
--------- switch to kernel
11-03 10:45:57.693130     0     0 E bgrsb   : bgrsb_enable: gpio 32 is valid
--------- switch to main
11-03 10:45:57.820239  1686  1799 E WifiStateMachine: getWifiLinkLayerStats called without an interface
11-03 10:45:57.842653  1686  1686 I WearPower: [WearTouchMediator] changing touch input to enabled (ON_AUTO)
11-03 10:45:57.844827  1686  1759 I InputReader: Reconfiguring input devices.  changes=0x00000200
--------- switch to kernel
11-03 10:45:57.725733     0     0 I init    : processing action (ro.enable_core_ctl=true && sys.cw_corectl_mode=idle) from (/vendor/etc/init/hw/init.qcom.rc:949)
--------- switch to main
11-03 10:45:57.855589  1686  1686 I AmbientService: [ce6a28c] Timeout alarm not required, auto-resume timeout handled by dream.
11-03 10:45:57.863420  3205  3434 W WorkController: Loading failed for worker [trainingcache]: worker not found
11-03 10:45:57.864406  3205  3294 W A       : TrainingCache cache SCREEN_OFF failure
11-03 10:45:57.864406  3205  3294 W A       : com.google.android.apps.gsa.search.core.service.h.a.a: No worker found for Worker ID [trainingcache].
11-03 10:45:57.864406  3205  3294 W A       : 	at com.google.android.apps.gsa.search.core.service.g.a.c.a(Unknown Source:5)
11-03 10:45:57.864406  3205  3294 W A       : 	at com.google.android.libraries.gsa.c.a.d.a(Unknown Source:3)
11-03 10:45:57.864406  3205  3294 W A       : 	at com.google.common.p.a.cg.c(Unknown Source:2)
11-03 10:45:57.864406  3205  3294 W A       : 	at com.google.common.p.a.bk.run(SourceFile:3)
11-03 10:45:57.864406  3205  3294 W A       : 	at com.google.common.p.a.ci.run(Unknown Source:4)
11-03 10:45:57.864406  3205  3294 W A       : 	at com.google.apps.tiktok.concurrent.ab.run(SourceFile:1)
11-03 10:45:57.864406  3205  3294 W A       : 	at java.util.concurrent.ThreadPoolExecutor.runWorker(ThreadPoolExecutor.java:1167)
11-03 10:45:57.864406  3205  3294 W A       : 	at java.util.concurrent.ThreadPoolExecutor$Worker.run(ThreadPoolExecutor.java:641)
11-03 10:45:57.864406  3205  3294 W A       : 	at com.google.apps.tiktok.concurrent.c.run(Unknown Source:4)
11-03 10:45:57.864406  3205  3294 W A       : 	at java.lang.Thread.run(Thread.java:764)
11-03 10:45:57.877728  2520  2520 D HOME    : [StreamDBQueue]Promised revision #4563 to queue a new op
11-03 10:45:57.878056  2520  2520 D WatchStreamManager: Promised rank-blocked=false @ r#4563
11-03 10:45:57.878359  2520  2520 D HOME    : [CompactHunStarter]detachWindow()
11-03 10:45:57.879064  2520 12958 D HOME    : [StreamDBQueue]Promised revision #4564 to queue a new op
11-03 10:45:57.879064  2520 12956 D HOME    : [WatchStreamDB]Item alerting conditions - isInterruptive: true, recentlyInterrupted: false, isItemPinned: false, isUnread: false
11-03 10:45:57.879197  2520 12958 D WatchStreamManager: Promised rerank @ r#4564
11-03 10:45:57.879379  2520 12956 D HOME    : [StreamAlertingRegulator]isTheaterModeEnabled: false, isAlertingAllowedByOffBody: true, matchesLocalInterruptionFilter: true
11-03 10:45:57.879595  2520 12956 D HOME    : [WatchStreamDB]couldItemAlert: false, isTopItemChanged: false, isDeferralForTopItem: false
11-03 10:45:57.880177  2520 12956 D HOME    : [WatchStreamDB]updateRanking()
11-03 10:45:57.880796  2520 12956 D HOME    : [WatchStreamDB]Item alerting conditions - isInterruptive: true, recentlyInterrupted: false, isItemPinned: false, isUnread: false
11-03 10:45:57.881252  2520 12956 D HOME    : [StreamAlertingRegulator]isTheaterModeEnabled: false, isAlertingAllowedByOffBody: true, matchesLocalInterruptionFilter: true
11-03 10:45:57.881883  2520 12956 D HOME    : [WatchStreamDB]couldItemAlert: false, isTopItemChanged: false, isDeferralForTopItem: false
11-03 10:45:57.882618  2520 12956 D HOME    : [NewStreamAdapter]Publishing revision #4564 to adapter clients
--------- switch to kernel
11-03 10:45:57.904329     0     0 I PM      : suspend entry 2021-11-03 09:45:57.904329338 UTC
11-03 10:45:57.904338     0     0 I PM      : Syncing filesystems ...
11-03 10:45:57.931525     0     0 I CPU0    : update max cpu_capacity 748
11-03 10:45:57.931782     0     0 I CPU3    : update max cpu_capacity 1024
11-03 10:45:57.933532     0     0 I         : done.
11-03 10:45:57.954983     0     0 I CPU2    : shutdown
11-03 10:45:57.956562     0     0 I init    : Command 'write /sys/devices/system/cpu/cpu2/online 0' action=ro.enable_core_ctl=true && sys.cw_corectl_mode=idle (/vendor/etc/init/hw/init.qcom.rc:951) took 106ms and succeeded
11-03 10:45:57.956884     0     0 I         : Freezing user space processes ...
11-03 10:45:57.961294     0     0 I PM      : Wakeup pending, aborting suspend
11-03 10:45:57.961348     0     0 I         : last active wakeup source: eventpoll
11-03 10:45:57.961500     0     0 E         : Freezing of tasks aborted after 0.004 seconds
11-03 10:45:57.961512     0     0 I         : Restarting tasks ...
11-03 10:45:57.962057     0     0 W QSEECOM : qseecom_receive_req: Interrupted: exiting Listener Service = 8192
11-03 10:45:57.962102     0     0 W QSEECOM : qseecom_receive_req: Interrupted: exiting Listener Service = 10
11-03 10:45:57.962130     0     0 W QSEECOM : qseecom_receive_req: Interrupted: exiting Listener Service = 28672
11-03 10:45:57.962162     0     0 W QSEECOM : qseecom_receive_req: Interrupted: exiting Listener Service = 11
11-03 10:45:57.962421     0     0 I init    : Command 'write /sys/devices/system/cpu/cpu3/online 0' action=ro.enable_core_ctl=true && sys.cw_corectl_mode=idle (/vendor/etc/init/hw/init.qcom.rc:952) took 5ms and failed: Unable to write to file '/sys/devices/system/cpu/cpu3/online': Unable to write file contents: Device or resource busy
11-03 10:45:57.962966     0     0 W QSEECOM : qseecom_receive_req: Interrupted: exiting Listener Service = 12288
11-03 10:45:57.965995     0     0 I         : done.
11-03 10:45:57.966518     0     0 I PM      : suspend exit 2021-11-03 09:45:57.966518297 UTC
11-03 10:45:58.169352     0     0 I PM      : suspend entry 2021-11-03 09:45:58.169352672 UTC
11-03 10:45:58.169373     0     0 I PM      : Syncing filesystems ... done.
11-03 10:45:58.201046     0     0 I         : Freezing user space processes ... (elapsed 0.012 seconds) done.
11-03 10:45:58.213788     0     0 I         : Freezing remaining freezable tasks ... (elapsed 0.006 seconds) done.
11-03 10:45:58.220014     0     0 I         : Suspending console(s) (use no_console_suspend to debug)
11-03 10:45:58.235087     0     0 I mdss_dsi_panel_set_idle_mode: Idle (1->1)
11-03 10:45:58.277530     0     0 I bgcom   : bgcom_pm_suspend: suspended with : 0
11-03 10:45:58.315301     0     0 I PM      : suspend of devices complete after 91.198 msecs
11-03 10:45:58.321673     0     0 I PM      : late suspend of devices complete after 6.023 msecs
11-03 10:45:58.327744     0     0 I PM      : noirq suspend of devices complete after 6.032 msecs
11-03 10:45:58.327761     0     0 I         : Disabling non-boot CPUs ...
11-03 10:45:58.355183     0     0 I CPU1    : shutdown
11-03 10:45:58.361542     0     0 I CPU0    : update max cpu_capacity 748
11-03 10:45:58.402660     0     0 W         : IRQ21 no longer affine to CPU3
11-03 10:45:58.404143     0     0 I CPU3    : shutdown
11-03 10:45:58.406243     0     0 I suspend ns: 3978490878882	suspend cycles:    1233518221650
11-03 10:45:58.406221     0     0 I CPU0    : msm_cpu_pm_enter_sleep mode:3 during suspend
11-03 10:45:58.406221     0     0 I         : Suspended for 31.079 seconds
11-03 10:45:58.406221     0     0 I resume cycles: 1234114955243
11-03 10:45:58.406790     0     0 I         : Enabling non-boot CPUs ...
11-03 10:45:58.407647     0     0 I CPU1    : update cpu_capacity 1024
11-03 10:45:58.408962     0     0 I         : CPU1 is up
11-03 10:45:58.410096     0     0 I CPU3    : update cpu_capacity 1024
11-03 10:45:58.411313     0     0 I CPU1    : update max cpu_capacity 748
11-03 10:45:58.412370     0     0 I         : CPU3 is up
11-03 10:45:58.416198     0     0 I PM      : noirq resume of devices complete after 3.558 msecs
11-03 10:45:58.421629     0     0 I CPU1    : update max cpu_capacity 748
11-03 10:45:58.422902     0     0 I PM      : early resume of devices complete after 4.748 msecs
11-03 10:45:58.424290     0     0 I CPU3    : update max cpu_capacity 1024
11-03 10:45:58.459765     0     0 I bgcom   : bgcom_pm_resume: Bgcom resumed with : 0
11-03 10:45:58.471630     0     0 I mdss_dsi_panel_set_idle_mode: Idle (1->1)
11-03 10:45:58.507225     0     0 I PM      : resume of devices complete after 84.280 msecs
11-03 10:45:58.512675     0     0 I         : Restarting tasks ...
11-03 10:45:58.515533     0     0 W QSEECOM : qseecom_receive_req: Interrupted: exiting Listener Service = 8192
11-03 10:45:58.517042     0     0 W QSEECOM : qseecom_receive_req: Interrupted: exiting Listener Service = 12288
11-03 10:45:58.517116     0     0 W QSEECOM : qseecom_receive_req: Interrupted: exiting Listener Service = 10
11-03 10:45:58.523368     0     0 W QSEECOM : qseecom_receive_req: Interrupted: exiting Listener Service = 11
11-03 10:45:58.523510     0     0 W QSEECOM : qseecom_receive_req: Interrupted: exiting Listener Service = 28672
11-03 10:45:58.527623     0     0 I         : done.
11-03 10:46:29.608683     0     0 I PM      : suspend exit 2021-11-03 09:46:29.608683128 UTC
11-03 10:46:29.710227     0     0 I PM      : suspend entry 2021-11-03 09:46:29.710227451 UTC
11-03 10:46:29.710239     0     0 I PM      : Syncing filesystems ... done.
11-03 10:46:29.773837     0     0 I         : Freezing user space processes ...
11-03 10:46:29.779551     0     0 I PM      : Wakeup pending, aborting suspend
11-03 10:46:29.779686     0     0 I         : last active wakeup source: KeyEvents
11-03 10:46:29.779716     0     0 E         : Freezing of tasks aborted after 0.005 seconds
11-03 10:46:29.779731     0     0 I         : Restarting tasks ...
11-03 10:46:29.780344     0     0 W QSEECOM : qseecom_receive_req: Interrupted: exiting Listener Service = 10
11-03 10:46:29.780472     0     0 W QSEECOM : qseecom_receive_req: Interrupted: exiting Listener Service = 8192
11-03 10:46:29.780512     0     0 W QSEECOM : qseecom_receive_req: Interrupted: exiting Listener Service = 28672
11-03 10:46:29.780545     0     0 W QSEECOM : qseecom_receive_req: Interrupted: exiting Listener Service = 11
11-03 10:46:29.780571     0     0 W QSEECOM : qseecom_receive_req: Interrupted: exiting Listener Service = 12288
11-03 10:46:29.785393     0     0 I         : done.
11-03 10:46:29.786133     0     0 I PM      : suspend exit 2021-11-03 09:46:29.786133753 UTC
