11-03 10:57:29.170203   512  1749 I sensors-hal: ssc_enable_rt_task:254, ssc_enable_rt_task : true
11-03 10:57:29.180309   512  1749 I sensors-hal: activate:118, android.sensor.light/46 en=1 completed
11-03 10:57:29.184184  1686  1823 I SidekickService: endDisplayLocked()
--------- switch to system
11-03 10:57:29.184985  1686  1710 I DisplayManagerService: Display device changed state: "Écran intégré", ON
--------- switch to main
11-03 10:57:29.185161   416  1715 D SKGHAL  : sendAmbientEvent: enter: enable = 0
--------- switch to kernel
11-03 10:57:29.079035     0     0 E bgrsb   : bgrsb_enable: rsb will set report rate
11-03 10:57:29.080192     0     0 I         : [touch]FB_BLANK_VSYNC_SUSPEND
11-03 10:57:29.080197     0     0 I         : [touch]Already in suspend state
11-03 10:57:29.085175     0     0 E bgrsb   : bgrsb_enable: gpio 32 is valid
--------- switch to main
11-03 10:57:29.207439   504   523 I SDM     : DisplayBase::SetDisplayState: Set state = 3, display 0
11-03 10:57:29.207777   504   523 D SDM     : HWCDisplayPrimary::SetStandByMode: Display is connected successfully
11-03 10:57:29.208449   416  1715 D SKGHAL  : standBy_update_control call succeed on 0
11-03 10:57:29.208537   416  1715 D SKGHAL  : sendAmbientEvent: done: enable = 0
11-03 10:57:29.232684  4243  4243 D OMService: onDisplayChanged: not dozing
--------- switch to kernel
11-03 10:57:29.133426     0     0 I mdss_dsi_panel_set_idle_mode: Idle (1->0)
11-03 10:57:29.134701     0     0 E mdp3_enable_panic_ctrl: mdp3_enable_panic_ctrl: Enable Panic Control
11-03 10:57:29.134831     0     0 I         : [touch]FB_BLANK_UNBLANK
11-03 10:57:29.134839     0     0 I         : [touch]raydium_ts_do_resume, 1.
11-03 10:57:29.135312     0     0 I         : [ raydium ]workqueue is empty!
11-03 10:57:29.135335     0     0 I raydium_ts 5-0039: [touch]Already enable irq
11-03 10:57:29.135338     0     0 I         : [touch]Device may wakeup
--------- switch to main
11-03 10:57:29.250955  1686  1823 D SidekickService:    ... endDisplay returns void
11-03 10:57:29.252886   545   545 D SurfaceFlinger: Set power mode=2, type=0 flinger=0xb6bb6000
11-03 10:57:29.253485   504   761 I SDM     : DisplayBase::SetDisplayState: Set state = 1, display 0
11-03 10:57:29.264186   545   545 D SurfaceFlinger: Finished set power mode=2, type=0
11-03 10:57:29.266555   512  1749 I sensors-hal: batch:140, android.sensor.accelerometer/48, period=66667000, max_latency=100000000
11-03 10:57:29.266671   512  1749 I sensors-hal: batch:149, android.sensor.accelerometer/48, period=66667000, max_latency=100000000 request completed
--------- switch to system
11-03 10:57:29.269503  1686  1712 W PowerManagerService: Screen on took 296 ms
11-03 10:57:29.270060  1686  1712 I DreamManagerService: Gently waking up from dream.
11-03 10:57:29.271329  1686  1708 I DreamManagerService: Performing gentle wake from dream.
--------- switch to main
11-03 10:57:29.271902   512 13360 I sensors-hal: handle_indication_realtime:355,  SCHED_FIFO(10) for qmi_cbk
11-03 10:57:29.273592   512  1749 I sensors-hal: activate:107, android.sensor.accelerometer/48 en=1
11-03 10:57:29.280722   512  1749 I sensors-hal: ssc_enable_rt_task:254, ssc_enable_rt_task : true
11-03 10:57:29.303993   512  1749 I sensors-hal: activate:118, android.sensor.accelerometer/48 en=1 completed
--------- switch to system
11-03 10:57:29.305187  1686  1686 W Looper  : Slow dispatch took 158ms main h=com.android.server.power.Notifier$NotifierHandler c=com.android.server.power.Notifier$2@d88401d m=0
11-03 10:57:29.307275  1686  1686 W Looper  : Slow delivery took 204ms main h=com.android.server.power.Notifier$NotifierHandler c=null m=2
--------- switch to main
11-03 10:57:29.312468  1686  1759 I InputReader: Reconfiguring input devices.  changes=0x00000004
--------- switch to system
11-03 10:57:29.323651  1686  1686 V DreamService[AmbientDream]: wakeUp(): fromSystem=true, mWaking=false, mFinished=false
11-03 10:57:29.323961  1686  1686 V DreamService[AmbientDream]: finish(): mFinished=false
11-03 10:57:29.324162  1686  1686 I DreamManagerService: Leaving dreamland.
11-03 10:57:29.326330  1686  1708 I DreamManagerService: Performing gentle wake from dream.
11-03 10:57:29.326642  1686  1708 I DreamController: Stopping dream: name=ComponentInfo{com.google.android.wearable.ambient/com.google.android.wearable.ambient.AmbientDream}, isTest=false, canDoze=true, userId=0
--------- switch to main
11-03 10:57:29.334298  3205  3434 W WorkController: Loading failed for worker [trainingcache]: worker not found
11-03 10:57:29.335828  1956  1956 D QtiCarrierConfigHelper: WARNING, no carrier configs on phone Id: 0
11-03 10:57:29.336755  3205  3372 W A       : TrainingCache cache DEVICE_UNLOCKED failure
11-03 10:57:29.336755  3205  3372 W A       : com.google.android.apps.gsa.search.core.service.h.a.a: No worker found for Worker ID [trainingcache].
11-03 10:57:29.336755  3205  3372 W A       : 	at com.google.android.apps.gsa.search.core.service.g.a.c.a(Unknown Source:5)
11-03 10:57:29.336755  3205  3372 W A       : 	at com.google.android.libraries.gsa.c.a.d.a(Unknown Source:3)
11-03 10:57:29.336755  3205  3372 W A       : 	at com.google.common.p.a.cg.c(Unknown Source:2)
11-03 10:57:29.336755  3205  3372 W A       : 	at com.google.common.p.a.bk.run(SourceFile:3)
11-03 10:57:29.336755  3205  3372 W A       : 	at com.google.common.p.a.ci.run(Unknown Source:4)
11-03 10:57:29.336755  3205  3372 W A       : 	at com.google.apps.tiktok.concurrent.ab.run(SourceFile:1)
11-03 10:57:29.336755  3205  3372 W A       : 	at java.util.concurrent.ThreadPoolExecutor.runWorker(ThreadPoolExecutor.java:1167)
11-03 10:57:29.336755  3205  3372 W A       : 	at java.util.concurrent.ThreadPoolExecutor$Worker.run(ThreadPoolExecutor.java:641)
11-03 10:57:29.336755  3205  3372 W A       : 	at com.google.apps.tiktok.concurrent.c.run(Unknown Source:4)
11-03 10:57:29.336755  3205  3372 W A       : 	at java.lang.Thread.run(Thread.java:764)
11-03 10:57:29.341346  2520  2520 D HOME    : [BatteryChange]action: android.intent.action.BATTERY_CHANGED
--------- switch to system
11-03 10:57:29.343986  1686  1702 W BroadcastQueue: Background execution not allowed: receiving Intent { act=android.intent.action.USER_PRESENT flg=0x10 } to com.google.android.gms/.auth.setup.devicesignals.LockScreenReceiver
--------- switch to main
11-03 10:57:29.344230  2520 12978 D HOME    : [BatteryChange]HandleBatteryChangedTask
11-03 10:57:29.345031  2520 12978 D HOME    : [BatteryChange]level: 11, status: 3
--------- switch to system
11-03 10:57:29.362902  1686  1702 W BroadcastQueue: Background execution not allowed: receiving Intent { act=android.intent.action.USER_PRESENT flg=0x10 } to com.google.android.gms/.chimera.GmsIntentOperationService$PersistentTrustedReceiver
--------- switch to main
11-03 10:57:29.401836   512 13362 I sensors-hal: handle_indication_realtime:355,  SCHED_FIFO(10) for qmi_cbk
--------- switch to system
11-03 10:57:29.415900  1686  1686 V DreamService[AmbientDream]: detach(): Calling onDreamingStopped()
--------- switch to main
11-03 10:57:29.416124  1686  1686 I AmbientService: [ce6a28c] doOnDreamingStopped
11-03 10:57:29.416235  1686  1686 D WristGestureCtrl: Starting: GesturesEnabled-false UngazeEnabled-true
11-03 10:57:29.416305  1686  1686 D DefaultUngazeDetector: starting
11-03 10:57:29.416376  1686  1686 D DefaultUngazeDetector: startUngazeStateEstimation(). startTime = 64928846
11-03 10:57:29.416605  1686  1686 W AlarmManagerProxy: Removing unknown listener
11-03 10:57:29.417867   512  1749 I sensors-hal: batch:140, android.sensor.accelerometer/48, period=19231000, max_latency=100000000
11-03 10:57:29.419678   512  1749 I sensors-hal: batch:149, android.sensor.accelerometer/48, period=19231000, max_latency=100000000 request completed
11-03 10:57:29.420458   512  1749 I sensors-hal: flush:169, android.sensor.accelerometer/48
11-03 10:57:29.422929   512  1749 I sensors-hal: flush:175, android.sensor.accelerometer/48 completed
11-03 10:57:29.423159  2520  2520 D HOME    : [HomeVisitsLogger]Logging streamlet event: visit_start
11-03 10:57:29.423361  2520  2520 D HOME    : [HomeVisitsLogger]Logging streamlet event: exit_ambient_mode
11-03 10:57:29.423705  2520  2520 D HOME    : [HotwordController]updateClient MODE_WATCH_FACE false false false true
11-03 10:57:29.424392  2520  2520 D HOME    : [WatchFaceUiController]setInAmbientMode false
11-03 10:57:29.424456  2520  2520 D HOME    : [WatchFaceUiController]sendWatchFaceServiceBinder
11-03 10:57:29.429788  2520 12978 D HOME    : [BatteryChange]updateStreamItem
11-03 10:57:29.429892  2520  2520 D HOME    : [WatchFaceUiController]sendStateToWallpaper
11-03 10:57:29.431385  2520  2520 D HOME    : [WatchFaceUiController]Showing watch face wallpaper.
11-03 10:57:29.431538  2520  2520 D HOME    : [WatchFaceUiController]sendStateToWallpaper
11-03 10:57:29.433921  2520  2520 D HOME    : [StreamDBQueue]Promised revision #4729 to queue a new op
11-03 10:57:29.434147  2520  2520 D WatchStreamManager: Promised rank-blocked=true @ r#4729
11-03 10:57:29.434447  2520  2520 D HOME    : [StreamDBQueue]Promised revision #4730 to queue a new op
11-03 10:57:29.434535  2520  2520 D WatchStreamManager: Promised rank-blocked=true @ r#4730
11-03 10:57:29.434967  2520  2520 D HOME    : [TilesController]Tile refresh optimization is enabled.
11-03 10:57:29.435392  2520  2520 D HOME    : [EventBus]Wrapper pool is full. Discarding excess wrapper instance for event com.google.android.clockwork.sysui.events.KeyguardStateEvent
11-03 10:57:29.435475  2520  2520 D HOME    : [WatchFaceUiController]sendStateToWallpaper
11-03 10:57:29.435786  2520 12957 D HOME    : [WatchStreamDB]Item alerting conditions - isInterruptive: true, recentlyInterrupted: false, isItemPinned: false, isUnread: true
11-03 10:57:29.440671  2520 12957 D HOME    : [StreamAlertingRegulator]isTheaterModeEnabled: false, isAlertingAllowedByOffBody: true, matchesLocalInterruptionFilter: true
11-03 10:57:29.440915  2520 12957 D HOME    : [WatchStreamDB]couldItemAlert: false, isTopItemChanged: false, isDeferralForTopItem: false
11-03 10:57:29.442775  1686  1686 I AmbientService: [ce6a28c] No auto-resume Activity.
11-03 10:57:29.445680  2520  2520 D HOME    : [EventBus]Wrapper pool is full. Discarding excess wrapper instance for event com.google.android.clockwork.sysui.events.KeyguardStateEvent
11-03 10:57:29.445914  2520  2520 D HOME    : [EventBus]Wrapper pool is full. Discarding excess wrapper instance for event com.google.android.clockwork.sysui.events.KeyguardStateEvent
11-03 10:57:29.450034  2520  2520 D HOME    : [WatchFaceUiController]sendStateToWallpaper
11-03 10:57:29.453390  2520  2520 W StaticLayout: maxLineHeight should not be -1.  maxLines:1 lineCount:1
--------- switch to system
11-03 10:57:29.454697  1686  1686 W ContextImpl: Calling a method in the system process without a qualified user: android.app.ContextImpl.sendBroadcast:1020 android.content.ContextWrapper.sendBroadcast:449 com.google.android.wearable.ambient.AmbientDream.onDestroy:273 android.app.ActivityThread.handleStopService:3698 android.app.ActivityThread.access$1700:200 
--------- switch to main
11-03 10:57:29.455083  1686  1686 E AlarmManager: cancel() called with a null PendingIntent
--------- switch to system
11-03 10:57:29.469585  1686  1686 V DreamService[AmbientDream]: onDestroy()
--------- switch to main
11-03 10:57:29.471779  2520 12957 D HOME    : [WatchStreamDB]Item alerting conditions - isInterruptive: true, recentlyInterrupted: false, isItemPinned: false, isUnread: true
11-03 10:57:29.472062  2520 12957 D HOME    : [StreamAlertingRegulator]isTheaterModeEnabled: false, isAlertingAllowedByOffBody: true, matchesLocalInterruptionFilter: true
11-03 10:57:29.472236  2520 12957 D HOME    : [WatchStreamDB]couldItemAlert: false, isTopItemChanged: false, isDeferralForTopItem: false
--------- switch to system
11-03 10:57:29.494498  1686  1686 W Looper  : Drained
--------- switch to main
11-03 10:57:29.495973  1686  1799 E WifiStateMachine: getWifiLinkLayerStats called without an interface
11-03 10:57:29.509144  1686  1686 W AlarmManager: Unrecognized alarm listener com.android.server.job.controllers.-$$Lambda$IdleController$IdlenessTracker$nTdS-lGBXcES5VWKcJFmQFgU7IU@1ab437a
11-03 10:57:29.530571  1686  1686 I WearPower: [WearTouchMediator] changing touch input to enabled (ON_AUTO)
11-03 10:57:29.531500  1686  1759 I InputReader: Reconfiguring input devices.  changes=0x00000200
--------- switch to kernel
11-03 10:57:29.407706     0     0 I init    : processing action (ro.enable_core_ctl=true && sys.cw_corectl_mode=perf) from (/vendor/etc/init/hw/init.qcom.rc:954)
11-03 10:57:29.408907     0     0 I CPU2    : update cpu_capacity 1024
--------- switch to main
11-03 10:57:29.541715  2520  2520 D HOME    : [WatchFaceUiController]sendWatchFaceServiceBinder
11-03 10:57:29.546000  1686  1686 W AlarmManagerProxy: Removing unknown listener
11-03 10:57:29.546313  2520  2520 D HOME    : [WatchFaceUiController]sendProperties
11-03 10:57:29.547573  2520  2520 D HOME    : [WatchFaceUiController]sendStateToWallpaper
11-03 10:57:29.552074  1686  1686 W DefaultSettingsContentR: Value for ambient_low_bit_enabled not stored as number. Attempting parse as boolean.
11-03 10:57:29.574934  3205  3434 W WorkController: Loading failed for worker [trainingcache]: worker not found
11-03 10:57:29.576276  3205  3294 W A       : TrainingCache cache SCREEN_ON failure
11-03 10:57:29.576276  3205  3294 W A       : com.google.android.apps.gsa.search.core.service.h.a.a: No worker found for Worker ID [trainingcache].
11-03 10:57:29.576276  3205  3294 W A       : 	at com.google.android.apps.gsa.search.core.service.g.a.c.a(Unknown Source:5)
11-03 10:57:29.576276  3205  3294 W A       : 	at com.google.android.libraries.gsa.c.a.d.a(Unknown Source:3)
11-03 10:57:29.576276  3205  3294 W A       : 	at com.google.common.p.a.cg.c(Unknown Source:2)
11-03 10:57:29.576276  3205  3294 W A       : 	at com.google.common.p.a.bk.run(SourceFile:3)
11-03 10:57:29.576276  3205  3294 W A       : 	at com.google.common.p.a.ci.run(Unknown Source:4)
11-03 10:57:29.576276  3205  3294 W A       : 	at com.google.apps.tiktok.concurrent.ab.run(SourceFile:1)
11-03 10:57:29.576276  3205  3294 W A       : 	at java.util.concurrent.ThreadPoolExecutor.runWorker(ThreadPoolExecutor.java:1167)
11-03 10:57:29.576276  3205  3294 W A       : 	at java.util.concurrent.ThreadPoolExecutor$Worker.run(ThreadPoolExecutor.java:641)
11-03 10:57:29.576276  3205  3294 W A       : 	at com.google.apps.tiktok.concurrent.c.run(Unknown Source:4)
11-03 10:57:29.576276  3205  3294 W A       : 	at java.lang.Thread.run(Thread.java:764)
--------- switch to kernel
11-03 10:57:29.429687     0     0 I CPU3    : update cpu_capacity 1024
11-03 10:57:29.440891     0     0 I CPU0    : update max cpu_capacity 748
11-03 10:57:29.450973     0     0 I CPU0    : update max cpu_capacity 748
11-03 10:57:29.458751     0     0 I CPU3    : update max cpu_capacity 1024
--------- switch to main
11-03 10:57:29.598112  2520  2520 D HOME    : [StreamDBQueue]Promised revision #4731 to queue a new op
11-03 10:57:29.598574  2520  2520 D WatchStreamManager: Promised rank-blocked=true @ r#4731
11-03 10:57:29.599125  2520 12978 D HOME    : [WatchStreamDB]Item alerting conditions - isInterruptive: true, recentlyInterrupted: false, isItemPinned: false, isUnread: true
11-03 10:57:29.599482  2520 12978 D HOME    : [StreamAlertingRegulator]isTheaterModeEnabled: false, isAlertingAllowedByOffBody: true, matchesLocalInterruptionFilter: true
11-03 10:57:29.599782  2520 12978 D HOME    : [WatchStreamDB]couldItemAlert: false, isTopItemChanged: false, isDeferralForTopItem: false
11-03 10:57:29.609343  2520  2714 D HOME    : [TickMonitor]Received time tick
11-03 10:57:29.609734  2520  2714 D HOME    : [TickMonitor]handleTimeTick() finished
11-03 10:57:29.728570  1686  1696 I system_server: Background concurrent copying GC freed 26317(2MB) AllocSpace objects, 15(524KB) LOS objects, 19% free, 10MB/13MB, paused 533us total 619ms
11-03 10:57:29.737708   512   512 I sensors-hal: activate:107, android.sensor.light/46 en=0
11-03 10:57:29.742895   512   512 I sensors-hal: activate:118, android.sensor.light/46 en=0 completed
11-03 10:57:29.744964   512   512 I sensors-hal: batch:140, android.sensor.light/46, period=250000000, max_latency=0
11-03 10:57:29.745093   512   512 I sensors-hal: batch:149, android.sensor.light/46, period=250000000, max_latency=0 request completed
11-03 10:57:29.745388   512   512 I sensors-hal: activate:107, android.sensor.light/46 en=1
11-03 10:57:29.745671   512   512 I sensors-hal: ssc_enable_rt_task:254, ssc_enable_rt_task : true
11-03 10:57:29.748434   512   512 I sensors-hal: activate:118, android.sensor.light/46 en=1 completed
--------- switch to system
11-03 10:57:29.751918  1686  1686 V SettingsProvider: Notifying for 0: content://settings/system/screen_brightness
--------- switch to main
11-03 10:57:29.753087  1686  1686 I SidekickService: loadBrightnessLocked()
11-03 10:57:29.753786  1686  1686 D SidekickService: screenBrightness  = 56
11-03 10:57:29.754358  1686  1686 D SidekickService: sendConfigValuesLocked(): alsThresholds = [40, 92, 95, 100, 125, 150, 175, 200, 225, 250, 300, 400, 500, 800, 1200], brightnessValuesBright = [50, 56, 60, 70, 80, 90, 100, 115, 120, 140, 160, 180, 200, 220, 240, 255], brightnessValuesDim= [50, 56, 60, 70, 80, 90, 100, 115, 120, 140, 160, 180, 200, 220, 240, 255]
11-03 10:57:29.765913  1686  1686 D SidekickService: setAlsMode(): mode = 2, brightenAlpha = 80, dimmingAlpha = 80
11-03 10:57:29.774656  1686  1686 D SidekickService: setTwmConfig():: msTiltToBright = 10000, tiltToBright = false
11-03 10:57:29.796394   512 13366 I sensors-hal: handle_indication_realtime:355,  SCHED_FIFO(10) for qmi_cbk
11-03 10:57:33.349791   512   512 I sensors-hal: batch:140, android.sensor.accelerometer/48, period=66667000, max_latency=100000000
11-03 10:57:33.352584   512   512 I sensors-hal: batch:149, android.sensor.accelerometer/48, period=66667000, max_latency=100000000 request completed
11-03 10:57:33.353438  1686  1686 D DefaultUngazeDetector: Ungaze event occurred; emitting gesture event!
11-03 10:57:33.353578  1686  1686 D WristGestureCtrl: Gesture:GESTURE UNGAZE, timestamp(ms): 64928846, confidence: 0.0, latency(ms): 0, duration(ms): 3937
11-03 10:57:33.354984   512   512 I sensors-hal: batch:140, android.sensor.accelerometer/48, period=19231000, max_latency=100000000
--------- switch to system
11-03 10:57:33.357825  1686  1686 I WindowManager: sleepRelease() calling goToSleep(GO_TO_SLEEP_REASON_SLEEP_BUTTON)
11-03 10:57:33.358329  1686  1686 I PowerManagerService: Going to sleep due to sleep button (uid 1000)...
--------- switch to main
11-03 10:57:33.358401   512   512 I sensors-hal: batch:149, android.sensor.accelerometer/48, period=19231000, max_latency=100000000 request completed
--------- switch to system
11-03 10:57:33.360622  1686  1686 W UsageStatsService: Event reported without a package name
11-03 10:57:33.361817  1686  1712 I DreamManagerService: Entering dreamland.
11-03 10:57:33.362836  1686  1712 I PowerManagerService: Dozing...
--------- switch to main
11-03 10:57:33.363199   512   512 I sensors-hal: flush:169, android.sensor.accelerometer/48
11-03 10:57:33.365552   512   512 I sensors-hal: flush:175, android.sensor.accelerometer/48 completed
--------- switch to system
11-03 10:57:33.373461  1686  1708 I DreamController: Starting dream: name=ComponentInfo{com.google.android.wearable.ambient/com.google.android.wearable.ambient.AmbientDream}, isTest=false, canDoze=true, userId=0
11-03 10:57:33.393552  1686  1686 W ContextImpl: Calling a method in the system process without a qualified user: android.app.ContextImpl.bindService:1611 android.content.ContextWrapper.bindService:698 com.google.android.wearable.ambient.AmbientDream.onCreate:191 android.app.ActivityThread.handleCreateService:3533 android.app.ActivityThread.access$1300:200 
11-03 10:57:33.396401  1686  1686 W ContextImpl: Calling a method in the system process without a qualified user: android.app.ContextImpl.sendBroadcast:1005 android.content.ContextWrapper.sendBroadcast:444 com.google.android.wearable.ambient.AmbientDream.onCreate:241 android.app.ActivityThread.handleCreateService:3533 android.app.ActivityThread.access$1300:200 
11-03 10:57:33.397038  1686  1686 V DreamService[AmbientDream]: onBind() intent = Intent { act=android.service.dreams.DreamService flg=0x800000 cmp=com.google.android.wearable.ambient/.AmbientDream }
--------- switch to main
11-03 10:57:33.398592  1686  1686 I AmbientService: [ce6a28c] Ambient Created
--------- switch to system
11-03 10:57:33.399819  1686  1686 V DreamService[AmbientDream]: Calling onDreamingStarted()
--------- switch to main
11-03 10:57:33.402845  1686  1686 I AmbientService: [ce6a28c] doOnDreamingStarted
11-03 10:57:33.403638  1686  1686 D SidekickService: setShouldControlDisplay called: true
11-03 10:57:33.405547  1686  1686 I AmbientService: [ce6a28c] Selected running activity for ambient mode: AmbientActivity[component=ComponentInfo{com.google.android.wearable.app/com.google.android.clockwork.home2.activity.HomeActivity2}, callbacks=@210b385, running=true, ambientRequested=true, ambientEnabled=true, offloadEnabled=true]
11-03 10:57:33.406734  1686  1686 I AmbientService: [ce6a28c] Sidekick is ready to display, requesting doze.
11-03 10:57:33.407484  1686  1686 I AmbientService: [ce6a28c] No auto-resume Activity.
11-03 10:57:33.409927  1686  1686 W DefaultSettingsContentR: Value for ambient_low_bit_enabled not stored as number. Attempting parse as boolean.
11-03 10:57:33.412216  2520  2520 D HOME    : [HomeVisitsLogger]Logging streamlet event: enter_ambient_mode
11-03 10:57:33.413219  2520  2520 D HOME    : [HotwordController]updateClient MODE_WATCH_FACE false true false true
11-03 10:57:33.413303  2520 12958 D HOME    : [HomeVisitsLogger]Logging streamlet event: visit_end
11-03 10:57:33.413629  1686  1686 I AmbientService: [ce6a28c] Showing watch face in offload mode, canceling alarm.
11-03 10:57:33.413704  1686  1686 W AlarmManagerProxy: Removing unknown listener
11-03 10:57:33.413799  1686  1686 D WristGestureCtrl: Stopping detectors: GesturesEnabled-false gestureDetector-false ungazeEnabled-true ungaze-true
11-03 10:57:33.413839  1686  1686 D DefaultUngazeDetector: stopping
11-03 10:57:33.416578   512   512 I sensors-hal: batch:140, android.sensor.accelerometer/48, period=66667000, max_latency=100000000
11-03 10:57:33.419081   512   512 I sensors-hal: batch:149, android.sensor.accelerometer/48, period=66667000, max_latency=100000000 request completed
11-03 10:57:33.454121  2520  2520 D HOME    : [WatchFaceUiController]setInAmbientMode true
11-03 10:57:33.455018  2520 12958 I SidekickManager: replaceWatchFaceComponentsImpl(): watchFace = com.google.android.clockwork.decomposablewatchface.WatchFaceDecomposition@b3a0a73
11-03 10:57:33.456311  2520  2520 D HOME    : [StreamDBQueue]Promised revision #4732 to queue a new op
11-03 10:57:33.456735  2520  2520 D WatchStreamManager: Promised rank-blocked=false @ r#4732
11-03 10:57:33.456821  1686  7908 D SidekickService: sendWatchFaceComponents called: watchFace = com.google.android.clockwork.decomposablewatchface.WatchFaceDecomposition@a0b40a7shouldReplace = false
11-03 10:57:33.457037  1686  7908 D SidekickService: Check decomposition for calling app com.google.android.wearable.app with uid 10049
11-03 10:57:33.457171  2520 12978 D HOME    : [WatchStreamDB]Item alerting conditions - isInterruptive: true, recentlyInterrupted: false, isItemPinned: false, isUnread: true
11-03 10:57:33.457181  2520  2520 D HOME    : [StreamDBQueue]Promised revision #4733 to queue a new op
11-03 10:57:33.457344  2520  2520 D WatchStreamManager: Promised rank-blocked=false @ r#4733
11-03 10:57:33.457497  1686  7908 D SidekickService: sendWatchFaceLocked(): shouldReplace = false, mSidekickIsControlling = false, 1 images, 0 fonts, 0 numbers, 0 proportionalFonts, 0 strings
11-03 10:57:33.457559  1686  7908 D SidekickService: ISidekickGraphics#beginResources()...
11-03 10:57:33.457670  2520 12956 D HOME    : [StreamDBQueue]Promised revision #4734 to queue a new op
11-03 10:57:33.457670  2520 12978 D HOME    : [StreamAlertingRegulator]isTheaterModeEnabled: false, isAlertingAllowedByOffBody: true, matchesLocalInterruptionFilter: true
11-03 10:57:33.457791  2520 12956 D WatchStreamManager: Promised rerank @ r#4734
11-03 10:57:33.457938  2520 12978 D HOME    : [WatchStreamDB]couldItemAlert: false, isTopItemChanged: false, isDeferralForTopItem: false
11-03 10:57:33.458074  2520  2520 D HOME    : [EventBus]Wrapper pool is full. Discarding excess wrapper instance for event com.google.android.clockwork.sysui.events.KeyguardStateEvent
11-03 10:57:33.458289  2520  2520 D HOME    : [WatchFaceUiController]sendStateToWallpaper
11-03 10:57:33.459137  1686  7908 D SidekickServiceUtils: bitmapFromDrawable: Returning bitmap directly
11-03 10:57:33.460174  2520  2520 D HOME    : [EventBus]Wrapper pool is full. Discarding excess wrapper instance for event com.google.android.clockwork.sysui.events.KeyguardStateEvent
11-03 10:57:33.460422  2520 12978 D HOME    : [WatchStreamDB]Item alerting conditions - isInterruptive: true, recentlyInterrupted: false, isItemPinned: false, isUnread: true
11-03 10:57:33.460417  2520  2520 D HOME    : [EventBus]Wrapper pool is full. Discarding excess wrapper instance for event com.google.android.clockwork.sysui.events.KeyguardStateEvent
11-03 10:57:33.460672  2520 12978 D HOME    : [StreamAlertingRegulator]isTheaterModeEnabled: false, isAlertingAllowedByOffBody: true, matchesLocalInterruptionFilter: true
11-03 10:57:33.460902  2520 12978 D HOME    : [WatchStreamDB]couldItemAlert: false, isTopItemChanged: false, isDeferralForTopItem: false
11-03 10:57:33.461381  2520 12978 D HOME    : [WatchStreamDB]updateRanking()
11-03 10:57:33.461960  2520 12978 D HOME    : [WatchStreamDB]Item alerting conditions - isInterruptive: true, recentlyInterrupted: false, isItemPinned: false, isUnread: true
11-03 10:57:33.462292  2520 12978 D HOME    : [StreamAlertingRegulator]isTheaterModeEnabled: false, isAlertingAllowedByOffBody: true, matchesLocalInterruptionFilter: true
11-03 10:57:33.462603  2520 12978 D HOME    : [WatchStreamDB]couldItemAlert: false, isTopItemChanged: false, isDeferralForTopItem: false
11-03 10:57:33.463301  2520 12978 D HOME    : [NewStreamAdapter]Publishing revision #4734 to adapter clients
11-03 10:57:33.463925  2520 12956 D HOME    : [StreamDBQueue]Promised revision #4735 to queue a new op
11-03 10:57:33.464163  2520 12956 D WatchStreamManager: Promised rerank @ r#4735
11-03 10:57:33.464532  2520 12978 D HOME    : [WatchStreamDB]updateRanking()
11-03 10:57:33.465212  2520 12978 D HOME    : [WatchStreamDB]Item alerting conditions - isInterruptive: true, recentlyInterrupted: false, isItemPinned: false, isUnread: true
11-03 10:57:33.465546  2520 12978 D HOME    : [StreamAlertingRegulator]isTheaterModeEnabled: false, isAlertingAllowedByOffBody: true, matchesLocalInterruptionFilter: true
11-03 10:57:33.465789  2520 12978 D HOME    : [WatchStreamDB]couldItemAlert: false, isTopItemChanged: false, isDeferralForTopItem: false
11-03 10:57:33.465821  2520  2520 W StaticLayout: maxLineHeight should not be -1.  maxLines:1 lineCount:1
11-03 10:57:33.466953  1686  7908 D SidekickService: sendBitmapsLocked(): bounds = RectF(0.46875003, 0.33653846, 0.53125, 0.9807693), drawableInfo = {.id = 100000, .width = 26, .height = 268, .display = true, .offsetX = 192.0, .offsetY = 137.0, .rotationInfo = {.hasRotation = false, .pivotX = 0.0, .pivotY = 0.0, .degreesPerDay = 0.0, .degreesPerStep = 0.0, .zeroDegreesTime = {.daysSinceLocalEpoch = 0, .msSinceMidnight = 0}}, .transformInfo = {.transformed = false, .flipX = false, .flipY = false, .flip45 = false, .scaleX = 0.0, .scaleY = 0.0}, .type = GENERIC, .blink = {.blinking = false, .periodOnMs = 0.0, .periodOffMs = 0.0, .startTime = {.daysSinceLocalEpoch = 0, .msSinceMidnight = 0}}, .zOrder = 6, .displayInTwm = true}, image.size() = 351
11-03 10:57:33.467990  2520 12978 D HOME    : [NewStreamAdapter]Publishing revision #4735 to adapter clients
11-03 10:57:33.473493   416  1715 D SKGHAL  : saveResource: resId = 100000
11-03 10:57:33.476836  1686  7908 D SidekickService: sendBitmapsLocked(): status = 0, bytesUsed = 836
11-03 10:57:33.477078  1686  7908 D SidekickService: ISidekickGraphics#endResources()...
11-03 10:57:33.755108   416  1715 D SKGHAL  : sendResources: metadata size = 2400, font size = 72
11-03 10:57:33.799295   416  1715 D SKGHAL  : endResources: rc = 0
11-03 10:57:33.801340  1686  1686 W system_server: Long monitor contention with owner Binder:1686_1A (7908) at int com.google.android.clockwork.sidekick.SidekickService$BinderService.sendWatchFace(com.google.android.clockwork.decomposablewatchface.WatchFaceDecomposition, boolean)(SidekickService.java:1021) waiters=0 in boolean com.google.android.clockwork.sidekick.SidekickService$BinderService.readyToDisplay() for 338ms
11-03 10:57:33.803428  2520  2520 D HOME    : [SidekickManagerAsync]replaceWatchFaceComponents(): Callback#onResult(): 0
--------- switch to system
11-03 10:57:33.803602  1686  1686 W Looper  : Slow dispatch took 342ms main h=android.os.Handler c=com.google.android.wearable.ambient.AmbientDream$Callbacks$1@ca79954 m=0
--------- switch to main
11-03 10:57:33.804102  2520  2520 D HOME    : [WatchFaceUiController]Complication updates sent, posting watch face hiding
11-03 10:57:33.804250  2520  2520 D HOME    : [WatchFaceUiController]Still in ambient watch face, hiding
11-03 10:57:33.804341  2520  2520 D HOME    : [WatchFaceUiController]Hiding watch face wallpaper.
--------- switch to kernel
11-03 10:57:33.695391     0     0 E FG      : fg_psy_get_property: unsupported property 7
11-03 10:57:33.699006     0     0 W healthd : battery l=11 v=3649 t=28.0 h=2 st=3 c=130 fc=443000 cc=0 chg=
--------- switch to main
11-03 10:57:33.842276  1956  1956 D QtiCarrierConfigHelper: WARNING, no carrier configs on phone Id: 0
11-03 10:57:33.849936  2520  2520 D HOME    : [BatteryChange]action: android.intent.action.BATTERY_CHANGED
11-03 10:57:33.851447  2520 12958 D HOME    : [BatteryChange]HandleBatteryChangedTask
11-03 10:57:33.852459  2520 12958 D HOME    : [BatteryChange]level: 11, status: 3
11-03 10:57:33.854099  2520 12958 D HOME    : [BatteryChange]updateStreamItem
11-03 10:57:33.867585   512   512 I sensors-hal: activate:107, android.sensor.light/46 en=0
11-03 10:57:33.871930   512   512 I sensors-hal: activate:118, android.sensor.light/46 en=0 completed
--------- switch to system
11-03 10:57:33.895622  1686  1710 I DisplayManagerService: Display device changed state: "Écran intégré", DOZE_SUSPEND
--------- switch to main
11-03 10:57:33.926387   545   545 D SurfaceFlinger: Set power mode=3, type=0 flinger=0xb6bb6000
11-03 10:57:33.927568   504   761 I SDM     : DisplayBase::SetDisplayState: Set state = 3, display 0
11-03 10:57:33.938795  1686  1759 I InputReader: Reconfiguring input devices.  changes=0x00000004
11-03 10:57:33.973217   545   545 D SurfaceFlinger: Finished set power mode=3, type=0
11-03 10:57:33.974083  1686  1823 I SidekickService: beginDisplayLocked(): DOZE_SUSPEND
11-03 10:57:33.974984   416  1715 D SKGHAL  : sendAmbientPrepare: enter:
--------- switch to kernel
11-03 10:57:33.800297     0     0 I mdss_dsi_panel_set_idle_mode: Idle (0->1)
11-03 10:57:33.842685     0     0 I         : [touch]FB_BLANK_VSYNC_SUSPEND
11-03 10:57:33.842695     0     0 I         : [touch]irq disable
11-03 10:57:33.842701     0     0 I         : [touch]workqueue is empty!
11-03 10:57:33.842705     0     0 I         : [touch]raydium_ts_do_suspend.
11-03 10:57:33.842719     0     0 I         : [touch]Device may wakeup
11-03 10:57:33.845181     0     0 I         : [touch]irq enable
--------- switch to main
11-03 10:57:34.019939   416  1715 D SKGHAL  : sendAmbientEvent: enter: enable = 1
11-03 10:57:34.021079   504   523 I SDM     : DisplayBase::SetDisplayState: Set state = 4, display 0
11-03 10:57:34.021170   504   523 D SDM     : HWCDisplayPrimary::SetStandByMode: Null display is connected successfully
11-03 10:57:34.021355   416  1715 D SKGHAL  : standBy_update_control call succeed on 1
11-03 10:57:34.038571   416  1715 D SKGHAL  : sendAmbientEvent: done: enable = 1
11-03 10:57:34.039112  1686  1823 D SidekickService:    ... beginDisplay result: 0 for halPower: 1
11-03 10:57:34.043082   512   512 I sensors-hal: activate:107, android.sensor.accelerometer/48 en=0
11-03 10:57:34.045044   512   512 I sensors-hal: activate:118, android.sensor.accelerometer/48 en=0 completed
--------- switch to kernel
11-03 10:57:33.920538     0     0 E bgrsb   : bgrsb_enable: gpio 32 is valid
--------- switch to main
11-03 10:57:34.051775  1686  1799 E WifiStateMachine: getWifiLinkLayerStats called without an interface
11-03 10:57:34.073784  1686  1686 I WearPower: [WearTouchMediator] changing touch input to enabled (ON_AUTO)
11-03 10:57:34.075296  1686  1759 I InputReader: Reconfiguring input devices.  changes=0x00000200
--------- switch to kernel
11-03 10:57:33.950531     0     0 I init    : processing action (ro.enable_core_ctl=true && sys.cw_corectl_mode=idle) from (/vendor/etc/init/hw/init.qcom.rc:949)
--------- switch to main
11-03 10:57:34.086602  1686  1686 I AmbientService: [ce6a28c] Timeout alarm not required, auto-resume timeout handled by dream.
11-03 10:57:34.099090  3205  3434 W WorkController: Loading failed for worker [trainingcache]: worker not found
11-03 10:57:34.101134  3205  3372 W A       : TrainingCache cache SCREEN_OFF failure
11-03 10:57:34.101134  3205  3372 W A       : com.google.android.apps.gsa.search.core.service.h.a.a: No worker found for Worker ID [trainingcache].
11-03 10:57:34.101134  3205  3372 W A       : 	at com.google.android.apps.gsa.search.core.service.g.a.c.a(Unknown Source:5)
11-03 10:57:34.101134  3205  3372 W A       : 	at com.google.android.libraries.gsa.c.a.d.a(Unknown Source:3)
11-03 10:57:34.101134  3205  3372 W A       : 	at com.google.common.p.a.cg.c(Unknown Source:2)
11-03 10:57:34.101134  3205  3372 W A       : 	at com.google.common.p.a.bk.run(SourceFile:3)
11-03 10:57:34.101134  3205  3372 W A       : 	at com.google.common.p.a.ci.run(Unknown Source:4)
11-03 10:57:34.101134  3205  3372 W A       : 	at com.google.apps.tiktok.concurrent.ab.run(SourceFile:1)
11-03 10:57:34.101134  3205  3372 W A       : 	at java.util.concurrent.ThreadPoolExecutor.runWorker(ThreadPoolExecutor.java:1167)
11-03 10:57:34.101134  3205  3372 W A       : 	at java.util.concurrent.ThreadPoolExecutor$Worker.run(ThreadPoolExecutor.java:641)
11-03 10:57:34.101134  3205  3372 W A       : 	at com.google.apps.tiktok.concurrent.c.run(Unknown Source:4)
11-03 10:57:34.101134  3205  3372 W A       : 	at java.lang.Thread.run(Thread.java:764)
11-03 10:57:34.115350  2520  2520 D HOME    : [StreamDBQueue]Promised revision #4736 to queue a new op
11-03 10:57:34.115772  2520  2520 D WatchStreamManager: Promised rank-blocked=false @ r#4736
11-03 10:57:34.116089  2520  2520 D HOME    : [CompactHunStarter]detachWindow()
11-03 10:57:34.116633  2520 12958 D HOME    : [WatchStreamDB]Item alerting conditions - isInterruptive: true, recentlyInterrupted: false, isItemPinned: false, isUnread: true
11-03 10:57:34.116633  2520 12759 D HOME    : [StreamDBQueue]Promised revision #4737 to queue a new op
11-03 10:57:34.116784  2520 12759 D WatchStreamManager: Promised rerank @ r#4737
11-03 10:57:34.117005  2520 12958 D HOME    : [StreamAlertingRegulator]isTheaterModeEnabled: false, isAlertingAllowedByOffBody: true, matchesLocalInterruptionFilter: true
11-03 10:57:34.117273  2520 12958 D HOME    : [WatchStreamDB]couldItemAlert: false, isTopItemChanged: false, isDeferralForTopItem: false
11-03 10:57:34.117856  2520 12958 D HOME    : [WatchStreamDB]updateRanking()
11-03 10:57:34.119652  2520 12958 D HOME    : [WatchStreamDB]Item alerting conditions - isInterruptive: true, recentlyInterrupted: false, isItemPinned: false, isUnread: true
11-03 10:57:34.120630  2520 12958 D HOME    : [StreamAlertingRegulator]isTheaterModeEnabled: false, isAlertingAllowedByOffBody: true, matchesLocalInterruptionFilter: true
11-03 10:57:34.121084  2520 12958 D HOME    : [WatchStreamDB]couldItemAlert: false, isTopItemChanged: false, isDeferralForTopItem: false
11-03 10:57:34.122423  2520 12958 D HOME    : [NewStreamAdapter]Publishing revision #4737 to adapter clients
--------- switch to kernel
11-03 10:57:34.148235     0     0 I PM      : suspend entry 2021-11-03 09:57:34.148235310 UTC
11-03 10:57:34.148244     0     0 I PM      : Syncing filesystems ...
11-03 10:57:34.158318     0     0 I CPU0    : update max cpu_capacity 748
11-03 10:57:34.158394     0     0 I CPU3    : update max cpu_capacity 1024
11-03 10:57:34.176097     0     0 I         : done.
11-03 10:57:34.191947     0     0 I CPU2    : shutdown
11-03 10:57:34.192862     0     0 I         : Freezing user space processes ...
11-03 10:57:34.197023     0     0 I PM      : Wakeup pending, aborting suspend
11-03 10:57:34.197058     0     0 I         : active wakeup source: NETLINK
11-03 10:57:34.197097     0     0 E         : Freezing of tasks aborted after 0.004 seconds
11-03 10:57:34.197108     0     0 I         : Restarting tasks ...
11-03 10:57:34.197620     0     0 W QSEECOM : qseecom_receive_req: Interrupted: exiting Listener Service = 11
11-03 10:57:34.197711     0     0 W QSEECOM : qseecom_receive_req: Interrupted: exiting Listener Service = 10
11-03 10:57:34.197831     0     0 W QSEECOM : qseecom_receive_req: Interrupted: exiting Listener Service = 12288
11-03 10:57:34.197878     0     0 W QSEECOM : qseecom_receive_req: Interrupted: exiting Listener Service = 8192
11-03 10:57:34.199775     0     0 W QSEECOM : qseecom_receive_req: Interrupted: exiting Listener Service = 28672
11-03 10:57:34.201661     0     0 I init    : Command 'write /sys/devices/system/cpu/cpu2/online 0' action=ro.enable_core_ctl=true && sys.cw_corectl_mode=idle (/vendor/etc/init/hw/init.qcom.rc:951) took 123ms and succeeded
11-03 10:57:34.202664     0     0 I init    : Command 'write /sys/devices/system/cpu/cpu3/online 0' action=ro.enable_core_ctl=true && sys.cw_corectl_mode=idle (/vendor/etc/init/hw/init.qcom.rc:952) took 0ms and failed: Unable to write to file '/sys/devices/system/cpu/cpu3/online': Unable to write file contents: Device or resource busy
11-03 10:57:34.202754     0     0 I         : done.
11-03 10:57:34.203145     0     0 I PM      : suspend exit 2021-11-03 09:57:34.203145935 UTC
11-03 10:57:34.404803     0     0 I PM      : suspend entry 2021-11-03 09:57:34.404803331 UTC
11-03 10:57:34.404824     0     0 I PM      : Syncing filesystems ... done.
11-03 10:57:34.435021     0     0 I         : Freezing user space processes ... (elapsed 0.010 seconds) done.
11-03 10:57:34.445813     0     0 I         : Freezing remaining freezable tasks ... (elapsed 0.006 seconds) done.
11-03 10:57:34.452030     0     0 I         : Suspending console(s) (use no_console_suspend to debug)
11-03 10:57:34.466824     0     0 I mdss_dsi_panel_set_idle_mode: Idle (1->1)
11-03 10:57:34.503200     0     0 I bgcom   : bgcom_pm_suspend: suspended with : 0
11-03 10:57:34.532307     0     0 I PM      : suspend of devices complete after 76.736 msecs
11-03 10:57:34.538129     0     0 I PM      : late suspend of devices complete after 5.778 msecs
11-03 10:57:34.543981     0     0 I PM      : noirq suspend of devices complete after 5.580 msecs
11-03 10:57:34.543995     0     0 I         : Disabling non-boot CPUs ...
--------- switch to system
11-03 10:58:04.581399  1686  1686 I PowerManagerService: Waking up from dozing (uid=1000 reason=tiltToWake)...
--------- switch to kernel
11-03 10:57:34.559715     0     0 W         : IRQ16 no longer affine to CPU1
11-03 10:57:34.559728     0     0 W         : IRQ21 no longer affine to CPU1
11-03 10:57:34.560030     0     0 W         : IRQ93 no longer affine to CPU1
11-03 10:57:34.561689     0     0 I CPU1    : shutdown
11-03 10:57:34.568307     0     0 I CPU0    : update max cpu_capacity 748
11-03 10:57:34.610639     0     0 I CPU3    : shutdown
11-03 10:57:34.612648     0     0 I suspend ns: 4076166954065	suspend cycles:    1246885384533
11-03 10:57:34.612627     0     0 I CPU0    : msm_cpu_pm_enter_sleep mode:3 during suspend
11-03 10:57:34.612627     0     0 I         : Suspended for 29.855 seconds
11-03 10:57:34.612627     0     0 I resume cycles: 1247458611027
11-03 10:57:34.613268     0     0 I         : Enabling non-boot CPUs ...
11-03 10:57:34.614123     0     0 I CPU1    : update cpu_capacity 1024
11-03 10:57:34.615244     0     0 I         : CPU1 is up
11-03 10:57:34.616317     0     0 I CPU3    : update cpu_capacity 1024
11-03 10:57:34.617889     0     0 I         : CPU3 is up
11-03 10:57:34.618110     0     0 I CPU3    : update max cpu_capacity 1024
11-03 10:57:34.621568     0     0 I PM      : noirq resume of devices complete after 3.235 msecs
11-03 10:57:34.626820     0     0 I PM      : early resume of devices complete after 3.763 msecs
11-03 10:57:34.655535     0     0 I bgcom   : bgcom_pm_resume: Bgcom resumed with : 0
11-03 10:57:34.665499     0     0 I mdss_dsi_panel_set_idle_mode: Idle (1->1)
11-03 10:57:34.703331     0     0 I PM      : resume of devices complete after 76.464 msecs
11-03 10:57:34.707596     0     0 I         : Restarting tasks ...
11-03 10:57:34.710610     0     0 W QSEECOM : qseecom_receive_req: Interrupted: exiting Listener Service = 8192
11-03 10:57:34.710716     0     0 W QSEECOM : qseecom_receive_req: Interrupted: exiting Listener Service = 12288
11-03 10:57:34.710763     0     0 W QSEECOM : qseecom_receive_req: Interrupted: exiting Listener Service = 11
11-03 10:57:34.710989     0     0 W QSEECOM : qseecom_receive_req: Interrupted: exiting Listener Service = 10
11-03 10:57:34.711077     0     0 W QSEECOM : qseecom_receive_req: Interrupted: exiting Listener Service = 28672
11-03 10:57:34.724420     0     0 I         : done.
11-03 10:58:04.581401     0     0 I PM      : suspend exit 2021-11-03 09:58:04.581401392 UTC
--------- switch to system
11-03 10:58:04.592233  1686  1686 W UsageStatsService: Event reported without a package name
--------- switch to kernel
11-03 10:58:04.605023     0     0 E FG      : fg_psy_get_property: unsupported property 7
11-03 10:58:04.480334     0     0 W healthd : battery l=11 v=3722 t=28.0 h=2 st=3 c=4 fc=443000 cc=0 chg=
--------- switch to main
11-03 10:58:04.649234   512  1749 I sensors-hal: batch:140, android.sensor.light/46, period=100000000, max_latency=0
11-03 10:58:04.649505   512  1749 I sensors-hal: batch:149, android.sensor.light/46, period=100000000, max_latency=0 request completed
11-03 10:58:04.652001   512  1749 I sensors-hal: activate:107, android.sensor.light/46 en=1
11-03 10:58:04.652913   512  1749 I sensors-hal: ssc_enable_rt_task:254, ssc_enable_rt_task : true
11-03 10:58:04.658091   512  1749 I sensors-hal: activate:118, android.sensor.light/46 en=1 completed
11-03 10:58:04.661540  1686  1823 I SidekickService: endDisplayLocked()
--------- switch to system
11-03 10:58:04.662988  1686  1710 I DisplayManagerService: Display device changed state: "Écran intégré", ON
--------- switch to main
11-03 10:58:04.663820   512  1749 I sensors-hal: batch:140, android.sensor.accelerometer/48, period=66667000, max_latency=100000000
11-03 10:58:04.663915   512  1749 I sensors-hal: batch:149, android.sensor.accelerometer/48, period=66667000, max_latency=100000000 request completed
11-03 10:58:04.664853   416  1715 D SKGHAL  : sendAmbientEvent: enter: enable = 0
11-03 10:58:04.664891   512  1749 I sensors-hal: activate:107, android.sensor.accelerometer/48 en=1
11-03 10:58:04.665526   512  1749 I sensors-hal: ssc_enable_rt_task:254, ssc_enable_rt_task : true
11-03 10:58:04.683166  1686  1759 I InputReader: Reconfiguring input devices.  changes=0x00000004
11-03 10:58:04.687293  4243  4243 D OMService: onDisplayChanged: not dozing
11-03 10:58:04.690044   504   523 I SDM     : DisplayBase::SetDisplayState: Set state = 3, display 0
11-03 10:58:04.690303   504   523 D SDM     : HWCDisplayPrimary::SetStandByMode: Display is connected successfully
11-03 10:58:04.691177   416  1715 D SKGHAL  : standBy_update_control call succeed on 0
11-03 10:58:04.691255   416  1715 D SKGHAL  : sendAmbientEvent: done: enable = 0
11-03 10:58:04.692012  1686  1823 D SidekickService:    ... endDisplay returns void
--------- switch to kernel
11-03 10:58:04.560526     0     0 E bgrsb   : bgrsb_enable: rsb will set report rate
11-03 10:58:04.562576     0     0 I         : [touch]FB_BLANK_VSYNC_SUSPEND
11-03 10:58:04.562582     0     0 I         : [touch]Already in suspend state
--------- switch to main
11-03 10:58:04.693864   545   545 D SurfaceFlinger: Set power mode=2, type=0 flinger=0xb6bb6000
11-03 10:58:04.694336   504   761 I SDM     : DisplayBase::SetDisplayState: Set state = 1, display 0
11-03 10:58:04.695332   512  1749 I sensors-hal: activate:118, android.sensor.accelerometer/48 en=1 completed
--------- switch to kernel
11-03 10:58:04.574033     0     0 I mdss_dsi_panel_set_idle_mode: Idle (1->0)
11-03 10:58:04.575136     0     0 E mdp3_enable_panic_ctrl: mdp3_enable_panic_ctrl: Enable Panic Control
11-03 10:58:04.575233     0     0 I         : [touch]FB_BLANK_UNBLANK
11-03 10:58:04.575243     0     0 I         : [touch]raydium_ts_do_resume, 1.
11-03 10:58:04.575668     0     0 I         : [ raydium ]workqueue is empty!
11-03 10:58:04.575684     0     0 I raydium_ts 5-0039: [touch]Already enable irq
11-03 10:58:04.575686     0     0 I         : [touch]Device may wakeup
--------- switch to main
11-03 10:58:04.704428   545   545 D SurfaceFlinger: Finished set power mode=2, type=0
11-03 10:58:04.707985  1956  1956 D QtiCarrierConfigHelper: WARNING, no carrier configs on phone Id: 0
11-03 10:58:04.711801  2520  2520 D HOME    : [BatteryChange]action: android.intent.action.BATTERY_CHANGED
--------- switch to kernel
11-03 10:58:04.580842     0     0 E bgrsb   : bgrsb_enable: gpio 32 is valid
--------- switch to main
11-03 10:58:04.712741  2520 12956 D HOME    : [BatteryChange]HandleBatteryChangedTask
11-03 10:58:04.713405  2520 12956 D HOME    : [BatteryChange]level: 11, status: 3
--------- switch to system
11-03 10:58:04.714085  1686  1712 W PowerManagerService: Screen on took 256 ms
11-03 10:58:04.714455  1686  1712 I DreamManagerService: Gently waking up from dream.
11-03 10:58:04.715136  1686  1708 I DreamManagerService: Performing gentle wake from dream.
--------- switch to main
11-03 10:58:04.717542  2520 12956 D HOME    : [BatteryChange]updateStreamItem
--------- switch to system
11-03 10:58:04.725756  1686  1686 V DreamService[AmbientDream]: wakeUp(): fromSystem=true, mWaking=false, mFinished=false
11-03 10:58:04.725947  1686  1686 V DreamService[AmbientDream]: finish(): mFinished=false
11-03 10:58:04.726092  1686  1686 I DreamManagerService: Leaving dreamland.
11-03 10:58:04.726656  1686  1708 I DreamManagerService: Performing gentle wake from dream.
11-03 10:58:04.726874  1686  1708 I DreamController: Stopping dream: name=ComponentInfo{com.google.android.wearable.ambient/com.google.android.wearable.ambient.AmbientDream}, isTest=false, canDoze=true, userId=0
--------- switch to main
11-03 10:58:04.728445  1686  1799 E WifiStateMachine: getWifiLinkLayerStats called without an interface
--------- switch to system
11-03 10:58:04.735314  1686  1702 W BroadcastQueue: Background execution not allowed: receiving Intent { act=android.intent.action.USER_PRESENT flg=0x10 } to com.google.android.gms/.auth.setup.devicesignals.LockScreenReceiver
11-03 10:58:04.735920  1686  1702 W BroadcastQueue: Background execution not allowed: receiving Intent { act=android.intent.action.USER_PRESENT flg=0x10 } to com.google.android.gms/.chimera.GmsIntentOperationService$PersistentTrustedReceiver
--------- switch to main
11-03 10:58:04.737093  3205  3434 W WorkController: Loading failed for worker [trainingcache]: worker not found
11-03 10:58:04.738963  3205  3294 W A       : TrainingCache cache DEVICE_UNLOCKED failure
11-03 10:58:04.738963  3205  3294 W A       : com.google.android.apps.gsa.search.core.service.h.a.a: No worker found for Worker ID [trainingcache].
11-03 10:58:04.738963  3205  3294 W A       : 	at com.google.android.apps.gsa.search.core.service.g.a.c.a(Unknown Source:5)
11-03 10:58:04.738963  3205  3294 W A       : 	at com.google.android.libraries.gsa.c.a.d.a(Unknown Source:3)
11-03 10:58:04.738963  3205  3294 W A       : 	at com.google.common.p.a.cg.c(Unknown Source:2)
11-03 10:58:04.738963  3205  3294 W A       : 	at com.google.common.p.a.bk.run(SourceFile:3)
11-03 10:58:04.738963  3205  3294 W A       : 	at com.google.common.p.a.ci.run(Unknown Source:4)
11-03 10:58:04.738963  3205  3294 W A       : 	at com.google.apps.tiktok.concurrent.ab.run(SourceFile:1)
11-03 10:58:04.738963  3205  3294 W A       : 	at java.util.concurrent.ThreadPoolExecutor.runWorker(ThreadPoolExecutor.java:1167)
11-03 10:58:04.738963  3205  3294 W A       : 	at java.util.concurrent.ThreadPoolExecutor$Worker.run(ThreadPoolExecutor.java:641)
11-03 10:58:04.738963  3205  3294 W A       : 	at com.google.apps.tiktok.concurrent.c.run(Unknown Source:4)
11-03 10:58:04.738963  3205  3294 W A       : 	at java.lang.Thread.run(Thread.java:764)
--------- switch to system
11-03 10:58:04.739120  1686  1686 V DreamService[AmbientDream]: detach(): Calling onDreamingStopped()
--------- switch to main
11-03 10:58:04.739273  1686  1686 I AmbientService: [ce6a28c] doOnDreamingStopped
11-03 10:58:04.739373  1686  1686 D WristGestureCtrl: Starting: GesturesEnabled-false UngazeEnabled-true
11-03 10:58:04.739438  1686  1686 D DefaultUngazeDetector: starting
11-03 10:58:04.739511  1686  1686 D DefaultUngazeDetector: startUngazeStateEstimation(). startTime = 64964169
