11-03 10:24:13.854939  2520 11756 I SidekickManager: replaceWatchFaceComponentsImpl(): watchFace = com.google.android.clockwork.decomposablewatchface.WatchFaceDecomposition@99552f
11-03 10:24:13.856300  1686  9965 D SidekickService: sendWatchFaceComponents called: watchFace = com.google.android.clockwork.decomposablewatchface.WatchFaceDecomposition@bafc3fashouldReplace = false
11-03 10:24:13.856423  2520  2520 D HOME    : [StreamDBQueue]Promised revision #4168 to queue a new op
11-03 10:24:13.856652  1686  9965 D SidekickService: Check decomposition for calling app com.google.android.wearable.app with uid 10049
11-03 10:24:13.856722  2520  2520 D WatchStreamManager: Promised rank-blocked=false @ r#4168
11-03 10:24:13.857172  1686  9965 D SidekickService: sendWatchFaceLocked(): shouldReplace = false, mSidekickIsControlling = false, 1 images, 0 fonts, 0 numbers, 0 proportionalFonts, 0 strings
11-03 10:24:13.857244  1686  9965 D SidekickService: ISidekickGraphics#beginResources()...
11-03 10:24:13.857934  2520  2520 D HOME    : [StreamDBQueue]Promised revision #4169 to queue a new op
11-03 10:24:13.858300  2520  2520 D WatchStreamManager: Promised rank-blocked=false @ r#4169
11-03 10:24:13.858528  2520 12189 D HOME    : [WatchStreamDB]Item alerting conditions - isInterruptive: false, recentlyInterrupted: false, isItemPinned: false, isUnread: false
11-03 10:24:13.859094  2520 12189 D HOME    : [StreamAlertingRegulator]isTheaterModeEnabled: false, isAlertingAllowedByOffBody: true, matchesLocalInterruptionFilter: true
11-03 10:24:13.859147  2520  2520 D HOME    : [EventBus]Wrapper pool is full. Discarding excess wrapper instance for event com.google.android.clockwork.sysui.events.KeyguardStateEvent
11-03 10:24:13.859239  2520  2520 D HOME    : [WatchFaceUiController]sendStateToWallpaper
11-03 10:24:13.859403  2520 12189 D HOME    : [WatchStreamDB]couldItemAlert: false, isTopItemChanged: false, isDeferralForTopItem: false
11-03 10:24:13.860327  1686  9965 D SidekickServiceUtils: bitmapFromDrawable: Returning bitmap directly
11-03 10:24:13.861540  2520  2520 D HOME    : [EventBus]Wrapper pool is full. Discarding excess wrapper instance for event com.google.android.clockwork.sysui.events.KeyguardStateEvent
11-03 10:24:13.861848  2520  2520 D HOME    : [EventBus]Wrapper pool is full. Discarding excess wrapper instance for event com.google.android.clockwork.sysui.events.KeyguardStateEvent
11-03 10:24:13.863422  2520 12189 D HOME    : [WatchStreamDB]Item alerting conditions - isInterruptive: false, recentlyInterrupted: false, isItemPinned: false, isUnread: false
11-03 10:24:13.864029  2520 12189 D HOME    : [StreamAlertingRegulator]isTheaterModeEnabled: false, isAlertingAllowedByOffBody: true, matchesLocalInterruptionFilter: true
11-03 10:24:13.864273  2520 12189 D HOME    : [WatchStreamDB]couldItemAlert: false, isTopItemChanged: false, isDeferralForTopItem: false
11-03 10:24:13.863391  1686  9965 D SidekickService: sendBitmapsLocked(): bounds = RectF(0.47115386, 0.33653846, 0.52884614, 0.39423078), drawableInfo = {.id = 100000, .width = 24, .height = 24, .display = true, .offsetX = 193.0, .offsetY = 137.0, .rotationInfo = {.hasRotation = false, .pivotX = 0.0, .pivotY = 0.0, .degreesPerDay = 0.0, .degreesPerStep = 0.0, .zeroDegreesTime = {.daysSinceLocalEpoch = 0, .msSinceMidnight = 0}}, .transformInfo = {.transformed = false, .flipX = false, .flipY = false, .flip45 = false, .scaleX = 0.0, .scaleY = 0.0}, .type = GENERIC, .blink = {.blinking = false, .periodOnMs = 0.0, .periodOffMs = 0.0, .startTime = {.daysSinceLocalEpoch = 0, .msSinceMidnight = 0}}, .zOrder = 6, .displayInTwm = true}, image.size() = 204
11-03 10:24:13.865865   416   416 D SKGHAL  : saveResource: resId = 100000
11-03 10:24:13.866828  1686  9965 D SidekickService: sendBitmapsLocked(): status = 0, bytesUsed = 267
11-03 10:24:13.867049  1686  9965 D SidekickService: ISidekickGraphics#endResources()...
11-03 10:24:13.870100  2520 12459 D HOME    : [StreamDBQueue]Promised revision #4170 to queue a new op
11-03 10:24:13.870325  2520 12459 D WatchStreamManager: Promised rerank @ r#4170
11-03 10:24:13.870362  2520 12460 D HOME    : [WatchStreamDB]updateRanking()
11-03 10:24:13.870899  2520 12460 D HOME    : [WatchStreamDB]Item alerting conditions - isInterruptive: false, recentlyInterrupted: false, isItemPinned: false, isUnread: false
11-03 10:24:13.871207  2520 12460 D HOME    : [StreamAlertingRegulator]isTheaterModeEnabled: false, isAlertingAllowedByOffBody: true, matchesLocalInterruptionFilter: true
11-03 10:24:13.871504  2520 12460 D HOME    : [WatchStreamDB]couldItemAlert: false, isTopItemChanged: false, isDeferralForTopItem: false
11-03 10:24:13.876048  2520 12460 D HOME    : [NewStreamAdapter]Publishing revision #4170 to adapter clients
11-03 10:24:13.886460  2520 12459 D HOME    : [StreamDBQueue]Promised revision #4171 to queue a new op
11-03 10:24:13.886831  2520 12459 D WatchStreamManager: Promised rerank @ r#4171
11-03 10:24:13.889749  2520 12461 D HOME    : [WatchStreamDB]updateRanking()
11-03 10:24:13.890632  2520 12461 D HOME    : [WatchStreamDB]Item alerting conditions - isInterruptive: false, recentlyInterrupted: false, isItemPinned: false, isUnread: false
11-03 10:24:13.890999  2520 12461 D HOME    : [StreamAlertingRegulator]isTheaterModeEnabled: false, isAlertingAllowedByOffBody: true, matchesLocalInterruptionFilter: true
11-03 10:24:13.891253  2520 12461 D HOME    : [WatchStreamDB]couldItemAlert: false, isTopItemChanged: false, isDeferralForTopItem: false
11-03 10:24:13.892206  2520 12461 D HOME    : [NewStreamAdapter]Publishing revision #4171 to adapter clients
11-03 10:24:13.920812  2520  2520 W StaticLayout: maxLineHeight should not be -1.  maxLines:1 lineCount:1
11-03 10:24:14.027576   416   416 D SKGHAL  : sendResources: metadata size = 2400, font size = 72
11-03 10:24:14.093225   416   416 D SKGHAL  : endResources: rc = 0
11-03 10:24:14.095173  1686  1686 W system_server: Long monitor contention with owner Binder:1686_1D (9965) at int com.google.android.clockwork.sidekick.SidekickService$BinderService.sendWatchFace(com.google.android.clockwork.decomposablewatchface.WatchFaceDecomposition, boolean)(SidekickService.java:1021) waiters=0 in boolean com.google.android.clockwork.sidekick.SidekickService$BinderService.readyToDisplay() for 217ms
11-03 10:24:14.096405  2520  2520 D HOME    : [SidekickManagerAsync]replaceWatchFaceComponents(): Callback#onResult(): 0
11-03 10:24:14.096820  2520  2520 D HOME    : [WatchFaceUiController]Complication updates sent, posting watch face hiding
11-03 10:24:14.096926  2520  2520 D HOME    : [WatchFaceUiController]Still in ambient watch face, hiding
11-03 10:24:14.097035  2520  2520 D HOME    : [WatchFaceUiController]Hiding watch face wallpaper.
--------- switch to system
11-03 10:24:14.097282  1686  1686 W Looper  : Slow dispatch took 219ms main h=android.os.Handler c=com.google.android.wearable.ambient.AmbientDream$Callbacks$1@4e8cdab m=0
--------- switch to kernel
11-03 10:23:50.834972     0     0 I [touch]x: 372,y:81
11-03 10:24:14.003220     0     0 E FG      : fg_psy_get_property: unsupported property 7
11-03 10:24:14.008296     0     0 W healthd : battery l=16 v=3638 t=29.0 h=2 st=3 c=136 fc=443000 cc=0 chg=
--------- switch to main
11-03 10:24:14.151746  1956  1956 D QtiCarrierConfigHelper: WARNING, no carrier configs on phone Id: 0
11-03 10:24:14.155017  2520  2520 D HOME    : [BatteryChange]action: android.intent.action.BATTERY_CHANGED
11-03 10:24:14.156132  2520 11756 D HOME    : [BatteryChange]HandleBatteryChangedTask
11-03 10:24:14.156854  2520 11756 D HOME    : [BatteryChange]level: 16, status: 3
11-03 10:24:14.174775   512  1749 I sensors-hal: activate:107, android.sensor.light/46 en=0
11-03 10:24:14.177828   512  1749 I sensors-hal: activate:118, android.sensor.light/46 en=0 completed
--------- switch to system
11-03 10:24:14.198964  1686  1710 I DisplayManagerService: Display device changed state: "cran intgr", DOZE_SUSPEND
--------- switch to main
11-03 10:24:14.230788  1686  1759 I InputReader: Reconfiguring input devices.  changes=0x00000004
11-03 10:24:14.237321   545   545 D SurfaceFlinger: Set power mode=3, type=0 flinger=0xb6bb6000
11-03 10:24:14.238279   504   762 I SDM     : DisplayBase::SetDisplayState: Set state = 3, display 0
11-03 10:24:14.287203   545   545 D SurfaceFlinger: Finished set power mode=3, type=0
11-03 10:24:14.288276  1686  1823 I SidekickService: beginDisplayLocked(): DOZE_SUSPEND
11-03 10:24:14.289228   416   416 D SKGHAL  : sendAmbientPrepare: enter:
--------- switch to kernel
11-03 10:24:14.123276     0     0 I mdss_dsi_panel_set_idle_mode: Idle (0->1)
11-03 10:24:14.166379     0     0 I         : [touch]FB_BLANK_VSYNC_SUSPEND
11-03 10:24:14.166389     0     0 I         : [touch]irq disable
11-03 10:24:14.166396     0     0 I         : [touch]workqueue is empty!
11-03 10:24:14.166400     0     0 I         : [touch]raydium_ts_do_suspend.
11-03 10:24:14.166414     0     0 I         : [touch]Device may wakeup
11-03 10:24:14.171434     0     0 I         : [touch]irq enable
--------- switch to main
11-03 10:24:14.335360   416   416 D SKGHAL  : sendAmbientEvent: enter: enable = 1
11-03 10:24:14.336754   504   523 I SDM     : DisplayBase::SetDisplayState: Set state = 4, display 0
11-03 10:24:14.336846   504   523 D SDM     : HWCDisplayPrimary::SetStandByMode: Null display is connected successfully
11-03 10:24:14.337048   416   416 D SKGHAL  : standBy_update_control call succeed on 1
11-03 10:24:14.350799   416   416 D SKGHAL  : sendAmbientEvent: done: enable = 1
11-03 10:24:14.351603  1686  1823 D SidekickService:    ... beginDisplay result: 0 for halPower: 1
11-03 10:24:14.357492   512  1749 I sensors-hal: activate:107, android.sensor.accelerometer/48 en=0
11-03 10:24:14.360242   512  1749 I sensors-hal: activate:118, android.sensor.accelerometer/48 en=0 completed
11-03 10:24:14.371160  1686  1799 E WifiStateMachine: getWifiLinkLayerStats called without an interface
--------- switch to kernel
11-03 10:24:14.252682     0     0 E bgrsb   : bgrsb_enable: gpio 32 is valid
--------- switch to main
11-03 10:24:14.401009  1686  1686 I WearPower: [WearTouchMediator] changing touch input to enabled (ON_AUTO)
11-03 10:24:14.402543  1686  1759 I InputReader: Reconfiguring input devices.  changes=0x00000200
--------- switch to kernel
11-03 10:24:14.290607     0     0 I init    : processing action (ro.enable_core_ctl=true && sys.cw_corectl_mode=idle) from (/vendor/etc/init/hw/init.qcom.rc:949)
--------- switch to main
11-03 10:24:14.414193  1686  1686 I AmbientService: [ce6a28c] Timeout alarm not required, auto-resume timeout handled by dream.
11-03 10:24:14.428558  3205  3434 W WorkController: Loading failed for worker [trainingcache]: worker not found
11-03 10:24:14.430788  3205  3294 W A       : TrainingCache cache SCREEN_OFF failure
11-03 10:24:14.430788  3205  3294 W A       : com.google.android.apps.gsa.search.core.service.h.a.a: No worker found for Worker ID [trainingcache].
11-03 10:24:14.430788  3205  3294 W A       : 	at com.google.android.apps.gsa.search.core.service.g.a.c.a(Unknown Source:5)
11-03 10:24:14.430788  3205  3294 W A       : 	at com.google.android.libraries.gsa.c.a.d.a(Unknown Source:3)
11-03 10:24:14.430788  3205  3294 W A       : 	at com.google.common.p.a.cg.c(Unknown Source:2)
11-03 10:24:14.430788  3205  3294 W A       : 	at com.google.common.p.a.bk.run(SourceFile:3)
11-03 10:24:14.430788  3205  3294 W A       : 	at com.google.common.p.a.ci.run(Unknown Source:4)
11-03 10:24:14.430788  3205  3294 W A       : 	at com.google.apps.tiktok.concurrent.ab.run(SourceFile:1)
11-03 10:24:14.430788  3205  3294 W A       : 	at java.util.concurrent.ThreadPoolExecutor.runWorker(ThreadPoolExecutor.java:1167)
11-03 10:24:14.430788  3205  3294 W A       : 	at java.util.concurrent.ThreadPoolExecutor$Worker.run(ThreadPoolExecutor.java:641)
11-03 10:24:14.430788  3205  3294 W A       : 	at com.google.apps.tiktok.concurrent.c.run(Unknown Source:4)
11-03 10:24:14.430788  3205  3294 W A       : 	at java.lang.Thread.run(Thread.java:764)
11-03 10:24:14.454256  2520  2520 D HOME    : [StreamDBQueue]Promised revision #4172 to queue a new op
11-03 10:24:14.455264  2520  2520 D WatchStreamManager: Promised rank-blocked=false @ r#4172
11-03 10:24:14.456103  2520  2520 D HOME    : [CompactHunStarter]detachWindow()
11-03 10:24:14.457781  2520 12459 D HOME    : [StreamDBQueue]Promised revision #4173 to queue a new op
11-03 10:24:14.458458  2520 12459 D WatchStreamManager: Promised rerank @ r#4173
11-03 10:24:14.461639  2520 11756 D HOME    : [WatchStreamDB]Item alerting conditions - isInterruptive: false, recentlyInterrupted: false, isItemPinned: false, isUnread: false
11-03 10:24:14.462776  2520 11756 D HOME    : [StreamAlertingRegulator]isTheaterModeEnabled: false, isAlertingAllowedByOffBody: true, matchesLocalInterruptionFilter: true
11-03 10:24:14.463562  2520 11756 D HOME    : [WatchStreamDB]couldItemAlert: false, isTopItemChanged: false, isDeferralForTopItem: false
11-03 10:24:14.464857  2520 11756 D HOME    : [WatchStreamDB]updateRanking()
11-03 10:24:14.466102  2520 11756 D HOME    : [WatchStreamDB]Item alerting conditions - isInterruptive: false, recentlyInterrupted: false, isItemPinned: false, isUnread: false
11-03 10:24:14.466781  2520 11756 D HOME    : [StreamAlertingRegulator]isTheaterModeEnabled: false, isAlertingAllowedByOffBody: true, matchesLocalInterruptionFilter: true
11-03 10:24:14.467126  2520 11756 D HOME    : [WatchStreamDB]couldItemAlert: false, isTopItemChanged: false, isDeferralForTopItem: false
11-03 10:24:14.468345  2520 11756 D HOME    : [NewStreamAdapter]Publishing revision #4173 to adapter clients
--------- switch to kernel
11-03 10:24:14.364767     0     0 I CPU1    : update max cpu_capacity 748
11-03 10:24:14.396565     0     0 I CPU2    : shutdown
11-03 10:24:14.398716     0     0 I init    : Command 'write /sys/devices/system/cpu/cpu2/online 0' action=ro.enable_core_ctl=true && sys.cw_corectl_mode=idle (/vendor/etc/init/hw/init.qcom.rc:951) took 107ms and succeeded
11-03 10:24:14.514798     0     0 I PM      : suspend entry 2021-11-03 09:24:14.514798929 UTC
11-03 10:24:14.514807     0     0 I PM      : Syncing filesystems ...
11-03 10:24:14.515127     0     0 I CPU3    : update max cpu_capacity 1024
11-03 10:24:14.555160     0     0 I         : done.
11-03 10:24:14.602850     0     0 I CPU3    : shutdown
11-03 10:24:14.604223     0     0 I         : Freezing user space processes ...
11-03 10:24:14.609381     0     0 I PM      : Wakeup pending, aborting suspend
11-03 10:24:14.609416     0     0 I         : active wakeup source: NETLINK
11-03 10:24:14.609455     0     0 E         : Freezing of tasks aborted after 0.005 seconds
11-03 10:24:14.609468     0     0 I         : Restarting tasks ...
11-03 10:24:14.609652     0     0 I CPU0    : update max cpu_capacity 748
11-03 10:24:14.610214     0     0 W QSEECOM : qseecom_receive_req: Interrupted: exiting Listener Service = 10
11-03 10:24:14.610296     0     0 W QSEECOM : qseecom_receive_req: Interrupted: exiting Listener Service = 8192
11-03 10:24:14.613984     0     0 W QSEECOM : qseecom_receive_req: Interrupted: exiting Listener Service = 11
11-03 10:24:14.614031     0     0 W QSEECOM : qseecom_receive_req: Interrupted: exiting Listener Service = 12288
11-03 10:24:14.614195     0     0 W QSEECOM : qseecom_receive_req: Interrupted: exiting Listener Service = 28672
11-03 10:24:14.614626     0     0 I         : done.
11-03 10:24:14.615195     0     0 I PM      : suspend exit 2021-11-03 09:24:14.615195543 UTC
11-03 10:24:14.617557     0     0 I init    : Command 'write /sys/devices/system/cpu/cpu3/online 0' action=ro.enable_core_ctl=true && sys.cw_corectl_mode=idle (/vendor/etc/init/hw/init.qcom.rc:952) took 103ms and succeeded
11-03 10:24:14.818977     0     0 I PM      : suspend entry 2021-11-03 09:24:14.818977939 UTC
11-03 10:24:14.818995     0     0 I PM      : Syncing filesystems ... done.
11-03 10:24:14.888420     0     0 I         : Freezing user space processes ... (elapsed 0.010 seconds) done.
11-03 10:24:14.898681     0     0 I         : Freezing remaining freezable tasks ... (elapsed 0.006 seconds) done.
11-03 10:24:14.904947     0     0 I         : Suspending console(s) (use no_console_suspend to debug)
11-03 10:24:14.919739     0     0 I mdss_dsi_panel_set_idle_mode: Idle (1->1)
11-03 10:24:14.955542     0     0 I bgcom   : bgcom_pm_suspend: suspended with : 0
11-03 10:24:14.984736     0     0 I PM      : suspend of devices complete after 76.251 msecs
11-03 10:24:14.990288     0     0 I PM      : late suspend of devices complete after 5.512 msecs
11-03 10:24:14.995807     0     0 I PM      : noirq suspend of devices complete after 5.480 msecs
11-03 10:24:14.995824     0     0 I         : Disabling non-boot CPUs ...
11-03 10:24:15.010866     0     0 W         : IRQ21 no longer affine to CPU1
11-03 10:24:15.012740     0     0 I CPU1    : shutdown
11-03 10:24:15.015391     0     0 I suspend ns: 3641120545596	suspend cycles:    1208493117198
11-03 10:24:15.015367     0     0 I CPU0    : msm_cpu_pm_enter_sleep mode:3 during suspend
11-03 10:24:15.015367     0     0 I         : Suspended for 35.432 seconds
11-03 10:24:15.015367     0     0 I resume cycles: 1209173415022
11-03 10:24:15.015958     0     0 I         : Enabling non-boot CPUs ...
11-03 10:24:15.016818     0     0 I CPU1    : update cpu_capacity 1024
11-03 10:24:15.018275     0     0 I         : CPU1 is up
11-03 10:24:15.019577     0     0 I CPU1    : update max cpu_capacity 748
11-03 10:24:15.022135     0     0 I PM      : noirq resume of devices complete after 3.507 msecs
11-03 10:24:15.027577     0     0 I PM      : early resume of devices complete after 3.973 msecs
11-03 10:24:15.056736     0     0 I bgcom   : bgcom_pm_resume: Bgcom resumed with : 0
11-03 10:24:15.066801     0     0 I mdss_dsi_panel_set_idle_mode: Idle (1->1)
11-03 10:24:15.103501     0     0 I PM      : resume of devices complete after 75.878 msecs
11-03 10:24:15.106290     0     0 I         : Restarting tasks ...
11-03 10:24:15.110932     0     0 W QSEECOM : qseecom_receive_req: Interrupted: exiting Listener Service = 12288
11-03 10:24:15.111023     0     0 W QSEECOM : qseecom_receive_req: Interrupted: exiting Listener Service = 11
11-03 10:24:15.111070     0     0 W QSEECOM : qseecom_receive_req: Interrupted: exiting Listener Service = 28672
11-03 10:24:15.113731     0     0 W QSEECOM : qseecom_receive_req: Interrupted: exiting Listener Service = 8192
11-03 10:24:15.113812     0     0 W QSEECOM : qseecom_receive_req: Interrupted: exiting Listener Service = 10
--------- switch to system
11-03 10:24:50.559055  1686  1686 I PowerManagerService: Waking up from dozing (uid=1000 reason=tiltToWake)...
--------- switch to kernel
11-03 10:24:15.122264     0     0 I         : done.
--------- switch to system
11-03 10:24:50.576085  1686  1686 W UsageStatsService: Event reported without a package name
--------- switch to kernel
11-03 10:24:50.572938     0     0 I PM      : suspend exit 2021-11-03 09:24:50.572938758 UTC
11-03 10:24:50.583179     0     0 E FG      : fg_psy_get_property: unsupported property 7
11-03 10:24:50.471804     0     0 W healthd : battery l=16 v=3729 t=29.0 h=2 st=3 c=4 fc=443000 cc=0 chg=
--------- switch to main
11-03 10:24:50.616230   512  1749 I sensors-hal: batch:140, android.sensor.light/46, period=100000000, max_latency=0
11-03 10:24:50.616307   512  1749 I sensors-hal: batch:149, android.sensor.light/46, period=100000000, max_latency=0 request completed
11-03 10:24:50.619611   512  1749 I sensors-hal: activate:107, android.sensor.light/46 en=1
11-03 10:24:50.620237   512  1749 I sensors-hal: ssc_enable_rt_task:254, ssc_enable_rt_task : true
11-03 10:24:50.623680   512  1749 I sensors-hal: activate:118, android.sensor.light/46 en=1 completed
11-03 10:24:50.625728  1686  1823 I SidekickService: endDisplayLocked()
11-03 10:24:50.626277   416   416 D SKGHAL  : sendAmbientEvent: enter: enable = 0
--------- switch to system
11-03 10:24:50.626443  1686  1710 I DisplayManagerService: Display device changed state: "cran intgr", ON
--------- switch to main
11-03 10:24:50.637147   512  1749 I sensors-hal: batch:140, android.sensor.accelerometer/48, period=66667000, max_latency=100000000
11-03 10:24:50.638720   512  1749 I sensors-hal: batch:149, android.sensor.accelerometer/48, period=66667000, max_latency=100000000 request completed
11-03 10:24:50.639657   512  1749 I sensors-hal: activate:107, android.sensor.accelerometer/48 en=1
11-03 10:24:50.640047   512  1749 I sensors-hal: ssc_enable_rt_task:254, ssc_enable_rt_task : true
--------- switch to kernel
11-03 10:24:50.564920     0     0 E bgrsb   : bgrsb_enable: rsb will set report rate
11-03 10:24:50.567792     0     0 I         : [touch]FB_BLANK_VSYNC_SUSPEND
11-03 10:24:50.567796     0     0 I         : [touch]Already in suspend state
11-03 10:24:50.571816     0     0 E bgrsb   : bgrsb_enable: gpio 32 is valid
11-03 10:24:50.578585     0     0 I mdss_dsi_panel_set_idle_mode: Idle (1->0)
11-03 10:24:50.579487     0     0 E mdp3_enable_panic_ctrl: mdp3_enable_panic_ctrl: Enable Panic Control
11-03 10:24:50.579568     0     0 I         : [touch]FB_BLANK_UNBLANK
11-03 10:24:50.579574     0     0 I         : [touch]raydium_ts_do_resume, 1.
11-03 10:24:50.579912     0     0 I         : [ raydium ]workqueue is empty!
11-03 10:24:50.579927     0     0 I raydium_ts 5-0039: [touch]Already enable irq
11-03 10:24:50.579929     0     0 I         : [touch]Device may wakeup
--------- switch to main
11-03 10:24:50.644760   512  1749 I sensors-hal: activate:118, android.sensor.accelerometer/48 en=1 completed
11-03 10:24:50.655892  4243  4243 D OMService: onDisplayChanged: not dozing
11-03 10:24:50.663399  2520  2520 D HOME    : [BatteryChange]action: android.intent.action.BATTERY_CHANGED
11-03 10:24:50.672970  1686  1759 I InputReader: Reconfiguring input devices.  changes=0x00000004
11-03 10:24:50.682371   504   523 I SDM     : DisplayBase::SetDisplayState: Set state = 3, display 0
11-03 10:24:50.683266   504   523 D SDM     : HWCDisplayPrimary::SetStandByMode: Display is connected successfully
11-03 10:24:50.684902   416   416 D SKGHAL  : standBy_update_control call succeed on 0
11-03 10:24:50.684978   416   416 D SKGHAL  : sendAmbientEvent: done: enable = 0
11-03 10:24:50.685767  1686  1823 D SidekickService:    ... endDisplay returns void
11-03 10:24:50.686279  1956  1956 D QtiCarrierConfigHelper: WARNING, no carrier configs on phone Id: 0
11-03 10:24:50.686547   545   545 D SurfaceFlinger: Set power mode=2, type=0 flinger=0xb6bb6000
11-03 10:24:50.686868   504   762 I SDM     : DisplayBase::SetDisplayState: Set state = 1, display 0
11-03 10:24:50.692129  2520 12459 D HOME    : [BatteryChange]HandleBatteryChangedTask
11-03 10:24:50.692668  2520 12459 D HOME    : [BatteryChange]level: 16, status: 3
11-03 10:24:50.696288   545   545 D SurfaceFlinger: Finished set power mode=2, type=0
--------- switch to system
11-03 10:24:50.698775  1686  1712 W PowerManagerService: Screen on took 260 ms
11-03 10:24:50.699019  1686  1712 I DreamManagerService: Gently waking up from dream.
11-03 10:24:50.700144  1686  1708 I DreamManagerService: Performing gentle wake from dream.
11-03 10:24:50.705230  1686  1686 V DreamService[AmbientDream]: wakeUp(): fromSystem=true, mWaking=false, mFinished=false
11-03 10:24:50.705404  1686  1686 V DreamService[AmbientDream]: finish(): mFinished=false
11-03 10:24:50.705532  1686  1686 I DreamManagerService: Leaving dreamland.
11-03 10:24:50.707916  1686  1708 I DreamManagerService: Performing gentle wake from dream.
11-03 10:24:50.708545  1686  1708 I DreamController: Stopping dream: name=ComponentInfo{com.google.android.wearable.ambient/com.google.android.wearable.ambient.AmbientDream}, isTest=false, canDoze=true, userId=0
--------- switch to main
11-03 10:24:50.713083  3205  3434 W WorkController: Loading failed for worker [trainingcache]: worker not found
11-03 10:24:50.714485  3205  3372 W A       : TrainingCache cache DEVICE_UNLOCKED failure
11-03 10:24:50.714485  3205  3372 W A       : com.google.android.apps.gsa.search.core.service.h.a.a: No worker found for Worker ID [trainingcache].
11-03 10:24:50.714485  3205  3372 W A       : 	at com.google.android.apps.gsa.search.core.service.g.a.c.a(Unknown Source:5)
11-03 10:24:50.714485  3205  3372 W A       : 	at com.google.android.libraries.gsa.c.a.d.a(Unknown Source:3)
11-03 10:24:50.714485  3205  3372 W A       : 	at com.google.common.p.a.cg.c(Unknown Source:2)
11-03 10:24:50.714485  3205  3372 W A       : 	at com.google.common.p.a.bk.run(SourceFile:3)
11-03 10:24:50.714485  3205  3372 W A       : 	at com.google.common.p.a.ci.run(Unknown Source:4)
11-03 10:24:50.714485  3205  3372 W A       : 	at com.google.apps.tiktok.concurrent.ab.run(SourceFile:1)
11-03 10:24:50.714485  3205  3372 W A       : 	at java.util.concurrent.ThreadPoolExecutor.runWorker(ThreadPoolExecutor.java:1167)
11-03 10:24:50.714485  3205  3372 W A       : 	at java.util.concurrent.ThreadPoolExecutor$Worker.run(ThreadPoolExecutor.java:641)
11-03 10:24:50.714485  3205  3372 W A       : 	at com.google.apps.tiktok.concurrent.c.run(Unknown Source:4)
11-03 10:24:50.714485  3205  3372 W A       : 	at java.lang.Thread.run(Thread.java:764)
--------- switch to system
11-03 10:24:50.716096  1686  1702 W BroadcastQueue: Background execution not allowed: receiving Intent { act=android.intent.action.USER_PRESENT flg=0x10 } to com.google.android.gms/.auth.setup.devicesignals.LockScreenReceiver
11-03 10:24:50.720536  1686  1702 W BroadcastQueue: Background execution not allowed: receiving Intent { act=android.intent.action.USER_PRESENT flg=0x10 } to com.google.android.gms/.chimera.GmsIntentOperationService$PersistentTrustedReceiver
--------- switch to main
11-03 10:24:50.736224  1686  1799 E WifiStateMachine: getWifiLinkLayerStats called without an interface
--------- switch to system
11-03 10:24:50.757051  1686  1686 V DreamService[AmbientDream]: detach(): Calling onDreamingStopped()
--------- switch to main
11-03 10:24:50.757243  1686  1686 I AmbientService: [ce6a28c] doOnDreamingStopped
11-03 10:24:50.757331  1686  1686 D WristGestureCtrl: Starting: GesturesEnabled-false UngazeEnabled-true
11-03 10:24:50.757384  1686  1686 D DefaultUngazeDetector: starting
11-03 10:24:50.757442  1686  1686 D DefaultUngazeDetector: startUngazeStateEstimation(). startTime = 62970187
11-03 10:24:50.757619  1686  1686 W AlarmManagerProxy: Removing unknown listener
11-03 10:24:50.765037   512  1749 I sensors-hal: batch:140, android.sensor.accelerometer/48, period=19231000, max_latency=100000000
11-03 10:24:50.771278   512 12470 I sensors-hal: handle_indication_realtime:355,  SCHED_FIFO(10) for qmi_cbk
11-03 10:24:50.779178  2520  2520 D HOME    : [HomeVisitsLogger]Logging streamlet event: visit_start
11-03 10:24:50.779421  2520  2520 D HOME    : [HomeVisitsLogger]Logging streamlet event: exit_ambient_mode
11-03 10:24:50.779909  2520  2520 D HOME    : [HotwordController]updateClient MODE_WATCH_FACE false false false true
11-03 10:24:50.780718  2520  2520 D HOME    : [WatchFaceUiController]setInAmbientMode false
11-03 10:24:50.780832  2520  2520 D HOME    : [WatchFaceUiController]sendWatchFaceServiceBinder
11-03 10:24:50.781107   512  1749 I sensors-hal: batch:149, android.sensor.accelerometer/48, period=19231000, max_latency=100000000 request completed
11-03 10:24:50.783135   512  1749 I sensors-hal: flush:169, android.sensor.accelerometer/48
11-03 10:24:50.786072  2520  2520 D HOME    : [WatchFaceUiController]sendStateToWallpaper
11-03 10:24:50.787520  2520  2520 D HOME    : [WatchFaceUiController]Showing watch face wallpaper.
11-03 10:24:50.787719  2520  2520 D HOME    : [WatchFaceUiController]sendStateToWallpaper
11-03 10:24:50.788449   512  1749 I sensors-hal: flush:175, android.sensor.accelerometer/48 completed
11-03 10:24:50.789982  2520  2520 D HOME    : [StreamDBQueue]Promised revision #4174 to queue a new op
11-03 10:24:50.790234  2520  2520 D WatchStreamManager: Promised rank-blocked=true @ r#4174
11-03 10:24:50.790590  2520  2520 D HOME    : [StreamDBQueue]Promised revision #4175 to queue a new op
11-03 10:24:50.790611  2520 11756 D HOME    : [WatchStreamDB]Item alerting conditions - isInterruptive: false, recentlyInterrupted: false, isItemPinned: false, isUnread: false
11-03 10:24:50.790693  2520  2520 D WatchStreamManager: Promised rank-blocked=true @ r#4175
11-03 10:24:50.790845  2520 11756 D HOME    : [StreamAlertingRegulator]isTheaterModeEnabled: false, isAlertingAllowedByOffBody: true, matchesLocalInterruptionFilter: true
11-03 10:24:50.791056  2520 11756 D HOME    : [WatchStreamDB]couldItemAlert: false, isTopItemChanged: false, isDeferralForTopItem: false
11-03 10:24:50.791102  2520  2520 D HOME    : [TilesController]Tile refresh optimization is enabled.
11-03 10:24:50.791376  2520  2520 D HOME    : [EventBus]Wrapper pool is full. Discarding excess wrapper instance for event com.google.android.clockwork.sysui.events.KeyguardStateEvent
11-03 10:24:50.791464  2520  2520 D HOME    : [WatchFaceUiController]sendStateToWallpaper
11-03 10:24:50.793785  2520  2520 D HOME    : [EventBus]Wrapper pool is full. Discarding excess wrapper instance for event com.google.android.clockwork.sysui.events.KeyguardStateEvent
11-03 10:24:50.794094  2520  2520 D HOME    : [EventBus]Wrapper pool is full. Discarding excess wrapper instance for event com.google.android.clockwork.sysui.events.KeyguardStateEvent
11-03 10:24:50.798296  2520  2520 D HOME    : [WatchFaceUiController]sendStateToWallpaper
11-03 10:24:50.803403  2520  2520 W StaticLayout: maxLineHeight should not be -1.  maxLines:1 lineCount:1
11-03 10:24:50.805115  2520 11756 D HOME    : [WatchStreamDB]Item alerting conditions - isInterruptive: false, recentlyInterrupted: false, isItemPinned: false, isUnread: false
11-03 10:24:50.813145  2520 11756 D HOME    : [StreamAlertingRegulator]isTheaterModeEnabled: false, isAlertingAllowedByOffBody: true, matchesLocalInterruptionFilter: true
11-03 10:24:50.813777  2520 11756 D HOME    : [WatchStreamDB]couldItemAlert: false, isTopItemChanged: false, isDeferralForTopItem: false
11-03 10:24:50.818028  1686  1686 I AmbientService: [ce6a28c] Have auto-resume Activity, but timeout has expired by 7173ms.
--------- switch to system
11-03 10:24:50.819539  1686  1686 W ContextImpl: Calling a method in the system process without a qualified user: android.app.ContextImpl.sendBroadcast:1020 android.content.ContextWrapper.sendBroadcast:449 com.google.android.wearable.ambient.AmbientDream.onDestroy:273 android.app.ActivityThread.handleStopService:3698 android.app.ActivityThread.access$1700:200 
--------- switch to main
11-03 10:24:50.831773   512 12468 I sensors-hal: handle_indication_realtime:355,  SCHED_FIFO(10) for qmi_cbk
11-03 10:24:50.843378  1686  1686 E AlarmManager: cancel() called with a null PendingIntent
--------- switch to system
11-03 10:24:50.858180  1686  1686 V DreamService[AmbientDream]: onDestroy()
--------- switch to main
11-03 10:24:50.865458  2520  2520 D HOME    : [WatchFaceUiController]sendWatchFaceServiceBinder
11-03 10:24:50.868362  1686  1686 W AlarmManager: Unrecognized alarm listener com.android.server.job.controllers.-$$Lambda$IdleController$IdlenessTracker$nTdS-lGBXcES5VWKcJFmQFgU7IU@1ab437a
11-03 10:24:50.876549  2520  2520 D HOME    : [WatchFaceUiController]sendProperties
11-03 10:24:50.883208  2520  2520 D HOME    : [WatchFaceUiController]sendStateToWallpaper
11-03 10:24:50.910545  1686  1686 I WearPower: [WearTouchMediator] changing touch input to enabled (ON_AUTO)
11-03 10:24:50.911454  1686  1759 I InputReader: Reconfiguring input devices.  changes=0x00000200
11-03 10:24:50.929686  1686  1686 W AlarmManagerProxy: Removing unknown listener
--------- switch to kernel
11-03 10:24:50.798374     0     0 I init    : processing action (ro.enable_core_ctl=true && sys.cw_corectl_mode=perf) from (/vendor/etc/init/hw/init.qcom.rc:954)
--------- switch to main
11-03 10:24:50.931043  1686  1686 W DefaultSettingsContentR: Value for ambient_low_bit_enabled not stored as number. Attempting parse as boolean.
11-03 10:24:50.940670  3205  3434 W WorkController: Loading failed for worker [trainingcache]: worker not found
--------- switch to kernel
11-03 10:24:50.799813     0     0 I CPU2    : update cpu_capacity 1024
--------- switch to main
11-03 10:24:50.945145  3205  3294 W A       : TrainingCache cache SCREEN_ON failure
11-03 10:24:50.945145  3205  3294 W A       : com.google.android.apps.gsa.search.core.service.h.a.a: No worker found for Worker ID [trainingcache].
11-03 10:24:50.945145  3205  3294 W A       : 	at com.google.android.apps.gsa.search.core.service.g.a.c.a(Unknown Source:5)
11-03 10:24:50.945145  3205  3294 W A       : 	at com.google.android.libraries.gsa.c.a.d.a(Unknown Source:3)
11-03 10:24:50.945145  3205  3294 W A       : 	at com.google.common.p.a.cg.c(Unknown Source:2)
11-03 10:24:50.945145  3205  3294 W A       : 	at com.google.common.p.a.bk.run(SourceFile:3)
11-03 10:24:50.945145  3205  3294 W A       : 	at com.google.common.p.a.ci.run(Unknown Source:4)
11-03 10:24:50.945145  3205  3294 W A       : 	at com.google.apps.tiktok.concurrent.ab.run(SourceFile:1)
11-03 10:24:50.945145  3205  3294 W A       : 	at java.util.concurrent.ThreadPoolExecutor.runWorker(ThreadPoolExecutor.java:1167)
11-03 10:24:50.945145  3205  3294 W A       : 	at java.util.concurrent.ThreadPoolExecutor$Worker.run(ThreadPoolExecutor.java:641)
11-03 10:24:50.945145  3205  3294 W A       : 	at com.google.apps.tiktok.concurrent.c.run(Unknown Source:4)
11-03 10:24:50.945145  3205  3294 W A       : 	at java.lang.Thread.run(Thread.java:764)
--------- switch to kernel
11-03 10:24:50.823073     0     0 I CPU3    : update cpu_capacity 1024
--------- switch to main
11-03 10:24:50.964118  2520  2520 D HOME    : [StreamDBQueue]Promised revision #4176 to queue a new op
11-03 10:24:50.964406  2520  2520 D WatchStreamManager: Promised rank-blocked=true @ r#4176
11-03 10:24:50.967175  2520 12459 D HOME    : [WatchStreamDB]Item alerting conditions - isInterruptive: false, recentlyInterrupted: false, isItemPinned: false, isUnread: false
11-03 10:24:50.967526  2520 12459 D HOME    : [StreamAlertingRegulator]isTheaterModeEnabled: false, isAlertingAllowedByOffBody: true, matchesLocalInterruptionFilter: true
11-03 10:24:50.967786  2520 12459 D HOME    : [WatchStreamDB]couldItemAlert: false, isTopItemChanged: false, isDeferralForTopItem: false
--------- switch to kernel
11-03 10:24:50.830211     0     0 I CPU2    : update max cpu_capacity 1024
--------- switch to main
11-03 10:24:51.299105   512   512 I sensors-hal: activate:107, android.sensor.light/46 en=0
--------- switch to kernel
11-03 10:24:50.866564     0     0 I CPU0    : update max cpu_capacity 748
--------- switch to main
11-03 10:24:51.302317   512   512 I sensors-hal: activate:118, android.sensor.light/46 en=0 completed
--------- switch to kernel
11-03 10:24:50.872984     0     0 I CPU3    : update max cpu_capacity 1024
--------- switch to main
11-03 10:24:51.304373   512   512 I sensors-hal: batch:140, android.sensor.light/46, period=250000000, max_latency=0
11-03 10:24:51.304433   512   512 I sensors-hal: batch:149, android.sensor.light/46, period=250000000, max_latency=0 request completed
11-03 10:24:51.304739   512   512 I sensors-hal: activate:107, android.sensor.light/46 en=1
11-03 10:24:51.305038   512   512 I sensors-hal: ssc_enable_rt_task:254, ssc_enable_rt_task : true
11-03 10:24:51.308235   512   512 I sensors-hal: activate:118, android.sensor.light/46 en=1 completed
11-03 10:24:51.390563   512 12478 I sensors-hal: handle_indication_realtime:355,  SCHED_FIFO(10) for qmi_cbk
--------- switch to system
11-03 10:24:55.439264  1686  1712 I PowerManagerService: Going to sleep due to screen timeout (uid 1000)...
11-03 10:24:55.439830  1686  1686 W UsageStatsService: Event reported without a package name
11-03 10:24:55.440546  1686  1712 I DreamManagerService: Entering dreamland.
11-03 10:24:55.441397  1686  1712 I PowerManagerService: Dozing...
11-03 10:24:55.458431  1686  1708 I DreamController: Starting dream: name=ComponentInfo{com.google.android.wearable.ambient/com.google.android.wearable.ambient.AmbientDream}, isTest=false, canDoze=true, userId=0
11-03 10:24:55.470875  1686  1686 W ContextImpl: Calling a method in the system process without a qualified user: android.app.ContextImpl.bindService:1611 android.content.ContextWrapper.bindService:698 com.google.android.wearable.ambient.AmbientDream.onCreate:191 android.app.ActivityThread.handleCreateService:3533 android.app.ActivityThread.access$1300:200 
11-03 10:24:55.474706  1686  1686 W ContextImpl: Calling a method in the system process without a qualified user: android.app.ContextImpl.sendBroadcast:1005 android.content.ContextWrapper.sendBroadcast:444 com.google.android.wearable.ambient.AmbientDream.onCreate:241 android.app.ActivityThread.handleCreateService:3533 android.app.ActivityThread.access$1300:200 
11-03 10:24:55.476353  1686  1686 V DreamService[AmbientDream]: onBind() intent = Intent { act=android.service.dreams.DreamService flg=0x800000 cmp=com.google.android.wearable.ambient/.AmbientDream }
--------- switch to main
11-03 10:24:55.480381  1686  1686 I AmbientService: [ce6a28c] Ambient Created
--------- switch to system
11-03 10:24:55.481375  1686  1686 V DreamService[AmbientDream]: Calling onDreamingStarted()
--------- switch to main
11-03 10:24:55.481549  1686  1686 I AmbientService: [ce6a28c] doOnDreamingStarted
11-03 10:24:55.482210  1686  1686 D SidekickService: setShouldControlDisplay called: true
11-03 10:24:55.483651  1686  1686 I AmbientService: [ce6a28c] Selected running activity for ambient mode: AmbientActivity[component=ComponentInfo{com.google.android.wearable.app/com.google.android.clockwork.home2.activity.HomeActivity2}, callbacks=@210b385, running=true, ambientRequested=true, ambientEnabled=true, offloadEnabled=true]
11-03 10:24:55.484397  1686  1686 I AmbientService: [ce6a28c] Sidekick is ready to display, requesting doze.
11-03 10:24:55.485063  1686  1686 I AmbientService: [ce6a28c] No auto-resume Activity.
11-03 10:24:55.487005  1686  1686 W DefaultSettingsContentR: Value for ambient_low_bit_enabled not stored as number. Attempting parse as boolean.
11-03 10:24:55.488923  2520  2520 D HOME    : [HomeVisitsLogger]Logging streamlet event: enter_ambient_mode
11-03 10:24:55.489620  2520 11756 D HOME    : [HomeVisitsLogger]Logging streamlet event: visit_end
11-03 10:24:55.489676  2520  2520 D HOME    : [HotwordController]updateClient MODE_WATCH_FACE false true false true
11-03 10:24:55.490864  1686  1686 I AmbientService: [ce6a28c] Showing watch face in offload mode, canceling alarm.
11-03 10:24:55.490972  1686  1686 W AlarmManagerProxy: Removing unknown listener
11-03 10:24:55.491111  1686  1686 D WristGestureCtrl: Stopping detectors: GesturesEnabled-false gestureDetector-false ungazeEnabled-true ungaze-true
11-03 10:24:55.491176  1686  1686 D DefaultUngazeDetector: stopping
11-03 10:24:55.493239   512   512 I sensors-hal: batch:140, android.sensor.accelerometer/48, period=66667000, max_latency=100000000
11-03 10:24:55.494949   512   512 I sensors-hal: batch:149, android.sensor.accelerometer/48, period=66667000, max_latency=100000000 request completed
11-03 10:24:55.530002  2520  2520 D HOME    : [WatchFaceUiController]setInAmbientMode true
11-03 10:24:55.530743  2520 12459 I SidekickManager: replaceWatchFaceComponentsImpl(): watchFace = com.google.android.clockwork.decomposablewatchface.WatchFaceDecomposition@1e9f1b
11-03 10:24:55.532080  2520  2520 D HOME    : [StreamDBQueue]Promised revision #4177 to queue a new op
11-03 10:24:55.532078  1686  9965 D SidekickService: sendWatchFaceComponents called: watchFace = com.google.android.clockwork.decomposablewatchface.WatchFaceDecomposition@99d6767shouldReplace = false
11-03 10:24:55.532299  1686  9965 D SidekickService: Check decomposition for calling app com.google.android.wearable.app with uid 10049
11-03 10:24:55.532344  2520  2520 D WatchStreamManager: Promised rank-blocked=false @ r#4177
11-03 10:24:55.532659  1686  9965 D SidekickService: sendWatchFaceLocked(): shouldReplace = false, mSidekickIsControlling = false, 1 images, 0 fonts, 0 numbers, 0 proportionalFonts, 0 strings
11-03 10:24:55.532725  1686  9965 D SidekickService: ISidekickGraphics#beginResources()...
11-03 10:24:55.532841  2520  2520 D HOME    : [StreamDBQueue]Promised revision #4178 to queue a new op
11-03 10:24:55.532857  2520 11756 D HOME    : [WatchStreamDB]Item alerting conditions - isInterruptive: false, recentlyInterrupted: false, isItemPinned: false, isUnread: false
11-03 10:24:55.533014  2520  2520 D WatchStreamManager: Promised rank-blocked=false @ r#4178
11-03 10:24:55.533136  2520 11756 D HOME    : [StreamAlertingRegulator]isTheaterModeEnabled: false, isAlertingAllowedByOffBody: true, matchesLocalInterruptionFilter: true
11-03 10:24:55.533188  2520 12461 D HOME    : [StreamDBQueue]Promised revision #4179 to queue a new op
11-03 10:24:55.533276  2520 12461 D WatchStreamManager: Promised rerank @ r#4179
11-03 10:24:55.533372  2520 11756 D HOME    : [WatchStreamDB]couldItemAlert: false, isTopItemChanged: false, isDeferralForTopItem: false
11-03 10:24:55.533681  2520  2520 D HOME    : [EventBus]Wrapper pool is full. Discarding excess wrapper instance for event com.google.android.clockwork.sysui.events.KeyguardStateEvent
11-03 10:24:55.533787  2520  2520 D HOME    : [WatchFaceUiController]sendStateToWallpaper
11-03 10:24:55.533765  1686  9965 D SidekickServiceUtils: bitmapFromDrawable: Returning bitmap directly
11-03 10:24:55.534284  2520 11756 D HOME    : [WatchStreamDB]Item alerting conditions - isInterruptive: false, recentlyInterrupted: false, isItemPinned: false, isUnread: false
11-03 10:24:55.534598  2520 11756 D HOME    : [StreamAlertingRegulator]isTheaterModeEnabled: false, isAlertingAllowedByOffBody: true, matchesLocalInterruptionFilter: true
11-03 10:24:55.534827  2520 11756 D HOME    : [WatchStreamDB]couldItemAlert: false, isTopItemChanged: false, isDeferralForTopItem: false
11-03 10:24:55.535314  2520 11756 D HOME    : [WatchStreamDB]updateRanking()
11-03 10:24:55.535420  2520  2520 D HOME    : [EventBus]Wrapper pool is full. Discarding excess wrapper instance for event com.google.android.clockwork.sysui.events.KeyguardStateEvent
11-03 10:24:55.535650  2520  2520 D HOME    : [EventBus]Wrapper pool is full. Discarding excess wrapper instance for event com.google.android.clockwork.sysui.events.KeyguardStateEvent
11-03 10:24:55.535707  2520 11756 D HOME    : [WatchStreamDB]Item alerting conditions - isInterruptive: false, recentlyInterrupted: false, isItemPinned: false, isUnread: false
11-03 10:24:55.535989  2520 11756 D HOME    : [StreamAlertingRegulator]isTheaterModeEnabled: false, isAlertingAllowedByOffBody: true, matchesLocalInterruptionFilter: true
11-03 10:24:55.536265  2520 11756 D HOME    : [WatchStreamDB]couldItemAlert: false, isTopItemChanged: false, isDeferralForTopItem: false
11-03 10:24:55.537025  2520 11756 D HOME    : [NewStreamAdapter]Publishing revision #4179 to adapter clients
11-03 10:24:55.537963  2520 12461 D HOME    : [StreamDBQueue]Promised revision #4180 to queue a new op
11-03 10:24:55.538236  2520 12461 D WatchStreamManager: Promised rerank @ r#4180
11-03 10:24:55.538930  2520 11756 D HOME    : [WatchStreamDB]updateRanking()
11-03 10:24:55.539084  1686  9965 D SidekickService: sendBitmapsLocked(): bounds = RectF(0.47115386, 0.33653846, 0.52884614, 0.39423078), drawableInfo = {.id = 100000, .width = 24, .height = 24, .display = true, .offsetX = 193.0, .offsetY = 137.0, .rotationInfo = {.hasRotation = false, .pivotX = 0.0, .pivotY = 0.0, .degreesPerDay = 0.0, .degreesPerStep = 0.0, .zeroDegreesTime = {.daysSinceLocalEpoch = 0, .msSinceMidnight = 0}}, .transformInfo = {.transformed = false, .flipX = false, .flipY = false, .flip45 = false, .scaleX = 0.0, .scaleY = 0.0}, .type = GENERIC, .blink = {.blinking = false, .periodOnMs = 0.0, .periodOffMs = 0.0, .startTime = {.daysSinceLocalEpoch = 0, .msSinceMidnight = 0}}, .zOrder = 6, .displayInTwm = true}, image.size() = 204
11-03 10:24:55.539644  2520 11756 D HOME    : [WatchStreamDB]Item alerting conditions - isInterruptive: false, recentlyInterrupted: false, isItemPinned: false, isUnread: false
11-03 10:24:55.540029  2520 11756 D HOME    : [StreamAlertingRegulator]isTheaterModeEnabled: false, isAlertingAllowedByOffBody: true, matchesLocalInterruptionFilter: true
11-03 10:24:55.542429  2520  2520 W StaticLayout: maxLineHeight should not be -1.  maxLines:1 lineCount:1
11-03 10:24:55.543540   416   416 D SKGHAL  : saveResource: resId = 100000
11-03 10:24:55.544401  1686  9965 D SidekickService: sendBitmapsLocked(): status = 0, bytesUsed = 267
11-03 10:24:55.544665  1686  9965 D SidekickService: ISidekickGraphics#endResources()...
11-03 10:24:55.544806  2520 11756 D HOME    : [WatchStreamDB]couldItemAlert: false, isTopItemChanged: false, isDeferralForTopItem: false
11-03 10:24:55.545818  2520 11756 D HOME    : [NewStreamAdapter]Publishing revision #4180 to adapter clients
11-03 10:24:55.723802   416   416 D SKGHAL  : sendResources: metadata size = 2400, font size = 72
11-03 10:24:55.764709   416   416 D SKGHAL  : endResources: rc = 0
11-03 10:24:55.765807  1686  1686 W system_server: Long monitor contention with owner Binder:1686_1D (9965) at int com.google.android.clockwork.sidekick.SidekickService$BinderService.sendWatchFace(com.google.android.clockwork.decomposablewatchface.WatchFaceDecomposition, boolean)(SidekickService.java:1021) waiters=0 in boolean com.google.android.clockwork.sidekick.SidekickService$BinderService.readyToDisplay() for 228ms
11-03 10:24:55.766984  2520  2520 D HOME    : [SidekickManagerAsync]replaceWatchFaceComponents(): Callback#onResult(): 0
--------- switch to system
11-03 10:24:55.767347  1686  1686 W Looper  : Slow dispatch took 230ms main h=android.os.Handler c=com.google.android.wearable.ambient.AmbientDream$Callbacks$1@e309914 m=0
--------- switch to main
11-03 10:24:55.767380  2520  2520 D HOME    : [WatchFaceUiController]Complication updates sent, posting watch face hiding
11-03 10:24:55.767453  2520  2520 D HOME    : [WatchFaceUiController]Still in ambient watch face, hiding
11-03 10:24:55.767516  2520  2520 D HOME    : [WatchFaceUiController]Hiding watch face wallpaper.
--------- switch to kernel
11-03 10:24:55.665949     0     0 E FG      : fg_psy_get_property: unsupported property 7
11-03 10:24:55.669221     0     0 W healthd : battery l=16 v=3661 t=29.0 h=2 st=3 c=122 fc=443000 cc=0 chg=
--------- switch to main
11-03 10:24:55.798211  1956  1956 D QtiCarrierConfigHelper: WARNING, no carrier configs on phone Id: 0
11-03 10:24:55.800163  2520  2520 D HOME    : [BatteryChange]action: android.intent.action.BATTERY_CHANGED
11-03 10:24:55.800896  2520 12459 D HOME    : [BatteryChange]HandleBatteryChangedTask
11-03 10:24:55.801429  2520 12459 D HOME    : [BatteryChange]level: 16, status: 3
11-03 10:24:55.804768   512   512 I sensors-hal: activate:107, android.sensor.light/46 en=0
11-03 10:24:55.806789   512   512 I sensors-hal: activate:118, android.sensor.light/46 en=0 completed
--------- switch to system
11-03 10:24:55.819143  1686  1710 I DisplayManagerService: Display device changed state: "cran intgr", DOZE_SUSPEND
--------- switch to main
11-03 10:24:55.875264  1686  1759 I InputReader: Reconfiguring input devices.  changes=0x00000004
11-03 10:24:55.883443   545   545 D SurfaceFlinger: Set power mode=3, type=0 flinger=0xb6bb6000
11-03 10:24:55.884514   504   762 I SDM     : DisplayBase::SetDisplayState: Set state = 3, display 0
11-03 10:24:55.949384   545   545 D SurfaceFlinger: Finished set power mode=3, type=0
--------- switch to kernel
11-03 10:24:55.769265     0     0 I mdss_dsi_panel_set_idle_mode: Idle (0->1)
11-03 10:24:55.789202     0     0 E mdp3_irq_handler: spurious interrupt
11-03 10:24:55.829947     0     0 W mdss_resync_timeline: flush mdss_fb_0:1 TL(Nxt 83928 , Crnt 83927)
11-03 10:24:55.830045     0     0 I         : [touch]FB_BLANK_VSYNC_SUSPEND
11-03 10:24:55.830056     0     0 I         : [touch]irq disable
11-03 10:24:55.830061     0     0 I         : [touch]workqueue is empty!
11-03 10:24:55.830064     0     0 I         : [touch]raydium_ts_do_suspend.
11-03 10:24:55.830085     0     0 I         : [touch]Device may wakeup
--------- switch to main
11-03 10:24:55.951089  1686  1823 I SidekickService: beginDisplayLocked(): DOZE_SUSPEND
--------- switch to kernel
11-03 10:24:55.833049     0     0 I         : [touch]irq enable
--------- switch to main
11-03 10:24:55.953243   416   416 D SKGHAL  : sendAmbientPrepare: enter:
11-03 10:24:55.995049   416   416 D SKGHAL  : sendAmbientEvent: enter: enable = 1
11-03 10:24:55.995832   504   523 I SDM     : DisplayBase::SetDisplayState: Set state = 4, display 0
11-03 10:24:55.995896   504   523 D SDM     : HWCDisplayPrimary::SetStandByMode: Null display is connected successfully
11-03 10:24:55.996069   416   416 D SKGHAL  : standBy_update_control call succeed on 1
11-03 10:24:56.015443   416   416 D SKGHAL  : sendAmbientEvent: done: enable = 1
11-03 10:24:56.016017  1686  1823 D SidekickService:    ... beginDisplay result: 0 for halPower: 1
11-03 10:24:56.020167   512   512 I sensors-hal: activate:107, android.sensor.accelerometer/48 en=0
11-03 10:24:56.021580   512   512 I sensors-hal: activate:118, android.sensor.accelerometer/48 en=0 completed
--------- switch to kernel
11-03 10:24:55.909155     0     0 E bgrsb   : bgrsb_enable: gpio 32 is valid
--------- switch to main
11-03 10:24:56.029388  1686  1799 E WifiStateMachine: getWifiLinkLayerStats called without an interface
11-03 10:24:56.056016  1686  1686 I WearPower: [WearTouchMediator] changing touch input to enabled (ON_AUTO)
