11-03 20:47:35.889798     0     0 I mdss_dsi_panel_set_idle_mode: Idle (1->1)
11-03 20:47:35.930371     0     0 I bgcom   : bgcom_pm_suspend: suspended with : 0
11-03 20:47:35.967250     0     0 I PM      : suspend of devices complete after 87.054 msecs
11-03 20:47:35.972689     0     0 I PM      : late suspend of devices complete after 5.395 msecs
11-03 20:47:35.978643     0     0 I PM      : noirq suspend of devices complete after 5.931 msecs
11-03 20:47:35.978657     0     0 I         : Disabling non-boot CPUs ...
11-03 20:47:35.996211     0     0 W         : IRQ16 no longer affine to CPU1
11-03 20:47:35.996522     0     0 W         : IRQ93 no longer affine to CPU1
11-03 20:47:35.998160     0     0 I CPU1    : shutdown
11-03 20:47:36.000156     0     0 I suspend ns: 749407682970	suspend cycles:      18597341858
11-03 20:47:36.000134     0     0 I CPU0    : msm_cpu_pm_enter_sleep mode:3 during suspend
11-03 20:47:36.000134     0     0 I         : Suspended for 0.481 seconds
11-03 20:47:36.000134     0     0 I resume cycles: 18606592233
11-03 20:47:36.000396     0     0 I         : Enabling non-boot CPUs ...
11-03 20:47:36.001203     0     0 I CPU1    : update cpu_capacity 1024
11-03 20:47:36.002632     0     0 I         : CPU1 is up
11-03 20:47:36.004959     0     0 I CPU1    : update max cpu_capacity 1024
11-03 20:47:36.006461     0     0 I PM      : noirq resume of devices complete after 3.507 msecs
11-03 20:47:36.012231     0     0 I PM      : early resume of devices complete after 4.301 msecs
11-03 20:47:36.013546    20    20 E         : [20:47:36.495334] [00000004550DFD50] [VosRX]  wlan: [E :WDI] WDTS_RxPacketDump RX Data frame is UC
11-03 20:47:36.013567    20    20 E         : [20:47:36.495369] [00000004550DFFBB] [VosRX]  wlan: [E :WDI] WDTS_RxPacketDump: Data subtype:8 SA:44:fe:3b:41:13:4b DA:00:0a:f5:f2:a2:70
11-03 20:47:36.013670    20    20 E         : [20:47:36.495470] [00000004550E0775] [VosRX]  wlan: [E :HDD] hdd_log_ip_addr: src addr 192:168:1:3
11-03 20:47:36.013683    20    20 E         : [20:47:36.495485] [00000004550E087C] [VosRX]  wlan: [E :HDD] hdd_log_ip_addr: dst addr 192:168:1:14
11-03 20:47:36.041942     0     0 I bgcom   : bgcom_pm_resume: Bgcom resumed with : 0
11-03 20:47:36.053409     0     0 I mdss_dsi_panel_set_idle_mode: Idle (1->1)
11-03 20:47:36.089403     0     0 I PM      : resume of devices complete after 77.148 msecs
11-03 20:47:36.092015     0     0 I         : Restarting tasks ...
11-03 20:47:36.094756     0     0 W QSEECOM : qseecom_receive_req: Interrupted: exiting Listener Service = 12288
11-03 20:47:36.097614     0     0 W QSEECOM : qseecom_receive_req: Interrupted: exiting Listener Service = 8192
11-03 20:47:36.097666     0     0 W QSEECOM : qseecom_receive_req: Interrupted: exiting Listener Service = 10
11-03 20:47:36.097701     0     0 W QSEECOM : qseecom_receive_req: Interrupted: exiting Listener Service = 28672
11-03 20:47:36.099187     0     0 I         : done.
11-03 20:47:36.581719     0     0 I PM      : suspend exit 2021-11-03 19:47:36.581719857 UTC
11-03 20:47:36.582716     0     0 W QSEECOM : qseecom_receive_req: Interrupted: exiting Listener Service = 11
11-03 20:47:36.686509     0     0 I PM      : suspend entry 2021-11-03 19:47:36.686509388 UTC
11-03 20:47:36.686523     0     0 I PM      : Syncing filesystems ... done.
11-03 20:47:36.816509     0     0 I         : Freezing user space processes ... (elapsed 0.007 seconds) done.
11-03 20:47:36.823635     0     0 I         : Freezing remaining freezable tasks ... (elapsed 0.003 seconds) done.
11-03 20:47:36.827590     0     0 I         : Suspending console(s) (use no_console_suspend to debug)
11-03 20:47:36.839168     0     0 I mdss_dsi_panel_set_idle_mode: Idle (1->1)
11-03 20:47:36.882201     0     0 I bgcom   : bgcom_pm_suspend: suspended with : 0
11-03 20:47:36.921694     0     0 I PM      : suspend of devices complete after 91.881 msecs
11-03 20:47:36.928053     0     0 I PM      : late suspend of devices complete after 6.316 msecs
11-03 20:47:36.933577     0     0 I PM      : noirq suspend of devices complete after 5.500 msecs
11-03 20:47:36.933590     0     0 I         : Disabling non-boot CPUs ...
11-03 20:47:36.949821     0     0 I CPU1    : shutdown
11-03 20:47:36.951757     0     0 I suspend ns: 749877499429	suspend cycles:      18615612709
11-03 20:47:36.951740     0     0 I CPU0    : msm_cpu_pm_enter_sleep mode:3 during suspend
11-03 20:47:36.951740     0     0 I         : Suspended for 0.757 seconds
11-03 20:47:36.951740     0     0 I resume cycles: 18630167894
11-03 20:47:36.951997     0     0 I         : Enabling non-boot CPUs ...
11-03 20:47:36.952804     0     0 I CPU1    : update cpu_capacity 1024
11-03 20:47:36.954231     0     0 I         : CPU1 is up
11-03 20:47:36.956680     0     0 I CPU1    : update max cpu_capacity 1024
11-03 20:47:36.958065     0     0 I PM      : noirq resume of devices complete after 3.525 msecs
11-03 20:47:36.963979     0     0 I PM      : early resume of devices complete after 4.455 msecs
11-03 20:47:36.965549    20    20 E         : [20:47:37.723633] [000000045675D79B] [VosRX]  wlan: [E :WDI] WDTS_RxPacketDump RX Data frame is UC
11-03 20:47:36.965571    20    20 E         : [20:47:37.723666] [000000045675DA0B] [VosRX]  wlan: [E :WDI] WDTS_RxPacketDump: Data subtype:8 SA:44:fe:3b:41:13:4b DA:00:0a:f5:f2:a2:70
11-03 20:47:36.965666    20    20 E         : [20:47:37.723761] [000000045675E133] [VosRX]  wlan: [E :HDD] hdd_log_ip_addr: src addr 192:168:1:3
11-03 20:47:36.965679    20    20 E         : [20:47:37.723775] [000000045675E246] [VosRX]  wlan: [E :HDD] hdd_log_ip_addr: dst addr 192:168:1:14
11-03 20:47:36.992711     0     0 I bgcom   : bgcom_pm_resume: Bgcom resumed with : 0
11-03 20:47:37.004275     0     0 I mdss_dsi_panel_set_idle_mode: Idle (1->1)
11-03 20:47:37.041229     0     0 I PM      : resume of devices complete after 77.224 msecs
11-03 20:47:37.043915     0     0 I         : Restarting tasks ...
11-03 20:47:37.048055     0     0 W QSEECOM : qseecom_receive_req: Interrupted: exiting Listener Service = 8192
11-03 20:47:37.048126     0     0 W QSEECOM : qseecom_receive_req: Interrupted: exiting Listener Service = 10
11-03 20:47:37.048171     0     0 W QSEECOM : qseecom_receive_req: Interrupted: exiting Listener Service = 28672
11-03 20:47:37.049056     0     0 W QSEECOM : qseecom_receive_req: Interrupted: exiting Listener Service = 12288
11-03 20:47:37.049100     0     0 W QSEECOM : qseecom_receive_req: Interrupted: exiting Listener Service = 11
11-03 20:47:37.049994     0     0 I         : done.
11-03 20:47:37.808807     0     0 I PM      : suspend exit 2021-11-03 19:47:37.808807513 UTC
11-03 20:47:37.913124     0     0 I PM      : suspend entry 2021-11-03 19:47:37.913124075 UTC
11-03 20:47:37.913138     0     0 I PM      : Syncing filesystems ... done.
11-03 20:47:38.009890     0     0 I         : Freezing user space processes ... (elapsed 0.007 seconds) done.
11-03 20:47:38.017439     0     0 I         : Freezing remaining freezable tasks ... (elapsed 0.003 seconds) done.
11-03 20:47:38.021385     0     0 I         : Suspending console(s) (use no_console_suspend to debug)
11-03 20:47:38.033046     0     0 I mdss_dsi_panel_set_idle_mode: Idle (1->1)
11-03 20:47:38.069514     0     0 I bgcom   : bgcom_pm_suspend: suspended with : 0
11-03 20:47:38.106769     0     0 I PM      : suspend of devices complete after 83.162 msecs
11-03 20:47:38.112227     0     0 I PM      : late suspend of devices complete after 5.416 msecs
11-03 20:47:38.118154     0     0 I PM      : noirq suspend of devices complete after 5.902 msecs
11-03 20:47:38.118168     0     0 I         : Disabling non-boot CPUs ...
11-03 20:47:38.135881     0     0 W         : IRQ16 no longer affine to CPU1
11-03 20:47:38.137836     0     0 I CPU1    : shutdown
11-03 20:47:38.139895     0     0 I suspend ns: 750307555367	suspend cycles:      18638424968
11-03 20:47:38.139878     0     0 I CPU0    : msm_cpu_pm_enter_sleep mode:3 during suspend
11-03 20:47:38.140149     0     0 I         : Enabling non-boot CPUs ...
11-03 20:47:38.140963     0     0 I CPU1    : update cpu_capacity 1024
11-03 20:47:38.142376     0     0 I         : CPU1 is up
11-03 20:47:38.144561     0     0 I CPU1    : update max cpu_capacity 1024
11-03 20:47:38.146237     0     0 I PM      : noirq resume of devices complete after 3.550 msecs
11-03 20:47:38.151678     0     0 I PM      : early resume of devices complete after 3.953 msecs
11-03 20:47:38.153099    20    20 E         : [20:47:38.645257] [000000045783D974] [VosRX]  wlan: [E :WDI] WDTS_RxPacketDump RX Data frame is UC
11-03 20:47:38.153119    20    20 E         : [20:47:38.645290] [000000045783DBD6] [VosRX]  wlan: [E :WDI] WDTS_RxPacketDump: Data subtype:8 SA:44:fe:3b:41:13:4b DA:00:0a:f5:f2:a2:70
11-03 20:47:38.153214    20    20 E         : [20:47:38.645383] [000000045783E2E5] [VosRX]  wlan: [E :HDD] hdd_log_ip_addr: src addr 192:168:1:3
11-03 20:47:38.153226    20    20 E         : [20:47:38.645398] [000000045783E3EC] [VosRX]  wlan: [E :HDD] hdd_log_ip_addr: dst addr 192:168:1:14
11-03 20:47:38.182444     0     0 I bgcom   : bgcom_pm_resume: Bgcom resumed with : 0
11-03 20:47:38.192330     0     0 I mdss_dsi_panel_set_idle_mode: Idle (1->1)
11-03 20:47:38.228793     0     0 I PM      : resume of devices complete after 77.071 msecs
11-03 20:47:38.231458     0     0 I         : Restarting tasks ...
11-03 20:47:38.234078     0     0 W QSEECOM : qseecom_receive_req: Interrupted: exiting Listener Service = 10
11-03 20:47:38.237388     0     0 W QSEECOM : qseecom_receive_req: Interrupted: exiting Listener Service = 8192
11-03 20:47:38.237446     0     0 W QSEECOM : qseecom_receive_req: Interrupted: exiting Listener Service = 12288
11-03 20:47:38.237480     0     0 W QSEECOM : qseecom_receive_req: Interrupted: exiting Listener Service = 11
11-03 20:47:38.237512     0     0 W QSEECOM : qseecom_receive_req: Interrupted: exiting Listener Service = 28672
11-03 20:47:38.244576     0     0 I         : done.
11-03 20:47:38.737421     0     0 I PM      : suspend exit 2021-11-03 19:47:38.737421210 UTC
11-03 20:47:38.838886     0     0 I PM      : suspend entry 2021-11-03 19:47:38.838886991 UTC
11-03 20:47:38.838900     0     0 I PM      : Syncing filesystems ... done.
11-03 20:47:38.941063     0     0 I         : Freezing user space processes ... (elapsed 0.007 seconds) done.
11-03 20:47:38.948143     0     0 I         : Freezing remaining freezable tasks ... (elapsed 0.003 seconds) done.
11-03 20:47:38.952043     0     0 I         : Suspending console(s) (use no_console_suspend to debug)
11-03 20:47:38.964645     0     0 I mdss_dsi_panel_set_idle_mode: Idle (1->1)
11-03 20:47:39.001984     0     0 I bgcom   : bgcom_pm_suspend: suspended with : 0
11-03 20:47:39.039544     0     0 I PM      : suspend of devices complete after 85.276 msecs
11-03 20:47:39.045223     0     0 I PM      : late suspend of devices complete after 5.636 msecs
11-03 20:47:39.051069     0     0 I PM      : noirq suspend of devices complete after 5.818 msecs
11-03 20:47:39.051082     0     0 I         : Disabling non-boot CPUs ...
11-03 20:47:39.069845     0     0 I CPU1    : shutdown
11-03 20:47:39.071796     0     0 I suspend ns: 750747295316	suspend cycles:      18656317393
11-03 20:47:39.071776     0     0 I CPU0    : msm_cpu_pm_enter_sleep mode:3 during suspend
11-03 20:47:39.071776     0     0 I         : Suspended for 0.792 seconds
11-03 20:47:39.071776     0     0 I resume cycles: 18671543438
11-03 20:47:39.072037     0     0 I         : Enabling non-boot CPUs ...
11-03 20:47:39.072854     0     0 I CPU1    : update cpu_capacity 1024
11-03 20:47:39.074273     0     0 I         : CPU1 is up
11-03 20:47:39.076589     0     0 I CPU1    : update max cpu_capacity 1024
11-03 20:47:39.078039     0     0 I PM      : noirq resume of devices complete after 3.460 msecs
11-03 20:47:39.083296     0     0 I PM      : early resume of devices complete after 3.779 msecs
11-03 20:47:39.084511    20    20 E         : [20:47:39.877534] [0000000458ECDE40] [VosRX]  wlan: [E :WDI] WDTS_RxPacketDump RX Data frame is UC
11-03 20:47:39.084532    20    20 E         : [20:47:39.877568] [0000000458ECE0B5] [VosRX]  wlan: [E :WDI] WDTS_RxPacketDump: Data subtype:8 SA:44:fe:3b:41:13:4b DA:00:0a:f5:f2:a2:70
11-03 20:47:39.084630    20    20 E         : [20:47:39.877664] [0000000458ECE7F6] [VosRX]  wlan: [E :HDD] hdd_log_ip_addr: src addr 192:168:1:3
11-03 20:47:39.084644    20    20 E         : [20:47:39.877680] [0000000458ECE91B] [VosRX]  wlan: [E :HDD] hdd_log_ip_addr: dst addr 192:168:1:14
11-03 20:47:39.112031     0     0 I bgcom   : bgcom_pm_resume: Bgcom resumed with : 0
11-03 20:47:39.123423     0     0 I mdss_dsi_panel_set_idle_mode: Idle (1->1)
11-03 20:47:39.160756     0     0 I PM      : resume of devices complete after 77.432 msecs
11-03 20:47:39.163372     0     0 I         : Restarting tasks ...
11-03 20:47:39.166155     0     0 W QSEECOM : qseecom_receive_req: Interrupted: exiting Listener Service = 8192
11-03 20:47:39.166209     0     0 W QSEECOM : qseecom_receive_req: Interrupted: exiting Listener Service = 10
11-03 20:47:39.169185     0     0 W QSEECOM : qseecom_receive_req: Interrupted: exiting Listener Service = 12288
11-03 20:47:39.169240     0     0 W QSEECOM : qseecom_receive_req: Interrupted: exiting Listener Service = 11
11-03 20:47:39.169272     0     0 W QSEECOM : qseecom_receive_req: Interrupted: exiting Listener Service = 28672
11-03 20:47:39.170126     0     0 I         : done.
11-03 20:47:39.963892     0     0 I PM      : suspend exit 2021-11-03 19:47:39.963892771 UTC
11-03 20:47:40.068078     0     0 I PM      : suspend entry 2021-11-03 19:47:40.068078135 UTC
11-03 20:47:40.068091     0     0 I PM      : Syncing filesystems ... done.
11-03 20:47:40.169756     0     0 I         : Freezing user space processes ... (elapsed 0.007 seconds) done.
11-03 20:47:40.177258     0     0 I         : Freezing remaining freezable tasks ... (elapsed 0.003 seconds) done.
11-03 20:47:40.181214     0     0 I         : Suspending console(s) (use no_console_suspend to debug)
11-03 20:47:40.193045     0     0 I mdss_dsi_panel_set_idle_mode: Idle (1->1)
11-03 20:47:40.234079     0     0 I bgcom   : bgcom_pm_suspend: suspended with : 0
11-03 20:47:40.271125     0     0 I PM      : suspend of devices complete after 87.683 msecs
11-03 20:47:40.276788     0     0 I PM      : late suspend of devices complete after 5.618 msecs
11-03 20:47:40.282695     0     0 I PM      : noirq suspend of devices complete after 5.881 msecs
11-03 20:47:40.282707     0     0 I         : Disabling non-boot CPUs ...
11-03 20:47:40.312593     0     0 I CPU1    : shutdown
11-03 20:47:40.314555     0     0 I suspend ns: 751197032765	suspend cycles:      18680178397
11-03 20:47:40.314536     0     0 I CPU0    : msm_cpu_pm_enter_sleep mode:3 during suspend
11-03 20:47:40.314536     0     0 I         : Suspended for 0.776 seconds
11-03 20:47:40.314536     0     0 I resume cycles: 18695085090
11-03 20:47:40.314796     0     0 I         : Enabling non-boot CPUs ...
11-03 20:47:40.315601     0     0 I CPU1    : update cpu_capacity 1024
11-03 20:47:40.317010     0     0 I         : CPU1 is up
11-03 20:47:40.319535     0     0 I CPU1    : update max cpu_capacity 1024
11-03 20:47:40.320882     0     0 I PM      : noirq resume of devices complete after 3.549 msecs
11-03 20:47:40.326116     0     0 I PM      : early resume of devices complete after 3.759 msecs
11-03 20:47:40.327376    20    20 E         : [20:47:41.103768] [000000045A541DB6] [VosRX]  wlan: [E :WDI] WDTS_RxPacketDump RX Data frame is UC
11-03 20:47:40.327397    20    20 E         : [20:47:41.103800] [000000045A542018] [VosRX]  wlan: [E :WDI] WDTS_RxPacketDump: Data subtype:8 SA:44:fe:3b:41:13:4b DA:00:0a:f5:f2:a2:70
11-03 20:47:40.327495    20    20 E         : [20:47:41.103896] [000000045A54276E] [VosRX]  wlan: [E :HDD] hdd_log_ip_addr: src addr 192:168:1:3
11-03 20:47:40.327508    20    20 E         : [20:47:41.103912] [000000045A542881] [VosRX]  wlan: [E :HDD] hdd_log_ip_addr: dst addr 192:168:1:14
11-03 20:47:40.356745     0     0 I bgcom   : bgcom_pm_resume: Bgcom resumed with : 0
11-03 20:47:40.368220     0     0 I mdss_dsi_panel_set_idle_mode: Idle (1->1)
11-03 20:47:40.403742     0     0 I PM      : resume of devices complete after 77.596 msecs
11-03 20:47:40.406404     0     0 I         : Restarting tasks ...
11-03 20:47:40.408814     0     0 W QSEECOM : qseecom_receive_req: Interrupted: exiting Listener Service = 8192
11-03 20:47:40.408867     0     0 W QSEECOM : qseecom_receive_req: Interrupted: exiting Listener Service = 12288
11-03 20:47:40.408898     0     0 W QSEECOM : qseecom_receive_req: Interrupted: exiting Listener Service = 10
11-03 20:47:40.412277     0     0 W QSEECOM : qseecom_receive_req: Interrupted: exiting Listener Service = 11
11-03 20:47:40.412337     0     0 W QSEECOM : qseecom_receive_req: Interrupted: exiting Listener Service = 28672
11-03 20:47:40.419650     0     0 I         : done.
11-03 20:47:41.196727     0     0 I PM      : suspend exit 2021-11-03 19:47:41.196727510 UTC
11-03 20:47:41.297340     0     0 I PM      : suspend entry 2021-11-03 19:47:41.297340427 UTC
11-03 20:47:41.297354     0     0 I PM      : Syncing filesystems ... done.
11-03 20:47:41.395580     0     0 I         : Freezing user space processes ... (elapsed 0.007 seconds) done.
11-03 20:47:41.403079     0     0 I         : Freezing remaining freezable tasks ... (elapsed 0.004 seconds) done.
11-03 20:47:41.407123     0     0 I         : Suspending console(s) (use no_console_suspend to debug)
11-03 20:47:41.418717     0     0 I mdss_dsi_panel_set_idle_mode: Idle (1->1)
11-03 20:47:41.460701     0     0 I bgcom   : bgcom_pm_suspend: suspended with : 0
11-03 20:47:41.462121     0     0 E dpm_run_callback(): platform_pm_suspend+0x0/0x50 returns -16
11-03 20:47:41.462128     0     0 E PM      : Device alarmtimer failed to suspend: error -16
11-03 20:47:41.475250     0     0 E PM      : Some devices failed to suspend, or early wake event detected
11-03 20:47:41.478683     0     0 I bgcom   : bgcom_pm_resume: Bgcom resumed with : 0
11-03 20:47:41.487629     0     0 I mdss_dsi_panel_set_idle_mode: Idle (1->1)
11-03 20:47:41.531148     0     0 I PM      : resume of devices complete after 55.866 msecs
11-03 20:47:41.535290     0     0 I         : Restarting tasks ...
11-03 20:47:41.537975     0     0 W QSEECOM : qseecom_receive_req: Interrupted: exiting Listener Service = 8192
11-03 20:47:41.538039     0     0 W QSEECOM : qseecom_receive_req: Interrupted: exiting Listener Service = 11
11-03 20:47:41.538080     0     0 W QSEECOM : qseecom_receive_req: Interrupted: exiting Listener Service = 10
11-03 20:47:41.538108     0     0 W QSEECOM : qseecom_receive_req: Interrupted: exiting Listener Service = 28672
11-03 20:47:41.542430     0     0 W QSEECOM : qseecom_receive_req: Interrupted: exiting Listener Service = 12288
11-03 20:47:41.543892     0     0 I         : done.
11-03 20:47:41.544581     0     0 I PM      : suspend exit 2021-11-03 19:47:41.544581104 UTC
--------- switch to main
11-03 20:47:41.749219  4877  4951 I PlayCommon: [298] udi.i(22): Preparing logs for uploading
11-03 20:47:41.755727  4877  4951 I PlayCommon: [298] udi.i(133): Connecting to server for timestamp: https://play.googleapis.com/play/log/timestamp
--------- switch to kernel
11-03 20:47:42.298218     0     0 E FG      : fg_psy_get_property: unsupported property 7
11-03 20:47:42.263163     0     0 W healthd : battery l=20 v=3951 t=39.0 h=2 st=2 c=-287 fc=443000 cc=0 chg=a
11-03 20:47:43.457274     0     0 I PM      : suspend entry 2021-11-03 19:47:43.457274332 UTC
11-03 20:47:43.457295     0     0 I PM      : Syncing filesystems ... done.
11-03 20:47:43.570047     0     0 I         : Freezing user space processes ... (elapsed 0.010 seconds) done.
11-03 20:47:43.581054     0     0 I         : Freezing remaining freezable tasks ... (elapsed 0.006 seconds) done.
11-03 20:47:43.587321     0     0 I         : Suspending console(s) (use no_console_suspend to debug)
11-03 20:47:43.593764     0     0 I PM      : Wakeup pending, aborting suspend
11-03 20:47:43.593775     0     0 I         : active wakeup source: qcom_rx_wakelock
11-03 20:47:43.594732     0     0 E PM      : Some devices failed to suspend, or early wake event detected
11-03 20:47:43.596597     0     0 I PM      : resume of devices complete after 1.836 msecs
11-03 20:47:43.600928     0     0 I         : Restarting tasks ...
11-03 20:47:43.603069     0     0 W QSEECOM : qseecom_receive_req: Interrupted: exiting Listener Service = 8192
11-03 20:47:43.603153     0     0 W QSEECOM : qseecom_receive_req: Interrupted: exiting Listener Service = 11
11-03 20:47:43.603196     0     0 W QSEECOM : qseecom_receive_req: Interrupted: exiting Listener Service = 10
11-03 20:47:43.603230     0     0 W QSEECOM : qseecom_receive_req: Interrupted: exiting Listener Service = 28672
11-03 20:47:43.608571     0     0 W QSEECOM : qseecom_receive_req: Interrupted: exiting Listener Service = 12288
11-03 20:47:43.609711     0     0 I         : done.
11-03 20:47:43.610727     0     0 I PM      : suspend exit 2021-11-03 19:47:43.610727353 UTC
--------- switch to main
11-03 20:47:43.793950  4877  4951 W PlayCommon: [298] udi.m(1): No account for auth token provided
11-03 20:47:43.796942  4877  4951 I PlayCommon: [298] udi.i(167): Connecting to server: https://play.googleapis.com/play/log?format=raw&proto_v2=true
11-03 20:47:43.888682  4877  4951 I PlayCommon: [298] udi.i(199): Successfully uploaded logs.
--------- switch to kernel
11-03 20:47:44.013622     0     0 I PM      : suspend entry 2021-11-03 19:47:44.013622301 UTC
11-03 20:47:44.013644     0     0 I PM      : Syncing filesystems ... done.
11-03 20:47:44.045379     0     0 I         : Freezing user space processes ... (elapsed 0.010 seconds) done.
11-03 20:47:44.056165     0     0 I         : Freezing remaining freezable tasks ... (elapsed 0.006 seconds) done.
11-03 20:47:44.062301     0     0 I         : Suspending console(s) (use no_console_suspend to debug)
11-03 20:47:44.077370     0     0 I mdss_dsi_panel_set_idle_mode: Idle (1->1)
11-03 20:47:44.121489     0     0 I bgcom   : bgcom_pm_suspend: suspended with : 0
11-03 20:47:44.151430     0     0 I PM      : suspend of devices complete after 84.825 msecs
11-03 20:47:44.157635     0     0 I PM      : late suspend of devices complete after 6.162 msecs
11-03 20:47:44.163228     0     0 I PM      : noirq suspend of devices complete after 5.568 msecs
11-03 20:47:44.163239     0     0 I         : Disabling non-boot CPUs ...
11-03 20:47:44.177093     0     0 W migrate_irqs: 2 callbacks suppressed
11-03 20:47:44.177102     0     0 W         : IRQ21 no longer affine to CPU1
11-03 20:47:44.178972     0     0 I CPU1    : shutdown
11-03 20:47:44.181158     0     0 I suspend ns: 754287252514	suspend cycles:      18754417309
11-03 20:47:44.181136     0     0 I CPU0    : msm_cpu_pm_enter_sleep mode:3 during suspend
11-03 20:47:44.181136     0     0 I         : Suspended for 0.594 seconds
11-03 20:47:44.181136     0     0 I resume cycles: 18765835373
11-03 20:47:44.181395     0     0 I         : Enabling non-boot CPUs ...
11-03 20:47:44.182208     0     0 I CPU1    : update cpu_capacity 1024
11-03 20:47:44.183602     0     0 I         : CPU1 is up
11-03 20:47:44.185735     0     0 I CPU1    : update max cpu_capacity 1024
11-03 20:47:44.187409     0     0 I PM      : noirq resume of devices complete after 3.488 msecs
11-03 20:47:44.192837     0     0 I PM      : early resume of devices complete after 3.952 msecs
11-03 20:47:44.194308    20    20 E         : [20:47:44.789011] [000000045E8BC6F3] [VosRX]  wlan: [E :WDI] WDTS_RxPacketDump RX Data frame is UC
11-03 20:47:44.194330    20    20 E         : [20:47:44.789045] [000000045E8BC96E] [VosRX]  wlan: [E :WDI] WDTS_RxPacketDump: Data subtype:8 SA:44:fe:3b:41:13:4b DA:00:0a:f5:f2:a2:70
11-03 20:47:44.194422    20    20 E         : [20:47:44.789135] [000000045E8BD048] [VosRX]  wlan: [E :HDD] hdd_log_ip_addr: src addr 192:168:1:3
11-03 20:47:44.194434    20    20 E         : [20:47:44.789149] [000000045E8BD148] [VosRX]  wlan: [E :HDD] hdd_log_ip_addr: dst addr 192:168:1:14
11-03 20:47:44.222410     0     0 I bgcom   : bgcom_pm_resume: Bgcom resumed with : 0
11-03 20:47:44.233882     0     0 I mdss_dsi_panel_set_idle_mode: Idle (1->1)
11-03 20:47:44.269940     0     0 I PM      : resume of devices complete after 77.074 msecs
11-03 20:47:44.272563     0     0 I         : Restarting tasks ...
11-03 20:47:44.275195     0     0 W QSEECOM : qseecom_receive_req: Interrupted: exiting Listener Service = 8192
11-03 20:47:44.275252     0     0 W QSEECOM : qseecom_receive_req: Interrupted: exiting Listener Service = 12288
11-03 20:47:44.275300     0     0 W QSEECOM : qseecom_receive_req: Interrupted: exiting Listener Service = 11
11-03 20:47:44.275329     0     0 W QSEECOM : qseecom_receive_req: Interrupted: exiting Listener Service = 10
11-03 20:47:44.275359     0     0 W QSEECOM : qseecom_receive_req: Interrupted: exiting Listener Service = 28672
11-03 20:47:44.282352     0     0 I         : done.
11-03 20:47:44.877763     0     0 I PM      : suspend exit 2021-11-03 19:47:44.877763394 UTC
11-03 20:47:44.979222     0     0 I PM      : suspend entry 2021-11-03 19:47:44.979222925 UTC
11-03 20:47:44.979235     0     0 I PM      : Syncing filesystems ... done.
11-03 20:47:45.079018     0     0 I         : Freezing user space processes ... (elapsed 0.007 seconds) done.
11-03 20:47:45.086481     0     0 I         : Freezing remaining freezable tasks ... (elapsed 0.004 seconds) done.
11-03 20:47:45.090656     0     0 I         : Suspending console(s) (use no_console_suspend to debug)
11-03 20:47:45.103665     0     0 I mdss_dsi_panel_set_idle_mode: Idle (1->1)
11-03 20:47:45.145054     0     0 I bgcom   : bgcom_pm_suspend: suspended with : 0
11-03 20:47:45.182285     0     0 I PM      : suspend of devices complete after 89.358 msecs
11-03 20:47:45.188276     0     0 I PM      : late suspend of devices complete after 5.948 msecs
11-03 20:47:45.194085     0     0 I PM      : noirq suspend of devices complete after 5.785 msecs
11-03 20:47:45.194097     0     0 I         : Disabling non-boot CPUs ...
11-03 20:47:45.211641     0     0 W         : IRQ16 no longer affine to CPU1
11-03 20:47:45.211925     0     0 W         : IRQ93 no longer affine to CPU1
11-03 20:47:45.213526     0     0 I CPU1    : shutdown
11-03 20:47:45.215408     0     0 I suspend ns: 754726802098	suspend cycles:      18774274725
11-03 20:47:45.215387     0     0 I CPU0    : msm_cpu_pm_enter_sleep mode:3 during suspend
11-03 20:47:45.215387     0     0 I         : Suspended for 1.097 seconds
11-03 20:47:45.215387     0     0 I resume cycles: 18795344104
11-03 20:47:45.215641     0     0 I         : Enabling non-boot CPUs ...
11-03 20:47:45.216453     0     0 I CPU1    : update cpu_capacity 1024
11-03 20:47:45.217881     0     0 I         : CPU1 is up
11-03 20:47:45.220308     0     0 I CPU1    : update max cpu_capacity 1024
11-03 20:47:45.221649     0     0 I PM      : noirq resume of devices complete after 3.453 msecs
11-03 20:47:45.226865     0     0 I PM      : early resume of devices complete after 3.737 msecs
11-03 20:47:45.228141    20    20 E         : [20:47:46.325506] [00000004604DEC1A] [VosRX]  wlan: [E :WDI] WDTS_RxPacketDump RX Data frame is UC
11-03 20:47:45.228163    20    20 E         : [20:47:46.325538] [00000004604DEE7A] [VosRX]  wlan: [E :WDI] WDTS_RxPacketDump: Data subtype:8 SA:44:fe:3b:41:13:4b DA:00:0a:f5:f2:a2:70
11-03 20:47:45.228261    20    20 E         : [20:47:46.325636] [00000004604DF5D7] [VosRX]  wlan: [E :HDD] hdd_log_ip_addr: src addr 192:168:1:3
11-03 20:47:45.228274    20    20 E         : [20:47:46.325651] [00000004604DF6E8] [VosRX]  wlan: [E :HDD] hdd_log_ip_addr: dst addr 192:168:1:14
11-03 20:47:45.255218     0     0 I bgcom   : bgcom_pm_resume: Bgcom resumed with : 0
11-03 20:47:45.266625     0     0 I mdss_dsi_panel_set_idle_mode: Idle (1->1)
11-03 20:47:45.304842     0     0 I PM      : resume of devices complete after 77.951 msecs
11-03 20:47:45.307475     0     0 I         : Restarting tasks ...
11-03 20:47:45.309933     0     0 W QSEECOM : qseecom_receive_req: Interrupted: exiting Listener Service = 12288
11-03 20:47:45.309995     0     0 W QSEECOM : qseecom_receive_req: Interrupted: exiting Listener Service = 10
11-03 20:47:45.310034     0     0 W QSEECOM : qseecom_receive_req: Interrupted: exiting Listener Service = 28672
11-03 20:47:45.313381     0     0 W QSEECOM : qseecom_receive_req: Interrupted: exiting Listener Service = 8192
11-03 20:47:45.313439     0     0 W QSEECOM : qseecom_receive_req: Interrupted: exiting Listener Service = 11
11-03 20:47:45.320513     0     0 I         : done.
11-03 20:47:46.418549     0     0 I PM      : suspend exit 2021-11-03 19:47:46.418549851 UTC
11-03 20:47:46.520021     0     0 I PM      : suspend entry 2021-11-03 19:47:46.520021309 UTC
11-03 20:47:46.520035     0     0 I PM      : Syncing filesystems ... done.
11-03 20:47:46.619555     0     0 I         : Freezing user space processes ... (elapsed 0.007 seconds) done.
11-03 20:47:46.626778     0     0 I         : Freezing remaining freezable tasks ... (elapsed 0.004 seconds) done.
11-03 20:47:46.630887     0     0 I         : Suspending console(s) (use no_console_suspend to debug)
11-03 20:47:46.642366     0     0 I mdss_dsi_panel_set_idle_mode: Idle (1->1)
11-03 20:47:46.683023     0     0 I bgcom   : bgcom_pm_suspend: suspended with : 0
11-03 20:47:46.720561     0     0 I PM      : suspend of devices complete after 87.456 msecs
11-03 20:47:46.726195     0     0 I PM      : late suspend of devices complete after 5.590 msecs
11-03 20:47:46.732105     0     0 I PM      : noirq suspend of devices complete after 5.884 msecs
11-03 20:47:46.732117     0     0 I         : Disabling non-boot CPUs ...
11-03 20:47:46.750834     0     0 I CPU1    : shutdown
11-03 20:47:46.752802     0     0 I suspend ns: 755166831630	suspend cycles:      18803792671
11-03 20:47:46.752781     0     0 I CPU0    : msm_cpu_pm_enter_sleep mode:3 during suspend
11-03 20:47:46.752781     0     0 I         : Suspended for 0.173 seconds
11-03 20:47:46.752781     0     0 I resume cycles: 18807119358
11-03 20:47:46.753035     0     0 I         : Enabling non-boot CPUs ...
11-03 20:47:46.753857     0     0 I CPU1    : update cpu_capacity 1024
11-03 20:47:46.755249     0     0 I         : CPU1 is up
11-03 20:47:46.757548     0     0 I CPU1    : update max cpu_capacity 1024
11-03 20:47:46.759029     0     0 I PM      : noirq resume of devices complete after 3.472 msecs
11-03 20:47:46.764781     0     0 I PM      : early resume of devices complete after 4.277 msecs
11-03 20:47:46.766459    20    20 E         : [20:47:46.939721] [000000046101DE4A] [VosRX]  wlan: [E :WDI] WDTS_RxPacketDump RX Data frame is UC
11-03 20:47:46.766481    20    20 E         : [20:47:46.939757] [000000046101E0E2] [VosRX]  wlan: [E :WDI] WDTS_RxPacketDump: Data subtype:8 SA:44:fe:3b:41:13:4b DA:00:0a:f5:f2:a2:70
11-03 20:47:46.766578    20    20 E         : [20:47:46.939852] [000000046101E81D] [VosRX]  wlan: [E :HDD] hdd_log_ip_addr: src addr 192:168:1:3
11-03 20:47:46.766591    20    20 E         : [20:47:46.939869] [000000046101E93A] [VosRX]  wlan: [E :HDD] hdd_log_ip_addr: dst addr 192:168:1:14
11-03 20:47:46.794510     0     0 I bgcom   : bgcom_pm_resume: Bgcom resumed with : 0
11-03 20:47:46.805757     0     0 I mdss_dsi_panel_set_idle_mode: Idle (1->1)
11-03 20:47:46.842001     0     0 I PM      : resume of devices complete after 77.195 msecs
11-03 20:47:46.844627     0     0 I         : Restarting tasks ...
11-03 20:47:46.847319     0     0 W QSEECOM : qseecom_receive_req: Interrupted: exiting Listener Service = 8192
11-03 20:47:46.847378     0     0 W QSEECOM : qseecom_receive_req: Interrupted: exiting Listener Service = 11
11-03 20:47:46.850082     0     0 W QSEECOM : qseecom_receive_req: Interrupted: exiting Listener Service = 12288
11-03 20:47:46.850139     0     0 W QSEECOM : qseecom_receive_req: Interrupted: exiting Listener Service = 10
11-03 20:47:46.850172     0     0 W QSEECOM : qseecom_receive_req: Interrupted: exiting Listener Service = 28672
11-03 20:47:46.851217     0     0 I         : done.
11-03 20:47:47.025340     0     0 I PM      : suspend exit 2021-11-03 19:47:47.025340110 UTC
11-03 20:47:47.129777     0     0 I PM      : suspend entry 2021-11-03 19:47:47.129777193 UTC
11-03 20:47:47.129789     0     0 I PM      : Syncing filesystems ... done.
11-03 20:47:47.230791     0     0 I         : Freezing user space processes ... (elapsed 0.007 seconds) done.
11-03 20:47:47.238231     0     0 I         : Freezing remaining freezable tasks ... (elapsed 0.003 seconds) done.
11-03 20:47:47.242242     0     0 I         : Suspending console(s) (use no_console_suspend to debug)
11-03 20:47:47.255275     0     0 I mdss_dsi_panel_set_idle_mode: Idle (1->1)
11-03 20:47:47.295575     0     0 I bgcom   : bgcom_pm_suspend: suspended with : 0
11-03 20:47:47.332402     0     0 I PM      : suspend of devices complete after 87.933 msecs
11-03 20:47:47.338012     0     0 I PM      : late suspend of devices complete after 5.564 msecs
11-03 20:47:47.343897     0     0 I PM      : noirq suspend of devices complete after 5.857 msecs
11-03 20:47:47.343909     0     0 I         : Disabling non-boot CPUs ...
11-03 20:47:47.361982     0     0 W         : IRQ16 no longer affine to CPU1
11-03 20:47:47.361994     0     0 W         : IRQ21 no longer affine to CPU1
11-03 20:47:47.362269     0     0 W         : IRQ93 no longer affine to CPU1
11-03 20:47:47.363935     0     0 I CPU1    : shutdown
11-03 20:47:47.365852     0     0 I suspend ns: 755606622725	suspend cycles:      18815563347
11-03 20:47:47.365835     0     0 I CPU0    : msm_cpu_pm_enter_sleep mode:3 during suspend
11-03 20:47:47.365835     0     0 I         : Suspended for 1.403 seconds
11-03 20:47:47.365835     0     0 I resume cycles: 18842516101
11-03 20:47:47.366090     0     0 I         : Enabling non-boot CPUs ...
11-03 20:47:47.366898     0     0 I CPU1    : update cpu_capacity 1024
11-03 20:47:47.368315     0     0 I         : CPU1 is up
11-03 20:47:47.370677     0     0 I CPU1    : update max cpu_capacity 1024
11-03 20:47:47.372104     0     0 I PM      : noirq resume of devices complete after 3.467 msecs
11-03 20:47:47.377313     0     0 I PM      : early resume of devices complete after 3.745 msecs
11-03 20:47:47.378553    20    20 E         : [20:47:48.782345] [00000004631DB31C] [VosRX]  wlan: [E :WDI] WDTS_RxPacketDump RX Data frame is UC
11-03 20:47:47.378574    20    20 E         : [20:47:48.782376] [00000004631DB54B] [VosRX]  wlan: [E :WDI] WDTS_RxPacketDump: Data subtype:8 SA:44:fe:3b:41:13:4b DA:00:0a:f5:f2:a2:70
11-03 20:47:47.378674    20    20 E         : [20:47:48.782474] [00000004631DBCC4] [VosRX]  wlan: [E :HDD] hdd_log_ip_addr: src addr 192:168:1:3
11-03 20:47:47.378688    20    20 E         : [20:47:48.782491] [00000004631DBDF3] [VosRX]  wlan: [E :HDD] hdd_log_ip_addr: dst addr 192:168:1:14
11-03 20:47:47.406348     0     0 I bgcom   : bgcom_pm_resume: Bgcom resumed with : 0
11-03 20:47:47.417464     0     0 I mdss_dsi_panel_set_idle_mode: Idle (1->1)
11-03 20:47:47.455190     0     0 I PM      : resume of devices complete after 77.849 msecs
11-03 20:47:47.457813     0     0 I         : Restarting tasks ...
11-03 20:47:47.460430     0     0 W QSEECOM : qseecom_receive_req: Interrupted: exiting Listener Service = 12288
11-03 20:47:47.460497     0     0 W QSEECOM : qseecom_receive_req: Interrupted: exiting Listener Service = 10
11-03 20:47:47.463429     0     0 W QSEECOM : qseecom_receive_req: Interrupted: exiting Listener Service = 8192
11-03 20:47:47.463485     0     0 W QSEECOM : qseecom_receive_req: Interrupted: exiting Listener Service = 11
11-03 20:47:47.463518     0     0 W QSEECOM : qseecom_receive_req: Interrupted: exiting Listener Service = 28672
11-03 20:47:47.470745     0     0 I         : done.
11-03 20:47:48.875240     0     0 I PM      : suspend exit 2021-11-03 19:47:48.875240890 UTC
11-03 20:47:48.976689     0     0 I PM      : suspend entry 2021-11-03 19:47:48.976689588 UTC
11-03 20:47:48.976704     0     0 I PM      : Syncing filesystems ... done.
11-03 20:47:49.076961     0     0 I         : Freezing user space processes ... (elapsed 0.007 seconds) done.
11-03 20:47:49.084083     0     0 I         : Freezing remaining freezable tasks ... (elapsed 0.004 seconds) done.
11-03 20:47:49.088285     0     0 I         : Suspending console(s) (use no_console_suspend to debug)
11-03 20:47:49.099938     0     0 I mdss_dsi_panel_set_idle_mode: Idle (1->1)
11-03 20:47:49.139789     0     0 I bgcom   : bgcom_pm_suspend: suspended with : 0
11-03 20:47:49.177439     0     0 I PM      : suspend of devices complete after 86.934 msecs
11-03 20:47:49.183438     0     0 I PM      : late suspend of devices complete after 5.956 msecs
11-03 20:47:49.189303     0     0 I PM      : noirq suspend of devices complete after 5.839 msecs
11-03 20:47:49.189313     0     0 I         : Disabling non-boot CPUs ...
11-03 20:47:49.207607     0     0 I CPU1    : shutdown
11-03 20:47:49.209588     0     0 I suspend ns: 756046565851	suspend cycles:      18850963009
11-03 20:47:49.209569     0     0 I CPU0    : msm_cpu_pm_enter_sleep mode:3 during suspend
11-03 20:47:49.209569     0     0 I         : Suspended for 0.481 seconds
11-03 20:47:49.209569     0     0 I resume cycles: 18860211515
11-03 20:47:49.209823     0     0 I         : Enabling non-boot CPUs ...
11-03 20:47:49.210643     0     0 I CPU1    : update cpu_capacity 1024
11-03 20:47:49.212067     0     0 I         : CPU1 is up
11-03 20:47:49.214356     0     0 I CPU1    : update max cpu_capacity 1024
11-03 20:47:49.215873     0     0 I PM      : noirq resume of devices complete after 3.491 msecs
11-03 20:47:49.221074     0     0 I PM      : early resume of devices complete after 3.723 msecs
11-03 20:47:49.222396    20    20 E         : [20:47:49.704035] [00000004642BB9C6] [VosRX]  wlan: [E :WDI] WDTS_RxPacketDump RX Data frame is UC
11-03 20:47:49.222421    20    20 E         : [20:47:49.704125] [00000004642BC07D] [VosRX]  wlan: [E :WDI] WDTS_RxPacketDump: Data subtype:8 SA:44:fe:3b:41:13:4b DA:00:0a:f5:f2:a2:70
11-03 20:47:49.222520    20    20 E         : [20:47:49.704222] [00000004642BC7D1] [VosRX]  wlan: [E :HDD] hdd_log_ip_addr: src addr 192:168:1:1
11-03 20:47:49.222533    20    20 E         : [20:47:49.704238] [00000004642BC8F7] [VosRX]  wlan: [E :HDD] hdd_log_ip_addr: dst addr 192:168:1:14
11-03 20:47:49.250465     0     0 I bgcom   : bgcom_pm_resume: Bgcom resumed with : 0
11-03 20:47:49.261942     0     0 I mdss_dsi_panel_set_idle_mode: Idle (1->1)
11-03 20:47:49.298857     0     0 I PM      : resume of devices complete after 77.758 msecs
11-03 20:47:49.301485     0     0 I         : Restarting tasks ...
11-03 20:47:49.304159     0     0 W QSEECOM : qseecom_receive_req: Interrupted: exiting Listener Service = 12288
11-03 20:47:49.304460     0     0 W QSEECOM : qseecom_receive_req: Interrupted: exiting Listener Service = 28672
11-03 20:47:49.307437     0     0 W QSEECOM : qseecom_receive_req: Interrupted: exiting Listener Service = 8192
11-03 20:47:49.307492     0     0 W QSEECOM : qseecom_receive_req: Interrupted: exiting Listener Service = 10
11-03 20:47:49.310516     0     0 W QSEECOM : qseecom_receive_req: Interrupted: exiting Listener Service = 11
11-03 20:47:49.313209     0     0 I         : done.
11-03 20:47:49.795639     0     0 I PM      : suspend exit 2021-11-03 19:47:49.795639432 UTC
11-03 20:47:49.897613     0     0 I PM      : suspend entry 2021-11-03 19:47:49.897613963 UTC
11-03 20:47:49.897627     0     0 I PM      : Syncing filesystems ... done.
11-03 20:47:49.996114     0     0 I         : Freezing user space processes ...
11-03 20:47:50.001067     0     0 I PM      : Wakeup pending, aborting suspend
11-03 20:47:50.001081     0     0 I         : active wakeup source: qcom_rx_wakelock
11-03 20:47:50.001178     0     0 E         : Freezing of tasks aborted after 0.005 seconds
11-03 20:47:50.001192     0     0 I         : Restarting tasks ...
11-03 20:47:50.001817     0     0 W QSEECOM : qseecom_receive_req: Interrupted: exiting Listener Service = 8192
11-03 20:47:50.005532     0     0 W QSEECOM : qseecom_receive_req: Interrupted: exiting Listener Service = 11
11-03 20:47:50.005586     0     0 W QSEECOM : qseecom_receive_req: Interrupted: exiting Listener Service = 12288
11-03 20:47:50.005678     0     0 W QSEECOM : qseecom_receive_req: Interrupted: exiting Listener Service = 28672
11-03 20:47:50.006089     0     0 I         : done.
11-03 20:47:50.006697     0     0 W QSEECOM : qseecom_receive_req: Interrupted: exiting Listener Service = 10
11-03 20:47:50.006812     0     0 I PM      : suspend exit 2021-11-03 19:47:50.006812504 UTC
--------- switch to main
11-03 20:47:50.201764  1906  1906 D QtiCarrierConfigHelper: WARNING, no carrier configs on phone Id: 0
--------- switch to kernel
11-03 20:47:50.186451     0     0 E FG      : fg_psy_get_property: unsupported property 7
11-03 20:47:50.188857     0     0 I chatty  : uid=0(root) logd identical 1 line
11-03 20:47:50.188864     0     0 E FG      : fg_psy_get_property: unsupported property 7
11-03 20:47:50.153365     0     0 W healthd : battery l=20 v=3951 t=39.0 h=2 st=2 c=-287 fc=443000 cc=0 chg=a
--------- switch to main
11-03 20:47:50.209649  2365  2365 D HOME    : [WatchFaceUiController]sendStateToWallpaper
11-03 20:47:50.232626  2365  5064 D HOME    : [ComplicationController]scheduleImmediateUpdateForAllFromProvider ComponentInfo{com.google.android.wearable.app/com.google.android.clockwork.home.complications.providers.BatteryProviderService}
11-03 20:47:50.237942  2365  2365 D HOME    : [BatteryChange]action: android.intent.action.BATTERY_CHANGED
11-03 20:47:50.244226  2365  5064 D HOME    : [BatteryChange]HandleBatteryChangedTask
11-03 20:47:50.248299  2365  5064 D HOME    : [BatteryChange]level: 20, status: 2
11-03 20:47:50.249537  2365  5064 D HOME    : [BatteryChange]level: 20, timestamp: 1635968870249
11-03 20:47:50.288183  1784  1784 D HeadsetPhoneState: sendDeviceStateChanged. mService=0 mIsSimStateLoaded=false mSignal=0 mRoam=0 mBatteryCharge=1
--------- switch to kernel
11-03 20:47:50.176308     0     0 W healthd : battery l=20 v=3951 t=39.0 h=2 st=2 c=-287 fc=443000 cc=0 chg=a
11-03 20:47:50.356551     0     0 I PM      : suspend entry 2021-11-03 19:47:50.356551983 UTC
11-03 20:47:50.356566     0     0 I PM      : Syncing filesystems ... done.
11-03 20:47:50.368286     0     0 I         : Freezing user space processes ... (elapsed 0.008 seconds) done.
11-03 20:47:50.376928     0     0 I         : Freezing remaining freezable tasks ... (elapsed 0.004 seconds) done.
11-03 20:47:50.381015     0     0 I         : Suspending console(s) (use no_console_suspend to debug)
11-03 20:47:50.393728     0     0 I mdss_dsi_panel_set_idle_mode: Idle (1->1)
11-03 20:47:50.431751     0     0 I bgcom   : bgcom_pm_suspend: suspended with : 0
11-03 20:47:50.463929     0     0 I PM      : suspend of devices complete after 80.414 msecs
11-03 20:47:50.468696     0     0 I PM      : late suspend of devices complete after 4.738 msecs
11-03 20:47:50.473134     0     0 I PM      : noirq suspend of devices complete after 4.420 msecs
11-03 20:47:50.473143     0     0 I         : Disabling non-boot CPUs ...
11-03 20:47:50.488444     0     0 I CPU1    : shutdown
11-03 20:47:50.489894     0     0 I suspend ns: 756845187155	suspend cycles:      18875545044
11-03 20:47:50.489880     0     0 I CPU0    : msm_cpu_pm_enter_sleep mode:3 during suspend
11-03 20:47:50.489880     0     0 I         : Suspended for 0.737 seconds
11-03 20:47:50.489880     0     0 I resume cycles: 18889716250
11-03 20:47:50.490089     0     0 I         : Enabling non-boot CPUs ...
11-03 20:47:50.490610     0     0 I CPU1    : update cpu_capacity 1024
11-03 20:47:50.492014     0     0 I         : CPU1 is up
11-03 20:47:50.494636     0     0 I PM      : noirq resume of devices complete after 2.331 msecs
11-03 20:47:50.495908     0     0 I CPU1    : update max cpu_capacity 1024
11-03 20:47:50.498929     0     0 I PM      : early resume of devices complete after 2.723 msecs
11-03 20:47:50.499831    20    20 E         : [20:47:51.237921] [0000000465ED1B3D] [VosRX]  wlan: [E :WDI] WDTS_RxPacketDump RX Data frame is UC
11-03 20:47:50.499856    20    20 E         : [20:47:51.237953] [0000000465ED1DA0] [VosRX]  wlan: [E :WDI] WDTS_RxPacketDump: Data subtype:8 SA:44:fe:3b:41:13:4b DA:00:0a:f5:f2:a2:70
11-03 20:47:50.499923    20    20 E         : [20:47:51.238020] [0000000465ED22A2] [VosRX]  wlan: [E :HDD] hdd_log_ip_addr: src addr 192:168:1:3
11-03 20:47:50.499938    20    20 E         : [20:47:51.238037] [0000000465ED23E1] [VosRX]  wlan: [E :HDD] hdd_log_ip_addr: dst addr 192:168:1:14
11-03 20:47:50.528561     0     0 I bgcom   : bgcom_pm_resume: Bgcom resumed with : 0
11-03 20:47:50.540590     0     0 I mdss_dsi_panel_set_idle_mode: Idle (1->1)
11-03 20:47:50.580174     0     0 I PM      : resume of devices complete after 81.217 msecs
11-03 20:47:50.583215     0     0 I         : Restarting tasks ...
11-03 20:47:50.586644     0     0 W QSEECOM : qseecom_receive_req: Interrupted: exiting Listener Service = 8192
11-03 20:47:50.586712     0     0 W QSEECOM : qseecom_receive_req: Interrupted: exiting Listener Service = 10
11-03 20:47:50.590228     0     0 W QSEECOM : qseecom_receive_req: Interrupted: exiting Listener Service = 12288
11-03 20:47:50.590292     0     0 W QSEECOM : qseecom_receive_req: Interrupted: exiting Listener Service = 11
11-03 20:47:50.590332     0     0 W QSEECOM : qseecom_receive_req: Interrupted: exiting Listener Service = 28672
11-03 20:47:50.598316     0     0 I         : done.
11-03 20:47:51.337198     0     0 I PM      : suspend exit 2021-11-03 19:47:51.337198805 UTC
11-03 20:47:51.438685     0     0 I PM      : suspend entry 2021-11-03 19:47:51.438685159 UTC
11-03 20:47:51.438700     0     0 I PM      : Syncing filesystems ... done.
11-03 20:47:51.559654     0     0 I         : Freezing user space processes ... (elapsed 0.007 seconds) done.
11-03 20:47:51.566802     0     0 I         : Freezing remaining freezable tasks ... (elapsed 0.003 seconds) done.
11-03 20:47:51.570771     0     0 I         : Suspending console(s) (use no_console_suspend to debug)
11-03 20:47:51.582904     0     0 I mdss_dsi_panel_set_idle_mode: Idle (1->1)
11-03 20:47:51.619226     0     0 I bgcom   : bgcom_pm_suspend: suspended with : 0
11-03 20:47:51.652197     0     0 I PM      : suspend of devices complete after 79.210 msecs
11-03 20:47:51.658467     0     0 I PM      : late suspend of devices complete after 6.226 msecs
11-03 20:47:51.664259     0     0 I PM      : noirq suspend of devices complete after 5.765 msecs
11-03 20:47:51.664271     0     0 I         : Disabling non-boot CPUs ...
11-03 20:47:51.687025     0     0 I CPU1    : shutdown
11-03 20:47:51.688930     0     0 I suspend ns: 757306127989	suspend cycles:      18898566314
11-03 20:47:51.688908     0     0 I CPU0    : msm_cpu_pm_enter_sleep mode:3 during suspend
11-03 20:47:51.688908     0     0 I         : Suspended for 0.768 seconds
11-03 20:47:51.688908     0     0 I resume cycles: 18913318701
11-03 20:47:51.689166     0     0 I         : Enabling non-boot CPUs ...
11-03 20:47:51.689966     0     0 I CPU1    : update cpu_capacity 1024
11-03 20:47:51.691377     0     0 I         : CPU1 is up
11-03 20:47:51.693907     0     0 I CPU1    : update max cpu_capacity 1024
11-03 20:47:51.695255     0     0 I PM      : noirq resume of devices complete after 3.557 msecs
11-03 20:47:51.700689     0     0 I PM      : early resume of devices complete after 3.951 msecs
11-03 20:47:51.702361    20    20 E         : [20:47:52.470716] [00000004675646CC] [VosRX]  wlan: [E :WDI] WDTS_RxPacketDump RX Data frame is UC
11-03 20:47:51.702384    20    20 E         : [20:47:52.470749] [0000000467564943] [VosRX]  wlan: [E :WDI] WDTS_RxPacketDump: Data subtype:8 SA:44:fe:3b:41:13:4b DA:00:0a:f5:f2:a2:70
11-03 20:47:51.702532    20    20 E         : [20:47:52.470846] [000000046756509B] [VosRX]  wlan: [E :HDD] hdd_log_ip_addr: src addr 192:168:1:3
11-03 20:47:51.702546    20    20 E         : [20:47:52.470912] [0000000467565587] [VosRX]  wlan: [E :HDD] hdd_log_ip_addr: dst addr 192:168:1:14
11-03 20:47:51.729351     0     0 I bgcom   : bgcom_pm_resume: Bgcom resumed with : 0
11-03 20:47:51.740480     0     0 I mdss_dsi_panel_set_idle_mode: Idle (1->1)
11-03 20:47:51.778197     0     0 I PM      : resume of devices complete after 77.478 msecs
11-03 20:47:51.780840     0     0 I         : Restarting tasks ...
11-03 20:47:51.782732     0     0 W QSEECOM : qseecom_receive_req: Interrupted: exiting Listener Service = 8192
11-03 20:47:51.782880     0     0 W QSEECOM : qseecom_receive_req: Interrupted: exiting Listener Service = 12288
11-03 20:47:51.782917     0     0 W QSEECOM : qseecom_receive_req: Interrupted: exiting Listener Service = 11
11-03 20:47:51.783171     0     0 W QSEECOM : qseecom_receive_req: Interrupted: exiting Listener Service = 28672
11-03 20:47:51.788962     0     0 W QSEECOM : qseecom_receive_req: Interrupted: exiting Listener Service = 10
11-03 20:47:51.792640     0     0 I         : done.
11-03 20:47:52.561736     0     0 I PM      : suspend exit 2021-11-03 19:47:52.561736773 UTC
11-03 20:47:52.663197     0     0 I PM      : suspend entry 2021-11-03 19:47:52.663197294 UTC
11-03 20:47:52.663210     0     0 I PM      : Syncing filesystems ... done.
11-03 20:47:52.777869     0     0 I         : Freezing user space processes ... (elapsed 0.007 seconds) done.
11-03 20:47:52.785468     0     0 I         : Freezing remaining freezable tasks ... (elapsed 0.003 seconds) done.
