11-02 22:18:38.522386  2520  8604 D HOME    : [WatchStreamDB]couldItemAlert: false, isTopItemChanged: false, isDeferralForTopItem: false
11-02 22:18:38.522863  2520  8604 D HOME    : [WatchStreamDB]updateRanking()
11-02 22:18:38.523416  2520  8604 D HOME    : [WatchStreamDB]Item alerting conditions - isInterruptive: false, recentlyInterrupted: false, isItemPinned: false, isUnread: false
11-02 22:18:38.523719  2520  8604 D HOME    : [StreamAlertingRegulator]isTheaterModeEnabled: false, isAlertingAllowedByOffBody: true, matchesLocalInterruptionFilter: true
11-02 22:18:38.524025  2520  8604 D HOME    : [WatchStreamDB]couldItemAlert: false, isTopItemChanged: false, isDeferralForTopItem: false
11-02 22:18:38.524667  2520  8604 D HOME    : [NewStreamAdapter]Publishing revision #2273 to adapter clients
11-02 22:18:38.526353  2520  7713 D HOME    : [StreamDBQueue]Promised revision #2274 to queue a new op
11-02 22:18:38.526616  2520  7713 D WatchStreamManager: Promised rerank @ r#2274
11-02 22:18:38.526830  2520  8603 D HOME    : [WatchStreamDB]updateRanking()
11-02 22:18:38.527386  2520  8603 D HOME    : [WatchStreamDB]Item alerting conditions - isInterruptive: false, recentlyInterrupted: false, isItemPinned: false, isUnread: false
11-02 22:18:38.527724  2520  8603 D HOME    : [StreamAlertingRegulator]isTheaterModeEnabled: false, isAlertingAllowedByOffBody: true, matchesLocalInterruptionFilter: true
11-02 22:18:38.528280  2520  8603 D HOME    : [WatchStreamDB]couldItemAlert: false, isTopItemChanged: false, isDeferralForTopItem: false
11-02 22:18:38.529331  2520  8603 D HOME    : [NewStreamAdapter]Publishing revision #2274 to adapter clients
11-02 22:18:38.690657   416   416 D SKGHAL  : sendResources: metadata size = 2400, font size = 72
11-02 22:18:38.749240   416   416 D SKGHAL  : endResources: rc = 0
11-02 22:18:38.750091  1686  1686 W system_server: Long monitor contention with owner Binder:1686_B (2583) at int com.google.android.clockwork.sidekick.SidekickService$BinderService.sendWatchFace(com.google.android.clockwork.decomposablewatchface.WatchFaceDecomposition, boolean)(SidekickService.java:1021) waiters=0 in boolean com.google.android.clockwork.sidekick.SidekickService$BinderService.readyToDisplay() for 231ms
11-02 22:18:38.750721  1686  1686 I AmbientService: [ce6a28c] Showing watch face in offload mode, canceling alarm.
11-02 22:18:38.750849  1686  1686 W AlarmManagerProxy: Removing unknown listener
11-02 22:18:38.751216  1686  1686 D WristGestureCtrl: Stopping detectors: GesturesEnabled-false gestureDetector-false ungazeEnabled-true ungaze-true
11-02 22:18:38.751230  1686  2051 W system_server: Long monitor contention with owner main (1686) at void com.google.android.wearable.ambient.AmbientService.doOnDreamingStarted()(AmbientService.java:659) waiters=0 in void com.google.android.wearable.ambient.AmbientService.maybeSendDozeCommand() for 235ms
11-02 22:18:38.751277  1686  1686 D DefaultUngazeDetector: stopping
--------- switch to system
11-02 22:18:38.751701  1686  1686 W Looper  : Slow dispatch took 250ms main h=android.os.Handler c=android.service.dreams.DreamService$1@5c701d4 m=0
--------- switch to main
11-02 22:18:38.752583   512  1749 I sensors-hal: batch:140, android.sensor.accelerometer/48, period=66667000, max_latency=100000000
--------- switch to system
11-02 22:18:38.760359  1686  1686 W Looper  : Slow delivery took 258ms main h=android.app.ActivityThread$H c=android.app.-$$Lambda$LoadedApk$ReceiverDispatcher$Args$_BumDX2UKsnxLVrE6UJsJZkotuA@6428f7d m=0
--------- switch to main
11-02 22:18:38.760539  2520  2520 W StaticLayout: maxLineHeight should not be -1.  maxLines:1 lineCount:1
11-02 22:18:38.757806   512  1749 I sensors-hal: batch:149, android.sensor.accelerometer/48, period=66667000, max_latency=100000000 request completed
--------- switch to system
11-02 22:18:38.769601  1686  1686 W Looper  : Drained
--------- switch to kernel
11-02 22:18:38.721550     0     0 E FG      : fg_psy_get_property: unsupported property 7
11-02 22:18:38.723492     0     0 W healthd : battery l=54 v=3834 t=31.0 h=2 st=3 c=164 fc=443000 cc=0 chg=
--------- switch to main
11-02 22:18:38.790958  1956  1956 D QtiCarrierConfigHelper: WARNING, no carrier configs on phone Id: 0
11-02 22:18:38.801226  2520  2520 D HOME    : [SidekickManagerAsync]replaceWatchFaceComponents(): Callback#onResult(): 0
11-02 22:18:38.801693   512  1749 I sensors-hal: activate:107, android.sensor.light/46 en=0
11-02 22:18:38.801894  2520  2520 D HOME    : [BatteryChange]action: android.intent.action.BATTERY_CHANGED
11-02 22:18:38.802263  2520  2520 D HOME    : [WatchFaceUiController]Complication updates sent, posting watch face hiding
11-02 22:18:38.802333  2520  2520 D HOME    : [WatchFaceUiController]Still in ambient watch face, hiding
11-02 22:18:38.802395  2520  2520 D HOME    : [WatchFaceUiController]Hiding watch face wallpaper.
11-02 22:18:38.802401  2520  8563 D HOME    : [BatteryChange]HandleBatteryChangedTask
11-02 22:18:38.802626   512  1749 I sensors-hal: activate:118, android.sensor.light/46 en=0 completed
11-02 22:18:38.802757  2520  8563 D HOME    : [BatteryChange]level: 54, status: 3
11-02 22:18:38.804690  1829  2088 W bt_sdp  : SDP - Rcvd conn cnf with error: 0x4  CID 0x4b
11-02 22:18:38.805079  1829  2027 D BluetoothHeadsetClientServiceJni: connection_state_cb: state 0 peer_feat 0 chld_feat 0
11-02 22:18:38.805536  1829  2027 E bt_btif : btif_hf_client_get_cb_by_bda: could not find block for bdaddr
11-02 22:18:38.805607  1829  2027 E bt_btif : btif_hf_client_upstreams_evt: event 3 but not allocating block: cb not found
11-02 22:18:38.805687  1829  2027 I bt_btif_queue: queue_int_advance: removing connection request: address=14:3c:c3:ad:3d:53 UUID=111E busy=true
--------- switch to system
11-02 22:18:38.805886  1686  1710 I DisplayManagerService: Display device changed state: "Écran intégré", DOZE_SUSPEND
--------- switch to main
11-02 22:18:38.808569  1829  2096 D HeadsetClientStateMachine: Enter Disconnected: 100
11-02 22:18:38.815907  1686  1759 I InputReader: Reconfiguring input devices.  changes=0x00000004
11-02 22:18:38.822346   545   545 D SurfaceFlinger: Set power mode=3, type=0 flinger=0xb6bb6000
11-02 22:18:38.822893  1829  1829 D AdapterProperties: PROFILE_CONNECTION_STATE_CHANGE: profile=16, device=14:3C:C3:AD:3D:53, 1 -> 0
11-02 22:18:38.822948   504   764 I SDM     : DisplayBase::SetDisplayState: Set state = 3, display 0
11-02 22:18:38.823349  1829  1829 D AdapterProperties: ADAPTER_CONNECTION_STATE_CHANGE: 14:3C:C3:AD:3D:53: 1 -> 0
11-02 22:18:38.828536  5603  5603 D BtTelecomReceiver: onReceive: Intent { act=android.bluetooth.headsetclient.profile.action.CONNECTION_STATE_CHANGED flg=0x10 cmp=com.google.android.apps.wearable.bluetooth/com.google.android.clockwork.hfp.BtTelecomBroadcastReceiver (has extras) }
11-02 22:18:38.828792  5603  5603 D BtTelecomReceiver: Hfp connection changed: -724754873 1 -> 0
11-02 22:18:38.835741  5603  5603 D HfpClientConnService: onCreate
11-02 22:18:38.836607  5603  5603 D HfpClientConnService: disabling HFP
11-02 22:18:38.836749  5603  5603 I HfpClientConnService: enable request:Enable Request - time:1635887918828 type:false reason:headset client disconnected
11-02 22:18:38.839656  5603  5603 I HfpClientConnService: account already disabled
--------- switch to system
11-02 22:18:38.841948  1686  3998 W BroadcastQueue: Background execution not allowed: receiving Intent { act=android.bluetooth.adapter.action.CONNECTION_STATE_CHANGED flg=0x4000010 (has extras) } to com.google.android.gms/.chimera.GmsIntentOperationService$PersistentTrustedReceiver
--------- switch to main
11-02 22:18:38.884902   545   545 D SurfaceFlinger: Finished set power mode=3, type=0
11-02 22:18:38.885420  1686  1823 I SidekickService: beginDisplayLocked(): DOZE_SUSPEND
11-02 22:18:38.886021   416   416 D SKGHAL  : sendAmbientPrepare: enter:
--------- switch to kernel
11-02 22:18:38.792014     0     0 I mdss_dsi_panel_set_idle_mode: Idle (0->1)
11-02 22:18:38.819914     0     0 I         : [touch]FB_BLANK_VSYNC_SUSPEND
11-02 22:18:38.819922     0     0 I         : [touch]irq disable
11-02 22:18:38.819926     0     0 I         : [touch]workqueue is empty!
11-02 22:18:38.819930     0     0 I         : [touch]raydium_ts_do_suspend.
11-02 22:18:38.819940     0     0 I         : [touch]Device may wakeup
11-02 22:18:38.823678     0     0 I         : [touch]irq enable
--------- switch to main
11-02 22:18:39.009124   416   416 D SKGHAL  : sendAmbientEvent: enter: enable = 1
11-02 22:18:39.010651   504   523 I SDM     : DisplayBase::SetDisplayState: Set state = 4, display 0
11-02 22:18:39.010776   504   523 D SDM     : HWCDisplayPrimary::SetStandByMode: Null display is connected successfully
11-02 22:18:39.010977   416   416 D SKGHAL  : standBy_update_control call succeed on 1
11-02 22:18:39.020720   416   416 D SKGHAL  : sendAmbientEvent: done: enable = 1
11-02 22:18:39.021273  1686  1823 D SidekickService:    ... beginDisplay result: 0 for halPower: 1
11-02 22:18:39.025356   512  1749 I sensors-hal: activate:107, android.sensor.accelerometer/48 en=0
11-02 22:18:39.026910   512  1749 I sensors-hal: activate:118, android.sensor.accelerometer/48 en=0 completed
11-02 22:18:39.033582  1686  1799 E WifiStateMachine: getWifiLinkLayerStats called without an interface
--------- switch to kernel
11-02 22:18:38.967029     0     0 E bgrsb   : bgrsb_enable: gpio 32 is valid
--------- switch to main
11-02 22:18:39.058574  1686  1686 I WearPower: [WearTouchMediator] changing touch input to enabled (ON_AUTO)
11-02 22:18:39.060358  1686  1759 I InputReader: Reconfiguring input devices.  changes=0x00000200
--------- switch to kernel
11-02 22:18:39.002671     0     0 I init    : processing action (ro.enable_core_ctl=true && sys.cw_corectl_mode=idle) from (/vendor/etc/init/hw/init.qcom.rc:949)
--------- switch to main
11-02 22:18:39.069671  1686  1686 I AmbientService: [ce6a28c] Timeout alarm not required, auto-resume timeout handled by dream.
11-02 22:18:39.084157  3205  3434 W WorkController: Loading failed for worker [trainingcache]: worker not found
11-02 22:18:39.085813  3205  3372 W A       : TrainingCache cache SCREEN_OFF failure
11-02 22:18:39.085813  3205  3372 W A       : com.google.android.apps.gsa.search.core.service.h.a.a: No worker found for Worker ID [trainingcache].
11-02 22:18:39.085813  3205  3372 W A       : 	at com.google.android.apps.gsa.search.core.service.g.a.c.a(Unknown Source:5)
11-02 22:18:39.085813  3205  3372 W A       : 	at com.google.android.libraries.gsa.c.a.d.a(Unknown Source:3)
11-02 22:18:39.085813  3205  3372 W A       : 	at com.google.common.p.a.cg.c(Unknown Source:2)
11-02 22:18:39.085813  3205  3372 W A       : 	at com.google.common.p.a.bk.run(SourceFile:3)
11-02 22:18:39.085813  3205  3372 W A       : 	at com.google.common.p.a.ci.run(Unknown Source:4)
11-02 22:18:39.085813  3205  3372 W A       : 	at com.google.apps.tiktok.concurrent.ab.run(SourceFile:1)
11-02 22:18:39.085813  3205  3372 W A       : 	at java.util.concurrent.ThreadPoolExecutor.runWorker(ThreadPoolExecutor.java:1167)
11-02 22:18:39.085813  3205  3372 W A       : 	at java.util.concurrent.ThreadPoolExecutor$Worker.run(ThreadPoolExecutor.java:641)
11-02 22:18:39.085813  3205  3372 W A       : 	at com.google.apps.tiktok.concurrent.c.run(Unknown Source:4)
11-02 22:18:39.085813  3205  3372 W A       : 	at java.lang.Thread.run(Thread.java:764)
11-02 22:18:39.097487  2520  2520 D HOME    : [StreamDBQueue]Promised revision #2275 to queue a new op
11-02 22:18:39.097867  2520  2520 D WatchStreamManager: Promised rank-blocked=false @ r#2275
11-02 22:18:39.098329  2520  2520 D HOME    : [CompactHunStarter]detachWindow()
11-02 22:18:39.098886  2520  8464 D HOME    : [StreamDBQueue]Promised revision #2276 to queue a new op
11-02 22:18:39.099157  2520  8464 D WatchStreamManager: Promised rerank @ r#2276
11-02 22:18:39.099236  2520  8563 D HOME    : [WatchStreamDB]Item alerting conditions - isInterruptive: false, recentlyInterrupted: false, isItemPinned: false, isUnread: false
11-02 22:18:39.099617  2520  8563 D HOME    : [StreamAlertingRegulator]isTheaterModeEnabled: false, isAlertingAllowedByOffBody: true, matchesLocalInterruptionFilter: true
11-02 22:18:39.099985  2520  8563 D HOME    : [WatchStreamDB]couldItemAlert: false, isTopItemChanged: false, isDeferralForTopItem: false
11-02 22:18:39.100573  2520  8563 D HOME    : [WatchStreamDB]updateRanking()
11-02 22:18:39.101205  2520  8563 D HOME    : [WatchStreamDB]Item alerting conditions - isInterruptive: false, recentlyInterrupted: false, isItemPinned: false, isUnread: false
11-02 22:18:39.101607  2520  8563 D HOME    : [StreamAlertingRegulator]isTheaterModeEnabled: false, isAlertingAllowedByOffBody: true, matchesLocalInterruptionFilter: true
11-02 22:18:39.101893  2520  8563 D HOME    : [WatchStreamDB]couldItemAlert: false, isTopItemChanged: false, isDeferralForTopItem: false
11-02 22:18:39.102565  2520  8563 D HOME    : [NewStreamAdapter]Publishing revision #2276 to adapter clients
--------- switch to kernel
11-02 22:18:39.077354     0     0 I CPU3    : update max cpu_capacity 1024
11-02 22:18:39.109949     0     0 W         : IRQ21 no longer affine to CPU2
11-02 22:18:39.110629     0     0 I CPU2    : shutdown
11-02 22:18:39.112581     0     0 I init    : Command 'write /sys/devices/system/cpu/cpu2/online 0' action=ro.enable_core_ctl=true && sys.cw_corectl_mode=idle (/vendor/etc/init/hw/init.qcom.rc:951) took 109ms and succeeded
11-02 22:18:39.207734     0     0 I CPU0    : update max cpu_capacity 748
11-02 22:18:39.300650     0     0 I PM      : suspend entry 2021-11-02 21:18:39.300650060 UTC
11-02 22:18:39.300673     0     0 I PM      : Syncing filesystems ...
11-02 22:18:39.309891     0     0 W         : IRQ21 no longer affine to CPU3
11-02 22:18:39.311664     0     0 I CPU3    : shutdown
11-02 22:18:39.319066     0     0 I init    : Command 'write /sys/devices/system/cpu/cpu3/online 0' action=ro.enable_core_ctl=true && sys.cw_corectl_mode=idle (/vendor/etc/init/hw/init.qcom.rc:952) took 145ms and succeeded
11-02 22:18:39.323289     0     0 I         : done.
11-02 22:18:39.323722     0     0 I         : Freezing user space processes ...
11-02 22:18:39.332492     0     0 I PM      : Wakeup pending, aborting suspend
11-02 22:18:39.332678     0     0 I         : last active wakeup source: eventpoll
11-02 22:18:39.332720     0     0 E         : Freezing of tasks aborted after 0.008 seconds
11-02 22:18:39.332742     0     0 I         : Restarting tasks ...
11-02 22:18:39.333720     0     0 W QSEECOM : qseecom_receive_req: Interrupted: exiting Listener Service = 28672
11-02 22:18:39.333826     0     0 W QSEECOM : qseecom_receive_req: Interrupted: exiting Listener Service = 11
11-02 22:18:39.333871     0     0 W QSEECOM : qseecom_receive_req: Interrupted: exiting Listener Service = 8192
11-02 22:18:39.333930     0     0 W QSEECOM : qseecom_receive_req: Interrupted: exiting Listener Service = 10
11-02 22:18:39.333975     0     0 W QSEECOM : qseecom_receive_req: Interrupted: exiting Listener Service = 12288
11-02 22:18:39.341132     0     0 I         : done.
11-02 22:18:39.342624     0     0 I PM      : suspend exit 2021-11-02 21:18:39.342624695 UTC
11-02 22:18:39.544538     0     0 I PM      : suspend entry 2021-11-02 21:18:39.544538237 UTC
11-02 22:18:39.544562     0     0 I PM      : Syncing filesystems ... done.
11-02 22:18:39.570670     0     0 I         : Freezing user space processes ... (elapsed 0.009 seconds) done.
11-02 22:18:39.580335     0     0 I         : Freezing remaining freezable tasks ... (elapsed 0.006 seconds) done.
11-02 22:18:39.586443     0     0 I         : Suspending console(s) (use no_console_suspend to debug)
11-02 22:18:39.601796     0     0 I mdss_dsi_panel_set_idle_mode: Idle (1->1)
11-02 22:18:39.643883     0     0 I bgcom   : bgcom_pm_suspend: suspended with : 0
11-02 22:18:39.675462     0     0 I PM      : suspend of devices complete after 85.062 msecs
11-02 22:18:39.681297     0     0 I PM      : late suspend of devices complete after 5.793 msecs
11-02 22:18:39.686861     0     0 I PM      : noirq suspend of devices complete after 5.530 msecs
11-02 22:18:39.686878     0     0 I         : Disabling non-boot CPUs ...
11-02 22:18:39.709221     0     0 W         : IRQ21 no longer affine to CPU1
11-02 22:18:39.711145     0     0 I CPU1    : shutdown
11-02 22:18:39.713566     0     0 I suspend ns: 1748664770710	suspend cycles:     372615321833
11-02 22:18:39.713541     0     0 I CPU0    : msm_cpu_pm_enter_sleep mode:3 during suspend
11-02 22:18:39.713541     0     0 I         : Suspended for 54.190 seconds
11-02 22:18:39.713541     0     0 I resume cycles: 373655775104
11-02 22:18:39.714067     0     0 I         : Enabling non-boot CPUs ...
11-02 22:18:39.714902     0     0 I CPU1    : update cpu_capacity 1024
11-02 22:18:39.716358     0     0 I         : CPU1 is up
11-02 22:18:39.717876     0     0 I CPU1    : update max cpu_capacity 748
11-02 22:18:39.720147     0     0 I PM      : noirq resume of devices complete after 3.439 msecs
11-02 22:18:39.725746     0     0 I PM      : early resume of devices complete after 3.719 msecs
11-02 22:18:39.756787     0     0 I bgcom   : bgcom_pm_resume: Bgcom resumed with : 0
11-02 22:18:39.767686     0     0 I mdss_dsi_panel_set_idle_mode: Idle (1->1)
11-02 22:18:39.803037     0     0 I PM      : resume of devices complete after 77.246 msecs
11-02 22:18:39.807242     0     0 I         : Restarting tasks ...
11-02 22:18:39.810726     0     0 W QSEECOM : qseecom_receive_req: Interrupted: exiting Listener Service = 12288
11-02 22:18:39.810833     0     0 W QSEECOM : qseecom_receive_req: Interrupted: exiting Listener Service = 11
11-02 22:18:39.810876     0     0 W QSEECOM : qseecom_receive_req: Interrupted: exiting Listener Service = 10
11-02 22:18:39.811023     0     0 W QSEECOM : qseecom_receive_req: Interrupted: exiting Listener Service = 28672
11-02 22:18:39.815410     0     0 W QSEECOM : qseecom_receive_req: Interrupted: exiting Listener Service = 8192
11-02 22:18:39.817390     0     0 I         : done.
11-02 22:19:34.008918     0     0 I PM      : suspend exit 2021-11-02 21:19:34.008918267 UTC
11-02 22:19:34.117663     0     0 I PM      : suspend entry 2021-11-02 21:19:34.117663476 UTC
11-02 22:19:34.117691     0     0 I PM      : Syncing filesystems ... done.
11-02 22:19:34.201722     0     0 I         : Freezing user space processes ... (elapsed 0.006 seconds) done.
11-02 22:19:34.208573     0     0 I         : Freezing remaining freezable tasks ... (elapsed 0.004 seconds) done.
11-02 22:19:34.212664     0     0 I         : Suspending console(s) (use no_console_suspend to debug)
11-02 22:19:34.224401     0     0 I mdss_dsi_panel_set_idle_mode: Idle (1->1)
11-02 22:19:34.263485     0     0 I bgcom   : bgcom_pm_suspend: suspended with : 0
11-02 22:19:34.298380     0     0 I PM      : suspend of devices complete after 83.484 msecs
11-02 22:19:34.303865     0     0 I PM      : late suspend of devices complete after 5.445 msecs
11-02 22:19:34.309588     0     0 I PM      : noirq suspend of devices complete after 5.684 msecs
11-02 22:19:34.309603     0     0 I         : Disabling non-boot CPUs ...
11-02 22:19:34.329225     0     0 W         : IRQ16 no longer affine to CPU1
11-02 22:19:34.329535     0     0 W         : IRQ93 no longer affine to CPU1
11-02 22:19:34.331222     0     0 I CPU1    : shutdown
11-02 22:19:34.333346     0     0 I suspend ns: 1749094286752	suspend cycles:     373664021812
11-02 22:19:34.333324     0     0 I CPU0    : msm_cpu_pm_enter_sleep mode:3 during suspend
11-02 22:19:34.333324     0     0 I         : Suspended for 27.148 seconds
11-02 22:19:34.333324     0     0 I resume cycles: 374185284793
11-02 22:19:34.334028     0     0 I         : Enabling non-boot CPUs ...
11-02 22:19:34.334871     0     0 I CPU1    : update cpu_capacity 1024
11-02 22:19:34.336297     0     0 I         : CPU1 is up
11-02 22:19:34.338063     0     0 I CPU1    : update max cpu_capacity 748
11-02 22:19:34.340111     0     0 I PM      : noirq resume of devices complete after 3.486 msecs
11-02 22:19:34.345521     0     0 I PM      : early resume of devices complete after 3.945 msecs
11-02 22:19:34.374680     0     0 I bgcom   : bgcom_pm_resume: Bgcom resumed with : 0
11-02 22:19:34.384626     0     0 I mdss_dsi_panel_set_idle_mode: Idle (1->1)
11-02 22:19:34.422136     0     0 I PM      : resume of devices complete after 76.588 msecs
11-02 22:19:34.424754     0     0 I         : Restarting tasks ...
11-02 22:19:34.432214     0     0 W QSEECOM : qseecom_receive_req: Interrupted: exiting Listener Service = 12288
11-02 22:19:34.432327     0     0 W QSEECOM : qseecom_receive_req: Interrupted: exiting Listener Service = 11
11-02 22:19:34.432369     0     0 W QSEECOM : qseecom_receive_req: Interrupted: exiting Listener Service = 10
11-02 22:19:34.432408     0     0 W QSEECOM : qseecom_receive_req: Interrupted: exiting Listener Service = 28672
11-02 22:19:34.432585     0     0 W QSEECOM : qseecom_receive_req: Interrupted: exiting Listener Service = 8192
11-02 22:19:34.442330     0     0 I         : done.
11-02 22:20:01.592609     0     0 I PM      : suspend exit 2021-11-02 21:20:01.592609715 UTC
--------- switch to system
11-02 22:20:01.604153  1686  1686 I PowerManagerService: Waking up from dozing (uid=1000 reason=tiltToWake)...
11-02 22:20:01.611219  1686  1686 W UsageStatsService: Event reported without a package name
--------- switch to kernel
11-02 22:20:01.626344     0     0 E FG      : fg_psy_get_property: unsupported property 7
11-02 22:20:01.567754     0     0 W healthd : battery l=54 v=3914 t=32.0 h=2 st=3 c=7 fc=443000 cc=0 chg=
--------- switch to main
11-02 22:20:01.658709   512  1749 I sensors-hal: batch:140, android.sensor.light/46, period=100000000, max_latency=0
11-02 22:20:01.658800   512  1749 I sensors-hal: batch:149, android.sensor.light/46, period=100000000, max_latency=0 request completed
11-02 22:20:01.661304   512  1749 I sensors-hal: activate:107, android.sensor.light/46 en=1
11-02 22:20:01.661728   512  1749 I sensors-hal: ssc_enable_rt_task:254, ssc_enable_rt_task : true
11-02 22:20:01.665870   512  1749 I sensors-hal: activate:118, android.sensor.light/46 en=1 completed
11-02 22:20:01.667696  1686  1823 I SidekickService: endDisplayLocked()
--------- switch to system
11-02 22:20:01.668693  1686  1710 I DisplayManagerService: Display device changed state: "Écran intégré", ON
--------- switch to main
11-02 22:20:01.669399   512  1749 I sensors-hal: batch:140, android.sensor.accelerometer/48, period=66667000, max_latency=100000000
11-02 22:20:01.669465   512  1749 I sensors-hal: batch:149, android.sensor.accelerometer/48, period=66667000, max_latency=100000000 request completed
11-02 22:20:01.671836   416   416 D SKGHAL  : sendAmbientEvent: enter: enable = 0
11-02 22:20:01.673395   512  1749 I sensors-hal: activate:107, android.sensor.accelerometer/48 en=1
11-02 22:20:01.673819   512  1749 I sensors-hal: ssc_enable_rt_task:254, ssc_enable_rt_task : true
11-02 22:20:01.677667   512  1749 I sensors-hal: activate:118, android.sensor.accelerometer/48 en=1 completed
11-02 22:20:01.685335  2520  2520 D HOME    : [BatteryChange]action: android.intent.action.BATTERY_CHANGED
--------- switch to system
11-02 22:20:01.704152  1686  1702 W BroadcastQueue: Background execution not allowed: receiving Intent { act=android.intent.action.USER_PRESENT flg=0x10 } to com.google.android.gms/.auth.setup.devicesignals.LockScreenReceiver
11-02 22:20:01.704611  1686  1702 W BroadcastQueue: Background execution not allowed: receiving Intent { act=android.intent.action.USER_PRESENT flg=0x10 } to com.google.android.gms/.chimera.GmsIntentOperationService$PersistentTrustedReceiver
--------- switch to main
11-02 22:20:01.713748  3205  3434 W WorkController: Loading failed for worker [trainingcache]: worker not found
11-02 22:20:01.715224  3205  3294 W A       : TrainingCache cache DEVICE_UNLOCKED failure
11-02 22:20:01.715224  3205  3294 W A       : com.google.android.apps.gsa.search.core.service.h.a.a: No worker found for Worker ID [trainingcache].
11-02 22:20:01.715224  3205  3294 W A       : 	at com.google.android.apps.gsa.search.core.service.g.a.c.a(Unknown Source:5)
11-02 22:20:01.715224  3205  3294 W A       : 	at com.google.android.libraries.gsa.c.a.d.a(Unknown Source:3)
11-02 22:20:01.715224  3205  3294 W A       : 	at com.google.common.p.a.cg.c(Unknown Source:2)
11-02 22:20:01.715224  3205  3294 W A       : 	at com.google.common.p.a.bk.run(SourceFile:3)
11-02 22:20:01.715224  3205  3294 W A       : 	at com.google.common.p.a.ci.run(Unknown Source:4)
11-02 22:20:01.715224  3205  3294 W A       : 	at com.google.apps.tiktok.concurrent.ab.run(SourceFile:1)
11-02 22:20:01.715224  3205  3294 W A       : 	at java.util.concurrent.ThreadPoolExecutor.runWorker(ThreadPoolExecutor.java:1167)
11-02 22:20:01.715224  3205  3294 W A       : 	at java.util.concurrent.ThreadPoolExecutor$Worker.run(ThreadPoolExecutor.java:641)
11-02 22:20:01.715224  3205  3294 W A       : 	at com.google.apps.tiktok.concurrent.c.run(Unknown Source:4)
11-02 22:20:01.715224  3205  3294 W A       : 	at java.lang.Thread.run(Thread.java:764)
11-02 22:20:01.717480  4243  4243 D OMService: onDisplayChanged: not dozing
11-02 22:20:01.725615  1686  1799 E WifiStateMachine: getWifiLinkLayerStats called without an interface
11-02 22:20:01.729535  1956  1956 D QtiCarrierConfigHelper: WARNING, no carrier configs on phone Id: 0
11-02 22:20:01.742031  1686  1759 I InputReader: Reconfiguring input devices.  changes=0x00000004
--------- switch to kernel
11-02 22:20:01.668387     0     0 E bgrsb   : bgrsb_enable: rsb will set report rate
11-02 22:20:01.673699     0     0 E bgrsb   : bgrsb_enable: gpio 32 is valid
11-02 22:20:01.732629     0     0 I init    : processing action (ro.enable_core_ctl=true && sys.cw_corectl_mode=perf) from (/vendor/etc/init/hw/init.qcom.rc:954)
11-02 22:20:01.735463     0     0 I CPU2    : update cpu_capacity 1024
--------- switch to main
11-02 22:20:01.755064  2520  8464 D HOME    : [BatteryChange]HandleBatteryChangedTask
11-02 22:20:01.755644  2520  8464 D HOME    : [BatteryChange]level: 54, status: 3
11-02 22:20:01.781997  1686  1686 I WearPower: [WearTouchMediator] changing touch input to enabled (ON_AUTO)
11-02 22:20:01.783894  1686  1759 I InputReader: Reconfiguring input devices.  changes=0x00000200
11-02 22:20:01.811019   504   523 I SDM     : DisplayBase::SetDisplayState: Set state = 3, display 0
11-02 22:20:01.811369   504   523 D SDM     : HWCDisplayPrimary::SetStandByMode: Display is connected successfully
--------- switch to kernel
11-02 22:20:01.750165     0     0 I         : [touch]FB_BLANK_VSYNC_SUSPEND
11-02 22:20:01.750171     0     0 I         : [touch]Already in suspend state
--------- switch to main
11-02 22:20:01.817701   416   416 D SKGHAL  : standBy_update_control call succeed on 0
11-02 22:20:01.817875   416   416 D SKGHAL  : sendAmbientEvent: done: enable = 0
11-02 22:20:01.819027  1686  1823 D SidekickService:    ... endDisplay returns void
11-02 22:20:01.820212   545   545 D SurfaceFlinger: Set power mode=2, type=0 flinger=0xb6bb6000
11-02 22:20:01.820835   504   764 I SDM     : DisplayBase::SetDisplayState: Set state = 1, display 0
11-02 22:20:01.832663   545   545 D SurfaceFlinger: Finished set power mode=2, type=0
11-02 22:20:01.835940  1686  1686 D WristGestureCtrl: Starting: GesturesEnabled-false UngazeEnabled-true
11-02 22:20:01.836219  1686  1686 D DefaultUngazeDetector: starting
11-02 22:20:01.836349  1686  1686 D DefaultUngazeDetector: startUngazeStateEstimation(). startTime = 19481266
--------- switch to system
11-02 22:20:01.836647  1686  1712 W PowerManagerService: Screen on took 365 ms
--------- switch to main
11-02 22:20:01.836716  1686  1686 W AlarmManagerProxy: Removing unknown listener
--------- switch to system
11-02 22:20:01.837610  1686  1712 I DreamManagerService: Gently waking up from dream.
11-02 22:20:01.838221  1686  1708 I DreamManagerService: Performing gentle wake from dream.
--------- switch to kernel
11-02 22:20:01.767607     0     0 I mdss_dsi_panel_set_idle_mode: Idle (1->0)
11-02 22:20:01.767906     0     0 I CPU2    : update max cpu_capacity 1024
11-02 22:20:01.768655     0     0 I CPU3    : update cpu_capacity 1024
11-02 22:20:01.769145     0     0 E mdp3_enable_panic_ctrl: mdp3_enable_panic_ctrl: Enable Panic Control
11-02 22:20:01.769304     0     0 I         : [touch]FB_BLANK_UNBLANK
11-02 22:20:01.769314     0     0 I         : [touch]raydium_ts_do_resume, 1.
11-02 22:20:01.770024     0     0 I         : [ raydium ]workqueue is empty!
11-02 22:20:01.770066     0     0 I raydium_ts 5-0039: [touch]Already enable irq
11-02 22:20:01.770072     0     0 I         : [touch]Device may wakeup
--------- switch to main
11-02 22:20:01.840237   512  1749 I sensors-hal: batch:140, android.sensor.accelerometer/48, period=19231000, max_latency=100000000
11-02 22:20:01.842752   512  8644 I sensors-hal: handle_indication_realtime:355,  SCHED_FIFO(10) for qmi_cbk
11-02 22:20:01.844703   512  1749 I sensors-hal: batch:149, android.sensor.accelerometer/48, period=19231000, max_latency=100000000 request completed
11-02 22:20:01.845692   512  1749 I sensors-hal: flush:169, android.sensor.accelerometer/48
11-02 22:20:01.845620  1686  1686 W DefaultSettingsContentR: Value for ambient_low_bit_enabled not stored as number. Attempting parse as boolean.
11-02 22:20:01.847973   512  1749 I sensors-hal: flush:175, android.sensor.accelerometer/48 completed
--------- switch to system
11-02 22:20:01.853278  1686  1686 V DreamService[AmbientDream]: wakeUp(): fromSystem=true, mWaking=false, mFinished=false
11-02 22:20:01.853623  1686  1686 V DreamService[AmbientDream]: finish(): mFinished=false
11-02 22:20:01.853777  1686  1686 I DreamManagerService: Leaving dreamland.
11-02 22:20:01.856691  1686  1708 I DreamManagerService: Performing gentle wake from dream.
11-02 22:20:01.857378  1686  1708 I DreamController: Stopping dream: name=ComponentInfo{com.google.android.wearable.ambient/com.google.android.wearable.ambient.AmbientDream}, isTest=false, canDoze=true, userId=0
--------- switch to main
11-02 22:20:01.864027  1686  1686 W AlarmManager: Unrecognized alarm listener com.android.server.job.controllers.-$$Lambda$IdleController$IdlenessTracker$nTdS-lGBXcES5VWKcJFmQFgU7IU@1ab437a
--------- switch to system
11-02 22:20:01.865762  1686  1686 V DreamService[AmbientDream]: detach(): Calling onDreamingStopped()
--------- switch to main
11-02 22:20:01.866164  1686  1686 I AmbientService: [ce6a28c] doOnDreamingStopped
11-02 22:20:01.866324  1686  1686 W AlarmManagerProxy: Removing unknown listener
11-02 22:20:01.878428  2520  2520 D HOME    : [HomeVisitsLogger]Logging streamlet event: visit_start
11-02 22:20:01.879108  2520  2520 D HOME    : [HomeVisitsLogger]Logging streamlet event: exit_ambient_mode
11-02 22:20:01.879968  2520  2520 D HOME    : [HotwordController]updateClient MODE_WATCH_FACE false false false true
11-02 22:20:01.880700  3205  3434 W WorkController: Loading failed for worker [trainingcache]: worker not found
11-02 22:20:01.881764  2520  2520 D HOME    : [WatchFaceUiController]setInAmbientMode false
11-02 22:20:01.881929  2520  2520 D HOME    : [WatchFaceUiController]sendWatchFaceServiceBinder
11-02 22:20:01.883085  3205  3372 W A       : TrainingCache cache SCREEN_ON failure
11-02 22:20:01.883085  3205  3372 W A       : com.google.android.apps.gsa.search.core.service.h.a.a: No worker found for Worker ID [trainingcache].
11-02 22:20:01.883085  3205  3372 W A       : 	at com.google.android.apps.gsa.search.core.service.g.a.c.a(Unknown Source:5)
11-02 22:20:01.883085  3205  3372 W A       : 	at com.google.android.libraries.gsa.c.a.d.a(Unknown Source:3)
11-02 22:20:01.883085  3205  3372 W A       : 	at com.google.common.p.a.cg.c(Unknown Source:2)
11-02 22:20:01.883085  3205  3372 W A       : 	at com.google.common.p.a.bk.run(SourceFile:3)
11-02 22:20:01.883085  3205  3372 W A       : 	at com.google.common.p.a.ci.run(Unknown Source:4)
11-02 22:20:01.883085  3205  3372 W A       : 	at com.google.apps.tiktok.concurrent.ab.run(SourceFile:1)
11-02 22:20:01.883085  3205  3372 W A       : 	at java.util.concurrent.ThreadPoolExecutor.runWorker(ThreadPoolExecutor.java:1167)
11-02 22:20:01.883085  3205  3372 W A       : 	at java.util.concurrent.ThreadPoolExecutor$Worker.run(ThreadPoolExecutor.java:641)
11-02 22:20:01.883085  3205  3372 W A       : 	at com.google.apps.tiktok.concurrent.c.run(Unknown Source:4)
11-02 22:20:01.883085  3205  3372 W A       : 	at java.lang.Thread.run(Thread.java:764)
--------- switch to kernel
11-02 22:20:01.807095     0     0 I CPU0    : update max cpu_capacity 748
11-02 22:20:01.807668     0     0 I CPU2    : update max cpu_capacity 1024
11-02 22:20:01.820275     0     0 I init    : Command 'write /sys/devices/system/cpu/cpu3/online 1' action=ro.enable_core_ctl=true && sys.cw_corectl_mode=perf (/vendor/etc/init/hw/init.qcom.rc:957) took 54ms and succeeded
--------- switch to main
11-02 22:20:01.889804  1686  1686 I AmbientService: [ce6a28c] No auto-resume Activity.
11-02 22:20:01.891023  2520  2520 D HOME    : [WatchFaceUiController]sendStateToWallpaper
11-02 22:20:01.894293  2520  2520 D HOME    : [WatchFaceUiController]Showing watch face wallpaper.
11-02 22:20:01.894639  2520  2520 D HOME    : [WatchFaceUiController]sendStateToWallpaper
11-02 22:20:01.900331  2520  2520 D HOME    : [StreamDBQueue]Promised revision #2277 to queue a new op
--------- switch to system
11-02 22:20:01.900267  1686  1686 W ContextImpl: Calling a method in the system process without a qualified user: android.app.ContextImpl.sendBroadcast:1020 android.content.ContextWrapper.sendBroadcast:449 com.google.android.wearable.ambient.AmbientDream.onDestroy:273 android.app.ActivityThread.handleStopService:3698 android.app.ActivityThread.access$1700:200 
--------- switch to main
11-02 22:20:01.900822  2520  2520 D WatchStreamManager: Promised rank-blocked=true @ r#2277
11-02 22:20:01.901073  1686  1686 E AlarmManager: cancel() called with a null PendingIntent
--------- switch to system
11-02 22:20:01.901595  1686  1686 V DreamService[AmbientDream]: onDestroy()
--------- switch to main
11-02 22:20:01.901742  2520  2520 D HOME    : [StreamDBQueue]Promised revision #2278 to queue a new op
11-02 22:20:01.901964  2520  2520 D WatchStreamManager: Promised rank-blocked=true @ r#2278
11-02 22:20:01.903178  2520  2520 D HOME    : [TilesController]Tile refresh optimization is enabled.
11-02 22:20:01.904176  2520  2520 D HOME    : [EventBus]Wrapper pool is full. Discarding excess wrapper instance for event com.google.android.clockwork.sysui.events.KeyguardStateEvent
11-02 22:20:01.904353  2520  2520 D HOME    : [WatchFaceUiController]sendStateToWallpaper
11-02 22:20:01.911857  2520  2520 D HOME    : [EventBus]Wrapper pool is full. Discarding excess wrapper instance for event com.google.android.clockwork.sysui.events.KeyguardStateEvent
11-02 22:20:01.912486  2520  2520 D HOME    : [EventBus]Wrapper pool is full. Discarding excess wrapper instance for event com.google.android.clockwork.sysui.events.KeyguardStateEvent
11-02 22:20:01.915023  2520  8464 D HOME    : [WatchStreamDB]Item alerting conditions - isInterruptive: false, recentlyInterrupted: false, isItemPinned: false, isUnread: false
11-02 22:20:01.915945  2520  8464 D HOME    : [StreamAlertingRegulator]isTheaterModeEnabled: false, isAlertingAllowedByOffBody: true, matchesLocalInterruptionFilter: true
11-02 22:20:01.916544  2520  8464 D HOME    : [WatchStreamDB]couldItemAlert: false, isTopItemChanged: false, isDeferralForTopItem: false
11-02 22:20:01.920215  2520  8464 D HOME    : [WatchStreamDB]Item alerting conditions - isInterruptive: false, recentlyInterrupted: false, isItemPinned: false, isUnread: false
11-02 22:20:01.920980  2520  8464 D HOME    : [StreamAlertingRegulator]isTheaterModeEnabled: false, isAlertingAllowedByOffBody: true, matchesLocalInterruptionFilter: true
11-02 22:20:01.921400  2520  8464 D HOME    : [WatchStreamDB]couldItemAlert: false, isTopItemChanged: false, isDeferralForTopItem: false
11-02 22:20:01.921976  2520  2520 D HOME    : [WatchFaceUiController]sendStateToWallpaper
11-02 22:20:01.929111  2520  2520 W StaticLayout: maxLineHeight should not be -1.  maxLines:1 lineCount:1
11-02 22:20:01.932938   512  8642 I sensors-hal: handle_indication_realtime:355,  SCHED_FIFO(10) for qmi_cbk
11-02 22:20:01.990335  2520  2520 D HOME    : [StreamDBQueue]Promised revision #2279 to queue a new op
11-02 22:20:01.991021  2520  2520 D WatchStreamManager: Promised rank-blocked=true @ r#2279
11-02 22:20:01.993997  2520  8563 D HOME    : [WatchStreamDB]Item alerting conditions - isInterruptive: false, recentlyInterrupted: false, isItemPinned: false, isUnread: false
11-02 22:20:01.994905  2520  8563 D HOME    : [StreamAlertingRegulator]isTheaterModeEnabled: false, isAlertingAllowedByOffBody: true, matchesLocalInterruptionFilter: true
11-02 22:20:01.995519  2520  8563 D HOME    : [WatchStreamDB]couldItemAlert: false, isTopItemChanged: false, isDeferralForTopItem: false
11-02 22:20:02.007784  2520  2714 D HOME    : [TickMonitor]Received time tick
11-02 22:20:02.008394  2520  2714 D HOME    : [TickMonitor]handleTimeTick() finished
11-02 22:20:02.015467  2520  2520 D HOME    : [WatchFaceUiController]sendWatchFaceServiceBinder
11-02 22:20:02.020326  2520  2520 D HOME    : [WatchFaceUiController]sendProperties
11-02 22:20:02.025469  2520  2520 D HOME    : [WatchFaceUiController]sendStateToWallpaper
11-02 22:20:02.400820   512  1749 I sensors-hal: activate:107, android.sensor.light/46 en=0
11-02 22:20:02.402008   512  1749 I sensors-hal: activate:118, android.sensor.light/46 en=0 completed
11-02 22:20:02.404001   512  1749 I sensors-hal: batch:140, android.sensor.light/46, period=250000000, max_latency=0
11-02 22:20:02.404095   512  1749 I sensors-hal: batch:149, android.sensor.light/46, period=250000000, max_latency=0 request completed
11-02 22:20:02.404438   512  1749 I sensors-hal: activate:107, android.sensor.light/46 en=1
11-02 22:20:02.404714   512  1749 I sensors-hal: ssc_enable_rt_task:254, ssc_enable_rt_task : true
11-02 22:20:02.407423   512  1749 I sensors-hal: activate:118, android.sensor.light/46 en=1 completed
--------- switch to system
11-02 22:20:02.410968  1686  1686 V SettingsProvider: Notifying for 0: content://settings/system/screen_brightness
--------- switch to main
11-02 22:20:02.411929  1686  1686 I SidekickService: loadBrightnessLocked()
11-02 22:20:02.415318  1686  1686 D SidekickService: screenBrightness  = 50
11-02 22:20:02.416065  1686  1686 D SidekickService: sendConfigValuesLocked(): alsThresholds = [40, 92, 95, 100, 125, 150, 175, 200, 225, 250, 300, 400, 500, 800, 1200], brightnessValuesBright = [50, 56, 60, 70, 80, 90, 100, 115, 120, 140, 160, 180, 200, 220, 240, 255], brightnessValuesDim= [50, 56, 60, 70, 80, 90, 100, 115, 120, 140, 160, 180, 200, 220, 240, 255]
11-02 22:20:02.431473  1686  1686 D SidekickService: setAlsMode(): mode = 2, brightenAlpha = 80, dimmingAlpha = 80
11-02 22:20:02.446524  1686  1686 D SidekickService: setTwmConfig():: msTiltToBright = 10000, tiltToBright = false
11-02 22:20:02.494201   512  8654 I sensors-hal: handle_indication_realtime:355,  SCHED_FIFO(10) for qmi_cbk
11-02 22:20:04.219674   512   512 I sensors-hal: batch:140, android.sensor.accelerometer/48, period=66667000, max_latency=100000000
11-02 22:20:04.221753   512   512 I sensors-hal: batch:149, android.sensor.accelerometer/48, period=66667000, max_latency=100000000 request completed
11-02 22:20:04.222517  1686  1686 D DefaultUngazeDetector: Ungaze event occurred; emitting gesture event!
11-02 22:20:04.222625  1686  1686 D WristGestureCtrl: Gesture:GESTURE UNGAZE, timestamp(ms): 19481266, confidence: 0.0, latency(ms): 0, duration(ms): 2386
11-02 22:20:04.224061   512   512 I sensors-hal: batch:140, android.sensor.accelerometer/48, period=19231000, max_latency=100000000
11-02 22:20:04.225793   512   512 I sensors-hal: batch:149, android.sensor.accelerometer/48, period=19231000, max_latency=100000000 request completed
--------- switch to system
11-02 22:20:04.226041  1686  1686 I WindowManager: sleepRelease() calling goToSleep(GO_TO_SLEEP_REASON_SLEEP_BUTTON)
--------- switch to main
11-02 22:20:04.226166   512   512 I sensors-hal: flush:169, android.sensor.accelerometer/48
--------- switch to system
11-02 22:20:04.226236  1686  1686 I PowerManagerService: Going to sleep due to sleep button (uid 1000)...
--------- switch to main
11-02 22:20:04.227300   512   512 I sensors-hal: flush:175, android.sensor.accelerometer/48 completed
--------- switch to system
11-02 22:20:04.228091  1686  1686 W UsageStatsService: Event reported without a package name
11-02 22:20:04.228506  1686  1712 I DreamManagerService: Entering dreamland.
11-02 22:20:04.229389  1686  1712 I PowerManagerService: Dozing...
11-02 22:20:04.244277  1686  1708 I DreamController: Starting dream: name=ComponentInfo{com.google.android.wearable.ambient/com.google.android.wearable.ambient.AmbientDream}, isTest=false, canDoze=true, userId=0
11-02 22:20:04.264773  1686  1686 W ContextImpl: Calling a method in the system process without a qualified user: android.app.ContextImpl.bindService:1611 android.content.ContextWrapper.bindService:698 com.google.android.wearable.ambient.AmbientDream.onCreate:191 android.app.ActivityThread.handleCreateService:3533 android.app.ActivityThread.access$1300:200 
11-02 22:20:04.268121  1686  1686 W ContextImpl: Calling a method in the system process without a qualified user: android.app.ContextImpl.sendBroadcast:1005 android.content.ContextWrapper.sendBroadcast:444 com.google.android.wearable.ambient.AmbientDream.onCreate:241 android.app.ActivityThread.handleCreateService:3533 android.app.ActivityThread.access$1300:200 
11-02 22:20:04.268862  1686  1686 V DreamService[AmbientDream]: onBind() intent = Intent { act=android.service.dreams.DreamService flg=0x800000 cmp=com.google.android.wearable.ambient/.AmbientDream }
--------- switch to main
11-02 22:20:04.270151  1686  1686 I AmbientService: [ce6a28c] Ambient Created
--------- switch to system
11-02 22:20:04.271210  1686  1686 V DreamService[AmbientDream]: Calling onDreamingStarted()
--------- switch to main
11-02 22:20:04.271364  1686  1686 I AmbientService: [ce6a28c] doOnDreamingStarted
11-02 22:20:04.271933  1686  1686 D SidekickService: setShouldControlDisplay called: true
11-02 22:20:04.273059  1686  1686 I AmbientService: [ce6a28c] Selected running activity for ambient mode: AmbientActivity[component=ComponentInfo{com.google.android.wearable.app/com.google.android.clockwork.home2.activity.HomeActivity2}, callbacks=@210b385, running=true, ambientRequested=true, ambientEnabled=true, offloadEnabled=true]
11-02 22:20:04.273856  1686  1686 I AmbientService: [ce6a28c] Sidekick is ready to display, requesting doze.
11-02 22:20:04.274514  1686  1686 I AmbientService: [ce6a28c] No auto-resume Activity.
11-02 22:20:04.276979  1686  1686 W DefaultSettingsContentR: Value for ambient_low_bit_enabled not stored as number. Attempting parse as boolean.
11-02 22:20:04.281233  2520  2520 D HOME    : [HomeVisitsLogger]Logging streamlet event: enter_ambient_mode
11-02 22:20:04.282256  2520  2520 D HOME    : [HotwordController]updateClient MODE_WATCH_FACE false true false true
11-02 22:20:04.283751  2520  2520 D HOME    : [WatchFaceUiController]setInAmbientMode true
11-02 22:20:04.284750  2520  8464 I SidekickManager: replaceWatchFaceComponentsImpl(): watchFace = com.google.android.clockwork.decomposablewatchface.WatchFaceDecomposition@c3446aa
11-02 22:20:04.285821  1686  2944 D SidekickService: sendWatchFaceComponents called: watchFace = com.google.android.clockwork.decomposablewatchface.WatchFaceDecomposition@d01251eshouldReplace = false
11-02 22:20:04.286077  1686  2944 D SidekickService: Check decomposition for calling app com.google.android.wearable.app with uid 10049
11-02 22:20:04.286128  2520  2520 D HOME    : [StreamDBQueue]Promised revision #2280 to queue a new op
11-02 22:20:04.286504  2520  2520 D WatchStreamManager: Promised rank-blocked=false @ r#2280
11-02 22:20:04.286568  1686  2944 D SidekickService: sendWatchFaceLocked(): shouldReplace = false, mSidekickIsControlling = false, 1 images, 0 fonts, 0 numbers, 0 proportionalFonts, 0 strings
11-02 22:20:04.286631  1686  2944 D SidekickService: ISidekickGraphics#beginResources()...
11-02 22:20:04.287153  2520  2520 D HOME    : [StreamDBQueue]Promised revision #2281 to queue a new op
11-02 22:20:04.287486  2520  2520 D WatchStreamManager: Promised rank-blocked=false @ r#2281
11-02 22:20:04.287940  2520  8603 D HOME    : [StreamDBQueue]Promised revision #2282 to queue a new op
11-02 22:20:04.288194  1686  2944 D SidekickServiceUtils: bitmapFromDrawable: Returning bitmap directly
11-02 22:20:04.288490  2520  2520 D HOME    : [EventBus]Wrapper pool is full. Discarding excess wrapper instance for event com.google.android.clockwork.sysui.events.KeyguardStateEvent
11-02 22:20:04.288631  2520  2520 D HOME    : [WatchFaceUiController]sendStateToWallpaper
11-02 22:20:04.289510  2520  8563 D HOME    : [WatchStreamDB]Item alerting conditions - isInterruptive: false, recentlyInterrupted: false, isItemPinned: false, isUnread: false
11-02 22:20:04.289919  2520  8563 D HOME    : [StreamAlertingRegulator]isTheaterModeEnabled: false, isAlertingAllowedByOffBody: true, matchesLocalInterruptionFilter: true
11-02 22:20:04.290131  2520  8563 D HOME    : [WatchStreamDB]couldItemAlert: false, isTopItemChanged: false, isDeferralForTopItem: false
11-02 22:20:04.290126  2520  7713 D HOME    : [HomeVisitsLogger]Logging streamlet event: visit_end
11-02 22:20:04.288127  2520  8603 D WatchStreamManager: Promised rerank @ r#2282
11-02 22:20:04.290759  2520  2520 D HOME    : [EventBus]Wrapper pool is full. Discarding excess wrapper instance for event com.google.android.clockwork.sysui.events.KeyguardStateEvent
11-02 22:20:04.291017  2520  2520 D HOME    : [EventBus]Wrapper pool is full. Discarding excess wrapper instance for event com.google.android.clockwork.sysui.events.KeyguardStateEvent
11-02 22:20:04.291491  2520  8563 D HOME    : [WatchStreamDB]Item alerting conditions - isInterruptive: false, recentlyInterrupted: false, isItemPinned: false, isUnread: false
11-02 22:20:04.291819  2520  8563 D HOME    : [StreamAlertingRegulator]isTheaterModeEnabled: false, isAlertingAllowedByOffBody: true, matchesLocalInterruptionFilter: true
11-02 22:20:04.292166  2520  8563 D HOME    : [WatchStreamDB]couldItemAlert: false, isTopItemChanged: false, isDeferralForTopItem: false
11-02 22:20:04.292465  1686  2944 D SidekickService: sendBitmapsLocked(): bounds = RectF(0.0, 0.0, 0.0024038462, 0.0024038462), drawableInfo = {.id = 100000, .width = 1, .height = 1, .display = true, .offsetX = 0.0, .offsetY = 0.0, .rotationInfo = {.hasRotation = false, .pivotX = 0.0, .pivotY = 0.0, .degreesPerDay = 0.0, .degreesPerStep = 0.0, .zeroDegreesTime = {.daysSinceLocalEpoch = 0, .msSinceMidnight = 0}}, .transformInfo = {.transformed = false, .flipX = false, .flipY = false, .flip45 = false, .scaleX = 0.0, .scaleY = 0.0}, .type = GENERIC, .blink = {.blinking = false, .periodOnMs = 0.0, .periodOffMs = 0.0, .startTime = {.daysSinceLocalEpoch = 0, .msSinceMidnight = 0}}, .zOrder = 8, .displayInTwm = true}, image.size() = 84
11-02 22:20:04.292696  2520  8563 D HOME    : [WatchStreamDB]updateRanking()
11-02 22:20:04.293331   416   416 D SKGHAL  : saveResource: resId = 100000
11-02 22:20:04.293310  2520  8563 D HOME    : [WatchStreamDB]Item alerting conditions - isInterruptive: false, recentlyInterrupted: false, isItemPinned: false, isUnread: false
11-02 22:20:04.293653  2520  8563 D HOME    : [StreamAlertingRegulator]isTheaterModeEnabled: false, isAlertingAllowedByOffBody: true, matchesLocalInterruptionFilter: true
11-02 22:20:04.293692  1686  2944 D SidekickService: sendBitmapsLocked(): status = 0, bytesUsed = 18
11-02 22:20:04.293852  1686  2944 D SidekickService: ISidekickGraphics#endResources()...
11-02 22:20:04.293878  2520  8563 D HOME    : [WatchStreamDB]couldItemAlert: false, isTopItemChanged: false, isDeferralForTopItem: false
11-02 22:20:04.294575  2520  8563 D HOME    : [NewStreamAdapter]Publishing revision #2282 to adapter clients
11-02 22:20:04.295184  2520  8603 D HOME    : [StreamDBQueue]Promised revision #2283 to queue a new op
11-02 22:20:04.295316  2520  8603 D WatchStreamManager: Promised rerank @ r#2283
11-02 22:20:04.295339  2520  7941 D HOME    : [WatchStreamDB]updateRanking()
11-02 22:20:04.307612  2520  7941 D HOME    : [WatchStreamDB]Item alerting conditions - isInterruptive: false, recentlyInterrupted: false, isItemPinned: false, isUnread: false
11-02 22:20:04.308412  2520  7941 D HOME    : [StreamAlertingRegulator]isTheaterModeEnabled: false, isAlertingAllowedByOffBody: true, matchesLocalInterruptionFilter: true
11-02 22:20:04.308891  2520  7941 D HOME    : [WatchStreamDB]couldItemAlert: false, isTopItemChanged: false, isDeferralForTopItem: false
11-02 22:20:04.310186  2520  7941 D HOME    : [NewStreamAdapter]Publishing revision #2283 to adapter clients
11-02 22:20:04.654228   416   416 D SKGHAL  : sendResources: metadata size = 2400, font size = 72
11-02 22:20:04.716590   416   416 D SKGHAL  : endResources: rc = 0
11-02 22:20:04.717816  1686  1686 W system_server: Long monitor contention with owner Binder:1686_F (2944) at int com.google.android.clockwork.sidekick.SidekickService$BinderService.sendWatchFace(com.google.android.clockwork.decomposablewatchface.WatchFaceDecomposition, boolean)(SidekickService.java:1021) waiters=0 in boolean com.google.android.clockwork.sidekick.SidekickService$BinderService.readyToDisplay() for 431ms
11-02 22:20:04.718893  1686  1686 I AmbientService: [ce6a28c] Showing watch face in offload mode, canceling alarm.
