11-03 06:28:10.469213  2520 10004 D HOME    : [DataRequester]cancelScheduledUpdates TileConfig{id=1, provider=ComponentInfo{com.google.android.wearable.app/com.google.android.clockwork.home.weather.WeatherTileProviderService}}
11-03 06:28:10.469483  2520 10004 D HOME    : [DataRequester]cancelScheduledUpdates could not find jobId for provider 1
11-03 06:28:10.469889  2520 10004 D HOME    : [DataRequester]Scheduling job for TileConfig{id=1, provider=ComponentInfo{com.google.android.wearable.app/com.google.android.clockwork.home.weather.WeatherTileProviderService}} delay=14400 jobId=2000110
11-03 06:28:10.473236  9988  9988 D BluetoothOppFileProvider: Initialized
--------- switch to kernel
11-03 06:28:10.475875     0     0 D logd    : logdr: UID=10034 GID=10034 PID=3316 n tail=0 logMask=4 pid=0 start=0ns timeout=0ns
--------- switch to main
11-03 06:28:10.513275  2520  4738 W GmsAccountProvider: No accounts found.
11-03 06:28:10.513389  2520  4738 D HOME    : [LocPermissionChecker]No account present for location permissions.
--------- switch to system
11-03 06:28:10.517540  1686  1712 I DisplayPowerController: Blocking screen on until initial contents have been drawn.
--------- switch to main
11-03 06:28:10.606935   545   545 D SurfaceFlinger: Set power mode=1, type=0 flinger=0xb6bb6000
11-03 06:28:10.608273   504   762 I SDM     : DisplayBase::SetDisplayState: Set state = 2, display 0
11-03 06:28:10.610753  9988  9988 V AdapterServiceConfig: Adding HeadsetService
11-03 06:28:10.614996  9988  9988 V AdapterServiceConfig: Adding A2dpService
11-03 06:28:10.615232  9988  9988 V AdapterServiceConfig: Adding GattService
11-03 06:28:10.615339  9988  9988 V AdapterServiceConfig: Adding HeadsetClientService
11-03 06:28:10.615456  9988  9988 V AdapterServiceConfig: Adding AvrcpTargetService
11-03 06:28:10.615558  9988  9988 V AdapterServiceConfig: Adding SapService
11-03 06:28:10.615660  9988  9988 V AdapterServiceConfig: Adding HidDeviceService
--------- switch to system
11-03 06:28:10.619537  1686  1710 I DisplayManagerService: Display device changed state: "Écran intégré", DOZE
--------- switch to main
11-03 06:28:10.626653  2520  2520 D HOME    : [SurfaceRenderer]maybeRender: hasWindowFocus = true, hasViewFocus = false, hasModelToRender = true, shouldRender = true
11-03 06:28:10.626888  2520  2520 D HOME    : [SurfaceRenderer]cardLifecycleParent: onStart
11-03 06:28:10.627036  2520  2520 D HOME    : [SurfaceRenderer]cardLifecycleParent: onResume
11-03 06:28:10.627549  2520  2520 E AVDLooper: Draw HeaderCardController in AmbientMode.
11-03 06:28:10.634618  2520  2520 D HOME    : [HotwordController]updateClient MODE_WATCH_FACE false true true true
11-03 06:28:10.639811  2520  2520 D HOME    : [HotwordController]updateClient MODE_WATCH_FACE false true false true
11-03 06:28:10.646110  1686  1698 I AmbientService: [ce6a28c] Potential first ambient activity started: AmbientActivity[component=ComponentInfo{com.google.android.wearable.app/com.google.android.clockwork.home2.activity.HomeActivity2}, callbacks=@210b385, running=true, ambientRequested=true, ambientEnabled=true, offloadEnabled=true]
11-03 06:28:10.646503  1686  1698 D SidekickService: setShouldControlDisplay called: true
11-03 06:28:10.646984  1686  1698 I AmbientService: [ce6a28c] Selected running activity for ambient mode: AmbientActivity[component=ComponentInfo{com.google.android.wearable.app/com.google.android.clockwork.home2.activity.HomeActivity2}, callbacks=@210b385, running=true, ambientRequested=true, ambientEnabled=true, offloadEnabled=true]
11-03 06:28:10.647550  1686  1698 I AmbientService: [ce6a28c] Sidekick is ready to display, requesting doze.
11-03 06:28:10.648256  1686  1698 I AmbientService: [ce6a28c] No auto-resume Activity.
11-03 06:28:10.649341  1686  1698 W DefaultSettingsContentR: Value for ambient_low_bit_enabled not stored as number. Attempting parse as boolean.
11-03 06:28:10.651772  1686  1698 I AmbientService: [ce6a28c] Showing watch face in offload mode, canceling alarm.
11-03 06:28:10.651863  1686  1698 W AlarmManagerProxy: Removing unknown listener
11-03 06:28:10.651916  1686  1698 I AmbientService: [ce6a28c] The new activity has probably been launched on purpose.
11-03 06:28:10.660419  2520  2520 D HOME    : [WeatherClientImpl]Retrieves weather from network
11-03 06:28:10.667843   501  1904 I LocSvc_ApiV02: <--- globalEventCb line 152 QMI_LOC_EVENT_POSITION_REPORT_IND_V02
11-03 06:28:10.683423  1686  1759 I InputReader: Reconfiguring input devices.  changes=0x00000004
11-03 06:28:10.706976  2520  2520 D HOME    : [JoviUpdater]background update succeeded
11-03 06:28:10.710067  2520  9968 D HOME    : [DataRequester]cancelScheduledUpdates TileConfig{id=-1, provider=ComponentInfo{com.google.android.wearable.app/com.google.android.clockwork.home.jovi.tile.JoviTileProviderService}}
11-03 06:28:10.733490  9988  9988 I         : [1103/062810.732438:INFO:com_android_bluetooth_btservice_AdapterService.cpp(630)] hal_util_load_bt_library loaded HAL: btinterface=0x925c6234, handle=0xf5d21937
11-03 06:28:10.734612  9988  9988 D BluetoothAdapterService: onCreate()
--------- switch to system
11-03 06:28:10.739920  1686  1712 I DisplayPowerController: Unblocked screen on after 222 ms
--------- switch to main
11-03 06:28:10.710293  2520  9968 D HOME    : [DataRequester]cancelScheduledUpdates could not find jobId for provider -1
11-03 06:28:10.757466  2520  9968 D HOME    : [DataRequester]updateFinished -1
11-03 06:28:10.757786  2520  9968 D HOME    : [ProviderConnMgr]Unbinding from service
11-03 06:28:10.761167  9988  9988 D AdapterState: make() - Creating AdapterState
11-03 06:28:10.772072  2520 10004 W HOME    : [WeatherFetcher]HTTP request error : Unable to resolve host "www.google.com": No address associated with hostname
11-03 06:28:10.775153  2520  9987 D HOME    : [WeatherClientImpl]Weather request failed. ltj: flo: Http request error : Unable to resolve host "www.google.com": No address associated with hostname
11-03 06:28:10.789292  2520  2520 D HOME    : [WeatherClientImpl]An error occurred when retrieved the weather, error: flo: Http request error : Unable to resolve host "www.google.com": No address associated with hostname
11-03 06:28:10.789651  2520  2520 W HOME    : [WeatherProviderListener]Weather updater callback received failure.
11-03 06:28:10.792143   545   545 D SurfaceFlinger: Finished set power mode=1, type=0
11-03 06:28:10.792665  1686  1823 D SurfaceControl: Excessive delay in setPowerMode()
--------- switch to system
11-03 06:28:10.793648  1686  1710 I DisplayManagerService: Display device changed state: "Écran intégré", DOZE_SUSPEND
--------- switch to main
11-03 06:28:10.794642  9988  9988 I bt_btif : init
11-03 06:28:10.795637  9988  9988 D bt_osi_allocation_tracker: canary initialized
11-03 06:28:10.804747  9988 10011 I AdapterState: OFF : entered 
11-03 06:28:10.804881  9988 10011 D AdapterProperties: Setting state to OFF
11-03 06:28:10.807359  9988 10012 I bt_osi_thread: run_thread: thread id 10012, thread name stack_manager started
11-03 06:28:10.811003  9988 10012 I bt_stack_manager: event_init_stack is initializing the stack
11-03 06:28:10.817334   545   545 D SurfaceFlinger: Set power mode=3, type=0 flinger=0xb6bb6000
11-03 06:28:10.817858   504   762 I SDM     : DisplayBase::SetDisplayState: Set state = 3, display 0
11-03 06:28:10.818194   545   545 D SurfaceFlinger: Finished set power mode=3, type=0
11-03 06:28:10.819300  1686  1823 I SidekickService: beginDisplayLocked(): DOZE_SUSPEND
11-03 06:28:10.825458   416   416 D SKGHAL  : sendAmbientPrepare: enter:
11-03 06:28:10.835279  1686  1759 I InputReader: Reconfiguring input devices.  changes=0x00000004
11-03 06:28:10.841378  9988 10015 I bt_osi_thread: run_thread: thread id 10015, thread name alarm_default_ca started
11-03 06:28:10.851759  9988 10016 I bt_osi_thread: run_thread: thread id 10016, thread name alarm_dispatcher started
11-03 06:28:10.855971  9988 10012 I bt_btif_core: btif_init_bluetooth entered
11-03 06:28:10.856585  9988 10012 I bt_stack_config: init attempt to load stack conf from /etc/bluetooth/bt_stack.conf
11-03 06:28:10.856903  1686  1698 I GnssLocationProvider: WakeLock acquired by sendMessage(SET_REQUEST, 0, com.android.server.location.GnssLocationProvider$GpsRequest@48d8287)
11-03 06:28:10.857513   501   501 I LocSvc_GnssInterface: ===> setPositionMode line 269 
11-03 06:28:10.858330  1686  1701 I GnssLocationProvider: WakeLock released by handleMessage(SET_REQUEST, 0, com.android.server.location.GnssLocationProvider$GpsRequest@48d8287)
11-03 06:28:10.866221  2520  9987 D HOME    : [ComplicationController]scheduleImmediateUpdateForAllFromProvider ComponentInfo{com.google.android.wearable.app/com.google.android.clockwork.home.weather.WeatherProviderService}
11-03 06:28:10.867664  2520  9968 D HOME    : [DataRequester]Scheduling job for TileConfig{id=-1, provider=ComponentInfo{com.google.android.wearable.app/com.google.android.clockwork.home.jovi.tile.JoviTileProviderService}} delay=14400 jobId=2000111
11-03 06:28:10.873667  2520  9968 D HOME    : [DataRequester]cancelScheduledUpdates TileConfig{id=1, provider=ComponentInfo{com.google.android.wearable.app/com.google.android.clockwork.home.weather.WeatherTileProviderService}}
11-03 06:28:10.874838  9988 10017 I bt_osi_thread: run_thread: thread id 10017, thread name bt_jni_workqueue started
11-03 06:28:10.875021  9988 10012 I bt_btif_core: btif_init_bluetooth finished
11-03 06:28:10.875059  9988 10012 I bt_stack_manager: event_init_stack finished
11-03 06:28:10.875296  9988  9988 I bt_osi_wakelock: wakelock_set_os_callouts set to non-native
11-03 06:28:10.875355  9988  9988 I bt_btif : get_profile_interface: id = socket
11-03 06:28:10.875548  9988  9988 W bt_btif : do_in_jni_thread: Dropped message, message_loop not initialized yet!
11-03 06:28:10.875614  9988  9988 I chatty  : uid=1002(bluetooth) com.android.bluetooth identical 1 line
11-03 06:28:10.875662  9988  9988 W bt_btif : do_in_jni_thread: Dropped message, message_loop not initialized yet!
11-03 06:28:10.877449  9988  9988 I bt_btif : get_profile_interface: id = sdp
11-03 06:28:10.878683  9988 10017 I bt_btif_core: run_message_loop entered
11-03 06:28:10.888559  2520  9968 D HOME    : [DataRequester]requestUpdateFromProvider TileConfig{id=1, provider=ComponentInfo{com.google.android.wearable.app/com.google.android.clockwork.home.weather.WeatherTileProviderService}}
11-03 06:28:10.889532  2520  2520 D HOME    : [WeatherTileProvServ]onTileUpdate
11-03 06:28:10.890123  2520  2520 D HOME    : [WeatherTileProCtr]getWeatherData
11-03 06:28:10.891110  2520  2520 D HOME    : [WeatherProviderPrefs]getLatestWeather lastUpdateTime = [1635869074185]
11-03 06:28:10.892398  2520  2520 D HOME    : [WeatherTileProCtr]Error of type 2 recorded at time: 1635917290789
11-03 06:28:10.892588  9988  9988 I BluetoothAdapterService: Phone policy enabled
11-03 06:28:10.896251  2520  2520 D HOME    : [WeatherTileProvServ]Receive NO_ERROR
11-03 06:28:10.896330  9988  9988 D BluetoothActiveDeviceManager: start()
11-03 06:28:10.900070  2520  9968 D HOME    : [DataRequester]cancelScheduledUpdates TileConfig{id=1, provider=ComponentInfo{com.google.android.wearable.app/com.google.android.clockwork.home.weather.WeatherTileProviderService}}
11-03 06:28:10.900313  2520  9968 D HOME    : [DataRequester]cancelScheduledUpdates could not find jobId for provider 1
11-03 06:28:10.900524  2520  9968 D HOME    : [DataRequester]updateFinished 1
11-03 06:28:10.900601  2520  9968 D HOME    : [ProviderConnMgr]Unbinding from service
11-03 06:28:10.910937  2520  9968 D HOME    : [DataRequester]Scheduling job for TileConfig{id=1, provider=ComponentInfo{com.google.android.wearable.app/com.google.android.clockwork.home.weather.WeatherTileProviderService}} delay=14400 jobId=2000112
11-03 06:28:10.923731  9988 10018 D BluetoothActiveDeviceManager: onAudioDevicesAdded
11-03 06:28:10.923877  9988 10018 D BluetoothActiveDeviceManager: Audio device added: Summit 2+ type: 1
11-03 06:28:10.923920  9988 10018 D BluetoothActiveDeviceManager: Audio device added: Summit 2+ type: 2
11-03 06:28:10.923954  9988 10018 D BluetoothActiveDeviceManager: Audio device added: Summit 2+ type: 15
11-03 06:28:10.923985  9988 10018 D BluetoothActiveDeviceManager: Audio device added: Summit 2+ type: 15
11-03 06:28:10.924016  9988 10018 D BluetoothActiveDeviceManager: Audio device added: Summit 2+ type: 18
11-03 06:28:10.924046  9988 10018 D BluetoothActiveDeviceManager: Audio device added: Summit 2+ type: 16
11-03 06:28:10.924252  9988  9988 D BluetoothAdapterService: setAdapterService() - trying to set service to com.android.bluetooth.btservice.AdapterService@4a429d6
11-03 06:28:10.929053  9988  9988 W BluetoothAdapterService: Unable to resolve SystemUI's UID.
11-03 06:28:10.929053  9988  9988 W BluetoothAdapterService: android.content.pm.PackageManager$NameNotFoundException: com.android.systemui
11-03 06:28:10.929053  9988  9988 W BluetoothAdapterService: 	at android.app.ApplicationPackageManager.getPackageUidAsUser(ApplicationPackageManager.java:299)
11-03 06:28:10.929053  9988  9988 W BluetoothAdapterService: 	at com.android.bluetooth.btservice.AdapterService.onCreate(AdapterService.java:430)
11-03 06:28:10.929053  9988  9988 W BluetoothAdapterService: 	at android.app.ActivityThread.handleCreateService(ActivityThread.java:3533)
11-03 06:28:10.929053  9988  9988 W BluetoothAdapterService: 	at android.app.ActivityThread.access$1300(ActivityThread.java:200)
11-03 06:28:10.929053  9988  9988 W BluetoothAdapterService: 	at android.app.ActivityThread$H.handleMessage(ActivityThread.java:1667)
11-03 06:28:10.929053  9988  9988 W BluetoothAdapterService: 	at android.os.Handler.dispatchMessage(Handler.java:106)
11-03 06:28:10.929053  9988  9988 W BluetoothAdapterService: 	at android.os.Looper.loop(Looper.java:193)
11-03 06:28:10.929053  9988  9988 W BluetoothAdapterService: 	at android.app.ActivityThread.main(ActivityThread.java:6680)
11-03 06:28:10.929053  9988  9988 W BluetoothAdapterService: 	at java.lang.reflect.Method.invoke(Native Method)
11-03 06:28:10.929053  9988  9988 W BluetoothAdapterService: 	at com.android.internal.os.RuntimeInit$MethodAndArgsCaller.run(RuntimeInit.java:493)
11-03 06:28:10.929053  9988  9988 W BluetoothAdapterService: 	at com.android.internal.os.ZygoteInit.main(ZygoteInit.java:858)
11-03 06:28:10.932800  9988  9988 D BluetoothAdapterService: onBind()
--------- switch to system
11-03 06:28:10.933791  1686  1686 D BluetoothManagerService: BluetoothServiceConnection: com.android.bluetooth.btservice.AdapterService
11-03 06:28:10.934091  1686  1709 D BluetoothManagerService: MESSAGE_BLUETOOTH_SERVICE_CONNECTED: 1
11-03 06:28:10.935178  1686  1709 D BluetoothManagerService: Broadcasting onBluetoothServiceUp() to 11 receivers.
--------- switch to main
11-03 06:28:10.937551  5603  5619 D BluetoothAdapter: onBluetoothServiceUp: android.bluetooth.IBluetooth$Stub$Proxy@c406e7e
11-03 06:28:10.938178  2456  2480 D BluetoothAdapter: onBluetoothServiceUp: android.bluetooth.IBluetooth$Stub$Proxy@5720633
--------- switch to kernel
11-03 06:28:10.766354     0     0 I mdss_dsi_panel_set_idle_mode: Idle (0->1)
11-03 06:28:10.790601     0     0 I         : [touch]FB_BLANK_VSYNC_SUSPEND
11-03 06:28:10.790612     0     0 I         : [touch]Already in suspend state
11-03 06:28:10.818040     0     0 I         : [touch]FB_BLANK_VSYNC_SUSPEND
11-03 06:28:10.818044     0     0 I         : [touch]Already in suspend state
11-03 06:28:11.636158     0     0 I wlan    : loading driver v3.0.11.85
11-03 06:28:11.650421     0     0 I ueventd : firmware: loading 'wlan/prima/WCNSS_qcom_cfg.ini' for '/devices/platform/soc/a000000.qcom,wcnss-wlan/firmware/wlan!prima!WCNSS_qcom_cfg.ini'
11-03 06:28:11.661737     0     0 I ueventd : loading /devices/platform/soc/a000000.qcom,wcnss-wlan/firmware/wlan!prima!WCNSS_qcom_cfg.ini took 11ms
11-03 06:28:11.705015     0     0 I ueventd : firmware: loading 'wlan/prima/WCNSS_qcom_wlan_nv.bin' for '/devices/platform/soc/a000000.qcom,wcnss-wlan/firmware/wlan!prima!WCNSS_qcom_wlan_nv.bin'
11-03 06:28:11.728437     0     0 I ueventd : loading /devices/platform/soc/a000000.qcom,wcnss-wlan/firmware/wlan!prima!WCNSS_qcom_wlan_nv.bin took 23ms
11-03 06:28:11.865681     0     0 I ueventd : firmware: loading 'wlan/prima/wlan_mac.bin' for '/devices/platform/soc/a000000.qcom,wcnss-wlan/firmware/wlan!prima!wlan_mac.bin'
11-03 06:28:11.866190     0     0 E ueventd : firmware: could not find firmware for wlan/prima/wlan_mac.bin
11-03 06:28:11.866812     0     0 I wcnss   : wcnss_get_serial_number: Device serial number: 465348764
11-03 06:28:11.867670     0     0 I ueventd : loading /devices/platform/soc/a000000.qcom,wcnss-wlan/firmware/wlan!prima!wlan_mac.bin took 2ms
11-03 06:28:11.967553     0     0 I wlan    : WCNSS WLAN version 1.5.1.2
11-03 06:28:11.967562     0     0 I wlan    : WCNSS software version CNSS-PR-4-0-4-00061
11-03 06:28:11.967568     0     0 I wlan    : WCNSS hardware version WCN v2.0 RadioPhy vRhea_GF_1.12 with 19.2MHz XO
11-03 06:28:11.967892     0     0 I         : DefaultCountry is 00
11-03 06:28:12.110361     0     0 I wlan_logging_sock_activate_svc: Initalizing FEConsoleLog = 1 NumBuff = 32
11-03 06:28:12.110512     0     0 I wlan_logging_sock_activate_svc: Initalizing Pkt stats pkt_stats_buff = 16
11-03 06:28:12.121908     0     0 I wlan    : driver loaded
11-03 06:28:12.124299     0     0 I send_filled_buffers_to_user: Send Failed -3 drop_count = 0
11-03 06:28:12.133751     0     0 I init    : Received control message 'start' for 'wpa_supplicant' from pid: 618 (/system/bin/wificond)
11-03 06:28:12.134530     0     0 I init    : starting service 'wpa_supplicant'...
11-03 06:28:12.147263     0     0 I init    : Created socket '/dev/socket/wpa_wlan0', mode 660, user 1010, group 1010
11-03 06:28:12.455557     0     0 I IPv6    : ADDRCONF(NETDEV_UP): wlan0: link is not ready
11-03 06:28:12.522852     6     6 E         : [06:28:12.522848] [000000DA101DD198] [wific]  wlan: [E :HDD] wlan_hdd_get_classAstats: Unable to retrieve Class A statistics
11-03 06:28:12.522971     6     6 E         : [06:28:12.522976] [000000DA101DDB12] [wific]  wlan: [E :HDD] wlan_hdd_get_classAstats: Unable to retrieve Class A statistics
11-03 06:28:12.549310     0     0 I init    : Received control message 'interface_start' for 'android.hardware.wifi.offload@1.0::IOffload/default' from pid: 408 (/system/bin/hwservicemanager)
11-03 06:28:12.549382     0     0 E init    : Could not find service hosting interface android.hardware.wifi.offload@1.0::IOffload/default
11-03 06:28:12.555229     6     6 E         : [06:28:12.555225] [000000DA10274DC2] [wpa_s]  wlan: [E :HDD] wlan_hdd_get_classAstats: Unable to retrieve Class A statistics
11-03 06:28:12.555850     6     6 E         : [06:28:12.555845] [000000DA10277C3B] [wpa_s]  wlan: [E :HDD] wlan_hdd_get_classAstats: Unable to retrieve Class A statistics
11-03 06:28:12.559776     6     6 E         : [06:28:12.559776] [000000DA1028A317] [wpa_s]  wlan: [E :HDD] wlan_hdd_get_classAstats: Unable to retrieve Class A statistics
11-03 06:28:12.560120     6     6 E         : [06:28:12.560119] [000000DA1028BCC5] [wpa_s]  wlan: [E :HDD] wlan_hdd_get_classAstats: Unable to retrieve Class A statistics
11-03 06:28:12.572383     6     6 E         : [06:28:12.572385] [000000DA102C54C5] [wpa_s]  wlan: [E :HDD] wlan_hdd_get_classAstats: Unable to retrieve Class A statistics
11-03 06:28:12.590085     0     0 D logd    : logdr: UID=10034 GID=10034 PID=3338 n tail=0 logMask=4 pid=0 start=0ns timeout=0ns
--------- switch to main
11-03 06:28:10.938538  2520  3276 D BluetoothAdapter: onBluetoothServiceUp: android.bluetooth.IBluetooth$Stub$Proxy@59958a
11-03 06:28:10.938848  2163  2175 D BluetoothAdapter: onBluetoothServiceUp: android.bluetooth.IBluetooth$Stub$Proxy@f6cbfd6
11-03 06:28:10.939643  3338  3875 D BluetoothAdapter: onBluetoothServiceUp: android.bluetooth.IBluetooth$Stub$Proxy@f3bbd34
11-03 06:28:10.940050  9988 10002 D BluetoothAdapter: onBluetoothServiceUp: com.android.bluetooth.btservice.AdapterService$AdapterServiceBinder@6dc329d
11-03 06:28:10.940615  3205  3223 D BluetoothAdapter: onBluetoothServiceUp: android.bluetooth.IBluetooth$Stub$Proxy@768669b
11-03 06:28:10.940747  4243  4258 D BluetoothAdapter: onBluetoothServiceUp: android.bluetooth.IBluetooth$Stub$Proxy@5fa9d98
11-03 06:28:10.941006  1686  1709 D BluetoothAdapter: onBluetoothServiceUp: android.bluetooth.IBluetooth$Stub$Proxy@f20f04d
11-03 06:28:10.941412  1956  2270 D BluetoothAdapter: onBluetoothServiceUp: android.bluetooth.IBluetooth$Stub$Proxy@ef77bda
11-03 06:28:10.943037  9988 10002 D BluetoothAdapterService: enable() - Enable called with quiet mode status =  false
11-03 06:28:10.943349  9988 10011 I AdapterState: BLE_TURNING_ON : entered 
11-03 06:28:10.943406  9988 10011 D AdapterProperties: Setting state to BLE_TURNING_ON
11-03 06:28:10.943517  9988 10011 D BluetoothAdapterService: updateAdapterState() - Broadcasting state BLE_TURNING_ON to 1 receivers.
--------- switch to system
11-03 06:28:10.943981  1686  1709 D BluetoothManagerService: MESSAGE_BLUETOOTH_STATE_CHANGE: OFF > BLE_TURNING_ON
11-03 06:28:10.944080  1686  1709 D BluetoothManagerService: Sending BLE State Change: OFF > BLE_TURNING_ON
--------- switch to main
11-03 06:28:10.944152  9988 10011 D BluetoothAdapterService: bleOnProcessStart()
11-03 06:28:10.945300  3316  3910 D BluetoothAdapter: onBluetoothServiceUp: android.bluetooth.IBluetooth$Stub$Proxy@d81b3ca
11-03 06:28:10.953139   416   416 D SKGHAL  : sendAmbientEvent: enter: enable = 1
11-03 06:28:10.954137   504   523 I SDM     : DisplayBase::SetDisplayState: Set state = 4, display 0
11-03 06:28:10.954196   504   523 D SDM     : HWCDisplayPrimary::SetStandByMode: Null display is connected successfully
11-03 06:28:10.954517   416   416 D SKGHAL  : standBy_update_control call succeed on 1
11-03 06:28:10.960802  9988 10011 I AdapterProperties: init(), maxConnectedAudioDevices, default=5, propertyOverlayed=5, finalValue=5
11-03 06:28:10.962529   416   416 D SKGHAL  : sendAmbientEvent: done: enable = 1
11-03 06:28:10.962848  1686  1823 D SidekickService:    ... beginDisplay result: 0 for halPower: 1
11-03 06:28:10.963812  9988 10011 D BluetoothAdapterService: bleOnProcessStart() - Make Bond State Machine
11-03 06:28:10.964363  9988 10011 D BluetoothBondStateMachine: make
11-03 06:28:10.999226  3316 10005 I NetworkScheduler.Stats: Task com.google.android.gms/com.google.android.gms.checkin.EventLogService started execution. cause:4 exec_start_elapsed_seconds: 48769 [CONTEXT service_id=218 ]
11-03 06:28:10.999563  3338  3983 I Checkin : [EventLogChimeraService] Opted in for usage reporting: true
11-03 06:28:10.999647  3338  3983 I Checkin : [EventLogChimeraService] Aggregate from 1635903447739 (log), 1635903447739 (data)
11-03 06:28:11.007587  1686  1820 I WearCellularMediator: OFF_USER_ABSENT changed radio power: false
11-03 06:28:11.014188  9988 10021 I BluetoothBondStateMachine: StableState(): Entering Off State
11-03 06:28:11.017285  9988  9988 I BtGatt.JNI: classInitNative(L889): classInitNative: Success!
11-03 06:28:11.020540  9988  9988 D BtGatt.DebugUtils: handleDebugAction() action=null
11-03 06:28:11.021339  9988  9988 D BluetoothAdapterService: getAdapterService() - returning com.android.bluetooth.btservice.AdapterService@4a429d6
11-03 06:28:11.024084  9988  9988 I bt_btif : get_profile_interface: id = gatt
11-03 06:28:11.024495  9988  9988 D BluetoothAdapterService: getAdapterService() - returning com.android.bluetooth.btservice.AdapterService@4a429d6
11-03 06:28:11.042850  9988  9988 D BluetoothAdapterService: getAdapterService() - returning com.android.bluetooth.btservice.AdapterService@4a429d6
11-03 06:28:11.045004  9988  9988 D BluetoothAdapterService: handleMessage() - Message: 2
11-03 06:28:11.045129  9988  9988 D BluetoothAdapterService: handleMessage() - MESSAGE_PROFILE_SERVICE_REGISTERED
11-03 06:28:11.045233  9988  9988 D BluetoothAdapterService: handleMessage() - Message: 1
11-03 06:28:11.045281  9988  9988 D BluetoothAdapterService: handleMessage() - MESSAGE_PROFILE_SERVICE_STATE_CHANGED
11-03 06:28:11.046368  9988  9988 I bt_btif : enable: start restricted = 0
11-03 06:28:11.046553  9988 10012 I bt_stack_manager: event_start_up_stack is bringing up the stack
11-03 06:28:11.046894  9988 10012 I bt_core_module: module_start_up Starting module "btif_config_module"
11-03 06:28:11.046946  9988 10012 I bt_core_module: module_start_up Started module "btif_config_module"
11-03 06:28:11.047173  9988 10012 I bt_core_module: module_start_up Starting module "btsnoop_module"
11-03 06:28:11.047280  9988 10012 I bt_core_module: module_start_up Started module "btsnoop_module"
11-03 06:28:11.047473  9988 10012 I bt_core_module: module_start_up Starting module "hci_module"
11-03 06:28:11.047525  9988 10012 I bt_hci  : hci_module_start_up
11-03 06:28:11.068189  9988 10029 I bt_osi_thread: run_thread: thread id 10029, thread name hci_thread started
11-03 06:28:11.068738  9988 10029 I bt_hci  : hci_initialize
11-03 06:28:11.071549  9988 10012 D bt_hci  : hci_module_start_up starting async portion
11-03 06:28:11.073090  9988 10029 I bt_hci  : hci_initialize: IBluetoothHci::getService() returned 0xa378c0a0 (remote)
11-03 06:28:11.073722   494   494 W vendor.qti.bluetooth@1.0-bluetooth_hci: BluetoothHci::initialize()
11-03 06:28:11.073851   494   494 W vendor.qti.bluetooth@1.0-data_handler: DataHandler:: Init()
11-03 06:28:11.073894   494   494 W vendor.qti.bluetooth@1.0-data_handler: vendor.qcom.bluetooth.soc prop  not set, so using pronto.
11-03 06:28:11.073894   494   494 W vendor.qti.bluetooth@1.0-data_handler:  
11-03 06:28:11.073925   494   494 I vendor.qti.bluetooth@1.0-data_handler: Open init_status 0 
11-03 06:28:11.074464   494   494 D vendor.qti.bluetooth@1.0-wake_lock: Init wakelock is initiated 
11-03 06:28:11.075129   494 10032 D vendor.qti.bluetooth@1.0-mct_transport: Init:> soc_type: 0
11-03 06:28:11.082855   494 10032 I vendor.qti.bluetooth@1.0-mct_transport: Done intiailizing Bluetooth SMD transport 
11-03 06:28:11.082985   494 10032 D vendor.qti.bluetooth@1.0-wake_lock: Acquire wakelock is acquired 
11-03 06:28:11.083196   494 10032 E vendor.qti.bluetooth@1.0-bluetooth_address: CMD result: 0
11-03 06:28:11.083238   494 10032 E vendor.qti.bluetooth@1.0-bluetooth_address: BD address read for NV_BD_ADDR_I: bc:47:4b:00:1d:80
11-03 06:28:11.083282   494 10032 D vendor.qti.bluetooth@1.0-nvm_tags_manager: DownloadNvmTags: Downloading NVM TAG 2
11-03 06:28:11.083313   494 10032 I vendor.qti.bluetooth@1.0-nvm_tags_manager: BD Address: bc:47:4b:00:1d:80
11-03 06:28:11.084262   494 10032 D vendor.qti.bluetooth@1.0-nvm_tags_manager: DownloadNvmTags: Downloaded NVM TAG 2
11-03 06:28:11.084307   494 10032 D vendor.qti.bluetooth@1.0-nvm_tags_manager: DownloadNvmTags: TAG Length = 6
11-03 06:28:11.084336   494 10032 D vendor.qti.bluetooth@1.0-nvm_tags_manager: DownloadNvmTags: TAG Value = 0xbc 0x47 0x4b 0x00 0x1d 0x80 
11-03 06:28:11.084357   494 10032 D vendor.qti.bluetooth@1.0-nvm_tags_manager: DownloadNvmTags: Downloading NVM TAG 95
11-03 06:28:11.085906   494 10032 D vendor.qti.bluetooth@1.0-nvm_tags_manager: DownloadNvmTags: Downloaded NVM TAG 95
11-03 06:28:11.085965   494 10032 D vendor.qti.bluetooth@1.0-nvm_tags_manager: DownloadNvmTags: TAG Length = 2
11-03 06:28:11.085989   494 10032 D vendor.qti.bluetooth@1.0-nvm_tags_manager: DownloadNvmTags: TAG Value = 0x00 0x0b 
11-03 06:28:11.086016   494 10032 D vendor.qti.bluetooth@1.0-nvm_tags_manager: DownloadNvmTags: Downloading NVM TAG 83
11-03 06:28:11.088263   494 10032 D vendor.qti.bluetooth@1.0-nvm_tags_manager: DownloadNvmTags: Downloaded NVM TAG 83
11-03 06:28:11.088308   494 10032 D vendor.qti.bluetooth@1.0-nvm_tags_manager: DownloadNvmTags: TAG Length = 3
11-03 06:28:11.088333   494 10032 D vendor.qti.bluetooth@1.0-nvm_tags_manager: DownloadNvmTags: TAG Value = 0x07 0x07 0x07 
11-03 06:28:11.088354   494 10032 D vendor.qti.bluetooth@1.0-nvm_tags_manager: DownloadNvmTags: Downloading NVM TAG 36
11-03 06:28:11.089674   494 10032 D vendor.qti.bluetooth@1.0-nvm_tags_manager: DownloadNvmTags: Downloaded NVM TAG 36
11-03 06:28:11.089732   494 10032 D vendor.qti.bluetooth@1.0-nvm_tags_manager: DownloadNvmTags: TAG Length = 12
11-03 06:28:11.089772   494 10032 D vendor.qti.bluetooth@1.0-nvm_tags_manager: DownloadNvmTags: TAG Value = 0xff 0x03 0x07 0x09 0x09 0x09 0x00 0x00 0x09 0x09 0x04 0x00 
11-03 06:28:11.089794   494 10032 I vendor.qti.bluetooth@1.0-nvm_tags_manager: HciReset: HCI RESET 
11-03 06:28:11.160196   494 10032 I vendor.qti.bluetooth@1.0-nvm_tags_manager: HciReset: HCI RESET Done
11-03 06:28:11.160563   494 10032 D vendor.qti.bluetooth@1.0-wake_lock: Release wakelock is released 
11-03 06:28:11.160615   494 10032 D vendor.qti.bluetooth@1.0-mct_controller: Init succeded
11-03 06:28:11.160645   494 10032 I vendor.qti.bluetooth@1.0-data_handler: Firmware download succeded, soc need reload patch next time=1
11-03 06:28:11.169936  9988 10029 I bt_hci  : event_finish_startup
11-03 06:28:11.170149  9988 10012 I bt_core_module: module_start_up Started module "hci_module"
11-03 06:28:11.171039   494 10034 E vendor.qti.bluetooth@1.0-async_fd_watcher: ThreadRoutine unable to set SCHED_FIFO for pid 494, tid 10034, error Operation not permitted
11-03 06:28:11.171230  9988 10035 I bt_osi_thread: run_thread: thread id 10035, thread name bt_workqueue started
11-03 06:28:11.171630  9988 10035 I         : [1103/062811.171526:INFO:btu_task.cc(107)] Bluetooth chip preload is complete
11-03 06:28:11.172498  9988 10035 I         : [1103/062811.172377:INFO:gatt_api.cc(948)] GATT_Register 81818181-8181-8181-8181-818181818181
11-03 06:28:11.172616  9988 10035 I         : [1103/062811.172569:INFO:gatt_api.cc(968)] allocated gatt_if=1
11-03 06:28:11.172723  9988 10035 I         : [1103/062811.172680:INFO:gatt_api.cc(161)] GATTS_AddService
11-03 06:28:11.172819  9988 10035 I         : [1103/062811.172773:INFO:gatt_api.cc(265)] GATTS_AddService: service parsed correctly, now starting
11-03 06:28:11.173154  9988 10035 I         : [1103/062811.173092:INFO:gatt_api.cc(948)] GATT_Register 82828282-8282-8282-8282-828282828282
11-03 06:28:11.173238  9988 10035 I         : [1103/062811.173195:INFO:gatt_api.cc(968)] allocated gatt_if=2
11-03 06:28:11.173312  9988 10035 I         : [1103/062811.173272:INFO:gatt_api.cc(161)] GATTS_AddService
11-03 06:28:11.173394  9988 10035 I         : [1103/062811.173352:INFO:gatt_api.cc(265)] GATTS_AddService: service parsed correctly, now starting
11-03 06:28:11.173878  9988 10035 I bt_bte  : BTE_InitTraceLevels -- TRC_HCI : Level 2
11-03 06:28:11.173934  9988 10035 I bt_bte  : BTE_InitTraceLevels -- TRC_L2CAP : Level 2
11-03 06:28:11.173959  9988 10035 I bt_bte  : BTE_InitTraceLevels -- TRC_RFCOMM : Level 2
11-03 06:28:11.173980  9988 10035 I bt_bte  : BTE_InitTraceLevels -- TRC_AVDT : Level 2
11-03 06:28:11.174002  9988 10035 I bt_bte  : BTE_InitTraceLevels -- TRC_AVRC : Level 2
11-03 06:28:11.174022  9988 10035 I bt_bte  : BTE_InitTraceLevels -- TRC_A2D : Level 2
11-03 06:28:11.174043  9988 10035 I bt_bte  : BTE_InitTraceLevels -- TRC_BNEP : Level 2
11-03 06:28:11.174077  9988 10035 I bt_bte  : BTE_InitTraceLevels -- TRC_BTM : Level 2
11-03 06:28:11.174120  9988 10035 I bt_bte  : BTE_InitTraceLevels -- TRC_HID_HOST : Level 2
11-03 06:28:11.174147  9988 10035 I bt_bte  : BTE_InitTraceLevels -- TRC_PAN : Level 2
11-03 06:28:11.174168  9988 10035 I bt_bte  : BTE_InitTraceLevels -- TRC_SDP : Level 2
11-03 06:28:11.174189  9988 10035 I bt_bte  : BTE_InitTraceLevels -- TRC_SMP : Level 2
11-03 06:28:11.174212  9988 10035 I bt_bte  : BTE_InitTraceLevels -- TRC_HID_DEV : Level 2
11-03 06:28:11.174244  9988 10035 I bt_bte  : BTE_InitTraceLevels -- TRC_BTAPP : Level 2
--------- switch to kernel
11-03 06:28:12.650693     6     6 E         : [06:28:12.650686] [000000DA1043455A] [wpa_s]  wlan: [E :HDD] __wlan_hdd_cfg80211_wifi_configuration_set: 7935: Not in Connected state!
--------- switch to main
11-03 06:28:11.174271  9988 10035 I bt_bte  : BTE_InitTraceLevels -- TRC_BTIF : Level 2
11-03 06:28:11.174673  9988 10036 I bt_osi_thread: run_thread: thread id 10036, thread name btu message loop started
11-03 06:28:11.176704  9988 10037 I bt_osi_thread: run_thread: thread id 10037, thread name module_wrapper started
11-03 06:28:11.176933  9988 10037 I bt_core_module: module_start_up Starting module "controller_module"
11-03 06:28:11.469779  9988 10037 I bt_core_module: module_start_up Started module "controller_module"
11-03 06:28:11.469998  9988 10037 W bt_osi_thread: run_thread: thread id 10037, thread name module_wrapper exited
11-03 06:28:11.470632  9988 10035 W bt_btm  : btm_decode_ext_features_page: feature page 1 ignored
11-03 06:28:11.470692  9988 10035 W bt_btm  : btm_decode_ext_features_page: feature page 2 ignored
11-03 06:28:11.471081  9988 10036 I bt_btm_sec: BTM_SecRegister p_cb_info->p_le_callback == 0x0x9231630d
11-03 06:28:11.471133  9988 10036 I bt_btm_sec: BTM_SecRegister btm_cb.api.p_le_callback = 0x0x9231630d 
11-03 06:28:11.472774  9988 10036 I bt_stack: [INFO:gatt_api.cc(948)] GATT_Register 01d3ad2c-e811-7ce5-4b36-89ab36ada4e7
11-03 06:28:11.472885  9988 10036 I bt_stack: [INFO:gatt_api.cc(968)] allocated gatt_if=3
11-03 06:28:11.492259  2520  2520 D HOME    : [AgendaController]Obtained events in UI thread: []
11-03 06:28:11.492697  2520  2520 D HOME    : [EventDiarizer]Constructing with window EventWindow{Wed Nov 03 00:00:00 GMT+01:00 2021,Fri Nov 05 23:59:59 GMT+01:00 2021}
11-03 06:28:11.493459  2520  6286 W CwExecutors: Finished  Q:     2 E:  1035 AgendaController.RequestData (Slow)
11-03 06:28:11.495069  2520  2520 D HOME    : [AgendaMetricsLogger]eventDataNotPresent
11-03 06:28:11.495481  2520  9968 D HOME    : [DataRequester]cancelScheduledUpdates TileConfig{id=2, provider=ComponentInfo{com.google.android.wearable.app/com.google.android.clockwork.home.calendar.AgendaTileProviderService}}
11-03 06:28:11.495686  2520  9968 D HOME    : [DataRequester]cancelScheduledUpdates could not find jobId for provider 2
11-03 06:28:11.495886  2520  9968 D HOME    : [DataRequester]updateFinished 2
11-03 06:28:11.509788  2520  6286 D StrictMode: StrictMode policy violation: android.os.strictmode.CustomViolation: Slow task AgendaController.RequestData took 1035ms on User executor
11-03 06:28:11.509788  2520  6286 D StrictMode: 	at android.os.StrictMode$AndroidBlockGuardPolicy.onCustomSlowCall(StrictMode.java:1471)
11-03 06:28:11.509788  2520  6286 D StrictMode: 	at android.os.StrictMode.noteSlowCall(StrictMode.java:2324)
11-03 06:28:11.509788  2520  6286 D StrictMode: 	at bvs.a(AW782433232:9)
11-03 06:28:11.509788  2520  6286 D StrictMode: 	at bvw.run(AW782433232:7)
11-03 06:28:11.509788  2520  6286 D StrictMode: 	at bvy.run(AW782433232:5)
11-03 06:28:11.509788  2520  6286 D StrictMode: 	at java.util.concurrent.ThreadPoolExecutor.runWorker(ThreadPoolExecutor.java:1167)
11-03 06:28:11.509788  2520  6286 D StrictMode: 	at java.util.concurrent.ThreadPoolExecutor$Worker.run(ThreadPoolExecutor.java:641)
11-03 06:28:11.509788  2520  6286 D StrictMode: 	at bvl.run(AW782433232:4)
11-03 06:28:11.509788  2520  6286 D StrictMode: 	at java.lang.Thread.run(Thread.java:764)
11-03 06:28:11.539288  9988 10036 I bt_stack: [INFO:ble_advertiser_hci_interface.cc(767)] VSC advertising will be in use
11-03 06:28:11.539598  9988 10036 I bt_stack: [INFO:ble_advertiser_hci_interface.cc(276)] QuirkAdvertiserZeroHandle in use
11-03 06:28:11.540444  9988 10017 D AdapterProperties: BT_PROPERTY_LOCAL_LE_FEATURES: update from BT controller mNumOfAdvertisementInstancesSupported = 10 mRpaOffloadSupported = true mNumOfOffloadedIrkSupported = 8 mNumOfOffloadedScanFilterSupported = 16 mOffloadedScanResultStorageBytes= 10240 mIsActivityAndEnergyReporting = true mVersSupported = 96 mTotNumOfTrackableAdv = 32 mIsExtendedScanSupported = true mIsDebugLogSupported = true mIsLe2MPhySupported = false mIsLeCodedPhySupported = false mIsLeExtendedAdvertisingSupported = false mIsLePeriodicAdvertisingSupported = false mLeMaximumAdvertisingDataLength = 31
11-03 06:28:11.540826  2520  9968 D HOME    : [ProviderConnMgr]Unbinding from service
11-03 06:28:11.544820  9988 10036 W bt_btm  : BTM_BleConfigPrivacy 0
11-03 06:28:11.546544  9988 10017 E bt_btif_storage: btif_storage_get_adapter_property: Controller ready!
11-03 06:28:11.546628  9988 10017 I bt_btif_storage: btif_storage_get_adapter_property service_mask:0x20000000
11-03 06:28:11.549287  2520  9968 D HOME    : [DataRequester]Scheduling job for TileConfig{id=2, provider=ComponentInfo{com.google.android.wearable.app/com.google.android.clockwork.home.calendar.AgendaTileProviderService}} delay=14400 jobId=2000113
11-03 06:28:11.609713  9988 10017 D AdapterProperties: Address is:80:1D:00:4B:47:BC
--------- switch to system
11-03 06:28:11.611491  1686  1686 D BluetoothManagerService: Bluetooth Adapter address changed to 80:1D:00:4B:47:BC
11-03 06:28:11.612278  1686  1686 D BluetoothManagerService: Stored Bluetoothaddress: 80:1D:00:4B:47:BC
11-03 06:28:11.619695  1686  1686 D BluetoothManagerService: Bluetooth Adapter name changed to Summit 2+ D638
--------- switch to main
11-03 06:28:11.619851  9988 10017 D AdapterProperties: Name is: Summit 2+ D638
--------- switch to system
11-03 06:28:11.620053  1686  1686 D BluetoothManagerService: Stored Bluetooth name: Summit 2+ D638
--------- switch to main
11-03 06:28:11.621633  9988 10017 D AdapterProperties: Scan Mode:20
11-03 06:28:11.621756  9988 10017 D AdapterProperties: Discoverable Timeout:0
11-03 06:28:11.623154  9988 10017 D AdapterProperties: Adding bonded device:14:3C:C3:AD:3D:53
11-03 06:28:11.626757  9988 10017 I bt_btif_core: btif_enable_bluetooth_evt entered: status 0
11-03 06:28:11.628327  2520  2520 D HOME    : [SurfaceRenderer]cardLifecycleParent: onPause
11-03 06:28:11.628527  2520  2520 D HOME    : [SurfaceRenderer]cardLifecycleParent: onStop
11-03 06:28:11.639040  9988 10039 I bt_osi_thread: run_thread: thread id 10039, thread name btif_sock started
11-03 06:28:11.639501  9988 10017 D bt_bte_conf: Device ID record 1 : primary
11-03 06:28:11.639550  9988 10017 D bt_bte_conf:   vendorId            = 00e0
11-03 06:28:11.639570  9988 10017 D bt_bte_conf:   vendorIdSource      = 0001
11-03 06:28:11.639590  9988 10017 D bt_bte_conf:   product             = 1200
11-03 06:28:11.639608  9988 10017 D bt_bte_conf:   version             = 1436
11-03 06:28:11.639627  9988 10017 D bt_bte_conf:   clientExecutableURL = 
11-03 06:28:11.639645  9988 10017 D bt_bte_conf:   serviceDescription  = 
11-03 06:28:11.639661  9988 10017 D bt_bte_conf:   documentationURL    = 
11-03 06:28:11.639842  9988 10017 D bt_bte_conf: bte_load_did_conf no section named DID2.
11-03 06:28:11.639981  9988 10012 I bt_stack_manager: event_start_up_stack finished
11-03 06:28:11.640109  9988 10017 I bt_btif_core: btif_enable_bluetooth_evt finished
11-03 06:28:11.642106  9988 10011 I AdapterState: BLE_ON : entered 
11-03 06:28:11.642186  9988 10011 D AdapterProperties: Setting state to BLE_ON
11-03 06:28:11.642236  9988 10011 D BluetoothAdapterService: updateAdapterState() - Broadcasting state BLE_ON to 1 receivers.
--------- switch to system
11-03 06:28:11.642738  1686  1709 D BluetoothManagerService: MESSAGE_BLUETOOTH_STATE_CHANGE: BLE_TURNING_ON > BLE_ON
11-03 06:28:11.642804  1686  1709 D BluetoothManagerService: Bluetooth is in LE only mode
11-03 06:28:11.642857  1686  1709 D BluetoothManagerService: Binding Bluetooth GATT service
11-03 06:28:11.645296  1686  1686 D BluetoothManagerService: BluetoothServiceConnection: com.android.bluetooth.gatt.GattService
11-03 06:28:11.645885  1686  1709 D BluetoothManagerService: Sending BLE State Change: BLE_TURNING_ON > BLE_ON
11-03 06:28:11.646406  1686  1709 D BluetoothManagerService: MESSAGE_BLUETOOTH_SERVICE_CONNECTED: 2
11-03 06:28:11.646531  1686  1709 D BluetoothManagerService: continueFromBleOnState()
11-03 06:28:11.646829  1686  1709 D BluetoothManagerService: isBleAppPresent() count: 0
--------- switch to main
11-03 06:28:11.647387  9988 10011 I AdapterState: TURNING_ON : entered 
11-03 06:28:11.647461  9988 10011 D AdapterProperties: Setting state to TURNING_ON
--------- switch to system
11-03 06:28:11.647501  1686  1709 D BluetoothManagerService: Persisting Bluetooth Setting: 1
--------- switch to main
11-03 06:28:11.647509  9988 10011 D BluetoothAdapterService: updateAdapterState() - Broadcasting state TURNING_ON to 1 receivers.
11-03 06:28:11.648354  9988 10011 D BluetoothAdapterService: startCoreServices()
--------- switch to system
11-03 06:28:11.649526  1686  1709 D BluetoothManagerService: MESSAGE_BLUETOOTH_STATE_CHANGE: BLE_ON > TURNING_ON
11-03 06:28:11.649624  1686  1709 D BluetoothManagerService: Sending BLE State Change: BLE_ON > TURNING_ON
11-03 06:28:11.651891  1686  1686 V SettingsProvider: Notifying for 0: content://settings/global/bluetooth_on
--------- switch to main
11-03 06:28:11.654252  9988  9988 I HeadsetService: create()
11-03 06:28:11.655939  9988  9988 D BluetoothAdapterService: getAdapterService() - returning com.android.bluetooth.btservice.AdapterService@4a429d6
11-03 06:28:11.668633   501  1904 I LocSvc_ApiV02: <--- globalEventCb line 152 QMI_LOC_EVENT_POSITION_REPORT_IND_V02
11-03 06:28:11.671459  5603  5603 D BtTelecomReceiver: onReceive: Intent { act=android.bluetooth.adapter.action.STATE_CHANGED flg=0x4000010 cmp=com.google.android.apps.wearable.bluetooth/com.google.android.clockwork.hfp.BtTelecomBroadcastReceiver (has extras) }
11-03 06:28:11.676505  9988  9988 I HeadsetService: start()
11-03 06:28:11.676633  9988  9988 D BluetoothAdapterService: getAdapterService() - returning com.android.bluetooth.btservice.AdapterService@4a429d6
--------- switch to system
11-03 06:28:11.691167  1686  9763 W BroadcastQueue: Background execution not allowed: receiving Intent { act=android.bluetooth.adapter.action.STATE_CHANGED flg=0x4000010 (has extras) } to com.google.android.gms/.trustagent.eid.server.InitializeEidServerReceiver
11-03 06:28:11.692372  1686  1702 W BroadcastQueue: Background execution not allowed: receiving Intent { act=android.bluetooth.adapter.action.STATE_CHANGED flg=0x4000010 (has extras) } to com.google.android.gms/.chimera.GmsIntentOperationService$PersistentTrustedReceiver
--------- switch to main
11-03 06:28:11.709880  9988  9988 I BluetoothHeadsetServiceJni: classInitNative: succeeds
11-03 06:28:11.710607  9988  9988 I bt_btif : get_profile_interface: id = handsfree
11-03 06:28:11.710743  9988  9988 I bt_stack: [INFO:btif_hf.cc(1391)] GetInterface
11-03 06:28:11.711810  9988 10036 I bt_stack: [INFO:port_api.cc(230)] RFCOMM_CreateConnection: bd_addr=ff:ff:ff:ff:ff:ff, scn=2, is_server=1, mtu=256, uuid=0x111f, dlci=4, signal_state=0x0b, p_port=0x926aec14
11-03 06:28:11.712091  9988 10036 I bt_stack: [INFO:port_api.cc(230)] RFCOMM_CreateConnection: bd_addr=ff:ff:ff:ff:ff:ff, scn=2, is_server=1, mtu=256, uuid=0x111f, dlci=4, signal_state=0x0b, p_port=0x926aec9c
11-03 06:28:11.712329  9988 10036 I bt_stack: [INFO:port_api.cc(230)] RFCOMM_CreateConnection: bd_addr=ff:ff:ff:ff:ff:ff, scn=2, is_server=1, mtu=256, uuid=0x111f, dlci=4, signal_state=0x0b, p_port=0x926aed24
11-03 06:28:11.712569  9988 10036 I bt_stack: [INFO:port_api.cc(230)] RFCOMM_CreateConnection: bd_addr=ff:ff:ff:ff:ff:ff, scn=2, is_server=1, mtu=256, uuid=0x111f, dlci=4, signal_state=0x0b, p_port=0x926aedac
11-03 06:28:11.712832  9988 10036 I bt_stack: [INFO:port_api.cc(230)] RFCOMM_CreateConnection: bd_addr=ff:ff:ff:ff:ff:ff, scn=2, is_server=1, mtu=256, uuid=0x111f, dlci=4, signal_state=0x0b, p_port=0x926aee34
11-03 06:28:11.713264  9988 10036 I bt_stack: [INFO:port_api.cc(230)] RFCOMM_CreateConnection: bd_addr=ff:ff:ff:ff:ff:ff, scn=2, is_server=1, mtu=256, uuid=0x111f, dlci=4, signal_state=0x0b, p_port=0x926aeebc
11-03 06:28:11.713390  9988 10017 I bt_btif_storage: btif_storage_get_adapter_property service_mask:0x20000040
11-03 06:28:11.713612  9988 10017 I bt_stack: [INFO:btif_hf.cc(300)] btif_hf_upstreams_evt: AG enable/disable event 0
11-03 06:28:11.714220  9988 10044 I HeadsetPhoneState: stopListenForPhoneState(), no listener indicates nothing is listening
11-03 06:28:11.716111  9988 10044 W HeadsetPhoneState: startListenForPhoneState, no event to listen
11-03 06:28:11.732362  9988  9988 I A2dpService: create()
11-03 06:28:11.733572  9988  9988 D BluetoothAdapterService: getAdapterService() - returning com.android.bluetooth.btservice.AdapterService@4a429d6
11-03 06:28:11.750297  9988  9988 I A2dpService: start()
11-03 06:28:11.750508  9988  9988 D BluetoothAdapterService: getAdapterService() - returning com.android.bluetooth.btservice.AdapterService@4a429d6
11-03 06:28:11.750860  9988  9988 I BluetoothA2dpServiceJni: classInitNative: succeeds
11-03 06:28:11.751668  9988  9988 I A2dpService: Max connected audio devices set to 5
11-03 06:28:11.752246  9988  9988 I BluetoothAvrcpServiceJni: classInitNative: succeeds
11-03 06:28:11.753436  9988  9988 I bt_btif : get_profile_interface: id = avrcp
11-03 06:28:11.759892  3316  3316 W .gms.persisten: Long monitor contention with owner highpool[15] (4914) at boolean android.os.MessageQueue.enqueueMessage(android.os.Message, long)(MessageQueue.java:544) waiters=0 in android.os.Message android.os.MessageQueue.next() for 223ms
11-03 06:28:11.760532  3316  9985 W .gms.persisten: Long monitor contention with owner highpool[15] (4914) at boolean android.os.MessageQueue.enqueueMessage(android.os.Message, long)(MessageQueue.java:544) waiters=1 in boolean android.os.MessageQueue.enqueueMessage(android.os.Message, long) for 200ms
11-03 06:28:11.782425  1686  9763 D MediaSessionService: The callback android.media.session.ICallback$Stub$Proxy@dbdb5c8 is set by com.android.bluetooth
11-03 06:28:11.786191  9988  9988 I Avrcp   : Skipping update due to invalid playback state
11-03 06:28:11.786863  9988  9988 E bt_btif : register_notification_rsp: Avrcp device is not connected, handle: 0x0
11-03 06:28:11.787094  9988  9988 I chatty  : uid=1002(bluetooth) com.android.bluetooth identical 4 lines
11-03 06:28:11.787114  9988  9988 E bt_btif : register_notification_rsp: Avrcp device is not connected, handle: 0x0
11-03 06:28:11.791938  9988  9988 I Avrcp   : Skipping update due to invalid playback state
11-03 06:28:11.793960  9988  9988 I bt_btif : get_profile_interface: id = a2dp
11-03 06:28:11.794209  9988  9988 I btif_av : bt_status_t BtifAvSource::Init(btav_source_callbacks_t *, int, const std::vector<btav_a2dp_codec_config_t> &): max_connected_audio_devices=5
11-03 06:28:11.794312  9988  9988 D a2dp_codec: init
11-03 06:28:11.794365  9988  9988 I a2dp_codec: init: SBC offload supported
11-03 06:28:11.794408  9988  9988 D a2dp_codec: createCodec: codec SBC
11-03 06:28:11.794458  9988  9988 I a2dp_codec: init: updated SBC codec priority to 1001
11-03 06:28:11.794493  9988  9988 D a2dp_codec: createCodec: codec AAC
11-03 06:28:11.794529  9988  9988 I a2dp_codec: init: updated AAC codec priority to -1
11-03 06:28:11.794562  9988  9988 D a2dp_codec: createCodec: codec aptX
11-03 06:28:11.795849  9988  9988 E a2dp_vendor_aptx_encoder: A2DP_VendorLoadEncoderAptx: cannot open aptX encoder library libaptX_encoder.so: dlopen failed: library "libaptX_encoder.so" not found
11-03 06:28:11.795912  9988  9988 E a2dp_vendor_aptx: init: cannot load the encoder
11-03 06:28:11.795966  9988  9988 D a2dp_codec: createCodec: codec aptX-HD
11-03 06:28:11.797756  9988  9988 E a2dp_vendor_aptx_hd_encoder: A2DP_VendorLoadEncoderAptxHd: cannot open aptX-HD encoder library libaptXHD_encoder.so: dlopen failed: library "libaptXHD_encoder.so" not found
11-03 06:28:11.810118  9988  9988 E a2dp_vendor_aptx_hd: init: cannot load the encoder
11-03 06:28:11.810351  9988  9988 D a2dp_codec: createCodec: codec LDAC
11-03 06:28:11.816830  9988  9988 I a2dp_codec: init: updated LDAC codec priority to -1
11-03 06:28:11.816900  9988  9988 D a2dp_codec: createCodec: codec SBC SINK
11-03 06:28:11.816949  9988  9988 D a2dp_codec: createCodec: codec AAC SINK
11-03 06:28:11.816982  9988  9988 I a2dp_codec: init: initialized Source codec SBC
11-03 06:28:11.817003  9988  9988 I a2dp_codec: init: initialized Sink codec AAC SINK
11-03 06:28:11.817023  9988  9988 I a2dp_codec: init: initialized Sink codec SBC(Sink)
11-03 06:28:11.817057  9988  9988 D a2dp_codec: init
11-03 06:28:11.817107  9988  9988 I a2dp_codec: init: SBC offload supported
11-03 06:28:11.817127  9988  9988 D a2dp_codec: createCodec: codec SBC
11-03 06:28:11.817155  9988  9988 I a2dp_codec: init: updated SBC codec priority to 1001
11-03 06:28:11.817177  9988  9988 D a2dp_codec: createCodec: codec AAC
11-03 06:28:11.817214  9988  9988 I a2dp_codec: init: updated AAC codec priority to -1
11-03 06:28:11.817237  9988  9988 D a2dp_codec: createCodec: codec aptX
11-03 06:28:11.852745  9988  9988 E a2dp_vendor_aptx_encoder: A2DP_VendorLoadEncoderAptx: cannot open aptX encoder library libaptX_encoder.so: dlopen failed: library "libaptX_encoder.so" not found
11-03 06:28:11.852826  9988  9988 E a2dp_vendor_aptx: init: cannot load the encoder
11-03 06:28:11.852868  9988  9988 D a2dp_codec: createCodec: codec aptX-HD
11-03 06:28:11.853984  9988  9988 E a2dp_vendor_aptx_hd_encoder: A2DP_VendorLoadEncoderAptxHd: cannot open aptX-HD encoder library libaptXHD_encoder.so: dlopen failed: library "libaptXHD_encoder.so" not found
11-03 06:28:11.854047  9988  9988 E a2dp_vendor_aptx_hd: init: cannot load the encoder
11-03 06:28:11.854086  9988  9988 D a2dp_codec: createCodec: codec LDAC
11-03 06:28:11.854126  9988  9988 I a2dp_codec: init: updated LDAC codec priority to -1
11-03 06:28:11.854152  9988  9988 D a2dp_codec: createCodec: codec SBC SINK
11-03 06:28:11.854176  9988  9988 D a2dp_codec: createCodec: codec AAC SINK
11-03 06:28:11.854201  9988  9988 I a2dp_codec: init: initialized Source codec SBC
