11-02 20:21:31.806521   512  1749 I sensors-hal: batch:140, android.sensor.accelerometer/48, period=66667000, max_latency=100000000
11-02 20:21:31.808614  2520  2520 D HOME    : [StreamDBQueue]Promised revision #1452 to queue a new op
11-02 20:21:31.808926  2520  2520 D WatchStreamManager: Promised rank-blocked=false @ r#1452
11-02 20:21:31.809464  2520  2520 D HOME    : [StreamDBQueue]Promised revision #1453 to queue a new op
11-02 20:21:31.809691  2520  2520 D WatchStreamManager: Promised rank-blocked=false @ r#1453
11-02 20:21:31.809975  2520  6932 D HOME    : [WatchStreamDB]Item alerting conditions - isInterruptive: true, recentlyInterrupted: false, isItemPinned: true, isUnread: false
11-02 20:21:31.810321  2520  6932 D HOME    : [StreamAlertingRegulator]isTheaterModeEnabled: false, isAlertingAllowedByOffBody: true, matchesLocalInterruptionFilter: true
11-02 20:21:31.810358  2520  2520 D HOME    : [EventBus]Wrapper pool is full. Discarding excess wrapper instance for event com.google.android.clockwork.sysui.events.KeyguardStateEvent
11-02 20:21:31.810439  2520  2520 D HOME    : [WatchFaceUiController]sendStateToWallpaper
11-02 20:21:31.810608  2520  6932 D HOME    : [WatchStreamDB]couldItemAlert: false, isTopItemChanged: false, isDeferralForTopItem: false
11-02 20:21:31.810748  2520  7212 I SidekickManager: replaceWatchFaceComponentsImpl(): watchFace = com.google.android.clockwork.decomposablewatchface.WatchFaceDecomposition@d23f315
11-02 20:21:31.811654  2520  6932 D HOME    : [WatchStreamDB]Item alerting conditions - isInterruptive: true, recentlyInterrupted: false, isItemPinned: true, isUnread: false
11-02 20:21:31.811693  1686  2583 D SidekickService: sendWatchFaceComponents called: watchFace = com.google.android.clockwork.decomposablewatchface.WatchFaceDecomposition@4f9a998shouldReplace = false
11-02 20:21:31.811894  1686  2583 D SidekickService: Check decomposition for calling app com.google.android.wearable.app with uid 10049
11-02 20:21:31.812039  2520  6932 D HOME    : [StreamAlertingRegulator]isTheaterModeEnabled: false, isAlertingAllowedByOffBody: true, matchesLocalInterruptionFilter: true
11-02 20:21:31.812168  2520  2520 D HOME    : [EventBus]Wrapper pool is full. Discarding excess wrapper instance for event com.google.android.clockwork.sysui.events.KeyguardStateEvent
11-02 20:21:31.812266  2520  6932 D HOME    : [WatchStreamDB]couldItemAlert: false, isTopItemChanged: false, isDeferralForTopItem: false
11-02 20:21:31.812303  1686  2583 D SidekickService: sendWatchFaceLocked(): shouldReplace = false, mSidekickIsControlling = false, 1 images, 0 fonts, 0 numbers, 0 proportionalFonts, 0 strings
11-02 20:21:31.812354  1686  2583 D SidekickService: ISidekickGraphics#beginResources()...
11-02 20:21:31.812389  2520  2520 D HOME    : [EventBus]Wrapper pool is full. Discarding excess wrapper instance for event com.google.android.clockwork.sysui.events.KeyguardStateEvent
11-02 20:21:31.813205  2520  7213 D HOME    : [StreamDBQueue]Promised revision #1454 to queue a new op
11-02 20:21:31.813491  2520  7213 D WatchStreamManager: Promised rerank @ r#1454
11-02 20:21:31.813517  1686  2583 D SidekickServiceUtils: bitmapFromDrawable: Returning bitmap directly
11-02 20:21:31.815998   512  1749 I sensors-hal: batch:149, android.sensor.accelerometer/48, period=66667000, max_latency=100000000 request completed
11-02 20:21:31.816017  2520  6932 D HOME    : [WatchStreamDB]updateRanking()
11-02 20:21:31.816760  2520  6932 D HOME    : [WatchStreamDB]Item alerting conditions - isInterruptive: true, recentlyInterrupted: false, isItemPinned: true, isUnread: false
11-02 20:21:31.817111  2520  6932 D HOME    : [StreamAlertingRegulator]isTheaterModeEnabled: false, isAlertingAllowedByOffBody: true, matchesLocalInterruptionFilter: true
11-02 20:21:31.817392  2520  6932 D HOME    : [WatchStreamDB]couldItemAlert: false, isTopItemChanged: false, isDeferralForTopItem: false
11-02 20:21:31.817496  1686  2583 D SidekickService: sendBitmapsLocked(): bounds = RectF(0.0, 0.0, 0.0024038462, 0.0024038462), drawableInfo = {.id = 100000, .width = 1, .height = 1, .display = true, .offsetX = 0.0, .offsetY = 0.0, .rotationInfo = {.hasRotation = false, .pivotX = 0.0, .pivotY = 0.0, .degreesPerDay = 0.0, .degreesPerStep = 0.0, .zeroDegreesTime = {.daysSinceLocalEpoch = 0, .msSinceMidnight = 0}}, .transformInfo = {.transformed = false, .flipX = false, .flipY = false, .flip45 = false, .scaleX = 0.0, .scaleY = 0.0}, .type = GENERIC, .blink = {.blinking = false, .periodOnMs = 0.0, .periodOffMs = 0.0, .startTime = {.daysSinceLocalEpoch = 0, .msSinceMidnight = 0}}, .zOrder = 8, .displayInTwm = true}, image.size() = 84
11-02 20:21:31.818085  2520  6932 D HOME    : [NewStreamAdapter]Publishing revision #1454 to adapter clients
11-02 20:21:31.818335   416  2389 D SKGHAL  : saveResource: resId = 100000
11-02 20:21:31.818736  1686  2583 D SidekickService: sendBitmapsLocked(): status = 0, bytesUsed = 18
11-02 20:21:31.818916  1686  2583 D SidekickService: ISidekickGraphics#endResources()...
11-02 20:21:31.818941  2520  7213 D HOME    : [StreamDBQueue]Promised revision #1455 to queue a new op
11-02 20:21:31.819150  2520  7213 D WatchStreamManager: Promised rerank @ r#1455
11-02 20:21:31.819378  2520  6572 D HOME    : [WatchStreamDB]updateRanking()
11-02 20:21:31.821484  2520  6572 D HOME    : [WatchStreamDB]Item alerting conditions - isInterruptive: true, recentlyInterrupted: false, isItemPinned: true, isUnread: false
11-02 20:21:31.822134  2520  6572 D HOME    : [StreamAlertingRegulator]isTheaterModeEnabled: false, isAlertingAllowedByOffBody: true, matchesLocalInterruptionFilter: true
11-02 20:21:31.822780  2520  6572 D HOME    : [WatchStreamDB]couldItemAlert: false, isTopItemChanged: false, isDeferralForTopItem: false
11-02 20:21:31.823516  2520  6572 D HOME    : [NewStreamAdapter]Publishing revision #1455 to adapter clients
11-02 20:21:31.825448  2520  2520 W StaticLayout: maxLineHeight should not be -1.  maxLines:1 lineCount:1
11-02 20:21:31.843447   545  1334 W SurfaceFlinger: Attempting to destroy on removed layer: 718aa77 OobeOverlayHint#0
11-02 20:21:32.047843   416  2389 D SKGHAL  : sendResources: metadata size = 2400, font size = 72
11-02 20:21:32.107405   416  2389 D SKGHAL  : endResources: rc = 0
--------- switch to system
11-02 20:21:32.108926  1686  1686 W Looper  : Slow dispatch took 293ms main h=android.os.Handler c=com.google.android.wearable.ambient.AmbientDream$Callbacks$1@7815d6 m=0
--------- switch to main
11-02 20:21:32.109408  2520  2520 D HOME    : [SidekickManagerAsync]replaceWatchFaceComponents(): Callback#onResult(): 0
11-02 20:21:32.109807  2520  2520 D HOME    : [WatchFaceUiController]Complication updates sent, posting watch face hiding
11-02 20:21:32.109905  2520  2520 D HOME    : [WatchFaceUiController]Still in ambient watch face, hiding
11-02 20:21:32.109972  2520  2520 D HOME    : [WatchFaceUiController]Hiding watch face wallpaper.
--------- switch to system
11-02 20:21:32.111940  1686  1686 W Looper  : Slow delivery took 277ms main h=com.android.server.notification.NotificationManagerService$WorkerHandler c=com.android.server.notification.NotificationManagerService$14@fabc744 m=0
--------- switch to kernel
11-02 20:21:32.090885     0     0 E FG      : fg_psy_get_property: unsupported property 7
11-02 20:21:32.093539     0     0 W healthd : battery l=64 v=3950 t=33.0 h=2 st=3 c=85 fc=443000 cc=0 chg=
--------- switch to system
11-02 20:21:32.135953  1686  1686 W Looper  : Drained
--------- switch to main
11-02 20:21:32.137043   512  1749 I sensors-hal: activate:107, android.sensor.light/46 en=0
11-02 20:21:32.138178   512  1749 I sensors-hal: activate:118, android.sensor.light/46 en=0 completed
11-02 20:21:32.140946  1956  1956 D QtiCarrierConfigHelper: WARNING, no carrier configs on phone Id: 0
11-02 20:21:32.143274  2520  2520 D HOME    : [BatteryChange]action: android.intent.action.BATTERY_CHANGED
11-02 20:21:32.143784  2520  7212 D HOME    : [BatteryChange]HandleBatteryChangedTask
11-02 20:21:32.144071  2520  7212 D HOME    : [BatteryChange]level: 64, status: 3
11-02 20:21:32.144131  2520  2520 D HOME    : [StreamBackendInit]NotificationService onNotificationRemoved StatusBarNotification(pkg=android user=UserHandle{0} id=0 tag=com.android.server.wm.AlertWindowNotification - com.google.android.wearable.app key=0|android|0|com.android.server.wm.AlertWindowNotification - com.google.android.wearable.app|1000: Notification(channel=com.android.server.wm.AlertWindowNotification - com.google.android.wearable.app pri=0 contentView=null vibrate=null sound=null defaults=0x0 flags=0x102 color=0xff607d8b vis=PRIVATE))
11-02 20:21:32.144549  2520  2716 D CollectorHandler: handleMessage, event: ON_NOTIFICATION_REMOVED
11-02 20:21:32.145065  2520  2716 D HOME    : [StreamDBQueue]Promised revision #1456 to queue a new op
11-02 20:21:32.145641  2520  2716 D HOME    : [WatchStreamManager]Promised remove @ r#1456 for StreamItemIdAndRevision{notifKey=0|android|0|com.android.server.wm.AlertWindowNotification - com.google.android.wearable.app|1000, packageName=android, tag=com.android.server.wm.AlertWindowNotification - com.google.android.wearable.app, id=0, revision=0, originalRevision=0, updateCount=0} (@1455): SBN removed: StreamItemIdAndRevision{notifKey=0|android|0|com.android.server.wm.AlertWindowNotification - com.google.android.wearable.app|1000, packageName=android, tag=com.android.server.wm.AlertWindowNotification - com.google.android.wearable.app, id=0, revision=0, originalRevision=0, updateCount=0}
11-02 20:21:32.148788  2520  7212 D StreamDatabase: remove. itemId: StreamItemIdAndRevision{notifKey=0|android|0|com.android.server.wm.AlertWindowNotification - com.google.android.wearable.app|1000, packageName=android, tag=com.android.server.wm.AlertWindowNotification - com.google.android.wearable.app, id=0, revision=1451, originalRevision=1451, updateCount=0}
11-02 20:21:32.149469  2520  7212 D HOME    : [WatchStreamDB]Item alerting conditions - isInterruptive: true, recentlyInterrupted: false, isItemPinned: true, isUnread: false
11-02 20:21:32.149780  2520  7212 D HOME    : [StreamAlertingRegulator]isTheaterModeEnabled: false, isAlertingAllowedByOffBody: true, matchesLocalInterruptionFilter: true
11-02 20:21:32.150053  2520  7212 D HOME    : [WatchStreamDB]couldItemAlert: false, isTopItemChanged: false, isDeferralForTopItem: false
11-02 20:21:32.150627  2520  7212 D HOME    : [StreamAdapter]onStreamChange StreamChangeEvent[modified=0, removed=1, modifiedTop=0, removedTop=0, reorder=false, possibleAlertingItem=none]
11-02 20:21:32.151016  2520  7212 D HOME    : [StreamAdapter]onStreamChange StreamChangeEvent[modified=0, removed=1, modifiedTop=0, removedTop=0, reorder=false, possibleAlertingItem=none]
11-02 20:21:32.151537  2520  2520 D HOME    : [TopNotificationReceiver]Sending request to TopNotificationProviderService for complication update
11-02 20:21:32.151562  2520  7212 D HOME    : [NewStreamAdapter]Publishing revision #1456 to adapter clients
--------- switch to system
11-02 20:21:32.163952  1686  1710 I DisplayManagerService: Display device changed state: "Écran intégré", DOZE_SUSPEND
--------- switch to main
11-02 20:21:32.166580  2520  2520 D HOME    : [StreamAdapter]setStreamItems, size 2
11-02 20:21:32.167204  2520  2520 D HOME    : [StreamAdapter]setStreamItems, size 1
11-02 20:21:32.168257  2520  7212 D HOME    : [ComplicationController]scheduleImmediateUpdateForAllFromProvider ComponentInfo{com.google.android.wearable.app/com.google.android.clockwork.wcs.notification.complication.TopNotificationProviderService}
11-02 20:21:32.169194   545   545 D SurfaceFlinger: Set power mode=3, type=0 flinger=0xb6bb6000
11-02 20:21:32.169901   504   761 I SDM     : DisplayBase::SetDisplayState: Set state = 3, display 0
11-02 20:21:32.197257   545   545 D SurfaceFlinger: Finished set power mode=3, type=0
11-02 20:21:32.197780  1686  1823 I SidekickService: beginDisplayLocked(): DOZE_SUSPEND
11-02 20:21:32.198514   416  2389 D SKGHAL  : sendAmbientPrepare: enter:
--------- switch to kernel
11-02 20:21:32.131815     0     0 I mdss_dsi_panel_set_idle_mode: Idle (0->1)
11-02 20:21:32.156702     0     0 I         : [touch]FB_BLANK_VSYNC_SUSPEND
11-02 20:21:32.156709     0     0 I         : [touch]irq disable
11-02 20:21:32.156713     0     0 I         : [touch]workqueue is empty!
11-02 20:21:32.156719     0     0 I         : [touch]raydium_ts_do_suspend.
11-02 20:21:32.156729     0     0 I         : [touch]Device may wakeup
11-02 20:21:32.158725     0     0 I         : [touch]irq enable
--------- switch to main
11-02 20:21:32.210859  1686  1759 I InputReader: Reconfiguring input devices.  changes=0x00000004
11-02 20:21:32.328253   416  2389 D SKGHAL  : sendAmbientEvent: enter: enable = 1
11-02 20:21:32.329383   504   523 I SDM     : DisplayBase::SetDisplayState: Set state = 4, display 0
11-02 20:21:32.348739   504   523 D SDM     : HWCDisplayPrimary::SetStandByMode: Null display is connected successfully
11-02 20:21:32.349014   416  2389 D SKGHAL  : standBy_update_control call succeed on 1
11-02 20:21:32.360369   416  2389 D SKGHAL  : sendAmbientEvent: done: enable = 1
11-02 20:21:32.360953  1686  1823 D SidekickService:    ... beginDisplay result: 0 for halPower: 1
11-02 20:21:32.363654   512  1749 I sensors-hal: activate:107, android.sensor.accelerometer/48 en=0
11-02 20:21:32.365154   512  1749 I sensors-hal: activate:118, android.sensor.accelerometer/48 en=0 completed
11-02 20:21:32.369928  1686  1799 E WifiStateMachine: getWifiLinkLayerStats called without an interface
--------- switch to kernel
11-02 20:21:32.328844     0     0 E bgrsb   : bgrsb_enable: gpio 32 is valid
--------- switch to main
11-02 20:21:32.388241  1686  1686 I WearPower: [WearTouchMediator] changing touch input to enabled (ON_AUTO)
11-02 20:21:32.389357  1686  1759 I InputReader: Reconfiguring input devices.  changes=0x00000200
--------- switch to kernel
11-02 20:21:32.353715     0     0 I init    : processing action (ro.enable_core_ctl=true && sys.cw_corectl_mode=idle) from (/vendor/etc/init/hw/init.qcom.rc:949)
--------- switch to main
11-02 20:21:32.397482  1686  1686 I AmbientService: [ce6a28c] Timeout alarm not required, auto-resume timeout handled by dream.
11-02 20:21:32.410568  3205  3434 W WorkController: Loading failed for worker [trainingcache]: worker not found
11-02 20:21:32.412294  3205  3294 W A       : TrainingCache cache SCREEN_OFF failure
11-02 20:21:32.412294  3205  3294 W A       : com.google.android.apps.gsa.search.core.service.h.a.a: No worker found for Worker ID [trainingcache].
11-02 20:21:32.412294  3205  3294 W A       : 	at com.google.android.apps.gsa.search.core.service.g.a.c.a(Unknown Source:5)
11-02 20:21:32.412294  3205  3294 W A       : 	at com.google.android.libraries.gsa.c.a.d.a(Unknown Source:3)
11-02 20:21:32.412294  3205  3294 W A       : 	at com.google.common.p.a.cg.c(Unknown Source:2)
11-02 20:21:32.412294  3205  3294 W A       : 	at com.google.common.p.a.bk.run(SourceFile:3)
11-02 20:21:32.412294  3205  3294 W A       : 	at com.google.common.p.a.ci.run(Unknown Source:4)
11-02 20:21:32.412294  3205  3294 W A       : 	at com.google.apps.tiktok.concurrent.ab.run(SourceFile:1)
11-02 20:21:32.412294  3205  3294 W A       : 	at java.util.concurrent.ThreadPoolExecutor.runWorker(ThreadPoolExecutor.java:1167)
11-02 20:21:32.412294  3205  3294 W A       : 	at java.util.concurrent.ThreadPoolExecutor$Worker.run(ThreadPoolExecutor.java:641)
11-02 20:21:32.412294  3205  3294 W A       : 	at com.google.apps.tiktok.concurrent.c.run(Unknown Source:4)
11-02 20:21:32.412294  3205  3294 W A       : 	at java.lang.Thread.run(Thread.java:764)
11-02 20:21:32.427228  2520  2520 D HOME    : [StreamDBQueue]Promised revision #1457 to queue a new op
11-02 20:21:32.427608  2520  2520 D WatchStreamManager: Promised rank-blocked=false @ r#1457
11-02 20:21:32.427988  2520  2520 D HOME    : [CompactHunStarter]detachWindow()
11-02 20:21:32.430027  2520  7213 D HOME    : [StreamDBQueue]Promised revision #1458 to queue a new op
11-02 20:21:32.430112  2520  7212 D HOME    : [WatchStreamDB]Item alerting conditions - isInterruptive: true, recentlyInterrupted: false, isItemPinned: true, isUnread: false
11-02 20:21:32.430248  2520  7213 D WatchStreamManager: Promised rerank @ r#1458
11-02 20:21:32.430443  2520  7212 D HOME    : [StreamAlertingRegulator]isTheaterModeEnabled: false, isAlertingAllowedByOffBody: true, matchesLocalInterruptionFilter: true
11-02 20:21:32.430755  2520  7212 D HOME    : [WatchStreamDB]couldItemAlert: false, isTopItemChanged: false, isDeferralForTopItem: false
11-02 20:21:32.431347  2520  7212 D HOME    : [WatchStreamDB]updateRanking()
--------- switch to kernel
11-02 20:21:32.432085     0     0 I PM      : suspend entry 2021-11-02 19:21:32.432085589 UTC
--------- switch to main
11-02 20:21:32.432054  2520  7212 D HOME    : [WatchStreamDB]Item alerting conditions - isInterruptive: true, recentlyInterrupted: false, isItemPinned: true, isUnread: false
11-02 20:21:32.432499  2520  7212 D HOME    : [StreamAlertingRegulator]isTheaterModeEnabled: false, isAlertingAllowedByOffBody: true, matchesLocalInterruptionFilter: true
11-02 20:21:32.432817  2520  7212 D HOME    : [WatchStreamDB]couldItemAlert: false, isTopItemChanged: false, isDeferralForTopItem: false
11-02 20:21:32.433587  2520  7212 D HOME    : [NewStreamAdapter]Publishing revision #1458 to adapter clients
--------- switch to kernel
11-02 20:21:32.432097     0     0 I PM      : Syncing filesystems ... done.
11-02 20:21:32.467507     0     0 W         : IRQ16 no longer affine to CPU2
11-02 20:21:32.467549     0     0 W         : IRQ93 no longer affine to CPU2
11-02 20:21:32.468192     0     0 I CPU2    : shutdown
11-02 20:21:32.469249     0     0 I         : Freezing user space processes ...
11-02 20:21:32.473645     0     0 I PM      : Wakeup pending, aborting suspend
11-02 20:21:32.473679     0     0 I         : active wakeup source: NETLINK
11-02 20:21:32.473713     0     0 E         : Freezing of tasks aborted after 0.004 seconds
11-02 20:21:32.473724     0     0 I         : Restarting tasks ...
11-02 20:21:32.474253     0     0 W QSEECOM : qseecom_receive_req: Interrupted: exiting Listener Service = 12288
11-02 20:21:32.474298     0     0 W QSEECOM : qseecom_receive_req: Interrupted: exiting Listener Service = 10
11-02 20:21:32.474331     0     0 W QSEECOM : qseecom_receive_req: Interrupted: exiting Listener Service = 11
11-02 20:21:32.474458     0     0 W QSEECOM : qseecom_receive_req: Interrupted: exiting Listener Service = 28672
11-02 20:21:32.474513     0     0 I CPU3    : update max cpu_capacity 1024
11-02 20:21:32.475390     0     0 W QSEECOM : qseecom_receive_req: Interrupted: exiting Listener Service = 8192
11-02 20:21:32.478428     0     0 I init    : Command 'write /sys/devices/system/cpu/cpu2/online 0' action=ro.enable_core_ctl=true && sys.cw_corectl_mode=idle (/vendor/etc/init/hw/init.qcom.rc:951) took 86ms and succeeded
11-02 20:21:32.479375     0     0 I init    : Command 'write /sys/devices/system/cpu/cpu3/online 0' action=ro.enable_core_ctl=true && sys.cw_corectl_mode=idle (/vendor/etc/init/hw/init.qcom.rc:952) took 0ms and failed: Unable to write to file '/sys/devices/system/cpu/cpu3/online': Unable to write file contents: Device or resource busy
11-02 20:21:32.479473     0     0 I         : done.
11-02 20:21:32.479963     0     0 I PM      : suspend exit 2021-11-02 19:21:32.479963037 UTC
11-02 20:21:32.682193     0     0 I PM      : suspend entry 2021-11-02 19:21:32.682193974 UTC
11-02 20:21:32.682215     0     0 I PM      : Syncing filesystems ... done.
11-02 20:21:32.723186     0     0 I         : Freezing user space processes ... (elapsed 0.013 seconds) done.
11-02 20:21:32.736331     0     0 I         : Freezing remaining freezable tasks ... (elapsed 0.006 seconds) done.
11-02 20:21:32.742688     0     0 I         : Suspending console(s) (use no_console_suspend to debug)
11-02 20:21:32.759125     0     0 I mdss_dsi_panel_set_idle_mode: Idle (1->1)
11-02 20:21:32.800820     0     0 I bgcom   : bgcom_pm_suspend: suspended with : 0
11-02 20:21:32.839594     0     0 I PM      : suspend of devices complete after 92.573 msecs
11-02 20:21:32.846218     0     0 I PM      : late suspend of devices complete after 6.575 msecs
11-02 20:21:32.852414     0     0 I PM      : noirq suspend of devices complete after 6.158 msecs
11-02 20:21:32.852433     0     0 I         : Disabling non-boot CPUs ...
11-02 20:21:32.876113     0     0 W         : IRQ21 no longer affine to CPU1
11-02 20:21:32.878165     0     0 I CPU1    : shutdown
11-02 20:21:32.884584     0     0 I CPU0    : update max cpu_capacity 748
11-02 20:21:32.927133     0     0 I CPU3    : shutdown
11-02 20:21:32.929395     0     0 I suspend ns: 1165906773242	suspend cycles:     237701065693
11-02 20:21:32.929371     0     0 I CPU0    : msm_cpu_pm_enter_sleep mode:3 during suspend
11-02 20:21:32.929371     0     0 I         : Suspended for 14.587 seconds
11-02 20:21:32.929371     0     0 I resume cycles: 237981155114
11-02 20:21:32.929954     0     0 I         : Enabling non-boot CPUs ...
11-02 20:21:32.930817     0     0 I CPU1    : update cpu_capacity 1024
11-02 20:21:32.932138     0     0 I         : CPU1 is up
11-02 20:21:32.933318     0     0 I CPU3    : update cpu_capacity 1024
11-02 20:21:32.934317     0     0 I CPU1    : update max cpu_capacity 748
11-02 20:21:32.935592     0     0 I         : CPU3 is up
11-02 20:21:32.939368     0     0 I PM      : noirq resume of devices complete after 3.507 msecs
11-02 20:21:32.945507     0     0 I PM      : early resume of devices complete after 4.593 msecs
11-02 20:21:32.945515     0     0 I CPU1    : update max cpu_capacity 748
11-02 20:21:32.946737     0     0 I CPU3    : update max cpu_capacity 1024
11-02 20:21:32.977846     0     0 I bgcom   : bgcom_pm_resume: Bgcom resumed with : 0
11-02 20:21:32.988296     0     0 I mdss_dsi_panel_set_idle_mode: Idle (1->1)
11-02 20:21:33.029714     0     0 I PM      : resume of devices complete after 84.160 msecs
11-02 20:21:33.034487     0     0 I         : Restarting tasks ...
--------- switch to system
11-02 20:21:47.636106  1686  1686 I PowerManagerService: Waking up from dozing (uid=1000 reason=tiltToWake)...
--------- switch to kernel
11-02 20:21:33.037400     0     0 W QSEECOM : qseecom_receive_req: Interrupted: exiting Listener Service = 10
11-02 20:21:33.037495     0     0 W QSEECOM : qseecom_receive_req: Interrupted: exiting Listener Service = 28672
11-02 20:21:33.037604     0     0 W QSEECOM : qseecom_receive_req: Interrupted: exiting Listener Service = 12288
11-02 20:21:33.040580     0     0 W QSEECOM : qseecom_receive_req: Interrupted: exiting Listener Service = 8192
11-02 20:21:33.044141     0     0 W QSEECOM : qseecom_receive_req: Interrupted: exiting Listener Service = 11
11-02 20:21:33.051744     0     0 I         : done.
11-02 20:21:47.640818     0     0 I PM      : suspend exit 2021-11-02 19:21:47.640818655 UTC
--------- switch to system
11-02 20:21:47.650369  1686  1686 W UsageStatsService: Event reported without a package name
--------- switch to kernel
11-02 20:21:47.660305     0     0 E FG      : fg_psy_get_property: unsupported property 7
11-02 20:21:47.626960     0     0 W healthd : battery l=64 v=3992 t=33.0 h=2 st=3 c=4 fc=443000 cc=0 chg=
--------- switch to main
11-02 20:21:47.700579   512  1749 I sensors-hal: batch:140, android.sensor.light/46, period=100000000, max_latency=0
11-02 20:21:47.700755   512  1749 I sensors-hal: batch:149, android.sensor.light/46, period=100000000, max_latency=0 request completed
11-02 20:21:47.702529   512  1749 I sensors-hal: activate:107, android.sensor.light/46 en=1
11-02 20:21:47.703394   512  1749 I sensors-hal: ssc_enable_rt_task:254, ssc_enable_rt_task : true
11-02 20:21:47.710834   512  1749 I sensors-hal: activate:118, android.sensor.light/46 en=1 completed
11-02 20:21:47.714476   512  1749 I sensors-hal: batch:140, android.sensor.accelerometer/48, period=66667000, max_latency=100000000
11-02 20:21:47.714619   512  1749 I sensors-hal: batch:149, android.sensor.accelerometer/48, period=66667000, max_latency=100000000 request completed
11-02 20:21:47.715890  1686  1823 I SidekickService: endDisplayLocked()
--------- switch to system
11-02 20:21:47.716356  1686  1710 I DisplayManagerService: Display device changed state: "Écran intégré", ON
--------- switch to main
11-02 20:21:47.718050   416  2389 D SKGHAL  : sendAmbientEvent: enter: enable = 0
11-02 20:21:47.724414   512  1749 I sensors-hal: activate:107, android.sensor.accelerometer/48 en=1
11-02 20:21:47.725246   512  1749 I sensors-hal: ssc_enable_rt_task:254, ssc_enable_rt_task : true
11-02 20:21:47.731585   512  1749 I sensors-hal: activate:118, android.sensor.accelerometer/48 en=1 completed
11-02 20:21:47.743733  2520  2520 D HOME    : [BatteryChange]action: android.intent.action.BATTERY_CHANGED
11-02 20:21:47.746861  2520  6840 D HOME    : [BatteryChange]HandleBatteryChangedTask
11-02 20:21:47.748034  2520  6840 D HOME    : [BatteryChange]level: 64, status: 3
11-02 20:21:47.753083  1686  1759 I InputReader: Reconfiguring input devices.  changes=0x00000004
--------- switch to system
11-02 20:21:47.762437  1686  1702 W BroadcastQueue: Background execution not allowed: receiving Intent { act=android.intent.action.USER_PRESENT flg=0x10 } to com.google.android.gms/.auth.setup.devicesignals.LockScreenReceiver
11-02 20:21:47.763294  1686  1702 W BroadcastQueue: Background execution not allowed: receiving Intent { act=android.intent.action.USER_PRESENT flg=0x10 } to com.google.android.gms/.chimera.GmsIntentOperationService$PersistentTrustedReceiver
--------- switch to main
11-02 20:21:47.767354  3205  3434 W WorkController: Loading failed for worker [trainingcache]: worker not found
11-02 20:21:47.770942  3205  3372 W A       : TrainingCache cache DEVICE_UNLOCKED failure
11-02 20:21:47.770942  3205  3372 W A       : com.google.android.apps.gsa.search.core.service.h.a.a: No worker found for Worker ID [trainingcache].
11-02 20:21:47.770942  3205  3372 W A       : 	at com.google.android.apps.gsa.search.core.service.g.a.c.a(Unknown Source:5)
11-02 20:21:47.770942  3205  3372 W A       : 	at com.google.android.libraries.gsa.c.a.d.a(Unknown Source:3)
11-02 20:21:47.770942  3205  3372 W A       : 	at com.google.common.p.a.cg.c(Unknown Source:2)
11-02 20:21:47.770942  3205  3372 W A       : 	at com.google.common.p.a.bk.run(SourceFile:3)
11-02 20:21:47.770942  3205  3372 W A       : 	at com.google.common.p.a.ci.run(Unknown Source:4)
11-02 20:21:47.770942  3205  3372 W A       : 	at com.google.apps.tiktok.concurrent.ab.run(SourceFile:1)
11-02 20:21:47.770942  3205  3372 W A       : 	at java.util.concurrent.ThreadPoolExecutor.runWorker(ThreadPoolExecutor.java:1167)
11-02 20:21:47.770942  3205  3372 W A       : 	at java.util.concurrent.ThreadPoolExecutor$Worker.run(ThreadPoolExecutor.java:641)
11-02 20:21:47.770942  3205  3372 W A       : 	at com.google.apps.tiktok.concurrent.c.run(Unknown Source:4)
11-02 20:21:47.770942  3205  3372 W A       : 	at java.lang.Thread.run(Thread.java:764)
--------- switch to kernel
11-02 20:21:47.719309     0     0 E bgrsb   : bgrsb_enable: rsb will set report rate
11-02 20:21:47.747104     0     0 E bgrsb   : bgrsb_enable: gpio 32 is valid
--------- switch to main
11-02 20:21:47.783076  1956  1956 D QtiCarrierConfigHelper: WARNING, no carrier configs on phone Id: 0
11-02 20:21:47.797285  1686  1799 E WifiStateMachine: getWifiLinkLayerStats called without an interface
11-02 20:21:47.801731   512  7292 I sensors-hal: handle_indication_realtime:355,  SCHED_FIFO(10) for qmi_cbk
11-02 20:21:47.838325  1686  1686 I WearPower: [WearTouchMediator] changing touch input to enabled (ON_AUTO)
11-02 20:21:47.842899  1686  1759 I InputReader: Reconfiguring input devices.  changes=0x00000200
--------- switch to kernel
11-02 20:21:47.808753     0     0 I init    : processing action (ro.enable_core_ctl=true && sys.cw_corectl_mode=perf) from (/vendor/etc/init/hw/init.qcom.rc:954)
11-02 20:21:47.811978     0     0 I CPU2    : update cpu_capacity 1024
--------- switch to main
11-02 20:21:47.865041  1686  1686 D WristGestureCtrl: Starting: GesturesEnabled-false UngazeEnabled-true
11-02 20:21:47.865363  1686  1686 D DefaultUngazeDetector: starting
11-02 20:21:47.865493  1686  1686 D DefaultUngazeDetector: startUngazeStateEstimation(). startTime = 12387295
11-02 20:21:47.865788  1686  1686 W AlarmManagerProxy: Removing unknown listener
11-02 20:21:47.867758   512  1749 I sensors-hal: batch:140, android.sensor.accelerometer/48, period=19231000, max_latency=100000000
11-02 20:21:47.868594  1686  1686 W DefaultSettingsContentR: Value for ambient_low_bit_enabled not stored as number. Attempting parse as boolean.
11-02 20:21:47.870804   512  7294 I sensors-hal: handle_indication_realtime:355,  SCHED_FIFO(10) for qmi_cbk
11-02 20:21:47.872925   512  1749 I sensors-hal: batch:149, android.sensor.accelerometer/48, period=19231000, max_latency=100000000 request completed
11-02 20:21:47.873881   512  1749 I sensors-hal: flush:169, android.sensor.accelerometer/48
11-02 20:21:47.875872   512  1749 I sensors-hal: flush:175, android.sensor.accelerometer/48 completed
--------- switch to kernel
11-02 20:21:47.838041     0     0 I CPU1    : update max cpu_capacity 748
11-02 20:21:47.843837     0     0 I CPU3    : update max cpu_capacity 1024
--------- switch to main
11-02 20:21:47.897205  3205  3434 W WorkController: Loading failed for worker [trainingcache]: worker not found
11-02 20:21:47.899711  3205  3294 W A       : TrainingCache cache SCREEN_ON failure
11-02 20:21:47.899711  3205  3294 W A       : com.google.android.apps.gsa.search.core.service.h.a.a: No worker found for Worker ID [trainingcache].
11-02 20:21:47.899711  3205  3294 W A       : 	at com.google.android.apps.gsa.search.core.service.g.a.c.a(Unknown Source:5)
11-02 20:21:47.899711  3205  3294 W A       : 	at com.google.android.libraries.gsa.c.a.d.a(Unknown Source:3)
11-02 20:21:47.899711  3205  3294 W A       : 	at com.google.common.p.a.cg.c(Unknown Source:2)
11-02 20:21:47.899711  3205  3294 W A       : 	at com.google.common.p.a.bk.run(SourceFile:3)
11-02 20:21:47.899711  3205  3294 W A       : 	at com.google.common.p.a.ci.run(Unknown Source:4)
11-02 20:21:47.899711  3205  3294 W A       : 	at com.google.apps.tiktok.concurrent.ab.run(SourceFile:1)
11-02 20:21:47.899711  3205  3294 W A       : 	at java.util.concurrent.ThreadPoolExecutor.runWorker(ThreadPoolExecutor.java:1167)
11-02 20:21:47.899711  3205  3294 W A       : 	at java.util.concurrent.ThreadPoolExecutor$Worker.run(ThreadPoolExecutor.java:641)
11-02 20:21:47.899711  3205  3294 W A       : 	at com.google.apps.tiktok.concurrent.c.run(Unknown Source:4)
11-02 20:21:47.899711  3205  3294 W A       : 	at java.lang.Thread.run(Thread.java:764)
11-02 20:21:47.938552  2520  2520 D HOME    : [StreamDBQueue]Promised revision #1459 to queue a new op
11-02 20:21:47.939403  2520  2520 D WatchStreamManager: Promised rank-blocked=true @ r#1459
11-02 20:21:47.941323  2520  6840 D HOME    : [WatchStreamDB]Item alerting conditions - isInterruptive: true, recentlyInterrupted: false, isItemPinned: true, isUnread: false
11-02 20:21:47.942177  2520  6840 D HOME    : [StreamAlertingRegulator]isTheaterModeEnabled: false, isAlertingAllowedByOffBody: true, matchesLocalInterruptionFilter: true
11-02 20:21:47.943392  2520  6840 D HOME    : [WatchStreamDB]couldItemAlert: false, isTopItemChanged: false, isDeferralForTopItem: false
--------- switch to system
11-02 20:21:47.962877  2520  2520 W ViewRootImpl[HomeActivity2]: Dropping event due to no window focus: MotionEvent { action=ACTION_SCROLL, actionButton=0, id[0]=0, x[0]=0.0, y[0]=0.0, toolType[0]=TOOL_TYPE_UNKNOWN, buttonState=0, metaState=0, flags=0x0, edgeFlags=0x0, pointerCount=1, historySize=0, eventTime=1166388, downTime=0, deviceId=2, source=0x400000 }
11-02 20:21:47.993992  2520  2520 W ViewRootImpl[HomeActivity2]: Dropping event due to no window focus: MotionEvent { action=ACTION_SCROLL, actionButton=0, id[0]=0, x[0]=0.0, y[0]=0.0, toolType[0]=TOOL_TYPE_UNKNOWN, buttonState=0, metaState=0, flags=0x0, edgeFlags=0x0, pointerCount=1, historySize=0, eventTime=1166420, downTime=0, deviceId=2, source=0x400000 }
11-02 20:21:48.031941  2520  2520 W ViewRootImpl[HomeActivity2]: Dropping event due to no window focus: MotionEvent { action=ACTION_SCROLL, actionButton=0, id[0]=0, x[0]=0.0, y[0]=0.0, toolType[0]=TOOL_TYPE_UNKNOWN, buttonState=0, metaState=0, flags=0x0, edgeFlags=0x0, pointerCount=1, historySize=0, eventTime=1166457, downTime=0, deviceId=2, source=0x400000 }
--------- switch to main
11-02 20:21:48.083375   504   523 I SDM     : DisplayBase::SetDisplayState: Set state = 3, display 0
11-02 20:21:48.083749   504   523 D SDM     : HWCDisplayPrimary::SetStandByMode: Display is connected successfully
11-02 20:21:48.084205   416  2389 D SKGHAL  : standBy_update_control call succeed on 0
11-02 20:21:48.084290   416  2389 D SKGHAL  : sendAmbientEvent: done: enable = 0
11-02 20:21:48.085340  1686  1823 D SidekickService:    ... endDisplay returns void
11-02 20:21:48.087015   545   545 D SurfaceFlinger: Set power mode=2, type=0 flinger=0xb6bb6000
11-02 20:21:48.087940   504   762 I SDM     : DisplayBase::SetDisplayState: Set state = 1, display 0
--------- switch to kernel
11-02 20:21:48.045309     0     0 I         : [touch]FB_BLANK_VSYNC_SUSPEND
11-02 20:21:48.045317     0     0 I         : [touch]Already in suspend state
--------- switch to main
11-02 20:21:48.099574   545   545 D SurfaceFlinger: Finished set power mode=2, type=0
--------- switch to kernel
11-02 20:21:48.057060     0     0 I mdss_dsi_panel_set_idle_mode: Idle (1->0)
11-02 20:21:48.058220     0     0 E mdp3_enable_panic_ctrl: mdp3_enable_panic_ctrl: Enable Panic Control
11-02 20:21:48.058341     0     0 I         : [touch]FB_BLANK_UNBLANK
11-02 20:21:48.058350     0     0 I         : [touch]raydium_ts_do_resume, 1.
11-02 20:21:48.059273     0     0 I         : [ raydium ]workqueue is empty!
11-02 20:21:48.059297     0     0 I raydium_ts 5-0039: [touch]Already enable irq
11-02 20:21:48.059301     0     0 I         : [touch]Device may wakeup
--------- switch to system
11-02 20:21:48.104500  1686  1712 W PowerManagerService: Screen on took 597 ms
11-02 20:21:48.105049  1686  1712 I DreamManagerService: Gently waking up from dream.
11-02 20:21:48.106003  1686  1708 I DreamManagerService: Performing gentle wake from dream.
11-02 20:21:48.107488  1686  1686 V DreamService[AmbientDream]: wakeUp(): fromSystem=true, mWaking=false, mFinished=false
11-02 20:21:48.107657  1686  1686 V DreamService[AmbientDream]: finish(): mFinished=false
11-02 20:21:48.107946  1686  1686 I DreamManagerService: Leaving dreamland.
11-02 20:21:48.109048  1686  1708 I DreamManagerService: Performing gentle wake from dream.
11-02 20:21:48.109239  1686  1708 I DreamController: Stopping dream: name=ComponentInfo{com.google.android.wearable.ambient/com.google.android.wearable.ambient.AmbientDream}, isTest=false, canDoze=true, userId=0
11-02 20:21:48.112044  1686  1686 V DreamService[AmbientDream]: detach(): Calling onDreamingStopped()
--------- switch to main
11-02 20:21:48.112626  1686  1686 I AmbientService: [ce6a28c] doOnDreamingStopped
11-02 20:21:48.112784  1686  1686 W AlarmManagerProxy: Removing unknown listener
11-02 20:21:48.125700  2520  2520 D HOME    : [HomeVisitsLogger]Logging streamlet event: visit_start
11-02 20:21:48.126455  2520  2520 D HOME    : [HomeVisitsLogger]Logging streamlet event: exit_ambient_mode
11-02 20:21:48.127052  1686  1686 I AmbientService: [ce6a28c] No auto-resume Activity.
11-02 20:21:48.127615  2520  2520 D HOME    : [HotwordController]updateClient MODE_WATCH_FACE false false false true
11-02 20:21:48.130040  2520  2520 D HOME    : [WatchFaceUiController]setInAmbientMode false
11-02 20:21:48.130263  2520  2520 D HOME    : [WatchFaceUiController]sendWatchFaceServiceBinder
11-02 20:21:48.134681  1686  1686 W AlarmManager: Unrecognized alarm listener com.android.server.job.controllers.-$$Lambda$IdleController$IdlenessTracker$nTdS-lGBXcES5VWKcJFmQFgU7IU@1ab437a
--------- switch to system
11-02 20:21:48.140470  1686  1686 W ContextImpl: Calling a method in the system process without a qualified user: android.app.ContextImpl.sendBroadcast:1020 android.content.ContextWrapper.sendBroadcast:449 com.google.android.wearable.ambient.AmbientDream.onDestroy:273 android.app.ActivityThread.handleStopService:3698 android.app.ActivityThread.access$1700:200 
--------- switch to main
11-02 20:21:48.142609  1686  1686 E AlarmManager: cancel() called with a null PendingIntent
--------- switch to system
11-02 20:21:48.143478  1686  1686 V DreamService[AmbientDream]: onDestroy()
--------- switch to main
11-02 20:21:48.144527  2520  2520 D HOME    : [WatchFaceUiController]sendStateToWallpaper
11-02 20:21:48.149013  2520  2520 D HOME    : [WatchFaceUiController]Showing watch face wallpaper.
11-02 20:21:48.149640  2520  2520 D HOME    : [WatchFaceUiController]sendStateToWallpaper
11-02 20:21:48.180094  2520  2520 D HOME    : [StreamDBQueue]Promised revision #1460 to queue a new op
11-02 20:21:48.180371  2520  2520 D WatchStreamManager: Promised rank-blocked=true @ r#1460
11-02 20:21:48.180786  2520  2520 D HOME    : [StreamDBQueue]Promised revision #1461 to queue a new op
11-02 20:21:48.180907  2520  2520 D WatchStreamManager: Promised rank-blocked=true @ r#1461
11-02 20:21:48.180962  2520  7213 D HOME    : [WatchStreamDB]Item alerting conditions - isInterruptive: true, recentlyInterrupted: false, isItemPinned: true, isUnread: false
11-02 20:21:48.181326  2520  7213 D HOME    : [StreamAlertingRegulator]isTheaterModeEnabled: false, isAlertingAllowedByOffBody: true, matchesLocalInterruptionFilter: true
11-02 20:21:48.181496  2520  2520 D HOME    : [TilesController]Tile refresh optimization is enabled.
11-02 20:21:48.181614  2520  7213 D HOME    : [WatchStreamDB]couldItemAlert: false, isTopItemChanged: false, isDeferralForTopItem: false
11-02 20:21:48.181763  2520  2520 D HOME    : [EventBus]Wrapper pool is full. Discarding excess wrapper instance for event com.google.android.clockwork.sysui.events.KeyguardStateEvent
11-02 20:21:48.181844  2520  2520 D HOME    : [WatchFaceUiController]sendStateToWallpaper
11-02 20:21:48.182831  2520  7213 D HOME    : [WatchStreamDB]Item alerting conditions - isInterruptive: true, recentlyInterrupted: false, isItemPinned: true, isUnread: false
11-02 20:21:48.183329  2520  7213 D HOME    : [StreamAlertingRegulator]isTheaterModeEnabled: false, isAlertingAllowedByOffBody: true, matchesLocalInterruptionFilter: true
11-02 20:21:48.184136  2520  7213 D HOME    : [WatchStreamDB]couldItemAlert: false, isTopItemChanged: false, isDeferralForTopItem: false
11-02 20:21:48.184946  2520  2520 D HOME    : [EventBus]Wrapper pool is full. Discarding excess wrapper instance for event com.google.android.clockwork.sysui.events.KeyguardStateEvent
11-02 20:21:48.185462  2520  2520 D HOME    : [EventBus]Wrapper pool is full. Discarding excess wrapper instance for event com.google.android.clockwork.sysui.events.KeyguardStateEvent
11-02 20:21:48.192930  2520  2520 D HOME    : [WatchFaceUiController]sendStateToWallpaper
11-02 20:21:48.201019  2520  2520 W StaticLayout: maxLineHeight should not be -1.  maxLines:1 lineCount:1
11-02 20:21:48.246880  2520  4718 W OpenGLRenderer: Incorrectly called buildLayer on View: HardwareButtonHintOverlayView, destroying layer...
11-02 20:21:48.277315   512   512 I sensors-hal: activate:107, android.sensor.light/46 en=0
11-02 20:21:48.279741   512   512 I sensors-hal: activate:118, android.sensor.light/46 en=0 completed
11-02 20:21:48.284192   512   512 I sensors-hal: batch:140, android.sensor.light/46, period=250000000, max_latency=0
11-02 20:21:48.284561   512   512 I sensors-hal: batch:149, android.sensor.light/46, period=250000000, max_latency=0 request completed
11-02 20:21:48.285852   512   512 I sensors-hal: activate:107, android.sensor.light/46 en=1
11-02 20:21:48.286265   512   512 I sensors-hal: ssc_enable_rt_task:254, ssc_enable_rt_task : true
11-02 20:21:48.289999   512   512 I sensors-hal: activate:118, android.sensor.light/46 en=1 completed
11-02 20:21:48.290806  2520  2520 D HOME    : [WatchFaceUiController]sendWatchFaceServiceBinder
11-02 20:21:48.297229  2520  2520 D HOME    : [WatchFaceUiController]sendProperties
--------- switch to system
11-02 20:21:48.297481  1686  1686 V SettingsProvider: Notifying for 0: content://settings/system/screen_brightness
--------- switch to main
11-02 20:21:48.298092  1686  1686 I SidekickService: loadBrightnessLocked()
11-02 20:21:48.298848  2520  2520 D HOME    : [WatchFaceUiController]sendStateToWallpaper
11-02 20:21:48.307216  1686  1686 D SidekickService: screenBrightness  = 50
11-02 20:21:48.310635  1686  1686 D SidekickService: sendConfigValuesLocked(): alsThresholds = [40, 92, 95, 100, 125, 150, 175, 200, 225, 250, 300, 400, 500, 800, 1200], brightnessValuesBright = [50, 56, 60, 70, 80, 90, 100, 115, 120, 140, 160, 180, 200, 220, 240, 255], brightnessValuesDim= [50, 56, 60, 70, 80, 90, 100, 115, 120, 140, 160, 180, 200, 220, 240, 255]
11-02 20:21:48.321100  1686  1686 D SidekickService: setAlsMode(): mode = 2, brightenAlpha = 80, dimmingAlpha = 80
11-02 20:21:48.333036  1686  1686 D SidekickService: setTwmConfig():: msTiltToBright = 10000, tiltToBright = false
11-02 20:21:48.357366   512  7302 I sensors-hal: handle_indication_realtime:355,  SCHED_FIFO(10) for qmi_cbk
11-02 20:21:48.427154  2520  2520 D HOME    : [StreamBackendInit]NotificationService onNotificationPosted StatusBarNotification(pkg=android user=UserHandle{0} id=0 tag=com.android.server.wm.AlertWindowNotification - com.google.android.wearable.app key=0|android|0|com.android.server.wm.AlertWindowNotification - com.google.android.wearable.app|1000: Notification(channel=com.android.server.wm.AlertWindowNotification - com.google.android.wearable.app pri=0 contentView=null vibrate=null sound=null defaults=0x0 flags=0x102 color=0xff607d8b vis=PRIVATE))
11-02 20:21:48.428011  2520  2716 D CollectorHandler: handleMessage, event: ON_NOTIFICATION_POSTED_WITH_RANKING
11-02 20:21:48.431256  2520  2716 D HOME    : [StreamDBQueue]Promised revision #1462 to queue a new op
11-02 20:21:48.437431  2520  2716 D HOME    : [WatchStreamManager]Promised set @ r#1462 for (android,tag=com.android.server.wm.AlertWindowNotification - com.google.android.wearable.app,id=0,notifKey=0|android|0|com.android.server.wm.AlertWindowNotification - com.google.android.wearable.app|1000)
11-02 20:21:48.439805  2520  6840 D StreamDatabase:   filtering notification, reason=HOME_OVER_OTHER_APPS_NOTIFICATION, itemId=StreamItemIdAndRevision{notifKey=0|android|0|com.android.server.wm.AlertWindowNotification - com.google.android.wearable.app|1000, packageName=android, tag=com.android.server.wm.AlertWindowNotification - com.google.android.wearable.app, id=0, revision=1462, originalRevision=1462, updateCount=0}
11-02 20:21:48.441396  2520  6840 D HOME    : [WatchStreamDB]Item alerting conditions - isInterruptive: true, recentlyInterrupted: false, isItemPinned: true, isUnread: false
11-02 20:21:48.442327  2520  6840 D HOME    : [StreamAlertingRegulator]isTheaterModeEnabled: false, isAlertingAllowedByOffBody: true, matchesLocalInterruptionFilter: true
11-02 20:21:48.442680  2520  6840 D HOME    : [WatchStreamDB]couldItemAlert: false, isTopItemChanged: false, isDeferralForTopItem: false
11-02 20:21:48.443254  2520  6840 D HOME    : [StreamAdapter]onStreamChange StreamChangeEvent[modified=1, removed=0, modifiedTop=0, removedTop=0, reorder=false, possibleAlertingItem=none]
11-02 20:21:48.443850  2520  6840 D HOME    : [StreamAdapter]onStreamChange StreamChangeEvent[modified=1, removed=0, modifiedTop=0, removedTop=0, reorder=false, possibleAlertingItem=none]
11-02 20:21:48.444412  2520  2520 D HOME    : [TopNotificationReceiver]Sending request to TopNotificationProviderService for complication update
11-02 20:21:48.445517  2520  6840 D HOME    : [NewStreamAdapter]Publishing revision #1462 to adapter clients
11-02 20:21:48.447965  2520  2520 D HOME    : [StreamAdapter]setStreamItems, size 2
11-02 20:21:48.448533  2520  2520 D HOME    : [StreamAdapter]setStreamItems, size 1
11-02 20:21:48.450239  2520  6840 D HOME    : [ComplicationController]scheduleImmediateUpdateForAllFromProvider ComponentInfo{com.google.android.wearable.app/com.google.android.clockwork.wcs.notification.complication.TopNotificationProviderService}
11-02 20:21:49.792632   512   512 I sensors-hal: batch:140, android.sensor.accelerometer/48, period=66667000, max_latency=100000000
11-02 20:21:49.795955   512   512 I sensors-hal: batch:149, android.sensor.accelerometer/48, period=66667000, max_latency=100000000 request completed
11-02 20:21:49.796927  1686  1686 D DefaultUngazeDetector: Ungaze event occurred; emitting gesture event!
11-02 20:21:49.797080  1686  1686 D WristGestureCtrl: Gesture:GESTURE UNGAZE, timestamp(ms): 12387295, confidence: 0.0, latency(ms): 0, duration(ms): 1932
11-02 20:21:49.798673   512   512 I sensors-hal: batch:140, android.sensor.accelerometer/48, period=19231000, max_latency=100000000
11-02 20:21:49.800789   512   512 I sensors-hal: batch:149, android.sensor.accelerometer/48, period=19231000, max_latency=100000000 request completed
--------- switch to system
11-02 20:21:49.800816  1686  1686 I WindowManager: sleepRelease() calling goToSleep(GO_TO_SLEEP_REASON_SLEEP_BUTTON)
11-02 20:21:49.801039  1686  1686 I PowerManagerService: Going to sleep due to sleep button (uid 1000)...
--------- switch to main
11-02 20:21:49.801241   512   512 I sensors-hal: flush:169, android.sensor.accelerometer/48
--------- switch to system
11-02 20:21:49.802143  1686  1686 W UsageStatsService: Event reported without a package name
11-02 20:21:49.802591  1686  1712 I DreamManagerService: Entering dreamland.
--------- switch to main
11-02 20:21:49.802744   512   512 I sensors-hal: flush:175, android.sensor.accelerometer/48 completed
--------- switch to system
11-02 20:21:49.803475  1686  1712 I PowerManagerService: Dozing...
11-02 20:21:49.818636  1686  1708 I DreamController: Starting dream: name=ComponentInfo{com.google.android.wearable.ambient/com.google.android.wearable.ambient.AmbientDream}, isTest=false, canDoze=true, userId=0
11-02 20:21:49.833399  1686  1686 W ContextImpl: Calling a method in the system process without a qualified user: android.app.ContextImpl.bindService:1611 android.content.ContextWrapper.bindService:698 com.google.android.wearable.ambient.AmbientDream.onCreate:191 android.app.ActivityThread.handleCreateService:3533 android.app.ActivityThread.access$1300:200 
11-02 20:21:49.840747  1686  1686 W ContextImpl: Calling a method in the system process without a qualified user: android.app.ContextImpl.sendBroadcast:1005 android.content.ContextWrapper.sendBroadcast:444 com.google.android.wearable.ambient.AmbientDream.onCreate:241 android.app.ActivityThread.handleCreateService:3533 android.app.ActivityThread.access$1300:200 
11-02 20:21:49.842131  1686  1686 V DreamService[AmbientDream]: onBind() intent = Intent { act=android.service.dreams.DreamService flg=0x800000 cmp=com.google.android.wearable.ambient/.AmbientDream }
--------- switch to main
11-02 20:21:49.843678  1686  1686 I AmbientService: [ce6a28c] Ambient Created
--------- switch to system
11-02 20:21:49.844573  1686  1686 V DreamService[AmbientDream]: Calling onDreamingStarted()
--------- switch to main
11-02 20:21:49.844743  1686  1686 I AmbientService: [ce6a28c] doOnDreamingStarted
11-02 20:21:49.845397  1686  1686 D SidekickService: setShouldControlDisplay called: true
11-02 20:21:49.846541  1686  1686 I AmbientService: [ce6a28c] Selected running activity for ambient mode: AmbientActivity[component=ComponentInfo{com.google.android.wearable.app/com.google.android.clockwork.home2.activity.HomeActivity2}, callbacks=@210b385, running=true, ambientRequested=true, ambientEnabled=true, offloadEnabled=true]
11-02 20:21:49.847060  1686  1686 I AmbientService: [ce6a28c] Sidekick is ready to display, requesting doze.
11-02 20:21:49.847748  1686  1686 I AmbientService: [ce6a28c] No auto-resume Activity.
11-02 20:21:49.849756  1686  1686 W DefaultSettingsContentR: Value for ambient_low_bit_enabled not stored as number. Attempting parse as boolean.
11-02 20:21:49.850732  2520  2520 D HOME    : [HomeVisitsLogger]Logging streamlet event: enter_ambient_mode
11-02 20:21:49.851578  2520  2520 D HOME    : [HotwordController]updateClient MODE_WATCH_FACE false true false true
11-02 20:21:49.852870  2520  2520 D HOME    : [WatchFaceUiController]setInAmbientMode true
11-02 20:21:49.855395  2520  6572 I SidekickManager: replaceWatchFaceComponentsImpl(): watchFace = com.google.android.clockwork.decomposablewatchface.WatchFaceDecomposition@6e9fcea
11-02 20:21:49.856081  2520  6840 D HOME    : [HomeVisitsLogger]Logging streamlet event: visit_end
11-02 20:21:49.857291  1686  2943 D SidekickService: sendWatchFaceComponents called: watchFace = com.google.android.clockwork.decomposablewatchface.WatchFaceDecomposition@2f03fbeshouldReplace = false
11-02 20:21:49.857582  1686  2943 D SidekickService: Check decomposition for calling app com.google.android.wearable.app with uid 10049
11-02 20:21:49.858702  2520  2520 D HOME    : [StreamDBQueue]Promised revision #1463 to queue a new op
11-02 20:21:49.858972  2520  2520 D WatchStreamManager: Promised rank-blocked=false @ r#1463
11-02 20:21:49.859365  2520  2520 D HOME    : [StreamDBQueue]Promised revision #1464 to queue a new op
11-02 20:21:49.859500  2520  2520 D WatchStreamManager: Promised rank-blocked=false @ r#1464
11-02 20:21:49.860259  2520  2520 D HOME    : [EventBus]Wrapper pool is full. Discarding excess wrapper instance for event com.google.android.clockwork.sysui.events.KeyguardStateEvent
