11-03 09:03:32.378500  2520 10449 D HOME    : [DataRequester]cancelScheduledUpdates could not find jobId for provider -1
11-03 09:03:32.378721  2520 10449 D HOME    : [DataRequester]updateFinished -1
11-03 09:03:32.378824  2520 10449 D HOME    : [ProviderConnMgr]Unbinding from service
11-03 09:03:32.384502  2520  4738 W GmsAccountProvider: No accounts found.
11-03 09:03:32.384611  2520  4738 D HOME    : [LocPermissionChecker]No account present for location permissions.
11-03 09:03:32.390357   512   512 I sensors-hal: activate:118, android.sensor.light/46 en=1 completed
11-03 09:03:32.360551  2520 11078 D HOME    : [WatchStreamDB]couldItemAlert: false, isTopItemChanged: false, isDeferralForTopItem: false
--------- switch to system
11-03 09:03:32.404846  1686  1686 V SettingsProvider: Notifying for 0: content://settings/system/screen_brightness
--------- switch to main
11-03 09:03:32.408517  1686  1686 I SidekickService: loadBrightnessLocked()
11-03 09:03:32.409343  1686  1686 D SidekickService: screenBrightness  = 75
11-03 09:03:32.409952  1686  1686 D SidekickService: sendConfigValuesLocked(): alsThresholds = [40, 92, 95, 100, 125, 150, 175, 200, 225, 250, 300, 400, 500, 800, 1200], brightnessValuesBright = [50, 56, 60, 70, 80, 90, 100, 115, 120, 140, 160, 180, 200, 220, 240, 255], brightnessValuesDim= [50, 56, 60, 70, 80, 90, 100, 115, 120, 140, 160, 180, 200, 220, 240, 255]
11-03 09:03:32.420780   512 11170 I sensors-hal: handle_indication_realtime:355,  SCHED_FIFO(10) for qmi_cbk
11-03 09:03:32.425259  1686  1686 D SidekickService: setAlsMode(): mode = 2, brightenAlpha = 80, dimmingAlpha = 80
11-03 09:03:32.428453  2520 10449 D HOME    : [DataRequester]Scheduling job for TileConfig{id=-1, provider=ComponentInfo{com.google.android.wearable.app/com.google.android.clockwork.home.jovi.tile.JoviTileProviderService}} delay=14400 jobId=2000133
11-03 09:03:32.429453  2520  2520 D HOME    : [AgendaController]loadEvents
11-03 09:03:32.431734  2520 10917 D HOME    : [AgendaController]Fetching event data for window: EventWindow{Wed Nov 03 00:00:00 GMT+01:00 2021,Fri Nov 05 23:59:59 GMT+01:00 2021}
11-03 09:03:32.432093  2520 10917 D HOME    : [CwCal]CalendarEventsResolver:queryCalendarEventInstances:window=EventWindow{Wed Nov 03 00:00:00 GMT+01:00 2021,Fri Nov 05 23:59:59 GMT+01:00 2021}
11-03 09:03:32.435150  1686  1686 D SidekickService: setTwmConfig():: msTiltToBright = 10000, tiltToBright = false
11-03 09:03:32.472691  1686  2051 I GnssLocationProvider: WakeLock acquired by sendMessage(SET_REQUEST, 0, com.android.server.location.GnssLocationProvider$GpsRequest@93c44ce)
11-03 09:03:32.489488  1686  1686 I WearPower: [WearTouchMediator] changing touch input to enabled (ON_AUTO)
11-03 09:03:32.490747  1686  1759 I InputReader: Reconfiguring input devices.  changes=0x00000200
11-03 09:03:32.494889   501   501 I LocSvc_GnssInterface: ===> setPositionMode line 269 
11-03 09:03:32.495324   501   501 I LocSvc_GnssInterface: ===> start line 208 
11-03 09:03:32.495404   501   501 I LocSvc_APIClientBase: locAPIStartTracking:342] start new session: 55
11-03 09:03:32.495816   501  1894 I LocSvc_api_v02: ---> locClientSendReq line 2298 QMI_LOC_REG_EVENTS_REQ_V02
11-03 09:03:32.496689  1686  1701 I GnssLocationProvider: WakeLock released by handleMessage(SET_REQUEST, 0, com.android.server.location.GnssLocationProvider$GpsRequest@93c44ce)
--------- switch to kernel
11-03 09:03:32.469181     0     0 I CPU2    : update max cpu_capacity 1024
11-03 09:03:32.474695     0     0 I init    : Command 'write /sys/devices/system/cpu/cpu3/online 1' action=ro.enable_core_ctl=true && sys.cw_corectl_mode=perf (/vendor/etc/init/hw/init.qcom.rc:957) took 53ms and succeeded
--------- switch to main
11-03 09:03:32.499871   501  1894 I LocSvc_api_v02: ---> locClientSendReq line 2298 QMI_LOC_SET_OPERATION_MODE_REQ_V02
11-03 09:03:32.501553   501  1904 I LocSvc_ApiV02: <--- globalRespCb line 178 QMI_LOC_SET_OPERATION_MODE_REQ_V02
11-03 09:03:32.503944   501  1894 I LocSvc_api_v02: ---> locClientSendReq line 2298 QMI_LOC_START_REQ_V02
11-03 09:03:32.508226  1686  1686 W AlarmManagerProxy: Removing unknown listener
11-03 09:03:32.514115  1686  1686 W DefaultSettingsContentR: Value for ambient_low_bit_enabled not stored as number. Attempting parse as boolean.
11-03 09:03:32.526133  3205  3434 W WorkController: Loading failed for worker [trainingcache]: worker not found
11-03 09:03:32.528593  3205  3372 W A       : TrainingCache cache SCREEN_ON failure
11-03 09:03:32.528593  3205  3372 W A       : com.google.android.apps.gsa.search.core.service.h.a.a: No worker found for Worker ID [trainingcache].
11-03 09:03:32.528593  3205  3372 W A       : 	at com.google.android.apps.gsa.search.core.service.g.a.c.a(Unknown Source:5)
11-03 09:03:32.528593  3205  3372 W A       : 	at com.google.android.libraries.gsa.c.a.d.a(Unknown Source:3)
11-03 09:03:32.528593  3205  3372 W A       : 	at com.google.common.p.a.cg.c(Unknown Source:2)
11-03 09:03:32.528593  3205  3372 W A       : 	at com.google.common.p.a.bk.run(SourceFile:3)
11-03 09:03:32.528593  3205  3372 W A       : 	at com.google.common.p.a.ci.run(Unknown Source:4)
11-03 09:03:32.528593  3205  3372 W A       : 	at com.google.apps.tiktok.concurrent.ab.run(SourceFile:1)
11-03 09:03:32.528593  3205  3372 W A       : 	at java.util.concurrent.ThreadPoolExecutor.runWorker(ThreadPoolExecutor.java:1167)
11-03 09:03:32.528593  3205  3372 W A       : 	at java.util.concurrent.ThreadPoolExecutor$Worker.run(ThreadPoolExecutor.java:641)
11-03 09:03:32.528593  3205  3372 W A       : 	at com.google.apps.tiktok.concurrent.c.run(Unknown Source:4)
11-03 09:03:32.528593  3205  3372 W A       : 	at java.lang.Thread.run(Thread.java:764)
11-03 09:03:32.558780  2520  2520 D HOME    : [StreamDBQueue]Promised revision #3392 to queue a new op
11-03 09:03:32.559129  2520  2520 D WatchStreamManager: Promised rank-blocked=true @ r#3392
11-03 09:03:32.559976  2520 10449 D HOME    : [WatchStreamDB]Item alerting conditions - isInterruptive: false, recentlyInterrupted: false, isItemPinned: false, isUnread: false
11-03 09:03:32.560324  2520 10449 D HOME    : [StreamAlertingRegulator]isTheaterModeEnabled: false, isAlertingAllowedByOffBody: true, matchesLocalInterruptionFilter: true
11-03 09:03:32.560595  2520 10449 D HOME    : [WatchStreamDB]couldItemAlert: false, isTopItemChanged: false, isDeferralForTopItem: false
11-03 09:03:32.598101  2520  2520 D HOME    : [AgendaController]Obtained events in UI thread: []
11-03 09:03:32.598884  2520  2520 D HOME    : [EventDiarizer]Constructing with window EventWindow{Wed Nov 03 00:00:00 GMT+01:00 2021,Fri Nov 05 23:59:59 GMT+01:00 2021}
11-03 09:03:32.603047  2520  2520 D HOME    : [AgendaMetricsLogger]eventDataNotPresent
11-03 09:03:32.603239  2520 10692 D HOME    : [DataRequester]cancelScheduledUpdates TileConfig{id=2, provider=ComponentInfo{com.google.android.wearable.app/com.google.android.clockwork.home.calendar.AgendaTileProviderService}}
11-03 09:03:32.603452  2520 10692 D HOME    : [DataRequester]cancelScheduledUpdates could not find jobId for provider 2
11-03 09:03:32.604443  2520 10692 D HOME    : [DataRequester]updateFinished 2
11-03 09:03:32.605088  2520 10692 D HOME    : [ProviderConnMgr]Unbinding from service
11-03 09:03:32.608982  2520 10692 D HOME    : [DataRequester]Scheduling job for TileConfig{id=2, provider=ComponentInfo{com.google.android.wearable.app/com.google.android.clockwork.home.calendar.AgendaTileProviderService}} delay=14400 jobId=2000134
11-03 09:03:32.667296   501  1904 I LocSvc_ApiV02: <--- globalEventCb line 152 QMI_LOC_EVENT_POSITION_REPORT_IND_V02
11-03 09:03:32.790247  1686  1696 I system_server: Background concurrent copying GC freed 34245(1900KB) AllocSpace objects, 24(752KB) LOS objects, 19% free, 10MB/13MB, paused 4.433ms total 922.098ms
11-03 09:03:32.869777  1686  5241 D WificondControl: Scan result ready event
11-03 09:03:33.300140  2520  2520 D HOME    : [SurfaceRenderer]cardLifecycleParent: onPause
11-03 09:03:33.300504  2520  2520 D HOME    : [SurfaceRenderer]cardLifecycleParent: onStop
11-03 09:03:33.667867   501  1904 I LocSvc_ApiV02: <--- globalEventCb line 152 QMI_LOC_EVENT_POSITION_REPORT_IND_V02
11-03 09:03:34.667667   501  1904 I LocSvc_ApiV02: <--- globalEventCb line 152 QMI_LOC_EVENT_POSITION_REPORT_IND_V02
11-03 09:03:35.373438   512   512 I sensors-hal: batch:140, android.sensor.accelerometer/48, period=66667000, max_latency=100000000
11-03 09:03:35.375385   512   512 I sensors-hal: batch:149, android.sensor.accelerometer/48, period=66667000, max_latency=100000000 request completed
11-03 09:03:35.378353  1686  1686 D DefaultUngazeDetector: Ungaze event occurred; emitting gesture event!
11-03 09:03:35.378580  1686  1686 D WristGestureCtrl: Gesture:GESTURE UNGAZE, timestamp(ms): 58091445, confidence: 0.0, latency(ms): 0, duration(ms): 3363
11-03 09:03:35.378987   512   512 I sensors-hal: batch:140, android.sensor.accelerometer/48, period=19231000, max_latency=100000000
11-03 09:03:35.381135   512   512 I sensors-hal: batch:149, android.sensor.accelerometer/48, period=19231000, max_latency=100000000 request completed
11-03 09:03:35.381578   512   512 I sensors-hal: flush:169, android.sensor.accelerometer/48
--------- switch to system
11-03 09:03:35.382651  1686  1686 I WindowManager: sleepRelease() calling goToSleep(GO_TO_SLEEP_REASON_SLEEP_BUTTON)
--------- switch to main
11-03 09:03:35.382796   512   512 I sensors-hal: flush:175, android.sensor.accelerometer/48 completed
--------- switch to system
11-03 09:03:35.382963  1686  1686 I PowerManagerService: Going to sleep due to sleep button (uid 1000)...
11-03 09:03:35.384250  1686  1712 I DreamManagerService: Entering dreamland.
11-03 09:03:35.384266  1686  1686 W UsageStatsService: Event reported without a package name
11-03 09:03:35.384987  1686  1712 I PowerManagerService: Dozing...
11-03 09:03:35.399193  1686  1708 I DreamController: Starting dream: name=ComponentInfo{com.google.android.wearable.ambient/com.google.android.wearable.ambient.AmbientDream}, isTest=false, canDoze=true, userId=0
11-03 09:03:35.425518  1686  1686 W ContextImpl: Calling a method in the system process without a qualified user: android.app.ContextImpl.bindService:1611 android.content.ContextWrapper.bindService:698 com.google.android.wearable.ambient.AmbientDream.onCreate:191 android.app.ActivityThread.handleCreateService:3533 android.app.ActivityThread.access$1300:200 
11-03 09:03:35.429425  1686  1686 W ContextImpl: Calling a method in the system process without a qualified user: android.app.ContextImpl.sendBroadcast:1005 android.content.ContextWrapper.sendBroadcast:444 com.google.android.wearable.ambient.AmbientDream.onCreate:241 android.app.ActivityThread.handleCreateService:3533 android.app.ActivityThread.access$1300:200 
11-03 09:03:35.430197  1686  1686 V DreamService[AmbientDream]: onBind() intent = Intent { act=android.service.dreams.DreamService flg=0x800000 cmp=com.google.android.wearable.ambient/.AmbientDream }
--------- switch to main
11-03 09:03:35.431516  1686  1686 I AmbientService: [ce6a28c] Ambient Created
--------- switch to system
11-03 09:03:35.432333  1686  1686 V DreamService[AmbientDream]: Calling onDreamingStarted()
--------- switch to main
11-03 09:03:35.432487  1686  1686 I AmbientService: [ce6a28c] doOnDreamingStarted
11-03 09:03:35.432972  1686  1686 D SidekickService: setShouldControlDisplay called: true
11-03 09:03:35.437639  1686  1686 I AmbientService: [ce6a28c] Selected running activity for ambient mode: AmbientActivity[component=ComponentInfo{com.google.android.wearable.app/com.google.android.clockwork.home2.activity.HomeActivity2}, callbacks=@210b385, running=true, ambientRequested=true, ambientEnabled=true, offloadEnabled=true]
11-03 09:03:35.439019  1686  1686 I AmbientService: [ce6a28c] Sidekick is ready to display, requesting doze.
11-03 09:03:35.440216  1686  1686 I AmbientService: [ce6a28c] No auto-resume Activity.
11-03 09:03:35.444067  1686  1686 W DefaultSettingsContentR: Value for ambient_low_bit_enabled not stored as number. Attempting parse as boolean.
11-03 09:03:35.448060  1686  1686 I AmbientService: [ce6a28c] Showing watch face in offload mode, canceling alarm.
11-03 09:03:35.448152  1686  1686 W AlarmManagerProxy: Removing unknown listener
11-03 09:03:35.448247  1686  1686 D WristGestureCtrl: Stopping detectors: GesturesEnabled-false gestureDetector-false ungazeEnabled-true ungaze-true
11-03 09:03:35.448285  1686  1686 D DefaultUngazeDetector: stopping
11-03 09:03:35.449718  2520  2520 D HOME    : [HomeVisitsLogger]Logging streamlet event: enter_ambient_mode
11-03 09:03:35.450148   512   512 I sensors-hal: batch:140, android.sensor.accelerometer/48, period=66667000, max_latency=100000000
11-03 09:03:35.451338  2520 10692 D HOME    : [HomeVisitsLogger]Logging streamlet event: visit_end
11-03 09:03:35.451338  2520  2520 D HOME    : [HotwordController]updateClient MODE_WATCH_FACE false true false true
11-03 09:03:35.452149   512   512 I sensors-hal: batch:149, android.sensor.accelerometer/48, period=66667000, max_latency=100000000 request completed
11-03 09:03:35.452670  2520  2520 D HOME    : [WatchFaceUiController]setInAmbientMode true
11-03 09:03:35.454103  2520 10692 I SidekickManager: replaceWatchFaceComponentsImpl(): watchFace = com.google.android.clockwork.decomposablewatchface.WatchFaceDecomposition@d6878b5
11-03 09:03:35.454825  2520  2520 D HOME    : [StreamDBQueue]Promised revision #3393 to queue a new op
11-03 09:03:35.455079  2520  2520 D WatchStreamManager: Promised rank-blocked=false @ r#3393
11-03 09:03:35.455489  1686  2051 D SidekickService: sendWatchFaceComponents called: watchFace = com.google.android.clockwork.decomposablewatchface.WatchFaceDecomposition@dc2b071shouldReplace = false
11-03 09:03:35.455606  2520  2520 D HOME    : [StreamDBQueue]Promised revision #3394 to queue a new op
11-03 09:03:35.455685  2520 10449 D HOME    : [WatchStreamDB]Item alerting conditions - isInterruptive: false, recentlyInterrupted: false, isItemPinned: false, isUnread: false
11-03 09:03:35.455723  1686  2051 D SidekickService: Check decomposition for calling app com.google.android.wearable.app with uid 10049
11-03 09:03:35.455776  2520  2520 D WatchStreamManager: Promised rank-blocked=false @ r#3394
11-03 09:03:35.455982  2520 10449 D HOME    : [StreamAlertingRegulator]isTheaterModeEnabled: false, isAlertingAllowedByOffBody: true, matchesLocalInterruptionFilter: true
11-03 09:03:35.456107  1686  2051 D SidekickService: sendWatchFaceLocked(): shouldReplace = false, mSidekickIsControlling = false, 1 images, 0 fonts, 0 numbers, 0 proportionalFonts, 0 strings
11-03 09:03:35.456166  1686  2051 D SidekickService: ISidekickGraphics#beginResources()...
11-03 09:03:35.456225  2520 10449 D HOME    : [WatchStreamDB]couldItemAlert: false, isTopItemChanged: false, isDeferralForTopItem: false
11-03 09:03:35.456373  2520  2520 D HOME    : [EventBus]Wrapper pool is full. Discarding excess wrapper instance for event com.google.android.clockwork.sysui.events.KeyguardStateEvent
11-03 09:03:35.456469  2520  2520 D HOME    : [WatchFaceUiController]sendStateToWallpaper
11-03 09:03:35.457385  2520 10295 D HOME    : [StreamDBQueue]Promised revision #3395 to queue a new op
11-03 09:03:35.457536  2520 10295 D WatchStreamManager: Promised rerank @ r#3395
11-03 09:03:35.458389  2520  2520 D HOME    : [EventBus]Wrapper pool is full. Discarding excess wrapper instance for event com.google.android.clockwork.sysui.events.KeyguardStateEvent
11-03 09:03:35.458860  2520  2520 D HOME    : [EventBus]Wrapper pool is full. Discarding excess wrapper instance for event com.google.android.clockwork.sysui.events.KeyguardStateEvent
11-03 09:03:35.462593  1686  2051 D SidekickServiceUtils: bitmapFromDrawable: Returning bitmap directly
11-03 09:03:35.465568  1686  2051 D SidekickService: sendBitmapsLocked(): bounds = RectF(0.0, 0.0, 0.0024038462, 0.0024038462), drawableInfo = {.id = 100000, .width = 1, .height = 1, .display = true, .offsetX = 0.0, .offsetY = 0.0, .rotationInfo = {.hasRotation = false, .pivotX = 0.0, .pivotY = 0.0, .degreesPerDay = 0.0, .degreesPerStep = 0.0, .zeroDegreesTime = {.daysSinceLocalEpoch = 0, .msSinceMidnight = 0}}, .transformInfo = {.transformed = false, .flipX = false, .flipY = false, .flip45 = false, .scaleX = 0.0, .scaleY = 0.0}, .type = GENERIC, .blink = {.blinking = false, .periodOnMs = 0.0, .periodOffMs = 0.0, .startTime = {.daysSinceLocalEpoch = 0, .msSinceMidnight = 0}}, .zOrder = 8, .displayInTwm = true}, image.size() = 84
11-03 09:03:35.466189  2520  2520 W StaticLayout: maxLineHeight should not be -1.  maxLines:1 lineCount:1
11-03 09:03:35.466781   416  2389 D SKGHAL  : saveResource: resId = 100000
11-03 09:03:35.467609  1686  2051 D SidekickService: sendBitmapsLocked(): status = 0, bytesUsed = 18
11-03 09:03:35.467817  1686  2051 D SidekickService: ISidekickGraphics#endResources()...
11-03 09:03:35.468438  2520 10449 D HOME    : [WatchStreamDB]Item alerting conditions - isInterruptive: false, recentlyInterrupted: false, isItemPinned: false, isUnread: false
11-03 09:03:35.468975  2520 10449 D HOME    : [StreamAlertingRegulator]isTheaterModeEnabled: false, isAlertingAllowedByOffBody: true, matchesLocalInterruptionFilter: true
11-03 09:03:35.471410  2520 10449 D HOME    : [WatchStreamDB]couldItemAlert: false, isTopItemChanged: false, isDeferralForTopItem: false
11-03 09:03:35.471933  2520 10449 D HOME    : [WatchStreamDB]updateRanking()
11-03 09:03:35.473823  2520 10449 D HOME    : [WatchStreamDB]Item alerting conditions - isInterruptive: false, recentlyInterrupted: false, isItemPinned: false, isUnread: false
11-03 09:03:35.474166  2520 10449 D HOME    : [StreamAlertingRegulator]isTheaterModeEnabled: false, isAlertingAllowedByOffBody: true, matchesLocalInterruptionFilter: true
11-03 09:03:35.474400  2520 10449 D HOME    : [WatchStreamDB]couldItemAlert: false, isTopItemChanged: false, isDeferralForTopItem: false
11-03 09:03:35.475020  2520 10449 D HOME    : [NewStreamAdapter]Publishing revision #3395 to adapter clients
11-03 09:03:35.475772  2520 10295 D HOME    : [StreamDBQueue]Promised revision #3396 to queue a new op
11-03 09:03:35.476023  2520 10295 D WatchStreamManager: Promised rerank @ r#3396
11-03 09:03:35.476266  2520 10449 D HOME    : [WatchStreamDB]updateRanking()
11-03 09:03:35.476785  2520 10449 D HOME    : [WatchStreamDB]Item alerting conditions - isInterruptive: false, recentlyInterrupted: false, isItemPinned: false, isUnread: false
11-03 09:03:35.477061  2520 10449 D HOME    : [StreamAlertingRegulator]isTheaterModeEnabled: false, isAlertingAllowedByOffBody: true, matchesLocalInterruptionFilter: true
11-03 09:03:35.477299  2520 10449 D HOME    : [WatchStreamDB]couldItemAlert: false, isTopItemChanged: false, isDeferralForTopItem: false
11-03 09:03:35.478044  2520 10449 D HOME    : [NewStreamAdapter]Publishing revision #3396 to adapter clients
11-03 09:03:35.668839   501  1904 I LocSvc_ApiV02: <--- globalEventCb line 152 QMI_LOC_EVENT_POSITION_REPORT_IND_V02
11-03 09:03:35.776954   416  2389 D SKGHAL  : sendResources: metadata size = 2400, font size = 72
11-03 09:03:35.834853   416  2389 D SKGHAL  : endResources: rc = 0
--------- switch to system
11-03 09:03:35.838773  1686  1686 W Looper  : Slow dispatch took 377ms main h=android.os.Handler c=com.google.android.wearable.ambient.AmbientDream$Callbacks$1@60dbe56 m=0
--------- switch to main
11-03 09:03:35.839656  2520  2520 D HOME    : [SidekickManagerAsync]replaceWatchFaceComponents(): Callback#onResult(): 0
--------- switch to system
11-03 09:03:35.840223  1686  1686 W Looper  : Slow delivery took 373ms main h=com.android.server.job.controllers.DeviceIdleJobsController$DeviceIdleJobsDelayHandler c=null m=1
--------- switch to main
11-03 09:03:35.840596  2520  2520 D HOME    : [WatchFaceUiController]Complication updates sent, posting watch face hiding
11-03 09:03:35.840842  2520  2520 D HOME    : [WatchFaceUiController]Still in ambient watch face, hiding
11-03 09:03:35.841024  2520  2520 D HOME    : [WatchFaceUiController]Hiding watch face wallpaper.
--------- switch to system
11-03 09:03:35.841241  1686  1686 W Looper  : Drained
--------- switch to kernel
11-03 09:03:35.766086     0     0 E FG      : fg_psy_get_property: unsupported property 7
--------- switch to main
11-03 09:03:35.873397   512   512 I sensors-hal: activate:107, android.sensor.light/46 en=0
11-03 09:03:35.874999   512   512 I sensors-hal: activate:118, android.sensor.light/46 en=0 completed
--------- switch to kernel
11-03 09:03:35.770691     0     0 W healthd : battery l=22 v=3677 t=29.0 h=2 st=3 c=177 fc=443000 cc=0 chg=
--------- switch to main
11-03 09:03:35.875607  1956  1956 D QtiCarrierConfigHelper: WARNING, no carrier configs on phone Id: 0
11-03 09:03:35.880007  2520  2520 D HOME    : [BatteryChange]action: android.intent.action.BATTERY_CHANGED
11-03 09:03:35.882084  2520 10692 D HOME    : [BatteryChange]HandleBatteryChangedTask
11-03 09:03:35.883007  2520 10692 D HOME    : [BatteryChange]level: 22, status: 3
--------- switch to system
11-03 09:03:35.894240  1686  1710 I DisplayManagerService: Display device changed state: "Écran intégré", DOZE_SUSPEND
--------- switch to main
11-03 09:03:35.914541   545   545 D SurfaceFlinger: Set power mode=3, type=0 flinger=0xb6bb6000
11-03 09:03:35.915161   504   764 I SDM     : DisplayBase::SetDisplayState: Set state = 3, display 0
11-03 09:03:35.921632  1686  1759 I InputReader: Reconfiguring input devices.  changes=0x00000004
11-03 09:03:35.978408   545   545 D SurfaceFlinger: Finished set power mode=3, type=0
11-03 09:03:35.979067  1686  1823 I SidekickService: beginDisplayLocked(): DOZE_SUSPEND
11-03 09:03:35.980010   416  2389 D SKGHAL  : sendAmbientPrepare: enter:
--------- switch to kernel
11-03 09:03:35.820778     0     0 I mdss_dsi_panel_set_idle_mode: Idle (0->1)
11-03 09:03:35.877838     0     0 I         : [touch]FB_BLANK_VSYNC_SUSPEND
11-03 09:03:35.877845     0     0 I         : [touch]irq disable
11-03 09:03:35.877849     0     0 I         : [touch]workqueue is empty!
11-03 09:03:35.877853     0     0 I         : [touch]raydium_ts_do_suspend.
11-03 09:03:35.877863     0     0 I         : [touch]Device may wakeup
11-03 09:03:35.881537     0     0 I         : [touch]irq enable
--------- switch to main
11-03 09:03:36.108927   416  2389 D SKGHAL  : sendAmbientEvent: enter: enable = 1
11-03 09:03:36.109853   504   523 I SDM     : DisplayBase::SetDisplayState: Set state = 4, display 0
11-03 09:03:36.109921   504   523 D SDM     : HWCDisplayPrimary::SetStandByMode: Null display is connected successfully
11-03 09:03:36.110112   416  2389 D SKGHAL  : standBy_update_control call succeed on 1
11-03 09:03:36.121706   416  2389 D SKGHAL  : sendAmbientEvent: done: enable = 1
11-03 09:03:36.122223  1686  1823 D SidekickService:    ... beginDisplay result: 0 for halPower: 1
11-03 09:03:36.125535   512   512 I sensors-hal: activate:107, android.sensor.accelerometer/48 en=0
11-03 09:03:36.127095   512   512 I sensors-hal: activate:118, android.sensor.accelerometer/48 en=0 completed
--------- switch to kernel
11-03 09:03:36.053253     0     0 E bgrsb   : bgrsb_enable: gpio 32 is valid
--------- switch to main
11-03 09:03:36.151505  1686  1686 I WearPower: [WearTouchMediator] changing touch input to enabled (ON_AUTO)
11-03 09:03:36.152641  1686  1759 I InputReader: Reconfiguring input devices.  changes=0x00000200
11-03 09:03:36.158950  1686  1686 I AmbientService: [ce6a28c] Timeout alarm not required, auto-resume timeout handled by dream.
--------- switch to kernel
11-03 09:03:36.059052     0     0 I init    : processing action (ro.enable_core_ctl=true && sys.cw_corectl_mode=idle) from (/vendor/etc/init/hw/init.qcom.rc:949)
--------- switch to main
11-03 09:03:36.170164  3205  3434 W WorkController: Loading failed for worker [trainingcache]: worker not found
11-03 09:03:36.171359  3205  3294 W A       : TrainingCache cache SCREEN_OFF failure
11-03 09:03:36.171359  3205  3294 W A       : com.google.android.apps.gsa.search.core.service.h.a.a: No worker found for Worker ID [trainingcache].
11-03 09:03:36.171359  3205  3294 W A       : 	at com.google.android.apps.gsa.search.core.service.g.a.c.a(Unknown Source:5)
11-03 09:03:36.171359  3205  3294 W A       : 	at com.google.android.libraries.gsa.c.a.d.a(Unknown Source:3)
11-03 09:03:36.171359  3205  3294 W A       : 	at com.google.common.p.a.cg.c(Unknown Source:2)
11-03 09:03:36.171359  3205  3294 W A       : 	at com.google.common.p.a.bk.run(SourceFile:3)
11-03 09:03:36.171359  3205  3294 W A       : 	at com.google.common.p.a.ci.run(Unknown Source:4)
11-03 09:03:36.171359  3205  3294 W A       : 	at com.google.apps.tiktok.concurrent.ab.run(SourceFile:1)
11-03 09:03:36.171359  3205  3294 W A       : 	at java.util.concurrent.ThreadPoolExecutor.runWorker(ThreadPoolExecutor.java:1167)
11-03 09:03:36.171359  3205  3294 W A       : 	at java.util.concurrent.ThreadPoolExecutor$Worker.run(ThreadPoolExecutor.java:641)
11-03 09:03:36.171359  3205  3294 W A       : 	at com.google.apps.tiktok.concurrent.c.run(Unknown Source:4)
11-03 09:03:36.171359  3205  3294 W A       : 	at java.lang.Thread.run(Thread.java:764)
11-03 09:03:36.185773  2520  2520 D HOME    : [StreamDBQueue]Promised revision #3397 to queue a new op
11-03 09:03:36.186101  2520  2520 D WatchStreamManager: Promised rank-blocked=false @ r#3397
11-03 09:03:36.186357  2520  2520 D HOME    : [CompactHunStarter]detachWindow()
11-03 09:03:36.187333  2520 10603 D HOME    : [StreamDBQueue]Promised revision #3398 to queue a new op
11-03 09:03:36.187536  2520 10603 D WatchStreamManager: Promised rerank @ r#3398
11-03 09:03:36.187674  2520 10692 D HOME    : [WatchStreamDB]Item alerting conditions - isInterruptive: false, recentlyInterrupted: false, isItemPinned: false, isUnread: false
11-03 09:03:36.188017  2520 10692 D HOME    : [StreamAlertingRegulator]isTheaterModeEnabled: false, isAlertingAllowedByOffBody: true, matchesLocalInterruptionFilter: true
11-03 09:03:36.188267  2520 10692 D HOME    : [WatchStreamDB]couldItemAlert: false, isTopItemChanged: false, isDeferralForTopItem: false
--------- switch to system
11-03 09:03:36.188332   618   618 W wificond: Skip match ssid for pno scan: Wifirst Les Valmonts, Pauline, HUAWEI-F3EF, PUBLIC WIFI Groupe Televerbier, TMR_PUBLIC_WIFI, SFR_1AE0, BINLAR_2.4G, Sira-WiFi, iPhone S, Siam Garden Cooking School, .@AirportAISFreeWiFi, iPhone de Ameulie, Paulo's iPhone, Beach  Park Hostel & Tree Bar, The Big_Easy, AndroidAPEC14, _VINCI Airports wifi, Yolo Hostel, .@AirportDTACFreeWiFi,    .@ TRUEWIFI, .@ AIS SUPER WiFi, .@AirportTrueFreeWiFi,     King Power,  Free Airport-Google WiFi by CAT, BangkokAirways, UPC5616060, ColocMegy, jcmjsm, iPhone Consti, ASGARD, FMEL, Florence 2.4Ghz, BENJI, IBIS_STYLES_NANTES_CENTRE_GARE_N, LACENNE , Jack's iPhone, Salt_2GHz_28C9D0, Salt_5GHz_28C9D0, Yah Hallo, ASGARD-24G, Livebox-22B4, LeBOen, App_111, Michaud1936, _VT21-VISITORS_, Sebi, RAFA 5, Verkehrshaus, iPhone, MONZOON, igluna-public, kepler, _WIFI_LYRIA, HUAWEI-C452, Vodafone-A54562143, WiFiFrecce, OSoleMioWifi, VodafoneDepretis19, SanLorenzo, Live Hotels Guest, Franci , iPhone de Soline, viktoria_intern, UPC7759032, Vodafone-4D65, WIFI
--------- switch to main
11-03 09:03:36.188788  2520 10692 D HOME    : [WatchStreamDB]updateRanking()
11-03 09:03:36.189297  2520 10692 D HOME    : [WatchStreamDB]Item alerting conditions - isInterruptive: false, recentlyInterrupted: false, isItemPinned: false, isUnread: false
11-03 09:03:36.189672  2520 10692 D HOME    : [StreamAlertingRegulator]isTheaterModeEnabled: false, isAlertingAllowedByOffBody: true, matchesLocalInterruptionFilter: true
11-03 09:03:36.189923  2520 10692 D HOME    : [WatchStreamDB]couldItemAlert: false, isTopItemChanged: false, isDeferralForTopItem: false
11-03 09:03:36.190582  2520 10692 D HOME    : [NewStreamAdapter]Publishing revision #3398 to adapter clients
--------- switch to kernel
11-03 09:03:36.205820     0     0 I PM      : suspend entry 2021-11-03 08:03:36.205820998 UTC
--------- switch to system
11-03 09:03:36.224647   618   618 I wificond: Pno scan started
--------- switch to kernel
11-03 09:03:36.205831     0     0 I PM      : Syncing filesystems ... done.
11-03 09:03:36.243867     0     0 I CPU1    : update max cpu_capacity 748
11-03 09:03:36.275446     0     0 I CPU3    : update max cpu_capacity 1024
11-03 09:03:36.277270     0     0 I CPU2    : shutdown
11-03 09:03:36.278375     0     0 I         : Freezing user space processes ...
11-03 09:03:36.282582     0     0 I PM      : Wakeup pending, aborting suspend
11-03 09:03:36.282617     0     0 I         : active wakeup source: NETLINK
11-03 09:03:36.282651     0     0 E         : Freezing of tasks aborted after 0.004 seconds
11-03 09:03:36.282667     0     0 I         : Restarting tasks ...
11-03 09:03:36.283168     0     0 W QSEECOM : qseecom_receive_req: Interrupted: exiting Listener Service = 11
11-03 09:03:36.283220     0     0 W QSEECOM : qseecom_receive_req: Interrupted: exiting Listener Service = 28672
11-03 09:03:36.283252     0     0 W QSEECOM : qseecom_receive_req: Interrupted: exiting Listener Service = 10
11-03 09:03:36.283257     0     0 W QSEECOM : qseecom_receive_req: Interrupted: exiting Listener Service = 12288
11-03 09:03:36.283772     0     0 I init    : Command 'write /sys/devices/system/cpu/cpu2/online 0' action=ro.enable_core_ctl=true && sys.cw_corectl_mode=idle (/vendor/etc/init/hw/init.qcom.rc:951) took 127ms and succeeded
11-03 09:03:36.286286     0     0 W QSEECOM : qseecom_receive_req: Interrupted: exiting Listener Service = 8192
11-03 09:03:36.287789     0     0 I         : done.
11-03 09:03:36.292096     0     0 I init    : Command 'write /sys/devices/system/cpu/cpu3/online 0' action=ro.enable_core_ctl=true && sys.cw_corectl_mode=idle (/vendor/etc/init/hw/init.qcom.rc:952) took 4ms and failed: Unable to write to file '/sys/devices/system/cpu/cpu3/online': Unable to write file contents: Device or resource busy
11-03 09:03:36.288457     0     0 I PM      : suspend exit 2021-11-03 08:03:36.288457873 UTC
11-03 09:03:36.489946     0     0 I PM      : suspend entry 2021-11-03 08:03:36.489946988 UTC
11-03 09:03:36.489956     0     0 I PM      : Syncing filesystems ... done.
11-03 09:03:36.509434     0     0 I         : Freezing user space processes ... (elapsed 0.008 seconds) done.
11-03 09:03:36.517938     0     0 I         : Freezing remaining freezable tasks ... (elapsed 0.003 seconds) done.
11-03 09:03:36.521212     0     0 I         : Suspending console(s) (use no_console_suspend to debug)
11-03 09:03:36.532433     0     0 I mdss_dsi_panel_set_idle_mode: Idle (1->1)
11-03 09:03:36.568155     0     0 I bgcom   : bgcom_pm_suspend: suspended with : 0
11-03 09:03:36.592666     0     0 I PM      : suspend of devices complete after 69.617 msecs
11-03 09:03:36.596157     0     0 I PM      : late suspend of devices complete after 3.470 msecs
11-03 09:03:36.599974     0     0 I PM      : noirq suspend of devices complete after 3.803 msecs
11-03 09:03:36.599982     0     0 I         : Disabling non-boot CPUs ...
11-03 09:03:36.614767     0     0 W         : IRQ16 no longer affine to CPU1
11-03 09:03:36.614969     0     0 W         : IRQ93 no longer affine to CPU1
11-03 09:03:36.615764     0     0 I CPU1    : shutdown
11-03 09:03:36.623620     0     0 I CPU0    : update max cpu_capacity 748
11-03 09:03:36.665111     0     0 I CPU3    : shutdown
11-03 09:03:36.666037     0     0 I suspend ns: 3106995971219	suspend cycles:    1115596809561
11-03 09:03:36.666026     0     0 I CPU0    : msm_cpu_pm_enter_sleep mode:3 during suspend
11-03 09:03:36.666026     0     0 I         : Suspended for 0.001 seconds
11-03 09:03:36.666026     0     0 I resume cycles: 1115596842351
11-03 09:03:36.666459     0     0 I         : Enabling non-boot CPUs ...
11-03 09:03:36.666837     0     0 I CPU1    : update cpu_capacity 1024
11-03 09:03:36.667703     0     0 I         : CPU1 is up
11-03 09:03:36.668295     0     0 I CPU3    : update cpu_capacity 1024
11-03 09:03:36.669871     0     0 I         : CPU3 is up
11-03 09:03:36.671937     0     0 I PM      : noirq resume of devices complete after 1.880 msecs
11-03 09:03:36.673692     0     0 I CPU3    : update max cpu_capacity 1024
--------- switch to main
11-03 09:03:36.759995   501  1904 I LocSvc_ApiV02: <--- globalEventCb line 152 QMI_LOC_EVENT_POSITION_REPORT_IND_V02
--------- switch to kernel
11-03 09:03:36.675490     0     0 I PM      : early resume of devices complete after 2.525 msecs
11-03 09:03:36.701416     0     0 I bgcom   : bgcom_pm_resume: Bgcom resumed with : 0
11-03 09:03:36.711686     0     0 I mdss_dsi_panel_set_idle_mode: Idle (1->1)
11-03 09:03:36.747391     0     0 I PM      : resume of devices complete after 71.880 msecs
11-03 09:03:36.749641     0     0 I         : Restarting tasks ...
11-03 09:03:36.751694     0     0 W QSEECOM : qseecom_receive_req: Interrupted: exiting Listener Service = 10
11-03 09:03:36.752888     0     0 W QSEECOM : qseecom_receive_req: Interrupted: exiting Listener Service = 12288
11-03 09:03:36.752951     0     0 W QSEECOM : qseecom_receive_req: Interrupted: exiting Listener Service = 28672
11-03 09:03:36.757207     0     0 W QSEECOM : qseecom_receive_req: Interrupted: exiting Listener Service = 11
11-03 09:03:36.759477     0     0 W QSEECOM : qseecom_receive_req: Interrupted: exiting Listener Service = 8192
11-03 09:03:36.762984     0     0 I         : done.
11-03 09:03:36.765400     0     0 I PM      : suspend exit 2021-11-03 08:03:36.765400997 UTC
11-03 09:03:36.868273     0     0 I PM      : suspend entry 2021-11-03 08:03:36.868273810 UTC
11-03 09:03:36.868284     0     0 I PM      : Syncing filesystems ...
11-03 09:03:36.942658     0     0 E mdss_dsi_gen_read_status: Read back value from panel is incorrect
11-03 09:03:36.957534     0     0 I         : done.
11-03 09:03:36.957739     0     0 I         : Freezing user space processes ... (elapsed 0.008 seconds) done.
11-03 09:03:36.965959     0     0 I         : Freezing remaining freezable tasks ... (elapsed 0.003 seconds) done.
11-03 09:03:36.969225     0     0 I         : Suspending console(s) (use no_console_suspend to debug)
11-03 09:03:36.980223     0     0 I mdss_dsi_panel_set_idle_mode: Idle (1->1)
11-03 09:03:37.020335     0     0 I bgcom   : bgcom_pm_suspend: suspended with : 0
11-03 09:03:37.049579     0     0 I PM      : suspend of devices complete after 78.524 msecs
11-03 09:03:37.052929     0     0 I PM      : late suspend of devices complete after 3.328 msecs
11-03 09:03:37.056855     0     0 I PM      : noirq suspend of devices complete after 3.912 msecs
11-03 09:03:37.056862     0     0 I         : Disabling non-boot CPUs ...
11-03 09:03:37.077360     0     0 I CPU1    : shutdown
11-03 09:03:37.085262     0     0 I CPU0    : update max cpu_capacity 748
11-03 09:03:37.115379     0     0 I CPU3    : update max cpu_capacity 1024
11-03 09:03:37.126713     0     0 I CPU3    : shutdown
11-03 09:03:37.127561     0     0 I suspend ns: 3107455786897	suspend cycles:    1115605670812
11-03 09:03:37.127550     0     0 I CPU0    : msm_cpu_pm_enter_sleep mode:3 during suspend
11-03 09:03:37.127919     0     0 I         : Enabling non-boot CPUs ...
11-03 09:03:37.128290     0     0 I CPU1    : update cpu_capacity 1024
11-03 09:03:37.129168     0     0 I         : CPU1 is up
11-03 09:03:37.129731     0     0 I CPU3    : update cpu_capacity 1024
11-03 09:03:37.131303     0     0 I         : CPU3 is up
11-03 09:03:37.133354     0     0 I PM      : noirq resume of devices complete after 1.884 msecs
11-03 09:03:37.135316     0     0 I CPU3    : update max cpu_capacity 1024
11-03 09:03:37.136941     0     0 I PM      : early resume of devices complete after 2.557 msecs
11-03 09:03:37.162325     0     0 I bgcom   : bgcom_pm_resume: Bgcom resumed with : 0
11-03 09:03:37.172445     0     0 I mdss_dsi_panel_set_idle_mode: Idle (1->1)
11-03 09:03:37.208893     0     0 I PM      : resume of devices complete after 71.930 msecs
11-03 09:03:37.211476     0     0 I         : Restarting tasks ...
11-03 09:03:37.214649     0     0 W QSEECOM : qseecom_receive_req: Interrupted: exiting Listener Service = 8192
11-03 09:03:37.214732     0     0 W QSEECOM : qseecom_receive_req: Interrupted: exiting Listener Service = 12288
11-03 09:03:37.214768     0     0 W QSEECOM : qseecom_receive_req: Interrupted: exiting Listener Service = 11
11-03 09:03:37.214806     0     0 W QSEECOM : qseecom_receive_req: Interrupted: exiting Listener Service = 10
11-03 09:03:37.214854     0     0 W QSEECOM : qseecom_receive_req: Interrupted: exiting Listener Service = 28672
11-03 09:03:37.221628     0     0 I         : done.
11-03 09:03:37.763498     0     0 I PM      : suspend exit 2021-11-03 08:03:37.763498861 UTC
11-03 09:03:37.863948     0     0 I PM      : suspend entry 2021-11-03 08:03:37.863948132 UTC
--------- switch to main
11-03 09:03:37.756972   501  1904 I LocSvc_ApiV02: <--- globalEventCb line 152 QMI_LOC_EVENT_POSITION_REPORT_IND_V02
11-03 09:03:37.931011  2520 11171 D HOME    : [LocationOracleImpl]Fresh location fetch timed out.
11-03 09:03:37.932323  2520  4738 W HOME    : [LocationOracleImpl]Location fetch failed.
11-03 09:03:37.932323  2520  4738 W HOME    : java.util.concurrent.TimeoutException: Fresh location fetch timed out.
11-03 09:03:37.932323  2520  4738 W HOME    : 	at doo.run(AW782433232:1)
11-03 09:03:37.932323  2520  4738 W HOME    : 	at java.util.TimerThread.mainLoop(Timer.java:562)
11-03 09:03:37.932323  2520  4738 W HOME    : 	at java.util.TimerThread.run(Timer.java:512)
11-03 09:03:37.934355  2520  4738 W HOME    : [GetCardsRpc]making request without location
11-03 09:03:37.947014  1686  1698 I GnssLocationProvider: WakeLock acquired by sendMessage(SET_REQUEST, 0, com.android.server.location.GnssLocationProvider$GpsRequest@8bf69e2)
11-03 09:03:37.948171   501   501 I LocSvc_GnssInterface: ===> stop line 218 
11-03 09:03:37.948855   501  1894 I LocSvc_api_v02: ---> locClientSendReq line 2298 QMI_LOC_STOP_REQ_V02
--------- switch to kernel
11-03 09:03:37.863958     0     0 I PM      : Syncing filesystems ... done.
11-03 09:03:37.952802     0     0 I         : Freezing user space processes ...
11-03 09:03:37.958481     0     0 I PM      : Wakeup pending, aborting suspend
11-03 09:03:37.958506     0     0 I         : active wakeup source: ipc0000005a_1894_Loc
11-03 09:03:37.958612     0     0 E         : Freezing of tasks aborted after 0.005 seconds
--------- switch to main
11-03 09:03:37.951804  1686  1701 I GnssLocationProvider: WakeLock released by handleMessage(SET_REQUEST, 0, com.android.server.location.GnssLocationProvider$GpsRequest@8bf69e2)
11-03 09:03:37.952394   501  1894 I LocSvc_api_v02: ---> locClientSendReq line 2298 QMI_LOC_REG_EVENTS_REQ_V02
11-03 09:03:37.952394   501  1904 I LocSvc_ApiV02: <--- globalEventCb line 152 QMI_LOC_EVENT_POSITION_REPORT_IND_V02
--------- switch to kernel
11-03 09:03:37.958625     0     0 I         : Restarting tasks ...
11-03 09:03:37.959078     0     0 W QSEECOM : qseecom_receive_req: Interrupted: exiting Listener Service = 12288
11-03 09:03:37.959132     0     0 W QSEECOM : qseecom_receive_req: Interrupted: exiting Listener Service = 11
11-03 09:03:37.959161     0     0 W QSEECOM : qseecom_receive_req: Interrupted: exiting Listener Service = 10
11-03 09:03:37.959186     0     0 W QSEECOM : qseecom_receive_req: Interrupted: exiting Listener Service = 28672
11-03 09:03:37.963527     0     0 W QSEECOM : qseecom_receive_req: Interrupted: exiting Listener Service = 8192
11-03 09:03:37.963653     0     0 I         : done.
11-03 09:03:37.964324     0     0 I PM      : suspend exit 2021-11-03 08:03:37.964324903 UTC
11-03 09:03:38.167500     0     0 I PM      : suspend entry 2021-11-03 08:03:38.167500893 UTC
11-03 09:03:38.167522     0     0 I PM      : Syncing filesystems ... done.
--------- switch to system
11-03 09:04:06.662897  1686  1686 I PowerManagerService: Waking up from dozing (uid=1000 reason=tiltToWake)...
--------- switch to kernel
11-03 09:03:38.193791     0     0 I         : Freezing user space processes ... (elapsed 0.010 seconds) done.
11-03 09:03:38.204223     0     0 I         : Freezing remaining freezable tasks ... (elapsed 0.003 seconds) done.
11-03 09:03:38.208214     0     0 I         : Suspending console(s) (use no_console_suspend to debug)
11-03 09:03:38.220857     0     0 I mdss_dsi_panel_set_idle_mode: Idle (1->1)
11-03 09:03:38.262309     0     0 I bgcom   : bgcom_pm_suspend: suspended with : 0
11-03 09:03:38.301984     0     0 I PM      : suspend of devices complete after 91.256 msecs
11-03 09:03:38.308284     0     0 I PM      : late suspend of devices complete after 6.253 msecs
11-03 09:03:38.314600     0     0 I PM      : noirq suspend of devices complete after 6.288 msecs
11-03 09:03:38.314614     0     0 I         : Disabling non-boot CPUs ...
11-03 09:03:38.328142     0     0 W         : IRQ16 no longer affine to CPU1
11-03 09:03:38.328494     0     0 W         : IRQ93 no longer affine to CPU1
11-03 09:03:38.330264     0     0 I CPU1    : shutdown
11-03 09:03:38.336470     0     0 I CPU0    : update max cpu_capacity 748
11-03 09:03:38.379010     0     0 I CPU3    : shutdown
11-03 09:03:38.380842     0     0 I suspend ns: 3108167887576	suspend cycles:    1115629733887
11-03 09:03:38.380822     0     0 I CPU0    : msm_cpu_pm_enter_sleep mode:3 during suspend
11-03 09:03:38.380822     0     0 I         : Suspended for 28.163 seconds
11-03 09:03:38.380822     0     0 I resume cycles: 1116170478134
11-03 09:03:38.381496     0     0 I         : Enabling non-boot CPUs ...
11-03 09:03:38.382366     0     0 I CPU1    : update cpu_capacity 1024
11-03 09:03:38.383680     0     0 I         : CPU1 is up
11-03 09:03:38.384797     0     0 I CPU3    : update cpu_capacity 1024
11-03 09:03:38.387057     0     0 I         : CPU3 is up
11-03 09:03:38.390870     0     0 I PM      : noirq resume of devices complete after 3.554 msecs
11-03 09:03:38.397135     0     0 I PM      : early resume of devices complete after 4.720 msecs
11-03 09:03:38.397344     0     0 I CPU1    : update max cpu_capacity 748
11-03 09:03:38.398401     0     0 I CPU3    : update max cpu_capacity 1024
11-03 09:03:38.430235     0     0 I bgcom   : bgcom_pm_resume: Bgcom resumed with : 0
11-03 09:03:38.440826     0     0 I mdss_dsi_panel_set_idle_mode: Idle (1->1)
11-03 09:03:38.481684     0     0 I PM      : resume of devices complete after 84.498 msecs
11-03 09:03:38.486485     0     0 I         : Restarting tasks ...
11-03 09:03:38.489258     0     0 W QSEECOM : qseecom_receive_req: Interrupted: exiting Listener Service = 12288
11-03 09:03:38.489629     0     0 W QSEECOM : qseecom_receive_req: Interrupted: exiting Listener Service = 11
11-03 09:03:38.489701     0     0 W QSEECOM : qseecom_receive_req: Interrupted: exiting Listener Service = 28672
11-03 09:03:38.499074     0     0 W QSEECOM : qseecom_receive_req: Interrupted: exiting Listener Service = 8192
11-03 09:03:38.499188     0     0 W QSEECOM : qseecom_receive_req: Interrupted: exiting Listener Service = 10
11-03 09:03:38.499482     0     0 I         : done.
11-03 09:04:06.665069     0     0 I PM      : suspend exit 2021-11-03 08:04:06.665069579 UTC
--------- switch to system
11-03 09:04:06.684556  1686  1686 W UsageStatsService: Event reported without a package name
--------- switch to kernel
11-03 09:04:06.692122     0     0 E FG      : fg_psy_get_property: unsupported property 7
11-03 09:04:06.597830     0     0 W healthd : battery l=22 v=3769 t=29.0 h=2 st=3 c=5 fc=443000 cc=0 chg=
--------- switch to main
11-03 09:04:06.723117   512  1749 I sensors-hal: batch:140, android.sensor.light/46, period=100000000, max_latency=0
11-03 09:04:06.723287   512  1749 I sensors-hal: batch:149, android.sensor.light/46, period=100000000, max_latency=0 request completed
11-03 09:04:06.725495   512  1749 I sensors-hal: activate:107, android.sensor.light/46 en=1
11-03 09:04:06.726116   512  1749 I sensors-hal: ssc_enable_rt_task:254, ssc_enable_rt_task : true
11-03 09:04:06.731001   512  1749 I sensors-hal: activate:118, android.sensor.light/46 en=1 completed
11-03 09:04:06.733054  1686  1823 I SidekickService: endDisplayLocked()
11-03 09:04:06.733727   512  1749 I sensors-hal: batch:140, android.sensor.accelerometer/48, period=66667000, max_latency=100000000
11-03 09:04:06.733724   416  2389 D SKGHAL  : sendAmbientEvent: enter: enable = 0
--------- switch to system
11-03 09:04:06.733772  1686  1710 I DisplayManagerService: Display device changed state: "Écran intégré", ON
--------- switch to main
11-03 09:04:06.733806   512  1749 I sensors-hal: batch:149, android.sensor.accelerometer/48, period=66667000, max_latency=100000000 request completed
11-03 09:04:06.734493   512  1749 I sensors-hal: activate:107, android.sensor.accelerometer/48 en=1
11-03 09:04:06.735512   512  1749 I sensors-hal: ssc_enable_rt_task:254, ssc_enable_rt_task : true
11-03 09:04:06.763591  1686  1759 I InputReader: Reconfiguring input devices.  changes=0x00000004
11-03 09:04:06.763950  4243  4243 D OMService: onDisplayChanged: not dozing
11-03 09:04:06.767231   512  1749 I sensors-hal: activate:118, android.sensor.accelerometer/48 en=1 completed
11-03 09:04:06.777738  1956  1956 D QtiCarrierConfigHelper: WARNING, no carrier configs on phone Id: 0
11-03 09:04:06.779245  2520  2520 D HOME    : [BatteryChange]action: android.intent.action.BATTERY_CHANGED
11-03 09:04:06.782058  2520 10603 D HOME    : [BatteryChange]HandleBatteryChangedTask
11-03 09:04:06.783117  2520 10603 D HOME    : [BatteryChange]level: 22, status: 3
11-03 09:04:06.800758  3205  3434 W WorkController: Loading failed for worker [trainingcache]: worker not found
--------- switch to system
11-03 09:04:06.805164  1686  1702 W BroadcastQueue: Background execution not allowed: receiving Intent { act=android.intent.action.USER_PRESENT flg=0x10 } to com.google.android.gms/.auth.setup.devicesignals.LockScreenReceiver
--------- switch to main
11-03 09:04:06.810661  3205  3372 W A       : TrainingCache cache DEVICE_UNLOCKED failure
11-03 09:04:06.810661  3205  3372 W A       : com.google.android.apps.gsa.search.core.service.h.a.a: No worker found for Worker ID [trainingcache].
11-03 09:04:06.810661  3205  3372 W A       : 	at com.google.android.apps.gsa.search.core.service.g.a.c.a(Unknown Source:5)
11-03 09:04:06.810661  3205  3372 W A       : 	at com.google.android.libraries.gsa.c.a.d.a(Unknown Source:3)
11-03 09:04:06.810661  3205  3372 W A       : 	at com.google.common.p.a.cg.c(Unknown Source:2)
11-03 09:04:06.810661  3205  3372 W A       : 	at com.google.common.p.a.bk.run(SourceFile:3)
11-03 09:04:06.810661  3205  3372 W A       : 	at com.google.common.p.a.ci.run(Unknown Source:4)
11-03 09:04:06.810661  3205  3372 W A       : 	at com.google.apps.tiktok.concurrent.ab.run(SourceFile:1)
11-03 09:04:06.810661  3205  3372 W A       : 	at java.util.concurrent.ThreadPoolExecutor.runWorker(ThreadPoolExecutor.java:1167)
11-03 09:04:06.810661  3205  3372 W A       : 	at java.util.concurrent.ThreadPoolExecutor$Worker.run(ThreadPoolExecutor.java:641)
11-03 09:04:06.810661  3205  3372 W A       : 	at com.google.apps.tiktok.concurrent.c.run(Unknown Source:4)
11-03 09:04:06.810661  3205  3372 W A       : 	at java.lang.Thread.run(Thread.java:764)
--------- switch to system
11-03 09:04:06.814878  1686  1702 W BroadcastQueue: Background execution not allowed: receiving Intent { act=android.intent.action.USER_PRESENT flg=0x10 } to com.google.android.gms/.chimera.GmsIntentOperationService$PersistentTrustedReceiver
--------- switch to main
11-03 09:04:06.830451   512 11175 I sensors-hal: handle_indication_realtime:355,  SCHED_FIFO(10) for qmi_cbk
11-03 09:04:06.861191  1686  1686 I WearPower: [WearTouchMediator] changing touch input to enabled (ON_AUTO)
11-03 09:04:06.864607  1686  1759 I InputReader: Reconfiguring input devices.  changes=0x00000200
--------- switch to kernel
11-03 09:04:06.774315     0     0 I init    : processing action (ro.enable_core_ctl=true && sys.cw_corectl_mode=perf) from (/vendor/etc/init/hw/init.qcom.rc:954)
11-03 09:04:06.776633     0     0 I CPU2    : update cpu_capacity 1024
--------- switch to main
11-03 09:04:06.881292  1686  1686 D WristGestureCtrl: Starting: GesturesEnabled-false UngazeEnabled-true
11-03 09:04:06.881463  1686  1686 D DefaultUngazeDetector: starting
11-03 09:04:06.881563  1686  1686 D DefaultUngazeDetector: startUngazeStateEstimation(). startTime = 58126311
11-03 09:04:06.881799  1686  1686 W AlarmManagerProxy: Removing unknown listener
--------- switch to system
11-03 09:04:06.882717   618   618 I wificond: Pno scan stopped
--------- switch to main
11-03 09:04:06.883893  1686  1686 W DefaultSettingsContentR: Value for ambient_low_bit_enabled not stored as number. Attempting parse as boolean.
11-03 09:04:06.884993   512  1749 I sensors-hal: batch:140, android.sensor.accelerometer/48, period=19231000, max_latency=100000000
11-03 09:04:06.887494   512 11177 I sensors-hal: handle_indication_realtime:355,  SCHED_FIFO(10) for qmi_cbk
11-03 09:04:06.888502   512  1749 I sensors-hal: batch:149, android.sensor.accelerometer/48, period=19231000, max_latency=100000000 request completed
11-03 09:04:06.889117   512  1749 I sensors-hal: flush:169, android.sensor.accelerometer/48
11-03 09:04:06.891512   512  1749 I sensors-hal: flush:175, android.sensor.accelerometer/48 completed
11-03 09:04:06.906055  3205  3434 W WorkController: Loading failed for worker [trainingcache]: worker not found
11-03 09:04:06.909334  3205  3294 W A       : TrainingCache cache SCREEN_ON failure
11-03 09:04:06.909334  3205  3294 W A       : com.google.android.apps.gsa.search.core.service.h.a.a: No worker found for Worker ID [trainingcache].
11-03 09:04:06.909334  3205  3294 W A       : 	at com.google.android.apps.gsa.search.core.service.g.a.c.a(Unknown Source:5)
