11-02 19:59:51.796224  2520  2520 D HOME    : [WatchFaceUiController]sendStateToWallpaper
11-02 19:59:51.796346  2520  6572 D HOME    : [WatchStreamDB]couldItemAlert: false, isTopItemChanged: false, isDeferralForTopItem: false
11-02 19:59:51.797226  2520  6572 D HOME    : [WatchStreamDB]Item alerting conditions - isInterruptive: true, recentlyInterrupted: false, isItemPinned: true, isUnread: false
11-02 19:59:51.797533  2520  6572 D HOME    : [StreamAlertingRegulator]isTheaterModeEnabled: false, isAlertingAllowedByOffBody: true, matchesLocalInterruptionFilter: true
11-02 19:59:51.797777  2520  6572 D HOME    : [WatchStreamDB]couldItemAlert: false, isTopItemChanged: false, isDeferralForTopItem: false
11-02 19:59:51.798088  2520  2520 D HOME    : [EventBus]Wrapper pool is full. Discarding excess wrapper instance for event com.google.android.clockwork.sysui.events.KeyguardStateEvent
11-02 19:59:51.798360  2520  2520 D HOME    : [EventBus]Wrapper pool is full. Discarding excess wrapper instance for event com.google.android.clockwork.sysui.events.KeyguardStateEvent
11-02 19:59:51.803350  2520  2520 D HOME    : [WatchFaceUiController]sendStateToWallpaper
11-02 19:59:51.807349  2520  2520 W StaticLayout: maxLineHeight should not be -1.  maxLines:1 lineCount:1
11-02 19:59:51.861265  2520  4718 W OpenGLRenderer: Incorrectly called buildLayer on View: HardwareButtonHintOverlayView, destroying layer...
11-02 19:59:51.908366  2520  2520 D HOME    : [WatchFaceUiController]sendWatchFaceServiceBinder
11-02 19:59:51.913414  2520  2520 D HOME    : [WatchFaceUiController]sendProperties
11-02 19:59:51.915226  2520  2520 D HOME    : [WatchFaceUiController]sendStateToWallpaper
11-02 19:59:51.936245  1686  2896 I GnssLocationProvider: WakeLock acquired by sendMessage(SET_REQUEST, 0, com.android.server.location.GnssLocationProvider$GpsRequest@713ba01)
11-02 19:59:51.941401   501   501 I LocSvc_GnssInterface: ===> stop line 218 
11-02 19:59:51.944558  1686  1701 I GnssLocationProvider: WakeLock released by handleMessage(SET_REQUEST, 0, com.android.server.location.GnssLocationProvider$GpsRequest@713ba01)
11-02 19:59:51.944855   501  1894 I LocSvc_api_v02: ---> locClientSendReq line 2298 QMI_LOC_STOP_REQ_V02
11-02 19:59:51.947156   501  1894 I LocSvc_api_v02: ---> locClientSendReq line 2298 QMI_LOC_REG_EVENTS_REQ_V02
11-02 19:59:51.947323   501  1904 I LocSvc_ApiV02: <--- globalEventCb line 152 QMI_LOC_EVENT_POSITION_REPORT_IND_V02
11-02 19:59:51.967900  2520  2520 D HOME    : [StreamBackendInit]NotificationService onNotificationPosted StatusBarNotification(pkg=android user=UserHandle{0} id=0 tag=com.android.server.wm.AlertWindowNotification - com.google.android.wearable.app key=0|android|0|com.android.server.wm.AlertWindowNotification - com.google.android.wearable.app|1000: Notification(channel=com.android.server.wm.AlertWindowNotification - com.google.android.wearable.app pri=0 contentView=null vibrate=null sound=null defaults=0x0 flags=0x102 color=0xff607d8b vis=PRIVATE))
11-02 19:59:51.968904  2520  2716 D CollectorHandler: handleMessage, event: ON_NOTIFICATION_POSTED_WITH_RANKING
11-02 19:59:51.971743  2520  2716 D HOME    : [StreamDBQueue]Promised revision #1264 to queue a new op
11-02 19:59:51.973002  2520  2716 D HOME    : [WatchStreamManager]Promised set @ r#1264 for (android,tag=com.android.server.wm.AlertWindowNotification - com.google.android.wearable.app,id=0,notifKey=0|android|0|com.android.server.wm.AlertWindowNotification - com.google.android.wearable.app|1000)
11-02 19:59:51.974514  2520  6932 D StreamDatabase:   filtering notification, reason=HOME_OVER_OTHER_APPS_NOTIFICATION, itemId=StreamItemIdAndRevision{notifKey=0|android|0|com.android.server.wm.AlertWindowNotification - com.google.android.wearable.app|1000, packageName=android, tag=com.android.server.wm.AlertWindowNotification - com.google.android.wearable.app, id=0, revision=1264, originalRevision=1264, updateCount=0}
11-02 19:59:51.975245  2520  6932 D HOME    : [WatchStreamDB]Item alerting conditions - isInterruptive: true, recentlyInterrupted: false, isItemPinned: true, isUnread: false
11-02 19:59:51.975662  2520  6932 D HOME    : [StreamAlertingRegulator]isTheaterModeEnabled: false, isAlertingAllowedByOffBody: true, matchesLocalInterruptionFilter: true
11-02 19:59:51.978428  2520  6932 D HOME    : [WatchStreamDB]couldItemAlert: false, isTopItemChanged: false, isDeferralForTopItem: false
11-02 19:59:51.981229  2520  6932 D HOME    : [StreamAdapter]onStreamChange StreamChangeEvent[modified=1, removed=0, modifiedTop=0, removedTop=0, reorder=false, possibleAlertingItem=none]
11-02 19:59:51.984342  2520  6932 D HOME    : [StreamAdapter]onStreamChange StreamChangeEvent[modified=1, removed=0, modifiedTop=0, removedTop=0, reorder=false, possibleAlertingItem=none]
11-02 19:59:51.986791  2520  2520 D HOME    : [TopNotificationReceiver]Sending request to TopNotificationProviderService for complication update
11-02 19:59:51.987759  2520  6932 D HOME    : [NewStreamAdapter]Publishing revision #1264 to adapter clients
11-02 19:59:51.990567  2520  2520 D HOME    : [StreamAdapter]setStreamItems, size 1
11-02 19:59:51.991233  2520  2520 D HOME    : [StreamAdapter]setStreamItems, size 2
11-02 19:59:51.993155  2520  6932 D HOME    : [ComplicationController]scheduleImmediateUpdateForAllFromProvider ComponentInfo{com.google.android.wearable.app/com.google.android.clockwork.wcs.notification.complication.TopNotificationProviderService}
11-02 19:59:52.093206  1686  1696 I system_server: Background concurrent copying GC freed 36489(1963KB) AllocSpace objects, 15(556KB) LOS objects, 19% free, 9MB/12MB, paused 280us total 258.158ms
11-02 19:59:52.235611   512   512 I sensors-hal: activate:107, android.sensor.light/46 en=0
11-02 19:59:52.236631   512   512 I sensors-hal: activate:118, android.sensor.light/46 en=0 completed
11-02 19:59:52.238178   512   512 I sensors-hal: batch:140, android.sensor.light/46, period=250000000, max_latency=0
11-02 19:59:52.238233   512   512 I sensors-hal: batch:149, android.sensor.light/46, period=250000000, max_latency=0 request completed
11-02 19:59:52.239132   512   512 I sensors-hal: activate:107, android.sensor.light/46 en=1
11-02 19:59:52.242597   512   512 I sensors-hal: ssc_enable_rt_task:254, ssc_enable_rt_task : true
11-02 19:59:52.247304   512   512 I sensors-hal: activate:118, android.sensor.light/46 en=1 completed
11-02 19:59:52.303965   512  7070 I sensors-hal: handle_indication_realtime:355,  SCHED_FIFO(10) for qmi_cbk
11-02 19:59:52.756503   512  1749 I sensors-hal: batch:140, android.sensor.accelerometer/48, period=66667000, max_latency=100000000
11-02 19:59:52.760312   512  1749 I sensors-hal: batch:149, android.sensor.accelerometer/48, period=66667000, max_latency=100000000 request completed
11-02 19:59:52.761390  1686  1686 D DefaultUngazeDetector: Ungaze event occurred; emitting gesture event!
11-02 19:59:52.761523  1686  1686 D WristGestureCtrl: Gesture:GESTURE UNGAZE, timestamp(ms): 11071146, confidence: 0.0, latency(ms): 0, duration(ms): 1045
11-02 19:59:52.763083   512  1749 I sensors-hal: batch:140, android.sensor.accelerometer/48, period=19231000, max_latency=100000000
--------- switch to system
11-02 19:59:52.764494  1686  1686 I WindowManager: sleepRelease() calling goToSleep(GO_TO_SLEEP_REASON_SLEEP_BUTTON)
11-02 19:59:52.764892  1686  1686 I PowerManagerService: Going to sleep due to sleep button (uid 1000)...
--------- switch to main
11-02 19:59:52.765557   512  1749 I sensors-hal: batch:149, android.sensor.accelerometer/48, period=19231000, max_latency=100000000 request completed
--------- switch to system
11-02 19:59:52.766180  1686  1686 W UsageStatsService: Event reported without a package name
11-02 19:59:52.766210  1686  1712 I DreamManagerService: Entering dreamland.
11-02 19:59:52.766995  1686  1712 I PowerManagerService: Dozing...
--------- switch to main
11-02 19:59:52.767834   512  1749 I sensors-hal: flush:169, android.sensor.accelerometer/48
11-02 19:59:52.769176   512  1749 I sensors-hal: flush:175, android.sensor.accelerometer/48 completed
--------- switch to system
11-02 19:59:52.778435  1686  1708 I DreamController: Starting dream: name=ComponentInfo{com.google.android.wearable.ambient/com.google.android.wearable.ambient.AmbientDream}, isTest=false, canDoze=true, userId=0
11-02 19:59:52.801378  1686  1686 W ContextImpl: Calling a method in the system process without a qualified user: android.app.ContextImpl.bindService:1611 android.content.ContextWrapper.bindService:698 com.google.android.wearable.ambient.AmbientDream.onCreate:191 android.app.ActivityThread.handleCreateService:3533 android.app.ActivityThread.access$1300:200 
11-02 19:59:52.805381  1686  1686 W ContextImpl: Calling a method in the system process without a qualified user: android.app.ContextImpl.sendBroadcast:1005 android.content.ContextWrapper.sendBroadcast:444 com.google.android.wearable.ambient.AmbientDream.onCreate:241 android.app.ActivityThread.handleCreateService:3533 android.app.ActivityThread.access$1300:200 
11-02 19:59:52.806294  1686  1686 V DreamService[AmbientDream]: onBind() intent = Intent { act=android.service.dreams.DreamService flg=0x800000 cmp=com.google.android.wearable.ambient/.AmbientDream }
--------- switch to main
11-02 19:59:52.807659  1686  1686 I AmbientService: [ce6a28c] Ambient Created
--------- switch to system
11-02 19:59:52.808635  1686  1686 V DreamService[AmbientDream]: Calling onDreamingStarted()
--------- switch to main
11-02 19:59:52.808773  1686  1686 I AmbientService: [ce6a28c] doOnDreamingStarted
11-02 19:59:52.809395  1686  1686 D SidekickService: setShouldControlDisplay called: true
11-02 19:59:52.814516  1686  1686 I AmbientService: [ce6a28c] Selected running activity for ambient mode: AmbientActivity[component=ComponentInfo{com.google.android.wearable.app/com.google.android.clockwork.home2.activity.HomeActivity2}, callbacks=@210b385, running=true, ambientRequested=true, ambientEnabled=true, offloadEnabled=true]
11-02 19:59:52.815116  1686  1686 I AmbientService: [ce6a28c] Sidekick is ready to display, requesting doze.
11-02 19:59:52.815746  1686  1686 I AmbientService: [ce6a28c] No auto-resume Activity.
11-02 19:59:52.817617  1686  1686 W DefaultSettingsContentR: Value for ambient_low_bit_enabled not stored as number. Attempting parse as boolean.
11-02 19:59:52.821804  2520  2520 D HOME    : [HomeVisitsLogger]Logging streamlet event: enter_ambient_mode
11-02 19:59:52.823448  2520  2520 D HOME    : [HotwordController]updateClient MODE_WATCH_FACE false true false true
11-02 19:59:52.825840  2520  2520 D HOME    : [WatchFaceUiController]setInAmbientMode true
11-02 19:59:52.827715  2520  6572 I SidekickManager: replaceWatchFaceComponentsImpl(): watchFace = com.google.android.clockwork.decomposablewatchface.WatchFaceDecomposition@37c2db0
11-02 19:59:52.828029  2520  6932 D HOME    : [HomeVisitsLogger]Logging streamlet event: visit_end
11-02 19:59:52.828933  1686  2895 D SidekickService: sendWatchFaceComponents called: watchFace = com.google.android.clockwork.decomposablewatchface.WatchFaceDecomposition@bce332eshouldReplace = false
11-02 19:59:52.829310  1686  2895 D SidekickService: Check decomposition for calling app com.google.android.wearable.app with uid 10049
11-02 19:59:52.829794  1686  2895 D SidekickService: sendWatchFaceLocked(): shouldReplace = false, mSidekickIsControlling = false, 1 images, 0 fonts, 0 numbers, 0 proportionalFonts, 0 strings
11-02 19:59:52.829877  1686  2895 D SidekickService: ISidekickGraphics#beginResources()...
11-02 19:59:52.831070  1686  2895 D SidekickServiceUtils: bitmapFromDrawable: Returning bitmap directly
11-02 19:59:52.834775  2520  2520 D HOME    : [StreamDBQueue]Promised revision #1265 to queue a new op
11-02 19:59:52.835413  2520  2520 D WatchStreamManager: Promised rank-blocked=false @ r#1265
11-02 19:59:52.835671  1686  2895 D SidekickService: sendBitmapsLocked(): bounds = RectF(0.0, 0.0, 0.0024038462, 0.0024038462), drawableInfo = {.id = 100000, .width = 1, .height = 1, .display = true, .offsetX = 0.0, .offsetY = 0.0, .rotationInfo = {.hasRotation = false, .pivotX = 0.0, .pivotY = 0.0, .degreesPerDay = 0.0, .degreesPerStep = 0.0, .zeroDegreesTime = {.daysSinceLocalEpoch = 0, .msSinceMidnight = 0}}, .transformInfo = {.transformed = false, .flipX = false, .flipY = false, .flip45 = false, .scaleX = 0.0, .scaleY = 0.0}, .type = GENERIC, .blink = {.blinking = false, .periodOnMs = 0.0, .periodOffMs = 0.0, .startTime = {.daysSinceLocalEpoch = 0, .msSinceMidnight = 0}}, .zOrder = 8, .displayInTwm = true}, image.size() = 84
11-02 19:59:52.836345  2520  2520 D HOME    : [StreamDBQueue]Promised revision #1266 to queue a new op
11-02 19:59:52.836646  2520  2520 D WatchStreamManager: Promised rank-blocked=false @ r#1266
11-02 19:59:52.837288   416   416 D SKGHAL  : saveResource: resId = 100000
11-02 19:59:52.838074  2520  2520 D HOME    : [EventBus]Wrapper pool is full. Discarding excess wrapper instance for event com.google.android.clockwork.sysui.events.KeyguardStateEvent
11-02 19:59:52.838299  2520  2520 D HOME    : [WatchFaceUiController]sendStateToWallpaper
11-02 19:59:52.838593  2520  6932 D HOME    : [WatchStreamDB]Item alerting conditions - isInterruptive: true, recentlyInterrupted: false, isItemPinned: true, isUnread: false
11-02 19:59:52.839185  2520  6932 D HOME    : [StreamAlertingRegulator]isTheaterModeEnabled: false, isAlertingAllowedByOffBody: true, matchesLocalInterruptionFilter: true
11-02 19:59:52.839605  2520  6932 D HOME    : [WatchStreamDB]couldItemAlert: false, isTopItemChanged: false, isDeferralForTopItem: false
11-02 19:59:52.839986  2520  6840 D HOME    : [StreamDBQueue]Promised revision #1267 to queue a new op
11-02 19:59:52.840131  2520  6840 D WatchStreamManager: Promised rerank @ r#1267
11-02 19:59:52.840566  2520  6932 D HOME    : [WatchStreamDB]Item alerting conditions - isInterruptive: true, recentlyInterrupted: false, isItemPinned: true, isUnread: false
11-02 19:59:52.840628  2520  2520 D HOME    : [EventBus]Wrapper pool is full. Discarding excess wrapper instance for event com.google.android.clockwork.sysui.events.KeyguardStateEvent
11-02 19:59:52.841403  1686  2895 D SidekickService: sendBitmapsLocked(): status = 0, bytesUsed = 18
11-02 19:59:52.841596  1686  2895 D SidekickService: ISidekickGraphics#endResources()...
11-02 19:59:52.852747  2520  2520 D HOME    : [EventBus]Wrapper pool is full. Discarding excess wrapper instance for event com.google.android.clockwork.sysui.events.KeyguardStateEvent
11-02 19:59:52.852755  2520  6932 D HOME    : [StreamAlertingRegulator]isTheaterModeEnabled: false, isAlertingAllowedByOffBody: true, matchesLocalInterruptionFilter: true
11-02 19:59:52.853068  2520  6932 D HOME    : [WatchStreamDB]couldItemAlert: false, isTopItemChanged: false, isDeferralForTopItem: false
11-02 19:59:52.853539  2520  6932 D HOME    : [WatchStreamDB]updateRanking()
11-02 19:59:52.854674  2520  6932 D HOME    : [WatchStreamDB]Item alerting conditions - isInterruptive: true, recentlyInterrupted: false, isItemPinned: true, isUnread: false
11-02 19:59:52.855107  2520  6932 D HOME    : [StreamAlertingRegulator]isTheaterModeEnabled: false, isAlertingAllowedByOffBody: true, matchesLocalInterruptionFilter: true
11-02 19:59:52.855380  2520  6932 D HOME    : [WatchStreamDB]couldItemAlert: false, isTopItemChanged: false, isDeferralForTopItem: false
11-02 19:59:52.855967  2520  6932 D HOME    : [NewStreamAdapter]Publishing revision #1267 to adapter clients
11-02 19:59:52.856432  2520  6840 D HOME    : [StreamDBQueue]Promised revision #1268 to queue a new op
11-02 19:59:52.856635  2520  6840 D WatchStreamManager: Promised rerank @ r#1268
11-02 19:59:52.856829  2520  6932 D HOME    : [WatchStreamDB]updateRanking()
11-02 19:59:52.857350  2520  6932 D HOME    : [WatchStreamDB]Item alerting conditions - isInterruptive: true, recentlyInterrupted: false, isItemPinned: true, isUnread: false
11-02 19:59:52.857709  2520  6932 D HOME    : [StreamAlertingRegulator]isTheaterModeEnabled: false, isAlertingAllowedByOffBody: true, matchesLocalInterruptionFilter: true
11-02 19:59:52.857994  2520  6932 D HOME    : [WatchStreamDB]couldItemAlert: false, isTopItemChanged: false, isDeferralForTopItem: false
11-02 19:59:52.858608  2520  6932 D HOME    : [NewStreamAdapter]Publishing revision #1268 to adapter clients
11-02 19:59:53.027450  2520  7060 D HOME    : [LocationOracleImpl]Fresh location fetch timed out.
11-02 19:59:53.029074  2520  4738 W HOME    : [LocationOracleImpl]Location fetch failed.
11-02 19:59:53.029074  2520  4738 W HOME    : java.util.concurrent.TimeoutException: Fresh location fetch timed out.
11-02 19:59:53.029074  2520  4738 W HOME    : 	at doo.run(AW782433232:1)
11-02 19:59:53.029074  2520  4738 W HOME    : 	at java.util.TimerThread.mainLoop(Timer.java:562)
11-02 19:59:53.029074  2520  4738 W HOME    : 	at java.util.TimerThread.run(Timer.java:512)
11-02 19:59:53.029386  2520  4738 W HOME    : [GetCardsRpc]making request without location
11-02 19:59:53.083397   416   416 D SKGHAL  : sendResources: metadata size = 2400, font size = 72
11-02 19:59:53.138262   416   416 D SKGHAL  : endResources: rc = 0
11-02 19:59:53.139149  1686  1686 W system_server: Long monitor contention with owner Binder:1686_C (2895) at int com.google.android.clockwork.sidekick.SidekickService$BinderService.sendWatchFace(com.google.android.clockwork.decomposablewatchface.WatchFaceDecomposition, boolean)(SidekickService.java:1021) waiters=0 in boolean com.google.android.clockwork.sidekick.SidekickService$BinderService.readyToDisplay() for 307ms
11-02 19:59:53.139797  1686  1686 I AmbientService: [ce6a28c] Showing watch face in offload mode, canceling alarm.
11-02 19:59:53.139869  1686  1686 W AlarmManagerProxy: Removing unknown listener
11-02 19:59:53.140055  1686  1686 D WristGestureCtrl: Stopping detectors: GesturesEnabled-false gestureDetector-false ungazeEnabled-true ungaze-true
11-02 19:59:53.140110  1686  1686 D DefaultUngazeDetector: stopping
--------- switch to system
11-02 19:59:53.140528  1686  1686 W Looper  : Slow dispatch took 332ms main h=android.os.Handler c=android.service.dreams.DreamService$1@df7fecf m=0
--------- switch to main
11-02 19:59:53.140579  1686  2896 W system_server: Long monitor contention with owner main (1686) at void com.google.android.wearable.ambient.AmbientService.doOnDreamingStarted()(AmbientService.java:659) waiters=0 in void com.google.android.wearable.ambient.AmbientService.maybeSendDozeCommand() for 286ms
--------- switch to system
11-02 19:59:53.141912  1686  1686 W Looper  : Slow delivery took 333ms main h=android.app.ActivityThread$H c=android.app.-$$Lambda$LoadedApk$ReceiverDispatcher$Args$_BumDX2UKsnxLVrE6UJsJZkotuA@554c05c m=0
--------- switch to main
11-02 19:59:53.144030   512   512 I sensors-hal: batch:140, android.sensor.accelerometer/48, period=66667000, max_latency=100000000
--------- switch to system
11-02 19:59:53.145108  1686  1686 W Looper  : Drained
--------- switch to main
11-02 19:59:53.146115  2520  2520 W StaticLayout: maxLineHeight should not be -1.  maxLines:1 lineCount:1
11-02 19:59:53.146600   512   512 I sensors-hal: batch:149, android.sensor.accelerometer/48, period=66667000, max_latency=100000000 request completed
--------- switch to kernel
11-02 19:59:53.133663     0     0 E FG      : fg_psy_get_property: unsupported property 7
11-02 19:59:53.137449     0     0 W healthd : battery l=66 v=3927 t=30.0 h=2 st=3 c=161 fc=443000 cc=0 chg=
--------- switch to main
11-02 19:59:53.187087  2520  2520 D HOME    : [SidekickManagerAsync]replaceWatchFaceComponents(): Callback#onResult(): 0
11-02 19:59:53.188391  2520  2520 D HOME    : [StreamBackendInit]NotificationService onNotificationRemoved StatusBarNotification(pkg=android user=UserHandle{0} id=0 tag=com.android.server.wm.AlertWindowNotification - com.google.android.wearable.app key=0|android|0|com.android.server.wm.AlertWindowNotification - com.google.android.wearable.app|1000: Notification(channel=com.android.server.wm.AlertWindowNotification - com.google.android.wearable.app pri=0 contentView=null vibrate=null sound=null defaults=0x0 flags=0x102 color=0xff607d8b vis=PRIVATE))
11-02 19:59:53.188685  2520  2520 D HOME    : [WatchFaceUiController]Complication updates sent, posting watch face hiding
11-02 19:59:53.188769  2520  2520 D HOME    : [WatchFaceUiController]Still in ambient watch face, hiding
11-02 19:59:53.188823  2520  2520 D HOME    : [WatchFaceUiController]Hiding watch face wallpaper.
11-02 19:59:53.189085  2520  2716 D CollectorHandler: handleMessage, event: ON_NOTIFICATION_REMOVED
11-02 19:59:53.189604   512   512 I sensors-hal: activate:107, android.sensor.light/46 en=0
11-02 19:59:53.190941  2520  2716 D HOME    : [StreamDBQueue]Promised revision #1269 to queue a new op
11-02 19:59:53.191808  2520  2716 D HOME    : [WatchStreamManager]Promised remove @ r#1269 for StreamItemIdAndRevision{notifKey=0|android|0|com.android.server.wm.AlertWindowNotification - com.google.android.wearable.app|1000, packageName=android, tag=com.android.server.wm.AlertWindowNotification - com.google.android.wearable.app, id=0, revision=0, originalRevision=0, updateCount=0} (@1268): SBN removed: StreamItemIdAndRevision{notifKey=0|android|0|com.android.server.wm.AlertWindowNotification - com.google.android.wearable.app|1000, packageName=android, tag=com.android.server.wm.AlertWindowNotification - com.google.android.wearable.app, id=0, revision=0, originalRevision=0, updateCount=0}
11-02 19:59:53.193044   512   512 I sensors-hal: activate:118, android.sensor.light/46 en=0 completed
11-02 19:59:53.194848  2520  6572 D StreamDatabase: remove. itemId: StreamItemIdAndRevision{notifKey=0|android|0|com.android.server.wm.AlertWindowNotification - com.google.android.wearable.app|1000, packageName=android, tag=com.android.server.wm.AlertWindowNotification - com.google.android.wearable.app, id=0, revision=1264, originalRevision=1264, updateCount=0}
--------- switch to system
11-02 19:59:53.195245  1686  1710 I DisplayManagerService: Display device changed state: "Écran intégré", DOZE_SUSPEND
--------- switch to main
11-02 19:59:53.195511  2520  6572 D HOME    : [WatchStreamDB]Item alerting conditions - isInterruptive: true, recentlyInterrupted: false, isItemPinned: true, isUnread: false
11-02 19:59:53.195594   545   545 D SurfaceFlinger: Set power mode=3, type=0 flinger=0xb6bb6000
11-02 19:59:53.196218   504   761 I SDM     : DisplayBase::SetDisplayState: Set state = 3, display 0
11-02 19:59:53.199164  2520  6572 D HOME    : [StreamAlertingRegulator]isTheaterModeEnabled: false, isAlertingAllowedByOffBody: true, matchesLocalInterruptionFilter: true
11-02 19:59:53.200154  2520  6572 D HOME    : [WatchStreamDB]couldItemAlert: false, isTopItemChanged: false, isDeferralForTopItem: false
11-02 19:59:53.201138  2520  6572 D HOME    : [StreamAdapter]onStreamChange StreamChangeEvent[modified=0, removed=1, modifiedTop=0, removedTop=0, reorder=false, possibleAlertingItem=none]
11-02 19:59:53.197348  1956  1956 D QtiCarrierConfigHelper: WARNING, no carrier configs on phone Id: 0
11-02 19:59:53.204952  2520  6572 D HOME    : [StreamAdapter]onStreamChange StreamChangeEvent[modified=0, removed=1, modifiedTop=0, removedTop=0, reorder=false, possibleAlertingItem=none]
11-02 19:59:53.205759  2520  6572 D HOME    : [NewStreamAdapter]Publishing revision #1269 to adapter clients
11-02 19:59:53.209834  2520  2520 D HOME    : [BatteryChange]action: android.intent.action.BATTERY_CHANGED
11-02 19:59:53.212361  2520  2520 D HOME    : [TopNotificationReceiver]Sending request to TopNotificationProviderService for complication update
11-02 19:59:53.219893  1686  1759 I InputReader: Reconfiguring input devices.  changes=0x00000004
11-02 19:59:53.223648  2520  2520 D HOME    : [StreamAdapter]setStreamItems, size 1
11-02 19:59:53.224556  2520  2520 D HOME    : [StreamAdapter]setStreamItems, size 2
11-02 19:59:53.229028  2520  6572 D HOME    : [BatteryChange]HandleBatteryChangedTask
11-02 19:59:53.229446  2520  6572 D HOME    : [BatteryChange]level: 66, status: 3
11-02 19:59:53.229487  2520  6840 D HOME    : [ComplicationController]scheduleImmediateUpdateForAllFromProvider ComponentInfo{com.google.android.wearable.app/com.google.android.clockwork.wcs.notification.complication.TopNotificationProviderService}
11-02 19:59:53.266514   545   545 D SurfaceFlinger: Finished set power mode=3, type=0
11-02 19:59:53.268083  1686  1823 I SidekickService: beginDisplayLocked(): DOZE_SUSPEND
11-02 19:59:53.268672   416   416 D SKGHAL  : sendAmbientPrepare: enter:
--------- switch to kernel
11-02 19:59:53.175281     0     0 I mdss_dsi_panel_set_idle_mode: Idle (0->1)
11-02 19:59:53.229231     0     0 I         : [touch]FB_BLANK_VSYNC_SUSPEND
11-02 19:59:53.229239     0     0 I         : [touch]irq disable
11-02 19:59:53.229244     0     0 I         : [touch]workqueue is empty!
11-02 19:59:53.229247     0     0 I         : [touch]raydium_ts_do_suspend.
11-02 19:59:53.229257     0     0 I         : [touch]Device may wakeup
11-02 19:59:53.231560     0     0 I         : [touch]irq enable
--------- switch to main
11-02 19:59:53.395960   416   416 D SKGHAL  : sendAmbientEvent: enter: enable = 1
11-02 19:59:53.397080   504   523 I SDM     : DisplayBase::SetDisplayState: Set state = 4, display 0
11-02 19:59:53.397171   504   523 D SDM     : HWCDisplayPrimary::SetStandByMode: Null display is connected successfully
11-02 19:59:53.397356   416   416 D SKGHAL  : standBy_update_control call succeed on 1
11-02 19:59:53.408722   416   416 D SKGHAL  : sendAmbientEvent: done: enable = 1
11-02 19:59:53.409296  1686  1823 D SidekickService:    ... beginDisplay result: 0 for halPower: 1
11-02 19:59:53.413688   512   512 I sensors-hal: activate:107, android.sensor.accelerometer/48 en=0
11-02 19:59:53.415229   512   512 I sensors-hal: activate:118, android.sensor.accelerometer/48 en=0 completed
--------- switch to kernel
11-02 19:59:53.382256     0     0 E bgrsb   : bgrsb_enable: gpio 32 is valid
--------- switch to main
11-02 19:59:53.446670  1686  1686 I WearPower: [WearTouchMediator] changing touch input to enabled (ON_AUTO)
11-02 19:59:53.448068  1686  1759 I InputReader: Reconfiguring input devices.  changes=0x00000200
--------- switch to kernel
11-02 19:59:53.415866     0     0 I init    : processing action (ro.enable_core_ctl=true && sys.cw_corectl_mode=idle) from (/vendor/etc/init/hw/init.qcom.rc:949)
--------- switch to main
11-02 19:59:53.465472  1686  1686 I AmbientService: [ce6a28c] Timeout alarm not required, auto-resume timeout handled by dream.
11-02 19:59:53.475811  3205  3434 W WorkController: Loading failed for worker [trainingcache]: worker not found
11-02 19:59:53.477302  3205  3372 W A       : TrainingCache cache SCREEN_OFF failure
11-02 19:59:53.477302  3205  3372 W A       : com.google.android.apps.gsa.search.core.service.h.a.a: No worker found for Worker ID [trainingcache].
11-02 19:59:53.477302  3205  3372 W A       : 	at com.google.android.apps.gsa.search.core.service.g.a.c.a(Unknown Source:5)
11-02 19:59:53.477302  3205  3372 W A       : 	at com.google.android.libraries.gsa.c.a.d.a(Unknown Source:3)
11-02 19:59:53.477302  3205  3372 W A       : 	at com.google.common.p.a.cg.c(Unknown Source:2)
11-02 19:59:53.477302  3205  3372 W A       : 	at com.google.common.p.a.bk.run(SourceFile:3)
11-02 19:59:53.477302  3205  3372 W A       : 	at com.google.common.p.a.ci.run(Unknown Source:4)
11-02 19:59:53.477302  3205  3372 W A       : 	at com.google.apps.tiktok.concurrent.ab.run(SourceFile:1)
11-02 19:59:53.477302  3205  3372 W A       : 	at java.util.concurrent.ThreadPoolExecutor.runWorker(ThreadPoolExecutor.java:1167)
11-02 19:59:53.477302  3205  3372 W A       : 	at java.util.concurrent.ThreadPoolExecutor$Worker.run(ThreadPoolExecutor.java:641)
11-02 19:59:53.477302  3205  3372 W A       : 	at com.google.apps.tiktok.concurrent.c.run(Unknown Source:4)
11-02 19:59:53.477302  3205  3372 W A       : 	at java.lang.Thread.run(Thread.java:764)
--------- switch to system
11-02 19:59:53.480024   618   618 W wificond: Skip match ssid for pno scan: Samsung Ingrid, Wifirst Les Valmonts, Pauline, HUAWEI-F3EF, PUBLIC WIFI Groupe Televerbier, TMR_PUBLIC_WIFI, SFR_1AE0, BINLAR_2.4G, Sira-WiFi, iPhone S, Siam Garden Cooking School, .@AirportAISFreeWiFi, iPhone de Ameulie, Paulo's iPhone, Beach  Park Hostel & Tree Bar, The Big_Easy, AndroidAPEC14, _VINCI Airports wifi, Yolo Hostel, .@AirportDTACFreeWiFi,    .@ TRUEWIFI, .@ AIS SUPER WiFi, .@AirportTrueFreeWiFi,     King Power,  Free Airport-Google WiFi by CAT, BangkokAirways, UPC5616060, ColocMegy, jcmjsm, iPhone Consti, ASGARD, FMEL, Florence 2.4Ghz, BENJI, IBIS_STYLES_NANTES_CENTRE_GARE_N, LACENNE , Jack's iPhone, Salt_2GHz_28C9D0, Salt_5GHz_28C9D0, Yah Hallo, ASGARD-24G, Livebox-22B4, LeBOen, App_111, Michaud1936, _VT21-VISITORS_, Sebi, RAFA 5, Verkehrshaus, iPhone, MONZOON, igluna-public, kepler, _WIFI_LYRIA, HUAWEI-C452, Vodafone-A54562143, WiFiFrecce, OSoleMioWifi, VodafoneDepretis19, SanLorenzo, Live Hotels Guest, Franci , iPhone de Soline, viktoria_intern, UPC7759032, Vod
--------- switch to main
11-02 19:59:53.490004  2520  2520 D HOME    : [StreamDBQueue]Promised revision #1270 to queue a new op
11-02 19:59:53.490287  2520  2520 D WatchStreamManager: Promised rank-blocked=false @ r#1270
11-02 19:59:53.490519  2520  2520 D HOME    : [CompactHunStarter]detachWindow()
11-02 19:59:53.490786  2520  6572 D HOME    : [WatchStreamDB]Item alerting conditions - isInterruptive: true, recentlyInterrupted: false, isItemPinned: true, isUnread: false
11-02 19:59:53.491102  2520  6572 D HOME    : [StreamAlertingRegulator]isTheaterModeEnabled: false, isAlertingAllowedByOffBody: true, matchesLocalInterruptionFilter: true
11-02 19:59:53.491334  2520  6572 D HOME    : [WatchStreamDB]couldItemAlert: false, isTopItemChanged: false, isDeferralForTopItem: false
11-02 19:59:53.492594  2520  6840 D HOME    : [StreamDBQueue]Promised revision #1271 to queue a new op
11-02 19:59:53.492838  2520  6840 D WatchStreamManager: Promised rerank @ r#1271
11-02 19:59:53.493418  2520  6932 D HOME    : [WatchStreamDB]updateRanking()
11-02 19:59:53.494052  2520  6932 D HOME    : [WatchStreamDB]Item alerting conditions - isInterruptive: true, recentlyInterrupted: false, isItemPinned: true, isUnread: false
11-02 19:59:53.494367  2520  6932 D HOME    : [StreamAlertingRegulator]isTheaterModeEnabled: false, isAlertingAllowedByOffBody: true, matchesLocalInterruptionFilter: true
11-02 19:59:53.494627  2520  6932 D HOME    : [WatchStreamDB]couldItemAlert: false, isTopItemChanged: false, isDeferralForTopItem: false
11-02 19:59:53.495273  2520  6932 D HOME    : [NewStreamAdapter]Publishing revision #1271 to adapter clients
--------- switch to kernel
11-02 19:59:53.498107     0     0 I PM      : suspend entry 2021-11-02 18:59:53.498107034 UTC
11-02 19:59:53.498118     0     0 I PM      : Syncing filesystems ...
11-02 19:59:53.502179     0     0 I CPU0    : update max cpu_capacity 748
--------- switch to system
11-02 19:59:53.516760   618   618 I wificond: Pno scan started
--------- switch to kernel
11-02 19:59:53.526719     0     0 I         : done.
11-02 19:59:53.554464     0     0 I CPU2    : shutdown
11-02 19:59:53.555610     0     0 I         : Freezing user space processes ...
11-02 19:59:53.558170     0     0 I CPU3    : update max cpu_capacity 1024
11-02 19:59:53.559539     0     0 I PM      : Wakeup pending, aborting suspend
11-02 19:59:53.559575     0     0 I         : active wakeup source: NETLINK
11-02 19:59:53.559609     0     0 E         : Freezing of tasks aborted after 0.003 seconds
11-02 19:59:53.559624     0     0 I         : Restarting tasks ...
11-02 19:59:53.559985     0     0 I init    : Command 'write /sys/devices/system/cpu/cpu2/online 0' action=ro.enable_core_ctl=true && sys.cw_corectl_mode=idle (/vendor/etc/init/hw/init.qcom.rc:951) took 109ms and succeeded
11-02 19:59:53.560250     0     0 W QSEECOM : qseecom_receive_req: Interrupted: exiting Listener Service = 11
11-02 19:59:53.560299     0     0 W QSEECOM : qseecom_receive_req: Interrupted: exiting Listener Service = 10
11-02 19:59:53.560329     0     0 W QSEECOM : qseecom_receive_req: Interrupted: exiting Listener Service = 8192
11-02 19:59:53.561015     0     0 W QSEECOM : qseecom_receive_req: Interrupted: exiting Listener Service = 28672
11-02 19:59:53.561576     0     0 W QSEECOM : qseecom_receive_req: Interrupted: exiting Listener Service = 12288
11-02 19:59:53.562528     0     0 I init    : Command 'write /sys/devices/system/cpu/cpu3/online 0' action=ro.enable_core_ctl=true && sys.cw_corectl_mode=idle (/vendor/etc/init/hw/init.qcom.rc:952) took 2ms and failed: Unable to write to file '/sys/devices/system/cpu/cpu3/online': Unable to write file contents: Device or resource busy
11-02 19:59:53.564313     0     0 I         : done.
11-02 19:59:53.564657     0     0 I PM      : suspend exit 2021-11-02 18:59:53.564657971 UTC
11-02 19:59:53.766282     0     0 I PM      : suspend entry 2021-11-02 18:59:53.766282607 UTC
11-02 19:59:53.766304     0     0 I PM      : Syncing filesystems ... done.
11-02 19:59:53.803454     0     0 I         : Freezing user space processes ... (elapsed 0.011 seconds) done.
11-02 19:59:53.814622     0     0 I         : Freezing remaining freezable tasks ... (elapsed 0.006 seconds) done.
11-02 19:59:53.820812     0     0 I         : Suspending console(s) (use no_console_suspend to debug)
11-02 19:59:53.836009     0     0 I mdss_dsi_panel_set_idle_mode: Idle (1->1)
11-02 19:59:53.878285     0     0 I bgcom   : bgcom_pm_suspend: suspended with : 0
11-02 19:59:53.915307     0     0 I PM      : suspend of devices complete after 90.597 msecs
11-02 19:59:53.920802     0     0 I PM      : late suspend of devices complete after 5.451 msecs
11-02 19:59:53.926788     0     0 I PM      : noirq suspend of devices complete after 5.961 msecs
11-02 19:59:53.926802     0     0 I         : Disabling non-boot CPUs ...
11-02 19:59:53.943540     0     0 W         : IRQ21 no longer affine to CPU1
11-02 19:59:53.945390     0     0 I CPU1    : shutdown
11-02 19:59:53.952253     0     0 I CPU0    : update max cpu_capacity 748
11-02 19:59:53.982236     0     0 I CPU3    : update max cpu_capacity 1024
11-02 19:59:53.993036     0     0 W         : IRQ16 no longer affine to CPU3
11-02 19:59:53.993115     0     0 W         : IRQ93 no longer affine to CPU3
11-02 19:59:53.994543     0     0 I CPU3    : shutdown
11-02 19:59:53.996804     0     0 I suspend ns: 1076650118765	suspend cycles:     212761559999
11-02 19:59:53.996783     0     0 I CPU0    : msm_cpu_pm_enter_sleep mode:3 during suspend
11-02 19:59:53.996783     0     0 I         : Suspended for 29.205 seconds
11-02 19:59:53.996783     0     0 I resume cycles: 213322310901
11-02 19:59:53.997331     0     0 I         : Enabling non-boot CPUs ...
11-02 19:59:53.998188     0     0 I CPU1    : update cpu_capacity 1024
11-02 19:59:53.999293     0     0 I         : CPU1 is up
11-02 19:59:54.000409     0     0 I CPU3    : update cpu_capacity 1024
11-02 19:59:54.002026     0     0 I CPU1    : update max cpu_capacity 748
11-02 19:59:54.002265     0     0 I CPU3    : update max cpu_capacity 1024
11-02 19:59:54.002270     0     0 I         : CPU3 is up
11-02 19:59:54.005837     0     0 I PM      : noirq resume of devices complete after 3.310 msecs
11-02 19:59:54.011114     0     0 I PM      : early resume of devices complete after 3.789 msecs
11-02 19:59:54.046429     0     0 I bgcom   : bgcom_pm_resume: Bgcom resumed with : 0
11-02 19:59:54.056502     0     0 I mdss_dsi_panel_set_idle_mode: Idle (1->1)
11-02 19:59:54.096943     0     0 I PM      : resume of devices complete after 85.766 msecs
11-02 19:59:54.101512     0     0 I         : Restarting tasks ...
11-02 19:59:54.104270     0     0 W QSEECOM : qseecom_receive_req: Interrupted: exiting Listener Service = 8192
11-02 19:59:54.104373     0     0 W QSEECOM : qseecom_receive_req: Interrupted: exiting Listener Service = 12288
11-02 19:59:54.104422     0     0 W QSEECOM : qseecom_receive_req: Interrupted: exiting Listener Service = 11
11-02 19:59:54.104466     0     0 W QSEECOM : qseecom_receive_req: Interrupted: exiting Listener Service = 10
11-02 19:59:54.104510     0     0 W QSEECOM : qseecom_receive_req: Interrupted: exiting Listener Service = 28672
11-02 19:59:54.112498     0     0 I         : done.
11-02 20:00:23.319665     0     0 I PM      : suspend exit 2021-11-02 19:00:23.319665668 UTC
--------- switch to system
11-02 20:00:23.328419  1686  1686 I PowerManagerService: Waking up from dozing (uid=1000 reason=tiltToWake)...
11-02 20:00:23.333730  1686  1686 W UsageStatsService: Event reported without a package name
--------- switch to kernel
11-02 20:00:23.349268     0     0 E FG      : fg_psy_get_property: unsupported property 7
11-02 20:00:23.317162     0     0 W healthd : battery l=66 v=4009 t=30.0 h=2 st=3 c=4 fc=443000 cc=0 chg=
--------- switch to main
11-02 20:00:23.387287   512  1749 I sensors-hal: batch:140, android.sensor.light/46, period=100000000, max_latency=0
11-02 20:00:23.387522   512  1749 I sensors-hal: batch:149, android.sensor.light/46, period=100000000, max_latency=0 request completed
11-02 20:00:23.388711   512  1749 I sensors-hal: activate:107, android.sensor.light/46 en=1
11-02 20:00:23.389549   512  1749 I sensors-hal: ssc_enable_rt_task:254, ssc_enable_rt_task : true
11-02 20:00:23.398818   512  1749 I sensors-hal: activate:118, android.sensor.light/46 en=1 completed
11-02 20:00:23.402239   512  1749 I sensors-hal: batch:140, android.sensor.accelerometer/48, period=66667000, max_latency=100000000
11-02 20:00:23.402355   512  1749 I sensors-hal: batch:149, android.sensor.accelerometer/48, period=66667000, max_latency=100000000 request completed
11-02 20:00:23.402860  1686  1823 I SidekickService: endDisplayLocked()
11-02 20:00:23.403261   512  1749 I sensors-hal: activate:107, android.sensor.accelerometer/48 en=1
11-02 20:00:23.403993   512  1749 I sensors-hal: ssc_enable_rt_task:254, ssc_enable_rt_task : true
--------- switch to system
11-02 20:00:23.404629  1686  1710 I DisplayManagerService: Display device changed state: "Écran intégré", ON
--------- switch to main
11-02 20:00:23.405179   416   416 D SKGHAL  : sendAmbientEvent: enter: enable = 0
11-02 20:00:23.416425   512  1749 I sensors-hal: activate:118, android.sensor.accelerometer/48 en=1 completed
11-02 20:00:23.432514  2520  2520 D HOME    : [BatteryChange]action: android.intent.action.BATTERY_CHANGED
11-02 20:00:23.433581  2520  6572 D HOME    : [BatteryChange]HandleBatteryChangedTask
11-02 20:00:23.434386  2520  6572 D HOME    : [BatteryChange]level: 66, status: 3
11-02 20:00:23.454168  4243  4243 D OMService: onDisplayChanged: not dozing
--------- switch to kernel
11-02 20:00:23.397173     0     0 E bgrsb   : bgrsb_enable: rsb will set report rate
11-02 20:00:23.416338     0     0 E bgrsb   : bgrsb_enable: gpio 32 is valid
--------- switch to main
11-02 20:00:23.460304  1686  1759 I InputReader: Reconfiguring input devices.  changes=0x00000004
11-02 20:00:23.463871  1956  1956 D QtiCarrierConfigHelper: WARNING, no carrier configs on phone Id: 0
--------- switch to system
11-02 20:00:23.466668  1686  1702 W BroadcastQueue: Background execution not allowed: receiving Intent { act=android.intent.action.USER_PRESENT flg=0x10 } to com.google.android.gms/.auth.setup.devicesignals.LockScreenReceiver
11-02 20:00:23.467038  1686  1702 W BroadcastQueue: Background execution not allowed: receiving Intent { act=android.intent.action.USER_PRESENT flg=0x10 } to com.google.android.gms/.chimera.GmsIntentOperationService$PersistentTrustedReceiver
--------- switch to main
11-02 20:00:23.471415  3205  3434 W WorkController: Loading failed for worker [trainingcache]: worker not found
11-02 20:00:23.474417  3205  3294 W A       : TrainingCache cache DEVICE_UNLOCKED failure
11-02 20:00:23.474417  3205  3294 W A       : com.google.android.apps.gsa.search.core.service.h.a.a: No worker found for Worker ID [trainingcache].
11-02 20:00:23.474417  3205  3294 W A       : 	at com.google.android.apps.gsa.search.core.service.g.a.c.a(Unknown Source:5)
11-02 20:00:23.474417  3205  3294 W A       : 	at com.google.android.libraries.gsa.c.a.d.a(Unknown Source:3)
11-02 20:00:23.474417  3205  3294 W A       : 	at com.google.common.p.a.cg.c(Unknown Source:2)
11-02 20:00:23.474417  3205  3294 W A       : 	at com.google.common.p.a.bk.run(SourceFile:3)
11-02 20:00:23.474417  3205  3294 W A       : 	at com.google.common.p.a.ci.run(Unknown Source:4)
11-02 20:00:23.474417  3205  3294 W A       : 	at com.google.apps.tiktok.concurrent.ab.run(SourceFile:1)
11-02 20:00:23.474417  3205  3294 W A       : 	at java.util.concurrent.ThreadPoolExecutor.runWorker(ThreadPoolExecutor.java:1167)
11-02 20:00:23.474417  3205  3294 W A       : 	at java.util.concurrent.ThreadPoolExecutor$Worker.run(ThreadPoolExecutor.java:641)
11-02 20:00:23.474417  3205  3294 W A       : 	at com.google.apps.tiktok.concurrent.c.run(Unknown Source:4)
11-02 20:00:23.474417  3205  3294 W A       : 	at java.lang.Thread.run(Thread.java:764)
--------- switch to system
11-02 20:00:23.476815   618   618 I wificond: Pno scan stopped
--------- switch to main
11-02 20:00:23.478896   504   523 I SDM     : DisplayBase::SetDisplayState: Set state = 3, display 0
11-02 20:00:23.479071   504   523 D SDM     : HWCDisplayPrimary::SetStandByMode: Display is connected successfully
11-02 20:00:23.482279   416   416 D SKGHAL  : standBy_update_control call succeed on 0
11-02 20:00:23.482341   416   416 D SKGHAL  : sendAmbientEvent: done: enable = 0
11-02 20:00:23.482686  1686  1823 D SidekickService:    ... endDisplay returns void
11-02 20:00:23.483155   545   545 D SurfaceFlinger: Set power mode=2, type=0 flinger=0xb6bb6000
11-02 20:00:23.483405   504   761 I SDM     : DisplayBase::SetDisplayState: Set state = 1, display 0
11-02 20:00:23.484483   512  7074 I sensors-hal: handle_indication_realtime:355,  SCHED_FIFO(10) for qmi_cbk
--------- switch to kernel
11-02 20:00:23.444288     0     0 I         : [touch]FB_BLANK_VSYNC_SUSPEND
11-02 20:00:23.444292     0     0 I         : [touch]Already in suspend state
--------- switch to main
11-02 20:00:23.495611   545   545 D SurfaceFlinger: Finished set power mode=2, type=0
--------- switch to system
11-02 20:00:23.498043  1686  1712 W PowerManagerService: Screen on took 305 ms
11-02 20:00:23.498284  1686  1712 I DreamManagerService: Gently waking up from dream.
11-02 20:00:23.498678  1686  1708 I DreamManagerService: Performing gentle wake from dream.
--------- switch to kernel
11-02 20:00:23.455733     0     0 I mdss_dsi_panel_set_idle_mode: Idle (1->0)
11-02 20:00:23.459892     0     0 E mdp3_enable_panic_ctrl: mdp3_enable_panic_ctrl: Enable Panic Control
11-02 20:00:23.459962     0     0 I         : [touch]FB_BLANK_UNBLANK
11-02 20:00:23.459967     0     0 I         : [touch]raydium_ts_do_resume, 1.
11-02 20:00:23.460262     0     0 I         : [ raydium ]workqueue is empty!
11-02 20:00:23.460274     0     0 I raydium_ts 5-0039: [touch]Already enable irq
11-02 20:00:23.460276     0     0 I         : [touch]Device may wakeup
--------- switch to system
11-02 20:00:23.510547  1686  1686 V DreamService[AmbientDream]: wakeUp(): fromSystem=true, mWaking=false, mFinished=false
11-02 20:00:23.510687  1686  1686 V DreamService[AmbientDream]: finish(): mFinished=false
11-02 20:00:23.510763  1686  1686 I DreamManagerService: Leaving dreamland.
11-02 20:00:23.512642  1686  1708 I DreamManagerService: Performing gentle wake from dream.
11-02 20:00:23.512842  1686  1708 I DreamController: Stopping dream: name=ComponentInfo{com.google.android.wearable.ambient/com.google.android.wearable.ambient.AmbientDream}, isTest=false, canDoze=true, userId=0
--------- switch to main
11-02 20:00:23.515132  1686  1686 W AlarmManager: Unrecognized alarm listener com.android.server.job.controllers.-$$Lambda$IdleController$IdlenessTracker$nTdS-lGBXcES5VWKcJFmQFgU7IU@1ab437a
--------- switch to system
11-02 20:00:23.518038  1686  1686 V DreamService[AmbientDream]: detach(): Calling onDreamingStopped()
--------- switch to main
11-02 20:00:23.518151  1686  1686 I AmbientService: [ce6a28c] doOnDreamingStopped
11-02 20:00:23.518231  1686  1686 D WristGestureCtrl: Starting: GesturesEnabled-false UngazeEnabled-true
11-02 20:00:23.518281  1686  1686 D DefaultUngazeDetector: starting
11-02 20:00:23.518374  1686  1686 D DefaultUngazeDetector: startUngazeStateEstimation(). startTime = 11102948
11-02 20:00:23.518526  1686  1686 W AlarmManagerProxy: Removing unknown listener
11-02 20:00:23.519874  1686  1686 I AmbientService: [ce6a28c] No auto-resume Activity.
11-02 20:00:23.522105   512  1749 I sensors-hal: batch:140, android.sensor.accelerometer/48, period=19231000, max_latency=100000000
11-02 20:00:23.523200   512  7076 I sensors-hal: handle_indication_realtime:355,  SCHED_FIFO(10) for qmi_cbk
11-02 20:00:23.524008  2520  2520 D HOME    : [HomeVisitsLogger]Logging streamlet event: visit_start
11-02 20:00:23.524238  2520  2520 D HOME    : [HomeVisitsLogger]Logging streamlet event: exit_ambient_mode
11-02 20:00:23.524548  1686  1686 I WearPower: [WearTouchMediator] changing touch input to enabled (ON_AUTO)
11-02 20:00:23.524572  2520  2520 D HOME    : [HotwordController]updateClient MODE_WATCH_FACE false false false true
11-02 20:00:23.525298  2520  2520 D HOME    : [WatchFaceUiController]setInAmbientMode false
11-02 20:00:23.525379  2520  2520 D HOME    : [WatchFaceUiController]sendWatchFaceServiceBinder
11-02 20:00:23.525735  1686  1759 I InputReader: Reconfiguring input devices.  changes=0x00000200
11-02 20:00:23.526103   512  1749 I sensors-hal: batch:149, android.sensor.accelerometer/48, period=19231000, max_latency=100000000 request completed
11-02 20:00:23.526960   512  1749 I sensors-hal: flush:169, android.sensor.accelerometer/48
11-02 20:00:23.529912  2520  2520 D HOME    : [WatchFaceUiController]sendStateToWallpaper
11-02 20:00:23.530435   512  1749 I sensors-hal: flush:175, android.sensor.accelerometer/48 completed
11-02 20:00:23.531599  2520  2520 D HOME    : [WatchFaceUiController]Showing watch face wallpaper.
11-02 20:00:23.531757  2520  2520 D HOME    : [WatchFaceUiController]sendStateToWallpaper
--------- switch to system
11-02 20:00:23.533494  1686  1686 W ContextImpl: Calling a method in the system process without a qualified user: android.app.ContextImpl.sendBroadcast:1020 android.content.ContextWrapper.sendBroadcast:449 com.google.android.wearable.ambient.AmbientDream.onDestroy:273 android.app.ActivityThread.handleStopService:3698 android.app.ActivityThread.access$1700:200 
--------- switch to main
11-02 20:00:23.534062  1686  1686 E AlarmManager: cancel() called with a null PendingIntent
--------- switch to system
11-02 20:00:23.535632  1686  1686 V DreamService[AmbientDream]: onDestroy()
--------- switch to kernel
11-02 20:00:23.505922     0     0 I init    : processing action (ro.enable_core_ctl=true && sys.cw_corectl_mode=perf) from (/vendor/etc/init/hw/init.qcom.rc:954)
11-02 20:00:23.512849    20    20 E         : [20:00:23.547583] [00000031AB6537B2] [VosRX]  wlan: [E :WDI] WDTS_RxPacketDump RX Data frame is UC
11-02 20:00:23.512881    20    20 E         : [20:00:23.547630] [00000031AB653B11] [VosRX]  wlan: [E :WDI] WDTS_RxPacketDump: Management subtype:5 SA:b6:11:b9:83:77:1e DA:00:0a:f5:f2:a2:70
11-02 20:00:23.514140     0     0 I CPU2    : update cpu_capacity 1024
--------- switch to main
11-02 20:00:23.545281  2520  2520 D HOME    : [StreamDBQueue]Promised revision #1272 to queue a new op
11-02 20:00:23.545582  2520  2520 D WatchStreamManager: Promised rank-blocked=true @ r#1272
11-02 20:00:23.546007  2520  2520 D HOME    : [StreamDBQueue]Promised revision #1273 to queue a new op
11-02 20:00:23.546199  2520  2520 D WatchStreamManager: Promised rank-blocked=true @ r#1273
11-02 20:00:23.546624  2520  2520 D HOME    : [TilesController]Tile refresh optimization is enabled.
11-02 20:00:23.546935  2520  2520 D HOME    : [EventBus]Wrapper pool is full. Discarding excess wrapper instance for event com.google.android.clockwork.sysui.events.KeyguardStateEvent
11-02 20:00:23.547017  2520  2520 D HOME    : [WatchFaceUiController]sendStateToWallpaper
11-02 20:00:23.547365  2520  6840 D HOME    : [WatchStreamDB]Item alerting conditions - isInterruptive: true, recentlyInterrupted: false, isItemPinned: true, isUnread: false
11-02 20:00:23.551387  2520  2520 D HOME    : [EventBus]Wrapper pool is full. Discarding excess wrapper instance for event com.google.android.clockwork.sysui.events.KeyguardStateEvent
11-02 20:00:23.551654  2520  2520 D HOME    : [EventBus]Wrapper pool is full. Discarding excess wrapper instance for event com.google.android.clockwork.sysui.events.KeyguardStateEvent
11-02 20:00:23.553921  1686  1686 W AlarmManagerProxy: Removing unknown listener
11-02 20:00:23.555767  1686  1686 W DefaultSettingsContentR: Value for ambient_low_bit_enabled not stored as number. Attempting parse as boolean.
11-02 20:00:23.558902  2520  2520 D HOME    : [WatchFaceUiController]sendStateToWallpaper
11-02 20:00:23.561534  2520  6840 D HOME    : [StreamAlertingRegulator]isTheaterModeEnabled: false, isAlertingAllowedByOffBody: true, matchesLocalInterruptionFilter: true
11-02 20:00:23.561821  2520  6840 D HOME    : [WatchStreamDB]couldItemAlert: false, isTopItemChanged: false, isDeferralForTopItem: false
11-02 20:00:23.562374  2520  2520 W StaticLayout: maxLineHeight should not be -1.  maxLines:1 lineCount:1
11-02 20:00:23.562783  2520  6840 D HOME    : [WatchStreamDB]Item alerting conditions - isInterruptive: true, recentlyInterrupted: false, isItemPinned: true, isUnread: false
11-02 20:00:23.574945  2520  6840 D HOME    : [StreamAlertingRegulator]isTheaterModeEnabled: false, isAlertingAllowedByOffBody: true, matchesLocalInterruptionFilter: true
