11-03 12:12:58.841840  2520  2520 D HOME    : [EventBus]Wrapper pool is full. Discarding excess wrapper instance for event com.google.android.clockwork.sysui.events.KeyguardStateEvent
11-03 12:12:58.842075  2520  2520 D HOME    : [EventBus]Wrapper pool is full. Discarding excess wrapper instance for event com.google.android.clockwork.sysui.events.KeyguardStateEvent
11-03 12:12:58.842181  2520 12958 D HOME    : [WatchStreamDB]Item alerting conditions - isInterruptive: true, recentlyInterrupted: false, isItemPinned: false, isUnread: false
11-03 12:12:58.845583  2520  2520 D HOME    : [WatchFaceUiController]sendStateToWallpaper
11-03 12:12:58.848105  1686  1686 I AmbientService: [ce6a28c] No auto-resume Activity.
--------- switch to system
11-03 12:12:58.849551  1686  1686 W ContextImpl: Calling a method in the system process without a qualified user: android.app.ContextImpl.sendBroadcast:1020 android.content.ContextWrapper.sendBroadcast:449 com.google.android.wearable.ambient.AmbientDream.onDestroy:273 android.app.ActivityThread.handleStopService:3698 android.app.ActivityThread.access$1700:200 
--------- switch to main
11-03 12:12:58.849926  1686  1686 E AlarmManager: cancel() called with a null PendingIntent
--------- switch to system
11-03 12:12:58.850194  1686  1686 V DreamService[AmbientDream]: onDestroy()
--------- switch to main
11-03 12:12:58.850534  2520  2520 W StaticLayout: maxLineHeight should not be -1.  maxLines:1 lineCount:1
11-03 12:12:58.851011  1686  1686 W AlarmManager: Unrecognized alarm listener com.android.server.job.controllers.-$$Lambda$IdleController$IdlenessTracker$nTdS-lGBXcES5VWKcJFmQFgU7IU@1ab437a
11-03 12:12:58.861354  1686  1686 I WearPower: [WearTouchMediator] changing touch input to enabled (ON_AUTO)
11-03 12:12:58.862059  2520 12958 D HOME    : [StreamAlertingRegulator]isTheaterModeEnabled: false, isAlertingAllowedByOffBody: true, matchesLocalInterruptionFilter: true
11-03 12:12:58.862354  2520 12958 D HOME    : [WatchStreamDB]couldItemAlert: false, isTopItemChanged: false, isDeferralForTopItem: false
11-03 12:12:58.862466  1686  1759 I InputReader: Reconfiguring input devices.  changes=0x00000200
11-03 12:12:58.863171  2520 12958 D HOME    : [WatchStreamDB]Item alerting conditions - isInterruptive: true, recentlyInterrupted: false, isItemPinned: false, isUnread: false
11-03 12:12:58.863436  2520 12958 D HOME    : [StreamAlertingRegulator]isTheaterModeEnabled: false, isAlertingAllowedByOffBody: true, matchesLocalInterruptionFilter: true
11-03 12:12:58.866411  2520 12958 D HOME    : [WatchStreamDB]couldItemAlert: false, isTopItemChanged: false, isDeferralForTopItem: false
11-03 12:12:58.885446  1686  1686 W AlarmManagerProxy: Removing unknown listener
--------- switch to kernel
11-03 12:12:58.725465     0     0 I init    : processing action (ro.enable_core_ctl=true && sys.cw_corectl_mode=perf) from (/vendor/etc/init/hw/init.qcom.rc:954)
11-03 12:12:58.726749     0     0 I CPU2    : update cpu_capacity 1024
11-03 12:12:58.727787     0     0 W         : IRQ21 no longer affine to CPU2
11-03 12:12:58.728435     0     0 I CPU2    : shutdown
11-03 12:12:58.739518     0     0 I CPU3    : update cpu_capacity 1024
11-03 12:12:58.740515     0     0 W         : IRQ21 no longer affine to CPU3
11-03 12:12:58.741164     0     0 I CPU3    : shutdown
--------- switch to main
11-03 12:12:58.903435  2520  2520 D HOME    : [WatchFaceUiController]sendWatchFaceServiceBinder
11-03 12:12:58.907865  2520  2520 D HOME    : [WatchFaceUiController]sendProperties
11-03 12:12:58.918353  1686  1686 W DefaultSettingsContentR: Value for ambient_low_bit_enabled not stored as number. Attempting parse as boolean.
11-03 12:12:58.920319  2520  2520 D HOME    : [WatchFaceUiController]sendStateToWallpaper
11-03 12:12:58.937328  3205  3434 W WorkController: Loading failed for worker [trainingcache]: worker not found
11-03 12:12:58.940736  3205  3372 W A       : TrainingCache cache SCREEN_ON failure
11-03 12:12:58.940736  3205  3372 W A       : com.google.android.apps.gsa.search.core.service.h.a.a: No worker found for Worker ID [trainingcache].
11-03 12:12:58.940736  3205  3372 W A       : 	at com.google.android.apps.gsa.search.core.service.g.a.c.a(Unknown Source:5)
11-03 12:12:58.940736  3205  3372 W A       : 	at com.google.android.libraries.gsa.c.a.d.a(Unknown Source:3)
11-03 12:12:58.940736  3205  3372 W A       : 	at com.google.common.p.a.cg.c(Unknown Source:2)
11-03 12:12:58.940736  3205  3372 W A       : 	at com.google.common.p.a.bk.run(SourceFile:3)
11-03 12:12:58.940736  3205  3372 W A       : 	at com.google.common.p.a.ci.run(Unknown Source:4)
11-03 12:12:58.940736  3205  3372 W A       : 	at com.google.apps.tiktok.concurrent.ab.run(SourceFile:1)
11-03 12:12:58.940736  3205  3372 W A       : 	at java.util.concurrent.ThreadPoolExecutor.runWorker(ThreadPoolExecutor.java:1167)
11-03 12:12:58.940736  3205  3372 W A       : 	at java.util.concurrent.ThreadPoolExecutor$Worker.run(ThreadPoolExecutor.java:641)
11-03 12:12:58.940736  3205  3372 W A       : 	at com.google.apps.tiktok.concurrent.c.run(Unknown Source:4)
11-03 12:12:58.940736  3205  3372 W A       : 	at java.lang.Thread.run(Thread.java:764)
11-03 12:12:58.967033  2520  2520 D HOME    : [StreamDBQueue]Promised revision #5259 to queue a new op
11-03 12:12:58.967282  2520  2520 D WatchStreamManager: Promised rank-blocked=true @ r#5259
11-03 12:12:58.968007  2520 13693 D HOME    : [WatchStreamDB]Item alerting conditions - isInterruptive: true, recentlyInterrupted: false, isItemPinned: false, isUnread: false
11-03 12:12:58.968263  2520 13693 D HOME    : [StreamAlertingRegulator]isTheaterModeEnabled: false, isAlertingAllowedByOffBody: true, matchesLocalInterruptionFilter: true
11-03 12:12:58.968421  2520 13693 D HOME    : [WatchStreamDB]couldItemAlert: false, isTopItemChanged: false, isDeferralForTopItem: false
11-03 12:12:58.981382  2520  2714 D HOME    : [TickMonitor]Received time tick
11-03 12:12:58.982112  2520  2714 D HOME    : [TickMonitor]handleTimeTick() finished
11-03 12:12:59.232524   512  1749 I sensors-hal: activate:107, android.sensor.light/46 en=0
11-03 12:12:59.233685   512  1749 I sensors-hal: activate:118, android.sensor.light/46 en=0 completed
11-03 12:12:59.237819   512  1749 I sensors-hal: batch:140, android.sensor.light/46, period=250000000, max_latency=0
11-03 12:12:59.237930   512  1749 I sensors-hal: batch:149, android.sensor.light/46, period=250000000, max_latency=0 request completed
11-03 12:12:59.238415   512  1749 I sensors-hal: activate:107, android.sensor.light/46 en=1
11-03 12:12:59.238757   512  1749 I sensors-hal: ssc_enable_rt_task:254, ssc_enable_rt_task : true
11-03 12:12:59.240804   512  1749 I sensors-hal: activate:118, android.sensor.light/46 en=1 completed
--------- switch to system
11-03 12:12:59.254655  1686  1686 V SettingsProvider: Notifying for 0: content://settings/system/screen_brightness
--------- switch to main
11-03 12:12:59.255260  1686  1686 I SidekickService: loadBrightnessLocked()
11-03 12:12:59.256146  1686  1686 D SidekickService: screenBrightness  = 53
11-03 12:12:59.257519  1686  1686 D SidekickService: sendConfigValuesLocked(): alsThresholds = [40, 92, 95, 100, 125, 150, 175, 200, 225, 250, 300, 400, 500, 800, 1200], brightnessValuesBright = [50, 56, 60, 70, 80, 90, 100, 115, 120, 140, 160, 180, 200, 220, 240, 255], brightnessValuesDim= [50, 56, 60, 70, 80, 90, 100, 115, 120, 140, 160, 180, 200, 220, 240, 255]
11-03 12:12:59.264088  1686  1686 D SidekickService: setAlsMode(): mode = 2, brightenAlpha = 80, dimmingAlpha = 80
11-03 12:12:59.277077  1686  1686 D SidekickService: setTwmConfig():: msTiltToBright = 10000, tiltToBright = false
11-03 12:12:59.332823   512 14176 I sensors-hal: handle_indication_realtime:355,  SCHED_FIFO(10) for qmi_cbk
11-03 12:13:00.142376   512   512 I sensors-hal: batch:140, android.sensor.accelerometer/48, period=66667000, max_latency=100000000
11-03 12:13:00.145197   512   512 I sensors-hal: batch:149, android.sensor.accelerometer/48, period=66667000, max_latency=100000000 request completed
11-03 12:13:00.146059  1686  1686 D DefaultUngazeDetector: Ungaze event occurred; emitting gesture event!
11-03 12:13:00.146183  1686  1686 D WristGestureCtrl: Gesture:GESTURE UNGAZE, timestamp(ms): 69458231, confidence: 0.0, latency(ms): 0, duration(ms): 1345
11-03 12:13:00.147625   512   512 I sensors-hal: batch:140, android.sensor.accelerometer/48, period=19231000, max_latency=100000000
11-03 12:13:00.149469   512   512 I sensors-hal: batch:149, android.sensor.accelerometer/48, period=19231000, max_latency=100000000 request completed
11-03 12:13:00.149874   512   512 I sensors-hal: flush:169, android.sensor.accelerometer/48
--------- switch to system
11-03 12:13:00.150206  1686  1686 I WindowManager: sleepRelease() calling goToSleep(GO_TO_SLEEP_REASON_SLEEP_BUTTON)
11-03 12:13:00.150442  1686  1686 I PowerManagerService: Going to sleep due to sleep button (uid 1000)...
--------- switch to main
11-03 12:13:00.151041   512   512 I sensors-hal: flush:175, android.sensor.accelerometer/48 completed
--------- switch to system
11-03 12:13:00.151741  1686  1686 W UsageStatsService: Event reported without a package name
11-03 12:13:00.154391  1686  1712 I DreamManagerService: Entering dreamland.
11-03 12:13:00.158166  1686  1712 I PowerManagerService: Dozing...
11-03 12:13:00.182244  1686  1708 I DreamController: Starting dream: name=ComponentInfo{com.google.android.wearable.ambient/com.google.android.wearable.ambient.AmbientDream}, isTest=false, canDoze=true, userId=0
11-03 12:13:00.197024  1686  1686 W ContextImpl: Calling a method in the system process without a qualified user: android.app.ContextImpl.bindService:1611 android.content.ContextWrapper.bindService:698 com.google.android.wearable.ambient.AmbientDream.onCreate:191 android.app.ActivityThread.handleCreateService:3533 android.app.ActivityThread.access$1300:200 
11-03 12:13:00.210644  1686  1686 W ContextImpl: Calling a method in the system process without a qualified user: android.app.ContextImpl.sendBroadcast:1005 android.content.ContextWrapper.sendBroadcast:444 com.google.android.wearable.ambient.AmbientDream.onCreate:241 android.app.ActivityThread.handleCreateService:3533 android.app.ActivityThread.access$1300:200 
11-03 12:13:00.213031  1686  1686 V DreamService[AmbientDream]: onBind() intent = Intent { act=android.service.dreams.DreamService flg=0x800000 cmp=com.google.android.wearable.ambient/.AmbientDream }
--------- switch to main
11-03 12:13:00.213715  1686  1686 I AmbientService: [ce6a28c] Ambient Created
--------- switch to system
11-03 12:13:00.227863  1686  1686 V DreamService[AmbientDream]: Calling onDreamingStarted()
--------- switch to main
11-03 12:13:00.228034  1686  1686 I AmbientService: [ce6a28c] doOnDreamingStarted
11-03 12:13:00.228634  1686  1686 D SidekickService: setShouldControlDisplay called: true
11-03 12:13:00.229738  1686  1686 I AmbientService: [ce6a28c] Selected running activity for ambient mode: AmbientActivity[component=ComponentInfo{com.google.android.wearable.app/com.google.android.clockwork.home2.activity.HomeActivity2}, callbacks=@210b385, running=true, ambientRequested=true, ambientEnabled=true, offloadEnabled=true]
11-03 12:13:00.230270  1686  1686 I AmbientService: [ce6a28c] Sidekick is ready to display, requesting doze.
11-03 12:13:00.230795  1686  1686 I AmbientService: [ce6a28c] No auto-resume Activity.
11-03 12:13:00.233791  2520  2520 D HOME    : [HomeVisitsLogger]Logging streamlet event: enter_ambient_mode
11-03 12:13:00.234285  1686  1686 W DefaultSettingsContentR: Value for ambient_low_bit_enabled not stored as number. Attempting parse as boolean.
11-03 12:13:00.234336  2520  2520 D HOME    : [HotwordController]updateClient MODE_WATCH_FACE false true false true
11-03 12:13:00.237738  1686  1686 I AmbientService: [ce6a28c] Showing watch face in offload mode, canceling alarm.
11-03 12:13:00.237812  1686  1686 W AlarmManagerProxy: Removing unknown listener
11-03 12:13:00.237891  1686  1686 D WristGestureCtrl: Stopping detectors: GesturesEnabled-false gestureDetector-false ungazeEnabled-true ungaze-true
11-03 12:13:00.237922  1686  1686 D DefaultUngazeDetector: stopping
11-03 12:13:00.240761   512   512 I sensors-hal: batch:140, android.sensor.accelerometer/48, period=66667000, max_latency=100000000
11-03 12:13:00.251675  2520 13838 D HOME    : [HomeVisitsLogger]Logging streamlet event: visit_end
11-03 12:13:00.271327   512   512 I sensors-hal: batch:149, android.sensor.accelerometer/48, period=66667000, max_latency=100000000 request completed
11-03 12:13:00.273358  2520  2520 D HOME    : [WatchFaceUiController]setInAmbientMode true
11-03 12:13:00.276806  2520  2520 D HOME    : [StreamDBQueue]Promised revision #5260 to queue a new op
11-03 12:13:00.277092  2520  2520 D WatchStreamManager: Promised rank-blocked=false @ r#5260
11-03 12:13:00.277551  2520  2520 D HOME    : [StreamDBQueue]Promised revision #5261 to queue a new op
11-03 12:13:00.277680  2520  2520 D WatchStreamManager: Promised rank-blocked=false @ r#5261
11-03 12:13:00.278545  2520  2520 D HOME    : [EventBus]Wrapper pool is full. Discarding excess wrapper instance for event com.google.android.clockwork.sysui.events.KeyguardStateEvent
11-03 12:13:00.278671  2520  2520 D HOME    : [WatchFaceUiController]sendStateToWallpaper
11-03 12:13:00.280414  2520  2520 D HOME    : [EventBus]Wrapper pool is full. Discarding excess wrapper instance for event com.google.android.clockwork.sysui.events.KeyguardStateEvent
11-03 12:13:00.280680  2520  2520 D HOME    : [EventBus]Wrapper pool is full. Discarding excess wrapper instance for event com.google.android.clockwork.sysui.events.KeyguardStateEvent
11-03 12:13:00.281834  2520 13839 D HOME    : [StreamDBQueue]Promised revision #5262 to queue a new op
11-03 12:13:00.282779  2520 13839 D WatchStreamManager: Promised rerank @ r#5262
11-03 12:13:00.285649  2520  2520 W StaticLayout: maxLineHeight should not be -1.  maxLines:1 lineCount:1
11-03 12:13:00.289828  2520 13838 I SidekickManager: replaceWatchFaceComponentsImpl(): watchFace = com.google.android.clockwork.decomposablewatchface.WatchFaceDecomposition@ec94372
11-03 12:13:00.290619  1686  1741 D SidekickService: sendWatchFaceComponents called: watchFace = com.google.android.clockwork.decomposablewatchface.WatchFaceDecomposition@f8f7a1ashouldReplace = false
11-03 12:13:00.290807  1686  1741 D SidekickService: Check decomposition for calling app com.google.android.wearable.app with uid 10049
11-03 12:13:00.291220  1686  1741 D SidekickService: sendWatchFaceLocked(): shouldReplace = false, mSidekickIsControlling = false, 1 images, 0 fonts, 0 numbers, 0 proportionalFonts, 0 strings
11-03 12:13:00.291274  1686  1741 D SidekickService: ISidekickGraphics#beginResources()...
11-03 12:13:00.292615  1686  1741 D SidekickServiceUtils: bitmapFromDrawable: Returning bitmap directly
11-03 12:13:00.294228  1686  1741 D SidekickService: sendBitmapsLocked(): bounds = RectF(0.47115386, 0.33653846, 0.52884614, 0.39423078), drawableInfo = {.id = 100000, .width = 24, .height = 24, .display = true, .offsetX = 193.0, .offsetY = 137.0, .rotationInfo = {.hasRotation = false, .pivotX = 0.0, .pivotY = 0.0, .degreesPerDay = 0.0, .degreesPerStep = 0.0, .zeroDegreesTime = {.daysSinceLocalEpoch = 0, .msSinceMidnight = 0}}, .transformInfo = {.transformed = false, .flipX = false, .flipY = false, .flip45 = false, .scaleX = 0.0, .scaleY = 0.0}, .type = GENERIC, .blink = {.blinking = false, .periodOnMs = 0.0, .periodOffMs = 0.0, .startTime = {.daysSinceLocalEpoch = 0, .msSinceMidnight = 0}}, .zOrder = 8, .displayInTwm = true}, image.size() = 97
--------- switch to kernel
11-03 12:13:00.163960     0     0 E FG      : fg_psy_get_property: unsupported property 7
11-03 12:13:00.165742     0     0 W healthd : battery l=6 v=3698 t=23.0 h=2 st=3 c=5 fc=443000 cc=0 chg=
--------- switch to main
11-03 12:13:00.281413  2520 13693 D HOME    : [WatchStreamDB]Item alerting conditions - isInterruptive: true, recentlyInterrupted: false, isItemPinned: false, isUnread: false
11-03 12:13:00.306986  2520 13693 D HOME    : [StreamAlertingRegulator]isTheaterModeEnabled: false, isAlertingAllowedByOffBody: true, matchesLocalInterruptionFilter: true
11-03 12:13:00.307228  2520 13693 D HOME    : [WatchStreamDB]couldItemAlert: false, isTopItemChanged: false, isDeferralForTopItem: false
11-03 12:13:00.311687  1956  1956 D QtiCarrierConfigHelper: WARNING, no carrier configs on phone Id: 0
11-03 12:13:00.312763   416  1715 D SKGHAL  : saveResource: resId = 100000
11-03 12:13:00.315850   512   512 I sensors-hal: activate:107, android.sensor.light/46 en=0
11-03 12:13:00.316651   512   512 I sensors-hal: activate:118, android.sensor.light/46 en=0 completed
11-03 12:13:00.317379  1686  1741 D SidekickService: sendBitmapsLocked(): status = 0, bytesUsed = 64
11-03 12:13:00.317573  1686  1741 D SidekickService: ISidekickGraphics#endResources()...
11-03 12:13:00.329243  2520  2520 D HOME    : [BatteryChange]action: android.intent.action.BATTERY_CHANGED
--------- switch to system
11-03 12:13:00.329679  1686  1710 I DisplayManagerService: Display device changed state: "Écran intégré", DOZE_SUSPEND
--------- switch to main
11-03 12:13:00.336874   545   545 D SurfaceFlinger: Set power mode=3, type=0 flinger=0xb6bb6000
11-03 12:13:00.337347   504   762 I SDM     : DisplayBase::SetDisplayState: Set state = 3, display 0
11-03 12:13:00.361307  2520 12958 D HOME    : [BatteryChange]HandleBatteryChangedTask
11-03 12:13:00.361922  1686  1759 I InputReader: Reconfiguring input devices.  changes=0x00000004
11-03 12:13:00.361969  2520 12958 D HOME    : [BatteryChange]level: 6, status: 3
11-03 12:13:00.362531  2520 12958 D HOME    : [BatteryChange]updateStreamItem
11-03 12:13:00.327682  2520 13693 D HOME    : [WatchStreamDB]Item alerting conditions - isInterruptive: true, recentlyInterrupted: false, isItemPinned: false, isUnread: false
11-03 12:13:00.375724  2520 13693 D HOME    : [StreamAlertingRegulator]isTheaterModeEnabled: false, isAlertingAllowedByOffBody: true, matchesLocalInterruptionFilter: true
11-03 12:13:00.375962  2520 13693 D HOME    : [WatchStreamDB]couldItemAlert: false, isTopItemChanged: false, isDeferralForTopItem: false
11-03 12:13:00.376400  2520 13693 D HOME    : [WatchStreamDB]updateRanking()
11-03 12:13:00.376910  2520 13693 D HOME    : [WatchStreamDB]Item alerting conditions - isInterruptive: true, recentlyInterrupted: false, isItemPinned: false, isUnread: false
11-03 12:13:00.377197  2520 13693 D HOME    : [StreamAlertingRegulator]isTheaterModeEnabled: false, isAlertingAllowedByOffBody: true, matchesLocalInterruptionFilter: true
11-03 12:13:00.377413  2520 13693 D HOME    : [WatchStreamDB]couldItemAlert: false, isTopItemChanged: false, isDeferralForTopItem: false
11-03 12:13:00.377943  2520 13693 D HOME    : [NewStreamAdapter]Publishing revision #5262 to adapter clients
11-03 12:13:00.378444  2520 13839 D HOME    : [StreamDBQueue]Promised revision #5263 to queue a new op
11-03 12:13:00.378644  2520 13839 D WatchStreamManager: Promised rerank @ r#5263
11-03 12:13:00.379968  2520 13693 D HOME    : [WatchStreamDB]updateRanking()
11-03 12:13:00.380515  2520 13693 D HOME    : [WatchStreamDB]Item alerting conditions - isInterruptive: true, recentlyInterrupted: false, isItemPinned: false, isUnread: false
11-03 12:13:00.380771  2520 13693 D HOME    : [StreamAlertingRegulator]isTheaterModeEnabled: false, isAlertingAllowedByOffBody: true, matchesLocalInterruptionFilter: true
11-03 12:13:00.380972  2520 13693 D HOME    : [WatchStreamDB]couldItemAlert: false, isTopItemChanged: false, isDeferralForTopItem: false
11-03 12:13:00.381939  2520 13693 D HOME    : [NewStreamAdapter]Publishing revision #5263 to adapter clients
11-03 12:13:00.384259  2520 12958 D HOME    : [BatteryChange]batteryHistory size: 20'
11-03 12:13:00.384500  2520 12958 D HOME    : [BatteryChange]timeDelta: 15219944
11-03 12:13:00.384636  2520 12958 D HOME    : [BatteryChange]levelDelta: 21
11-03 12:13:00.395995   545   545 D SurfaceFlinger: Finished set power mode=3, type=0
--------- switch to kernel
11-03 12:13:00.203321     0     0 I mdss_dsi_panel_set_idle_mode: Idle (0->1)
11-03 12:13:00.253615     0     0 I         : [touch]FB_BLANK_VSYNC_SUSPEND
11-03 12:13:00.253621     0     0 I         : [touch]irq disable
11-03 12:13:00.253624     0     0 I         : [touch]workqueue is empty!
11-03 12:13:00.253627     0     0 I         : [touch]raydium_ts_do_suspend.
11-03 12:13:00.253636     0     0 I         : [touch]Device may wakeup
11-03 12:13:00.255883     0     0 I         : [touch]irq enable
--------- switch to main
11-03 12:13:00.550467   416  1715 D SKGHAL  : sendResources: metadata size = 2400, font size = 72
11-03 12:13:00.610797   416  1715 D SKGHAL  : endResources: rc = 0
11-03 12:13:00.612530  1686  1823 I SidekickService: beginDisplayLocked(): DOZE_SUSPEND
11-03 12:13:00.613688   416  1715 D SKGHAL  : sendAmbientPrepare: enter:
11-03 12:13:00.614701  2520  2520 D HOME    : [SidekickManagerAsync]replaceWatchFaceComponents(): Callback#onResult(): 0
11-03 12:13:00.615089  2520  2520 D HOME    : [WatchFaceUiController]Complication updates sent, posting watch face hiding
11-03 12:13:00.615192  2520  2520 D HOME    : [WatchFaceUiController]Still in ambient watch face, hiding
11-03 12:13:00.615263  2520  2520 D HOME    : [WatchFaceUiController]Hiding watch face wallpaper.
11-03 12:13:00.734910   416  1715 D SKGHAL  : sendAmbientEvent: enter: enable = 1
11-03 12:13:00.736027   504   523 I SDM     : DisplayBase::SetDisplayState: Set state = 4, display 0
11-03 12:13:00.787754   504   523 D SDM     : HWCDisplayPrimary::SetStandByMode: Null display is connected successfully
11-03 12:13:00.788144   416  1715 D SKGHAL  : standBy_update_control call succeed on 1
11-03 12:13:00.799081   416  1715 D SKGHAL  : sendAmbientEvent: done: enable = 1
11-03 12:13:00.799761  1686  1823 D SidekickService:    ... beginDisplay result: 0 for halPower: 1
11-03 12:13:00.803429   512   512 I sensors-hal: activate:107, android.sensor.accelerometer/48 en=0
11-03 12:13:00.804599   512   512 I sensors-hal: activate:118, android.sensor.accelerometer/48 en=0 completed
11-03 12:13:00.815192  1686  1799 E WifiStateMachine: getWifiLinkLayerStats called without an interface
--------- switch to kernel
11-03 12:13:00.686363     0     0 E bgrsb   : bgrsb_enable: gpio 32 is valid
--------- switch to main
11-03 12:13:00.853256  1686  1686 I WearPower: [WearTouchMediator] changing touch input to enabled (ON_AUTO)
11-03 12:13:00.854618  1686  1759 I InputReader: Reconfiguring input devices.  changes=0x00000200
--------- switch to kernel
11-03 12:13:00.717057     0     0 I init    : processing action (ro.enable_core_ctl=true && sys.cw_corectl_mode=idle) from (/vendor/etc/init/hw/init.qcom.rc:949)
--------- switch to main
11-03 12:13:00.864230  1686  1686 I AmbientService: [ce6a28c] Timeout alarm not required, auto-resume timeout handled by dream.
11-03 12:13:00.875249  3205  3434 W WorkController: Loading failed for worker [trainingcache]: worker not found
11-03 12:13:00.876537  3205  3294 W A       : TrainingCache cache SCREEN_OFF failure
11-03 12:13:00.876537  3205  3294 W A       : com.google.android.apps.gsa.search.core.service.h.a.a: No worker found for Worker ID [trainingcache].
11-03 12:13:00.876537  3205  3294 W A       : 	at com.google.android.apps.gsa.search.core.service.g.a.c.a(Unknown Source:5)
11-03 12:13:00.876537  3205  3294 W A       : 	at com.google.android.libraries.gsa.c.a.d.a(Unknown Source:3)
11-03 12:13:00.876537  3205  3294 W A       : 	at com.google.common.p.a.cg.c(Unknown Source:2)
11-03 12:13:00.876537  3205  3294 W A       : 	at com.google.common.p.a.bk.run(SourceFile:3)
11-03 12:13:00.876537  3205  3294 W A       : 	at com.google.common.p.a.ci.run(Unknown Source:4)
11-03 12:13:00.876537  3205  3294 W A       : 	at com.google.apps.tiktok.concurrent.ab.run(SourceFile:1)
11-03 12:13:00.876537  3205  3294 W A       : 	at java.util.concurrent.ThreadPoolExecutor.runWorker(ThreadPoolExecutor.java:1167)
11-03 12:13:00.876537  3205  3294 W A       : 	at java.util.concurrent.ThreadPoolExecutor$Worker.run(ThreadPoolExecutor.java:641)
11-03 12:13:00.876537  3205  3294 W A       : 	at com.google.apps.tiktok.concurrent.c.run(Unknown Source:4)
11-03 12:13:00.876537  3205  3294 W A       : 	at java.lang.Thread.run(Thread.java:764)
11-03 12:13:00.900101  2520  2520 D HOME    : [StreamDBQueue]Promised revision #5264 to queue a new op
11-03 12:13:00.900495  2520  2520 D WatchStreamManager: Promised rank-blocked=false @ r#5264
11-03 12:13:00.900813  2520  2520 D HOME    : [CompactHunStarter]detachWindow()
11-03 12:13:00.901104  2520 12958 D HOME    : [StreamDBQueue]Promised revision #5265 to queue a new op
11-03 12:13:00.901236  2520 12958 D WatchStreamManager: Promised rerank @ r#5265
11-03 12:13:00.902626  2520 13838 D HOME    : [WatchStreamDB]Item alerting conditions - isInterruptive: true, recentlyInterrupted: false, isItemPinned: false, isUnread: false
11-03 12:13:00.903105  2520 13838 D HOME    : [StreamAlertingRegulator]isTheaterModeEnabled: false, isAlertingAllowedByOffBody: true, matchesLocalInterruptionFilter: true
11-03 12:13:00.903938  2520 13838 D HOME    : [WatchStreamDB]couldItemAlert: false, isTopItemChanged: false, isDeferralForTopItem: false
11-03 12:13:00.922400  2520 13838 D HOME    : [WatchStreamDB]updateRanking()
11-03 12:13:00.932466  2520 13838 D HOME    : [WatchStreamDB]Item alerting conditions - isInterruptive: true, recentlyInterrupted: false, isItemPinned: false, isUnread: false
11-03 12:13:00.943547  2520 13838 D HOME    : [StreamAlertingRegulator]isTheaterModeEnabled: false, isAlertingAllowedByOffBody: true, matchesLocalInterruptionFilter: true
11-03 12:13:00.952662  2520 13838 D HOME    : [WatchStreamDB]couldItemAlert: false, isTopItemChanged: false, isDeferralForTopItem: false
11-03 12:13:00.957082  2520 13838 D HOME    : [NewStreamAdapter]Publishing revision #5265 to adapter clients
--------- switch to kernel
11-03 12:13:00.959009     0     0 I PM      : suspend entry 2021-11-03 11:13:00.959009674 UTC
11-03 12:13:00.959019     0     0 I PM      : Syncing filesystems ... done.
11-03 12:13:00.982426     0     0 I         : Freezing user space processes ... (elapsed 0.007 seconds) done.
11-03 12:13:00.990329     0     0 I         : Freezing remaining freezable tasks ... (elapsed 0.002 seconds) done.
11-03 12:13:00.993198     0     0 I         : Suspending console(s) (use no_console_suspend to debug)
11-03 12:13:01.004769     0     0 I mdss_dsi_panel_set_idle_mode: Idle (1->1)
11-03 12:13:01.045982     0     0 I bgcom   : bgcom_pm_suspend: suspended with : 0
11-03 12:13:01.068640     0     0 I PM      : suspend of devices complete after 73.908 msecs
11-03 12:13:01.071357     0     0 I PM      : late suspend of devices complete after 2.699 msecs
11-03 12:13:01.074562     0     0 I PM      : noirq suspend of devices complete after 3.189 msecs
11-03 12:13:01.074569     0     0 I         : Disabling non-boot CPUs ...
11-03 12:13:01.092159     0     0 W         : IRQ21 no longer affine to CPU1
11-03 12:13:01.093008     0     0 I CPU1    : shutdown
11-03 12:13:01.093911     0     0 I suspend ns: 4444022687112	suspend cycles:    1333793824825
11-03 12:13:01.093901     0     0 I CPU0    : msm_cpu_pm_enter_sleep mode:3 during suspend
11-03 12:13:01.093901     0     0 I         : Suspended for 102.899 seconds
11-03 12:13:01.093901     0     0 I resume cycles: 1335769492485
11-03 12:13:01.094107     0     0 I         : Enabling non-boot CPUs ...
11-03 12:13:01.094436     0     0 I CPU1    : update cpu_capacity 1024
11-03 12:13:01.095397     0     0 I         : CPU1 is up
11-03 12:13:01.096993     0     0 I PM      : noirq resume of devices complete after 1.413 msecs
11-03 12:13:01.099944     0     0 I PM      : early resume of devices complete after 1.794 msecs
11-03 12:13:01.101510     0     0 I CPU0    : update max cpu_capacity 748
11-03 12:13:01.101927     0     0 E FG      : fg_psy_get_property: unsupported property 7
11-03 12:13:01.122674     0     0 I bgcom   : bgcom_pm_resume: Bgcom resumed with : 0
11-03 12:13:01.132789     0     0 I mdss_dsi_panel_set_idle_mode: Idle (1->1)
11-03 12:13:01.164429     0     0 I PM      : resume of devices complete after 64.467 msecs
11-03 12:13:01.166276     0     0 I         : Restarting tasks ...
11-03 12:13:01.168388     0     0 W QSEECOM : qseecom_receive_req: Interrupted: exiting Listener Service = 8192
11-03 12:13:01.168453     0     0 W QSEECOM : qseecom_receive_req: Interrupted: exiting Listener Service = 12288
11-03 12:13:01.168491     0     0 W QSEECOM : qseecom_receive_req: Interrupted: exiting Listener Service = 11
--------- switch to main
11-03 12:14:44.106540   512  3991 I sensors-hal: submit_sensors_hal_event:107, (pedometer_wrist  Non-wakeup)dropping un-ordered ts samples _previous 69489520662959 and current ts 69489520662959
--------- switch to kernel
11-03 12:13:01.171722     0     0 W QSEECOM : qseecom_receive_req: Interrupted: exiting Listener Service = 10
11-03 12:13:01.171775     0     0 W QSEECOM : qseecom_receive_req: Interrupted: exiting Listener Service = 28672
11-03 12:13:01.173737     0     0 E FG      : fg_psy_get_property: unsupported property 7
11-03 12:13:01.175804     0     0 E FG      : fg_psy_get_property: unsupported property 7
11-03 12:14:43.943160     0     0 W healthd : battery l=4 v=3697 t=22.0 h=2 st=3 c=9 fc=443000 cc=0 chg=
11-03 12:14:43.945138     0     0 W healthd : battery l=4 v=3697 t=22.0 h=2 st=3 c=9 fc=443000 cc=0 chg=
11-03 12:14:43.961130     0     0 I         : done.
11-03 12:14:44.101696     0     0 I PM      : suspend exit 2021-11-03 11:14:44.101696561 UTC
--------- switch to main
11-03 12:14:44.144496  3205  3219 I earchbox:searc: Background concurrent copying GC freed 17579(1519KB) AllocSpace objects, 0(0B) LOS objects, 24% free, 4MB/6MB, paused 168us total 367.569ms
11-03 12:14:44.152061  2520  2520 D HOME    : [StreamBackendInit]NotificationService onNotificationPosted StatusBarNotification(pkg=android user=UserHandle{-1} id=51 tag=null key=-1|android|51|null|1000: Notification(channel=ALERTS pri=0 contentView=null vibrate=null sound=null defaults=0x0 flags=0x0 color=0xfff4511e actions=1 vis=PUBLIC))
11-03 12:14:44.153722  2520  2716 D CollectorHandler: handleMessage, event: ON_NOTIFICATION_POSTED_WITH_RANKING
11-03 12:14:44.156986  2520  2716 D HOME    : [StreamDBQueue]Promised revision #5266 to queue a new op
11-03 12:14:44.157434  2520  2716 D HOME    : [WatchStreamManager]Promised set @ r#5266 for (android,tag=null,id=51,notifKey=-1|android|51|null|1000)
11-03 12:14:44.159747  2520 13839 D HOME    : [WatchStreamDB]Item alerting conditions - isInterruptive: true, recentlyInterrupted: true, isItemPinned: true, isUnread: true
11-03 12:14:44.160069  2520 13839 D HOME    : [StreamAlertingRegulator]isTheaterModeEnabled: false, isAlertingAllowedByOffBody: true, matchesLocalInterruptionFilter: true
11-03 12:14:44.160206  2520 13839 D DynamicBucketRankerImpl: StreamItemIdAndRevision{notifKey=-1|android|51|null|1000, packageName=android, id=51, revision=5266, originalRevision=4218, updateCount=9} in bucket #9 (ChronologicalBucket)
11-03 12:14:44.160696  2520 13839 D HOME    : [WatchStreamDB]TopLevelStreamItem{item=StreamItem(StreamItemIdAndRevision{notifKey=-1|android|51|null|1000, packageName=android, id=51, revision=5266, originalRevision=4218, updateCount=9},AutoValue_StreamItemData{hidden=NOT_HIDDEN, title=24 chars, remoteNodeId=null, originalPackageName=android, localPackageName=android, tag=null, appName=Système Android, postTime=1635938084133, lastDiffedTime=1635938084133, lastPostedInterruptiveTime=1635938084133, user=UserHandle{-1}, onlyAlertOnce=false, vibrationPattern=null, isInterruptive=false, isGroupSummary=false, dismissalId=null, bridgeTag=null, isAncs=false}), parentAtChildPostTime=null} ranked at index 0
11-03 12:14:44.181385  2520 13839 D HOME    : [WatchStreamDB]Item alerting conditions - isInterruptive: true, recentlyInterrupted: true, isItemPinned: true, isUnread: true
11-03 12:14:44.181648  2520 13839 D HOME    : [StreamAlertingRegulator]isTheaterModeEnabled: false, isAlertingAllowedByOffBody: true, matchesLocalInterruptionFilter: true
11-03 12:14:44.181850  2520 13839 D HOME    : [WatchStreamDB]couldItemAlert: true, isTopItemChanged: true, isDeferralForTopItem: false
11-03 12:14:44.182136  2520 13839 D HOME    : [WatchStreamDB]Record alert: StreamAlertData[itemId:StreamItemIdAndRevision{notifKey=-1|android|51|null|1000, packageName=android, id=51, revision=5266, originalRevision=4218, updateCount=9}, alertingId:StreamItemIdAndRevision{notifKey=-1|android|51|null|1000, packageName=android, id=51, revision=5266, originalRevision=4218, updateCount=9}, vibration:null, alertOnlyOnce:false
11-03 12:14:44.182516  2520 13839 D HOME    : [StreamVibrator]maybeVibrate. isAllowed: true
11-03 12:14:44.182654  2520 13839 D HOME    : [StreamVibrator]hasVibrationPattern: false
11-03 12:14:44.182782  2520 13839 D HOME    : [StreamVibrator]vibratePattern: null
11-03 12:14:44.182919  2520 13839 D HOME    : [StreamVibrator]isPluggedIn: false
11-03 12:14:44.183040  2520 13839 D HOME    : [StreamVibrator]sendAccessibilityEvent packageName: android
11-03 12:14:44.183085  2520 13839 D HOME    : [StreamVibrator]AccessibilityManager is not enabled
11-03 12:14:44.187604  2520 13839 D HOME    : [GazeAlerter]shouldRunGazeDetection? priority=0, isAlreadyIlluminated=false, isGazeDetectionEnabledByConfig=true
11-03 12:14:44.195524  1956  1956 D QtiCarrierConfigHelper: WARNING, no carrier configs on phone Id: 0
11-03 12:14:44.221496  2520 12958 D HOME    : [ComplicationController]scheduleImmediateUpdateForAllFromProvider ComponentInfo{com.google.android.wearable.app/com.google.android.clockwork.home.complications.providers.BatteryProviderService}
11-03 12:14:44.243218  2520  2520 D HOME    : [WatchFaceUiController]sendStateToWallpaper
11-03 12:14:44.245163  2520 12958 I SidekickManager: replaceWatchFaceComponentsImpl(): watchFace = com.google.android.clockwork.decomposablewatchface.WatchFaceDecomposition@64b7e7a
11-03 12:14:44.246315  2520 13839 D HOME    : [GazeAlerter]Should run gaze detection.
11-03 12:14:44.247235  2520 13839 D HOME    : [StreamAdapter]onStreamChange StreamChangeEvent[modified=1, removed=0, modifiedTop=1, removedTop=0, reorder=true, possibleAlertingItem=exists]
11-03 12:14:44.247464  2520 13839 D HOME    : [StreamAdapter]onStreamChange StreamChangeEvent[modified=1, removed=0, modifiedTop=1, removedTop=0, reorder=true, possibleAlertingItem=exists]
11-03 12:14:44.254459  2520 13839 D HOME    : [NewStreamAdapter]Publishing revision #5266 to adapter clients
11-03 12:14:44.257448  1686  3907 D SidekickService: sendWatchFaceComponents called: watchFace = com.google.android.clockwork.decomposablewatchface.WatchFaceDecomposition@51b1de6shouldReplace = false
11-03 12:14:44.257764  1686  3907 D SidekickService: Check decomposition for calling app com.google.android.wearable.app with uid 10049
11-03 12:14:44.258190  1686  3907 D SidekickService: sendWatchFaceLocked(): shouldReplace = false, mSidekickIsControlling = true, 1 images, 0 fonts, 0 numbers, 0 proportionalFonts, 0 strings
11-03 12:14:44.258249  1686  3907 D SidekickService: ISidekickGraphics#beginResources()...
11-03 12:14:44.259291  1686  3907 D SidekickServiceUtils: bitmapFromDrawable: Returning bitmap directly
11-03 12:14:44.261237  1686  3907 D SidekickService: sendBitmapsLocked(): bounds = RectF(0.47115386, 0.33653846, 0.52884614, 0.39423078), drawableInfo = {.id = 100000, .width = 24, .height = 24, .display = true, .offsetX = 193.0, .offsetY = 137.0, .rotationInfo = {.hasRotation = false, .pivotX = 0.0, .pivotY = 0.0, .degreesPerDay = 0.0, .degreesPerStep = 0.0, .zeroDegreesTime = {.daysSinceLocalEpoch = 0, .msSinceMidnight = 0}}, .transformInfo = {.transformed = false, .flipX = false, .flipY = false, .flip45 = false, .scaleX = 0.0, .scaleY = 0.0}, .type = GENERIC, .blink = {.blinking = false, .periodOnMs = 0.0, .periodOffMs = 0.0, .startTime = {.daysSinceLocalEpoch = 0, .msSinceMidnight = 0}}, .zOrder = 8, .displayInTwm = true}, image.size() = 97
11-03 12:14:44.262199   416  1715 D SKGHAL  : saveResource: resId = 100000
11-03 12:14:44.262880  1686  3907 D SidekickService: sendBitmapsLocked(): status = 0, bytesUsed = 64
11-03 12:14:44.263061  1686  3907 D SidekickService: ISidekickGraphics#endResources()...
11-03 12:14:44.272550  2520  2520 D HOME    : [BatteryChange]action: android.intent.action.BATTERY_CHANGED
11-03 12:14:44.274581  2520 13839 D HOME    : [BatteryChange]HandleBatteryChangedTask
11-03 12:14:44.275989  2520 13839 D HOME    : [BatteryChange]level: 4, status: 3
11-03 12:14:44.276331  2520  2520 D HOME    : [NotificationCountModule]Dispatching the NotificationCountEvent in home module
11-03 12:14:44.277988  2520  2520 D HOME    : [TopNotificationReceiver]Sending request to TopNotificationProviderService for complication update
11-03 12:14:44.278632   416  1715 D SKGHAL  : sendResourceUpdates: Sending complication update for id=5, size=64:
11-03 12:14:44.280462  2520  2520 D HOME    : [UnreadNotifReceiver]Sending request to UnreadNotificationsProviderService for complication update
11-03 12:14:44.289111  2520  2520 D HOME    : [WatchFaceUiController]sendStateToWallpaper
11-03 12:14:44.295371  2520  2520 D HOME    : [StreamAdapter]setStreamItems, size 2
11-03 12:14:44.296445  2520  2520 D HOME    : [StreamAdapter]notifyItemChanged 0
11-03 12:14:44.297768  2520  2520 D HOME    : [StreamPreviewLogic]should preview (medium info): metadata[mayHideyPeek=true mWasPushedDown=false mPreviewed=false, mAlerting=true, mShouldAlwaysHideyPeek=false] isAlerting=true wasPushedDown=false hasPreviewed=false, shouldPreview=true
11-03 12:14:44.298055  2520  2520 D HOME    : [StreamPreviewer]preview StreamItemId{notifKey=-1|android|51|null|1000, packageName=android, id=51} ambient=true screenOff=false onWatchface=true streamUsage=HUN_STREAM ambientPreviewEnabled=true
11-03 12:14:44.298121  2520  2520 D HOME    : [StreamPreviewer]ambient preview or active preview from watchface
11-03 12:14:44.298539  2520  2520 D HOME    : [HomeVisitsLogger]Logging streamlet event: scroll_into_stream
11-03 12:14:44.299755  2520  2520 D HOME    : [HomeVisitsLogger]Logging streamlet event: 
11-03 12:14:44.300940   416  1715 D SKGHAL  : endResources: rc = 0
11-03 12:14:44.301191  2520  2520 D HOME    : [StreamAdapter]setStreamItems, size 2
11-03 12:14:44.301778  2520  2520 D HOME    : [StreamAdapter]notifyItemChanged 0
11-03 12:14:44.304335  2520  2520 D HOME    : [StreamPreviewLogic]should preview (medium info): metadata[mayHideyPeek=true mWasPushedDown=false mPreviewed=false, mAlerting=true, mShouldAlwaysHideyPeek=false] isAlerting=true wasPushedDown=false hasPreviewed=false, shouldPreview=true
11-03 12:14:44.304640  2520  2520 D HOME    : [StreamPreviewer]preview StreamItemId{notifKey=-1|android|51|null|1000, packageName=android, id=51} ambient=true screenOff=false onWatchface=true streamUsage=WATCHFACE_STREAM ambientPreviewEnabled=true
11-03 12:14:44.304710  2520  2520 D HOME    : [StreamPreviewer]ambient preview or active preview from watchface
11-03 12:14:44.305234  2520 13839 D HOME    : [BatteryChange]updateStreamItem
11-03 12:14:44.307207  2520  2520 D HOME    : [HomeVisitsLogger]Logging streamlet event: scroll_into_stream
11-03 12:14:44.309298  2520  2520 D HOME    : [HomeVisitsLogger]Logging streamlet event: 
11-03 12:14:44.309728  2520  2520 D HOME    : [HotwordController]updateClient MODE_STREAM false true false true
11-03 12:14:44.311062  1686  9965 I AmbientService: [ce6a28c] Offloadability changed in ambient mode for: AmbientActivity[component=ComponentInfo{com.google.android.wearable.app/com.google.android.clockwork.home2.activity.HomeActivity2}, callbacks=@210b385, running=true, ambientRequested=true, ambientEnabled=true, offloadEnabled=false], new state: false
11-03 12:14:44.311141  1686  9965 I AmbientService: [ce6a28c] Potentially updating doze command
11-03 12:14:44.311595  1686  9965 D SidekickService: setShouldControlDisplay called: false
11-03 12:14:44.312404  1686  9965 I AmbientService: [ce6a28c] Selected running activity for ambient mode: AmbientActivity[component=ComponentInfo{com.google.android.wearable.app/com.google.android.clockwork.home2.activity.HomeActivity2}, callbacks=@210b385, running=true, ambientRequested=true, ambientEnabled=true, offloadEnabled=false]
11-03 12:14:44.313009  1686  9965 I AmbientService: [ce6a28c] Offload not possible, requesting doze.
11-03 12:14:44.313695  1686  9965 I AmbientService: [ce6a28c] No auto-resume Activity.
11-03 12:14:44.314589  2520 13838 D HOME    : [ComplicationController]scheduleImmediateUpdateForAllFromProvider ComponentInfo{com.google.android.wearable.app/com.google.android.clockwork.wcs.notification.complication.TopNotificationProviderService}
11-03 12:14:44.315267  1686  9965 W DefaultSettingsContentR: Value for ambient_low_bit_enabled not stored as number. Attempting parse as boolean.
11-03 12:14:44.321291  2520  2520 D HOME    : [StreamModule]Updating gaze alerter state: inWetMode=false focused=true uiMode=MODE_STREAM
11-03 12:14:44.325647  2520  2520 D HOME    : [CompactStreamCard]setStreamItem: StreamItem(StreamItemIdAndRevision{notifKey=-1|android|51|null|1000, packageName=android, id=51, revision=5266, originalRevision=4218, updateCount=9},AutoValue_StreamItemData{hidden=NOT_HIDDEN, title=24 chars, remoteNodeId=null, originalPackageName=android, localPackageName=android, tag=null, appName=Système Android, postTime=1635938084133, lastDiffedTime=1635938084133, lastPostedInterruptiveTime=1635938084133, user=UserHandle{-1}, onlyAlertOnce=false, vibrationPattern=null, isInterruptive=false, isGroupSummary=false, dismissalId=null, bridgeTag=null, isAncs=false})
11-03 12:14:44.333769  2520  2520 D HOME    : [SidekickManagerAsync]replaceWatchFaceComponents(): Callback#onResult(): 0
11-03 12:14:44.335440  1686  1823 I SidekickService: endDisplayLocked()
11-03 12:14:44.339475   416  1715 D SKGHAL  : sendAmbientEvent: enter: enable = 0
--------- switch to system
11-03 12:14:44.340863  1686  1710 I DisplayManagerService: Display device changed state: "Écran intégré", DOZE
--------- switch to main
11-03 12:14:44.346331  2520 12958 D HOME    : [ComplicationController]scheduleImmediateUpdateForAllFromProvider ComponentInfo{com.google.android.wearable.app/com.google.android.clockwork.home.complications.providers.UnreadNotificationsProviderService}
11-03 12:14:44.347885   512  1749 I sensors-hal: batch:140, android.sensor.accelerometer/48, period=19231000, max_latency=0
11-03 12:14:44.348877   512  1749 I sensors-hal: batch:149, android.sensor.accelerometer/48, period=19231000, max_latency=0 request completed
11-03 12:14:44.351087   512  1749 I sensors-hal: activate:107, android.sensor.accelerometer/48 en=1
11-03 12:14:44.351457   512  1749 I sensors-hal: ssc_enable_rt_task:254, ssc_enable_rt_task : true
11-03 12:14:44.371219  4243  4243 D OMService: onDisplayChanged: dozing
11-03 12:14:44.379577  1686  1759 I InputReader: Reconfiguring input devices.  changes=0x00000004
11-03 12:14:44.386344   512  1749 I sensors-hal: activate:118, android.sensor.accelerometer/48 en=1 completed
11-03 12:14:44.391616   512 14181 I sensors-hal: handle_indication_realtime:355,  SCHED_FIFO(10) for qmi_cbk
11-03 12:14:44.415740  2520 13839 D HOME    : [BatteryChange]level: 4, timestamp: 1635938084415
11-03 12:14:44.416095  2520 13839 D HOME    : [BatteryChange]batteryHistory size: 20'
11-03 12:14:44.416276  2520 13839 D HOME    : [BatteryChange]timeDelta: 14952609
11-03 12:14:44.421143  2520 13839 D HOME    : [BatteryChange]levelDelta: 22
11-03 12:14:44.576140   504   523 I SDM     : DisplayBase::SetDisplayState: Set state = 3, display 0
11-03 12:14:44.576370   504   523 D SDM     : HWCDisplayPrimary::SetStandByMode: Display is connected successfully
11-03 12:14:44.576867   416  1715 D SKGHAL  : standBy_update_control call succeed on 0
11-03 12:14:44.576931   416  1715 D SKGHAL  : sendAmbientEvent: done: enable = 0
11-03 12:14:44.577389  1686  1823 D SidekickService:    ... endDisplay returns void
11-03 12:14:44.577857   545   545 D SurfaceFlinger: Set power mode=1, type=0 flinger=0xb6bb6000
--------- switch to kernel
11-03 12:14:44.576332     0     0 I         : [touch]FB_BLANK_VSYNC_SUSPEND
11-03 12:14:44.576336     0     0 I         : [touch]Already in suspend state
11-03 12:14:44.578299     0     0 I         : [touch]FB_BLANK_VSYNC_SUSPEND
11-03 12:14:44.578302     0     0 I         : [touch]Already in suspend state
--------- switch to main
11-03 12:14:44.578228   504   762 I SDM     : DisplayBase::SetDisplayState: Set state = 2, display 0
11-03 12:14:44.578800   545   545 D SurfaceFlinger: Finished set power mode=1, type=0
11-03 12:14:44.663031  1686  1696 I system_server: Background concurrent copying GC freed 51861(2MB) AllocSpace objects, 16(464KB) LOS objects, 19% free, 10MB/13MB, paused 288us total 572.804ms
11-03 12:14:44.798631  3316  3328 I .gms.persisten: Background concurrent copying GC freed 73243(2MB) AllocSpace objects, 4(208KB) LOS objects, 24% free, 8MB/11MB, paused 136us total 280.684ms
11-03 12:14:45.086640  1686  1686 D HandsFreeClientShard: Connecting HandsFree client profile (retry).
11-03 12:14:45.089847  1686  1686 D BluetoothHeadsetClient: disconnect(14:3C:C3:AD:3D:53)
11-03 12:14:45.092061  1686  1686 D BluetoothHeadsetClient: connect(14:3C:C3:AD:3D:53)
11-03 12:14:45.095618 10095 10167 D HeadsetClientStateMachine: Disconnected process message: 1
11-03 12:14:45.096406 10095 10133 I bt_btif_queue: queue_int_add: adding connection request: address=14:3c:c3:ad:3d:53 UUID=111E busy=false
11-03 12:14:45.096531 10095 10133 I bt_btif_queue: btif_queue_connect_next: executing connection request: address=14:3c:c3:ad:3d:53 UUID=111E busy=false
11-03 12:14:45.096572 10095 10133 E bt_btif : is_connected: not connected!
11-03 12:14:45.096629 10095 10133 W bt_btif : bta_hf_client_find_cb_by_bda: bdaddr mismatch for handle 0 alloc 0
11-03 12:14:45.096662 10095 10133 W bt_btif : bta_hf_client_find_cb_by_bda: bdaddr mismatch for handle 1 alloc 0
11-03 12:14:45.096691 10095 10133 W bt_btif : bta_hf_client_find_cb_by_bda: bdaddr mismatch for handle 2 alloc 0
11-03 12:14:45.096721 10095 10133 W bt_btif : bta_hf_client_find_cb_by_bda: bdaddr mismatch for handle 3 alloc 0
11-03 12:14:45.096747 10095 10133 W bt_btif : bta_hf_client_find_cb_by_bda: bdaddr mismatch for handle 4 alloc 0
11-03 12:14:45.096775 10095 10133 W bt_btif : bta_hf_client_find_cb_by_bda: bdaddr mismatch for handle 5 alloc 0
11-03 12:14:45.096803 10095 10133 W bt_btif : bta_hf_client_find_cb_by_bda: bdaddr mismatch for handle 6 alloc 0
11-03 12:14:45.096831 10095 10133 W bt_btif : bta_hf_client_find_cb_by_bda: bdaddr mismatch for handle 7 alloc 0
11-03 12:14:45.096860 10095 10133 W bt_btif : bta_hf_client_find_cb_by_bda: bdaddr mismatch for handle 8 alloc 0
11-03 12:14:45.096888 10095 10133 W bt_btif : bta_hf_client_find_cb_by_bda: bdaddr mismatch for handle 9 alloc 0
11-03 12:14:45.096915 10095 10133 E bt_btif : bta_hf_client_find_cb_by_bda: block not found
11-03 12:14:45.101203 10095 10095 D AdapterProperties: PROFILE_CONNECTION_STATE_CHANGE: profile=16, device=14:3C:C3:AD:3D:53, 0 -> 1
11-03 12:14:45.101744 10095 10095 D AdapterProperties: ADAPTER_CONNECTION_STATE_CHANGE: 14:3C:C3:AD:3D:53: 0 -> 1
11-03 12:14:45.104271  5603  5603 D BtTelecomReceiver: onReceive: Intent { act=android.bluetooth.headsetclient.profile.action.CONNECTION_STATE_CHANGED flg=0x10 cmp=com.google.android.apps.wearable.bluetooth/com.google.android.clockwork.hfp.BtTelecomBroadcastReceiver (has extras) }
11-03 12:14:45.104565  5603  5603 D BtTelecomReceiver: Hfp connection changed: -724754873 0 -> 1
--------- switch to system
11-03 12:14:45.109488  1686  3998 W BroadcastQueue: Background execution not allowed: receiving Intent { act=android.bluetooth.adapter.action.CONNECTION_STATE_CHANGED flg=0x4000010 (has extras) } to com.google.android.gms/.chimera.GmsIntentOperationService$PersistentTrustedReceiver
--------- switch to kernel
11-03 12:14:46.726073     0     0 E mdss_dsi_gen_read_status: Read back value from panel is incorrect
--------- switch to main
11-03 12:14:49.280325   512   512 I sensors-hal: activate:107, android.sensor.accelerometer/48 en=0
11-03 12:14:49.283992   512   512 I sensors-hal: activate:118, android.sensor.accelerometer/48 en=0 completed
11-03 12:14:49.286845  2520  2520 D HOME    : [GazeAlerter]onGaze(isUserGazing = false)
11-03 12:14:49.287453  2520  2520 D HOME    : [StreamDBQueue]Promised revision #5267 to queue a new op
11-03 12:14:49.287973  2520  2520 D WatchStreamManager: Promised unpin-items @ r#5267
11-03 12:14:49.288839  2520 13839 D HOME    : [WatchStreamDB]updateRanking()
11-03 12:14:49.290068  2520 13839 D HOME    : [WatchStreamDB]Item alerting conditions - isInterruptive: true, recentlyInterrupted: true, isItemPinned: false, isUnread: true
11-03 12:14:49.291874  2520 13839 D HOME    : [StreamAlertingRegulator]isTheaterModeEnabled: false, isAlertingAllowedByOffBody: true, matchesLocalInterruptionFilter: true
11-03 12:14:49.292562  2520 13839 D HOME    : [WatchStreamDB]couldItemAlert: false, isTopItemChanged: false, isDeferralForTopItem: false
11-03 12:14:49.293986  2520 13839 D HOME    : [NewStreamAdapter]Publishing revision #5267 to adapter clients
11-03 12:14:49.297590  2520 13839 D HOME    : [HomeVisitsLogger]Logging streamlet event: visit_end
11-03 12:14:49.298281  2520  2520 D HOME    : [TopNotificationReceiver]Sending request to TopNotificationProviderService for complication update
--------- switch to kernel
11-03 12:14:49.300394     0     0 I PM      : suspend entry 2021-11-03 11:14:49.300394631 UTC
--------- switch to main
