11-02 23:27:45.142159  2520  7941 D HOME    : [HomeVisitsLogger]Logging streamlet event: visit_end
11-02 23:27:45.142163  2520  2520 D HOME    : [HotwordController]updateClient MODE_WATCH_FACE false true false true
11-02 23:27:45.142488  1686  1686 W DefaultSettingsContentR: Value for ambient_low_bit_enabled not stored as number. Attempting parse as boolean.
11-02 23:27:45.143349  2520  2520 D HOME    : [WatchFaceUiController]setInAmbientMode true
11-02 23:27:45.144963  2520  2520 D HOME    : [StreamDBQueue]Promised revision #2804 to queue a new op
11-02 23:27:45.145233  2520  2520 D WatchStreamManager: Promised rank-blocked=false @ r#2804
11-02 23:27:45.145646  2520  2520 D HOME    : [StreamDBQueue]Promised revision #2805 to queue a new op
11-02 23:27:45.145731  2520  9393 D HOME    : [WatchStreamDB]Item alerting conditions - isInterruptive: false, recentlyInterrupted: false, isItemPinned: false, isUnread: false
11-02 23:27:45.145768  2520  2520 D WatchStreamManager: Promised rank-blocked=false @ r#2805
11-02 23:27:45.146012  2520  9393 D HOME    : [StreamAlertingRegulator]isTheaterModeEnabled: false, isAlertingAllowedByOffBody: true, matchesLocalInterruptionFilter: true
11-02 23:27:45.146241  2520  9393 D HOME    : [WatchStreamDB]couldItemAlert: false, isTopItemChanged: false, isDeferralForTopItem: false
11-02 23:27:45.146389  2520  2520 D HOME    : [EventBus]Wrapper pool is full. Discarding excess wrapper instance for event com.google.android.clockwork.sysui.events.KeyguardStateEvent
11-02 23:27:45.146474  1686  1686 I AmbientService: [ce6a28c] Showing watch face in offload mode, canceling alarm.
11-02 23:27:45.146496  2520  2520 D HOME    : [WatchFaceUiController]sendStateToWallpaper
11-02 23:27:45.146526  1686  1686 W AlarmManagerProxy: Removing unknown listener
11-02 23:27:45.146609  1686  1686 D WristGestureCtrl: Stopping detectors: GesturesEnabled-false gestureDetector-false ungazeEnabled-true ungaze-true
11-02 23:27:45.146645  1686  1686 D DefaultUngazeDetector: stopping
11-02 23:27:45.147095  2520  9393 D HOME    : [WatchStreamDB]Item alerting conditions - isInterruptive: false, recentlyInterrupted: false, isItemPinned: false, isUnread: false
11-02 23:27:45.147205  2520  9131 D HOME    : [StreamDBQueue]Promised revision #2806 to queue a new op
11-02 23:27:45.147314  2520  9131 D WatchStreamManager: Promised rerank @ r#2806
11-02 23:27:45.147361  2520  9393 D HOME    : [StreamAlertingRegulator]isTheaterModeEnabled: false, isAlertingAllowedByOffBody: true, matchesLocalInterruptionFilter: true
11-02 23:27:45.147600  2520  9393 D HOME    : [WatchStreamDB]couldItemAlert: false, isTopItemChanged: false, isDeferralForTopItem: false
11-02 23:27:45.147974  2520  2520 D HOME    : [EventBus]Wrapper pool is full. Discarding excess wrapper instance for event com.google.android.clockwork.sysui.events.KeyguardStateEvent
11-02 23:27:45.148248   512   512 I sensors-hal: batch:140, android.sensor.accelerometer/48, period=66667000, max_latency=100000000
11-02 23:27:45.148325  2520  2520 D HOME    : [EventBus]Wrapper pool is full. Discarding excess wrapper instance for event com.google.android.clockwork.sysui.events.KeyguardStateEvent
11-02 23:27:45.148681  2520  9393 D HOME    : [WatchStreamDB]updateRanking()
11-02 23:27:45.149361  2520  9393 D HOME    : [WatchStreamDB]Item alerting conditions - isInterruptive: false, recentlyInterrupted: false, isItemPinned: false, isUnread: false
11-02 23:27:45.149698  2520  9393 D HOME    : [StreamAlertingRegulator]isTheaterModeEnabled: false, isAlertingAllowedByOffBody: true, matchesLocalInterruptionFilter: true
11-02 23:27:45.151688   512   512 I sensors-hal: batch:149, android.sensor.accelerometer/48, period=66667000, max_latency=100000000 request completed
11-02 23:27:45.158790  2520  2520 W StaticLayout: maxLineHeight should not be -1.  maxLines:1 lineCount:1
11-02 23:27:45.165288  2520  7941 I SidekickManager: replaceWatchFaceComponentsImpl(): watchFace = com.google.android.clockwork.decomposablewatchface.WatchFaceDecomposition@d017c85
11-02 23:27:45.166320  1686  2945 D SidekickService: sendWatchFaceComponents called: watchFace = com.google.android.clockwork.decomposablewatchface.WatchFaceDecomposition@32e2604shouldReplace = false
11-02 23:27:45.166582  1686  2945 D SidekickService: Check decomposition for calling app com.google.android.wearable.app with uid 10049
11-02 23:27:45.167032  1686  2945 D SidekickService: sendWatchFaceLocked(): shouldReplace = false, mSidekickIsControlling = false, 1 images, 0 fonts, 0 numbers, 0 proportionalFonts, 0 strings
11-02 23:27:45.167110  1686  2945 D SidekickService: ISidekickGraphics#beginResources()...
11-02 23:27:45.168200  1686  2945 D SidekickServiceUtils: bitmapFromDrawable: Returning bitmap directly
11-02 23:27:45.169579  1686  2945 D SidekickService: sendBitmapsLocked(): bounds = RectF(0.0, 0.0, 0.0024038462, 0.0024038462), drawableInfo = {.id = 100000, .width = 1, .height = 1, .display = true, .offsetX = 0.0, .offsetY = 0.0, .rotationInfo = {.hasRotation = false, .pivotX = 0.0, .pivotY = 0.0, .degreesPerDay = 0.0, .degreesPerStep = 0.0, .zeroDegreesTime = {.daysSinceLocalEpoch = 0, .msSinceMidnight = 0}}, .transformInfo = {.transformed = false, .flipX = false, .flipY = false, .flip45 = false, .scaleX = 0.0, .scaleY = 0.0}, .type = GENERIC, .blink = {.blinking = false, .periodOnMs = 0.0, .periodOffMs = 0.0, .startTime = {.daysSinceLocalEpoch = 0, .msSinceMidnight = 0}}, .zOrder = 8, .displayInTwm = true}, image.size() = 84
--------- switch to system
11-02 23:27:45.169917  1686  1686 V SettingsProvider: Notifying for 0: content://settings/system/screen_brightness
--------- switch to main
11-02 23:27:45.170748   416   416 D SKGHAL  : saveResource: resId = 100000
11-02 23:27:45.171143  1686  2945 D SidekickService: sendBitmapsLocked(): status = 0, bytesUsed = 18
11-02 23:27:45.171324  1686  2945 D SidekickService: ISidekickGraphics#endResources()...
11-02 23:27:45.171467  2520  9393 D HOME    : [WatchStreamDB]couldItemAlert: false, isTopItemChanged: false, isDeferralForTopItem: false
11-02 23:27:45.172155  2520  9393 D HOME    : [NewStreamAdapter]Publishing revision #2806 to adapter clients
11-02 23:27:45.173879  2520  9131 D HOME    : [StreamDBQueue]Promised revision #2807 to queue a new op
11-02 23:27:45.174181  2520  9131 D WatchStreamManager: Promised rerank @ r#2807
11-02 23:27:45.174505  2520  9575 D HOME    : [WatchStreamDB]updateRanking()
11-02 23:27:45.177610  2520  9575 D HOME    : [WatchStreamDB]Item alerting conditions - isInterruptive: false, recentlyInterrupted: false, isItemPinned: false, isUnread: false
11-02 23:27:45.178922  2520  9575 D HOME    : [StreamAlertingRegulator]isTheaterModeEnabled: false, isAlertingAllowedByOffBody: true, matchesLocalInterruptionFilter: true
11-02 23:27:45.180776  2520  9575 D HOME    : [WatchStreamDB]couldItemAlert: false, isTopItemChanged: false, isDeferralForTopItem: false
11-02 23:27:45.182023  2520  9575 D HOME    : [NewStreamAdapter]Publishing revision #2807 to adapter clients
11-02 23:27:45.188330   512   512 I sensors-hal: activate:107, android.sensor.light/46 en=0
--------- switch to kernel
11-02 23:27:45.106557     0     0 E FG      : fg_psy_get_property: unsupported property 7
11-02 23:27:45.109190     0     0 W healthd : battery l=45 v=3774 t=33.0 h=2 st=3 c=132 fc=443000 cc=0 chg=
--------- switch to main
11-02 23:27:45.189374   512   512 I sensors-hal: activate:118, android.sensor.light/46 en=0 completed
--------- switch to system
11-02 23:27:45.206589  1686  1710 I DisplayManagerService: Display device changed state: "Écran intégré", DOZE_SUSPEND
--------- switch to main
11-02 23:27:45.214593   545   545 D SurfaceFlinger: Set power mode=3, type=0 flinger=0xb6bb6000
11-02 23:27:45.215209   504   762 I SDM     : DisplayBase::SetDisplayState: Set state = 3, display 0
11-02 23:27:45.221555  1686  1759 I InputReader: Reconfiguring input devices.  changes=0x00000004
11-02 23:27:45.265848   545   545 D SurfaceFlinger: Finished set power mode=3, type=0
--------- switch to kernel
11-02 23:27:45.141041     0     0 I mdss_dsi_panel_set_idle_mode: Idle (0->1)
11-02 23:27:45.187971     0     0 I         : [touch]FB_BLANK_VSYNC_SUSPEND
11-02 23:27:45.187978     0     0 I         : [touch]irq disable
11-02 23:27:45.187984     0     0 I         : [touch]workqueue is empty!
11-02 23:27:45.187988     0     0 I         : [touch]raydium_ts_do_suspend.
11-02 23:27:45.187998     0     0 I         : [touch]Device may wakeup
11-02 23:27:45.191187     0     0 I         : [touch]irq enable
--------- switch to system
11-02 23:27:45.309490  1686  1759 I PowerManagerService: Waking up from dozing (uid=1000 reason=android.policy:MOTION)...
11-02 23:27:45.312835  2520  2520 W ViewRootImpl[HomeActivity2]: Dropping event due to no window focus: MotionEvent { action=ACTION_HOVER_ENTER, actionButton=0, id[0]=0, x[0]=100.0, y[0]=100.0, toolType[0]=TOOL_TYPE_FINGER, buttonState=0, metaState=0, flags=0x0, edgeFlags=0x0, pointerCount=1, historySize=0, eventTime=2113369, downTime=1980708, deviceId=1, source=0x1002 }
--------- switch to main
11-02 23:27:45.329086   512   512 I sensors-hal: batch:140, android.sensor.light/46, period=100000000, max_latency=0
11-02 23:27:45.329210   512   512 I sensors-hal: batch:149, android.sensor.light/46, period=100000000, max_latency=0 request completed
--------- switch to system
11-02 23:27:45.329358  2520  2520 W ViewRootImpl[HomeActivity2]: Cancelling event due to no window focus: MotionEvent { action=ACTION_CANCEL, actionButton=0, id[0]=0, x[0]=100.0, y[0]=100.0, toolType[0]=TOOL_TYPE_FINGER, buttonState=0, metaState=0, flags=0x0, edgeFlags=0x0, pointerCount=1, historySize=0, eventTime=2113380, downTime=1980708, deviceId=1, source=0x1002 }
--------- switch to main
11-02 23:27:45.329957   512   512 I sensors-hal: activate:107, android.sensor.light/46 en=1
11-02 23:27:45.330261   512   512 I sensors-hal: ssc_enable_rt_task:254, ssc_enable_rt_task : true
--------- switch to kernel
11-02 23:27:45.245724     0     0 I         : [touch]display wake up
11-02 23:27:45.247630     0     0 E FG      : fg_psy_get_property: unsupported property 7
11-02 23:27:45.249736     0     0 W healthd : battery l=45 v=3732 t=33.0 h=2 st=3 c=233 fc=443000 cc=0 chg=
--------- switch to main
11-02 23:27:45.333159   512   512 I sensors-hal: activate:118, android.sensor.light/46 en=1 completed
11-02 23:27:45.354603   512  9579 I sensors-hal: handle_indication_realtime:355,  SCHED_FIFO(10) for qmi_cbk
11-02 23:27:45.475201   416   416 D SKGHAL  : sendResources: metadata size = 2400, font size = 72
11-02 23:27:45.535066   416   416 D SKGHAL  : endResources: rc = 0
11-02 23:27:45.536582  1686  1686 W system_server: Long monitor contention with owner Binder:1686_10 (2945) at int com.google.android.clockwork.sidekick.SidekickService$BinderService.sendWatchFace(com.google.android.clockwork.decomposablewatchface.WatchFaceDecomposition, boolean)(SidekickService.java:1021) waiters=0 in void com.google.android.clockwork.sidekick.SidekickService$2.onChange(boolean) for 365ms
11-02 23:27:45.537430  1686  1686 I SidekickService: loadBrightnessLocked()
11-02 23:27:45.537484  2520  2520 D HOME    : [SidekickManagerAsync]replaceWatchFaceComponents(): Callback#onResult(): 0
11-02 23:27:45.537812  2520  2520 D HOME    : [WatchFaceUiController]Complication updates sent, posting watch face hiding
11-02 23:27:45.537897  2520  2520 D HOME    : [WatchFaceUiController]Still in ambient watch face, hiding
11-02 23:27:45.537966  2520  2520 D HOME    : [WatchFaceUiController]Hiding watch face wallpaper.
11-02 23:27:45.538423  1686  1686 D SidekickService: screenBrightness  = 51
11-02 23:27:45.539169  1686  1686 D SidekickService: sendConfigValuesLocked(): alsThresholds = [40, 92, 95, 100, 125, 150, 175, 200, 225, 250, 300, 400, 500, 800, 1200], brightnessValuesBright = [50, 56, 60, 70, 80, 90, 100, 115, 120, 140, 160, 180, 200, 220, 240, 255], brightnessValuesDim= [50, 56, 60, 70, 80, 90, 100, 115, 120, 140, 160, 180, 200, 220, 240, 255]
11-02 23:27:45.551969  1686  1686 D SidekickService: setAlsMode(): mode = 2, brightenAlpha = 80, dimmingAlpha = 80
11-02 23:27:45.560577  1686  1686 D SidekickService: setTwmConfig():: msTiltToBright = 10000, tiltToBright = false
--------- switch to system
11-02 23:27:45.329685  2520  2520 I chatty  : uid=10049(com.google.android.wearable.app) identical 2 lines
11-02 23:27:45.329986  2520  2520 W ViewRootImpl[HomeActivity2]: Cancelling event due to no window focus: MotionEvent { action=ACTION_CANCEL, actionButton=0, id[0]=0, x[0]=100.0, y[0]=100.0, toolType[0]=TOOL_TYPE_FINGER, buttonState=0, metaState=0, flags=0x0, edgeFlags=0x0, pointerCount=1, historySize=0, eventTime=2113380, downTime=1980708, deviceId=1, source=0x1002 }
11-02 23:27:45.561323  1686  1686 W Looper  : Slow dispatch took 390ms main h=android.os.Handler c=android.database.ContentObserver$NotificationRunnable@55397ed m=0
--------- switch to main
11-02 23:27:45.561488  1686  1823 W system_server: Long monitor contention with owner Binder:1686_10 (2945) at int com.google.android.clockwork.sidekick.SidekickService$BinderService.sendWatchFace(com.google.android.clockwork.decomposablewatchface.WatchFaceDecomposition, boolean)(SidekickService.java:1021) waiters=1 in boolean com.google.android.clockwork.sidekick.SidekickService$LocalService.startDisplayControl(int) for 295ms
--------- switch to system
11-02 23:27:45.561568  1686  1686 W Looper  : Slow delivery took 376ms main h=com.android.server.notification.NotificationManagerService$WorkerHandler c=com.android.server.notification.NotificationManagerService$14@b301622 m=0
--------- switch to main
11-02 23:27:45.561868  1686  1823 I SidekickService: beginDisplayLocked(): DOZE_SUSPEND
11-02 23:27:45.564017   416   416 D SKGHAL  : sendAmbientPrepare: enter:
11-02 23:27:45.567787  1956  1956 D QtiCarrierConfigHelper: WARNING, no carrier configs on phone Id: 0
11-02 23:27:45.568332  2520  2520 D HOME    : [BatteryChange]action: android.intent.action.BATTERY_CHANGED
11-02 23:27:45.568895  2520  7941 D HOME    : [BatteryChange]HandleBatteryChangedTask
--------- switch to system
11-02 23:27:45.569105  1686  1686 W UsageStatsService: Event reported without a package name
--------- switch to main
11-02 23:27:45.570111  2520  7941 D HOME    : [BatteryChange]level: 45, status: 3
11-02 23:27:45.577941   512   512 I sensors-hal: activate:107, android.sensor.accelerometer/48 en=0
11-02 23:27:45.578854   512   512 I sensors-hal: activate:118, android.sensor.accelerometer/48 en=0 completed
11-02 23:27:45.585926   512   512 I sensors-hal: batch:140, android.sensor.accelerometer/48, period=66667000, max_latency=100000000
11-02 23:27:45.585992   512   512 I sensors-hal: batch:149, android.sensor.accelerometer/48, period=66667000, max_latency=100000000 request completed
11-02 23:27:45.586361   512   512 I sensors-hal: activate:107, android.sensor.accelerometer/48 en=1
11-02 23:27:45.586725   512   512 I sensors-hal: ssc_enable_rt_task:254, ssc_enable_rt_task : true
11-02 23:27:45.591297   512   512 I sensors-hal: activate:118, android.sensor.accelerometer/48 en=1 completed
11-02 23:27:45.594343  1956  1956 D QtiCarrierConfigHelper: WARNING, no carrier configs on phone Id: 0
11-02 23:27:45.595608  2520  2520 D HOME    : [BatteryChange]action: android.intent.action.BATTERY_CHANGED
--------- switch to system
11-02 23:27:45.596530  1686  1686 W Looper  : Drained
--------- switch to main
11-02 23:27:45.598578  2520  7941 D HOME    : [BatteryChange]HandleBatteryChangedTask
11-02 23:27:45.601278  2520  7941 D HOME    : [BatteryChange]level: 45, status: 3
--------- switch to system
11-02 23:27:45.602054  1686  1702 W BroadcastQueue: Background execution not allowed: receiving Intent { act=android.intent.action.USER_PRESENT flg=0x10 } to com.google.android.gms/.auth.setup.devicesignals.LockScreenReceiver
--------- switch to main
11-02 23:27:45.602535  3205  3434 W WorkController: Loading failed for worker [trainingcache]: worker not found
11-02 23:27:45.603906  3205  3294 W A       : TrainingCache cache DEVICE_UNLOCKED failure
11-02 23:27:45.603906  3205  3294 W A       : com.google.android.apps.gsa.search.core.service.h.a.a: No worker found for Worker ID [trainingcache].
11-02 23:27:45.603906  3205  3294 W A       : 	at com.google.android.apps.gsa.search.core.service.g.a.c.a(Unknown Source:5)
11-02 23:27:45.603906  3205  3294 W A       : 	at com.google.android.libraries.gsa.c.a.d.a(Unknown Source:3)
11-02 23:27:45.603906  3205  3294 W A       : 	at com.google.common.p.a.cg.c(Unknown Source:2)
11-02 23:27:45.603906  3205  3294 W A       : 	at com.google.common.p.a.bk.run(SourceFile:3)
11-02 23:27:45.603906  3205  3294 W A       : 	at com.google.common.p.a.ci.run(Unknown Source:4)
11-02 23:27:45.603906  3205  3294 W A       : 	at com.google.apps.tiktok.concurrent.ab.run(SourceFile:1)
11-02 23:27:45.603906  3205  3294 W A       : 	at java.util.concurrent.ThreadPoolExecutor.runWorker(ThreadPoolExecutor.java:1167)
11-02 23:27:45.603906  3205  3294 W A       : 	at java.util.concurrent.ThreadPoolExecutor$Worker.run(ThreadPoolExecutor.java:641)
11-02 23:27:45.603906  3205  3294 W A       : 	at com.google.apps.tiktok.concurrent.c.run(Unknown Source:4)
11-02 23:27:45.603906  3205  3294 W A       : 	at java.lang.Thread.run(Thread.java:764)
--------- switch to system
11-02 23:27:45.607424  1686  1702 W BroadcastQueue: Background execution not allowed: receiving Intent { act=android.intent.action.USER_PRESENT flg=0x10 } to com.google.android.gms/.chimera.GmsIntentOperationService$PersistentTrustedReceiver
--------- switch to main
11-02 23:27:45.610026  1686  1799 E WifiStateMachine: getWifiLinkLayerStats called without an interface
11-02 23:27:45.705713   512  9581 I sensors-hal: handle_indication_realtime:355,  SCHED_FIFO(10) for qmi_cbk
11-02 23:27:45.813907   416   416 D SKGHAL  : sendAmbientEvent: enter: enable = 1
11-02 23:27:45.816255   504   523 I SDM     : DisplayBase::SetDisplayState: Set state = 4, display 0
11-02 23:27:45.816447   504   523 D SDM     : HWCDisplayPrimary::SetStandByMode: Null display is connected successfully
11-02 23:27:45.816695   416   416 D SKGHAL  : standBy_update_control call succeed on 1
11-02 23:27:45.834984   512   512 I sensors-hal: activate:107, android.sensor.light/46 en=0
11-02 23:27:45.836601   512   512 I sensors-hal: activate:118, android.sensor.light/46 en=0 completed
11-02 23:27:45.838259   416   416 D SKGHAL  : sendAmbientEvent: done: enable = 1
11-02 23:27:45.838755  1686  1823 D SidekickService:    ... beginDisplay result: 0 for halPower: 1
11-02 23:27:45.839561   512   512 I sensors-hal: batch:140, android.sensor.light/46, period=250000000, max_latency=0
11-02 23:27:45.839659   512   512 I sensors-hal: batch:149, android.sensor.light/46, period=250000000, max_latency=0 request completed
11-02 23:27:45.840545   512   512 I sensors-hal: activate:107, android.sensor.light/46 en=1
--------- switch to system
11-02 23:27:45.840762  1686  1686 W Looper  : Slow dispatch took 222ms main h=android.app.ActivityThread$H c=android.app.-$$Lambda$LoadedApk$ReceiverDispatcher$Args$_BumDX2UKsnxLVrE6UJsJZkotuA@fbb6d0f m=0
--------- switch to main
11-02 23:27:45.841268   512   512 I sensors-hal: ssc_enable_rt_task:254, ssc_enable_rt_task : true
--------- switch to system
11-02 23:27:45.841705  1686  1710 I DisplayManagerService: Display device changed state: "Écran intégré", ON
--------- switch to main
11-02 23:27:45.844066  1686  1823 I SidekickService: endDisplayLocked()
11-02 23:27:45.844713   416   416 D SKGHAL  : sendAmbientEvent: enter: enable = 0
11-02 23:27:45.867581   512   512 I sensors-hal: activate:118, android.sensor.light/46 en=1 completed
11-02 23:27:45.868678  1686  1759 I InputReader: Reconfiguring input devices.  changes=0x00000004
--------- switch to system
11-02 23:27:45.874159  1686  1686 V SettingsProvider: Notifying for 0: content://settings/system/screen_brightness
--------- switch to main
11-02 23:27:45.884106  4243  4243 D OMService: onDisplayChanged: not dozing
11-02 23:27:45.917017   512  9587 I sensors-hal: handle_indication_realtime:355,  SCHED_FIFO(10) for qmi_cbk
11-02 23:27:45.917105   504   523 I SDM     : DisplayBase::SetDisplayState: Set state = 3, display 0
11-02 23:27:45.917578   504   523 D SDM     : HWCDisplayPrimary::SetStandByMode: Display is connected successfully
11-02 23:27:45.918793   416   416 D SKGHAL  : standBy_update_control call succeed on 0
11-02 23:27:45.919104   416   416 D SKGHAL  : sendAmbientEvent: done: enable = 0
--------- switch to kernel
11-02 23:27:45.843156     0     0 I         : [touch]FB_BLANK_VSYNC_SUSPEND
11-02 23:27:45.843174     0     0 I         : [touch]Already in suspend state
--------- switch to main
11-02 23:27:45.920977  1686  1823 D SidekickService:    ... endDisplay returns void
11-02 23:27:45.921733  1686  1686 I SidekickService: loadBrightnessLocked()
11-02 23:27:45.922848   545   545 D SurfaceFlinger: Set power mode=2, type=0 flinger=0xb6bb6000
11-02 23:27:45.923210  1686  1686 D SidekickService: screenBrightness  = 50
11-02 23:27:45.923720   504   762 I SDM     : DisplayBase::SetDisplayState: Set state = 1, display 0
11-02 23:27:45.924342  1686  1686 D SidekickService: sendConfigValuesLocked(): alsThresholds = [40, 92, 95, 100, 125, 150, 175, 200, 225, 250, 300, 400, 500, 800, 1200], brightnessValuesBright = [50, 56, 60, 70, 80, 90, 100, 115, 120, 140, 160, 180, 200, 220, 240, 255], brightnessValuesDim= [50, 56, 60, 70, 80, 90, 100, 115, 120, 140, 160, 180, 200, 220, 240, 255]
11-02 23:27:45.936236   545   545 D SurfaceFlinger: Finished set power mode=2, type=0
--------- switch to system
11-02 23:27:45.938354  1686  1712 W PowerManagerService: Screen on took 629 ms
11-02 23:27:45.938595  1686  1712 I DreamManagerService: Gently waking up from dream.
11-02 23:27:45.939211  1686  1708 I DreamManagerService: Performing gentle wake from dream.
--------- switch to kernel
11-02 23:27:45.857129     0     0 I mdss_dsi_panel_set_idle_mode: Idle (1->0)
11-02 23:27:45.858022     0     0 I         : [touch]FB_BLANK_UNBLANK
11-02 23:27:45.858028     0     0 I         : [touch]raydium_ts_do_resume, 1.
11-02 23:27:45.860077     0     0 I         : [ raydium ]workqueue is empty!
11-02 23:27:45.860979     0     0 I         : [touch] raydium_esd_check
11-02 23:27:45.860991     0     0 I raydium_ts 5-0039: [touch]Already enable irq
11-02 23:27:45.860994     0     0 I         : [touch]Device may wakeup
--------- switch to main
11-02 23:27:45.949126  1686  1686 D SidekickService: setAlsMode(): mode = 2, brightenAlpha = 80, dimmingAlpha = 80
11-02 23:27:45.964065  1686  1686 D SidekickService: setTwmConfig():: msTiltToBright = 10000, tiltToBright = false
11-02 23:27:45.965619  1686  1686 I WearPower: [WearTouchMediator] changing touch input to enabled (ON_AUTO)
11-02 23:27:45.966822  1686  1759 I InputReader: Reconfiguring input devices.  changes=0x00000200
--------- switch to system
11-02 23:27:45.967016  1686  1686 V DreamService[AmbientDream]: wakeUp(): fromSystem=true, mWaking=false, mFinished=false
11-02 23:27:45.967114  1686  1686 V DreamService[AmbientDream]: finish(): mFinished=false
11-02 23:27:45.967204  1686  1686 I DreamManagerService: Leaving dreamland.
11-02 23:27:45.968951  1686  1708 I DreamManagerService: Performing gentle wake from dream.
11-02 23:27:45.969132  1686  1708 I DreamController: Stopping dream: name=ComponentInfo{com.google.android.wearable.ambient/com.google.android.wearable.ambient.AmbientDream}, isTest=false, canDoze=true, userId=0
11-02 23:27:45.978903  1686  1686 V DreamService[AmbientDream]: detach(): Calling onDreamingStopped()
--------- switch to main
11-02 23:27:45.979071  1686  1686 I AmbientService: [ce6a28c] doOnDreamingStopped
11-02 23:27:45.979194  1686  1686 D WristGestureCtrl: Starting: GesturesEnabled-false UngazeEnabled-true
11-02 23:27:45.979257  1686  1686 D DefaultUngazeDetector: starting
11-02 23:27:45.979331  1686  1686 D DefaultUngazeDetector: startUngazeStateEstimation(). startTime = 23545409
11-02 23:27:45.979619  1686  1686 W AlarmManagerProxy: Removing unknown listener
--------- switch to kernel
11-02 23:27:45.897680     0     0 I init    : processing action (ro.enable_core_ctl=true && sys.cw_corectl_mode=idle) from (/vendor/etc/init/hw/init.qcom.rc:949)
--------- switch to main
11-02 23:27:45.981192   512   512 I sensors-hal: batch:140, android.sensor.accelerometer/48, period=19231000, max_latency=100000000
11-02 23:27:45.981623  1686  1686 I AmbientService: [ce6a28c] No auto-resume Activity.
11-02 23:27:45.983335   512   512 I sensors-hal: batch:149, android.sensor.accelerometer/48, period=19231000, max_latency=100000000 request completed
--------- switch to system
11-02 23:27:45.984643  1686  1686 W ContextImpl: Calling a method in the system process without a qualified user: android.app.ContextImpl.sendBroadcast:1020 android.content.ContextWrapper.sendBroadcast:449 com.google.android.wearable.ambient.AmbientDream.onDestroy:273 android.app.ActivityThread.handleStopService:3698 android.app.ActivityThread.access$1700:200 
--------- switch to main
11-02 23:27:45.985090   512   512 I sensors-hal: flush:169, android.sensor.accelerometer/48
11-02 23:27:45.986204  1686  1686 E AlarmManager: cancel() called with a null PendingIntent
--------- switch to system
11-02 23:27:45.986669  1686  1686 V DreamService[AmbientDream]: onDestroy()
--------- switch to main
11-02 23:27:45.986742  2520  2520 D HOME    : [HomeVisitsLogger]Logging streamlet event: visit_start
11-02 23:27:45.987008  2520  2520 D HOME    : [HomeVisitsLogger]Logging streamlet event: exit_ambient_mode
11-02 23:27:45.987239  1686  1686 D WristGestureCtrl: Stopping detectors: GesturesEnabled-false gestureDetector-false ungazeEnabled-true ungaze-true
11-02 23:27:45.987329  1686  1686 D DefaultUngazeDetector: stopping
11-02 23:27:45.987423  1686  1686 I AmbientService: [ce6a28c] Timeout alarm not required, auto-resume timeout handled by dream.
11-02 23:27:45.987434  2520  2520 D HOME    : [HotwordController]updateClient MODE_WATCH_FACE false false false true
11-02 23:27:45.988382  2520  2520 D HOME    : [WatchFaceUiController]setInAmbientMode false
11-02 23:27:45.988547  2520  2520 D HOME    : [WatchFaceUiController]sendWatchFaceServiceBinder
11-02 23:27:45.988970   512   512 I sensors-hal: flush:175, android.sensor.accelerometer/48 completed
11-02 23:27:45.990735   512   512 I sensors-hal: batch:140, android.sensor.accelerometer/48, period=66667000, max_latency=100000000
11-02 23:27:45.994373   512   512 I sensors-hal: batch:149, android.sensor.accelerometer/48, period=66667000, max_latency=100000000 request completed
11-02 23:27:45.994541  2520  2520 D HOME    : [WatchFaceUiController]sendStateToWallpaper
11-02 23:27:45.999499  2520  2520 D HOME    : [WatchFaceUiController]Showing watch face wallpaper.
11-02 23:27:45.999738  2520  2520 D HOME    : [WatchFaceUiController]sendStateToWallpaper
11-02 23:27:46.002994  2520  2520 D HOME    : [StreamDBQueue]Promised revision #2808 to queue a new op
11-02 23:27:46.003303  2520  2520 D WatchStreamManager: Promised rank-blocked=true @ r#2808
11-02 23:27:46.003830  2520  2520 D HOME    : [StreamDBQueue]Promised revision #2809 to queue a new op
11-02 23:27:46.004000  2520  2520 D WatchStreamManager: Promised rank-blocked=true @ r#2809
11-02 23:27:46.004656  2520  2520 D HOME    : [TilesController]Tile refresh optimization is enabled.
11-02 23:27:46.005149  2520  2520 D HOME    : [EventBus]Wrapper pool is full. Discarding excess wrapper instance for event com.google.android.clockwork.sysui.events.KeyguardStateEvent
11-02 23:27:46.005267  2520  2520 D HOME    : [WatchFaceUiController]sendStateToWallpaper
11-02 23:27:46.005293  3205  3434 W WorkController: Loading failed for worker [trainingcache]: worker not found
11-02 23:27:46.006553  3205  3372 W A       : TrainingCache cache SCREEN_OFF failure
11-02 23:27:46.006553  3205  3372 W A       : com.google.android.apps.gsa.search.core.service.h.a.a: No worker found for Worker ID [trainingcache].
11-02 23:27:46.006553  3205  3372 W A       : 	at com.google.android.apps.gsa.search.core.service.g.a.c.a(Unknown Source:5)
11-02 23:27:46.006553  3205  3372 W A       : 	at com.google.android.libraries.gsa.c.a.d.a(Unknown Source:3)
11-02 23:27:46.006553  3205  3372 W A       : 	at com.google.common.p.a.cg.c(Unknown Source:2)
11-02 23:27:46.006553  3205  3372 W A       : 	at com.google.common.p.a.bk.run(SourceFile:3)
11-02 23:27:46.006553  3205  3372 W A       : 	at com.google.common.p.a.ci.run(Unknown Source:4)
11-02 23:27:46.006553  3205  3372 W A       : 	at com.google.apps.tiktok.concurrent.ab.run(SourceFile:1)
11-02 23:27:46.006553  3205  3372 W A       : 	at java.util.concurrent.ThreadPoolExecutor.runWorker(ThreadPoolExecutor.java:1167)
11-02 23:27:46.006553  3205  3372 W A       : 	at java.util.concurrent.ThreadPoolExecutor$Worker.run(ThreadPoolExecutor.java:641)
11-02 23:27:46.006553  3205  3372 W A       : 	at com.google.apps.tiktok.concurrent.c.run(Unknown Source:4)
11-02 23:27:46.006553  3205  3372 W A       : 	at java.lang.Thread.run(Thread.java:764)
11-02 23:27:46.006983  2520  2520 D HOME    : [EventBus]Wrapper pool is full. Discarding excess wrapper instance for event com.google.android.clockwork.sysui.events.KeyguardStateEvent
--------- switch to kernel
11-02 23:27:45.975432     0     0 I         : [touch]palm_status = 1.
--------- switch to main
11-02 23:27:46.007201  2520  2520 D HOME    : [EventBus]Wrapper pool is full. Discarding excess wrapper instance for event com.google.android.clockwork.sysui.events.KeyguardStateEvent
11-02 23:27:46.007245  2520  9131 D HOME    : [WatchStreamDB]Item alerting conditions - isInterruptive: false, recentlyInterrupted: false, isItemPinned: false, isUnread: false
11-02 23:27:46.008854  2520  9131 D HOME    : [StreamAlertingRegulator]isTheaterModeEnabled: false, isAlertingAllowedByOffBody: true, matchesLocalInterruptionFilter: true
11-02 23:27:46.009413  2520  9131 D HOME    : [WatchStreamDB]couldItemAlert: false, isTopItemChanged: false, isDeferralForTopItem: false
--------- switch to kernel
11-02 23:27:45.986117     0     0 I CPU3    : update max cpu_capacity 1024
--------- switch to main
11-02 23:27:46.013603  2520  2520 D HOME    : [WatchFaceUiController]sendStateToWallpaper
--------- switch to kernel
11-02 23:27:46.027769     0     0 I CPU2    : shutdown
--------- switch to main
11-02 23:27:46.015588  2520  9131 D HOME    : [WatchStreamDB]Item alerting conditions - isInterruptive: false, recentlyInterrupted: false, isItemPinned: false, isUnread: false
11-02 23:27:46.018114  2520  2520 W StaticLayout: maxLineHeight should not be -1.  maxLines:1 lineCount:1
11-02 23:27:46.018800  2520  9131 D HOME    : [StreamAlertingRegulator]isTheaterModeEnabled: false, isAlertingAllowedByOffBody: true, matchesLocalInterruptionFilter: true
11-02 23:27:46.019207  2520  9131 D HOME    : [WatchStreamDB]couldItemAlert: false, isTopItemChanged: false, isDeferralForTopItem: false
11-02 23:27:46.048932  2520  2520 D HOME    : [StreamDBQueue]Promised revision #2810 to queue a new op
11-02 23:27:46.049306  2520  2520 D WatchStreamManager: Promised rank-blocked=false @ r#2810
11-02 23:27:46.050115  2520  2520 D HOME    : [CompactHunStarter]detachWindow()
11-02 23:27:46.051065  2520  7941 D HOME    : [WatchStreamDB]Item alerting conditions - isInterruptive: false, recentlyInterrupted: false, isItemPinned: false, isUnread: false
11-02 23:27:46.051885  2520  9131 D HOME    : [StreamDBQueue]Promised revision #2811 to queue a new op
11-02 23:27:46.052106  2520  9131 D WatchStreamManager: Promised rerank @ r#2811
11-02 23:27:46.054664  2520  7941 D HOME    : [StreamAlertingRegulator]isTheaterModeEnabled: false, isAlertingAllowedByOffBody: true, matchesLocalInterruptionFilter: true
11-02 23:27:46.056613  2520  7941 D HOME    : [WatchStreamDB]couldItemAlert: false, isTopItemChanged: false, isDeferralForTopItem: false
11-02 23:27:46.057227  2520  7941 D HOME    : [WatchStreamDB]updateRanking()
11-02 23:27:46.057845  2520  7941 D HOME    : [WatchStreamDB]Item alerting conditions - isInterruptive: false, recentlyInterrupted: false, isItemPinned: false, isUnread: false
11-02 23:27:46.058212  2520  7941 D HOME    : [StreamAlertingRegulator]isTheaterModeEnabled: false, isAlertingAllowedByOffBody: true, matchesLocalInterruptionFilter: true
11-02 23:27:46.058483  2520  7941 D HOME    : [WatchStreamDB]couldItemAlert: false, isTopItemChanged: false, isDeferralForTopItem: false
11-02 23:27:46.059631  2520  7941 D HOME    : [NewStreamAdapter]Publishing revision #2811 to adapter clients
--------- switch to kernel
11-02 23:27:46.030052     0     0 I init    : Command 'write /sys/devices/system/cpu/cpu2/online 0' action=ro.enable_core_ctl=true && sys.cw_corectl_mode=idle (/vendor/etc/init/hw/init.qcom.rc:951) took 132ms and succeeded
--------- switch to main
11-02 23:27:46.083558  1686  1799 E WifiStateMachine: getWifiLinkLayerStats called without an interface
11-02 23:27:46.095333  2520  2520 D HOME    : [WatchFaceUiController]sendWatchFaceServiceBinder
11-02 23:27:46.100338  1686  1686 W AlarmManager: Unrecognized alarm listener com.android.server.job.controllers.-$$Lambda$IdleController$IdlenessTracker$nTdS-lGBXcES5VWKcJFmQFgU7IU@1ab437a
11-02 23:27:46.100396  2520  2520 D HOME    : [WatchFaceUiController]sendProperties
11-02 23:27:46.102592  2520  2520 D HOME    : [WatchFaceUiController]sendStateToWallpaper
11-02 23:27:46.118526  1686  1686 I WearPower: [WearTouchMediator] changing touch input to enabled (ON_AUTO)
11-02 23:27:46.120161  1686  1759 I InputReader: Reconfiguring input devices.  changes=0x00000200
--------- switch to kernel
11-02 23:27:46.095677     0     0 I CPU1    : update max cpu_capacity 748
11-02 23:27:46.110033     0     0 W         : IRQ16 no longer affine to CPU3
11-02 23:27:46.110080     0     0 W         : IRQ93 no longer affine to CPU3
11-02 23:27:46.110810     0     0 I CPU3    : shutdown
11-02 23:27:46.112761     0     0 I init    : Command 'write /sys/devices/system/cpu/cpu3/online 0' action=ro.enable_core_ctl=true && sys.cw_corectl_mode=idle (/vendor/etc/init/hw/init.qcom.rc:952) took 82ms and succeeded
11-02 23:27:46.115787     0     0 I init    : processing action (ro.enable_core_ctl=true && sys.cw_corectl_mode=perf) from (/vendor/etc/init/hw/init.qcom.rc:954)
--------- switch to main
11-02 23:27:46.192002  1686  1686 D WristGestureCtrl: Starting: GesturesEnabled-false UngazeEnabled-true
11-02 23:27:46.192082  1686  1686 D DefaultUngazeDetector: starting
11-02 23:27:46.192138  1686  1686 D DefaultUngazeDetector: startUngazeStateEstimation(). startTime = 23545622
11-02 23:27:46.192260  1686  1686 W AlarmManagerProxy: Removing unknown listener
11-02 23:27:46.193529  1686  1686 W DefaultSettingsContentR: Value for ambient_low_bit_enabled not stored as number. Attempting parse as boolean.
11-02 23:27:46.193966   512  1749 I sensors-hal: batch:140, android.sensor.accelerometer/48, period=19231000, max_latency=100000000
11-02 23:27:46.199041   512  1749 I sensors-hal: batch:149, android.sensor.accelerometer/48, period=19231000, max_latency=100000000 request completed
11-02 23:27:46.205179   512  1749 I sensors-hal: flush:169, android.sensor.accelerometer/48
11-02 23:27:46.208369   512  1749 I sensors-hal: flush:175, android.sensor.accelerometer/48 completed
11-02 23:27:46.213887  3205  3434 W WorkController: Loading failed for worker [trainingcache]: worker not found
11-02 23:27:46.214974  3205  3294 W A       : TrainingCache cache SCREEN_ON failure
11-02 23:27:46.214974  3205  3294 W A       : com.google.android.apps.gsa.search.core.service.h.a.a: No worker found for Worker ID [trainingcache].
11-02 23:27:46.214974  3205  3294 W A       : 	at com.google.android.apps.gsa.search.core.service.g.a.c.a(Unknown Source:5)
11-02 23:27:46.214974  3205  3294 W A       : 	at com.google.android.libraries.gsa.c.a.d.a(Unknown Source:3)
11-02 23:27:46.214974  3205  3294 W A       : 	at com.google.common.p.a.cg.c(Unknown Source:2)
11-02 23:27:46.214974  3205  3294 W A       : 	at com.google.common.p.a.bk.run(SourceFile:3)
11-02 23:27:46.214974  3205  3294 W A       : 	at com.google.common.p.a.ci.run(Unknown Source:4)
11-02 23:27:46.214974  3205  3294 W A       : 	at com.google.apps.tiktok.concurrent.ab.run(SourceFile:1)
11-02 23:27:46.214974  3205  3294 W A       : 	at java.util.concurrent.ThreadPoolExecutor.runWorker(ThreadPoolExecutor.java:1167)
11-02 23:27:46.214974  3205  3294 W A       : 	at java.util.concurrent.ThreadPoolExecutor$Worker.run(ThreadPoolExecutor.java:641)
11-02 23:27:46.214974  3205  3294 W A       : 	at com.google.apps.tiktok.concurrent.c.run(Unknown Source:4)
11-02 23:27:46.214974  3205  3294 W A       : 	at java.lang.Thread.run(Thread.java:764)
11-02 23:27:46.240086  2520  2520 D HOME    : [StreamDBQueue]Promised revision #2812 to queue a new op
11-02 23:27:46.240421  2520  2520 D WatchStreamManager: Promised rank-blocked=true @ r#2812
11-02 23:27:46.241151  2520  9131 D HOME    : [WatchStreamDB]Item alerting conditions - isInterruptive: false, recentlyInterrupted: false, isItemPinned: false, isUnread: false
11-02 23:27:46.241594  2520  9131 D HOME    : [StreamAlertingRegulator]isTheaterModeEnabled: false, isAlertingAllowedByOffBody: true, matchesLocalInterruptionFilter: true
11-02 23:27:46.241853  2520  9131 D HOME    : [WatchStreamDB]couldItemAlert: false, isTopItemChanged: false, isDeferralForTopItem: false
--------- switch to kernel
11-02 23:27:46.127512     0     0 I CPU2    : update cpu_capacity 1024
11-02 23:27:46.156345     0     0 I CPU3    : update cpu_capacity 1024
11-02 23:27:46.156969     0     0 I CPU2    : update max cpu_capacity 1024
--------- switch to system
11-02 23:27:50.310688  1686  1712 I PowerManagerService: Going to sleep due to screen timeout (uid 1000)...
11-02 23:27:50.311262  1686  1686 W UsageStatsService: Event reported without a package name
11-02 23:27:50.312000  1686  1712 I DreamManagerService: Entering dreamland.
11-02 23:27:50.312880  1686  1712 I PowerManagerService: Dozing...
11-02 23:27:50.326385  1686  1708 I DreamController: Starting dream: name=ComponentInfo{com.google.android.wearable.ambient/com.google.android.wearable.ambient.AmbientDream}, isTest=false, canDoze=true, userId=0
11-02 23:27:50.341337  1686  1686 W ContextImpl: Calling a method in the system process without a qualified user: android.app.ContextImpl.bindService:1611 android.content.ContextWrapper.bindService:698 com.google.android.wearable.ambient.AmbientDream.onCreate:191 android.app.ActivityThread.handleCreateService:3533 android.app.ActivityThread.access$1300:200 
11-02 23:27:50.344148  1686  1686 W ContextImpl: Calling a method in the system process without a qualified user: android.app.ContextImpl.sendBroadcast:1005 android.content.ContextWrapper.sendBroadcast:444 com.google.android.wearable.ambient.AmbientDream.onCreate:241 android.app.ActivityThread.handleCreateService:3533 android.app.ActivityThread.access$1300:200 
11-02 23:27:50.344797  1686  1686 V DreamService[AmbientDream]: onBind() intent = Intent { act=android.service.dreams.DreamService flg=0x800000 cmp=com.google.android.wearable.ambient/.AmbientDream }
--------- switch to main
11-02 23:27:50.346120  1686  1686 I AmbientService: [ce6a28c] Ambient Created
--------- switch to system
11-02 23:27:50.346979  1686  1686 V DreamService[AmbientDream]: Calling onDreamingStarted()
--------- switch to main
11-02 23:27:50.347108  1686  1686 I AmbientService: [ce6a28c] doOnDreamingStarted
11-02 23:27:50.347524  1686  1686 D SidekickService: setShouldControlDisplay called: true
11-02 23:27:50.348413  1686  1686 I AmbientService: [ce6a28c] Selected running activity for ambient mode: AmbientActivity[component=ComponentInfo{com.google.android.wearable.app/com.google.android.clockwork.home2.activity.HomeActivity2}, callbacks=@210b385, running=true, ambientRequested=true, ambientEnabled=true, offloadEnabled=true]
11-02 23:27:50.349050  1686  1686 I AmbientService: [ce6a28c] Sidekick is ready to display, requesting doze.
11-02 23:27:50.349583  1686  1686 I AmbientService: [ce6a28c] No auto-resume Activity.
11-02 23:27:50.352340  1686  1686 W DefaultSettingsContentR: Value for ambient_low_bit_enabled not stored as number. Attempting parse as boolean.
11-02 23:27:50.352530  2520  2520 D HOME    : [HomeVisitsLogger]Logging streamlet event: enter_ambient_mode
11-02 23:27:50.353155  2520  9393 D HOME    : [HomeVisitsLogger]Logging streamlet event: visit_end
11-02 23:27:50.353175  2520  2520 D HOME    : [HotwordController]updateClient MODE_WATCH_FACE false true false true
11-02 23:27:50.354268  2520  2520 D HOME    : [WatchFaceUiController]setInAmbientMode true
11-02 23:27:50.356290  2520  2520 D HOME    : [StreamDBQueue]Promised revision #2813 to queue a new op
11-02 23:27:50.356521  2520  2520 D WatchStreamManager: Promised rank-blocked=false @ r#2813
11-02 23:27:50.356920  2520  2520 D HOME    : [StreamDBQueue]Promised revision #2814 to queue a new op
11-02 23:27:50.356921  2520  9131 D HOME    : [WatchStreamDB]Item alerting conditions - isInterruptive: false, recentlyInterrupted: false, isItemPinned: false, isUnread: false
11-02 23:27:50.357050  2520  2520 D WatchStreamManager: Promised rank-blocked=false @ r#2814
11-02 23:27:50.357222  2520  9131 D HOME    : [StreamAlertingRegulator]isTheaterModeEnabled: false, isAlertingAllowedByOffBody: true, matchesLocalInterruptionFilter: true
11-02 23:27:50.357471  2520  9131 D HOME    : [WatchStreamDB]couldItemAlert: false, isTopItemChanged: false, isDeferralForTopItem: false
11-02 23:27:50.357840  2520  2520 D HOME    : [EventBus]Wrapper pool is full. Discarding excess wrapper instance for event com.google.android.clockwork.sysui.events.KeyguardStateEvent
11-02 23:27:50.357960  2520  2520 D HOME    : [WatchFaceUiController]sendStateToWallpaper
11-02 23:27:50.360650  2520  2520 D HOME    : [EventBus]Wrapper pool is full. Discarding excess wrapper instance for event com.google.android.clockwork.sysui.events.KeyguardStateEvent
11-02 23:27:50.361228  2520  2520 D HOME    : [EventBus]Wrapper pool is full. Discarding excess wrapper instance for event com.google.android.clockwork.sysui.events.KeyguardStateEvent
11-02 23:27:50.364027  1686  1686 I AmbientService: [ce6a28c] Showing watch face in offload mode, canceling alarm.
11-02 23:27:50.364077  2520  9575 D HOME    : [StreamDBQueue]Promised revision #2815 to queue a new op
11-02 23:27:50.364144  1686  1686 W AlarmManagerProxy: Removing unknown listener
11-02 23:27:50.364267  2520  9575 D WatchStreamManager: Promised rerank @ r#2815
11-02 23:27:50.364372  1686  1686 D WristGestureCtrl: Stopping detectors: GesturesEnabled-false gestureDetector-false ungazeEnabled-true ungaze-true
11-02 23:27:50.364422  1686  1686 D DefaultUngazeDetector: stopping
11-02 23:27:50.364657  2520  9393 I SidekickManager: replaceWatchFaceComponentsImpl(): watchFace = com.google.android.clockwork.decomposablewatchface.WatchFaceDecomposition@7c89919
11-02 23:27:50.366353   512  1749 I sensors-hal: batch:140, android.sensor.accelerometer/48, period=66667000, max_latency=100000000
11-02 23:27:50.369341  2520  2520 W StaticLayout: maxLineHeight should not be -1.  maxLines:1 lineCount:1
11-02 23:27:50.371828  2520  9131 D HOME    : [WatchStreamDB]Item alerting conditions - isInterruptive: false, recentlyInterrupted: false, isItemPinned: false, isUnread: false
11-02 23:27:50.372276  2520  9131 D HOME    : [StreamAlertingRegulator]isTheaterModeEnabled: false, isAlertingAllowedByOffBody: true, matchesLocalInterruptionFilter: true
11-02 23:27:50.372583  2520  9131 D HOME    : [WatchStreamDB]couldItemAlert: false, isTopItemChanged: false, isDeferralForTopItem: false
11-02 23:27:50.373065  2520  9131 D HOME    : [WatchStreamDB]updateRanking()
11-02 23:27:50.373632  2520  9131 D HOME    : [WatchStreamDB]Item alerting conditions - isInterruptive: false, recentlyInterrupted: false, isItemPinned: false, isUnread: false
11-02 23:27:50.373967  2520  9131 D HOME    : [StreamAlertingRegulator]isTheaterModeEnabled: false, isAlertingAllowedByOffBody: true, matchesLocalInterruptionFilter: true
11-02 23:27:50.374180  2520  9131 D HOME    : [WatchStreamDB]couldItemAlert: false, isTopItemChanged: false, isDeferralForTopItem: false
11-02 23:27:50.374739  2520  9131 D HOME    : [NewStreamAdapter]Publishing revision #2815 to adapter clients
11-02 23:27:50.375268   512  1749 I sensors-hal: batch:149, android.sensor.accelerometer/48, period=66667000, max_latency=100000000 request completed
11-02 23:27:50.375585  1686  2896 D SidekickService: sendWatchFaceComponents called: watchFace = com.google.android.clockwork.decomposablewatchface.WatchFaceDecomposition@cc16cc9shouldReplace = false
11-02 23:27:50.375802  1686  2896 D SidekickService: Check decomposition for calling app com.google.android.wearable.app with uid 10049
11-02 23:27:50.376210  1686  2896 D SidekickService: sendWatchFaceLocked(): shouldReplace = false, mSidekickIsControlling = false, 1 images, 0 fonts, 0 numbers, 0 proportionalFonts, 0 strings
11-02 23:27:50.376291  1686  2896 D SidekickService: ISidekickGraphics#beginResources()...
11-02 23:27:50.376716  2520  9575 D HOME    : [StreamDBQueue]Promised revision #2816 to queue a new op
11-02 23:27:50.377042  2520  9575 D WatchStreamManager: Promised rerank @ r#2816
11-02 23:27:50.377478  1686  2896 D SidekickServiceUtils: bitmapFromDrawable: Returning bitmap directly
11-02 23:27:50.377497  2520  9131 D HOME    : [WatchStreamDB]updateRanking()
11-02 23:27:50.378420  2520  9131 D HOME    : [WatchStreamDB]Item alerting conditions - isInterruptive: false, recentlyInterrupted: false, isItemPinned: false, isUnread: false
11-02 23:27:50.379046  2520  9131 D HOME    : [StreamAlertingRegulator]isTheaterModeEnabled: false, isAlertingAllowedByOffBody: true, matchesLocalInterruptionFilter: true
11-02 23:27:50.379525  2520  9131 D HOME    : [WatchStreamDB]couldItemAlert: false, isTopItemChanged: false, isDeferralForTopItem: false
11-02 23:27:50.381972  1686  2896 D SidekickService: sendBitmapsLocked(): bounds = RectF(0.0, 0.0, 0.0024038462, 0.0024038462), drawableInfo = {.id = 100000, .width = 1, .height = 1, .display = true, .offsetX = 0.0, .offsetY = 0.0, .rotationInfo = {.hasRotation = false, .pivotX = 0.0, .pivotY = 0.0, .degreesPerDay = 0.0, .degreesPerStep = 0.0, .zeroDegreesTime = {.daysSinceLocalEpoch = 0, .msSinceMidnight = 0}}, .transformInfo = {.transformed = false, .flipX = false, .flipY = false, .flip45 = false, .scaleX = 0.0, .scaleY = 0.0}, .type = GENERIC, .blink = {.blinking = false, .periodOnMs = 0.0, .periodOffMs = 0.0, .startTime = {.daysSinceLocalEpoch = 0, .msSinceMidnight = 0}}, .zOrder = 8, .displayInTwm = true}, image.size() = 84
11-02 23:27:50.382969   416  2389 D SKGHAL  : saveResource: resId = 100000
11-02 23:27:50.383532  1686  2896 D SidekickService: sendBitmapsLocked(): status = 0, bytesUsed = 18
11-02 23:27:50.383796  1686  2896 D SidekickService: ISidekickGraphics#endResources()...
11-02 23:27:50.384716  2520  9131 D HOME    : [NewStreamAdapter]Publishing revision #2816 to adapter clients
11-02 23:27:50.392118   512  1749 I sensors-hal: activate:107, android.sensor.light/46 en=0
11-02 23:27:50.393186   512  1749 I sensors-hal: activate:118, android.sensor.light/46 en=0 completed
--------- switch to kernel
11-02 23:27:46.196126     0     0 I CPU2    : update max cpu_capacity 1024
11-02 23:27:50.309144     0     0 E FG      : fg_psy_get_property: unsupported property 7
--------- switch to main
11-02 23:27:50.394216  1956  1956 D QtiCarrierConfigHelper: WARNING, no carrier configs on phone Id: 0
--------- switch to kernel
11-02 23:27:50.311912     0     0 W healthd : battery l=45 v=3763 t=33.0 h=2 st=3 c=155 fc=443000 cc=0 chg=
--------- switch to main
11-02 23:27:50.396496  2520  2520 D HOME    : [BatteryChange]action: android.intent.action.BATTERY_CHANGED
11-02 23:27:50.396954  2520  9575 D HOME    : [BatteryChange]HandleBatteryChangedTask
11-02 23:27:50.397284  2520  9575 D HOME    : [BatteryChange]level: 45, status: 3
--------- switch to system
11-02 23:27:50.408659  1686  1710 I DisplayManagerService: Display device changed state: "Écran intégré", DOZE_SUSPEND
--------- switch to main
11-02 23:27:50.414797   545   545 D SurfaceFlinger: Set power mode=3, type=0 flinger=0xb6bb6000
11-02 23:27:50.415467   504   762 I SDM     : DisplayBase::SetDisplayState: Set state = 3, display 0
11-02 23:27:50.424555  1686  1759 I InputReader: Reconfiguring input devices.  changes=0x00000004
11-02 23:27:50.467150   545   545 D SurfaceFlinger: Finished set power mode=3, type=0
--------- switch to kernel
11-02 23:27:50.341288     0     0 I mdss_dsi_panel_set_idle_mode: Idle (0->1)
11-02 23:27:50.388750     0     0 W mdss_resync_timeline: flush mdss_fb_0:1 TL(Nxt 54528 , Crnt 54527)
11-02 23:27:50.388774     0     0 I         : [touch]FB_BLANK_VSYNC_SUSPEND
11-02 23:27:50.388779     0     0 I         : [touch]irq disable
11-02 23:27:50.388784     0     0 I         : [touch]workqueue is empty!
11-02 23:27:50.388786     0     0 I         : [touch]raydium_ts_do_suspend.
11-02 23:27:50.388795     0     0 I         : [touch]Device may wakeup
11-02 23:27:50.392514     0     0 I         : [touch]irq enable
--------- switch to system
11-02 23:27:50.511642  1686  1759 I PowerManagerService: Waking up from dozing (uid=1000 reason=android.policy:MOTION)...
11-02 23:27:50.512302  1686  1686 W UsageStatsService: Event reported without a package name
11-02 23:27:50.514275  2520  2520 W ViewRootImpl[HomeActivity2]: Dropping event due to no window focus: MotionEvent { action=ACTION_HOVER_ENTER, actionButton=0, id[0]=0, x[0]=100.0, y[0]=100.0, toolType[0]=TOOL_TYPE_FINGER, buttonState=0, metaState=0, flags=0x0, edgeFlags=0x0, pointerCount=1, historySize=0, eventTime=2118571, downTime=1980708, deviceId=1, source=0x1002 }
--------- switch to kernel
