11-02 21:14:13.405001  1686  1702 W BroadcastQueue: Background execution not allowed: receiving Intent { act=android.intent.action.DROPBOX_ENTRY_ADDED flg=0x10 (has extras) } to com.google.android.gms/.stats.service.DropBoxEntryAddedReceiver
11-02 21:14:13.405503  1686  1702 W BroadcastQueue: Background execution not allowed: receiving Intent { act=android.intent.action.DROPBOX_ENTRY_ADDED flg=0x10 (has extras) } to com.google.android.gms/.chimera.GmsIntentOperationService$PersistentTrustedReceiver
11-02 21:14:13.412413  1686  1702 W BroadcastQueue: Background execution not allowed: receiving Intent { act=android.intent.action.DROPBOX_ENTRY_ADDED flg=0x10 (has extras) } to com.google.android.gms/.stats.service.DropBoxEntryAddedReceiver
11-02 21:14:13.412941  1686  1702 W BroadcastQueue: Background execution not allowed: receiving Intent { act=android.intent.action.DROPBOX_ENTRY_ADDED flg=0x10 (has extras) } to com.google.android.gms/.chimera.GmsIntentOperationService$PersistentTrustedReceiver
--------- switch to main
11-02 21:14:13.474548  3338  3983 I Checkin : [ServiceDumpSys] dumping service [batterystats]
11-02 21:14:13.474842   512  8315 I sensors-hal: handle_indication_realtime:355,  SCHED_FIFO(10) for qmi_cbk
--------- switch to system
11-02 21:14:13.485339  1686  1706 E BatteryExternalStatsWorker: no controller energy info supplied for wifi
11-02 21:14:13.533521  1686  1702 W BroadcastQueue: Background execution not allowed: receiving Intent { act=android.intent.action.DROPBOX_ENTRY_ADDED flg=0x10 (has extras) } to com.google.android.gms/.stats.service.DropBoxEntryAddedReceiver
11-02 21:14:13.534985  1686  1702 W BroadcastQueue: Background execution not allowed: receiving Intent { act=android.intent.action.DROPBOX_ENTRY_ADDED flg=0x10 (has extras) } to com.google.android.gms/.chimera.GmsIntentOperationService$PersistentTrustedReceiver
11-02 21:14:13.634895  1686  1702 W BroadcastQueue: Background execution not allowed: receiving Intent { act=android.intent.action.DROPBOX_ENTRY_ADDED flg=0x10 (has extras) } to com.google.android.gms/.stats.service.DropBoxEntryAddedReceiver
11-02 21:14:13.635860  1686  1702 W BroadcastQueue: Background execution not allowed: receiving Intent { act=android.intent.action.DROPBOX_ENTRY_ADDED flg=0x10 (has extras) } to com.google.android.gms/.chimera.GmsIntentOperationService$PersistentTrustedReceiver
--------- switch to main
11-02 21:14:13.639300  3338  3983 I Checkin : [ServiceDumpSys] dumping service [package]
--------- switch to system
11-02 21:14:13.675279  1686  1702 W BroadcastQueue: Background execution not allowed: receiving Intent { act=android.intent.action.DROPBOX_ENTRY_ADDED flg=0x10 (has extras) } to com.google.android.gms/.stats.service.DropBoxEntryAddedReceiver
--------- switch to main
11-02 21:14:13.675749  3338  3983 I Checkin : [ServiceDumpSys] dumping service [procstats]
--------- switch to system
11-02 21:14:13.675917  1686  1702 W BroadcastQueue: Background execution not allowed: receiving Intent { act=android.intent.action.DROPBOX_ENTRY_ADDED flg=0x10 (has extras) } to com.google.android.gms/.chimera.GmsIntentOperationService$PersistentTrustedReceiver
11-02 21:14:13.689744  1686  1702 W BroadcastQueue: Background execution not allowed: receiving Intent { act=android.intent.action.DROPBOX_ENTRY_ADDED flg=0x10 (has extras) } to com.google.android.gms/.stats.service.DropBoxEntryAddedReceiver
11-02 21:14:13.692020  1686  1702 W BroadcastQueue: Background execution not allowed: receiving Intent { act=android.intent.action.DROPBOX_ENTRY_ADDED flg=0x10 (has extras) } to com.google.android.gms/.chimera.GmsIntentOperationService$PersistentTrustedReceiver
--------- switch to main
11-02 21:14:13.699649  3316  6095 I NetworkScheduler.Stats: Task com.google.android.gms/com.google.android.gms.checkin.EventLogService finished executing. cause:4 result: 1 elapsed_millis: 769 uptime_millis: 770 exec_start_elapsed_seconds: 15532 [CONTEXT service_id=218 ]
--------- switch to system
11-02 21:14:17.468466  1686  1712 I PowerManagerService: Going to sleep due to screen timeout (uid 1000)...
11-02 21:14:17.469157  1686  1686 W UsageStatsService: Event reported without a package name
11-02 21:14:17.470293  1686  1712 I DreamManagerService: Entering dreamland.
11-02 21:14:17.471040  1686  1712 I PowerManagerService: Dozing...
11-02 21:14:17.480261  1686  1708 I DreamController: Starting dream: name=ComponentInfo{com.google.android.wearable.ambient/com.google.android.wearable.ambient.AmbientDream}, isTest=false, canDoze=true, userId=0
11-02 21:14:17.496905  1686  1686 W ContextImpl: Calling a method in the system process without a qualified user: android.app.ContextImpl.bindService:1611 android.content.ContextWrapper.bindService:698 com.google.android.wearable.ambient.AmbientDream.onCreate:191 android.app.ActivityThread.handleCreateService:3533 android.app.ActivityThread.access$1300:200 
11-02 21:14:17.499152  1686  1686 W ContextImpl: Calling a method in the system process without a qualified user: android.app.ContextImpl.sendBroadcast:1005 android.content.ContextWrapper.sendBroadcast:444 com.google.android.wearable.ambient.AmbientDream.onCreate:241 android.app.ActivityThread.handleCreateService:3533 android.app.ActivityThread.access$1300:200 
11-02 21:14:17.499701  1686  1686 V DreamService[AmbientDream]: onBind() intent = Intent { act=android.service.dreams.DreamService flg=0x800000 cmp=com.google.android.wearable.ambient/.AmbientDream }
--------- switch to main
11-02 21:14:17.500848  1686  1686 I AmbientService: [ce6a28c] Ambient Created
--------- switch to system
11-02 21:14:17.501560  1686  1686 V DreamService[AmbientDream]: Calling onDreamingStarted()
--------- switch to main
11-02 21:14:17.501706  1686  1686 I AmbientService: [ce6a28c] doOnDreamingStarted
11-02 21:14:17.502162  1686  1686 D SidekickService: setShouldControlDisplay called: true
11-02 21:14:17.503085  1686  1686 I AmbientService: [ce6a28c] Selected running activity for ambient mode: AmbientActivity[component=ComponentInfo{com.google.android.wearable.app/com.google.android.clockwork.home2.activity.HomeActivity2}, callbacks=@210b385, running=true, ambientRequested=true, ambientEnabled=true, offloadEnabled=true]
11-02 21:14:17.505440  1686  1686 I AmbientService: [ce6a28c] Sidekick is ready to display, requesting doze.
11-02 21:14:17.506073  1686  1686 I AmbientService: [ce6a28c] No auto-resume Activity.
11-02 21:14:17.508630  1686  1686 W DefaultSettingsContentR: Value for ambient_low_bit_enabled not stored as number. Attempting parse as boolean.
11-02 21:14:17.512198  2520  2520 D HOME    : [HomeVisitsLogger]Logging streamlet event: enter_ambient_mode
11-02 21:14:17.513173  2520  2520 D HOME    : [HotwordController]updateClient MODE_WATCH_FACE false true false true
11-02 21:14:17.513322  2520  7941 D HOME    : [HomeVisitsLogger]Logging streamlet event: visit_end
11-02 21:14:17.514360  2520  2520 D HOME    : [WatchFaceUiController]setInAmbientMode true
11-02 21:14:17.514348  1686  1686 I AmbientService: [ce6a28c] Showing watch face in offload mode, canceling alarm.
11-02 21:14:17.514433  1686  1686 W AlarmManagerProxy: Removing unknown listener
11-02 21:14:17.514526  1686  1686 D WristGestureCtrl: Stopping detectors: GesturesEnabled-false gestureDetector-false ungazeEnabled-true ungaze-true
11-02 21:14:17.514563  1686  1686 D DefaultUngazeDetector: stopping
11-02 21:14:17.516244  2520  2520 D HOME    : [StreamDBQueue]Promised revision #2073 to queue a new op
11-02 21:14:17.516525  2520  2520 D WatchStreamManager: Promised rank-blocked=false @ r#2073
11-02 21:14:17.516948  2520  8131 D HOME    : [WatchStreamDB]Item alerting conditions - isInterruptive: false, recentlyInterrupted: false, isItemPinned: false, isUnread: false
11-02 21:14:17.516951  2520  2520 D HOME    : [StreamDBQueue]Promised revision #2074 to queue a new op
11-02 21:14:17.517063  2520  2520 D WatchStreamManager: Promised rank-blocked=false @ r#2074
11-02 21:14:17.517250  2520  8131 D HOME    : [StreamAlertingRegulator]isTheaterModeEnabled: false, isAlertingAllowedByOffBody: true, matchesLocalInterruptionFilter: true
11-02 21:14:17.517361  2520  7941 I SidekickManager: replaceWatchFaceComponentsImpl(): watchFace = com.google.android.clockwork.decomposablewatchface.WatchFaceDecomposition@c8d36a8
11-02 21:14:17.517565  2520  8131 D HOME    : [WatchStreamDB]couldItemAlert: false, isTopItemChanged: false, isDeferralForTopItem: false
11-02 21:14:17.517781  2520  2520 D HOME    : [EventBus]Wrapper pool is full. Discarding excess wrapper instance for event com.google.android.clockwork.sysui.events.KeyguardStateEvent
11-02 21:14:17.517888  2520  2520 D HOME    : [WatchFaceUiController]sendStateToWallpaper
11-02 21:14:17.518171  1686  2895 D SidekickService: sendWatchFaceComponents called: watchFace = com.google.android.clockwork.decomposablewatchface.WatchFaceDecomposition@94c9694shouldReplace = false
11-02 21:14:17.518411  1686  2895 D SidekickService: Check decomposition for calling app com.google.android.wearable.app with uid 10049
11-02 21:14:17.518514  2520  8131 D HOME    : [WatchStreamDB]Item alerting conditions - isInterruptive: false, recentlyInterrupted: false, isItemPinned: false, isUnread: false
11-02 21:14:17.518661   512   512 I sensors-hal: batch:140, android.sensor.accelerometer/48, period=66667000, max_latency=100000000
11-02 21:14:17.518817  1686  2895 D SidekickService: sendWatchFaceLocked(): shouldReplace = false, mSidekickIsControlling = false, 1 images, 0 fonts, 0 numbers, 0 proportionalFonts, 0 strings
11-02 21:14:17.518831  2520  8131 D HOME    : [StreamAlertingRegulator]isTheaterModeEnabled: false, isAlertingAllowedByOffBody: true, matchesLocalInterruptionFilter: true
11-02 21:14:17.518877  1686  2895 D SidekickService: ISidekickGraphics#beginResources()...
11-02 21:14:17.519082  2520  8131 D HOME    : [WatchStreamDB]couldItemAlert: false, isTopItemChanged: false, isDeferralForTopItem: false
11-02 21:14:17.519611  2520  2520 D HOME    : [EventBus]Wrapper pool is full. Discarding excess wrapper instance for event com.google.android.clockwork.sysui.events.KeyguardStateEvent
11-02 21:14:17.519684  2520  8231 D HOME    : [StreamDBQueue]Promised revision #2075 to queue a new op
11-02 21:14:17.519801  2520  8231 D WatchStreamManager: Promised rerank @ r#2075
11-02 21:14:17.519871  2520  2520 D HOME    : [EventBus]Wrapper pool is full. Discarding excess wrapper instance for event com.google.android.clockwork.sysui.events.KeyguardStateEvent
11-02 21:14:17.520466   512   512 I sensors-hal: batch:149, android.sensor.accelerometer/48, period=66667000, max_latency=100000000 request completed
11-02 21:14:17.520968  1686  2895 D SidekickServiceUtils: bitmapFromDrawable: Returning bitmap directly
11-02 21:14:17.522414  2520  8131 D HOME    : [WatchStreamDB]updateRanking()
11-02 21:14:17.523059  1686  2895 D SidekickService: sendBitmapsLocked(): bounds = RectF(0.0, 0.0, 0.0024038462, 0.0024038462), drawableInfo = {.id = 100000, .width = 1, .height = 1, .display = true, .offsetX = 0.0, .offsetY = 0.0, .rotationInfo = {.hasRotation = false, .pivotX = 0.0, .pivotY = 0.0, .degreesPerDay = 0.0, .degreesPerStep = 0.0, .zeroDegreesTime = {.daysSinceLocalEpoch = 0, .msSinceMidnight = 0}}, .transformInfo = {.transformed = false, .flipX = false, .flipY = false, .flip45 = false, .scaleX = 0.0, .scaleY = 0.0}, .type = GENERIC, .blink = {.blinking = false, .periodOnMs = 0.0, .periodOffMs = 0.0, .startTime = {.daysSinceLocalEpoch = 0, .msSinceMidnight = 0}}, .zOrder = 8, .displayInTwm = true}, image.size() = 84
11-02 21:14:17.523102  2520  8131 D HOME    : [WatchStreamDB]Item alerting conditions - isInterruptive: false, recentlyInterrupted: false, isItemPinned: false, isUnread: false
11-02 21:14:17.523441  2520  8131 D HOME    : [StreamAlertingRegulator]isTheaterModeEnabled: false, isAlertingAllowedByOffBody: true, matchesLocalInterruptionFilter: true
11-02 21:14:17.523749  2520  8131 D HOME    : [WatchStreamDB]couldItemAlert: false, isTopItemChanged: false, isDeferralForTopItem: false
11-02 21:14:17.523910   416  2389 D SKGHAL  : saveResource: resId = 100000
11-02 21:14:17.524458  2520  8131 D HOME    : [NewStreamAdapter]Publishing revision #2075 to adapter clients
11-02 21:14:17.525932  1686  2895 D SidekickService: sendBitmapsLocked(): status = 0, bytesUsed = 18
11-02 21:14:17.526416  1686  2895 D SidekickService: ISidekickGraphics#endResources()...
11-02 21:14:17.526904  2520  2520 W StaticLayout: maxLineHeight should not be -1.  maxLines:1 lineCount:1
11-02 21:14:17.528003  2520  8231 D HOME    : [StreamDBQueue]Promised revision #2076 to queue a new op
11-02 21:14:17.528375  2520  8231 D WatchStreamManager: Promised rerank @ r#2076
11-02 21:14:17.530430  2520  7713 D HOME    : [WatchStreamDB]updateRanking()
11-02 21:14:17.533957  2520  7713 D HOME    : [WatchStreamDB]Item alerting conditions - isInterruptive: false, recentlyInterrupted: false, isItemPinned: false, isUnread: false
11-02 21:14:17.534405  2520  7713 D HOME    : [StreamAlertingRegulator]isTheaterModeEnabled: false, isAlertingAllowedByOffBody: true, matchesLocalInterruptionFilter: true
11-02 21:14:17.534711  2520  7713 D HOME    : [WatchStreamDB]couldItemAlert: false, isTopItemChanged: false, isDeferralForTopItem: false
11-02 21:14:17.535453  2520  7713 D HOME    : [NewStreamAdapter]Publishing revision #2076 to adapter clients
11-02 21:14:17.810525   416  2389 D SKGHAL  : sendResources: metadata size = 2400, font size = 72
11-02 21:14:17.892145   416  2389 D SKGHAL  : endResources: rc = 0
11-02 21:14:17.892932  1686  1686 W system_server: Long monitor contention with owner Binder:1686_C (2895) at int com.google.android.clockwork.sidekick.SidekickService$BinderService.sendWatchFace(com.google.android.clockwork.decomposablewatchface.WatchFaceDecomposition, boolean)(SidekickService.java:1021) waiters=0 in boolean com.google.android.clockwork.sidekick.SidekickService$BinderService.readyToDisplay() for 371ms
11-02 21:14:17.893765  2520  2520 D HOME    : [SidekickManagerAsync]replaceWatchFaceComponents(): Callback#onResult(): 0
11-02 21:14:17.894300  2520  2520 D HOME    : [WatchFaceUiController]Complication updates sent, posting watch face hiding
11-02 21:14:17.894485  2520  2520 D HOME    : [WatchFaceUiController]Still in ambient watch face, hiding
11-02 21:14:17.894559  2520  2520 D HOME    : [WatchFaceUiController]Hiding watch face wallpaper.
--------- switch to system
11-02 21:14:17.894669  1686  1686 W Looper  : Slow dispatch took 373ms main h=android.os.Handler c=com.google.android.wearable.ambient.AmbientDream$Callbacks$1@5f5653d m=0
--------- switch to kernel
11-02 21:14:17.853241     0     0 E FG      : fg_psy_get_property: unsupported property 7
11-02 21:14:17.856652     0     0 W healthd : battery l=58 v=3884 t=34.0 h=2 st=3 c=140 fc=443000 cc=0 chg=
--------- switch to main
11-02 21:14:17.913101   512   512 I sensors-hal: activate:107, android.sensor.light/46 en=0
11-02 21:14:17.922369   512   512 I sensors-hal: activate:118, android.sensor.light/46 en=0 completed
11-02 21:14:17.924043  1956  1956 D QtiCarrierConfigHelper: WARNING, no carrier configs on phone Id: 0
11-02 21:14:17.925881  2520  2520 D HOME    : [BatteryChange]action: android.intent.action.BATTERY_CHANGED
11-02 21:14:17.926394  2520  7941 D HOME    : [BatteryChange]HandleBatteryChangedTask
11-02 21:14:17.926746  2520  7941 D HOME    : [BatteryChange]level: 58, status: 3
--------- switch to system
11-02 21:14:17.933728  1686  1710 I DisplayManagerService: Display device changed state: "Écran intégré", DOZE_SUSPEND
--------- switch to main
11-02 21:14:17.941140   545   545 D SurfaceFlinger: Set power mode=3, type=0 flinger=0xb6bb6000
11-02 21:14:17.941929   504   764 I SDM     : DisplayBase::SetDisplayState: Set state = 3, display 0
11-02 21:14:17.947245  1686  1759 I InputReader: Reconfiguring input devices.  changes=0x00000004
11-02 21:14:17.975854   545   545 D SurfaceFlinger: Finished set power mode=3, type=0
11-02 21:14:17.976439  1686  1823 I SidekickService: beginDisplayLocked(): DOZE_SUSPEND
11-02 21:14:17.976970   416  2389 D SKGHAL  : sendAmbientPrepare: enter:
--------- switch to kernel
11-02 21:14:17.889964     0     0 I mdss_dsi_panel_set_idle_mode: Idle (0->1)
11-02 21:14:17.919744     0     0 I         : [touch]FB_BLANK_VSYNC_SUSPEND
11-02 21:14:17.919750     0     0 I         : [touch]irq disable
11-02 21:14:17.919754     0     0 I         : [touch]workqueue is empty!
11-02 21:14:17.919759     0     0 I         : [touch]raydium_ts_do_suspend.
11-02 21:14:17.919767     0     0 I         : [touch]Device may wakeup
11-02 21:14:17.923424     0     0 I         : [touch]irq enable
11-02 21:14:17.940427     0     0 E mdss_dsi_gen_read_status: Read back value from panel is incorrect
--------- switch to main
11-02 21:14:18.108666   416  2389 D SKGHAL  : sendAmbientEvent: enter: enable = 1
11-02 21:14:18.111008   504   523 I SDM     : DisplayBase::SetDisplayState: Set state = 4, display 0
11-02 21:14:18.111453   504   523 D SDM     : HWCDisplayPrimary::SetStandByMode: Null display is connected successfully
11-02 21:14:18.111758   416  2389 D SKGHAL  : standBy_update_control call succeed on 1
11-02 21:14:18.123805   416  2389 D SKGHAL  : sendAmbientEvent: done: enable = 1
11-02 21:14:18.124608  1686  1823 D SidekickService:    ... beginDisplay result: 0 for halPower: 1
11-02 21:14:18.129611   512   512 I sensors-hal: activate:107, android.sensor.accelerometer/48 en=0
11-02 21:14:18.133110   512   512 I sensors-hal: activate:118, android.sensor.accelerometer/48 en=0 completed
--------- switch to kernel
11-02 21:14:18.085145     0     0 E bgrsb   : bgrsb_enable: gpio 32 is valid
--------- switch to main
11-02 21:14:18.150806  1686  1799 E WifiStateMachine: getWifiLinkLayerStats called without an interface
11-02 21:14:18.181643  1686  1686 I WearPower: [WearTouchMediator] changing touch input to enabled (ON_AUTO)
11-02 21:14:18.183378  1686  1759 I InputReader: Reconfiguring input devices.  changes=0x00000200
--------- switch to kernel
11-02 21:14:18.134537     0     0 I init    : processing action (ro.enable_core_ctl=true && sys.cw_corectl_mode=idle) from (/vendor/etc/init/hw/init.qcom.rc:949)
--------- switch to main
11-02 21:14:18.198061  1686  1686 I AmbientService: [ce6a28c] Timeout alarm not required, auto-resume timeout handled by dream.
11-02 21:14:18.223703  3205  3434 W WorkController: Loading failed for worker [trainingcache]: worker not found
11-02 21:14:18.226876  3205  3372 W A       : TrainingCache cache SCREEN_OFF failure
11-02 21:14:18.226876  3205  3372 W A       : com.google.android.apps.gsa.search.core.service.h.a.a: No worker found for Worker ID [trainingcache].
11-02 21:14:18.226876  3205  3372 W A       : 	at com.google.android.apps.gsa.search.core.service.g.a.c.a(Unknown Source:5)
11-02 21:14:18.226876  3205  3372 W A       : 	at com.google.android.libraries.gsa.c.a.d.a(Unknown Source:3)
11-02 21:14:18.226876  3205  3372 W A       : 	at com.google.common.p.a.cg.c(Unknown Source:2)
11-02 21:14:18.226876  3205  3372 W A       : 	at com.google.common.p.a.bk.run(SourceFile:3)
11-02 21:14:18.226876  3205  3372 W A       : 	at com.google.common.p.a.ci.run(Unknown Source:4)
11-02 21:14:18.226876  3205  3372 W A       : 	at com.google.apps.tiktok.concurrent.ab.run(SourceFile:1)
11-02 21:14:18.226876  3205  3372 W A       : 	at java.util.concurrent.ThreadPoolExecutor.runWorker(ThreadPoolExecutor.java:1167)
11-02 21:14:18.226876  3205  3372 W A       : 	at java.util.concurrent.ThreadPoolExecutor$Worker.run(ThreadPoolExecutor.java:641)
11-02 21:14:18.226876  3205  3372 W A       : 	at com.google.apps.tiktok.concurrent.c.run(Unknown Source:4)
11-02 21:14:18.226876  3205  3372 W A       : 	at java.lang.Thread.run(Thread.java:764)
11-02 21:14:18.251341  2520  2520 D HOME    : [StreamDBQueue]Promised revision #2077 to queue a new op
11-02 21:14:18.251637  2520  2520 D WatchStreamManager: Promised rank-blocked=false @ r#2077
11-02 21:14:18.251901  2520  2520 D HOME    : [CompactHunStarter]detachWindow()
11-02 21:14:18.252295  2520  8231 D HOME    : [StreamDBQueue]Promised revision #2078 to queue a new op
11-02 21:14:18.252429  2520  8231 D WatchStreamManager: Promised rerank @ r#2078
11-02 21:14:18.252501  2520  7941 D HOME    : [WatchStreamDB]Item alerting conditions - isInterruptive: false, recentlyInterrupted: false, isItemPinned: false, isUnread: false
11-02 21:14:18.252791  2520  7941 D HOME    : [StreamAlertingRegulator]isTheaterModeEnabled: false, isAlertingAllowedByOffBody: true, matchesLocalInterruptionFilter: true
11-02 21:14:18.253003  2520  7941 D HOME    : [WatchStreamDB]couldItemAlert: false, isTopItemChanged: false, isDeferralForTopItem: false
11-02 21:14:18.253523  2520  7941 D HOME    : [WatchStreamDB]updateRanking()
11-02 21:14:18.254071  2520  7941 D HOME    : [WatchStreamDB]Item alerting conditions - isInterruptive: false, recentlyInterrupted: false, isItemPinned: false, isUnread: false
11-02 21:14:18.254424  2520  7941 D HOME    : [StreamAlertingRegulator]isTheaterModeEnabled: false, isAlertingAllowedByOffBody: true, matchesLocalInterruptionFilter: true
11-02 21:14:18.254679  2520  7941 D HOME    : [WatchStreamDB]couldItemAlert: false, isTopItemChanged: false, isDeferralForTopItem: false
11-02 21:14:18.255293  2520  7941 D HOME    : [NewStreamAdapter]Publishing revision #2078 to adapter clients
--------- switch to kernel
11-02 21:14:18.209293     0     0 I CPU0    : update max cpu_capacity 748
11-02 21:14:18.217510     0     0 I CPU3    : update max cpu_capacity 1024
11-02 21:14:18.240831     0     0 I CPU2    : shutdown
11-02 21:14:18.242554     0     0 I init    : Command 'write /sys/devices/system/cpu/cpu2/online 0' action=ro.enable_core_ctl=true && sys.cw_corectl_mode=idle (/vendor/etc/init/hw/init.qcom.rc:951) took 107ms and succeeded
11-02 21:14:18.302949     0     0 I PM      : suspend entry 2021-11-02 20:14:18.302949329 UTC
11-02 21:14:18.302960     0     0 I PM      : Syncing filesystems ... done.
--------- switch to main
11-02 21:14:18.376054  1686  1696 I system_server: Background concurrent copying GC freed 41560(2001KB) AllocSpace objects, 14(424KB) LOS objects, 19% free, 9MB/12MB, paused 1.262ms total 238.144ms
--------- switch to kernel
11-02 21:14:18.382810     0     0 W         : IRQ16 no longer affine to CPU3
11-02 21:14:18.382853     0     0 W         : IRQ93 no longer affine to CPU3
11-02 21:14:18.383483     0     0 I CPU3    : shutdown
11-02 21:14:18.384603     0     0 I         : Freezing user space processes ...
11-02 21:14:18.388210     0     0 I PM      : Wakeup pending, aborting suspend
11-02 21:14:18.388244     0     0 I         : active wakeup source: NETLINK
11-02 21:14:18.388278     0     0 E         : Freezing of tasks aborted after 0.003 seconds
11-02 21:14:18.388287     0     0 I         : Restarting tasks ...
11-02 21:14:18.388857     0     0 W QSEECOM : qseecom_receive_req: Interrupted: exiting Listener Service = 8192
11-02 21:14:18.388897     0     0 W QSEECOM : qseecom_receive_req: Interrupted: exiting Listener Service = 11
11-02 21:14:18.388922     0     0 W QSEECOM : qseecom_receive_req: Interrupted: exiting Listener Service = 10
11-02 21:14:18.388950     0     0 W QSEECOM : qseecom_receive_req: Interrupted: exiting Listener Service = 28672
11-02 21:14:18.391627     0     0 I init    : Command 'write /sys/devices/system/cpu/cpu3/online 0' action=ro.enable_core_ctl=true && sys.cw_corectl_mode=idle (/vendor/etc/init/hw/init.qcom.rc:952) took 96ms and succeeded
11-02 21:14:18.391864     0     0 W QSEECOM : qseecom_receive_req: Interrupted: exiting Listener Service = 12288
11-02 21:14:18.392485     0     0 I         : done.
11-02 21:14:18.393127     0     0 I PM      : suspend exit 2021-11-02 20:14:18.393127507 UTC
11-02 21:14:18.393826     0     0 I CPU1    : update max cpu_capacity 748
11-02 21:14:18.595055     0     0 I PM      : suspend entry 2021-11-02 20:14:18.595055059 UTC
--------- switch to system
11-02 21:14:45.216223  1686  1686 I PowerManagerService: Waking up from dozing (uid=1000 reason=tiltToWake)...
--------- switch to kernel
11-02 21:14:18.595080     0     0 I PM      : Syncing filesystems ... done.
11-02 21:14:18.619830     0     0 I         : Freezing user space processes ... (elapsed 0.012 seconds) done.
11-02 21:14:18.632380     0     0 I         : Freezing remaining freezable tasks ... (elapsed 0.006 seconds) done.
11-02 21:14:18.638767     0     0 I         : Suspending console(s) (use no_console_suspend to debug)
11-02 21:14:18.654646     0     0 I mdss_dsi_panel_set_idle_mode: Idle (1->1)
11-02 21:14:18.696389     0     0 I bgcom   : bgcom_pm_suspend: suspended with : 0
11-02 21:14:18.728863     0     0 I PM      : suspend of devices complete after 85.611 msecs
11-02 21:14:18.735188     0     0 I PM      : late suspend of devices complete after 6.275 msecs
11-02 21:14:18.741544     0     0 I PM      : noirq suspend of devices complete after 6.315 msecs
11-02 21:14:18.741560     0     0 I         : Disabling non-boot CPUs ...
11-02 21:14:18.782534     0     0 W         : IRQ16 no longer affine to CPU1
11-02 21:14:18.782878     0     0 W         : IRQ93 no longer affine to CPU1
11-02 21:14:18.784688     0     0 I CPU1    : shutdown
11-02 21:14:18.787487     0     0 I suspend ns: 1618194208426	suspend cycles:     298485541142
11-02 21:14:18.787462     0     0 I CPU0    : msm_cpu_pm_enter_sleep mode:3 during suspend
11-02 21:14:18.787462     0     0 I         : Suspended for 26.300 seconds
11-02 21:14:18.787462     0     0 I resume cycles: 298990508427
11-02 21:14:18.788171     0     0 I         : Enabling non-boot CPUs ...
11-02 21:14:18.789052     0     0 I CPU1    : update cpu_capacity 1024
11-02 21:14:18.790752     0     0 I         : CPU1 is up
11-02 21:14:18.791078     0     0 I CPU1    : update max cpu_capacity 748
11-02 21:14:18.794840     0     0 I PM      : noirq resume of devices complete after 3.495 msecs
11-02 21:14:18.800347     0     0 I PM      : early resume of devices complete after 3.985 msecs
11-02 21:14:18.833549     0     0 I bgcom   : bgcom_pm_resume: Bgcom resumed with : 0
11-02 21:14:18.843946     0     0 I mdss_dsi_panel_set_idle_mode: Idle (1->1)
11-02 21:14:18.886607     0     0 I PM      : resume of devices complete after 86.212 msecs
11-02 21:14:18.891344     0     0 I         : Restarting tasks ...
11-02 21:14:18.894072     0     0 W QSEECOM : qseecom_receive_req: Interrupted: exiting Listener Service = 8192
11-02 21:14:18.894179     0     0 W QSEECOM : qseecom_receive_req: Interrupted: exiting Listener Service = 12288
11-02 21:14:18.894226     0     0 W QSEECOM : qseecom_receive_req: Interrupted: exiting Listener Service = 11
11-02 21:14:18.894274     0     0 W QSEECOM : qseecom_receive_req: Interrupted: exiting Listener Service = 28672
11-02 21:14:18.901669     0     0 W QSEECOM : qseecom_receive_req: Interrupted: exiting Listener Service = 10
11-02 21:14:18.915233     0     0 I         : done.
11-02 21:14:45.216772     0     0 I PM      : suspend exit 2021-11-02 20:14:45.216772756 UTC
--------- switch to system
11-02 21:14:45.246248  1686  1686 W UsageStatsService: Event reported without a package name
--------- switch to kernel
11-02 21:14:45.250510     0     0 E FG      : fg_psy_get_property: unsupported property 7
11-02 21:14:45.200788     0     0 W healthd : battery l=58 v=3946 t=34.0 h=2 st=3 c=12 fc=443000 cc=0 chg=
--------- switch to main
11-02 21:14:45.294750   512  1749 I sensors-hal: batch:140, android.sensor.light/46, period=100000000, max_latency=0
11-02 21:14:45.294900   512  1749 I sensors-hal: batch:149, android.sensor.light/46, period=100000000, max_latency=0 request completed
11-02 21:14:45.302113   512  1749 I sensors-hal: activate:107, android.sensor.light/46 en=1
11-02 21:14:45.302915   512  1749 I sensors-hal: ssc_enable_rt_task:254, ssc_enable_rt_task : true
11-02 21:14:45.313025   512  1749 I sensors-hal: activate:118, android.sensor.light/46 en=1 completed
11-02 21:14:45.316878  1686  1823 I SidekickService: endDisplayLocked()
--------- switch to system
11-02 21:14:45.320017  1686  1710 I DisplayManagerService: Display device changed state: "Écran intégré", ON
--------- switch to main
11-02 21:14:45.324315   416  2389 D SKGHAL  : sendAmbientEvent: enter: enable = 0
11-02 21:14:45.331000   512  1749 I sensors-hal: batch:140, android.sensor.accelerometer/48, period=66667000, max_latency=100000000
11-02 21:14:45.331111   512  1749 I sensors-hal: batch:149, android.sensor.accelerometer/48, period=66667000, max_latency=100000000 request completed
11-02 21:14:45.338389   512  1749 I sensors-hal: activate:107, android.sensor.accelerometer/48 en=1
11-02 21:14:45.339960   512  1749 I sensors-hal: ssc_enable_rt_task:254, ssc_enable_rt_task : true
11-02 21:14:45.357919  4243  4243 D OMService: onDisplayChanged: not dozing
11-02 21:14:45.393349   512  1749 I sensors-hal: activate:118, android.sensor.accelerometer/48 en=1 completed
--------- switch to system
11-02 21:14:45.395068  1686  1686 W Looper  : Slow dispatch took 102ms main h=com.android.server.power.Notifier$NotifierHandler c=com.android.server.power.Notifier$2@7f9de7e m=0
--------- switch to main
11-02 21:14:45.395207  1686  1759 I InputReader: Reconfiguring input devices.  changes=0x00000004
11-02 21:14:45.412863  1956  1956 D QtiCarrierConfigHelper: WARNING, no carrier configs on phone Id: 0
11-02 21:14:45.419194  2520  2520 D HOME    : [BatteryChange]action: android.intent.action.BATTERY_CHANGED
11-02 21:14:45.420175  2520  8231 D HOME    : [BatteryChange]HandleBatteryChangedTask
11-02 21:14:45.420946  2520  8231 D HOME    : [BatteryChange]level: 58, status: 3
--------- switch to system
11-02 21:14:45.441074  1686  1702 W BroadcastQueue: Background execution not allowed: receiving Intent { act=android.intent.action.USER_PRESENT flg=0x10 } to com.google.android.gms/.auth.setup.devicesignals.LockScreenReceiver
--------- switch to main
11-02 21:14:45.442454  3205  3434 W WorkController: Loading failed for worker [trainingcache]: worker not found
11-02 21:14:45.452904  3205  3294 W A       : TrainingCache cache DEVICE_UNLOCKED failure
11-02 21:14:45.452904  3205  3294 W A       : com.google.android.apps.gsa.search.core.service.h.a.a: No worker found for Worker ID [trainingcache].
11-02 21:14:45.452904  3205  3294 W A       : 	at com.google.android.apps.gsa.search.core.service.g.a.c.a(Unknown Source:5)
11-02 21:14:45.452904  3205  3294 W A       : 	at com.google.android.libraries.gsa.c.a.d.a(Unknown Source:3)
11-02 21:14:45.452904  3205  3294 W A       : 	at com.google.common.p.a.cg.c(Unknown Source:2)
11-02 21:14:45.452904  3205  3294 W A       : 	at com.google.common.p.a.bk.run(SourceFile:3)
11-02 21:14:45.452904  3205  3294 W A       : 	at com.google.common.p.a.ci.run(Unknown Source:4)
11-02 21:14:45.452904  3205  3294 W A       : 	at com.google.apps.tiktok.concurrent.ab.run(SourceFile:1)
11-02 21:14:45.452904  3205  3294 W A       : 	at java.util.concurrent.ThreadPoolExecutor.runWorker(ThreadPoolExecutor.java:1167)
11-02 21:14:45.452904  3205  3294 W A       : 	at java.util.concurrent.ThreadPoolExecutor$Worker.run(ThreadPoolExecutor.java:641)
11-02 21:14:45.452904  3205  3294 W A       : 	at com.google.apps.tiktok.concurrent.c.run(Unknown Source:4)
11-02 21:14:45.452904  3205  3294 W A       : 	at java.lang.Thread.run(Thread.java:764)
--------- switch to system
11-02 21:14:45.460337  1686  1702 W BroadcastQueue: Background execution not allowed: receiving Intent { act=android.intent.action.USER_PRESENT flg=0x10 } to com.google.android.gms/.chimera.GmsIntentOperationService$PersistentTrustedReceiver
--------- switch to main
11-02 21:14:45.488088  1686  1799 E WifiStateMachine: getWifiLinkLayerStats called without an interface
11-02 21:14:45.524255   504   523 I SDM     : DisplayBase::SetDisplayState: Set state = 3, display 0
11-02 21:14:45.524520   504   523 D SDM     : HWCDisplayPrimary::SetStandByMode: Display is connected successfully
11-02 21:14:45.524857   416  2389 D SKGHAL  : standBy_update_control call succeed on 0
11-02 21:14:45.524909   416  2389 D SKGHAL  : sendAmbientEvent: done: enable = 0
--------- switch to kernel
11-02 21:14:45.357389     0     0 E bgrsb   : bgrsb_enable: rsb will set report rate
11-02 21:14:45.472196     0     0 I         : [touch]FB_BLANK_VSYNC_SUSPEND
11-02 21:14:45.472200     0     0 I         : [touch]Already in suspend state
11-02 21:14:45.483599     0     0 I mdss_dsi_panel_set_idle_mode: Idle (1->0)
11-02 21:14:45.484968     0     0 E mdp3_enable_panic_ctrl: mdp3_enable_panic_ctrl: Enable Panic Control
11-02 21:14:45.485098     0     0 I         : [touch]FB_BLANK_UNBLANK
11-02 21:14:45.485105     0     0 I         : [touch]raydium_ts_do_resume, 1.
11-02 21:14:45.485597     0     0 I         : [ raydium ]workqueue is empty!
11-02 21:14:45.485622     0     0 I raydium_ts 5-0039: [touch]Already enable irq
11-02 21:14:45.485626     0     0 I         : [touch]Device may wakeup
--------- switch to main
11-02 21:14:45.525680  1686  1823 D SidekickService:    ... endDisplay returns void
11-02 21:14:45.526626   512  8326 I sensors-hal: handle_indication_realtime:355,  SCHED_FIFO(10) for qmi_cbk
11-02 21:14:45.527984   545   545 D SurfaceFlinger: Set power mode=2, type=0 flinger=0xb6bb6000
11-02 21:14:45.528390   504   764 I SDM     : DisplayBase::SetDisplayState: Set state = 1, display 0
11-02 21:14:45.539139   545   545 D SurfaceFlinger: Finished set power mode=2, type=0
--------- switch to system
11-02 21:14:45.546001  1686  1712 W PowerManagerService: Screen on took 467 ms
11-02 21:14:45.546457  1686  1712 I DreamManagerService: Gently waking up from dream.
11-02 21:14:45.546925  1686  1708 I DreamManagerService: Performing gentle wake from dream.
--------- switch to kernel
11-02 21:14:45.603344     0     0 I init    : processing action (ro.enable_core_ctl=true && sys.cw_corectl_mode=perf) from (/vendor/etc/init/hw/init.qcom.rc:954)
--------- switch to system
11-02 21:14:45.569814  1686  1686 V DreamService[AmbientDream]: wakeUp(): fromSystem=true, mWaking=false, mFinished=false
--------- switch to kernel
11-02 21:14:45.604982     0     0 I CPU2    : update cpu_capacity 1024
11-02 21:14:45.655133     0     0 I CPU3    : update cpu_capacity 1024
11-02 21:14:45.658135     0     0 I CPU2    : update max cpu_capacity 1024
--------- switch to system
11-02 21:14:45.569973  1686  1686 V DreamService[AmbientDream]: finish(): mFinished=false
11-02 21:14:45.570082  1686  1686 I DreamManagerService: Leaving dreamland.
11-02 21:14:45.572015  1686  1708 I DreamManagerService: Performing gentle wake from dream.
11-02 21:14:45.572219  1686  1708 I DreamController: Stopping dream: name=ComponentInfo{com.google.android.wearable.ambient/com.google.android.wearable.ambient.AmbientDream}, isTest=false, canDoze=true, userId=0
11-02 21:14:45.579686  1686  1686 V DreamService[AmbientDream]: detach(): Calling onDreamingStopped()
--------- switch to main
11-02 21:14:45.579861  1686  1686 I AmbientService: [ce6a28c] doOnDreamingStopped
11-02 21:14:45.579957  1686  1686 D WristGestureCtrl: Starting: GesturesEnabled-false UngazeEnabled-true
11-02 21:14:45.580022  1686  1686 D DefaultUngazeDetector: starting
11-02 21:14:45.580097  1686  1686 D DefaultUngazeDetector: startUngazeStateEstimation(). startTime = 15565010
11-02 21:14:45.580293  1686  1686 W AlarmManagerProxy: Removing unknown listener
11-02 21:14:45.582778   512  1749 I sensors-hal: batch:140, android.sensor.accelerometer/48, period=19231000, max_latency=100000000
11-02 21:14:45.584283   512  8328 I sensors-hal: handle_indication_realtime:355,  SCHED_FIFO(10) for qmi_cbk
11-02 21:14:45.585760   512  1749 I sensors-hal: batch:149, android.sensor.accelerometer/48, period=19231000, max_latency=100000000 request completed
11-02 21:14:45.586325   512  1749 I sensors-hal: flush:169, android.sensor.accelerometer/48
11-02 21:14:45.588201   512  1749 I sensors-hal: flush:175, android.sensor.accelerometer/48 completed
11-02 21:14:45.593776  1686  1686 I AmbientService: [ce6a28c] No auto-resume Activity.
11-02 21:14:45.605685  2520  2520 D HOME    : [HomeVisitsLogger]Logging streamlet event: visit_start
11-02 21:14:45.606146  2520  2520 D HOME    : [HomeVisitsLogger]Logging streamlet event: exit_ambient_mode
11-02 21:14:45.606145  1686  1686 W AlarmManager: Unrecognized alarm listener com.android.server.job.controllers.-$$Lambda$IdleController$IdlenessTracker$nTdS-lGBXcES5VWKcJFmQFgU7IU@1ab437a
11-02 21:14:45.606806  2520  2520 D HOME    : [HotwordController]updateClient MODE_WATCH_FACE false false false true
11-02 21:14:45.608858  2520  2520 D HOME    : [WatchFaceUiController]setInAmbientMode false
11-02 21:14:45.609022  2520  2520 D HOME    : [WatchFaceUiController]sendWatchFaceServiceBinder
--------- switch to system
11-02 21:14:45.630086  1686  1686 W ContextImpl: Calling a method in the system process without a qualified user: android.app.ContextImpl.sendBroadcast:1020 android.content.ContextWrapper.sendBroadcast:449 com.google.android.wearable.ambient.AmbientDream.onDestroy:273 android.app.ActivityThread.handleStopService:3698 android.app.ActivityThread.access$1700:200 
--------- switch to main
11-02 21:14:45.630667  1686  1686 E AlarmManager: cancel() called with a null PendingIntent
--------- switch to system
11-02 21:14:45.631024  1686  1686 V DreamService[AmbientDream]: onDestroy()
--------- switch to main
11-02 21:14:45.632605  1686  1686 I WearPower: [WearTouchMediator] changing touch input to enabled (ON_AUTO)
11-02 21:14:45.637545  2520  2520 D HOME    : [WatchFaceUiController]sendStateToWallpaper
11-02 21:14:45.637733  1686  1759 I InputReader: Reconfiguring input devices.  changes=0x00000200
11-02 21:14:45.639212  2520  2520 D HOME    : [WatchFaceUiController]Showing watch face wallpaper.
11-02 21:14:45.639391  2520  2520 D HOME    : [WatchFaceUiController]sendStateToWallpaper
11-02 21:14:45.642082  2520  2520 D HOME    : [StreamDBQueue]Promised revision #2079 to queue a new op
11-02 21:14:45.642403  2520  2520 D WatchStreamManager: Promised rank-blocked=true @ r#2079
11-02 21:14:45.642866  2520  2520 D HOME    : [StreamDBQueue]Promised revision #2080 to queue a new op
11-02 21:14:45.643005  2520  2520 D WatchStreamManager: Promised rank-blocked=true @ r#2080
11-02 21:14:45.643586  2520  2520 D HOME    : [TilesController]Tile refresh optimization is enabled.
11-02 21:14:45.643991  2520  2520 D HOME    : [EventBus]Wrapper pool is full. Discarding excess wrapper instance for event com.google.android.clockwork.sysui.events.KeyguardStateEvent
11-02 21:14:45.644083  2520  2520 D HOME    : [WatchFaceUiController]sendStateToWallpaper
11-02 21:14:45.645269  2520  7941 D HOME    : [WatchStreamDB]Item alerting conditions - isInterruptive: false, recentlyInterrupted: false, isItemPinned: false, isUnread: false
11-02 21:14:45.645702  2520  2520 D HOME    : [EventBus]Wrapper pool is full. Discarding excess wrapper instance for event com.google.android.clockwork.sysui.events.KeyguardStateEvent
11-02 21:14:45.645954  2520  2520 D HOME    : [EventBus]Wrapper pool is full. Discarding excess wrapper instance for event com.google.android.clockwork.sysui.events.KeyguardStateEvent
11-02 21:14:45.650977  2520  2520 D HOME    : [WatchFaceUiController]sendStateToWallpaper
11-02 21:14:45.655877  2520  2520 W StaticLayout: maxLineHeight should not be -1.  maxLines:1 lineCount:1
11-02 21:14:45.667531  2520  7941 D HOME    : [StreamAlertingRegulator]isTheaterModeEnabled: false, isAlertingAllowedByOffBody: true, matchesLocalInterruptionFilter: true
11-02 21:14:45.667861  2520  7941 D HOME    : [WatchStreamDB]couldItemAlert: false, isTopItemChanged: false, isDeferralForTopItem: false
11-02 21:14:45.668817  2520  7941 D HOME    : [WatchStreamDB]Item alerting conditions - isInterruptive: false, recentlyInterrupted: false, isItemPinned: false, isUnread: false
11-02 21:14:45.669142  2520  7941 D HOME    : [StreamAlertingRegulator]isTheaterModeEnabled: false, isAlertingAllowedByOffBody: true, matchesLocalInterruptionFilter: true
11-02 21:14:45.669395  2520  7941 D HOME    : [WatchStreamDB]couldItemAlert: false, isTopItemChanged: false, isDeferralForTopItem: false
11-02 21:14:45.673426  1686  1686 W AlarmManagerProxy: Removing unknown listener
11-02 21:14:45.687883  1686  1686 W DefaultSettingsContentR: Value for ambient_low_bit_enabled not stored as number. Attempting parse as boolean.
11-02 21:14:45.706098  7745  7756 I rtwatch.toolbo: Background concurrent copying GC freed 16787(676KB) AllocSpace objects, 0(0B) LOS objects, 24% free, 2MB/2MB, paused 175us total 384.482ms
11-02 21:14:45.717458  2520  2520 D HOME    : [WatchFaceUiController]sendWatchFaceServiceBinder
11-02 21:14:45.722524  2520  2520 D HOME    : [WatchFaceUiController]sendProperties
11-02 21:14:45.728183  2520  2520 D HOME    : [WatchFaceUiController]sendStateToWallpaper
11-02 21:14:45.730818  3205  3434 W WorkController: Loading failed for worker [trainingcache]: worker not found
11-02 21:14:45.733785  3205  3372 W A       : TrainingCache cache SCREEN_ON failure
11-02 21:14:45.733785  3205  3372 W A       : com.google.android.apps.gsa.search.core.service.h.a.a: No worker found for Worker ID [trainingcache].
11-02 21:14:45.733785  3205  3372 W A       : 	at com.google.android.apps.gsa.search.core.service.g.a.c.a(Unknown Source:5)
11-02 21:14:45.733785  3205  3372 W A       : 	at com.google.android.libraries.gsa.c.a.d.a(Unknown Source:3)
11-02 21:14:45.733785  3205  3372 W A       : 	at com.google.common.p.a.cg.c(Unknown Source:2)
11-02 21:14:45.733785  3205  3372 W A       : 	at com.google.common.p.a.bk.run(SourceFile:3)
11-02 21:14:45.733785  3205  3372 W A       : 	at com.google.common.p.a.ci.run(Unknown Source:4)
11-02 21:14:45.733785  3205  3372 W A       : 	at com.google.apps.tiktok.concurrent.ab.run(SourceFile:1)
11-02 21:14:45.733785  3205  3372 W A       : 	at java.util.concurrent.ThreadPoolExecutor.runWorker(ThreadPoolExecutor.java:1167)
11-02 21:14:45.733785  3205  3372 W A       : 	at java.util.concurrent.ThreadPoolExecutor$Worker.run(ThreadPoolExecutor.java:641)
11-02 21:14:45.733785  3205  3372 W A       : 	at com.google.apps.tiktok.concurrent.c.run(Unknown Source:4)
11-02 21:14:45.733785  3205  3372 W A       : 	at java.lang.Thread.run(Thread.java:764)
11-02 21:14:45.760005  2520  2520 D HOME    : [StreamDBQueue]Promised revision #2081 to queue a new op
11-02 21:14:45.760313  2520  2520 D WatchStreamManager: Promised rank-blocked=true @ r#2081
11-02 21:14:45.761018  2520  8231 D HOME    : [WatchStreamDB]Item alerting conditions - isInterruptive: false, recentlyInterrupted: false, isItemPinned: false, isUnread: false
--------- switch to kernel
11-02 21:14:45.690022     0     0 I CPU0    : update max cpu_capacity 748
--------- switch to main
11-02 21:14:45.761563  2520  8231 D HOME    : [StreamAlertingRegulator]isTheaterModeEnabled: false, isAlertingAllowedByOffBody: true, matchesLocalInterruptionFilter: true
--------- switch to kernel
11-02 21:14:45.690052     0     0 I CPU3    : update max cpu_capacity 1024
--------- switch to main
11-02 21:14:45.761820  2520  8231 D HOME    : [WatchStreamDB]couldItemAlert: false, isTopItemChanged: false, isDeferralForTopItem: false
--------- switch to kernel
11-02 21:14:45.805905     0     0 E bgrsb   : bgrsb_enable: gpio 32 is valid
--------- switch to main
11-02 21:14:46.010629   512   512 I sensors-hal: activate:107, android.sensor.light/46 en=0
11-02 21:14:46.015971   512   512 I sensors-hal: activate:118, android.sensor.light/46 en=0 completed
11-02 21:14:46.019486   512   512 I sensors-hal: batch:140, android.sensor.light/46, period=250000000, max_latency=0
11-02 21:14:46.019638   512   512 I sensors-hal: batch:149, android.sensor.light/46, period=250000000, max_latency=0 request completed
11-02 21:14:46.020129   512   512 I sensors-hal: activate:107, android.sensor.light/46 en=1
11-02 21:14:46.020530   512   512 I sensors-hal: ssc_enable_rt_task:254, ssc_enable_rt_task : true
11-02 21:14:46.024668   512   512 I sensors-hal: activate:118, android.sensor.light/46 en=1 completed
11-02 21:14:46.101667   512  8337 I sensors-hal: handle_indication_realtime:355,  SCHED_FIFO(10) for qmi_cbk
11-02 21:14:47.636635   512   512 I sensors-hal: batch:140, android.sensor.accelerometer/48, period=66667000, max_latency=100000000
11-02 21:14:47.639627   512   512 I sensors-hal: batch:149, android.sensor.accelerometer/48, period=66667000, max_latency=100000000 request completed
11-02 21:14:47.643477   512   512 I sensors-hal: batch:140, android.sensor.accelerometer/48, period=19231000, max_latency=100000000
11-02 21:14:47.645348   512   512 I sensors-hal: batch:149, android.sensor.accelerometer/48, period=19231000, max_latency=100000000 request completed
11-02 21:14:47.645695   512   512 I sensors-hal: flush:169, android.sensor.accelerometer/48
11-02 21:14:47.646785   512   512 I sensors-hal: flush:175, android.sensor.accelerometer/48 completed
11-02 21:14:48.562297   512  1749 I sensors-hal: batch:140, android.sensor.accelerometer/48, period=66667000, max_latency=100000000
11-02 21:14:48.567418   512  1749 I sensors-hal: batch:149, android.sensor.accelerometer/48, period=66667000, max_latency=100000000 request completed
11-02 21:14:48.570759   512  1749 I sensors-hal: batch:140, android.sensor.accelerometer/48, period=19231000, max_latency=100000000
11-02 21:14:48.570802  1686  1686 D DefaultUngazeDetector: Ungaze event occurred; emitting gesture event!
11-02 21:14:48.570944  1686  1686 D WristGestureCtrl: Gesture:GESTURE UNGAZE, timestamp(ms): 15565010, confidence: 0.0, latency(ms): 0, duration(ms): 2990
11-02 21:14:48.575172   512  1749 I sensors-hal: batch:149, android.sensor.accelerometer/48, period=19231000, max_latency=100000000 request completed
--------- switch to system
11-02 21:14:48.575956  1686  1686 I WindowManager: sleepRelease() calling goToSleep(GO_TO_SLEEP_REASON_SLEEP_BUTTON)
11-02 21:14:48.576151  1686  1686 I PowerManagerService: Going to sleep due to sleep button (uid 1000)...
11-02 21:14:48.577000  1686  1686 W UsageStatsService: Event reported without a package name
11-02 21:14:48.577140  1686  1712 I DreamManagerService: Entering dreamland.
11-02 21:14:48.577794  1686  1712 I PowerManagerService: Dozing...
--------- switch to main
11-02 21:14:48.581820   512  1749 I sensors-hal: flush:169, android.sensor.accelerometer/48
11-02 21:14:48.582946   512  1749 I sensors-hal: flush:175, android.sensor.accelerometer/48 completed
--------- switch to system
11-02 21:14:48.597029  1686  1708 I DreamController: Starting dream: name=ComponentInfo{com.google.android.wearable.ambient/com.google.android.wearable.ambient.AmbientDream}, isTest=false, canDoze=true, userId=0
11-02 21:14:48.616784  1686  1686 W ContextImpl: Calling a method in the system process without a qualified user: android.app.ContextImpl.bindService:1611 android.content.ContextWrapper.bindService:698 com.google.android.wearable.ambient.AmbientDream.onCreate:191 android.app.ActivityThread.handleCreateService:3533 android.app.ActivityThread.access$1300:200 
11-02 21:14:48.619680  1686  1686 W ContextImpl: Calling a method in the system process without a qualified user: android.app.ContextImpl.sendBroadcast:1005 android.content.ContextWrapper.sendBroadcast:444 com.google.android.wearable.ambient.AmbientDream.onCreate:241 android.app.ActivityThread.handleCreateService:3533 android.app.ActivityThread.access$1300:200 
11-02 21:14:48.620299  1686  1686 V DreamService[AmbientDream]: onBind() intent = Intent { act=android.service.dreams.DreamService flg=0x800000 cmp=com.google.android.wearable.ambient/.AmbientDream }
--------- switch to main
11-02 21:14:48.621544  1686  1686 I AmbientService: [ce6a28c] Ambient Created
--------- switch to system
11-02 21:14:48.622301  1686  1686 V DreamService[AmbientDream]: Calling onDreamingStarted()
--------- switch to main
11-02 21:14:48.622410  1686  1686 I AmbientService: [ce6a28c] doOnDreamingStarted
11-02 21:14:48.622849  1686  1686 D SidekickService: setShouldControlDisplay called: true
11-02 21:14:48.623772  1686  1686 I AmbientService: [ce6a28c] Selected running activity for ambient mode: AmbientActivity[component=ComponentInfo{com.google.android.wearable.app/com.google.android.clockwork.home2.activity.HomeActivity2}, callbacks=@210b385, running=true, ambientRequested=true, ambientEnabled=true, offloadEnabled=true]
11-02 21:14:48.624442  1686  1686 I AmbientService: [ce6a28c] Sidekick is ready to display, requesting doze.
11-02 21:14:48.625002  1686  1686 I AmbientService: [ce6a28c] No auto-resume Activity.
11-02 21:14:48.626469  1686  1686 W DefaultSettingsContentR: Value for ambient_low_bit_enabled not stored as number. Attempting parse as boolean.
11-02 21:14:48.627062  2520  2520 D HOME    : [HomeVisitsLogger]Logging streamlet event: enter_ambient_mode
11-02 21:14:48.627747  2520  2520 D HOME    : [HotwordController]updateClient MODE_WATCH_FACE false true false true
11-02 21:14:48.627929  2520  7713 D HOME    : [HomeVisitsLogger]Logging streamlet event: visit_end
11-02 21:14:48.628698  2520  2520 D HOME    : [WatchFaceUiController]setInAmbientMode true
11-02 21:14:48.630274  2520  2520 D HOME    : [StreamDBQueue]Promised revision #2082 to queue a new op
11-02 21:14:48.630517  2520  2520 D WatchStreamManager: Promised rank-blocked=false @ r#2082
11-02 21:14:48.630929  2520  2520 D HOME    : [StreamDBQueue]Promised revision #2083 to queue a new op
11-02 21:14:48.631047  2520  2520 D WatchStreamManager: Promised rank-blocked=false @ r#2083
11-02 21:14:48.631872  2520  2520 D HOME    : [EventBus]Wrapper pool is full. Discarding excess wrapper instance for event com.google.android.clockwork.sysui.events.KeyguardStateEvent
11-02 21:14:48.631989  2520  2520 D HOME    : [WatchFaceUiController]sendStateToWallpaper
