11-03 10:40:38.777074  1686  1686 I AmbientService: [ce6a28c] No auto-resume Activity.
11-03 10:40:38.777597   512  1749 I sensors-hal: flush:175, android.sensor.accelerometer/48 completed
11-03 10:40:38.784435  2520  2520 D HOME    : [HomeVisitsLogger]Logging streamlet event: visit_start
11-03 10:40:38.784671  2520  2520 D HOME    : [HomeVisitsLogger]Logging streamlet event: exit_ambient_mode
11-03 10:40:38.785136  2520  2520 D HOME    : [HotwordController]updateClient MODE_WATCH_FACE false false false true
--------- switch to kernel
11-03 10:40:38.719294     0     0 I init    : processing action (ro.enable_core_ctl=true && sys.cw_corectl_mode=perf) from (/vendor/etc/init/hw/init.qcom.rc:954)
11-03 10:40:38.720524     0     0 I CPU2    : update cpu_capacity 1024
--------- switch to main
11-03 10:40:38.785877  2520  2520 D HOME    : [WatchFaceUiController]setInAmbientMode false
11-03 10:40:38.785942  2520  2520 D HOME    : [WatchFaceUiController]sendWatchFaceServiceBinder
11-03 10:40:38.790237  2520  2520 D HOME    : [WatchFaceUiController]sendStateToWallpaper
11-03 10:40:38.791406  2520  2520 D HOME    : [WatchFaceUiController]Showing watch face wallpaper.
11-03 10:40:38.791549  2520  2520 D HOME    : [WatchFaceUiController]sendStateToWallpaper
11-03 10:40:38.793301  2520  2520 D HOME    : [StreamDBQueue]Promised revision #4493 to queue a new op
11-03 10:40:38.793516  2520  2520 D WatchStreamManager: Promised rank-blocked=true @ r#4493
11-03 10:40:38.793844  2520  2520 D HOME    : [StreamDBQueue]Promised revision #4494 to queue a new op
11-03 10:40:38.793941  2520  2520 D WatchStreamManager: Promised rank-blocked=true @ r#4494
11-03 10:40:38.794460  2520  2520 D HOME    : [TilesController]Tile refresh optimization is enabled.
11-03 10:40:38.794755  2520  2520 D HOME    : [EventBus]Wrapper pool is full. Discarding excess wrapper instance for event com.google.android.clockwork.sysui.events.KeyguardStateEvent
11-03 10:40:38.794828  2520  2520 D HOME    : [WatchFaceUiController]sendStateToWallpaper
11-03 10:40:38.796238  2520  2520 D HOME    : [EventBus]Wrapper pool is full. Discarding excess wrapper instance for event com.google.android.clockwork.sysui.events.KeyguardStateEvent
--------- switch to system
11-03 10:40:38.799208  1686  1686 W ContextImpl: Calling a method in the system process without a qualified user: android.app.ContextImpl.sendBroadcast:1020 android.content.ContextWrapper.sendBroadcast:449 com.google.android.wearable.ambient.AmbientDream.onDestroy:273 android.app.ActivityThread.handleStopService:3698 android.app.ActivityThread.access$1700:200 
--------- switch to main
11-03 10:40:38.796457  2520  2520 D HOME    : [EventBus]Wrapper pool is full. Discarding excess wrapper instance for event com.google.android.clockwork.sysui.events.KeyguardStateEvent
11-03 10:40:38.799506  1686  1686 E AlarmManager: cancel() called with a null PendingIntent
11-03 10:40:38.799946  2520  2520 D HOME    : [WatchFaceUiController]sendStateToWallpaper
--------- switch to system
11-03 10:40:38.800366  1686  1686 V DreamService[AmbientDream]: onDestroy()
--------- switch to main
11-03 10:40:38.803363  1686  1686 W AlarmManager: Unrecognized alarm listener com.android.server.job.controllers.-$$Lambda$IdleController$IdlenessTracker$nTdS-lGBXcES5VWKcJFmQFgU7IU@1ab437a
11-03 10:40:38.806194  2520 12958 D HOME    : [WatchStreamDB]Item alerting conditions - isInterruptive: true, recentlyInterrupted: false, isItemPinned: false, isUnread: false
11-03 10:40:38.806459  2520 12958 D HOME    : [StreamAlertingRegulator]isTheaterModeEnabled: false, isAlertingAllowedByOffBody: true, matchesLocalInterruptionFilter: true
11-03 10:40:38.806644  2520 12958 D HOME    : [WatchStreamDB]couldItemAlert: false, isTopItemChanged: false, isDeferralForTopItem: false
11-03 10:40:38.809583  2520  2520 W StaticLayout: maxLineHeight should not be -1.  maxLines:1 lineCount:1
11-03 10:40:38.831557  1686  1686 I WearPower: [WearTouchMediator] changing touch input to enabled (ON_AUTO)
11-03 10:40:38.832393  1686  1759 I InputReader: Reconfiguring input devices.  changes=0x00000200
11-03 10:40:38.835448  2520 12958 D HOME    : [WatchStreamDB]Item alerting conditions - isInterruptive: true, recentlyInterrupted: false, isItemPinned: false, isUnread: false
11-03 10:40:38.842558  2520 12958 D HOME    : [StreamAlertingRegulator]isTheaterModeEnabled: false, isAlertingAllowedByOffBody: true, matchesLocalInterruptionFilter: true
11-03 10:40:38.842823  2520 12958 D HOME    : [WatchStreamDB]couldItemAlert: false, isTopItemChanged: false, isDeferralForTopItem: false
11-03 10:40:38.850997  1686  1686 W AlarmManagerProxy: Removing unknown listener
11-03 10:40:38.852323  1686  1686 W DefaultSettingsContentR: Value for ambient_low_bit_enabled not stored as number. Attempting parse as boolean.
11-03 10:40:38.878270  3205  3434 W WorkController: Loading failed for worker [trainingcache]: worker not found
11-03 10:40:38.885273  3205  3294 W A       : TrainingCache cache SCREEN_ON failure
11-03 10:40:38.885273  3205  3294 W A       : com.google.android.apps.gsa.search.core.service.h.a.a: No worker found for Worker ID [trainingcache].
11-03 10:40:38.885273  3205  3294 W A       : 	at com.google.android.apps.gsa.search.core.service.g.a.c.a(Unknown Source:5)
11-03 10:40:38.885273  3205  3294 W A       : 	at com.google.android.libraries.gsa.c.a.d.a(Unknown Source:3)
11-03 10:40:38.885273  3205  3294 W A       : 	at com.google.common.p.a.cg.c(Unknown Source:2)
11-03 10:40:38.885273  3205  3294 W A       : 	at com.google.common.p.a.bk.run(SourceFile:3)
11-03 10:40:38.885273  3205  3294 W A       : 	at com.google.common.p.a.ci.run(Unknown Source:4)
11-03 10:40:38.885273  3205  3294 W A       : 	at com.google.apps.tiktok.concurrent.ab.run(SourceFile:1)
11-03 10:40:38.885273  3205  3294 W A       : 	at java.util.concurrent.ThreadPoolExecutor.runWorker(ThreadPoolExecutor.java:1167)
11-03 10:40:38.885273  3205  3294 W A       : 	at java.util.concurrent.ThreadPoolExecutor$Worker.run(ThreadPoolExecutor.java:641)
11-03 10:40:38.885273  3205  3294 W A       : 	at com.google.apps.tiktok.concurrent.c.run(Unknown Source:4)
11-03 10:40:38.885273  3205  3294 W A       : 	at java.lang.Thread.run(Thread.java:764)
11-03 10:40:38.888861  2520  2520 D HOME    : [WatchFaceUiController]sendWatchFaceServiceBinder
11-03 10:40:38.892789 12353 12353 I SPORTSWATCH:: Updating stub zero data
11-03 10:40:38.892914 12353 12353 I SPORTSWATCH:: account mail is zero length
11-03 10:40:38.893214  2520  2520 D HOME    : [WatchFaceUiController]sendProperties
--------- switch to kernel
11-03 10:40:38.749978     0     0 I CPU3    : update cpu_capacity 1024
11-03 10:40:38.753847     0     0 I CPU2    : update max cpu_capacity 1024
--------- switch to main
11-03 10:40:38.895600  2520  2520 D HOME    : [WatchFaceUiController]sendStateToWallpaper
11-03 10:40:38.922423  2520  2520 D HOME    : [StreamDBQueue]Promised revision #4495 to queue a new op
11-03 10:40:38.922736  2520  2520 D WatchStreamManager: Promised rank-blocked=true @ r#4495
11-03 10:40:38.923583  2520 12956 D HOME    : [WatchStreamDB]Item alerting conditions - isInterruptive: true, recentlyInterrupted: false, isItemPinned: false, isUnread: false
11-03 10:40:38.923941  2520 12956 D HOME    : [StreamAlertingRegulator]isTheaterModeEnabled: false, isAlertingAllowedByOffBody: true, matchesLocalInterruptionFilter: true
11-03 10:40:38.924190  2520 12956 D HOME    : [WatchStreamDB]couldItemAlert: false, isTopItemChanged: false, isDeferralForTopItem: false
--------- switch to kernel
11-03 10:40:38.799055     0     0 I init    : Command 'write /sys/devices/system/cpu/cpu3/online 1' action=ro.enable_core_ctl=true && sys.cw_corectl_mode=perf (/vendor/etc/init/hw/init.qcom.rc:957) took 51ms and succeeded
--------- switch to main
11-03 10:40:38.924815  2520 12978 I SidekickManager: sendWatchFaceImpl(): watchFace = com.google.android.clockwork.decomposablewatchface.WatchFaceDecomposition@52f059f forTWM = false
11-03 10:40:38.933694  1686  3907 D SidekickService: sendWatchFaceComponents called: watchFace = com.google.android.clockwork.decomposablewatchface.WatchFaceDecomposition@d5509d7shouldReplace = true
11-03 10:40:38.933964  1686  3907 D SidekickService: Check decomposition for calling app com.google.android.wearable.app with uid 10049
11-03 10:40:38.936208  1686  3907 D SidekickService: sendWatchFaceLocked(): shouldReplace = true, mSidekickIsControlling = false, 2 images, 1 fonts, 2 numbers, 0 proportionalFonts, 0 strings
11-03 10:40:38.936462  1686  3907 D SidekickService: resetLocked()
--------- switch to kernel
11-03 10:40:38.806110     0     0 I CPU3    : update max cpu_capacity 1024
--------- switch to main
11-03 10:40:38.993498   512 13010 I sensors-hal: handle_indication_realtime:355,  SCHED_FIFO(10) for qmi_cbk
11-03 10:40:39.011073   416  2389 D SKGHAL  : Changing to  RESET state
11-03 10:40:39.011495  1686  3907 D SidekickService: ISidekickGraphics#beginResources()...
11-03 10:40:39.011798   416  2389 D SKGHAL  : Changing to DOWNLOAD State
11-03 10:40:39.012468  1686  3907 D SidekickServiceUtils: bitmapFromDrawable: Returning bitmap directly
11-03 10:40:39.019569  1686  3907 W SidekickService: null digitDimensions in font, setting to PointF(20.0, 27.0)
11-03 10:40:39.019787  1686  3907 D SidekickService: sendFontsLocked(): fontInfo = {.width = 20, .height = 27, .nGlyphs = 10, .id = 4}, image.size() = 919
11-03 10:40:39.021434   416  2389 D SKGHAL  : saveResource: resId = 4
11-03 10:40:39.026386  1686  3907 D SidekickService: sendFontsLocked(): status = 0, bytesUsed = 1374
11-03 10:40:39.027303  1686  3907 D SidekickServiceUtils: bitmapFromDrawable: Returning bitmap directly
11-03 10:40:39.134688  1686  3907 D SidekickService: sendBitmapsLocked(): bounds = RectF(0.0, 0.0, 1.0, 1.0), drawableInfo = {.id = 0, .width = 416, .height = 416, .display = true, .offsetX = 0.0, .offsetY = 0.0, .rotationInfo = {.hasRotation = false, .pivotX = 0.0, .pivotY = 0.0, .degreesPerDay = 0.0, .degreesPerStep = 0.0, .zeroDegreesTime = {.daysSinceLocalEpoch = 0, .msSinceMidnight = 0}}, .transformInfo = {.transformed = false, .flipX = false, .flipY = false, .flip45 = false, .scaleX = 0.0, .scaleY = 0.0}, .type = GENERIC, .blink = {.blinking = false, .periodOnMs = 0.0, .periodOffMs = 0.0, .startTime = {.daysSinceLocalEpoch = 0, .msSinceMidnight = 0}}, .zOrder = 1, .displayInTwm = true}, image.size() = 6063
11-03 10:40:39.149389   416  2389 D SKGHAL  : saveResource: resId = 0
11-03 10:40:39.167132  1686  3907 D SidekickService: sendBitmapsLocked(): status = 0, bytesUsed = 9429
11-03 10:40:39.167649  1686  3907 D SidekickServiceUtils: bitmapFromDrawable: Returning bitmap directly
11-03 10:40:39.168749  1686  3907 D SidekickService: sendBitmapsLocked(): bounds = RectF(0.0, 0.0, 0.0024038462, 0.0024038462), drawableInfo = {.id = 100000, .width = 1, .height = 1, .display = true, .offsetX = 0.0, .offsetY = 0.0, .rotationInfo = {.hasRotation = false, .pivotX = 0.0, .pivotY = 0.0, .degreesPerDay = 0.0, .degreesPerStep = 0.0, .zeroDegreesTime = {.daysSinceLocalEpoch = 0, .msSinceMidnight = 0}}, .transformInfo = {.transformed = false, .flipX = false, .flipY = false, .flip45 = false, .scaleX = 0.0, .scaleY = 0.0}, .type = GENERIC, .blink = {.blinking = false, .periodOnMs = 0.0, .periodOffMs = 0.0, .startTime = {.daysSinceLocalEpoch = 0, .msSinceMidnight = 0}}, .zOrder = 6, .displayInTwm = true}, image.size() = 84
11-03 10:40:39.169463   416   416 D SKGHAL  : saveResource: resId = 100000
11-03 10:40:39.170217  1686  3907 D SidekickService: sendBitmapsLocked(): status = 0, bytesUsed = 18
11-03 10:40:39.171143  1686  3907 D SidekickService: sendNumbersLocked(): drawableInfo = {.id = 5, .width = 100, .height = 50, .display = true, .offsetX = 162.0, .offsetY = 30.0, .rotationInfo = {.hasRotation = false, .pivotX = 0.0, .pivotY = 0.0, .degreesPerDay = 0.0, .degreesPerStep = 0.0, .zeroDegreesTime = {.daysSinceLocalEpoch = 0, .msSinceMidnight = 0}}, .transformInfo = {.transformed = false, .flipX = false, .flipY = false, .flip45 = false, .scaleX = 0.0, .scaleY = 0.0}, .type = NUMBER, .blink = {.blinking = false, .periodOnMs = 0.0, .periodOffMs = 0.0, .startTime = {.daysSinceLocalEpoch = 0, .msSinceMidnight = 0}}, .zOrder = 5, .displayInTwm = true}, numberInfo = {.startTime = {.daysSinceLocalEpoch = 0, .msSinceMidnight = 0}, .startNumber = 0, .minNumber = 0, .maxNumber = 23, .increment = 1, .msPerIncrement = 3600000.0, .fontId = 4, .digits = 2, .leadingZeroes = 1, .digit = -1, .transitionMs = 0.0}
11-03 10:40:39.171702   416   416 D SKGHAL  : saveResource: resId = 5
11-03 10:40:39.171942  1686  3907 D SidekickService: sendNumbersLocked(): status = 0, bytesUsed = 0
11-03 10:40:39.172802  1686  3907 D SidekickService: sendNumbersLocked(): drawableInfo = {.id = 6, .width = 100, .height = 50, .display = true, .offsetX = 214.0, .offsetY = 30.0, .rotationInfo = {.hasRotation = false, .pivotX = 0.0, .pivotY = 0.0, .degreesPerDay = 0.0, .degreesPerStep = 0.0, .zeroDegreesTime = {.daysSinceLocalEpoch = 0, .msSinceMidnight = 0}}, .transformInfo = {.transformed = false, .flipX = false, .flipY = false, .flip45 = false, .scaleX = 0.0, .scaleY = 0.0}, .type = NUMBER, .blink = {.blinking = false, .periodOnMs = 0.0, .periodOffMs = 0.0, .startTime = {.daysSinceLocalEpoch = 0, .msSinceMidnight = 0}}, .zOrder = 5, .displayInTwm = true}, numberInfo = {.startTime = {.daysSinceLocalEpoch = 0, .msSinceMidnight = 0}, .startNumber = 0, .minNumber = 0, .maxNumber = 59, .increment = 1, .msPerIncrement = 60000.0, .fontId = 4, .digits = 2, .leadingZeroes = 1, .digit = -1, .transitionMs = 0.0}
11-03 10:40:39.173323   416   416 D SKGHAL  : saveResource: resId = 6
11-03 10:40:39.173591  1686  3907 D SidekickService: sendNumbersLocked(): status = 0, bytesUsed = 0
11-03 10:40:39.173731  1686  3907 D SidekickService: ISidekickGraphics#endResources()...
11-03 10:40:39.234871   512  1749 I sensors-hal: activate:107, android.sensor.light/46 en=0
11-03 10:40:39.236226   512  1749 I sensors-hal: activate:118, android.sensor.light/46 en=0 completed
11-03 10:40:39.238184   512  1749 I sensors-hal: batch:140, android.sensor.light/46, period=250000000, max_latency=0
11-03 10:40:39.238243   512  1749 I sensors-hal: batch:149, android.sensor.light/46, period=250000000, max_latency=0 request completed
11-03 10:40:39.238587   512  1749 I sensors-hal: activate:107, android.sensor.light/46 en=1
11-03 10:40:39.238908   512  1749 I sensors-hal: ssc_enable_rt_task:254, ssc_enable_rt_task : true
11-03 10:40:39.241901   512  1749 I sensors-hal: activate:118, android.sensor.light/46 en=1 completed
11-03 10:40:39.314184   512 13018 I sensors-hal: handle_indication_realtime:355,  SCHED_FIFO(10) for qmi_cbk
11-03 10:40:39.477101   416  2389 D SKGHAL  : sendResources: metadata size = 2400, font size = 72
11-03 10:40:39.507614   416  2389 D SKGHAL  : endResources: rc = 0
11-03 10:40:39.507709   416  2389 D SKGHAL  : Changing to ACTIVE state
11-03 10:40:39.510119  2520 12978 I SidekickManager: sendWatchFaceImpl(): watchFace = com.google.android.clockwork.decomposablewatchface.WatchFaceDecomposition@6085cbb forTWM = false
11-03 10:40:39.510389  2520  2520 D HOME    : [SidekickManagerAsync]sendWatchFace(): Callback#onResult(): 0
11-03 10:40:39.517608  1686  3907 D SidekickService: sendWatchFaceComponents called: watchFace = com.google.android.clockwork.decomposablewatchface.WatchFaceDecomposition@97ee2c4shouldReplace = true
11-03 10:40:39.517936  1686  3907 D SidekickService: Check decomposition for calling app com.google.android.wearable.app with uid 10049
11-03 10:40:39.518891  1686  3907 D SidekickService: sendWatchFaceLocked(): shouldReplace = true, mSidekickIsControlling = false, 2 images, 1 fonts, 2 numbers, 0 proportionalFonts, 0 strings
11-03 10:40:39.519081  1686  3907 D SidekickService: resetLocked()
11-03 10:40:39.528450   416  2389 D SKGHAL  : Changing to  RESET state
11-03 10:40:39.528911  1686  3907 D SidekickService: ISidekickGraphics#beginResources()...
11-03 10:40:39.529447   416  2389 D SKGHAL  : Changing to DOWNLOAD State
11-03 10:40:39.530406  1686  3907 D SidekickServiceUtils: bitmapFromDrawable: Returning bitmap directly
11-03 10:40:39.540076  1686  3907 W SidekickService: null digitDimensions in font, setting to PointF(20.0, 27.0)
11-03 10:40:39.540439  1686  3907 D SidekickService: sendFontsLocked(): fontInfo = {.width = 20, .height = 27, .nGlyphs = 10, .id = 4}, image.size() = 919
11-03 10:40:39.542823   416  2389 D SKGHAL  : saveResource: resId = 4
11-03 10:40:39.548027  1686  3907 D SidekickService: sendFontsLocked(): status = 0, bytesUsed = 1374
11-03 10:40:39.548837  1686  3907 D SidekickServiceUtils: bitmapFromDrawable: Returning bitmap directly
11-03 10:40:39.668598  1686  3907 D SidekickService: sendBitmapsLocked(): bounds = RectF(0.0, 0.0, 1.0, 1.0), drawableInfo = {.id = 0, .width = 416, .height = 416, .display = true, .offsetX = 0.0, .offsetY = 0.0, .rotationInfo = {.hasRotation = false, .pivotX = 0.0, .pivotY = 0.0, .degreesPerDay = 0.0, .degreesPerStep = 0.0, .zeroDegreesTime = {.daysSinceLocalEpoch = 0, .msSinceMidnight = 0}}, .transformInfo = {.transformed = false, .flipX = false, .flipY = false, .flip45 = false, .scaleX = 0.0, .scaleY = 0.0}, .type = GENERIC, .blink = {.blinking = false, .periodOnMs = 0.0, .periodOffMs = 0.0, .startTime = {.daysSinceLocalEpoch = 0, .msSinceMidnight = 0}}, .zOrder = 1, .displayInTwm = true}, image.size() = 6063
11-03 10:40:39.683025   416  2389 D SKGHAL  : saveResource: resId = 0
11-03 10:40:39.701825  1686  3907 D SidekickService: sendBitmapsLocked(): status = 0, bytesUsed = 9429
11-03 10:40:39.702540  1686  3907 D SidekickServiceUtils: bitmapFromDrawable: Returning bitmap directly
11-03 10:40:39.703888  1686  3907 D SidekickService: sendBitmapsLocked(): bounds = RectF(0.0, 0.0, 0.0024038462, 0.0024038462), drawableInfo = {.id = 100000, .width = 1, .height = 1, .display = true, .offsetX = 0.0, .offsetY = 0.0, .rotationInfo = {.hasRotation = false, .pivotX = 0.0, .pivotY = 0.0, .degreesPerDay = 0.0, .degreesPerStep = 0.0, .zeroDegreesTime = {.daysSinceLocalEpoch = 0, .msSinceMidnight = 0}}, .transformInfo = {.transformed = false, .flipX = false, .flipY = false, .flip45 = false, .scaleX = 0.0, .scaleY = 0.0}, .type = GENERIC, .blink = {.blinking = false, .periodOnMs = 0.0, .periodOffMs = 0.0, .startTime = {.daysSinceLocalEpoch = 0, .msSinceMidnight = 0}}, .zOrder = 6, .displayInTwm = true}, image.size() = 84
11-03 10:40:39.704756   416  2389 D SKGHAL  : saveResource: resId = 100000
11-03 10:40:39.705531  1686  3907 D SidekickService: sendBitmapsLocked(): status = 0, bytesUsed = 18
11-03 10:40:39.706838  1686  3907 D SidekickService: sendNumbersLocked(): drawableInfo = {.id = 5, .width = 100, .height = 50, .display = true, .offsetX = 162.0, .offsetY = 30.0, .rotationInfo = {.hasRotation = false, .pivotX = 0.0, .pivotY = 0.0, .degreesPerDay = 0.0, .degreesPerStep = 0.0, .zeroDegreesTime = {.daysSinceLocalEpoch = 0, .msSinceMidnight = 0}}, .transformInfo = {.transformed = false, .flipX = false, .flipY = false, .flip45 = false, .scaleX = 0.0, .scaleY = 0.0}, .type = NUMBER, .blink = {.blinking = false, .periodOnMs = 0.0, .periodOffMs = 0.0, .startTime = {.daysSinceLocalEpoch = 0, .msSinceMidnight = 0}}, .zOrder = 5, .displayInTwm = true}, numberInfo = {.startTime = {.daysSinceLocalEpoch = 0, .msSinceMidnight = 0}, .startNumber = 0, .minNumber = 0, .maxNumber = 23, .increment = 1, .msPerIncrement = 3600000.0, .fontId = 4, .digits = 2, .leadingZeroes = 1, .digit = -1, .transitionMs = 0.0}
11-03 10:40:39.707581   416  2389 D SKGHAL  : saveResource: resId = 5
11-03 10:40:39.707904  1686  3907 D SidekickService: sendNumbersLocked(): status = 0, bytesUsed = 0
11-03 10:40:39.709384  1686  3907 D SidekickService: sendNumbersLocked(): drawableInfo = {.id = 6, .width = 100, .height = 50, .display = true, .offsetX = 214.0, .offsetY = 30.0, .rotationInfo = {.hasRotation = false, .pivotX = 0.0, .pivotY = 0.0, .degreesPerDay = 0.0, .degreesPerStep = 0.0, .zeroDegreesTime = {.daysSinceLocalEpoch = 0, .msSinceMidnight = 0}}, .transformInfo = {.transformed = false, .flipX = false, .flipY = false, .flip45 = false, .scaleX = 0.0, .scaleY = 0.0}, .type = NUMBER, .blink = {.blinking = false, .periodOnMs = 0.0, .periodOffMs = 0.0, .startTime = {.daysSinceLocalEpoch = 0, .msSinceMidnight = 0}}, .zOrder = 5, .displayInTwm = true}, numberInfo = {.startTime = {.daysSinceLocalEpoch = 0, .msSinceMidnight = 0}, .startNumber = 0, .minNumber = 0, .maxNumber = 59, .increment = 1, .msPerIncrement = 60000.0, .fontId = 4, .digits = 2, .leadingZeroes = 1, .digit = -1, .transitionMs = 0.0}
11-03 10:40:39.710189   416  2389 D SKGHAL  : saveResource: resId = 6
11-03 10:40:39.710559  1686  3907 D SidekickService: sendNumbersLocked(): status = 0, bytesUsed = 0
11-03 10:40:39.711831  1686  3907 D SidekickService: ISidekickGraphics#endResources()...
11-03 10:40:39.880435  1686  1696 I system_server: Background concurrent copying GC freed 35891(2MB) AllocSpace objects, 25(788KB) LOS objects, 19% free, 10MB/13MB, paused 202us total 226.140ms
11-03 10:40:39.881229   416  2389 D SKGHAL  : sendResources: metadata size = 2400, font size = 72
11-03 10:40:39.912201   416  2389 D SKGHAL  : endResources: rc = 0
11-03 10:40:39.912316   416  2389 D SKGHAL  : Changing to ACTIVE state
11-03 10:40:39.917227  2520 12978 I SidekickManager: sendWatchFaceImpl(): watchFace = com.google.android.clockwork.decomposablewatchface.WatchFaceDecomposition@9689d31 forTWM = false
11-03 10:40:39.917600  2520  2520 D HOME    : [SidekickManagerAsync]sendWatchFace(): Callback#onResult(): 0
11-03 10:40:39.923615  1686  3907 D SidekickService: sendWatchFaceComponents called: watchFace = com.google.android.clockwork.decomposablewatchface.WatchFaceDecomposition@bb675adshouldReplace = true
11-03 10:40:39.923908  1686  3907 D SidekickService: Check decomposition for calling app com.google.android.wearable.app with uid 10049
11-03 10:40:39.924701  1686  3907 D SidekickService: sendWatchFaceLocked(): shouldReplace = true, mSidekickIsControlling = false, 2 images, 1 fonts, 2 numbers, 0 proportionalFonts, 0 strings
11-03 10:40:39.924765  1686  3907 D SidekickService: resetLocked()
11-03 10:40:39.936709   416  2389 D SKGHAL  : Changing to  RESET state
11-03 10:40:39.937262  1686  3907 D SidekickService: ISidekickGraphics#beginResources()...
11-03 10:40:39.937674   416  2389 D SKGHAL  : Changing to DOWNLOAD State
11-03 10:40:39.938676  1686  3907 D SidekickServiceUtils: bitmapFromDrawable: Returning bitmap directly
11-03 10:40:39.948028  1686  3907 W SidekickService: null digitDimensions in font, setting to PointF(20.0, 27.0)
11-03 10:40:39.948310  1686  3907 D SidekickService: sendFontsLocked(): fontInfo = {.width = 20, .height = 27, .nGlyphs = 10, .id = 4}, image.size() = 919
11-03 10:40:39.950318   416  2389 D SKGHAL  : saveResource: resId = 4
11-03 10:40:39.955919  1686  3907 D SidekickService: sendFontsLocked(): status = 0, bytesUsed = 1374
11-03 10:40:39.958910  1686  3907 D SidekickServiceUtils: bitmapFromDrawable: Returning bitmap directly
11-03 10:40:40.011053  1686  1686 D HandsFreeClientShard: Connecting HandsFree client profile (retry).
11-03 10:40:40.013391  1686  1686 D BluetoothHeadsetClient: disconnect(14:3C:C3:AD:3D:53)
11-03 10:40:40.014897  1686  1686 D BluetoothHeadsetClient: connect(14:3C:C3:AD:3D:53)
11-03 10:40:40.017246 10095 10167 D HeadsetClientStateMachine: Disconnected process message: 1
11-03 10:40:40.017925 10095 10133 I bt_btif_queue: queue_int_add: adding connection request: address=14:3c:c3:ad:3d:53 UUID=111E busy=false
11-03 10:40:40.018030 10095 10133 I bt_btif_queue: btif_queue_connect_next: executing connection request: address=14:3c:c3:ad:3d:53 UUID=111E busy=false
11-03 10:40:40.018063 10095 10133 E bt_btif : is_connected: not connected!
11-03 10:40:40.018110 10095 10133 W bt_btif : bta_hf_client_find_cb_by_bda: bdaddr mismatch for handle 0 alloc 0
11-03 10:40:40.018135 10095 10133 W bt_btif : bta_hf_client_find_cb_by_bda: bdaddr mismatch for handle 1 alloc 0
11-03 10:40:40.018160 10095 10133 W bt_btif : bta_hf_client_find_cb_by_bda: bdaddr mismatch for handle 2 alloc 0
11-03 10:40:40.018181 10095 10133 W bt_btif : bta_hf_client_find_cb_by_bda: bdaddr mismatch for handle 3 alloc 0
11-03 10:40:40.018201 10095 10133 W bt_btif : bta_hf_client_find_cb_by_bda: bdaddr mismatch for handle 4 alloc 0
11-03 10:40:40.018224 10095 10133 W bt_btif : bta_hf_client_find_cb_by_bda: bdaddr mismatch for handle 5 alloc 0
11-03 10:40:40.018245 10095 10133 W bt_btif : bta_hf_client_find_cb_by_bda: bdaddr mismatch for handle 6 alloc 0
11-03 10:40:40.018265 10095 10133 W bt_btif : bta_hf_client_find_cb_by_bda: bdaddr mismatch for handle 7 alloc 0
11-03 10:40:40.018287 10095 10133 W bt_btif : bta_hf_client_find_cb_by_bda: bdaddr mismatch for handle 8 alloc 0
11-03 10:40:40.018310 10095 10133 W bt_btif : bta_hf_client_find_cb_by_bda: bdaddr mismatch for handle 9 alloc 0
11-03 10:40:40.018330 10095 10133 E bt_btif : bta_hf_client_find_cb_by_bda: block not found
11-03 10:40:40.024486 10095 10095 D AdapterProperties: PROFILE_CONNECTION_STATE_CHANGE: profile=16, device=14:3C:C3:AD:3D:53, 0 -> 1
11-03 10:40:40.025159 10095 10095 D AdapterProperties: ADAPTER_CONNECTION_STATE_CHANGE: 14:3C:C3:AD:3D:53: 0 -> 1
11-03 10:40:40.031281  5603  5603 D BtTelecomReceiver: onReceive: Intent { act=android.bluetooth.headsetclient.profile.action.CONNECTION_STATE_CHANGED flg=0x10 cmp=com.google.android.apps.wearable.bluetooth/com.google.android.clockwork.hfp.BtTelecomBroadcastReceiver (has extras) }
11-03 10:40:40.031600  5603  5603 D BtTelecomReceiver: Hfp connection changed: -724754873 0 -> 1
--------- switch to system
11-03 10:40:40.033431  1686  3998 W BroadcastQueue: Background execution not allowed: receiving Intent { act=android.bluetooth.adapter.action.CONNECTION_STATE_CHANGED flg=0x4000010 (has extras) } to com.google.android.gms/.chimera.GmsIntentOperationService$PersistentTrustedReceiver
--------- switch to main
11-03 10:40:40.067117  1686  3907 D SidekickService: sendBitmapsLocked(): bounds = RectF(0.0, 0.0, 1.0, 1.0), drawableInfo = {.id = 0, .width = 416, .height = 416, .display = true, .offsetX = 0.0, .offsetY = 0.0, .rotationInfo = {.hasRotation = false, .pivotX = 0.0, .pivotY = 0.0, .degreesPerDay = 0.0, .degreesPerStep = 0.0, .zeroDegreesTime = {.daysSinceLocalEpoch = 0, .msSinceMidnight = 0}}, .transformInfo = {.transformed = false, .flipX = false, .flipY = false, .flip45 = false, .scaleX = 0.0, .scaleY = 0.0}, .type = GENERIC, .blink = {.blinking = false, .periodOnMs = 0.0, .periodOffMs = 0.0, .startTime = {.daysSinceLocalEpoch = 0, .msSinceMidnight = 0}}, .zOrder = 1, .displayInTwm = true}, image.size() = 6063
11-03 10:40:40.082254   416  2389 D SKGHAL  : saveResource: resId = 0
11-03 10:40:40.099798  1686  3907 D SidekickService: sendBitmapsLocked(): status = 0, bytesUsed = 9429
11-03 10:40:40.100354  1686  3907 D SidekickServiceUtils: bitmapFromDrawable: Returning bitmap directly
11-03 10:40:40.101443  1686  3907 D SidekickService: sendBitmapsLocked(): bounds = RectF(0.0, 0.0, 0.0024038462, 0.0024038462), drawableInfo = {.id = 100000, .width = 1, .height = 1, .display = true, .offsetX = 0.0, .offsetY = 0.0, .rotationInfo = {.hasRotation = false, .pivotX = 0.0, .pivotY = 0.0, .degreesPerDay = 0.0, .degreesPerStep = 0.0, .zeroDegreesTime = {.daysSinceLocalEpoch = 0, .msSinceMidnight = 0}}, .transformInfo = {.transformed = false, .flipX = false, .flipY = false, .flip45 = false, .scaleX = 0.0, .scaleY = 0.0}, .type = GENERIC, .blink = {.blinking = false, .periodOnMs = 0.0, .periodOffMs = 0.0, .startTime = {.daysSinceLocalEpoch = 0, .msSinceMidnight = 0}}, .zOrder = 6, .displayInTwm = true}, image.size() = 84
11-03 10:40:40.102509   416  2389 D SKGHAL  : saveResource: resId = 100000
11-03 10:40:40.103065  1686  3907 D SidekickService: sendBitmapsLocked(): status = 0, bytesUsed = 18
11-03 10:40:40.104078  1686  3907 D SidekickService: sendNumbersLocked(): drawableInfo = {.id = 5, .width = 100, .height = 50, .display = true, .offsetX = 162.0, .offsetY = 30.0, .rotationInfo = {.hasRotation = false, .pivotX = 0.0, .pivotY = 0.0, .degreesPerDay = 0.0, .degreesPerStep = 0.0, .zeroDegreesTime = {.daysSinceLocalEpoch = 0, .msSinceMidnight = 0}}, .transformInfo = {.transformed = false, .flipX = false, .flipY = false, .flip45 = false, .scaleX = 0.0, .scaleY = 0.0}, .type = NUMBER, .blink = {.blinking = false, .periodOnMs = 0.0, .periodOffMs = 0.0, .startTime = {.daysSinceLocalEpoch = 0, .msSinceMidnight = 0}}, .zOrder = 5, .displayInTwm = true}, numberInfo = {.startTime = {.daysSinceLocalEpoch = 0, .msSinceMidnight = 0}, .startNumber = 0, .minNumber = 0, .maxNumber = 23, .increment = 1, .msPerIncrement = 3600000.0, .fontId = 4, .digits = 2, .leadingZeroes = 1, .digit = -1, .transitionMs = 0.0}
11-03 10:40:40.104614   416  2389 D SKGHAL  : saveResource: resId = 5
11-03 10:40:40.105207  1686  3907 D SidekickService: sendNumbersLocked(): status = 0, bytesUsed = 0
11-03 10:40:40.106139  1686  3907 D SidekickService: sendNumbersLocked(): drawableInfo = {.id = 6, .width = 100, .height = 50, .display = true, .offsetX = 214.0, .offsetY = 30.0, .rotationInfo = {.hasRotation = false, .pivotX = 0.0, .pivotY = 0.0, .degreesPerDay = 0.0, .degreesPerStep = 0.0, .zeroDegreesTime = {.daysSinceLocalEpoch = 0, .msSinceMidnight = 0}}, .transformInfo = {.transformed = false, .flipX = false, .flipY = false, .flip45 = false, .scaleX = 0.0, .scaleY = 0.0}, .type = NUMBER, .blink = {.blinking = false, .periodOnMs = 0.0, .periodOffMs = 0.0, .startTime = {.daysSinceLocalEpoch = 0, .msSinceMidnight = 0}}, .zOrder = 5, .displayInTwm = true}, numberInfo = {.startTime = {.daysSinceLocalEpoch = 0, .msSinceMidnight = 0}, .startNumber = 0, .minNumber = 0, .maxNumber = 59, .increment = 1, .msPerIncrement = 60000.0, .fontId = 4, .digits = 2, .leadingZeroes = 1, .digit = -1, .transitionMs = 0.0}
11-03 10:40:40.106658   416  2389 D SKGHAL  : saveResource: resId = 6
11-03 10:40:40.106911  1686  3907 D SidekickService: sendNumbersLocked(): status = 0, bytesUsed = 0
11-03 10:40:40.107029  1686  3907 D SidekickService: ISidekickGraphics#endResources()...
11-03 10:40:40.277387   416  2389 D SKGHAL  : sendResources: metadata size = 2400, font size = 72
11-03 10:40:40.309493   416  2389 D SKGHAL  : endResources: rc = 0
11-03 10:40:40.309600   416  2389 D SKGHAL  : Changing to ACTIVE state
11-03 10:40:40.311080  2520 12978 I SidekickManager: sendWatchFaceImpl(): watchFace = com.google.android.clockwork.decomposablewatchface.WatchFaceDecomposition@9560997 forTWM = false
11-03 10:40:40.311385  2520  2520 D HOME    : [SidekickManagerAsync]sendWatchFace(): Callback#onResult(): 0
11-03 10:40:40.319386  1686  3907 D SidekickService: sendWatchFaceComponents called: watchFace = com.google.android.clockwork.decomposablewatchface.WatchFaceDecomposition@5f66c73shouldReplace = true
11-03 10:40:40.319779  1686  3907 D SidekickService: Check decomposition for calling app com.google.android.wearable.app with uid 10049
11-03 10:40:40.320824  1686  3907 D SidekickService: sendWatchFaceLocked(): shouldReplace = true, mSidekickIsControlling = false, 2 images, 1 fonts, 2 numbers, 0 proportionalFonts, 0 strings
11-03 10:40:40.320950  1686  3907 D SidekickService: resetLocked()
11-03 10:40:40.330845   416  2389 D SKGHAL  : Changing to  RESET state
11-03 10:40:40.331353  1686  3907 D SidekickService: ISidekickGraphics#beginResources()...
11-03 10:40:40.331732   416  2389 D SKGHAL  : Changing to DOWNLOAD State
11-03 10:40:40.332636  1686  3907 D SidekickServiceUtils: bitmapFromDrawable: Returning bitmap directly
11-03 10:40:40.342778  1686  3907 W SidekickService: null digitDimensions in font, setting to PointF(20.0, 27.0)
11-03 10:40:40.343049  1686  3907 D SidekickService: sendFontsLocked(): fontInfo = {.width = 20, .height = 27, .nGlyphs = 10, .id = 4}, image.size() = 919
11-03 10:40:40.345382   416  2389 D SKGHAL  : saveResource: resId = 4
11-03 10:40:40.350508  1686  3907 D SidekickService: sendFontsLocked(): status = 0, bytesUsed = 1374
11-03 10:40:40.351354  1686  3907 D SidekickServiceUtils: bitmapFromDrawable: Returning bitmap directly
11-03 10:40:40.461122  1686  3907 D SidekickService: sendBitmapsLocked(): bounds = RectF(0.0, 0.0, 1.0, 1.0), drawableInfo = {.id = 0, .width = 416, .height = 416, .display = true, .offsetX = 0.0, .offsetY = 0.0, .rotationInfo = {.hasRotation = false, .pivotX = 0.0, .pivotY = 0.0, .degreesPerDay = 0.0, .degreesPerStep = 0.0, .zeroDegreesTime = {.daysSinceLocalEpoch = 0, .msSinceMidnight = 0}}, .transformInfo = {.transformed = false, .flipX = false, .flipY = false, .flip45 = false, .scaleX = 0.0, .scaleY = 0.0}, .type = GENERIC, .blink = {.blinking = false, .periodOnMs = 0.0, .periodOffMs = 0.0, .startTime = {.daysSinceLocalEpoch = 0, .msSinceMidnight = 0}}, .zOrder = 1, .displayInTwm = true}, image.size() = 6063
11-03 10:40:40.476146   416  2389 D SKGHAL  : saveResource: resId = 0
11-03 10:40:40.494426  1686  3907 D SidekickService: sendBitmapsLocked(): status = 0, bytesUsed = 9429
11-03 10:40:40.495201  1686  3907 D SidekickServiceUtils: bitmapFromDrawable: Returning bitmap directly
11-03 10:40:40.496629  1686  3907 D SidekickService: sendBitmapsLocked(): bounds = RectF(0.0, 0.0, 0.0024038462, 0.0024038462), drawableInfo = {.id = 100000, .width = 1, .height = 1, .display = true, .offsetX = 0.0, .offsetY = 0.0, .rotationInfo = {.hasRotation = false, .pivotX = 0.0, .pivotY = 0.0, .degreesPerDay = 0.0, .degreesPerStep = 0.0, .zeroDegreesTime = {.daysSinceLocalEpoch = 0, .msSinceMidnight = 0}}, .transformInfo = {.transformed = false, .flipX = false, .flipY = false, .flip45 = false, .scaleX = 0.0, .scaleY = 0.0}, .type = GENERIC, .blink = {.blinking = false, .periodOnMs = 0.0, .periodOffMs = 0.0, .startTime = {.daysSinceLocalEpoch = 0, .msSinceMidnight = 0}}, .zOrder = 6, .displayInTwm = true}, image.size() = 84
11-03 10:40:40.497714   416  2389 D SKGHAL  : saveResource: resId = 100000
11-03 10:40:40.498197  1686  3907 D SidekickService: sendBitmapsLocked(): status = 0, bytesUsed = 18
11-03 10:40:40.499371  1686  3907 D SidekickService: sendNumbersLocked(): drawableInfo = {.id = 5, .width = 100, .height = 50, .display = true, .offsetX = 162.0, .offsetY = 30.0, .rotationInfo = {.hasRotation = false, .pivotX = 0.0, .pivotY = 0.0, .degreesPerDay = 0.0, .degreesPerStep = 0.0, .zeroDegreesTime = {.daysSinceLocalEpoch = 0, .msSinceMidnight = 0}}, .transformInfo = {.transformed = false, .flipX = false, .flipY = false, .flip45 = false, .scaleX = 0.0, .scaleY = 0.0}, .type = NUMBER, .blink = {.blinking = false, .periodOnMs = 0.0, .periodOffMs = 0.0, .startTime = {.daysSinceLocalEpoch = 0, .msSinceMidnight = 0}}, .zOrder = 5, .displayInTwm = true}, numberInfo = {.startTime = {.daysSinceLocalEpoch = 0, .msSinceMidnight = 0}, .startNumber = 0, .minNumber = 0, .maxNumber = 23, .increment = 1, .msPerIncrement = 3600000.0, .fontId = 4, .digits = 2, .leadingZeroes = 1, .digit = -1, .transitionMs = 0.0}
11-03 10:40:40.500002   416  2389 D SKGHAL  : saveResource: resId = 5
11-03 10:40:40.500466  1686  3907 D SidekickService: sendNumbersLocked(): status = 0, bytesUsed = 0
11-03 10:40:40.501469  1686  3907 D SidekickService: sendNumbersLocked(): drawableInfo = {.id = 6, .width = 100, .height = 50, .display = true, .offsetX = 214.0, .offsetY = 30.0, .rotationInfo = {.hasRotation = false, .pivotX = 0.0, .pivotY = 0.0, .degreesPerDay = 0.0, .degreesPerStep = 0.0, .zeroDegreesTime = {.daysSinceLocalEpoch = 0, .msSinceMidnight = 0}}, .transformInfo = {.transformed = false, .flipX = false, .flipY = false, .flip45 = false, .scaleX = 0.0, .scaleY = 0.0}, .type = NUMBER, .blink = {.blinking = false, .periodOnMs = 0.0, .periodOffMs = 0.0, .startTime = {.daysSinceLocalEpoch = 0, .msSinceMidnight = 0}}, .zOrder = 5, .displayInTwm = true}, numberInfo = {.startTime = {.daysSinceLocalEpoch = 0, .msSinceMidnight = 0}, .startNumber = 0, .minNumber = 0, .maxNumber = 59, .increment = 1, .msPerIncrement = 60000.0, .fontId = 4, .digits = 2, .leadingZeroes = 1, .digit = -1, .transitionMs = 0.0}
11-03 10:40:40.501998   416  2389 D SKGHAL  : saveResource: resId = 6
11-03 10:40:40.502415  1686  3907 D SidekickService: sendNumbersLocked(): status = 0, bytesUsed = 0
11-03 10:40:40.502544  1686  3907 D SidekickService: ISidekickGraphics#endResources()...
11-03 10:40:40.665168   416  2389 D SKGHAL  : sendResources: metadata size = 2400, font size = 72
11-03 10:40:40.695305   416  2389 D SKGHAL  : endResources: rc = 0
11-03 10:40:40.695423   416  2389 D SKGHAL  : Changing to ACTIVE state
11-03 10:40:40.697265  2520  2520 D HOME    : [SidekickManagerAsync]sendWatchFace(): Callback#onResult(): 0
--------- switch to system
11-03 10:40:43.482896  1686  1712 I PowerManagerService: Going to sleep due to screen timeout (uid 1000)...
11-03 10:40:43.484024  1686  1712 I DreamManagerService: Entering dreamland.
11-03 10:40:43.484689  1686  1712 I PowerManagerService: Dozing...
11-03 10:40:43.485956  1686  1686 W UsageStatsService: Event reported without a package name
11-03 10:40:43.486299  1686  1708 I DreamController: Starting dream: name=ComponentInfo{com.google.android.wearable.ambient/com.google.android.wearable.ambient.AmbientDream}, isTest=false, canDoze=true, userId=0
11-03 10:40:43.510286  1686  1686 W ContextImpl: Calling a method in the system process without a qualified user: android.app.ContextImpl.bindService:1611 android.content.ContextWrapper.bindService:698 com.google.android.wearable.ambient.AmbientDream.onCreate:191 android.app.ActivityThread.handleCreateService:3533 android.app.ActivityThread.access$1300:200 
11-03 10:40:43.513362  1686  1686 W ContextImpl: Calling a method in the system process without a qualified user: android.app.ContextImpl.sendBroadcast:1005 android.content.ContextWrapper.sendBroadcast:444 com.google.android.wearable.ambient.AmbientDream.onCreate:241 android.app.ActivityThread.handleCreateService:3533 android.app.ActivityThread.access$1300:200 
11-03 10:40:43.514131  1686  1686 V DreamService[AmbientDream]: onBind() intent = Intent { act=android.service.dreams.DreamService flg=0x800000 cmp=com.google.android.wearable.ambient/.AmbientDream }
--------- switch to main
11-03 10:40:43.515967  1686  1686 I AmbientService: [ce6a28c] Ambient Created
--------- switch to system
11-03 10:40:43.518470  1686  1686 V DreamService[AmbientDream]: Calling onDreamingStarted()
--------- switch to main
11-03 10:40:43.518698  1686  1686 I AmbientService: [ce6a28c] doOnDreamingStarted
11-03 10:40:43.519462  1686  1686 D SidekickService: setShouldControlDisplay called: true
11-03 10:40:43.521257  1686  1686 I AmbientService: [ce6a28c] Selected running activity for ambient mode: AmbientActivity[component=ComponentInfo{com.google.android.wearable.app/com.google.android.clockwork.home2.activity.HomeActivity2}, callbacks=@210b385, running=true, ambientRequested=true, ambientEnabled=true, offloadEnabled=true]
11-03 10:40:43.522075  1686  1686 I AmbientService: [ce6a28c] Sidekick is ready to display, requesting doze.
11-03 10:40:43.522839  1686  1686 I AmbientService: [ce6a28c] No auto-resume Activity.
11-03 10:40:43.524869  1686  1686 W DefaultSettingsContentR: Value for ambient_low_bit_enabled not stored as number. Attempting parse as boolean.
11-03 10:40:43.526702  2520  2520 D HOME    : [HomeVisitsLogger]Logging streamlet event: enter_ambient_mode
11-03 10:40:43.527422  2520  2520 D HOME    : [HotwordController]updateClient MODE_WATCH_FACE false true false true
11-03 10:40:43.527817  2520 12978 D HOME    : [HomeVisitsLogger]Logging streamlet event: visit_end
11-03 10:40:43.528297  1686  1686 I AmbientService: [ce6a28c] Showing watch face in offload mode, canceling alarm.
11-03 10:40:43.528382  1686  1686 W AlarmManagerProxy: Removing unknown listener
11-03 10:40:43.528528  1686  1686 D WristGestureCtrl: Stopping detectors: GesturesEnabled-false gestureDetector-false ungazeEnabled-true ungaze-true
11-03 10:40:43.528607  1686  1686 D DefaultUngazeDetector: stopping
11-03 10:40:43.530566   512  1749 I sensors-hal: batch:140, android.sensor.accelerometer/48, period=66667000, max_latency=100000000
11-03 10:40:43.532634   512  1749 I sensors-hal: batch:149, android.sensor.accelerometer/48, period=66667000, max_latency=100000000 request completed
11-03 10:40:43.567535  2520  2520 D HOME    : [WatchFaceUiController]setInAmbientMode true
11-03 10:40:43.568676  2520 12978 I SidekickManager: replaceWatchFaceComponentsImpl(): watchFace = com.google.android.clockwork.decomposablewatchface.WatchFaceDecomposition@9bf031c
11-03 10:40:43.569399  1686  3907 D SidekickService: sendWatchFaceComponents called: watchFace = com.google.android.clockwork.decomposablewatchface.WatchFaceDecomposition@4257e8cshouldReplace = false
11-03 10:40:43.569661  1686  3907 D SidekickService: Check decomposition for calling app com.google.android.wearable.app with uid 10049
11-03 10:40:43.569726  2520  2520 D HOME    : [StreamDBQueue]Promised revision #4496 to queue a new op
11-03 10:40:43.569955  2520  2520 D WatchStreamManager: Promised rank-blocked=false @ r#4496
11-03 10:40:43.570142  1686  3907 D SidekickService: sendWatchFaceLocked(): shouldReplace = false, mSidekickIsControlling = false, 1 images, 0 fonts, 0 numbers, 0 proportionalFonts, 0 strings
11-03 10:40:43.570250  1686  3907 D SidekickService: ISidekickGraphics#beginResources()...
11-03 10:40:43.570372  2520  2520 D HOME    : [StreamDBQueue]Promised revision #4497 to queue a new op
11-03 10:40:43.570432  2520 12957 D HOME    : [WatchStreamDB]Item alerting conditions - isInterruptive: true, recentlyInterrupted: false, isItemPinned: false, isUnread: false
11-03 10:40:43.570615  2520  2520 D WatchStreamManager: Promised rank-blocked=false @ r#4497
11-03 10:40:43.570764  2520 12957 D HOME    : [StreamAlertingRegulator]isTheaterModeEnabled: false, isAlertingAllowedByOffBody: true, matchesLocalInterruptionFilter: true
11-03 10:40:43.571029  2520 12957 D HOME    : [WatchStreamDB]couldItemAlert: false, isTopItemChanged: false, isDeferralForTopItem: false
11-03 10:40:43.571295  1686  3907 D SidekickServiceUtils: bitmapFromDrawable: Returning bitmap directly
11-03 10:40:43.571423  2520  2520 D HOME    : [EventBus]Wrapper pool is full. Discarding excess wrapper instance for event com.google.android.clockwork.sysui.events.KeyguardStateEvent
11-03 10:40:43.571533  2520  2520 D HOME    : [WatchFaceUiController]sendStateToWallpaper
11-03 10:40:43.572016  2520 12958 D HOME    : [StreamDBQueue]Promised revision #4498 to queue a new op
11-03 10:40:43.572153  2520 12958 D WatchStreamManager: Promised rerank @ r#4498
11-03 10:40:43.573265  2520  2520 D HOME    : [EventBus]Wrapper pool is full. Discarding excess wrapper instance for event com.google.android.clockwork.sysui.events.KeyguardStateEvent
11-03 10:40:43.573360  2520 12957 D HOME    : [WatchStreamDB]Item alerting conditions - isInterruptive: true, recentlyInterrupted: false, isItemPinned: false, isUnread: false
11-03 10:40:43.573474  1686  3907 D SidekickService: sendBitmapsLocked(): bounds = RectF(0.47115386, 0.33653846, 0.52884614, 0.39423078), drawableInfo = {.id = 100000, .width = 24, .height = 24, .display = true, .offsetX = 193.0, .offsetY = 137.0, .rotationInfo = {.hasRotation = false, .pivotX = 0.0, .pivotY = 0.0, .degreesPerDay = 0.0, .degreesPerStep = 0.0, .zeroDegreesTime = {.daysSinceLocalEpoch = 0, .msSinceMidnight = 0}}, .transformInfo = {.transformed = false, .flipX = false, .flipY = false, .flip45 = false, .scaleX = 0.0, .scaleY = 0.0}, .type = GENERIC, .blink = {.blinking = false, .periodOnMs = 0.0, .periodOffMs = 0.0, .startTime = {.daysSinceLocalEpoch = 0, .msSinceMidnight = 0}}, .zOrder = 6, .displayInTwm = true}, image.size() = 204
11-03 10:40:43.573552  2520  2520 D HOME    : [EventBus]Wrapper pool is full. Discarding excess wrapper instance for event com.google.android.clockwork.sysui.events.KeyguardStateEvent
11-03 10:40:43.573602  2520 12957 D HOME    : [StreamAlertingRegulator]isTheaterModeEnabled: false, isAlertingAllowedByOffBody: true, matchesLocalInterruptionFilter: true
11-03 10:40:43.574358  2520 12957 D HOME    : [WatchStreamDB]couldItemAlert: false, isTopItemChanged: false, isDeferralForTopItem: false
11-03 10:40:43.574479   416  2389 D SKGHAL  : saveResource: resId = 100000
11-03 10:40:43.575740  2520 12957 D HOME    : [WatchStreamDB]updateRanking()
11-03 10:40:43.576669  1686  3907 D SidekickService: sendBitmapsLocked(): status = 0, bytesUsed = 267
11-03 10:40:43.577114  1686  3907 D SidekickService: ISidekickGraphics#endResources()...
11-03 10:40:43.578765  2520 12957 D HOME    : [WatchStreamDB]Item alerting conditions - isInterruptive: true, recentlyInterrupted: false, isItemPinned: false, isUnread: false
11-03 10:40:43.579763  2520  2520 W StaticLayout: maxLineHeight should not be -1.  maxLines:1 lineCount:1
11-03 10:40:43.580696  2520 12957 D HOME    : [StreamAlertingRegulator]isTheaterModeEnabled: false, isAlertingAllowedByOffBody: true, matchesLocalInterruptionFilter: true
11-03 10:40:43.582685  2520 12957 D HOME    : [WatchStreamDB]couldItemAlert: false, isTopItemChanged: false, isDeferralForTopItem: false
11-03 10:40:43.584041  2520 12957 D HOME    : [NewStreamAdapter]Publishing revision #4498 to adapter clients
11-03 10:40:43.586860  2520 12958 D HOME    : [StreamDBQueue]Promised revision #4499 to queue a new op
11-03 10:40:43.587226  2520 12958 D WatchStreamManager: Promised rerank @ r#4499
11-03 10:40:43.587815  2520 12957 D HOME    : [WatchStreamDB]updateRanking()
11-03 10:40:43.588585  2520 12957 D HOME    : [WatchStreamDB]Item alerting conditions - isInterruptive: true, recentlyInterrupted: false, isItemPinned: false, isUnread: false
11-03 10:40:43.589577  2520 12957 D HOME    : [StreamAlertingRegulator]isTheaterModeEnabled: false, isAlertingAllowedByOffBody: true, matchesLocalInterruptionFilter: true
11-03 10:40:43.589897  2520 12957 D HOME    : [WatchStreamDB]couldItemAlert: false, isTopItemChanged: false, isDeferralForTopItem: false
11-03 10:40:43.590804  2520 12957 D HOME    : [NewStreamAdapter]Publishing revision #4499 to adapter clients
11-03 10:40:43.761106   416  2389 D SKGHAL  : sendResources: metadata size = 2400, font size = 72
11-03 10:40:43.802351   416  2389 D SKGHAL  : endResources: rc = 0
--------- switch to system
11-03 10:40:43.804598  1686  1686 W Looper  : Slow dispatch took 230ms main h=android.os.Handler c=com.google.android.wearable.ambient.AmbientDream$Callbacks$1@ccdb9d5 m=0
--------- switch to main
11-03 10:40:43.805768  2520  2520 D HOME    : [SidekickManagerAsync]replaceWatchFaceComponents(): Callback#onResult(): 0
11-03 10:40:43.806439  2520  2520 D HOME    : [WatchFaceUiController]Complication updates sent, posting watch face hiding
11-03 10:40:43.806594  2520  2520 D HOME    : [WatchFaceUiController]Still in ambient watch face, hiding
11-03 10:40:43.806831  2520  2520 D HOME    : [WatchFaceUiController]Hiding watch face wallpaper.
--------- switch to kernel
11-03 10:40:43.702394     0     0 E FG      : fg_psy_get_property: unsupported property 7
--------- switch to main
11-03 10:40:43.842580   512  1749 I sensors-hal: activate:107, android.sensor.light/46 en=0
11-03 10:40:43.847899   512  1749 I sensors-hal: activate:118, android.sensor.light/46 en=0 completed
11-03 10:40:43.847954  1956  1956 D QtiCarrierConfigHelper: WARNING, no carrier configs on phone Id: 0
11-03 10:40:43.853232  2520  2520 D HOME    : [BatteryChange]action: android.intent.action.BATTERY_CHANGED
11-03 10:40:43.855757  2520 12978 D HOME    : [BatteryChange]HandleBatteryChangedTask
11-03 10:40:43.857013  2520 12978 D HOME    : [BatteryChange]level: 12, status: 3
11-03 10:40:43.859215  2520 12978 D HOME    : [BatteryChange]updateStreamItem
--------- switch to kernel
11-03 10:40:43.707156     0     0 W healthd : battery l=12 v=3654 t=30.0 h=2 st=3 c=122 fc=443000 cc=0 chg=
--------- switch to system
11-03 10:40:43.872579  1686  1710 I DisplayManagerService: Display device changed state: "Écran intégré", DOZE_SUSPEND
--------- switch to main
11-03 10:40:43.912492   545   545 D SurfaceFlinger: Set power mode=3, type=0 flinger=0xb6bb6000
11-03 10:40:43.913885   504   764 I SDM     : DisplayBase::SetDisplayState: Set state = 3, display 0
11-03 10:40:43.921977  1686  1759 I InputReader: Reconfiguring input devices.  changes=0x00000004
11-03 10:40:43.981119   545   545 D SurfaceFlinger: Finished set power mode=3, type=0
11-03 10:40:43.981901  1686  1823 I SidekickService: beginDisplayLocked(): DOZE_SUSPEND
11-03 10:40:43.983017   416  2389 D SKGHAL  : sendAmbientPrepare: enter:
--------- switch to kernel
11-03 10:40:43.802125     0     0 I mdss_dsi_panel_set_idle_mode: Idle (0->1)
11-03 10:40:43.854292     0     0 I         : [touch]FB_BLANK_VSYNC_SUSPEND
11-03 10:40:43.854302     0     0 I         : [touch]irq disable
11-03 10:40:43.854308     0     0 I         : [touch]workqueue is empty!
11-03 10:40:43.854312     0     0 I         : [touch]raydium_ts_do_suspend.
11-03 10:40:43.854326     0     0 I         : [touch]Device may wakeup
11-03 10:40:43.858117     0     0 I         : [touch]irq enable
--------- switch to main
11-03 10:40:44.025549   416  2389 D SKGHAL  : sendAmbientEvent: enter: enable = 1
11-03 10:40:44.026700   504   523 I SDM     : DisplayBase::SetDisplayState: Set state = 4, display 0
11-03 10:40:44.057813   504   523 D SDM     : HWCDisplayPrimary::SetStandByMode: Null display is connected successfully
11-03 10:40:44.058403   416  2389 D SKGHAL  : standBy_update_control call succeed on 1
--------- switch to kernel
11-03 10:40:43.935773     0     0 E mdss_dsi_gen_read_status: Read back value from panel is incorrect
--------- switch to main
11-03 10:40:44.072581   416  2389 D SKGHAL  : sendAmbientEvent: done: enable = 1
11-03 10:40:44.073488  1686  1823 D SidekickService:    ... beginDisplay result: 0 for halPower: 1
