11-03 11:57:28.100680  3205  3372 W A       : 	at java.util.concurrent.ThreadPoolExecutor.runWorker(ThreadPoolExecutor.java:1167)
11-03 11:57:28.100680  3205  3372 W A       : 	at java.util.concurrent.ThreadPoolExecutor$Worker.run(ThreadPoolExecutor.java:641)
11-03 11:57:28.100680  3205  3372 W A       : 	at com.google.apps.tiktok.concurrent.c.run(Unknown Source:4)
11-03 11:57:28.100680  3205  3372 W A       : 	at java.lang.Thread.run(Thread.java:764)
--------- switch to system
11-03 11:57:28.124358   618   618 I wificond: Pno scan stopped
--------- switch to main
11-03 11:57:28.137984  1686  1686 I WearPower: [WearTouchMediator] changing touch input to enabled (ON_AUTO)
11-03 11:57:28.138867  1686  1759 I InputReader: Reconfiguring input devices.  changes=0x00000200
--------- switch to kernel
11-03 11:57:28.004225     0     0 I init    : processing action (ro.enable_core_ctl=true && sys.cw_corectl_mode=perf) from (/vendor/etc/init/hw/init.qcom.rc:954)
11-03 11:57:28.005381     0     0 I CPU2    : update cpu_capacity 1024
11-03 11:57:28.006318     0     0 W         : IRQ21 no longer affine to CPU2
11-03 11:57:28.007014     0     0 I CPU2    : shutdown
11-03 11:57:28.019073     0     0 I CPU3    : update cpu_capacity 1024
11-03 11:57:28.019966     0     0 W         : IRQ21 no longer affine to CPU3
11-03 11:57:28.020690     0     0 I CPU3    : shutdown
--------- switch to main
11-03 11:57:28.158262  1686  1686 D WristGestureCtrl: Starting: GesturesEnabled-false UngazeEnabled-true
11-03 11:57:28.158385  1686  1686 D DefaultUngazeDetector: starting
11-03 11:57:28.159111  1686  1686 D DefaultUngazeDetector: startUngazeStateEstimation(). startTime = 68527588
11-03 11:57:28.159274  1686  1686 W AlarmManagerProxy: Removing unknown listener
11-03 11:57:28.160644  1686  1686 W DefaultSettingsContentR: Value for ambient_low_bit_enabled not stored as number. Attempting parse as boolean.
11-03 11:57:28.164072   512  1749 I sensors-hal: batch:140, android.sensor.accelerometer/48, period=19231000, max_latency=100000000
11-03 11:57:28.165090   512 13929 I sensors-hal: handle_indication_realtime:355,  SCHED_FIFO(10) for qmi_cbk
11-03 11:57:28.165734   512  1749 I sensors-hal: batch:149, android.sensor.accelerometer/48, period=19231000, max_latency=100000000 request completed
11-03 11:57:28.166050   512  1749 I sensors-hal: flush:169, android.sensor.accelerometer/48
11-03 11:57:28.168250   512  1749 I sensors-hal: flush:175, android.sensor.accelerometer/48 completed
11-03 11:57:28.173724  2520 13839 D HOME    : [BatteryChange]batteryHistory size: 20'
11-03 11:57:28.173944  2520 13839 D HOME    : [BatteryChange]timeDelta: 14851677
11-03 11:57:28.174079  2520 13839 D HOME    : [BatteryChange]levelDelta: 21
11-03 11:57:28.185926  3205  3434 W WorkController: Loading failed for worker [trainingcache]: worker not found
11-03 11:57:28.186662  3205  3294 W A       : TrainingCache cache SCREEN_ON failure
11-03 11:57:28.186662  3205  3294 W A       : com.google.android.apps.gsa.search.core.service.h.a.a: No worker found for Worker ID [trainingcache].
11-03 11:57:28.186662  3205  3294 W A       : 	at com.google.android.apps.gsa.search.core.service.g.a.c.a(Unknown Source:5)
11-03 11:57:28.186662  3205  3294 W A       : 	at com.google.android.libraries.gsa.c.a.d.a(Unknown Source:3)
11-03 11:57:28.186662  3205  3294 W A       : 	at com.google.common.p.a.cg.c(Unknown Source:2)
11-03 11:57:28.186662  3205  3294 W A       : 	at com.google.common.p.a.bk.run(SourceFile:3)
11-03 11:57:28.186662  3205  3294 W A       : 	at com.google.common.p.a.ci.run(Unknown Source:4)
11-03 11:57:28.186662  3205  3294 W A       : 	at com.google.apps.tiktok.concurrent.ab.run(SourceFile:1)
11-03 11:57:28.186662  3205  3294 W A       : 	at java.util.concurrent.ThreadPoolExecutor.runWorker(ThreadPoolExecutor.java:1167)
11-03 11:57:28.186662  3205  3294 W A       : 	at java.util.concurrent.ThreadPoolExecutor$Worker.run(ThreadPoolExecutor.java:641)
11-03 11:57:28.186662  3205  3294 W A       : 	at com.google.apps.tiktok.concurrent.c.run(Unknown Source:4)
11-03 11:57:28.186662  3205  3294 W A       : 	at java.lang.Thread.run(Thread.java:764)
11-03 11:57:28.209687  2520  2520 D HOME    : [StreamDBQueue]Promised revision #5083 to queue a new op
11-03 11:57:28.209915  2520  2520 D WatchStreamManager: Promised rank-blocked=true @ r#5083
11-03 11:57:28.211014  2520 13839 D HOME    : [WatchStreamDB]Item alerting conditions - isInterruptive: true, recentlyInterrupted: false, isItemPinned: false, isUnread: true
11-03 11:57:28.211308  2520 13839 D HOME    : [StreamAlertingRegulator]isTheaterModeEnabled: false, isAlertingAllowedByOffBody: true, matchesLocalInterruptionFilter: true
11-03 11:57:28.211514  2520 13839 D HOME    : [WatchStreamDB]couldItemAlert: false, isTopItemChanged: false, isDeferralForTopItem: false
11-03 11:57:28.213635  2520  2714 D HOME    : [TickMonitor]Received time tick
11-03 11:57:28.214504  2520  2714 D HOME    : [TickMonitor]handleTimeTick() finished
11-03 11:57:28.340194   504   523 I SDM     : DisplayBase::SetDisplayState: Set state = 3, display 0
11-03 11:57:28.340432   504   523 D SDM     : HWCDisplayPrimary::SetStandByMode: Display is connected successfully
11-03 11:57:28.340727   416  1715 D SKGHAL  : standBy_update_control call succeed on 0
11-03 11:57:28.340790   416  1715 D SKGHAL  : sendAmbientEvent: done: enable = 0
11-03 11:57:28.341516  1686  1823 D SidekickService:    ... endDisplay returns void
11-03 11:57:28.342671   545   545 D SurfaceFlinger: Set power mode=2, type=0 flinger=0xb6bb6000
11-03 11:57:28.343189   504   764 I SDM     : DisplayBase::SetDisplayState: Set state = 1, display 0
--------- switch to kernel
11-03 11:57:28.203858     0     0 I         : [touch]FB_BLANK_VSYNC_SUSPEND
11-03 11:57:28.203863     0     0 I         : [touch]Already in suspend state
--------- switch to main
11-03 11:57:28.352736   545   545 D SurfaceFlinger: Finished set power mode=2, type=0
--------- switch to system
11-03 11:57:28.355662  1686  1712 W PowerManagerService: Screen on took 522 ms
11-03 11:57:28.356035  1686  1712 I DreamManagerService: Gently waking up from dream.
11-03 11:57:28.356683  1686  1708 I DreamManagerService: Performing gentle wake from dream.
11-03 11:57:28.357470  1686  1686 V DreamService[AmbientDream]: wakeUp(): fromSystem=true, mWaking=false, mFinished=false
11-03 11:57:28.357592  1686  1686 V DreamService[AmbientDream]: finish(): mFinished=false
11-03 11:57:28.357685  1686  1686 I DreamManagerService: Leaving dreamland.
11-03 11:57:28.358437  1686  1708 I DreamManagerService: Performing gentle wake from dream.
11-03 11:57:28.358600  1686  1708 I DreamController: Stopping dream: name=ComponentInfo{com.google.android.wearable.ambient/com.google.android.wearable.ambient.AmbientDream}, isTest=false, canDoze=true, userId=0
--------- switch to kernel
11-03 11:57:28.213855     0     0 I mdss_dsi_panel_set_idle_mode: Idle (1->0)
11-03 11:57:28.214768     0     0 E mdp3_enable_panic_ctrl: mdp3_enable_panic_ctrl: Enable Panic Control
11-03 11:57:28.214852     0     0 I         : [touch]FB_BLANK_UNBLANK
11-03 11:57:28.214860     0     0 I         : [touch]raydium_ts_do_resume, 1.
11-03 11:57:28.215212     0     0 I         : [ raydium ]workqueue is empty!
11-03 11:57:28.215229     0     0 I raydium_ts 5-0039: [touch]Already enable irq
11-03 11:57:28.215232     0     0 I         : [touch]Device may wakeup
--------- switch to system
11-03 11:57:28.361045  1686  1686 V DreamService[AmbientDream]: detach(): Calling onDreamingStopped()
--------- switch to main
11-03 11:57:28.361187  1686  1686 I AmbientService: [ce6a28c] doOnDreamingStopped
11-03 11:57:28.361262  1686  1686 W AlarmManagerProxy: Removing unknown listener
11-03 11:57:28.370178  2520  2520 D HOME    : [HomeVisitsLogger]Logging streamlet event: visit_start
11-03 11:57:28.370596  2520  2520 D HOME    : [HomeVisitsLogger]Logging streamlet event: exit_ambient_mode
11-03 11:57:28.371217  2520  2520 D HOME    : [HotwordController]updateClient MODE_WATCH_FACE false false false true
11-03 11:57:28.372355  2520  2520 D HOME    : [WatchFaceUiController]setInAmbientMode false
11-03 11:57:28.372459  2520  2520 D HOME    : [WatchFaceUiController]sendWatchFaceServiceBinder
11-03 11:57:28.379502  2520  2520 D HOME    : [WatchFaceUiController]sendStateToWallpaper
11-03 11:57:28.383269  2520  2520 D HOME    : [WatchFaceUiController]Showing watch face wallpaper.
11-03 11:57:28.383418  2520  2520 D HOME    : [WatchFaceUiController]sendStateToWallpaper
11-03 11:57:28.383109  1686  1686 I AmbientService: [ce6a28c] No auto-resume Activity.
11-03 11:57:28.385646  2520  2520 D HOME    : [StreamDBQueue]Promised revision #5084 to queue a new op
11-03 11:57:28.385858  2520  2520 D WatchStreamManager: Promised rank-blocked=true @ r#5084
11-03 11:57:28.386180  2520  2520 D HOME    : [StreamDBQueue]Promised revision #5085 to queue a new op
11-03 11:57:28.386278  2520  2520 D WatchStreamManager: Promised rank-blocked=true @ r#5085
11-03 11:57:28.386724  2520  2520 D HOME    : [TilesController]Tile refresh optimization is enabled.
11-03 11:57:28.387103  2520  2520 D HOME    : [EventBus]Wrapper pool is full. Discarding excess wrapper instance for event com.google.android.clockwork.sysui.events.KeyguardStateEvent
--------- switch to kernel
11-03 11:57:28.260223    11    11 E         : [11:57:28.396746] [0000013260EB8087] [VosRX]  wlan: [E :WDI] WDTS_RxPacketDump RX Data frame is UC
11-03 11:57:28.260252    11    11 E         : [11:57:28.396786] [0000013260EB8364] [VosRX]  wlan: [E :WDI] WDTS_RxPacketDump: Management subtype:5 SA:f4:db:e6:66:5a:a0 DA:00:0a:f5:f2:a2:70
--------- switch to main
11-03 11:57:28.387187  2520  2520 D HOME    : [WatchFaceUiController]sendStateToWallpaper
11-03 11:57:28.388187  2520 13693 D HOME    : [WatchStreamDB]Item alerting conditions - isInterruptive: true, recentlyInterrupted: false, isItemPinned: false, isUnread: true
11-03 11:57:28.388798  2520  2520 D HOME    : [EventBus]Wrapper pool is full. Discarding excess wrapper instance for event com.google.android.clockwork.sysui.events.KeyguardStateEvent
11-03 11:57:28.389020  2520  2520 D HOME    : [EventBus]Wrapper pool is full. Discarding excess wrapper instance for event com.google.android.clockwork.sysui.events.KeyguardStateEvent
11-03 11:57:28.389239  2520 13693 D HOME    : [StreamAlertingRegulator]isTheaterModeEnabled: false, isAlertingAllowedByOffBody: true, matchesLocalInterruptionFilter: true
11-03 11:57:28.394463  2520 13693 D HOME    : [WatchStreamDB]couldItemAlert: false, isTopItemChanged: false, isDeferralForTopItem: false
11-03 11:57:28.395498  2520  2520 D HOME    : [WatchFaceUiController]sendStateToWallpaper
11-03 11:57:28.399058  2520  2520 W StaticLayout: maxLineHeight should not be -1.  maxLines:1 lineCount:1
11-03 11:57:28.399661  1686  1686 W AlarmManager: Unrecognized alarm listener com.android.server.job.controllers.-$$Lambda$IdleController$IdlenessTracker$nTdS-lGBXcES5VWKcJFmQFgU7IU@1ab437a
11-03 11:57:28.410758  2520 13693 D HOME    : [WatchStreamDB]Item alerting conditions - isInterruptive: true, recentlyInterrupted: false, isItemPinned: false, isUnread: true
--------- switch to system
11-03 11:57:28.410872  1686  1686 W ContextImpl: Calling a method in the system process without a qualified user: android.app.ContextImpl.sendBroadcast:1020 android.content.ContextWrapper.sendBroadcast:449 com.google.android.wearable.ambient.AmbientDream.onDestroy:273 android.app.ActivityThread.handleStopService:3698 android.app.ActivityThread.access$1700:200 
--------- switch to main
11-03 11:57:28.411078  2520 13693 D HOME    : [StreamAlertingRegulator]isTheaterModeEnabled: false, isAlertingAllowedByOffBody: true, matchesLocalInterruptionFilter: true
11-03 11:57:28.411222  1686  1686 E AlarmManager: cancel() called with a null PendingIntent
11-03 11:57:28.411286  2520 13693 D HOME    : [WatchStreamDB]couldItemAlert: false, isTopItemChanged: false, isDeferralForTopItem: false
--------- switch to system
11-03 11:57:28.411842  1686  1686 V DreamService[AmbientDream]: onDestroy()
--------- switch to main
11-03 11:57:28.457126  2520  2520 D HOME    : [WatchFaceUiController]sendWatchFaceServiceBinder
11-03 11:57:28.461317  2520  2520 D HOME    : [WatchFaceUiController]sendProperties
11-03 11:57:28.466355  2520  2520 D HOME    : [WatchFaceUiController]sendStateToWallpaper
11-03 11:57:28.565445   512   512 I sensors-hal: activate:107, android.sensor.light/46 en=0
11-03 11:57:28.567939   512   512 I sensors-hal: activate:118, android.sensor.light/46 en=0 completed
11-03 11:57:28.569721   512   512 I sensors-hal: batch:140, android.sensor.light/46, period=250000000, max_latency=0
11-03 11:57:28.569950   512   512 I sensors-hal: batch:149, android.sensor.light/46, period=250000000, max_latency=0 request completed
11-03 11:57:28.570725   512   512 I sensors-hal: activate:107, android.sensor.light/46 en=1
11-03 11:57:28.572252   512   512 I sensors-hal: ssc_enable_rt_task:254, ssc_enable_rt_task : true
11-03 11:57:28.579350   512   512 I sensors-hal: activate:118, android.sensor.light/46 en=1 completed
--------- switch to system
11-03 11:57:28.583341  1686  1686 V SettingsProvider: Notifying for 0: content://settings/system/screen_brightness
--------- switch to main
11-03 11:57:28.584616  1686  1686 I SidekickService: loadBrightnessLocked()
11-03 11:57:28.585392  1686  1686 D SidekickService: screenBrightness  = 57
11-03 11:57:28.586055  1686  1686 D SidekickService: sendConfigValuesLocked(): alsThresholds = [40, 92, 95, 100, 125, 150, 175, 200, 225, 250, 300, 400, 500, 800, 1200], brightnessValuesBright = [50, 56, 60, 70, 80, 90, 100, 115, 120, 140, 160, 180, 200, 220, 240, 255], brightnessValuesDim= [50, 56, 60, 70, 80, 90, 100, 115, 120, 140, 160, 180, 200, 220, 240, 255]
11-03 11:57:28.602860  1686  1686 D SidekickService: setAlsMode(): mode = 2, brightenAlpha = 80, dimmingAlpha = 80
11-03 11:57:28.622245  1686  1686 D SidekickService: setTwmConfig():: msTiltToBright = 10000, tiltToBright = false
11-03 11:57:28.680704   512 13939 I sensors-hal: handle_indication_realtime:355,  SCHED_FIFO(10) for qmi_cbk
11-03 11:57:28.695570  1686  3998 D WificondControl: Scan result ready event
11-03 11:57:28.785619   512   512 I sensors-hal: batch:140, android.sensor.accelerometer/48, period=66667000, max_latency=100000000
11-03 11:57:28.788641   512   512 I sensors-hal: batch:149, android.sensor.accelerometer/48, period=66667000, max_latency=100000000 request completed
11-03 11:57:28.790383  1686  1686 D DefaultUngazeDetector: Ungaze event occurred; emitting gesture event!
11-03 11:57:28.790518  1686  1686 D WristGestureCtrl: Gesture:GESTURE UNGAZE, timestamp(ms): 68527588, confidence: 0.0, latency(ms): 0, duration(ms): 632
11-03 11:57:28.791977   512   512 I sensors-hal: batch:140, android.sensor.accelerometer/48, period=19231000, max_latency=100000000
11-03 11:57:28.793919   512   512 I sensors-hal: batch:149, android.sensor.accelerometer/48, period=19231000, max_latency=100000000 request completed
11-03 11:57:28.794334   512   512 I sensors-hal: flush:169, android.sensor.accelerometer/48
11-03 11:57:28.795522   512   512 I sensors-hal: flush:175, android.sensor.accelerometer/48 completed
--------- switch to system
11-03 11:57:28.795537  1686  1686 I WindowManager: sleepRelease() calling goToSleep(GO_TO_SLEEP_REASON_SLEEP_BUTTON)
11-03 11:57:28.795770  1686  1686 I PowerManagerService: Going to sleep due to sleep button (uid 1000)...
11-03 11:57:28.797180  1686  1686 W UsageStatsService: Event reported without a package name
11-03 11:57:28.797283  1686  1712 I DreamManagerService: Entering dreamland.
11-03 11:57:28.800471  1686  1712 I PowerManagerService: Dozing...
11-03 11:57:28.822111  1686  1708 I DreamController: Starting dream: name=ComponentInfo{com.google.android.wearable.ambient/com.google.android.wearable.ambient.AmbientDream}, isTest=false, canDoze=true, userId=0
11-03 11:57:28.852352  1686  1686 W ContextImpl: Calling a method in the system process without a qualified user: android.app.ContextImpl.bindService:1611 android.content.ContextWrapper.bindService:698 com.google.android.wearable.ambient.AmbientDream.onCreate:191 android.app.ActivityThread.handleCreateService:3533 android.app.ActivityThread.access$1300:200 
11-03 11:57:28.858597  1686  1686 W ContextImpl: Calling a method in the system process without a qualified user: android.app.ContextImpl.sendBroadcast:1005 android.content.ContextWrapper.sendBroadcast:444 com.google.android.wearable.ambient.AmbientDream.onCreate:241 android.app.ActivityThread.handleCreateService:3533 android.app.ActivityThread.access$1300:200 
11-03 11:57:28.859283  1686  1686 V DreamService[AmbientDream]: onBind() intent = Intent { act=android.service.dreams.DreamService flg=0x800000 cmp=com.google.android.wearable.ambient/.AmbientDream }
--------- switch to main
11-03 11:57:28.860901  1686  1686 I AmbientService: [ce6a28c] Ambient Created
--------- switch to system
11-03 11:57:28.866497  1686  1686 V DreamService[AmbientDream]: Calling onDreamingStarted()
--------- switch to main
11-03 11:57:28.866639  1686  1686 I AmbientService: [ce6a28c] doOnDreamingStarted
11-03 11:57:28.870008  1686  1686 D SidekickService: setShouldControlDisplay called: true
11-03 11:57:28.872811  1686  1686 I AmbientService: [ce6a28c] Selected running activity for ambient mode: AmbientActivity[component=ComponentInfo{com.google.android.wearable.app/com.google.android.clockwork.home2.activity.HomeActivity2}, callbacks=@210b385, running=true, ambientRequested=true, ambientEnabled=true, offloadEnabled=true]
11-03 11:57:28.873411  1686  1686 I AmbientService: [ce6a28c] Sidekick is ready to display, requesting doze.
11-03 11:57:28.874527  1686  1686 I AmbientService: [ce6a28c] No auto-resume Activity.
11-03 11:57:28.876530  2520  2520 D HOME    : [HomeVisitsLogger]Logging streamlet event: enter_ambient_mode
11-03 11:57:28.877661  2520  2520 D HOME    : [HotwordController]updateClient MODE_WATCH_FACE false true false true
11-03 11:57:28.879420  2520 13839 D HOME    : [HomeVisitsLogger]Logging streamlet event: visit_end
11-03 11:57:28.896089  1686  1686 W DefaultSettingsContentR: Value for ambient_low_bit_enabled not stored as number. Attempting parse as boolean.
11-03 11:57:28.901828  1686  1686 I AmbientService: [ce6a28c] Showing watch face in offload mode, canceling alarm.
11-03 11:57:28.901949  1686  1686 W AlarmManagerProxy: Removing unknown listener
11-03 11:57:28.902050  1686  1686 D WristGestureCtrl: Stopping detectors: GesturesEnabled-false gestureDetector-false ungazeEnabled-true ungaze-true
11-03 11:57:28.902089  1686  1686 D DefaultUngazeDetector: stopping
11-03 11:57:28.903778   512   512 I sensors-hal: batch:140, android.sensor.accelerometer/48, period=66667000, max_latency=100000000
11-03 11:57:28.905409   512   512 I sensors-hal: batch:149, android.sensor.accelerometer/48, period=66667000, max_latency=100000000 request completed
11-03 11:57:28.916695  2520  2520 D HOME    : [WatchFaceUiController]setInAmbientMode true
11-03 11:57:28.917506  2520 12958 I SidekickManager: replaceWatchFaceComponentsImpl(): watchFace = com.google.android.clockwork.decomposablewatchface.WatchFaceDecomposition@f1259c8
11-03 11:57:28.918627  2520  2520 D HOME    : [StreamDBQueue]Promised revision #5086 to queue a new op
11-03 11:57:28.918898  2520  2520 D WatchStreamManager: Promised rank-blocked=false @ r#5086
11-03 11:57:28.919252  2520  2520 D HOME    : [StreamDBQueue]Promised revision #5087 to queue a new op
11-03 11:57:28.919388  2520  2520 D WatchStreamManager: Promised rank-blocked=false @ r#5087
11-03 11:57:28.920257  2520  2520 D HOME    : [EventBus]Wrapper pool is full. Discarding excess wrapper instance for event com.google.android.clockwork.sysui.events.KeyguardStateEvent
11-03 11:57:28.920361  2520  2520 D HOME    : [WatchFaceUiController]sendStateToWallpaper
11-03 11:57:28.924439  2520  2520 D HOME    : [EventBus]Wrapper pool is full. Discarding excess wrapper instance for event com.google.android.clockwork.sysui.events.KeyguardStateEvent
11-03 11:57:28.924688  2520  2520 D HOME    : [EventBus]Wrapper pool is full. Discarding excess wrapper instance for event com.google.android.clockwork.sysui.events.KeyguardStateEvent
11-03 11:57:28.927942  2520 13693 D HOME    : [StreamDBQueue]Promised revision #5088 to queue a new op
11-03 11:57:28.931951  2520  2520 W StaticLayout: maxLineHeight should not be -1.  maxLines:1 lineCount:1
--------- switch to kernel
11-03 11:57:28.813425     0     0 E FG      : fg_psy_get_property: unsupported property 7
11-03 11:57:28.815185     0     0 W healthd : battery l=7 v=3702 t=30.0 h=2 st=3 c=5 fc=443000 cc=0 chg=
--------- switch to main
11-03 11:57:28.937359  1686  3998 D SidekickService: sendWatchFaceComponents called: watchFace = com.google.android.clockwork.decomposablewatchface.WatchFaceDecomposition@1854221shouldReplace = false
11-03 11:57:28.937623  1686  3998 D SidekickService: Check decomposition for calling app com.google.android.wearable.app with uid 10049
11-03 11:57:28.937995  1686  3998 D SidekickService: sendWatchFaceLocked(): shouldReplace = false, mSidekickIsControlling = false, 1 images, 0 fonts, 0 numbers, 0 proportionalFonts, 0 strings
11-03 11:57:28.938051  1686  3998 D SidekickService: ISidekickGraphics#beginResources()...
11-03 11:57:28.939222  1686  3998 D SidekickServiceUtils: bitmapFromDrawable: Returning bitmap directly
11-03 11:57:28.941316  1686  3998 D SidekickService: sendBitmapsLocked(): bounds = RectF(0.47115386, 0.33653846, 0.52884614, 0.39423078), drawableInfo = {.id = 100000, .width = 24, .height = 24, .display = true, .offsetX = 193.0, .offsetY = 137.0, .rotationInfo = {.hasRotation = false, .pivotX = 0.0, .pivotY = 0.0, .degreesPerDay = 0.0, .degreesPerStep = 0.0, .zeroDegreesTime = {.daysSinceLocalEpoch = 0, .msSinceMidnight = 0}}, .transformInfo = {.transformed = false, .flipX = false, .flipY = false, .flip45 = false, .scaleX = 0.0, .scaleY = 0.0}, .type = GENERIC, .blink = {.blinking = false, .periodOnMs = 0.0, .periodOffMs = 0.0, .startTime = {.daysSinceLocalEpoch = 0, .msSinceMidnight = 0}}, .zOrder = 8, .displayInTwm = true}, image.size() = 97
11-03 11:57:28.945117   416  2389 D SKGHAL  : saveResource: resId = 100000
11-03 11:57:28.945712  1686  3998 D SidekickService: sendBitmapsLocked(): status = 0, bytesUsed = 64
11-03 11:57:28.945880  1686  3998 D SidekickService: ISidekickGraphics#endResources()...
11-03 11:57:28.948812  2520 13839 D HOME    : [WatchStreamDB]Item alerting conditions - isInterruptive: true, recentlyInterrupted: false, isItemPinned: false, isUnread: true
11-03 11:57:28.948911  2520 13693 D WatchStreamManager: Promised rerank @ r#5088
11-03 11:57:28.960636  1956  1956 D QtiCarrierConfigHelper: WARNING, no carrier configs on phone Id: 0
11-03 11:57:28.961728  2520 13839 D HOME    : [StreamAlertingRegulator]isTheaterModeEnabled: false, isAlertingAllowedByOffBody: true, matchesLocalInterruptionFilter: true
11-03 11:57:28.961966  2520 13839 D HOME    : [WatchStreamDB]couldItemAlert: false, isTopItemChanged: false, isDeferralForTopItem: false
11-03 11:57:28.962738  2520 13839 D HOME    : [WatchStreamDB]Item alerting conditions - isInterruptive: true, recentlyInterrupted: false, isItemPinned: false, isUnread: true
11-03 11:57:28.962983  2520 13839 D HOME    : [StreamAlertingRegulator]isTheaterModeEnabled: false, isAlertingAllowedByOffBody: true, matchesLocalInterruptionFilter: true
11-03 11:57:28.963140  2520 13839 D HOME    : [WatchStreamDB]couldItemAlert: false, isTopItemChanged: false, isDeferralForTopItem: false
11-03 11:57:28.964433  2520 13839 D HOME    : [WatchStreamDB]updateRanking()
11-03 11:57:28.964874  2520 13839 D HOME    : [WatchStreamDB]Item alerting conditions - isInterruptive: true, recentlyInterrupted: false, isItemPinned: false, isUnread: true
11-03 11:57:28.965098  2520 13839 D HOME    : [StreamAlertingRegulator]isTheaterModeEnabled: false, isAlertingAllowedByOffBody: true, matchesLocalInterruptionFilter: true
11-03 11:57:28.965264  2520 13839 D HOME    : [WatchStreamDB]couldItemAlert: false, isTopItemChanged: false, isDeferralForTopItem: false
11-03 11:57:28.974300  2520  2520 D HOME    : [BatteryChange]action: android.intent.action.BATTERY_CHANGED
11-03 11:57:28.975588  2520 13835 D HOME    : [BatteryChange]HandleBatteryChangedTask
11-03 11:57:28.975989  2520 13835 D HOME    : [BatteryChange]level: 7, status: 3
11-03 11:57:28.976575  2520 13835 D HOME    : [BatteryChange]updateStreamItem
11-03 11:57:28.977840   512  1749 I sensors-hal: activate:107, android.sensor.light/46 en=0
11-03 11:57:28.978965  2520 13839 D HOME    : [NewStreamAdapter]Publishing revision #5088 to adapter clients
11-03 11:57:28.984236  2520 13693 D HOME    : [StreamDBQueue]Promised revision #5089 to queue a new op
11-03 11:57:28.984486  2520 13693 D WatchStreamManager: Promised rerank @ r#5089
11-03 11:57:28.985128  2520 13839 D HOME    : [WatchStreamDB]updateRanking()
11-03 11:57:28.985696  2520 13839 D HOME    : [WatchStreamDB]Item alerting conditions - isInterruptive: true, recentlyInterrupted: false, isItemPinned: false, isUnread: true
11-03 11:57:28.985956  2520 13839 D HOME    : [StreamAlertingRegulator]isTheaterModeEnabled: false, isAlertingAllowedByOffBody: true, matchesLocalInterruptionFilter: true
11-03 11:57:28.986123  2520 13839 D HOME    : [WatchStreamDB]couldItemAlert: false, isTopItemChanged: false, isDeferralForTopItem: false
11-03 11:57:28.986617  2520 13839 D HOME    : [NewStreamAdapter]Publishing revision #5089 to adapter clients
11-03 11:57:28.988010   512  1749 I sensors-hal: activate:118, android.sensor.light/46 en=0 completed
11-03 11:57:28.989996   545   545 D SurfaceFlinger: Set power mode=3, type=0 flinger=0xb6bb6000
--------- switch to system
11-03 11:57:28.990430  1686  1710 I DisplayManagerService: Display device changed state: "Écran intégré", DOZE_SUSPEND
--------- switch to main
11-03 11:57:28.990456   504   764 I SDM     : DisplayBase::SetDisplayState: Set state = 3, display 0
11-03 11:57:29.010604  1686  1759 I InputReader: Reconfiguring input devices.  changes=0x00000004
11-03 11:57:29.020764  2520 13835 D HOME    : [BatteryChange]batteryHistory size: 20'
11-03 11:57:29.021012  2520 13835 D HOME    : [BatteryChange]timeDelta: 14851677
11-03 11:57:29.021468  2520 13835 D HOME    : [BatteryChange]levelDelta: 21
11-03 11:57:29.041656   545   545 D SurfaceFlinger: Finished set power mode=3, type=0
--------- switch to kernel
11-03 11:57:28.853999     0     0 I mdss_dsi_panel_set_idle_mode: Idle (0->1)
11-03 11:57:28.902473     0     0 I         : [touch]FB_BLANK_VSYNC_SUSPEND
11-03 11:57:28.902480     0     0 I         : [touch]irq disable
11-03 11:57:28.902484     0     0 I         : [touch]workqueue is empty!
11-03 11:57:28.902487     0     0 I         : [touch]raydium_ts_do_suspend.
11-03 11:57:28.902497     0     0 I         : [touch]Device may wakeup
11-03 11:57:28.904769     0     0 I         : [touch]irq enable
--------- switch to main
11-03 11:57:29.185158   416  2389 D SKGHAL  : sendResources: metadata size = 2400, font size = 72
11-03 11:57:29.254003   416  2389 D SKGHAL  : endResources: rc = 0
11-03 11:57:29.255032  1686  1823 W system_server: Long monitor contention with owner Binder:1686_15 (3998) at int com.google.android.clockwork.sidekick.SidekickService$BinderService.sendWatchFace(com.google.android.clockwork.decomposablewatchface.WatchFaceDecomposition, boolean)(SidekickService.java:1021) waiters=0 in boolean com.google.android.clockwork.sidekick.SidekickService$LocalService.startDisplayControl(int) for 211ms
11-03 11:57:29.255880  2520  2520 D HOME    : [SidekickManagerAsync]replaceWatchFaceComponents(): Callback#onResult(): 0
11-03 11:57:29.256179  2520  2520 D HOME    : [WatchFaceUiController]Complication updates sent, posting watch face hiding
11-03 11:57:29.256323  2520  2520 D HOME    : [WatchFaceUiController]Still in ambient watch face, hiding
11-03 11:57:29.256388  2520  2520 D HOME    : [WatchFaceUiController]Hiding watch face wallpaper.
11-03 11:57:29.259928  1686  1823 I SidekickService: beginDisplayLocked(): DOZE_SUSPEND
11-03 11:57:29.261813   416  2389 D SKGHAL  : sendAmbientPrepare: enter:
11-03 11:57:29.381139   416  2389 D SKGHAL  : sendAmbientEvent: enter: enable = 1
11-03 11:57:29.382592   504   523 I SDM     : DisplayBase::SetDisplayState: Set state = 4, display 0
11-03 11:57:29.432986   504   523 D SDM     : HWCDisplayPrimary::SetStandByMode: Null display is connected successfully
11-03 11:57:29.433349   416  2389 D SKGHAL  : standBy_update_control call succeed on 1
11-03 11:57:29.447421   416  2389 D SKGHAL  : sendAmbientEvent: done: enable = 1
11-03 11:57:29.447948  1686  1823 D SidekickService:    ... beginDisplay result: 0 for halPower: 1
11-03 11:57:29.451789   512  1749 I sensors-hal: activate:107, android.sensor.accelerometer/48 en=0
11-03 11:57:29.453355   512  1749 I sensors-hal: activate:118, android.sensor.accelerometer/48 en=0 completed
--------- switch to kernel
11-03 11:57:29.318687     0     0 E bgrsb   : bgrsb_enable: gpio 32 is valid
--------- switch to main
11-03 11:57:29.494321  1686  1686 I WearPower: [WearTouchMediator] changing touch input to enabled (ON_AUTO)
11-03 11:57:29.495466  1686  1759 I InputReader: Reconfiguring input devices.  changes=0x00000200
--------- switch to kernel
11-03 11:57:29.361449     0     0 I init    : processing action (ro.enable_core_ctl=true && sys.cw_corectl_mode=idle) from (/vendor/etc/init/hw/init.qcom.rc:949)
--------- switch to main
11-03 11:57:29.504764  1686  1686 I AmbientService: [ce6a28c] Timeout alarm not required, auto-resume timeout handled by dream.
11-03 11:57:29.517235  3205  3434 W WorkController: Loading failed for worker [trainingcache]: worker not found
11-03 11:57:29.518604  3205  3372 W A       : TrainingCache cache SCREEN_OFF failure
11-03 11:57:29.518604  3205  3372 W A       : com.google.android.apps.gsa.search.core.service.h.a.a: No worker found for Worker ID [trainingcache].
11-03 11:57:29.518604  3205  3372 W A       : 	at com.google.android.apps.gsa.search.core.service.g.a.c.a(Unknown Source:5)
11-03 11:57:29.518604  3205  3372 W A       : 	at com.google.android.libraries.gsa.c.a.d.a(Unknown Source:3)
11-03 11:57:29.518604  3205  3372 W A       : 	at com.google.common.p.a.cg.c(Unknown Source:2)
11-03 11:57:29.518604  3205  3372 W A       : 	at com.google.common.p.a.bk.run(SourceFile:3)
11-03 11:57:29.518604  3205  3372 W A       : 	at com.google.common.p.a.ci.run(Unknown Source:4)
11-03 11:57:29.518604  3205  3372 W A       : 	at com.google.apps.tiktok.concurrent.ab.run(SourceFile:1)
11-03 11:57:29.518604  3205  3372 W A       : 	at java.util.concurrent.ThreadPoolExecutor.runWorker(ThreadPoolExecutor.java:1167)
11-03 11:57:29.518604  3205  3372 W A       : 	at java.util.concurrent.ThreadPoolExecutor$Worker.run(ThreadPoolExecutor.java:641)
11-03 11:57:29.518604  3205  3372 W A       : 	at com.google.apps.tiktok.concurrent.c.run(Unknown Source:4)
11-03 11:57:29.518604  3205  3372 W A       : 	at java.lang.Thread.run(Thread.java:764)
--------- switch to system
11-03 11:57:29.523742   618   618 W wificond: Skip match ssid for pno scan: Wifirst Les Valmonts, Pauline, HUAWEI-F3EF, PUBLIC WIFI Groupe Televerbier, TMR_PUBLIC_WIFI, SFR_1AE0, BINLAR_2.4G, Sira-WiFi, iPhone S, Siam Garden Cooking School, .@AirportAISFreeWiFi, iPhone de Ameulie, Paulo's iPhone, Beach  Park Hostel & Tree Bar, The Big_Easy, AndroidAPEC14, _VINCI Airports wifi, Yolo Hostel, .@AirportDTACFreeWiFi,    .@ TRUEWIFI, .@ AIS SUPER WiFi, .@AirportTrueFreeWiFi,     King Power,  Free Airport-Google WiFi by CAT, BangkokAirways, UPC5616060, ColocMegy, jcmjsm, iPhone Consti, ASGARD, FMEL, Florence 2.4Ghz, BENJI, IBIS_STYLES_NANTES_CENTRE_GARE_N, LACENNE , Jack's iPhone, Salt_2GHz_28C9D0, Salt_5GHz_28C9D0, Yah Hallo, ASGARD-24G, Livebox-22B4, LeBOen, App_111, Michaud1936, _VT21-VISITORS_, Sebi, RAFA 5, Verkehrshaus, iPhone, MONZOON, igluna-public, kepler, _WIFI_LYRIA, HUAWEI-C452, Vodafone-A54562143, WiFiFrecce, OSoleMioWifi, VodafoneDepretis19, SanLorenzo, Live Hotels Guest, Franci , iPhone de Soline, viktoria_intern, UPC7759032, Vodafone-4D65, WIFI
--------- switch to main
11-03 11:57:29.543801  2520  2520 D HOME    : [StreamDBQueue]Promised revision #5090 to queue a new op
11-03 11:57:29.544183  2520  2520 D WatchStreamManager: Promised rank-blocked=false @ r#5090
11-03 11:57:29.544475  2520  2520 D HOME    : [CompactHunStarter]detachWindow()
11-03 11:57:29.545785  2520 12958 D HOME    : [WatchStreamDB]Item alerting conditions - isInterruptive: true, recentlyInterrupted: false, isItemPinned: false, isUnread: true
11-03 11:57:29.546810  2520 12958 D HOME    : [StreamAlertingRegulator]isTheaterModeEnabled: false, isAlertingAllowedByOffBody: true, matchesLocalInterruptionFilter: true
11-03 11:57:29.547412  2520 12958 D HOME    : [WatchStreamDB]couldItemAlert: false, isTopItemChanged: false, isDeferralForTopItem: false
11-03 11:57:29.548755  2520 13835 D HOME    : [StreamDBQueue]Promised revision #5091 to queue a new op
11-03 11:57:29.548935  2520 13835 D WatchStreamManager: Promised rerank @ r#5091
11-03 11:57:29.551899  2520 12958 D HOME    : [WatchStreamDB]updateRanking()
11-03 11:57:29.552779  2520 12958 D HOME    : [WatchStreamDB]Item alerting conditions - isInterruptive: true, recentlyInterrupted: false, isItemPinned: false, isUnread: true
11-03 11:57:29.553195  2520 12958 D HOME    : [StreamAlertingRegulator]isTheaterModeEnabled: false, isAlertingAllowedByOffBody: true, matchesLocalInterruptionFilter: true
11-03 11:57:29.553453  2520 12958 D HOME    : [WatchStreamDB]couldItemAlert: false, isTopItemChanged: false, isDeferralForTopItem: false
11-03 11:57:29.554146  2520 12958 D HOME    : [NewStreamAdapter]Publishing revision #5091 to adapter clients
--------- switch to system
11-03 11:57:29.578606   618   618 I wificond: Pno scan started
--------- switch to kernel
11-03 11:57:29.718147     0     0 I PM      : suspend entry 2021-11-03 10:57:29.718147808 UTC
11-03 11:57:29.718161     0     0 I PM      : Syncing filesystems ... done.
11-03 11:57:29.754931     0     0 I         : Freezing user space processes ... (elapsed 0.008 seconds) done.
11-03 11:57:29.763551     0     0 I         : Freezing remaining freezable tasks ... (elapsed 0.004 seconds) done.
11-03 11:57:29.767893     0     0 I         : Suspending console(s) (use no_console_suspend to debug)
11-03 11:57:29.780420     0     0 I mdss_dsi_panel_set_idle_mode: Idle (1->1)
11-03 11:57:29.821392     0     0 I bgcom   : bgcom_pm_suspend: suspended with : 0
11-03 11:57:29.853905     0     0 I PM      : suspend of devices complete after 83.502 msecs
11-03 11:57:29.858340     0     0 I PM      : late suspend of devices complete after 4.407 msecs
11-03 11:57:29.862833     0     0 I PM      : noirq suspend of devices complete after 4.475 msecs
11-03 11:57:29.862842     0     0 I         : Disabling non-boot CPUs ...
11-03 11:57:29.877981     0     0 W         : IRQ16 no longer affine to CPU1
11-03 11:57:29.878225     0     0 W         : IRQ93 no longer affine to CPU1
11-03 11:57:29.879327     0     0 I CPU1    : shutdown
11-03 11:57:29.880856     0     0 I suspend ns: 4364107465167	suspend cycles:    1315914534109
11-03 11:57:29.880839     0     0 I CPU0    : msm_cpu_pm_enter_sleep mode:3 during suspend
11-03 11:57:29.880839     0     0 I         : Suspended for 5.756 seconds
11-03 11:57:29.880839     0     0 I resume cycles: 1316025055037
11-03 11:57:29.881271     0     0 I         : Enabling non-boot CPUs ...
11-03 11:57:29.881810     0     0 I CPU1    : update cpu_capacity 1024
11-03 11:57:29.883220     0     0 I         : CPU1 is up
11-03 11:57:29.885867     0     0 I PM      : noirq resume of devices complete after 2.358 msecs
11-03 11:57:29.886841     0     0 I CPU1    : update max cpu_capacity 748
11-03 11:57:29.890011     0     0 I PM      : early resume of devices complete after 2.720 msecs
11-03 11:57:29.919922     0     0 I bgcom   : bgcom_pm_resume: Bgcom resumed with : 0
11-03 11:57:29.930380     0     0 I mdss_dsi_panel_set_idle_mode: Idle (1->1)
11-03 11:57:29.970955     0     0 I PM      : resume of devices complete after 80.912 msecs
--------- switch to system
11-03 11:57:35.744950  1686  1686 I PowerManagerService: Waking up from dozing (uid=1000 reason=tiltToWake)...
--------- switch to kernel
11-03 11:57:29.973945     0     0 I         : Restarting tasks ...
11-03 11:57:29.979237     0     0 W QSEECOM : qseecom_receive_req: Interrupted: exiting Listener Service = 8192
11-03 11:57:29.979357     0     0 W QSEECOM : qseecom_receive_req: Interrupted: exiting Listener Service = 10
11-03 11:57:29.979412     0     0 W QSEECOM : qseecom_receive_req: Interrupted: exiting Listener Service = 28672
11-03 11:57:29.981572     0     0 W QSEECOM : qseecom_receive_req: Interrupted: exiting Listener Service = 12288
11-03 11:57:29.981647     0     0 W QSEECOM : qseecom_receive_req: Interrupted: exiting Listener Service = 11
11-03 11:57:29.991965     0     0 I         : done.
--------- switch to system
11-03 11:57:35.767788  1686  1686 W UsageStatsService: Event reported without a package name
--------- switch to kernel
11-03 11:57:35.764342     0     0 I PM      : suspend exit 2021-11-03 10:57:35.764342753 UTC
11-03 11:57:35.784124     0     0 E FG      : fg_psy_get_property: unsupported property 7
11-03 11:57:35.649772     0     0 W healthd : battery l=7 v=3699 t=30.0 h=2 st=3 c=5 fc=443000 cc=0 chg=
--------- switch to main
11-03 11:57:35.803038   512  1749 I sensors-hal: batch:140, android.sensor.light/46, period=100000000, max_latency=0
11-03 11:57:35.803346   512  1749 I sensors-hal: batch:149, android.sensor.light/46, period=100000000, max_latency=0 request completed
11-03 11:57:35.804137   512  1749 I sensors-hal: activate:107, android.sensor.light/46 en=1
11-03 11:57:35.804549   512  1749 I sensors-hal: ssc_enable_rt_task:254, ssc_enable_rt_task : true
11-03 11:57:35.807290   512  1749 I sensors-hal: activate:118, android.sensor.light/46 en=1 completed
11-03 11:57:35.809029  1686  1823 I SidekickService: endDisplayLocked()
--------- switch to system
11-03 11:57:35.809375  1686  1710 I DisplayManagerService: Display device changed state: "Écran intégré", ON
--------- switch to main
11-03 11:57:35.810000   416  2389 D SKGHAL  : sendAmbientEvent: enter: enable = 0
11-03 11:57:35.835668  1686  1759 I InputReader: Reconfiguring input devices.  changes=0x00000004
11-03 11:57:35.844925  4243  4243 D OMService: onDisplayChanged: not dozing
11-03 11:57:35.866461   512  1749 I sensors-hal: batch:140, android.sensor.accelerometer/48, period=66667000, max_latency=100000000
11-03 11:57:35.866576   512  1749 I sensors-hal: batch:149, android.sensor.accelerometer/48, period=66667000, max_latency=100000000 request completed
11-03 11:57:35.867084   512  1749 I sensors-hal: activate:107, android.sensor.accelerometer/48 en=1
11-03 11:57:35.867663   512  1749 I sensors-hal: ssc_enable_rt_task:254, ssc_enable_rt_task : true
--------- switch to kernel
11-03 11:57:35.722215     0     0 E bgrsb   : bgrsb_enable: rsb will set report rate
11-03 11:57:35.728785     0     0 E bgrsb   : bgrsb_enable: gpio 32 is valid
--------- switch to main
11-03 11:57:35.874635   512  1749 I sensors-hal: activate:118, android.sensor.accelerometer/48 en=1 completed
11-03 11:57:35.882029  1956  1956 D QtiCarrierConfigHelper: WARNING, no carrier configs on phone Id: 0
11-03 11:57:35.887110  2520  2520 D HOME    : [BatteryChange]action: android.intent.action.BATTERY_CHANGED
11-03 11:57:35.889660  2520 13835 D HOME    : [BatteryChange]HandleBatteryChangedTask
11-03 11:57:35.890374  2520 13835 D HOME    : [BatteryChange]level: 7, status: 3
11-03 11:57:35.893641   504   523 I SDM     : DisplayBase::SetDisplayState: Set state = 3, display 0
11-03 11:57:35.894001   504   523 D SDM     : HWCDisplayPrimary::SetStandByMode: Display is connected successfully
11-03 11:57:35.894712   416  2389 D SKGHAL  : standBy_update_control call succeed on 0
11-03 11:57:35.894803   416  2389 D SKGHAL  : sendAmbientEvent: done: enable = 0
11-03 11:57:35.895651  1686  1823 D SidekickService:    ... endDisplay returns void
11-03 11:57:35.896768   545   545 D SurfaceFlinger: Set power mode=2, type=0 flinger=0xb6bb6000
11-03 11:57:35.897311   504   764 I SDM     : DisplayBase::SetDisplayState: Set state = 1, display 0
--------- switch to kernel
11-03 11:57:35.757312     0     0 I         : [touch]FB_BLANK_VSYNC_SUSPEND
11-03 11:57:35.757318     0     0 I         : [touch]Already in suspend state
11-03 11:57:35.768187     0     0 I mdss_dsi_panel_set_idle_mode: Idle (1->0)
--------- switch to main
11-03 11:57:35.907871   545   545 D SurfaceFlinger: Finished set power mode=2, type=0
--------- switch to kernel
11-03 11:57:35.769361     0     0 E mdp3_enable_panic_ctrl: mdp3_enable_panic_ctrl: Enable Panic Control
11-03 11:57:35.769485     0     0 I         : [touch]FB_BLANK_UNBLANK
11-03 11:57:35.769493     0     0 I         : [touch]raydium_ts_do_resume, 1.
11-03 11:57:35.769992     0     0 I         : [ raydium ]workqueue is empty!
11-03 11:57:35.770020     0     0 I raydium_ts 5-0039: [touch]Already enable irq
11-03 11:57:35.770023     0     0 I         : [touch]Device may wakeup
--------- switch to system
11-03 11:57:35.912338  1686  1712 W PowerManagerService: Screen on took 284 ms
11-03 11:57:35.912727  1686  1712 I DreamManagerService: Gently waking up from dream.
11-03 11:57:35.914833  1686  1708 I DreamManagerService: Performing gentle wake from dream.
11-03 11:57:35.915357  1686  1702 W BroadcastQueue: Background execution not allowed: receiving Intent { act=android.intent.action.USER_PRESENT flg=0x10 } to com.google.android.gms/.auth.setup.devicesignals.LockScreenReceiver
11-03 11:57:35.916937  1686  1702 W BroadcastQueue: Background execution not allowed: receiving Intent { act=android.intent.action.USER_PRESENT flg=0x10 } to com.google.android.gms/.chimera.GmsIntentOperationService$PersistentTrustedReceiver
--------- switch to main
11-03 11:57:35.921125  3205  3434 W WorkController: Loading failed for worker [trainingcache]: worker not found
11-03 11:57:35.921890   512 13943 I sensors-hal: handle_indication_realtime:355,  SCHED_FIFO(10) for qmi_cbk
11-03 11:57:35.924882  3205  3294 W A       : TrainingCache cache DEVICE_UNLOCKED failure
11-03 11:57:35.924882  3205  3294 W A       : com.google.android.apps.gsa.search.core.service.h.a.a: No worker found for Worker ID [trainingcache].
11-03 11:57:35.924882  3205  3294 W A       : 	at com.google.android.apps.gsa.search.core.service.g.a.c.a(Unknown Source:5)
11-03 11:57:35.924882  3205  3294 W A       : 	at com.google.android.libraries.gsa.c.a.d.a(Unknown Source:3)
11-03 11:57:35.924882  3205  3294 W A       : 	at com.google.common.p.a.cg.c(Unknown Source:2)
11-03 11:57:35.924882  3205  3294 W A       : 	at com.google.common.p.a.bk.run(SourceFile:3)
11-03 11:57:35.924882  3205  3294 W A       : 	at com.google.common.p.a.ci.run(Unknown Source:4)
11-03 11:57:35.924882  3205  3294 W A       : 	at com.google.apps.tiktok.concurrent.ab.run(SourceFile:1)
11-03 11:57:35.924882  3205  3294 W A       : 	at java.util.concurrent.ThreadPoolExecutor.runWorker(ThreadPoolExecutor.java:1167)
11-03 11:57:35.924882  3205  3294 W A       : 	at java.util.concurrent.ThreadPoolExecutor$Worker.run(ThreadPoolExecutor.java:641)
11-03 11:57:35.924882  3205  3294 W A       : 	at com.google.apps.tiktok.concurrent.c.run(Unknown Source:4)
11-03 11:57:35.924882  3205  3294 W A       : 	at java.lang.Thread.run(Thread.java:764)
--------- switch to system
11-03 11:57:35.929793  1686  1686 V DreamService[AmbientDream]: wakeUp(): fromSystem=true, mWaking=false, mFinished=false
11-03 11:57:35.930022  1686  1686 V DreamService[AmbientDream]: finish(): mFinished=false
11-03 11:57:35.930160  1686  1686 I DreamManagerService: Leaving dreamland.
11-03 11:57:35.931104  1686  1708 I DreamManagerService: Performing gentle wake from dream.
11-03 11:57:35.931387  1686  1708 I DreamController: Stopping dream: name=ComponentInfo{com.google.android.wearable.ambient/com.google.android.wearable.ambient.AmbientDream}, isTest=false, canDoze=true, userId=0
--------- switch to main
11-03 11:57:35.946261  2520 13835 D HOME    : [BatteryChange]updateStreamItem
--------- switch to system
11-03 11:57:35.952419  1686  1686 V DreamService[AmbientDream]: detach(): Calling onDreamingStopped()
--------- switch to main
11-03 11:57:35.952600  1686  1686 I AmbientService: [ce6a28c] doOnDreamingStopped
11-03 11:57:35.952736  1686  1686 D WristGestureCtrl: Starting: GesturesEnabled-false UngazeEnabled-true
11-03 11:57:35.952797  1686  1686 D DefaultUngazeDetector: starting
11-03 11:57:35.952861  1686  1686 D DefaultUngazeDetector: startUngazeStateEstimation(). startTime = 68535382
11-03 11:57:35.953220  1686  1686 W AlarmManagerProxy: Removing unknown listener
11-03 11:57:35.956748   512  1749 I sensors-hal: batch:140, android.sensor.accelerometer/48, period=19231000, max_latency=100000000
11-03 11:57:35.961562  2520  2520 D HOME    : [HomeVisitsLogger]Logging streamlet event: visit_start
11-03 11:57:35.961866  2520  2520 D HOME    : [HomeVisitsLogger]Logging streamlet event: exit_ambient_mode
11-03 11:57:35.962280  2520  2520 D HOME    : [HotwordController]updateClient MODE_WATCH_FACE false false false true
11-03 11:57:35.963588  2520  2520 D HOME    : [WatchFaceUiController]setInAmbientMode false
11-03 11:57:35.963690  2520  2520 D HOME    : [WatchFaceUiController]sendWatchFaceServiceBinder
11-03 11:57:35.965725   512  1749 I sensors-hal: batch:149, android.sensor.accelerometer/48, period=19231000, max_latency=100000000 request completed
--------- switch to system
11-03 11:57:35.969148   618   618 I wificond: Pno scan stopped
--------- switch to main
11-03 11:57:35.969220  2520  2520 D HOME    : [WatchFaceUiController]sendStateToWallpaper
11-03 11:57:35.976199   512  1749 I sensors-hal: flush:169, android.sensor.accelerometer/48
11-03 11:57:35.979318  2520  2520 D HOME    : [WatchFaceUiController]Showing watch face wallpaper.
11-03 11:57:35.979518  2520  2520 D HOME    : [WatchFaceUiController]sendStateToWallpaper
11-03 11:57:35.980626   512  1749 I sensors-hal: flush:175, android.sensor.accelerometer/48 completed
11-03 11:57:35.983904  2520  2520 D HOME    : [StreamDBQueue]Promised revision #5092 to queue a new op
11-03 11:57:35.984221  2520  2520 D WatchStreamManager: Promised rank-blocked=true @ r#5092
11-03 11:57:35.984639  2520  2520 D HOME    : [StreamDBQueue]Promised revision #5093 to queue a new op
11-03 11:57:35.984872  2520  2520 D WatchStreamManager: Promised rank-blocked=true @ r#5093
11-03 11:57:35.985494  2520  2520 D HOME    : [TilesController]Tile refresh optimization is enabled.
11-03 11:57:35.985848  2520  2520 D HOME    : [EventBus]Wrapper pool is full. Discarding excess wrapper instance for event com.google.android.clockwork.sysui.events.KeyguardStateEvent
11-03 11:57:35.985934  2520  2520 D HOME    : [WatchFaceUiController]sendStateToWallpaper
11-03 11:57:35.987159  2520 13838 D HOME    : [WatchStreamDB]Item alerting conditions - isInterruptive: true, recentlyInterrupted: false, isItemPinned: false, isUnread: true
11-03 11:57:35.987886  2520  2520 D HOME    : [EventBus]Wrapper pool is full. Discarding excess wrapper instance for event com.google.android.clockwork.sysui.events.KeyguardStateEvent
11-03 11:57:35.988149  2520  2520 D HOME    : [EventBus]Wrapper pool is full. Discarding excess wrapper instance for event com.google.android.clockwork.sysui.events.KeyguardStateEvent
11-03 11:57:35.993850  1686  1686 I AmbientService: [ce6a28c] No auto-resume Activity.
11-03 11:57:35.997360  2520  2520 D HOME    : [WatchFaceUiController]sendStateToWallpaper
11-03 11:57:36.002293  2520  2520 W StaticLayout: maxLineHeight should not be -1.  maxLines:1 lineCount:1
--------- switch to system
11-03 11:57:36.003428  1686  1686 W ContextImpl: Calling a method in the system process without a qualified user: android.app.ContextImpl.sendBroadcast:1020 android.content.ContextWrapper.sendBroadcast:449 com.google.android.wearable.ambient.AmbientDream.onDestroy:273 android.app.ActivityThread.handleStopService:3698 android.app.ActivityThread.access$1700:200 
--------- switch to main
11-03 11:57:36.003973  1686  1686 E AlarmManager: cancel() called with a null PendingIntent
--------- switch to system
11-03 11:57:36.004360  1686  1686 V DreamService[AmbientDream]: onDestroy()
--------- switch to main
11-03 11:57:36.004994  1686  1686 W AlarmManager: Unrecognized alarm listener com.android.server.job.controllers.-$$Lambda$IdleController$IdlenessTracker$nTdS-lGBXcES5VWKcJFmQFgU7IU@1ab437a
--------- switch to kernel
11-03 11:57:35.958618     0     0 I init    : processing action (ro.enable_core_ctl=true && sys.cw_corectl_mode=perf) from (/vendor/etc/init/hw/init.qcom.rc:954)
11-03 11:57:35.961588     0     0 I CPU2    : update cpu_capacity 1024
11-03 11:57:35.963123     0     0 W         : IRQ21 no longer affine to CPU2
11-03 11:57:35.964067     0     0 I CPU2    : shutdown
11-03 11:57:35.982013     0     0 I CPU3    : update cpu_capacity 1024
11-03 11:57:35.983436     0     0 W         : IRQ21 no longer affine to CPU3
11-03 11:57:35.984112     0     0 I CPU3    : shutdown
--------- switch to main
11-03 11:57:36.070747  2520 13838 D HOME    : [StreamAlertingRegulator]isTheaterModeEnabled: false, isAlertingAllowedByOffBody: true, matchesLocalInterruptionFilter: true
11-03 11:57:36.084125   512 13947 I sensors-hal: handle_indication_realtime:355,  SCHED_FIFO(10) for qmi_cbk
11-03 11:57:36.088043  1686  1686 I WearPower: [WearTouchMediator] changing touch input to enabled (ON_AUTO)
11-03 11:57:36.089273  1686  1759 I InputReader: Reconfiguring input devices.  changes=0x00000200
11-03 11:57:36.111924  2520  2520 D HOME    : [WatchFaceUiController]sendWatchFaceServiceBinder
