11-03 07:37:51.467838     0     0 E bgrsb   : bgrsb_enable: gpio 32 is valid
--------- switch to main
11-03 07:37:51.592523   512   512 I sensors-hal: batch:140, android.sensor.light/46, period=100000000, max_latency=0
11-03 07:37:51.592726   512   512 I sensors-hal: batch:149, android.sensor.light/46, period=100000000, max_latency=0 request completed
11-03 07:37:51.594886   512   512 I sensors-hal: activate:107, android.sensor.light/46 en=1
11-03 07:37:51.595183   512   512 I sensors-hal: ssc_enable_rt_task:254, ssc_enable_rt_task : true
11-03 07:37:51.606734   512   512 I sensors-hal: activate:118, android.sensor.light/46 en=1 completed
11-03 07:37:51.607921  1686  1823 I SidekickService: endDisplayLocked()
--------- switch to system
11-03 07:37:51.608602  1686  1710 I DisplayManagerService: Display device changed state: "Écran intégré", ON
--------- switch to main
11-03 07:37:51.609042   512   512 I sensors-hal: batch:140, android.sensor.accelerometer/48, period=66667000, max_latency=100000000
11-03 07:37:51.609091   512   512 I sensors-hal: batch:149, android.sensor.accelerometer/48, period=66667000, max_latency=100000000 request completed
11-03 07:37:51.611484   512   512 I sensors-hal: activate:107, android.sensor.accelerometer/48 en=1
11-03 07:37:51.611743   512   512 I sensors-hal: ssc_enable_rt_task:254, ssc_enable_rt_task : true
--------- switch to kernel
11-03 07:37:51.634012     0     0 I         : [touch]FB_BLANK_VSYNC_SUSPEND
11-03 07:37:51.634015     0     0 I         : [touch]Already in suspend state
11-03 07:37:51.642840     0     0 I mdss_dsi_panel_set_idle_mode: Idle (1->0)
11-03 07:37:51.643544     0     0 E mdp3_enable_panic_ctrl: mdp3_enable_panic_ctrl: Enable Panic Control
11-03 07:37:51.643609     0     0 I         : [touch]FB_BLANK_UNBLANK
11-03 07:37:51.643613     0     0 I         : [touch]raydium_ts_do_resume, 1.
11-03 07:37:51.643860     0     0 I         : [ raydium ]workqueue is empty!
11-03 07:37:51.644244     0     0 I         : [touch] raydium_esd_check
11-03 07:37:51.644255     0     0 I raydium_ts 5-0039: [touch]Already enable irq
11-03 07:37:51.644258     0     0 I         : [touch]Device may wakeup
11-03 07:37:51.744910     0     0 I init    : processing action (ro.enable_core_ctl=true && sys.cw_corectl_mode=perf) from (/vendor/etc/init/hw/init.qcom.rc:954)
11-03 07:37:51.745198     0     0 I [touch]x: 128,y:128
11-03 07:37:51.746086     0     0 I CPU2    : update cpu_capacity 1024
11-03 07:37:51.771958     0     0 I CPU1    : update max cpu_capacity 748
11-03 07:37:51.779046     0     0 I CPU3    : update cpu_capacity 1024
11-03 07:37:51.838238     0     0 I CPU2    : update max cpu_capacity 1024
--------- switch to main
11-03 07:37:51.613391   416  2389 D SKGHAL  : sendAmbientEvent: enter: enable = 0
11-03 07:37:51.631257   512   512 I sensors-hal: activate:118, android.sensor.accelerometer/48 en=1 completed
11-03 07:37:51.636801  2520  2520 D HOME    : [BatteryChange]action: android.intent.action.BATTERY_CHANGED
11-03 07:37:51.637109  2520 10122 D HOME    : [BatteryChange]HandleBatteryChangedTask
11-03 07:37:51.637434  2520 10122 D HOME    : [BatteryChange]level: 28, status: 3
11-03 07:37:51.640083  4243  4243 D OMService: onDisplayChanged: not dozing
11-03 07:37:51.644550  1686  1799 E WifiStateMachine: getWifiLinkLayerStats called without an interface
11-03 07:37:51.647808  1686  1759 I InputReader: Reconfiguring input devices.  changes=0x00000004
11-03 07:37:51.655114  1956  1956 D QtiCarrierConfigHelper: WARNING, no carrier configs on phone Id: 0
--------- switch to system
11-03 07:37:51.659340  1686  1702 W BroadcastQueue: Background execution not allowed: receiving Intent { act=android.intent.action.USER_PRESENT flg=0x10 } to com.google.android.gms/.auth.setup.devicesignals.LockScreenReceiver
11-03 07:37:51.662416  1686  1702 W BroadcastQueue: Background execution not allowed: receiving Intent { act=android.intent.action.USER_PRESENT flg=0x10 } to com.google.android.gms/.chimera.GmsIntentOperationService$PersistentTrustedReceiver
--------- switch to main
11-03 07:37:51.664100  3205  3434 W WorkController: Loading failed for worker [trainingcache]: worker not found
11-03 07:37:51.665145  3205  3372 W A       : TrainingCache cache DEVICE_UNLOCKED failure
11-03 07:37:51.665145  3205  3372 W A       : com.google.android.apps.gsa.search.core.service.h.a.a: No worker found for Worker ID [trainingcache].
11-03 07:37:51.665145  3205  3372 W A       : 	at com.google.android.apps.gsa.search.core.service.g.a.c.a(Unknown Source:5)
11-03 07:37:51.665145  3205  3372 W A       : 	at com.google.android.libraries.gsa.c.a.d.a(Unknown Source:3)
11-03 07:37:51.665145  3205  3372 W A       : 	at com.google.common.p.a.cg.c(Unknown Source:2)
11-03 07:37:51.665145  3205  3372 W A       : 	at com.google.common.p.a.bk.run(SourceFile:3)
11-03 07:37:51.665145  3205  3372 W A       : 	at com.google.common.p.a.ci.run(Unknown Source:4)
11-03 07:37:51.665145  3205  3372 W A       : 	at com.google.apps.tiktok.concurrent.ab.run(SourceFile:1)
11-03 07:37:51.665145  3205  3372 W A       : 	at java.util.concurrent.ThreadPoolExecutor.runWorker(ThreadPoolExecutor.java:1167)
11-03 07:37:51.665145  3205  3372 W A       : 	at java.util.concurrent.ThreadPoolExecutor$Worker.run(ThreadPoolExecutor.java:641)
11-03 07:37:51.665145  3205  3372 W A       : 	at com.google.apps.tiktok.concurrent.c.run(Unknown Source:4)
11-03 07:37:51.665145  3205  3372 W A       : 	at java.lang.Thread.run(Thread.java:764)
11-03 07:37:51.719957   504   523 I SDM     : DisplayBase::SetDisplayState: Set state = 3, display 0
11-03 07:37:51.720156   504   523 D SDM     : HWCDisplayPrimary::SetStandByMode: Display is connected successfully
11-03 07:37:51.720375   416  2389 D SKGHAL  : standBy_update_control call succeed on 0
11-03 07:37:51.720412   416  2389 D SKGHAL  : sendAmbientEvent: done: enable = 0
11-03 07:37:51.720863  1686  1823 D SidekickService:    ... endDisplay returns void
11-03 07:37:51.721354   545   545 D SurfaceFlinger: Set power mode=2, type=0 flinger=0xb6bb6000
11-03 07:37:51.721611   504   762 I SDM     : DisplayBase::SetDisplayState: Set state = 1, display 0
11-03 07:37:51.730895   545   545 D SurfaceFlinger: Finished set power mode=2, type=0
--------- switch to system
11-03 07:37:51.732620  1686  1712 W PowerManagerService: Screen on took 334 ms
11-03 07:37:51.732954  1686  1712 I DreamManagerService: Gently waking up from dream.
11-03 07:37:51.733160  1686  1708 I DreamManagerService: Performing gentle wake from dream.
11-03 07:37:51.733470  1686  1686 V DreamService[AmbientDream]: wakeUp(): fromSystem=true, mWaking=false, mFinished=false
11-03 07:37:51.733549  1686  1686 V DreamService[AmbientDream]: finish(): mFinished=false
11-03 07:37:51.733614  1686  1686 I DreamManagerService: Leaving dreamland.
--------- switch to main
11-03 07:37:51.734550   512 10375 I sensors-hal: handle_indication_realtime:355,  SCHED_FIFO(10) for qmi_cbk
--------- switch to system
11-03 07:37:51.735042  1686  1708 I DreamManagerService: Performing gentle wake from dream.
11-03 07:37:51.735167  1686  1708 I DreamController: Stopping dream: name=ComponentInfo{com.google.android.wearable.ambient/com.google.android.wearable.ambient.AmbientDream}, isTest=false, canDoze=true, userId=0
--------- switch to main
11-03 07:37:51.736835  1686  1686 W AlarmManager: Unrecognized alarm listener com.android.server.job.controllers.-$$Lambda$IdleController$IdlenessTracker$nTdS-lGBXcES5VWKcJFmQFgU7IU@1ab437a
--------- switch to system
11-03 07:37:51.737754  1686  1686 V DreamService[AmbientDream]: detach(): Calling onDreamingStopped()
--------- switch to main
11-03 07:37:51.737852  1686  1686 I AmbientService: [ce6a28c] doOnDreamingStopped
11-03 07:37:51.737924  1686  1686 D WristGestureCtrl: Starting: GesturesEnabled-false UngazeEnabled-true
11-03 07:37:51.737970  1686  1686 D DefaultUngazeDetector: starting
11-03 07:37:51.738021  1686  1686 D DefaultUngazeDetector: startUngazeStateEstimation(). startTime = 52951168
11-03 07:37:51.738171  1686  1686 W AlarmManagerProxy: Removing unknown listener
11-03 07:37:51.739188   512   512 I sensors-hal: batch:140, android.sensor.accelerometer/48, period=19231000, max_latency=100000000
11-03 07:37:51.740709  1686  1686 I AmbientService: [ce6a28c] No auto-resume Activity.
11-03 07:37:51.740888   512 10377 I sensors-hal: handle_indication_realtime:355,  SCHED_FIFO(10) for qmi_cbk
11-03 07:37:51.741619   512   512 I sensors-hal: batch:149, android.sensor.accelerometer/48, period=19231000, max_latency=100000000 request completed
11-03 07:37:51.742864   512   512 I sensors-hal: flush:169, android.sensor.accelerometer/48
11-03 07:37:51.743803  2520  2520 D HOME    : [HomeVisitsLogger]Logging streamlet event: visit_start
11-03 07:37:51.744013  2520  2520 D HOME    : [HomeVisitsLogger]Logging streamlet event: exit_ambient_mode
11-03 07:37:51.744335  2520  2520 D HOME    : [HotwordController]updateClient MODE_WATCH_FACE false false false true
11-03 07:37:51.745023  2520  2520 D HOME    : [WatchFaceUiController]setInAmbientMode false
11-03 07:37:51.745092  2520  2520 D HOME    : [WatchFaceUiController]sendWatchFaceServiceBinder
11-03 07:37:51.748443   512   512 I sensors-hal: flush:175, android.sensor.accelerometer/48 completed
11-03 07:37:51.749685  2520  2520 D HOME    : [WatchFaceUiController]sendStateToWallpaper
11-03 07:37:51.750920  2520  2520 D HOME    : [WatchFaceUiController]Showing watch face wallpaper.
11-03 07:37:51.751061  2520  2520 D HOME    : [WatchFaceUiController]sendStateToWallpaper
--------- switch to system
11-03 07:37:51.751173  1686  1686 W ContextImpl: Calling a method in the system process without a qualified user: android.app.ContextImpl.sendBroadcast:1020 android.content.ContextWrapper.sendBroadcast:449 com.google.android.wearable.ambient.AmbientDream.onDestroy:273 android.app.ActivityThread.handleStopService:3698 android.app.ActivityThread.access$1700:200 
--------- switch to main
11-03 07:37:51.751925  1686  1686 E AlarmManager: cancel() called with a null PendingIntent
--------- switch to system
11-03 07:37:51.752975  1686  1686 V DreamService[AmbientDream]: onDestroy()
--------- switch to main
11-03 07:37:51.753471  2520  2520 D HOME    : [StreamDBQueue]Promised revision #2985 to queue a new op
11-03 07:37:51.753768  2520  2520 D WatchStreamManager: Promised rank-blocked=true @ r#2985
11-03 07:37:51.754143  2520  2520 D HOME    : [StreamDBQueue]Promised revision #2986 to queue a new op
11-03 07:37:51.754250  2520  2520 D WatchStreamManager: Promised rank-blocked=true @ r#2986
11-03 07:37:51.754695  2520  2520 D HOME    : [TilesController]Tile refresh optimization is enabled.
11-03 07:37:51.755555  2520  2520 D HOME    : [EventBus]Wrapper pool is full. Discarding excess wrapper instance for event com.google.android.clockwork.sysui.events.KeyguardStateEvent
11-03 07:37:51.755643  2520  2520 D HOME    : [WatchFaceUiController]sendStateToWallpaper
11-03 07:37:51.756920  2520 10283 D HOME    : [WatchStreamDB]Item alerting conditions - isInterruptive: false, recentlyInterrupted: false, isItemPinned: false, isUnread: false
11-03 07:37:51.757087  2520 10295 D HOME    : [DataRequester]cancelScheduledUpdates TileConfig{id=-1, provider=ComponentInfo{com.google.android.wearable.app/com.google.android.clockwork.home.jovi.tile.JoviTileProviderService}}
11-03 07:37:51.757167  2520 10283 D HOME    : [StreamAlertingRegulator]isTheaterModeEnabled: false, isAlertingAllowedByOffBody: true, matchesLocalInterruptionFilter: true
11-03 07:37:51.757338  2520 10283 D HOME    : [WatchStreamDB]couldItemAlert: false, isTopItemChanged: false, isDeferralForTopItem: false
11-03 07:37:51.824495  1686  1686 I WearPower: [WearTouchMediator] changing touch input to enabled (ON_AUTO)
11-03 07:37:51.825600  1686  1759 I InputReader: Reconfiguring input devices.  changes=0x00000200
11-03 07:37:51.828989  2520  2520 D HOME    : [EventBus]Wrapper pool is full. Discarding excess wrapper instance for event com.google.android.clockwork.sysui.events.KeyguardStateEvent
11-03 07:37:51.828988  2520 10295 D HOME    : [DataRequester]requestUpdateFromProvider TileConfig{id=-1, provider=ComponentInfo{com.google.android.wearable.app/com.google.android.clockwork.home.jovi.tile.JoviTileProviderService}}
11-03 07:37:51.829325  2520  2520 D HOME    : [EventBus]Wrapper pool is full. Discarding excess wrapper instance for event com.google.android.clockwork.sysui.events.KeyguardStateEvent
11-03 07:37:51.836048  1686  1686 W AlarmManagerProxy: Removing unknown listener
11-03 07:37:51.839535  1686  1686 W DefaultSettingsContentR: Value for ambient_low_bit_enabled not stored as number. Attempting parse as boolean.
11-03 07:37:51.830296  2520 10283 D HOME    : [WatchStreamDB]Item alerting conditions - isInterruptive: false, recentlyInterrupted: false, isItemPinned: false, isUnread: false
11-03 07:37:51.844778  2520 10283 D HOME    : [StreamAlertingRegulator]isTheaterModeEnabled: false, isAlertingAllowedByOffBody: true, matchesLocalInterruptionFilter: true
11-03 07:37:51.845063  2520 10283 D HOME    : [WatchStreamDB]couldItemAlert: false, isTopItemChanged: false, isDeferralForTopItem: false
11-03 07:37:51.850192  2520  2520 D HOME    : [WatchFaceUiController]sendStateToWallpaper
11-03 07:37:51.854957  2520  2520 W StaticLayout: maxLineHeight should not be -1.  maxLines:1 lineCount:1
11-03 07:37:51.867943  3205  3434 W WorkController: Loading failed for worker [trainingcache]: worker not found
11-03 07:37:51.869776  3205  3294 W A       : TrainingCache cache SCREEN_ON failure
11-03 07:37:51.869776  3205  3294 W A       : com.google.android.apps.gsa.search.core.service.h.a.a: No worker found for Worker ID [trainingcache].
11-03 07:37:51.869776  3205  3294 W A       : 	at com.google.android.apps.gsa.search.core.service.g.a.c.a(Unknown Source:5)
11-03 07:37:51.869776  3205  3294 W A       : 	at com.google.android.libraries.gsa.c.a.d.a(Unknown Source:3)
11-03 07:37:51.869776  3205  3294 W A       : 	at com.google.common.p.a.cg.c(Unknown Source:2)
11-03 07:37:51.869776  3205  3294 W A       : 	at com.google.common.p.a.bk.run(SourceFile:3)
11-03 07:37:51.869776  3205  3294 W A       : 	at com.google.common.p.a.ci.run(Unknown Source:4)
11-03 07:37:51.869776  3205  3294 W A       : 	at com.google.apps.tiktok.concurrent.ab.run(SourceFile:1)
11-03 07:37:51.869776  3205  3294 W A       : 	at java.util.concurrent.ThreadPoolExecutor.runWorker(ThreadPoolExecutor.java:1167)
11-03 07:37:51.869776  3205  3294 W A       : 	at java.util.concurrent.ThreadPoolExecutor$Worker.run(ThreadPoolExecutor.java:641)
11-03 07:37:51.869776  3205  3294 W A       : 	at com.google.apps.tiktok.concurrent.c.run(Unknown Source:4)
11-03 07:37:51.869776  3205  3294 W A       : 	at java.lang.Thread.run(Thread.java:764)
11-03 07:37:51.874424  2520 10295 D HOME    : [DataRequester]cancelScheduledUpdates TileConfig{id=2, provider=ComponentInfo{com.google.android.wearable.app/com.google.android.clockwork.home.calendar.AgendaTileProviderService}}
11-03 07:37:51.899253  2520  2520 D HOME    : [JoviUpdater]background update started
11-03 07:37:51.906559  2520 10295 D HOME    : [DataRequester]requestUpdateFromProvider TileConfig{id=2, provider=ComponentInfo{com.google.android.wearable.app/com.google.android.clockwork.home.calendar.AgendaTileProviderService}}
11-03 07:37:51.909551  2520  2520 D HOME    : [LocationOracleImpl]Fetching last known location.
11-03 07:37:51.910201  2520  2520 D HOME    : [AccountOracleImpl]Fetching account of type: com.google
11-03 07:37:51.920327  3316  3328 I .gms.persisten: Background concurrent copying GC freed 98977(2MB) AllocSpace objects, 0(0B) LOS objects, 24% free, 8MB/10MB, paused 135us total 738.478ms
11-03 07:37:51.933920  2520  2520 W GmsAccountProvider: No accounts found.
11-03 07:37:51.934045  2520  2520 E HOME    : [OAuthOracleImpl]Account not found.
11-03 07:37:51.935617  2520  4738 E HOME    : [GetCardsRpc]One or more asynchronous tasks failed.
11-03 07:37:51.935617  2520  4738 E HOME    : android.accounts.AccountsException: Account not found.
11-03 07:37:51.935617  2520  4738 E HOME    : 	at djj.a(AW782433232:2)
11-03 07:37:51.935617  2520  4738 E HOME    : 	at dxa.d(AW782433232:6)
11-03 07:37:51.935617  2520  4738 E HOME    : 	at dwx.a(Unknown Source:3)
11-03 07:37:51.935617  2520  4738 E HOME    : 	at ltg.c(Unknown Source:2)
11-03 07:37:51.935617  2520  4738 E HOME    : 	at lsr.run(AW782433232:3)
11-03 07:37:51.935617  2520  4738 E HOME    : 	at lti.run(Unknown Source:4)
11-03 07:37:51.935617  2520  4738 E HOME    : 	at android.os.Handler.handleCallback(Handler.java:873)
11-03 07:37:51.935617  2520  4738 E HOME    : 	at android.os.Handler.dispatchMessage(Handler.java:99)
11-03 07:37:51.935617  2520  4738 E HOME    : 	at android.os.Looper.loop(Looper.java:193)
11-03 07:37:51.935617  2520  4738 E HOME    : 	at android.app.ActivityThread.main(ActivityThread.java:6680)
11-03 07:37:51.935617  2520  4738 E HOME    : 	at java.lang.reflect.Method.invoke(Native Method)
11-03 07:37:51.935617  2520  4738 E HOME    : 	at com.android.internal.os.RuntimeInit$MethodAndArgsCaller.run(RuntimeInit.java:493)
11-03 07:37:51.935617  2520  4738 E HOME    : 	at com.android.internal.os.ZygoteInit.main(ZygoteInit.java:858)
11-03 07:37:51.939393  2520 10122 D HOME    : [CwCal]CalendarEventsResolver:queryCalendarEventInstances:window=EventWindow{Wed Nov 03 00:00:00 GMT+01:00 2021,Thu Nov 04 23:59:59 GMT+01:00 2021}
11-03 07:37:51.959383  2520  2520 D HOME    : [AgendaController]loadEvents
11-03 07:37:51.962159  2520  6286 D HOME    : [AgendaController]Fetching event data for window: EventWindow{Wed Nov 03 00:00:00 GMT+01:00 2021,Fri Nov 05 23:59:59 GMT+01:00 2021}
11-03 07:37:51.963372  2520  6286 D HOME    : [CwCal]CalendarEventsResolver:queryCalendarEventInstances:window=EventWindow{Wed Nov 03 00:00:00 GMT+01:00 2021,Fri Nov 05 23:59:59 GMT+01:00 2021}
11-03 07:37:51.968397  2520  4738 W HOME    : [UpdateController]Data update failed
11-03 07:37:51.968397  2520  4738 W HOME    : djr: Some cache updates failed
11-03 07:37:51.968397  2520  4738 W HOME    : 	at dkh.b(Unknown Source:27)
11-03 07:37:51.968397  2520  4738 W HOME    : 	at mhz.bd(AW782433232:2)
11-03 07:37:51.968397  2520  4738 W HOME    : 	at lqz.f(Unknown Source:2)
11-03 07:37:51.968397  2520  4738 W HOME    : 	at lrb.run(AW782433232:9)
11-03 07:37:51.968397  2520  4738 W HOME    : 	at java.util.concurrent.ThreadPoolExecutor.runWorker(ThreadPoolExecutor.java:1167)
11-03 07:37:51.968397  2520  4738 W HOME    : 	at java.util.concurrent.ThreadPoolExecutor$Worker.run(ThreadPoolExecutor.java:641)
11-03 07:37:51.968397  2520  4738 W HOME    : 	at java.lang.Thread.run(Thread.java:764)
11-03 07:37:51.969433  2520  2520 D HOME    : [AccountOracleImpl]Fetching account of type: com.google
11-03 07:37:51.987785  2520  2520 W GmsAccountProvider: No accounts found.
11-03 07:37:52.001934  2520  2520 D HOME    : [SurfaceRenderer]maybeRender: hasWindowFocus = false, hasViewFocus = false, hasModelToRender = true, shouldRender = false
11-03 07:37:52.002370  2520  2520 D HOME    : [JoviUpdater]background update succeeded
11-03 07:37:52.007944  2520  2520 D HOME    : [StreamDBQueue]Promised revision #2987 to queue a new op
11-03 07:37:52.008571  2520  2520 D WatchStreamManager: Promised rank-blocked=true @ r#2987
11-03 07:37:52.017420  2520  2714 D HOME    : [TickMonitor]Received time tick
11-03 07:37:52.020851  2520  2714 D HOME    : [TickMonitor]handleTimeTick() finished
11-03 07:37:52.016728  2520 10294 D HOME    : [DataRequester]cancelScheduledUpdates TileConfig{id=-1, provider=ComponentInfo{com.google.android.wearable.app/com.google.android.clockwork.home.jovi.tile.JoviTileProviderService}}
11-03 07:37:52.031928  2520 10294 D HOME    : [DataRequester]cancelScheduledUpdates could not find jobId for provider -1
11-03 07:37:52.032290  2520 10294 D HOME    : [DataRequester]updateFinished -1
11-03 07:37:52.032422  2520 10294 D HOME    : [ProviderConnMgr]Unbinding from service
11-03 07:37:52.025301  2520 10295 D HOME    : [WatchStreamDB]Item alerting conditions - isInterruptive: false, recentlyInterrupted: false, isItemPinned: false, isUnread: false
11-03 07:37:52.039811  2520  4738 D HOME    : [AccountOracleImpl]Fetching account of type: com.google
11-03 07:37:52.042939  2520 10295 D HOME    : [StreamAlertingRegulator]isTheaterModeEnabled: false, isAlertingAllowedByOffBody: true, matchesLocalInterruptionFilter: true
11-03 07:37:52.043381  2520 10295 D HOME    : [WatchStreamDB]couldItemAlert: false, isTopItemChanged: false, isDeferralForTopItem: false
11-03 07:37:52.056369  2520  4738 W GmsAccountProvider: No accounts found.
11-03 07:37:52.056499  2520  4738 D HOME    : [LocPermissionChecker]No account present for location permissions.
11-03 07:37:52.078697  2520 10294 D HOME    : [DataRequester]Scheduling job for TileConfig{id=-1, provider=ComponentInfo{com.google.android.wearable.app/com.google.android.clockwork.home.jovi.tile.JoviTileProviderService}} delay=14400 jobId=2000116
11-03 07:37:52.130707  1686  5241 I GnssLocationProvider: WakeLock acquired by sendMessage(SET_REQUEST, 0, com.android.server.location.GnssLocationProvider$GpsRequest@ebaec8)
11-03 07:37:52.134450   501   501 I LocSvc_GnssInterface: ===> setPositionMode line 269 
11-03 07:37:52.137136   501   501 I LocSvc_GnssInterface: ===> start line 208 
11-03 07:37:52.137587   501   501 I LocSvc_APIClientBase: locAPIStartTracking:342] start new session: 49
11-03 07:37:52.138255   501  1894 I LocSvc_api_v02: ---> locClientSendReq line 2298 QMI_LOC_REG_EVENTS_REQ_V02
11-03 07:37:52.140956  1686  1701 I GnssLocationProvider: WakeLock released by handleMessage(SET_REQUEST, 0, com.android.server.location.GnssLocationProvider$GpsRequest@ebaec8)
11-03 07:37:52.141395   501  1894 I LocSvc_api_v02: ---> locClientSendReq line 2298 QMI_LOC_SET_OPERATION_MODE_REQ_V02
11-03 07:37:52.141697  2520  2520 D HOME    : [AgendaController]Obtained events in UI thread: []
11-03 07:37:52.142315  2520  2520 D HOME    : [EventDiarizer]Constructing with window EventWindow{Wed Nov 03 00:00:00 GMT+01:00 2021,Fri Nov 05 23:59:59 GMT+01:00 2021}
11-03 07:37:52.143491   501  1904 I LocSvc_ApiV02: <--- globalRespCb line 178 QMI_LOC_SET_OPERATION_MODE_REQ_V02
11-03 07:37:52.143632   501  1894 I LocSvc_api_v02: ---> locClientSendReq line 2298 QMI_LOC_START_REQ_V02
11-03 07:37:52.145620  2520  2520 D HOME    : [AgendaMetricsLogger]eventDataNotPresent
11-03 07:37:52.145814  2520 10294 D HOME    : [DataRequester]cancelScheduledUpdates TileConfig{id=2, provider=ComponentInfo{com.google.android.wearable.app/com.google.android.clockwork.home.calendar.AgendaTileProviderService}}
11-03 07:37:52.146644  2520 10294 D HOME    : [DataRequester]cancelScheduledUpdates could not find jobId for provider 2
11-03 07:37:52.147043  2520 10294 D HOME    : [DataRequester]updateFinished 2
11-03 07:37:52.147186  2520 10294 D HOME    : [ProviderConnMgr]Unbinding from service
11-03 07:37:52.156916  2520 10294 D HOME    : [DataRequester]Scheduling job for TileConfig{id=2, provider=ComponentInfo{com.google.android.wearable.app/com.google.android.clockwork.home.calendar.AgendaTileProviderService}} delay=14400 jobId=2000117
11-03 07:37:52.206114   512   512 I sensors-hal: activate:107, android.sensor.light/46 en=0
11-03 07:37:52.207403   512   512 I sensors-hal: activate:118, android.sensor.light/46 en=0 completed
11-03 07:37:52.209363   512   512 I sensors-hal: batch:140, android.sensor.light/46, period=250000000, max_latency=0
11-03 07:37:52.209441   512   512 I sensors-hal: batch:149, android.sensor.light/46, period=250000000, max_latency=0 request completed
11-03 07:37:52.209778   512   512 I sensors-hal: activate:107, android.sensor.light/46 en=1
11-03 07:37:52.210051   512   512 I sensors-hal: ssc_enable_rt_task:254, ssc_enable_rt_task : true
11-03 07:37:52.212024   512   512 I sensors-hal: activate:118, android.sensor.light/46 en=1 completed
--------- switch to system
11-03 07:37:52.221630  1686  1686 V SettingsProvider: Notifying for 0: content://settings/system/screen_brightness
--------- switch to main
11-03 07:37:52.238032  1686  1686 I SidekickService: loadBrightnessLocked()
11-03 07:37:52.242800  1686  1686 D SidekickService: screenBrightness  = 50
11-03 07:37:52.244917  1686  1686 D SidekickService: sendConfigValuesLocked(): alsThresholds = [40, 92, 95, 100, 125, 150, 175, 200, 225, 250, 300, 400, 500, 800, 1200], brightnessValuesBright = [50, 56, 60, 70, 80, 90, 100, 115, 120, 140, 160, 180, 200, 220, 240, 255], brightnessValuesDim= [50, 56, 60, 70, 80, 90, 100, 115, 120, 140, 160, 180, 200, 220, 240, 255]
11-03 07:37:52.258273  1686  1686 D SidekickService: setAlsMode(): mode = 2, brightenAlpha = 80, dimmingAlpha = 80
11-03 07:37:52.267320  2520  2541 I id.wearable.ap: Background concurrent copying GC freed 73862(2MB) AllocSpace objects, 0(0B) LOS objects, 24% free, 7MB/10MB, paused 132us total 442.219ms
11-03 07:37:52.271163  1686  1686 D SidekickService: setTwmConfig():: msTiltToBright = 10000, tiltToBright = false
11-03 07:37:52.285650   512 10388 I sensors-hal: handle_indication_realtime:355,  SCHED_FIFO(10) for qmi_cbk
--------- switch to kernel
11-03 07:37:52.393484     0     0 I [touch]x: 80,y:186
--------- switch to main
11-03 07:37:52.668492   501  1904 I LocSvc_ApiV02: <--- globalEventCb line 152 QMI_LOC_EVENT_POSITION_REPORT_IND_V02
11-03 07:37:52.829190   512   512 I sensors-hal: batch:140, android.sensor.accelerometer/48, period=66667000, max_latency=100000000
11-03 07:37:52.830750   512   512 I sensors-hal: batch:149, android.sensor.accelerometer/48, period=66667000, max_latency=100000000 request completed
11-03 07:37:52.831538  1686  1686 D DefaultUngazeDetector: Ungaze event occurred; emitting gesture event!
11-03 07:37:52.831654  1686  1686 D WristGestureCtrl: Gesture:GESTURE UNGAZE, timestamp(ms): 52951168, confidence: 0.0, latency(ms): 0, duration(ms): 1093
11-03 07:37:52.832887   512   512 I sensors-hal: batch:140, android.sensor.accelerometer/48, period=19231000, max_latency=100000000
--------- switch to system
11-03 07:37:52.835134  1686  1686 I WindowManager: sleepRelease() calling goToSleep(GO_TO_SLEEP_REASON_SLEEP_BUTTON)
11-03 07:37:52.837164  1686  1686 I PowerManagerService: Going to sleep due to sleep button (uid 1000)...
11-03 07:37:52.841788  1686  1712 I DreamManagerService: Entering dreamland.
11-03 07:37:52.844487  1686  1712 I PowerManagerService: Dozing...
--------- switch to main
11-03 07:37:52.838793   512   512 I sensors-hal: batch:149, android.sensor.accelerometer/48, period=19231000, max_latency=100000000 request completed
--------- switch to system
11-03 07:37:52.846569  1686  1686 W UsageStatsService: Event reported without a package name
--------- switch to main
11-03 07:37:52.847857   512   512 I sensors-hal: flush:169, android.sensor.accelerometer/48
11-03 07:37:52.849931   512   512 I sensors-hal: flush:175, android.sensor.accelerometer/48 completed
--------- switch to system
11-03 07:37:52.865036  1686  1708 I DreamController: Starting dream: name=ComponentInfo{com.google.android.wearable.ambient/com.google.android.wearable.ambient.AmbientDream}, isTest=false, canDoze=true, userId=0
11-03 07:37:52.891566  1686  1686 W ContextImpl: Calling a method in the system process without a qualified user: android.app.ContextImpl.bindService:1611 android.content.ContextWrapper.bindService:698 com.google.android.wearable.ambient.AmbientDream.onCreate:191 android.app.ActivityThread.handleCreateService:3533 android.app.ActivityThread.access$1300:200 
11-03 07:37:52.896134  1686  1686 W ContextImpl: Calling a method in the system process without a qualified user: android.app.ContextImpl.sendBroadcast:1005 android.content.ContextWrapper.sendBroadcast:444 com.google.android.wearable.ambient.AmbientDream.onCreate:241 android.app.ActivityThread.handleCreateService:3533 android.app.ActivityThread.access$1300:200 
11-03 07:37:52.897666  1686  1686 V DreamService[AmbientDream]: onBind() intent = Intent { act=android.service.dreams.DreamService flg=0x800000 cmp=com.google.android.wearable.ambient/.AmbientDream }
--------- switch to main
11-03 07:37:52.898976  1686  1686 I AmbientService: [ce6a28c] Ambient Created
--------- switch to system
11-03 07:37:52.899917  1686  1686 V DreamService[AmbientDream]: Calling onDreamingStarted()
--------- switch to main
11-03 07:37:52.900037  1686  1686 I AmbientService: [ce6a28c] doOnDreamingStarted
11-03 07:37:52.900477  1686  1686 D SidekickService: setShouldControlDisplay called: true
11-03 07:37:52.901541  1686  1686 I AmbientService: [ce6a28c] Selected running activity for ambient mode: AmbientActivity[component=ComponentInfo{com.google.android.wearable.app/com.google.android.clockwork.home2.activity.HomeActivity2}, callbacks=@210b385, running=true, ambientRequested=true, ambientEnabled=true, offloadEnabled=true]
11-03 07:37:52.902512  1686  1686 I AmbientService: [ce6a28c] Sidekick is ready to display, requesting doze.
11-03 07:37:52.903278  1686  1686 I AmbientService: [ce6a28c] No auto-resume Activity.
11-03 07:37:52.904878  1686  1686 W DefaultSettingsContentR: Value for ambient_low_bit_enabled not stored as number. Attempting parse as boolean.
11-03 07:37:52.906348  2520  2520 D HOME    : [HomeVisitsLogger]Logging streamlet event: enter_ambient_mode
11-03 07:37:52.907342  2520  2520 D HOME    : [HotwordController]updateClient MODE_WATCH_FACE false true false true
11-03 07:37:52.908936  2520  2520 D HOME    : [WatchFaceUiController]setInAmbientMode true
11-03 07:37:52.911037  2520  2520 D HOME    : [StreamDBQueue]Promised revision #2988 to queue a new op
11-03 07:37:52.911300  2520 10295 I SidekickManager: replaceWatchFaceComponentsImpl(): watchFace = com.google.android.clockwork.decomposablewatchface.WatchFaceDecomposition@a23fd7d
11-03 07:37:52.911342  2520  2520 D WatchStreamManager: Promised rank-blocked=false @ r#2988
11-03 07:37:52.911822  2520  2520 D HOME    : [StreamDBQueue]Promised revision #2989 to queue a new op
11-03 07:37:52.911988  2520  2520 D WatchStreamManager: Promised rank-blocked=false @ r#2989
11-03 07:37:52.912191  1686  5241 D SidekickService: sendWatchFaceComponents called: watchFace = com.google.android.clockwork.decomposablewatchface.WatchFaceDecomposition@66c7010shouldReplace = false
11-03 07:37:52.912828  2520  2520 D HOME    : [EventBus]Wrapper pool is full. Discarding excess wrapper instance for event com.google.android.clockwork.sysui.events.KeyguardStateEvent
11-03 07:37:52.912942  2520  2520 D HOME    : [WatchFaceUiController]sendStateToWallpaper
11-03 07:37:52.913179  2520 10283 D HOME    : [WatchStreamDB]Item alerting conditions - isInterruptive: false, recentlyInterrupted: false, isItemPinned: false, isUnread: false
11-03 07:37:52.913464  2520 10283 D HOME    : [StreamAlertingRegulator]isTheaterModeEnabled: false, isAlertingAllowedByOffBody: true, matchesLocalInterruptionFilter: true
11-03 07:37:52.913740  2520 10283 D HOME    : [WatchStreamDB]couldItemAlert: false, isTopItemChanged: false, isDeferralForTopItem: false
11-03 07:37:52.913732  2520 10244 D HOME    : [StreamDBQueue]Promised revision #2990 to queue a new op
11-03 07:37:52.913922  2520 10244 D WatchStreamManager: Promised rerank @ r#2990
11-03 07:37:52.912398  1686  5241 D SidekickService: Check decomposition for calling app com.google.android.wearable.app with uid 10049
11-03 07:37:52.914617  1686  5241 D SidekickService: sendWatchFaceLocked(): shouldReplace = false, mSidekickIsControlling = false, 1 images, 0 fonts, 0 numbers, 0 proportionalFonts, 0 strings
11-03 07:37:52.914710  1686  5241 D SidekickService: ISidekickGraphics#beginResources()...
11-03 07:37:52.914877  2520  2520 D HOME    : [EventBus]Wrapper pool is full. Discarding excess wrapper instance for event com.google.android.clockwork.sysui.events.KeyguardStateEvent
11-03 07:37:52.915131  2520  2520 D HOME    : [EventBus]Wrapper pool is full. Discarding excess wrapper instance for event com.google.android.clockwork.sysui.events.KeyguardStateEvent
11-03 07:37:52.915754  2520 10294 D HOME    : [HomeVisitsLogger]Logging streamlet event: visit_end
11-03 07:37:52.915770  1686  5241 D SidekickServiceUtils: bitmapFromDrawable: Returning bitmap directly
11-03 07:37:52.917430  1686  5241 D SidekickService: sendBitmapsLocked(): bounds = RectF(0.0, 0.0, 0.0024038462, 0.0024038462), drawableInfo = {.id = 100000, .width = 1, .height = 1, .display = true, .offsetX = 0.0, .offsetY = 0.0, .rotationInfo = {.hasRotation = false, .pivotX = 0.0, .pivotY = 0.0, .degreesPerDay = 0.0, .degreesPerStep = 0.0, .zeroDegreesTime = {.daysSinceLocalEpoch = 0, .msSinceMidnight = 0}}, .transformInfo = {.transformed = false, .flipX = false, .flipY = false, .flip45 = false, .scaleX = 0.0, .scaleY = 0.0}, .type = GENERIC, .blink = {.blinking = false, .periodOnMs = 0.0, .periodOffMs = 0.0, .startTime = {.daysSinceLocalEpoch = 0, .msSinceMidnight = 0}}, .zOrder = 8, .displayInTwm = true}, image.size() = 84
11-03 07:37:52.918249   416   416 D SKGHAL  : saveResource: resId = 100000
11-03 07:37:52.919116  1686  5241 D SidekickService: sendBitmapsLocked(): status = 0, bytesUsed = 18
11-03 07:37:52.919696  1686  5241 D SidekickService: ISidekickGraphics#endResources()...
11-03 07:37:52.919696  2520 10283 D HOME    : [WatchStreamDB]Item alerting conditions - isInterruptive: false, recentlyInterrupted: false, isItemPinned: false, isUnread: false
11-03 07:37:52.920556  2520 10283 D HOME    : [StreamAlertingRegulator]isTheaterModeEnabled: false, isAlertingAllowedByOffBody: true, matchesLocalInterruptionFilter: true
11-03 07:37:52.928243  2520 10283 D HOME    : [WatchStreamDB]couldItemAlert: false, isTopItemChanged: false, isDeferralForTopItem: false
11-03 07:37:52.934405  2520 10283 D HOME    : [WatchStreamDB]updateRanking()
11-03 07:37:52.935164  2520 10283 D HOME    : [WatchStreamDB]Item alerting conditions - isInterruptive: false, recentlyInterrupted: false, isItemPinned: false, isUnread: false
11-03 07:37:52.935538  2520 10283 D HOME    : [StreamAlertingRegulator]isTheaterModeEnabled: false, isAlertingAllowedByOffBody: true, matchesLocalInterruptionFilter: true
11-03 07:37:52.935814  2520 10283 D HOME    : [WatchStreamDB]couldItemAlert: false, isTopItemChanged: false, isDeferralForTopItem: false
11-03 07:37:52.936758  2520 10283 D HOME    : [NewStreamAdapter]Publishing revision #2990 to adapter clients
11-03 07:37:52.937395  2520 10244 D HOME    : [StreamDBQueue]Promised revision #2991 to queue a new op
11-03 07:37:52.937687  2520 10244 D WatchStreamManager: Promised rerank @ r#2991
11-03 07:37:52.937807  2520 10283 D HOME    : [WatchStreamDB]updateRanking()
11-03 07:37:52.938398  2520 10283 D HOME    : [WatchStreamDB]Item alerting conditions - isInterruptive: false, recentlyInterrupted: false, isItemPinned: false, isUnread: false
11-03 07:37:52.938812  2520 10283 D HOME    : [StreamAlertingRegulator]isTheaterModeEnabled: false, isAlertingAllowedByOffBody: true, matchesLocalInterruptionFilter: true
11-03 07:37:52.939084  2520 10283 D HOME    : [WatchStreamDB]couldItemAlert: false, isTopItemChanged: false, isDeferralForTopItem: false
11-03 07:37:52.939793  2520 10283 D HOME    : [NewStreamAdapter]Publishing revision #2991 to adapter clients
11-03 07:37:53.264675   416   416 D SKGHAL  : sendResources: metadata size = 2400, font size = 72
11-03 07:37:53.342267   416   416 D SKGHAL  : endResources: rc = 0
11-03 07:37:53.343041  1686  1686 W system_server: Long monitor contention with owner Binder:1686_17 (5241) at int com.google.android.clockwork.sidekick.SidekickService$BinderService.sendWatchFace(com.google.android.clockwork.decomposablewatchface.WatchFaceDecomposition, boolean)(SidekickService.java:1021) waiters=0 in boolean com.google.android.clockwork.sidekick.SidekickService$BinderService.readyToDisplay() for 429ms
11-03 07:37:53.343508  1686  1686 I AmbientService: [ce6a28c] Showing watch face in offload mode, canceling alarm.
11-03 07:37:53.343562  1686  1686 W AlarmManagerProxy: Removing unknown listener
11-03 07:37:53.343709  1686  1686 D WristGestureCtrl: Stopping detectors: GesturesEnabled-false gestureDetector-false ungazeEnabled-true ungaze-true
11-03 07:37:53.343784  1686  1686 D DefaultUngazeDetector: stopping
--------- switch to system
11-03 07:37:53.344046  1686  1686 W Looper  : Slow dispatch took 444ms main h=android.os.Handler c=android.service.dreams.DreamService$1@2b0c709 m=0
--------- switch to main
11-03 07:37:53.345082   512   512 I sensors-hal: batch:140, android.sensor.accelerometer/48, period=66667000, max_latency=100000000
--------- switch to system
11-03 07:37:53.346557  1686  1686 W Looper  : Slow delivery took 445ms main h=android.app.ActivityThread$H c=android.app.-$$Lambda$LoadedApk$ReceiverDispatcher$Args$_BumDX2UKsnxLVrE6UJsJZkotuA@bdfad0e m=0
--------- switch to main
11-03 07:37:53.347475   512   512 I sensors-hal: batch:149, android.sensor.accelerometer/48, period=66667000, max_latency=100000000 request completed
--------- switch to system
11-03 07:37:53.354369  1686  1686 W Looper  : Drained
--------- switch to main
11-03 07:37:53.355629  2520  2520 W StaticLayout: maxLineHeight should not be -1.  maxLines:1 lineCount:1
--------- switch to kernel
11-03 07:37:53.285831     0     0 E FG      : fg_psy_get_property: unsupported property 7
11-03 07:37:53.289553     0     0 W healthd : battery l=28 v=3644 t=22.0 h=2 st=3 c=275 fc=443000 cc=0 chg=
--------- switch to main
11-03 07:37:53.381946  1956  1956 D QtiCarrierConfigHelper: WARNING, no carrier configs on phone Id: 0
11-03 07:37:53.393209  2520  2520 D HOME    : [SidekickManagerAsync]replaceWatchFaceComponents(): Callback#onResult(): 0
11-03 07:37:53.395443  2520  2520 D HOME    : [BatteryChange]action: android.intent.action.BATTERY_CHANGED
11-03 07:37:53.396726  2520  2520 D HOME    : [WatchFaceUiController]Complication updates sent, posting watch face hiding
11-03 07:37:53.396947  2520  2520 D HOME    : [WatchFaceUiController]Still in ambient watch face, hiding
11-03 07:37:53.397063  2520  2520 D HOME    : [WatchFaceUiController]Hiding watch face wallpaper.
11-03 07:37:53.399888   512   512 I sensors-hal: activate:107, android.sensor.light/46 en=0
11-03 07:37:53.400441  2520 10295 D HOME    : [BatteryChange]HandleBatteryChangedTask
11-03 07:37:53.400870   512   512 I sensors-hal: activate:118, android.sensor.light/46 en=0 completed
11-03 07:37:53.400968  2520 10295 D HOME    : [BatteryChange]level: 28, status: 3
--------- switch to system
11-03 07:37:53.403375  1686  1710 I DisplayManagerService: Display device changed state: "Écran intégré", DOZE_SUSPEND
--------- switch to main
11-03 07:37:53.417270   545   545 D SurfaceFlinger: Set power mode=3, type=0 flinger=0xb6bb6000
11-03 07:37:53.417960   504   762 I SDM     : DisplayBase::SetDisplayState: Set state = 3, display 0
11-03 07:37:53.435845  1686  1759 I InputReader: Reconfiguring input devices.  changes=0x00000004
11-03 07:37:53.481192   545   545 D SurfaceFlinger: Finished set power mode=3, type=0
11-03 07:37:53.482807  1686  1823 I SidekickService: beginDisplayLocked(): DOZE_SUSPEND
11-03 07:37:53.483794   416   416 D SKGHAL  : sendAmbientPrepare: enter:
--------- switch to kernel
11-03 07:37:53.339403     0     0 I mdss_dsi_panel_set_idle_mode: Idle (0->1)
11-03 07:37:53.390942     0     0 I         : [touch]FB_BLANK_VSYNC_SUSPEND
11-03 07:37:53.390948     0     0 I         : [touch]irq disable
11-03 07:37:53.390952     0     0 I         : [touch]workqueue is empty!
11-03 07:37:53.390957     0     0 I         : [touch]raydium_ts_do_suspend.
11-03 07:37:53.390966     0     0 I         : [touch]Device may wakeup
11-03 07:37:53.394394     0     0 I         : [touch]irq enable
--------- switch to main
11-03 07:37:53.610030   416   416 D SKGHAL  : sendAmbientEvent: enter: enable = 1
11-03 07:37:53.610843   504   523 I SDM     : DisplayBase::SetDisplayState: Set state = 4, display 0
11-03 07:37:53.647503   504   523 D SDM     : HWCDisplayPrimary::SetStandByMode: Null display is connected successfully
11-03 07:37:53.647802   416   416 D SKGHAL  : standBy_update_control call succeed on 1
11-03 07:37:53.667095   501  1904 I LocSvc_ApiV02: <--- globalEventCb line 152 QMI_LOC_EVENT_POSITION_REPORT_IND_V02
11-03 07:37:53.669240   416   416 D SKGHAL  : sendAmbientEvent: done: enable = 1
11-03 07:37:53.669629  1686  1823 D SidekickService:    ... beginDisplay result: 0 for halPower: 1
11-03 07:37:53.672402   512   512 I sensors-hal: activate:107, android.sensor.accelerometer/48 en=0
11-03 07:37:53.673902   512   512 I sensors-hal: activate:118, android.sensor.accelerometer/48 en=0 completed
11-03 07:37:53.685211  1686  1799 E WifiStateMachine: getWifiLinkLayerStats called without an interface
--------- switch to kernel
11-03 07:37:53.619469     0     0 E bgrsb   : bgrsb_enable: gpio 32 is valid
--------- switch to main
11-03 07:37:53.707398  1686  1686 I WearPower: [WearTouchMediator] changing touch input to enabled (ON_AUTO)
11-03 07:37:53.708431  1686  1759 I InputReader: Reconfiguring input devices.  changes=0x00000200
--------- switch to kernel
11-03 07:37:53.624264     0     0 I init    : processing action (ro.enable_core_ctl=true && sys.cw_corectl_mode=idle) from (/vendor/etc/init/hw/init.qcom.rc:949)
--------- switch to main
11-03 07:37:53.715009  1686  1686 I AmbientService: [ce6a28c] Timeout alarm not required, auto-resume timeout handled by dream.
11-03 07:37:53.730697  3205  3434 W WorkController: Loading failed for worker [trainingcache]: worker not found
11-03 07:37:53.732192  3205  3372 W A       : TrainingCache cache SCREEN_OFF failure
11-03 07:37:53.732192  3205  3372 W A       : com.google.android.apps.gsa.search.core.service.h.a.a: No worker found for Worker ID [trainingcache].
11-03 07:37:53.732192  3205  3372 W A       : 	at com.google.android.apps.gsa.search.core.service.g.a.c.a(Unknown Source:5)
11-03 07:37:53.732192  3205  3372 W A       : 	at com.google.android.libraries.gsa.c.a.d.a(Unknown Source:3)
11-03 07:37:53.732192  3205  3372 W A       : 	at com.google.common.p.a.cg.c(Unknown Source:2)
11-03 07:37:53.732192  3205  3372 W A       : 	at com.google.common.p.a.bk.run(SourceFile:3)
11-03 07:37:53.732192  3205  3372 W A       : 	at com.google.common.p.a.ci.run(Unknown Source:4)
11-03 07:37:53.732192  3205  3372 W A       : 	at com.google.apps.tiktok.concurrent.ab.run(SourceFile:1)
11-03 07:37:53.732192  3205  3372 W A       : 	at java.util.concurrent.ThreadPoolExecutor.runWorker(ThreadPoolExecutor.java:1167)
11-03 07:37:53.732192  3205  3372 W A       : 	at java.util.concurrent.ThreadPoolExecutor$Worker.run(ThreadPoolExecutor.java:641)
11-03 07:37:53.732192  3205  3372 W A       : 	at com.google.apps.tiktok.concurrent.c.run(Unknown Source:4)
11-03 07:37:53.732192  3205  3372 W A       : 	at java.lang.Thread.run(Thread.java:764)
11-03 07:37:53.745871  2520  2520 D HOME    : [StreamDBQueue]Promised revision #2992 to queue a new op
11-03 07:37:53.746395  2520  2520 D WatchStreamManager: Promised rank-blocked=false @ r#2992
11-03 07:37:53.746806  2520  2520 D HOME    : [CompactHunStarter]detachWindow()
11-03 07:37:53.749730  2520 10244 D HOME    : [StreamDBQueue]Promised revision #2993 to queue a new op
11-03 07:37:53.750307  2520 10244 D WatchStreamManager: Promised rerank @ r#2993
11-03 07:37:53.753493  2520 10295 D HOME    : [WatchStreamDB]Item alerting conditions - isInterruptive: false, recentlyInterrupted: false, isItemPinned: false, isUnread: false
11-03 07:37:53.754102  2520 10295 D HOME    : [StreamAlertingRegulator]isTheaterModeEnabled: false, isAlertingAllowedByOffBody: true, matchesLocalInterruptionFilter: true
11-03 07:37:53.754551  2520 10295 D HOME    : [WatchStreamDB]couldItemAlert: false, isTopItemChanged: false, isDeferralForTopItem: false
11-03 07:37:53.755751  2520 10295 D HOME    : [WatchStreamDB]updateRanking()
11-03 07:37:53.761428  2520 10295 D HOME    : [WatchStreamDB]Item alerting conditions - isInterruptive: false, recentlyInterrupted: false, isItemPinned: false, isUnread: false
11-03 07:37:53.761779  2520 10295 D HOME    : [StreamAlertingRegulator]isTheaterModeEnabled: false, isAlertingAllowedByOffBody: true, matchesLocalInterruptionFilter: true
11-03 07:37:53.761987  2520 10295 D HOME    : [WatchStreamDB]couldItemAlert: false, isTopItemChanged: false, isDeferralForTopItem: false
11-03 07:37:53.762608  2520 10295 D HOME    : [NewStreamAdapter]Publishing revision #2993 to adapter clients
--------- switch to kernel
11-03 07:37:53.710348     0     0 I CPU1    : update max cpu_capacity 748
11-03 07:37:53.742142     0     0 I CPU3    : update max cpu_capacity 1024
11-03 07:37:53.742196     0     0 I CPU2    : shutdown
11-03 07:37:53.746565     0     0 I init    : Command 'write /sys/devices/system/cpu/cpu2/online 0' action=ro.enable_core_ctl=true && sys.cw_corectl_mode=idle (/vendor/etc/init/hw/init.qcom.rc:951) took 122ms and succeeded
11-03 07:37:53.820385     0     0 I CPU0    : update max cpu_capacity 748
11-03 07:37:53.852304     0     0 I CPU3    : shutdown
11-03 07:37:53.856231     0     0 I init    : Command 'write /sys/devices/system/cpu/cpu3/online 0' action=ro.enable_core_ctl=true && sys.cw_corectl_mode=idle (/vendor/etc/init/hw/init.qcom.rc:952) took 109ms and succeeded
--------- switch to main
11-03 07:37:54.463938  3338  4013 E memtrack: Couldn't load memtrack module
11-03 07:37:54.464046  3338  4013 W android.os.Debug: failed to get memory consumption info: -1
11-03 07:37:54.667583   501  1904 I LocSvc_ApiV02: <--- globalEventCb line 152 QMI_LOC_EVENT_POSITION_REPORT_IND_V02
--------- switch to kernel
11-03 07:37:56.709863     0     0 E mdss_dsi_gen_read_status: Read back value from panel is incorrect
--------- switch to main
11-03 07:37:55.667066   501  1904 I chatty  : uid=1021(gps) Loc identical 1 line
11-03 07:37:56.667555   501  1904 I LocSvc_ApiV02: <--- globalEventCb line 152 QMI_LOC_EVENT_POSITION_REPORT_IND_V02
11-03 07:37:57.066666  2520 10386 D HOME    : [LocationOracleImpl]Fresh location fetch timed out.
11-03 07:37:57.072306  2520  4738 W HOME    : [LocationOracleImpl]Location fetch failed.
11-03 07:37:57.072306  2520  4738 W HOME    : java.util.concurrent.TimeoutException: Fresh location fetch timed out.
11-03 07:37:57.072306  2520  4738 W HOME    : 	at doo.run(AW782433232:1)
11-03 07:37:57.072306  2520  4738 W HOME    : 	at java.util.TimerThread.mainLoop(Timer.java:562)
11-03 07:37:57.072306  2520  4738 W HOME    : 	at java.util.TimerThread.run(Timer.java:512)
11-03 07:37:57.073122  2520  4738 W HOME    : [GetCardsRpc]making request without location
11-03 07:37:57.084213  1686  3998 I GnssLocationProvider: WakeLock acquired by sendMessage(SET_REQUEST, 0, com.android.server.location.GnssLocationProvider$GpsRequest@96d8c1a)
11-03 07:37:57.085610   501   501 I LocSvc_GnssInterface: ===> stop line 218 
11-03 07:37:57.086385   501  1894 I LocSvc_api_v02: ---> locClientSendReq line 2298 QMI_LOC_STOP_REQ_V02
11-03 07:37:57.087346   501  1904 I LocSvc_ApiV02: <--- globalEventCb line 152 QMI_LOC_EVENT_POSITION_REPORT_IND_V02
11-03 07:37:57.088046   501  1894 I LocSvc_api_v02: ---> locClientSendReq line 2298 QMI_LOC_REG_EVENTS_REQ_V02
11-03 07:37:57.090378  1686  1701 I GnssLocationProvider: WakeLock released by handleMessage(SET_REQUEST, 0, com.android.server.location.GnssLocationProvider$GpsRequest@96d8c1a)
--------- switch to system
11-03 07:37:59.278465  1686  1686 I PowerManagerService: Waking up from dozing (uid=1000 reason=tiltToWake)...
11-03 07:37:59.296036  1686  1686 W UsageStatsService: Event reported without a package name
--------- switch to kernel
11-03 07:37:59.221940     0     0 E FG      : fg_psy_get_property: unsupported property 7
11-03 07:37:59.223568     0     0 W healthd : battery l=28 v=3703 t=22.0 h=2 st=3 c=135 fc=443000 cc=0 chg=
--------- switch to main
11-03 07:37:59.322762   512  1749 I sensors-hal: batch:140, android.sensor.light/46, period=100000000, max_latency=0
11-03 07:37:59.322863   512  1749 I sensors-hal: batch:149, android.sensor.light/46, period=100000000, max_latency=0 request completed
11-03 07:37:59.323803   512  1749 I sensors-hal: activate:107, android.sensor.light/46 en=1
11-03 07:37:59.324067   512  1749 I sensors-hal: ssc_enable_rt_task:254, ssc_enable_rt_task : true
11-03 07:37:59.328883   512  1749 I sensors-hal: activate:118, android.sensor.light/46 en=1 completed
11-03 07:37:59.331072  1686  1823 I SidekickService: endDisplayLocked()
--------- switch to system
11-03 07:37:59.331316  1686  1710 I DisplayManagerService: Display device changed state: "Écran intégré", ON
--------- switch to main
11-03 07:37:59.331831   416   416 D SKGHAL  : sendAmbientEvent: enter: enable = 0
11-03 07:37:59.333041   512  1749 I sensors-hal: batch:140, android.sensor.accelerometer/48, period=66667000, max_latency=100000000
11-03 07:37:59.333099   512  1749 I sensors-hal: batch:149, android.sensor.accelerometer/48, period=66667000, max_latency=100000000 request completed
11-03 07:37:59.333919   512  1749 I sensors-hal: activate:107, android.sensor.accelerometer/48 en=1
11-03 07:37:59.334178   512  1749 I sensors-hal: ssc_enable_rt_task:254, ssc_enable_rt_task : true
11-03 07:37:59.347483  1686  1759 I InputReader: Reconfiguring input devices.  changes=0x00000004
11-03 07:37:59.356372  4243  4243 D OMService: onDisplayChanged: not dozing
11-03 07:37:59.374607   512  1749 I sensors-hal: activate:118, android.sensor.accelerometer/48 en=1 completed
11-03 07:37:59.378985  1956  1956 D QtiCarrierConfigHelper: WARNING, no carrier configs on phone Id: 0
11-03 07:37:59.380125  2520  2520 D HOME    : [BatteryChange]action: android.intent.action.BATTERY_CHANGED
11-03 07:37:59.380498  2520 10244 D HOME    : [BatteryChange]HandleBatteryChangedTask
11-03 07:37:59.380845  2520 10244 D HOME    : [BatteryChange]level: 28, status: 3
11-03 07:37:59.395356  3205  3434 W WorkController: Loading failed for worker [trainingcache]: worker not found
