11-02 20:17:06.339706     0     0 I bgcom   : bgcom_pm_suspend: suspended with : 0
11-02 20:17:06.372021     0     0 I PM      : suspend of devices complete after 86.283 msecs
11-02 20:17:06.377878     0     0 I PM      : late suspend of devices complete after 5.814 msecs
11-02 20:17:06.383493     0     0 I PM      : noirq suspend of devices complete after 5.589 msecs
11-02 20:17:06.383505     0     0 I         : Disabling non-boot CPUs ...
11-02 20:17:06.405193     0     0 W         : IRQ21 no longer affine to CPU1
11-02 20:17:06.407113     0     0 I CPU1    : shutdown
11-02 20:17:06.409482     0     0 I suspend ns: 1146628386729	suspend cycles:     232583883359
11-02 20:17:06.409460     0     0 I CPU0    : msm_cpu_pm_enter_sleep mode:3 during suspend
11-02 20:17:06.409460     0     0 I         : Suspended for 0.819 seconds
11-02 20:17:06.409460     0     0 I resume cycles: 232599625340
11-02 20:17:06.409916     0     0 I         : Enabling non-boot CPUs ...
11-02 20:17:06.410754     0     0 I CPU1    : update cpu_capacity 1024
11-02 20:17:06.412208     0     0 I         : CPU1 is up
11-02 20:17:06.413875     0     0 I CPU1    : update max cpu_capacity 748
11-02 20:17:06.416079     0     0 I PM      : noirq resume of devices complete after 3.524 msecs
11-02 20:17:06.421201     0     0 I PM      : early resume of devices complete after 3.699 msecs
11-02 20:17:06.452232     0     0 I bgcom   : bgcom_pm_resume: Bgcom resumed with : 0
11-02 20:17:06.463204     0     0 I mdss_dsi_panel_set_idle_mode: Idle (1->1)
11-02 20:17:06.499085     0     0 I PM      : resume of devices complete after 77.833 msecs
--------- switch to main
11-02 20:17:07.336946  1829  2088 W bt_sdp  : SDP - Rcvd conn cnf with error: 0x4  CID 0x57
11-02 20:17:07.337674  1829  2027 D BluetoothHeadsetClientServiceJni: connection_state_cb: state 0 peer_feat 0 chld_feat 0
11-02 20:17:07.338641  1829  2027 E bt_btif : btif_hf_client_get_cb_by_bda: could not find block for bdaddr
11-02 20:17:07.338744  1829  2027 E bt_btif : btif_hf_client_upstreams_evt: event 3 but not allocating block: cb not found
11-02 20:17:07.338830  1829  2027 I bt_btif_queue: queue_int_advance: removing connection request: address=14:3c:c3:ad:3d:53 UUID=111E busy=true
11-02 20:17:07.339957  1829  2096 D HeadsetClientStateMachine: Enter Disconnected: 100
11-02 20:17:07.349018  1829  1829 D AdapterProperties: PROFILE_CONNECTION_STATE_CHANGE: profile=16, device=14:3C:C3:AD:3D:53, 1 -> 0
11-02 20:17:07.349789  1829  1829 D AdapterProperties: ADAPTER_CONNECTION_STATE_CHANGE: 14:3C:C3:AD:3D:53: 1 -> 0
--------- switch to kernel
11-02 20:17:06.503258     0     0 I         : Restarting tasks ...
11-02 20:17:06.507195     0     0 W QSEECOM : qseecom_receive_req: Interrupted: exiting Listener Service = 28672
11-02 20:17:06.511146     0     0 W QSEECOM : qseecom_receive_req: Interrupted: exiting Listener Service = 8192
11-02 20:17:06.511229     0     0 W QSEECOM : qseecom_receive_req: Interrupted: exiting Listener Service = 12288
11-02 20:17:06.511270     0     0 W QSEECOM : qseecom_receive_req: Interrupted: exiting Listener Service = 11
11-02 20:17:06.511306     0     0 W QSEECOM : qseecom_receive_req: Interrupted: exiting Listener Service = 10
11-02 20:17:06.533307     0     0 I         : done.
11-02 20:17:07.354381     0     0 I PM      : suspend exit 2021-11-02 19:17:07.354381369 UTC
--------- switch to main
11-02 20:17:07.359444  5603  5603 D BtTelecomReceiver: onReceive: Intent { act=android.bluetooth.headsetclient.profile.action.CONNECTION_STATE_CHANGED flg=0x10 cmp=com.google.android.apps.wearable.bluetooth/com.google.android.clockwork.hfp.BtTelecomBroadcastReceiver (has extras) }
11-02 20:17:07.362495  5603  5603 D BtTelecomReceiver: Hfp connection changed: -724754873 1 -> 0
11-02 20:17:07.375355  5603  5603 D HfpClientConnService: onCreate
--------- switch to system
11-02 20:17:07.376368  1686  1697 W BroadcastQueue: Background execution not allowed: receiving Intent { act=android.bluetooth.adapter.action.CONNECTION_STATE_CHANGED flg=0x4000010 (has extras) } to com.google.android.gms/.chimera.GmsIntentOperationService$PersistentTrustedReceiver
--------- switch to main
11-02 20:17:07.376896  5603  5603 D HfpClientConnService: disabling HFP
11-02 20:17:07.377059  5603  5603 I HfpClientConnService: enable request:Enable Request - time:1635880627362 type:false reason:headset client disconnected
11-02 20:17:07.381352  5603  5603 I HfpClientConnService: account already disabled
--------- switch to kernel
11-02 20:17:07.453141     0     0 E mdss_dsi_gen_read_status: Read back value from panel is incorrect
11-02 20:17:07.726028     0     0 I PM      : suspend entry 2021-11-02 19:17:07.726028192 UTC
11-02 20:17:07.726042     0     0 I PM      : Syncing filesystems ... done.
11-02 20:17:07.839511     0     0 I         : Freezing user space processes ... (elapsed 0.007 seconds) done.
11-02 20:17:07.847410     0     0 I         : Freezing remaining freezable tasks ... (elapsed 0.003 seconds) done.
11-02 20:17:07.851420     0     0 I         : Suspending console(s) (use no_console_suspend to debug)
11-02 20:17:07.863163     0     0 I mdss_dsi_panel_set_idle_mode: Idle (1->1)
11-02 20:17:07.899072     0     0 I bgcom   : bgcom_pm_suspend: suspended with : 0
11-02 20:17:07.936538     0     0 I PM      : suspend of devices complete after 82.893 msecs
11-02 20:17:07.942050     0     0 I PM      : late suspend of devices complete after 5.470 msecs
11-02 20:17:07.947973     0     0 I PM      : noirq suspend of devices complete after 5.896 msecs
11-02 20:17:07.947988     0     0 I         : Disabling non-boot CPUs ...
11-02 20:17:07.966890     0     0 I CPU1    : shutdown
11-02 20:17:07.968796     0     0 I suspend ns: 1147367808033	suspend cycles:     232613822229
11-02 20:17:07.968776     0     0 I CPU0    : msm_cpu_pm_enter_sleep mode:3 during suspend
11-02 20:17:07.968776     0     0 I         : Suspended for 18.852 seconds
11-02 20:17:07.968776     0     0 I resume cycles: 232975787802
11-02 20:17:07.969098     0     0 I         : Enabling non-boot CPUs ...
11-02 20:17:07.969909     0     0 I CPU1    : update cpu_capacity 1024
11-02 20:17:07.971328     0     0 I         : CPU1 is up
11-02 20:17:07.973655     0     0 I CPU1    : update max cpu_capacity 748
11-02 20:17:07.975115     0     0 I PM      : noirq resume of devices complete after 3.461 msecs
11-02 20:17:07.980233     0     0 I PM      : early resume of devices complete after 3.708 msecs
11-02 20:17:08.008904     0     0 I bgcom   : bgcom_pm_resume: Bgcom resumed with : 0
11-02 20:17:08.018586     0     0 I mdss_dsi_panel_set_idle_mode: Idle (1->1)
11-02 20:17:08.057807     0     0 I PM      : resume of devices complete after 77.544 msecs
11-02 20:17:08.060477     0     0 I         : Restarting tasks ...
11-02 20:17:08.063002     0     0 W QSEECOM : qseecom_receive_req: Interrupted: exiting Listener Service = 8192
11-02 20:17:08.063059     0     0 W QSEECOM : qseecom_receive_req: Interrupted: exiting Listener Service = 11
11-02 20:17:08.063098     0     0 W QSEECOM : qseecom_receive_req: Interrupted: exiting Listener Service = 28672
11-02 20:17:08.065975     0     0 W QSEECOM : qseecom_receive_req: Interrupted: exiting Listener Service = 12288
11-02 20:17:08.066031     0     0 W QSEECOM : qseecom_receive_req: Interrupted: exiting Listener Service = 10
11-02 20:17:08.071842     0     0 I         : done.
11-02 20:17:26.924927     0     0 I PM      : suspend exit 2021-11-02 19:17:26.924927351 UTC
11-02 20:17:27.026375     0     0 I PM      : suspend entry 2021-11-02 19:17:27.026375060 UTC
11-02 20:17:27.026388     0     0 I PM      : Syncing filesystems ... done.
11-02 20:17:27.122359     0     0 I         : Freezing user space processes ... (elapsed 0.007 seconds) done.
11-02 20:17:27.130179     0     0 I         : Freezing remaining freezable tasks ... (elapsed 0.004 seconds) done.
11-02 20:17:27.134221     0     0 I         : Suspending console(s) (use no_console_suspend to debug)
11-02 20:17:27.146330     0     0 I mdss_dsi_panel_set_idle_mode: Idle (1->1)
11-02 20:17:27.181088     0     0 I bgcom   : bgcom_pm_suspend: suspended with : 0
11-02 20:17:27.216666     0     0 I PM      : suspend of devices complete after 79.888 msecs
11-02 20:17:27.222399     0     0 I PM      : late suspend of devices complete after 5.691 msecs
11-02 20:17:27.228219     0     0 I PM      : noirq suspend of devices complete after 5.794 msecs
11-02 20:17:27.228233     0     0 I         : Disabling non-boot CPUs ...
11-02 20:17:27.247124     0     0 W         : IRQ21 no longer affine to CPU1
11-02 20:17:27.249034     0     0 I CPU1    : shutdown
11-02 20:17:27.251007     0     0 I suspend ns: 1147797631784	suspend cycles:     232984040418
11-02 20:17:27.250984     0     0 I CPU0    : msm_cpu_pm_enter_sleep mode:3 during suspend
11-02 20:17:27.250984     0     0 I         : Suspended for 35.720 seconds
11-02 20:17:27.250984     0     0 I resume cycles: 233669879240
11-02 20:17:27.251489     0     0 I         : Enabling non-boot CPUs ...
11-02 20:17:27.252315     0     0 I CPU1    : update cpu_capacity 1024
11-02 20:17:27.253740     0     0 I         : CPU1 is up
11-02 20:17:27.255956     0     0 I CPU1    : update max cpu_capacity 748
11-02 20:17:27.257575     0     0 I PM      : noirq resume of devices complete after 3.499 msecs
11-02 20:17:27.263439     0     0 I PM      : early resume of devices complete after 4.007 msecs
11-02 20:17:27.294601     0     0 I bgcom   : bgcom_pm_resume: Bgcom resumed with : 0
11-02 20:17:27.305600     0     0 I mdss_dsi_panel_set_idle_mode: Idle (1->1)
11-02 20:17:27.341004     0     0 I PM      : resume of devices complete after 77.525 msecs
11-02 20:17:27.345208     0     0 I         : Restarting tasks ...
11-02 20:17:27.348116     0     0 W QSEECOM : qseecom_receive_req: Interrupted: exiting Listener Service = 8192
11-02 20:17:27.348174     0     0 W QSEECOM : qseecom_receive_req: Interrupted: exiting Listener Service = 12288
11-02 20:17:27.348206     0     0 W QSEECOM : qseecom_receive_req: Interrupted: exiting Listener Service = 11
11-02 20:17:27.348238     0     0 W QSEECOM : qseecom_receive_req: Interrupted: exiting Listener Service = 10
11-02 20:17:27.348271     0     0 W QSEECOM : qseecom_receive_req: Interrupted: exiting Listener Service = 28672
11-02 20:17:27.364642     0     0 I         : done.
11-02 20:18:03.086089     0     0 I PM      : suspend exit 2021-11-02 19:18:03.086089368 UTC
11-02 20:18:03.186918     0     0 I PM      : suspend entry 2021-11-02 19:18:03.186918379 UTC
11-02 20:18:03.186940     0     0 I PM      : Syncing filesystems ... done.
11-02 20:18:03.295564     0     0 I         : Freezing user space processes ... (elapsed 0.007 seconds) done.
11-02 20:18:03.303019     0     0 I         : Freezing remaining freezable tasks ... (elapsed 0.004 seconds) done.
11-02 20:18:03.307139     0     0 I         : Suspending console(s) (use no_console_suspend to debug)
11-02 20:18:03.318971     0     0 I mdss_dsi_panel_set_idle_mode: Idle (1->1)
11-02 20:18:03.361939     0     0 I bgcom   : bgcom_pm_suspend: suspended with : 0
11-02 20:18:03.399267     0     0 I PM      : suspend of devices complete after 89.902 msecs
11-02 20:18:03.404796     0     0 I PM      : late suspend of devices complete after 5.487 msecs
11-02 20:18:03.410670     0     0 I PM      : noirq suspend of devices complete after 5.847 msecs
11-02 20:18:03.410682     0     0 I         : Disabling non-boot CPUs ...
11-02 20:18:03.429740     0     0 I CPU1    : shutdown
11-02 20:18:03.431675     0     0 I suspend ns: 1148257540795	suspend cycles:     233678709493
11-02 20:18:03.431654     0     0 I CPU0    : msm_cpu_pm_enter_sleep mode:3 during suspend
11-02 20:18:03.431654     0     0 I         : Suspended for 88.444 seconds
11-02 20:18:03.431654     0     0 I resume cycles: 235376839538
11-02 20:18:03.432186     0     0 I         : Enabling non-boot CPUs ...
11-02 20:18:03.433008     0     0 I CPU1    : update cpu_capacity 1024
11-02 20:18:03.434424     0     0 I         : CPU1 is up
11-02 20:18:03.436597     0     0 I CPU1    : update max cpu_capacity 748
11-02 20:18:03.438338     0     0 I PM      : noirq resume of devices complete after 3.595 msecs
11-02 20:18:03.443268     0     0 I         : [touch]display wake up
11-02 20:18:03.444083     0     0 I PM      : early resume of devices complete after 4.289 msecs
11-02 20:18:03.476936     0     0 I bgcom   : bgcom_pm_resume: Bgcom resumed with : 0
11-02 20:18:03.487790     0     0 I mdss_dsi_panel_set_idle_mode: Idle (1->1)
11-02 20:18:03.532343     0     0 I PM      : resume of devices complete after 88.216 msecs
11-02 20:18:03.536978     0     0 I         : Restarting tasks ...
11-02 20:18:03.540169     0     0 W QSEECOM : qseecom_receive_req: Interrupted: exiting Listener Service = 8192
11-02 20:18:03.540234     0     0 W QSEECOM : qseecom_receive_req: Interrupted: exiting Listener Service = 11
11-02 20:18:03.540270     0     0 W QSEECOM : qseecom_receive_req: Interrupted: exiting Listener Service = 28672
11-02 20:18:03.543007     0     0 W QSEECOM : qseecom_receive_req: Interrupted: exiting Listener Service = 12288
11-02 20:18:03.543063     0     0 W QSEECOM : qseecom_receive_req: Interrupted: exiting Listener Service = 10
--------- switch to system
11-02 20:19:31.988213  1686  1759 I PowerManagerService: Waking up from dozing (uid=1000 reason=android.policy:MOTION)...
11-02 20:19:31.989652  1686  1686 W UsageStatsService: Event reported without a package name
11-02 20:19:32.005390  2520  2520 W ViewRootImpl[HomeActivity2]: Dropping event due to no window focus: MotionEvent { action=ACTION_HOVER_ENTER, actionButton=0, id[0]=0, x[0]=100.0, y[0]=100.0, toolType[0]=TOOL_TYPE_FINGER, buttonState=0, metaState=0, flags=0x0, edgeFlags=0x0, pointerCount=1, historySize=0, eventTime=1148295, downTime=1130818, deviceId=1, source=0x1002 }
--------- switch to kernel
11-02 20:18:03.550521     0     0 I         : done.
11-02 20:19:31.995524     0     0 I PM      : suspend exit 2021-11-02 19:19:31.995524595 UTC
11-02 20:19:32.011436     0     0 E bgrsb   : bgrsb_enable: rsb will set report rate
11-02 20:19:32.015615     0     0 E FG      : fg_psy_get_property: unsupported property 7
11-02 20:19:31.980584     0     0 W healthd : battery l=64 v=4002 t=33.0 h=2 st=3 c=4 fc=443000 cc=0 chg=
11-02 20:19:31.984336     0     0 E bgrsb   : bgrsb_enable: gpio 32 is valid
--------- switch to system
11-02 20:19:32.041180  2520  2520 W ViewRootImpl[HomeActivity2]: Cancelling event due to no window focus: MotionEvent { action=ACTION_CANCEL, actionButton=0, id[0]=0, x[0]=100.0, y[0]=100.0, toolType[0]=TOOL_TYPE_FINGER, buttonState=0, metaState=0, flags=0x0, edgeFlags=0x0, pointerCount=1, historySize=0, eventTime=1148306, downTime=1130818, deviceId=1, source=0x1002 }
--------- switch to main
11-02 20:19:32.044289   512   512 I sensors-hal: batch:140, android.sensor.light/46, period=100000000, max_latency=0
11-02 20:19:32.044388   512   512 I sensors-hal: batch:149, android.sensor.light/46, period=100000000, max_latency=0 request completed
11-02 20:19:32.049220   512   512 I sensors-hal: activate:107, android.sensor.light/46 en=1
11-02 20:19:32.049931   512   512 I sensors-hal: ssc_enable_rt_task:254, ssc_enable_rt_task : true
11-02 20:19:32.056247   512   512 I sensors-hal: activate:118, android.sensor.light/46 en=1 completed
11-02 20:19:32.059977  1686  1823 I SidekickService: endDisplayLocked()
--------- switch to system
11-02 20:19:32.041671  2520  2520 I chatty  : uid=10049(com.google.android.wearable.app) identical 2 lines
11-02 20:19:32.041890  2520  2520 W ViewRootImpl[HomeActivity2]: Cancelling event due to no window focus: MotionEvent { action=ACTION_CANCEL, actionButton=0, id[0]=0, x[0]=100.0, y[0]=100.0, toolType[0]=TOOL_TYPE_FINGER, buttonState=0, metaState=0, flags=0x0, edgeFlags=0x0, pointerCount=1, historySize=0, eventTime=1148306, downTime=1130818, deviceId=1, source=0x1002 }
11-02 20:19:32.060446  1686  1710 I DisplayManagerService: Display device changed state: "Écran intégré", ON
--------- switch to main
11-02 20:19:32.062121   416  2389 D SKGHAL  : sendAmbientEvent: enter: enable = 0
11-02 20:19:32.067292   512   512 I sensors-hal: batch:140, android.sensor.accelerometer/48, period=66667000, max_latency=100000000
11-02 20:19:32.067447   512   512 I sensors-hal: batch:149, android.sensor.accelerometer/48, period=66667000, max_latency=100000000 request completed
11-02 20:19:32.073911   512   512 I sensors-hal: activate:107, android.sensor.accelerometer/48 en=1
11-02 20:19:32.074601   512   512 I sensors-hal: ssc_enable_rt_task:254, ssc_enable_rt_task : true
11-02 20:19:32.083609   512   512 I sensors-hal: activate:118, android.sensor.accelerometer/48 en=1 completed
11-02 20:19:32.098592  2520  2520 D HOME    : [BatteryChange]action: android.intent.action.BATTERY_CHANGED
11-02 20:19:32.101593  2520  7212 D HOME    : [BatteryChange]HandleBatteryChangedTask
11-02 20:19:32.102377  2520  7212 D HOME    : [BatteryChange]level: 64, status: 3
11-02 20:19:32.115560  4243  4243 D OMService: onDisplayChanged: not dozing
11-02 20:19:32.122369  3205  3434 W WorkController: Loading failed for worker [trainingcache]: worker not found
11-02 20:19:32.124746  3205  3372 W A       : TrainingCache cache DEVICE_UNLOCKED failure
11-02 20:19:32.124746  3205  3372 W A       : com.google.android.apps.gsa.search.core.service.h.a.a: No worker found for Worker ID [trainingcache].
11-02 20:19:32.124746  3205  3372 W A       : 	at com.google.android.apps.gsa.search.core.service.g.a.c.a(Unknown Source:5)
11-02 20:19:32.124746  3205  3372 W A       : 	at com.google.android.libraries.gsa.c.a.d.a(Unknown Source:3)
11-02 20:19:32.124746  3205  3372 W A       : 	at com.google.common.p.a.cg.c(Unknown Source:2)
11-02 20:19:32.124746  3205  3372 W A       : 	at com.google.common.p.a.bk.run(SourceFile:3)
11-02 20:19:32.124746  3205  3372 W A       : 	at com.google.common.p.a.ci.run(Unknown Source:4)
11-02 20:19:32.124746  3205  3372 W A       : 	at com.google.apps.tiktok.concurrent.ab.run(SourceFile:1)
11-02 20:19:32.124746  3205  3372 W A       : 	at java.util.concurrent.ThreadPoolExecutor.runWorker(ThreadPoolExecutor.java:1167)
11-02 20:19:32.124746  3205  3372 W A       : 	at java.util.concurrent.ThreadPoolExecutor$Worker.run(ThreadPoolExecutor.java:641)
11-02 20:19:32.124746  3205  3372 W A       : 	at com.google.apps.tiktok.concurrent.c.run(Unknown Source:4)
11-02 20:19:32.124746  3205  3372 W A       : 	at java.lang.Thread.run(Thread.java:764)
--------- switch to system
11-02 20:19:32.127015  1686  1702 W BroadcastQueue: Background execution not allowed: receiving Intent { act=android.intent.action.USER_PRESENT flg=0x10 } to com.google.android.gms/.auth.setup.devicesignals.LockScreenReceiver
--------- switch to main
11-02 20:19:32.129078   512  7241 I sensors-hal: handle_indication_realtime:355,  SCHED_FIFO(10) for qmi_cbk
11-02 20:19:32.141764  1686  1759 I InputReader: Reconfiguring input devices.  changes=0x00000004
--------- switch to system
11-02 20:19:32.153761  1686  1702 W BroadcastQueue: Background execution not allowed: receiving Intent { act=android.intent.action.USER_PRESENT flg=0x10 } to com.google.android.gms/.chimera.GmsIntentOperationService$PersistentTrustedReceiver
--------- switch to main
11-02 20:19:32.161096  1956  1956 D QtiCarrierConfigHelper: WARNING, no carrier configs on phone Id: 0
11-02 20:19:32.210258   512  7243 I sensors-hal: handle_indication_realtime:355,  SCHED_FIFO(10) for qmi_cbk
--------- switch to kernel
11-02 20:19:32.191568     0     0 I         : [touch]FB_BLANK_VSYNC_SUSPEND
11-02 20:19:32.191573     0     0 I         : [touch]Already in suspend state
--------- switch to main
11-02 20:19:32.229074   504   523 I SDM     : DisplayBase::SetDisplayState: Set state = 3, display 0
11-02 20:19:32.229317   504   523 D SDM     : HWCDisplayPrimary::SetStandByMode: Display is connected successfully
11-02 20:19:32.231656   416  2389 D SKGHAL  : standBy_update_control call succeed on 0
11-02 20:19:32.231716   416  2389 D SKGHAL  : sendAmbientEvent: done: enable = 0
11-02 20:19:32.232279  1686  1823 D SidekickService:    ... endDisplay returns void
11-02 20:19:32.233177   545   545 D SurfaceFlinger: Set power mode=2, type=0 flinger=0xb6bb6000
11-02 20:19:32.233577   504   762 I SDM     : DisplayBase::SetDisplayState: Set state = 1, display 0
--------- switch to kernel
11-02 20:19:32.203188     0     0 I mdss_dsi_panel_set_idle_mode: Idle (1->0)
11-02 20:19:32.204038     0     0 E mdp3_enable_panic_ctrl: mdp3_enable_panic_ctrl: Enable Panic Control
11-02 20:19:32.204119     0     0 I         : [touch]FB_BLANK_UNBLANK
11-02 20:19:32.204125     0     0 I         : [touch]raydium_ts_do_resume, 1.
11-02 20:19:32.204478     0     0 I         : [ raydium ]workqueue is empty!
11-02 20:19:32.204928     0     0 I         : [touch] raydium_esd_check
11-02 20:19:32.204945     0     0 I raydium_ts 5-0039: [touch]Already enable irq
11-02 20:19:32.204948     0     0 I         : [touch]Device may wakeup
--------- switch to main
11-02 20:19:32.243434   545   545 D SurfaceFlinger: Finished set power mode=2, type=0
--------- switch to system
11-02 20:19:32.245726  1686  1712 W PowerManagerService: Screen on took 369 ms
11-02 20:19:32.245996  1686  1712 I DreamManagerService: Gently waking up from dream.
11-02 20:19:32.246262  1686  1708 I DreamManagerService: Performing gentle wake from dream.
11-02 20:19:32.246653   618   618 I wificond: Pno scan stopped
11-02 20:19:32.261033  1686  1686 V DreamService[AmbientDream]: wakeUp(): fromSystem=true, mWaking=false, mFinished=false
11-02 20:19:32.261185  1686  1686 V DreamService[AmbientDream]: finish(): mFinished=false
11-02 20:19:32.261274  1686  1686 I DreamManagerService: Leaving dreamland.
11-02 20:19:32.262381  1686  1708 I DreamManagerService: Performing gentle wake from dream.
11-02 20:19:32.262539  1686  1708 I DreamController: Stopping dream: name=ComponentInfo{com.google.android.wearable.ambient/com.google.android.wearable.ambient.AmbientDream}, isTest=false, canDoze=true, userId=0
--------- switch to main
11-02 20:19:32.262717  1686  1686 D WearWifiMediator: Entering Wifi Backoff
11-02 20:19:32.263420  1686  1686 D WearWifiMediator: setWifiDecision: false; reason: OFF_WIFI_BACKOFF
11-02 20:19:32.266846  1686  1686 I WearPower: [WearTouchMediator] changing touch input to enabled (ON_AUTO)
11-02 20:19:32.268052  1686  1759 I InputReader: Reconfiguring input devices.  changes=0x00000200
11-02 20:19:32.269518  1686  1686 W AlarmManager: Unrecognized alarm listener com.android.server.job.controllers.-$$Lambda$IdleController$IdlenessTracker$nTdS-lGBXcES5VWKcJFmQFgU7IU@1ab437a
--------- switch to system
11-02 20:19:32.269991  1686  1686 V DreamService[AmbientDream]: detach(): Calling onDreamingStopped()
--------- switch to main
11-02 20:19:32.270101  1686  1686 I AmbientService: [ce6a28c] doOnDreamingStopped
11-02 20:19:32.270182  1686  1686 D WristGestureCtrl: Starting: GesturesEnabled-false UngazeEnabled-true
11-02 20:19:32.270233  1686  1686 D DefaultUngazeDetector: starting
11-02 20:19:32.270321  1686  1686 D DefaultUngazeDetector: startUngazeStateEstimation(). startTime = 12251700
11-02 20:19:32.273328   512  1749 I sensors-hal: batch:140, android.sensor.accelerometer/48, period=19231000, max_latency=100000000
11-02 20:19:32.273909  1686  1686 W AlarmManagerProxy: Removing unknown listener
11-02 20:19:32.275657   512  1749 I sensors-hal: batch:149, android.sensor.accelerometer/48, period=19231000, max_latency=100000000 request completed
11-02 20:19:32.276453   512  1749 I sensors-hal: flush:169, android.sensor.accelerometer/48
11-02 20:19:32.277985   512  1749 I sensors-hal: flush:175, android.sensor.accelerometer/48 completed
11-02 20:19:32.282484  1686  1820 I WearCellularMediator: OFF_SIM_ABSENT changed radio power: false
11-02 20:19:32.285002  2520  2520 D HOME    : [HomeVisitsLogger]Logging streamlet event: visit_start
11-02 20:19:32.285230  2520  2520 D HOME    : [HomeVisitsLogger]Logging streamlet event: exit_ambient_mode
11-02 20:19:32.285540  2520  2520 D HOME    : [HotwordController]updateClient MODE_WATCH_FACE false false false true
11-02 20:19:32.286308  2520  2520 D HOME    : [WatchFaceUiController]setInAmbientMode false
11-02 20:19:32.286373  2520  2520 D HOME    : [WatchFaceUiController]sendWatchFaceServiceBinder
11-02 20:19:32.283814  1686  1686 I AmbientService: [ce6a28c] No auto-resume Activity.
11-02 20:19:32.290381  2520  2520 D HOME    : [WatchFaceUiController]sendStateToWallpaper
11-02 20:19:32.291727  2520  2520 D HOME    : [WatchFaceUiController]Showing watch face wallpaper.
11-02 20:19:32.291873  2520  2520 D HOME    : [WatchFaceUiController]sendStateToWallpaper
11-02 20:19:32.305244  2520  2520 D HOME    : [StreamDBQueue]Promised revision #1415 to queue a new op
11-02 20:19:32.305487  2520  2520 D WatchStreamManager: Promised rank-blocked=true @ r#1415
11-02 20:19:32.305787  2520  2520 D HOME    : [StreamDBQueue]Promised revision #1416 to queue a new op
11-02 20:19:32.305889  2520  2520 D WatchStreamManager: Promised rank-blocked=true @ r#1416
11-02 20:19:32.306293  2520  2520 D HOME    : [TilesController]Tile refresh optimization is enabled.
11-02 20:19:32.306586  2520  2520 D HOME    : [EventBus]Wrapper pool is full. Discarding excess wrapper instance for event com.google.android.clockwork.sysui.events.KeyguardStateEvent
11-02 20:19:32.306665  2520  2520 D HOME    : [WatchFaceUiController]sendStateToWallpaper
11-02 20:19:32.308140  2520  2520 D HOME    : [EventBus]Wrapper pool is full. Discarding excess wrapper instance for event com.google.android.clockwork.sysui.events.KeyguardStateEvent
11-02 20:19:32.308353  2520  2520 D HOME    : [EventBus]Wrapper pool is full. Discarding excess wrapper instance for event com.google.android.clockwork.sysui.events.KeyguardStateEvent
11-02 20:19:32.312389  2520  2520 D HOME    : [WatchFaceUiController]sendStateToWallpaper
--------- switch to system
11-02 20:19:32.313680  1686  1686 W ContextImpl: Calling a method in the system process without a qualified user: android.app.ContextImpl.sendBroadcast:1020 android.content.ContextWrapper.sendBroadcast:449 com.google.android.wearable.ambient.AmbientDream.onDestroy:273 android.app.ActivityThread.handleStopService:3698 android.app.ActivityThread.access$1700:200 
--------- switch to main
11-02 20:19:32.315324  1686  1686 E AlarmManager: cancel() called with a null PendingIntent
11-02 20:19:32.315554  2520  2520 W StaticLayout: maxLineHeight should not be -1.  maxLines:1 lineCount:1
--------- switch to system
11-02 20:19:32.315578  1686  1686 V DreamService[AmbientDream]: onDestroy()
--------- switch to kernel
11-02 20:19:32.317525     0     0 I init    : processing action (ro.enable_core_ctl=true && sys.cw_corectl_mode=perf) from (/vendor/etc/init/hw/init.qcom.rc:954)
11-02 20:19:32.319417     0     0 I CPU2    : update cpu_capacity 1024
--------- switch to main
11-02 20:19:32.370267  2520  4718 W OpenGLRenderer: Incorrectly called buildLayer on View: HardwareButtonHintOverlayView, destroying layer...
11-02 20:19:32.376573  1686  1686 W AlarmManagerProxy: Removing unknown listener
--------- switch to kernel
11-02 20:19:32.339760    20    20 E         : [20:19:32.377452] [00000036CE2077ED] [VosRX]  wlan: [E :WDI] WDTS_RxPacketDump RX Data frame is UC
11-02 20:19:32.339791    20    20 E         : [20:19:32.377496] [00000036CE207B04] [VosRX]  wlan: [E :WDI] WDTS_RxPacketDump: Management subtype:5 SA:b6:11:b9:83:77:1e DA:00:0a:f5:f2:a2:70
--------- switch to main
11-02 20:19:32.378574  1686  1686 W DefaultSettingsContentR: Value for ambient_low_bit_enabled not stored as number. Attempting parse as boolean.
11-02 20:19:32.398101  2520  6840 D HOME    : [WatchStreamDB]Item alerting conditions - isInterruptive: true, recentlyInterrupted: false, isItemPinned: true, isUnread: false
11-02 20:19:32.398700  2520  6840 D HOME    : [StreamAlertingRegulator]isTheaterModeEnabled: false, isAlertingAllowedByOffBody: true, matchesLocalInterruptionFilter: true
11-02 20:19:32.398931  2520  6840 D HOME    : [WatchStreamDB]couldItemAlert: false, isTopItemChanged: false, isDeferralForTopItem: false
--------- switch to kernel
11-02 20:19:32.346006     0     0 I CPU1    : update max cpu_capacity 748
11-02 20:19:32.359541     0     0 I CPU3    : update cpu_capacity 1024
11-02 20:19:32.361499     0     0 I CPU2    : update max cpu_capacity 1024
--------- switch to main
11-02 20:19:32.403388  2520  6840 D HOME    : [WatchStreamDB]Item alerting conditions - isInterruptive: true, recentlyInterrupted: false, isItemPinned: true, isUnread: false
11-02 20:19:32.420664  2520  2520 D HOME    : [WatchFaceUiController]sendWatchFaceServiceBinder
11-02 20:19:32.424361  3205  3434 W WorkController: Loading failed for worker [trainingcache]: worker not found
11-02 20:19:32.426230  2520  2520 D HOME    : [WatchFaceUiController]sendProperties
11-02 20:19:32.427788  2520  2520 D HOME    : [WatchFaceUiController]sendStateToWallpaper
11-02 20:19:32.435159  3205  3294 W A       : TrainingCache cache SCREEN_ON failure
11-02 20:19:32.435159  3205  3294 W A       : com.google.android.apps.gsa.search.core.service.h.a.a: No worker found for Worker ID [trainingcache].
11-02 20:19:32.435159  3205  3294 W A       : 	at com.google.android.apps.gsa.search.core.service.g.a.c.a(Unknown Source:5)
11-02 20:19:32.435159  3205  3294 W A       : 	at com.google.android.libraries.gsa.c.a.d.a(Unknown Source:3)
11-02 20:19:32.435159  3205  3294 W A       : 	at com.google.common.p.a.cg.c(Unknown Source:2)
11-02 20:19:32.435159  3205  3294 W A       : 	at com.google.common.p.a.bk.run(SourceFile:3)
11-02 20:19:32.435159  3205  3294 W A       : 	at com.google.common.p.a.ci.run(Unknown Source:4)
11-02 20:19:32.435159  3205  3294 W A       : 	at com.google.apps.tiktok.concurrent.ab.run(SourceFile:1)
11-02 20:19:32.435159  3205  3294 W A       : 	at java.util.concurrent.ThreadPoolExecutor.runWorker(ThreadPoolExecutor.java:1167)
11-02 20:19:32.435159  3205  3294 W A       : 	at java.util.concurrent.ThreadPoolExecutor$Worker.run(ThreadPoolExecutor.java:641)
11-02 20:19:32.435159  3205  3294 W A       : 	at com.google.apps.tiktok.concurrent.c.run(Unknown Source:4)
11-02 20:19:32.435159  3205  3294 W A       : 	at java.lang.Thread.run(Thread.java:764)
11-02 20:19:32.439811  2520  6840 D HOME    : [StreamAlertingRegulator]isTheaterModeEnabled: false, isAlertingAllowedByOffBody: true, matchesLocalInterruptionFilter: true
11-02 20:19:32.440210  2520  6840 D HOME    : [WatchStreamDB]couldItemAlert: false, isTopItemChanged: false, isDeferralForTopItem: false
--------- switch to kernel
11-02 20:19:32.396521     0     0 I CPU3    : update max cpu_capacity 1024
--------- switch to main
11-02 20:19:32.471948  2520  2520 D HOME    : [StreamDBQueue]Promised revision #1417 to queue a new op
11-02 20:19:32.472245  2520  2520 D WatchStreamManager: Promised rank-blocked=true @ r#1417
11-02 20:19:32.478323  2520  7212 D HOME    : [WatchStreamDB]Item alerting conditions - isInterruptive: true, recentlyInterrupted: false, isItemPinned: true, isUnread: false
11-02 20:19:32.479683  2520  7212 D HOME    : [StreamAlertingRegulator]isTheaterModeEnabled: false, isAlertingAllowedByOffBody: true, matchesLocalInterruptionFilter: true
11-02 20:19:32.479998  2520  7212 D HOME    : [WatchStreamDB]couldItemAlert: false, isTopItemChanged: false, isDeferralForTopItem: false
11-02 20:19:32.534233  2520  2714 D HOME    : [TickMonitor]Received time tick
11-02 20:19:32.534579  2520  2714 D HOME    : [TickMonitor]handleTimeTick() finished
11-02 20:19:32.548551  2520  2520 D HOME    : [StreamBackendInit]NotificationService onNotificationPosted StatusBarNotification(pkg=android user=UserHandle{0} id=0 tag=com.android.server.wm.AlertWindowNotification - com.google.android.wearable.app key=0|android|0|com.android.server.wm.AlertWindowNotification - com.google.android.wearable.app|1000: Notification(channel=com.android.server.wm.AlertWindowNotification - com.google.android.wearable.app pri=0 contentView=null vibrate=null sound=null defaults=0x0 flags=0x102 color=0xff607d8b vis=PRIVATE))
11-02 20:19:32.549534  2520  2716 D CollectorHandler: handleMessage, event: ON_NOTIFICATION_POSTED_WITH_RANKING
11-02 20:19:32.552749  2520  2716 D HOME    : [StreamDBQueue]Promised revision #1418 to queue a new op
11-02 20:19:32.553384  2520  2716 D HOME    : [WatchStreamManager]Promised set @ r#1418 for (android,tag=com.android.server.wm.AlertWindowNotification - com.google.android.wearable.app,id=0,notifKey=0|android|0|com.android.server.wm.AlertWindowNotification - com.google.android.wearable.app|1000)
11-02 20:19:32.554277  2520  6840 D StreamDatabase:   filtering notification, reason=HOME_OVER_OTHER_APPS_NOTIFICATION, itemId=StreamItemIdAndRevision{notifKey=0|android|0|com.android.server.wm.AlertWindowNotification - com.google.android.wearable.app|1000, packageName=android, tag=com.android.server.wm.AlertWindowNotification - com.google.android.wearable.app, id=0, revision=1418, originalRevision=1418, updateCount=0}
11-02 20:19:32.555002  2520  6840 D HOME    : [WatchStreamDB]Item alerting conditions - isInterruptive: true, recentlyInterrupted: false, isItemPinned: true, isUnread: false
11-02 20:19:32.555356  2520  6840 D HOME    : [StreamAlertingRegulator]isTheaterModeEnabled: false, isAlertingAllowedByOffBody: true, matchesLocalInterruptionFilter: true
11-02 20:19:32.555601  2520  6840 D HOME    : [WatchStreamDB]couldItemAlert: false, isTopItemChanged: false, isDeferralForTopItem: false
11-02 20:19:32.555872   512  1749 I sensors-hal: activate:107, android.sensor.light/46 en=0
11-02 20:19:32.556093  2520  6840 D HOME    : [StreamAdapter]onStreamChange StreamChangeEvent[modified=1, removed=0, modifiedTop=0, removedTop=0, reorder=false, possibleAlertingItem=none]
11-02 20:19:32.556439  2520  6840 D HOME    : [StreamAdapter]onStreamChange StreamChangeEvent[modified=1, removed=0, modifiedTop=0, removedTop=0, reorder=false, possibleAlertingItem=none]
11-02 20:19:32.556979  2520  2520 D HOME    : [TopNotificationReceiver]Sending request to TopNotificationProviderService for complication update
11-02 20:19:32.557131  2520  6840 D HOME    : [NewStreamAdapter]Publishing revision #1418 to adapter clients
11-02 20:19:32.557372   512  1749 I sensors-hal: activate:118, android.sensor.light/46 en=0 completed
11-02 20:19:32.569397   512  1749 I sensors-hal: batch:140, android.sensor.light/46, period=250000000, max_latency=0
11-02 20:19:32.569896  2520  2520 D HOME    : [StreamAdapter]setStreamItems, size 1
11-02 20:19:32.570010   512  1749 I sensors-hal: batch:149, android.sensor.light/46, period=250000000, max_latency=0 request completed
11-02 20:19:32.570992  2520  2520 D HOME    : [StreamAdapter]setStreamItems, size 2
11-02 20:19:32.571842   512  1749 I sensors-hal: activate:107, android.sensor.light/46 en=1
11-02 20:19:32.573016   512  1749 I sensors-hal: ssc_enable_rt_task:254, ssc_enable_rt_task : true
11-02 20:19:32.575214  2520  6840 D HOME    : [ComplicationController]scheduleImmediateUpdateForAllFromProvider ComponentInfo{com.google.android.wearable.app/com.google.android.clockwork.wcs.notification.complication.TopNotificationProviderService}
11-02 20:19:32.576881   512  1749 I sensors-hal: activate:118, android.sensor.light/46 en=1 completed
--------- switch to system
11-02 20:19:32.584576  1686  1686 V SettingsProvider: Notifying for 0: content://settings/system/screen_brightness
--------- switch to main
11-02 20:19:32.585727  1686  1686 I SidekickService: loadBrightnessLocked()
11-02 20:19:32.586691  1686  1686 D SidekickService: screenBrightness  = 50
11-02 20:19:32.587396  1686  1686 D SidekickService: sendConfigValuesLocked(): alsThresholds = [40, 92, 95, 100, 125, 150, 175, 200, 225, 250, 300, 400, 500, 800, 1200], brightnessValuesBright = [50, 56, 60, 70, 80, 90, 100, 115, 120, 140, 160, 180, 200, 220, 240, 255], brightnessValuesDim= [50, 56, 60, 70, 80, 90, 100, 115, 120, 140, 160, 180, 200, 220, 240, 255]
11-02 20:19:32.597127  1686  1686 D SidekickService: setAlsMode(): mode = 2, brightenAlpha = 80, dimmingAlpha = 80
11-02 20:19:32.608295  1686  1686 D SidekickService: setTwmConfig():: msTiltToBright = 10000, tiltToBright = false
11-02 20:19:32.645947   512  7253 I sensors-hal: handle_indication_realtime:355,  SCHED_FIFO(10) for qmi_cbk
11-02 20:19:32.934337  1686  1697 D WificondControl: Scan result ready event
11-02 20:19:32.958333  1686  1800 D WificondScannerImpl: Filtering out 2 scan results.
11-02 20:19:33.570991   512  1749 I sensors-hal: batch:140, android.sensor.accelerometer/48, period=66667000, max_latency=100000000
11-02 20:19:33.573910   512  1749 I sensors-hal: batch:149, android.sensor.accelerometer/48, period=66667000, max_latency=100000000 request completed
11-02 20:19:33.574899  1686  1686 D DefaultUngazeDetector: Ungaze event occurred; emitting gesture event!
11-02 20:19:33.575034  1686  1686 D WristGestureCtrl: Gesture:GESTURE UNGAZE, timestamp(ms): 12251700, confidence: 0.0, latency(ms): 0, duration(ms): 1305
11-02 20:19:33.576589   512  1749 I sensors-hal: batch:140, android.sensor.accelerometer/48, period=19231000, max_latency=100000000
11-02 20:19:33.579049   512  1749 I sensors-hal: batch:149, android.sensor.accelerometer/48, period=19231000, max_latency=100000000 request completed
11-02 20:19:33.579741   512  1749 I sensors-hal: flush:169, android.sensor.accelerometer/48
--------- switch to system
11-02 20:19:33.580388  1686  1686 I WindowManager: sleepRelease() calling goToSleep(GO_TO_SLEEP_REASON_SLEEP_BUTTON)
--------- switch to main
11-02 20:19:33.583234   512  1749 I sensors-hal: flush:175, android.sensor.accelerometer/48 completed
--------- switch to system
11-02 20:19:33.584467  1686  1686 I PowerManagerService: Going to sleep due to sleep button (uid 1000)...
11-02 20:19:33.585933  1686  1686 W UsageStatsService: Event reported without a package name
11-02 20:19:33.585995  1686  1712 I DreamManagerService: Entering dreamland.
11-02 20:19:33.586740  1686  1712 I PowerManagerService: Dozing...
11-02 20:19:33.599655  1686  1708 I DreamController: Starting dream: name=ComponentInfo{com.google.android.wearable.ambient/com.google.android.wearable.ambient.AmbientDream}, isTest=false, canDoze=true, userId=0
11-02 20:19:33.625540  1686  1686 W ContextImpl: Calling a method in the system process without a qualified user: android.app.ContextImpl.bindService:1611 android.content.ContextWrapper.bindService:698 com.google.android.wearable.ambient.AmbientDream.onCreate:191 android.app.ActivityThread.handleCreateService:3533 android.app.ActivityThread.access$1300:200 
11-02 20:19:33.629656  1686  1686 W ContextImpl: Calling a method in the system process without a qualified user: android.app.ContextImpl.sendBroadcast:1005 android.content.ContextWrapper.sendBroadcast:444 com.google.android.wearable.ambient.AmbientDream.onCreate:241 android.app.ActivityThread.handleCreateService:3533 android.app.ActivityThread.access$1300:200 
11-02 20:19:33.630870  1686  1686 V DreamService[AmbientDream]: onBind() intent = Intent { act=android.service.dreams.DreamService flg=0x800000 cmp=com.google.android.wearable.ambient/.AmbientDream }
--------- switch to main
11-02 20:19:33.632578  1686  1686 I AmbientService: [ce6a28c] Ambient Created
--------- switch to system
11-02 20:19:33.633548  1686  1686 V DreamService[AmbientDream]: Calling onDreamingStarted()
--------- switch to main
11-02 20:19:33.633695  1686  1686 I AmbientService: [ce6a28c] doOnDreamingStarted
11-02 20:19:33.634202  1686  1686 D SidekickService: setShouldControlDisplay called: true
11-02 20:19:33.635330  1686  1686 I AmbientService: [ce6a28c] Selected running activity for ambient mode: AmbientActivity[component=ComponentInfo{com.google.android.wearable.app/com.google.android.clockwork.home2.activity.HomeActivity2}, callbacks=@210b385, running=true, ambientRequested=true, ambientEnabled=true, offloadEnabled=true]
11-02 20:19:33.636052  1686  1686 I AmbientService: [ce6a28c] Sidekick is ready to display, requesting doze.
11-02 20:19:33.636946  1686  1686 I AmbientService: [ce6a28c] No auto-resume Activity.
11-02 20:19:33.639011  1686  1686 W DefaultSettingsContentR: Value for ambient_low_bit_enabled not stored as number. Attempting parse as boolean.
11-02 20:19:33.643432  2520  2520 D HOME    : [HomeVisitsLogger]Logging streamlet event: enter_ambient_mode
11-02 20:19:33.643817  1686  1686 I AmbientService: [ce6a28c] Showing watch face in offload mode, canceling alarm.
11-02 20:19:33.643903  1686  1686 W AlarmManagerProxy: Removing unknown listener
11-02 20:19:33.644000  1686  1686 D WristGestureCtrl: Stopping detectors: GesturesEnabled-false gestureDetector-false ungazeEnabled-true ungaze-true
11-02 20:19:33.644044  1686  1686 D DefaultUngazeDetector: stopping
11-02 20:19:33.644111  2520  2520 D HOME    : [HotwordController]updateClient MODE_WATCH_FACE false true false true
11-02 20:19:33.644102  2520  6840 D HOME    : [HomeVisitsLogger]Logging streamlet event: visit_end
11-02 20:19:33.645218  2520  2520 D HOME    : [WatchFaceUiController]setInAmbientMode true
11-02 20:19:33.645687   512  1749 I sensors-hal: batch:140, android.sensor.accelerometer/48, period=66667000, max_latency=100000000
11-02 20:19:33.646125  2520  6840 I SidekickManager: replaceWatchFaceComponentsImpl(): watchFace = com.google.android.clockwork.decomposablewatchface.WatchFaceDecomposition@125156
11-02 20:19:33.648568  1686  2583 D SidekickService: sendWatchFaceComponents called: watchFace = com.google.android.clockwork.decomposablewatchface.WatchFaceDecomposition@eb6ce8shouldReplace = false
11-02 20:19:33.648893  2520  2520 D HOME    : [StreamDBQueue]Promised revision #1419 to queue a new op
11-02 20:19:33.649304  2520  2520 D WatchStreamManager: Promised rank-blocked=false @ r#1419
11-02 20:19:33.649856  2520  2520 D HOME    : [StreamDBQueue]Promised revision #1420 to queue a new op
11-02 20:19:33.650094  2520  2520 D WatchStreamManager: Promised rank-blocked=false @ r#1420
11-02 20:19:33.652469   512  1749 I sensors-hal: batch:149, android.sensor.accelerometer/48, period=66667000, max_latency=100000000 request completed
11-02 20:19:33.653525  1686  2583 D SidekickService: Check decomposition for calling app com.google.android.wearable.app with uid 10049
11-02 20:19:33.654107  1686  2583 D SidekickService: sendWatchFaceLocked(): shouldReplace = false, mSidekickIsControlling = false, 1 images, 0 fonts, 0 numbers, 0 proportionalFonts, 0 strings
11-02 20:19:33.654201  1686  2583 D SidekickService: ISidekickGraphics#beginResources()...
11-02 20:19:33.654394  2520  2520 D HOME    : [EventBus]Wrapper pool is full. Discarding excess wrapper instance for event com.google.android.clockwork.sysui.events.KeyguardStateEvent
11-02 20:19:33.654526  2520  2520 D HOME    : [WatchFaceUiController]sendStateToWallpaper
11-02 20:19:33.654627  2520  6572 D HOME    : [StreamDBQueue]Promised revision #1421 to queue a new op
11-02 20:19:33.654801  2520  6572 D WatchStreamManager: Promised rerank @ r#1421
11-02 20:19:33.655278  2520  6932 D HOME    : [WatchStreamDB]Item alerting conditions - isInterruptive: true, recentlyInterrupted: false, isItemPinned: true, isUnread: false
11-02 20:19:33.655391  1686  2583 D SidekickServiceUtils: bitmapFromDrawable: Returning bitmap directly
11-02 20:19:33.655689  2520  6932 D HOME    : [StreamAlertingRegulator]isTheaterModeEnabled: false, isAlertingAllowedByOffBody: true, matchesLocalInterruptionFilter: true
11-02 20:19:33.656089  2520  6932 D HOME    : [WatchStreamDB]couldItemAlert: false, isTopItemChanged: false, isDeferralForTopItem: false
11-02 20:19:33.656540  2520  2520 D HOME    : [EventBus]Wrapper pool is full. Discarding excess wrapper instance for event com.google.android.clockwork.sysui.events.KeyguardStateEvent
11-02 20:19:33.656784  2520  2520 D HOME    : [EventBus]Wrapper pool is full. Discarding excess wrapper instance for event com.google.android.clockwork.sysui.events.KeyguardStateEvent
11-02 20:19:33.656873  1686  2583 D SidekickService: sendBitmapsLocked(): bounds = RectF(0.0, 0.0, 0.0024038462, 0.0024038462), drawableInfo = {.id = 100000, .width = 1, .height = 1, .display = true, .offsetX = 0.0, .offsetY = 0.0, .rotationInfo = {.hasRotation = false, .pivotX = 0.0, .pivotY = 0.0, .degreesPerDay = 0.0, .degreesPerStep = 0.0, .zeroDegreesTime = {.daysSinceLocalEpoch = 0, .msSinceMidnight = 0}}, .transformInfo = {.transformed = false, .flipX = false, .flipY = false, .flip45 = false, .scaleX = 0.0, .scaleY = 0.0}, .type = GENERIC, .blink = {.blinking = false, .periodOnMs = 0.0, .periodOffMs = 0.0, .startTime = {.daysSinceLocalEpoch = 0, .msSinceMidnight = 0}}, .zOrder = 8, .displayInTwm = true}, image.size() = 84
11-02 20:19:33.657731   416  2389 D SKGHAL  : saveResource: resId = 100000
11-02 20:19:33.658209  1686  2583 D SidekickService: sendBitmapsLocked(): status = 0, bytesUsed = 18
11-02 20:19:33.658814  1686  2583 D SidekickService: ISidekickGraphics#endResources()...
11-02 20:19:33.661018  2520  6932 D HOME    : [WatchStreamDB]Item alerting conditions - isInterruptive: true, recentlyInterrupted: false, isItemPinned: true, isUnread: false
11-02 20:19:33.661478  2520  6932 D HOME    : [StreamAlertingRegulator]isTheaterModeEnabled: false, isAlertingAllowedByOffBody: true, matchesLocalInterruptionFilter: true
11-02 20:19:33.661751  2520  6932 D HOME    : [WatchStreamDB]couldItemAlert: false, isTopItemChanged: false, isDeferralForTopItem: false
11-02 20:19:33.662327  2520  6932 D HOME    : [WatchStreamDB]updateRanking()
11-02 20:19:33.663869  2520  2520 W StaticLayout: maxLineHeight should not be -1.  maxLines:1 lineCount:1
11-02 20:19:33.669476  2520  6932 D HOME    : [WatchStreamDB]Item alerting conditions - isInterruptive: true, recentlyInterrupted: false, isItemPinned: true, isUnread: false
11-02 20:19:33.675331  2520  6932 D HOME    : [StreamAlertingRegulator]isTheaterModeEnabled: false, isAlertingAllowedByOffBody: true, matchesLocalInterruptionFilter: true
11-02 20:19:33.675836  2520  6932 D HOME    : [WatchStreamDB]couldItemAlert: false, isTopItemChanged: false, isDeferralForTopItem: false
11-02 20:19:33.679838  2520  6932 D HOME    : [NewStreamAdapter]Publishing revision #1421 to adapter clients
11-02 20:19:33.680391  2520  6572 D HOME    : [StreamDBQueue]Promised revision #1422 to queue a new op
11-02 20:19:33.681901  2520  6572 D WatchStreamManager: Promised rerank @ r#1422
11-02 20:19:33.682130  2520  6932 D HOME    : [WatchStreamDB]updateRanking()
11-02 20:19:33.682881  2520  6932 D HOME    : [WatchStreamDB]Item alerting conditions - isInterruptive: true, recentlyInterrupted: false, isItemPinned: true, isUnread: false
11-02 20:19:33.683328  2520  6932 D HOME    : [StreamAlertingRegulator]isTheaterModeEnabled: false, isAlertingAllowedByOffBody: true, matchesLocalInterruptionFilter: true
11-02 20:19:33.683607  2520  6932 D HOME    : [WatchStreamDB]couldItemAlert: false, isTopItemChanged: false, isDeferralForTopItem: false
11-02 20:19:33.684259   545  1716 W SurfaceFlinger: Attempting to destroy on removed layer: 8c6a62b OobeOverlayHint#0
11-02 20:19:33.684341  2520  6932 D HOME    : [NewStreamAdapter]Publishing revision #1422 to adapter clients
11-02 20:19:33.968966   416  2389 D SKGHAL  : sendResources: metadata size = 2400, font size = 72
11-02 20:19:34.040193   416  2389 D SKGHAL  : endResources: rc = 0
--------- switch to system
11-02 20:19:34.041751  1686  1686 W Looper  : Slow dispatch took 383ms main h=android.os.Handler c=com.google.android.wearable.ambient.AmbientDream$Callbacks$1@ebf51a6 m=0
--------- switch to main
11-02 20:19:34.042418  2520  2520 D HOME    : [SidekickManagerAsync]replaceWatchFaceComponents(): Callback#onResult(): 0
11-02 20:19:34.042758  2520  2520 D HOME    : [WatchFaceUiController]Complication updates sent, posting watch face hiding
11-02 20:19:34.042920  2520  2520 D HOME    : [WatchFaceUiController]Still in ambient watch face, hiding
11-02 20:19:34.042996  2520  2520 D HOME    : [WatchFaceUiController]Hiding watch face wallpaper.
--------- switch to system
11-02 20:19:34.044671  1686  1686 W Looper  : Slow delivery took 367ms main h=com.android.server.notification.NotificationManagerService$WorkerHandler c=com.android.server.notification.NotificationManagerService$14@e7e6f94 m=0
--------- switch to kernel
11-02 20:19:34.031944     0     0 E FG      : fg_psy_get_property: unsupported property 7
11-02 20:19:34.049202     0     0 W healthd : battery l=64 v=4002 t=33.0 h=2 st=3 c=4 fc=443000 cc=0 chg=
--------- switch to system
11-02 20:19:34.095556  1686  1686 W Looper  : Drained
--------- switch to main
11-02 20:19:34.097812  2520  2520 D HOME    : [StreamBackendInit]NotificationService onNotificationRemoved StatusBarNotification(pkg=android user=UserHandle{0} id=0 tag=com.android.server.wm.AlertWindowNotification - com.google.android.wearable.app key=0|android|0|com.android.server.wm.AlertWindowNotification - com.google.android.wearable.app|1000: Notification(channel=com.android.server.wm.AlertWindowNotification - com.google.android.wearable.app pri=0 contentView=null vibrate=null sound=null defaults=0x0 flags=0x102 color=0xff607d8b vis=PRIVATE))
11-02 20:19:34.098408  2520  2716 D CollectorHandler: handleMessage, event: ON_NOTIFICATION_REMOVED
11-02 20:19:34.098950  2520  2716 D HOME    : [StreamDBQueue]Promised revision #1423 to queue a new op
