11-03 09:44:43.584572  2520 11078 D HOME    : [StreamDBQueue]Promised revision #3614 to queue a new op
11-03 09:44:43.584606  2520 10603 D HOME    : [WatchStreamDB]Item alerting conditions - isInterruptive: false, recentlyInterrupted: false, isItemPinned: false, isUnread: false
11-03 09:44:43.584699  2520 11078 D WatchStreamManager: Promised rerank @ r#3614
11-03 09:44:43.584890  2520 10603 D HOME    : [StreamAlertingRegulator]isTheaterModeEnabled: false, isAlertingAllowedByOffBody: true, matchesLocalInterruptionFilter: true
11-03 09:44:43.585109  2520 10603 D HOME    : [WatchStreamDB]couldItemAlert: false, isTopItemChanged: false, isDeferralForTopItem: false
11-03 09:44:43.585574  2520 10603 D HOME    : [WatchStreamDB]updateRanking()
11-03 09:44:43.586032  2520 10603 D HOME    : [WatchStreamDB]Item alerting conditions - isInterruptive: false, recentlyInterrupted: false, isItemPinned: false, isUnread: false
11-03 09:44:43.586295  2520 10603 D HOME    : [StreamAlertingRegulator]isTheaterModeEnabled: false, isAlertingAllowedByOffBody: true, matchesLocalInterruptionFilter: true
11-03 09:44:43.586499  2520 10603 D HOME    : [WatchStreamDB]couldItemAlert: false, isTopItemChanged: false, isDeferralForTopItem: false
11-03 09:44:43.587046  2520 10603 D HOME    : [NewStreamAdapter]Publishing revision #3614 to adapter clients
--------- switch to kernel
11-03 09:44:43.605569     0     0 I PM      : suspend entry 2021-11-03 08:44:43.605569044 UTC
11-03 09:44:43.605580     0     0 I PM      : Syncing filesystems ...
11-03 09:44:43.607366     0     0 I CPU3    : update max cpu_capacity 1024
11-03 09:44:43.639515     0     0 I CPU2    : shutdown
11-03 09:44:43.641288     0     0 I init    : Command 'write /sys/devices/system/cpu/cpu2/online 0' action=ro.enable_core_ctl=true && sys.cw_corectl_mode=idle (/vendor/etc/init/hw/init.qcom.rc:951) took 89ms and succeeded
11-03 09:44:43.644944     0     0 I         : done.
11-03 09:44:43.711210     0     0 W         : IRQ21 no longer affine to CPU3
11-03 09:44:43.713007     0     0 I CPU3    : shutdown
11-03 09:44:43.715972     0     0 I         : Freezing user space processes ...
11-03 09:44:43.723550     0     0 I CPU0    : update max cpu_capacity 748
11-03 09:44:43.724427     0     0 I PM      : Wakeup pending, aborting suspend
11-03 09:44:43.724523     0     0 I         : active wakeup source: NETLINK
11-03 09:44:43.724612     0     0 E         : Freezing of tasks aborted after 0.008 seconds
11-03 09:44:43.724636     0     0 I         : Restarting tasks ...
11-03 09:44:43.726063     0     0 W QSEECOM : qseecom_receive_req: Interrupted: exiting Listener Service = 12288
11-03 09:44:43.726158     0     0 W QSEECOM : qseecom_receive_req: Interrupted: exiting Listener Service = 11
11-03 09:44:43.726211     0     0 W QSEECOM : qseecom_receive_req: Interrupted: exiting Listener Service = 28672
11-03 09:44:43.731541     0     0 W QSEECOM : qseecom_receive_req: Interrupted: exiting Listener Service = 10
11-03 09:44:43.731833     0     0 W QSEECOM : qseecom_receive_req: Interrupted: exiting Listener Service = 8192
11-03 09:44:43.733076     0     0 I         : done.
11-03 09:44:43.734174     0     0 I PM      : suspend exit 2021-11-03 08:44:43.734174305 UTC
11-03 09:44:43.734272     0     0 I init    : Command 'write /sys/devices/system/cpu/cpu3/online 0' action=ro.enable_core_ctl=true && sys.cw_corectl_mode=idle (/vendor/etc/init/hw/init.qcom.rc:952) took 92ms and succeeded
11-03 09:44:43.938260     0     0 I PM      : suspend entry 2021-11-03 08:44:43.938260711 UTC
11-03 09:44:43.938280     0     0 I PM      : Syncing filesystems ... done.
--------- switch to system
11-03 09:44:50.348059  1686  1686 I PowerManagerService: Waking up from dozing (uid=1000 reason=tiltToWake)...
--------- switch to kernel
11-03 09:44:43.967560     0     0 I         : Freezing user space processes ... (elapsed 0.011 seconds) done.
11-03 09:44:43.978853     0     0 I         : Freezing remaining freezable tasks ... (elapsed 0.006 seconds) done.
11-03 09:44:43.984951     0     0 I         : Suspending console(s) (use no_console_suspend to debug)
11-03 09:44:44.000426     0     0 I mdss_dsi_panel_set_idle_mode: Idle (1->1)
11-03 09:44:44.042571     0     0 I bgcom   : bgcom_pm_suspend: suspended with : 0
11-03 09:44:44.075417     0     0 I PM      : suspend of devices complete after 86.316 msecs
11-03 09:44:44.082105     0     0 I PM      : late suspend of devices complete after 6.644 msecs
11-03 09:44:44.088288     0     0 I PM      : noirq suspend of devices complete after 6.144 msecs
11-03 09:44:44.088303     0     0 I         : Disabling non-boot CPUs ...
11-03 09:44:44.108657     0     0 W         : IRQ16 no longer affine to CPU1
11-03 09:44:44.108960     0     0 W         : IRQ93 no longer affine to CPU1
11-03 09:44:44.110714     0     0 I CPU1    : shutdown
11-03 09:44:44.113145     0     0 I suspend ns: 3240272478112	suspend cycles:    1162971794091
11-03 09:44:44.113121     0     0 I CPU0    : msm_cpu_pm_enter_sleep mode:3 during suspend
11-03 09:44:44.113819     0     0 I         : Enabling non-boot CPUs ...
11-03 09:44:44.114683     0     0 I CPU1    : update cpu_capacity 1024
11-03 09:44:44.116441     0     0 I         : CPU1 is up
11-03 09:44:44.117161     0     0 I CPU1    : update max cpu_capacity 748
11-03 09:44:44.120590     0     0 I PM      : noirq resume of devices complete after 3.753 msecs
11-03 09:44:44.126115     0     0 I PM      : early resume of devices complete after 4.008 msecs
11-03 09:44:44.159561     0     0 I bgcom   : bgcom_pm_resume: Bgcom resumed with : 0
11-03 09:44:44.170098     0     0 I mdss_dsi_panel_set_idle_mode: Idle (1->1)
11-03 09:44:44.212548     0     0 I PM      : resume of devices complete after 86.390 msecs
11-03 09:44:44.217498     0     0 I         : Restarting tasks ...
11-03 09:44:44.220376     0     0 W QSEECOM : qseecom_receive_req: Interrupted: exiting Listener Service = 10
11-03 09:44:44.229400     0     0 W QSEECOM : qseecom_receive_req: Interrupted: exiting Listener Service = 8192
11-03 09:44:44.229505     0     0 W QSEECOM : qseecom_receive_req: Interrupted: exiting Listener Service = 12288
11-03 09:44:44.229557     0     0 W QSEECOM : qseecom_receive_req: Interrupted: exiting Listener Service = 11
11-03 09:44:44.229603     0     0 W QSEECOM : qseecom_receive_req: Interrupted: exiting Listener Service = 28672
11-03 09:44:44.232168     0     0 I         : done.
11-03 09:44:50.357384     0     0 I PM      : suspend exit 2021-11-03 08:44:50.357384666 UTC
11-03 09:44:50.377643     0     0 E FG      : fg_psy_get_property: unsupported property 7
--------- switch to system
11-03 09:44:50.364166  1686  1686 W UsageStatsService: Event reported without a package name
--------- switch to kernel
11-03 09:44:50.276374     0     0 W healthd : battery l=20 v=3753 t=29.0 h=2 st=3 c=6 fc=443000 cc=0 chg=
--------- switch to main
11-03 09:44:50.396798   512  1749 I sensors-hal: batch:140, android.sensor.light/46, period=100000000, max_latency=0
11-03 09:44:50.396946   512  1749 I sensors-hal: batch:149, android.sensor.light/46, period=100000000, max_latency=0 request completed
11-03 09:44:50.397853   512  1749 I sensors-hal: activate:107, android.sensor.light/46 en=1
11-03 09:44:50.398300   512  1749 I sensors-hal: ssc_enable_rt_task:254, ssc_enable_rt_task : true
11-03 09:44:50.401863   512  1749 I sensors-hal: activate:118, android.sensor.light/46 en=1 completed
11-03 09:44:50.404897  1686  1823 I SidekickService: endDisplayLocked()
--------- switch to system
11-03 09:44:50.405884  1686  1710 I DisplayManagerService: Display device changed state: "Écran intégré", ON
--------- switch to main
11-03 09:44:50.409614   416  2389 D SKGHAL  : sendAmbientEvent: enter: enable = 0
11-03 09:44:50.430289  4243  4243 D OMService: onDisplayChanged: not dozing
11-03 09:44:50.447039   512  1749 I sensors-hal: batch:140, android.sensor.accelerometer/48, period=66667000, max_latency=100000000
11-03 09:44:50.447199   512  1749 I sensors-hal: batch:149, android.sensor.accelerometer/48, period=66667000, max_latency=100000000 request completed
11-03 09:44:50.447733   512  1749 I sensors-hal: activate:107, android.sensor.accelerometer/48 en=1
11-03 09:44:50.448405   512  1749 I sensors-hal: ssc_enable_rt_task:254, ssc_enable_rt_task : true
11-03 09:44:50.450033  1686  1759 I InputReader: Reconfiguring input devices.  changes=0x00000004
11-03 09:44:50.452910   512  1749 I sensors-hal: activate:118, android.sensor.accelerometer/48 en=1 completed
11-03 09:44:50.461460  1686  1799 E WifiStateMachine: getWifiLinkLayerStats called without an interface
11-03 09:44:50.468342  1956  1956 D QtiCarrierConfigHelper: WARNING, no carrier configs on phone Id: 0
11-03 09:44:50.470744  2520  2520 D HOME    : [BatteryChange]action: android.intent.action.BATTERY_CHANGED
11-03 09:44:50.472579  2520 11078 D HOME    : [BatteryChange]HandleBatteryChangedTask
11-03 09:44:50.473341  2520 11078 D HOME    : [BatteryChange]level: 20, status: 3
--------- switch to system
11-03 09:44:50.502323  1686  1702 W BroadcastQueue: Background execution not allowed: receiving Intent { act=android.intent.action.USER_PRESENT flg=0x10 } to com.google.android.gms/.auth.setup.devicesignals.LockScreenReceiver
--------- switch to main
11-03 09:44:50.502441  3205  3434 W WorkController: Loading failed for worker [trainingcache]: worker not found
11-03 09:44:50.505211  3205  3372 W A       : TrainingCache cache DEVICE_UNLOCKED failure
11-03 09:44:50.505211  3205  3372 W A       : com.google.android.apps.gsa.search.core.service.h.a.a: No worker found for Worker ID [trainingcache].
11-03 09:44:50.505211  3205  3372 W A       : 	at com.google.android.apps.gsa.search.core.service.g.a.c.a(Unknown Source:5)
11-03 09:44:50.505211  3205  3372 W A       : 	at com.google.android.libraries.gsa.c.a.d.a(Unknown Source:3)
11-03 09:44:50.505211  3205  3372 W A       : 	at com.google.common.p.a.cg.c(Unknown Source:2)
11-03 09:44:50.505211  3205  3372 W A       : 	at com.google.common.p.a.bk.run(SourceFile:3)
11-03 09:44:50.505211  3205  3372 W A       : 	at com.google.common.p.a.ci.run(Unknown Source:4)
11-03 09:44:50.505211  3205  3372 W A       : 	at com.google.apps.tiktok.concurrent.ab.run(SourceFile:1)
11-03 09:44:50.505211  3205  3372 W A       : 	at java.util.concurrent.ThreadPoolExecutor.runWorker(ThreadPoolExecutor.java:1167)
11-03 09:44:50.505211  3205  3372 W A       : 	at java.util.concurrent.ThreadPoolExecutor$Worker.run(ThreadPoolExecutor.java:641)
11-03 09:44:50.505211  3205  3372 W A       : 	at com.google.apps.tiktok.concurrent.c.run(Unknown Source:4)
11-03 09:44:50.505211  3205  3372 W A       : 	at java.lang.Thread.run(Thread.java:764)
--------- switch to system
11-03 09:44:50.507264  1686  1702 W BroadcastQueue: Background execution not allowed: receiving Intent { act=android.intent.action.USER_PRESENT flg=0x10 } to com.google.android.gms/.chimera.GmsIntentOperationService$PersistentTrustedReceiver
--------- switch to main
11-03 09:44:50.509972   512 11524 I sensors-hal: handle_indication_realtime:355,  SCHED_FIFO(10) for qmi_cbk
--------- switch to kernel
11-03 09:44:50.426530     0     0 I init    : processing action (ro.enable_core_ctl=true && sys.cw_corectl_mode=perf) from (/vendor/etc/init/hw/init.qcom.rc:954)
11-03 09:44:50.429967     0     0 I CPU2    : update cpu_capacity 1024
--------- switch to main
11-03 09:44:50.519692  1686  1686 I WearPower: [WearTouchMediator] changing touch input to enabled (ON_AUTO)
11-03 09:44:50.521391  1686  1759 I InputReader: Reconfiguring input devices.  changes=0x00000200
11-03 09:44:50.548207  1686  1686 D WristGestureCtrl: Starting: GesturesEnabled-false UngazeEnabled-true
11-03 09:44:50.548345  1686  1686 D DefaultUngazeDetector: starting
11-03 09:44:50.548426  1686  1686 D DefaultUngazeDetector: startUngazeStateEstimation(). startTime = 60569978
11-03 09:44:50.548586  1686  1686 W AlarmManagerProxy: Removing unknown listener
11-03 09:44:50.550261  1686  1686 W DefaultSettingsContentR: Value for ambient_low_bit_enabled not stored as number. Attempting parse as boolean.
11-03 09:44:50.556574   512  1749 I sensors-hal: batch:140, android.sensor.accelerometer/48, period=19231000, max_latency=100000000
11-03 09:44:50.557868   512 11528 I sensors-hal: handle_indication_realtime:355,  SCHED_FIFO(10) for qmi_cbk
11-03 09:44:50.560536   512  1749 I sensors-hal: batch:149, android.sensor.accelerometer/48, period=19231000, max_latency=100000000 request completed
11-03 09:44:50.560968   512  1749 I sensors-hal: flush:169, android.sensor.accelerometer/48
11-03 09:44:50.562971   512  1749 I sensors-hal: flush:175, android.sensor.accelerometer/48 completed
11-03 09:44:50.574312  3205  3434 W WorkController: Loading failed for worker [trainingcache]: worker not found
11-03 09:44:50.575404  3205  3294 W A       : TrainingCache cache SCREEN_ON failure
11-03 09:44:50.575404  3205  3294 W A       : com.google.android.apps.gsa.search.core.service.h.a.a: No worker found for Worker ID [trainingcache].
11-03 09:44:50.575404  3205  3294 W A       : 	at com.google.android.apps.gsa.search.core.service.g.a.c.a(Unknown Source:5)
11-03 09:44:50.575404  3205  3294 W A       : 	at com.google.android.libraries.gsa.c.a.d.a(Unknown Source:3)
11-03 09:44:50.575404  3205  3294 W A       : 	at com.google.common.p.a.cg.c(Unknown Source:2)
11-03 09:44:50.575404  3205  3294 W A       : 	at com.google.common.p.a.bk.run(SourceFile:3)
11-03 09:44:50.575404  3205  3294 W A       : 	at com.google.common.p.a.ci.run(Unknown Source:4)
11-03 09:44:50.575404  3205  3294 W A       : 	at com.google.apps.tiktok.concurrent.ab.run(SourceFile:1)
11-03 09:44:50.575404  3205  3294 W A       : 	at java.util.concurrent.ThreadPoolExecutor.runWorker(ThreadPoolExecutor.java:1167)
11-03 09:44:50.575404  3205  3294 W A       : 	at java.util.concurrent.ThreadPoolExecutor$Worker.run(ThreadPoolExecutor.java:641)
11-03 09:44:50.575404  3205  3294 W A       : 	at com.google.apps.tiktok.concurrent.c.run(Unknown Source:4)
11-03 09:44:50.575404  3205  3294 W A       : 	at java.lang.Thread.run(Thread.java:764)
--------- switch to kernel
11-03 09:44:50.459589     0     0 I CPU0    : update max cpu_capacity 748
11-03 09:44:50.462850     0     0 I CPU2    : update max cpu_capacity 1024
11-03 09:44:50.464564     0     0 I CPU3    : update cpu_capacity 1024
--------- switch to main
11-03 09:44:50.597420  2520  2520 D HOME    : [StreamDBQueue]Promised revision #3615 to queue a new op
11-03 09:44:50.597757  2520  2520 D WatchStreamManager: Promised rank-blocked=true @ r#3615
11-03 09:44:50.599084  2520 11078 D HOME    : [WatchStreamDB]Item alerting conditions - isInterruptive: false, recentlyInterrupted: false, isItemPinned: false, isUnread: false
11-03 09:44:50.599500  2520 11078 D HOME    : [StreamAlertingRegulator]isTheaterModeEnabled: false, isAlertingAllowedByOffBody: true, matchesLocalInterruptionFilter: true
11-03 09:44:50.599844  2520 11078 D HOME    : [WatchStreamDB]couldItemAlert: false, isTopItemChanged: false, isDeferralForTopItem: false
--------- switch to kernel
11-03 09:44:50.498279     0     0 I CPU0    : update max cpu_capacity 748
11-03 09:44:50.508529     0     0 I CPU3    : update max cpu_capacity 1024
11-03 09:44:50.734509     0     0 E bgrsb   : bgrsb_enable: rsb will set report rate
11-03 09:44:50.753074     0     0 E bgrsb   : bgrsb_enable: gpio 32 is valid
--------- switch to main
11-03 09:44:50.895571   504   523 I SDM     : DisplayBase::SetDisplayState: Set state = 3, display 0
11-03 09:44:50.896050   504   523 D SDM     : HWCDisplayPrimary::SetStandByMode: Display is connected successfully
11-03 09:44:50.896678   416  2389 D SKGHAL  : standBy_update_control call succeed on 0
11-03 09:44:50.896797   416  2389 D SKGHAL  : sendAmbientEvent: done: enable = 0
11-03 09:44:50.897584  1686  1823 D SidekickService:    ... endDisplay returns void
11-03 09:44:50.899126   545   545 D SurfaceFlinger: Set power mode=2, type=0 flinger=0xb6bb6000
11-03 09:44:50.899931   504   764 I SDM     : DisplayBase::SetDisplayState: Set state = 1, display 0
--------- switch to kernel
11-03 09:44:50.792318     0     0 I         : [touch]FB_BLANK_VSYNC_SUSPEND
11-03 09:44:50.792327     0     0 I         : [touch]Already in suspend state
--------- switch to main
11-03 09:44:50.912127   545   545 D SurfaceFlinger: Finished set power mode=2, type=0
--------- switch to kernel
11-03 09:44:50.804153     0     0 I mdss_dsi_panel_set_idle_mode: Idle (1->0)
11-03 09:44:50.805307     0     0 E mdp3_enable_panic_ctrl: mdp3_enable_panic_ctrl: Enable Panic Control
11-03 09:44:50.805428     0     0 I         : [touch]FB_BLANK_UNBLANK
11-03 09:44:50.805436     0     0 I         : [touch]raydium_ts_do_resume, 1.
11-03 09:44:50.806322     0     0 I         : [ raydium ]workqueue is empty!
11-03 09:44:50.806346     0     0 I raydium_ts 5-0039: [touch]Already enable irq
11-03 09:44:50.806350     0     0 I         : [touch]Device may wakeup
--------- switch to system
11-03 09:44:50.916405  1686  1712 W PowerManagerService: Screen on took 698 ms
11-03 09:44:50.917042  1686  1712 I DreamManagerService: Gently waking up from dream.
11-03 09:44:50.917753  1686  1708 I DreamManagerService: Performing gentle wake from dream.
11-03 09:44:50.918407  1686  1686 V DreamService[AmbientDream]: wakeUp(): fromSystem=true, mWaking=false, mFinished=false
11-03 09:44:50.918632  1686  1686 V DreamService[AmbientDream]: finish(): mFinished=false
11-03 09:44:50.918768  1686  1686 I DreamManagerService: Leaving dreamland.
11-03 09:44:50.919613  1686  1708 I DreamManagerService: Performing gentle wake from dream.
11-03 09:44:50.919939  1686  1708 I DreamController: Stopping dream: name=ComponentInfo{com.google.android.wearable.ambient/com.google.android.wearable.ambient.AmbientDream}, isTest=false, canDoze=true, userId=0
11-03 09:44:50.922925  1686  1686 V DreamService[AmbientDream]: detach(): Calling onDreamingStopped()
--------- switch to main
11-03 09:44:50.923188  1686  1686 I AmbientService: [ce6a28c] doOnDreamingStopped
11-03 09:44:50.923296  1686  1686 W AlarmManagerProxy: Removing unknown listener
11-03 09:44:50.934294  1686  1686 I AmbientService: [ce6a28c] No auto-resume Activity.
11-03 09:44:50.935153  2520  2520 D HOME    : [HomeVisitsLogger]Logging streamlet event: visit_start
11-03 09:44:50.935532  2520  2520 D HOME    : [HomeVisitsLogger]Logging streamlet event: exit_ambient_mode
11-03 09:44:50.936141  2520  2520 D HOME    : [HotwordController]updateClient MODE_WATCH_FACE false false false true
11-03 09:44:50.936227  1686  1686 W AlarmManager: Unrecognized alarm listener com.android.server.job.controllers.-$$Lambda$IdleController$IdlenessTracker$nTdS-lGBXcES5VWKcJFmQFgU7IU@1ab437a
11-03 09:44:50.937459  2520  2520 D HOME    : [WatchFaceUiController]setInAmbientMode false
11-03 09:44:50.937640  2520  2520 D HOME    : [WatchFaceUiController]sendWatchFaceServiceBinder
--------- switch to system
11-03 09:44:50.938243  1686  1686 W ContextImpl: Calling a method in the system process without a qualified user: android.app.ContextImpl.sendBroadcast:1020 android.content.ContextWrapper.sendBroadcast:449 com.google.android.wearable.ambient.AmbientDream.onDestroy:273 android.app.ActivityThread.handleStopService:3698 android.app.ActivityThread.access$1700:200 
--------- switch to main
11-03 09:44:50.938815  1686  1686 E AlarmManager: cancel() called with a null PendingIntent
--------- switch to system
11-03 09:44:50.939103  1686  1686 V DreamService[AmbientDream]: onDestroy()
--------- switch to main
11-03 09:44:50.943757  2520  2520 D HOME    : [WatchFaceUiController]sendStateToWallpaper
11-03 09:44:50.947550  2520  2520 D HOME    : [WatchFaceUiController]Showing watch face wallpaper.
11-03 09:44:50.947811  2520  2520 D HOME    : [WatchFaceUiController]sendStateToWallpaper
11-03 09:44:50.950430  2520  2520 D HOME    : [StreamDBQueue]Promised revision #3616 to queue a new op
11-03 09:44:50.950694  2520  2520 D WatchStreamManager: Promised rank-blocked=true @ r#3616
11-03 09:44:50.951063  2520  2520 D HOME    : [StreamDBQueue]Promised revision #3617 to queue a new op
11-03 09:44:50.951127  2520 10603 D HOME    : [WatchStreamDB]Item alerting conditions - isInterruptive: false, recentlyInterrupted: false, isItemPinned: false, isUnread: false
11-03 09:44:50.951169  2520  2520 D WatchStreamManager: Promised rank-blocked=true @ r#3617
11-03 09:44:50.951398  2520 10603 D HOME    : [StreamAlertingRegulator]isTheaterModeEnabled: false, isAlertingAllowedByOffBody: true, matchesLocalInterruptionFilter: true
11-03 09:44:50.951605  2520 10603 D HOME    : [WatchStreamDB]couldItemAlert: false, isTopItemChanged: false, isDeferralForTopItem: false
11-03 09:44:50.951615  2520  2520 D HOME    : [TilesController]Tile refresh optimization is enabled.
11-03 09:44:50.952000  2520  2520 D HOME    : [EventBus]Wrapper pool is full. Discarding excess wrapper instance for event com.google.android.clockwork.sysui.events.KeyguardStateEvent
11-03 09:44:50.952105  2520  2520 D HOME    : [WatchFaceUiController]sendStateToWallpaper
11-03 09:44:50.952448  2520 10603 D HOME    : [WatchStreamDB]Item alerting conditions - isInterruptive: false, recentlyInterrupted: false, isItemPinned: false, isUnread: false
11-03 09:44:50.952768  2520 10603 D HOME    : [StreamAlertingRegulator]isTheaterModeEnabled: false, isAlertingAllowedByOffBody: true, matchesLocalInterruptionFilter: true
11-03 09:44:50.953007  2520 10603 D HOME    : [WatchStreamDB]couldItemAlert: false, isTopItemChanged: false, isDeferralForTopItem: false
11-03 09:44:50.953924  2520  2520 D HOME    : [EventBus]Wrapper pool is full. Discarding excess wrapper instance for event com.google.android.clockwork.sysui.events.KeyguardStateEvent
11-03 09:44:50.954166  2520  2520 D HOME    : [EventBus]Wrapper pool is full. Discarding excess wrapper instance for event com.google.android.clockwork.sysui.events.KeyguardStateEvent
11-03 09:44:50.959261  2520  2520 D HOME    : [WatchFaceUiController]sendStateToWallpaper
11-03 09:44:50.963159  2520  2520 W StaticLayout: maxLineHeight should not be -1.  maxLines:1 lineCount:1
11-03 09:44:50.982532   512  1749 I sensors-hal: activate:107, android.sensor.light/46 en=0
11-03 09:44:50.983425   512  1749 I sensors-hal: activate:118, android.sensor.light/46 en=0 completed
11-03 09:44:50.985077   512  1749 I sensors-hal: batch:140, android.sensor.light/46, period=250000000, max_latency=0
11-03 09:44:50.985127   512  1749 I sensors-hal: batch:149, android.sensor.light/46, period=250000000, max_latency=0 request completed
11-03 09:44:50.985372   512  1749 I sensors-hal: activate:107, android.sensor.light/46 en=1
11-03 09:44:50.985634   512  1749 I sensors-hal: ssc_enable_rt_task:254, ssc_enable_rt_task : true
11-03 09:44:50.987939   512  1749 I sensors-hal: activate:118, android.sensor.light/46 en=1 completed
--------- switch to system
11-03 09:44:50.995040  1686  1686 V SettingsProvider: Notifying for 0: content://settings/system/screen_brightness
--------- switch to main
11-03 09:44:50.997557  1686  1686 I SidekickService: loadBrightnessLocked()
11-03 09:44:50.998441  1686  1686 D SidekickService: screenBrightness  = 102
11-03 09:44:50.999094  1686  1686 D SidekickService: sendConfigValuesLocked(): alsThresholds = [40, 92, 95, 100, 125, 150, 175, 200, 225, 250, 300, 400, 500, 800, 1200], brightnessValuesBright = [50, 56, 60, 70, 80, 90, 100, 115, 120, 140, 160, 180, 200, 220, 240, 255], brightnessValuesDim= [50, 56, 60, 70, 80, 90, 100, 115, 120, 140, 160, 180, 200, 220, 240, 255]
11-03 09:44:51.019638  1686  1686 D SidekickService: setAlsMode(): mode = 2, brightenAlpha = 80, dimmingAlpha = 80
11-03 09:44:51.021653  2520  2520 D HOME    : [WatchFaceUiController]sendWatchFaceServiceBinder
11-03 09:44:51.027486  2520  2520 D HOME    : [WatchFaceUiController]sendProperties
11-03 09:44:51.029084  1686  1686 D SidekickService: setTwmConfig():: msTiltToBright = 10000, tiltToBright = false
11-03 09:44:51.030832  2520  2520 D HOME    : [WatchFaceUiController]sendStateToWallpaper
11-03 09:44:51.083848   512 11530 I sensors-hal: handle_indication_realtime:355,  SCHED_FIFO(10) for qmi_cbk
11-03 09:44:51.328389   512   512 I sensors-hal: batch:140, android.sensor.accelerometer/48, period=66667000, max_latency=100000000
11-03 09:44:51.332287   512   512 I sensors-hal: batch:149, android.sensor.accelerometer/48, period=66667000, max_latency=100000000 request completed
11-03 09:44:51.335801   512   512 I sensors-hal: batch:140, android.sensor.accelerometer/48, period=19231000, max_latency=100000000
11-03 09:44:51.337906   512   512 I sensors-hal: batch:149, android.sensor.accelerometer/48, period=19231000, max_latency=100000000 request completed
11-03 09:44:51.333971  1686  1686 D DefaultUngazeDetector: Ungaze event occurred; emitting gesture event!
11-03 09:44:51.338235  1686  1686 D WristGestureCtrl: Gesture:GESTURE UNGAZE, timestamp(ms): 60569978, confidence: 0.0, latency(ms): 0, duration(ms): 790
11-03 09:44:51.338417   512   512 I sensors-hal: flush:169, android.sensor.accelerometer/48
11-03 09:44:51.341869   512   512 I sensors-hal: flush:175, android.sensor.accelerometer/48 completed
--------- switch to system
11-03 09:44:51.343589  1686  1686 I WindowManager: sleepRelease() calling goToSleep(GO_TO_SLEEP_REASON_SLEEP_BUTTON)
11-03 09:44:51.343828  1686  1686 I PowerManagerService: Going to sleep due to sleep button (uid 1000)...
11-03 09:44:51.344848  1686  1712 I DreamManagerService: Entering dreamland.
11-03 09:44:51.345327  1686  1686 W UsageStatsService: Event reported without a package name
11-03 09:44:51.345474  1686  1712 I PowerManagerService: Dozing...
11-03 09:44:51.360581  1686  1708 I DreamController: Starting dream: name=ComponentInfo{com.google.android.wearable.ambient/com.google.android.wearable.ambient.AmbientDream}, isTest=false, canDoze=true, userId=0
11-03 09:44:51.374479  1686  1686 W ContextImpl: Calling a method in the system process without a qualified user: android.app.ContextImpl.bindService:1611 android.content.ContextWrapper.bindService:698 com.google.android.wearable.ambient.AmbientDream.onCreate:191 android.app.ActivityThread.handleCreateService:3533 android.app.ActivityThread.access$1300:200 
11-03 09:44:51.377046  1686  1686 W ContextImpl: Calling a method in the system process without a qualified user: android.app.ContextImpl.sendBroadcast:1005 android.content.ContextWrapper.sendBroadcast:444 com.google.android.wearable.ambient.AmbientDream.onCreate:241 android.app.ActivityThread.handleCreateService:3533 android.app.ActivityThread.access$1300:200 
11-03 09:44:51.377960  1686  1686 V DreamService[AmbientDream]: onBind() intent = Intent { act=android.service.dreams.DreamService flg=0x800000 cmp=com.google.android.wearable.ambient/.AmbientDream }
--------- switch to main
11-03 09:44:51.379733  1686  1686 I AmbientService: [ce6a28c] Ambient Created
--------- switch to system
11-03 09:44:51.381290  1686  1686 V DreamService[AmbientDream]: Calling onDreamingStarted()
--------- switch to main
11-03 09:44:51.381445  1686  1686 I AmbientService: [ce6a28c] doOnDreamingStarted
11-03 09:44:51.382099  1686  1686 D SidekickService: setShouldControlDisplay called: true
11-03 09:44:51.384363  1686  1686 I AmbientService: [ce6a28c] Selected running activity for ambient mode: AmbientActivity[component=ComponentInfo{com.google.android.wearable.app/com.google.android.clockwork.home2.activity.HomeActivity2}, callbacks=@210b385, running=true, ambientRequested=true, ambientEnabled=true, offloadEnabled=true]
11-03 09:44:51.385052  1686  1686 I AmbientService: [ce6a28c] Sidekick is ready to display, requesting doze.
11-03 09:44:51.385769  1686  1686 I AmbientService: [ce6a28c] No auto-resume Activity.
11-03 09:44:51.387721  1686  1686 W DefaultSettingsContentR: Value for ambient_low_bit_enabled not stored as number. Attempting parse as boolean.
11-03 09:44:51.389012  2520  2520 D HOME    : [HomeVisitsLogger]Logging streamlet event: enter_ambient_mode
11-03 09:44:51.389618  2520  2520 D HOME    : [HotwordController]updateClient MODE_WATCH_FACE false true false true
11-03 09:44:51.389720  2520 11078 D HOME    : [HomeVisitsLogger]Logging streamlet event: visit_end
11-03 09:44:51.390674  2520  2520 D HOME    : [WatchFaceUiController]setInAmbientMode true
11-03 09:44:51.391005  1686  1686 I AmbientService: [ce6a28c] Showing watch face in offload mode, canceling alarm.
11-03 09:44:51.391069  1686  1686 W AlarmManagerProxy: Removing unknown listener
11-03 09:44:51.391163  1686  1686 D WristGestureCtrl: Stopping detectors: GesturesEnabled-false gestureDetector-false ungazeEnabled-true ungaze-true
11-03 09:44:51.391200  1686  1686 D DefaultUngazeDetector: stopping
11-03 09:44:51.392087  2520 11078 I SidekickManager: replaceWatchFaceComponentsImpl(): watchFace = com.google.android.clockwork.decomposablewatchface.WatchFaceDecomposition@527f2b6
11-03 09:44:51.392338  2520  2520 D HOME    : [StreamDBQueue]Promised revision #3618 to queue a new op
11-03 09:44:51.392565  2520  2520 D WatchStreamManager: Promised rank-blocked=false @ r#3618
11-03 09:44:51.392997  1686  9965 D SidekickService: sendWatchFaceComponents called: watchFace = com.google.android.clockwork.decomposablewatchface.WatchFaceDecomposition@401f6c1shouldReplace = false
11-03 09:44:51.392991  2520  2520 D HOME    : [StreamDBQueue]Promised revision #3619 to queue a new op
11-03 09:44:51.393239  2520  2520 D WatchStreamManager: Promised rank-blocked=false @ r#3619
11-03 09:44:51.393239  1686  9965 D SidekickService: Check decomposition for calling app com.google.android.wearable.app with uid 10049
11-03 09:44:51.393644  1686  9965 D SidekickService: sendWatchFaceLocked(): shouldReplace = false, mSidekickIsControlling = false, 1 images, 0 fonts, 0 numbers, 0 proportionalFonts, 0 strings
11-03 09:44:51.393708  1686  9965 D SidekickService: ISidekickGraphics#beginResources()...
11-03 09:44:51.394009  2520  2520 D HOME    : [EventBus]Wrapper pool is full. Discarding excess wrapper instance for event com.google.android.clockwork.sysui.events.KeyguardStateEvent
11-03 09:44:51.394110  2520 10295 D HOME    : [StreamDBQueue]Promised revision #3620 to queue a new op
11-03 09:44:51.394163  2520  2520 D HOME    : [WatchFaceUiController]sendStateToWallpaper
11-03 09:44:51.394302  2520 10295 D WatchStreamManager: Promised rerank @ r#3620
11-03 09:44:51.394798  1686  9965 D SidekickServiceUtils: bitmapFromDrawable: Returning bitmap directly
11-03 09:44:51.395128  2520 11200 D HOME    : [WatchStreamDB]Item alerting conditions - isInterruptive: false, recentlyInterrupted: false, isItemPinned: false, isUnread: false
11-03 09:44:51.395565  2520 11200 D HOME    : [StreamAlertingRegulator]isTheaterModeEnabled: false, isAlertingAllowedByOffBody: true, matchesLocalInterruptionFilter: true
11-03 09:44:51.396129  2520  2520 D HOME    : [EventBus]Wrapper pool is full. Discarding excess wrapper instance for event com.google.android.clockwork.sysui.events.KeyguardStateEvent
11-03 09:44:51.396469  2520  2520 D HOME    : [EventBus]Wrapper pool is full. Discarding excess wrapper instance for event com.google.android.clockwork.sysui.events.KeyguardStateEvent
11-03 09:44:51.396861  2520 11200 D HOME    : [WatchStreamDB]couldItemAlert: false, isTopItemChanged: false, isDeferralForTopItem: false
11-03 09:44:51.397714  1686  9965 D SidekickService: sendBitmapsLocked(): bounds = RectF(0.0, 0.0, 0.0024038462, 0.0024038462), drawableInfo = {.id = 100000, .width = 1, .height = 1, .display = true, .offsetX = 0.0, .offsetY = 0.0, .rotationInfo = {.hasRotation = false, .pivotX = 0.0, .pivotY = 0.0, .degreesPerDay = 0.0, .degreesPerStep = 0.0, .zeroDegreesTime = {.daysSinceLocalEpoch = 0, .msSinceMidnight = 0}}, .transformInfo = {.transformed = false, .flipX = false, .flipY = false, .flip45 = false, .scaleX = 0.0, .scaleY = 0.0}, .type = GENERIC, .blink = {.blinking = false, .periodOnMs = 0.0, .periodOffMs = 0.0, .startTime = {.daysSinceLocalEpoch = 0, .msSinceMidnight = 0}}, .zOrder = 8, .displayInTwm = true}, image.size() = 84
11-03 09:44:51.397815  2520 11200 D HOME    : [WatchStreamDB]Item alerting conditions - isInterruptive: false, recentlyInterrupted: false, isItemPinned: false, isUnread: false
11-03 09:44:51.399683   416   416 D SKGHAL  : saveResource: resId = 100000
11-03 09:44:51.399917   512   512 I sensors-hal: batch:140, android.sensor.accelerometer/48, period=66667000, max_latency=100000000
11-03 09:44:51.403626  2520  2520 W StaticLayout: maxLineHeight should not be -1.  maxLines:1 lineCount:1
11-03 09:44:51.404759   512   512 I sensors-hal: batch:149, android.sensor.accelerometer/48, period=66667000, max_latency=100000000 request completed
11-03 09:44:51.404759  1686  9965 D SidekickService: sendBitmapsLocked(): status = 0, bytesUsed = 18
11-03 09:44:51.405040  1686  9965 D SidekickService: ISidekickGraphics#endResources()...
11-03 09:44:51.406413  2520 11200 D HOME    : [StreamAlertingRegulator]isTheaterModeEnabled: false, isAlertingAllowedByOffBody: true, matchesLocalInterruptionFilter: true
11-03 09:44:51.407694  2520 11200 D HOME    : [WatchStreamDB]couldItemAlert: false, isTopItemChanged: false, isDeferralForTopItem: false
11-03 09:44:51.408472  2520 11200 D HOME    : [WatchStreamDB]updateRanking()
11-03 09:44:51.409185  2520 11200 D HOME    : [WatchStreamDB]Item alerting conditions - isInterruptive: false, recentlyInterrupted: false, isItemPinned: false, isUnread: false
11-03 09:44:51.409546  2520 11200 D HOME    : [StreamAlertingRegulator]isTheaterModeEnabled: false, isAlertingAllowedByOffBody: true, matchesLocalInterruptionFilter: true
11-03 09:44:51.410040  2520 11200 D HOME    : [WatchStreamDB]couldItemAlert: false, isTopItemChanged: false, isDeferralForTopItem: false
11-03 09:44:51.410741  2520 11200 D HOME    : [NewStreamAdapter]Publishing revision #3620 to adapter clients
11-03 09:44:51.411222  2520 10295 D HOME    : [StreamDBQueue]Promised revision #3621 to queue a new op
11-03 09:44:51.411462  2520 10295 D WatchStreamManager: Promised rerank @ r#3621
11-03 09:44:51.412189  2520 11200 D HOME    : [WatchStreamDB]updateRanking()
11-03 09:44:51.412732  2520 11200 D HOME    : [WatchStreamDB]Item alerting conditions - isInterruptive: false, recentlyInterrupted: false, isItemPinned: false, isUnread: false
11-03 09:44:51.413121  2520 11200 D HOME    : [StreamAlertingRegulator]isTheaterModeEnabled: false, isAlertingAllowedByOffBody: true, matchesLocalInterruptionFilter: true
11-03 09:44:51.413409  2520 11200 D HOME    : [WatchStreamDB]couldItemAlert: false, isTopItemChanged: false, isDeferralForTopItem: false
11-03 09:44:51.414090  2520 11200 D HOME    : [NewStreamAdapter]Publishing revision #3621 to adapter clients
11-03 09:44:51.725123   416   416 D SKGHAL  : sendResources: metadata size = 2400, font size = 72
11-03 09:44:51.785067   416   416 D SKGHAL  : endResources: rc = 0
11-03 09:44:51.786255  1686  1686 W system_server: Long monitor contention with owner Binder:1686_1D (9965) at int com.google.android.clockwork.sidekick.SidekickService$BinderService.sendWatchFace(com.google.android.clockwork.decomposablewatchface.WatchFaceDecomposition, boolean)(SidekickService.java:1021) waiters=0 in boolean com.google.android.clockwork.sidekick.SidekickService$BinderService.readyToDisplay() for 387ms
11-03 09:44:51.787889  2520  2520 D HOME    : [SidekickManagerAsync]replaceWatchFaceComponents(): Callback#onResult(): 0
--------- switch to system
11-03 09:44:51.788076  1686  1686 W Looper  : Slow dispatch took 389ms main h=android.os.Handler c=com.google.android.wearable.ambient.AmbientDream$Callbacks$1@84b0e66 m=0
--------- switch to main
11-03 09:44:51.788302  2520  2520 D HOME    : [WatchFaceUiController]Complication updates sent, posting watch face hiding
11-03 09:44:51.788405  2520  2520 D HOME    : [WatchFaceUiController]Still in ambient watch face, hiding
11-03 09:44:51.788473  2520  2520 D HOME    : [WatchFaceUiController]Hiding watch face wallpaper.
--------- switch to kernel
11-03 09:44:51.699458     0     0 E FG      : fg_psy_get_property: unsupported property 7
11-03 09:44:51.702307     0     0 W healthd : battery l=20 v=3753 t=29.0 h=2 st=3 c=6 fc=443000 cc=0 chg=
--------- switch to main
11-03 09:44:51.816872  1956  1956 D QtiCarrierConfigHelper: WARNING, no carrier configs on phone Id: 0
11-03 09:44:51.817244  2520  2520 D HOME    : [BatteryChange]action: android.intent.action.BATTERY_CHANGED
11-03 09:44:51.818172  2520 11078 D HOME    : [BatteryChange]HandleBatteryChangedTask
11-03 09:44:51.818674  2520 11078 D HOME    : [BatteryChange]level: 20, status: 3
11-03 09:44:51.819276   512  1749 I sensors-hal: activate:107, android.sensor.light/46 en=0
11-03 09:44:51.820474   512  1749 I sensors-hal: activate:118, android.sensor.light/46 en=0 completed
11-03 09:44:51.823388   545   545 D SurfaceFlinger: Set power mode=3, type=0 flinger=0xb6bb6000
11-03 09:44:51.824005   504   764 I SDM     : DisplayBase::SetDisplayState: Set state = 3, display 0
--------- switch to system
11-03 09:44:51.838062  1686  1710 I DisplayManagerService: Display device changed state: "Écran intégré", DOZE_SUSPEND
--------- switch to main
11-03 09:44:51.854483   545   545 D SurfaceFlinger: Finished set power mode=3, type=0
11-03 09:44:51.855211  1686  1823 I SidekickService: beginDisplayLocked(): DOZE_SUSPEND
--------- switch to kernel
11-03 09:44:51.720464     0     0 I mdss_dsi_panel_set_idle_mode: Idle (0->1)
--------- switch to main
11-03 09:44:51.855796   416   416 D SKGHAL  : sendAmbientPrepare: enter:
11-03 09:44:51.870084  1686  1759 I InputReader: Reconfiguring input devices.  changes=0x00000004
--------- switch to kernel
11-03 09:44:51.748663     0     0 I         : [touch]FB_BLANK_VSYNC_SUSPEND
11-03 09:44:51.748672     0     0 I         : [touch]irq disable
11-03 09:44:51.748676     0     0 I         : [touch]workqueue is empty!
11-03 09:44:51.748681     0     0 I         : [touch]raydium_ts_do_suspend.
11-03 09:44:51.748691     0     0 I         : [touch]Device may wakeup
11-03 09:44:51.750618     0     0 I         : [touch]irq enable
--------- switch to main
11-03 09:44:51.977785   416   416 D SKGHAL  : sendAmbientEvent: enter: enable = 1
11-03 09:44:51.978673   504   523 I SDM     : DisplayBase::SetDisplayState: Set state = 4, display 0
11-03 09:44:51.978770   504   523 D SDM     : HWCDisplayPrimary::SetStandByMode: Null display is connected successfully
11-03 09:44:51.978929   416   416 D SKGHAL  : standBy_update_control call succeed on 1
11-03 09:44:51.987424   416   416 D SKGHAL  : sendAmbientEvent: done: enable = 1
11-03 09:44:51.987872  1686  1823 D SidekickService:    ... beginDisplay result: 0 for halPower: 1
11-03 09:44:51.991209   512  1749 I sensors-hal: activate:107, android.sensor.accelerometer/48 en=0
11-03 09:44:51.992559   512  1749 I sensors-hal: activate:118, android.sensor.accelerometer/48 en=0 completed
11-03 09:44:51.999012  1686  1799 E WifiStateMachine: getWifiLinkLayerStats called without an interface
--------- switch to kernel
11-03 09:44:51.891545     0     0 E bgrsb   : bgrsb_enable: gpio 32 is valid
--------- switch to main
11-03 09:44:52.017203  1686  1686 I WearPower: [WearTouchMediator] changing touch input to enabled (ON_AUTO)
11-03 09:44:52.018238  1686  1759 I InputReader: Reconfiguring input devices.  changes=0x00000200
--------- switch to kernel
11-03 09:44:51.916806     0     0 I init    : processing action (ro.enable_core_ctl=true && sys.cw_corectl_mode=idle) from (/vendor/etc/init/hw/init.qcom.rc:949)
--------- switch to main
11-03 09:44:52.023023  1686  1686 I AmbientService: [ce6a28c] Timeout alarm not required, auto-resume timeout handled by dream.
11-03 09:44:52.033134  3205  3434 W WorkController: Loading failed for worker [trainingcache]: worker not found
11-03 09:44:52.034388  3205  3372 W A       : TrainingCache cache SCREEN_OFF failure
11-03 09:44:52.034388  3205  3372 W A       : com.google.android.apps.gsa.search.core.service.h.a.a: No worker found for Worker ID [trainingcache].
11-03 09:44:52.034388  3205  3372 W A       : 	at com.google.android.apps.gsa.search.core.service.g.a.c.a(Unknown Source:5)
11-03 09:44:52.034388  3205  3372 W A       : 	at com.google.android.libraries.gsa.c.a.d.a(Unknown Source:3)
11-03 09:44:52.034388  3205  3372 W A       : 	at com.google.common.p.a.cg.c(Unknown Source:2)
11-03 09:44:52.034388  3205  3372 W A       : 	at com.google.common.p.a.bk.run(SourceFile:3)
11-03 09:44:52.034388  3205  3372 W A       : 	at com.google.common.p.a.ci.run(Unknown Source:4)
11-03 09:44:52.034388  3205  3372 W A       : 	at com.google.apps.tiktok.concurrent.ab.run(SourceFile:1)
11-03 09:44:52.034388  3205  3372 W A       : 	at java.util.concurrent.ThreadPoolExecutor.runWorker(ThreadPoolExecutor.java:1167)
11-03 09:44:52.034388  3205  3372 W A       : 	at java.util.concurrent.ThreadPoolExecutor$Worker.run(ThreadPoolExecutor.java:641)
11-03 09:44:52.034388  3205  3372 W A       : 	at com.google.apps.tiktok.concurrent.c.run(Unknown Source:4)
11-03 09:44:52.034388  3205  3372 W A       : 	at java.lang.Thread.run(Thread.java:764)
11-03 09:44:52.045601  2520  2520 D HOME    : [StreamDBQueue]Promised revision #3622 to queue a new op
11-03 09:44:52.045930  2520  2520 D WatchStreamManager: Promised rank-blocked=false @ r#3622
11-03 09:44:52.046211  2520  2520 D HOME    : [CompactHunStarter]detachWindow()
11-03 09:44:52.046588  2520 10295 D HOME    : [StreamDBQueue]Promised revision #3623 to queue a new op
11-03 09:44:52.046625  2520 11078 D HOME    : [WatchStreamDB]Item alerting conditions - isInterruptive: false, recentlyInterrupted: false, isItemPinned: false, isUnread: false
11-03 09:44:52.046709  2520 10295 D WatchStreamManager: Promised rerank @ r#3623
11-03 09:44:52.046888  2520 11078 D HOME    : [StreamAlertingRegulator]isTheaterModeEnabled: false, isAlertingAllowedByOffBody: true, matchesLocalInterruptionFilter: true
11-03 09:44:52.047166  2520 11078 D HOME    : [WatchStreamDB]couldItemAlert: false, isTopItemChanged: false, isDeferralForTopItem: false
11-03 09:44:52.047643  2520 11078 D HOME    : [WatchStreamDB]updateRanking()
11-03 09:44:52.048122  2520 11078 D HOME    : [WatchStreamDB]Item alerting conditions - isInterruptive: false, recentlyInterrupted: false, isItemPinned: false, isUnread: false
11-03 09:44:52.048416  2520 11078 D HOME    : [StreamAlertingRegulator]isTheaterModeEnabled: false, isAlertingAllowedByOffBody: true, matchesLocalInterruptionFilter: true
11-03 09:44:52.048696  2520 11078 D HOME    : [WatchStreamDB]couldItemAlert: false, isTopItemChanged: false, isDeferralForTopItem: false
11-03 09:44:52.049300  2520 11078 D HOME    : [NewStreamAdapter]Publishing revision #3623 to adapter clients
11-03 09:44:52.073131  1686  1696 I system_server: Background concurrent copying GC freed 31619(1803KB) AllocSpace objects, 25(788KB) LOS objects, 19% free, 10MB/13MB, paused 599us total 238.948ms
--------- switch to kernel
11-03 09:44:52.072883     0     0 I PM      : suspend entry 2021-11-03 08:44:52.072883363 UTC
11-03 09:44:52.072895     0     0 I PM      : Syncing filesystems ...
11-03 09:44:52.081776     0     0 I CPU3    : update max cpu_capacity 1024
11-03 09:44:52.081780     0     0 I CPU0    : update max cpu_capacity 748
11-03 09:44:52.096153     0     0 I         : done.
11-03 09:44:52.114731     0     0 I CPU2    : shutdown
11-03 09:44:52.116358     0     0 I init    : Command 'write /sys/devices/system/cpu/cpu2/online 0' action=ro.enable_core_ctl=true && sys.cw_corectl_mode=idle (/vendor/etc/init/hw/init.qcom.rc:951) took 95ms and succeeded
11-03 09:44:52.116475     0     0 I         : Freezing user space processes ...
11-03 09:44:52.120833     0     0 I PM      : Wakeup pending, aborting suspend
11-03 09:44:52.120889     0     0 I         : last active wakeup source: eventpoll
11-03 09:44:52.120909     0     0 E         : Freezing of tasks aborted after 0.004 seconds
11-03 09:44:52.120920     0     0 I         : Restarting tasks ...
11-03 09:44:52.121352     0     0 W QSEECOM : qseecom_receive_req: Interrupted: exiting Listener Service = 12288
11-03 09:44:52.121479     0     0 W QSEECOM : qseecom_receive_req: Interrupted: exiting Listener Service = 8192
11-03 09:44:52.121501     0     0 W QSEECOM : qseecom_receive_req: Interrupted: exiting Listener Service = 10
11-03 09:44:52.121532     0     0 W QSEECOM : qseecom_receive_req: Interrupted: exiting Listener Service = 28672
11-03 09:44:52.123186     0     0 W QSEECOM : qseecom_receive_req: Interrupted: exiting Listener Service = 11
11-03 09:44:52.125083     0     0 I         : done.
11-03 09:44:52.125567     0     0 I PM      : suspend exit 2021-11-03 08:44:52.125567582 UTC
11-03 09:44:52.327779     0     0 I PM      : suspend entry 2021-11-03 08:44:52.327779874 UTC
11-03 09:44:52.327800     0     0 I PM      : Syncing filesystems ... done.
11-03 09:44:52.353292     0     0 I         : Freezing user space processes ... (elapsed 0.011 seconds) done.
11-03 09:44:52.364468     0     0 I         : Freezing remaining freezable tasks ... (elapsed 0.006 seconds) done.
11-03 09:44:52.370596     0     0 I         : Suspending console(s) (use no_console_suspend to debug)
11-03 09:44:52.385909     0     0 I mdss_dsi_panel_set_idle_mode: Idle (1->1)
11-03 09:44:52.427509     0     0 I bgcom   : bgcom_pm_suspend: suspended with : 0
11-03 09:44:52.459364     0     0 I PM      : suspend of devices complete after 84.620 msecs
11-03 09:44:52.465460     0     0 I PM      : late suspend of devices complete after 6.052 msecs
11-03 09:44:52.471652     0     0 I PM      : noirq suspend of devices complete after 6.151 msecs
11-03 09:44:52.471928     0     0 I         : Disabling non-boot CPUs ...
11-03 09:44:52.493412     0     0 W         : IRQ16 no longer affine to CPU1
11-03 09:44:52.493428     0     0 W         : IRQ21 no longer affine to CPU1
11-03 09:44:52.493765     0     0 W         : IRQ93 no longer affine to CPU1
11-03 09:44:52.495516     0     0 I CPU1    : shutdown
11-03 09:44:52.501824     0     0 I CPU0    : update max cpu_capacity 748
11-03 09:44:52.544356     0     0 I CPU3    : shutdown
11-03 09:44:52.546316     0     0 I suspend ns: 3242590984212	suspend cycles:    1163133710983
11-03 09:44:52.546295     0     0 I CPU0    : msm_cpu_pm_enter_sleep mode:3 during suspend
11-03 09:44:52.546295     0     0 I         : Suspended for 34.973 seconds
11-03 09:44:52.546295     0     0 I resume cycles: 1163805208522
11-03 09:44:52.546761     0     0 I         : Enabling non-boot CPUs ...
11-03 09:44:52.547610     0     0 I CPU1    : update cpu_capacity 1024
11-03 09:44:52.548916     0     0 I         : CPU1 is up
11-03 09:44:52.550087     0     0 I CPU3    : update cpu_capacity 1024
11-03 09:44:52.551683     0     0 I CPU1    : update max cpu_capacity 748
11-03 09:44:52.552346     0     0 I         : CPU3 is up
11-03 09:44:52.552351     0     0 I CPU3    : update max cpu_capacity 1024
11-03 09:44:52.556100     0     0 I PM      : noirq resume of devices complete after 3.474 msecs
11-03 09:44:52.562872     0     0 I PM      : early resume of devices complete after 4.787 msecs
11-03 09:44:52.600242     0     0 I bgcom   : bgcom_pm_resume: Bgcom resumed with : 0
11-03 09:44:52.611758     0     0 I mdss_dsi_panel_set_idle_mode: Idle (1->1)
11-03 09:44:52.647451     0     0 I PM      : resume of devices complete after 84.545 msecs
11-03 09:44:52.650441     0     0 I         : Restarting tasks ...
11-03 09:44:52.652940     0     0 W QSEECOM : qseecom_receive_req: Interrupted: exiting Listener Service = 12288
11-03 09:44:52.655936     0     0 E FG      : fg_psy_get_property: unsupported property 7
11-03 09:44:52.656388     0     0 W QSEECOM : qseecom_receive_req: Interrupted: exiting Listener Service = 11
11-03 09:44:52.658391     0     0 W QSEECOM : qseecom_receive_req: Interrupted: exiting Listener Service = 10
11-03 09:44:52.658444     0     0 W QSEECOM : qseecom_receive_req: Interrupted: exiting Listener Service = 8192
11-03 09:44:52.661216     0     0 W QSEECOM : qseecom_receive_req: Interrupted: exiting Listener Service = 28672
11-03 09:44:52.661295     0     0 I         : done.
11-03 09:45:27.636315     0     0 I PM      : suspend exit 2021-11-03 08:45:27.636315537 UTC
11-03 09:45:27.533895     0     0 W healthd : battery l=20 v=3759 t=29.0 h=2 st=3 c=5 fc=443000 cc=0 chg=
11-03 09:45:27.739068     0     0 I PM      : suspend entry 2021-11-03 08:45:27.739068975 UTC
11-03 09:45:27.739083     0     0 I PM      : Syncing filesystems ... done.
11-03 09:45:27.850086     0     0 I         : Freezing user space processes ... (elapsed 0.011 seconds) done.
11-03 09:45:27.861956     0     0 I         : Freezing remaining freezable tasks ... (elapsed 0.004 seconds) done.
11-03 09:45:27.866321     0     0 I         : Suspending console(s) (use no_console_suspend to debug)
11-03 09:45:27.877836     0     0 I mdss_dsi_panel_set_idle_mode: Idle (1->1)
11-03 09:45:27.921309     0     0 I bgcom   : bgcom_pm_suspend: suspended with : 0
11-03 09:45:27.968283     0     0 I PM      : suspend of devices complete after 99.723 msecs
11-03 09:45:27.973771     0     0 I PM      : late suspend of devices complete after 5.444 msecs
11-03 09:45:27.979631     0     0 I PM      : noirq suspend of devices complete after 5.824 msecs
11-03 09:45:27.979645     0     0 I         : Disabling non-boot CPUs ...
11-03 09:45:27.998832     0     0 I CPU1    : shutdown
11-03 09:45:28.005553     0     0 I CPU0    : update max cpu_capacity 748
11-03 09:45:28.046559     0     0 W         : IRQ16 no longer affine to CPU3
11-03 09:45:28.046634     0     0 W         : IRQ93 no longer affine to CPU3
11-03 09:45:28.048009     0     0 I CPU3    : shutdown
11-03 09:45:28.049874     0     0 I suspend ns: 3243120706349	suspend cycles:    1163815379187
11-03 09:45:28.049855     0     0 I CPU0    : msm_cpu_pm_enter_sleep mode:3 during suspend
