11-03 10:53:46.532126  1686  2014 D SidekickService: resetLocked()
11-03 10:53:46.546452   416   416 D SKGHAL  : Changing to  RESET state
11-03 10:53:46.547059  1686  2014 D SidekickService: ISidekickGraphics#beginResources()...
11-03 10:53:46.547420   416  2389 D SKGHAL  : Changing to DOWNLOAD State
11-03 10:53:46.548698  1686  2014 D SidekickServiceUtils: bitmapFromDrawable: Returning bitmap directly
11-03 10:53:46.559030  1686  2014 W SidekickService: null digitDimensions in font, setting to PointF(20.0, 27.0)
11-03 10:53:46.559341  1686  2014 D SidekickService: sendFontsLocked(): fontInfo = {.width = 20, .height = 27, .nGlyphs = 10, .id = 4}, image.size() = 919
11-03 10:53:46.561364   416   416 D SKGHAL  : saveResource: resId = 4
11-03 10:53:46.566311  1686  2014 D SidekickService: sendFontsLocked(): status = 0, bytesUsed = 1374
11-03 10:53:46.567012  1686  2014 D SidekickServiceUtils: bitmapFromDrawable: Returning bitmap directly
11-03 10:53:46.681415  1686  2014 D SidekickService: sendBitmapsLocked(): bounds = RectF(0.0, 0.0, 1.0, 1.0), drawableInfo = {.id = 0, .width = 416, .height = 416, .display = true, .offsetX = 0.0, .offsetY = 0.0, .rotationInfo = {.hasRotation = false, .pivotX = 0.0, .pivotY = 0.0, .degreesPerDay = 0.0, .degreesPerStep = 0.0, .zeroDegreesTime = {.daysSinceLocalEpoch = 0, .msSinceMidnight = 0}}, .transformInfo = {.transformed = false, .flipX = false, .flipY = false, .flip45 = false, .scaleX = 0.0, .scaleY = 0.0}, .type = GENERIC, .blink = {.blinking = false, .periodOnMs = 0.0, .periodOffMs = 0.0, .startTime = {.daysSinceLocalEpoch = 0, .msSinceMidnight = 0}}, .zOrder = 1, .displayInTwm = true}, image.size() = 6063
11-03 10:53:46.695557   416   416 D SKGHAL  : saveResource: resId = 0
11-03 10:53:46.715040  1686  2014 D SidekickService: sendBitmapsLocked(): status = 0, bytesUsed = 9429
11-03 10:53:46.715588  1686  2014 D SidekickServiceUtils: bitmapFromDrawable: Returning bitmap directly
11-03 10:53:46.716647  1686  2014 D SidekickService: sendBitmapsLocked(): bounds = RectF(0.0, 0.0, 0.0024038462, 0.0024038462), drawableInfo = {.id = 100000, .width = 1, .height = 1, .display = true, .offsetX = 0.0, .offsetY = 0.0, .rotationInfo = {.hasRotation = false, .pivotX = 0.0, .pivotY = 0.0, .degreesPerDay = 0.0, .degreesPerStep = 0.0, .zeroDegreesTime = {.daysSinceLocalEpoch = 0, .msSinceMidnight = 0}}, .transformInfo = {.transformed = false, .flipX = false, .flipY = false, .flip45 = false, .scaleX = 0.0, .scaleY = 0.0}, .type = GENERIC, .blink = {.blinking = false, .periodOnMs = 0.0, .periodOffMs = 0.0, .startTime = {.daysSinceLocalEpoch = 0, .msSinceMidnight = 0}}, .zOrder = 6, .displayInTwm = true}, image.size() = 84
11-03 10:53:46.717361   416   416 D SKGHAL  : saveResource: resId = 100000
11-03 10:53:46.718041  1686  2014 D SidekickService: sendBitmapsLocked(): status = 0, bytesUsed = 18
11-03 10:53:46.719019  1686  2014 D SidekickService: sendNumbersLocked(): drawableInfo = {.id = 5, .width = 100, .height = 50, .display = true, .offsetX = 162.0, .offsetY = 30.0, .rotationInfo = {.hasRotation = false, .pivotX = 0.0, .pivotY = 0.0, .degreesPerDay = 0.0, .degreesPerStep = 0.0, .zeroDegreesTime = {.daysSinceLocalEpoch = 0, .msSinceMidnight = 0}}, .transformInfo = {.transformed = false, .flipX = false, .flipY = false, .flip45 = false, .scaleX = 0.0, .scaleY = 0.0}, .type = NUMBER, .blink = {.blinking = false, .periodOnMs = 0.0, .periodOffMs = 0.0, .startTime = {.daysSinceLocalEpoch = 0, .msSinceMidnight = 0}}, .zOrder = 5, .displayInTwm = true}, numberInfo = {.startTime = {.daysSinceLocalEpoch = 0, .msSinceMidnight = 0}, .startNumber = 0, .minNumber = 0, .maxNumber = 23, .increment = 1, .msPerIncrement = 3600000.0, .fontId = 4, .digits = 2, .leadingZeroes = 1, .digit = -1, .transitionMs = 0.0}
11-03 10:53:46.719682   416   416 D SKGHAL  : saveResource: resId = 5
11-03 10:53:46.720006  1686  2014 D SidekickService: sendNumbersLocked(): status = 0, bytesUsed = 0
11-03 10:53:46.720943  1686  2014 D SidekickService: sendNumbersLocked(): drawableInfo = {.id = 6, .width = 100, .height = 50, .display = true, .offsetX = 214.0, .offsetY = 30.0, .rotationInfo = {.hasRotation = false, .pivotX = 0.0, .pivotY = 0.0, .degreesPerDay = 0.0, .degreesPerStep = 0.0, .zeroDegreesTime = {.daysSinceLocalEpoch = 0, .msSinceMidnight = 0}}, .transformInfo = {.transformed = false, .flipX = false, .flipY = false, .flip45 = false, .scaleX = 0.0, .scaleY = 0.0}, .type = NUMBER, .blink = {.blinking = false, .periodOnMs = 0.0, .periodOffMs = 0.0, .startTime = {.daysSinceLocalEpoch = 0, .msSinceMidnight = 0}}, .zOrder = 5, .displayInTwm = true}, numberInfo = {.startTime = {.daysSinceLocalEpoch = 0, .msSinceMidnight = 0}, .startNumber = 0, .minNumber = 0, .maxNumber = 59, .increment = 1, .msPerIncrement = 60000.0, .fontId = 4, .digits = 2, .leadingZeroes = 1, .digit = -1, .transitionMs = 0.0}
11-03 10:53:46.721590   416   416 D SKGHAL  : saveResource: resId = 6
11-03 10:53:46.721861  1686  2014 D SidekickService: sendNumbersLocked(): status = 0, bytesUsed = 0
11-03 10:53:46.721978  1686  2014 D SidekickService: ISidekickGraphics#endResources()...
11-03 10:53:46.877111   416   416 D SKGHAL  : sendResources: metadata size = 2400, font size = 72
11-03 10:53:46.911353   416   416 D SKGHAL  : endResources: rc = 0
11-03 10:53:46.911490   416   416 D SKGHAL  : Changing to ACTIVE state
11-03 10:53:46.912849  2520 12956 I SidekickManager: sendWatchFaceImpl(): watchFace = com.google.android.clockwork.decomposablewatchface.WatchFaceDecomposition@bb699fe forTWM = false
11-03 10:53:46.913085  2520  2520 D HOME    : [SidekickManagerAsync]sendWatchFace(): Callback#onResult(): 0
11-03 10:53:46.919222  1686  2014 D SidekickService: sendWatchFaceComponents called: watchFace = com.google.android.clockwork.decomposablewatchface.WatchFaceDecomposition@6eddbshouldReplace = true
11-03 10:53:46.919521  1686  2014 D SidekickService: Check decomposition for calling app com.google.android.wearable.app with uid 10049
11-03 10:53:46.920298  1686  2014 D SidekickService: sendWatchFaceLocked(): shouldReplace = true, mSidekickIsControlling = false, 2 images, 1 fonts, 2 numbers, 0 proportionalFonts, 0 strings
11-03 10:53:46.920362  1686  2014 D SidekickService: resetLocked()
11-03 10:53:46.929552   416   416 D SKGHAL  : Changing to  RESET state
11-03 10:53:46.930211  1686  2014 D SidekickService: ISidekickGraphics#beginResources()...
11-03 10:53:46.930639   416  2389 D SKGHAL  : Changing to DOWNLOAD State
11-03 10:53:46.931679  1686  2014 D SidekickServiceUtils: bitmapFromDrawable: Returning bitmap directly
11-03 10:53:46.941343  1686  2014 W SidekickService: null digitDimensions in font, setting to PointF(20.0, 27.0)
11-03 10:53:46.941636  1686  2014 D SidekickService: sendFontsLocked(): fontInfo = {.width = 20, .height = 27, .nGlyphs = 10, .id = 4}, image.size() = 919
11-03 10:53:46.943604   416   416 D SKGHAL  : saveResource: resId = 4
11-03 10:53:46.949104  1686  2014 D SidekickService: sendFontsLocked(): status = 0, bytesUsed = 1374
11-03 10:53:46.951427  1686  2014 D SidekickServiceUtils: bitmapFromDrawable: Returning bitmap directly
11-03 10:53:47.062808  1686  2014 D SidekickService: sendBitmapsLocked(): bounds = RectF(0.0, 0.0, 1.0, 1.0), drawableInfo = {.id = 0, .width = 416, .height = 416, .display = true, .offsetX = 0.0, .offsetY = 0.0, .rotationInfo = {.hasRotation = false, .pivotX = 0.0, .pivotY = 0.0, .degreesPerDay = 0.0, .degreesPerStep = 0.0, .zeroDegreesTime = {.daysSinceLocalEpoch = 0, .msSinceMidnight = 0}}, .transformInfo = {.transformed = false, .flipX = false, .flipY = false, .flip45 = false, .scaleX = 0.0, .scaleY = 0.0}, .type = GENERIC, .blink = {.blinking = false, .periodOnMs = 0.0, .periodOffMs = 0.0, .startTime = {.daysSinceLocalEpoch = 0, .msSinceMidnight = 0}}, .zOrder = 1, .displayInTwm = true}, image.size() = 6063
11-03 10:53:47.076852   416   416 D SKGHAL  : saveResource: resId = 0
11-03 10:53:47.094474  1686  2014 D SidekickService: sendBitmapsLocked(): status = 0, bytesUsed = 9429
11-03 10:53:47.094991  1686  2014 D SidekickServiceUtils: bitmapFromDrawable: Returning bitmap directly
11-03 10:53:47.096043  1686  2014 D SidekickService: sendBitmapsLocked(): bounds = RectF(0.0, 0.0, 0.0024038462, 0.0024038462), drawableInfo = {.id = 100000, .width = 1, .height = 1, .display = true, .offsetX = 0.0, .offsetY = 0.0, .rotationInfo = {.hasRotation = false, .pivotX = 0.0, .pivotY = 0.0, .degreesPerDay = 0.0, .degreesPerStep = 0.0, .zeroDegreesTime = {.daysSinceLocalEpoch = 0, .msSinceMidnight = 0}}, .transformInfo = {.transformed = false, .flipX = false, .flipY = false, .flip45 = false, .scaleX = 0.0, .scaleY = 0.0}, .type = GENERIC, .blink = {.blinking = false, .periodOnMs = 0.0, .periodOffMs = 0.0, .startTime = {.daysSinceLocalEpoch = 0, .msSinceMidnight = 0}}, .zOrder = 6, .displayInTwm = true}, image.size() = 84
11-03 10:53:47.097086   416   416 D SKGHAL  : saveResource: resId = 100000
11-03 10:53:47.097774  1686  2014 D SidekickService: sendBitmapsLocked(): status = 0, bytesUsed = 18
11-03 10:53:47.098821  1686  2014 D SidekickService: sendNumbersLocked(): drawableInfo = {.id = 5, .width = 100, .height = 50, .display = true, .offsetX = 162.0, .offsetY = 30.0, .rotationInfo = {.hasRotation = false, .pivotX = 0.0, .pivotY = 0.0, .degreesPerDay = 0.0, .degreesPerStep = 0.0, .zeroDegreesTime = {.daysSinceLocalEpoch = 0, .msSinceMidnight = 0}}, .transformInfo = {.transformed = false, .flipX = false, .flipY = false, .flip45 = false, .scaleX = 0.0, .scaleY = 0.0}, .type = NUMBER, .blink = {.blinking = false, .periodOnMs = 0.0, .periodOffMs = 0.0, .startTime = {.daysSinceLocalEpoch = 0, .msSinceMidnight = 0}}, .zOrder = 5, .displayInTwm = true}, numberInfo = {.startTime = {.daysSinceLocalEpoch = 0, .msSinceMidnight = 0}, .startNumber = 0, .minNumber = 0, .maxNumber = 23, .increment = 1, .msPerIncrement = 3600000.0, .fontId = 4, .digits = 2, .leadingZeroes = 1, .digit = -1, .transitionMs = 0.0}
11-03 10:53:47.099372   416   416 D SKGHAL  : saveResource: resId = 5
11-03 10:53:47.099815  1686  2014 D SidekickService: sendNumbersLocked(): status = 0, bytesUsed = 0
11-03 10:53:47.100740  1686  2014 D SidekickService: sendNumbersLocked(): drawableInfo = {.id = 6, .width = 100, .height = 50, .display = true, .offsetX = 214.0, .offsetY = 30.0, .rotationInfo = {.hasRotation = false, .pivotX = 0.0, .pivotY = 0.0, .degreesPerDay = 0.0, .degreesPerStep = 0.0, .zeroDegreesTime = {.daysSinceLocalEpoch = 0, .msSinceMidnight = 0}}, .transformInfo = {.transformed = false, .flipX = false, .flipY = false, .flip45 = false, .scaleX = 0.0, .scaleY = 0.0}, .type = NUMBER, .blink = {.blinking = false, .periodOnMs = 0.0, .periodOffMs = 0.0, .startTime = {.daysSinceLocalEpoch = 0, .msSinceMidnight = 0}}, .zOrder = 5, .displayInTwm = true}, numberInfo = {.startTime = {.daysSinceLocalEpoch = 0, .msSinceMidnight = 0}, .startNumber = 0, .minNumber = 0, .maxNumber = 59, .increment = 1, .msPerIncrement = 60000.0, .fontId = 4, .digits = 2, .leadingZeroes = 1, .digit = -1, .transitionMs = 0.0}
11-03 10:53:47.101269   416   416 D SKGHAL  : saveResource: resId = 6
11-03 10:53:47.101543  1686  2014 D SidekickService: sendNumbersLocked(): status = 0, bytesUsed = 0
11-03 10:53:47.101679  1686  2014 D SidekickService: ISidekickGraphics#endResources()...
11-03 10:53:47.254206   416   416 D SKGHAL  : sendResources: metadata size = 2400, font size = 72
11-03 10:53:47.285885   416   416 D SKGHAL  : endResources: rc = 0
11-03 10:53:47.286009   416   416 D SKGHAL  : Changing to ACTIVE state
11-03 10:53:47.288116  2520 12956 I SidekickManager: sendWatchFaceImpl(): watchFace = com.google.android.clockwork.decomposablewatchface.WatchFaceDecomposition@9200bac forTWM = false
11-03 10:53:47.288285  2520  2520 D HOME    : [SidekickManagerAsync]sendWatchFace(): Callback#onResult(): 0
11-03 10:53:47.294841  1686  2014 D SidekickService: sendWatchFaceComponents called: watchFace = com.google.android.clockwork.decomposablewatchface.WatchFaceDecomposition@1ce3078shouldReplace = true
11-03 10:53:47.295132  1686  2014 D SidekickService: Check decomposition for calling app com.google.android.wearable.app with uid 10049
11-03 10:53:47.296069  1686  2014 D SidekickService: sendWatchFaceLocked(): shouldReplace = true, mSidekickIsControlling = false, 2 images, 1 fonts, 2 numbers, 0 proportionalFonts, 0 strings
11-03 10:53:47.296143  1686  2014 D SidekickService: resetLocked()
11-03 10:53:47.308681   416   416 D SKGHAL  : Changing to  RESET state
11-03 10:53:47.309248  1686  2014 D SidekickService: ISidekickGraphics#beginResources()...
11-03 10:53:47.309708   416  2389 D SKGHAL  : Changing to DOWNLOAD State
11-03 10:53:47.310918  1686  2014 D SidekickServiceUtils: bitmapFromDrawable: Returning bitmap directly
11-03 10:53:47.320261  1686  2014 W SidekickService: null digitDimensions in font, setting to PointF(20.0, 27.0)
11-03 10:53:47.320552  1686  2014 D SidekickService: sendFontsLocked(): fontInfo = {.width = 20, .height = 27, .nGlyphs = 10, .id = 4}, image.size() = 919
11-03 10:53:47.322623   416   416 D SKGHAL  : saveResource: resId = 4
11-03 10:53:47.328328  1686  2014 D SidekickService: sendFontsLocked(): status = 0, bytesUsed = 1374
11-03 10:53:47.329502  1686  2014 D SidekickServiceUtils: bitmapFromDrawable: Returning bitmap directly
11-03 10:53:47.445863  1686  2014 D SidekickService: sendBitmapsLocked(): bounds = RectF(0.0, 0.0, 1.0, 1.0), drawableInfo = {.id = 0, .width = 416, .height = 416, .display = true, .offsetX = 0.0, .offsetY = 0.0, .rotationInfo = {.hasRotation = false, .pivotX = 0.0, .pivotY = 0.0, .degreesPerDay = 0.0, .degreesPerStep = 0.0, .zeroDegreesTime = {.daysSinceLocalEpoch = 0, .msSinceMidnight = 0}}, .transformInfo = {.transformed = false, .flipX = false, .flipY = false, .flip45 = false, .scaleX = 0.0, .scaleY = 0.0}, .type = GENERIC, .blink = {.blinking = false, .periodOnMs = 0.0, .periodOffMs = 0.0, .startTime = {.daysSinceLocalEpoch = 0, .msSinceMidnight = 0}}, .zOrder = 1, .displayInTwm = true}, image.size() = 6063
11-03 10:53:47.461570   416   416 D SKGHAL  : saveResource: resId = 0
11-03 10:53:47.478552  1686  2014 D SidekickService: sendBitmapsLocked(): status = 0, bytesUsed = 9429
11-03 10:53:47.479090  1686  2014 D SidekickServiceUtils: bitmapFromDrawable: Returning bitmap directly
11-03 10:53:47.480542  1686  2014 D SidekickService: sendBitmapsLocked(): bounds = RectF(0.0, 0.0, 0.0024038462, 0.0024038462), drawableInfo = {.id = 100000, .width = 1, .height = 1, .display = true, .offsetX = 0.0, .offsetY = 0.0, .rotationInfo = {.hasRotation = false, .pivotX = 0.0, .pivotY = 0.0, .degreesPerDay = 0.0, .degreesPerStep = 0.0, .zeroDegreesTime = {.daysSinceLocalEpoch = 0, .msSinceMidnight = 0}}, .transformInfo = {.transformed = false, .flipX = false, .flipY = false, .flip45 = false, .scaleX = 0.0, .scaleY = 0.0}, .type = GENERIC, .blink = {.blinking = false, .periodOnMs = 0.0, .periodOffMs = 0.0, .startTime = {.daysSinceLocalEpoch = 0, .msSinceMidnight = 0}}, .zOrder = 6, .displayInTwm = true}, image.size() = 84
11-03 10:53:47.481515   416   416 D SKGHAL  : saveResource: resId = 100000
11-03 10:53:47.481955  1686  2014 D SidekickService: sendBitmapsLocked(): status = 0, bytesUsed = 18
11-03 10:53:47.483392  1686  2014 D SidekickService: sendNumbersLocked(): drawableInfo = {.id = 5, .width = 100, .height = 50, .display = true, .offsetX = 162.0, .offsetY = 30.0, .rotationInfo = {.hasRotation = false, .pivotX = 0.0, .pivotY = 0.0, .degreesPerDay = 0.0, .degreesPerStep = 0.0, .zeroDegreesTime = {.daysSinceLocalEpoch = 0, .msSinceMidnight = 0}}, .transformInfo = {.transformed = false, .flipX = false, .flipY = false, .flip45 = false, .scaleX = 0.0, .scaleY = 0.0}, .type = NUMBER, .blink = {.blinking = false, .periodOnMs = 0.0, .periodOffMs = 0.0, .startTime = {.daysSinceLocalEpoch = 0, .msSinceMidnight = 0}}, .zOrder = 5, .displayInTwm = true}, numberInfo = {.startTime = {.daysSinceLocalEpoch = 0, .msSinceMidnight = 0}, .startNumber = 0, .minNumber = 0, .maxNumber = 23, .increment = 1, .msPerIncrement = 3600000.0, .fontId = 4, .digits = 2, .leadingZeroes = 1, .digit = -1, .transitionMs = 0.0}
11-03 10:53:47.484349   416   416 D SKGHAL  : saveResource: resId = 5
11-03 10:53:47.484853  1686  2014 D SidekickService: sendNumbersLocked(): status = 0, bytesUsed = 0
11-03 10:53:47.486074  1686  2014 D SidekickService: sendNumbersLocked(): drawableInfo = {.id = 6, .width = 100, .height = 50, .display = true, .offsetX = 214.0, .offsetY = 30.0, .rotationInfo = {.hasRotation = false, .pivotX = 0.0, .pivotY = 0.0, .degreesPerDay = 0.0, .degreesPerStep = 0.0, .zeroDegreesTime = {.daysSinceLocalEpoch = 0, .msSinceMidnight = 0}}, .transformInfo = {.transformed = false, .flipX = false, .flipY = false, .flip45 = false, .scaleX = 0.0, .scaleY = 0.0}, .type = NUMBER, .blink = {.blinking = false, .periodOnMs = 0.0, .periodOffMs = 0.0, .startTime = {.daysSinceLocalEpoch = 0, .msSinceMidnight = 0}}, .zOrder = 5, .displayInTwm = true}, numberInfo = {.startTime = {.daysSinceLocalEpoch = 0, .msSinceMidnight = 0}, .startNumber = 0, .minNumber = 0, .maxNumber = 59, .increment = 1, .msPerIncrement = 60000.0, .fontId = 4, .digits = 2, .leadingZeroes = 1, .digit = -1, .transitionMs = 0.0}
11-03 10:53:47.486748   416   416 D SKGHAL  : saveResource: resId = 6
11-03 10:53:47.487131  1686  2014 D SidekickService: sendNumbersLocked(): status = 0, bytesUsed = 0
11-03 10:53:47.487335  1686  2014 D SidekickService: ISidekickGraphics#endResources()...
11-03 10:53:47.648788   416   416 D SKGHAL  : sendResources: metadata size = 2400, font size = 72
11-03 10:53:47.680316   416   416 D SKGHAL  : endResources: rc = 0
11-03 10:53:47.680420   416   416 D SKGHAL  : Changing to ACTIVE state
11-03 10:53:47.682252  2520  2520 D HOME    : [SidekickManagerAsync]sendWatchFace(): Callback#onResult(): 0
11-03 10:53:49.203279   512  1749 I sensors-hal: batch:140, android.sensor.accelerometer/48, period=66667000, max_latency=100000000
11-03 10:53:49.204890   512  1749 I sensors-hal: batch:149, android.sensor.accelerometer/48, period=66667000, max_latency=100000000 request completed
11-03 10:53:49.205917  1686  1686 D DefaultUngazeDetector: Ungaze event occurred; emitting gesture event!
11-03 10:53:49.206048  1686  1686 D WristGestureCtrl: Gesture:GESTURE UNGAZE, timestamp(ms): 64705194, confidence: 0.0, latency(ms): 0, duration(ms): 3442
11-03 10:53:49.207466   512  1749 I sensors-hal: batch:140, android.sensor.accelerometer/48, period=19231000, max_latency=100000000
--------- switch to system
11-03 10:53:49.209350  1686  1686 I WindowManager: sleepRelease() calling goToSleep(GO_TO_SLEEP_REASON_SLEEP_BUTTON)
11-03 10:53:49.209645  1686  1686 I PowerManagerService: Going to sleep due to sleep button (uid 1000)...
--------- switch to main
11-03 10:53:49.209953   512  1749 I sensors-hal: batch:149, android.sensor.accelerometer/48, period=19231000, max_latency=100000000 request completed
11-03 10:53:49.210394   512  1749 I sensors-hal: flush:169, android.sensor.accelerometer/48
--------- switch to system
11-03 10:53:49.210770  1686  1686 W UsageStatsService: Event reported without a package name
11-03 10:53:49.210885  1686  1712 I DreamManagerService: Entering dreamland.
11-03 10:53:49.211895  1686  1712 I PowerManagerService: Dozing...
--------- switch to main
11-03 10:53:49.213356   512  1749 I sensors-hal: flush:175, android.sensor.accelerometer/48 completed
--------- switch to system
11-03 10:53:49.225813  1686  1708 I DreamController: Starting dream: name=ComponentInfo{com.google.android.wearable.ambient/com.google.android.wearable.ambient.AmbientDream}, isTest=false, canDoze=true, userId=0
11-03 10:53:49.245358  1686  1686 W ContextImpl: Calling a method in the system process without a qualified user: android.app.ContextImpl.bindService:1611 android.content.ContextWrapper.bindService:698 com.google.android.wearable.ambient.AmbientDream.onCreate:191 android.app.ActivityThread.handleCreateService:3533 android.app.ActivityThread.access$1300:200 
11-03 10:53:49.248989  1686  1686 W ContextImpl: Calling a method in the system process without a qualified user: android.app.ContextImpl.sendBroadcast:1005 android.content.ContextWrapper.sendBroadcast:444 com.google.android.wearable.ambient.AmbientDream.onCreate:241 android.app.ActivityThread.handleCreateService:3533 android.app.ActivityThread.access$1300:200 
11-03 10:53:49.249748  1686  1686 V DreamService[AmbientDream]: onBind() intent = Intent { act=android.service.dreams.DreamService flg=0x800000 cmp=com.google.android.wearable.ambient/.AmbientDream }
--------- switch to main
11-03 10:53:49.251165  1686  1686 I AmbientService: [ce6a28c] Ambient Created
--------- switch to system
11-03 10:53:49.252158  1686  1686 V DreamService[AmbientDream]: Calling onDreamingStarted()
--------- switch to main
11-03 10:53:49.252303  1686  1686 I AmbientService: [ce6a28c] doOnDreamingStarted
11-03 10:53:49.252809  1686  1686 D SidekickService: setShouldControlDisplay called: true
11-03 10:53:49.253925  1686  1686 I AmbientService: [ce6a28c] Selected running activity for ambient mode: AmbientActivity[component=ComponentInfo{com.google.android.wearable.app/com.google.android.clockwork.home2.activity.HomeActivity2}, callbacks=@210b385, running=true, ambientRequested=true, ambientEnabled=true, offloadEnabled=true]
11-03 10:53:49.254602  1686  1686 I AmbientService: [ce6a28c] Sidekick is ready to display, requesting doze.
11-03 10:53:49.255212  1686  1686 I AmbientService: [ce6a28c] No auto-resume Activity.
11-03 10:53:49.257713  1686  1686 W DefaultSettingsContentR: Value for ambient_low_bit_enabled not stored as number. Attempting parse as boolean.
11-03 10:53:49.258413  2520  2520 D HOME    : [HomeVisitsLogger]Logging streamlet event: enter_ambient_mode
11-03 10:53:49.259227  2520  2520 D HOME    : [HotwordController]updateClient MODE_WATCH_FACE false true false true
11-03 10:53:49.259322  2520 12956 D HOME    : [HomeVisitsLogger]Logging streamlet event: visit_end
11-03 10:53:49.266003  1686  1686 I AmbientService: [ce6a28c] Showing watch face in offload mode, canceling alarm.
11-03 10:53:49.266103  1686  1686 W AlarmManagerProxy: Removing unknown listener
11-03 10:53:49.266211  1686  1686 D WristGestureCtrl: Stopping detectors: GesturesEnabled-false gestureDetector-false ungazeEnabled-true ungaze-true
11-03 10:53:49.266264  1686  1686 D DefaultUngazeDetector: stopping
11-03 10:53:49.270135   512  1749 I sensors-hal: batch:140, android.sensor.accelerometer/48, period=66667000, max_latency=100000000
11-03 10:53:49.272395   512  1749 I sensors-hal: batch:149, android.sensor.accelerometer/48, period=66667000, max_latency=100000000 request completed
11-03 10:53:49.346661  2520  2520 D HOME    : [WatchFaceUiController]setInAmbientMode true
11-03 10:53:49.348626  2520 12956 I SidekickManager: replaceWatchFaceComponentsImpl(): watchFace = com.google.android.clockwork.decomposablewatchface.WatchFaceDecomposition@a2592d
11-03 10:53:49.349943  2520  2520 D HOME    : [StreamDBQueue]Promised revision #4676 to queue a new op
11-03 10:53:49.350315  2520  2520 D WatchStreamManager: Promised rank-blocked=false @ r#4676
11-03 10:53:49.351050  2520  2520 D HOME    : [StreamDBQueue]Promised revision #4677 to queue a new op
11-03 10:53:49.351128  1686  2014 D SidekickService: sendWatchFaceComponents called: watchFace = com.google.android.clockwork.decomposablewatchface.WatchFaceDecomposition@a3646f2shouldReplace = false
11-03 10:53:49.351260  2520  2520 D WatchStreamManager: Promised rank-blocked=false @ r#4677
11-03 10:53:49.351654  1686  2014 D SidekickService: Check decomposition for calling app com.google.android.wearable.app with uid 10049
11-03 10:53:49.352620  2520  2520 D HOME    : [EventBus]Wrapper pool is full. Discarding excess wrapper instance for event com.google.android.clockwork.sysui.events.KeyguardStateEvent
11-03 10:53:49.352762  2520  2520 D HOME    : [WatchFaceUiController]sendStateToWallpaper
11-03 10:53:49.354345  1686  2014 D SidekickService: sendWatchFaceLocked(): shouldReplace = false, mSidekickIsControlling = false, 1 images, 0 fonts, 0 numbers, 0 proportionalFonts, 0 strings
11-03 10:53:49.354477  1686  2014 D SidekickService: ISidekickGraphics#beginResources()...
11-03 10:53:49.354814  2520  2520 D HOME    : [EventBus]Wrapper pool is full. Discarding excess wrapper instance for event com.google.android.clockwork.sysui.events.KeyguardStateEvent
11-03 10:53:49.355172  2520  2520 D HOME    : [EventBus]Wrapper pool is full. Discarding excess wrapper instance for event com.google.android.clockwork.sysui.events.KeyguardStateEvent
11-03 10:53:49.356544  2520 12759 D HOME    : [StreamDBQueue]Promised revision #4678 to queue a new op
11-03 10:53:49.356790  2520 12759 D WatchStreamManager: Promised rerank @ r#4678
11-03 10:53:49.357759  1686  2014 D SidekickServiceUtils: bitmapFromDrawable: Returning bitmap directly
11-03 10:53:49.358106  2520 12978 D HOME    : [WatchStreamDB]Item alerting conditions - isInterruptive: true, recentlyInterrupted: false, isItemPinned: false, isUnread: false
11-03 10:53:49.359004  2520 12978 D HOME    : [StreamAlertingRegulator]isTheaterModeEnabled: false, isAlertingAllowedByOffBody: true, matchesLocalInterruptionFilter: true
11-03 10:53:49.359285  2520 12978 D HOME    : [WatchStreamDB]couldItemAlert: false, isTopItemChanged: false, isDeferralForTopItem: false
11-03 10:53:49.360360  2520 12978 D HOME    : [WatchStreamDB]Item alerting conditions - isInterruptive: true, recentlyInterrupted: false, isItemPinned: false, isUnread: false
11-03 10:53:49.360793  2520 12978 D HOME    : [StreamAlertingRegulator]isTheaterModeEnabled: false, isAlertingAllowedByOffBody: true, matchesLocalInterruptionFilter: true
11-03 10:53:49.361106  2520 12978 D HOME    : [WatchStreamDB]couldItemAlert: false, isTopItemChanged: false, isDeferralForTopItem: false
11-03 10:53:49.361663  2520 12978 D HOME    : [WatchStreamDB]updateRanking()
11-03 10:53:49.361829  2520  2520 W StaticLayout: maxLineHeight should not be -1.  maxLines:1 lineCount:1
11-03 10:53:49.362121  1686  2014 D SidekickService: sendBitmapsLocked(): bounds = RectF(0.47115386, 0.33653846, 0.52884614, 0.39423078), drawableInfo = {.id = 100000, .width = 24, .height = 24, .display = true, .offsetX = 193.0, .offsetY = 137.0, .rotationInfo = {.hasRotation = false, .pivotX = 0.0, .pivotY = 0.0, .degreesPerDay = 0.0, .degreesPerStep = 0.0, .zeroDegreesTime = {.daysSinceLocalEpoch = 0, .msSinceMidnight = 0}}, .transformInfo = {.transformed = false, .flipX = false, .flipY = false, .flip45 = false, .scaleX = 0.0, .scaleY = 0.0}, .type = GENERIC, .blink = {.blinking = false, .periodOnMs = 0.0, .periodOffMs = 0.0, .startTime = {.daysSinceLocalEpoch = 0, .msSinceMidnight = 0}}, .zOrder = 6, .displayInTwm = true}, image.size() = 204
11-03 10:53:49.362320  2520 12978 D HOME    : [WatchStreamDB]Item alerting conditions - isInterruptive: true, recentlyInterrupted: false, isItemPinned: false, isUnread: false
11-03 10:53:49.362729  2520 12978 D HOME    : [StreamAlertingRegulator]isTheaterModeEnabled: false, isAlertingAllowedByOffBody: true, matchesLocalInterruptionFilter: true
11-03 10:53:49.363059  2520 12978 D HOME    : [WatchStreamDB]couldItemAlert: false, isTopItemChanged: false, isDeferralForTopItem: false
11-03 10:53:49.363270   416   416 D SKGHAL  : saveResource: resId = 100000
11-03 10:53:49.363773  2520 12978 D HOME    : [NewStreamAdapter]Publishing revision #4678 to adapter clients
11-03 10:53:49.364216  1686  2014 D SidekickService: sendBitmapsLocked(): status = 0, bytesUsed = 267
11-03 10:53:49.364391  1686  2014 D SidekickService: ISidekickGraphics#endResources()...
11-03 10:53:49.365061  2520 12759 D HOME    : [StreamDBQueue]Promised revision #4679 to queue a new op
11-03 10:53:49.365467  2520 12759 D WatchStreamManager: Promised rerank @ r#4679
11-03 10:53:49.365963  2520 12978 D HOME    : [WatchStreamDB]updateRanking()
11-03 10:53:49.366587  2520 12978 D HOME    : [WatchStreamDB]Item alerting conditions - isInterruptive: true, recentlyInterrupted: false, isItemPinned: false, isUnread: false
11-03 10:53:49.366919  2520 12978 D HOME    : [StreamAlertingRegulator]isTheaterModeEnabled: false, isAlertingAllowedByOffBody: true, matchesLocalInterruptionFilter: true
11-03 10:53:49.367222  2520 12978 D HOME    : [WatchStreamDB]couldItemAlert: false, isTopItemChanged: false, isDeferralForTopItem: false
11-03 10:53:49.368816  2520 12978 D HOME    : [NewStreamAdapter]Publishing revision #4679 to adapter clients
11-03 10:53:49.617450   416   416 D SKGHAL  : sendResources: metadata size = 2400, font size = 72
11-03 10:53:49.666017   416   416 D SKGHAL  : endResources: rc = 0
11-03 10:53:49.667813  1686  1686 W system_server: Long monitor contention with owner Binder:1686_5 (2014) at int com.google.android.clockwork.sidekick.SidekickService$BinderService.sendWatchFace(com.google.android.clockwork.decomposablewatchface.WatchFaceDecomposition, boolean)(SidekickService.java:1021) waiters=0 in boolean com.google.android.clockwork.sidekick.SidekickService$BinderService.readyToDisplay() for 310ms
11-03 10:53:49.669499  2520  2520 D HOME    : [SidekickManagerAsync]replaceWatchFaceComponents(): Callback#onResult(): 0
11-03 10:53:49.670085  2520  2520 D HOME    : [WatchFaceUiController]Complication updates sent, posting watch face hiding
--------- switch to system
11-03 10:53:49.670160  1686  1686 W Looper  : Slow dispatch took 313ms main h=android.os.Handler c=com.google.android.wearable.ambient.AmbientDream$Callbacks$1@3e62143 m=0
--------- switch to main
11-03 10:53:49.670299  2520  2520 D HOME    : [WatchFaceUiController]Still in ambient watch face, hiding
11-03 10:53:49.670466  2520  2520 D HOME    : [WatchFaceUiController]Hiding watch face wallpaper.
--------- switch to kernel
11-03 10:53:49.564083     0     0 E FG      : fg_psy_get_property: unsupported property 7
11-03 10:53:49.569860     0     0 W healthd : battery l=12 v=3663 t=28.0 h=2 st=3 c=107 fc=443000 cc=0 chg=
--------- switch to main
11-03 10:53:49.708726   512  1749 I sensors-hal: activate:107, android.sensor.light/46 en=0
11-03 10:53:49.711214  1956  1956 D QtiCarrierConfigHelper: WARNING, no carrier configs on phone Id: 0
11-03 10:53:49.713346   512  1749 I sensors-hal: activate:118, android.sensor.light/46 en=0 completed
11-03 10:53:49.719328  2520  2520 D HOME    : [BatteryChange]action: android.intent.action.BATTERY_CHANGED
11-03 10:53:49.720493  2520 12956 D HOME    : [BatteryChange]HandleBatteryChangedTask
11-03 10:53:49.721262  2520 12956 D HOME    : [BatteryChange]level: 12, status: 3
11-03 10:53:49.724091  2520 12956 D HOME    : [BatteryChange]updateStreamItem
--------- switch to system
11-03 10:53:49.744756  1686  1710 I DisplayManagerService: Display device changed state: "Écran intégré", DOZE_SUSPEND
--------- switch to main
11-03 10:53:49.786593  1686  1759 I InputReader: Reconfiguring input devices.  changes=0x00000004
11-03 10:53:49.792527   545   545 D SurfaceFlinger: Set power mode=3, type=0 flinger=0xb6bb6000
11-03 10:53:49.793603   504   764 I SDM     : DisplayBase::SetDisplayState: Set state = 3, display 0
11-03 10:53:49.854211   545   545 D SurfaceFlinger: Finished set power mode=3, type=0
11-03 10:53:49.855148  1686  1823 I SidekickService: beginDisplayLocked(): DOZE_SUSPEND
11-03 10:53:49.855984   416   416 D SKGHAL  : sendAmbientPrepare: enter:
--------- switch to kernel
11-03 10:53:49.677705     0     0 I mdss_dsi_panel_set_idle_mode: Idle (0->1)
11-03 10:53:49.723041     0     0 W mdss_resync_timeline: flush mdss_fb_0:1 TL(Nxt 97254 , Crnt 97253)
11-03 10:53:49.723104     0     0 I         : [touch]FB_BLANK_VSYNC_SUSPEND
11-03 10:53:49.723113     0     0 I         : [touch]irq disable
11-03 10:53:49.723118     0     0 I         : [touch]workqueue is empty!
11-03 10:53:49.723121     0     0 I         : [touch]raydium_ts_do_suspend.
11-03 10:53:49.723135     0     0 I         : [touch]Device may wakeup
11-03 10:53:49.727404     0     0 I         : [touch]irq enable
--------- switch to main
11-03 10:53:49.916317   416   416 D SKGHAL  : sendAmbientEvent: enter: enable = 1
11-03 10:53:49.918579   504   523 I SDM     : DisplayBase::SetDisplayState: Set state = 4, display 0
11-03 10:53:49.918784   504   523 D SDM     : HWCDisplayPrimary::SetStandByMode: Null display is connected successfully
11-03 10:53:49.919213   416   416 D SKGHAL  : standBy_update_control call succeed on 1
11-03 10:53:49.936196   416   416 D SKGHAL  : sendAmbientEvent: done: enable = 1
11-03 10:53:49.936950  1686  1823 D SidekickService:    ... beginDisplay result: 0 for halPower: 1
11-03 10:53:49.944376   512  1749 I sensors-hal: activate:107, android.sensor.accelerometer/48 en=0
--------- switch to kernel
11-03 10:53:49.820253     0     0 E bgrsb   : bgrsb_enable: gpio 32 is valid
--------- switch to main
11-03 10:53:49.947087   512  1749 I sensors-hal: activate:118, android.sensor.accelerometer/48 en=0 completed
11-03 10:53:49.956081  1686  1799 E WifiStateMachine: getWifiLinkLayerStats called without an interface
11-03 10:53:49.988509  1686  1686 I WearPower: [WearTouchMediator] changing touch input to enabled (ON_AUTO)
11-03 10:53:49.990767  1686  1759 I InputReader: Reconfiguring input devices.  changes=0x00000200
--------- switch to kernel
11-03 10:53:49.868123     0     0 I init    : processing action (ro.enable_core_ctl=true && sys.cw_corectl_mode=idle) from (/vendor/etc/init/hw/init.qcom.rc:949)
--------- switch to main
11-03 10:53:50.001682  1686  1686 I AmbientService: [ce6a28c] Timeout alarm not required, auto-resume timeout handled by dream.
11-03 10:53:50.018766  3205  3434 W WorkController: Loading failed for worker [trainingcache]: worker not found
11-03 10:53:50.021077  3205  3372 W A       : TrainingCache cache SCREEN_OFF failure
11-03 10:53:50.021077  3205  3372 W A       : com.google.android.apps.gsa.search.core.service.h.a.a: No worker found for Worker ID [trainingcache].
11-03 10:53:50.021077  3205  3372 W A       : 	at com.google.android.apps.gsa.search.core.service.g.a.c.a(Unknown Source:5)
11-03 10:53:50.021077  3205  3372 W A       : 	at com.google.android.libraries.gsa.c.a.d.a(Unknown Source:3)
11-03 10:53:50.021077  3205  3372 W A       : 	at com.google.common.p.a.cg.c(Unknown Source:2)
11-03 10:53:50.021077  3205  3372 W A       : 	at com.google.common.p.a.bk.run(SourceFile:3)
11-03 10:53:50.021077  3205  3372 W A       : 	at com.google.common.p.a.ci.run(Unknown Source:4)
11-03 10:53:50.021077  3205  3372 W A       : 	at com.google.apps.tiktok.concurrent.ab.run(SourceFile:1)
11-03 10:53:50.021077  3205  3372 W A       : 	at java.util.concurrent.ThreadPoolExecutor.runWorker(ThreadPoolExecutor.java:1167)
11-03 10:53:50.021077  3205  3372 W A       : 	at java.util.concurrent.ThreadPoolExecutor$Worker.run(ThreadPoolExecutor.java:641)
11-03 10:53:50.021077  3205  3372 W A       : 	at com.google.apps.tiktok.concurrent.c.run(Unknown Source:4)
11-03 10:53:50.021077  3205  3372 W A       : 	at java.lang.Thread.run(Thread.java:764)
11-03 10:53:50.055304  2520  2520 D HOME    : [StreamDBQueue]Promised revision #4680 to queue a new op
11-03 10:53:50.056116  2520  2520 D WatchStreamManager: Promised rank-blocked=false @ r#4680
11-03 10:53:50.056930  2520  2520 D HOME    : [CompactHunStarter]detachWindow()
11-03 10:53:50.065558  2520 12957 D HOME    : [StreamDBQueue]Promised revision #4681 to queue a new op
11-03 10:53:50.066360  2520 12957 D WatchStreamManager: Promised rerank @ r#4681
--------- switch to kernel
11-03 10:53:49.933173     0     0 I CPU3    : update max cpu_capacity 1024
--------- switch to main
11-03 10:53:50.068737  2520 12956 D HOME    : [WatchStreamDB]Item alerting conditions - isInterruptive: true, recentlyInterrupted: false, isItemPinned: false, isUnread: false
11-03 10:53:50.069864  2520 12956 D HOME    : [StreamAlertingRegulator]isTheaterModeEnabled: false, isAlertingAllowedByOffBody: true, matchesLocalInterruptionFilter: true
11-03 10:53:50.070615  2520 12956 D HOME    : [WatchStreamDB]couldItemAlert: false, isTopItemChanged: false, isDeferralForTopItem: false
11-03 10:53:50.071853  2520 12956 D HOME    : [WatchStreamDB]updateRanking()
11-03 10:53:50.073643  2520 12956 D HOME    : [WatchStreamDB]Item alerting conditions - isInterruptive: true, recentlyInterrupted: false, isItemPinned: false, isUnread: false
11-03 10:53:50.074634  2520 12956 D HOME    : [StreamAlertingRegulator]isTheaterModeEnabled: false, isAlertingAllowedByOffBody: true, matchesLocalInterruptionFilter: true
11-03 10:53:50.075385  2520 12956 D HOME    : [WatchStreamDB]couldItemAlert: false, isTopItemChanged: false, isDeferralForTopItem: false
--------- switch to kernel
11-03 10:53:49.974768     0     0 W         : IRQ21 no longer affine to CPU2
11-03 10:53:49.976565     0     0 I CPU2    : shutdown
--------- switch to main
11-03 10:53:50.077405  2520 12956 D HOME    : [NewStreamAdapter]Publishing revision #4681 to adapter clients
--------- switch to kernel
11-03 10:53:49.984036     0     0 I init    : Command 'write /sys/devices/system/cpu/cpu2/online 0' action=ro.enable_core_ctl=true && sys.cw_corectl_mode=idle (/vendor/etc/init/hw/init.qcom.rc:951) took 115ms and succeeded
11-03 10:53:50.144331     0     0 I PM      : suspend entry 2021-11-03 09:53:50.144331076 UTC
--------- switch to main
11-03 10:53:50.171311  2163  2174 I arable.setting: Background concurrent copying GC freed 17237(749KB) AllocSpace objects, 0(0B) LOS objects, 24% free, 2MB/3MB, paused 304us total 107.551ms
--------- switch to kernel
11-03 10:53:50.144354     0     0 I PM      : Syncing filesystems ...
11-03 10:53:50.178157     0     0 I CPU0    : update max cpu_capacity 748
11-03 10:53:50.202164     0     0 I CPU3    : shutdown
11-03 10:53:50.206879     0     0 I init    : Command 'write /sys/devices/system/cpu/cpu3/online 0' action=ro.enable_core_ctl=true && sys.cw_corectl_mode=idle (/vendor/etc/init/hw/init.qcom.rc:952) took 96ms and succeeded
11-03 10:53:50.306203     0     0 I         : done.
11-03 10:53:50.306753     0     0 I         : Freezing user space processes ...
11-03 10:53:50.313412     0     0 I PM      : Wakeup pending, aborting suspend
11-03 10:53:50.313583     0     0 I         : last active wakeup source: eventpoll
11-03 10:53:50.313622     0     0 E         : Freezing of tasks aborted after 0.006 seconds
11-03 10:53:50.313644     0     0 I         : Restarting tasks ...
11-03 10:53:50.314598     0     0 W QSEECOM : qseecom_receive_req: Interrupted: exiting Listener Service = 28672
11-03 10:53:50.314695     0     0 W QSEECOM : qseecom_receive_req: Interrupted: exiting Listener Service = 11
11-03 10:53:50.314736     0     0 W QSEECOM : qseecom_receive_req: Interrupted: exiting Listener Service = 12288
11-03 10:53:50.314807     0     0 W QSEECOM : qseecom_receive_req: Interrupted: exiting Listener Service = 10
11-03 10:53:50.319591     0     0 W QSEECOM : qseecom_receive_req: Interrupted: exiting Listener Service = 8192
11-03 10:53:50.321837     0     0 I         : done.
11-03 10:53:50.322878     0     0 I PM      : suspend exit 2021-11-03 09:53:50.322878680 UTC
11-03 10:53:50.524608     0     0 I PM      : suspend entry 2021-11-03 09:53:50.524608472 UTC
11-03 10:53:50.524630     0     0 I PM      : Syncing filesystems ... done.
11-03 10:53:50.553059     0     0 I         : Freezing user space processes ... (elapsed 0.011 seconds) done.
11-03 10:53:50.564293     0     0 I         : Freezing remaining freezable tasks ... (elapsed 0.006 seconds) done.
11-03 10:53:50.570455     0     0 I         : Suspending console(s) (use no_console_suspend to debug)
11-03 10:53:50.585969     0     0 I mdss_dsi_panel_set_idle_mode: Idle (1->1)
11-03 10:53:50.623656     0     0 I bgcom   : bgcom_pm_suspend: suspended with : 0
11-03 10:53:50.659660     0     0 I PM      : suspend of devices complete after 85.375 msecs
11-03 10:53:50.665711     0     0 I PM      : late suspend of devices complete after 6.007 msecs
11-03 10:53:50.671986     0     0 I PM      : noirq suspend of devices complete after 6.231 msecs
11-03 10:53:50.672002     0     0 I         : Disabling non-boot CPUs ...
11-03 10:53:50.701058     0     0 I CPU1    : shutdown
11-03 10:53:50.703517     0     0 I suspend ns: 4048959680809	suspend cycles:    1242586329170
11-03 10:53:50.703491     0     0 I CPU0    : msm_cpu_pm_enter_sleep mode:3 during suspend
11-03 10:53:50.703491     0     0 I         : Suspended for 45.439 seconds
11-03 10:53:50.703491     0     0 I resume cycles: 1243458779184
11-03 10:53:50.704245     0     0 I         : Enabling non-boot CPUs ...
11-03 10:53:50.705132     0     0 I CPU1    : update cpu_capacity 1024
11-03 10:53:50.706897     0     0 I         : CPU1 is up
11-03 10:53:50.707446     0     0 I CPU1    : update max cpu_capacity 748
11-03 10:53:50.710901     0     0 I PM      : noirq resume of devices complete after 3.669 msecs
11-03 10:53:50.716401     0     0 I PM      : early resume of devices complete after 3.981 msecs
11-03 10:53:50.750653     0     0 I bgcom   : bgcom_pm_resume: Bgcom resumed with : 0
11-03 10:53:50.761047     0     0 I mdss_dsi_panel_set_idle_mode: Idle (1->1)
11-03 10:53:50.803247     0     0 I PM      : resume of devices complete after 86.799 msecs
11-03 10:53:50.808037     0     0 I         : Restarting tasks ...
--------- switch to system
11-03 10:54:36.274436  1686  1686 I PowerManagerService: Waking up from dozing (uid=1000 reason=tiltToWake)...
--------- switch to kernel
11-03 10:53:50.813383     0     0 W QSEECOM : qseecom_receive_req: Interrupted: exiting Listener Service = 8192
11-03 10:53:50.818168     0     0 W QSEECOM : qseecom_receive_req: Interrupted: exiting Listener Service = 12288
11-03 10:53:50.818257     0     0 W QSEECOM : qseecom_receive_req: Interrupted: exiting Listener Service = 11
11-03 10:53:50.818313     0     0 W QSEECOM : qseecom_receive_req: Interrupted: exiting Listener Service = 10
11-03 10:53:50.818365     0     0 W QSEECOM : qseecom_receive_req: Interrupted: exiting Listener Service = 28672
11-03 10:53:50.854212     0     0 I         : done.
11-03 10:54:36.295070     0     0 I PM      : suspend exit 2021-11-03 09:54:36.295070485 UTC
11-03 10:54:36.296047     0     0 E FG      : fg_psy_get_property: unsupported property 7
--------- switch to system
11-03 10:54:36.300194  1686  1686 W UsageStatsService: Event reported without a package name
--------- switch to kernel
11-03 10:54:36.180466     0     0 W healthd : battery l=12 v=3724 t=28.0 h=2 st=3 c=4 fc=443000 cc=0 chg=
--------- switch to main
11-03 10:54:36.336654   512   512 I sensors-hal: batch:140, android.sensor.light/46, period=100000000, max_latency=0
11-03 10:54:36.336777   512   512 I sensors-hal: batch:149, android.sensor.light/46, period=100000000, max_latency=0 request completed
11-03 10:54:36.341647   512  1749 I sensors-hal: activate:107, android.sensor.light/46 en=1
11-03 10:54:36.343898   512  1749 I sensors-hal: ssc_enable_rt_task:254, ssc_enable_rt_task : true
11-03 10:54:36.348916   512  1749 I sensors-hal: activate:118, android.sensor.light/46 en=1 completed
11-03 10:54:36.353049   512  1749 I sensors-hal: batch:140, android.sensor.accelerometer/48, period=66667000, max_latency=100000000
11-03 10:54:36.353049  1686  1823 I SidekickService: endDisplayLocked()
11-03 10:54:36.353194   512  1749 I sensors-hal: batch:149, android.sensor.accelerometer/48, period=66667000, max_latency=100000000 request completed
11-03 10:54:36.353606   512  1749 I sensors-hal: activate:107, android.sensor.accelerometer/48 en=1
11-03 10:54:36.354027   512  1749 I sensors-hal: ssc_enable_rt_task:254, ssc_enable_rt_task : true
--------- switch to kernel
11-03 10:54:36.246309     0     0 E bgrsb   : bgrsb_enable: rsb will set report rate
11-03 10:54:36.263868     0     0 I         : [touch]FB_BLANK_VSYNC_SUSPEND
11-03 10:54:36.263872     0     0 I         : [touch]Already in suspend state
11-03 10:54:36.267839     0     0 E bgrsb   : bgrsb_enable: gpio 32 is valid
11-03 10:54:36.273720     0     0 I mdss_dsi_panel_set_idle_mode: Idle (1->0)
11-03 10:54:36.274700     0     0 E mdp3_enable_panic_ctrl: mdp3_enable_panic_ctrl: Enable Panic Control
--------- switch to system
11-03 10:54:36.354064  1686  1710 I DisplayManagerService: Display device changed state: "Écran intégré", ON
--------- switch to main
11-03 10:54:36.358406   416   416 D SKGHAL  : sendAmbientEvent: enter: enable = 0
11-03 10:54:36.377758   512  1749 I sensors-hal: activate:118, android.sensor.accelerometer/48 en=1 completed
11-03 10:54:36.390153   504   523 I SDM     : DisplayBase::SetDisplayState: Set state = 3, display 0
11-03 10:54:36.390392   504   523 D SDM     : HWCDisplayPrimary::SetStandByMode: Display is connected successfully
11-03 10:54:36.390977   416   416 D SKGHAL  : standBy_update_control call succeed on 0
11-03 10:54:36.391095   416   416 D SKGHAL  : sendAmbientEvent: done: enable = 0
11-03 10:54:36.391950  1686  1823 D SidekickService:    ... endDisplay returns void
11-03 10:54:36.392582   545   545 D SurfaceFlinger: Set power mode=2, type=0 flinger=0xb6bb6000
11-03 10:54:36.392943   504   764 I SDM     : DisplayBase::SetDisplayState: Set state = 1, display 0
11-03 10:54:36.396843  2520  2520 D HOME    : [BatteryChange]action: android.intent.action.BATTERY_CHANGED
11-03 10:54:36.399044  4243  4243 D OMService: onDisplayChanged: not dozing
11-03 10:54:36.402549   545   545 D SurfaceFlinger: Finished set power mode=2, type=0
11-03 10:54:36.402873  2520 12957 D HOME    : [BatteryChange]HandleBatteryChangedTask
11-03 10:54:36.403537  2520 12957 D HOME    : [BatteryChange]level: 12, status: 3
--------- switch to system
11-03 10:54:36.410151  1686  1698 W PowerManagerService: Screen on took 275 ms
11-03 10:54:36.412226  1686  1712 I DreamManagerService: Gently waking up from dream.
--------- switch to main
11-03 10:54:36.412642  1686  1759 I InputReader: Reconfiguring input devices.  changes=0x00000004
--------- switch to system
11-03 10:54:36.413013  1686  1708 I DreamManagerService: Performing gentle wake from dream.
--------- switch to main
11-03 10:54:36.416056  1956  1956 D QtiCarrierConfigHelper: WARNING, no carrier configs on phone Id: 0
--------- switch to system
11-03 10:54:36.424117  1686  1686 V DreamService[AmbientDream]: wakeUp(): fromSystem=true, mWaking=false, mFinished=false
11-03 10:54:36.424275  1686  1686 V DreamService[AmbientDream]: finish(): mFinished=false
11-03 10:54:36.424393  1686  1686 I DreamManagerService: Leaving dreamland.
11-03 10:54:36.426008  1686  1708 I DreamManagerService: Performing gentle wake from dream.
11-03 10:54:36.426245  1686  1708 I DreamController: Stopping dream: name=ComponentInfo{com.google.android.wearable.ambient/com.google.android.wearable.ambient.AmbientDream}, isTest=false, canDoze=true, userId=0
11-03 10:54:36.427976  1686  1702 W BroadcastQueue: Background execution not allowed: receiving Intent { act=android.intent.action.USER_PRESENT flg=0x10 } to com.google.android.gms/.auth.setup.devicesignals.LockScreenReceiver
11-03 10:54:36.428809  1686  1702 W BroadcastQueue: Background execution not allowed: receiving Intent { act=android.intent.action.USER_PRESENT flg=0x10 } to com.google.android.gms/.chimera.GmsIntentOperationService$PersistentTrustedReceiver
--------- switch to main
11-03 10:54:36.432516   512 13293 I sensors-hal: handle_indication_realtime:355,  SCHED_FIFO(10) for qmi_cbk
11-03 10:54:36.434558  3205  3434 W WorkController: Loading failed for worker [trainingcache]: worker not found
11-03 10:54:36.435628  3205  3294 W A       : TrainingCache cache DEVICE_UNLOCKED failure
11-03 10:54:36.435628  3205  3294 W A       : com.google.android.apps.gsa.search.core.service.h.a.a: No worker found for Worker ID [trainingcache].
11-03 10:54:36.435628  3205  3294 W A       : 	at com.google.android.apps.gsa.search.core.service.g.a.c.a(Unknown Source:5)
11-03 10:54:36.435628  3205  3294 W A       : 	at com.google.android.libraries.gsa.c.a.d.a(Unknown Source:3)
11-03 10:54:36.435628  3205  3294 W A       : 	at com.google.common.p.a.cg.c(Unknown Source:2)
11-03 10:54:36.435628  3205  3294 W A       : 	at com.google.common.p.a.bk.run(SourceFile:3)
11-03 10:54:36.435628  3205  3294 W A       : 	at com.google.common.p.a.ci.run(Unknown Source:4)
11-03 10:54:36.435628  3205  3294 W A       : 	at com.google.apps.tiktok.concurrent.ab.run(SourceFile:1)
11-03 10:54:36.435628  3205  3294 W A       : 	at java.util.concurrent.ThreadPoolExecutor.runWorker(ThreadPoolExecutor.java:1167)
11-03 10:54:36.435628  3205  3294 W A       : 	at java.util.concurrent.ThreadPoolExecutor$Worker.run(ThreadPoolExecutor.java:641)
11-03 10:54:36.435628  3205  3294 W A       : 	at com.google.apps.tiktok.concurrent.c.run(Unknown Source:4)
11-03 10:54:36.435628  3205  3294 W A       : 	at java.lang.Thread.run(Thread.java:764)
11-03 10:54:36.449232  1686  1799 E WifiStateMachine: getWifiLinkLayerStats called without an interface
--------- switch to system
11-03 10:54:36.456289  1686  1686 V DreamService[AmbientDream]: detach(): Calling onDreamingStopped()
--------- switch to main
11-03 10:54:36.456473  1686  1686 I AmbientService: [ce6a28c] doOnDreamingStopped
11-03 10:54:36.456580  1686  1686 D WristGestureCtrl: Starting: GesturesEnabled-false UngazeEnabled-true
11-03 10:54:36.456645  1686  1686 D DefaultUngazeDetector: starting
11-03 10:54:36.456720  1686  1686 D DefaultUngazeDetector: startUngazeStateEstimation(). startTime = 64755886
--------- switch to kernel
11-03 10:54:36.274792     0     0 I         : [touch]FB_BLANK_UNBLANK
11-03 10:54:36.274798     0     0 I         : [touch]raydium_ts_do_resume, 1.
11-03 10:54:36.275143     0     0 I         : [ raydium ]workqueue is empty!
11-03 10:54:36.275160     0     0 I raydium_ts 5-0039: [touch]Already enable irq
11-03 10:54:36.275163     0     0 I         : [touch]Device may wakeup
