11-03 12:18:40.738413  2520 13693 D HOME    : [WatchStreamDB]Item alerting conditions - isInterruptive: true, recentlyInterrupted: false, isItemPinned: false, isUnread: true
11-03 12:18:40.738697  2520 13693 D HOME    : [StreamAlertingRegulator]isTheaterModeEnabled: false, isAlertingAllowedByOffBody: true, matchesLocalInterruptionFilter: true
11-03 12:18:40.738873  2520 13693 D HOME    : [WatchStreamDB]couldItemAlert: false, isTopItemChanged: false, isDeferralForTopItem: false
11-03 12:18:40.739362  2520 13693 D HOME    : [NewStreamAdapter]Publishing revision #5283 to adapter clients
11-03 12:18:40.739823  1686  2014 D SidekickService: sendBitmapsLocked(): status = 0, bytesUsed = 64
11-03 12:18:40.739984  1686  2014 D SidekickService: ISidekickGraphics#endResources()...
11-03 12:18:40.747422  2520  2520 W StaticLayout: maxLineHeight should not be -1.  maxLines:1 lineCount:1
11-03 12:18:41.008909   416  2389 D SKGHAL  : sendResources: metadata size = 2400, font size = 72
11-03 12:18:41.068673   416  2389 D SKGHAL  : endResources: rc = 0
11-03 12:18:41.071428  1686  1686 W system_server: Long monitor contention with owner Binder:1686_5 (2014) at int com.google.android.clockwork.sidekick.SidekickService$BinderService.sendWatchFace(com.google.android.clockwork.decomposablewatchface.WatchFaceDecomposition, boolean)(SidekickService.java:1021) waiters=0 in boolean com.google.android.clockwork.sidekick.SidekickService$BinderService.readyToDisplay() for 343ms
11-03 12:18:41.072206  2520  2520 D HOME    : [SidekickManagerAsync]replaceWatchFaceComponents(): Callback#onResult(): 0
11-03 12:18:41.072505  2520  2520 D HOME    : [WatchFaceUiController]Complication updates sent, posting watch face hiding
11-03 12:18:41.072592  2520  2520 D HOME    : [WatchFaceUiController]Still in ambient watch face, hiding
11-03 12:18:41.072658  2520  2520 D HOME    : [WatchFaceUiController]Hiding watch face wallpaper.
--------- switch to system
11-03 12:18:41.072696  1686  1686 W Looper  : Slow dispatch took 344ms main h=android.os.Handler c=com.google.android.wearable.ambient.AmbientDream$Callbacks$1@2657648 m=0
--------- switch to kernel
11-03 12:18:40.978647     0     0 E FG      : fg_psy_get_property: unsupported property 7
--------- switch to main
11-03 12:18:41.130525  1956  1956 D QtiCarrierConfigHelper: WARNING, no carrier configs on phone Id: 0
11-03 12:18:41.139952  2520  2520 D HOME    : [BatteryChange]action: android.intent.action.BATTERY_CHANGED
11-03 12:18:41.145956   512  1749 I sensors-hal: activate:107, android.sensor.light/46 en=0
11-03 12:18:41.148259   512  1749 I sensors-hal: activate:118, android.sensor.light/46 en=0 completed
--------- switch to system
11-03 12:18:41.166243  1686  1710 I DisplayManagerService: Display device changed state: "Écran intégré", DOZE_SUSPEND
--------- switch to main
11-03 12:18:41.187745   545   545 D SurfaceFlinger: Set power mode=3, type=0 flinger=0xb6bb6000
11-03 12:18:41.188610   504   764 I SDM     : DisplayBase::SetDisplayState: Set state = 3, display 0
--------- switch to kernel
11-03 12:18:40.981228     0     0 W healthd : battery l=4 v=3695 t=20.0 h=2 st=3 c=5 fc=443000 cc=0 chg=
11-03 12:18:41.047436     0     0 I mdss_dsi_panel_set_idle_mode: Idle (0->1)
--------- switch to main
11-03 12:18:41.200121  2520 13836 D HOME    : [BatteryChange]HandleBatteryChangedTask
11-03 12:18:41.201390  2520 13836 D HOME    : [BatteryChange]level: 4, status: 3
11-03 12:18:41.203872  2520 13836 D HOME    : [BatteryChange]updateStreamItem
11-03 12:18:41.217572  2520 13836 D HOME    : [BatteryChange]batteryHistory size: 20'
11-03 12:18:41.217868  2520 13836 D HOME    : [BatteryChange]timeDelta: 14952609
11-03 12:18:41.218220  2520 13836 D HOME    : [BatteryChange]levelDelta: 22
11-03 12:18:41.222115   545   545 D SurfaceFlinger: Finished set power mode=3, type=0
--------- switch to kernel
11-03 12:18:41.077509     0     0 I         : [touch]FB_BLANK_VSYNC_SUSPEND
11-03 12:18:41.077518     0     0 I         : [touch]irq disable
11-03 12:18:41.077524     0     0 I         : [touch]workqueue is empty!
11-03 12:18:41.077530     0     0 I         : [touch]raydium_ts_do_suspend.
11-03 12:18:41.077543     0     0 I         : [touch]Device may wakeup
11-03 12:18:41.080448     0     0 I         : [touch]irq enable
--------- switch to main
11-03 12:18:41.222899  1686  1823 I SidekickService: beginDisplayLocked(): DOZE_SUSPEND
11-03 12:18:41.223892   416  2389 D SKGHAL  : sendAmbientPrepare: enter:
11-03 12:18:41.231946  1686  1759 I InputReader: Reconfiguring input devices.  changes=0x00000004
11-03 12:18:41.355519   416  2389 D SKGHAL  : sendAmbientEvent: enter: enable = 1
11-03 12:18:41.356703   504   523 I SDM     : DisplayBase::SetDisplayState: Set state = 4, display 0
11-03 12:18:41.365730   504   523 D SDM     : HWCDisplayPrimary::SetStandByMode: Null display is connected successfully
11-03 12:18:41.366033   416  2389 D SKGHAL  : standBy_update_control call succeed on 1
11-03 12:18:41.376195   416  2389 D SKGHAL  : sendAmbientEvent: done: enable = 1
11-03 12:18:41.376773  1686  1823 D SidekickService:    ... beginDisplay result: 0 for halPower: 1
11-03 12:18:41.381297   512   512 I sensors-hal: activate:107, android.sensor.accelerometer/48 en=0
11-03 12:18:41.383248   512   512 I sensors-hal: activate:118, android.sensor.accelerometer/48 en=0 completed
11-03 12:18:41.392964  1686  1799 E WifiStateMachine: getWifiLinkLayerStats called without an interface
--------- switch to kernel
11-03 12:18:41.262071     0     0 E bgrsb   : bgrsb_enable: gpio 32 is valid
--------- switch to main
11-03 12:18:41.426332  1686  1686 I WearPower: [WearTouchMediator] changing touch input to enabled (ON_AUTO)
11-03 12:18:41.432497  1686  1759 I InputReader: Reconfiguring input devices.  changes=0x00000200
11-03 12:18:41.436924  1686  1686 I AmbientService: [ce6a28c] Timeout alarm not required, auto-resume timeout handled by dream.
--------- switch to kernel
11-03 12:18:41.289912     0     0 I init    : processing action (ro.enable_core_ctl=true && sys.cw_corectl_mode=idle) from (/vendor/etc/init/hw/init.qcom.rc:949)
--------- switch to main
11-03 12:18:41.444297  3205  3434 W WorkController: Loading failed for worker [trainingcache]: worker not found
11-03 12:18:41.445144  3205  3294 W A       : TrainingCache cache SCREEN_OFF failure
11-03 12:18:41.445144  3205  3294 W A       : com.google.android.apps.gsa.search.core.service.h.a.a: No worker found for Worker ID [trainingcache].
11-03 12:18:41.445144  3205  3294 W A       : 	at com.google.android.apps.gsa.search.core.service.g.a.c.a(Unknown Source:5)
11-03 12:18:41.445144  3205  3294 W A       : 	at com.google.android.libraries.gsa.c.a.d.a(Unknown Source:3)
11-03 12:18:41.445144  3205  3294 W A       : 	at com.google.common.p.a.cg.c(Unknown Source:2)
11-03 12:18:41.445144  3205  3294 W A       : 	at com.google.common.p.a.bk.run(SourceFile:3)
11-03 12:18:41.445144  3205  3294 W A       : 	at com.google.common.p.a.ci.run(Unknown Source:4)
11-03 12:18:41.445144  3205  3294 W A       : 	at com.google.apps.tiktok.concurrent.ab.run(SourceFile:1)
11-03 12:18:41.445144  3205  3294 W A       : 	at java.util.concurrent.ThreadPoolExecutor.runWorker(ThreadPoolExecutor.java:1167)
11-03 12:18:41.445144  3205  3294 W A       : 	at java.util.concurrent.ThreadPoolExecutor$Worker.run(ThreadPoolExecutor.java:641)
11-03 12:18:41.445144  3205  3294 W A       : 	at com.google.apps.tiktok.concurrent.c.run(Unknown Source:4)
11-03 12:18:41.445144  3205  3294 W A       : 	at java.lang.Thread.run(Thread.java:764)
11-03 12:18:41.458444  2520  2520 D HOME    : [StreamDBQueue]Promised revision #5284 to queue a new op
11-03 12:18:41.458718  2520  2520 D WatchStreamManager: Promised rank-blocked=false @ r#5284
11-03 12:18:41.458940  2520  2520 D HOME    : [CompactHunStarter]detachWindow()
11-03 12:18:41.459185  2520 13836 D HOME    : [WatchStreamDB]Item alerting conditions - isInterruptive: true, recentlyInterrupted: false, isItemPinned: false, isUnread: true
11-03 12:18:41.459442  2520 13836 D HOME    : [StreamAlertingRegulator]isTheaterModeEnabled: false, isAlertingAllowedByOffBody: true, matchesLocalInterruptionFilter: true
11-03 12:18:41.459591  2520 12958 D HOME    : [StreamDBQueue]Promised revision #5285 to queue a new op
11-03 12:18:41.459642  2520 13836 D HOME    : [WatchStreamDB]couldItemAlert: false, isTopItemChanged: false, isDeferralForTopItem: false
11-03 12:18:41.459687  2520 12958 D WatchStreamManager: Promised rerank @ r#5285
11-03 12:18:41.460012  2520 13836 D HOME    : [WatchStreamDB]updateRanking()
11-03 12:18:41.460465  2520 13836 D HOME    : [WatchStreamDB]Item alerting conditions - isInterruptive: true, recentlyInterrupted: false, isItemPinned: false, isUnread: true
11-03 12:18:41.460735  2520 13836 D HOME    : [StreamAlertingRegulator]isTheaterModeEnabled: false, isAlertingAllowedByOffBody: true, matchesLocalInterruptionFilter: true
11-03 12:18:41.460927  2520 13836 D HOME    : [WatchStreamDB]couldItemAlert: false, isTopItemChanged: false, isDeferralForTopItem: false
11-03 12:18:41.463023  2520 13836 D HOME    : [NewStreamAdapter]Publishing revision #5285 to adapter clients
--------- switch to kernel
11-03 12:18:41.488654     0     0 I PM      : suspend entry 2021-11-03 11:18:41.488654326 UTC
11-03 12:18:41.488664     0     0 I PM      : Syncing filesystems ... done.
11-03 12:18:41.522231     0     0 I         : Freezing user space processes ... (elapsed 0.005 seconds) done.
11-03 12:18:41.527887     0     0 I         : Freezing remaining freezable tasks ... (elapsed 0.003 seconds) done.
11-03 12:18:41.531112     0     0 I         : Suspending console(s) (use no_console_suspend to debug)
11-03 12:18:41.541300     0     0 I mdss_dsi_panel_set_idle_mode: Idle (1->1)
11-03 12:18:41.582562     0     0 I bgcom   : bgcom_pm_suspend: suspended with : 0
11-03 12:18:41.605148     0     0 I PM      : suspend of devices complete after 72.496 msecs
11-03 12:18:41.607887     0     0 I PM      : late suspend of devices complete after 2.723 msecs
11-03 12:18:41.611017     0     0 I PM      : noirq suspend of devices complete after 3.113 msecs
11-03 12:18:41.611023     0     0 I         : Disabling non-boot CPUs ...
11-03 12:18:41.629595     0     0 I CPU1    : shutdown
11-03 12:18:41.630533     0     0 I suspend ns: 4462281189917	suspend cycles:    1340332127957
11-03 12:18:41.630522     0     0 I CPU0    : msm_cpu_pm_enter_sleep mode:3 during suspend
11-03 12:18:41.630522     0     0 I         : Suspended for 18.828 seconds
11-03 12:18:41.630522     0     0 I resume cycles: 1340693639885
11-03 12:18:41.630741     0     0 I         : Enabling non-boot CPUs ...
11-03 12:18:41.631074     0     0 I CPU1    : update cpu_capacity 1024
11-03 12:18:41.632032     0     0 I         : CPU1 is up
11-03 12:18:41.633648     0     0 I PM      : noirq resume of devices complete after 1.422 msecs
11-03 12:18:41.636592     0     0 I PM      : early resume of devices complete after 1.804 msecs
11-03 12:18:41.638157     0     0 I CPU0    : update max cpu_capacity 748
11-03 12:18:41.638466     0     0 E FG      : fg_psy_get_property: unsupported property 7
11-03 12:18:41.659312     0     0 I bgcom   : bgcom_pm_resume: Bgcom resumed with : 0
11-03 12:18:41.669427     0     0 I mdss_dsi_panel_set_idle_mode: Idle (1->1)
11-03 12:18:41.701082     0     0 I PM      : resume of devices complete after 64.472 msecs
11-03 12:18:41.702991     0     0 I         : Restarting tasks ...
11-03 12:18:41.704889     0     0 W QSEECOM : qseecom_receive_req: Interrupted: exiting Listener Service = 8192
11-03 12:18:41.704972     0     0 W QSEECOM : qseecom_receive_req: Interrupted: exiting Listener Service = 10
11-03 12:18:41.705007     0     0 W QSEECOM : qseecom_receive_req: Interrupted: exiting Listener Service = 28672
11-03 12:18:41.707832     0     0 W QSEECOM : qseecom_receive_req: Interrupted: exiting Listener Service = 12288
11-03 12:18:41.707884     0     0 W QSEECOM : qseecom_receive_req: Interrupted: exiting Listener Service = 11
11-03 12:18:41.709615     0     0 E FG      : fg_psy_get_property: unsupported property 7
--------- switch to main
11-03 12:19:00.548151   512  3991 I sensors-hal: submit_sensors_hal_event:107, (pedometer_wrist  Non-wakeup)dropping un-ordered ts samples _previous 69801995661414 and current ts 69801995661414
11-03 12:19:00.548330   512  3991 I sensors-hal: submit_sensors_hal_event:107, (pedometer_wrist  Non-wakeup)dropping un-ordered ts samples _previous 69806345661414 and current ts 69806345661414
11-03 12:19:00.548459   512  3991 I sensors-hal: submit_sensors_hal_event:107, (pedometer_wrist  Non-wakeup)dropping un-ordered ts samples _previous 69809445661414 and current ts 69809445661414
11-03 12:19:00.548517   512  3991 I sensors-hal: submit_sensors_hal_event:107, (pedometer_wrist  Non-wakeup)dropping un-ordered ts samples _previous 69810495661414 and current ts 69810495661414
11-03 12:19:00.548580   512  3991 I sensors-hal: submit_sensors_hal_event:107, (pedometer_wrist  Non-wakeup)dropping un-ordered ts samples _previous 69812295661414 and current ts 69812295661414
11-03 12:19:00.548630   512  3991 I sensors-hal: submit_sensors_hal_event:107, (pedometer_wrist  Non-wakeup)dropping un-ordered ts samples _previous 69813395661414 and current ts 69813395661414
--------- switch to kernel
11-03 12:18:41.711437     0     0 E FG      : fg_psy_get_property: unsupported property 7
11-03 12:18:41.714060     0     0 I         : done.
11-03 12:19:00.567115     0     0 I healthd : battery l=4 v=3693 t=20.0 h=2 st=3 c=5 fc=443000 cc=0 chg=
11-03 12:19:00.545465     0     0 I PM      : suspend exit 2021-11-03 11:19:00.545465829 UTC
11-03 12:19:00.406184     0     0 W healthd : battery l=4 v=3693 t=20.0 h=2 st=3 c=5 fc=443000 cc=0 chg=
--------- switch to main
11-03 12:19:00.548680   512  3991 I sensors-hal: submit_sensors_hal_event:107, (pedometer_wrist  Non-wakeup)dropping un-ordered ts samples _previous 69814345661414 and current ts 69814345661414
11-03 12:19:00.548781   512  3991 I sensors-hal: submit_sensors_hal_event:107, (pedometer_wrist  Non-wakeup)dropping un-ordered ts samples _previous 69816195661414 and current ts 69816195661414
11-03 12:19:00.548840   512  3991 I sensors-hal: submit_sensors_hal_event:107, (pedometer_wrist  Non-wakeup)dropping un-ordered ts samples _previous 69817095661414 and current ts 69817095661414
11-03 12:19:00.548894   512  3991 I sensors-hal: submit_sensors_hal_event:107, (pedometer_wrist  Non-wakeup)dropping un-ordered ts samples _previous 69818095661414 and current ts 69818095661414
11-03 12:19:00.563937  1956  1956 D QtiCarrierConfigHelper: WARNING, no carrier configs on phone Id: 0
11-03 12:19:00.565902  2520  2520 D HOME    : [BatteryChange]action: android.intent.action.BATTERY_CHANGED
11-03 12:19:00.566353  2520 12958 D HOME    : [BatteryChange]HandleBatteryChangedTask
11-03 12:19:00.567470  2520 12958 D HOME    : [BatteryChange]level: 4, status: 3
11-03 12:19:00.568313  2520 12958 D HOME    : [BatteryChange]updateStreamItem
11-03 12:19:00.582755  2520 12958 D HOME    : [BatteryChange]batteryHistory size: 20'
11-03 12:19:00.583109  2520 12958 D HOME    : [BatteryChange]timeDelta: 14952609
11-03 12:19:00.583332  2520 12958 D HOME    : [BatteryChange]levelDelta: 22
--------- switch to kernel
11-03 12:19:00.647626     0     0 I PM      : suspend entry 2021-11-03 11:19:00.647626506 UTC
11-03 12:19:00.647639     0     0 I PM      : Syncing filesystems ... done.
11-03 12:19:00.702393     0     0 I         : Freezing user space processes ... (elapsed 0.007 seconds) done.
11-03 12:19:00.709941     0     0 I         : Freezing remaining freezable tasks ... (elapsed 0.003 seconds) done.
11-03 12:19:00.713905     0     0 I         : Suspending console(s) (use no_console_suspend to debug)
11-03 12:19:00.726055     0     0 I mdss_dsi_panel_set_idle_mode: Idle (1->1)
11-03 12:19:00.761948     0     0 I bgcom   : bgcom_pm_suspend: suspended with : 0
11-03 12:19:00.797837     0     0 I PM      : suspend of devices complete after 81.582 msecs
11-03 12:19:00.803683     0     0 I PM      : late suspend of devices complete after 5.803 msecs
11-03 12:19:00.809334     0     0 I PM      : noirq suspend of devices complete after 5.614 msecs
11-03 12:19:00.809348     0     0 I         : Disabling non-boot CPUs ...
11-03 12:19:00.827965     0     0 W         : IRQ21 no longer affine to CPU1
11-03 12:19:00.829902     0     0 I CPU1    : shutdown
11-03 12:19:00.832041     0     0 I suspend ns: 4462653942313	suspend cycles:    1340700796731
11-03 12:19:00.832019     0     0 I CPU0    : msm_cpu_pm_enter_sleep mode:3 during suspend
11-03 12:19:00.832019     0     0 I         : Suspended for 1.084 seconds
11-03 12:19:00.832019     0     0 I resume cycles: 1340721628501
11-03 12:19:00.832375     0     0 I         : Enabling non-boot CPUs ...
11-03 12:19:00.833217     0     0 I CPU1    : update cpu_capacity 1024
11-03 12:19:00.834658     0     0 I         : CPU1 is up
11-03 12:19:00.836751     0     0 I CPU1    : update max cpu_capacity 748
11-03 12:19:00.838430     0     0 I PM      : noirq resume of devices complete after 3.442 msecs
11-03 12:19:00.844433     0     0 I PM      : early resume of devices complete after 4.271 msecs
11-03 12:19:00.875407     0     0 I bgcom   : bgcom_pm_resume: Bgcom resumed with : 0
11-03 12:19:00.885793     0     0 I mdss_dsi_panel_set_idle_mode: Idle (1->1)
11-03 12:19:00.920816     0     0 I PM      : resume of devices complete after 76.356 msecs
11-03 12:19:00.923473     0     0 I         : Restarting tasks ...
11-03 12:19:00.928951     0     0 W QSEECOM : qseecom_receive_req: Interrupted: exiting Listener Service = 8192
11-03 12:19:00.929066     0     0 W QSEECOM : qseecom_receive_req: Interrupted: exiting Listener Service = 12288
11-03 12:19:00.929111     0     0 W QSEECOM : qseecom_receive_req: Interrupted: exiting Listener Service = 11
11-03 12:19:00.929152     0     0 W QSEECOM : qseecom_receive_req: Interrupted: exiting Listener Service = 28672
11-03 12:19:00.929949     0     0 W QSEECOM : qseecom_receive_req: Interrupted: exiting Listener Service = 10
11-03 12:19:00.931862     0     0 I         : done.
11-03 12:19:02.017554     0     0 I PM      : suspend exit 2021-11-03 11:19:02.017554057 UTC
11-03 12:19:02.120581     0     0 I PM      : suspend entry 2021-11-03 11:19:02.120581817 UTC
11-03 12:19:02.120594     0     0 I PM      : Syncing filesystems ... done.
11-03 12:19:02.262180     0     0 I         : Freezing user space processes ... (elapsed 0.006 seconds) done.
11-03 12:19:02.268911     0     0 I         : Freezing remaining freezable tasks ... (elapsed 0.003 seconds) done.
11-03 12:19:02.272857     0     0 I         : Suspending console(s) (use no_console_suspend to debug)
11-03 12:19:02.284363     0     0 I mdss_dsi_panel_set_idle_mode: Idle (1->1)
11-03 12:19:02.327003     0     0 I bgcom   : bgcom_pm_suspend: suspended with : 0
11-03 12:19:02.361946     0     0 I PM      : suspend of devices complete after 86.868 msecs
11-03 12:19:02.367325     0     0 I PM      : late suspend of devices complete after 5.339 msecs
11-03 12:19:02.373018     0     0 I PM      : noirq suspend of devices complete after 5.653 msecs
11-03 12:19:02.373032     0     0 I         : Disabling non-boot CPUs ...
11-03 12:19:02.394730     0     0 I CPU1    : shutdown
11-03 12:19:02.396772     0     0 I suspend ns: 4463133689137	suspend cycles:    1340730839640
11-03 12:19:02.396751     0     0 I CPU0    : msm_cpu_pm_enter_sleep mode:3 during suspend
11-03 12:19:02.396751     0     0 I         : Suspended for 77.604 seconds
11-03 12:19:02.396751     0     0 I resume cycles: 1342220856820
11-03 12:19:02.397349     0     0 I         : Enabling non-boot CPUs ...
11-03 12:19:02.398209     0     0 I CPU1    : update cpu_capacity 1024
11-03 12:19:02.399668     0     0 I         : CPU1 is up
11-03 12:19:02.401593     0     0 I CPU1    : update max cpu_capacity 748
11-03 12:19:02.403463     0     0 I PM      : noirq resume of devices complete after 3.495 msecs
11-03 12:19:02.408886     0     0 I PM      : early resume of devices complete after 3.957 msecs
11-03 12:19:02.437875     0     0 I bgcom   : bgcom_pm_resume: Bgcom resumed with : 0
11-03 12:19:02.447823     0     0 I mdss_dsi_panel_set_idle_mode: Idle (1->1)
11-03 12:19:02.486466     0     0 I PM      : resume of devices complete after 77.535 msecs
11-03 12:19:02.490654     0     0 I         : Restarting tasks ...
--------- switch to main
11-03 12:20:20.103804   512  3991 I sensors-hal: submit_sensors_hal_event:107, (pedometer_wrist  Non-wakeup)dropping un-ordered ts samples _previous 69822395665384 and current ts 69822395665384
--------- switch to kernel
11-03 12:19:02.495626     0     0 W QSEECOM : qseecom_receive_req: Interrupted: exiting Listener Service = 10
--------- switch to main
11-03 12:20:20.104040   512  3991 I sensors-hal: submit_sensors_hal_event:107, (pedometer_wrist  Non-wakeup)dropping un-ordered ts samples _previous 69824645665384 and current ts 69824645665384
--------- switch to kernel
11-03 12:19:02.497791     0     0 W QSEECOM : qseecom_receive_req: Interrupted: exiting Listener Service = 8192
--------- switch to main
11-03 12:20:20.104120   512  3991 I sensors-hal: submit_sensors_hal_event:107, (pedometer_wrist  Non-wakeup)dropping un-ordered ts samples _previous 69826645665384 and current ts 69826645665384
--------- switch to kernel
11-03 12:19:02.497939     0     0 W QSEECOM : qseecom_receive_req: Interrupted: exiting Listener Service = 12288
--------- switch to main
11-03 12:20:20.104196   512  3991 I sensors-hal: submit_sensors_hal_event:107, (pedometer_wrist  Non-wakeup)dropping un-ordered ts samples _previous 69829395665384 and current ts 69829395665384
--------- switch to kernel
11-03 12:19:02.498023     0     0 W QSEECOM : qseecom_receive_req: Interrupted: exiting Listener Service = 11
--------- switch to main
11-03 12:20:20.104644   512  3991 I sensors-hal: submit_sensors_hal_event:107, (pedometer_wrist  Non-wakeup)dropping un-ordered ts samples _previous 69880445665384 and current ts 69880445665384
--------- switch to kernel
11-03 12:19:02.498078     0     0 W QSEECOM : qseecom_receive_req: Interrupted: exiting Listener Service = 28672
--------- switch to main
11-03 12:20:20.104757   512  3991 I sensors-hal: submit_sensors_hal_event:107, (pedometer_wrist  Non-wakeup)dropping un-ordered ts samples _previous 69894995665176 and current ts 69894995665176
--------- switch to system
11-03 12:20:20.119965  1686  1686 I PowerManagerService: Waking up from dozing (uid=1000 reason=tiltToWake)...
11-03 12:20:20.139224  1686  1686 W UsageStatsService: Event reported without a package name
--------- switch to main
11-03 12:20:20.175740   512   512 I sensors-hal: batch:140, android.sensor.light/46, period=100000000, max_latency=0
11-03 12:20:20.175800   512   512 I sensors-hal: batch:149, android.sensor.light/46, period=100000000, max_latency=0 request completed
11-03 12:20:20.176230   512   512 I sensors-hal: activate:107, android.sensor.light/46 en=1
11-03 12:20:20.176715   512   512 I sensors-hal: ssc_enable_rt_task:254, ssc_enable_rt_task : true
--------- switch to kernel
11-03 12:19:02.510696     0     0 I         : done.
11-03 12:20:20.128999     0     0 I PM      : suspend exit 2021-11-03 11:20:20.128999443 UTC
11-03 12:20:20.147698     0     0 E FG      : fg_psy_get_property: unsupported property 7
11-03 12:20:20.008249     0     0 W healthd : battery l=4 v=3697 t=20.0 h=2 st=3 c=5 fc=443000 cc=0 chg=
--------- switch to main
11-03 12:20:20.184152   512   512 I sensors-hal: activate:118, android.sensor.light/46 en=1 completed
11-03 12:20:20.187590  1686  1823 I SidekickService: endDisplayLocked()
--------- switch to system
11-03 12:20:20.188325  1686  1710 I DisplayManagerService: Display device changed state: "Écran intégré", ON
--------- switch to main
11-03 12:20:20.188477   416  2389 D SKGHAL  : sendAmbientEvent: enter: enable = 0
11-03 12:20:20.188948   512   512 I sensors-hal: batch:140, android.sensor.accelerometer/48, period=66667000, max_latency=100000000
11-03 12:20:20.189008   512   512 I sensors-hal: batch:149, android.sensor.accelerometer/48, period=66667000, max_latency=100000000 request completed
11-03 12:20:20.189641   512   512 I sensors-hal: activate:107, android.sensor.accelerometer/48 en=1
11-03 12:20:20.190032   512   512 I sensors-hal: ssc_enable_rt_task:254, ssc_enable_rt_task : true
11-03 12:20:20.195251   512   512 I sensors-hal: activate:118, android.sensor.accelerometer/48 en=1 completed
11-03 12:20:20.226901  2520  2520 D HOME    : [BatteryChange]action: android.intent.action.BATTERY_CHANGED
11-03 12:20:20.228611  2520 12958 D HOME    : [BatteryChange]HandleBatteryChangedTask
--------- switch to system
11-03 12:20:20.258483  1686  1702 W BroadcastQueue: Background execution not allowed: receiving Intent { act=android.intent.action.USER_PRESENT flg=0x10 } to com.google.android.gms/.auth.setup.devicesignals.LockScreenReceiver
--------- switch to main
11-03 12:20:20.259249  3205  3434 W WorkController: Loading failed for worker [trainingcache]: worker not found
--------- switch to system
11-03 12:20:20.259952  1686  1702 W BroadcastQueue: Background execution not allowed: receiving Intent { act=android.intent.action.USER_PRESENT flg=0x10 } to com.google.android.gms/.chimera.GmsIntentOperationService$PersistentTrustedReceiver
--------- switch to main
11-03 12:20:20.260364  3205  3372 W A       : TrainingCache cache DEVICE_UNLOCKED failure
11-03 12:20:20.260364  3205  3372 W A       : com.google.android.apps.gsa.search.core.service.h.a.a: No worker found for Worker ID [trainingcache].
11-03 12:20:20.260364  3205  3372 W A       : 	at com.google.android.apps.gsa.search.core.service.g.a.c.a(Unknown Source:5)
11-03 12:20:20.260364  3205  3372 W A       : 	at com.google.android.libraries.gsa.c.a.d.a(Unknown Source:3)
11-03 12:20:20.260364  3205  3372 W A       : 	at com.google.common.p.a.cg.c(Unknown Source:2)
11-03 12:20:20.260364  3205  3372 W A       : 	at com.google.common.p.a.bk.run(SourceFile:3)
11-03 12:20:20.260364  3205  3372 W A       : 	at com.google.common.p.a.ci.run(Unknown Source:4)
11-03 12:20:20.260364  3205  3372 W A       : 	at com.google.apps.tiktok.concurrent.ab.run(SourceFile:1)
11-03 12:20:20.260364  3205  3372 W A       : 	at java.util.concurrent.ThreadPoolExecutor.runWorker(ThreadPoolExecutor.java:1167)
11-03 12:20:20.260364  3205  3372 W A       : 	at java.util.concurrent.ThreadPoolExecutor$Worker.run(ThreadPoolExecutor.java:641)
11-03 12:20:20.260364  3205  3372 W A       : 	at com.google.apps.tiktok.concurrent.c.run(Unknown Source:4)
11-03 12:20:20.260364  3205  3372 W A       : 	at java.lang.Thread.run(Thread.java:764)
11-03 12:20:20.261273  4243  4243 D OMService: onDisplayChanged: not dozing
11-03 12:20:20.273087  1686  1759 I InputReader: Reconfiguring input devices.  changes=0x00000004
11-03 12:20:20.273896  1956  1956 D QtiCarrierConfigHelper: WARNING, no carrier configs on phone Id: 0
11-03 12:20:20.278926  2520 12958 D HOME    : [BatteryChange]level: 4, status: 3
11-03 12:20:20.279040  1686  1799 E WifiStateMachine: getWifiLinkLayerStats called without an interface
11-03 12:20:20.279825  2520 12958 D HOME    : [BatteryChange]updateStreamItem
11-03 12:20:20.283521   512 14216 I sensors-hal: handle_indication_realtime:355,  SCHED_FIFO(10) for qmi_cbk
11-03 12:20:20.300357  2520 12958 D HOME    : [BatteryChange]batteryHistory size: 20'
11-03 12:20:20.300747  2520 12958 D HOME    : [BatteryChange]timeDelta: 14952609
11-03 12:20:20.300987  2520 12958 D HOME    : [BatteryChange]levelDelta: 22
11-03 12:20:20.319337  1686  1686 I WearPower: [WearTouchMediator] changing touch input to enabled (ON_AUTO)
11-03 12:20:20.320513  1686  1759 I InputReader: Reconfiguring input devices.  changes=0x00000200
--------- switch to kernel
11-03 12:20:20.181215     0     0 I init    : processing action (ro.enable_core_ctl=true && sys.cw_corectl_mode=perf) from (/vendor/etc/init/hw/init.qcom.rc:954)
11-03 12:20:20.183014     0     0 I CPU2    : update cpu_capacity 1024
11-03 12:20:20.184250     0     0 W         : IRQ21 no longer affine to CPU2
11-03 12:20:20.185393     0     0 I CPU2    : shutdown
11-03 12:20:20.195565     0     0 I CPU3    : update cpu_capacity 1024
11-03 12:20:20.196670     0     0 W         : IRQ21 no longer affine to CPU3
11-03 12:20:20.197646     0     0 I CPU3    : shutdown
--------- switch to main
11-03 12:20:20.354379  1686  1686 D WristGestureCtrl: Starting: GesturesEnabled-false UngazeEnabled-true
11-03 12:20:20.354520  1686  1686 D DefaultUngazeDetector: starting
11-03 12:20:20.354608  1686  1686 D DefaultUngazeDetector: startUngazeStateEstimation(). startTime = 69899784
11-03 12:20:20.356160   512   512 I sensors-hal: batch:140, android.sensor.accelerometer/48, period=19231000, max_latency=100000000
11-03 12:20:20.356866  1686  1686 W AlarmManagerProxy: Removing unknown listener
11-03 12:20:20.358644   512 14218 I sensors-hal: handle_indication_realtime:355,  SCHED_FIFO(10) for qmi_cbk
11-03 12:20:20.359452   512   512 I sensors-hal: batch:149, android.sensor.accelerometer/48, period=19231000, max_latency=100000000 request completed
11-03 12:20:20.360027   512   512 I sensors-hal: flush:169, android.sensor.accelerometer/48
11-03 12:20:20.360495  1686  1686 W DefaultSettingsContentR: Value for ambient_low_bit_enabled not stored as number. Attempting parse as boolean.
11-03 12:20:20.361170   512   512 I sensors-hal: flush:175, android.sensor.accelerometer/48 completed
11-03 12:20:20.375711  3205  3434 W WorkController: Loading failed for worker [trainingcache]: worker not found
11-03 12:20:20.376870  3205  3294 W A       : TrainingCache cache SCREEN_ON failure
11-03 12:20:20.376870  3205  3294 W A       : com.google.android.apps.gsa.search.core.service.h.a.a: No worker found for Worker ID [trainingcache].
11-03 12:20:20.376870  3205  3294 W A       : 	at com.google.android.apps.gsa.search.core.service.g.a.c.a(Unknown Source:5)
11-03 12:20:20.376870  3205  3294 W A       : 	at com.google.android.libraries.gsa.c.a.d.a(Unknown Source:3)
11-03 12:20:20.376870  3205  3294 W A       : 	at com.google.common.p.a.cg.c(Unknown Source:2)
11-03 12:20:20.376870  3205  3294 W A       : 	at com.google.common.p.a.bk.run(SourceFile:3)
11-03 12:20:20.376870  3205  3294 W A       : 	at com.google.common.p.a.ci.run(Unknown Source:4)
11-03 12:20:20.376870  3205  3294 W A       : 	at com.google.apps.tiktok.concurrent.ab.run(SourceFile:1)
11-03 12:20:20.376870  3205  3294 W A       : 	at java.util.concurrent.ThreadPoolExecutor.runWorker(ThreadPoolExecutor.java:1167)
11-03 12:20:20.376870  3205  3294 W A       : 	at java.util.concurrent.ThreadPoolExecutor$Worker.run(ThreadPoolExecutor.java:641)
11-03 12:20:20.376870  3205  3294 W A       : 	at com.google.apps.tiktok.concurrent.c.run(Unknown Source:4)
11-03 12:20:20.376870  3205  3294 W A       : 	at java.lang.Thread.run(Thread.java:764)
11-03 12:20:20.410720  2520  2520 D HOME    : [StreamDBQueue]Promised revision #5286 to queue a new op
11-03 12:20:20.411092  2520  2520 D WatchStreamManager: Promised rank-blocked=true @ r#5286
11-03 12:20:20.411900  2520 12958 D HOME    : [WatchStreamDB]Item alerting conditions - isInterruptive: true, recentlyInterrupted: false, isItemPinned: false, isUnread: true
11-03 12:20:20.412319  2520 12958 D HOME    : [StreamAlertingRegulator]isTheaterModeEnabled: false, isAlertingAllowedByOffBody: true, matchesLocalInterruptionFilter: true
11-03 12:20:20.412549  2520 12958 D HOME    : [WatchStreamDB]couldItemAlert: false, isTopItemChanged: false, isDeferralForTopItem: false
11-03 12:20:20.418433  2520  2714 D HOME    : [TickMonitor]Received time tick
11-03 12:20:20.418726  2520  2714 D HOME    : [TickMonitor]handleTimeTick() finished
--------- switch to kernel
11-03 12:20:20.415182     0     0 E bgrsb   : bgrsb_enable: rsb will set report rate
11-03 12:20:20.424700     0     0 E bgrsb   : bgrsb_enable: gpio 32 is valid
--------- switch to main
11-03 12:20:20.597734   504   523 I SDM     : DisplayBase::SetDisplayState: Set state = 3, display 0
11-03 12:20:20.598091   504   523 D SDM     : HWCDisplayPrimary::SetStandByMode: Display is connected successfully
11-03 12:20:20.598974   416  2389 D SKGHAL  : standBy_update_control call succeed on 0
11-03 12:20:20.599101   416  2389 D SKGHAL  : sendAmbientEvent: done: enable = 0
11-03 12:20:20.600261  1686  1823 D SidekickService:    ... endDisplay returns void
11-03 12:20:20.601710   545   545 D SurfaceFlinger: Set power mode=2, type=0 flinger=0xb6bb6000
11-03 12:20:20.602203   504   762 I SDM     : DisplayBase::SetDisplayState: Set state = 1, display 0
--------- switch to kernel
11-03 12:20:20.456398     0     0 I         : [touch]FB_BLANK_VSYNC_SUSPEND
11-03 12:20:20.456404     0     0 I         : [touch]Already in suspend state
11-03 12:20:20.467993     0     0 I mdss_dsi_panel_set_idle_mode: Idle (1->0)
11-03 12:20:20.469217     0     0 E mdp3_enable_panic_ctrl: mdp3_enable_panic_ctrl: Enable Panic Control
--------- switch to main
11-03 12:20:20.613776   545   545 D SurfaceFlinger: Finished set power mode=2, type=0
--------- switch to system
11-03 12:20:20.618254  1686  1712 W PowerManagerService: Screen on took 627 ms
11-03 12:20:20.618767  1686  1712 I DreamManagerService: Gently waking up from dream.
11-03 12:20:20.619698  1686  1708 I DreamManagerService: Performing gentle wake from dream.
--------- switch to kernel
11-03 12:20:20.469328     0     0 I         : [touch]FB_BLANK_UNBLANK
11-03 12:20:20.469336     0     0 I         : [touch]raydium_ts_do_resume, 1.
11-03 12:20:20.470101     0     0 I         : [ raydium ]workqueue is empty!
11-03 12:20:20.470129     0     0 I raydium_ts 5-0039: [touch]Already enable irq
11-03 12:20:20.470134     0     0 I         : [touch]Device may wakeup
--------- switch to system
11-03 12:20:20.620858  1686  1686 V DreamService[AmbientDream]: wakeUp(): fromSystem=true, mWaking=false, mFinished=false
11-03 12:20:20.621083  1686  1686 V DreamService[AmbientDream]: finish(): mFinished=false
11-03 12:20:20.621214  1686  1686 I DreamManagerService: Leaving dreamland.
11-03 12:20:20.622007  1686  1708 I DreamManagerService: Performing gentle wake from dream.
11-03 12:20:20.622290  1686  1708 I DreamController: Stopping dream: name=ComponentInfo{com.google.android.wearable.ambient/com.google.android.wearable.ambient.AmbientDream}, isTest=false, canDoze=true, userId=0
11-03 12:20:20.624814  1686  1686 V DreamService[AmbientDream]: detach(): Calling onDreamingStopped()
--------- switch to main
11-03 12:20:20.625030  1686  1686 I AmbientService: [ce6a28c] doOnDreamingStopped
11-03 12:20:20.625121  1686  1686 W AlarmManagerProxy: Removing unknown listener
11-03 12:20:20.635884  2520  2520 D HOME    : [HomeVisitsLogger]Logging streamlet event: visit_start
11-03 12:20:20.636371  2520  2520 D HOME    : [HomeVisitsLogger]Logging streamlet event: exit_ambient_mode
11-03 12:20:20.637500  2520  2520 D HOME    : [HotwordController]updateClient MODE_WATCH_FACE false false false true
11-03 12:20:20.639798  2520  2520 D HOME    : [WatchFaceUiController]setInAmbientMode false
11-03 12:20:20.639989  2520  2520 D HOME    : [WatchFaceUiController]sendWatchFaceServiceBinder
11-03 12:20:20.651028  2520  2520 D HOME    : [WatchFaceUiController]sendStateToWallpaper
11-03 12:20:20.657881  2520  2520 D HOME    : [WatchFaceUiController]Showing watch face wallpaper.
11-03 12:20:20.658221  2520  2520 D HOME    : [WatchFaceUiController]sendStateToWallpaper
11-03 12:20:20.663892  2520  2520 D HOME    : [StreamDBQueue]Promised revision #5287 to queue a new op
11-03 12:20:20.664395  2520  2520 D WatchStreamManager: Promised rank-blocked=true @ r#5287
11-03 12:20:20.665075  2520  2520 D HOME    : [StreamDBQueue]Promised revision #5288 to queue a new op
11-03 12:20:20.665283  2520  2520 D WatchStreamManager: Promised rank-blocked=true @ r#5288
11-03 12:20:20.666406  2520  2520 D HOME    : [TilesController]Tile refresh optimization is enabled.
11-03 12:20:20.667470  2520  2520 D HOME    : [EventBus]Wrapper pool is full. Discarding excess wrapper instance for event com.google.android.clockwork.sysui.events.KeyguardStateEvent
11-03 12:20:20.667649  2520  2520 D HOME    : [WatchFaceUiController]sendStateToWallpaper
11-03 12:20:20.673708  1686  1686 I AmbientService: [ce6a28c] No auto-resume Activity.
--------- switch to system
11-03 12:20:20.681067  1686  1686 W ContextImpl: Calling a method in the system process without a qualified user: android.app.ContextImpl.sendBroadcast:1020 android.content.ContextWrapper.sendBroadcast:449 com.google.android.wearable.ambient.AmbientDream.onDestroy:273 android.app.ActivityThread.handleStopService:3698 android.app.ActivityThread.access$1700:200 
--------- switch to main
11-03 12:20:20.682857  1686  1686 E AlarmManager: cancel() called with a null PendingIntent
--------- switch to system
11-03 12:20:20.683442  1686  1686 V DreamService[AmbientDream]: onDestroy()
--------- switch to main
11-03 12:20:20.685684  1686  1686 W AlarmManager: Unrecognized alarm listener com.android.server.job.controllers.-$$Lambda$IdleController$IdlenessTracker$nTdS-lGBXcES5VWKcJFmQFgU7IU@1ab437a
11-03 12:20:20.692626  2520  2520 D HOME    : [EventBus]Wrapper pool is full. Discarding excess wrapper instance for event com.google.android.clockwork.sysui.events.KeyguardStateEvent
11-03 12:20:20.693095  2520  2520 D HOME    : [EventBus]Wrapper pool is full. Discarding excess wrapper instance for event com.google.android.clockwork.sysui.events.KeyguardStateEvent
11-03 12:20:20.699801  2520  2520 D HOME    : [WatchFaceUiController]sendStateToWallpaper
11-03 12:20:20.704381  2520 13839 D HOME    : [WatchStreamDB]Item alerting conditions - isInterruptive: true, recentlyInterrupted: false, isItemPinned: false, isUnread: true
11-03 12:20:20.704821  2520 13839 D HOME    : [StreamAlertingRegulator]isTheaterModeEnabled: false, isAlertingAllowedByOffBody: true, matchesLocalInterruptionFilter: true
11-03 12:20:20.707669  2520  2520 W StaticLayout: maxLineHeight should not be -1.  maxLines:1 lineCount:1
11-03 12:20:20.719839  2520 13839 D HOME    : [WatchStreamDB]couldItemAlert: false, isTopItemChanged: false, isDeferralForTopItem: false
11-03 12:20:20.721081  2520 13839 D HOME    : [WatchStreamDB]Item alerting conditions - isInterruptive: true, recentlyInterrupted: false, isItemPinned: false, isUnread: true
11-03 12:20:20.721430  2520 13839 D HOME    : [StreamAlertingRegulator]isTheaterModeEnabled: false, isAlertingAllowedByOffBody: true, matchesLocalInterruptionFilter: true
11-03 12:20:20.721649  2520 13839 D HOME    : [WatchStreamDB]couldItemAlert: false, isTopItemChanged: false, isDeferralForTopItem: false
11-03 12:20:20.755783   512   512 I sensors-hal: activate:107, android.sensor.light/46 en=0
11-03 12:20:20.758337   512   512 I sensors-hal: activate:118, android.sensor.light/46 en=0 completed
11-03 12:20:20.760066   512   512 I sensors-hal: batch:140, android.sensor.light/46, period=250000000, max_latency=0
11-03 12:20:20.760122   512   512 I sensors-hal: batch:149, android.sensor.light/46, period=250000000, max_latency=0 request completed
11-03 12:20:20.760400   512   512 I sensors-hal: activate:107, android.sensor.light/46 en=1
11-03 12:20:20.760660   512   512 I sensors-hal: ssc_enable_rt_task:254, ssc_enable_rt_task : true
11-03 12:20:20.762242  2520  2520 D HOME    : [WatchFaceUiController]sendWatchFaceServiceBinder
11-03 12:20:20.764608   512   512 I sensors-hal: activate:118, android.sensor.light/46 en=1 completed
11-03 12:20:20.767028  2520  2520 D HOME    : [WatchFaceUiController]sendProperties
--------- switch to system
11-03 12:20:20.771857  1686  1686 V SettingsProvider: Notifying for 0: content://settings/system/screen_brightness
--------- switch to main
11-03 12:20:20.777021  1686  1686 I SidekickService: loadBrightnessLocked()
11-03 12:20:20.780172  1686  1686 D SidekickService: screenBrightness  = 56
11-03 12:20:20.780663  1686  1686 D SidekickService: sendConfigValuesLocked(): alsThresholds = [40, 92, 95, 100, 125, 150, 175, 200, 225, 250, 300, 400, 500, 800, 1200], brightnessValuesBright = [50, 56, 60, 70, 80, 90, 100, 115, 120, 140, 160, 180, 200, 220, 240, 255], brightnessValuesDim= [50, 56, 60, 70, 80, 90, 100, 115, 120, 140, 160, 180, 200, 220, 240, 255]
11-03 12:20:20.792635  2520  2520 D HOME    : [WatchFaceUiController]sendStateToWallpaper
11-03 12:20:20.796283  1686  1686 D SidekickService: setAlsMode(): mode = 2, brightenAlpha = 80, dimmingAlpha = 80
11-03 12:20:20.813120  1686  1686 D SidekickService: setTwmConfig():: msTiltToBright = 10000, tiltToBright = false
11-03 12:20:20.846415   512 14222 I sensors-hal: handle_indication_realtime:355,  SCHED_FIFO(10) for qmi_cbk
11-03 12:20:21.476172   512  1749 I sensors-hal: batch:140, android.sensor.accelerometer/48, period=66667000, max_latency=100000000
11-03 12:20:21.480174   512  1749 I sensors-hal: batch:149, android.sensor.accelerometer/48, period=66667000, max_latency=100000000 request completed
11-03 12:20:21.487026   512  1749 I sensors-hal: batch:140, android.sensor.accelerometer/48, period=19231000, max_latency=100000000
11-03 12:20:21.488584   512  1749 I sensors-hal: batch:149, android.sensor.accelerometer/48, period=19231000, max_latency=100000000 request completed
11-03 12:20:21.488973   512  1749 I sensors-hal: flush:169, android.sensor.accelerometer/48
11-03 12:20:21.490280   512  1749 I sensors-hal: flush:175, android.sensor.accelerometer/48 completed
11-03 12:20:21.494805  1686  1686 D DefaultUngazeDetector: Ungaze event occurred; emitting gesture event!
11-03 12:20:21.495003  1686  1686 D WristGestureCtrl: Gesture:GESTURE UNGAZE, timestamp(ms): 69899784, confidence: 0.0, latency(ms): 0, duration(ms): 1141
--------- switch to system
11-03 12:20:21.501200  1686  1686 I WindowManager: sleepRelease() calling goToSleep(GO_TO_SLEEP_REASON_SLEEP_BUTTON)
11-03 12:20:21.501463  1686  1686 I PowerManagerService: Going to sleep due to sleep button (uid 1000)...
11-03 12:20:21.502756  1686  1712 I DreamManagerService: Entering dreamland.
11-03 12:20:21.502990  1686  1686 W UsageStatsService: Event reported without a package name
11-03 12:20:21.503421  1686  1712 I PowerManagerService: Dozing...
11-03 12:20:21.526613  1686  1708 I DreamController: Starting dream: name=ComponentInfo{com.google.android.wearable.ambient/com.google.android.wearable.ambient.AmbientDream}, isTest=false, canDoze=true, userId=0
11-03 12:20:21.552767  1686  1686 W ContextImpl: Calling a method in the system process without a qualified user: android.app.ContextImpl.bindService:1611 android.content.ContextWrapper.bindService:698 com.google.android.wearable.ambient.AmbientDream.onCreate:191 android.app.ActivityThread.handleCreateService:3533 android.app.ActivityThread.access$1300:200 
11-03 12:20:21.556449  1686  1686 W ContextImpl: Calling a method in the system process without a qualified user: android.app.ContextImpl.sendBroadcast:1005 android.content.ContextWrapper.sendBroadcast:444 com.google.android.wearable.ambient.AmbientDream.onCreate:241 android.app.ActivityThread.handleCreateService:3533 android.app.ActivityThread.access$1300:200 
11-03 12:20:21.564094  1686  1686 V DreamService[AmbientDream]: onBind() intent = Intent { act=android.service.dreams.DreamService flg=0x800000 cmp=com.google.android.wearable.ambient/.AmbientDream }
--------- switch to main
11-03 12:20:21.566948  1686  1686 I AmbientService: [ce6a28c] Ambient Created
--------- switch to system
11-03 12:20:21.571719  1686  1686 V DreamService[AmbientDream]: Calling onDreamingStarted()
--------- switch to main
11-03 12:20:21.571863  1686  1686 I AmbientService: [ce6a28c] doOnDreamingStarted
11-03 12:20:21.572394  1686  1686 D SidekickService: setShouldControlDisplay called: true
11-03 12:20:21.576847  2520  2520 D HOME    : [HomeVisitsLogger]Logging streamlet event: enter_ambient_mode
11-03 12:20:21.577391  2520  2520 D HOME    : [HotwordController]updateClient MODE_WATCH_FACE false true false true
11-03 12:20:21.589868  2520 13836 D HOME    : [HomeVisitsLogger]Logging streamlet event: visit_end
11-03 12:20:21.591136  1686  1686 I AmbientService: [ce6a28c] Selected running activity for ambient mode: AmbientActivity[component=ComponentInfo{com.google.android.wearable.app/com.google.android.clockwork.home2.activity.HomeActivity2}, callbacks=@210b385, running=true, ambientRequested=true, ambientEnabled=true, offloadEnabled=true]
11-03 12:20:21.591854  1686  1686 I AmbientService: [ce6a28c] Sidekick is ready to display, requesting doze.
11-03 12:20:21.592450  1686  1686 I AmbientService: [ce6a28c] No auto-resume Activity.
11-03 12:20:21.595184  1686  1686 W DefaultSettingsContentR: Value for ambient_low_bit_enabled not stored as number. Attempting parse as boolean.
11-03 12:20:21.598658  1686  1686 I AmbientService: [ce6a28c] Showing watch face in offload mode, canceling alarm.
11-03 12:20:21.598750  1686  1686 W AlarmManagerProxy: Removing unknown listener
11-03 12:20:21.598863  1686  1686 D WristGestureCtrl: Stopping detectors: GesturesEnabled-false gestureDetector-false ungazeEnabled-true ungaze-true
11-03 12:20:21.598897  1686  1686 D DefaultUngazeDetector: stopping
11-03 12:20:21.616957  2520  2520 D HOME    : [WatchFaceUiController]setInAmbientMode true
11-03 12:20:21.618463  2520  2520 D HOME    : [StreamDBQueue]Promised revision #5289 to queue a new op
11-03 12:20:21.619945   512  1749 I sensors-hal: batch:140, android.sensor.accelerometer/48, period=66667000, max_latency=100000000
11-03 12:20:21.620512  2520  2520 D WatchStreamManager: Promised rank-blocked=false @ r#5289
11-03 12:20:21.621018  2520  2520 D HOME    : [StreamDBQueue]Promised revision #5290 to queue a new op
11-03 12:20:21.621191  2520  2520 D WatchStreamManager: Promised rank-blocked=false @ r#5290
11-03 12:20:21.621873  2520  2520 D HOME    : [EventBus]Wrapper pool is full. Discarding excess wrapper instance for event com.google.android.clockwork.sysui.events.KeyguardStateEvent
11-03 12:20:21.621952  2520  2520 D HOME    : [WatchFaceUiController]sendStateToWallpaper
11-03 12:20:21.622922  2520 13693 D HOME    : [WatchStreamDB]Item alerting conditions - isInterruptive: true, recentlyInterrupted: false, isItemPinned: false, isUnread: true
11-03 12:20:21.623189  2520 13693 D HOME    : [StreamAlertingRegulator]isTheaterModeEnabled: false, isAlertingAllowedByOffBody: true, matchesLocalInterruptionFilter: true
11-03 12:20:21.625866   512  1749 I sensors-hal: batch:149, android.sensor.accelerometer/48, period=66667000, max_latency=100000000 request completed
11-03 12:20:21.628011  2520 13836 I SidekickManager: replaceWatchFaceComponentsImpl(): watchFace = com.google.android.clockwork.decomposablewatchface.WatchFaceDecomposition@682f70f
11-03 12:20:21.632798  2520  2520 D HOME    : [EventBus]Wrapper pool is full. Discarding excess wrapper instance for event com.google.android.clockwork.sysui.events.KeyguardStateEvent
11-03 12:20:21.632923  2520 13839 D HOME    : [StreamDBQueue]Promised revision #5291 to queue a new op
11-03 12:20:21.633048  2520 13839 D WatchStreamManager: Promised rerank @ r#5291
11-03 12:20:21.633096  2520  2520 D HOME    : [EventBus]Wrapper pool is full. Discarding excess wrapper instance for event com.google.android.clockwork.sysui.events.KeyguardStateEvent
11-03 12:20:21.640934  2520  2520 W StaticLayout: maxLineHeight should not be -1.  maxLines:1 lineCount:1
11-03 12:20:21.656909  1686  5849 D SidekickService: sendWatchFaceComponents called: watchFace = com.google.android.clockwork.decomposablewatchface.WatchFaceDecomposition@5b716a7shouldReplace = false
11-03 12:20:21.657158  1686  5849 D SidekickService: Check decomposition for calling app com.google.android.wearable.app with uid 10049
11-03 12:20:21.657556  1686  5849 D SidekickService: sendWatchFaceLocked(): shouldReplace = false, mSidekickIsControlling = false, 1 images, 0 fonts, 0 numbers, 0 proportionalFonts, 0 strings
11-03 12:20:21.657612  1686  5849 D SidekickService: ISidekickGraphics#beginResources()...
11-03 12:20:21.658579  1686  5849 D SidekickServiceUtils: bitmapFromDrawable: Returning bitmap directly
11-03 12:20:21.667179  2520 13693 D HOME    : [WatchStreamDB]couldItemAlert: false, isTopItemChanged: false, isDeferralForTopItem: false
11-03 12:20:21.674059  2520 13693 D HOME    : [WatchStreamDB]Item alerting conditions - isInterruptive: true, recentlyInterrupted: false, isItemPinned: false, isUnread: true
11-03 12:20:21.674882  2520 13693 D HOME    : [StreamAlertingRegulator]isTheaterModeEnabled: false, isAlertingAllowedByOffBody: true, matchesLocalInterruptionFilter: true
--------- switch to kernel
11-03 12:20:21.525389     0     0 E FG      : fg_psy_get_property: unsupported property 7
11-03 12:20:21.527662     0     0 W healthd : battery l=4 v=3697 t=20.0 h=2 st=3 c=5 fc=443000 cc=0 chg=
--------- switch to main
11-03 12:20:21.677775  2520 13693 D HOME    : [WatchStreamDB]couldItemAlert: false, isTopItemChanged: false, isDeferralForTopItem: false
11-03 12:20:21.678303  2520 13693 D HOME    : [WatchStreamDB]updateRanking()
11-03 12:20:21.678793  2520 13693 D HOME    : [WatchStreamDB]Item alerting conditions - isInterruptive: true, recentlyInterrupted: false, isItemPinned: false, isUnread: true
11-03 12:20:21.679039  2520 13693 D HOME    : [StreamAlertingRegulator]isTheaterModeEnabled: false, isAlertingAllowedByOffBody: true, matchesLocalInterruptionFilter: true
11-03 12:20:21.679217  2520 13693 D HOME    : [WatchStreamDB]couldItemAlert: false, isTopItemChanged: false, isDeferralForTopItem: false
11-03 12:20:21.681128  2520 13693 D HOME    : [NewStreamAdapter]Publishing revision #5291 to adapter clients
11-03 12:20:21.682293  2520 13839 D HOME    : [StreamDBQueue]Promised revision #5292 to queue a new op
11-03 12:20:21.682505  2520 13839 D WatchStreamManager: Promised rerank @ r#5292
