11-02 20:48:09.387791  2520  7508 D StreamDatabase:   filtering notification, reason=HOME_OVER_OTHER_APPS_NOTIFICATION, itemId=StreamItemIdAndRevision{notifKey=0|android|0|com.android.server.wm.AlertWindowNotification - com.google.android.wearable.app|1000, packageName=android, tag=com.android.server.wm.AlertWindowNotification - com.google.android.wearable.app, id=0, revision=1826, originalRevision=1826, updateCount=0}
11-02 20:48:09.388891  2520  7508 D HOME    : [WatchStreamDB]Item alerting conditions - isInterruptive: false, recentlyInterrupted: false, isItemPinned: false, isUnread: false
11-02 20:48:09.389679  2520  7508 D HOME    : [StreamAlertingRegulator]isTheaterModeEnabled: false, isAlertingAllowedByOffBody: true, matchesLocalInterruptionFilter: true
11-02 20:48:09.390000  2520  7508 D HOME    : [WatchStreamDB]couldItemAlert: false, isTopItemChanged: false, isDeferralForTopItem: false
11-02 20:48:09.390568  2520  7508 D HOME    : [StreamAdapter]onStreamChange StreamChangeEvent[modified=1, removed=0, modifiedTop=0, removedTop=0, reorder=false, possibleAlertingItem=none]
11-02 20:48:09.390902  2520  7508 D HOME    : [StreamAdapter]onStreamChange StreamChangeEvent[modified=1, removed=0, modifiedTop=0, removedTop=0, reorder=false, possibleAlertingItem=none]
11-02 20:48:09.394282  2520  7508 D HOME    : [NewStreamAdapter]Publishing revision #1826 to adapter clients
11-02 20:48:09.404645  2520  2520 D HOME    : [StreamBackendInit]NotificationService onNotificationRemoved StatusBarNotification(pkg=android user=UserHandle{0} id=0 tag=com.android.server.wm.AlertWindowNotification - com.google.android.wearable.app key=0|android|0|com.android.server.wm.AlertWindowNotification - com.google.android.wearable.app|1000: Notification(channel=com.android.server.wm.AlertWindowNotification - com.google.android.wearable.app pri=0 contentView=null vibrate=null sound=null defaults=0x0 flags=0x102 color=0xff607d8b vis=PRIVATE))
11-02 20:48:09.405124  2520  2716 D CollectorHandler: handleMessage, event: ON_NOTIFICATION_REMOVED
11-02 20:48:09.405889  2520  2716 D HOME    : [StreamDBQueue]Promised revision #1827 to queue a new op
11-02 20:48:09.407586  2520  7713 D StreamDatabase: remove. itemId: StreamItemIdAndRevision{notifKey=0|android|0|com.android.server.wm.AlertWindowNotification - com.google.android.wearable.app|1000, packageName=android, tag=com.android.server.wm.AlertWindowNotification - com.google.android.wearable.app, id=0, revision=1826, originalRevision=1826, updateCount=0}
11-02 20:48:09.408508  2520  7713 D HOME    : [WatchStreamDB]Item alerting conditions - isInterruptive: false, recentlyInterrupted: false, isItemPinned: false, isUnread: false
11-02 20:48:09.408934  2520  7713 D HOME    : [StreamAlertingRegulator]isTheaterModeEnabled: false, isAlertingAllowedByOffBody: true, matchesLocalInterruptionFilter: true
11-02 20:48:09.409260  2520  7713 D HOME    : [WatchStreamDB]couldItemAlert: false, isTopItemChanged: false, isDeferralForTopItem: false
11-02 20:48:09.409870  2520  2716 D HOME    : [WatchStreamManager]Promised remove @ r#1827 for StreamItemIdAndRevision{notifKey=0|android|0|com.android.server.wm.AlertWindowNotification - com.google.android.wearable.app|1000, packageName=android, tag=com.android.server.wm.AlertWindowNotification - com.google.android.wearable.app, id=0, revision=0, originalRevision=0, updateCount=0} (@1826): SBN removed: StreamItemIdAndRevision{notifKey=0|android|0|com.android.server.wm.AlertWindowNotification - com.google.android.wearable.app|1000, packageName=android, tag=com.android.server.wm.AlertWindowNotification - com.google.android.wearable.app, id=0, revision=0, originalRevision=0, updateCount=0}
11-02 20:48:09.414477  2520  2520 D HOME    : [TopNotificationReceiver]Sending request to TopNotificationProviderService for complication update
11-02 20:48:09.416699  2520  7713 D HOME    : [StreamAdapter]onStreamChange StreamChangeEvent[modified=0, removed=1, modifiedTop=0, removedTop=0, reorder=false, possibleAlertingItem=none]
11-02 20:48:09.421683  2520  7713 D HOME    : [StreamAdapter]onStreamChange StreamChangeEvent[modified=0, removed=1, modifiedTop=0, removedTop=0, reorder=false, possibleAlertingItem=none]
11-02 20:48:09.422545  2520  7713 D HOME    : [NewStreamAdapter]Publishing revision #1827 to adapter clients
11-02 20:48:09.429435  2520  2520 D HOME    : [TopNotificationReceiver]Sending request to TopNotificationProviderService for complication update
11-02 20:48:09.430136  2520  7508 D HOME    : [ComplicationController]scheduleImmediateUpdateForAllFromProvider ComponentInfo{com.google.android.wearable.app/com.google.android.clockwork.wcs.notification.complication.TopNotificationProviderService}
11-02 20:48:09.433171  2520  2520 D HOME    : [StreamAdapter]setStreamItems, size 1
11-02 20:48:09.434022  2520  2520 D HOME    : [StreamAdapter]setStreamItems, size 2
11-02 20:48:09.434642  2520  2520 D HOME    : [StreamAdapter]setStreamItems, size 1
11-02 20:48:09.435295  2520  2520 D HOME    : [StreamAdapter]setStreamItems, size 2
11-02 20:48:09.439158  2520  7713 D HOME    : [ComplicationController]scheduleImmediateUpdateForAllFromProvider ComponentInfo{com.google.android.wearable.app/com.google.android.clockwork.wcs.notification.complication.TopNotificationProviderService}
11-02 20:48:09.450623  2520  2520 D HOME    : [StreamBackendInit]NotificationService onNotificationPosted StatusBarNotification(pkg=android user=UserHandle{0} id=0 tag=com.android.server.wm.AlertWindowNotification - com.google.android.wearable.app key=0|android|0|com.android.server.wm.AlertWindowNotification - com.google.android.wearable.app|1000: Notification(channel=com.android.server.wm.AlertWindowNotification - com.google.android.wearable.app pri=0 contentView=null vibrate=null sound=null defaults=0x0 flags=0x102 color=0xff607d8b vis=PRIVATE))
11-02 20:48:09.451674  2520  2716 D CollectorHandler: handleMessage, event: ON_NOTIFICATION_POSTED_WITH_RANKING
11-02 20:48:09.456379  2520  2716 D HOME    : [StreamDBQueue]Promised revision #1828 to queue a new op
11-02 20:48:09.457120  2520  2716 D HOME    : [WatchStreamManager]Promised set @ r#1828 for (android,tag=com.android.server.wm.AlertWindowNotification - com.google.android.wearable.app,id=0,notifKey=0|android|0|com.android.server.wm.AlertWindowNotification - com.google.android.wearable.app|1000)
11-02 20:48:09.458781  2520  7713 D StreamDatabase:   filtering notification, reason=HOME_OVER_OTHER_APPS_NOTIFICATION, itemId=StreamItemIdAndRevision{notifKey=0|android|0|com.android.server.wm.AlertWindowNotification - com.google.android.wearable.app|1000, packageName=android, tag=com.android.server.wm.AlertWindowNotification - com.google.android.wearable.app, id=0, revision=1828, originalRevision=1828, updateCount=0}
11-02 20:48:09.459445  2520  7713 D HOME    : [WatchStreamDB]Item alerting conditions - isInterruptive: false, recentlyInterrupted: false, isItemPinned: false, isUnread: false
11-02 20:48:09.459720  2520  7713 D HOME    : [StreamAlertingRegulator]isTheaterModeEnabled: false, isAlertingAllowedByOffBody: true, matchesLocalInterruptionFilter: true
11-02 20:48:09.459889  2520  7713 D HOME    : [WatchStreamDB]couldItemAlert: false, isTopItemChanged: false, isDeferralForTopItem: false
11-02 20:48:09.460271  2520  7713 D HOME    : [StreamAdapter]onStreamChange StreamChangeEvent[modified=1, removed=0, modifiedTop=0, removedTop=0, reorder=false, possibleAlertingItem=none]
11-02 20:48:09.460510  2520  7713 D HOME    : [StreamAdapter]onStreamChange StreamChangeEvent[modified=1, removed=0, modifiedTop=0, removedTop=0, reorder=false, possibleAlertingItem=none]
11-02 20:48:09.461042  2520  7713 D HOME    : [NewStreamAdapter]Publishing revision #1828 to adapter clients
11-02 20:48:09.461081  2520  2520 D HOME    : [TopNotificationReceiver]Sending request to TopNotificationProviderService for complication update
11-02 20:48:09.464242  2520  2520 D HOME    : [StreamAdapter]setStreamItems, size 2
11-02 20:48:09.464891  2520  2520 D HOME    : [StreamAdapter]setStreamItems, size 1
11-02 20:48:09.466686  2520  7713 D HOME    : [ComplicationController]scheduleImmediateUpdateForAllFromProvider ComponentInfo{com.google.android.wearable.app/com.google.android.clockwork.wcs.notification.complication.TopNotificationProviderService}
--------- switch to kernel
11-02 20:48:10.606270     0     0 I [touch]x: 222,y:310
11-02 20:48:12.906740     0     0 I [touch]x: 231,y:336
11-02 20:48:14.395890     0     0 I [touch]x: 247,y:304
11-02 20:48:15.862841     0     0 I [touch]x: 211,y:332
--------- switch to system
11-02 20:48:15.937161  1686  2583 I ActivityManager: Killing 4301:com.montblanc.smartwatch.configurator.summit/u0a27 (adj 906): empty #17
--------- switch to main
11-02 20:48:15.939759  1686  1705 W libprocessgroup: kill(-4301, 9) failed: No such process
--------- switch to system
11-02 20:48:16.048369  1686  1710 W ActivityManager: setHasOverlayUi called on unknown pid: 4301
--------- switch to main
11-02 20:48:15.985460  1686  1705 I chatty  : uid=1000(system) ActivityManager identical 1 line
11-02 20:48:16.025348  1686  1705 W libprocessgroup: kill(-4301, 9) failed: No such process
11-02 20:48:16.048640   444   444 I Zygote  : Process 4301 exited due to signal (9)
11-02 20:48:16.065889  1686  1705 W libprocessgroup: kill(-4301, 9) failed: No such process
11-02 20:48:16.066244  1686  1705 I libprocessgroup: Successfully killed process cgroup uid 10027 pid 4301 in 126ms
--------- switch to kernel
11-02 20:48:17.216153     0     0 I [touch]x: 193,y:335
11-02 20:48:19.395259     0     0 I [touch]x: 223,y:302
11-02 20:48:21.994255     0     0 I [touch]x: 201,y:254
11-02 20:48:23.092846     0     0 I [touch]x: 224,y:283
11-02 20:48:24.603134     0     0 I [touch]x: 216,y:283
11-02 20:48:26.225293     0     0 I [touch]x: 251,y:320
11-02 20:48:28.224163     0     0 I [touch]x: 242,y:315
--------- switch to main
11-02 20:48:28.801809  1686  1686 D HandsFreeClientShard: Connecting HandsFree client profile (retry).
11-02 20:48:28.806066  1686  1686 D BluetoothHeadsetClient: disconnect(14:3C:C3:AD:3D:53)
11-02 20:48:28.810708  1686  1686 D BluetoothHeadsetClient: connect(14:3C:C3:AD:3D:53)
11-02 20:48:28.816062  1829  2096 D HeadsetClientStateMachine: Disconnected process message: 1
11-02 20:48:28.817291  1829  2027 I bt_btif_queue: queue_int_add: adding connection request: address=14:3c:c3:ad:3d:53 UUID=111E busy=false
11-02 20:48:28.817427  1829  2027 I bt_btif_queue: btif_queue_connect_next: executing connection request: address=14:3c:c3:ad:3d:53 UUID=111E busy=false
11-02 20:48:28.817479  1829  2027 E bt_btif : is_connected: not connected!
11-02 20:48:28.817551  1829  2027 W bt_btif : bta_hf_client_find_cb_by_bda: bdaddr mismatch for handle 0 alloc 0
11-02 20:48:28.817592  1829  2027 W bt_btif : bta_hf_client_find_cb_by_bda: bdaddr mismatch for handle 1 alloc 0
11-02 20:48:28.817644  1829  2027 W bt_btif : bta_hf_client_find_cb_by_bda: bdaddr mismatch for handle 2 alloc 0
11-02 20:48:28.817682  1829  2027 W bt_btif : bta_hf_client_find_cb_by_bda: bdaddr mismatch for handle 3 alloc 0
11-02 20:48:28.817728  1829  2027 W bt_btif : bta_hf_client_find_cb_by_bda: bdaddr mismatch for handle 4 alloc 0
11-02 20:48:28.817778  1829  2027 W bt_btif : bta_hf_client_find_cb_by_bda: bdaddr mismatch for handle 5 alloc 0
11-02 20:48:28.817821  1829  2027 W bt_btif : bta_hf_client_find_cb_by_bda: bdaddr mismatch for handle 6 alloc 0
11-02 20:48:28.817867  1829  2027 W bt_btif : bta_hf_client_find_cb_by_bda: bdaddr mismatch for handle 7 alloc 0
11-02 20:48:28.817907  1829  2027 W bt_btif : bta_hf_client_find_cb_by_bda: bdaddr mismatch for handle 8 alloc 0
11-02 20:48:28.817946  1829  2027 W bt_btif : bta_hf_client_find_cb_by_bda: bdaddr mismatch for handle 9 alloc 0
11-02 20:48:28.817984  1829  2027 E bt_btif : bta_hf_client_find_cb_by_bda: block not found
11-02 20:48:28.825923  1829  1829 D AdapterProperties: PROFILE_CONNECTION_STATE_CHANGE: profile=16, device=14:3C:C3:AD:3D:53, 0 -> 1
11-02 20:48:28.827199  1829  1829 D AdapterProperties: ADAPTER_CONNECTION_STATE_CHANGE: 14:3C:C3:AD:3D:53: 0 -> 1
11-02 20:48:28.828474  5603  5603 D BtTelecomReceiver: onReceive: Intent { act=android.bluetooth.headsetclient.profile.action.CONNECTION_STATE_CHANGED flg=0x10 cmp=com.google.android.apps.wearable.bluetooth/com.google.android.clockwork.hfp.BtTelecomBroadcastReceiver (has extras) }
11-02 20:48:28.828656  5603  5603 D BtTelecomReceiver: Hfp connection changed: -724754873 0 -> 1
--------- switch to system
11-02 20:48:28.834922  1686  2478 W BroadcastQueue: Background execution not allowed: receiving Intent { act=android.bluetooth.adapter.action.CONNECTION_STATE_CHANGED flg=0x4000010 (has extras) } to com.google.android.gms/.chimera.GmsIntentOperationService$PersistentTrustedReceiver
--------- switch to kernel
11-02 20:48:29.558012     0     0 I [touch]x: 232,y:333
11-02 20:48:30.802448     0     0 I [touch]x: 209,y:309
11-02 20:48:31.268677     0     0 I [touch]x: 231,y:178
11-02 20:48:32.113622     0     0 I [touch]x: 256,y:108
11-02 20:48:33.024170     0     0 I [touch]x: 264,y:104
--------- switch to main
11-02 20:48:34.004664  1829  2088 W bt_sdp  : SDP - Rcvd conn cnf with error: 0x4  CID 0x40
11-02 20:48:34.005400  1829  2027 D BluetoothHeadsetClientServiceJni: connection_state_cb: state 0 peer_feat 0 chld_feat 0
11-02 20:48:34.006001  1829  2027 E bt_btif : btif_hf_client_get_cb_by_bda: could not find block for bdaddr
11-02 20:48:34.006071  1829  2027 E bt_btif : btif_hf_client_upstreams_evt: event 3 but not allocating block: cb not found
11-02 20:48:34.007000  1829  2096 D HeadsetClientStateMachine: Enter Disconnected: 100
11-02 20:48:34.007618  1829  2027 I bt_btif_queue: queue_int_advance: removing connection request: address=14:3c:c3:ad:3d:53 UUID=111E busy=true
11-02 20:48:34.009805  1829  1829 D AdapterProperties: PROFILE_CONNECTION_STATE_CHANGE: profile=16, device=14:3C:C3:AD:3D:53, 1 -> 0
11-02 20:48:34.010565  1829  1829 D AdapterProperties: ADAPTER_CONNECTION_STATE_CHANGE: 14:3C:C3:AD:3D:53: 1 -> 0
11-02 20:48:34.015106  5603  5603 D BtTelecomReceiver: onReceive: Intent { act=android.bluetooth.headsetclient.profile.action.CONNECTION_STATE_CHANGED flg=0x10 cmp=com.google.android.apps.wearable.bluetooth/com.google.android.clockwork.hfp.BtTelecomBroadcastReceiver (has extras) }
11-02 20:48:34.015371  5603  5603 D BtTelecomReceiver: Hfp connection changed: -724754873 1 -> 0
11-02 20:48:34.020793  5603  5603 D HfpClientConnService: onCreate
11-02 20:48:34.021722  5603  5603 D HfpClientConnService: disabling HFP
11-02 20:48:34.021910  5603  5603 I HfpClientConnService: enable request:Enable Request - time:1635882514015 type:false reason:headset client disconnected
11-02 20:48:34.025538  5603  5603 I HfpClientConnService: account already disabled
--------- switch to kernel
11-02 20:48:34.246474     0     0 I [touch]x: 250,y:102
11-02 20:48:35.046158     0     0 I [touch]x: 267,y:128
11-02 20:48:36.125174     0     0 I [touch]x: 244,y:138
11-02 20:48:37.745821     0     0 I [touch]x: 213,y:321
11-02 20:48:38.545453     0     0 I [touch]x: 216,y:319
11-02 20:48:40.757133     0     0 I [touch]x: 56,y:207
11-02 20:48:40.807398     0     0 E FG      : fg_psy_get_property: unsupported property 7
11-02 20:48:40.810450     0     0 W healthd : battery l=61 v=3881 t=37.0 h=2 st=3 c=129 fc=443000 cc=0 chg=
11-02 20:48:41.638778     0     0 I [touch]x: 84,y:205
11-02 20:48:42.302352     0     0 I [touch]x: 99,y:233
--------- switch to main
11-02 20:48:42.764727  2520  2520 D HOME    : [LauncherInfo]launch: fitness.smartwatch.montblanc.com.fitness/fitness.smartwatch.montblanc.stress_new.ui.activity.main.StressActivity
11-02 20:48:42.765913  2520  2520 D HOME    : [HomeVisitsLogger]Logging streamlet event: launch_app
--------- switch to system
11-02 20:48:34.022766  1686  2478 W BroadcastQueue: Background execution not allowed: receiving Intent { act=android.bluetooth.adapter.action.CONNECTION_STATE_CHANGED flg=0x4000010 (has extras) } to com.google.android.gms/.chimera.GmsIntentOperationService$PersistentTrustedReceiver
11-02 20:48:42.768090  1686  5241 I ActivityManager: START u0 {act=android.intent.action.MAIN cat=[android.intent.category.LAUNCHER] flg=0x10200000 cmp=fitness.smartwatch.montblanc.com.fitness/fitness.smartwatch.montblanc.stress_new.ui.activity.main.StressActivity} from uid 10049
--------- switch to main
11-02 20:48:42.835680  2520  2520 D HOME    : [LauncherHistory]persisting history: 4
11-02 20:48:42.835680  2520  2520 D HOME    : Stress : fitness.smartwatch.montblanc.stress_new.ui.activity.main.StressActivity : fitness.smartwatch.montblanc.com.fitness
11-02 20:48:42.835680  2520  2520 D HOME    : Paramtres : com.google.android.clockwork.settings.MainSettingsActivity : com.google.android.apps.wearable.settings
11-02 20:48:42.835680  2520  2520 D HOME    : PlayStore : com.google.android.finsky.wear.activities.MainActivity : com.android.vending
--------- switch to kernel
11-02 20:48:42.795309     0     0 I [touch]x: 92,y:232
--------- switch to main
11-02 20:48:42.846236  2520  7713 D HOME    : [ComplicationController]scheduleImmediateUpdateForAllFromProvider ComponentInfo{com.google.android.wearable.app/com.google.android.clockwork.home.complications.providers.MostRecentAppProviderService}
11-02 20:48:42.860228  2520  2520 D HOME    : [HotwordController]updateClient MODE_LAUNCHER false false true true
11-02 20:48:42.875398  1686  1745 W View    : View not hardware-accelerated. Unable to observe frame stats
11-02 20:48:42.876671  3296  3296 W ActivityThread: handleWindowVisibility: no activity for token android.os.BinderProxy@6608cf1
11-02 20:48:42.909655  2520  2520 D HOME    : [StreamModule]Updating gaze alerter state: inWetMode=false focused=false uiMode=MODE_LAUNCHER
--------- switch to system
11-02 20:48:42.919285  1686  1702 W BroadcastQueue: Background execution not allowed: receiving Intent { act=android.intent.action.DROPBOX_ENTRY_ADDED flg=0x10 (has extras) } to com.google.android.gms/.stats.service.DropBoxEntryAddedReceiver
11-02 20:48:42.919982  1686  1702 W BroadcastQueue: Background execution not allowed: receiving Intent { act=android.intent.action.DROPBOX_ENTRY_ADDED flg=0x10 (has extras) } to com.google.android.gms/.chimera.GmsIntentOperationService$PersistentTrustedReceiver
11-02 20:48:42.932770  1686  1702 W BroadcastQueue: Background execution not allowed: receiving Intent { act=android.os.UpdateLock.UPDATE_LOCK_CHANGED flg=0x4000010 (has extras) } to com.google.android.gms/.chimera.GmsIntentOperationService$PersistentTrustedReceiver
--------- switch to main
11-02 20:48:42.967480   545  1716 W SurfaceFlinger: Attempting to destroy on removed layer: 98c7818 OobeOverlayHint#0
11-02 20:48:43.001401  2520  2520 D HOME    : [StreamBackendInit]NotificationService onNotificationRemoved StatusBarNotification(pkg=android user=UserHandle{0} id=0 tag=com.android.server.wm.AlertWindowNotification - com.google.android.wearable.app key=0|android|0|com.android.server.wm.AlertWindowNotification - com.google.android.wearable.app|1000: Notification(channel=com.android.server.wm.AlertWindowNotification - com.google.android.wearable.app pri=0 contentView=null vibrate=null sound=null defaults=0x0 flags=0x102 color=0xff607d8b vis=PRIVATE))
11-02 20:48:43.001714  2520  2716 D CollectorHandler: handleMessage, event: ON_NOTIFICATION_REMOVED
11-02 20:48:43.002410  2520  2716 D HOME    : [StreamDBQueue]Promised revision #1829 to queue a new op
11-02 20:48:43.003136  2520  2716 D HOME    : [WatchStreamManager]Promised remove @ r#1829 for StreamItemIdAndRevision{notifKey=0|android|0|com.android.server.wm.AlertWindowNotification - com.google.android.wearable.app|1000, packageName=android, tag=com.android.server.wm.AlertWindowNotification - com.google.android.wearable.app, id=0, revision=0, originalRevision=0, updateCount=0} (@1828): SBN removed: StreamItemIdAndRevision{notifKey=0|android|0|com.android.server.wm.AlertWindowNotification - com.google.android.wearable.app|1000, packageName=android, tag=com.android.server.wm.AlertWindowNotification - com.google.android.wearable.app, id=0, revision=0, originalRevision=0, updateCount=0}
11-02 20:48:43.016520  2520  7713 D StreamDatabase: remove. itemId: StreamItemIdAndRevision{notifKey=0|android|0|com.android.server.wm.AlertWindowNotification - com.google.android.wearable.app|1000, packageName=android, tag=com.android.server.wm.AlertWindowNotification - com.google.android.wearable.app, id=0, revision=1828, originalRevision=1828, updateCount=0}
11-02 20:48:43.017474  2520  7713 D HOME    : [WatchStreamDB]Item alerting conditions - isInterruptive: false, recentlyInterrupted: false, isItemPinned: false, isUnread: false
11-02 20:48:43.017895  2520  7713 D HOME    : [StreamAlertingRegulator]isTheaterModeEnabled: false, isAlertingAllowedByOffBody: true, matchesLocalInterruptionFilter: true
11-02 20:48:43.020623  2520  7713 D HOME    : [WatchStreamDB]couldItemAlert: false, isTopItemChanged: false, isDeferralForTopItem: false
11-02 20:48:43.021954  2520  7713 D HOME    : [StreamAdapter]onStreamChange StreamChangeEvent[modified=0, removed=1, modifiedTop=0, removedTop=0, reorder=false, possibleAlertingItem=none]
11-02 20:48:43.022383  2520  7713 D HOME    : [StreamAdapter]onStreamChange StreamChangeEvent[modified=0, removed=1, modifiedTop=0, removedTop=0, reorder=false, possibleAlertingItem=none]
11-02 20:48:43.022797  2520  2520 D HOME    : [TopNotificationReceiver]Sending request to TopNotificationProviderService for complication update
11-02 20:48:43.023015  2520  7713 D HOME    : [NewStreamAdapter]Publishing revision #1829 to adapter clients
11-02 20:48:43.030793  2520  2520 D HOME    : [StreamAdapter]setStreamItems, size 2
11-02 20:48:43.031447  2520  2520 D HOME    : [StreamAdapter]setStreamItems, size 1
11-02 20:48:43.043387  2520  7713 D HOME    : [ComplicationController]scheduleImmediateUpdateForAllFromProvider ComponentInfo{com.google.android.wearable.app/com.google.android.clockwork.wcs.notification.complication.TopNotificationProviderService}
--------- switch to system
11-02 20:48:43.781990  1686  1742 I ActivityManager: START u0 {act=android.content.pm.action.REQUEST_PERMISSIONS pkg=com.google.android.packageinstaller cmp=com.google.android.packageinstaller/com.android.packageinstaller.permission.ui.GrantPermissionsActivity (has extras)} from uid 10030
--------- switch to main
11-02 20:48:44.092770  3296  7903 I FA      : Tag Manager is not found and thus will not be used
--------- switch to kernel
11-02 20:48:44.086217     0     0 E FG      : fg_psy_get_property: unsupported property 7
11-02 20:48:44.087738     0     0 I chatty  : uid=0(root) logd identical 1 line
11-02 20:48:44.088195     0     0 E FG      : fg_psy_get_property: unsupported property 7
11-02 20:48:44.091041     0     0 W healthd : battery l=61 v=3821 t=37.0 h=2 st=3 c=266 fc=443000 cc=0 chg=
11-02 20:48:44.091095     0     0 W healthd : battery l=61 v=3821 t=37.0 h=2 st=3 c=266 fc=443000 cc=0 chg=
11-02 20:48:44.099787     0     0 I lowmemorykiller: Killing '.apps.messaging' (3557) (tgid 3557), adj 904,
11-02 20:48:44.099787     0     0 I         : to free 54692kB on behalf of 'kswapd0' (78) because
11-02 20:48:44.099787     0     0 I         : cache 325148kB is below limit 174948kB for oom score 353
11-02 20:48:44.099787     0     0 I         : Free memory is 584kB above reserved.
11-02 20:48:44.099787     0     0 I         : Free CMA is 52kB
11-02 20:48:44.099787     0     0 I         : Total reserve is 18048kB
11-02 20:48:44.099787     0     0 I         : Total free pages is 20380kB
11-02 20:48:44.099787     0     0 I         : Total file cache is 469064kB
11-02 20:48:44.099787     0     0 I         : GFP mask is 0x24000c0
--------- switch to main
11-02 20:48:44.156944  1956  1956 D QtiCarrierConfigHelper: WARNING, no carrier configs on phone Id: 0
11-02 20:48:44.180510  2520  2520 D HOME    : [WatchFaceUiController]sendStateToWallpaper
11-02 20:48:44.226606  2520  2520 D HOME    : [BatteryChange]action: android.intent.action.BATTERY_CHANGED
11-02 20:48:44.227329  2520  7713 D HOME    : [BatteryChange]HandleBatteryChangedTask
11-02 20:48:44.227732  2520  7713 D HOME    : [BatteryChange]level: 61, status: 3
11-02 20:48:44.240269  2520  7713 D HOME    : [BatteryChange]level: 61, timestamp: 1635882524232
11-02 20:48:44.288650  2520  7713 D HOME    : [ComplicationController]scheduleImmediateUpdateForAllFromProvider ComponentInfo{com.google.android.wearable.app/com.google.android.clockwork.home.complications.providers.BatteryProviderService}
11-02 20:48:44.290464  2520  7713 D HOME    : [ComplicationController]scheduleImmediateUpdateForAllFromProvider ComponentInfo{fitness.smartwatch.montblanc.com.fitness/fitness.smartwatch.montblanc.core.services.providers.BodyResourcesCurrentEnergyComplicationProvider}
11-02 20:48:44.292124  2520  7713 D HOME    : [ComplicationController]scheduleImmediateUpdateForAllFromProvider ComponentInfo{fitness.smartwatch.montblanc.com.fitness/fitness.smartwatch.montblanc.core.services.providers.SleepScoreComplicationProvider}
11-02 20:48:44.293726  2520  7713 D HOME    : [ComplicationController]scheduleImmediateUpdateForAllFromProvider ComponentInfo{fitness.smartwatch.montblanc.com.fitness/fitness.smartwatch.montblanc.core.services.providers.CardioRecoveryTimeComplicationProvider}
11-02 20:48:44.295597  2520  7713 D HOME    : [ComplicationController]scheduleImmediateUpdateForAllFromProvider ComponentInfo{fitness.smartwatch.montblanc.com.fitness/fitness.smartwatch.montblanc.core.services.providers.CaloriesBurnedComplicationProvider}
11-02 20:48:44.297586  2520  7713 D HOME    : [ComplicationController]scheduleImmediateUpdateForAllFromProvider ComponentInfo{fitness.smartwatch.montblanc.com.fitness/fitness.smartwatch.montblanc.core.services.providers.StressLevelComplicationProvider}
11-02 20:48:44.299178  2520  7713 D HOME    : [ComplicationController]scheduleImmediateUpdateForAllFromProvider ComponentInfo{fitness.smartwatch.montblanc.com.fitness/fitness.smartwatch.montblanc.core.services.providers.StressLevelLastHourComplicationProvider}
--------- switch to system
11-02 20:48:44.329587  1686  2468 I ActivityManager: Process com.google.android.apps.messaging (pid 3557) has died: cch+4CEM 
--------- switch to main
11-02 20:48:44.330149   444   444 I Zygote  : Process 3557 exited due to signal (9)
11-02 20:48:44.333062  1686  1705 W libprocessgroup: kill(-3557, 9) failed: No such process
11-02 20:48:44.333268  1686  1705 I libprocessgroup: Successfully killed process cgroup uid 10064 pid 3557 in 2ms
--------- switch to system
11-02 20:48:44.343444  1686  1702 W ActivityManager: Activity pause timeout for ActivityRecord{2da0c65 u0 fitness.smartwatch.montblanc.com.fitness/fitness.smartwatch.montblanc.stress_new.ui.activity.main.StressActivity t7}
11-02 20:48:44.401198  1686  1704 I ActivityManager: Start proc 7910:com.google.android.packageinstaller/u0a16 for activity com.google.android.packageinstaller/com.android.packageinstaller.permission.ui.GrantPermissionsActivity
--------- switch to main
11-02 20:48:44.432323  3296  7907 I Adreno  : QUALCOMM build                   : 5484b33, I088aa6dce1
11-02 20:48:44.432323  3296  7907 I Adreno  : Build Date                       : 05/06/19
11-02 20:48:44.432323  3296  7907 I Adreno  : OpenGL ES Shader Compiler Version: EV031.26.08.00
11-02 20:48:44.432323  3296  7907 I Adreno  : Local Branch                     : gfx-adreno.lnx.1.0
11-02 20:48:44.432323  3296  7907 I Adreno  : Remote Branch                    : 
11-02 20:48:44.432323  3296  7907 I Adreno  : Remote Branch                    : 
11-02 20:48:44.432323  3296  7907 I Adreno  : Reconstruct Branch               : 
11-02 20:48:44.432578  3296  7907 I Adreno  : Build Config                     : S L 6.0.2 AArch32
11-02 20:48:44.447312  3296  7907 I Adreno  : PFP: 0x00c60400, ME: 0x003ff041
11-02 20:48:44.473315  3296  7907 I ConfigStore: android::hardware::configstore::V1_0::ISurfaceFlingerConfigs::hasWideColorDisplay retrieved: 0
11-02 20:48:44.473837  3296  7907 I ConfigStore: android::hardware::configstore::V1_0::ISurfaceFlingerConfigs::hasHDRDisplay retrieved: 0
11-02 20:48:44.474998  3296  7907 I OpenGLRenderer: Initialized EGL, version 1.4
11-02 20:48:44.475231  3296  7907 D OpenGLRenderer: Swap behavior 2
11-02 20:48:44.555546  7910  7910 I ackageinstalle: The ClassLoaderContext is a special shared library.
11-02 20:48:44.595284  3296  3308 I anc.com.fitnes: Background concurrent copying GC freed 11349(583KB) AllocSpace objects, 12(432KB) LOS objects, 24% free, 3MB/4MB, paused 144us total 150.484ms
--------- switch to system
11-02 20:48:44.703810  1686  2014 W ActivityManager: Unable to start service Intent { act=com.google.android.gms.ads.identifier.service.START pkg=com.google.android.gms } U=0: not found
--------- switch to main
11-02 20:48:44.976499  7790  7806 I Finsky  : [295] com.google.android.finsky.bo.ac.run(5): Stats for Executor: BlockingExecutor com.google.android.finsky.bo.ad@a23a1d2[Running, pool size = 2, active threads = 0, queued tasks = 0, completed tasks = 2]
11-02 20:48:45.017826  7790  7806 I Finsky  : [295] com.google.android.finsky.bo.ac.run(5): Stats for Executor: LightweightExecutor com.google.android.finsky.bo.ad@6e612a3[Running, pool size = 3, active threads = 0, queued tasks = 0, completed tasks = 8]
11-02 20:48:45.078060  7910  7910 D OpenGLRenderer: Skia GL Pipeline
11-02 20:48:45.205732  1864  1864 D OpenGLRenderer: Skia GL Pipeline
11-02 20:48:45.241728  7910  7927 I Adreno  : QUALCOMM build                   : 5484b33, I088aa6dce1
11-02 20:48:45.241728  7910  7927 I Adreno  : Build Date                       : 05/06/19
11-02 20:48:45.241728  7910  7927 I Adreno  : OpenGL ES Shader Compiler Version: EV031.26.08.00
11-02 20:48:45.241728  7910  7927 I Adreno  : Local Branch                     : gfx-adreno.lnx.1.0
11-02 20:48:45.241728  7910  7927 I Adreno  : Remote Branch                    : 
11-02 20:48:45.241728  7910  7927 I Adreno  : Remote Branch                    : 
11-02 20:48:45.241728  7910  7927 I Adreno  : Reconstruct Branch               : 
11-02 20:48:45.242154  7910  7927 I Adreno  : Build Config                     : S L 6.0.2 AArch32
11-02 20:48:45.255072  7910  7927 I Adreno  : PFP: 0x00c60400, ME: 0x003ff041
11-02 20:48:45.268104  7910  7927 I ConfigStore: android::hardware::configstore::V1_0::ISurfaceFlingerConfigs::hasWideColorDisplay retrieved: 0
11-02 20:48:45.268649  7910  7927 I ConfigStore: android::hardware::configstore::V1_0::ISurfaceFlingerConfigs::hasHDRDisplay retrieved: 0
11-02 20:48:45.269690  7910  7927 I OpenGLRenderer: Initialized EGL, version 1.4
11-02 20:48:45.269927  7910  7927 D OpenGLRenderer: Swap behavior 2
11-02 20:48:45.309442   545  1334 D SurfaceFlinger: duplicate layer name: changing com.google.android.packageinstaller/com.android.packageinstaller.permission.ui.GrantPermissionsActivity to com.google.android.packageinstaller/com.android.packageinstaller.permission.ui.GrantPermissionsActivity#1
11-02 20:48:45.454002  1864  1864 W WearableKeyguard: Keyguard took 298ms to handle event #3
11-02 20:48:45.668853  1686  1710 I ActivityManager: Displayed com.google.android.packageinstaller/com.android.packageinstaller.permission.ui.GrantPermissionsActivity: +1s295ms (total +2s781ms)
11-02 20:48:45.841045   545  2654 W SurfaceFlinger: Attempting to set client state on removed layer: Splash Screen fitness.smartwatch.montblanc.com.fitness#0
11-02 20:48:45.841217   545  2654 W SurfaceFlinger: Attempting to destroy on removed layer: Splash Screen fitness.smartwatch.montblanc.com.fitness#0
--------- switch to system
11-02 20:48:46.440281  1686  1828 E TaskPersister: File error accessing recents directory (directory doesn't exist?).
--------- switch to main
11-02 20:48:46.633210  1686  1696 I system_server: Background concurrent copying GC freed 23091(1486KB) AllocSpace objects, 23(1052KB) LOS objects, 19% free, 9MB/12MB, paused 2.675ms total 226.712ms
11-02 20:48:49.034731  2520  2716 D CollectorHandler: handleMessage, event: DISABLE_EFFECTS
--------- switch to system
11-02 20:48:55.816817  1686  1712 I PowerManagerService: Going to sleep due to screen timeout (uid 1000)...
11-02 20:48:55.818280  1686  1712 I DreamManagerService: Entering dreamland.
11-02 20:48:55.819063  1686  1712 I PowerManagerService: Dozing...
11-02 20:48:55.822536  1686  1708 I DreamController: Starting dream: name=ComponentInfo{com.google.android.wearable.ambient/com.google.android.wearable.ambient.AmbientDream}, isTest=false, canDoze=true, userId=0
11-02 20:48:55.822989  1686  1686 W UsageStatsService: Event reported without a package name
11-02 20:48:55.851855  1686  1686 W ContextImpl: Calling a method in the system process without a qualified user: android.app.ContextImpl.bindService:1611 android.content.ContextWrapper.bindService:698 com.google.android.wearable.ambient.AmbientDream.onCreate:191 android.app.ActivityThread.handleCreateService:3533 android.app.ActivityThread.access$1300:200 
11-02 20:48:55.854537  1686  1686 W ContextImpl: Calling a method in the system process without a qualified user: android.app.ContextImpl.sendBroadcast:1005 android.content.ContextWrapper.sendBroadcast:444 com.google.android.wearable.ambient.AmbientDream.onCreate:241 android.app.ActivityThread.handleCreateService:3533 android.app.ActivityThread.access$1300:200 
11-02 20:48:55.855242  1686  1686 V DreamService[AmbientDream]: onBind() intent = Intent { act=android.service.dreams.DreamService flg=0x800000 cmp=com.google.android.wearable.ambient/.AmbientDream }
--------- switch to main
11-02 20:48:51.319136  2520  2716 I chatty  : uid=10049(com.google.android.wearable.app) StreamLooper identical 3 lines
11-02 20:48:51.325602  2520  2716 D CollectorHandler: handleMessage, event: DISABLE_EFFECTS
11-02 20:48:55.858116  1686  1686 I AmbientService: [ce6a28c] Ambient Created: launching default, have auto-resume: true
--------- switch to system
11-02 20:48:55.861566  1686  1686 W ContextImpl: Calling a method in the system process without a qualified user: android.app.ContextImpl.startActivity:887 android.content.ContextWrapper.startActivity:379 com.google.android.wearable.ambient.AmbientService.maybeLaunchDefaultActivity:538 com.google.android.wearable.ambient.AmbientService.doOnCreate:633 com.google.android.wearable.ambient.AmbientService.access$3000:75 
11-02 20:48:55.862062  1686  1686 W ContextImpl: Calling a method in the system process without a qualified user: android.app.ContextImpl.startActivity:899 android.app.ContextImpl.startActivity:888 android.content.ContextWrapper.startActivity:379 com.google.android.wearable.ambient.AmbientService.maybeLaunchDefaultActivity:538 com.google.android.wearable.ambient.AmbientService.doOnCreate:633 
11-02 20:48:55.863323  1686  1686 I ActivityManager: START u0 {act=android.intent.action.MAIN cat=[android.intent.category.HOME] flg=0x34010000 cmp=com.google.android.wearable.app/com.google.android.clockwork.home2.activity.HomeActivity2} from uid 1000
--------- switch to main
11-02 20:48:55.961476  1864  1864 W WearableKeyguard: Keyguard took 61ms to handle event #3
11-02 20:48:55.962831  2520  2520 D HOME    : [HotwordController]updateClient MODE_LAUNCHER false false false true
--------- switch to system
11-02 20:48:55.995251  1686  1702 W BroadcastQueue: Background execution not allowed: receiving Intent { act=android.os.UpdateLock.UPDATE_LOCK_CHANGED flg=0x4000010 (has extras) } to com.google.android.gms/.chimera.GmsIntentOperationService$PersistentTrustedReceiver
--------- switch to main
11-02 20:48:55.999457  2520  2520 D HOME    : [HotwordController]updateClient MODE_LAUNCHER false false true true
11-02 20:48:56.003121  2520  2520 D HOME    : [WatchFaceUiController]sendStateToWallpaper
--------- switch to system
11-02 20:48:56.018131  1686  1686 V DreamService[AmbientDream]: Calling onDreamingStarted()
--------- switch to main
11-02 20:48:56.018340  1686  1686 I AmbientService: [ce6a28c] doOnDreamingStarted
11-02 20:48:56.018592  1686  1686 D WristGestureCtrl: Stopping detectors: GesturesEnabled-false gestureDetector-false ungazeEnabled-true ungaze-true
11-02 20:48:56.018659  1686  1686 D DefaultUngazeDetector: stopping
11-02 20:48:56.019735   512   512 I sensors-hal: batch:140, android.sensor.accelerometer/48, period=66667000, max_latency=100000000
11-02 20:48:56.022147  2520  2520 D HOME    : [StreamModule]Updating gaze alerter state: inWetMode=false focused=true uiMode=MODE_LAUNCHER
11-02 20:48:56.022615  2520  2520 D HOME    : [SurfaceRenderer]maybeRender: hasWindowFocus = true, hasViewFocus = false, hasModelToRender = false, shouldRender = false
11-02 20:48:56.023895   512   512 I sensors-hal: batch:149, android.sensor.accelerometer/48, period=66667000, max_latency=100000000 request completed
11-02 20:48:56.035411  2520  2520 W View    : View not hardware-accelerated. Unable to observe frame stats
11-02 20:48:56.058572   545   687 W SurfaceFlinger: Attempting to destroy on removed layer: ffe6df1 OobeOverlayHint#0
11-02 20:48:56.082620  2520  2520 D HOME    : [HotwordController]updateClient MODE_LAUNCHER false false false true
11-02 20:48:56.092883  1686  2945 I AmbientService: [ce6a28c] Potential first ambient activity started: AmbientActivity[component=ComponentInfo{com.google.android.wearable.app/com.google.android.clockwork.home2.activity.HomeActivity2}, callbacks=@210b385, running=true, ambientRequested=false, ambientEnabled=true, offloadEnabled=false]
11-02 20:48:56.093323  1686  2945 D SidekickService: setShouldControlDisplay called: false
11-02 20:48:56.093987  1686  2945 I AmbientService: [ce6a28c] Selected running activity for ambient mode: AmbientActivity[component=ComponentInfo{com.google.android.wearable.app/com.google.android.clockwork.home2.activity.HomeActivity2}, callbacks=@210b385, running=true, ambientRequested=true, ambientEnabled=true, offloadEnabled=false]
11-02 20:48:56.094533  1686  2945 I AmbientService: [ce6a28c] Offload not possible, requesting doze.
11-02 20:48:56.096509  1686  2945 W DefaultSettingsContentR: Value for ambient_low_bit_enabled not stored as number. Attempting parse as boolean.
11-02 20:48:56.100131  1686  2945 I AmbientService: [ce6a28c] The new activity has probably been launched on purpose.
11-02 20:48:56.137541  2520  2520 D HOME    : [HomeVisitsLogger]Logging streamlet event: enter_ambient_mode
11-02 20:48:56.138155  2520  2520 D HOME    : [HotwordController]updateClient MODE_LAUNCHER false true false true
11-02 20:48:56.138246  2520  7508 D HOME    : [HomeVisitsLogger]Logging streamlet event: visit_end
11-02 20:48:56.141237  2520  2520 D HOME    : [WatchFaceUiController]setInAmbientMode true
11-02 20:48:56.144371  2520  2520 D HOME    : [StreamDBQueue]Promised revision #1830 to queue a new op
11-02 20:48:56.145924  2520  2520 D WatchStreamManager: Promised rank-blocked=false @ r#1830
11-02 20:48:56.147477  2520  2520 D HOME    : [StreamDBQueue]Promised revision #1831 to queue a new op
11-02 20:48:56.147677  2520  2520 D WatchStreamManager: Promised rank-blocked=false @ r#1831
11-02 20:48:56.148335  2520  2520 D HOME    : [WatchFaceUiController]sendStateToWallpaper
11-02 20:48:56.153270  2520  2520 D HOME    : [EventBus]Wrapper pool is full. Discarding excess wrapper instance for event hoq
11-02 20:48:56.153466  2520  7508 I SidekickManager: replaceWatchFaceComponentsImpl(): watchFace = com.google.android.clockwork.decomposablewatchface.WatchFaceDecomposition@d560f67
11-02 20:48:56.153549  2520  2520 D HOME    : [EventBus]Wrapper pool is full. Discarding excess wrapper instance for event hoq
11-02 20:48:56.154769  2520  2520 D HOME    : [HotwordController]updateClient MODE_WATCH_FACE false true false true
11-02 20:48:56.155261  2520  2520 D HOME    : [EventBus]Wrapper pool is full. Discarding excess wrapper instance for event hoq
11-02 20:48:56.155521  2520  2520 D HOME    : [EventBus]Wrapper pool is full. Discarding excess wrapper instance for event hoq
11-02 20:48:56.155535  1686  2583 D SidekickService: sendWatchFaceComponents called: watchFace = com.google.android.clockwork.decomposablewatchface.WatchFaceDecomposition@41161aeshouldReplace = false
11-02 20:48:56.155752  1686  2583 D SidekickService: Check decomposition for calling app com.google.android.wearable.app with uid 10049
11-02 20:48:56.156967  2520  7938 D HOME    : [WatchStreamDB]Item alerting conditions - isInterruptive: false, recentlyInterrupted: false, isItemPinned: false, isUnread: false
11-02 20:48:56.157051  2520  2520 D HOME    : [EventBus]Wrapper pool is full. Discarding excess wrapper instance for event hoq
11-02 20:48:56.157111  1686  2583 D SidekickService: sendWatchFaceLocked(): shouldReplace = false, mSidekickIsControlling = false, 1 images, 0 fonts, 0 numbers, 0 proportionalFonts, 0 strings
11-02 20:48:56.157167  1686  2583 D SidekickService: ISidekickGraphics#beginResources()...
11-02 20:48:56.157262  2520  7938 D HOME    : [StreamAlertingRegulator]isTheaterModeEnabled: false, isAlertingAllowedByOffBody: true, matchesLocalInterruptionFilter: true
11-02 20:48:56.157485  2520  7938 D HOME    : [WatchStreamDB]couldItemAlert: false, isTopItemChanged: false, isDeferralForTopItem: false
11-02 20:48:56.157918  1686  1742 I AmbientService: [ce6a28c] Offloadability changed in ambient mode for: AmbientActivity[component=ComponentInfo{com.google.android.wearable.app/com.google.android.clockwork.home2.activity.HomeActivity2}, callbacks=@210b385, running=true, ambientRequested=true, ambientEnabled=true, offloadEnabled=true], new state: true
11-02 20:48:56.157974  1686  1742 I AmbientService: [ce6a28c] Potentially updating doze command
11-02 20:48:56.158588  1686  1742 D SidekickService: setShouldControlDisplay called: true
11-02 20:48:56.159713  2520  7938 D HOME    : [WatchStreamDB]Item alerting conditions - isInterruptive: false, recentlyInterrupted: false, isItemPinned: false, isUnread: false
11-02 20:48:56.160521  2520  7938 D HOME    : [StreamAlertingRegulator]isTheaterModeEnabled: false, isAlertingAllowedByOffBody: true, matchesLocalInterruptionFilter: true
11-02 20:48:56.160891  2520  7938 D HOME    : [WatchStreamDB]couldItemAlert: false, isTopItemChanged: false, isDeferralForTopItem: false
11-02 20:48:56.161128  1686  2583 D SidekickServiceUtils: bitmapFromDrawable: Returning bitmap directly
11-02 20:48:56.162474  1686  2583 D SidekickService: sendBitmapsLocked(): bounds = RectF(0.0, 0.0, 0.0024038462, 0.0024038462), drawableInfo = {.id = 100000, .width = 1, .height = 1, .display = true, .offsetX = 0.0, .offsetY = 0.0, .rotationInfo = {.hasRotation = false, .pivotX = 0.0, .pivotY = 0.0, .degreesPerDay = 0.0, .degreesPerStep = 0.0, .zeroDegreesTime = {.daysSinceLocalEpoch = 0, .msSinceMidnight = 0}}, .transformInfo = {.transformed = false, .flipX = false, .flipY = false, .flip45 = false, .scaleX = 0.0, .scaleY = 0.0}, .type = GENERIC, .blink = {.blinking = false, .periodOnMs = 0.0, .periodOffMs = 0.0, .startTime = {.daysSinceLocalEpoch = 0, .msSinceMidnight = 0}}, .zOrder = 8, .displayInTwm = true}, image.size() = 84
11-02 20:48:56.163351   416  2389 D SKGHAL  : saveResource: resId = 100000
11-02 20:48:56.166741  1686  2583 D SidekickService: sendBitmapsLocked(): status = 0, bytesUsed = 18
11-02 20:48:56.166988  1686  2583 D SidekickService: ISidekickGraphics#endResources()...
11-02 20:48:56.175172  2520  7939 D HOME    : [StreamDBQueue]Promised revision #1832 to queue a new op
11-02 20:48:56.175418  2520  7939 D WatchStreamManager: Promised rerank @ r#1832
11-02 20:48:56.176109  2520  7940 D HOME    : [WatchStreamDB]updateRanking()
11-02 20:48:56.177519  2520  7940 D HOME    : [WatchStreamDB]Item alerting conditions - isInterruptive: false, recentlyInterrupted: false, isItemPinned: false, isUnread: false
11-02 20:48:56.177826  2520  7940 D HOME    : [StreamAlertingRegulator]isTheaterModeEnabled: false, isAlertingAllowedByOffBody: true, matchesLocalInterruptionFilter: true
11-02 20:48:56.178044  2520  7940 D HOME    : [WatchStreamDB]couldItemAlert: false, isTopItemChanged: false, isDeferralForTopItem: false
11-02 20:48:56.178712  2520  7940 D HOME    : [NewStreamAdapter]Publishing revision #1832 to adapter clients
11-02 20:48:56.179108  2520  7939 D HOME    : [StreamDBQueue]Promised revision #1833 to queue a new op
11-02 20:48:56.179325  2520  7939 D WatchStreamManager: Promised rerank @ r#1833
11-02 20:48:56.179382  2520  7940 D HOME    : [WatchStreamDB]updateRanking()
11-02 20:48:56.180042  2520  7940 D HOME    : [WatchStreamDB]Item alerting conditions - isInterruptive: false, recentlyInterrupted: false, isItemPinned: false, isUnread: false
11-02 20:48:56.180404  2520  7940 D HOME    : [StreamAlertingRegulator]isTheaterModeEnabled: false, isAlertingAllowedByOffBody: true, matchesLocalInterruptionFilter: true
11-02 20:48:56.180647  2520  7940 D HOME    : [WatchStreamDB]couldItemAlert: false, isTopItemChanged: false, isDeferralForTopItem: false
11-02 20:48:56.181195  2520  7940 D HOME    : [NewStreamAdapter]Publishing revision #1833 to adapter clients
11-02 20:48:56.334171   416  2389 D SKGHAL  : sendResources: metadata size = 2400, font size = 72
11-02 20:48:56.410079   416  2389 D SKGHAL  : endResources: rc = 0
11-02 20:48:56.411682  1686  1742 I AmbientService: [ce6a28c] Selected running activity for ambient mode: AmbientActivity[component=ComponentInfo{com.google.android.wearable.app/com.google.android.clockwork.home2.activity.HomeActivity2}, callbacks=@210b385, running=true, ambientRequested=true, ambientEnabled=true, offloadEnabled=true]
11-02 20:48:56.412721  1686  1742 I AmbientService: [ce6a28c] Sidekick is ready to display, requesting doze.
11-02 20:48:56.416011  1686  1742 W DefaultSettingsContentR: Value for ambient_low_bit_enabled not stored as number. Attempting parse as boolean.
11-02 20:48:56.419407  1686  1742 I AmbientService: [ce6a28c] Showing watch face in offload mode, canceling alarm.
11-02 20:48:56.425083  2520  2520 D HOME    : [EventBus]Wrapper pool is full. Discarding excess wrapper instance for event hoq
11-02 20:48:56.425714  2520  2520 I chatty  : uid=10049(com.google.android.wearable.app) identical 1 line
11-02 20:48:56.425962  2520  2520 D HOME    : [EventBus]Wrapper pool is full. Discarding excess wrapper instance for event hoq
11-02 20:48:56.426216  2520  2520 D HOME    : [StreamModule]Updating gaze alerter state: inWetMode=false focused=true uiMode=MODE_WATCH_FACE
11-02 20:48:56.426398  2520  2520 D HOME    : [EventBus]Wrapper pool is full. Discarding excess wrapper instance for event hoq
11-02 20:48:56.426626  2520  2520 D HOME    : [EventBus]Wrapper pool is full. Discarding excess wrapper instance for event hoq
11-02 20:48:56.452505  2520  2520 E HOME    : [HintOverlayService]Hint with id 2 already displaying.
--------- switch to system
11-02 20:48:56.456712  1686  1706 E KernelUidCpuTimeReader: Malformed cpu data for UID=10064!
11-02 20:48:56.456712  1686  1706 E KernelUidCpuTimeReader: Time between reads: +12s307ms
11-02 20:48:56.456712  1686  1706 E KernelUidCpuTimeReader: Previous times: u=+14s660ms s=+2s110ms
11-02 20:48:56.456712  1686  1706 E KernelUidCpuTimeReader: Current times: u=+14s240ms s=+1s800ms
11-02 20:48:56.456712  1686  1706 E KernelUidCpuTimeReader: Delta: u=-420ms s=-310ms
--------- switch to kernel
11-02 20:48:56.398365     0     0 E FG      : fg_psy_get_property: unsupported property 7
11-02 20:48:56.401281     0     0 W healthd : battery l=61 v=3860 t=37.0 h=2 st=3 c=186 fc=443000 cc=0 chg=
--------- switch to main
11-02 20:48:56.461715  1956  1956 D QtiCarrierConfigHelper: WARNING, no carrier configs on phone Id: 0
11-02 20:48:56.473799  2520  2520 E HOME    : [HintOverlayService]Hint with id 2 already displaying.
11-02 20:48:56.474690  2520  2520 D HOME    : [HotwordController]updateClient MODE_TUTORIAL_CHANGE_WATCHFACE false true false true
11-02 20:48:56.476308  1686  1742 I AmbientService: [ce6a28c] Offloadability changed in ambient mode for: AmbientActivity[component=ComponentInfo{com.google.android.wearable.app/com.google.android.clockwork.home2.activity.HomeActivity2}, callbacks=@210b385, running=true, ambientRequested=true, ambientEnabled=true, offloadEnabled=false], new state: false
11-02 20:48:56.476536  1686  1742 I AmbientService: [ce6a28c] Potentially updating doze command
11-02 20:48:56.477111  1686  1742 D SidekickService: setShouldControlDisplay called: false
11-02 20:48:56.477735  1686  1742 I AmbientService: [ce6a28c] Selected running activity for ambient mode: AmbientActivity[component=ComponentInfo{com.google.android.wearable.app/com.google.android.clockwork.home2.activity.HomeActivity2}, callbacks=@210b385, running=true, ambientRequested=true, ambientEnabled=true, offloadEnabled=false]
11-02 20:48:56.478724  1686  1742 I AmbientService: [ce6a28c] Offload not possible, requesting doze.
11-02 20:48:56.479703  1686  1742 I AmbientService: [ce6a28c] No auto-resume Activity.
11-02 20:48:56.478104   512   512 I sensors-hal: activate:107, android.sensor.light/46 en=0
11-02 20:48:56.481835  1686  1742 W DefaultSettingsContentR: Value for ambient_low_bit_enabled not stored as number. Attempting parse as boolean.
11-02 20:48:56.485996   512   512 I sensors-hal: activate:118, android.sensor.light/46 en=0 completed
11-02 20:48:56.490887  2520  2520 D HOME    : [StreamModule]Updating gaze alerter state: inWetMode=false focused=true uiMode=MODE_TUTORIAL_CHANGE_WATCHFACE
11-02 20:48:56.491120  2520  2520 D HOME    : [EventBus]Wrapper pool is full. Discarding excess wrapper instance for event hoq
--------- switch to system
11-02 20:48:56.492623  1686  1710 I DisplayManagerService: Display device changed state: "cran intgr", DOZE
--------- switch to main
11-02 20:48:56.491294  2520  2520 D HOME    : [EventBus]Wrapper pool is full. Discarding excess wrapper instance for event hoq
