11-02 23:27:12.697337     0     0 I CPU0    : update max cpu_capacity 748
11-02 23:27:12.704707     0     0 I CPU2    : update max cpu_capacity 1024
--------- switch to main
11-02 23:27:12.787974  2520  9131 D HOME    : [WatchStreamDB]Item alerting conditions - isInterruptive: false, recentlyInterrupted: false, isItemPinned: false, isUnread: false
11-02 23:27:12.788364  2520  9131 D HOME    : [StreamAlertingRegulator]isTheaterModeEnabled: false, isAlertingAllowedByOffBody: true, matchesLocalInterruptionFilter: true
11-02 23:27:12.788658  2520  9131 D HOME    : [WatchStreamDB]couldItemAlert: false, isTopItemChanged: false, isDeferralForTopItem: false
--------- switch to kernel
11-02 23:27:12.735744     0     0 I CPU0    : update max cpu_capacity 748
11-02 23:27:12.736777     0     0 I CPU3    : update max cpu_capacity 1024
--------- switch to system
11-02 23:27:17.102751  1686  1712 I PowerManagerService: Going to sleep due to screen timeout (uid 1000)...
11-02 23:27:17.103437  1686  1686 W UsageStatsService: Event reported without a package name
11-02 23:27:17.103926  1686  1712 I DreamManagerService: Entering dreamland.
11-02 23:27:17.104799  1686  1712 I PowerManagerService: Dozing...
11-02 23:27:17.122583  1686  1708 I DreamController: Starting dream: name=ComponentInfo{com.google.android.wearable.ambient/com.google.android.wearable.ambient.AmbientDream}, isTest=false, canDoze=true, userId=0
11-02 23:27:17.139312  1686  1686 W ContextImpl: Calling a method in the system process without a qualified user: android.app.ContextImpl.bindService:1611 android.content.ContextWrapper.bindService:698 com.google.android.wearable.ambient.AmbientDream.onCreate:191 android.app.ActivityThread.handleCreateService:3533 android.app.ActivityThread.access$1300:200 
11-02 23:27:17.143409  1686  1686 W ContextImpl: Calling a method in the system process without a qualified user: android.app.ContextImpl.sendBroadcast:1005 android.content.ContextWrapper.sendBroadcast:444 com.google.android.wearable.ambient.AmbientDream.onCreate:241 android.app.ActivityThread.handleCreateService:3533 android.app.ActivityThread.access$1300:200 
11-02 23:27:17.144428  1686  1686 V DreamService[AmbientDream]: onBind() intent = Intent { act=android.service.dreams.DreamService flg=0x800000 cmp=com.google.android.wearable.ambient/.AmbientDream }
--------- switch to main
11-02 23:27:17.145173  1686  1686 I AmbientService: [ce6a28c] Ambient Created
--------- switch to system
11-02 23:27:17.147846  1686  1686 V DreamService[AmbientDream]: Calling onDreamingStarted()
--------- switch to main
11-02 23:27:17.147994  1686  1686 I AmbientService: [ce6a28c] doOnDreamingStarted
11-02 23:27:17.148446  1686  1686 D SidekickService: setShouldControlDisplay called: true
11-02 23:27:17.149347  1686  1686 I AmbientService: [ce6a28c] Selected running activity for ambient mode: AmbientActivity[component=ComponentInfo{com.google.android.wearable.app/com.google.android.clockwork.home2.activity.HomeActivity2}, callbacks=@210b385, running=true, ambientRequested=true, ambientEnabled=true, offloadEnabled=true]
11-02 23:27:17.150071  1686  1686 I AmbientService: [ce6a28c] Sidekick is ready to display, requesting doze.
11-02 23:27:17.151565  1686  1686 I AmbientService: [ce6a28c] No auto-resume Activity.
11-02 23:27:17.153203  1686  1686 W DefaultSettingsContentR: Value for ambient_low_bit_enabled not stored as number. Attempting parse as boolean.
11-02 23:27:17.158718  2520  2520 D HOME    : [HomeVisitsLogger]Logging streamlet event: enter_ambient_mode
11-02 23:27:17.159497  2520  2520 D HOME    : [HotwordController]updateClient MODE_WATCH_FACE false true false true
11-02 23:27:17.160830  2520  2520 D HOME    : [WatchFaceUiController]setInAmbientMode true
11-02 23:27:17.160897  2520  8603 D HOME    : [HomeVisitsLogger]Logging streamlet event: visit_end
11-02 23:27:17.161897  2520  7941 I SidekickManager: replaceWatchFaceComponentsImpl(): watchFace = com.google.android.clockwork.decomposablewatchface.WatchFaceDecomposition@60dbe56
11-02 23:27:17.162565  1686  1686 I AmbientService: [ce6a28c] Showing watch face in offload mode, canceling alarm.
11-02 23:27:17.162632  1686  1686 W AlarmManagerProxy: Removing unknown listener
11-02 23:27:17.162719  1686  1686 D WristGestureCtrl: Stopping detectors: GesturesEnabled-false gestureDetector-false ungazeEnabled-true ungaze-true
11-02 23:27:17.162754  1686  1686 D DefaultUngazeDetector: stopping
11-02 23:27:17.163563  2520  2520 D HOME    : [StreamDBQueue]Promised revision #2759 to queue a new op
11-02 23:27:17.163734  1686  5241 D SidekickService: sendWatchFaceComponents called: watchFace = com.google.android.clockwork.decomposablewatchface.WatchFaceDecomposition@72ded48shouldReplace = false
11-02 23:27:17.163794  2520  2520 D WatchStreamManager: Promised rank-blocked=false @ r#2759
11-02 23:27:17.163932  1686  5241 D SidekickService: Check decomposition for calling app com.google.android.wearable.app with uid 10049
--------- switch to system
11-02 23:27:17.163986  1686  1686 V SettingsProvider: Notifying for 0: content://settings/system/screen_brightness
--------- switch to main
11-02 23:27:17.164171  2520  2520 D HOME    : [StreamDBQueue]Promised revision #2760 to queue a new op
11-02 23:27:17.164285  2520  2520 D WatchStreamManager: Promised rank-blocked=false @ r#2760
11-02 23:27:17.164355  1686  5241 D SidekickService: sendWatchFaceLocked(): shouldReplace = false, mSidekickIsControlling = false, 1 images, 0 fonts, 0 numbers, 0 proportionalFonts, 0 strings
11-02 23:27:17.164412  1686  5241 D SidekickService: ISidekickGraphics#beginResources()...
11-02 23:27:17.164695  2520  9392 D HOME    : [StreamDBQueue]Promised revision #2761 to queue a new op
11-02 23:27:17.164831  2520  9392 D WatchStreamManager: Promised rerank @ r#2761
11-02 23:27:17.165005  2520  2520 D HOME    : [EventBus]Wrapper pool is full. Discarding excess wrapper instance for event com.google.android.clockwork.sysui.events.KeyguardStateEvent
11-02 23:27:17.165084  2520  2520 D HOME    : [WatchFaceUiController]sendStateToWallpaper
11-02 23:27:17.165363  1686  5241 D SidekickServiceUtils: bitmapFromDrawable: Returning bitmap directly
11-02 23:27:17.166684  2520  2520 D HOME    : [EventBus]Wrapper pool is full. Discarding excess wrapper instance for event com.google.android.clockwork.sysui.events.KeyguardStateEvent
11-02 23:27:17.166969  2520  2520 D HOME    : [EventBus]Wrapper pool is full. Discarding excess wrapper instance for event com.google.android.clockwork.sysui.events.KeyguardStateEvent
11-02 23:27:17.167493   512   512 I sensors-hal: batch:140, android.sensor.accelerometer/48, period=66667000, max_latency=100000000
11-02 23:27:17.169463  1686  5241 D SidekickService: sendBitmapsLocked(): bounds = RectF(0.0, 0.0, 0.0024038462, 0.0024038462), drawableInfo = {.id = 100000, .width = 1, .height = 1, .display = true, .offsetX = 0.0, .offsetY = 0.0, .rotationInfo = {.hasRotation = false, .pivotX = 0.0, .pivotY = 0.0, .degreesPerDay = 0.0, .degreesPerStep = 0.0, .zeroDegreesTime = {.daysSinceLocalEpoch = 0, .msSinceMidnight = 0}}, .transformInfo = {.transformed = false, .flipX = false, .flipY = false, .flip45 = false, .scaleX = 0.0, .scaleY = 0.0}, .type = GENERIC, .blink = {.blinking = false, .periodOnMs = 0.0, .periodOffMs = 0.0, .startTime = {.daysSinceLocalEpoch = 0, .msSinceMidnight = 0}}, .zOrder = 8, .displayInTwm = true}, image.size() = 84
11-02 23:27:17.170280   512   512 I sensors-hal: batch:149, android.sensor.accelerometer/48, period=66667000, max_latency=100000000 request completed
11-02 23:27:17.170903  2520  8603 D HOME    : [WatchStreamDB]Item alerting conditions - isInterruptive: false, recentlyInterrupted: false, isItemPinned: false, isUnread: false
11-02 23:27:17.171291  2520  8603 D HOME    : [StreamAlertingRegulator]isTheaterModeEnabled: false, isAlertingAllowedByOffBody: true, matchesLocalInterruptionFilter: true
11-02 23:27:17.171714   416  2389 D SKGHAL  : saveResource: resId = 100000
11-02 23:27:17.171988  2520  8603 D HOME    : [WatchStreamDB]couldItemAlert: false, isTopItemChanged: false, isDeferralForTopItem: false
11-02 23:27:17.172040  1686  5241 D SidekickService: sendBitmapsLocked(): status = 0, bytesUsed = 18
11-02 23:27:17.172195  1686  5241 D SidekickService: ISidekickGraphics#endResources()...
11-02 23:27:17.174020  2520  2520 W StaticLayout: maxLineHeight should not be -1.  maxLines:1 lineCount:1
11-02 23:27:17.174898  2520  8603 D HOME    : [WatchStreamDB]Item alerting conditions - isInterruptive: false, recentlyInterrupted: false, isItemPinned: false, isUnread: false
11-02 23:27:17.175771  2520  8603 D HOME    : [StreamAlertingRegulator]isTheaterModeEnabled: false, isAlertingAllowedByOffBody: true, matchesLocalInterruptionFilter: true
11-02 23:27:17.177511  2520  8603 D HOME    : [WatchStreamDB]couldItemAlert: false, isTopItemChanged: false, isDeferralForTopItem: false
11-02 23:27:17.178893  2520  8603 D HOME    : [WatchStreamDB]updateRanking()
11-02 23:27:17.180935  2520  8603 D HOME    : [WatchStreamDB]Item alerting conditions - isInterruptive: false, recentlyInterrupted: false, isItemPinned: false, isUnread: false
11-02 23:27:17.181314  2520  8603 D HOME    : [StreamAlertingRegulator]isTheaterModeEnabled: false, isAlertingAllowedByOffBody: true, matchesLocalInterruptionFilter: true
11-02 23:27:17.184501  2520  8603 D HOME    : [WatchStreamDB]couldItemAlert: false, isTopItemChanged: false, isDeferralForTopItem: false
11-02 23:27:17.186008  2520  8603 D HOME    : [NewStreamAdapter]Publishing revision #2761 to adapter clients
11-02 23:27:17.188310  2520  9392 D HOME    : [StreamDBQueue]Promised revision #2762 to queue a new op
11-02 23:27:17.188742  2520  9392 D WatchStreamManager: Promised rerank @ r#2762
11-02 23:27:17.188935  2520  8603 D HOME    : [WatchStreamDB]updateRanking()
11-02 23:27:17.189513  2520  8603 D HOME    : [WatchStreamDB]Item alerting conditions - isInterruptive: false, recentlyInterrupted: false, isItemPinned: false, isUnread: false
11-02 23:27:17.189947  2520  8603 D HOME    : [StreamAlertingRegulator]isTheaterModeEnabled: false, isAlertingAllowedByOffBody: true, matchesLocalInterruptionFilter: true
11-02 23:27:17.190244  2520  8603 D HOME    : [WatchStreamDB]couldItemAlert: false, isTopItemChanged: false, isDeferralForTopItem: false
11-02 23:27:17.190845  2520  8603 D HOME    : [NewStreamAdapter]Publishing revision #2762 to adapter clients
11-02 23:27:17.457213   416  2389 D SKGHAL  : sendResources: metadata size = 2400, font size = 72
11-02 23:27:17.529158   416  2389 D SKGHAL  : endResources: rc = 0
11-02 23:27:17.529575  1686  1686 I SidekickService: loadBrightnessLocked()
11-02 23:27:17.530438  1686  1686 D SidekickService: screenBrightness  = 51
11-02 23:27:17.530423  2520  2520 D HOME    : [SidekickManagerAsync]replaceWatchFaceComponents(): Callback#onResult(): 0
11-02 23:27:17.530663  2520  2520 D HOME    : [WatchFaceUiController]Complication updates sent, posting watch face hiding
11-02 23:27:17.530717  2520  2520 D HOME    : [WatchFaceUiController]Still in ambient watch face, hiding
11-02 23:27:17.530759  2520  2520 D HOME    : [WatchFaceUiController]Hiding watch face wallpaper.
11-02 23:27:17.530957  1686  1686 D SidekickService: sendConfigValuesLocked(): alsThresholds = [40, 92, 95, 100, 125, 150, 175, 200, 225, 250, 300, 400, 500, 800, 1200], brightnessValuesBright = [50, 56, 60, 70, 80, 90, 100, 115, 120, 140, 160, 180, 200, 220, 240, 255], brightnessValuesDim= [50, 56, 60, 70, 80, 90, 100, 115, 120, 140, 160, 180, 200, 220, 240, 255]
11-02 23:27:17.541873  1686  1686 D SidekickService: setAlsMode(): mode = 2, brightenAlpha = 80, dimmingAlpha = 80
11-02 23:27:17.555790  1686  1686 D SidekickService: setTwmConfig():: msTiltToBright = 10000, tiltToBright = false
--------- switch to system
11-02 23:27:17.556419  1686  1686 W Looper  : Slow dispatch took 391ms main h=android.os.Handler c=android.database.ContentObserver$NotificationRunnable@a8a27e1 m=0
11-02 23:27:17.557236  1686  1686 W Looper  : Slow delivery took 388ms main h=android.os.Handler c=com.google.android.wearable.ambient.AmbientDream$Callbacks$1@dffb906 m=0
--------- switch to kernel
11-02 23:27:17.494494     0     0 E FG      : fg_psy_get_property: unsupported property 7
11-02 23:27:17.497910     0     0 W healthd : battery l=45 v=3760 t=32.0 h=2 st=3 c=157 fc=443000 cc=0 chg=
--------- switch to system
11-02 23:27:17.576444  1686  1686 W Looper  : Drained
--------- switch to main
11-02 23:27:17.577658   512   512 I sensors-hal: activate:107, android.sensor.light/46 en=0
11-02 23:27:17.582687  1956  1956 D QtiCarrierConfigHelper: WARNING, no carrier configs on phone Id: 0
11-02 23:27:17.583819   512   512 I sensors-hal: activate:118, android.sensor.light/46 en=0 completed
11-02 23:27:17.584629  2520  2520 D HOME    : [BatteryChange]action: android.intent.action.BATTERY_CHANGED
11-02 23:27:17.585511  2520  7941 D HOME    : [BatteryChange]HandleBatteryChangedTask
11-02 23:27:17.585964  2520  7941 D HOME    : [BatteryChange]level: 45, status: 3
--------- switch to system
11-02 23:27:17.594270  1686  1710 I DisplayManagerService: Display device changed state: "Écran intégré", DOZE_SUSPEND
--------- switch to main
11-02 23:27:17.615484   545   545 D SurfaceFlinger: Set power mode=3, type=0 flinger=0xb6bb6000
11-02 23:27:17.616291   504   762 I SDM     : DisplayBase::SetDisplayState: Set state = 3, display 0
11-02 23:27:17.624831  1686  1759 I InputReader: Reconfiguring input devices.  changes=0x00000004
11-02 23:27:17.664432   545   545 D SurfaceFlinger: Finished set power mode=3, type=0
11-02 23:27:17.665005  1686  1823 I SidekickService: beginDisplayLocked(): DOZE_SUSPEND
11-02 23:27:17.665813   416   416 D SKGHAL  : sendAmbientPrepare: enter:
--------- switch to kernel
11-02 23:27:17.542115     0     0 I mdss_dsi_panel_set_idle_mode: Idle (0->1)
11-02 23:27:17.586347     0     0 I         : [touch]FB_BLANK_VSYNC_SUSPEND
11-02 23:27:17.586354     0     0 I         : [touch]irq disable
11-02 23:27:17.586359     0     0 I         : [touch]workqueue is empty!
11-02 23:27:17.586363     0     0 I         : [touch]raydium_ts_do_suspend.
11-02 23:27:17.586372     0     0 I         : [touch]Device may wakeup
11-02 23:27:17.589702     0     0 I         : [touch]irq enable
--------- switch to system
11-02 23:27:17.729753  1686  1759 I PowerManagerService: Waking up from dozing (uid=1000 reason=android.policy:MOTION)...
11-02 23:27:17.730468  1686  1686 W UsageStatsService: Event reported without a package name
11-02 23:27:17.732000  2520  2520 W ViewRootImpl[HomeActivity2]: Dropping event due to no window focus: MotionEvent { action=ACTION_HOVER_ENTER, actionButton=0, id[0]=0, x[0]=100.0, y[0]=100.0, toolType[0]=TOOL_TYPE_FINGER, buttonState=0, metaState=0, flags=0x0, edgeFlags=0x0, pointerCount=1, historySize=0, eventTime=2085789, downTime=1980708, deviceId=1, source=0x1002 }
11-02 23:27:17.743760  2520  2520 W ViewRootImpl[HomeActivity2]: Cancelling event due to no window focus: MotionEvent { action=ACTION_CANCEL, actionButton=0, id[0]=0, x[0]=100.0, y[0]=100.0, toolType[0]=TOOL_TYPE_FINGER, buttonState=0, metaState=0, flags=0x0, edgeFlags=0x0, pointerCount=1, historySize=0, eventTime=2085803, downTime=1980708, deviceId=1, source=0x1002 }
--------- switch to kernel
11-02 23:27:17.668177     0     0 E FG      : fg_psy_get_property: unsupported property 7
11-02 23:27:17.668566     0     0 I         : [touch]display wake up
11-02 23:27:17.670840     0     0 W healthd : battery l=45 v=3760 t=32.0 h=2 st=3 c=157 fc=443000 cc=0 chg=
--------- switch to main
11-02 23:27:17.759292   512  1749 I sensors-hal: batch:140, android.sensor.light/46, period=100000000, max_latency=0
11-02 23:27:17.759362   512  1749 I sensors-hal: batch:149, android.sensor.light/46, period=100000000, max_latency=0 request completed
11-02 23:27:17.759634   512  1749 I sensors-hal: activate:107, android.sensor.light/46 en=1
11-02 23:27:17.760047   512  1749 I sensors-hal: ssc_enable_rt_task:254, ssc_enable_rt_task : true
11-02 23:27:17.762616   512  1749 I sensors-hal: activate:118, android.sensor.light/46 en=1 completed
11-02 23:27:17.763194   512  1749 I sensors-hal: activate:107, android.sensor.accelerometer/48 en=0
11-02 23:27:17.764198   512  1749 I sensors-hal: activate:118, android.sensor.accelerometer/48 en=0 completed
11-02 23:27:17.768009   512  1749 I sensors-hal: batch:140, android.sensor.accelerometer/48, period=66667000, max_latency=100000000
11-02 23:27:17.768071   512  1749 I sensors-hal: batch:149, android.sensor.accelerometer/48, period=66667000, max_latency=100000000 request completed
11-02 23:27:17.768860   512  1749 I sensors-hal: activate:107, android.sensor.accelerometer/48 en=1
11-02 23:27:17.769193   512  1749 I sensors-hal: ssc_enable_rt_task:254, ssc_enable_rt_task : true
11-02 23:27:17.772685   512  1749 I sensors-hal: activate:118, android.sensor.accelerometer/48 en=1 completed
11-02 23:27:17.776052   512  9509 I sensors-hal: handle_indication_realtime:355,  SCHED_FIFO(10) for qmi_cbk
11-02 23:27:17.777703  1686  1799 E WifiStateMachine: getWifiLinkLayerStats called without an interface
--------- switch to system
11-02 23:27:17.744126  2520  2520 I chatty  : uid=10049(com.google.android.wearable.app) identical 2 lines
11-02 23:27:17.744280  2520  2520 W ViewRootImpl[HomeActivity2]: Cancelling event due to no window focus: MotionEvent { action=ACTION_CANCEL, actionButton=0, id[0]=0, x[0]=100.0, y[0]=100.0, toolType[0]=TOOL_TYPE_FINGER, buttonState=0, metaState=0, flags=0x0, edgeFlags=0x0, pointerCount=1, historySize=0, eventTime=2085803, downTime=1980708, deviceId=1, source=0x1002 }
11-02 23:27:17.783399  1686  1702 W BroadcastQueue: Background execution not allowed: receiving Intent { act=android.intent.action.USER_PRESENT flg=0x10 } to com.google.android.gms/.auth.setup.devicesignals.LockScreenReceiver
11-02 23:27:17.783924  1686  1702 W BroadcastQueue: Background execution not allowed: receiving Intent { act=android.intent.action.USER_PRESENT flg=0x10 } to com.google.android.gms/.chimera.GmsIntentOperationService$PersistentTrustedReceiver
--------- switch to main
11-02 23:27:17.790749  3205  3434 W WorkController: Loading failed for worker [trainingcache]: worker not found
11-02 23:27:17.792879  3205  3372 W A       : TrainingCache cache DEVICE_UNLOCKED failure
11-02 23:27:17.792879  3205  3372 W A       : com.google.android.apps.gsa.search.core.service.h.a.a: No worker found for Worker ID [trainingcache].
11-02 23:27:17.792879  3205  3372 W A       : 	at com.google.android.apps.gsa.search.core.service.g.a.c.a(Unknown Source:5)
11-02 23:27:17.792879  3205  3372 W A       : 	at com.google.android.libraries.gsa.c.a.d.a(Unknown Source:3)
11-02 23:27:17.792879  3205  3372 W A       : 	at com.google.common.p.a.cg.c(Unknown Source:2)
11-02 23:27:17.792879  3205  3372 W A       : 	at com.google.common.p.a.bk.run(SourceFile:3)
11-02 23:27:17.792879  3205  3372 W A       : 	at com.google.common.p.a.ci.run(Unknown Source:4)
11-02 23:27:17.792879  3205  3372 W A       : 	at com.google.apps.tiktok.concurrent.ab.run(SourceFile:1)
11-02 23:27:17.792879  3205  3372 W A       : 	at java.util.concurrent.ThreadPoolExecutor.runWorker(ThreadPoolExecutor.java:1167)
11-02 23:27:17.792879  3205  3372 W A       : 	at java.util.concurrent.ThreadPoolExecutor$Worker.run(ThreadPoolExecutor.java:641)
11-02 23:27:17.792879  3205  3372 W A       : 	at com.google.apps.tiktok.concurrent.c.run(Unknown Source:4)
11-02 23:27:17.792879  3205  3372 W A       : 	at java.lang.Thread.run(Thread.java:764)
11-02 23:27:17.823652   416   416 D SKGHAL  : sendAmbientEvent: enter: enable = 1
11-02 23:27:17.824176  1686  1696 I system_server: Background concurrent copying GC freed 35014(1950KB) AllocSpace objects, 23(748KB) LOS objects, 19% free, 10MB/13MB, paused 995us total 230.076ms
11-02 23:27:17.824797   504   523 I SDM     : DisplayBase::SetDisplayState: Set state = 4, display 0
11-02 23:27:17.824899   504   523 D SDM     : HWCDisplayPrimary::SetStandByMode: Null display is connected successfully
11-02 23:27:17.825088   416   416 D SKGHAL  : standBy_update_control call succeed on 1
11-02 23:27:17.959680   512  9511 I sensors-hal: handle_indication_realtime:355,  SCHED_FIFO(10) for qmi_cbk
11-02 23:27:17.962687   416   416 D SKGHAL  : sendAmbientEvent: done: enable = 1
11-02 23:27:17.963630  1686  1823 D SidekickService:    ... beginDisplay result: 0 for halPower: 1
11-02 23:27:17.965431  1686  1823 I SidekickService: endDisplayLocked()
--------- switch to system
11-02 23:27:17.966158  1686  1686 W Looper  : Slow dispatch took 163ms main h=android.app.ActivityThread$H c=android.app.-$$Lambda$LoadedApk$ReceiverDispatcher$Args$_BumDX2UKsnxLVrE6UJsJZkotuA@e695d63 m=0
11-02 23:27:17.966123  1686  1710 I DisplayManagerService: Display device changed state: "Écran intégré", ON
--------- switch to main
11-02 23:27:17.966519   416  2389 D SKGHAL  : sendAmbientEvent: enter: enable = 0
11-02 23:27:17.998202  1686  1759 I InputReader: Reconfiguring input devices.  changes=0x00000004
11-02 23:27:18.007073  4243  4243 D OMService: onDisplayChanged: not dozing
11-02 23:27:18.007571  1686  1686 I WearPower: [WearTouchMediator] changing touch input to enabled (ON_AUTO)
11-02 23:27:18.009580  1686  1759 I InputReader: Reconfiguring input devices.  changes=0x00000200
--------- switch to kernel
11-02 23:27:17.938010     0     0 I init    : processing action (ro.enable_core_ctl=true && sys.cw_corectl_mode=idle) from (/vendor/etc/init/hw/init.qcom.rc:949)
--------- switch to main
11-02 23:27:18.019717  1686  1686 I AmbientService: [ce6a28c] Timeout alarm not required, auto-resume timeout handled by dream.
11-02 23:27:18.037153  3205  3434 W WorkController: Loading failed for worker [trainingcache]: worker not found
11-02 23:27:18.041371  3205  3294 W A       : TrainingCache cache SCREEN_OFF failure
11-02 23:27:18.041371  3205  3294 W A       : com.google.android.apps.gsa.search.core.service.h.a.a: No worker found for Worker ID [trainingcache].
11-02 23:27:18.041371  3205  3294 W A       : 	at com.google.android.apps.gsa.search.core.service.g.a.c.a(Unknown Source:5)
11-02 23:27:18.041371  3205  3294 W A       : 	at com.google.android.libraries.gsa.c.a.d.a(Unknown Source:3)
11-02 23:27:18.041371  3205  3294 W A       : 	at com.google.common.p.a.cg.c(Unknown Source:2)
11-02 23:27:18.041371  3205  3294 W A       : 	at com.google.common.p.a.bk.run(SourceFile:3)
11-02 23:27:18.041371  3205  3294 W A       : 	at com.google.common.p.a.ci.run(Unknown Source:4)
11-02 23:27:18.041371  3205  3294 W A       : 	at com.google.apps.tiktok.concurrent.ab.run(SourceFile:1)
11-02 23:27:18.041371  3205  3294 W A       : 	at java.util.concurrent.ThreadPoolExecutor.runWorker(ThreadPoolExecutor.java:1167)
11-02 23:27:18.041371  3205  3294 W A       : 	at java.util.concurrent.ThreadPoolExecutor$Worker.run(ThreadPoolExecutor.java:641)
11-02 23:27:18.041371  3205  3294 W A       : 	at com.google.apps.tiktok.concurrent.c.run(Unknown Source:4)
11-02 23:27:18.041371  3205  3294 W A       : 	at java.lang.Thread.run(Thread.java:764)
11-02 23:27:18.044799   504   523 I SDM     : DisplayBase::SetDisplayState: Set state = 3, display 0
11-02 23:27:18.045192   504   523 D SDM     : HWCDisplayPrimary::SetStandByMode: Display is connected successfully
11-02 23:27:18.045894   416  2389 D SKGHAL  : standBy_update_control call succeed on 0
11-02 23:27:18.046051   416  2389 D SKGHAL  : sendAmbientEvent: done: enable = 0
11-02 23:27:18.047221  1686  1823 D SidekickService:    ... endDisplay returns void
11-02 23:27:18.048868   545   545 D SurfaceFlinger: Set power mode=2, type=0 flinger=0xb6bb6000
11-02 23:27:18.049978   504   764 I SDM     : DisplayBase::SetDisplayState: Set state = 1, display 0
--------- switch to kernel
11-02 23:27:17.970843     0     0 I         : [touch]FB_BLANK_VSYNC_SUSPEND
11-02 23:27:17.970850     0     0 I         : [touch]Already in suspend state
--------- switch to main
11-02 23:27:18.065474   545   545 D SurfaceFlinger: Finished set power mode=2, type=0
--------- switch to kernel
11-02 23:27:17.983855     0     0 I mdss_dsi_panel_set_idle_mode: Idle (1->0)
11-02 23:27:17.985814     0     0 I         : [touch]FB_BLANK_UNBLANK
11-02 23:27:17.985835     0     0 I         : [touch]raydium_ts_do_resume, 1.
11-02 23:27:17.988566     0     0 I         : [ raydium ]workqueue is empty!
--------- switch to system
11-02 23:27:18.070504  1686  1712 W PowerManagerService: Screen on took 340 ms
11-02 23:27:18.071054  1686  1712 I DreamManagerService: Gently waking up from dream.
11-02 23:27:18.071868  1686  1708 I DreamManagerService: Performing gentle wake from dream.
11-02 23:27:18.072663  1686  1686 V DreamService[AmbientDream]: wakeUp(): fromSystem=true, mWaking=false, mFinished=false
11-02 23:27:18.072802  1686  1686 V DreamService[AmbientDream]: finish(): mFinished=false
11-02 23:27:18.072905  1686  1686 I DreamManagerService: Leaving dreamland.
11-02 23:27:18.073623  1686  1708 I DreamManagerService: Performing gentle wake from dream.
11-02 23:27:18.073862  1686  1708 I DreamController: Stopping dream: name=ComponentInfo{com.google.android.wearable.ambient/com.google.android.wearable.ambient.AmbientDream}, isTest=false, canDoze=true, userId=0
11-02 23:27:18.076522  1686  1686 V DreamService[AmbientDream]: detach(): Calling onDreamingStopped()
--------- switch to main
11-02 23:27:18.076644  1686  1686 I AmbientService: [ce6a28c] doOnDreamingStopped
11-02 23:27:18.076725  1686  1686 D WristGestureCtrl: Starting: GesturesEnabled-false UngazeEnabled-true
11-02 23:27:18.076773  1686  1686 D DefaultUngazeDetector: starting
11-02 23:27:18.076854  1686  1686 D DefaultUngazeDetector: startUngazeStateEstimation(). startTime = 23517506
11-02 23:27:18.077016  1686  1686 W AlarmManagerProxy: Removing unknown listener
11-02 23:27:18.078031   512  1749 I sensors-hal: batch:140, android.sensor.accelerometer/48, period=19231000, max_latency=100000000
--------- switch to kernel
11-02 23:27:17.989502     0     0 I         : [touch] raydium_esd_check
11-02 23:27:17.989529     0     0 I raydium_ts 5-0039: [touch]Already enable irq
--------- switch to main
11-02 23:27:18.080507   512  1749 I sensors-hal: batch:149, android.sensor.accelerometer/48, period=19231000, max_latency=100000000 request completed
11-02 23:27:18.083194  2520  2520 D HOME    : [HomeVisitsLogger]Logging streamlet event: visit_start
11-02 23:27:18.083559  2520  2520 D HOME    : [HomeVisitsLogger]Logging streamlet event: exit_ambient_mode
11-02 23:27:18.083819  1686  1686 I AmbientService: [ce6a28c] No auto-resume Activity.
11-02 23:27:18.083972  2520  2520 D HOME    : [HotwordController]updateClient MODE_WATCH_FACE false false false true
--------- switch to kernel
11-02 23:27:17.989532     0     0 I         : [touch]Device may wakeup
--------- switch to main
11-02 23:27:18.084880  2520  2520 D HOME    : [WatchFaceUiController]setInAmbientMode false
11-02 23:27:18.084994  2520  2520 D HOME    : [WatchFaceUiController]sendWatchFaceServiceBinder
11-02 23:27:18.085521   512  1749 I sensors-hal: flush:169, android.sensor.accelerometer/48
11-02 23:27:18.086998   512  1749 I sensors-hal: flush:175, android.sensor.accelerometer/48 completed
11-02 23:27:18.089931  2520  2520 D HOME    : [WatchFaceUiController]sendStateToWallpaper
11-02 23:27:18.091694  2520  2520 D HOME    : [WatchFaceUiController]Showing watch face wallpaper.
11-02 23:27:18.091931  2520  2520 D HOME    : [WatchFaceUiController]sendStateToWallpaper
--------- switch to system
11-02 23:27:18.092441  1686  1686 W ContextImpl: Calling a method in the system process without a qualified user: android.app.ContextImpl.sendBroadcast:1020 android.content.ContextWrapper.sendBroadcast:449 com.google.android.wearable.ambient.AmbientDream.onDestroy:273 android.app.ActivityThread.handleStopService:3698 android.app.ActivityThread.access$1700:200 
--------- switch to main
11-02 23:27:18.093465  1686  1686 E AlarmManager: cancel() called with a null PendingIntent
--------- switch to system
11-02 23:27:18.093842  1686  1686 V DreamService[AmbientDream]: onDestroy()
--------- switch to main
11-02 23:27:18.094505  2520  2520 D HOME    : [StreamDBQueue]Promised revision #2763 to queue a new op
11-02 23:27:18.094773  2520  2520 D WatchStreamManager: Promised rank-blocked=true @ r#2763
11-02 23:27:18.095253  2520  2520 D HOME    : [StreamDBQueue]Promised revision #2764 to queue a new op
11-02 23:27:18.095410  2520  2520 D WatchStreamManager: Promised rank-blocked=true @ r#2764
11-02 23:27:18.095584  2520  9392 D HOME    : [WatchStreamDB]Item alerting conditions - isInterruptive: false, recentlyInterrupted: false, isItemPinned: false, isUnread: false
11-02 23:27:18.095900  2520  9392 D HOME    : [StreamAlertingRegulator]isTheaterModeEnabled: false, isAlertingAllowedByOffBody: true, matchesLocalInterruptionFilter: true
11-02 23:27:18.095900  2520  2520 D HOME    : [TilesController]Tile refresh optimization is enabled.
11-02 23:27:18.096146  2520  2520 D HOME    : [EventBus]Wrapper pool is full. Discarding excess wrapper instance for event com.google.android.clockwork.sysui.events.KeyguardStateEvent
11-02 23:27:18.096150  2520  9392 D HOME    : [WatchStreamDB]couldItemAlert: false, isTopItemChanged: false, isDeferralForTopItem: false
11-02 23:27:18.096237  2520  2520 D HOME    : [WatchFaceUiController]sendStateToWallpaper
11-02 23:27:18.097055  2520  9392 D HOME    : [WatchStreamDB]Item alerting conditions - isInterruptive: false, recentlyInterrupted: false, isItemPinned: false, isUnread: false
11-02 23:27:18.097390  2520  9392 D HOME    : [StreamAlertingRegulator]isTheaterModeEnabled: false, isAlertingAllowedByOffBody: true, matchesLocalInterruptionFilter: true
11-02 23:27:18.097652  2520  9392 D HOME    : [WatchStreamDB]couldItemAlert: false, isTopItemChanged: false, isDeferralForTopItem: false
11-02 23:27:18.097705  2520  2520 D HOME    : [EventBus]Wrapper pool is full. Discarding excess wrapper instance for event com.google.android.clockwork.sysui.events.KeyguardStateEvent
11-02 23:27:18.097942  2520  2520 D HOME    : [EventBus]Wrapper pool is full. Discarding excess wrapper instance for event com.google.android.clockwork.sysui.events.KeyguardStateEvent
11-02 23:27:18.103346  2520  2520 D HOME    : [WatchFaceUiController]sendStateToWallpaper
11-02 23:27:18.109964  2520  2520 W StaticLayout: maxLineHeight should not be -1.  maxLines:1 lineCount:1
--------- switch to kernel
11-02 23:27:18.035788     0     0 I CPU3    : update max cpu_capacity 1024
--------- switch to main
11-02 23:27:18.137680  2520  2520 D HOME    : [StreamDBQueue]Promised revision #2765 to queue a new op
11-02 23:27:18.138102  2520  2520 D WatchStreamManager: Promised rank-blocked=false @ r#2765
11-02 23:27:18.138337  2520  2520 D HOME    : [CompactHunStarter]detachWindow()
11-02 23:27:18.139017  2520  7941 D HOME    : [StreamDBQueue]Promised revision #2766 to queue a new op
11-02 23:27:18.139177  2520  7941 D WatchStreamManager: Promised rerank @ r#2766
11-02 23:27:18.143663  2520  9131 D HOME    : [WatchStreamDB]Item alerting conditions - isInterruptive: false, recentlyInterrupted: false, isItemPinned: false, isUnread: false
11-02 23:27:18.144047  2520  9131 D HOME    : [StreamAlertingRegulator]isTheaterModeEnabled: false, isAlertingAllowedByOffBody: true, matchesLocalInterruptionFilter: true
11-02 23:27:18.144253  2520  9131 D HOME    : [WatchStreamDB]couldItemAlert: false, isTopItemChanged: false, isDeferralForTopItem: false
11-02 23:27:18.145146  2520  9131 D HOME    : [WatchStreamDB]updateRanking()
11-02 23:27:18.145736  2520  9131 D HOME    : [WatchStreamDB]Item alerting conditions - isInterruptive: false, recentlyInterrupted: false, isItemPinned: false, isUnread: false
11-02 23:27:18.148970  2520  9131 D HOME    : [StreamAlertingRegulator]isTheaterModeEnabled: false, isAlertingAllowedByOffBody: true, matchesLocalInterruptionFilter: true
--------- switch to kernel
11-02 23:27:18.068024     0     0 W         : IRQ16 no longer affine to CPU2
11-02 23:27:18.068069     0     0 W         : IRQ93 no longer affine to CPU2
11-02 23:27:18.068812     0     0 I CPU2    : shutdown
11-02 23:27:18.070950     0     0 I init    : Command 'write /sys/devices/system/cpu/cpu2/online 0' action=ro.enable_core_ctl=true && sys.cw_corectl_mode=idle (/vendor/etc/init/hw/init.qcom.rc:951) took 132ms and succeeded
--------- switch to main
11-02 23:27:18.160010  2520  2520 D HOME    : [WatchFaceUiController]sendWatchFaceServiceBinder
11-02 23:27:18.161232  2520  9131 D HOME    : [WatchStreamDB]couldItemAlert: false, isTopItemChanged: false, isDeferralForTopItem: false
11-02 23:27:18.163629  2520  9131 D HOME    : [NewStreamAdapter]Publishing revision #2766 to adapter clients
11-02 23:27:18.165358  2520  2520 D HOME    : [WatchFaceUiController]sendProperties
11-02 23:27:18.166825  2520  2520 D HOME    : [WatchFaceUiController]sendStateToWallpaper
--------- switch to kernel
11-02 23:27:18.086937     0     0 I         : [touch]palm_status = 1.
--------- switch to main
11-02 23:27:18.189671  1686  1799 E WifiStateMachine: getWifiLinkLayerStats called without an interface
11-02 23:27:18.192891  1686  1686 W AlarmManager: Unrecognized alarm listener com.android.server.job.controllers.-$$Lambda$IdleController$IdlenessTracker$nTdS-lGBXcES5VWKcJFmQFgU7IU@1ab437a
11-02 23:27:18.201990  1686  1686 I WearPower: [WearTouchMediator] changing touch input to enabled (ON_AUTO)
11-02 23:27:18.203931  1686  1759 I InputReader: Reconfiguring input devices.  changes=0x00000200
11-02 23:27:18.247888   512  1749 I sensors-hal: activate:107, android.sensor.light/46 en=0
11-02 23:27:18.249645   512  1749 I sensors-hal: activate:118, android.sensor.light/46 en=0 completed
11-02 23:27:18.252551   512  1749 I sensors-hal: batch:140, android.sensor.light/46, period=250000000, max_latency=0
11-02 23:27:18.252614   512  1749 I sensors-hal: batch:149, android.sensor.light/46, period=250000000, max_latency=0 request completed
11-02 23:27:18.252954   512  1749 I sensors-hal: activate:107, android.sensor.light/46 en=1
11-02 23:27:18.253256   512  1749 I sensors-hal: ssc_enable_rt_task:254, ssc_enable_rt_task : true
11-02 23:27:18.255720   512  1749 I sensors-hal: activate:118, android.sensor.light/46 en=1 completed
--------- switch to kernel
11-02 23:27:18.175886     0     0 I CPU0    : update max cpu_capacity 748
11-02 23:27:18.208258     0     0 I CPU3    : shutdown
11-02 23:27:18.214635     0     0 I init    : Command 'write /sys/devices/system/cpu/cpu3/online 0' action=ro.enable_core_ctl=true && sys.cw_corectl_mode=idle (/vendor/etc/init/hw/init.qcom.rc:952) took 143ms and succeeded
--------- switch to system
11-02 23:27:18.295229  1686  1686 V SettingsProvider: Notifying for 0: content://settings/system/screen_brightness
--------- switch to main
11-02 23:27:18.295888  1686  1686 I SidekickService: loadBrightnessLocked()
--------- switch to kernel
11-02 23:27:18.225330     0     0 I init    : processing action (ro.enable_core_ctl=true && sys.cw_corectl_mode=perf) from (/vendor/etc/init/hw/init.qcom.rc:954)
--------- switch to main
11-02 23:27:18.303267  1686  1686 D SidekickService: screenBrightness  = 50
11-02 23:27:18.303806  1686  1686 D SidekickService: sendConfigValuesLocked(): alsThresholds = [40, 92, 95, 100, 125, 150, 175, 200, 225, 250, 300, 400, 500, 800, 1200], brightnessValuesBright = [50, 56, 60, 70, 80, 90, 100, 115, 120, 140, 160, 180, 200, 220, 240, 255], brightnessValuesDim= [50, 56, 60, 70, 80, 90, 100, 115, 120, 140, 160, 180, 200, 220, 240, 255]
11-02 23:27:18.320567  1686  1686 D SidekickService: setAlsMode(): mode = 2, brightenAlpha = 80, dimmingAlpha = 80
11-02 23:27:18.333200   512  9519 I sensors-hal: handle_indication_realtime:355,  SCHED_FIFO(10) for qmi_cbk
11-02 23:27:18.336651  1686  1686 D SidekickService: setTwmConfig():: msTiltToBright = 10000, tiltToBright = false
11-02 23:27:18.338108  1686  1686 W AlarmManagerProxy: Removing unknown listener
11-02 23:27:18.339567  1686  1686 W DefaultSettingsContentR: Value for ambient_low_bit_enabled not stored as number. Attempting parse as boolean.
--------- switch to kernel
11-02 23:27:18.227544     0     0 I CPU2    : update cpu_capacity 1024
11-02 23:27:18.250770     0     0 I CPU3    : update cpu_capacity 1024
11-02 23:27:18.256945     0     0 I CPU0    : update max cpu_capacity 748
--------- switch to main
11-02 23:27:18.351727  3205  3434 W WorkController: Loading failed for worker [trainingcache]: worker not found
11-02 23:27:18.354674  3205  3372 W A       : TrainingCache cache SCREEN_ON failure
11-02 23:27:18.354674  3205  3372 W A       : com.google.android.apps.gsa.search.core.service.h.a.a: No worker found for Worker ID [trainingcache].
11-02 23:27:18.354674  3205  3372 W A       : 	at com.google.android.apps.gsa.search.core.service.g.a.c.a(Unknown Source:5)
11-02 23:27:18.354674  3205  3372 W A       : 	at com.google.android.libraries.gsa.c.a.d.a(Unknown Source:3)
11-02 23:27:18.354674  3205  3372 W A       : 	at com.google.common.p.a.cg.c(Unknown Source:2)
11-02 23:27:18.354674  3205  3372 W A       : 	at com.google.common.p.a.bk.run(SourceFile:3)
11-02 23:27:18.354674  3205  3372 W A       : 	at com.google.common.p.a.ci.run(Unknown Source:4)
11-02 23:27:18.354674  3205  3372 W A       : 	at com.google.apps.tiktok.concurrent.ab.run(SourceFile:1)
11-02 23:27:18.354674  3205  3372 W A       : 	at java.util.concurrent.ThreadPoolExecutor.runWorker(ThreadPoolExecutor.java:1167)
11-02 23:27:18.354674  3205  3372 W A       : 	at java.util.concurrent.ThreadPoolExecutor$Worker.run(ThreadPoolExecutor.java:641)
11-02 23:27:18.354674  3205  3372 W A       : 	at com.google.apps.tiktok.concurrent.c.run(Unknown Source:4)
11-02 23:27:18.354674  3205  3372 W A       : 	at java.lang.Thread.run(Thread.java:764)
11-02 23:27:18.382371  2520  2520 D HOME    : [StreamDBQueue]Promised revision #2767 to queue a new op
11-02 23:27:18.382767  2520  2520 D WatchStreamManager: Promised rank-blocked=true @ r#2767
11-02 23:27:18.383712  2520  7941 D HOME    : [WatchStreamDB]Item alerting conditions - isInterruptive: false, recentlyInterrupted: false, isItemPinned: false, isUnread: false
11-02 23:27:18.384053  2520  7941 D HOME    : [StreamAlertingRegulator]isTheaterModeEnabled: false, isAlertingAllowedByOffBody: true, matchesLocalInterruptionFilter: true
11-02 23:27:18.384297  2520  7941 D HOME    : [WatchStreamDB]couldItemAlert: false, isTopItemChanged: false, isDeferralForTopItem: false
--------- switch to kernel
11-02 23:27:18.295719     0     0 I CPU1    : update max cpu_capacity 748
11-02 23:27:18.296479     0     0 I CPU2    : update max cpu_capacity 1024
--------- switch to main
11-02 23:27:20.667367  7790  7806 I Finsky  : [295] com.google.android.finsky.bo.ac.run(5): Stats for Executor: BlockingExecutor com.google.android.finsky.bo.ad@a23a1d2[Running, pool size = 0, active threads = 0, queued tasks = 0, completed tasks = 2]
11-02 23:27:20.910803  7790  7806 I Finsky  : [295] com.google.android.finsky.bo.ac.run(5): Stats for Executor: LightweightExecutor com.google.android.finsky.bo.ad@6e612a3[Running, pool size = 3, active threads = 0, queued tasks = 0, completed tasks = 8]
--------- switch to system
11-02 23:27:22.731006  1686  1712 I PowerManagerService: Going to sleep due to screen timeout (uid 1000)...
11-02 23:27:22.732457  1686  1712 I DreamManagerService: Entering dreamland.
11-02 23:27:22.734372  1686  1686 W UsageStatsService: Event reported without a package name
11-02 23:27:22.740706  1686  1712 I PowerManagerService: Dozing...
11-02 23:27:22.751603  1686  1708 I DreamController: Starting dream: name=ComponentInfo{com.google.android.wearable.ambient/com.google.android.wearable.ambient.AmbientDream}, isTest=false, canDoze=true, userId=0
11-02 23:27:22.772165  1686  1686 W ContextImpl: Calling a method in the system process without a qualified user: android.app.ContextImpl.bindService:1611 android.content.ContextWrapper.bindService:698 com.google.android.wearable.ambient.AmbientDream.onCreate:191 android.app.ActivityThread.handleCreateService:3533 android.app.ActivityThread.access$1300:200 
11-02 23:27:22.775913  1686  1686 W ContextImpl: Calling a method in the system process without a qualified user: android.app.ContextImpl.sendBroadcast:1005 android.content.ContextWrapper.sendBroadcast:444 com.google.android.wearable.ambient.AmbientDream.onCreate:241 android.app.ActivityThread.handleCreateService:3533 android.app.ActivityThread.access$1300:200 
11-02 23:27:22.778691  1686  1686 V DreamService[AmbientDream]: onBind() intent = Intent { act=android.service.dreams.DreamService flg=0x800000 cmp=com.google.android.wearable.ambient/.AmbientDream }
--------- switch to main
11-02 23:27:22.780528  1686  1686 I AmbientService: [ce6a28c] Ambient Created
--------- switch to system
11-02 23:27:22.781750  1686  1686 V DreamService[AmbientDream]: Calling onDreamingStarted()
--------- switch to main
11-02 23:27:22.781905  1686  1686 I AmbientService: [ce6a28c] doOnDreamingStarted
11-02 23:27:22.782483  1686  1686 D SidekickService: setShouldControlDisplay called: true
11-02 23:27:22.783609  1686  1686 I AmbientService: [ce6a28c] Selected running activity for ambient mode: AmbientActivity[component=ComponentInfo{com.google.android.wearable.app/com.google.android.clockwork.home2.activity.HomeActivity2}, callbacks=@210b385, running=true, ambientRequested=true, ambientEnabled=true, offloadEnabled=true]
11-02 23:27:22.784334  1686  1686 I AmbientService: [ce6a28c] Sidekick is ready to display, requesting doze.
11-02 23:27:22.784907  1686  1686 I AmbientService: [ce6a28c] No auto-resume Activity.
11-02 23:27:22.786918  1686  1686 W DefaultSettingsContentR: Value for ambient_low_bit_enabled not stored as number. Attempting parse as boolean.
11-02 23:27:22.787816  2520  2520 D HOME    : [HomeVisitsLogger]Logging streamlet event: enter_ambient_mode
11-02 23:27:22.788389  2520  2520 D HOME    : [HotwordController]updateClient MODE_WATCH_FACE false true false true
11-02 23:27:22.789385  2520  2520 D HOME    : [WatchFaceUiController]setInAmbientMode true
11-02 23:27:22.789568  2520  9131 D HOME    : [HomeVisitsLogger]Logging streamlet event: visit_end
11-02 23:27:22.790123  1686  1686 I AmbientService: [ce6a28c] Showing watch face in offload mode, canceling alarm.
11-02 23:27:22.790198  1686  1686 W AlarmManagerProxy: Removing unknown listener
11-02 23:27:22.790284  1686  1686 D WristGestureCtrl: Stopping detectors: GesturesEnabled-false gestureDetector-false ungazeEnabled-true ungaze-true
11-02 23:27:22.790319  1686  1686 D DefaultUngazeDetector: stopping
11-02 23:27:22.790127  2520  9131 I SidekickManager: replaceWatchFaceComponentsImpl(): watchFace = com.google.android.clockwork.decomposablewatchface.WatchFaceDecomposition@df51bcb
11-02 23:27:22.790929   512   512 I sensors-hal: batch:140, android.sensor.accelerometer/48, period=66667000, max_latency=100000000
11-02 23:27:22.791082  2520  2520 D HOME    : [StreamDBQueue]Promised revision #2768 to queue a new op
11-02 23:27:22.791310  2520  2520 D WatchStreamManager: Promised rank-blocked=false @ r#2768
11-02 23:27:22.791647  1686  2014 D SidekickService: sendWatchFaceComponents called: watchFace = com.google.android.clockwork.decomposablewatchface.WatchFaceDecomposition@2de1e54shouldReplace = false
11-02 23:27:22.791744  2520  2520 D HOME    : [StreamDBQueue]Promised revision #2769 to queue a new op
11-02 23:27:22.791878  1686  2014 D SidekickService: Check decomposition for calling app com.google.android.wearable.app with uid 10049
11-02 23:27:22.791917  2520  2520 D WatchStreamManager: Promised rank-blocked=false @ r#2769
11-02 23:27:22.792270  1686  2014 D SidekickService: sendWatchFaceLocked(): shouldReplace = false, mSidekickIsControlling = false, 1 images, 0 fonts, 0 numbers, 0 proportionalFonts, 0 strings
11-02 23:27:22.792336  1686  2014 D SidekickService: ISidekickGraphics#beginResources()...
11-02 23:27:22.792727  2520  2520 D HOME    : [EventBus]Wrapper pool is full. Discarding excess wrapper instance for event com.google.android.clockwork.sysui.events.KeyguardStateEvent
11-02 23:27:22.792794  2520  9392 D HOME    : [StreamDBQueue]Promised revision #2770 to queue a new op
11-02 23:27:22.792862  2520  2520 D HOME    : [WatchFaceUiController]sendStateToWallpaper
11-02 23:27:22.792897  2520  9392 D WatchStreamManager: Promised rerank @ r#2770
11-02 23:27:22.793092  2520  7941 D HOME    : [WatchStreamDB]Item alerting conditions - isInterruptive: false, recentlyInterrupted: false, isItemPinned: false, isUnread: false
11-02 23:27:22.793408  2520  7941 D HOME    : [StreamAlertingRegulator]isTheaterModeEnabled: false, isAlertingAllowedByOffBody: true, matchesLocalInterruptionFilter: true
11-02 23:27:22.793693  2520  7941 D HOME    : [WatchStreamDB]couldItemAlert: false, isTopItemChanged: false, isDeferralForTopItem: false
11-02 23:27:22.794580  2520  2520 D HOME    : [EventBus]Wrapper pool is full. Discarding excess wrapper instance for event com.google.android.clockwork.sysui.events.KeyguardStateEvent
11-02 23:27:22.794581  2520  7941 D HOME    : [WatchStreamDB]Item alerting conditions - isInterruptive: false, recentlyInterrupted: false, isItemPinned: false, isUnread: false
11-02 23:27:22.794862  2520  2520 D HOME    : [EventBus]Wrapper pool is full. Discarding excess wrapper instance for event com.google.android.clockwork.sysui.events.KeyguardStateEvent
11-02 23:27:22.794871  2520  7941 D HOME    : [StreamAlertingRegulator]isTheaterModeEnabled: false, isAlertingAllowedByOffBody: true, matchesLocalInterruptionFilter: true
11-02 23:27:22.795087   512   512 I sensors-hal: batch:149, android.sensor.accelerometer/48, period=66667000, max_latency=100000000 request completed
11-02 23:27:22.795107  2520  7941 D HOME    : [WatchStreamDB]couldItemAlert: false, isTopItemChanged: false, isDeferralForTopItem: false
11-02 23:27:22.796976  1686  2014 D SidekickServiceUtils: bitmapFromDrawable: Returning bitmap directly
11-02 23:27:22.800622  2520  2520 W StaticLayout: maxLineHeight should not be -1.  maxLines:1 lineCount:1
11-02 23:27:22.803108  1686  2014 D SidekickService: sendBitmapsLocked(): bounds = RectF(0.0, 0.0, 0.0024038462, 0.0024038462), drawableInfo = {.id = 100000, .width = 1, .height = 1, .display = true, .offsetX = 0.0, .offsetY = 0.0, .rotationInfo = {.hasRotation = false, .pivotX = 0.0, .pivotY = 0.0, .degreesPerDay = 0.0, .degreesPerStep = 0.0, .zeroDegreesTime = {.daysSinceLocalEpoch = 0, .msSinceMidnight = 0}}, .transformInfo = {.transformed = false, .flipX = false, .flipY = false, .flip45 = false, .scaleX = 0.0, .scaleY = 0.0}, .type = GENERIC, .blink = {.blinking = false, .periodOnMs = 0.0, .periodOffMs = 0.0, .startTime = {.daysSinceLocalEpoch = 0, .msSinceMidnight = 0}}, .zOrder = 8, .displayInTwm = true}, image.size() = 84
11-02 23:27:22.805360   416   416 D SKGHAL  : saveResource: resId = 100000
11-02 23:27:22.810731  1686  2014 D SidekickService: sendBitmapsLocked(): status = 0, bytesUsed = 18
11-02 23:27:22.810930  1686  2014 D SidekickService: ISidekickGraphics#endResources()...
11-02 23:27:22.812467  2520  7941 D HOME    : [WatchStreamDB]updateRanking()
11-02 23:27:22.813061  2520  7941 D HOME    : [WatchStreamDB]Item alerting conditions - isInterruptive: false, recentlyInterrupted: false, isItemPinned: false, isUnread: false
11-02 23:27:22.814279  2520  7941 D HOME    : [StreamAlertingRegulator]isTheaterModeEnabled: false, isAlertingAllowedByOffBody: true, matchesLocalInterruptionFilter: true
11-02 23:27:22.815830  2520  7941 D HOME    : [WatchStreamDB]couldItemAlert: false, isTopItemChanged: false, isDeferralForTopItem: false
11-02 23:27:22.816476  2520  7941 D HOME    : [NewStreamAdapter]Publishing revision #2770 to adapter clients
11-02 23:27:22.817219  2520  9392 D HOME    : [StreamDBQueue]Promised revision #2771 to queue a new op
11-02 23:27:22.819123  2520  9392 D WatchStreamManager: Promised rerank @ r#2771
11-02 23:27:22.819519  2520  7941 D HOME    : [WatchStreamDB]updateRanking()
11-02 23:27:22.820551  2520  7941 D HOME    : [WatchStreamDB]Item alerting conditions - isInterruptive: false, recentlyInterrupted: false, isItemPinned: false, isUnread: false
11-02 23:27:22.821109  2520  7941 D HOME    : [StreamAlertingRegulator]isTheaterModeEnabled: false, isAlertingAllowedByOffBody: true, matchesLocalInterruptionFilter: true
11-02 23:27:22.821405  2520  7941 D HOME    : [WatchStreamDB]couldItemAlert: false, isTopItemChanged: false, isDeferralForTopItem: false
11-02 23:27:22.822175  2520  7941 D HOME    : [NewStreamAdapter]Publishing revision #2771 to adapter clients
11-02 23:27:23.080016   416   416 D SKGHAL  : sendResources: metadata size = 2400, font size = 72
11-02 23:27:23.159336   416   416 D SKGHAL  : endResources: rc = 0
11-02 23:27:23.160640  1686  1686 W system_server: Long monitor contention with owner Binder:1686_5 (2014) at int com.google.android.clockwork.sidekick.SidekickService$BinderService.sendWatchFace(com.google.android.clockwork.decomposablewatchface.WatchFaceDecomposition, boolean)(SidekickService.java:1021) waiters=0 in boolean com.google.android.clockwork.sidekick.SidekickService$BinderService.readyToDisplay() for 354ms
11-02 23:27:23.161188  2520  2520 D HOME    : [SidekickManagerAsync]replaceWatchFaceComponents(): Callback#onResult(): 0
11-02 23:27:23.161379  2520  2520 D HOME    : [WatchFaceUiController]Complication updates sent, posting watch face hiding
11-02 23:27:23.161433  2520  2520 D HOME    : [WatchFaceUiController]Still in ambient watch face, hiding
11-02 23:27:23.161478  2520  2520 D HOME    : [WatchFaceUiController]Hiding watch face wallpaper.
--------- switch to system
11-02 23:27:23.161618  1686  1686 W Looper  : Slow dispatch took 356ms main h=android.os.Handler c=com.google.android.wearable.ambient.AmbientDream$Callbacks$1@ec8b1fd m=0
