11-03 20:35:56.915671  1679  1689 I system_server: Background concurrent copying GC freed 56698(2MB) AllocSpace objects, 12(496KB) LOS objects, 19% free, 10MB/12MB, paused 2.269ms total 526.770ms
11-03 20:35:56.936786  1934  1934 W SettingsLib.AccessPoint: NetworkInfo is null, cannot return detailed state
--------- switch to kernel
11-03 20:35:58.714755     0     0 E FG      : fg_psy_get_property: unsupported property 7
11-03 20:35:58.717331     0     0 I chatty  : uid=0(root) logd identical 1 line
11-03 20:35:58.717494     0     0 E FG      : fg_psy_get_property: unsupported property 7
11-03 20:35:58.722632     0     0 W healthd : battery l=6 v=3892 t=33.0 h=2 st=2 c=-282 fc=443000 cc=0 chg=a
--------- switch to main
11-03 20:35:56.944417  1934  1934 I chatty  : uid=1000(system) com.google.android.apps.wearable.settings identical 1 line
11-03 20:35:56.947935  1934  1934 W SettingsLib.AccessPoint: NetworkInfo is null, cannot return detailed state
11-03 20:35:58.745234  1906  1906 D QtiCarrierConfigHelper: WARNING, no carrier configs on phone Id: 0
11-03 20:35:58.754559  2365  2365 D HOME    : [WatchFaceUiController]sendStateToWallpaper
11-03 20:35:58.756677  2365  3891 D HOME    : [ComplicationController]scheduleImmediateUpdateForAllFromProvider ComponentInfo{com.google.android.wearable.app/com.google.android.clockwork.home.complications.providers.BatteryProviderService}
11-03 20:35:58.761249  2365  2365 D HOME    : [BatteryChange]action: android.intent.action.BATTERY_CHANGED
11-03 20:35:58.761669  2365  3891 D HOME    : [BatteryChange]HandleBatteryChangedTask
11-03 20:35:58.762007  2365  3891 D HOME    : [BatteryChange]level: 6, status: 2
11-03 20:35:58.762875  2365  3891 D HOME    : [BatteryChange]level: 6, timestamp: 1635968158762
11-03 20:35:58.763084  2365  3891 D HOME    : [BatteryChange]batteryHistory size: 5'
--------- switch to kernel
11-03 20:35:58.737932     0     0 W healthd : battery l=6 v=3892 t=33.0 h=2 st=2 c=-282 fc=443000 cc=0 chg=a
11-03 20:35:58.854239     0     0 I [touch]x: 107,y:340
--------- switch to main
11-03 20:35:59.006619  1934  1988 D OpenGLRenderer: endAllActiveAnimators on 0x97d3ca80 (RippleDrawable) with handle 0x98348a40
11-03 20:35:59.205028   538   614 W SurfaceFlinger: Attempting to set client state on removed layer: com.google.android.apps.wearable.settings/android.support.wearable.preference.WearablePreferenceActivity#3
11-03 20:35:59.205599   538   614 W SurfaceFlinger: Attempting to destroy on removed layer: com.google.android.apps.wearable.settings/android.support.wearable.preference.WearablePreferenceActivity#3
--------- switch to system
11-03 20:35:59.409882  1679  1782 E TaskPersister: File error accessing recents directory (directory doesn't exist?).
--------- switch to main
11-03 20:36:00.012682  2365  2612 D HOME    : [TickMonitor]Received time tick
11-03 20:36:00.013179  2365  2612 D HOME    : [TickMonitor]handleTimeTick() finished
--------- switch to kernel
11-03 20:36:00.484579     0     0 I [touch]x: 260,y:255
--------- switch to system
11-03 20:36:00.614288  1679  2056 I ActivityManager: START u0 {act=android.intent.action.MAIN cmp=com.google.android.apps.wearable.settings/android.support.wearable.preference.WearablePreferenceActivity (has extras)} from uid 1000
11-03 20:36:00.650457  1679  1759 D ConnectivityService: releasing NetworkRequest [ REQUEST id=24, [ Transports: WIFI Capabilities: NOT_RESTRICTED&TRUSTED&NOT_VPN Unwanted:  Uid: 1000] ] (release request)
11-03 20:36:00.672638  1679  1679 V SettingsProvider: Notifying for 0: content://settings/system/clockwork_in_wifi_settings
--------- switch to main
11-03 20:36:00.673383  1679  1679 D WearWifiMediator: setWifiDecision: true; reason: ON_IN_WIFI_SETTINGS
11-03 20:36:00.674020  1679  1679 D WearWifiMediator: onChange called
11-03 20:36:00.674307  1679  1679 D WearWifiMediator: In WiFi Settings Menu state changed: false
11-03 20:36:00.674477  1679  1679 D WearWifiMediator: setWifiDecision: true; reason: ON_CHARGING
11-03 20:36:00.676021  1934  1934 W SettingsLib.AccessPoint: NetworkInfo is null, cannot return detailed state
11-03 20:36:00.681032  1934  1934 I chatty  : uid=1000(system) com.google.android.apps.wearable.settings identical 1 line
11-03 20:36:00.684863  1934  1934 W SettingsLib.AccessPoint: NetworkInfo is null, cannot return detailed state
11-03 20:36:00.690165  1934  1934 W ActivityThread: handleWindowVisibility: no activity for token android.os.BinderProxy@68b99a8
--------- switch to system
11-03 20:36:00.696531  1934  1934 W ContextImpl: Calling a method in the system process without a qualified user: android.app.ContextImpl.bindService:1611 android.content.ContextWrapper.bindService:698 com.google.android.wearable.compat.WearableActivityController.onCreate:168 android.support.wearable.activity.WearableActivityDelegate.onCreate:39 android.support.wearable.activity.WearableActivity.onCreate:60 
--------- switch to main
11-03 20:36:00.755935   538   618 D SurfaceFlinger: duplicate layer name: changing com.google.android.apps.wearable.settings/android.support.wearable.preference.WearablePreferenceActivity to com.google.android.apps.wearable.settings/android.support.wearable.preference.WearablePreferenceActivity#3
11-03 20:36:00.821528  2365  2651 D HOME    : [TileDataItemWriter]Requested 0 screenshot(s)
11-03 20:36:00.827909  1679  1702 I ActivityManager: Displayed com.google.android.apps.wearable.settings/android.support.wearable.preference.WearablePreferenceActivity: +158ms
11-03 20:36:00.922005  1799  1815 I putmethod.lati: CollectorTransition concurrent copying GC freed 2033(257KB) AllocSpace objects, 0(0B) LOS objects, 28% free, 1306KB/1818KB, paused 158us total 163.001ms
--------- switch to kernel
11-03 20:36:01.680981     0     0 I [touch]x: 299,y:306
11-03 20:36:02.406681     0     0 I [touch]x: 239,y:326
--------- switch to main
11-03 20:36:02.781348  1799  1799 D OpenGLRenderer: Skia GL Pipeline
11-03 20:36:02.898000  1799  1799 W RenderThread: type=1400 audit(0.0:244): avc: denied { read } for name="u:object_r:vendor_default_prop:s0" dev="tmpfs" ino=11163 scontext=u:r:untrusted_app_25:s0:c512,c768 tcontext=u:object_r:vendor_default_prop:s0 tclass=file permissive=0
11-03 20:36:02.908124  1799  4032 E libc    : Access denied finding property "vendor.debug.prerotation.disable"
11-03 20:36:02.909956  1799  4032 I Adreno  : QUALCOMM build                   : 5484b33, I088aa6dce1
11-03 20:36:02.909956  1799  4032 I Adreno  : Build Date                       : 05/06/19
11-03 20:36:02.909956  1799  4032 I Adreno  : OpenGL ES Shader Compiler Version: EV031.26.08.00
11-03 20:36:02.909956  1799  4032 I Adreno  : Local Branch                     : gfx-adreno.lnx.1.0
11-03 20:36:02.909956  1799  4032 I Adreno  : Remote Branch                    : 
11-03 20:36:02.909956  1799  4032 I Adreno  : Remote Branch                    : 
11-03 20:36:02.909956  1799  4032 I Adreno  : Reconstruct Branch               : 
11-03 20:36:02.910030  1799  4032 I Adreno  : Build Config                     : S L 6.0.2 AArch32
11-03 20:36:02.928000  1799  1799 W RenderThread: type=1400 audit(0.0:245): avc: denied { read } for name="u:object_r:vendor_default_prop:s0" dev="tmpfs" ino=11163 scontext=u:r:untrusted_app_25:s0:c512,c768 tcontext=u:object_r:vendor_default_prop:s0 tclass=file permissive=0
11-03 20:36:02.940690  1799  4032 E libc    : Access denied finding property "vendor.gralloc.map_fb_memory"
11-03 20:36:02.928000  1799  1799 W RenderThread: type=1400 audit(0.0:246): avc: denied { read } for name="u:object_r:vendor_default_prop:s0" dev="tmpfs" ino=11163 scontext=u:r:untrusted_app_25:s0:c512,c768 tcontext=u:object_r:vendor_default_prop:s0 tclass=file permissive=0
11-03 20:36:02.946116  1799  4032 E libc    : Access denied finding property "ro.vendor.graphics.memory"
11-03 20:36:02.950132  1799  4032 E libc    : Access denied finding property "vendor.debug.prerotation.disable"
11-03 20:36:02.938000  1799  1799 W RenderThread: type=1400 audit(0.0:248): avc: denied { read } for name="u:object_r:vendor_default_prop:s0" dev="tmpfs" ino=11163 scontext=u:r:untrusted_app_25:s0:c512,c768 tcontext=u:object_r:vendor_default_prop:s0 tclass=file permissive=0
11-03 20:36:02.954423  1799  4032 E libc    : Access denied finding property "vendor.debug.prerotation.disable"
11-03 20:36:02.956702  1799  4032 I Adreno  : PFP: 0x00c60400, ME: 0x003ff041
11-03 20:36:02.957212  1799  4032 E libc    : Access denied finding property "vendor.debug.prerotation.disable"
--------- switch to kernel
11-03 20:36:02.957099     0     0 W audit   : audit_lost=186 audit_rate_limit=5 audit_backlog_limit=64
11-03 20:36:02.957114     0     0 E audit   : rate limit exceeded
--------- switch to main
11-03 20:36:02.970340  1799  4032 I ConfigStore: android::hardware::configstore::V1_0::ISurfaceFlingerConfigs::hasWideColorDisplay retrieved: 0
11-03 20:36:02.970908  1799  4032 I ConfigStore: android::hardware::configstore::V1_0::ISurfaceFlingerConfigs::hasHDRDisplay retrieved: 0
11-03 20:36:02.971866  1799  4032 I OpenGLRenderer: Initialized EGL, version 1.4
11-03 20:36:02.972079  1799  4032 D OpenGLRenderer: Swap behavior 2
11-03 20:36:03.010999  1799  4032 E libc    : Access denied finding property "vendor.debug.egl.changepixelformat"
11-03 20:36:03.023489  1799  1815 I putmethod.lati: Background concurrent copying GC freed 1489(243KB) AllocSpace objects, 1(16KB) LOS objects, 25% free, 1795KB/2MB, paused 1.856ms total 204.503ms
11-03 20:36:03.452058  1799  1815 I putmethod.lati: Background concurrent copying GC freed 4735(328KB) AllocSpace objects, 2(104KB) LOS objects, 24% free, 1736KB/2MB, paused 854us total 142.720ms
11-03 20:36:03.466392  1799  1799 W InputConnectionWrapper: Fixing selection indices to 0, 0
--------- switch to system
11-03 20:36:04.245047  1679  1782 E TaskPersister: File error accessing recents directory (directory doesn't exist?).
--------- switch to kernel
11-03 20:36:06.091256     0     0 I [touch]x: 119,y:342
11-03 20:36:07.242031     0     0 I [touch]x: 62,y:232
--------- switch to system
11-03 20:36:08.551041  1934  4038 W ContextImpl: Calling a method in the system process without a qualified user: android.app.ContextImpl.startService:1531 android.content.ContextWrapper.startService:664 com.google.android.clockwork.settings.time.PhoneTimeSyncer.sendGetCompanionTime:156 com.google.android.clockwork.settings.time.PhoneTimeSyncer.startUpdate:96 com.google.android.clockwork.settings.time.TimeSyncManager.startPhoneTimeUpdate:111 
--------- switch to main
11-03 20:36:08.580698  2365  4039 D HOME    : [CompanionRelayIntentSvc]onHandleIntent: Intent { act=com.google.android.clockwork.settings.RELAY_RPC_TO_COMPANION cmp=com.google.android.wearable.app/com.google.android.clockwork.home.CompanionRelayService (has extras) }
11-03 20:36:08.642770  1934  3926 I TimeSyncManager: rescheduling failed time sync for 360000 ms from now
--------- switch to kernel
11-03 20:36:08.643992     0     0 I [touch]x: 111,y:332
--------- switch to main
11-03 20:36:09.134217  1679  2056 D WificondControl: Scan result ready event
11-03 20:36:09.163823  3939  3939 I wpa_supplicant: wlan0: GAS-QUERY-START addr=44:d4:54:78:b4:39 dialog_token=1 freq=2437
11-03 20:36:09.166858  1679  1757 D HS20    : ANQP initiated on 44:d4:54:78:b4:39
11-03 20:36:09.169499  1679  1757 D PasspointManager: ANQP entry not found for: 44:d4:54:78:b4:39:<Sunrise_Wi-Fi_78B430>
11-03 20:36:09.169676  1679  1757 D PasspointManager: Match not found for Sunrise_Wi-Fi_78B430
--------- switch to kernel
11-03 20:36:09.168193    20    20 E         : [20:36:09.168160] [0000000142789B0E] [VosMC]  wlan: [E :PE ] Switching channel to 6
11-03 20:36:09.170438    20    20 E         : [20:36:09.170407] [0000000142794393] [VosMC]  wlan: [E :PE ] limProcessSwitchChannelRsp: 4153: channelChangeReasonCode 2 status 0
--------- switch to main
11-03 20:36:09.428709  3939  3939 I wpa_supplicant: wlan0: GAS-QUERY-DONE addr=44:d4:54:78:b4:39 dialog_token=1 freq=2437 status_code=0 result=TIMEOUT
11-03 20:36:09.437337  3939  3939 I wpa_supplicant: wlan0: ANQP-QUERY-DONE addr=44:d4:54:78:b4:39 result=FAILURE
--------- switch to kernel
11-03 20:36:09.604761     0     0 I [touch]x: 111,y:331
--------- switch to system
11-03 20:36:12.468095  1679  1679 V SettingsProvider: Notifying for 0: content://settings/system/screen_brightness
--------- switch to main
11-03 20:36:12.470738  1679  1679 I SidekickService: loadBrightnessLocked()
11-03 20:36:12.472490  1679  1679 D SidekickService: screenBrightness  = 51
11-03 20:36:12.473320  1679  1679 D SidekickService: sendConfigValuesLocked(): alsThresholds = [40, 92, 95, 100, 125, 150, 175, 200, 225, 250, 300, 400, 500, 800, 1200], brightnessValuesBright = [50, 56, 60, 70, 80, 90, 100, 115, 120, 140, 160, 180, 200, 220, 240, 255], brightnessValuesDim= [50, 56, 60, 70, 80, 90, 100, 115, 120, 140, 160, 180, 200, 220, 240, 255]
11-03 20:36:12.489661  1679  1679 D SidekickService: setAlsMode(): mode = 2, brightenAlpha = 80, dimmingAlpha = 80
11-03 20:36:12.503075  1679  1679 D SidekickService: setTwmConfig():: msTiltToBright = 10000, tiltToBright = false
--------- switch to kernel
11-03 20:36:13.166191     0     0 I [touch]x: 78,y:189
11-03 20:36:14.987390     0     0 I [touch]x: 133,y:254
11-03 20:36:16.220990     0     0 I [touch]x: 307,y:333
11-03 20:36:17.726430     0     0 I [touch]x: 135,y:244
--------- switch to main
11-03 20:36:18.030085  1679  1679 D HandsFreeClientShard: Connecting HandsFree client profile (retry).
11-03 20:36:18.036124  1679  1679 D BluetoothHeadsetClient: disconnect(14:3C:C3:AD:3D:53)
11-03 20:36:18.038937  1679  1679 D BluetoothHeadsetClient: connect(14:3C:C3:AD:3D:53)
11-03 20:36:18.042603  1784  2068 D HeadsetClientStateMachine: Disconnected process message: 1
11-03 20:36:18.043790  1784  1971 I bt_btif_queue: queue_int_add: adding connection request: address=14:3c:c3:ad:3d:53 UUID=111E busy=false
11-03 20:36:18.043914  1784  1971 I bt_btif_queue: btif_queue_connect_next: executing connection request: address=14:3c:c3:ad:3d:53 UUID=111E busy=false
11-03 20:36:18.043955  1784  1971 E bt_btif : is_connected: not connected!
11-03 20:36:18.044018  1784  1971 W bt_btif : bta_hf_client_find_cb_by_bda: bdaddr mismatch for handle 0 alloc 0
11-03 20:36:18.044051  1784  1971 W bt_btif : bta_hf_client_find_cb_by_bda: bdaddr mismatch for handle 1 alloc 0
11-03 20:36:18.044080  1784  1971 W bt_btif : bta_hf_client_find_cb_by_bda: bdaddr mismatch for handle 2 alloc 0
11-03 20:36:18.044110  1784  1971 W bt_btif : bta_hf_client_find_cb_by_bda: bdaddr mismatch for handle 3 alloc 0
11-03 20:36:18.044137  1784  1971 W bt_btif : bta_hf_client_find_cb_by_bda: bdaddr mismatch for handle 4 alloc 0
11-03 20:36:18.044166  1784  1971 W bt_btif : bta_hf_client_find_cb_by_bda: bdaddr mismatch for handle 5 alloc 0
11-03 20:36:18.044195  1784  1971 W bt_btif : bta_hf_client_find_cb_by_bda: bdaddr mismatch for handle 6 alloc 0
11-03 20:36:18.044222  1784  1971 W bt_btif : bta_hf_client_find_cb_by_bda: bdaddr mismatch for handle 7 alloc 0
11-03 20:36:18.044256  1784  1971 W bt_btif : bta_hf_client_find_cb_by_bda: bdaddr mismatch for handle 8 alloc 0
11-03 20:36:18.044299  1784  1971 W bt_btif : bta_hf_client_find_cb_by_bda: bdaddr mismatch for handle 9 alloc 0
11-03 20:36:18.044329  1784  1971 E bt_btif : bta_hf_client_find_cb_by_bda: block not found
11-03 20:36:18.052508  1784  1784 D AdapterProperties: PROFILE_CONNECTION_STATE_CHANGE: profile=16, device=14:3C:C3:AD:3D:53, 0 -> 1
11-03 20:36:18.056011  1784  1784 D AdapterProperties: ADAPTER_CONNECTION_STATE_CHANGE: 14:3C:C3:AD:3D:53: 0 -> 1
11-03 20:36:18.056011  3281  3281 D BtTelecomReceiver: onReceive: Intent { act=android.bluetooth.headsetclient.profile.action.CONNECTION_STATE_CHANGED flg=0x10 cmp=com.google.android.apps.wearable.bluetooth/com.google.android.clockwork.hfp.BtTelecomBroadcastReceiver (has extras) }
11-03 20:36:18.056229  3281  3281 D BtTelecomReceiver: Hfp connection changed: -724754873 0 -> 1
--------- switch to system
11-03 20:36:18.070989  1679  1694 W BroadcastQueue: Background execution not allowed: receiving Intent { act=android.bluetooth.adapter.action.CONNECTION_STATE_CHANGED flg=0x4000010 (has extras) } to com.google.android.gms/.chimera.GmsIntentOperationService$PersistentTrustedReceiver
--------- switch to kernel
11-03 20:36:18.712092     0     0 I [touch]x: 305,y:329
11-03 20:36:19.622656     0     0 I [touch]x: 149,y:217
11-03 20:36:21.221652     0     0 I [touch]x: 174,y:219
--------- switch to main
11-03 20:36:23.236557  1784  2040 W bt_sdp  : SDP - Rcvd conn cnf with error: 0x4  CID 0x53
11-03 20:36:23.237520  1784  1971 D BluetoothHeadsetClientServiceJni: connection_state_cb: state 0 peer_feat 0 chld_feat 0
11-03 20:36:23.240618  1784  2068 D HeadsetClientStateMachine: Enter Disconnected: 100
11-03 20:36:23.241125  1784  1971 E bt_btif : btif_hf_client_get_cb_by_bda: could not find block for bdaddr
11-03 20:36:23.241250  1784  1971 E bt_btif : btif_hf_client_upstreams_evt: event 3 but not allocating block: cb not found
11-03 20:36:23.241388  1784  1971 I bt_btif_queue: queue_int_advance: removing connection request: address=14:3c:c3:ad:3d:53 UUID=111E busy=true
11-03 20:36:23.249929  3281  3281 D BtTelecomReceiver: onReceive: Intent { act=android.bluetooth.headsetclient.profile.action.CONNECTION_STATE_CHANGED flg=0x10 cmp=com.google.android.apps.wearable.bluetooth/com.google.android.clockwork.hfp.BtTelecomBroadcastReceiver (has extras) }
11-03 20:36:23.250314  3281  3281 D BtTelecomReceiver: Hfp connection changed: -724754873 1 -> 0
11-03 20:36:23.252041  1784  1784 D AdapterProperties: PROFILE_CONNECTION_STATE_CHANGE: profile=16, device=14:3C:C3:AD:3D:53, 1 -> 0
11-03 20:36:23.252680  1784  1784 D AdapterProperties: ADAPTER_CONNECTION_STATE_CHANGE: 14:3C:C3:AD:3D:53: 1 -> 0
11-03 20:36:23.273857  3281  3281 D HfpClientConnService: onCreate
--------- switch to system
11-03 20:36:23.275099  1679  1899 W BroadcastQueue: Background execution not allowed: receiving Intent { act=android.bluetooth.adapter.action.CONNECTION_STATE_CHANGED flg=0x4000010 (has extras) } to com.google.android.gms/.chimera.GmsIntentOperationService$PersistentTrustedReceiver
--------- switch to main
11-03 20:36:23.275541  3281  3281 D HfpClientConnService: disabling HFP
11-03 20:36:23.275715  3281  3281 I HfpClientConnService: enable request:Enable Request - time:1635968183250 type:false reason:headset client disconnected
11-03 20:36:23.279844  3281  3281 I HfpClientConnService: account already disabled
--------- switch to kernel
11-03 20:36:23.723756     0     0 I [touch]x: 210,y:236
11-03 20:36:26.331181     0     0 I [touch]x: 222,y:188
11-03 20:36:26.356711     0     0 E FG      : fg_psy_get_property: unsupported property 7
--------- switch to main
11-03 20:36:26.382884  2365  2365 D HOME    : [BatteryChange]action: android.intent.action.BATTERY_CHANGED
11-03 20:36:26.383805  1906  1906 D QtiCarrierConfigHelper: WARNING, no carrier configs on phone Id: 0
11-03 20:36:26.384643  2365  3968 D HOME    : [BatteryChange]HandleBatteryChangedTask
11-03 20:36:26.385116  2365  3968 D HOME    : [BatteryChange]level: 6, status: 2
11-03 20:36:26.388832  2365  3968 D HOME    : [BatteryChange]batteryHistory size: 5'
--------- switch to kernel
11-03 20:36:26.360615     0     0 E FG      : fg_psy_get_property: unsupported property 7
11-03 20:36:26.362484     0     0 W healthd : battery l=6 v=3898 t=34.0 h=2 st=2 c=-286 fc=443000 cc=0 chg=a
11-03 20:36:26.379548     0     0 W healthd : battery l=6 v=3898 t=34.0 h=2 st=2 c=-286 fc=443000 cc=0 chg=a
11-03 20:36:26.393173     0     0 E FG      : fg_psy_get_property: unsupported property 7
11-03 20:36:26.394877     0     0 E FG      : fg_psy_get_property: unsupported property 7
11-03 20:36:26.397425     0     0 W healthd : battery l=6 v=3898 t=34.0 h=2 st=2 c=-286 fc=443000 cc=0 chg=a
--------- switch to main
11-03 20:36:26.417850  1906  1906 D QtiCarrierConfigHelper: WARNING, no carrier configs on phone Id: 0
11-03 20:36:26.418887  2365  2365 D HOME    : [BatteryChange]action: android.intent.action.BATTERY_CHANGED
11-03 20:36:26.419394  2365  3891 D HOME    : [BatteryChange]HandleBatteryChangedTask
11-03 20:36:26.419756  2365  3891 D HOME    : [BatteryChange]level: 6, status: 2
11-03 20:36:26.420912  2365  3891 D HOME    : [BatteryChange]batteryHistory size: 5'
--------- switch to kernel
11-03 20:36:26.406809     0     0 W healthd : battery l=6 v=3898 t=34.0 h=2 st=2 c=-286 fc=443000 cc=0 chg=a
11-03 20:36:26.433714     0     0 E FG      : fg_psy_get_property: unsupported property 7
11-03 20:36:26.435149     0     0 E FG      : fg_psy_get_property: unsupported property 7
11-03 20:36:26.440494     0     0 W healthd : battery l=6 v=3898 t=34.0 h=2 st=2 c=-286 fc=443000 cc=0 chg=a
--------- switch to main
11-03 20:36:26.459593  1906  1906 D QtiCarrierConfigHelper: WARNING, no carrier configs on phone Id: 0
11-03 20:36:26.462787  2365  2365 D HOME    : [BatteryChange]action: android.intent.action.BATTERY_CHANGED
11-03 20:36:26.463229  2365  3968 D HOME    : [BatteryChange]HandleBatteryChangedTask
11-03 20:36:26.463561  2365  3968 D HOME    : [BatteryChange]level: 6, status: 2
11-03 20:36:26.464986  2365  3968 D HOME    : [BatteryChange]batteryHistory size: 5'
--------- switch to kernel
11-03 20:36:26.441729     0     0 W healthd : battery l=6 v=3898 t=34.0 h=2 st=2 c=-286 fc=443000 cc=0 chg=a
11-03 20:36:28.473796     0     0 I [touch]x: 123,y:337
11-03 20:36:29.043810     0     0 I [touch]x: 110,y:324
11-03 20:36:29.551636     0     0 I [touch]x: 170,y:347
11-03 20:36:31.052974     0     0 I [touch]x: 83,y:179
11-03 20:36:32.104930     0     0 I [touch]x: 354,y:188
11-03 20:36:33.234884     0     0 I [touch]x: 310,y:323
11-03 20:36:34.055595     0     0 I [touch]x: 364,y:175
11-03 20:36:35.390439     0     0 E FG      : fg_psy_get_property: unsupported property 7
11-03 20:36:35.393700     0     0 I chatty  : uid=0(root) logd identical 1 line
11-03 20:36:35.393707     0     0 E FG      : fg_psy_get_property: unsupported property 7
11-03 20:36:35.398747     0     0 W healthd : battery l=7 v=3899 t=34.0 h=2 st=2 c=-287 fc=443000 cc=0 chg=a
--------- switch to main
11-03 20:36:35.411664  1906  1906 D QtiCarrierConfigHelper: WARNING, no carrier configs on phone Id: 0
11-03 20:36:35.425356  2365  2365 D HOME    : [WatchFaceUiController]sendStateToWallpaper
11-03 20:36:35.428853  2365  3968 D HOME    : [ComplicationController]scheduleImmediateUpdateForAllFromProvider ComponentInfo{com.google.android.wearable.app/com.google.android.clockwork.home.complications.providers.BatteryProviderService}
11-03 20:36:35.440275  2365  2365 D HOME    : [BatteryChange]action: android.intent.action.BATTERY_CHANGED
11-03 20:36:35.440762  2365  3968 D HOME    : [BatteryChange]HandleBatteryChangedTask
11-03 20:36:35.441063  2365  3968 D HOME    : [BatteryChange]level: 7, status: 2
11-03 20:36:35.441917  2365  3968 D HOME    : [BatteryChange]level: 7, timestamp: 1635968195441
11-03 20:36:35.442109  2365  3968 D HOME    : [BatteryChange]batteryHistory size: 6'
--------- switch to kernel
11-03 20:36:35.423431     0     0 W healthd : battery l=7 v=3899 t=34.0 h=2 st=2 c=-287 fc=443000 cc=0 chg=a
11-03 20:36:35.549320     0     0 I [touch]x: 86,y:170
11-03 20:36:37.034194     0     0 I [touch]x: 39,y:135
11-03 20:36:40.018505     0     0 I [touch]x: 170,y:337
11-03 20:36:41.016884     0     0 I [touch]x: 185,y:340
11-03 20:36:42.296183     0     0 E FG      : fg_psy_get_property: unsupported property 7
11-03 20:36:42.299475     0     0 W healthd : battery l=7 v=3900 t=34.0 h=2 st=2 c=-287 fc=443000 cc=0 chg=a
11-03 20:36:44.502442     0     0 I [touch]x: 244,y:229
--------- switch to system
11-03 20:36:45.113687  1679  1679 V SettingsProvider: Notifying for 0: content://settings/system/screen_brightness
--------- switch to main
11-03 20:36:45.115832  1679  1679 I SidekickService: loadBrightnessLocked()
11-03 20:36:45.117031  1679  1679 D SidekickService: screenBrightness  = 50
11-03 20:36:45.118126  1679  1679 D SidekickService: sendConfigValuesLocked(): alsThresholds = [40, 92, 95, 100, 125, 150, 175, 200, 225, 250, 300, 400, 500, 800, 1200], brightnessValuesBright = [50, 56, 60, 70, 80, 90, 100, 115, 120, 140, 160, 180, 200, 220, 240, 255], brightnessValuesDim= [50, 56, 60, 70, 80, 90, 100, 115, 120, 140, 160, 180, 200, 220, 240, 255]
11-03 20:36:45.144918  1679  1679 D SidekickService: setAlsMode(): mode = 2, brightenAlpha = 80, dimmingAlpha = 80
11-03 20:36:45.158584  1679  1679 D SidekickService: setTwmConfig():: msTiltToBright = 10000, tiltToBright = false
--------- switch to kernel
11-03 20:36:45.651281     0     0 I [touch]x: 302,y:82
--------- switch to main
11-03 20:36:45.874717  1679  1899 I WifiService: getWifiServiceMessenger uid=1000
--------- switch to system
11-03 20:36:45.893822  1679  1695 W Looper  : Slow dispatch took 103ms android.ui h=com.android.server.am.ActivityManagerService$UiHandler c=null m=53
11-03 20:36:45.894160  1679  1756 D WifiService: New client listening to asynchronous messages
11-03 20:36:45.898645  1679  2733 D ConnectivityService: requestNetwork for uid/pid:1000/1934 NetworkRequest [ REQUEST id=26, [ Transports: WIFI Capabilities: NOT_RESTRICTED&TRUSTED&NOT_VPN Unwanted:  Uid: 1000] ]
--------- switch to main
11-03 20:36:45.902160  1906  1906 D PhoneSwitcherNetworkRequstListener: got request NetworkRequest [ REQUEST id=26, [ Transports: WIFI Capabilities: NOT_RESTRICTED&TRUSTED&NOT_VPN Unwanted:  Uid: 1000] ] with score 0
11-03 20:36:45.902703  1679  1757 D WIFI_UT : got request NetworkRequest [ REQUEST id=26, [ Transports: WIFI Capabilities: NOT_RESTRICTED&TRUSTED&NOT_VPN Unwanted:  Uid: 1000] ] with score 0
11-03 20:36:45.902850  1679  1757 D WIFI    : got request NetworkRequest [ REQUEST id=26, [ Transports: WIFI Capabilities: NOT_RESTRICTED&TRUSTED&NOT_VPN Unwanted:  Uid: 1000] ] with score 0
--------- switch to system
11-03 20:36:45.904662  1679  1679 V SettingsProvider: Notifying for 0: content://settings/system/clockwork_in_wifi_settings
--------- switch to main
11-03 20:36:45.909201  1679  1679 D WearWifiMediator: setWifiDecision: true; reason: ON_CHARGING
11-03 20:36:45.909833  1679  1679 D COMPANION_PROXY: got request NetworkRequest [ REQUEST id=26, [ Transports: WIFI Capabilities: NOT_RESTRICTED&TRUSTED&NOT_VPN Unwanted:  Uid: 1000] ] with score 0
11-03 20:36:45.909953  1679  1679 D WearWifiMediator: onChange called
11-03 20:36:45.910449  1679  1679 D WearWifiMediator: In WiFi Settings Menu state changed: true
11-03 20:36:45.910634  1679  1679 D WearWifiMediator: setWifiDecision: true; reason: ON_IN_WIFI_SETTINGS
--------- switch to system
11-03 20:36:45.914044  1679  1756 D WifiService: CONNECT  nid=-1 config=ID: -1 SSID: "Salt_2GHz_411349" PROVIDER-NAME: null BSSID: null FQDN: null PRIO: 1 HIDDEN: true
11-03 20:36:45.914044  1679  1756 D WifiService:  NetworkSelectionStatus NETWORK_SELECTION_ENABLED
11-03 20:36:45.914044  1679  1756 D WifiService:  hasEverConnected: false
11-03 20:36:45.914044  1679  1756 D WifiService:  KeyMgmt: WPA_PSK Protocols: WPA RSN
11-03 20:36:45.914044  1679  1756 D WifiService:  AuthAlgorithms:
11-03 20:36:45.914044  1679  1756 D WifiService:  PairwiseCiphers: TKIP CCMP
11-03 20:36:45.914044  1679  1756 D WifiService:  GroupCiphers: WEP40 WEP104 TKIP CCMP
11-03 20:36:45.914044  1679  1756 D WifiService:  PSK: *
11-03 20:36:45.914044  1679  1756 D WifiService: Enterprise config:
11-03 20:36:45.914044  1679  1756 D WifiService: IP config:
11-03 20:36:45.914044  1679  1756 D WifiService: IP assignment: UNASSIGNED
11-03 20:36:45.914044  1679  1756 D WifiService: Proxy settings: UNASSIGNED
11-03 20:36:45.914044  1679  1756 D WifiService:  cuid=-1 luid=-1 lcuid=0 userApproved=USER_UNSPECIFIED noInternetAccessExpected=false 
11-03 20:36:45.914044  1679  1756 D WifiService: recentFailure: Association Rejection code: 0
11-03 20:36:45.914044  1679  1756 D WifiService:  uid=1000 name=android.uid.system:1000
--------- switch to main
11-03 20:36:45.942512  1679  1757 E WifiConfigManager: Cannot find network with networkId -1 or configKey "Salt_2GHz_411349"WPA_PSK
11-03 20:36:45.958463  1679  2390 I WifiService: startScan uid=1000
11-03 20:36:45.965275  1679  1757 E WifiConfigManager: Cannot find network with configKey "Salt_2GHz_411349"WPA_PSK
--------- switch to system
11-03 20:36:45.968673  1679  1757 W ContextImpl: Calling a method in the system process without a qualified user: android.app.ContextImpl.sendBroadcastAsUserMultiplePermissions:1053 com.android.server.wifi.WifiConfigManager.sendConfiguredNetworkChangedBroadcast:660 com.android.server.wifi.WifiConfigManager.addOrUpdateNetwork:1118 com.android.server.wifi.WifiStateMachine$ConnectModeState.processMessage:4207 com.android.internal.util.StateMachine$SmHandler.processMsg:992 
--------- switch to main
11-03 20:36:45.971361  1679  1679 D WearWifiMediator: setWifiDecision: true; reason: ON_IN_WIFI_SETTINGS
11-03 20:36:46.169805  1679  1757 D WifiConfigStore: Writing to stores completed in 51 ms.
11-03 20:36:46.170769  1679  1757 D WifiStateMachine: connectToUserSelectNetwork netId 83, uid 1000, forceReconnect = true
--------- switch to system
11-03 20:36:46.172417  1679  1757 W ContextImpl: Calling a method in the system process without a qualified user: android.app.ContextImpl.sendBroadcastAsUserMultiplePermissions:1053 com.android.server.wifi.WifiConfigManager.sendConfiguredNetworkChangedBroadcast:660 com.android.server.wifi.WifiConfigManager.setNetworkStatus:1339 com.android.server.wifi.WifiConfigManager.setNetworkSelectionStatus:1362 com.android.server.wifi.WifiConfigManager.updateNetworkSelectionStatus:1404 
--------- switch to main
11-03 20:36:46.175993  1679  1679 D WearWifiMediator: setWifiDecision: true; reason: ON_IN_WIFI_SETTINGS
11-03 20:36:46.277478  1679  1689 I system_server: Background concurrent copying GC freed 51545(2MB) AllocSpace objects, 19(684KB) LOS objects, 19% free, 11MB/14MB, paused 399us total 272.096ms
11-03 20:36:46.354751  1679  1757 D WifiConfigStore: Writing to stores completed in 21 ms.
11-03 20:36:46.389229  1679  2390 I WifiService: startScan uid=1000
11-03 20:36:46.411771  1679  1757 D WifiStateMachine: CMD_START_CONNECT sup state UninitializedState my state DisconnectedState nid=83 roam=false
11-03 20:36:46.413353  1679  1757 I WifiStateMachine: Connecting with 00:0a:f5:f2:a2:70 as the mac address
--------- switch to system
11-03 20:36:46.418006   629   629 W wificond: Scan is not started. Ignore abort request
--------- switch to main
11-03 20:36:46.418606  1679  1757 D SupplicantStaIfaceHal: connectToNetwork "Salt_2GHz_411349"WPA_PSK
11-03 20:36:46.419776  1679  1757 I SupplicantStaIfaceHal: addSupplicantStaNetwork via HIDL
11-03 20:36:46.610933  1679  1679 D WearWifiMediator: NETWORK_STATE_CHANGED : Disconnected
11-03 20:36:47.102580  1679  2056 D WificondControl: Scan result ready event
11-03 20:36:47.130307  1679  1757 I WifiScanRequestProxy: No ongoing scan request. Don't send scan broadcast.
11-03 20:36:47.176406  1679  1757 D WifiStateMachine: CMD_START_CONNECT sup state ScanState my state DisconnectedState nid=83 roam=false
11-03 20:36:47.178423  1679  1757 I WifiStateMachine: Connecting with 00:0a:f5:f2:a2:70 as the mac address
11-03 20:36:47.180450  1679  1757 D SupplicantStaIfaceHal: connectToNetwork "Salt_2GHz_411349"WPA_PSK
11-03 20:36:47.180722  1679  1757 D SupplicantStaIfaceHal: Network is already saved, but need to update BSSID.
--------- switch to system
11-03 20:36:47.179693   629   629 W wificond: Scan is not started. Ignore abort request
11-03 20:36:47.252629   629   629 I wificond: Received external scan result notification from kernel.
11-03 20:36:47.252716   629   629 W wificond: Scan aborted
--------- switch to main
11-03 20:36:47.253093  1679  2056 D WificondControl: Scan failed event
11-03 20:36:47.253726  1679  1758 W WificondScannerImpl: Scan failed
11-03 20:36:47.259571  3939  3939 I wpa_supplicant: wlan0: Trying to associate with SSID 'Salt_2GHz_411349'
--------- switch to kernel
11-03 20:36:47.262790    20    20 E         : [20:36:47.262760] [000000016E112214] [wpa_s]  wlan: [E :HDD] wlan_hdd_cfg80211_set_ie Set UNKNOWN IE 3B
11-03 20:36:47.280793    20    20 E         : [20:36:47.280743] [000000016E1666CA] [VosMC]  wlan: [E :PE ] limProcessSwitchChannelRsp: 4153: channelChangeReasonCode 1 status 0
--------- switch to main
11-03 20:36:47.308400  1679  1679 D WearWifiMediator: NETWORK_STATE_CHANGED : Disconnected
--------- switch to kernel
11-03 20:36:47.350015    20    20 E         : [20:36:47.349986] [000000016E2AAFFD] [VosMC]  wlan: [E :HDD] 00:0a:f5:f2:a2:70 connected to 44:fe:3b:41:13:4b
11-03 20:36:47.350120    20    20 E         : [20:36:47.350095] [000000016E2AB834] [VosMC]  wlan: [E :HDD] wlan(1) 44:fe:3b:41:13:4b Standalone
--------- switch to main
11-03 20:36:47.369659  1934  1934 W SettingsLib.AccessPoint: NetworkInfo is null, cannot return detailed state
11-03 20:36:47.378952  1934  1934 W SettingsLib.AccessPoint: NetworkInfo is null, cannot return detailed state
11-03 20:36:47.411889  3939  3939 I wpa_supplicant: wlan0: Associated with 44:fe:3b:41:13:4b
11-03 20:36:47.412056  3939  3939 I wpa_supplicant: wlan0: CTRL-EVENT-SUBNET-STATUS-UPDATE status=0
11-03 20:36:47.412466  3939  3939 I wpa_supplicant: wlan0: WPA: RX message 1 of 4-Way Handshake from 44:fe:3b:41:13:4b (ver=2)
11-03 20:36:47.414184  3939  3939 I wpa_supplicant: wlan0: WPA: Sending EAPOL-Key 2/4
--------- switch to kernel
11-03 20:36:47.408078    20    20 E         : [20:36:47.408049] [000000016E3BB2B4] [VosMC]  wlan: [E :HDD] wlan_hdd_tdls_connection_callback: 2500: wlan_hdd_sta_tdls_init failed
--------- switch to main
11-03 20:36:47.427531  3939  3939 I wpa_supplicant: wlan0: WPA: RX message 3 of 4-Way Handshake from 44:fe:3b:41:13:4b (ver=2)
11-03 20:36:47.427724  3939  3939 I wpa_supplicant: wlan0: WPA: Sending EAPOL-Key 4/4
11-03 20:36:47.434136  3939  3939 I wpa_supplicant: wlan0: WPA: Key negotiation completed with 44:fe:3b:41:13:4b [PTK=CCMP GTK=CCMP]
11-03 20:36:47.434299  3939  3939 I wpa_supplicant: wlan0: CTRL-EVENT-CONNECTED - Connection to 44:fe:3b:41:13:4b completed [id=0 id_str=%7B%22configKey%22%3A%22%5C%22Salt_2GHz_411349%5C%22WPA_PSK%22%2C%22creatorUid%22%3A%221000%22%7D]
11-03 20:36:47.477184  1679  1679 D WearWifiMediator: NETWORK_STATE_CHANGED : Disconnected
11-03 20:36:47.484935  1679  1679 I chatty  : uid=1000 system_server identical 1 line
11-03 20:36:47.492834  1679  1679 D WearWifiMediator: NETWORK_STATE_CHANGED : Disconnected
11-03 20:36:47.514240  1934  1934 W SettingsLib.AccessPoint: NetworkInfo is null, cannot return detailed state
11-03 20:36:47.537938  1934  1954 I arable.setting: Background concurrent copying GC freed 36170(1327KB) AllocSpace objects, 0(0B) LOS objects, 24% free, 3MB/4MB, paused 111us total 244.858ms
--------- switch to system
11-03 20:36:47.553704  1679  1757 D ConnectivityService: registerNetworkAgent NetworkAgentInfo{ ni{[type: WIFI[], state: CONNECTING/CONNECTING, reason: (unspecified), extra: (none), failover: false, available: true, roaming: false]}  network{100}  nethandle{432902426637}  lp{{LinkAddresses: []  Routes: [] DnsAddresses: [] UsePrivateDns: false PrivateDnsServerName: null Domains: null MTU: 0}}  nc{[ Transports: WIFI Capabilities: NOT_METERED&INTERNET&NOT_RESTRICTED&TRUSTED&NOT_VPN&NOT_ROAMING&FOREGROUND&NOT_CONGESTED&NOT_SUSPENDED Unwanted:  LinkUpBandwidth>=1048576Kbps LinkDnBandwidth>=1048576Kbps SSID: "Salt_2GHz_411349"]}  Score{20}  everValidated{false}  lastValidated{false}  created{false} lingering{false} explicitlySelected{false} acceptUnvalidated{false} everCaptivePortalDetected{false} lastCaptivePortalDetected{false} clat{null} }
--------- switch to kernel
11-03 20:36:47.555356    20    20 E         : [20:36:47.555326] [000000016E66D87B] [wpa_s]  wlan: [E :HDD] __wlan_hdd_cfg80211_firmware_roaming: 6686: attr bss id failed
--------- switch to system
11-03 20:36:47.558194  1679  1759 D ConnectivityService: NetworkAgentInfo [WIFI () - 100] EVENT_NETWORK_INFO_CHANGED, going from null to CONNECTING
--------- switch to main
11-03 20:36:47.562710  1679  1679 D WearWifiMediator: NETWORK_STATE_CHANGED : Disconnected
11-03 20:36:47.577446   514   514 E WifiHAL : wifi_get_packet_filter_capabilities: requestResponse() error: -3
11-03 20:36:47.577703   514   514 I WifiHAL : Packet filtering is not supprted
11-03 20:36:47.614147  1679  1689 I system_server: Background concurrent copying GC freed 89235(2MB) AllocSpace objects, 27(2MB) LOS objects, 19% free, 9MB/12MB, paused 704us total 458.670ms
11-03 20:36:47.646435  2365  2386 I id.wearable.ap: Background concurrent copying GC freed 32812(1783KB) AllocSpace objects, 18(500KB) LOS objects, 24% free, 5MB/7MB, paused 145us total 310.680ms
--------- switch to system
11-03 20:36:47.650086  1679  1759 D ConnectivityService: NetworkAgentInfo [WIFI () - 100] EVENT_NETWORK_INFO_CHANGED, going from CONNECTING to CONNECTING
--------- switch to main
11-03 20:36:47.654864  1679  1757 E WifiVendorHal: configureNeighborDiscoveryOffload(l.2491) failed {.code = ERROR_NOT_SUPPORTED, .description = }
11-03 20:36:47.734411  1934  1934 W SettingsLib.AccessPoint: NetworkInfo is null, cannot return detailed state
11-03 20:36:47.757371  1934  1934 W SettingsLib.AccessPoint: NetworkInfo is null, cannot return detailed state
11-03 20:36:47.778090  1679  4042 D DhcpClient: Receive thread started
11-03 20:36:47.805382  1679  3943 D DhcpClient: Broadcasting DHCPDISCOVER
11-03 20:36:47.823198  1934  1934 W SettingsLib.AccessPoint: NetworkInfo is null, cannot return detailed state
11-03 20:36:47.870774  1934  1934 I chatty  : uid=1000(system) com.google.android.apps.wearable.settings identical 1 line
11-03 20:36:47.936289  1934  1934 W SettingsLib.AccessPoint: NetworkInfo is null, cannot return detailed state
11-03 20:36:47.958007  1934  1954 I arable.setting: Background concurrent copying GC freed 30195(1138KB) AllocSpace objects, 0(0B) LOS objects, 25% free, 3MB/4MB, paused 110us total 109.374ms
11-03 20:36:47.979755  1934  1934 W SettingsLib.AccessPoint: NetworkInfo is null, cannot return detailed state
11-03 20:36:48.046215  1679  1679 D HandsFreeClientShard: Connecting HandsFree client profile (retry).
11-03 20:36:48.047245  1934  1934 W SettingsLib.AccessPoint: NetworkInfo is null, cannot return detailed state
11-03 20:36:48.049678  1679  1679 D BluetoothHeadsetClient: disconnect(14:3C:C3:AD:3D:53)
11-03 20:36:48.055427  1679  1679 D BluetoothHeadsetClient: connect(14:3C:C3:AD:3D:53)
11-03 20:36:48.058654  1784  2068 D HeadsetClientStateMachine: Disconnected process message: 1
11-03 20:36:48.062943  1784  1971 I bt_btif_queue: queue_int_add: adding connection request: address=14:3c:c3:ad:3d:53 UUID=111E busy=false
11-03 20:36:48.063061  1784  1971 I bt_btif_queue: btif_queue_connect_next: executing connection request: address=14:3c:c3:ad:3d:53 UUID=111E busy=false
11-03 20:36:48.063093  1784  1971 E bt_btif : is_connected: not connected!
11-03 20:36:48.063138  1784  1971 W bt_btif : bta_hf_client_find_cb_by_bda: bdaddr mismatch for handle 0 alloc 0
11-03 20:36:48.063164  1784  1971 W bt_btif : bta_hf_client_find_cb_by_bda: bdaddr mismatch for handle 1 alloc 0
11-03 20:36:48.063186  1784  1971 W bt_btif : bta_hf_client_find_cb_by_bda: bdaddr mismatch for handle 2 alloc 0
11-03 20:36:48.063208  1784  1971 W bt_btif : bta_hf_client_find_cb_by_bda: bdaddr mismatch for handle 3 alloc 0
11-03 20:36:48.063229  1784  1971 W bt_btif : bta_hf_client_find_cb_by_bda: bdaddr mismatch for handle 4 alloc 0
11-03 20:36:48.063250  1784  1971 W bt_btif : bta_hf_client_find_cb_by_bda: bdaddr mismatch for handle 5 alloc 0
11-03 20:36:48.063273  1784  1971 W bt_btif : bta_hf_client_find_cb_by_bda: bdaddr mismatch for handle 6 alloc 0
11-03 20:36:48.063295  1784  1971 W bt_btif : bta_hf_client_find_cb_by_bda: bdaddr mismatch for handle 7 alloc 0
11-03 20:36:48.063317  1784  1971 W bt_btif : bta_hf_client_find_cb_by_bda: bdaddr mismatch for handle 8 alloc 0
11-03 20:36:48.063337  1784  1971 W bt_btif : bta_hf_client_find_cb_by_bda: bdaddr mismatch for handle 9 alloc 0
11-03 20:36:48.063357  1784  1971 E bt_btif : bta_hf_client_find_cb_by_bda: block not found
11-03 20:36:48.088890  1784  1784 D AdapterProperties: PROFILE_CONNECTION_STATE_CHANGE: profile=16, device=14:3C:C3:AD:3D:53, 0 -> 1
11-03 20:36:48.089214  1784  1784 D AdapterProperties: ADAPTER_CONNECTION_STATE_CHANGE: 14:3C:C3:AD:3D:53: 0 -> 1
11-03 20:36:48.098081  3281  3281 D BtTelecomReceiver: onReceive: Intent { act=android.bluetooth.headsetclient.profile.action.CONNECTION_STATE_CHANGED flg=0x10 cmp=com.google.android.apps.wearable.bluetooth/com.google.android.clockwork.hfp.BtTelecomBroadcastReceiver (has extras) }
11-03 20:36:48.098285  3281  3281 D BtTelecomReceiver: Hfp connection changed: -724754873 0 -> 1
--------- switch to system
11-03 20:36:48.100068  1679  1899 W BroadcastQueue: Background execution not allowed: receiving Intent { act=android.bluetooth.adapter.action.CONNECTION_STATE_CHANGED flg=0x4000010 (has extras) } to com.google.android.gms/.chimera.GmsIntentOperationService$PersistentTrustedReceiver
--------- switch to main
11-03 20:36:48.236923  1934  1934 W SettingsLib.AccessPoint: NetworkInfo is null, cannot return detailed state
11-03 20:36:48.314243  1934  1934 W SettingsLib.AccessPoint: NetworkInfo is null, cannot return detailed state
11-03 20:36:48.363994  1679  1689 I system_server: Background concurrent copying GC freed 77424(2MB) AllocSpace objects, 0(0B) LOS objects, 19% free, 10MB/13MB, paused 2.203ms total 325.957ms
11-03 20:36:48.390072  1934  1954 I arable.setting: Background concurrent copying GC freed 28165(1025KB) AllocSpace objects, 0(0B) LOS objects, 24% free, 2MB/3MB, paused 118us total 135.776ms
11-03 20:36:48.401273  1934  1934 W SettingsLib.AccessPoint: NetworkInfo is null, cannot return detailed state
--------- switch to system
11-03 20:36:48.777411  1679  1759 D ConnectivityService: NetworkAgentInfo [WIFI () - 100] EVENT_NETWORK_INFO_CHANGED, going from CONNECTING to CONNECTED
--------- switch to main
11-03 20:36:48.779098   443   486 D TcpSocketMonitor: resuming tcpinfo polling (interval=30000ms)
11-03 20:36:48.783987  1679  1679 D WearWifiMediator: NETWORK_STATE_CHANGED : Disconnected
11-03 20:36:48.785855  1679  1679 D WearWifiMediator: NETWORK_STATE_CHANGED : Connected
--------- switch to system
11-03 20:36:48.791621  1679  1759 W DnsManager: updatePrivateDns(100, PrivateDnsConfig{true:/[]})
11-03 20:36:48.791983  1679  1759 D ConnectivityService: Setting DNS servers for network 100 to [/2a04:ee41:86:808c:46fe:3bff:fe41:1349]
11-03 20:36:48.794319  1679  1759 D DnsManager: setDnsConfigurationForNetwork(100, [2a04:ee41:86:808c:46fe:3bff:fe41:1349], [], [1800, 25, 8, 64], , [2a04:ee41:86:808c:46fe:3bff:fe41:1349])
11-03 20:36:48.804466  1679  1757 W ContextImpl: Calling a method in the system process without a qualified user: android.app.ContextImpl.sendBroadcastAsUserMultiplePermissions:1053 com.android.server.wifi.WifiConfigManager.sendConfiguredNetworkChangedBroadcast:660 com.android.server.wifi.WifiConfigManager.setNetworkStatus:1339 com.android.server.wifi.WifiConfigManager.updateNetworkAfterConnect:1620 com.android.server.wifi.WifiStateMachine.registerConnected:3749 
--------- switch to main
11-03 20:36:48.806927  1679  1679 D WearWifiMediator: setWifiDecision: true; reason: ON_IN_WIFI_SETTINGS
--------- switch to system
11-03 20:36:48.847260  1679  1759 D ConnectivityService: Adding iface wlan0 to network 100
--------- switch to main
11-03 20:36:48.899897   443   486 E Netd    : Error adding route 2a04:ee41:86:808c::/64 -> (null) wlan0 to table 1020: File exists
11-03 20:36:48.904909   443   486 E Netd    : Error adding route ::/0 -> fe80::46fe:3bff:fe41:1349 wlan0 to table 1020: File exists
11-03 20:36:48.913819   443   486 E Netd    : Error adding route 2a04:ee41:86:808c::/64 -> fe80::46fe:3bff:fe41:1349 wlan0 to table 1020: File exists
11-03 20:36:48.918043   443  4043 W DnsTlsSocket: SSL_connect error 5, errno=111
11-03 20:36:48.918385   443  4043 E DnsTlsSocket: Failed to increment eventfd by -9223372036854775808
--------- switch to system
11-03 20:36:48.920031  1679  1759 D ConnectivityService: Setting DNS servers for network 100 to [/2a04:ee41:86:808c:46fe:3bff:fe41:1349]
11-03 20:36:48.920872  1679  1759 D DnsManager: setDnsConfigurationForNetwork(100, [2a04:ee41:86:808c:46fe:3bff:fe41:1349], [], [1800, 25, 8, 64], , [2a04:ee41:86:808c:46fe:3bff:fe41:1349])
11-03 20:36:48.940772  1679  1759 I Nat464Xlat: Starting clatd on wlan0
--------- switch to main
11-03 20:36:48.941871   443   486 D ClatdController: starting clatd on wlan0
11-03 20:36:48.943222   443   486 D ClatdController: clatd started on wlan0
11-03 20:36:48.946584  1679  1759 W BestClock: java.time.DateTimeException: Missing NTP fix
11-03 20:36:48.980897  1934  1934 W SettingsLib.AccessPoint: NetworkInfo is null, cannot return detailed state
11-03 20:36:48.982018  1679  1759 W BestClock: java.time.DateTimeException: Missing NTP fix
11-03 20:36:48.990246  1679  1754 W BestClock: java.time.DateTimeException: Missing NTP fix
11-03 20:36:49.000099  1679  1759 W BestClock: java.time.DateTimeException: Missing NTP fix
11-03 20:36:49.016937  1679  1759 W BestClock: java.time.DateTimeException: Missing NTP fix
11-03 20:36:49.020897  1679  1754 W BestClock: java.time.DateTimeException: Missing NTP fix
11-03 20:36:49.046150  1679  1757 D WifiNetworkAgent: NetworkAgent: Received signal strength thresholds: []
11-03 20:36:49.048197  1679  1757 E WifiVendorHal: stopRssiMonitoring(l.2404) failed {.code = ERROR_NOT_AVAILABLE, .description = }
11-03 20:36:49.048964   443  4044 W DnsTlsSocket: SSL_connect error 5, errno=111
11-03 20:36:49.049146   443  4044 E DnsTlsSocket: Failed to increment eventfd by -9223372036854775808
--------- switch to system
11-03 20:36:49.049388  1679  1759 D ConnectivityService: Switching to new default network: NetworkAgentInfo{ ni{[type: WIFI[], state: CONNECTED/CONNECTED, reason: (unspecified), extra: (none), failover: false, available: true, roaming: false]}  network{100}  nethandle{432902426637}  lp{{InterfaceName: wlan0 LinkAddresses: [fe80::20a:f5ff:fef2:a270/64,2a04:ee41:86:808c:20a:f5ff:fef2:a270/64,]  Routes: [fe80::/64 -> :: wlan0,::/0 -> fe80::46fe:3bff:fe41:1349 wlan0,2a04:ee41:86:808c::/64 -> fe80::46fe:3bff:fe41:1349 wlan0,2a04:ee41:86:808c::/64 -> :: wlan0,] DnsAddresses: [2a04:ee41:86:808c:46fe:3bff:fe41:1349,] UsePrivateDns: false PrivateDnsServerName: null Domains: null MTU: 0 TcpBufferSizes: 524288,1048576,2097152,262144,524288,1048576}}  nc{[ Transports: WIFI Capabilities: NOT_METERED&INTERNET&NOT_RESTRICTED&TRUSTED&NOT_VPN&NOT_ROAMING&FOREGROUND&NOT_CONGESTED&NOT_SUSPENDED Unwanted:  LinkUpBandwidth>=1048576Kbps LinkDnBandwidth>=1048576Kbps SignalStrength: -62 SSID: "Salt_2GHz_411349"]}  Score{20}  everValidated{false}  lastValidated{false}  created{true} lingering{false} explicitlySelected{true} acceptUnvalidated{false} everCaptivePortalDetected{false} lastCaptivePortalDetected{false} clat{mBaseIface: wlan0, mIface: v4-wlan0, mState: STARTING} }
11-03 20:36:49.055589   443   476 E NetlinkEvent: NetlinkEvent::FindParam(): Parameter 'INTERFACE' not found
11-03 20:36:49.055691   443   476 E NetlinkEvent: NetlinkEvent::FindParam(): Parameter 'STATE' not found
11-03 20:36:49.055719   443   476 E NetlinkEvent: NetlinkEvent::FindParam(): Parameter 'TIME_NS' not found
11-03 20:36:49.055737   443   476 E NetlinkEvent: NetlinkEvent::FindParam(): Parameter 'UID' not found
--------- switch to main
11-03 20:36:49.063081  4045  4045 I clatd   : Starting clat version 1.4 on wlan0 netid=100 mark=0xf0064
11-03 20:36:49.068759  1679  4047 D NetworkMonitor/NetworkAgentInfo [WIFI () - 100]: PROBE_DNS connectivitycheck.gstatic.com 30ms OK 2a00:1450:400a:803::2003
11-03 20:36:49.089459  4045  4045 I clatd   : Using ring buffer with 656 frames (1048576 bytes) at 0xb5461000
--------- switch to kernel
11-03 20:36:49.094891     0     0 I init    : processing action (sys.sysctl.tcp_def_init_rwnd=*) from (/init.rc:729)
--------- switch to main
11-03 20:36:49.101200  4045  4045 I clatd   : Detecting NAT64 prefix from DNS...
11-03 20:36:49.111562  1934  1934 W SettingsLib.AccessPoint: NetworkInfo is null, cannot return detailed state
11-03 20:36:49.118411  1679  1759 W BestClock: java.time.DateTimeException: Missing NTP fix
11-03 20:36:49.178158  1934  1934 W SettingsLib.AccessPoint: NetworkInfo is null, cannot return detailed state
11-03 20:36:49.188314  1679  1759 W BestClock: java.time.DateTimeException: Missing NTP fix
11-03 20:36:49.204607  1679  1754 W BestClock: java.time.DateTimeException: Missing NTP fix
11-03 20:36:49.210185  1679  4046 D NetworkMonitor/NetworkAgentInfo [WIFI () - 100]: PROBE_DNS www.google.com 170ms OK 2a00:1450:400a:802::2004
11-03 20:36:49.215382  4045  4045 E clatd   : plat_prefix/dns(ipv4only.arpa) status = 7/No address associated with hostname
11-03 20:36:49.215523  4045  4045 W clatd   : dns64_detection -- error, sleeping for 1 seconds
11-03 20:36:49.248785  1679  4047 D NetworkMonitor/NetworkAgentInfo [WIFI () - 100]: PROBE_HTTP http://connectivitycheck.gstatic.com/generate_204 time=99ms ret=204 request={User-Agent=[Mozilla/5.0 (X11; Linux x86_64) AppleWebKit/537.36 (KHTML, like Gecko) Chrome/60.0.3112.32 Safari/537.36]} headers={null=[HTTP/1.1 204 No Content], Content-Length=[0], Date=[Wed, 03 Nov 2021 19:36:50 GMT], X-Android-Received-Millis=[1635968209247], X-Android-Response-Source=[NETWORK 204], X-Android-Selected-Protocol=[http/1.1], X-Android-Sent-Millis=[1635968209227]}
--------- switch to system
11-03 20:36:49.260535  1679  1759 D ConnectivityService: Sending CONNECTED broadcast for type 1 NetworkAgentInfo [WIFI () - 100] isDefaultNetwork=true
--------- switch to main
11-03 20:36:49.268292  1679  1754 W BestClock: java.time.DateTimeException: Missing NTP fix
