11-02 19:51:13.264402  2520  2520 D HOME    : [WatchFaceUiController]sendWatchFaceServiceBinder
11-02 19:51:13.269807  2520  2520 D HOME    : [WatchFaceUiController]sendProperties
11-02 19:51:13.272214  2520  2520 D HOME    : [WatchFaceUiController]sendStateToWallpaper
11-02 19:51:13.276412  2520  2520 D HOME    : [AgendaController]loadEvents
11-02 19:51:13.277904  2520  6083 D HOME    : [AgendaController]Fetching event data for window: EventWindow{Tue Nov 02 00:00:00 GMT+01:00 2021,Thu Nov 04 23:59:59 GMT+01:00 2021}
11-02 19:51:13.278461  2520  6083 D HOME    : [CwCal]CalendarEventsResolver:queryCalendarEventInstances:window=EventWindow{Tue Nov 02 00:00:00 GMT+01:00 2021,Thu Nov 04 23:59:59 GMT+01:00 2021}
11-02 19:51:13.315677  2520  2520 D HOME    : [StreamDBQueue]Promised revision #1208 to queue a new op
11-02 19:51:13.316037  2520  2520 D WatchStreamManager: Promised rank-blocked=true @ r#1208
11-02 19:51:13.317008  2520  6840 D HOME    : [WatchStreamDB]Item alerting conditions - isInterruptive: true, recentlyInterrupted: false, isItemPinned: true, isUnread: false
11-02 19:51:13.317392  2520  6840 D HOME    : [StreamAlertingRegulator]isTheaterModeEnabled: false, isAlertingAllowedByOffBody: true, matchesLocalInterruptionFilter: true
11-02 19:51:13.317619  2520  6840 D HOME    : [WatchStreamDB]couldItemAlert: false, isTopItemChanged: false, isDeferralForTopItem: false
11-02 19:51:13.371246  2520  2714 D HOME    : [TickMonitor]Received time tick
11-02 19:51:13.371514  2520  2714 D HOME    : [TickMonitor]handleTimeTick() finished
11-02 19:51:13.376744  2520  2520 D HOME    : [AgendaController]Obtained events in UI thread: []
11-02 19:51:13.377218  2520  2520 D HOME    : [EventDiarizer]Constructing with window EventWindow{Tue Nov 02 00:00:00 GMT+01:00 2021,Thu Nov 04 23:59:59 GMT+01:00 2021}
11-02 19:51:13.380076  2520  2520 D HOME    : [AgendaMetricsLogger]eventDataNotPresent
11-02 19:51:13.381455  2520  6572 D HOME    : [DataRequester]cancelScheduledUpdates TileConfig{id=2, provider=ComponentInfo{com.google.android.wearable.app/com.google.android.clockwork.home.calendar.AgendaTileProviderService}}
11-02 19:51:13.381703  2520  6572 D HOME    : [DataRequester]cancelScheduledUpdates could not find jobId for provider 2
11-02 19:51:13.381946  2520  6572 D HOME    : [DataRequester]updateFinished 2
11-02 19:51:13.382041  2520  6572 D HOME    : [ProviderConnMgr]Unbinding from service
11-02 19:51:13.401300  2520  6572 D HOME    : [DataRequester]Scheduling job for TileConfig{id=2, provider=ComponentInfo{com.google.android.wearable.app/com.google.android.clockwork.home.calendar.AgendaTileProviderService}} delay=14400 jobId=2000046
11-02 19:51:13.407044  2520  2520 D HOME    : [StreamBackendInit]NotificationService onNotificationPosted StatusBarNotification(pkg=android user=UserHandle{0} id=0 tag=com.android.server.wm.AlertWindowNotification - com.google.android.wearable.app key=0|android|0|com.android.server.wm.AlertWindowNotification - com.google.android.wearable.app|1000: Notification(channel=com.android.server.wm.AlertWindowNotification - com.google.android.wearable.app pri=0 contentView=null vibrate=null sound=null defaults=0x0 flags=0x102 color=0xff607d8b vis=PRIVATE))
11-02 19:51:13.408047  2520  2716 D CollectorHandler: handleMessage, event: ON_NOTIFICATION_POSTED_WITH_RANKING
11-02 19:51:13.415186  2520  2716 D HOME    : [StreamDBQueue]Promised revision #1209 to queue a new op
11-02 19:51:13.418062  2520  2716 D HOME    : [WatchStreamManager]Promised set @ r#1209 for (android,tag=com.android.server.wm.AlertWindowNotification - com.google.android.wearable.app,id=0,notifKey=0|android|0|com.android.server.wm.AlertWindowNotification - com.google.android.wearable.app|1000)
11-02 19:51:13.419582  2520  6572 D StreamDatabase:   filtering notification, reason=HOME_OVER_OTHER_APPS_NOTIFICATION, itemId=StreamItemIdAndRevision{notifKey=0|android|0|com.android.server.wm.AlertWindowNotification - com.google.android.wearable.app|1000, packageName=android, tag=com.android.server.wm.AlertWindowNotification - com.google.android.wearable.app, id=0, revision=1209, originalRevision=1209, updateCount=0}
11-02 19:51:13.420495  2520  6572 D HOME    : [WatchStreamDB]Item alerting conditions - isInterruptive: true, recentlyInterrupted: false, isItemPinned: true, isUnread: false
11-02 19:51:13.421170  2520  6572 D HOME    : [StreamAlertingRegulator]isTheaterModeEnabled: false, isAlertingAllowedByOffBody: true, matchesLocalInterruptionFilter: true
11-02 19:51:13.421464  2520  6572 D HOME    : [WatchStreamDB]couldItemAlert: false, isTopItemChanged: false, isDeferralForTopItem: false
11-02 19:51:13.422133  2520  6572 D HOME    : [StreamAdapter]onStreamChange StreamChangeEvent[modified=1, removed=0, modifiedTop=0, removedTop=0, reorder=false, possibleAlertingItem=none]
11-02 19:51:13.423264  2520  6572 D HOME    : [StreamAdapter]onStreamChange StreamChangeEvent[modified=1, removed=0, modifiedTop=0, removedTop=0, reorder=false, possibleAlertingItem=none]
11-02 19:51:13.423789  2520  2520 D HOME    : [TopNotificationReceiver]Sending request to TopNotificationProviderService for complication update
11-02 19:51:13.423967  2520  6572 D HOME    : [NewStreamAdapter]Publishing revision #1209 to adapter clients
11-02 19:51:13.427088  2520  2520 D HOME    : [StreamAdapter]setStreamItems, size 1
11-02 19:51:13.427626  2520  2520 D HOME    : [StreamAdapter]setStreamItems, size 2
11-02 19:51:13.431196  2520  6840 D HOME    : [ComplicationController]scheduleImmediateUpdateForAllFromProvider ComponentInfo{com.google.android.wearable.app/com.google.android.clockwork.wcs.notification.complication.TopNotificationProviderService}
11-02 19:51:13.454375  3316  3328 I .gms.persisten: Background concurrent copying GC freed 43525(2MB) AllocSpace objects, 4(224KB) LOS objects, 25% free, 7MB/9MB, paused 40.417ms total 360.914ms
11-02 19:51:13.547538   512   512 I sensors-hal: activate:107, android.sensor.light/46 en=0
11-02 19:51:13.550345   512   512 I sensors-hal: activate:118, android.sensor.light/46 en=0 completed
11-02 19:51:13.552669   512   512 I sensors-hal: batch:140, android.sensor.light/46, period=250000000, max_latency=0
11-02 19:51:13.552778   512   512 I sensors-hal: batch:149, android.sensor.light/46, period=250000000, max_latency=0 request completed
11-02 19:51:13.553749   512   512 I sensors-hal: activate:107, android.sensor.light/46 en=1
11-02 19:51:13.554115   512   512 I sensors-hal: ssc_enable_rt_task:254, ssc_enable_rt_task : true
11-02 19:51:13.557660   512   512 I sensors-hal: activate:118, android.sensor.light/46 en=1 completed
11-02 19:51:13.561916  1686  1696 I system_server: Background concurrent copying GC freed 30894(1708KB) AllocSpace objects, 22(792KB) LOS objects, 19% free, 9MB/12MB, paused 6.105ms total 288.838ms
11-02 19:51:13.593634   512  7009 I sensors-hal: handle_indication_realtime:355,  SCHED_FIFO(10) for qmi_cbk
11-02 19:51:13.741234  1686  2896 D WificondControl: Scan result ready event
11-02 19:51:13.763996  1686  1800 D WificondScannerImpl: Filtering out 1 scan results.
11-02 19:51:15.164272   512   512 I sensors-hal: batch:140, android.sensor.accelerometer/48, period=66667000, max_latency=100000000
11-02 19:51:15.167132   512   512 I sensors-hal: batch:149, android.sensor.accelerometer/48, period=66667000, max_latency=100000000 request completed
11-02 19:51:15.168507  1686  1686 D DefaultUngazeDetector: Ungaze event occurred; emitting gesture event!
11-02 19:51:15.168660  1686  1686 D WristGestureCtrl: Gesture:GESTURE UNGAZE, timestamp(ms): 10552519, confidence: 0.0, latency(ms): 0, duration(ms): 2079
11-02 19:51:15.172920   512   512 I sensors-hal: batch:140, android.sensor.accelerometer/48, period=19231000, max_latency=100000000
--------- switch to system
11-02 19:51:15.173714  1686  1686 I WindowManager: sleepRelease() calling goToSleep(GO_TO_SLEEP_REASON_SLEEP_BUTTON)
11-02 19:51:15.174108  1686  1686 I PowerManagerService: Going to sleep due to sleep button (uid 1000)...
--------- switch to main
11-02 19:51:15.175119   512   512 I sensors-hal: batch:149, android.sensor.accelerometer/48, period=19231000, max_latency=100000000 request completed
--------- switch to system
11-02 19:51:15.175794  1686  1686 W UsageStatsService: Event reported without a package name
--------- switch to main
11-02 19:51:15.175930   512   512 I sensors-hal: flush:169, android.sensor.accelerometer/48
--------- switch to system
11-02 19:51:15.176762  1686  1712 I DreamManagerService: Entering dreamland.
11-02 19:51:15.177862  1686  1712 I PowerManagerService: Dozing...
--------- switch to main
11-02 19:51:15.179042   512   512 I sensors-hal: flush:175, android.sensor.accelerometer/48 completed
--------- switch to system
11-02 19:51:15.188598  1686  1708 I DreamController: Starting dream: name=ComponentInfo{com.google.android.wearable.ambient/com.google.android.wearable.ambient.AmbientDream}, isTest=false, canDoze=true, userId=0
11-02 19:51:15.206277  1686  1686 W ContextImpl: Calling a method in the system process without a qualified user: android.app.ContextImpl.bindService:1611 android.content.ContextWrapper.bindService:698 com.google.android.wearable.ambient.AmbientDream.onCreate:191 android.app.ActivityThread.handleCreateService:3533 android.app.ActivityThread.access$1300:200 
11-02 19:51:15.209437  1686  1686 W ContextImpl: Calling a method in the system process without a qualified user: android.app.ContextImpl.sendBroadcast:1005 android.content.ContextWrapper.sendBroadcast:444 com.google.android.wearable.ambient.AmbientDream.onCreate:241 android.app.ActivityThread.handleCreateService:3533 android.app.ActivityThread.access$1300:200 
11-02 19:51:15.210426  1686  1686 V DreamService[AmbientDream]: onBind() intent = Intent { act=android.service.dreams.DreamService flg=0x800000 cmp=com.google.android.wearable.ambient/.AmbientDream }
--------- switch to main
11-02 19:51:15.211296  1686  1686 I AmbientService: [ce6a28c] Ambient Created
--------- switch to system
11-02 19:51:15.212254  1686  1686 V DreamService[AmbientDream]: Calling onDreamingStarted()
--------- switch to main
11-02 19:51:15.212513  1686  1686 I AmbientService: [ce6a28c] doOnDreamingStarted
11-02 19:51:15.213229  1686  1686 D SidekickService: setShouldControlDisplay called: true
11-02 19:51:15.216352  1686  1686 I AmbientService: [ce6a28c] Selected running activity for ambient mode: AmbientActivity[component=ComponentInfo{com.google.android.wearable.app/com.google.android.clockwork.home2.activity.HomeActivity2}, callbacks=@210b385, running=true, ambientRequested=true, ambientEnabled=true, offloadEnabled=true]
11-02 19:51:15.217149  1686  1686 I AmbientService: [ce6a28c] Sidekick is ready to display, requesting doze.
11-02 19:51:15.218276  1686  1686 I AmbientService: [ce6a28c] No auto-resume Activity.
11-02 19:51:15.220523  1686  1686 W DefaultSettingsContentR: Value for ambient_low_bit_enabled not stored as number. Attempting parse as boolean.
11-02 19:51:15.223604  2520  2520 D HOME    : [HomeVisitsLogger]Logging streamlet event: enter_ambient_mode
11-02 19:51:15.223728  1686  1686 I AmbientService: [ce6a28c] Showing watch face in offload mode, canceling alarm.
11-02 19:51:15.223783  1686  1686 W AlarmManagerProxy: Removing unknown listener
11-02 19:51:15.223871  1686  1686 D WristGestureCtrl: Stopping detectors: GesturesEnabled-false gestureDetector-false ungazeEnabled-true ungaze-true
11-02 19:51:15.223908  1686  1686 D DefaultUngazeDetector: stopping
11-02 19:51:15.224239  2520  2520 D HOME    : [HotwordController]updateClient MODE_WATCH_FACE false true false true
11-02 19:51:15.224235  2520  6840 D HOME    : [HomeVisitsLogger]Logging streamlet event: visit_end
11-02 19:51:15.225319  2520  2520 D HOME    : [WatchFaceUiController]setInAmbientMode true
11-02 19:51:15.227436  2520  6840 I SidekickManager: replaceWatchFaceComponentsImpl(): watchFace = com.google.android.clockwork.decomposablewatchface.WatchFaceDecomposition@e201721
11-02 19:51:15.228311   512   512 I sensors-hal: batch:140, android.sensor.accelerometer/48, period=66667000, max_latency=100000000
11-02 19:51:15.229208  2520  2520 D HOME    : [StreamDBQueue]Promised revision #1210 to queue a new op
11-02 19:51:15.229204  1686  3998 D SidekickService: sendWatchFaceComponents called: watchFace = com.google.android.clockwork.decomposablewatchface.WatchFaceDecomposition@1053f83shouldReplace = false
11-02 19:51:15.229437  1686  3998 D SidekickService: Check decomposition for calling app com.google.android.wearable.app with uid 10049
11-02 19:51:15.229452  2520  2520 D WatchStreamManager: Promised rank-blocked=false @ r#1210
11-02 19:51:15.229922  1686  3998 D SidekickService: sendWatchFaceLocked(): shouldReplace = false, mSidekickIsControlling = false, 1 images, 0 fonts, 0 numbers, 0 proportionalFonts, 0 strings
11-02 19:51:15.229995  2520  2520 D HOME    : [StreamDBQueue]Promised revision #1211 to queue a new op
11-02 19:51:15.230010  1686  3998 D SidekickService: ISidekickGraphics#beginResources()...
11-02 19:51:15.230159  2520  2520 D WatchStreamManager: Promised rank-blocked=false @ r#1211
11-02 19:51:15.230703  2520  6159 D HOME    : [StreamDBQueue]Promised revision #1212 to queue a new op
11-02 19:51:15.230849  2520  6159 D WatchStreamManager: Promised rerank @ r#1212
11-02 19:51:15.230862   512   512 I sensors-hal: batch:149, android.sensor.accelerometer/48, period=66667000, max_latency=100000000 request completed
11-02 19:51:15.232094  2520  6932 D HOME    : [WatchStreamDB]Item alerting conditions - isInterruptive: true, recentlyInterrupted: false, isItemPinned: true, isUnread: false
11-02 19:51:15.232406  2520  6932 D HOME    : [StreamAlertingRegulator]isTheaterModeEnabled: false, isAlertingAllowedByOffBody: true, matchesLocalInterruptionFilter: true
11-02 19:51:15.232644  2520  6932 D HOME    : [WatchStreamDB]couldItemAlert: false, isTopItemChanged: false, isDeferralForTopItem: false
11-02 19:51:15.233485  2520  6932 D HOME    : [WatchStreamDB]Item alerting conditions - isInterruptive: true, recentlyInterrupted: false, isItemPinned: true, isUnread: false
11-02 19:51:15.233770  2520  6932 D HOME    : [StreamAlertingRegulator]isTheaterModeEnabled: false, isAlertingAllowedByOffBody: true, matchesLocalInterruptionFilter: true
11-02 19:51:15.234066  2520  6932 D HOME    : [WatchStreamDB]couldItemAlert: false, isTopItemChanged: false, isDeferralForTopItem: false
11-02 19:51:15.234756  2520  6932 D HOME    : [WatchStreamDB]updateRanking()
11-02 19:51:15.239808  2520  2520 D HOME    : [EventBus]Wrapper pool is full. Discarding excess wrapper instance for event com.google.android.clockwork.sysui.events.KeyguardStateEvent
11-02 19:51:15.239822  2520  6932 D HOME    : [WatchStreamDB]Item alerting conditions - isInterruptive: true, recentlyInterrupted: false, isItemPinned: true, isUnread: false
11-02 19:51:15.239947  2520  2520 D HOME    : [WatchFaceUiController]sendStateToWallpaper
11-02 19:51:15.240212  2520  6932 D HOME    : [StreamAlertingRegulator]isTheaterModeEnabled: false, isAlertingAllowedByOffBody: true, matchesLocalInterruptionFilter: true
11-02 19:51:15.243159  2520  2520 D HOME    : [EventBus]Wrapper pool is full. Discarding excess wrapper instance for event com.google.android.clockwork.sysui.events.KeyguardStateEvent
11-02 19:51:15.243125  2520  6932 D HOME    : [WatchStreamDB]couldItemAlert: false, isTopItemChanged: false, isDeferralForTopItem: false
11-02 19:51:15.243762  2520  2520 D HOME    : [EventBus]Wrapper pool is full. Discarding excess wrapper instance for event com.google.android.clockwork.sysui.events.KeyguardStateEvent
11-02 19:51:15.246885  1686  3998 D SidekickServiceUtils: bitmapFromDrawable: Returning bitmap directly
11-02 19:51:15.250801  2520  2520 W StaticLayout: maxLineHeight should not be -1.  maxLines:1 lineCount:1
11-02 19:51:15.251351  2520  6932 D HOME    : [NewStreamAdapter]Publishing revision #1212 to adapter clients
11-02 19:51:15.252886  2520  6159 D HOME    : [StreamDBQueue]Promised revision #1213 to queue a new op
11-02 19:51:15.253303  2520  6159 D WatchStreamManager: Promised rerank @ r#1213
11-02 19:51:15.254782  2520  6572 D HOME    : [WatchStreamDB]updateRanking()
11-02 19:51:15.254908  1686  3998 D SidekickService: sendBitmapsLocked(): bounds = RectF(0.0, 0.0, 0.0024038462, 0.0024038462), drawableInfo = {.id = 100000, .width = 1, .height = 1, .display = true, .offsetX = 0.0, .offsetY = 0.0, .rotationInfo = {.hasRotation = false, .pivotX = 0.0, .pivotY = 0.0, .degreesPerDay = 0.0, .degreesPerStep = 0.0, .zeroDegreesTime = {.daysSinceLocalEpoch = 0, .msSinceMidnight = 0}}, .transformInfo = {.transformed = false, .flipX = false, .flipY = false, .flip45 = false, .scaleX = 0.0, .scaleY = 0.0}, .type = GENERIC, .blink = {.blinking = false, .periodOnMs = 0.0, .periodOffMs = 0.0, .startTime = {.daysSinceLocalEpoch = 0, .msSinceMidnight = 0}}, .zOrder = 8, .displayInTwm = true}, image.size() = 84
11-02 19:51:15.255931  2520  6572 D HOME    : [WatchStreamDB]Item alerting conditions - isInterruptive: true, recentlyInterrupted: false, isItemPinned: true, isUnread: false
11-02 19:51:15.256376  2520  6572 D HOME    : [StreamAlertingRegulator]isTheaterModeEnabled: false, isAlertingAllowedByOffBody: true, matchesLocalInterruptionFilter: true
11-02 19:51:15.256699  2520  6572 D HOME    : [WatchStreamDB]couldItemAlert: false, isTopItemChanged: false, isDeferralForTopItem: false
11-02 19:51:15.257036   416   416 D SKGHAL  : saveResource: resId = 100000
11-02 19:51:15.258788  1686  3998 D SidekickService: sendBitmapsLocked(): status = 0, bytesUsed = 18
11-02 19:51:15.259041  1686  3998 D SidekickService: ISidekickGraphics#endResources()...
11-02 19:51:15.260486  2520  6572 D HOME    : [NewStreamAdapter]Publishing revision #1213 to adapter clients
11-02 19:51:15.268157   545   687 W SurfaceFlinger: Attempting to destroy on removed layer: 24cbe07 OobeOverlayHint#0
11-02 19:51:15.548305   416   416 D SKGHAL  : sendResources: metadata size = 2400, font size = 72
11-02 19:51:15.618887   416   416 D SKGHAL  : endResources: rc = 0
11-02 19:51:15.620478  1686  1686 W system_server: Long monitor contention with owner Binder:1686_15 (3998) at int com.google.android.clockwork.sidekick.SidekickService$BinderService.sendWatchFace(com.google.android.clockwork.decomposablewatchface.WatchFaceDecomposition, boolean)(SidekickService.java:1021) waiters=0 in boolean com.google.android.clockwork.sidekick.SidekickService$BinderService.readyToDisplay() for 373ms
11-02 19:51:15.621908  2520  2520 D HOME    : [SidekickManagerAsync]replaceWatchFaceComponents(): Callback#onResult(): 0
11-02 19:51:15.622521  2520  2520 D HOME    : [WatchFaceUiController]Complication updates sent, posting watch face hiding
11-02 19:51:15.622682  2520  2520 D HOME    : [WatchFaceUiController]Still in ambient watch face, hiding
11-02 19:51:15.622777  2520  2520 D HOME    : [WatchFaceUiController]Hiding watch face wallpaper.
--------- switch to system
11-02 19:51:15.622770  1686  1686 W Looper  : Slow dispatch took 377ms main h=android.os.Handler c=com.google.android.wearable.ambient.AmbientDream$Callbacks$1@e1df139 m=0
11-02 19:51:15.627686  1686  1686 W Looper  : Slow delivery took 366ms main h=com.android.server.notification.NotificationManagerService$WorkerHandler c=com.android.server.notification.NotificationManagerService$14@95250df m=0
--------- switch to kernel
11-02 19:51:15.634926     0     0 E FG      : fg_psy_get_property: unsupported property 7
11-02 19:51:15.637432     0     0 W healthd : battery l=66 v=3954 t=31.0 h=2 st=3 c=125 fc=443000 cc=0 chg=
--------- switch to main
11-02 19:51:15.676661   512   512 I sensors-hal: activate:107, android.sensor.light/46 en=0
11-02 19:51:15.678103   512   512 I sensors-hal: activate:118, android.sensor.light/46 en=0 completed
--------- switch to system
11-02 19:51:15.687217  1686  1710 I DisplayManagerService: Display device changed state: "Écran intégré", DOZE_SUSPEND
--------- switch to main
11-02 19:51:15.688098   545   545 D SurfaceFlinger: Set power mode=3, type=0 flinger=0xb6bb6000
11-02 19:51:15.689493   504   762 I SDM     : DisplayBase::SetDisplayState: Set state = 3, display 0
--------- switch to system
11-02 19:51:15.708554  1686  1686 W Looper  : Drained
--------- switch to main
11-02 19:51:15.714126  2520  2520 D HOME    : [StreamBackendInit]NotificationService onNotificationRemoved StatusBarNotification(pkg=android user=UserHandle{0} id=0 tag=com.android.server.wm.AlertWindowNotification - com.google.android.wearable.app key=0|android|0|com.android.server.wm.AlertWindowNotification - com.google.android.wearable.app|1000: Notification(channel=com.android.server.wm.AlertWindowNotification - com.google.android.wearable.app pri=0 contentView=null vibrate=null sound=null defaults=0x0 flags=0x102 color=0xff607d8b vis=PRIVATE))
--------- switch to kernel
11-02 19:51:15.657045     0     0 I mdss_dsi_panel_set_idle_mode: Idle (0->1)
--------- switch to main
11-02 19:51:15.715169  2520  2716 D CollectorHandler: handleMessage, event: ON_NOTIFICATION_REMOVED
--------- switch to kernel
11-02 19:51:15.683686     0     0 I         : [touch]FB_BLANK_VSYNC_SUSPEND
11-02 19:51:15.683708     0     0 I         : [touch]irq disable
11-02 19:51:15.683720     0     0 I         : [touch]workqueue is empty!
11-02 19:51:15.683733     0     0 I         : [touch]raydium_ts_do_suspend.
11-02 19:51:15.683766     0     0 I         : [touch]Device may wakeup
11-02 19:51:15.686302     0     0 I         : [touch]irq enable
--------- switch to main
11-02 19:51:15.720069   545   545 D SurfaceFlinger: Finished set power mode=3, type=0
11-02 19:51:15.724079  1686  1823 I SidekickService: beginDisplayLocked(): DOZE_SUSPEND
11-02 19:51:15.726318   416   416 D SKGHAL  : sendAmbientPrepare: enter:
11-02 19:51:15.728052  2520  2520 D HOME    : [BatteryChange]action: android.intent.action.BATTERY_CHANGED
11-02 19:51:15.729725  2520  6840 D HOME    : [BatteryChange]HandleBatteryChangedTask
11-02 19:51:15.731361  2520  6840 D HOME    : [BatteryChange]level: 66, status: 3
11-02 19:51:15.734534  1956  1956 D QtiCarrierConfigHelper: WARNING, no carrier configs on phone Id: 0
11-02 19:51:15.746531  2520  2716 D HOME    : [StreamDBQueue]Promised revision #1214 to queue a new op
11-02 19:51:15.748002  2520  2716 D HOME    : [WatchStreamManager]Promised remove @ r#1214 for StreamItemIdAndRevision{notifKey=0|android|0|com.android.server.wm.AlertWindowNotification - com.google.android.wearable.app|1000, packageName=android, tag=com.android.server.wm.AlertWindowNotification - com.google.android.wearable.app, id=0, revision=0, originalRevision=0, updateCount=0} (@1213): SBN removed: StreamItemIdAndRevision{notifKey=0|android|0|com.android.server.wm.AlertWindowNotification - com.google.android.wearable.app|1000, packageName=android, tag=com.android.server.wm.AlertWindowNotification - com.google.android.wearable.app, id=0, revision=0, originalRevision=0, updateCount=0}
11-02 19:51:15.748602  1686  1759 I InputReader: Reconfiguring input devices.  changes=0x00000004
11-02 19:51:15.754128  2520  6840 D StreamDatabase: remove. itemId: StreamItemIdAndRevision{notifKey=0|android|0|com.android.server.wm.AlertWindowNotification - com.google.android.wearable.app|1000, packageName=android, tag=com.android.server.wm.AlertWindowNotification - com.google.android.wearable.app, id=0, revision=1209, originalRevision=1209, updateCount=0}
11-02 19:51:15.755108  2520  6840 D HOME    : [WatchStreamDB]Item alerting conditions - isInterruptive: true, recentlyInterrupted: false, isItemPinned: true, isUnread: false
11-02 19:51:15.756087  2520  6840 D HOME    : [StreamAlertingRegulator]isTheaterModeEnabled: false, isAlertingAllowedByOffBody: true, matchesLocalInterruptionFilter: true
11-02 19:51:15.756994  2520  6840 D HOME    : [WatchStreamDB]couldItemAlert: false, isTopItemChanged: false, isDeferralForTopItem: false
11-02 19:51:15.758216  2520  6840 D HOME    : [StreamAdapter]onStreamChange StreamChangeEvent[modified=0, removed=1, modifiedTop=0, removedTop=0, reorder=false, possibleAlertingItem=none]
11-02 19:51:15.758902  2520  6840 D HOME    : [StreamAdapter]onStreamChange StreamChangeEvent[modified=0, removed=1, modifiedTop=0, removedTop=0, reorder=false, possibleAlertingItem=none]
11-02 19:51:15.759651  2520  2520 D HOME    : [TopNotificationReceiver]Sending request to TopNotificationProviderService for complication update
11-02 19:51:15.759835  2520  6840 D HOME    : [NewStreamAdapter]Publishing revision #1214 to adapter clients
11-02 19:51:15.762579  2520  2520 D HOME    : [StreamAdapter]setStreamItems, size 1
11-02 19:51:15.763123  2520  2520 D HOME    : [StreamAdapter]setStreamItems, size 2
11-02 19:51:15.765041  2520  6840 D HOME    : [ComplicationController]scheduleImmediateUpdateForAllFromProvider ComponentInfo{com.google.android.wearable.app/com.google.android.clockwork.wcs.notification.complication.TopNotificationProviderService}
11-02 19:51:15.869152   416   416 D SKGHAL  : sendAmbientEvent: enter: enable = 1
11-02 19:51:15.870990   504   523 I SDM     : DisplayBase::SetDisplayState: Set state = 4, display 0
11-02 19:51:15.871157   504   523 D SDM     : HWCDisplayPrimary::SetStandByMode: Null display is connected successfully
11-02 19:51:15.871469   416   416 D SKGHAL  : standBy_update_control call succeed on 1
11-02 19:51:15.897304   416   416 D SKGHAL  : sendAmbientEvent: done: enable = 1
11-02 19:51:15.898118  1686  1823 D SidekickService:    ... beginDisplay result: 0 for halPower: 1
11-02 19:51:15.904599   512   512 I sensors-hal: activate:107, android.sensor.accelerometer/48 en=0
11-02 19:51:15.907335   512   512 I sensors-hal: activate:118, android.sensor.accelerometer/48 en=0 completed
--------- switch to kernel
11-02 19:51:15.879488     0     0 E bgrsb   : bgrsb_enable: gpio 32 is valid
--------- switch to main
11-02 19:51:15.942358  1686  1686 I WearPower: [WearTouchMediator] changing touch input to enabled (ON_AUTO)
11-02 19:51:15.944234  1686  1759 I InputReader: Reconfiguring input devices.  changes=0x00000200
11-02 19:51:15.953522  1686  1686 I AmbientService: [ce6a28c] Timeout alarm not required, auto-resume timeout handled by dream.
--------- switch to kernel
11-02 19:51:15.914929     0     0 I init    : processing action (ro.enable_core_ctl=true && sys.cw_corectl_mode=idle) from (/vendor/etc/init/hw/init.qcom.rc:949)
--------- switch to main
11-02 19:51:15.972582  3205  3434 W WorkController: Loading failed for worker [trainingcache]: worker not found
11-02 19:51:15.979833  3205  3294 W A       : TrainingCache cache SCREEN_OFF failure
11-02 19:51:15.979833  3205  3294 W A       : com.google.android.apps.gsa.search.core.service.h.a.a: No worker found for Worker ID [trainingcache].
11-02 19:51:15.979833  3205  3294 W A       : 	at com.google.android.apps.gsa.search.core.service.g.a.c.a(Unknown Source:5)
11-02 19:51:15.979833  3205  3294 W A       : 	at com.google.android.libraries.gsa.c.a.d.a(Unknown Source:3)
11-02 19:51:15.979833  3205  3294 W A       : 	at com.google.common.p.a.cg.c(Unknown Source:2)
11-02 19:51:15.979833  3205  3294 W A       : 	at com.google.common.p.a.bk.run(SourceFile:3)
11-02 19:51:15.979833  3205  3294 W A       : 	at com.google.common.p.a.ci.run(Unknown Source:4)
11-02 19:51:15.979833  3205  3294 W A       : 	at com.google.apps.tiktok.concurrent.ab.run(SourceFile:1)
11-02 19:51:15.979833  3205  3294 W A       : 	at java.util.concurrent.ThreadPoolExecutor.runWorker(ThreadPoolExecutor.java:1167)
11-02 19:51:15.979833  3205  3294 W A       : 	at java.util.concurrent.ThreadPoolExecutor$Worker.run(ThreadPoolExecutor.java:641)
11-02 19:51:15.979833  3205  3294 W A       : 	at com.google.apps.tiktok.concurrent.c.run(Unknown Source:4)
11-02 19:51:15.979833  3205  3294 W A       : 	at java.lang.Thread.run(Thread.java:764)
--------- switch to system
11-02 19:51:15.982216   618   618 W wificond: Skip match ssid for pno scan: Samsung Ingrid, Wifirst Les Valmonts, Pauline, HUAWEI-F3EF, PUBLIC WIFI Groupe Televerbier, TMR_PUBLIC_WIFI, SFR_1AE0, BINLAR_2.4G, Sira-WiFi, iPhone S, Siam Garden Cooking School, .@AirportAISFreeWiFi, iPhone de Ameulie, Paulo's iPhone, Beach  Park Hostel & Tree Bar, The Big_Easy, AndroidAPEC14, _VINCI Airports wifi, Yolo Hostel, .@AirportDTACFreeWiFi,    .@ TRUEWIFI, .@ AIS SUPER WiFi, .@AirportTrueFreeWiFi,     King Power,  Free Airport-Google WiFi by CAT, BangkokAirways, UPC5616060, ColocMegy, jcmjsm, iPhone Consti, ASGARD, FMEL, Florence 2.4Ghz, BENJI, IBIS_STYLES_NANTES_CENTRE_GARE_N, LACENNE , Jack's iPhone, Salt_2GHz_28C9D0, Salt_5GHz_28C9D0, Yah Hallo, ASGARD-24G, Livebox-22B4, LeBOen, App_111, Michaud1936, _VT21-VISITORS_, Sebi, RAFA 5, Verkehrshaus, iPhone, MONZOON, igluna-public, kepler, _WIFI_LYRIA, HUAWEI-C452, Vodafone-A54562143, WiFiFrecce, OSoleMioWifi, VodafoneDepretis19, SanLorenzo, Live Hotels Guest, Franci , iPhone de Soline, viktoria_intern, UPC7759032, Vod
--------- switch to main
11-02 19:51:16.012105  2520  2520 D HOME    : [StreamDBQueue]Promised revision #1215 to queue a new op
11-02 19:51:16.012770  2520  2520 D WatchStreamManager: Promised rank-blocked=false @ r#1215
11-02 19:51:16.013210  2520  2520 D HOME    : [CompactHunStarter]detachWindow()
11-02 19:51:16.014290  2520  6159 D HOME    : [StreamDBQueue]Promised revision #1216 to queue a new op
11-02 19:51:16.014721  2520  6159 D WatchStreamManager: Promised rerank @ r#1216
11-02 19:51:16.017946  2520  6840 D HOME    : [WatchStreamDB]Item alerting conditions - isInterruptive: true, recentlyInterrupted: false, isItemPinned: true, isUnread: false
11-02 19:51:16.018686  2520  6840 D HOME    : [StreamAlertingRegulator]isTheaterModeEnabled: false, isAlertingAllowedByOffBody: true, matchesLocalInterruptionFilter: true
11-02 19:51:16.019547  2520  6840 D HOME    : [WatchStreamDB]couldItemAlert: false, isTopItemChanged: false, isDeferralForTopItem: false
11-02 19:51:16.021911  2520  6840 D HOME    : [WatchStreamDB]updateRanking()
11-02 19:51:16.022581  2520  6840 D HOME    : [WatchStreamDB]Item alerting conditions - isInterruptive: true, recentlyInterrupted: false, isItemPinned: true, isUnread: false
--------- switch to kernel
11-02 19:51:15.972920     0     0 I CPU0    : update max cpu_capacity 748
--------- switch to main
11-02 19:51:16.022872  2520  6840 D HOME    : [StreamAlertingRegulator]isTheaterModeEnabled: false, isAlertingAllowedByOffBody: true, matchesLocalInterruptionFilter: true
11-02 19:51:16.023098  2520  6840 D HOME    : [WatchStreamDB]couldItemAlert: false, isTopItemChanged: false, isDeferralForTopItem: false
--------- switch to kernel
11-02 19:51:15.978515     0     0 I CPU3    : update max cpu_capacity 1024
--------- switch to main
11-02 19:51:16.023744  2520  6840 D HOME    : [NewStreamAdapter]Publishing revision #1216 to adapter clients
--------- switch to kernel
11-02 19:51:16.021484     0     0 I PM      : suspend entry 2021-11-02 18:51:16.021484164 UTC
--------- switch to system
11-02 19:51:16.030805   618   618 I wificond: Pno scan started
--------- switch to kernel
11-02 19:51:16.021494     0     0 I PM      : Syncing filesystems ...
11-02 19:51:16.037860     0     0 I CPU2    : shutdown
11-02 19:51:16.040220     0     0 I init    : Command 'write /sys/devices/system/cpu/cpu2/online 0' action=ro.enable_core_ctl=true && sys.cw_corectl_mode=idle (/vendor/etc/init/hw/init.qcom.rc:951) took 92ms and succeeded
11-02 19:51:16.101614     0     0 I         : done.
11-02 19:51:16.106460     0     0 I CPU0    : update max cpu_capacity 748
11-02 19:51:16.139050     0     0 I CPU3    : shutdown
11-02 19:51:16.140975     0     0 I         : Freezing user space processes ...
11-02 19:51:16.147007     0     0 I PM      : Wakeup pending, aborting suspend
11-02 19:51:16.147064     0     0 I         : active wakeup source: NETLINK
11-02 19:51:16.147117     0     0 E         : Freezing of tasks aborted after 0.006 seconds
11-02 19:51:16.147133     0     0 I         : Restarting tasks ...
11-02 19:51:16.147811     0     0 W QSEECOM : qseecom_receive_req: Interrupted: exiting Listener Service = 8192
11-02 19:51:16.147869     0     0 W QSEECOM : qseecom_receive_req: Interrupted: exiting Listener Service = 12288
11-02 19:51:16.152511     0     0 W QSEECOM : qseecom_receive_req: Interrupted: exiting Listener Service = 11
11-02 19:51:16.152575     0     0 W QSEECOM : qseecom_receive_req: Interrupted: exiting Listener Service = 28672
11-02 19:51:16.153025     0     0 W QSEECOM : qseecom_receive_req: Interrupted: exiting Listener Service = 10
11-02 19:51:16.153676     0     0 I init    : Command 'write /sys/devices/system/cpu/cpu3/online 0' action=ro.enable_core_ctl=true && sys.cw_corectl_mode=idle (/vendor/etc/init/hw/init.qcom.rc:952) took 113ms and succeeded
11-02 19:51:16.153691     0     0 I         : done.
11-02 19:51:16.154445     0     0 I PM      : suspend exit 2021-11-02 18:51:16.154445727 UTC
11-02 19:51:16.356095     0     0 I PM      : suspend entry 2021-11-02 18:51:16.356095622 UTC
11-02 19:51:16.356118     0     0 I PM      : Syncing filesystems ... done.
11-02 19:51:16.396092     0     0 I         : Freezing user space processes ... (elapsed 0.009 seconds) done.
11-02 19:51:16.406065     0     0 I         : Freezing remaining freezable tasks ... (elapsed 0.005 seconds) done.
11-02 19:51:16.412095     0     0 I         : Suspending console(s) (use no_console_suspend to debug)
11-02 19:51:16.426916     0     0 I mdss_dsi_panel_set_idle_mode: Idle (1->1)
11-02 19:51:16.471151     0     0 I bgcom   : bgcom_pm_suspend: suspended with : 0
11-02 19:51:16.502719     0     0 I PM      : suspend of devices complete after 86.642 msecs
11-02 19:51:16.508624     0     0 I PM      : late suspend of devices complete after 5.860 msecs
11-02 19:51:16.514171     0     0 I PM      : noirq suspend of devices complete after 5.522 msecs
11-02 19:51:16.514185     0     0 I         : Disabling non-boot CPUs ...
11-02 19:51:16.528529     0     0 I CPU1    : shutdown
11-02 19:51:16.530928     0     0 I suspend ns: 1051502674531	suspend cycles:     202826215179
11-02 19:51:16.530908     0     0 I CPU0    : msm_cpu_pm_enter_sleep mode:3 during suspend
11-02 19:51:16.530908     0     0 I         : Suspended for 17.722 seconds
11-02 19:51:16.530908     0     0 I resume cycles: 203166497158
11-02 19:51:16.531479     0     0 I         : Enabling non-boot CPUs ...
11-02 19:51:16.532325     0     0 I CPU1    : update cpu_capacity 1024
11-02 19:51:16.533765     0     0 I         : CPU1 is up
11-02 19:51:16.535369     0     0 I CPU1    : update max cpu_capacity 748
11-02 19:51:16.537680     0     0 I PM      : noirq resume of devices complete after 3.570 msecs
11-02 19:51:16.542905     0     0 I PM      : early resume of devices complete after 3.753 msecs
11-02 19:51:16.572579     0     0 I bgcom   : bgcom_pm_resume: Bgcom resumed with : 0
11-02 19:51:16.582683     0     0 I mdss_dsi_panel_set_idle_mode: Idle (1->1)
11-02 19:51:16.619488     0     0 I PM      : resume of devices complete after 76.553 msecs
11-02 19:51:16.623354     0     0 I         : Restarting tasks ...
11-02 19:51:16.628914     0     0 W QSEECOM : qseecom_receive_req: Interrupted: exiting Listener Service = 8192
11-02 19:51:16.629022     0     0 W QSEECOM : qseecom_receive_req: Interrupted: exiting Listener Service = 12288
11-02 19:51:16.629067     0     0 W QSEECOM : qseecom_receive_req: Interrupted: exiting Listener Service = 11
11-02 19:51:16.629115     0     0 W QSEECOM : qseecom_receive_req: Interrupted: exiting Listener Service = 10
11-02 19:51:16.629158     0     0 W QSEECOM : qseecom_receive_req: Interrupted: exiting Listener Service = 28672
11-02 19:51:16.634930     0     0 I         : done.
11-02 19:51:34.359385     0     0 I PM      : suspend exit 2021-11-02 18:51:34.359385303 UTC
--------- switch to system
11-02 19:51:34.368713  1686  1686 I PowerManagerService: Waking up from dozing (uid=1000 reason=tiltToWake)...
11-02 19:51:34.375099  1686  1686 W UsageStatsService: Event reported without a package name
--------- switch to kernel
11-02 19:51:34.387058     0     0 E FG      : fg_psy_get_property: unsupported property 7
11-02 19:51:34.357498     0     0 W healthd : battery l=66 v=4014 t=31.0 h=2 st=3 c=7 fc=443000 cc=0 chg=
--------- switch to main
11-02 19:51:34.406519   512  1749 I sensors-hal: batch:140, android.sensor.light/46, period=100000000, max_latency=0
11-02 19:51:34.406568   512  1749 I sensors-hal: batch:149, android.sensor.light/46, period=100000000, max_latency=0 request completed
11-02 19:51:34.409059   512  1749 I sensors-hal: activate:107, android.sensor.light/46 en=1
11-02 19:51:34.409337   512  1749 I sensors-hal: ssc_enable_rt_task:254, ssc_enable_rt_task : true
11-02 19:51:34.411258   512  1749 I sensors-hal: activate:118, android.sensor.light/46 en=1 completed
11-02 19:51:34.412405  1686  1823 I SidekickService: endDisplayLocked()
--------- switch to system
11-02 19:51:34.412630  1686  1710 I DisplayManagerService: Display device changed state: "Écran intégré", ON
--------- switch to main
11-02 19:51:34.412762   416   416 D SKGHAL  : sendAmbientEvent: enter: enable = 0
11-02 19:51:34.424330  4243  4243 D OMService: onDisplayChanged: not dozing
11-02 19:51:34.427358   512  1749 I sensors-hal: batch:140, android.sensor.accelerometer/48, period=66667000, max_latency=100000000
11-02 19:51:34.427400   512  1749 I sensors-hal: batch:149, android.sensor.accelerometer/48, period=66667000, max_latency=100000000 request completed
11-02 19:51:34.428055   512  1749 I sensors-hal: activate:107, android.sensor.accelerometer/48 en=1
11-02 19:51:34.428424   512  1749 I sensors-hal: ssc_enable_rt_task:254, ssc_enable_rt_task : true
11-02 19:51:34.432808  1686  1759 I InputReader: Reconfiguring input devices.  changes=0x00000004
11-02 19:51:34.435736   512  1749 I sensors-hal: activate:118, android.sensor.accelerometer/48 en=1 completed
11-02 19:51:34.440249  1956  1956 D QtiCarrierConfigHelper: WARNING, no carrier configs on phone Id: 0
11-02 19:51:34.441233  2520  2520 D HOME    : [BatteryChange]action: android.intent.action.BATTERY_CHANGED
11-02 19:51:34.441615  2520  6159 D HOME    : [BatteryChange]HandleBatteryChangedTask
11-02 19:51:34.441946  2520  6159 D HOME    : [BatteryChange]level: 66, status: 3
--------- switch to system
11-02 19:51:34.452382  1686  1702 W BroadcastQueue: Background execution not allowed: receiving Intent { act=android.intent.action.USER_PRESENT flg=0x10 } to com.google.android.gms/.auth.setup.devicesignals.LockScreenReceiver
11-02 19:51:34.452762  1686  1702 W BroadcastQueue: Background execution not allowed: receiving Intent { act=android.intent.action.USER_PRESENT flg=0x10 } to com.google.android.gms/.chimera.GmsIntentOperationService$PersistentTrustedReceiver
--------- switch to main
11-02 19:51:34.456355  3205  3434 W WorkController: Loading failed for worker [trainingcache]: worker not found
11-02 19:51:34.458157  3205  3372 W A       : TrainingCache cache DEVICE_UNLOCKED failure
11-02 19:51:34.458157  3205  3372 W A       : com.google.android.apps.gsa.search.core.service.h.a.a: No worker found for Worker ID [trainingcache].
11-02 19:51:34.458157  3205  3372 W A       : 	at com.google.android.apps.gsa.search.core.service.g.a.c.a(Unknown Source:5)
11-02 19:51:34.458157  3205  3372 W A       : 	at com.google.android.libraries.gsa.c.a.d.a(Unknown Source:3)
11-02 19:51:34.458157  3205  3372 W A       : 	at com.google.common.p.a.cg.c(Unknown Source:2)
11-02 19:51:34.458157  3205  3372 W A       : 	at com.google.common.p.a.bk.run(SourceFile:3)
11-02 19:51:34.458157  3205  3372 W A       : 	at com.google.common.p.a.ci.run(Unknown Source:4)
11-02 19:51:34.458157  3205  3372 W A       : 	at com.google.apps.tiktok.concurrent.ab.run(SourceFile:1)
11-02 19:51:34.458157  3205  3372 W A       : 	at java.util.concurrent.ThreadPoolExecutor.runWorker(ThreadPoolExecutor.java:1167)
11-02 19:51:34.458157  3205  3372 W A       : 	at java.util.concurrent.ThreadPoolExecutor$Worker.run(ThreadPoolExecutor.java:641)
11-02 19:51:34.458157  3205  3372 W A       : 	at com.google.apps.tiktok.concurrent.c.run(Unknown Source:4)
11-02 19:51:34.458157  3205  3372 W A       : 	at java.lang.Thread.run(Thread.java:764)
--------- switch to kernel
11-02 19:51:34.433348     0     0 E bgrsb   : bgrsb_enable: rsb will set report rate
11-02 19:51:34.451104     0     0 E bgrsb   : bgrsb_enable: gpio 32 is valid
--------- switch to system
11-02 19:51:34.492072   618   618 I wificond: Pno scan stopped
--------- switch to main
11-02 19:51:34.508639  1686  1686 I WearPower: [WearTouchMediator] changing touch input to enabled (ON_AUTO)
11-02 19:51:34.510214  1686  1759 I InputReader: Reconfiguring input devices.  changes=0x00000200
--------- switch to kernel
11-02 19:51:34.479158     0     0 I init    : processing action (ro.enable_core_ctl=true && sys.cw_corectl_mode=perf) from (/vendor/etc/init/hw/init.qcom.rc:954)
11-02 19:51:34.480390     0     0 I CPU2    : update cpu_capacity 1024
--------- switch to main
11-02 19:51:34.518659  1686  1686 D WristGestureCtrl: Starting: GesturesEnabled-false UngazeEnabled-true
11-02 19:51:34.518782  1686  1686 D DefaultUngazeDetector: starting
11-02 19:51:34.518847  1686  1686 D DefaultUngazeDetector: startUngazeStateEstimation(). startTime = 10573948
11-02 19:51:34.519151  1686  1686 W AlarmManagerProxy: Removing unknown listener
11-02 19:51:34.519931   512  1749 I sensors-hal: batch:140, android.sensor.accelerometer/48, period=19231000, max_latency=100000000
11-02 19:51:34.520522  1686  1686 W DefaultSettingsContentR: Value for ambient_low_bit_enabled not stored as number. Attempting parse as boolean.
11-02 19:51:34.522182   512  1749 I sensors-hal: batch:149, android.sensor.accelerometer/48, period=19231000, max_latency=100000000 request completed
11-02 19:51:34.522520   512  1749 I sensors-hal: flush:169, android.sensor.accelerometer/48
11-02 19:51:34.524378   512  1749 I sensors-hal: flush:175, android.sensor.accelerometer/48 completed
11-02 19:51:34.529870   512  7013 I sensors-hal: handle_indication_realtime:355,  SCHED_FIFO(10) for qmi_cbk
11-02 19:51:34.535449  3205  3434 W WorkController: Loading failed for worker [trainingcache]: worker not found
11-02 19:51:34.535803   504   523 I SDM     : DisplayBase::SetDisplayState: Set state = 3, display 0
11-02 19:51:34.535948   504   523 D SDM     : HWCDisplayPrimary::SetStandByMode: Display is connected successfully
11-02 19:51:34.536371   416   416 D SKGHAL  : standBy_update_control call succeed on 0
11-02 19:51:34.536458   416   416 D SKGHAL  : sendAmbientEvent: done: enable = 0
11-02 19:51:34.536915  1686  1823 D SidekickService:    ... endDisplay returns void
11-02 19:51:34.537025  3205  3294 W A       : TrainingCache cache SCREEN_ON failure
11-02 19:51:34.537025  3205  3294 W A       : com.google.android.apps.gsa.search.core.service.h.a.a: No worker found for Worker ID [trainingcache].
11-02 19:51:34.537025  3205  3294 W A       : 	at com.google.android.apps.gsa.search.core.service.g.a.c.a(Unknown Source:5)
11-02 19:51:34.537025  3205  3294 W A       : 	at com.google.android.libraries.gsa.c.a.d.a(Unknown Source:3)
11-02 19:51:34.537025  3205  3294 W A       : 	at com.google.common.p.a.cg.c(Unknown Source:2)
11-02 19:51:34.537025  3205  3294 W A       : 	at com.google.common.p.a.bk.run(SourceFile:3)
11-02 19:51:34.537025  3205  3294 W A       : 	at com.google.common.p.a.ci.run(Unknown Source:4)
11-02 19:51:34.537025  3205  3294 W A       : 	at com.google.apps.tiktok.concurrent.ab.run(SourceFile:1)
11-02 19:51:34.537025  3205  3294 W A       : 	at java.util.concurrent.ThreadPoolExecutor.runWorker(ThreadPoolExecutor.java:1167)
11-02 19:51:34.537025  3205  3294 W A       : 	at java.util.concurrent.ThreadPoolExecutor$Worker.run(ThreadPoolExecutor.java:641)
11-02 19:51:34.537025  3205  3294 W A       : 	at com.google.apps.tiktok.concurrent.c.run(Unknown Source:4)
11-02 19:51:34.537025  3205  3294 W A       : 	at java.lang.Thread.run(Thread.java:764)
11-02 19:51:34.537428   545   545 D SurfaceFlinger: Set power mode=2, type=0 flinger=0xb6bb6000
--------- switch to kernel
11-02 19:51:34.502484     0     0 I CPU3    : update cpu_capacity 1024
11-02 19:51:34.502870     0     0 I         : [touch]FB_BLANK_VSYNC_SUSPEND
11-02 19:51:34.502874     0     0 I         : [touch]Already in suspend state
--------- switch to main
11-02 19:51:34.537682   504   761 I SDM     : DisplayBase::SetDisplayState: Set state = 1, display 0
11-02 19:51:34.546401   545   545 D SurfaceFlinger: Finished set power mode=2, type=0
--------- switch to kernel
11-02 19:51:34.508152     0     0 I CPU2    : update max cpu_capacity 1024
11-02 19:51:34.511746     0     0 I mdss_dsi_panel_set_idle_mode: Idle (1->0)
11-02 19:51:34.512477     0     0 E mdp3_enable_panic_ctrl: mdp3_enable_panic_ctrl: Enable Panic Control
11-02 19:51:34.512540     0     0 I         : [touch]FB_BLANK_UNBLANK
11-02 19:51:34.512545     0     0 I         : [touch]raydium_ts_do_resume, 1.
11-02 19:51:34.512807     0     0 I         : [ raydium ]workqueue is empty!
11-02 19:51:34.512818     0     0 I raydium_ts 5-0039: [touch]Already enable irq
11-02 19:51:34.512820     0     0 I         : [touch]Device may wakeup
--------- switch to system
11-02 19:51:34.548889  1686  1712 W PowerManagerService: Screen on took 306 ms
11-02 19:51:34.549161  1686  1712 I DreamManagerService: Gently waking up from dream.
11-02 19:51:34.550431  1686  1708 I DreamManagerService: Performing gentle wake from dream.
11-02 19:51:34.550725  1686  1686 V DreamService[AmbientDream]: wakeUp(): fromSystem=true, mWaking=false, mFinished=false
11-02 19:51:34.550807  1686  1686 V DreamService[AmbientDream]: finish(): mFinished=false
11-02 19:51:34.550874  1686  1686 I DreamManagerService: Leaving dreamland.
11-02 19:51:34.551332  1686  1708 I DreamManagerService: Performing gentle wake from dream.
11-02 19:51:34.551437  1686  1708 I DreamController: Stopping dream: name=ComponentInfo{com.google.android.wearable.ambient/com.google.android.wearable.ambient.AmbientDream}, isTest=false, canDoze=true, userId=0
--------- switch to main
11-02 19:51:34.554250  1686  1686 W AlarmManager: Unrecognized alarm listener com.android.server.job.controllers.-$$Lambda$IdleController$IdlenessTracker$nTdS-lGBXcES5VWKcJFmQFgU7IU@1ab437a
--------- switch to system
11-02 19:51:34.555725  1686  1686 V DreamService[AmbientDream]: detach(): Calling onDreamingStopped()
--------- switch to main
11-02 19:51:34.555914  1686  1686 I AmbientService: [ce6a28c] doOnDreamingStopped
11-02 19:51:34.555980  1686  1686 W AlarmManagerProxy: Removing unknown listener
11-02 19:51:34.561873  2520  2520 D HOME    : [HomeVisitsLogger]Logging streamlet event: visit_start
11-02 19:51:34.562133  2520  2520 D HOME    : [HomeVisitsLogger]Logging streamlet event: exit_ambient_mode
11-02 19:51:34.562497  2520  2520 D HOME    : [HotwordController]updateClient MODE_WATCH_FACE false false false true
11-02 19:51:34.563226  2520  2520 D HOME    : [WatchFaceUiController]setInAmbientMode false
11-02 19:51:34.563297  2520  2520 D HOME    : [WatchFaceUiController]sendWatchFaceServiceBinder
11-02 19:51:34.566937  1686  1686 I AmbientService: [ce6a28c] No auto-resume Activity.
11-02 19:51:34.567099  2520  2520 D HOME    : [WatchFaceUiController]sendStateToWallpaper
11-02 19:51:34.568395  2520  2520 D HOME    : [WatchFaceUiController]Showing watch face wallpaper.
11-02 19:51:34.568588  2520  2520 D HOME    : [WatchFaceUiController]sendStateToWallpaper
--------- switch to system
11-02 19:51:34.573510  1686  1686 W ContextImpl: Calling a method in the system process without a qualified user: android.app.ContextImpl.sendBroadcast:1020 android.content.ContextWrapper.sendBroadcast:449 com.google.android.wearable.ambient.AmbientDream.onDestroy:273 android.app.ActivityThread.handleStopService:3698 android.app.ActivityThread.access$1700:200 
--------- switch to main
11-02 19:51:34.574023  1686  1686 E AlarmManager: cancel() called with a null PendingIntent
--------- switch to system
11-02 19:51:34.574348  1686  1686 V DreamService[AmbientDream]: onDestroy()
--------- switch to kernel
11-02 19:51:34.535911    19    19 E         : [19:51:34.568942] [0000002F4E07019D] [VosRX]  wlan: [E :WDI] WDTS_RxPacketDump RX Data frame is UC
11-02 19:51:34.535940    19    19 E         : [19:51:34.568981] [0000002F4E070458] [VosRX]  wlan: [E :WDI] WDTS_RxPacketDump: Management subtype:5 SA:b6:11:b9:83:77:1e DA:00:0a:f5:f2:a2:70
11-02 19:51:34.545405     0     0 I CPU2    : update max cpu_capacity 1024
--------- switch to main
11-02 19:51:34.588650  2520  2520 D HOME    : [StreamDBQueue]Promised revision #1217 to queue a new op
11-02 19:51:34.588928  2520  2520 D WatchStreamManager: Promised rank-blocked=true @ r#1217
11-02 19:51:34.589379  2520  6159 D HOME    : [WatchStreamDB]Item alerting conditions - isInterruptive: true, recentlyInterrupted: false, isItemPinned: true, isUnread: false
11-02 19:51:34.589368  2520  2520 D HOME    : [StreamDBQueue]Promised revision #1218 to queue a new op
11-02 19:51:34.589517  2520  2520 D WatchStreamManager: Promised rank-blocked=true @ r#1218
11-02 19:51:34.589718  2520  6159 D HOME    : [StreamAlertingRegulator]isTheaterModeEnabled: false, isAlertingAllowedByOffBody: true, matchesLocalInterruptionFilter: true
11-02 19:51:34.589956  2520  6159 D HOME    : [WatchStreamDB]couldItemAlert: false, isTopItemChanged: false, isDeferralForTopItem: false
11-02 19:51:34.590052  2520  2520 D HOME    : [TilesController]Tile refresh optimization is enabled.
11-02 19:51:34.590378  2520  2520 D HOME    : [EventBus]Wrapper pool is full. Discarding excess wrapper instance for event com.google.android.clockwork.sysui.events.KeyguardStateEvent
11-02 19:51:34.590487  2520  2520 D HOME    : [WatchFaceUiController]sendStateToWallpaper
