11-03 20:41:18.447365     0     0 I         : Disabling non-boot CPUs ...
11-03 20:41:18.468290     0     0 I CPU1    : shutdown
11-03 20:41:18.470196     0     0 I suspend ns: 505086191603	suspend cycles:      11348766688
11-03 20:41:18.470178     0     0 I CPU0    : msm_cpu_pm_enter_sleep mode:3 during suspend
11-03 20:41:18.470178     0     0 I         : Suspended for 0.465 seconds
11-03 20:41:18.470178     0     0 I resume cycles: 11357706719
11-03 20:41:18.470431     0     0 I         : Enabling non-boot CPUs ...
11-03 20:41:18.471237     0     0 I CPU1    : update cpu_capacity 1024
11-03 20:41:18.472643     0     0 I         : CPU1 is up
11-03 20:41:18.475146     0     0 I CPU1    : update max cpu_capacity 1024
11-03 20:41:18.476444     0     0 I PM      : noirq resume of devices complete after 3.488 msecs
11-03 20:41:18.481977     0     0 I PM      : early resume of devices complete after 4.060 msecs
11-03 20:41:18.483473    20    20 E         : [20:41:18.949100] [00000002A4FCBDB7] [VosRX]  wlan: [E :WDI] WDTS_RxPacketDump RX Data frame is UC
11-03 20:41:18.483494    20    20 E         : [20:41:18.949131] [00000002A4FCBFED] [VosRX]  wlan: [E :WDI] WDTS_RxPacketDump: Data subtype:8 SA:44:fe:3b:41:13:4b DA:00:0a:f5:f2:a2:70
11-03 20:41:18.483589    20    20 E         : [20:41:18.949226] [00000002A4FCC71C] [VosRX]  wlan: [E :HDD] hdd_log_ip_addr: src addr 192:168:1:3
11-03 20:41:18.483601    20    20 E         : [20:41:18.949240] [00000002A4FCC824] [VosRX]  wlan: [E :HDD] hdd_log_ip_addr: dst addr 192:168:1:14
11-03 20:41:18.511085     0     0 I bgcom   : bgcom_pm_resume: Bgcom resumed with : 0
11-03 20:41:18.522656     0     0 I mdss_dsi_panel_set_idle_mode: Idle (1->1)
11-03 20:41:18.559640     0     0 I PM      : resume of devices complete after 77.636 msecs
11-03 20:41:18.562278     0     0 I         : Restarting tasks ...
11-03 20:41:18.564883     0     0 W QSEECOM : qseecom_receive_req: Interrupted: exiting Listener Service = 12288
11-03 20:41:18.564946     0     0 W QSEECOM : qseecom_receive_req: Interrupted: exiting Listener Service = 11
11-03 20:41:18.567969     0     0 W QSEECOM : qseecom_receive_req: Interrupted: exiting Listener Service = 8192
11-03 20:41:18.568022     0     0 W QSEECOM : qseecom_receive_req: Interrupted: exiting Listener Service = 10
11-03 20:41:18.568054     0     0 W QSEECOM : qseecom_receive_req: Interrupted: exiting Listener Service = 28672
11-03 20:41:18.571938     0     0 I         : done.
11-03 20:41:19.038272     0     0 I PM      : suspend exit 2021-11-03 19:41:19.038272510 UTC
11-03 20:41:19.138783     0     0 I PM      : suspend entry 2021-11-03 19:41:19.138783031 UTC
11-03 20:41:19.138796     0     0 I PM      : Syncing filesystems ... done.
11-03 20:41:19.151238     0     0 I         : Freezing user space processes ... (elapsed 0.007 seconds) done.
11-03 20:41:19.158786     0     0 I         : Freezing remaining freezable tasks ... (elapsed 0.003 seconds) done.
11-03 20:41:19.162559     0     0 I         : Suspending console(s) (use no_console_suspend to debug)
11-03 20:41:19.175479     0     0 I mdss_dsi_panel_set_idle_mode: Idle (1->1)
11-03 20:41:19.216106     0     0 I bgcom   : bgcom_pm_suspend: suspended with : 0
11-03 20:41:19.248258     0     0 I PM      : suspend of devices complete after 83.474 msecs
11-03 20:41:19.254029     0     0 I PM      : late suspend of devices complete after 5.729 msecs
11-03 20:41:19.259645     0     0 I PM      : noirq suspend of devices complete after 5.592 msecs
11-03 20:41:19.259658     0     0 I         : Disabling non-boot CPUs ...
11-03 20:41:19.273759     0     0 I CPU1    : shutdown
11-03 20:41:19.275701     0     0 I suspend ns: 505426064624	suspend cycles:      11364232281
11-03 20:41:19.275679     0     0 I CPU0    : msm_cpu_pm_enter_sleep mode:3 during suspend
11-03 20:41:19.275679     0     0 I         : Suspended for 0.199 seconds
11-03 20:41:19.275679     0     0 I resume cycles: 11368057977
11-03 20:41:19.275935     0     0 I         : Enabling non-boot CPUs ...
11-03 20:41:19.276748     0     0 I CPU1    : update cpu_capacity 1024
11-03 20:41:19.278158     0     0 I         : CPU1 is up
11-03 20:41:19.280644     0     0 I CPU1    : update max cpu_capacity 1024
11-03 20:41:19.281986     0     0 I PM      : noirq resume of devices complete after 3.503 msecs
11-03 20:41:19.287226     0     0 I PM      : early resume of devices complete after 3.757 msecs
11-03 20:41:19.288521    20    20 E         : [20:41:19.487775] [00000002A59A8E55] [VosRX]  wlan: [E :WDI] WDTS_RxPacketDump RX Data frame is UC
11-03 20:41:19.288543    20    20 E         : [20:41:19.487809] [00000002A59A90B6] [VosRX]  wlan: [E :WDI] WDTS_RxPacketDump: Data subtype:8 SA:44:fe:3b:41:13:4b DA:00:0a:f5:f2:a2:70
11-03 20:41:19.288640    20    20 E         : [20:41:19.487902] [00000002A59A97BE] [VosRX]  wlan: [E :HDD] hdd_log_ip_addr: src addr 192:168:1:2
11-03 20:41:19.288654    20    20 E         : [20:41:19.487919] [00000002A59A990A] [VosRX]  wlan: [E :HDD] hdd_log_ip_addr: dst addr 239:255:255:250
11-03 20:41:19.316041     0     0 I bgcom   : bgcom_pm_resume: Bgcom resumed with : 0
11-03 20:41:19.327439     0     0 I mdss_dsi_panel_set_idle_mode: Idle (1->1)
11-03 20:41:19.365352     0     0 I PM      : resume of devices complete after 78.089 msecs
11-03 20:41:19.369523     0     0 I         : Restarting tasks ...
11-03 20:41:19.375290     0     0 W QSEECOM : qseecom_receive_req: Interrupted: exiting Listener Service = 8192
11-03 20:41:19.375397     0     0 W QSEECOM : qseecom_receive_req: Interrupted: exiting Listener Service = 12288
11-03 20:41:19.375441     0     0 W QSEECOM : qseecom_receive_req: Interrupted: exiting Listener Service = 11
11-03 20:41:19.376855     0     0 W QSEECOM : qseecom_receive_req: Interrupted: exiting Listener Service = 10
11-03 20:41:19.376928     0     0 W QSEECOM : qseecom_receive_req: Interrupted: exiting Listener Service = 28672
11-03 20:41:19.378459     0     0 I         : done.
11-03 20:41:19.584257     0     0 I PM      : suspend exit 2021-11-03 19:41:19.584257041 UTC
11-03 20:41:19.688656     0     0 I PM      : suspend entry 2021-11-03 19:41:19.688656624 UTC
11-03 20:41:19.688677     0     0 I PM      : Syncing filesystems ... done.
11-03 20:41:19.815322     0     0 I         : Freezing user space processes ... (elapsed 0.007 seconds) done.
11-03 20:41:19.823231     0     0 I         : Freezing remaining freezable tasks ... (elapsed 0.003 seconds) done.
11-03 20:41:19.827243     0     0 I         : Suspending console(s) (use no_console_suspend to debug)
11-03 20:41:19.839231     0     0 I mdss_dsi_panel_set_idle_mode: Idle (1->1)
11-03 20:41:19.872536     0     0 I PM      : Wakeup pending, aborting suspend
11-03 20:41:19.872542     0     0 I         : active wakeup source: qcom_rx_wakelock
11-03 20:41:19.872624     0     0 E PM      : Some devices failed to suspend, or early wake event detected
11-03 20:41:19.872740     0     0 W hwmon2  : Unbalanced pm_runtime_enable!
11-03 20:41:19.879939     0     0 I mdss_dsi_panel_set_idle_mode: Idle (1->1)
11-03 20:41:19.913836     0     0 I PM      : resume of devices complete after 41.194 msecs
11-03 20:41:19.916542     0     0 I         : Restarting tasks ...
11-03 20:41:19.918327     0     0 W QSEECOM : qseecom_receive_req: Interrupted: exiting Listener Service = 8192
11-03 20:41:19.918388     0     0 W QSEECOM : qseecom_receive_req: Interrupted: exiting Listener Service = 12288
11-03 20:41:19.918420     0     0 W QSEECOM : qseecom_receive_req: Interrupted: exiting Listener Service = 11
11-03 20:41:19.918451     0     0 W QSEECOM : qseecom_receive_req: Interrupted: exiting Listener Service = 10
11-03 20:41:19.918482     0     0 W QSEECOM : qseecom_receive_req: Interrupted: exiting Listener Service = 28672
11-03 20:41:19.923326     0     0 I         : done.
11-03 20:41:19.923837     0     0 I PM      : suspend exit 2021-11-03 19:41:19.923837561 UTC
11-03 20:41:20.126381     0     0 I PM      : suspend entry 2021-11-03 19:41:20.126381519 UTC
11-03 20:41:20.126394     0     0 I PM      : Syncing filesystems ... done.
11-03 20:41:20.150876     0     0 I         : Freezing user space processes ... (elapsed 0.007 seconds) done.
11-03 20:41:20.158080     0     0 I         : Freezing remaining freezable tasks ... (elapsed 0.003 seconds) done.
11-03 20:41:20.162004     0     0 I         : Suspending console(s) (use no_console_suspend to debug)
11-03 20:41:20.174917     0     0 I mdss_dsi_panel_set_idle_mode: Idle (1->1)
11-03 20:41:20.214489     0     0 I bgcom   : bgcom_pm_suspend: suspended with : 0
11-03 20:41:20.251438     0     0 I PM      : suspend of devices complete after 87.215 msecs
11-03 20:41:20.257412     0     0 I PM      : late suspend of devices complete after 5.932 msecs
11-03 20:41:20.263164     0     0 I PM      : noirq suspend of devices complete after 5.730 msecs
11-03 20:41:20.263177     0     0 I         : Disabling non-boot CPUs ...
11-03 20:41:20.281038     0     0 W         : IRQ16 no longer affine to CPU1
11-03 20:41:20.281327     0     0 W         : IRQ93 no longer affine to CPU1
11-03 20:41:20.282988     0     0 I CPU1    : shutdown
11-03 20:41:20.285065     0     0 I suspend ns: 506236177074	suspend cycles:      11383612136
11-03 20:41:20.285049     0     0 I CPU0    : msm_cpu_pm_enter_sleep mode:3 during suspend
11-03 20:41:20.285049     0     0 I         : Suspended for 0.131 seconds
11-03 20:41:20.285049     0     0 I resume cycles: 11386139471
11-03 20:41:20.285311     0     0 I         : Enabling non-boot CPUs ...
11-03 20:41:20.286130     0     0 I CPU1    : update cpu_capacity 1024
11-03 20:41:20.287541     0     0 I         : CPU1 is up
11-03 20:41:20.289719     0     0 I CPU1    : update max cpu_capacity 1024
11-03 20:41:20.291356     0     0 I PM      : noirq resume of devices complete after 3.501 msecs
11-03 20:41:20.296602     0     0 I PM      : early resume of devices complete after 3.771 msecs
11-03 20:41:20.297854    20    20 E         : [20:41:20.429483] [00000002A6AE725C] [VosRX]  wlan: [E :WDI] WDTS_RxPacketDump RX Data frame is UC
11-03 20:41:20.297876    20    20 E         : [20:41:20.429516] [00000002A6AE74C6] [VosRX]  wlan: [E :WDI] WDTS_RxPacketDump: Data subtype:8 SA:44:fe:3b:41:13:4b DA:00:0a:f5:f2:a2:70
11-03 20:41:20.297974    20    20 E         : [20:41:20.429613] [00000002A6AE7C19] [VosRX]  wlan: [E :HDD] hdd_log_ip_addr: src addr 192:168:1:1
11-03 20:41:20.297987    20    20 E         : [20:41:20.429628] [00000002A6AE7D2B] [VosRX]  wlan: [E :HDD] hdd_log_ip_addr: dst addr 192:168:1:14
11-03 20:41:20.325265     0     0 I bgcom   : bgcom_pm_resume: Bgcom resumed with : 0
11-03 20:41:20.336403     0     0 I mdss_dsi_panel_set_idle_mode: Idle (1->1)
11-03 20:41:20.373942     0     0 I PM      : resume of devices complete after 77.313 msecs
11-03 20:41:20.376556     0     0 I         : Restarting tasks ...
11-03 20:41:20.379112     0     0 W QSEECOM : qseecom_receive_req: Interrupted: exiting Listener Service = 11
11-03 20:41:20.379177     0     0 W QSEECOM : qseecom_receive_req: Interrupted: exiting Listener Service = 28672
11-03 20:41:20.382258     0     0 W QSEECOM : qseecom_receive_req: Interrupted: exiting Listener Service = 8192
11-03 20:41:20.382315     0     0 W QSEECOM : qseecom_receive_req: Interrupted: exiting Listener Service = 12288
11-03 20:41:20.382348     0     0 W QSEECOM : qseecom_receive_req: Interrupted: exiting Listener Service = 10
11-03 20:41:20.390050     0     0 I         : done.
11-03 20:41:20.522355     0     0 I PM      : suspend exit 2021-11-03 19:41:20.522355581 UTC
11-03 20:41:20.623800     0     0 I PM      : suspend entry 2021-11-03 19:41:20.623800477 UTC
11-03 20:41:20.623816     0     0 I PM      : Syncing filesystems ... done.
11-03 20:41:20.726188     0     0 I         : Freezing user space processes ... (elapsed 0.007 seconds) done.
11-03 20:41:20.733252     0     0 I         : Freezing remaining freezable tasks ... (elapsed 0.003 seconds) done.
11-03 20:41:20.737226     0     0 I         : Suspending console(s) (use no_console_suspend to debug)
11-03 20:41:20.750404     0     0 I mdss_dsi_panel_set_idle_mode: Idle (1->1)
11-03 20:41:20.786004     0     0 I bgcom   : bgcom_pm_suspend: suspended with : 0
11-03 20:41:20.824512     0     0 I PM      : suspend of devices complete after 85.070 msecs
11-03 20:41:20.830092     0     0 I PM      : late suspend of devices complete after 5.536 msecs
11-03 20:41:20.836013     0     0 I PM      : noirq suspend of devices complete after 5.896 msecs
11-03 20:41:20.836027     0     0 I         : Disabling non-boot CPUs ...
11-03 20:41:20.852529     0     0 W         : IRQ16 no longer affine to CPU1
11-03 20:41:20.854501     0     0 I CPU1    : shutdown
11-03 20:41:20.856527     0     0 I suspend ns: 506676008012	suspend cycles:      11394584225
11-03 20:41:20.856509     0     0 I CPU0    : msm_cpu_pm_enter_sleep mode:3 during suspend
11-03 20:41:20.856509     0     0 I         : Suspended for 0.226 seconds
11-03 20:41:20.856509     0     0 I resume cycles: 11398939725
11-03 20:41:20.856779     0     0 I         : Enabling non-boot CPUs ...
11-03 20:41:20.857581     0     0 I CPU1    : update cpu_capacity 1024
11-03 20:41:20.859009     0     0 I         : CPU1 is up
11-03 20:41:20.861222     0     0 I CPU1    : update max cpu_capacity 1024
11-03 20:41:20.862790     0     0 I PM      : noirq resume of devices complete after 3.479 msecs
11-03 20:41:20.868038     0     0 I PM      : early resume of devices complete after 3.773 msecs
11-03 20:41:20.869293    20    20 E         : [20:41:21.096144] [00000002A771C1E5] [VosRX]  wlan: [E :WDI] WDTS_RxPacketDump RX Data frame is UC
11-03 20:41:20.869314    20    20 E         : [20:41:21.096175] [00000002A771C42A] [VosRX]  wlan: [E :WDI] WDTS_RxPacketDump: Data subtype:8 SA:44:fe:3b:41:13:4b DA:00:0a:f5:f2:a2:70
11-03 20:41:20.869410    20    20 E         : [20:41:21.096270] [00000002A771CB5A] [VosRX]  wlan: [E :HDD] hdd_log_ip_addr: src addr 192:168:1:3
11-03 20:41:20.869423    20    20 E         : [20:41:21.096283] [00000002A771CC53] [VosRX]  wlan: [E :HDD] hdd_log_ip_addr: dst addr 192:168:1:14
11-03 20:41:20.897721     0     0 I bgcom   : bgcom_pm_resume: Bgcom resumed with : 0
11-03 20:41:20.909191     0     0 I mdss_dsi_panel_set_idle_mode: Idle (1->1)
11-03 20:41:20.945797     0     0 I PM      : resume of devices complete after 77.733 msecs
11-03 20:41:20.948434     0     0 I         : Restarting tasks ...
11-03 20:41:20.951101     0     0 W QSEECOM : qseecom_receive_req: Interrupted: exiting Listener Service = 8192
11-03 20:41:20.951331     0     0 W QSEECOM : qseecom_receive_req: Interrupted: exiting Listener Service = 11
11-03 20:41:20.951394     0     0 W QSEECOM : qseecom_receive_req: Interrupted: exiting Listener Service = 10
11-03 20:41:20.951431     0     0 W QSEECOM : qseecom_receive_req: Interrupted: exiting Listener Service = 28672
11-03 20:41:20.953973     0     0 W QSEECOM : qseecom_receive_req: Interrupted: exiting Listener Service = 12288
11-03 20:41:20.955043     0     0 I         : done.
11-03 20:41:21.182545     0     0 I PM      : suspend exit 2021-11-03 19:41:21.182545060 UTC
11-03 20:41:21.282999     0     0 I PM      : suspend entry 2021-11-03 19:41:21.282999226 UTC
11-03 20:41:21.283013     0     0 I PM      : Syncing filesystems ... done.
11-03 20:41:21.384677     0     0 I         : Freezing user space processes ... (elapsed 0.007 seconds) done.
11-03 20:41:21.392042     0     0 I         : Freezing remaining freezable tasks ... (elapsed 0.003 seconds) done.
11-03 20:41:21.395963     0     0 I         : Suspending console(s) (use no_console_suspend to debug)
11-03 20:41:21.409360     0     0 I mdss_dsi_panel_set_idle_mode: Idle (1->1)
11-03 20:41:21.453150     0     0 I bgcom   : bgcom_pm_suspend: suspended with : 0
11-03 20:41:21.490735     0     0 I PM      : suspend of devices complete after 92.166 msecs
11-03 20:41:21.496544     0     0 I PM      : late suspend of devices complete after 5.770 msecs
11-03 20:41:21.502277     0     0 I PM      : noirq suspend of devices complete after 5.707 msecs
11-03 20:41:21.502288     0     0 I         : Disabling non-boot CPUs ...
11-03 20:41:21.521221     0     0 I CPU1    : shutdown
11-03 20:41:21.523225     0     0 I suspend ns: 507115854680	suspend cycles:      11407384781
11-03 20:41:21.523205     0     0 I CPU0    : msm_cpu_pm_enter_sleep mode:3 during suspend
11-03 20:41:21.523205     0     0 I         : Suspended for 0.787 seconds
11-03 20:41:21.523205     0     0 I resume cycles: 11422505963
11-03 20:41:21.523468     0     0 I         : Enabling non-boot CPUs ...
11-03 20:41:21.524270     0     0 I CPU1    : update cpu_capacity 1024
11-03 20:41:21.525650     0     0 I         : CPU1 is up
11-03 20:41:21.527950     0     0 I CPU1    : update max cpu_capacity 1024
11-03 20:41:21.529460     0     0 I PM      : noirq resume of devices complete after 3.492 msecs
11-03 20:41:21.534879     0     0 I PM      : early resume of devices complete after 3.939 msecs
11-03 20:41:21.536089    20    20 E         : [20:41:22.323652] [00000002A8D960F9] [VosRX]  wlan: [E :WDI] WDTS_RxPacketDump RX Data frame is UC
11-03 20:41:21.536111    20    20 E         : [20:41:22.323683] [00000002A8D9634F] [VosRX]  wlan: [E :WDI] WDTS_RxPacketDump: Data subtype:8 SA:44:fe:3b:41:13:4b DA:00:0a:f5:f2:a2:70
11-03 20:41:21.536207    20    20 E         : [20:41:22.323778] [00000002A8D96A7B] [VosRX]  wlan: [E :HDD] hdd_log_ip_addr: src addr 192:168:1:3
11-03 20:41:21.536221    20    20 E         : [20:41:22.323793] [00000002A8D96B8E] [VosRX]  wlan: [E :HDD] hdd_log_ip_addr: dst addr 192:168:1:14
11-03 20:41:21.564919     0     0 I bgcom   : bgcom_pm_resume: Bgcom resumed with : 0
11-03 20:41:21.576123     0     0 I mdss_dsi_panel_set_idle_mode: Idle (1->1)
11-03 20:41:21.612154     0     0 I PM      : resume of devices complete after 77.249 msecs
11-03 20:41:21.614756     0     0 I         : Restarting tasks ...
11-03 20:41:21.617689     0     0 W QSEECOM : qseecom_receive_req: Interrupted: exiting Listener Service = 8192
11-03 20:41:21.617751     0     0 W QSEECOM : qseecom_receive_req: Interrupted: exiting Listener Service = 12288
11-03 20:41:21.617780     0     0 W QSEECOM : qseecom_receive_req: Interrupted: exiting Listener Service = 11
11-03 20:41:21.620854     0     0 W QSEECOM : qseecom_receive_req: Interrupted: exiting Listener Service = 10
11-03 20:41:21.621353     0     0 I         : done.
11-03 20:41:22.409661     0     0 I PM      : suspend exit 2021-11-03 19:41:22.409661569 UTC
11-03 20:41:22.411480     0     0 W QSEECOM : qseecom_receive_req: Interrupted: exiting Listener Service = 28672
11-03 20:41:22.514475     0     0 I PM      : suspend entry 2021-11-03 19:41:22.514475996 UTC
11-03 20:41:22.514489     0     0 I PM      : Syncing filesystems ... done.
11-03 20:41:22.618818     0     0 I         : Freezing user space processes ... (elapsed 0.007 seconds) done.
11-03 20:41:22.626685     0     0 I         : Freezing remaining freezable tasks ... (elapsed 0.004 seconds) done.
11-03 20:41:22.630757     0     0 I         : Suspending console(s) (use no_console_suspend to debug)
11-03 20:41:22.642846     0     0 I mdss_dsi_panel_set_idle_mode: Idle (1->1)
11-03 20:41:22.680618     0     0 I bgcom   : bgcom_pm_suspend: suspended with : 0
11-03 20:41:22.717839     0     0 I PM      : suspend of devices complete after 84.867 msecs
11-03 20:41:22.723826     0     0 I PM      : late suspend of devices complete after 5.945 msecs
11-03 20:41:22.729636     0     0 I PM      : noirq suspend of devices complete after 5.785 msecs
11-03 20:41:22.729648     0     0 I         : Disabling non-boot CPUs ...
11-03 20:41:22.748580     0     0 I CPU1    : shutdown
11-03 20:41:22.750425     0     0 I suspend ns: 507555499681	suspend cycles:      11430947147
11-03 20:41:22.750408     0     0 I CPU0    : msm_cpu_pm_enter_sleep mode:3 during suspend
11-03 20:41:22.750408     0     0 I         : Suspended for 0.482 seconds
11-03 20:41:22.750408     0     0 I resume cycles: 11440219685
11-03 20:41:22.750667     0     0 I         : Enabling non-boot CPUs ...
11-03 20:41:22.751469     0     0 I CPU1    : update cpu_capacity 1024
11-03 20:41:22.752889     0     0 I         : CPU1 is up
11-03 20:41:22.755398     0     0 I CPU1    : update max cpu_capacity 1024
11-03 20:41:22.756677     0     0 I PM      : noirq resume of devices complete after 3.491 msecs
11-03 20:41:22.761900     0     0 I PM      : early resume of devices complete after 3.755 msecs
11-03 20:41:22.763181    20    20 E         : [20:41:23.246129] [00000002A9E7A2BB] [VosRX]  wlan: [E :WDI] WDTS_RxPacketDump RX Data frame is UC
11-03 20:41:22.763202    20    20 E         : [20:41:23.246160] [00000002A9E7A517] [VosRX]  wlan: [E :WDI] WDTS_RxPacketDump: Data subtype:8 SA:44:fe:3b:41:13:4b DA:00:0a:f5:f2:a2:70
11-03 20:41:22.763295    20    20 E         : [20:41:23.246254] [00000002A9E7AC29] [VosRX]  wlan: [E :HDD] hdd_log_ip_addr: src addr 192:168:1:3
11-03 20:41:22.763307    20    20 E         : [20:41:23.246267] [00000002A9E7AD1D] [VosRX]  wlan: [E :HDD] hdd_log_ip_addr: dst addr 192:168:1:14
11-03 20:41:22.791823     0     0 I bgcom   : bgcom_pm_resume: Bgcom resumed with : 0
11-03 20:41:22.803268     0     0 I mdss_dsi_panel_set_idle_mode: Idle (1->1)
11-03 20:41:22.839885     0     0 I PM      : resume of devices complete after 77.959 msecs
11-03 20:41:22.842494     0     0 I         : Restarting tasks ...
11-03 20:41:22.845232     0     0 W QSEECOM : qseecom_receive_req: Interrupted: exiting Listener Service = 10
11-03 20:41:22.845460     0     0 W QSEECOM : qseecom_receive_req: Interrupted: exiting Listener Service = 28672
11-03 20:41:22.848586     0     0 W QSEECOM : qseecom_receive_req: Interrupted: exiting Listener Service = 8192
11-03 20:41:22.848643     0     0 W QSEECOM : qseecom_receive_req: Interrupted: exiting Listener Service = 12288
11-03 20:41:22.848674     0     0 W QSEECOM : qseecom_receive_req: Interrupted: exiting Listener Service = 11
11-03 20:41:22.854540     0     0 I         : done.
11-03 20:41:23.338185     0     0 I PM      : suspend exit 2021-11-03 19:41:23.338185162 UTC
11-03 20:41:23.439751     0     0 I PM      : suspend entry 2021-11-03 19:41:23.439751464 UTC
11-03 20:41:23.439765     0     0 I PM      : Syncing filesystems ... done.
11-03 20:41:23.537745     0     0 I         : Freezing user space processes ... (elapsed 0.007 seconds) done.
11-03 20:41:23.545216     0     0 I         : Freezing remaining freezable tasks ... (elapsed 0.004 seconds) done.
11-03 20:41:23.549516     0     0 I         : Suspending console(s) (use no_console_suspend to debug)
11-03 20:41:23.561185     0     0 I mdss_dsi_panel_set_idle_mode: Idle (1->1)
11-03 20:41:23.603113     0     0 I bgcom   : bgcom_pm_suspend: suspended with : 0
11-03 20:41:23.639913     0     0 I PM      : suspend of devices complete after 88.173 msecs
11-03 20:41:23.645455     0     0 I PM      : late suspend of devices complete after 5.498 msecs
11-03 20:41:23.651349     0     0 I PM      : noirq suspend of devices complete after 5.869 msecs
11-03 20:41:23.651361     0     0 I         : Disabling non-boot CPUs ...
11-03 20:41:23.669495     0     0 W migrate_irqs: 1 callbacks suppressed
11-03 20:41:23.669503     0     0 W         : IRQ16 no longer affine to CPU1
11-03 20:41:23.669810     0     0 W         : IRQ93 no longer affine to CPU1
11-03 20:41:23.671467     0     0 I CPU1    : shutdown
11-03 20:41:23.673642     0     0 I suspend ns: 507995768224	suspend cycles:      11448672841
11-03 20:41:23.673624     0     0 I CPU0    : msm_cpu_pm_enter_sleep mode:3 during suspend
11-03 20:41:23.673624     0     0 I         : Suspended for 0.787 seconds
11-03 20:41:23.673624     0     0 I resume cycles: 11463801885
11-03 20:41:23.673872     0     0 I         : Enabling non-boot CPUs ...
11-03 20:41:23.674680     0     0 I CPU1    : update cpu_capacity 1024
11-03 20:41:23.676091     0     0 I         : CPU1 is up
11-03 20:41:23.678220     0     0 I CPU1    : update max cpu_capacity 1024
11-03 20:41:23.679870     0     0 I PM      : noirq resume of devices complete after 3.462 msecs
11-03 20:41:23.685092     0     0 I PM      : early resume of devices complete after 3.742 msecs
11-03 20:41:23.686324    20    20 E         : [20:41:24.474297] [00000002AB4F7378] [VosRX]  wlan: [E :WDI] WDTS_RxPacketDump RX Data frame is UC
11-03 20:41:23.686346    20    20 E         : [20:41:24.474329] [00000002AB4F75BB] [VosRX]  wlan: [E :WDI] WDTS_RxPacketDump: Data subtype:8 SA:44:fe:3b:41:13:4b DA:00:0a:f5:f2:a2:70
11-03 20:41:23.686444    20    20 E         : [20:41:24.474425] [00000002AB4F7D05] [VosRX]  wlan: [E :HDD] hdd_log_ip_addr: src addr 192:168:1:3
11-03 20:41:23.686456    20    20 E         : [20:41:24.474440] [00000002AB4F7E0F] [VosRX]  wlan: [E :HDD] hdd_log_ip_addr: dst addr 192:168:1:14
11-03 20:41:23.714691     0     0 I bgcom   : bgcom_pm_resume: Bgcom resumed with : 0
11-03 20:41:23.724548     0     0 I mdss_dsi_panel_set_idle_mode: Idle (1->1)
11-03 20:41:23.762479     0     0 I PM      : resume of devices complete after 77.361 msecs
11-03 20:41:23.765147     0     0 I         : Restarting tasks ...
11-03 20:41:23.767848     0     0 W QSEECOM : qseecom_receive_req: Interrupted: exiting Listener Service = 8192
11-03 20:41:23.767912     0     0 W QSEECOM : qseecom_receive_req: Interrupted: exiting Listener Service = 12288
11-03 20:41:23.767942     0     0 W QSEECOM : qseecom_receive_req: Interrupted: exiting Listener Service = 10
11-03 20:41:23.770986     0     0 W QSEECOM : qseecom_receive_req: Interrupted: exiting Listener Service = 11
11-03 20:41:23.771039     0     0 W QSEECOM : qseecom_receive_req: Interrupted: exiting Listener Service = 28672
11-03 20:41:23.771970     0     0 I         : done.
11-03 20:41:24.560685     0     0 I PM      : suspend exit 2021-11-03 19:41:24.560685318 UTC
11-03 20:41:24.663945     0     0 I PM      : suspend entry 2021-11-03 19:41:24.663945786 UTC
11-03 20:41:24.663960     0     0 I PM      : Syncing filesystems ... done.
11-03 20:41:24.763662     0     0 I         : Freezing user space processes ...
11-03 20:41:24.768944     0     0 I PM      : Wakeup pending, aborting suspend
11-03 20:41:24.768959     0     0 I         : active wakeup source: qcom_rx_wakelock
11-03 20:41:24.769053     0     0 E         : Freezing of tasks aborted after 0.005 seconds
11-03 20:41:24.769067     0     0 I         : Restarting tasks ...
11-03 20:41:24.769723     0     0 W QSEECOM : qseecom_receive_req: Interrupted: exiting Listener Service = 11
11-03 20:41:24.769778     0     0 W QSEECOM : qseecom_receive_req: Interrupted: exiting Listener Service = 28672
11-03 20:41:24.773488     0     0 W QSEECOM : qseecom_receive_req: Interrupted: exiting Listener Service = 12288
11-03 20:41:24.773537     0     0 W QSEECOM : qseecom_receive_req: Interrupted: exiting Listener Service = 10
11-03 20:41:24.773567     0     0 W QSEECOM : qseecom_receive_req: Interrupted: exiting Listener Service = 8192
11-03 20:41:24.773829     0     0 I         : done.
11-03 20:41:24.774513     0     0 I PM      : suspend exit 2021-11-03 19:41:24.774513911 UTC
11-03 20:41:24.975771     0     0 I PM      : suspend entry 2021-11-03 19:41:24.975771880 UTC
11-03 20:41:24.975786     0     0 I PM      : Syncing filesystems ... done.
11-03 20:41:25.000807     0     0 I         : Freezing user space processes ... (elapsed 0.008 seconds) done.
11-03 20:41:25.009361     0     0 I         : Freezing remaining freezable tasks ... (elapsed 0.004 seconds) done.
11-03 20:41:25.013655     0     0 I         : Suspending console(s) (use no_console_suspend to debug)
11-03 20:41:25.026757     0     0 I mdss_dsi_panel_set_idle_mode: Idle (1->1)
11-03 20:41:25.059569     0     0 I PM      : Wakeup pending, aborting suspend
11-03 20:41:25.059577     0     0 I         : active wakeup source: qcom_rx_wakelock
11-03 20:41:25.059665     0     0 E PM      : Some devices failed to suspend, or early wake event detected
11-03 20:41:25.059792     0     0 W hwmon2  : Unbalanced pm_runtime_enable!
11-03 20:41:25.067271     0     0 I mdss_dsi_panel_set_idle_mode: Idle (1->1)
11-03 20:41:25.109709     0     0 I PM      : resume of devices complete after 50.023 msecs
11-03 20:41:25.112929     0     0 I         : Restarting tasks ...
11-03 20:41:25.114799     0     0 W QSEECOM : qseecom_receive_req: Interrupted: exiting Listener Service = 8192
11-03 20:41:25.114868     0     0 W QSEECOM : qseecom_receive_req: Interrupted: exiting Listener Service = 12288
11-03 20:41:25.114912     0     0 W QSEECOM : qseecom_receive_req: Interrupted: exiting Listener Service = 11
11-03 20:41:25.114955     0     0 W QSEECOM : qseecom_receive_req: Interrupted: exiting Listener Service = 10
11-03 20:41:25.114999     0     0 W QSEECOM : qseecom_receive_req: Interrupted: exiting Listener Service = 28672
11-03 20:41:25.121797     0     0 I         : done.
11-03 20:41:25.122531     0     0 I PM      : suspend exit 2021-11-03 19:41:25.122531776 UTC
11-03 20:41:25.567386     0     0 I PM      : suspend entry 2021-11-03 19:41:25.567386776 UTC
11-03 20:41:25.567400     0     0 I PM      : Syncing filesystems ... done.
11-03 20:41:25.589348     0     0 I         : Freezing user space processes ... (elapsed 0.008 seconds) done.
11-03 20:41:25.597956     0     0 I         : Freezing remaining freezable tasks ... (elapsed 0.004 seconds) done.
11-03 20:41:25.602192     0     0 I         : Suspending console(s) (use no_console_suspend to debug)
11-03 20:41:25.614636     0     0 I mdss_dsi_panel_set_idle_mode: Idle (1->1)
11-03 20:41:25.651770     0     0 I bgcom   : bgcom_pm_suspend: suspended with : 0
11-03 20:41:25.688377     0     0 I PM      : suspend of devices complete after 83.673 msecs
11-03 20:41:25.694538     0     0 I PM      : late suspend of devices complete after 6.119 msecs
11-03 20:41:25.701057     0     0 I PM      : noirq suspend of devices complete after 6.493 msecs
11-03 20:41:25.701072     0     0 I         : Disabling non-boot CPUs ...
11-03 20:41:25.719587     0     0 I CPU1    : shutdown
11-03 20:41:25.721736     0     0 I suspend ns: 509255889113	suspend cycles:      11487996206
11-03 20:41:25.721715     0     0 I CPU0    : msm_cpu_pm_enter_sleep mode:3 during suspend
11-03 20:41:25.721715     0     0 I         : Suspended for 0.889 seconds
11-03 20:41:25.721715     0     0 I resume cycles: 11505078963
11-03 20:41:25.722000     0     0 I         : Enabling non-boot CPUs ...
11-03 20:41:25.722839     0     0 I CPU1    : update cpu_capacity 1024
11-03 20:41:25.724493     0     0 I         : CPU1 is up
11-03 20:41:25.726044     0     0 I CPU1    : update max cpu_capacity 1024
11-03 20:41:25.728570     0     0 I PM      : noirq resume of devices complete after 3.735 msecs
11-03 20:41:25.734447     0     0 I PM      : early resume of devices complete after 4.321 msecs
11-03 20:41:25.736362    20    20 E         : [20:41:26.626090] [00000002ADC5DBE9] [VosRX]  wlan: [E :WDI] WDTS_RxPacketDump RX Data frame is UC
11-03 20:41:25.736388    20    20 E         : [20:41:26.626125] [00000002ADC5DE6E] [VosRX]  wlan: [E :WDI] WDTS_RxPacketDump: Data subtype:8 SA:44:fe:3b:41:13:4b DA:00:0a:f5:f2:a2:70
11-03 20:41:25.736491    20    20 E         : [20:41:26.626226] [00000002ADC5E61D] [VosRX]  wlan: [E :HDD] hdd_log_ip_addr: src addr 192:168:1:3
11-03 20:41:25.736508    20    20 E         : [20:41:26.626246] [00000002ADC5E78A] [VosRX]  wlan: [E :HDD] hdd_log_ip_addr: dst addr 192:168:1:14
11-03 20:41:25.767900     0     0 I bgcom   : bgcom_pm_resume: Bgcom resumed with : 0
11-03 20:41:25.779927     0     0 I mdss_dsi_panel_set_idle_mode: Idle (1->1)
11-03 20:41:25.820658     0     0 I PM      : resume of devices complete after 86.181 msecs
11-03 20:41:25.823665     0     0 I         : Restarting tasks ...
11-03 20:41:25.827158     0     0 W QSEECOM : qseecom_receive_req: Interrupted: exiting Listener Service = 8192
11-03 20:41:25.827229     0     0 W QSEECOM : qseecom_receive_req: Interrupted: exiting Listener Service = 12288
11-03 20:41:25.827285     0     0 W QSEECOM : qseecom_receive_req: Interrupted: exiting Listener Service = 10
11-03 20:41:25.830841     0     0 W QSEECOM : qseecom_receive_req: Interrupted: exiting Listener Service = 11
11-03 20:41:25.830903     0     0 W QSEECOM : qseecom_receive_req: Interrupted: exiting Listener Service = 28672
11-03 20:41:25.836556     0     0 I         : done.
11-03 20:41:26.727021     0     0 I PM      : suspend exit 2021-11-03 19:41:26.727021618 UTC
11-03 20:41:26.828508     0     0 I PM      : suspend entry 2021-11-03 19:41:26.828508025 UTC
11-03 20:41:26.828522     0     0 I PM      : Syncing filesystems ... done.
11-03 20:41:26.928281     0     0 I         : Freezing user space processes ... (elapsed 0.007 seconds) done.
11-03 20:41:26.935875     0     0 I         : Freezing remaining freezable tasks ... (elapsed 0.003 seconds) done.
11-03 20:41:26.939904     0     0 I         : Suspending console(s) (use no_console_suspend to debug)
11-03 20:41:26.951683     0     0 I mdss_dsi_panel_set_idle_mode: Idle (1->1)
11-03 20:41:26.990928     0     0 I bgcom   : bgcom_pm_suspend: suspended with : 0
11-03 20:41:27.027921     0     0 I PM      : suspend of devices complete after 85.797 msecs
11-03 20:41:27.033454     0     0 I PM      : late suspend of devices complete after 5.492 msecs
11-03 20:41:27.039289     0     0 I PM      : noirq suspend of devices complete after 5.811 msecs
11-03 20:41:27.039304     0     0 I         : Disabling non-boot CPUs ...
11-03 20:41:27.056832     0     0 W         : IRQ16 no longer affine to CPU1
11-03 20:41:27.056847     0     0 W         : IRQ21 no longer affine to CPU1
11-03 20:41:27.057148     0     0 W         : IRQ93 no longer affine to CPU1
11-03 20:41:27.058809     0     0 I CPU1    : shutdown
11-03 20:41:27.060825     0     0 I suspend ns: 509705252395	suspend cycles:      11513706738
11-03 20:41:27.060806     0     0 I CPU0    : msm_cpu_pm_enter_sleep mode:3 during suspend
11-03 20:41:27.060806     0     0 I         : Suspended for 0.167 seconds
11-03 20:41:27.060806     0     0 I resume cycles: 11516922763
11-03 20:41:27.061061     0     0 I         : Enabling non-boot CPUs ...
11-03 20:41:27.061868     0     0 I CPU1    : update cpu_capacity 1024
11-03 20:41:27.063294     0     0 I         : CPU1 is up
11-03 20:41:27.065707     0     0 I CPU1    : update max cpu_capacity 1024
11-03 20:41:27.067148     0     0 I PM      : noirq resume of devices complete after 3.531 msecs
11-03 20:41:27.072666     0     0 I PM      : early resume of devices complete after 4.039 msecs
11-03 20:41:27.074162    20    20 E         : [20:41:27.241665] [00000002AE7A3413] [VosRX]  wlan: [E :WDI] WDTS_RxPacketDump RX Data frame is UC
11-03 20:41:27.074184    20    20 E         : [20:41:27.241696] [00000002AE7A3650] [VosRX]  wlan: [E :WDI] WDTS_RxPacketDump: Data subtype:8 SA:44:fe:3b:41:13:4b DA:00:0a:f5:f2:a2:70
11-03 20:41:27.074282    20    20 E         : [20:41:27.241794] [00000002AE7A3DA8] [VosRX]  wlan: [E :HDD] hdd_log_ip_addr: src addr 192:168:1:2
11-03 20:41:27.074296    20    20 E         : [20:41:27.241809] [00000002AE7A3EB6] [VosRX]  wlan: [E :HDD] hdd_log_ip_addr: dst addr 239:255:255:250
11-03 20:41:27.101469     0     0 I bgcom   : bgcom_pm_resume: Bgcom resumed with : 0
11-03 20:41:27.113041     0     0 I mdss_dsi_panel_set_idle_mode: Idle (1->1)
11-03 20:41:27.151036     0     0 I PM      : resume of devices complete after 78.341 msecs
11-03 20:41:27.153710     0     0 I         : Restarting tasks ...
11-03 20:41:27.156541     0     0 W QSEECOM : qseecom_receive_req: Interrupted: exiting Listener Service = 12288
11-03 20:41:27.156599     0     0 W QSEECOM : qseecom_receive_req: Interrupted: exiting Listener Service = 11
11-03 20:41:27.159344     0     0 W QSEECOM : qseecom_receive_req: Interrupted: exiting Listener Service = 8192
11-03 20:41:27.159399     0     0 W QSEECOM : qseecom_receive_req: Interrupted: exiting Listener Service = 10
11-03 20:41:27.159428     0     0 W QSEECOM : qseecom_receive_req: Interrupted: exiting Listener Service = 28672
11-03 20:41:27.163328     0     0 I         : done.
11-03 20:41:27.331598     0     0 I PM      : suspend exit 2021-11-03 19:41:27.331598492 UTC
11-03 20:41:27.433232     0     0 I PM      : suspend entry 2021-11-03 19:41:27.433232503 UTC
11-03 20:41:27.433247     0     0 I PM      : Syncing filesystems ... done.
11-03 20:41:27.532925     0     0 I         : Freezing user space processes ... (elapsed 0.007 seconds) done.
11-03 20:41:27.540300     0     0 I         : Freezing remaining freezable tasks ... (elapsed 0.004 seconds) done.
11-03 20:41:27.544397     0     0 I         : Suspending console(s) (use no_console_suspend to debug)
11-03 20:41:27.555986     0     0 I mdss_dsi_panel_set_idle_mode: Idle (1->1)
11-03 20:41:27.598569     0     0 I bgcom   : bgcom_pm_suspend: suspended with : 0
11-03 20:41:27.608942     0     0 I PM      : Wakeup pending, aborting suspend
11-03 20:41:27.608955     0     0 I         : active wakeup source: qcom_rx_wakelock
11-03 20:41:27.617627     0     0 E PM      : Some devices failed to suspend, or early wake event detected
11-03 20:41:27.628369     0     0 I bgcom   : bgcom_pm_resume: Bgcom resumed with : 0
11-03 20:41:27.638218     0     0 I mdss_dsi_panel_set_idle_mode: Idle (1->1)
11-03 20:41:27.678226     0     0 I PM      : resume of devices complete after 60.577 msecs
11-03 20:41:27.680812     0     0 I         : Restarting tasks ...
11-03 20:41:27.682446     0     0 W QSEECOM : qseecom_receive_req: Interrupted: exiting Listener Service = 8192
11-03 20:41:27.682518     0     0 W QSEECOM : qseecom_receive_req: Interrupted: exiting Listener Service = 10
11-03 20:41:27.686472     0     0 W QSEECOM : qseecom_receive_req: Interrupted: exiting Listener Service = 12288
11-03 20:41:27.686529     0     0 W QSEECOM : qseecom_receive_req: Interrupted: exiting Listener Service = 11
11-03 20:41:27.686560     0     0 W QSEECOM : qseecom_receive_req: Interrupted: exiting Listener Service = 28672
11-03 20:41:27.687336     0     0 I         : done.
11-03 20:41:27.688093     0     0 I PM      : suspend exit 2021-11-03 19:41:27.688093857 UTC
--------- switch to main
11-03 20:41:27.816666  4877  4919 I Finsky  : [274] hby.run(3): Stats for Executor: BlockingExecutor hdj@8cf19f4[Running, pool size = 3, active threads = 0, queued tasks = 0, completed tasks = 15]
11-03 20:41:27.817803  4877  4919 I Finsky  : [274] hby.run(3): Stats for Executor: LightweightExecutor hdj@ce951d[Running, pool size = 2, active threads = 0, queued tasks = 0, completed tasks = 70]
--------- switch to kernel
11-03 20:41:27.890043     0     0 I PM      : suspend entry 2021-11-03 19:41:27.890043961 UTC
11-03 20:41:27.890057     0     0 I PM      : Syncing filesystems ... done.
11-03 20:41:27.990057     0     0 I         : Freezing user space processes ...
11-03 20:41:27.995070     0     0 I PM      : Wakeup pending, aborting suspend
11-03 20:41:27.995180     0     0 I         : last active wakeup source: qcom_rx_wakelock
11-03 20:41:27.995204     0     0 E         : Freezing of tasks aborted after 0.005 seconds
11-03 20:41:27.995216     0     0 I         : Restarting tasks ...
11-03 20:41:27.995933     0     0 W QSEECOM : qseecom_receive_req: Interrupted: exiting Listener Service = 8192
11-03 20:41:27.995993     0     0 W QSEECOM : qseecom_receive_req: Interrupted: exiting Listener Service = 11
11-03 20:41:27.999764     0     0 W QSEECOM : qseecom_receive_req: Interrupted: exiting Listener Service = 28672
11-03 20:41:27.999912     0     0 W QSEECOM : qseecom_receive_req: Interrupted: exiting Listener Service = 12288
11-03 20:41:28.000137     0     0 I         : done.
11-03 20:41:28.000470     0     0 W QSEECOM : qseecom_receive_req: Interrupted: exiting Listener Service = 10
11-03 20:41:28.000850     0     0 I PM      : suspend exit 2021-11-03 19:41:28.000850471 UTC
11-03 20:41:28.402331     0     0 I PM      : suspend entry 2021-11-03 19:41:28.402331304 UTC
11-03 20:41:28.402346     0     0 I PM      : Syncing filesystems ... done.
11-03 20:41:28.425485     0     0 I         : Freezing user space processes ... (elapsed 0.009 seconds) done.
11-03 20:41:28.434621     0     0 I         : Freezing remaining freezable tasks ... (elapsed 0.004 seconds) done.
11-03 20:41:28.438900     0     0 I         : Suspending console(s) (use no_console_suspend to debug)
11-03 20:41:28.451427     0     0 I mdss_dsi_panel_set_idle_mode: Idle (1->1)
11-03 20:41:28.488410     0     0 I bgcom   : bgcom_pm_suspend: suspended with : 0
11-03 20:41:28.527669     0     0 I PM      : suspend of devices complete after 86.259 msecs
11-03 20:41:28.534010     0     0 I PM      : late suspend of devices complete after 6.297 msecs
11-03 20:41:28.540164     0     0 I PM      : noirq suspend of devices complete after 6.128 msecs
11-03 20:41:28.540180     0     0 I         : Disabling non-boot CPUs ...
11-03 20:41:28.554616     0     0 W         : IRQ16 no longer affine to CPU1
11-03 20:41:28.554951     0     0 W         : IRQ93 no longer affine to CPU1
11-03 20:41:28.556696     0     0 I CPU1    : shutdown
11-03 20:41:28.559020     0     0 I suspend ns: 511035943961	suspend cycles:      11542472041
11-03 20:41:28.558998     0     0 I CPU0    : msm_cpu_pm_enter_sleep mode:3 during suspend
11-03 20:41:28.558998     0     0 I         : Suspended for 0.510 seconds
11-03 20:41:28.558998     0     0 I resume cycles: 11552284147
11-03 20:41:28.559278     0     0 I         : Enabling non-boot CPUs ...
11-03 20:41:28.560101     0     0 I CPU1    : update cpu_capacity 1024
11-03 20:41:28.561762     0     0 I         : CPU1 is up
11-03 20:41:28.563009     0     0 I CPU1    : update max cpu_capacity 1024
11-03 20:41:28.565860     0     0 I PM      : noirq resume of devices complete after 3.751 msecs
--------- switch to main
11-03 20:41:29.180870  4877  4919 I Finsky  : [274] hby.run(3): Stats for Executor: bgExecutor hdj@ad28392[Running, pool size = 4, active threads = 0, queued tasks = 0, completed tasks = 171]
--------- switch to kernel
11-03 20:41:28.571467     0     0 I PM      : early resume of devices complete after 4.075 msecs
11-03 20:41:28.572754    20    20 E         : [20:41:29.083801] [00000002B095E433] [VosRX]  wlan: [E :WDI] WDTS_RxPacketDump RX Data frame is UC
11-03 20:41:28.572781    20    20 E         : [20:41:29.083837] [00000002B095E6E4] [VosRX]  wlan: [E :WDI] WDTS_RxPacketDump: Data subtype:8 SA:44:fe:3b:41:13:4b DA:00:0a:f5:f2:a2:70
11-03 20:41:28.572885    20    20 E         : [20:41:29.083939] [00000002B095EEA1] [VosRX]  wlan: [E :HDD] hdd_log_ip_addr: src addr 192:168:1:3
11-03 20:41:28.573229    20    20 E         : [20:41:29.084282] [00000002B0960851] [VosRX]  wlan: [E :HDD] hdd_log_ip_addr: dst addr 192:168:1:14
11-03 20:41:28.604094     0     0 I bgcom   : bgcom_pm_resume: Bgcom resumed with : 0
11-03 20:41:28.616105     0     0 I mdss_dsi_panel_set_idle_mode: Idle (1->1)
11-03 20:41:28.657583     0     0 I PM      : resume of devices complete after 86.084 msecs
11-03 20:41:28.660607     0     0 I         : Restarting tasks ...
11-03 20:41:28.663773     0     0 W QSEECOM : qseecom_receive_req: Interrupted: exiting Listener Service = 8192
11-03 20:41:28.663839     0     0 W QSEECOM : qseecom_receive_req: Interrupted: exiting Listener Service = 10
11-03 20:41:28.663880     0     0 W QSEECOM : qseecom_receive_req: Interrupted: exiting Listener Service = 28672
11-03 20:41:28.668507     0     0 W QSEECOM : qseecom_receive_req: Interrupted: exiting Listener Service = 12288
11-03 20:41:28.668577     0     0 W QSEECOM : qseecom_receive_req: Interrupted: exiting Listener Service = 11
11-03 20:41:28.681001     0     0 I         : done.
11-03 20:41:29.192803     0     0 I PM      : suspend exit 2021-11-03 19:41:29.192803335 UTC
11-03 20:41:29.294266     0     0 I PM      : suspend entry 2021-11-03 19:41:29.294266096 UTC
11-03 20:41:29.294281     0     0 I PM      : Syncing filesystems ... done.
11-03 20:41:29.394407     0     0 I         : Freezing user space processes ... (elapsed 0.007 seconds) done.
11-03 20:41:29.401781     0     0 I         : Freezing remaining freezable tasks ... (elapsed 0.003 seconds) done.
11-03 20:41:29.405432     0     0 I         : Suspending console(s) (use no_console_suspend to debug)
11-03 20:41:29.417292     0     0 I mdss_dsi_panel_set_idle_mode: Idle (1->1)
11-03 20:41:29.458707     0     0 I bgcom   : bgcom_pm_suspend: suspended with : 0
11-03 20:41:29.496595     0     0 I PM      : suspend of devices complete after 88.947 msecs
11-03 20:41:29.502632     0     0 I PM      : late suspend of devices complete after 5.998 msecs
11-03 20:41:29.508414     0     0 I PM      : noirq suspend of devices complete after 5.757 msecs
11-03 20:41:29.508428     0     0 I         : Disabling non-boot CPUs ...
11-03 20:41:29.525312     0     0 W         : IRQ16 no longer affine to CPU1
11-03 20:41:29.525325     0     0 W         : IRQ21 no longer affine to CPU1
11-03 20:41:29.525625     0     0 W         : IRQ93 no longer affine to CPU1
11-03 20:41:29.527223     0     0 I CPU1    : shutdown
11-03 20:41:29.529215     0     0 I suspend ns: 511495094014	suspend cycles:      11561099828
11-03 20:41:29.529197     0     0 I CPU0    : msm_cpu_pm_enter_sleep mode:3 during suspend
11-03 20:41:29.529197     0     0 I         : Suspended for 0.768 seconds
11-03 20:41:29.529197     0     0 I resume cycles: 11575863815
11-03 20:41:29.529453     0     0 I         : Enabling non-boot CPUs ...
11-03 20:41:29.530261     0     0 I CPU1    : update cpu_capacity 1024
11-03 20:41:29.531679     0     0 I         : CPU1 is up
11-03 20:41:29.533949     0     0 I CPU1    : update max cpu_capacity 1024
11-03 20:41:29.535473     0     0 I PM      : noirq resume of devices complete after 3.485 msecs
11-03 20:41:29.541245     0     0 I PM      : early resume of devices complete after 4.291 msecs
11-03 20:41:29.542562    20    20 E         : [20:41:30.311520] [00000002B1FD9339] [VosRX]  wlan: [E :WDI] WDTS_RxPacketDump RX Data frame is UC
11-03 20:41:29.542583    20    20 E         : [20:41:30.311551] [00000002B1FD9576] [VosRX]  wlan: [E :WDI] WDTS_RxPacketDump: Data subtype:8 SA:44:fe:3b:41:13:4b DA:00:0a:f5:f2:a2:70
11-03 20:41:29.542679    20    20 E         : [20:41:30.311647] [00000002B1FD9CB1] [VosRX]  wlan: [E :HDD] hdd_log_ip_addr: src addr 192:168:1:3
11-03 20:41:29.542692    20    20 E         : [20:41:30.311661] [00000002B1FD9DB2] [VosRX]  wlan: [E :HDD] hdd_log_ip_addr: dst addr 192:168:1:14
11-03 20:41:29.569653     0     0 I bgcom   : bgcom_pm_resume: Bgcom resumed with : 0
11-03 20:41:29.579493     0     0 I mdss_dsi_panel_set_idle_mode: Idle (1->1)
11-03 20:41:29.618850     0     0 I PM      : resume of devices complete after 77.579 msecs
11-03 20:41:29.621496     0     0 I         : Restarting tasks ...
11-03 20:41:29.624078     0     0 W QSEECOM : qseecom_receive_req: Interrupted: exiting Listener Service = 12288
11-03 20:41:29.624146     0     0 W QSEECOM : qseecom_receive_req: Interrupted: exiting Listener Service = 10
11-03 20:41:29.624178     0     0 W QSEECOM : qseecom_receive_req: Interrupted: exiting Listener Service = 28672
11-03 20:41:29.627640     0     0 W QSEECOM : qseecom_receive_req: Interrupted: exiting Listener Service = 8192
11-03 20:41:29.627699     0     0 W QSEECOM : qseecom_receive_req: Interrupted: exiting Listener Service = 11
11-03 20:41:29.633241     0     0 I         : done.
11-03 20:41:30.403060     0     0 I PM      : suspend exit 2021-11-03 19:41:30.403060417 UTC
11-03 20:41:30.505044     0     0 I PM      : suspend entry 2021-11-03 19:41:30.505044063 UTC
11-03 20:41:30.505059     0     0 I PM      : Syncing filesystems ... done.
11-03 20:41:30.604267     0     0 I         : Freezing user space processes ... (elapsed 0.007 seconds) done.
11-03 20:41:30.611855     0     0 I         : Freezing remaining freezable tasks ... (elapsed 0.004 seconds) done.
11-03 20:41:30.615993     0     0 I         : Suspending console(s) (use no_console_suspend to debug)
11-03 20:41:30.627912     0     0 I mdss_dsi_panel_set_idle_mode: Idle (1->1)
11-03 20:41:30.668777     0     0 I bgcom   : bgcom_pm_suspend: suspended with : 0
11-03 20:41:30.705956     0     0 I PM      : suspend of devices complete after 87.745 msecs
11-03 20:41:30.711483     0     0 I PM      : late suspend of devices complete after 5.483 msecs
11-03 20:41:30.717589     0     0 I PM      : noirq suspend of devices complete after 6.082 msecs
11-03 20:41:30.717603     0     0 I         : Disabling non-boot CPUs ...
11-03 20:41:30.736030     0     0 I CPU1    : shutdown
11-03 20:41:30.738126     0     0 I suspend ns: 511935047088	suspend cycles:      11584310914
11-03 20:41:30.738107     0     0 I CPU0    : msm_cpu_pm_enter_sleep mode:3 during suspend
11-03 20:41:30.738107     0     0 I         : Suspended for 0.793 seconds
11-03 20:41:30.738107     0     0 I resume cycles: 11599556762
11-03 20:41:30.738360     0     0 I         : Enabling non-boot CPUs ...
11-03 20:41:30.739169     0     0 I CPU1    : update cpu_capacity 1024
11-03 20:41:30.740593     0     0 I         : CPU1 is up
11-03 20:41:30.742771     0     0 I CPU1    : update max cpu_capacity 1024
11-03 20:41:30.744370     0     0 I PM      : noirq resume of devices complete after 3.468 msecs
11-03 20:41:30.749754     0     0 I PM      : early resume of devices complete after 3.905 msecs
11-03 20:41:30.751652    20    20 E         : [20:41:31.545707] [00000002B3672723] [VosRX]  wlan: [E :WDI] WDTS_RxPacketDump RX Data frame is UC
11-03 20:41:30.751672    20    20 E         : [20:41:31.545739] [00000002B367297A] [VosRX]  wlan: [E :WDI] WDTS_RxPacketDump: Data subtype:8 SA:44:fe:3b:41:13:4b DA:00:0a:f5:f2:a2:70
