11-03 09:58:34.877003  2520  2520 D HOME    : [SidekickManagerAsync]replaceWatchFaceComponents(): Callback#onResult(): 0
11-03 09:58:34.877944  2520  2520 D HOME    : [BatteryChange]action: android.intent.action.BATTERY_CHANGED
11-03 09:58:34.878404  2520  2520 D HOME    : [WatchFaceUiController]Complication updates sent, posting watch face hiding
11-03 09:58:34.878501  2520 11756 D HOME    : [BatteryChange]HandleBatteryChangedTask
11-03 09:58:34.878549  2520  2520 D HOME    : [WatchFaceUiController]Still in ambient watch face, hiding
11-03 09:58:34.878656  2520  2520 D HOME    : [WatchFaceUiController]Hiding watch face wallpaper.
11-03 09:58:34.879247  2520 11756 D HOME    : [BatteryChange]level: 19, status: 3
--------- switch to system
11-03 09:58:34.880684  1686  1710 I DisplayManagerService: Display device changed state: "Écran intégré", DOZE_SUSPEND
--------- switch to main
11-03 09:58:34.887703   545   545 D SurfaceFlinger: Set power mode=3, type=0 flinger=0xb6bb6000
11-03 09:58:34.888406   504   764 I SDM     : DisplayBase::SetDisplayState: Set state = 3, display 0
11-03 09:58:34.909731  1686  1759 I InputReader: Reconfiguring input devices.  changes=0x00000004
11-03 09:58:34.952739   545   545 D SurfaceFlinger: Finished set power mode=3, type=0
11-03 09:58:34.953283  1686  1823 I SidekickService: beginDisplayLocked(): DOZE_SUSPEND
11-03 09:58:34.953817   416  2389 D SKGHAL  : sendAmbientPrepare: enter:
--------- switch to kernel
11-03 09:58:34.789220     0     0 I mdss_dsi_panel_set_idle_mode: Idle (0->1)
11-03 09:58:34.840847     0     0 I         : [touch]FB_BLANK_VSYNC_SUSPEND
11-03 09:58:34.840853     0     0 I         : [touch]irq disable
11-03 09:58:34.840857     0     0 I         : [touch]workqueue is empty!
11-03 09:58:34.840859     0     0 I         : [touch]raydium_ts_do_suspend.
11-03 09:58:34.840868     0     0 I         : [touch]Device may wakeup
11-03 09:58:34.844202     0     0 I         : [touch]irq enable
--------- switch to main
11-03 09:58:35.079657   416  2389 D SKGHAL  : sendAmbientEvent: enter: enable = 1
11-03 09:58:35.081705   504   523 I SDM     : DisplayBase::SetDisplayState: Set state = 4, display 0
11-03 09:58:35.081918   504   523 D SDM     : HWCDisplayPrimary::SetStandByMode: Null display is connected successfully
11-03 09:58:35.082182   416  2389 D SKGHAL  : standBy_update_control call succeed on 1
11-03 09:58:35.094924   416  2389 D SKGHAL  : sendAmbientEvent: done: enable = 1
11-03 09:58:35.095814  1686  1823 D SidekickService:    ... beginDisplay result: 0 for halPower: 1
11-03 09:58:35.102045   512  1749 I sensors-hal: activate:107, android.sensor.accelerometer/48 en=0
--------- switch to kernel
11-03 09:58:34.998142     0     0 E bgrsb   : bgrsb_enable: gpio 32 is valid
--------- switch to main
11-03 09:58:35.104561   512  1749 I sensors-hal: activate:118, android.sensor.accelerometer/48 en=0 completed
11-03 09:58:35.113771  1686  1799 E WifiStateMachine: getWifiLinkLayerStats called without an interface
11-03 09:58:35.162108  1686  1686 I WearPower: [WearTouchMediator] changing touch input to enabled (ON_AUTO)
11-03 09:58:35.164898  1686  1759 I InputReader: Reconfiguring input devices.  changes=0x00000200
--------- switch to kernel
11-03 09:58:35.060688     0     0 I init    : processing action (ro.enable_core_ctl=true && sys.cw_corectl_mode=idle) from (/vendor/etc/init/hw/init.qcom.rc:949)
--------- switch to main
11-03 09:58:35.180554  1686  1686 I AmbientService: [ce6a28c] Timeout alarm not required, auto-resume timeout handled by dream.
11-03 09:58:35.208632  3205  3434 W WorkController: Loading failed for worker [trainingcache]: worker not found
11-03 09:58:35.211337  3205  3372 W A       : TrainingCache cache SCREEN_OFF failure
11-03 09:58:35.211337  3205  3372 W A       : com.google.android.apps.gsa.search.core.service.h.a.a: No worker found for Worker ID [trainingcache].
11-03 09:58:35.211337  3205  3372 W A       : 	at com.google.android.apps.gsa.search.core.service.g.a.c.a(Unknown Source:5)
11-03 09:58:35.211337  3205  3372 W A       : 	at com.google.android.libraries.gsa.c.a.d.a(Unknown Source:3)
11-03 09:58:35.211337  3205  3372 W A       : 	at com.google.common.p.a.cg.c(Unknown Source:2)
11-03 09:58:35.211337  3205  3372 W A       : 	at com.google.common.p.a.bk.run(SourceFile:3)
11-03 09:58:35.211337  3205  3372 W A       : 	at com.google.common.p.a.ci.run(Unknown Source:4)
11-03 09:58:35.211337  3205  3372 W A       : 	at com.google.apps.tiktok.concurrent.ab.run(SourceFile:1)
11-03 09:58:35.211337  3205  3372 W A       : 	at java.util.concurrent.ThreadPoolExecutor.runWorker(ThreadPoolExecutor.java:1167)
11-03 09:58:35.211337  3205  3372 W A       : 	at java.util.concurrent.ThreadPoolExecutor$Worker.run(ThreadPoolExecutor.java:641)
11-03 09:58:35.211337  3205  3372 W A       : 	at com.google.apps.tiktok.concurrent.c.run(Unknown Source:4)
11-03 09:58:35.211337  3205  3372 W A       : 	at java.lang.Thread.run(Thread.java:764)
--------- switch to kernel
11-03 09:58:35.119102     0     0 I CPU0    : update max cpu_capacity 748
11-03 09:58:35.119503     0     0 I CPU3    : update max cpu_capacity 1024
--------- switch to main
11-03 09:58:35.246380  2520  2520 D HOME    : [StreamDBQueue]Promised revision #3820 to queue a new op
11-03 09:58:35.247377  2520  2520 D WatchStreamManager: Promised rank-blocked=false @ r#3820
11-03 09:58:35.248110  2520  2520 D HOME    : [CompactHunStarter]detachWindow()
11-03 09:58:35.249188  2520 11644 D HOME    : [StreamDBQueue]Promised revision #3821 to queue a new op
11-03 09:58:35.249350  2520 11756 D HOME    : [WatchStreamDB]Item alerting conditions - isInterruptive: false, recentlyInterrupted: false, isItemPinned: false, isUnread: false
11-03 09:58:35.249504  2520 11644 D WatchStreamManager: Promised rerank @ r#3821
11-03 09:58:35.249857  2520 11756 D HOME    : [StreamAlertingRegulator]isTheaterModeEnabled: false, isAlertingAllowedByOffBody: true, matchesLocalInterruptionFilter: true
11-03 09:58:35.250318  2520 11756 D HOME    : [WatchStreamDB]couldItemAlert: false, isTopItemChanged: false, isDeferralForTopItem: false
11-03 09:58:35.251609  2520 11756 D HOME    : [WatchStreamDB]updateRanking()
11-03 09:58:35.252824  2520 11756 D HOME    : [WatchStreamDB]Item alerting conditions - isInterruptive: false, recentlyInterrupted: false, isItemPinned: false, isUnread: false
11-03 09:58:35.253478  2520 11756 D HOME    : [StreamAlertingRegulator]isTheaterModeEnabled: false, isAlertingAllowedByOffBody: true, matchesLocalInterruptionFilter: true
11-03 09:58:35.253911  2520 11756 D HOME    : [WatchStreamDB]couldItemAlert: false, isTopItemChanged: false, isDeferralForTopItem: false
11-03 09:58:35.255197  2520 11756 D HOME    : [NewStreamAdapter]Publishing revision #3821 to adapter clients
--------- switch to kernel
11-03 09:58:35.153031     0     0 I CPU2    : shutdown
11-03 09:58:35.162208     0     0 I init    : Command 'write /sys/devices/system/cpu/cpu2/online 0' action=ro.enable_core_ctl=true && sys.cw_corectl_mode=idle (/vendor/etc/init/hw/init.qcom.rc:951) took 101ms and succeeded
11-03 09:58:35.310811     0     0 I PM      : suspend entry 2021-11-03 08:58:35.310811625 UTC
11-03 09:58:35.310838     0     0 I PM      : Syncing filesystems ...
11-03 09:58:35.337286     0     0 I CPU0    : update max cpu_capacity 748
11-03 09:58:35.341045     0     0 I         : done.
11-03 09:58:35.370594     0     0 I CPU3    : shutdown
11-03 09:58:35.373055     0     0 I         : Freezing user space processes ... (elapsed 0.010 seconds) done.
11-03 09:58:35.383926     0     0 I         : Freezing remaining freezable tasks ...
11-03 09:58:35.386600     0     0 I PM      : Wakeup pending, aborting suspend
11-03 09:58:35.386687     0     0 I         : active wakeup source: NETLINK
11-03 09:58:35.386762     0     0 E         : Freezing of tasks aborted after 0.002 seconds
11-03 09:58:35.386777     0     0 I         : Restarting kernel threads ... done.
11-03 09:58:35.389665     0     0 I         : Restarting tasks ...
11-03 09:58:35.390901     0     0 W QSEECOM : qseecom_receive_req: Interrupted: exiting Listener Service = 12288
11-03 09:58:35.390988     0     0 W QSEECOM : qseecom_receive_req: Interrupted: exiting Listener Service = 10
11-03 09:58:35.393616     0     0 W QSEECOM : qseecom_receive_req: Interrupted: exiting Listener Service = 28672
11-03 09:58:35.395249     0     0 W QSEECOM : qseecom_receive_req: Interrupted: exiting Listener Service = 8192
11-03 09:58:35.395324     0     0 W QSEECOM : qseecom_receive_req: Interrupted: exiting Listener Service = 11
11-03 09:58:35.397854     0     0 I         : done.
11-03 09:58:35.402140     0     0 I init    : Command 'write /sys/devices/system/cpu/cpu3/online 0' action=ro.enable_core_ctl=true && sys.cw_corectl_mode=idle (/vendor/etc/init/hw/init.qcom.rc:952) took 127ms and succeeded
11-03 09:58:35.398859     0     0 I PM      : suspend exit 2021-11-03 08:58:35.398859750 UTC
--------- switch to main
11-03 09:58:35.480563  1686  1696 I system_server: Background concurrent copying GC freed 34748(1991KB) AllocSpace objects, 26(808KB) LOS objects, 19% free, 10MB/13MB, paused 932us total 364.277ms
--------- switch to kernel
11-03 09:58:35.600679     0     0 I PM      : suspend entry 2021-11-03 08:58:35.600679281 UTC
11-03 09:58:35.600700     0     0 I PM      : Syncing filesystems ... done.
11-03 09:58:35.631398     0     0 I         : Freezing user space processes ... (elapsed 0.011 seconds) done.
11-03 09:58:35.643032     0     0 I         : Freezing remaining freezable tasks ... (elapsed 0.006 seconds) done.
11-03 09:58:35.649085     0     0 I         : Suspending console(s) (use no_console_suspend to debug)
11-03 09:58:35.664692     0     0 I mdss_dsi_panel_set_idle_mode: Idle (1->1)
11-03 09:58:35.702356     0     0 I bgcom   : bgcom_pm_suspend: suspended with : 0
11-03 09:58:35.734598     0     0 I PM      : suspend of devices complete after 81.685 msecs
11-03 09:58:35.740827     0     0 I PM      : late suspend of devices complete after 6.184 msecs
11-03 09:58:35.747104     0     0 I PM      : noirq suspend of devices complete after 6.237 msecs
11-03 09:58:35.747120     0     0 I         : Disabling non-boot CPUs ...
11-03 09:58:35.768310     0     0 W         : IRQ16 no longer affine to CPU1
11-03 09:58:35.768651     0     0 W         : IRQ93 no longer affine to CPU1
11-03 09:58:35.770371     0     0 I CPU1    : shutdown
11-03 09:58:35.772785     0     0 I suspend ns: 3345527701280	suspend cycles:    1178939659186
11-03 09:58:35.772761     0     0 I CPU0    : msm_cpu_pm_enter_sleep mode:3 during suspend
11-03 09:58:35.772761     0     0 I         : Suspended for 24.739 seconds
11-03 09:58:35.772761     0     0 I resume cycles: 1179414664315
11-03 09:58:35.773333     0     0 I         : Enabling non-boot CPUs ...
11-03 09:58:35.774186     0     0 I CPU1    : update cpu_capacity 1024
11-03 09:58:35.775903     0     0 I         : CPU1 is up
11-03 09:58:35.776861     0     0 I CPU1    : update max cpu_capacity 748
11-03 09:58:35.779993     0     0 I PM      : noirq resume of devices complete after 3.686 msecs
11-03 09:58:35.785937     0     0 I PM      : early resume of devices complete after 3.995 msecs
11-03 09:58:35.823901     0     0 I bgcom   : bgcom_pm_resume: Bgcom resumed with : 0
11-03 09:58:35.835325     0     0 I mdss_dsi_panel_set_idle_mode: Idle (1->1)
11-03 09:58:35.872536     0     0 I PM      : resume of devices complete after 86.554 msecs
11-03 09:58:35.877516     0     0 I         : Restarting tasks ...
11-03 09:58:35.881234     0     0 W QSEECOM : qseecom_receive_req: Interrupted: exiting Listener Service = 8192
11-03 09:58:35.881328     0     0 W QSEECOM : qseecom_receive_req: Interrupted: exiting Listener Service = 11
11-03 09:58:35.886185     0     0 W QSEECOM : qseecom_receive_req: Interrupted: exiting Listener Service = 12288
11-03 09:58:35.886269     0     0 W QSEECOM : qseecom_receive_req: Interrupted: exiting Listener Service = 10
11-03 09:58:35.886316     0     0 W QSEECOM : qseecom_receive_req: Interrupted: exiting Listener Service = 28672
11-03 09:58:35.888461     0     0 I         : done.
11-03 09:59:00.634794     0     0 I PM      : suspend exit 2021-11-03 08:59:00.634794740 UTC
11-03 09:59:00.736736     0     0 I PM      : suspend entry 2021-11-03 08:59:00.736736876 UTC
11-03 09:59:00.736755     0     0 I PM      : Syncing filesystems ... done.
11-03 09:59:00.900549     0     0 I         : Freezing user space processes ... (elapsed 0.007 seconds) done.
11-03 09:59:00.907877     0     0 I         : Freezing remaining freezable tasks ... (elapsed 0.003 seconds) done.
11-03 09:59:00.911814     0     0 I         : Suspending console(s) (use no_console_suspend to debug)
11-03 09:59:00.923304     0     0 I mdss_dsi_panel_set_idle_mode: Idle (1->1)
11-03 09:59:00.962050     0     0 I bgcom   : bgcom_pm_suspend: suspended with : 0
11-03 09:59:00.997422     0     0 I PM      : suspend of devices complete after 83.392 msecs
11-03 09:59:01.002781     0     0 I PM      : late suspend of devices complete after 5.316 msecs
11-03 09:59:01.008600     0     0 I PM      : noirq suspend of devices complete after 5.782 msecs
11-03 09:59:01.008614     0     0 I         : Disabling non-boot CPUs ...
11-03 09:59:01.029716     0     0 I CPU1    : shutdown
11-03 09:59:01.031689     0     0 I suspend ns: 3346046760292	suspend cycles:    1179424630248
11-03 09:59:01.031670     0     0 I CPU0    : msm_cpu_pm_enter_sleep mode:3 during suspend
11-03 09:59:01.031670     0     0 I         : Suspended for 33.062 seconds
11-03 09:59:01.031670     0     0 I resume cycles: 1180059431897
11-03 09:59:01.032209     0     0 I         : Enabling non-boot CPUs ...
11-03 09:59:01.033040     0     0 I CPU1    : update cpu_capacity 1024
11-03 09:59:01.034467     0     0 I         : CPU1 is up
11-03 09:59:01.036588     0     0 I CPU1    : update max cpu_capacity 748
11-03 09:59:01.038307     0     0 I PM      : noirq resume of devices complete after 3.520 msecs
11-03 09:59:01.043731     0     0 I PM      : early resume of devices complete after 3.960 msecs
11-03 09:59:01.072945     0     0 I bgcom   : bgcom_pm_resume: Bgcom resumed with : 0
11-03 09:59:01.083111     0     0 I mdss_dsi_panel_set_idle_mode: Idle (1->1)
11-03 09:59:01.120772     0     0 I PM      : resume of devices complete after 77.012 msecs
11-03 09:59:01.123384     0     0 I         : Restarting tasks ...
11-03 09:59:01.128036     0     0 W QSEECOM : qseecom_receive_req: Interrupted: exiting Listener Service = 8192
11-03 09:59:01.128129     0     0 W QSEECOM : qseecom_receive_req: Interrupted: exiting Listener Service = 12288
11-03 09:59:01.130666     0     0 W QSEECOM : qseecom_receive_req: Interrupted: exiting Listener Service = 11
11-03 09:59:01.130749     0     0 W QSEECOM : qseecom_receive_req: Interrupted: exiting Listener Service = 10
11-03 09:59:01.130792     0     0 W QSEECOM : qseecom_receive_req: Interrupted: exiting Listener Service = 28672
--------- switch to system
11-03 09:59:34.202667  1686  1686 I PowerManagerService: Waking up from dozing (uid=1000 reason=tiltToWake)...
--------- switch to kernel
11-03 09:59:01.139937     0     0 I         : done.
11-03 09:59:34.203607     0     0 I PM      : suspend exit 2021-11-03 08:59:34.203607540 UTC
--------- switch to system
11-03 09:59:34.216308  1686  1686 W UsageStatsService: Event reported without a package name
--------- switch to kernel
11-03 09:59:34.230418     0     0 E FG      : fg_psy_get_property: unsupported property 7
11-03 09:59:34.124651     0     0 W healthd : battery l=19 v=3754 t=27.0 h=2 st=3 c=5 fc=443000 cc=0 chg=
--------- switch to main
11-03 09:59:34.268563   512  1749 I sensors-hal: batch:140, android.sensor.light/46, period=100000000, max_latency=0
11-03 09:59:34.268766   512  1749 I sensors-hal: batch:149, android.sensor.light/46, period=100000000, max_latency=0 request completed
11-03 09:59:34.270525   512  1749 I sensors-hal: activate:107, android.sensor.light/46 en=1
11-03 09:59:34.271214   512  1749 I sensors-hal: ssc_enable_rt_task:254, ssc_enable_rt_task : true
11-03 09:59:34.275412   512  1749 I sensors-hal: activate:118, android.sensor.light/46 en=1 completed
11-03 09:59:34.279483  1686  1823 I SidekickService: endDisplayLocked()
--------- switch to system
11-03 09:59:34.280392  1686  1710 I DisplayManagerService: Display device changed state: "Écran intégré", ON
--------- switch to main
11-03 09:59:34.281272   416  2389 D SKGHAL  : sendAmbientEvent: enter: enable = 0
11-03 09:59:34.281850   512  1749 I sensors-hal: batch:140, android.sensor.accelerometer/48, period=66667000, max_latency=100000000
11-03 09:59:34.281942   512  1749 I sensors-hal: batch:149, android.sensor.accelerometer/48, period=66667000, max_latency=100000000 request completed
11-03 09:59:34.285447   512  1749 I sensors-hal: activate:107, android.sensor.accelerometer/48 en=1
11-03 09:59:34.286194   512  1749 I sensors-hal: ssc_enable_rt_task:254, ssc_enable_rt_task : true
11-03 09:59:34.310375  4243  4243 D OMService: onDisplayChanged: not dozing
11-03 09:59:34.311127   512  1749 I sensors-hal: activate:118, android.sensor.accelerometer/48 en=1 completed
11-03 09:59:34.317420  2520  2520 D HOME    : [BatteryChange]action: android.intent.action.BATTERY_CHANGED
11-03 09:59:34.317926  2520 11644 D HOME    : [BatteryChange]HandleBatteryChangedTask
11-03 09:59:34.317898  1956  1956 D QtiCarrierConfigHelper: WARNING, no carrier configs on phone Id: 0
11-03 09:59:34.318347  2520 11644 D HOME    : [BatteryChange]level: 19, status: 3
11-03 09:59:34.324838  1686  1759 I InputReader: Reconfiguring input devices.  changes=0x00000004
11-03 09:59:34.332980  3205  3434 W WorkController: Loading failed for worker [trainingcache]: worker not found
11-03 09:59:34.334932  3205  3294 W A       : TrainingCache cache DEVICE_UNLOCKED failure
11-03 09:59:34.334932  3205  3294 W A       : com.google.android.apps.gsa.search.core.service.h.a.a: No worker found for Worker ID [trainingcache].
11-03 09:59:34.334932  3205  3294 W A       : 	at com.google.android.apps.gsa.search.core.service.g.a.c.a(Unknown Source:5)
11-03 09:59:34.334932  3205  3294 W A       : 	at com.google.android.libraries.gsa.c.a.d.a(Unknown Source:3)
11-03 09:59:34.334932  3205  3294 W A       : 	at com.google.common.p.a.cg.c(Unknown Source:2)
11-03 09:59:34.334932  3205  3294 W A       : 	at com.google.common.p.a.bk.run(SourceFile:3)
11-03 09:59:34.334932  3205  3294 W A       : 	at com.google.common.p.a.ci.run(Unknown Source:4)
11-03 09:59:34.334932  3205  3294 W A       : 	at com.google.apps.tiktok.concurrent.ab.run(SourceFile:1)
11-03 09:59:34.334932  3205  3294 W A       : 	at java.util.concurrent.ThreadPoolExecutor.runWorker(ThreadPoolExecutor.java:1167)
11-03 09:59:34.334932  3205  3294 W A       : 	at java.util.concurrent.ThreadPoolExecutor$Worker.run(ThreadPoolExecutor.java:641)
11-03 09:59:34.334932  3205  3294 W A       : 	at com.google.apps.tiktok.concurrent.c.run(Unknown Source:4)
11-03 09:59:34.334932  3205  3294 W A       : 	at java.lang.Thread.run(Thread.java:764)
--------- switch to system
11-03 09:59:34.341336  1686  1702 W BroadcastQueue: Background execution not allowed: receiving Intent { act=android.intent.action.USER_PRESENT flg=0x10 } to com.google.android.gms/.auth.setup.devicesignals.LockScreenReceiver
11-03 09:59:34.341850  1686  1702 W BroadcastQueue: Background execution not allowed: receiving Intent { act=android.intent.action.USER_PRESENT flg=0x10 } to com.google.android.gms/.chimera.GmsIntentOperationService$PersistentTrustedReceiver
--------- switch to main
11-03 09:59:34.375002   512 11810 I sensors-hal: handle_indication_realtime:355,  SCHED_FIFO(10) for qmi_cbk
11-03 09:59:34.430898  1686  1799 E WifiStateMachine: getWifiLinkLayerStats called without an interface
11-03 09:59:34.462090  1686  1686 I WearPower: [WearTouchMediator] changing touch input to enabled (ON_AUTO)
11-03 09:59:34.464191  1686  1759 I InputReader: Reconfiguring input devices.  changes=0x00000200
11-03 09:59:34.469809   512 11812 I sensors-hal: handle_indication_realtime:355,  SCHED_FIFO(10) for qmi_cbk
--------- switch to kernel
11-03 09:59:34.361843     0     0 I init    : processing action (ro.enable_core_ctl=true && sys.cw_corectl_mode=perf) from (/vendor/etc/init/hw/init.qcom.rc:954)
11-03 09:59:34.364760     0     0 I CPU2    : update cpu_capacity 1024
--------- switch to main
11-03 09:59:34.481007  1686  1686 D WristGestureCtrl: Starting: GesturesEnabled-false UngazeEnabled-true
11-03 09:59:34.481238  1686  1686 D DefaultUngazeDetector: starting
11-03 09:59:34.481348  1686  1686 D DefaultUngazeDetector: startUngazeStateEstimation(). startTime = 61453911
11-03 09:59:34.481704  1686  1686 W AlarmManagerProxy: Removing unknown listener
11-03 09:59:34.483594   512   512 I sensors-hal: batch:140, android.sensor.accelerometer/48, period=19231000, max_latency=100000000
11-03 09:59:34.484004  1686  1686 W DefaultSettingsContentR: Value for ambient_low_bit_enabled not stored as number. Attempting parse as boolean.
11-03 09:59:34.487157   512   512 I sensors-hal: batch:149, android.sensor.accelerometer/48, period=19231000, max_latency=100000000 request completed
11-03 09:59:34.487944   512   512 I sensors-hal: flush:169, android.sensor.accelerometer/48
11-03 09:59:34.490229   512   512 I sensors-hal: flush:175, android.sensor.accelerometer/48 completed
--------- switch to kernel
11-03 09:59:34.398919     0     0 I CPU1    : update max cpu_capacity 748
11-03 09:59:34.399728     0     0 I CPU2    : update max cpu_capacity 1024
11-03 09:59:34.400504     0     0 I CPU3    : update cpu_capacity 1024
--------- switch to main
11-03 09:59:34.520988  3205  3434 W WorkController: Loading failed for worker [trainingcache]: worker not found
11-03 09:59:34.523570  3205  3372 W A       : TrainingCache cache SCREEN_ON failure
11-03 09:59:34.523570  3205  3372 W A       : com.google.android.apps.gsa.search.core.service.h.a.a: No worker found for Worker ID [trainingcache].
11-03 09:59:34.523570  3205  3372 W A       : 	at com.google.android.apps.gsa.search.core.service.g.a.c.a(Unknown Source:5)
11-03 09:59:34.523570  3205  3372 W A       : 	at com.google.android.libraries.gsa.c.a.d.a(Unknown Source:3)
11-03 09:59:34.523570  3205  3372 W A       : 	at com.google.common.p.a.cg.c(Unknown Source:2)
11-03 09:59:34.523570  3205  3372 W A       : 	at com.google.common.p.a.bk.run(SourceFile:3)
11-03 09:59:34.523570  3205  3372 W A       : 	at com.google.common.p.a.ci.run(Unknown Source:4)
11-03 09:59:34.523570  3205  3372 W A       : 	at com.google.apps.tiktok.concurrent.ab.run(SourceFile:1)
11-03 09:59:34.523570  3205  3372 W A       : 	at java.util.concurrent.ThreadPoolExecutor.runWorker(ThreadPoolExecutor.java:1167)
11-03 09:59:34.523570  3205  3372 W A       : 	at java.util.concurrent.ThreadPoolExecutor$Worker.run(ThreadPoolExecutor.java:641)
11-03 09:59:34.523570  3205  3372 W A       : 	at com.google.apps.tiktok.concurrent.c.run(Unknown Source:4)
11-03 09:59:34.523570  3205  3372 W A       : 	at java.lang.Thread.run(Thread.java:764)
--------- switch to kernel
11-03 09:59:34.432862     0     0 I CPU1    : update max cpu_capacity 748
11-03 09:59:34.433697     0     0 I CPU3    : update max cpu_capacity 1024
--------- switch to main
11-03 09:59:34.569388  2520  2520 D HOME    : [StreamDBQueue]Promised revision #3822 to queue a new op
11-03 09:59:34.570173  2520  2520 D WatchStreamManager: Promised rank-blocked=true @ r#3822
11-03 09:59:34.572513  3205  3219 I earchbox:searc: Background concurrent copying GC freed 16718(1439KB) AllocSpace objects, 0(0B) LOS objects, 24% free, 4MB/6MB, paused 162us total 236.670ms
11-03 09:59:34.576173  2520  2714 D HOME    : [TickMonitor]Received time tick
11-03 09:59:34.576737  2520  2714 D HOME    : [TickMonitor]handleTimeTick() finished
11-03 09:59:34.578730  2520 11644 D HOME    : [WatchStreamDB]Item alerting conditions - isInterruptive: false, recentlyInterrupted: false, isItemPinned: false, isUnread: false
11-03 09:59:34.580140  2520 11644 D HOME    : [StreamAlertingRegulator]isTheaterModeEnabled: false, isAlertingAllowedByOffBody: true, matchesLocalInterruptionFilter: true
11-03 09:59:34.580777  2520 11644 D HOME    : [WatchStreamDB]couldItemAlert: false, isTopItemChanged: false, isDeferralForTopItem: false
--------- switch to kernel
11-03 09:59:34.538648     0     0 E bgrsb   : bgrsb_enable: rsb will set report rate
11-03 09:59:34.552617     0     0 E bgrsb   : bgrsb_enable: gpio 32 is valid
--------- switch to main
11-03 09:59:34.681948   504   523 I SDM     : DisplayBase::SetDisplayState: Set state = 3, display 0
11-03 09:59:34.682181   504   523 D SDM     : HWCDisplayPrimary::SetStandByMode: Display is connected successfully
11-03 09:59:34.682837   416  2389 D SKGHAL  : standBy_update_control call succeed on 0
11-03 09:59:34.682924   416  2389 D SKGHAL  : sendAmbientEvent: done: enable = 0
11-03 09:59:34.683725  1686  1823 D SidekickService:    ... endDisplay returns void
11-03 09:59:34.684669   545   545 D SurfaceFlinger: Set power mode=2, type=0 flinger=0xb6bb6000
11-03 09:59:34.685198   504   764 I SDM     : DisplayBase::SetDisplayState: Set state = 1, display 0
--------- switch to kernel
11-03 09:59:34.573649     0     0 I         : [touch]FB_BLANK_VSYNC_SUSPEND
11-03 09:59:34.573655     0     0 I         : [touch]Already in suspend state
--------- switch to main
11-03 09:59:34.697600   545   545 D SurfaceFlinger: Finished set power mode=2, type=0
--------- switch to kernel
11-03 09:59:34.583966     0     0 I mdss_dsi_panel_set_idle_mode: Idle (1->0)
11-03 09:59:34.584980     0     0 E mdp3_enable_panic_ctrl: mdp3_enable_panic_ctrl: Enable Panic Control
11-03 09:59:34.585059     0     0 I         : [touch]FB_BLANK_UNBLANK
11-03 09:59:34.585064     0     0 I         : [touch]raydium_ts_do_resume, 1.
11-03 09:59:34.587800     0     0 I         : [ raydium ]workqueue is empty!
11-03 09:59:34.587816     0     0 I raydium_ts 5-0039: [touch]Already enable irq
11-03 09:59:34.587818     0     0 I         : [touch]Device may wakeup
--------- switch to system
11-03 09:59:34.700782  1686  1712 W PowerManagerService: Screen on took 608 ms
11-03 09:59:34.701204  1686  1712 I DreamManagerService: Gently waking up from dream.
11-03 09:59:34.701980  1686  1708 I DreamManagerService: Performing gentle wake from dream.
11-03 09:59:34.702485  1686  1686 V DreamService[AmbientDream]: wakeUp(): fromSystem=true, mWaking=false, mFinished=false
11-03 09:59:34.702630  1686  1686 V DreamService[AmbientDream]: finish(): mFinished=false
11-03 09:59:34.702725  1686  1686 I DreamManagerService: Leaving dreamland.
11-03 09:59:34.703356  1686  1708 I DreamManagerService: Performing gentle wake from dream.
11-03 09:59:34.703510  1686  1708 I DreamController: Stopping dream: name=ComponentInfo{com.google.android.wearable.ambient/com.google.android.wearable.ambient.AmbientDream}, isTest=false, canDoze=true, userId=0
11-03 09:59:34.705588  1686  1686 V DreamService[AmbientDream]: detach(): Calling onDreamingStopped()
--------- switch to main
11-03 09:59:34.705781  1686  1686 I AmbientService: [ce6a28c] doOnDreamingStopped
11-03 09:59:34.705864  1686  1686 W AlarmManagerProxy: Removing unknown listener
11-03 09:59:34.707718  1686  1686 I AmbientService: [ce6a28c] No auto-resume Activity.
11-03 09:59:34.710779  1686  1686 W AlarmManager: Unrecognized alarm listener com.android.server.job.controllers.-$$Lambda$IdleController$IdlenessTracker$nTdS-lGBXcES5VWKcJFmQFgU7IU@1ab437a
--------- switch to system
11-03 09:59:34.714886  1686  1686 W ContextImpl: Calling a method in the system process without a qualified user: android.app.ContextImpl.sendBroadcast:1020 android.content.ContextWrapper.sendBroadcast:449 com.google.android.wearable.ambient.AmbientDream.onDestroy:273 android.app.ActivityThread.handleStopService:3698 android.app.ActivityThread.access$1700:200 
--------- switch to main
11-03 09:59:34.715179  2520  2520 D HOME    : [HomeVisitsLogger]Logging streamlet event: visit_start
11-03 09:59:34.715503  1686  1686 E AlarmManager: cancel() called with a null PendingIntent
11-03 09:59:34.715561  2520  2520 D HOME    : [HomeVisitsLogger]Logging streamlet event: exit_ambient_mode
--------- switch to system
11-03 09:59:34.715880  1686  1686 V DreamService[AmbientDream]: onDestroy()
--------- switch to main
11-03 09:59:34.716055  2520  2520 D HOME    : [HotwordController]updateClient MODE_WATCH_FACE false false false true
11-03 09:59:34.717266  2520  2520 D HOME    : [WatchFaceUiController]setInAmbientMode false
11-03 09:59:34.717391  2520  2520 D HOME    : [WatchFaceUiController]sendWatchFaceServiceBinder
11-03 09:59:34.726091  2520  2520 D HOME    : [WatchFaceUiController]sendStateToWallpaper
11-03 09:59:34.728818  2520  2520 D HOME    : [WatchFaceUiController]Showing watch face wallpaper.
11-03 09:59:34.729344  2520  2520 D HOME    : [WatchFaceUiController]sendStateToWallpaper
11-03 09:59:34.734728  2520  2520 D HOME    : [StreamDBQueue]Promised revision #3823 to queue a new op
11-03 09:59:34.735178  2520  2520 D WatchStreamManager: Promised rank-blocked=true @ r#3823
11-03 09:59:34.735876  2520  2520 D HOME    : [StreamDBQueue]Promised revision #3824 to queue a new op
11-03 09:59:34.736144  2520  2520 D WatchStreamManager: Promised rank-blocked=true @ r#3824
11-03 09:59:34.736210  2520 11756 D HOME    : [WatchStreamDB]Item alerting conditions - isInterruptive: false, recentlyInterrupted: false, isItemPinned: false, isUnread: false
11-03 09:59:34.736547  2520 11756 D HOME    : [StreamAlertingRegulator]isTheaterModeEnabled: false, isAlertingAllowedByOffBody: true, matchesLocalInterruptionFilter: true
11-03 09:59:34.736786  2520 11756 D HOME    : [WatchStreamDB]couldItemAlert: false, isTopItemChanged: false, isDeferralForTopItem: false
11-03 09:59:34.736821  2520  2520 D HOME    : [TilesController]Tile refresh optimization is enabled.
11-03 09:59:34.737152  2520  2520 D HOME    : [EventBus]Wrapper pool is full. Discarding excess wrapper instance for event com.google.android.clockwork.sysui.events.KeyguardStateEvent
11-03 09:59:34.737280  2520  2520 D HOME    : [WatchFaceUiController]sendStateToWallpaper
11-03 09:59:34.737948  2520 11756 D HOME    : [WatchStreamDB]Item alerting conditions - isInterruptive: false, recentlyInterrupted: false, isItemPinned: false, isUnread: false
11-03 09:59:34.738361  2520 11756 D HOME    : [StreamAlertingRegulator]isTheaterModeEnabled: false, isAlertingAllowedByOffBody: true, matchesLocalInterruptionFilter: true
11-03 09:59:34.738807  2520 11756 D HOME    : [WatchStreamDB]couldItemAlert: false, isTopItemChanged: false, isDeferralForTopItem: false
11-03 09:59:34.740743  2520  2520 D HOME    : [EventBus]Wrapper pool is full. Discarding excess wrapper instance for event com.google.android.clockwork.sysui.events.KeyguardStateEvent
11-03 09:59:34.741509  2520  2520 D HOME    : [EventBus]Wrapper pool is full. Discarding excess wrapper instance for event com.google.android.clockwork.sysui.events.KeyguardStateEvent
11-03 09:59:34.756357  2520  2520 D HOME    : [WatchFaceUiController]sendStateToWallpaper
11-03 09:59:34.763771  2520  2520 W StaticLayout: maxLineHeight should not be -1.  maxLines:1 lineCount:1
11-03 09:59:34.822073  2520  2520 D HOME    : [WatchFaceUiController]sendWatchFaceServiceBinder
11-03 09:59:34.829455  2520  2520 D HOME    : [WatchFaceUiController]sendProperties
11-03 09:59:34.833731  2520  2520 D HOME    : [WatchFaceUiController]sendStateToWallpaper
11-03 09:59:34.852952   512  1749 I sensors-hal: activate:107, android.sensor.light/46 en=0
11-03 09:59:34.857128   512  1749 I sensors-hal: activate:118, android.sensor.light/46 en=0 completed
11-03 09:59:34.861258   512  1749 I sensors-hal: batch:140, android.sensor.light/46, period=250000000, max_latency=0
11-03 09:59:34.861377   512  1749 I sensors-hal: batch:149, android.sensor.light/46, period=250000000, max_latency=0 request completed
11-03 09:59:34.861952   512  1749 I sensors-hal: activate:107, android.sensor.light/46 en=1
11-03 09:59:34.862277   512  1749 I sensors-hal: ssc_enable_rt_task:254, ssc_enable_rt_task : true
11-03 09:59:34.866383   512  1749 I sensors-hal: activate:118, android.sensor.light/46 en=1 completed
--------- switch to system
11-03 09:59:34.878651  1686  1686 V SettingsProvider: Notifying for 0: content://settings/system/screen_brightness
--------- switch to main
11-03 09:59:34.881766  1686  1686 I SidekickService: loadBrightnessLocked()
11-03 09:59:34.882475  1686  1686 D SidekickService: screenBrightness  = 57
11-03 09:59:34.883031  1686  1686 D SidekickService: sendConfigValuesLocked(): alsThresholds = [40, 92, 95, 100, 125, 150, 175, 200, 225, 250, 300, 400, 500, 800, 1200], brightnessValuesBright = [50, 56, 60, 70, 80, 90, 100, 115, 120, 140, 160, 180, 200, 220, 240, 255], brightnessValuesDim= [50, 56, 60, 70, 80, 90, 100, 115, 120, 140, 160, 180, 200, 220, 240, 255]
11-03 09:59:34.909208  1686  1686 D SidekickService: setAlsMode(): mode = 2, brightenAlpha = 80, dimmingAlpha = 80
11-03 09:59:34.928031  1686  1686 D SidekickService: setTwmConfig():: msTiltToBright = 10000, tiltToBright = false
11-03 09:59:35.079613   512 11820 I sensors-hal: handle_indication_realtime:355,  SCHED_FIFO(10) for qmi_cbk
11-03 09:59:37.450669  7790  7806 I Finsky  : [295] com.google.android.finsky.bo.ac.run(5): Stats for Executor: BlockingExecutor com.google.android.finsky.bo.ad@a23a1d2[Running, pool size = 0, active threads = 0, queued tasks = 0, completed tasks = 2]
11-03 09:59:37.880366  7790  7806 I Finsky  : [295] com.google.android.finsky.bo.ac.run(5): Stats for Executor: LightweightExecutor com.google.android.finsky.bo.ad@6e612a3[Running, pool size = 3, active threads = 0, queued tasks = 0, completed tasks = 8]
--------- switch to system
11-03 09:59:39.094540  1686  1712 I PowerManagerService: Going to sleep due to screen timeout (uid 1000)...
11-03 09:59:39.095354  1686  1686 W UsageStatsService: Event reported without a package name
11-03 09:59:39.096110  1686  1712 I DreamManagerService: Entering dreamland.
11-03 09:59:39.097139  1686  1712 I PowerManagerService: Dozing...
11-03 09:59:39.111370  1686  1708 I DreamController: Starting dream: name=ComponentInfo{com.google.android.wearable.ambient/com.google.android.wearable.ambient.AmbientDream}, isTest=false, canDoze=true, userId=0
11-03 09:59:39.126387  1686  1686 W ContextImpl: Calling a method in the system process without a qualified user: android.app.ContextImpl.bindService:1611 android.content.ContextWrapper.bindService:698 com.google.android.wearable.ambient.AmbientDream.onCreate:191 android.app.ActivityThread.handleCreateService:3533 android.app.ActivityThread.access$1300:200 
11-03 09:59:39.128656  1686  1686 W ContextImpl: Calling a method in the system process without a qualified user: android.app.ContextImpl.sendBroadcast:1005 android.content.ContextWrapper.sendBroadcast:444 com.google.android.wearable.ambient.AmbientDream.onCreate:241 android.app.ActivityThread.handleCreateService:3533 android.app.ActivityThread.access$1300:200 
11-03 09:59:39.129383  1686  1686 V DreamService[AmbientDream]: onBind() intent = Intent { act=android.service.dreams.DreamService flg=0x800000 cmp=com.google.android.wearable.ambient/.AmbientDream }
--------- switch to main
11-03 09:59:39.130468  1686  1686 I AmbientService: [ce6a28c] Ambient Created
--------- switch to system
11-03 09:59:39.131614  1686  1686 V DreamService[AmbientDream]: Calling onDreamingStarted()
--------- switch to main
11-03 09:59:39.135838  1686  1686 I AmbientService: [ce6a28c] doOnDreamingStarted
11-03 09:59:39.137035  1686  1686 D SidekickService: setShouldControlDisplay called: true
11-03 09:59:39.139433  1686  1686 I AmbientService: [ce6a28c] Selected running activity for ambient mode: AmbientActivity[component=ComponentInfo{com.google.android.wearable.app/com.google.android.clockwork.home2.activity.HomeActivity2}, callbacks=@210b385, running=true, ambientRequested=true, ambientEnabled=true, offloadEnabled=true]
11-03 09:59:39.140420  1686  1686 I AmbientService: [ce6a28c] Sidekick is ready to display, requesting doze.
11-03 09:59:39.141258  1686  1686 I AmbientService: [ce6a28c] No auto-resume Activity.
11-03 09:59:39.144119  1686  1686 W DefaultSettingsContentR: Value for ambient_low_bit_enabled not stored as number. Attempting parse as boolean.
11-03 09:59:39.147248  1686  1686 I AmbientService: [ce6a28c] Showing watch face in offload mode, canceling alarm.
11-03 09:59:39.147378  1686  1686 W AlarmManagerProxy: Removing unknown listener
11-03 09:59:39.147481  1686  1686 D WristGestureCtrl: Stopping detectors: GesturesEnabled-false gestureDetector-false ungazeEnabled-true ungaze-true
11-03 09:59:39.147520  1686  1686 D DefaultUngazeDetector: stopping
11-03 09:59:39.149230  2520  2520 D HOME    : [HomeVisitsLogger]Logging streamlet event: enter_ambient_mode
11-03 09:59:39.149892  2520  2520 D HOME    : [HotwordController]updateClient MODE_WATCH_FACE false true false true
11-03 09:59:39.149891  2520 11644 D HOME    : [HomeVisitsLogger]Logging streamlet event: visit_end
11-03 09:59:39.151002  2520  2520 D HOME    : [WatchFaceUiController]setInAmbientMode true
11-03 09:59:39.151992   512  1749 I sensors-hal: batch:140, android.sensor.accelerometer/48, period=66667000, max_latency=100000000
11-03 09:59:39.152542  2520  2520 D HOME    : [StreamDBQueue]Promised revision #3825 to queue a new op
11-03 09:59:39.152854  2520  2520 D WatchStreamManager: Promised rank-blocked=false @ r#3825
11-03 09:59:39.153392  2520  2520 D HOME    : [StreamDBQueue]Promised revision #3826 to queue a new op
11-03 09:59:39.153566  2520  2520 D WatchStreamManager: Promised rank-blocked=false @ r#3826
11-03 09:59:39.154037  2520 11078 D HOME    : [StreamDBQueue]Promised revision #3827 to queue a new op
11-03 09:59:39.154175  2520 11078 D WatchStreamManager: Promised rerank @ r#3827
11-03 09:59:39.154278  2520  2520 D HOME    : [EventBus]Wrapper pool is full. Discarding excess wrapper instance for event com.google.android.clockwork.sysui.events.KeyguardStateEvent
11-03 09:59:39.154375  2520  2520 D HOME    : [WatchFaceUiController]sendStateToWallpaper
11-03 09:59:39.154626   512  1749 I sensors-hal: batch:149, android.sensor.accelerometer/48, period=66667000, max_latency=100000000 request completed
11-03 09:59:39.156036  2520  2520 D HOME    : [EventBus]Wrapper pool is full. Discarding excess wrapper instance for event com.google.android.clockwork.sysui.events.KeyguardStateEvent
11-03 09:59:39.156220  2520 11644 I SidekickManager: replaceWatchFaceComponentsImpl(): watchFace = com.google.android.clockwork.decomposablewatchface.WatchFaceDecomposition@3221cb1
11-03 09:59:39.156347  2520  2520 D HOME    : [EventBus]Wrapper pool is full. Discarding excess wrapper instance for event com.google.android.clockwork.sysui.events.KeyguardStateEvent
11-03 09:59:39.158735  2520 11200 D HOME    : [WatchStreamDB]Item alerting conditions - isInterruptive: false, recentlyInterrupted: false, isItemPinned: false, isUnread: false
11-03 09:59:39.165848  1686  2015 D SidekickService: sendWatchFaceComponents called: watchFace = com.google.android.clockwork.decomposablewatchface.WatchFaceDecomposition@508c4aeshouldReplace = false
11-03 09:59:39.166081  1686  2015 D SidekickService: Check decomposition for calling app com.google.android.wearable.app with uid 10049
11-03 09:59:39.166700  1686  2015 D SidekickService: sendWatchFaceLocked(): shouldReplace = false, mSidekickIsControlling = false, 1 images, 0 fonts, 0 numbers, 0 proportionalFonts, 0 strings
11-03 09:59:39.166765  1686  2015 D SidekickService: ISidekickGraphics#beginResources()...
11-03 09:59:39.167620  1686  2015 D SidekickServiceUtils: bitmapFromDrawable: Returning bitmap directly
11-03 09:59:39.169344  1686  2015 D SidekickService: sendBitmapsLocked(): bounds = RectF(0.0, 0.0, 0.0024038462, 0.0024038462), drawableInfo = {.id = 100000, .width = 1, .height = 1, .display = true, .offsetX = 0.0, .offsetY = 0.0, .rotationInfo = {.hasRotation = false, .pivotX = 0.0, .pivotY = 0.0, .degreesPerDay = 0.0, .degreesPerStep = 0.0, .zeroDegreesTime = {.daysSinceLocalEpoch = 0, .msSinceMidnight = 0}}, .transformInfo = {.transformed = false, .flipX = false, .flipY = false, .flip45 = false, .scaleX = 0.0, .scaleY = 0.0}, .type = GENERIC, .blink = {.blinking = false, .periodOnMs = 0.0, .periodOffMs = 0.0, .startTime = {.daysSinceLocalEpoch = 0, .msSinceMidnight = 0}}, .zOrder = 8, .displayInTwm = true}, image.size() = 84
11-03 09:59:39.170155   416  2389 D SKGHAL  : saveResource: resId = 100000
11-03 09:59:39.170567  1686  2015 D SidekickService: sendBitmapsLocked(): status = 0, bytesUsed = 18
11-03 09:59:39.170738  1686  2015 D SidekickService: ISidekickGraphics#endResources()...
11-03 09:59:39.171570  2520 11200 D HOME    : [StreamAlertingRegulator]isTheaterModeEnabled: false, isAlertingAllowedByOffBody: true, matchesLocalInterruptionFilter: true
11-03 09:59:39.172249  2520 11200 D HOME    : [WatchStreamDB]couldItemAlert: false, isTopItemChanged: false, isDeferralForTopItem: false
11-03 09:59:39.173631  2520 11200 D HOME    : [WatchStreamDB]Item alerting conditions - isInterruptive: false, recentlyInterrupted: false, isItemPinned: false, isUnread: false
11-03 09:59:39.174161  2520 11200 D HOME    : [StreamAlertingRegulator]isTheaterModeEnabled: false, isAlertingAllowedByOffBody: true, matchesLocalInterruptionFilter: true
11-03 09:59:39.175571  2520 11200 D HOME    : [WatchStreamDB]couldItemAlert: false, isTopItemChanged: false, isDeferralForTopItem: false
11-03 09:59:39.176554  2520 11200 D HOME    : [WatchStreamDB]updateRanking()
11-03 09:59:39.178410  2520 11200 D HOME    : [WatchStreamDB]Item alerting conditions - isInterruptive: false, recentlyInterrupted: false, isItemPinned: false, isUnread: false
--------- switch to kernel
11-03 09:59:39.064457     0     0 E FG      : fg_psy_get_property: unsupported property 7
11-03 09:59:39.069032     0     0 W healthd : battery l=19 v=3642 t=27.0 h=2 st=3 c=205 fc=443000 cc=0 chg=
--------- switch to main
11-03 09:59:39.179296  2520 11200 D HOME    : [StreamAlertingRegulator]isTheaterModeEnabled: false, isAlertingAllowedByOffBody: true, matchesLocalInterruptionFilter: true
11-03 09:59:39.180708  2520 11200 D HOME    : [WatchStreamDB]couldItemAlert: false, isTopItemChanged: false, isDeferralForTopItem: false
11-03 09:59:39.185802  2520 11200 D HOME    : [NewStreamAdapter]Publishing revision #3827 to adapter clients
11-03 09:59:39.186475  2520 11078 D HOME    : [StreamDBQueue]Promised revision #3828 to queue a new op
11-03 09:59:39.186714  2520 11078 D WatchStreamManager: Promised rerank @ r#3828
11-03 09:59:39.187458  2520 11200 D HOME    : [WatchStreamDB]updateRanking()
11-03 09:59:39.187983  2520 11200 D HOME    : [WatchStreamDB]Item alerting conditions - isInterruptive: false, recentlyInterrupted: false, isItemPinned: false, isUnread: false
11-03 09:59:39.188263  2520 11200 D HOME    : [StreamAlertingRegulator]isTheaterModeEnabled: false, isAlertingAllowedByOffBody: true, matchesLocalInterruptionFilter: true
11-03 09:59:39.190201  1956  1956 D QtiCarrierConfigHelper: WARNING, no carrier configs on phone Id: 0
11-03 09:59:39.190477  2520 11200 D HOME    : [WatchStreamDB]couldItemAlert: false, isTopItemChanged: false, isDeferralForTopItem: false
11-03 09:59:39.191176  2520 11200 D HOME    : [NewStreamAdapter]Publishing revision #3828 to adapter clients
11-03 09:59:39.195583   512  1749 I sensors-hal: activate:107, android.sensor.light/46 en=0
11-03 09:59:39.196559  2520  2520 W StaticLayout: maxLineHeight should not be -1.  maxLines:1 lineCount:1
11-03 09:59:39.197134   512  1749 I sensors-hal: activate:118, android.sensor.light/46 en=0 completed
--------- switch to system
11-03 09:59:39.210930  1686  1710 I DisplayManagerService: Display device changed state: "Écran intégré", DOZE_SUSPEND
--------- switch to main
11-03 09:59:39.211247  2520  2520 D HOME    : [BatteryChange]action: android.intent.action.BATTERY_CHANGED
11-03 09:59:39.211678  2520 11756 D HOME    : [BatteryChange]HandleBatteryChangedTask
11-03 09:59:39.212104  2520 11756 D HOME    : [BatteryChange]level: 19, status: 3
11-03 09:59:39.225754  1686  1759 I InputReader: Reconfiguring input devices.  changes=0x00000004
11-03 09:59:39.228458   545   545 D SurfaceFlinger: Set power mode=3, type=0 flinger=0xb6bb6000
11-03 09:59:39.229163   504   762 I SDM     : DisplayBase::SetDisplayState: Set state = 3, display 0
11-03 09:59:39.284673   545   545 D SurfaceFlinger: Finished set power mode=3, type=0
--------- switch to kernel
11-03 09:59:39.125273     0     0 I mdss_dsi_panel_set_idle_mode: Idle (0->1)
11-03 09:59:39.171725     0     0 I         : [touch]FB_BLANK_VSYNC_SUSPEND
11-03 09:59:39.171737     0     0 I         : [touch]irq disable
11-03 09:59:39.171744     0     0 I         : [touch]workqueue is empty!
11-03 09:59:39.171750     0     0 I         : [touch]raydium_ts_do_suspend.
11-03 09:59:39.171768     0     0 I         : [touch]Device may wakeup
11-03 09:59:39.175796     0     0 I         : [touch]irq enable
--------- switch to main
11-03 09:59:39.393419   416  2389 D SKGHAL  : sendResources: metadata size = 2400, font size = 72
11-03 09:59:39.467544   416  2389 D SKGHAL  : endResources: rc = 0
11-03 09:59:39.468473  1686  1823 W system_server: Long monitor contention with owner Binder:1686_6 (2015) at int com.google.android.clockwork.sidekick.SidekickService$BinderService.sendWatchFace(com.google.android.clockwork.decomposablewatchface.WatchFaceDecomposition, boolean)(SidekickService.java:1021) waiters=0 in boolean com.google.android.clockwork.sidekick.SidekickService$LocalService.startDisplayControl(int) for 183ms
11-03 09:59:39.469238  1686  1823 I SidekickService: beginDisplayLocked(): DOZE_SUSPEND
11-03 09:59:39.469971  2520  2520 D HOME    : [SidekickManagerAsync]replaceWatchFaceComponents(): Callback#onResult(): 0
11-03 09:59:39.470190   416   416 D SKGHAL  : sendAmbientPrepare: enter:
11-03 09:59:39.470294  2520  2520 D HOME    : [WatchFaceUiController]Complication updates sent, posting watch face hiding
11-03 09:59:39.470388  2520  2520 D HOME    : [WatchFaceUiController]Still in ambient watch face, hiding
11-03 09:59:39.470461  2520  2520 D HOME    : [WatchFaceUiController]Hiding watch face wallpaper.
11-03 09:59:39.706048   416   416 D SKGHAL  : sendAmbientEvent: enter: enable = 1
11-03 09:59:39.707841   504   523 I SDM     : DisplayBase::SetDisplayState: Set state = 4, display 0
11-03 09:59:39.707994   504   523 D SDM     : HWCDisplayPrimary::SetStandByMode: Null display is connected successfully
11-03 09:59:39.708243   416   416 D SKGHAL  : standBy_update_control call succeed on 1
11-03 09:59:39.723058   416   416 D SKGHAL  : sendAmbientEvent: done: enable = 1
11-03 09:59:39.723848  1686  1823 D SidekickService:    ... beginDisplay result: 0 for halPower: 1
11-03 09:59:39.729728   512  1749 I sensors-hal: activate:107, android.sensor.accelerometer/48 en=0
11-03 09:59:39.734023   512  1749 I sensors-hal: activate:118, android.sensor.accelerometer/48 en=0 completed
--------- switch to kernel
11-03 09:59:39.626491     0     0 E bgrsb   : bgrsb_enable: gpio 32 is valid
--------- switch to main
11-03 09:59:39.744206  1686  1799 E WifiStateMachine: getWifiLinkLayerStats called without an interface
11-03 09:59:39.774738  1686  1686 I WearPower: [WearTouchMediator] changing touch input to enabled (ON_AUTO)
11-03 09:59:39.776914  1686  1759 I InputReader: Reconfiguring input devices.  changes=0x00000200
--------- switch to kernel
11-03 09:59:39.673837     0     0 I init    : processing action (ro.enable_core_ctl=true && sys.cw_corectl_mode=idle) from (/vendor/etc/init/hw/init.qcom.rc:949)
--------- switch to main
11-03 09:59:39.788541  1686  1686 I AmbientService: [ce6a28c] Timeout alarm not required, auto-resume timeout handled by dream.
11-03 09:59:39.805881  3205  3434 W WorkController: Loading failed for worker [trainingcache]: worker not found
11-03 09:59:39.809524  3205  3294 W A       : TrainingCache cache SCREEN_OFF failure
11-03 09:59:39.809524  3205  3294 W A       : com.google.android.apps.gsa.search.core.service.h.a.a: No worker found for Worker ID [trainingcache].
11-03 09:59:39.809524  3205  3294 W A       : 	at com.google.android.apps.gsa.search.core.service.g.a.c.a(Unknown Source:5)
11-03 09:59:39.809524  3205  3294 W A       : 	at com.google.android.libraries.gsa.c.a.d.a(Unknown Source:3)
11-03 09:59:39.809524  3205  3294 W A       : 	at com.google.common.p.a.cg.c(Unknown Source:2)
11-03 09:59:39.809524  3205  3294 W A       : 	at com.google.common.p.a.bk.run(SourceFile:3)
11-03 09:59:39.809524  3205  3294 W A       : 	at com.google.common.p.a.ci.run(Unknown Source:4)
11-03 09:59:39.809524  3205  3294 W A       : 	at com.google.apps.tiktok.concurrent.ab.run(SourceFile:1)
11-03 09:59:39.809524  3205  3294 W A       : 	at java.util.concurrent.ThreadPoolExecutor.runWorker(ThreadPoolExecutor.java:1167)
11-03 09:59:39.809524  3205  3294 W A       : 	at java.util.concurrent.ThreadPoolExecutor$Worker.run(ThreadPoolExecutor.java:641)
11-03 09:59:39.809524  3205  3294 W A       : 	at com.google.apps.tiktok.concurrent.c.run(Unknown Source:4)
11-03 09:59:39.809524  3205  3294 W A       : 	at java.lang.Thread.run(Thread.java:764)
11-03 09:59:39.836278  2520  2520 D HOME    : [StreamDBQueue]Promised revision #3829 to queue a new op
11-03 09:59:39.837112  2520  2520 D WatchStreamManager: Promised rank-blocked=false @ r#3829
11-03 09:59:39.837732  2520  2520 D HOME    : [CompactHunStarter]detachWindow()
11-03 09:59:39.838619  2520 11756 D HOME    : [StreamDBQueue]Promised revision #3830 to queue a new op
11-03 09:59:39.838971  2520 11756 D WatchStreamManager: Promised rerank @ r#3830
