11-03 12:36:31.222949  2520 14536 D HOME    : [WatchStreamDB]updateRanking()
11-03 12:36:31.223484  2520 14536 D HOME    : [WatchStreamDB]Item alerting conditions - isInterruptive: true, recentlyInterrupted: true, isItemPinned: false, isUnread: false
11-03 12:36:31.223740  2520 14536 D HOME    : [StreamAlertingRegulator]isTheaterModeEnabled: false, isAlertingAllowedByOffBody: true, matchesLocalInterruptionFilter: true
11-03 12:36:31.223946  2520 14536 D HOME    : [WatchStreamDB]couldItemAlert: false, isTopItemChanged: false, isDeferralForTopItem: false
11-03 12:36:31.224469  2520 14536 D HOME    : [NewStreamAdapter]Publishing revision #5690 to adapter clients
--------- switch to kernel
11-03 12:36:31.074673     0     0 E bgrsb   : bgrsb_enable: gpio 32 is valid
11-03 12:36:31.266664     0     0 I PM      : suspend entry 2021-11-03 11:36:31.266664306 UTC
11-03 12:36:31.266674     0     0 I PM      : Syncing filesystems ... done.
--------- switch to system
11-03 12:36:34.099357  1686  1686 I PowerManagerService: Waking up from dozing (uid=1000 reason=tiltToWake)...
--------- switch to kernel
11-03 12:36:31.299401     0     0 I         : Freezing user space processes ... (elapsed 0.005 seconds) done.
11-03 12:36:31.305347     0     0 I         : Freezing remaining freezable tasks ... (elapsed 0.002 seconds) done.
11-03 12:36:31.308322     0     0 I         : Suspending console(s) (use no_console_suspend to debug)
11-03 12:36:31.318747     0     0 I mdss_dsi_panel_set_idle_mode: Idle (1->1)
11-03 12:36:31.355054     0     0 I bgcom   : bgcom_pm_suspend: suspended with : 0
11-03 12:36:31.377626     0     0 I PM      : suspend of devices complete after 67.759 msecs
11-03 12:36:31.380309     0     0 I PM      : late suspend of devices complete after 2.665 msecs
11-03 12:36:31.383475     0     0 I PM      : noirq suspend of devices complete after 3.149 msecs
11-03 12:36:31.383481     0     0 I         : Disabling non-boot CPUs ...
11-03 12:36:31.401761     0     0 W         : IRQ16 no longer affine to CPU1
11-03 12:36:31.401768     0     0 W         : IRQ21 no longer affine to CPU1
11-03 12:36:31.401951     0     0 W         : IRQ93 no longer affine to CPU1
11-03 12:36:31.402617     0     0 I CPU1    : shutdown
11-03 12:36:31.403560     0     0 I suspend ns: 4697725497744	suspend cycles:    1360871770075
11-03 12:36:31.403550     0     0 I CPU0    : msm_cpu_pm_enter_sleep mode:3 during suspend
11-03 12:36:31.403550     0     0 I         : Suspended for 2.614 seconds
11-03 12:36:31.403550     0     0 I resume cycles: 1360921971962
11-03 12:36:31.403830     0     0 I         : Enabling non-boot CPUs ...
11-03 12:36:31.404162     0     0 I CPU1    : update cpu_capacity 1024
11-03 12:36:31.405133     0     0 I         : CPU1 is up
11-03 12:36:31.406775     0     0 I PM      : noirq resume of devices complete after 1.429 msecs
11-03 12:36:31.409427     0     0 I PM      : early resume of devices complete after 1.679 msecs
11-03 12:36:31.411135     0     0 I CPU0    : update max cpu_capacity 748
11-03 12:36:31.431880     0     0 I bgcom   : bgcom_pm_resume: Bgcom resumed with : 0
11-03 12:36:31.441400     0     0 I mdss_dsi_panel_set_idle_mode: Idle (1->1)
11-03 12:36:31.473887     0     0 I PM      : resume of devices complete after 64.441 msecs
11-03 12:36:31.475885     0     0 I         : Restarting tasks ...
11-03 12:36:31.478922     0     0 W QSEECOM : qseecom_receive_req: Interrupted: exiting Listener Service = 12288
11-03 12:36:31.478979     0     0 W QSEECOM : qseecom_receive_req: Interrupted: exiting Listener Service = 28672
11-03 12:36:31.480472     0     0 W QSEECOM : qseecom_receive_req: Interrupted: exiting Listener Service = 8192
11-03 12:36:31.480521     0     0 W QSEECOM : qseecom_receive_req: Interrupted: exiting Listener Service = 11
11-03 12:36:31.480551     0     0 W QSEECOM : qseecom_receive_req: Interrupted: exiting Listener Service = 10
11-03 12:36:31.489747     0     0 I         : done.
11-03 12:36:34.105096     0     0 I PM      : suspend exit 2021-11-03 11:36:34.105096648 UTC
--------- switch to system
11-03 12:36:34.108304  1686  1686 W UsageStatsService: Event reported without a package name
--------- switch to kernel
11-03 12:36:34.125428     0     0 E FG      : fg_psy_get_property: unsupported property 7
11-03 12:36:33.980653     0     0 W healthd : battery l=1 v=3658 t=29.0 h=2 st=3 c=5 fc=443000 cc=0 chg=
--------- switch to main
11-03 12:36:34.141486   512   512 I sensors-hal: batch:140, android.sensor.light/46, period=100000000, max_latency=0
11-03 12:36:34.141623   512   512 I sensors-hal: batch:149, android.sensor.light/46, period=100000000, max_latency=0 request completed
11-03 12:36:34.144259   512   512 I sensors-hal: activate:107, android.sensor.light/46 en=1
11-03 12:36:34.144715   512   512 I sensors-hal: ssc_enable_rt_task:254, ssc_enable_rt_task : true
11-03 12:36:34.148152   512   512 I sensors-hal: activate:118, android.sensor.light/46 en=1 completed
11-03 12:36:34.149287  1686  1823 I SidekickService: endDisplayLocked()
11-03 12:36:34.149833   416  2389 D SKGHAL  : sendAmbientEvent: enter: enable = 0
--------- switch to system
11-03 12:36:34.150091  1686  1710 I DisplayManagerService: Display device changed state: "Écran intégré", ON
--------- switch to main
11-03 12:36:34.161908  4243  4243 D OMService: onDisplayChanged: not dozing
11-03 12:36:34.170903   512   512 I sensors-hal: batch:140, android.sensor.accelerometer/48, period=66667000, max_latency=100000000
11-03 12:36:34.170992   512   512 I sensors-hal: batch:149, android.sensor.accelerometer/48, period=66667000, max_latency=100000000 request completed
11-03 12:36:34.172068  1686  1759 I InputReader: Reconfiguring input devices.  changes=0x00000004
11-03 12:36:34.172703   512   512 I sensors-hal: activate:107, android.sensor.accelerometer/48 en=1
11-03 12:36:34.172980   512   512 I sensors-hal: ssc_enable_rt_task:254, ssc_enable_rt_task : true
11-03 12:36:34.174560   512   512 I sensors-hal: activate:118, android.sensor.accelerometer/48 en=1 completed
11-03 12:36:34.181562  2520  2520 D HOME    : [BatteryChange]action: android.intent.action.BATTERY_CHANGED
11-03 12:36:34.181945  2520 14469 D HOME    : [BatteryChange]HandleBatteryChangedTask
11-03 12:36:34.185517  1686  1799 E WifiStateMachine: getWifiLinkLayerStats called without an interface
--------- switch to system
11-03 12:36:34.190243  1686  1702 W BroadcastQueue: Background execution not allowed: receiving Intent { act=android.intent.action.USER_PRESENT flg=0x10 } to com.google.android.gms/.auth.setup.devicesignals.LockScreenReceiver
11-03 12:36:34.190589  1686  1702 W BroadcastQueue: Background execution not allowed: receiving Intent { act=android.intent.action.USER_PRESENT flg=0x10 } to com.google.android.gms/.chimera.GmsIntentOperationService$PersistentTrustedReceiver
--------- switch to main
11-03 12:36:34.191696  3205  3434 W WorkController: Loading failed for worker [trainingcache]: worker not found
11-03 12:36:34.192391  3205  3372 W A       : TrainingCache cache DEVICE_UNLOCKED failure
11-03 12:36:34.192391  3205  3372 W A       : com.google.android.apps.gsa.search.core.service.h.a.a: No worker found for Worker ID [trainingcache].
11-03 12:36:34.192391  3205  3372 W A       : 	at com.google.android.apps.gsa.search.core.service.g.a.c.a(Unknown Source:5)
11-03 12:36:34.192391  3205  3372 W A       : 	at com.google.android.libraries.gsa.c.a.d.a(Unknown Source:3)
11-03 12:36:34.192391  3205  3372 W A       : 	at com.google.common.p.a.cg.c(Unknown Source:2)
11-03 12:36:34.192391  3205  3372 W A       : 	at com.google.common.p.a.bk.run(SourceFile:3)
11-03 12:36:34.192391  3205  3372 W A       : 	at com.google.common.p.a.ci.run(Unknown Source:4)
11-03 12:36:34.192391  3205  3372 W A       : 	at com.google.apps.tiktok.concurrent.ab.run(SourceFile:1)
11-03 12:36:34.192391  3205  3372 W A       : 	at java.util.concurrent.ThreadPoolExecutor.runWorker(ThreadPoolExecutor.java:1167)
11-03 12:36:34.192391  3205  3372 W A       : 	at java.util.concurrent.ThreadPoolExecutor$Worker.run(ThreadPoolExecutor.java:641)
11-03 12:36:34.192391  3205  3372 W A       : 	at com.google.apps.tiktok.concurrent.c.run(Unknown Source:4)
11-03 12:36:34.192391  3205  3372 W A       : 	at java.lang.Thread.run(Thread.java:764)
11-03 12:36:34.205224  1956  1956 D QtiCarrierConfigHelper: WARNING, no carrier configs on phone Id: 0
11-03 12:36:34.205589  2520 14469 D HOME    : [BatteryChange]level: 1, status: 3
11-03 12:36:34.206336  2520 14469 D HOME    : [BatteryChange]updateStreamItem
11-03 12:36:34.219883  2520 14469 D HOME    : [BatteryChange]batteryHistory size: 20'
11-03 12:36:34.220128  2520 14469 D HOME    : [BatteryChange]timeDelta: 14117144
11-03 12:36:34.220285  2520 14469 D HOME    : [BatteryChange]levelDelta: 21
--------- switch to kernel
11-03 12:36:34.087810     0     0 I init    : processing action (ro.enable_core_ctl=true && sys.cw_corectl_mode=perf) from (/vendor/etc/init/hw/init.qcom.rc:954)
--------- switch to main
11-03 12:36:34.231254  1686  1686 I WearPower: [WearTouchMediator] changing touch input to enabled (ON_AUTO)
11-03 12:36:34.232134  1686  1759 I InputReader: Reconfiguring input devices.  changes=0x00000200
--------- switch to kernel
11-03 12:36:34.089254     0     0 I CPU2    : update cpu_capacity 1024
11-03 12:36:34.090020     0     0 W         : IRQ21 no longer affine to CPU2
11-03 12:36:34.090661     0     0 I CPU2    : shutdown
11-03 12:36:34.094235     0     0 I CPU3    : update cpu_capacity 1024
11-03 12:36:34.095686     0     0 I CPU3    : shutdown
--------- switch to main
11-03 12:36:34.244573  1686  1686 D WristGestureCtrl: Starting: GesturesEnabled-false UngazeEnabled-true
11-03 12:36:34.244671  1686  1686 D DefaultUngazeDetector: starting
11-03 12:36:34.244729  1686  1686 D DefaultUngazeDetector: startUngazeStateEstimation(). startTime = 70873674
11-03 12:36:34.244864  1686  1686 W AlarmManagerProxy: Removing unknown listener
11-03 12:36:34.245815   512   512 I sensors-hal: batch:140, android.sensor.accelerometer/48, period=19231000, max_latency=100000000
11-03 12:36:34.246632  1686  1686 W DefaultSettingsContentR: Value for ambient_low_bit_enabled not stored as number. Attempting parse as boolean.
11-03 12:36:34.247399   512   512 I sensors-hal: batch:149, android.sensor.accelerometer/48, period=19231000, max_latency=100000000 request completed
11-03 12:36:34.247752   512   512 I sensors-hal: flush:169, android.sensor.accelerometer/48
11-03 12:36:34.248988   512   512 I sensors-hal: flush:175, android.sensor.accelerometer/48 completed
11-03 12:36:34.273791  3205  3434 W WorkController: Loading failed for worker [trainingcache]: worker not found
11-03 12:36:34.275628  3205  3294 W A       : TrainingCache cache SCREEN_ON failure
11-03 12:36:34.275628  3205  3294 W A       : com.google.android.apps.gsa.search.core.service.h.a.a: No worker found for Worker ID [trainingcache].
11-03 12:36:34.275628  3205  3294 W A       : 	at com.google.android.apps.gsa.search.core.service.g.a.c.a(Unknown Source:5)
11-03 12:36:34.275628  3205  3294 W A       : 	at com.google.android.libraries.gsa.c.a.d.a(Unknown Source:3)
11-03 12:36:34.275628  3205  3294 W A       : 	at com.google.common.p.a.cg.c(Unknown Source:2)
11-03 12:36:34.275628  3205  3294 W A       : 	at com.google.common.p.a.bk.run(SourceFile:3)
11-03 12:36:34.275628  3205  3294 W A       : 	at com.google.common.p.a.ci.run(Unknown Source:4)
11-03 12:36:34.275628  3205  3294 W A       : 	at com.google.apps.tiktok.concurrent.ab.run(SourceFile:1)
11-03 12:36:34.275628  3205  3294 W A       : 	at java.util.concurrent.ThreadPoolExecutor.runWorker(ThreadPoolExecutor.java:1167)
11-03 12:36:34.275628  3205  3294 W A       : 	at java.util.concurrent.ThreadPoolExecutor$Worker.run(ThreadPoolExecutor.java:641)
11-03 12:36:34.275628  3205  3294 W A       : 	at com.google.apps.tiktok.concurrent.c.run(Unknown Source:4)
11-03 12:36:34.275628  3205  3294 W A       : 	at java.lang.Thread.run(Thread.java:764)
11-03 12:36:34.290073   512 14791 I sensors-hal: handle_indication_realtime:355,  SCHED_FIFO(10) for qmi_cbk
11-03 12:36:34.300234  2520  2520 D HOME    : [StreamDBQueue]Promised revision #5691 to queue a new op
11-03 12:36:34.300482  2520  2520 D WatchStreamManager: Promised rank-blocked=true @ r#5691
11-03 12:36:34.300986  2520  2520 D HOME    : [StreamPreviewer]preview StreamItemId{notifKey=-1|android|51|null|1000, packageName=android, id=51} ambient=false screenOff=false onWatchface=true streamUsage=HUN_STREAM ambientPreviewEnabled=true
11-03 12:36:34.301059  2520  2520 D HOME    : [StreamPreviewer]HUN preview
11-03 12:36:34.301245  2520 14469 D HOME    : [WatchStreamDB]Item alerting conditions - isInterruptive: true, recentlyInterrupted: true, isItemPinned: false, isUnread: false
11-03 12:36:34.303506  2520 14469 D HOME    : [StreamAlertingRegulator]isTheaterModeEnabled: false, isAlertingAllowedByOffBody: true, matchesLocalInterruptionFilter: true
11-03 12:36:34.303815  2520 14469 D HOME    : [WatchStreamDB]couldItemAlert: false, isTopItemChanged: false, isDeferralForTopItem: false
11-03 12:36:34.403527   512 14793 I sensors-hal: handle_indication_realtime:355,  SCHED_FIFO(10) for qmi_cbk
--------- switch to kernel
11-03 12:36:34.272825     0     0 E bgrsb   : bgrsb_enable: rsb will set report rate
11-03 12:36:34.286371     0     0 E bgrsb   : bgrsb_enable: gpio 32 is valid
--------- switch to main
11-03 12:36:34.470884   504   523 I SDM     : DisplayBase::SetDisplayState: Set state = 3, display 0
11-03 12:36:34.471120   504   523 D SDM     : HWCDisplayPrimary::SetStandByMode: Display is connected successfully
11-03 12:36:34.471484   416  2389 D SKGHAL  : standBy_update_control call succeed on 0
11-03 12:36:34.471557   416  2389 D SKGHAL  : sendAmbientEvent: done: enable = 0
11-03 12:36:34.472175  1686  1823 D SidekickService:    ... endDisplay returns void
11-03 12:36:34.473130   545   545 D SurfaceFlinger: Set power mode=2, type=0 flinger=0xb6bb6000
11-03 12:36:34.473587   504   762 I SDM     : DisplayBase::SetDisplayState: Set state = 1, display 0
--------- switch to kernel
11-03 12:36:34.323995     0     0 I         : [touch]FB_BLANK_VSYNC_SUSPEND
11-03 12:36:34.324000     0     0 I         : [touch]Already in suspend state
--------- switch to main
11-03 12:36:34.483827   545   545 D SurfaceFlinger: Finished set power mode=2, type=0
--------- switch to kernel
11-03 12:36:34.333744     0     0 I mdss_dsi_panel_set_idle_mode: Idle (1->0)
11-03 12:36:34.334605     0     0 E mdp3_enable_panic_ctrl: mdp3_enable_panic_ctrl: Enable Panic Control
11-03 12:36:34.334685     0     0 I         : [touch]FB_BLANK_UNBLANK
11-03 12:36:34.334691     0     0 I         : [touch]raydium_ts_do_resume, 1.
11-03 12:36:34.335383     0     0 I         : [ raydium ]workqueue is empty!
11-03 12:36:34.335400     0     0 I raydium_ts 5-0039: [touch]Already enable irq
11-03 12:36:34.335402     0     0 I         : [touch]Device may wakeup
--------- switch to system
11-03 12:36:34.487175  1686  1712 W PowerManagerService: Screen on took 478 ms
11-03 12:36:34.487552  1686  1712 I DreamManagerService: Gently waking up from dream.
11-03 12:36:34.488182  1686  1708 I DreamManagerService: Performing gentle wake from dream.
11-03 12:36:34.488805  1686  1686 V DreamService[AmbientDream]: wakeUp(): fromSystem=true, mWaking=false, mFinished=false
11-03 12:36:34.488910  1686  1686 V DreamService[AmbientDream]: finish(): mFinished=false
11-03 12:36:34.489055  1686  1686 I DreamManagerService: Leaving dreamland.
11-03 12:36:34.489673  1686  1708 I DreamManagerService: Performing gentle wake from dream.
11-03 12:36:34.489832  1686  1708 I DreamController: Stopping dream: name=ComponentInfo{com.google.android.wearable.ambient/com.google.android.wearable.ambient.AmbientDream}, isTest=false, canDoze=true, userId=0
11-03 12:36:34.491723  1686  1686 V DreamService[AmbientDream]: detach(): Calling onDreamingStopped()
--------- switch to main
11-03 12:36:34.491918  1686  1686 I AmbientService: [ce6a28c] doOnDreamingStopped
11-03 12:36:34.492000  1686  1686 W AlarmManagerProxy: Removing unknown listener
11-03 12:36:34.493912  1686  1686 I AmbientService: [ce6a28c] No auto-resume Activity.
11-03 12:36:34.496304  1686  1686 W AlarmManager: Unrecognized alarm listener com.android.server.job.controllers.-$$Lambda$IdleController$IdlenessTracker$nTdS-lGBXcES5VWKcJFmQFgU7IU@1ab437a
11-03 12:36:34.499455  2520  2520 D HOME    : [HomeVisitsLogger]Logging streamlet event: visit_start
11-03 12:36:34.499889  2520  2520 D HOME    : [HomeVisitsLogger]Logging streamlet event: exit_ambient_mode
11-03 12:36:34.500380  2520  2520 D HOME    : [HotwordController]updateClient MODE_WATCH_FACE false false false true
11-03 12:36:34.500838  2520  2520 D HOME    : [AmbientUpdateScheduler]Unscheduling task 0
11-03 12:36:34.504926  2520  2520 D HOME    : [WatchFaceUiController]setInAmbientMode false
11-03 12:36:34.505052  2520  2520 D HOME    : [WatchFaceUiController]sendWatchFaceServiceBinder
--------- switch to system
11-03 12:36:34.503708  1686  1686 W ContextImpl: Calling a method in the system process without a qualified user: android.app.ContextImpl.sendBroadcast:1020 android.content.ContextWrapper.sendBroadcast:449 com.google.android.wearable.ambient.AmbientDream.onDestroy:273 android.app.ActivityThread.handleStopService:3698 android.app.ActivityThread.access$1700:200 
--------- switch to main
11-03 12:36:34.509918  1686  1686 E AlarmManager: cancel() called with a null PendingIntent
--------- switch to system
11-03 12:36:34.511672  1686  1686 V DreamService[AmbientDream]: onDestroy()
--------- switch to main
11-03 12:36:34.512571  2520  2520 D HOME    : [WatchFaceUiController]sendStateToWallpaper
11-03 12:36:34.514391  2520  2520 D HOME    : [WatchFaceUiController]Showing watch face wallpaper.
11-03 12:36:34.514576  2520  2520 D HOME    : [WatchFaceUiController]sendStateToWallpaper
11-03 12:36:34.519308  2520  2520 D HOME    : [StreamDBQueue]Promised revision #5692 to queue a new op
11-03 12:36:34.519603  2520  2520 D WatchStreamManager: Promised rank-blocked=true @ r#5692
11-03 12:36:34.520029  2520  2520 D HOME    : [StreamDBQueue]Promised revision #5693 to queue a new op
11-03 12:36:34.520152  2520  2520 D WatchStreamManager: Promised rank-blocked=true @ r#5693
11-03 12:36:34.520874  2520  2520 D HOME    : [TilesController]Tile refresh optimization is enabled.
11-03 12:36:34.521324  2520  2520 D HOME    : [EventBus]Wrapper pool is full. Discarding excess wrapper instance for event com.google.android.clockwork.sysui.events.KeyguardStateEvent
11-03 12:36:34.521436  2520  2520 D HOME    : [WatchFaceUiController]sendStateToWallpaper
11-03 12:36:34.522703  2520 14469 D HOME    : [WatchStreamDB]Item alerting conditions - isInterruptive: true, recentlyInterrupted: true, isItemPinned: false, isUnread: false
11-03 12:36:34.523294  2520  2520 D HOME    : [EventBus]Wrapper pool is full. Discarding excess wrapper instance for event com.google.android.clockwork.sysui.events.KeyguardStateEvent
11-03 12:36:34.523670  2520  2520 D HOME    : [EventBus]Wrapper pool is full. Discarding excess wrapper instance for event com.google.android.clockwork.sysui.events.KeyguardStateEvent
11-03 12:36:34.528121  2520 14469 D HOME    : [StreamAlertingRegulator]isTheaterModeEnabled: false, isAlertingAllowedByOffBody: true, matchesLocalInterruptionFilter: true
11-03 12:36:34.532841  2520  2520 D HOME    : [WatchFaceUiController]sendStateToWallpaper
11-03 12:36:34.534377  2520 14469 D HOME    : [WatchStreamDB]couldItemAlert: false, isTopItemChanged: false, isDeferralForTopItem: false
11-03 12:36:34.536768  2520 14469 D HOME    : [WatchStreamDB]Item alerting conditions - isInterruptive: true, recentlyInterrupted: true, isItemPinned: false, isUnread: false
11-03 12:36:34.537398  2520 14469 D HOME    : [StreamAlertingRegulator]isTheaterModeEnabled: false, isAlertingAllowedByOffBody: true, matchesLocalInterruptionFilter: true
11-03 12:36:34.540404  2520 14469 D HOME    : [WatchStreamDB]couldItemAlert: false, isTopItemChanged: false, isDeferralForTopItem: false
11-03 12:36:34.547579  2520  2520 W StaticLayout: maxLineHeight should not be -1.  maxLines:1 lineCount:1
11-03 12:36:34.606656  2520  2520 D HOME    : [WatchFaceUiController]sendWatchFaceServiceBinder
11-03 12:36:34.611830  2520  2520 D HOME    : [WatchFaceUiController]sendProperties
11-03 12:36:34.614520  2520  2520 D HOME    : [WatchFaceUiController]sendStateToWallpaper
11-03 12:36:34.764880   512   512 I sensors-hal: activate:107, android.sensor.light/46 en=0
11-03 12:36:34.766021   512   512 I sensors-hal: activate:118, android.sensor.light/46 en=0 completed
11-03 12:36:34.768000   512   512 I sensors-hal: batch:140, android.sensor.light/46, period=250000000, max_latency=0
11-03 12:36:34.768091   512   512 I sensors-hal: batch:149, android.sensor.light/46, period=250000000, max_latency=0 request completed
11-03 12:36:34.768747   512   512 I sensors-hal: activate:107, android.sensor.light/46 en=1
11-03 12:36:34.769805   512   512 I sensors-hal: ssc_enable_rt_task:254, ssc_enable_rt_task : true
11-03 12:36:34.773012   512   512 I sensors-hal: activate:118, android.sensor.light/46 en=1 completed
--------- switch to system
11-03 12:36:34.778409  1686  1686 V SettingsProvider: Notifying for 0: content://settings/system/screen_brightness
--------- switch to main
11-03 12:36:34.779863  1686  1686 I SidekickService: loadBrightnessLocked()
11-03 12:36:34.780666  1686  1686 D SidekickService: screenBrightness  = 67
11-03 12:36:34.781296  1686  1686 D SidekickService: sendConfigValuesLocked(): alsThresholds = [40, 92, 95, 100, 125, 150, 175, 200, 225, 250, 300, 400, 500, 800, 1200], brightnessValuesBright = [50, 56, 60, 70, 80, 90, 100, 115, 120, 140, 160, 180, 200, 220, 240, 255], brightnessValuesDim= [50, 56, 60, 70, 80, 90, 100, 115, 120, 140, 160, 180, 200, 220, 240, 255]
11-03 12:36:34.792392  1686  1686 D SidekickService: setAlsMode(): mode = 2, brightenAlpha = 80, dimmingAlpha = 80
11-03 12:36:34.802623  1686  1686 D SidekickService: setTwmConfig():: msTiltToBright = 10000, tiltToBright = false
11-03 12:36:34.823337   512 14803 I sensors-hal: handle_indication_realtime:355,  SCHED_FIFO(10) for qmi_cbk
--------- switch to system
11-03 12:36:39.009841  1686  1712 I PowerManagerService: Going to sleep due to screen timeout (uid 1000)...
11-03 12:36:39.018137  1686  1686 W UsageStatsService: Event reported without a package name
11-03 12:36:39.018597  1686  1712 I DreamManagerService: Entering dreamland.
11-03 12:36:39.019329  1686  1712 I PowerManagerService: Dozing...
11-03 12:36:39.039066  1686  1708 I DreamController: Starting dream: name=ComponentInfo{com.google.android.wearable.ambient/com.google.android.wearable.ambient.AmbientDream}, isTest=false, canDoze=true, userId=0
11-03 12:36:39.050302  1686  1686 W ContextImpl: Calling a method in the system process without a qualified user: android.app.ContextImpl.bindService:1611 android.content.ContextWrapper.bindService:698 com.google.android.wearable.ambient.AmbientDream.onCreate:191 android.app.ActivityThread.handleCreateService:3533 android.app.ActivityThread.access$1300:200 
11-03 12:36:39.053258  1686  1686 W ContextImpl: Calling a method in the system process without a qualified user: android.app.ContextImpl.sendBroadcast:1005 android.content.ContextWrapper.sendBroadcast:444 com.google.android.wearable.ambient.AmbientDream.onCreate:241 android.app.ActivityThread.handleCreateService:3533 android.app.ActivityThread.access$1300:200 
11-03 12:36:39.053872  1686  1686 V DreamService[AmbientDream]: onBind() intent = Intent { act=android.service.dreams.DreamService flg=0x800000 cmp=com.google.android.wearable.ambient/.AmbientDream }
--------- switch to main
11-03 12:36:39.058569  1686  1686 I AmbientService: [ce6a28c] Ambient Created
--------- switch to system
11-03 12:36:39.064073  1686  1686 V DreamService[AmbientDream]: Calling onDreamingStarted()
--------- switch to main
11-03 12:36:39.064217  1686  1686 I AmbientService: [ce6a28c] doOnDreamingStarted
11-03 12:36:39.064621  1686  1686 D SidekickService: setShouldControlDisplay called: true
11-03 12:36:39.065644  1686  1686 I AmbientService: [ce6a28c] Selected running activity for ambient mode: AmbientActivity[component=ComponentInfo{com.google.android.wearable.app/com.google.android.clockwork.home2.activity.HomeActivity2}, callbacks=@210b385, running=true, ambientRequested=true, ambientEnabled=true, offloadEnabled=true]
11-03 12:36:39.066310  1686  1686 I AmbientService: [ce6a28c] Sidekick is ready to display, requesting doze.
11-03 12:36:39.066801  1686  1686 I AmbientService: [ce6a28c] No auto-resume Activity.
11-03 12:36:39.068201  1686  1686 W DefaultSettingsContentR: Value for ambient_low_bit_enabled not stored as number. Attempting parse as boolean.
11-03 12:36:39.069446  2520  2520 D HOME    : [HomeVisitsLogger]Logging streamlet event: enter_ambient_mode
11-03 12:36:39.070002  2520  2520 D HOME    : [HotwordController]updateClient MODE_WATCH_FACE false true false true
11-03 12:36:39.072803  1686  1686 I AmbientService: [ce6a28c] Showing watch face in offload mode, canceling alarm.
11-03 12:36:39.072875  1686  1686 W AlarmManagerProxy: Removing unknown listener
11-03 12:36:39.072962  1686  1686 D WristGestureCtrl: Stopping detectors: GesturesEnabled-false gestureDetector-false ungazeEnabled-true ungaze-true
11-03 12:36:39.072993  1686  1686 D DefaultUngazeDetector: stopping
11-03 12:36:39.086340  2520 14787 D HOME    : [HomeVisitsLogger]Logging streamlet event: visit_end
11-03 12:36:39.089966   512   512 I sensors-hal: batch:140, android.sensor.accelerometer/48, period=66667000, max_latency=100000000
11-03 12:36:39.092926   512   512 I sensors-hal: batch:149, android.sensor.accelerometer/48, period=66667000, max_latency=100000000 request completed
11-03 12:36:39.109637  2520  2520 D HOME    : [WatchFaceUiController]setInAmbientMode true
11-03 12:36:39.111574  2520 14787 I SidekickManager: replaceWatchFaceComponentsImpl(): watchFace = com.google.android.clockwork.decomposablewatchface.WatchFaceDecomposition@fdd9e2
11-03 12:36:39.113968  2520  2520 D HOME    : [StreamDBQueue]Promised revision #5694 to queue a new op
11-03 12:36:39.114211  2520  2520 D WatchStreamManager: Promised rank-blocked=false @ r#5694
11-03 12:36:39.114542  2520  2520 D HOME    : [StreamDBQueue]Promised revision #5695 to queue a new op
11-03 12:36:39.114657  2520  2520 D WatchStreamManager: Promised rank-blocked=false @ r#5695
11-03 12:36:39.114698  2520 14536 D HOME    : [WatchStreamDB]Item alerting conditions - isInterruptive: true, recentlyInterrupted: true, isItemPinned: false, isUnread: false
11-03 12:36:39.114954  2520 14536 D HOME    : [StreamAlertingRegulator]isTheaterModeEnabled: false, isAlertingAllowedByOffBody: true, matchesLocalInterruptionFilter: true
11-03 12:36:39.115134  2520 14536 D HOME    : [WatchStreamDB]couldItemAlert: false, isTopItemChanged: false, isDeferralForTopItem: false
11-03 12:36:39.115254  2520  2520 D HOME    : [EventBus]Wrapper pool is full. Discarding excess wrapper instance for event com.google.android.clockwork.sysui.events.KeyguardStateEvent
11-03 12:36:39.115334  2520  2520 D HOME    : [WatchFaceUiController]sendStateToWallpaper
11-03 12:36:39.116154  2520 14469 D HOME    : [StreamDBQueue]Promised revision #5696 to queue a new op
11-03 12:36:39.116308  2520 14469 D WatchStreamManager: Promised rerank @ r#5696
11-03 12:36:39.116935  2520  2520 D HOME    : [EventBus]Wrapper pool is full. Discarding excess wrapper instance for event com.google.android.clockwork.sysui.events.KeyguardStateEvent
11-03 12:36:39.117136  2520  2520 D HOME    : [EventBus]Wrapper pool is full. Discarding excess wrapper instance for event com.google.android.clockwork.sysui.events.KeyguardStateEvent
11-03 12:36:39.123847  2520  2520 W StaticLayout: maxLineHeight should not be -1.  maxLines:1 lineCount:1
11-03 12:36:39.132514  1686  9965 D SidekickService: sendWatchFaceComponents called: watchFace = com.google.android.clockwork.decomposablewatchface.WatchFaceDecomposition@bd291c8shouldReplace = false
11-03 12:36:39.132729  1686  9965 D SidekickService: Check decomposition for calling app com.google.android.wearable.app with uid 10049
11-03 12:36:39.133097  1686  9965 D SidekickService: sendWatchFaceLocked(): shouldReplace = false, mSidekickIsControlling = false, 1 images, 0 fonts, 0 numbers, 0 proportionalFonts, 0 strings
11-03 12:36:39.133154  1686  9965 D SidekickService: ISidekickGraphics#beginResources()...
11-03 12:36:39.134233  1686  9965 D SidekickServiceUtils: bitmapFromDrawable: Returning bitmap directly
11-03 12:36:39.136160  1686  9965 D SidekickService: sendBitmapsLocked(): bounds = RectF(0.47115386, 0.33653846, 0.52884614, 0.39423078), drawableInfo = {.id = 100000, .width = 24, .height = 24, .display = true, .offsetX = 193.0, .offsetY = 137.0, .rotationInfo = {.hasRotation = false, .pivotX = 0.0, .pivotY = 0.0, .degreesPerDay = 0.0, .degreesPerStep = 0.0, .zeroDegreesTime = {.daysSinceLocalEpoch = 0, .msSinceMidnight = 0}}, .transformInfo = {.transformed = false, .flipX = false, .flipY = false, .flip45 = false, .scaleX = 0.0, .scaleY = 0.0}, .type = GENERIC, .blink = {.blinking = false, .periodOnMs = 0.0, .periodOffMs = 0.0, .startTime = {.daysSinceLocalEpoch = 0, .msSinceMidnight = 0}}, .zOrder = 8, .displayInTwm = true}, image.size() = 97
11-03 12:36:39.137011   416  2389 D SKGHAL  : saveResource: resId = 100000
11-03 12:36:39.137593  1686  9965 D SidekickService: sendBitmapsLocked(): status = 0, bytesUsed = 64
11-03 12:36:39.137746  1686  9965 D SidekickService: ISidekickGraphics#endResources()...
11-03 12:36:39.139677  2520 14536 D HOME    : [WatchStreamDB]Item alerting conditions - isInterruptive: true, recentlyInterrupted: true, isItemPinned: false, isUnread: false
11-03 12:36:39.144163  2520 14536 D HOME    : [StreamAlertingRegulator]isTheaterModeEnabled: false, isAlertingAllowedByOffBody: true, matchesLocalInterruptionFilter: true
11-03 12:36:39.148252  2520 14536 D HOME    : [WatchStreamDB]couldItemAlert: false, isTopItemChanged: false, isDeferralForTopItem: false
11-03 12:36:39.148818  2520 14536 D HOME    : [WatchStreamDB]updateRanking()
11-03 12:36:39.149342  2520 14536 D HOME    : [WatchStreamDB]Item alerting conditions - isInterruptive: true, recentlyInterrupted: true, isItemPinned: false, isUnread: false
11-03 12:36:39.152413  2520 14536 D HOME    : [StreamAlertingRegulator]isTheaterModeEnabled: false, isAlertingAllowedByOffBody: true, matchesLocalInterruptionFilter: true
11-03 12:36:39.152686  2520 14536 D HOME    : [WatchStreamDB]couldItemAlert: false, isTopItemChanged: false, isDeferralForTopItem: false
11-03 12:36:39.153174  2520 14536 D HOME    : [NewStreamAdapter]Publishing revision #5696 to adapter clients
11-03 12:36:39.154478  2520 14469 D HOME    : [StreamDBQueue]Promised revision #5697 to queue a new op
11-03 12:36:39.154694  2520 14469 D WatchStreamManager: Promised rerank @ r#5697
11-03 12:36:39.154879  2520 14771 D HOME    : [WatchStreamDB]updateRanking()
11-03 12:36:39.155326  2520 14771 D HOME    : [WatchStreamDB]Item alerting conditions - isInterruptive: true, recentlyInterrupted: true, isItemPinned: false, isUnread: false
11-03 12:36:39.155604  2520 14771 D HOME    : [StreamAlertingRegulator]isTheaterModeEnabled: false, isAlertingAllowedByOffBody: true, matchesLocalInterruptionFilter: true
11-03 12:36:39.156872  2520 14771 D HOME    : [WatchStreamDB]couldItemAlert: false, isTopItemChanged: false, isDeferralForTopItem: false
11-03 12:36:39.157409  2520 14771 D HOME    : [NewStreamAdapter]Publishing revision #5697 to adapter clients
11-03 12:36:39.332787   416  2389 D SKGHAL  : sendResources: metadata size = 2400, font size = 72
11-03 12:36:39.406958   416  2389 D SKGHAL  : endResources: rc = 0
11-03 12:36:39.409409  1686  1686 W system_server: Long monitor contention with owner Binder:1686_1D (9965) at int com.google.android.clockwork.sidekick.SidekickService$BinderService.sendWatchFace(com.google.android.clockwork.decomposablewatchface.WatchFaceDecomposition, boolean)(SidekickService.java:1021) waiters=0 in boolean com.google.android.clockwork.sidekick.SidekickService$BinderService.readyToDisplay() for 276ms
11-03 12:36:39.411333  2520  2520 D HOME    : [SidekickManagerAsync]replaceWatchFaceComponents(): Callback#onResult(): 0
11-03 12:36:39.411787  2520  2520 D HOME    : [WatchFaceUiController]Complication updates sent, posting watch face hiding
11-03 12:36:39.411978  2520  2520 D HOME    : [WatchFaceUiController]Still in ambient watch face, hiding
11-03 12:36:39.412056  2520  2520 D HOME    : [WatchFaceUiController]Hiding watch face wallpaper.
--------- switch to system
11-03 12:36:39.414611  1686  1686 W Looper  : Slow dispatch took 291ms main h=android.os.Handler c=com.google.android.wearable.ambient.AmbientDream$Callbacks$1@9c33261 m=0
--------- switch to kernel
11-03 12:36:39.282909     0     0 E FG      : fg_psy_get_property: unsupported property 7
11-03 12:36:39.298315     0     0 W healthd : battery l=1 v=3580 t=29.0 h=2 st=3 c=133 fc=443000 cc=0 chg=
--------- switch to main
11-03 12:36:39.450415   512  1749 I sensors-hal: activate:107, android.sensor.light/46 en=0
11-03 12:36:39.453141  1956  1956 D QtiCarrierConfigHelper: WARNING, no carrier configs on phone Id: 0
11-03 12:36:39.455134  2520  2520 D HOME    : [BatteryChange]action: android.intent.action.BATTERY_CHANGED
11-03 12:36:39.455557  2520 14469 D HOME    : [BatteryChange]HandleBatteryChangedTask
11-03 12:36:39.456028  2520 14469 D HOME    : [BatteryChange]level: 1, status: 3
11-03 12:36:39.457297   512  1749 I sensors-hal: activate:118, android.sensor.light/46 en=0 completed
11-03 12:36:39.459984  2520 14469 D HOME    : [BatteryChange]updateStreamItem
--------- switch to system
11-03 12:36:39.474748  1686  1710 I DisplayManagerService: Display device changed state: "Écran intégré", DOZE_SUSPEND
--------- switch to main
11-03 12:36:39.508537  1686  1759 I InputReader: Reconfiguring input devices.  changes=0x00000004
11-03 12:36:39.513979  2520 14469 D HOME    : [BatteryChange]batteryHistory size: 20'
11-03 12:36:39.514243  2520 14469 D HOME    : [BatteryChange]timeDelta: 14117144
11-03 12:36:39.514392  2520 14469 D HOME    : [BatteryChange]levelDelta: 21
11-03 12:36:39.532952   545   545 D SurfaceFlinger: Set power mode=3, type=0 flinger=0xb6bb6000
11-03 12:36:39.533339   504   762 I SDM     : DisplayBase::SetDisplayState: Set state = 3, display 0
11-03 12:36:39.581936   545   545 D SurfaceFlinger: Finished set power mode=3, type=0
11-03 12:36:39.582608  1686  1823 I SidekickService: beginDisplayLocked(): DOZE_SUSPEND
11-03 12:36:39.583227   416  2389 D SKGHAL  : sendAmbientPrepare: enter:
--------- switch to kernel
11-03 12:36:39.386326     0     0 I mdss_dsi_panel_set_idle_mode: Idle (0->1)
11-03 12:36:39.430770     0     0 I         : [touch]FB_BLANK_VSYNC_SUSPEND
11-03 12:36:39.430777     0     0 I         : [touch]irq disable
11-03 12:36:39.430780     0     0 I         : [touch]workqueue is empty!
11-03 12:36:39.430783     0     0 I         : [touch]raydium_ts_do_suspend.
11-03 12:36:39.430794     0     0 I         : [touch]Device may wakeup
11-03 12:36:39.434543     0     0 I         : [touch]irq enable
--------- switch to main
11-03 12:36:39.712479   416  2389 D SKGHAL  : sendAmbientEvent: enter: enable = 1
11-03 12:36:39.714564   504   523 I SDM     : DisplayBase::SetDisplayState: Set state = 4, display 0
11-03 12:36:39.714718   504   523 D SDM     : HWCDisplayPrimary::SetStandByMode: Null display is connected successfully
11-03 12:36:39.715016   416  2389 D SKGHAL  : standBy_update_control call succeed on 1
11-03 12:36:39.724814   416  2389 D SKGHAL  : sendAmbientEvent: done: enable = 1
11-03 12:36:39.726013  1686  1823 D SidekickService:    ... beginDisplay result: 0 for halPower: 1
11-03 12:36:39.731617   512  1749 I sensors-hal: activate:107, android.sensor.accelerometer/48 en=0
11-03 12:36:39.734203   512  1749 I sensors-hal: activate:118, android.sensor.accelerometer/48 en=0 completed
--------- switch to kernel
11-03 12:36:39.587450     0     0 E bgrsb   : bgrsb_enable: gpio 32 is valid
--------- switch to main
11-03 12:36:39.742222  1686  1799 E WifiStateMachine: getWifiLinkLayerStats called without an interface
11-03 12:36:39.771238  1686  1686 I WearPower: [WearTouchMediator] changing touch input to enabled (ON_AUTO)
11-03 12:36:39.773483  1686  1759 I InputReader: Reconfiguring input devices.  changes=0x00000200
11-03 12:36:39.784978  1686  1686 I AmbientService: [ce6a28c] Timeout alarm not required, auto-resume timeout handled by dream.
--------- switch to kernel
11-03 12:36:39.629599     0     0 I init    : processing action (ro.enable_core_ctl=true && sys.cw_corectl_mode=idle) from (/vendor/etc/init/hw/init.qcom.rc:949)
--------- switch to main
11-03 12:36:39.801153  3205  3434 W WorkController: Loading failed for worker [trainingcache]: worker not found
11-03 12:36:39.807574  3205  3372 W A       : TrainingCache cache SCREEN_OFF failure
11-03 12:36:39.807574  3205  3372 W A       : com.google.android.apps.gsa.search.core.service.h.a.a: No worker found for Worker ID [trainingcache].
11-03 12:36:39.807574  3205  3372 W A       : 	at com.google.android.apps.gsa.search.core.service.g.a.c.a(Unknown Source:5)
11-03 12:36:39.807574  3205  3372 W A       : 	at com.google.android.libraries.gsa.c.a.d.a(Unknown Source:3)
11-03 12:36:39.807574  3205  3372 W A       : 	at com.google.common.p.a.cg.c(Unknown Source:2)
11-03 12:36:39.807574  3205  3372 W A       : 	at com.google.common.p.a.bk.run(SourceFile:3)
11-03 12:36:39.807574  3205  3372 W A       : 	at com.google.common.p.a.ci.run(Unknown Source:4)
11-03 12:36:39.807574  3205  3372 W A       : 	at com.google.apps.tiktok.concurrent.ab.run(SourceFile:1)
11-03 12:36:39.807574  3205  3372 W A       : 	at java.util.concurrent.ThreadPoolExecutor.runWorker(ThreadPoolExecutor.java:1167)
11-03 12:36:39.807574  3205  3372 W A       : 	at java.util.concurrent.ThreadPoolExecutor$Worker.run(ThreadPoolExecutor.java:641)
11-03 12:36:39.807574  3205  3372 W A       : 	at com.google.apps.tiktok.concurrent.c.run(Unknown Source:4)
11-03 12:36:39.807574  3205  3372 W A       : 	at java.lang.Thread.run(Thread.java:764)
11-03 12:36:39.829703  2520  2520 D HOME    : [StreamDBQueue]Promised revision #5698 to queue a new op
11-03 12:36:39.830318  2520  2520 D WatchStreamManager: Promised rank-blocked=false @ r#5698
11-03 12:36:39.830830  2520  2520 D HOME    : [CompactHunStarter]detachWindow()
11-03 12:36:39.831752  2520 14469 D HOME    : [WatchStreamDB]Item alerting conditions - isInterruptive: true, recentlyInterrupted: true, isItemPinned: false, isUnread: false
11-03 12:36:39.832300  2520 14469 D HOME    : [StreamAlertingRegulator]isTheaterModeEnabled: false, isAlertingAllowedByOffBody: true, matchesLocalInterruptionFilter: true
11-03 12:36:39.832677  2520 14469 D HOME    : [WatchStreamDB]couldItemAlert: false, isTopItemChanged: false, isDeferralForTopItem: false
11-03 12:36:39.834427  2520 14787 D HOME    : [StreamDBQueue]Promised revision #5699 to queue a new op
11-03 12:36:39.834811  2520 14787 D WatchStreamManager: Promised rerank @ r#5699
11-03 12:36:39.834860  2520 14536 D HOME    : [WatchStreamDB]updateRanking()
11-03 12:36:39.838646  2520 14536 D HOME    : [WatchStreamDB]Item alerting conditions - isInterruptive: true, recentlyInterrupted: true, isItemPinned: false, isUnread: false
11-03 12:36:39.839423  2520 14536 D HOME    : [StreamAlertingRegulator]isTheaterModeEnabled: false, isAlertingAllowedByOffBody: true, matchesLocalInterruptionFilter: true
11-03 12:36:39.839874  2520 14536 D HOME    : [WatchStreamDB]couldItemAlert: false, isTopItemChanged: false, isDeferralForTopItem: false
11-03 12:36:39.842827  2520 14536 D HOME    : [NewStreamAdapter]Publishing revision #5699 to adapter clients
--------- switch to kernel
11-03 12:36:39.890366     0     0 I PM      : suspend entry 2021-11-03 11:36:39.890366282 UTC
11-03 12:36:39.890392     0     0 I PM      : Syncing filesystems ... done.
11-03 12:36:39.917506     0     0 I         : Freezing user space processes ... (elapsed 0.013 seconds) done.
11-03 12:36:39.931529     0     0 I         : Freezing remaining freezable tasks ... (elapsed 0.006 seconds) done.
11-03 12:36:39.937778     0     0 I         : Suspending console(s) (use no_console_suspend to debug)
11-03 12:36:39.952236     0     0 I mdss_dsi_panel_set_idle_mode: Idle (1->1)
11-03 12:36:39.991186     0     0 I bgcom   : bgcom_pm_suspend: suspended with : 0
11-03 12:36:40.021956     0     0 I PM      : suspend of devices complete after 80.622 msecs
11-03 12:36:40.028070     0     0 I PM      : late suspend of devices complete after 6.071 msecs
11-03 12:36:40.033516     0     0 I PM      : noirq suspend of devices complete after 5.412 msecs
11-03 12:36:40.033532     0     0 I         : Disabling non-boot CPUs ...
11-03 12:36:40.048872     0     0 I CPU1    : shutdown
11-03 12:36:40.051154     0     0 I suspend ns: 4703758417658	suspend cycles:    1361037804024
11-03 12:36:40.051129     0     0 I CPU0    : msm_cpu_pm_enter_sleep mode:3 during suspend
11-03 12:36:40.051129     0     0 I         : Suspended for 0.430 seconds
11-03 12:36:40.051129     0     0 I resume cycles: 1361046072456
11-03 12:36:40.051641     0     0 I         : Enabling non-boot CPUs ...
11-03 12:36:40.052490     0     0 I CPU1    : update cpu_capacity 1024
11-03 12:36:40.053938     0     0 I         : CPU1 is up
11-03 12:36:40.055612     0     0 I CPU1    : update max cpu_capacity 748
11-03 12:36:40.057724     0     0 I PM      : noirq resume of devices complete after 3.458 msecs
11-03 12:36:40.062888     0     0 I PM      : early resume of devices complete after 3.689 msecs
11-03 12:36:40.092247     0     0 I bgcom   : bgcom_pm_resume: Bgcom resumed with : 0
11-03 12:36:40.102185     0     0 I mdss_dsi_panel_set_idle_mode: Idle (1->1)
11-03 12:36:40.139661     0     0 I PM      : resume of devices complete after 76.730 msecs
11-03 12:36:40.144189     0     0 I         : Restarting tasks ...
11-03 12:36:40.149103     0     0 W QSEECOM : qseecom_receive_req: Interrupted: exiting Listener Service = 12288
11-03 12:36:40.149210     0     0 W QSEECOM : qseecom_receive_req: Interrupted: exiting Listener Service = 28672
11-03 12:36:40.153431     0     0 W QSEECOM : qseecom_receive_req: Interrupted: exiting Listener Service = 8192
11-03 12:36:40.153502     0     0 W QSEECOM : qseecom_receive_req: Interrupted: exiting Listener Service = 11
11-03 12:36:40.153539     0     0 W QSEECOM : qseecom_receive_req: Interrupted: exiting Listener Service = 10
--------- switch to system
11-03 12:36:40.590194  1686  1686 I PowerManagerService: Waking up from dozing (uid=1000 reason=tiltToWake)...
--------- switch to kernel
11-03 12:36:40.170976     0     0 I         : done.
11-03 12:36:40.602605     0     0 I PM      : suspend exit 2021-11-03 11:36:40.602605708 UTC
--------- switch to system
11-03 12:36:40.610018  1686  1686 W UsageStatsService: Event reported without a package name
--------- switch to kernel
11-03 12:36:40.616606     0     0 E FG      : fg_psy_get_property: unsupported property 7
11-03 12:36:40.472917     0     0 W healthd : battery l=1 v=3647 t=29.0 h=2 st=3 c=6 fc=443000 cc=0 chg=
11-03 12:36:40.478631     0     0 E mdss_dsi_gen_read_status: Read back value from panel is incorrect
--------- switch to main
11-03 12:36:40.640689   512  1749 I sensors-hal: batch:140, android.sensor.light/46, period=100000000, max_latency=0
11-03 12:36:40.640810   512  1749 I sensors-hal: batch:149, android.sensor.light/46, period=100000000, max_latency=0 request completed
11-03 12:36:40.641187   512  1749 I sensors-hal: activate:107, android.sensor.light/46 en=1
11-03 12:36:40.641555   512  1749 I sensors-hal: ssc_enable_rt_task:254, ssc_enable_rt_task : true
11-03 12:36:40.644106   512  1749 I sensors-hal: activate:118, android.sensor.light/46 en=1 completed
11-03 12:36:40.645769  1686  1823 I SidekickService: endDisplayLocked()
--------- switch to system
11-03 12:36:40.646113  1686  1710 I DisplayManagerService: Display device changed state: "Écran intégré", ON
--------- switch to main
11-03 12:36:40.646461   416  2389 D SKGHAL  : sendAmbientEvent: enter: enable = 0
11-03 12:36:40.661175  4243  4243 D OMService: onDisplayChanged: not dozing
11-03 12:36:40.668555   512  1749 I sensors-hal: batch:140, android.sensor.accelerometer/48, period=66667000, max_latency=100000000
11-03 12:36:40.668620   512  1749 I sensors-hal: batch:149, android.sensor.accelerometer/48, period=66667000, max_latency=100000000 request completed
11-03 12:36:40.668943   512  1749 I sensors-hal: activate:107, android.sensor.accelerometer/48 en=1
11-03 12:36:40.669304   512  1749 I sensors-hal: ssc_enable_rt_task:254, ssc_enable_rt_task : true
11-03 12:36:40.683533   512  1749 I sensors-hal: activate:118, android.sensor.accelerometer/48 en=1 completed
11-03 12:36:40.684129  1686  1759 I InputReader: Reconfiguring input devices.  changes=0x00000004
11-03 12:36:40.694494  1956  1956 D QtiCarrierConfigHelper: WARNING, no carrier configs on phone Id: 0
11-03 12:36:40.699086  2520  2520 D HOME    : [BatteryChange]action: android.intent.action.BATTERY_CHANGED
11-03 12:36:40.699857  2520 14787 D HOME    : [BatteryChange]HandleBatteryChangedTask
11-03 12:36:40.700464  2520 14787 D HOME    : [BatteryChange]level: 1, status: 3
11-03 12:36:40.701642  2520 14787 D HOME    : [BatteryChange]updateStreamItem
11-03 12:36:40.711935  1686  1799 E WifiStateMachine: getWifiLinkLayerStats called without an interface
11-03 12:36:40.723589  3205  3434 W WorkController: Loading failed for worker [trainingcache]: worker not found
11-03 12:36:40.725239  3205  3294 W A       : TrainingCache cache DEVICE_UNLOCKED failure
11-03 12:36:40.725239  3205  3294 W A       : com.google.android.apps.gsa.search.core.service.h.a.a: No worker found for Worker ID [trainingcache].
11-03 12:36:40.725239  3205  3294 W A       : 	at com.google.android.apps.gsa.search.core.service.g.a.c.a(Unknown Source:5)
11-03 12:36:40.725239  3205  3294 W A       : 	at com.google.android.libraries.gsa.c.a.d.a(Unknown Source:3)
11-03 12:36:40.725239  3205  3294 W A       : 	at com.google.common.p.a.cg.c(Unknown Source:2)
11-03 12:36:40.725239  3205  3294 W A       : 	at com.google.common.p.a.bk.run(SourceFile:3)
11-03 12:36:40.725239  3205  3294 W A       : 	at com.google.common.p.a.ci.run(Unknown Source:4)
11-03 12:36:40.725239  3205  3294 W A       : 	at com.google.apps.tiktok.concurrent.ab.run(SourceFile:1)
11-03 12:36:40.725239  3205  3294 W A       : 	at java.util.concurrent.ThreadPoolExecutor.runWorker(ThreadPoolExecutor.java:1167)
11-03 12:36:40.725239  3205  3294 W A       : 	at java.util.concurrent.ThreadPoolExecutor$Worker.run(ThreadPoolExecutor.java:641)
11-03 12:36:40.725239  3205  3294 W A       : 	at com.google.apps.tiktok.concurrent.c.run(Unknown Source:4)
11-03 12:36:40.725239  3205  3294 W A       : 	at java.lang.Thread.run(Thread.java:764)
--------- switch to system
11-03 12:36:40.727869  1686  1702 W BroadcastQueue: Background execution not allowed: receiving Intent { act=android.intent.action.USER_PRESENT flg=0x10 } to com.google.android.gms/.auth.setup.devicesignals.LockScreenReceiver
11-03 12:36:40.752481  1686  1702 W BroadcastQueue: Background execution not allowed: receiving Intent { act=android.intent.action.USER_PRESENT flg=0x10 } to com.google.android.gms/.chimera.GmsIntentOperationService$PersistentTrustedReceiver
--------- switch to kernel
11-03 12:36:40.585189     0     0 E bgrsb   : bgrsb_enable: rsb will set report rate
11-03 12:36:40.604734     0     0 E bgrsb   : bgrsb_enable: gpio 32 is valid
--------- switch to main
11-03 12:36:40.767045   512 14807 I sensors-hal: handle_indication_realtime:355,  SCHED_FIFO(10) for qmi_cbk
11-03 12:36:40.807887  2520 14787 D HOME    : [BatteryChange]batteryHistory size: 20'
11-03 12:36:40.808328  2520 14787 D HOME    : [BatteryChange]timeDelta: 14117144
11-03 12:36:40.808673  2520 14787 D HOME    : [BatteryChange]levelDelta: 21
11-03 12:36:40.827871  1686  1686 I WearPower: [WearTouchMediator] changing touch input to enabled (ON_AUTO)
11-03 12:36:40.831056  1686  1759 I InputReader: Reconfiguring input devices.  changes=0x00000200
--------- switch to kernel
11-03 12:36:40.693113     0     0 I init    : processing action (ro.enable_core_ctl=true && sys.cw_corectl_mode=perf) from (/vendor/etc/init/hw/init.qcom.rc:954)
11-03 12:36:40.695767     0     0 I CPU2    : update cpu_capacity 1024
11-03 12:36:40.699606     0     0 I CPU2    : shutdown
--------- switch to main
11-03 12:36:40.854255  1686  1686 D WristGestureCtrl: Starting: GesturesEnabled-false UngazeEnabled-true
11-03 12:36:40.854497  1686  1686 D DefaultUngazeDetector: starting
11-03 12:36:40.854607  1686  1686 D DefaultUngazeDetector: startUngazeStateEstimation(). startTime = 70880284
11-03 12:36:40.854883  1686  1686 W AlarmManagerProxy: Removing unknown listener
11-03 12:36:40.856767   512  1749 I sensors-hal: batch:140, android.sensor.accelerometer/48, period=19231000, max_latency=100000000
11-03 12:36:40.857812  1686  1686 W DefaultSettingsContentR: Value for ambient_low_bit_enabled not stored as number. Attempting parse as boolean.
11-03 12:36:40.860090   512 14809 I sensors-hal: handle_indication_realtime:355,  SCHED_FIFO(10) for qmi_cbk
11-03 12:36:40.861665   512  1749 I sensors-hal: batch:149, android.sensor.accelerometer/48, period=19231000, max_latency=100000000 request completed
11-03 12:36:40.862534   512  1749 I sensors-hal: flush:169, android.sensor.accelerometer/48
11-03 12:36:40.864060   512  1749 I sensors-hal: flush:175, android.sensor.accelerometer/48 completed
--------- switch to kernel
11-03 12:36:40.720902     0     0 I CPU3    : update cpu_capacity 1024
