11-03 20:52:37.364781    20    20 E         : [20:52:37.989431] [00000005AE165668] [VosRX]  wlan: [E :HDD] hdd_log_ip_addr: dst addr 192:168:1:14
11-03 20:52:37.392793     0     0 I bgcom   : bgcom_pm_resume: Bgcom resumed with : 0
11-03 20:52:37.404312     0     0 I mdss_dsi_panel_set_idle_mode: Idle (1->1)
11-03 20:52:37.440789     0     0 I PM      : resume of devices complete after 77.609 msecs
11-03 20:52:37.443396     0     0 I         : Restarting tasks ...
11-03 20:52:37.445799     0     0 W QSEECOM : qseecom_receive_req: Interrupted: exiting Listener Service = 8192
11-03 20:52:37.449303     0     0 W QSEECOM : qseecom_receive_req: Interrupted: exiting Listener Service = 12288
11-03 20:52:37.449362     0     0 W QSEECOM : qseecom_receive_req: Interrupted: exiting Listener Service = 11
11-03 20:52:37.449395     0     0 W QSEECOM : qseecom_receive_req: Interrupted: exiting Listener Service = 10
11-03 20:52:37.449425     0     0 W QSEECOM : qseecom_receive_req: Interrupted: exiting Listener Service = 28672
11-03 20:52:37.454461     0     0 I         : done.
11-03 20:52:38.080864     0     0 I PM      : suspend exit 2021-11-03 19:52:38.080864779 UTC
11-03 20:52:38.182863     0     0 I PM      : suspend entry 2021-11-03 19:52:38.182863789 UTC
11-03 20:52:38.182877     0     0 I PM      : Syncing filesystems ... done.
11-03 20:52:38.288051     0     0 I         : Freezing user space processes ... (elapsed 0.007 seconds) done.
11-03 20:52:38.295676     0     0 I         : Freezing remaining freezable tasks ... (elapsed 0.003 seconds) done.
11-03 20:52:38.299604     0     0 I         : Suspending console(s) (use no_console_suspend to debug)
11-03 20:52:38.311683     0     0 I mdss_dsi_panel_set_idle_mode: Idle (1->1)
11-03 20:52:38.345933     0     0 I bgcom   : bgcom_pm_suspend: suspended with : 0
11-03 20:52:38.383794     0     0 I PM      : suspend of devices complete after 81.795 msecs
11-03 20:52:38.389844     0     0 I PM      : late suspend of devices complete after 6.005 msecs
11-03 20:52:38.395816     0     0 I PM      : noirq suspend of devices complete after 5.945 msecs
11-03 20:52:38.395828     0     0 I         : Disabling non-boot CPUs ...
11-03 20:52:38.413939     0     0 I CPU1    : shutdown
11-03 20:52:38.415762     0     0 I suspend ns: 915916578052	suspend cycles:      24403721591
11-03 20:52:38.415743     0     0 I CPU0    : msm_cpu_pm_enter_sleep mode:3 during suspend
11-03 20:52:38.415743     0     0 I         : Suspended for 0.625 seconds
11-03 20:52:38.415743     0     0 I resume cycles: 24415725430
11-03 20:52:38.415998     0     0 I         : Enabling non-boot CPUs ...
11-03 20:52:38.416811     0     0 I CPU1    : update cpu_capacity 1024
11-03 20:52:38.418251     0     0 I         : CPU1 is up
11-03 20:52:38.420741     0     0 I CPU1    : update max cpu_capacity 1024
11-03 20:52:38.422050     0     0 I PM      : noirq resume of devices complete after 3.487 msecs
11-03 20:52:38.427311     0     0 I PM      : early resume of devices complete after 3.779 msecs
11-03 20:52:38.428578    20    20 E         : [20:52:39.053783] [00000005AF4E28E4] [VosRX]  wlan: [E :WDI] WDTS_RxPacketDump RX Data frame is UC
11-03 20:52:38.428600    20    20 E         : [20:52:39.053814] [00000005AF4E2B3B] [VosRX]  wlan: [E :WDI] WDTS_RxPacketDump: Data subtype:8 SA:44:fe:3b:41:13:4b DA:00:0a:f5:f2:a2:70
11-03 20:52:38.428698    20    20 E         : [20:52:39.053909] [00000005AF4E3270] [VosRX]  wlan: [E :HDD] hdd_log_ip_addr: src addr 192:168:1:3
11-03 20:52:38.428711    20    20 E         : [20:52:39.053926] [00000005AF4E3396] [VosRX]  wlan: [E :HDD] hdd_log_ip_addr: dst addr 192:168:1:14
11-03 20:52:38.457363     0     0 I bgcom   : bgcom_pm_resume: Bgcom resumed with : 0
11-03 20:52:38.468921     0     0 I mdss_dsi_panel_set_idle_mode: Idle (1->1)
11-03 20:52:38.505286     0     0 I PM      : resume of devices complete after 77.949 msecs
11-03 20:52:38.507901     0     0 I         : Restarting tasks ...
11-03 20:52:38.510540     0     0 W QSEECOM : qseecom_receive_req: Interrupted: exiting Listener Service = 12288
11-03 20:52:38.510594     0     0 W QSEECOM : qseecom_receive_req: Interrupted: exiting Listener Service = 28672
11-03 20:52:38.513548     0     0 W QSEECOM : qseecom_receive_req: Interrupted: exiting Listener Service = 8192
11-03 20:52:38.513609     0     0 W QSEECOM : qseecom_receive_req: Interrupted: exiting Listener Service = 11
11-03 20:52:38.513643     0     0 W QSEECOM : qseecom_receive_req: Interrupted: exiting Listener Service = 10
11-03 20:52:38.520989     0     0 I         : done.
11-03 20:52:39.146867     0     0 I PM      : suspend exit 2021-11-03 19:52:39.146867642 UTC
11-03 20:52:39.248317     0     0 I PM      : suspend entry 2021-11-03 19:52:39.248317069 UTC
11-03 20:52:39.248333     0     0 I PM      : Syncing filesystems ... done.
11-03 20:52:39.351357     0     0 I         : Freezing user space processes ... (elapsed 0.007 seconds) done.
11-03 20:52:39.358643     0     0 I         : Freezing remaining freezable tasks ... (elapsed 0.003 seconds) done.
11-03 20:52:39.362588     0     0 I         : Suspending console(s) (use no_console_suspend to debug)
11-03 20:52:39.374367     0     0 I mdss_dsi_panel_set_idle_mode: Idle (1->1)
11-03 20:52:39.410703     0     0 I bgcom   : bgcom_pm_suspend: suspended with : 0
11-03 20:52:39.448554     0     0 I PM      : suspend of devices complete after 83.740 msecs
11-03 20:52:39.454579     0     0 I PM      : late suspend of devices complete after 5.980 msecs
11-03 20:52:39.460422     0     0 I PM      : noirq suspend of devices complete after 5.818 msecs
11-03 20:52:39.460434     0     0 I         : Disabling non-boot CPUs ...
11-03 20:52:39.477153     0     0 W         : IRQ16 no longer affine to CPU1
11-03 20:52:39.477451     0     0 W         : IRQ93 no longer affine to CPU1
11-03 20:52:39.479058     0     0 I CPU1    : shutdown
11-03 20:52:39.481023     0     0 I suspend ns: 916356634355	suspend cycles:      24424174511
11-03 20:52:39.481002     0     0 I CPU0    : msm_cpu_pm_enter_sleep mode:3 during suspend
11-03 20:52:39.481002     0     0 I         : Suspended for 0.816 seconds
11-03 20:52:39.481002     0     0 I resume cycles: 24439846610
11-03 20:52:39.481259     0     0 I         : Enabling non-boot CPUs ...
11-03 20:52:39.482071     0     0 I CPU1    : update cpu_capacity 1024
11-03 20:52:39.483494     0     0 I         : CPU1 is up
11-03 20:52:39.485802     0     0 I CPU1    : update max cpu_capacity 1024
11-03 20:52:39.487330     0     0 I PM      : noirq resume of devices complete after 3.521 msecs
11-03 20:52:39.492555     0     0 I PM      : early resume of devices complete after 3.743 msecs
11-03 20:52:39.493829    20    20 E         : [20:52:40.310085] [00000005B0BE3790] [VosRX]  wlan: [E :WDI] WDTS_RxPacketDump RX Data frame is UC
11-03 20:52:39.493851    20    20 E         : [20:52:40.310117] [00000005B0BE39DE] [VosRX]  wlan: [E :WDI] WDTS_RxPacketDump: Data subtype:8 SA:44:fe:3b:41:13:4b DA:00:0a:f5:f2:a2:70
11-03 20:52:39.493947    20    20 E         : [20:52:40.310213] [00000005B0BE411C] [VosRX]  wlan: [E :HDD] hdd_log_ip_addr: src addr 192:168:1:3
11-03 20:52:39.493960    20    20 E         : [20:52:40.310228] [00000005B0BE422D] [VosRX]  wlan: [E :HDD] hdd_log_ip_addr: dst addr 192:168:1:14
11-03 20:52:39.522023     0     0 I bgcom   : bgcom_pm_resume: Bgcom resumed with : 0
11-03 20:52:39.533526     0     0 I mdss_dsi_panel_set_idle_mode: Idle (1->1)
11-03 20:52:39.570315     0     0 I PM      : resume of devices complete after 77.730 msecs
11-03 20:52:39.572927     0     0 I         : Restarting tasks ...
11-03 20:52:39.575675     0     0 W QSEECOM : qseecom_receive_req: Interrupted: exiting Listener Service = 8192
11-03 20:52:39.575918     0     0 W QSEECOM : qseecom_receive_req: Interrupted: exiting Listener Service = 12288
11-03 20:52:39.575986     0     0 W QSEECOM : qseecom_receive_req: Interrupted: exiting Listener Service = 28672
11-03 20:52:39.578571     0     0 W QSEECOM : qseecom_receive_req: Interrupted: exiting Listener Service = 11
11-03 20:52:39.578622     0     0 W QSEECOM : qseecom_receive_req: Interrupted: exiting Listener Service = 10
11-03 20:52:39.579528     0     0 I         : done.
11-03 20:52:40.396518     0     0 I PM      : suspend exit 2021-11-03 19:52:40.396518110 UTC
11-03 20:52:40.501499     0     0 I PM      : suspend entry 2021-11-03 19:52:40.501499308 UTC
--------- switch to main
11-03 20:52:40.599125  1784  2040 W bt_sdp  : SDP - Rcvd conn cnf with error: 0x4  CID 0x48
11-03 20:52:40.599960  1784  1971 D BluetoothHeadsetClientServiceJni: connection_state_cb: state 0 peer_feat 0 chld_feat 0
11-03 20:52:40.600562  1784  1971 E bt_btif : btif_hf_client_get_cb_by_bda: could not find block for bdaddr
11-03 20:52:40.600622  1784  1971 E bt_btif : btif_hf_client_upstreams_evt: event 3 but not allocating block: cb not found
11-03 20:52:40.600688  1784  1971 I bt_btif_queue: queue_int_advance: removing connection request: address=14:3c:c3:ad:3d:53 UUID=111E busy=true
11-03 20:52:40.601225  1784  2068 D HeadsetClientStateMachine: Enter Disconnected: 100
--------- switch to kernel
11-03 20:52:40.501514     0     0 I PM      : Syncing filesystems ... done.
11-03 20:52:40.608701     0     0 I         : Freezing user space processes ...
11-03 20:52:40.614764     0     0 I PM      : Wakeup pending, aborting suspend
11-03 20:52:40.614782     0     0 I         : active wakeup source: APPS_RIVA_BT_CMD
11-03 20:52:40.614877     0     0 E         : Freezing of tasks aborted after 0.006 seconds
11-03 20:52:40.614891     0     0 I         : Restarting tasks ...
11-03 20:52:40.615602     0     0 W QSEECOM : qseecom_receive_req: Interrupted: exiting Listener Service = 11
11-03 20:52:40.615656     0     0 W QSEECOM : qseecom_receive_req: Interrupted: exiting Listener Service = 10
11-03 20:52:40.618878     0     0 W QSEECOM : qseecom_receive_req: Interrupted: exiting Listener Service = 8192
11-03 20:52:40.618932     0     0 W QSEECOM : qseecom_receive_req: Interrupted: exiting Listener Service = 12288
11-03 20:52:40.618963     0     0 W QSEECOM : qseecom_receive_req: Interrupted: exiting Listener Service = 28672
11-03 20:52:40.630148     0     0 I         : done.
11-03 20:52:40.633281     0     0 I PM      : suspend exit 2021-11-03 19:52:40.633281651 UTC
--------- switch to main
11-03 20:52:40.606004  1784  1784 D AdapterProperties: PROFILE_CONNECTION_STATE_CHANGE: profile=16, device=14:3C:C3:AD:3D:53, 1 -> 0
11-03 20:52:40.606470  1784  1784 D AdapterProperties: ADAPTER_CONNECTION_STATE_CHANGE: 14:3C:C3:AD:3D:53: 1 -> 0
11-03 20:52:40.607405  3281  3281 D BtTelecomReceiver: onReceive: Intent { act=android.bluetooth.headsetclient.profile.action.CONNECTION_STATE_CHANGED flg=0x10 cmp=com.google.android.apps.wearable.bluetooth/com.google.android.clockwork.hfp.BtTelecomBroadcastReceiver (has extras) }
11-03 20:52:40.607601  3281  3281 D BtTelecomReceiver: Hfp connection changed: -724754873 1 -> 0
11-03 20:52:40.625172  3281  3281 D HfpClientConnService: onCreate
11-03 20:52:40.626034  3281  3281 D HfpClientConnService: disabling HFP
11-03 20:52:40.626158  3281  3281 I HfpClientConnService: enable request:Enable Request - time:1635969160607 type:false reason:headset client disconnected
11-03 20:52:40.628877  3281  3281 I HfpClientConnService: account already disabled
--------- switch to kernel
11-03 20:52:41.093460     0     0 I PM      : suspend entry 2021-11-03 19:52:41.093460505 UTC
11-03 20:52:41.093482     0     0 I PM      : Syncing filesystems ... done.
11-03 20:52:41.120157     0     0 I         : Freezing user space processes ... (elapsed 0.008 seconds) done.
11-03 20:52:41.128812     0     0 I         : Freezing remaining freezable tasks ... (elapsed 0.004 seconds) done.
11-03 20:52:41.133311     0     0 I         : Suspending console(s) (use no_console_suspend to debug)
11-03 20:52:41.145994     0     0 I mdss_dsi_panel_set_idle_mode: Idle (1->1)
11-03 20:52:41.187608     0     0 I bgcom   : bgcom_pm_suspend: suspended with : 0
11-03 20:52:41.189558     0     0 E dpm_run_callback(): platform_pm_suspend+0x0/0x50 returns -16
11-03 20:52:41.189567     0     0 E PM      : Device alarmtimer failed to suspend: error -16
11-03 20:52:41.202777     0     0 E PM      : Some devices failed to suspend, or early wake event detected
11-03 20:52:41.206143     0     0 I bgcom   : bgcom_pm_resume: Bgcom resumed with : 0
11-03 20:52:41.218313     0     0 I mdss_dsi_panel_set_idle_mode: Idle (1->1)
11-03 20:52:41.258028     0     0 I PM      : resume of devices complete after 55.212 msecs
11-03 20:52:41.262797     0     0 I         : Restarting tasks ...
11-03 20:52:41.265353     0     0 W QSEECOM : qseecom_receive_req: Interrupted: exiting Listener Service = 11
11-03 20:52:41.265462     0     0 W QSEECOM : qseecom_receive_req: Interrupted: exiting Listener Service = 10
11-03 20:52:41.265511     0     0 W QSEECOM : qseecom_receive_req: Interrupted: exiting Listener Service = 28672
11-03 20:52:41.271214     0     0 W QSEECOM : qseecom_receive_req: Interrupted: exiting Listener Service = 8192
11-03 20:52:41.271306     0     0 W QSEECOM : qseecom_receive_req: Interrupted: exiting Listener Service = 12288
11-03 20:52:41.272652     0     0 I         : done.
11-03 20:52:41.273736     0     0 I PM      : suspend exit 2021-11-03 19:52:41.273736130 UTC
11-03 20:52:42.296472     0     0 E FG      : fg_psy_get_property: unsupported property 7
11-03 20:52:42.230787     0     0 W healthd : battery l=26 v=3969 t=39.0 h=2 st=2 c=-287 fc=443000 cc=0 chg=a
--------- switch to main
11-03 20:52:42.331742  2264  3158 E memtrack: Couldn't load memtrack module
11-03 20:52:42.332551  2264  3158 W android.os.Debug: failed to get memory consumption info: -1
--------- switch to kernel
11-03 20:52:43.233506     0     0 I PM      : suspend entry 2021-11-03 19:52:43.233506026 UTC
11-03 20:52:43.233528     0     0 I PM      : Syncing filesystems ... done.
11-03 20:52:43.352561     0     0 I         : Freezing user space processes ... (elapsed 0.010 seconds) done.
11-03 20:52:43.363384     0     0 I         : Freezing remaining freezable tasks ... (elapsed 0.005 seconds) done.
11-03 20:52:43.369408     0     0 I         : Suspending console(s) (use no_console_suspend to debug)
11-03 20:52:43.384827     0     0 I mdss_dsi_panel_set_idle_mode: Idle (1->1)
11-03 20:52:43.429987     0     0 I bgcom   : bgcom_pm_suspend: suspended with : 0
11-03 20:52:43.459285     0     0 I PM      : suspend of devices complete after 85.912 msecs
11-03 20:52:43.465097     0     0 I PM      : late suspend of devices complete after 5.770 msecs
11-03 20:52:43.470703     0     0 I PM      : noirq suspend of devices complete after 5.581 msecs
11-03 20:52:43.470715     0     0 I         : Disabling non-boot CPUs ...
11-03 20:52:43.485106     0     0 I CPU1    : shutdown
11-03 20:52:43.487113     0     0 I suspend ns: 919546481656	suspend cycles:      24501091678
11-03 20:52:43.487093     0     0 I CPU0    : msm_cpu_pm_enter_sleep mode:3 during suspend
11-03 20:52:43.487093     0     0 I         : Suspended for 0.503 seconds
11-03 20:52:43.487093     0     0 I resume cycles: 24510764315
11-03 20:52:43.487354     0     0 I         : Enabling non-boot CPUs ...
11-03 20:52:43.488167     0     0 I CPU1    : update cpu_capacity 1024
11-03 20:52:43.489622     0     0 I         : CPU1 is up
11-03 20:52:43.491969     0     0 I CPU1    : update max cpu_capacity 1024
11-03 20:52:43.493558     0     0 I PM      : noirq resume of devices complete after 3.625 msecs
11-03 20:52:43.498824     0     0 I PM      : early resume of devices complete after 3.787 msecs
11-03 20:52:43.500089    20    20 E         : [20:52:44.003883] [00000005B4F86285] [VosRX]  wlan: [E :WDI] WDTS_RxPacketDump RX Data frame is UC
11-03 20:52:43.500111    20    20 E         : [20:52:44.003916] [00000005B4F864D9] [VosRX]  wlan: [E :WDI] WDTS_RxPacketDump: Data subtype:8 SA:44:fe:3b:41:13:4b DA:00:0a:f5:f2:a2:70
11-03 20:52:43.500209    20    20 E         : [20:52:44.004014] [00000005B4F86C38] [VosRX]  wlan: [E :HDD] hdd_log_ip_addr: src addr 192:168:1:1
11-03 20:52:43.500269    20    20 E         : [20:52:44.004028] [00000005B4F86D32] [VosRX]  wlan: [E :HDD] hdd_log_ip_addr: dst addr 192:168:1:14
11-03 20:52:43.528376     0     0 I bgcom   : bgcom_pm_resume: Bgcom resumed with : 0
11-03 20:52:43.539455     0     0 I mdss_dsi_panel_set_idle_mode: Idle (1->1)
11-03 20:52:43.576269     0     0 I PM      : resume of devices complete after 77.414 msecs
11-03 20:52:43.578934     0     0 I         : Restarting tasks ...
11-03 20:52:43.581600     0     0 W QSEECOM : qseecom_receive_req: Interrupted: exiting Listener Service = 12288
11-03 20:52:43.584299     0     0 W QSEECOM : qseecom_receive_req: Interrupted: exiting Listener Service = 8192
11-03 20:52:43.584352     0     0 W QSEECOM : qseecom_receive_req: Interrupted: exiting Listener Service = 11
11-03 20:52:43.584383     0     0 W QSEECOM : qseecom_receive_req: Interrupted: exiting Listener Service = 10
11-03 20:52:43.584413     0     0 W QSEECOM : qseecom_receive_req: Interrupted: exiting Listener Service = 28672
11-03 20:52:43.585310     0     0 I         : done.
11-03 20:52:44.089857     0     0 I PM      : suspend exit 2021-11-03 19:52:44.089857692 UTC
11-03 20:52:44.217398     0     0 I PM      : suspend entry 2021-11-03 19:52:44.217398942 UTC
11-03 20:52:44.217411     0     0 I PM      : Syncing filesystems ... done.
11-03 20:52:44.319816     0     0 I         : Freezing user space processes ... (elapsed 0.007 seconds) done.
11-03 20:52:44.327304     0     0 I         : Freezing remaining freezable tasks ... (elapsed 0.003 seconds) done.
11-03 20:52:44.331276     0     0 I         : Suspending console(s) (use no_console_suspend to debug)
11-03 20:52:44.343149     0     0 I mdss_dsi_panel_set_idle_mode: Idle (1->1)
11-03 20:52:44.380624     0     0 I bgcom   : bgcom_pm_suspend: suspended with : 0
11-03 20:52:44.417408     0     0 I PM      : suspend of devices complete after 83.906 msecs
11-03 20:52:44.423148     0     0 I PM      : late suspend of devices complete after 5.699 msecs
11-03 20:52:44.428991     0     0 I PM      : noirq suspend of devices complete after 5.816 msecs
11-03 20:52:44.429005     0     0 I         : Disabling non-boot CPUs ...
11-03 20:52:44.446919     0     0 W         : IRQ16 no longer affine to CPU1
11-03 20:52:44.446933     0     0 W         : IRQ21 no longer affine to CPU1
11-03 20:52:44.447237     0     0 W         : IRQ93 no longer affine to CPU1
11-03 20:52:44.448833     0     0 I CPU1    : shutdown
11-03 20:52:44.450897     0     0 I suspend ns: 920006474990	suspend cycles:      24519596187
11-03 20:52:44.450878     0     0 I CPU0    : msm_cpu_pm_enter_sleep mode:3 during suspend
11-03 20:52:44.451140     0     0 I         : Enabling non-boot CPUs ...
11-03 20:52:44.451957     0     0 I CPU1    : update cpu_capacity 1024
11-03 20:52:44.453449     0     0 I         : CPU1 is up
11-03 20:52:44.455624     0     0 I CPU1    : update max cpu_capacity 1024
11-03 20:52:44.457432     0     0 I PM      : noirq resume of devices complete after 3.666 msecs
11-03 20:52:44.462956     0     0 I PM      : early resume of devices complete after 4.042 msecs
11-03 20:52:44.464468    20    20 E         : [20:52:45.233325] [00000005B66092A4] [VosRX]  wlan: [E :WDI] WDTS_RxPacketDump RX Data frame is UC
11-03 20:52:44.464490    20    20 E         : [20:52:45.233360] [00000005B6609516] [VosRX]  wlan: [E :WDI] WDTS_RxPacketDump: Data subtype:8 SA:44:fe:3b:41:13:4b DA:00:0a:f5:f2:a2:70
11-03 20:52:44.464591    20    20 E         : [20:52:45.233459] [00000005B6609C9F] [VosRX]  wlan: [E :HDD] hdd_log_ip_addr: src addr 192:168:1:3
11-03 20:52:44.464604    20    20 E         : [20:52:45.233475] [00000005B6609DB2] [VosRX]  wlan: [E :HDD] hdd_log_ip_addr: dst addr 192:168:1:14
11-03 20:52:44.494893     0     0 I bgcom   : bgcom_pm_resume: Bgcom resumed with : 0
11-03 20:52:44.504785     0     0 I mdss_dsi_panel_set_idle_mode: Idle (1->1)
11-03 20:52:44.539851     0     0 I PM      : resume of devices complete after 76.867 msecs
11-03 20:52:44.542514     0     0 I         : Restarting tasks ...
11-03 20:52:44.545202     0     0 W QSEECOM : qseecom_receive_req: Interrupted: exiting Listener Service = 12288
11-03 20:52:44.548082     0     0 W QSEECOM : qseecom_receive_req: Interrupted: exiting Listener Service = 8192
11-03 20:52:44.548140     0     0 W QSEECOM : qseecom_receive_req: Interrupted: exiting Listener Service = 11
11-03 20:52:44.548172     0     0 W QSEECOM : qseecom_receive_req: Interrupted: exiting Listener Service = 10
11-03 20:52:44.548202     0     0 W QSEECOM : qseecom_receive_req: Interrupted: exiting Listener Service = 28672
11-03 20:52:44.555773     0     0 I         : done.
11-03 20:52:45.325325     0     0 I PM      : suspend exit 2021-11-03 19:52:45.325325451 UTC
11-03 20:52:45.425989     0     0 I PM      : suspend entry 2021-11-03 19:52:45.425989774 UTC
11-03 20:52:45.426003     0     0 I PM      : Syncing filesystems ... done.
11-03 20:52:45.526716     0     0 I         : Freezing user space processes ... (elapsed 0.007 seconds) done.
11-03 20:52:45.534205     0     0 I         : Freezing remaining freezable tasks ... (elapsed 0.004 seconds) done.
11-03 20:52:45.538320     0     0 I         : Suspending console(s) (use no_console_suspend to debug)
11-03 20:52:45.549801     0     0 I mdss_dsi_panel_set_idle_mode: Idle (1->1)
11-03 20:52:45.589389     0     0 I bgcom   : bgcom_pm_suspend: suspended with : 0
11-03 20:52:45.624980     0     0 I PM      : suspend of devices complete after 84.436 msecs
11-03 20:52:45.630502     0     0 I PM      : late suspend of devices complete after 5.476 msecs
11-03 20:52:45.636258     0     0 I PM      : noirq suspend of devices complete after 5.731 msecs
11-03 20:52:45.636270     0     0 I         : Disabling non-boot CPUs ...
11-03 20:52:45.655564     0     0 W         : IRQ16 no longer affine to CPU1
11-03 20:52:45.655578     0     0 W         : IRQ21 no longer affine to CPU1
11-03 20:52:45.655886     0     0 W         : IRQ93 no longer affine to CPU1
11-03 20:52:45.657521     0     0 I CPU1    : shutdown
11-03 20:52:45.659552     0     0 I suspend ns: 920446274053	suspend cycles:      24542802364
11-03 20:52:45.659535     0     0 I CPU0    : msm_cpu_pm_enter_sleep mode:3 during suspend
11-03 20:52:45.659535     0     0 I         : Suspended for 0.481 seconds
11-03 20:52:45.659535     0     0 I resume cycles: 24552045876
11-03 20:52:45.659784     0     0 I         : Enabling non-boot CPUs ...
11-03 20:52:45.660610     0     0 I CPU1    : update cpu_capacity 1024
11-03 20:52:45.662078     0     0 I         : CPU1 is up
11-03 20:52:45.664353     0     0 I CPU1    : update max cpu_capacity 1024
11-03 20:52:45.665912     0     0 I PM      : noirq resume of devices complete after 3.538 msecs
11-03 20:52:45.671438     0     0 I PM      : early resume of devices complete after 4.046 msecs
11-03 20:52:45.672940    20    20 E         : [20:52:46.154375] [00000005B76E694E] [VosRX]  wlan: [E :WDI] WDTS_RxPacketDump RX Data frame is UC
11-03 20:52:45.672962    20    20 E         : [20:52:46.154407] [00000005B76E6BA5] [VosRX]  wlan: [E :WDI] WDTS_RxPacketDump: Data subtype:8 SA:44:fe:3b:41:13:4b DA:00:0a:f5:f2:a2:70
11-03 20:52:45.673057    20    20 E         : [20:52:46.154502] [00000005B76E72D3] [VosRX]  wlan: [E :HDD] hdd_log_ip_addr: src addr 192:168:1:3
11-03 20:52:45.673071    20    20 E         : [20:52:46.154517] [00000005B76E73DB] [VosRX]  wlan: [E :HDD] hdd_log_ip_addr: dst addr 192:168:1:14
11-03 20:52:45.700474     0     0 I bgcom   : bgcom_pm_resume: Bgcom resumed with : 0
11-03 20:52:45.712126     0     0 I mdss_dsi_panel_set_idle_mode: Idle (1->1)
11-03 20:52:45.748653     0     0 I PM      : resume of devices complete after 77.185 msecs
11-03 20:52:45.751294     0     0 I         : Restarting tasks ...
11-03 20:52:45.753858     0     0 W QSEECOM : qseecom_receive_req: Interrupted: exiting Listener Service = 8192
11-03 20:52:45.753916     0     0 W QSEECOM : qseecom_receive_req: Interrupted: exiting Listener Service = 10
11-03 20:52:45.756693     0     0 W QSEECOM : qseecom_receive_req: Interrupted: exiting Listener Service = 12288
11-03 20:52:45.756749     0     0 W QSEECOM : qseecom_receive_req: Interrupted: exiting Listener Service = 11
11-03 20:52:45.756781     0     0 W QSEECOM : qseecom_receive_req: Interrupted: exiting Listener Service = 28672
11-03 20:52:45.762860     0     0 I         : done.
11-03 20:52:46.245022     0     0 I PM      : suspend exit 2021-11-03 19:52:46.245022846 UTC
11-03 20:52:46.346515     0     0 I PM      : suspend entry 2021-11-03 19:52:46.346515814 UTC
11-03 20:52:46.346529     0     0 I PM      : Syncing filesystems ... done.
11-03 20:52:46.469008     0     0 I         : Freezing user space processes ... (elapsed 0.007 seconds) done.
11-03 20:52:46.476744     0     0 I         : Freezing remaining freezable tasks ... (elapsed 0.003 seconds) done.
11-03 20:52:46.480692     0     0 I         : Suspending console(s) (use no_console_suspend to debug)
11-03 20:52:46.492233     0     0 I mdss_dsi_panel_set_idle_mode: Idle (1->1)
11-03 20:52:46.531032     0     0 I bgcom   : bgcom_pm_suspend: suspended with : 0
11-03 20:52:46.568015     0     0 I PM      : suspend of devices complete after 85.108 msecs
11-03 20:52:46.573525     0     0 I PM      : late suspend of devices complete after 5.468 msecs
11-03 20:52:46.579396     0     0 I PM      : noirq suspend of devices complete after 5.847 msecs
11-03 20:52:46.579410     0     0 I         : Disabling non-boot CPUs ...
11-03 20:52:46.596854     0     0 W         : IRQ16 no longer affine to CPU1
11-03 20:52:46.597163     0     0 W         : IRQ93 no longer affine to CPU1
11-03 20:52:46.598825     0     0 I CPU1    : shutdown
11-03 20:52:46.600910     0     0 I suspend ns: 920906194991	suspend cycles:      24560876358
11-03 20:52:46.600889     0     0 I CPU0    : msm_cpu_pm_enter_sleep mode:3 during suspend
11-03 20:52:46.600889     0     0 I         : Suspended for 0.767 seconds
11-03 20:52:46.600889     0     0 I resume cycles: 24575614895
11-03 20:52:46.601159     0     0 I         : Enabling non-boot CPUs ...
11-03 20:52:46.601975     0     0 I CPU1    : update cpu_capacity 1024
11-03 20:52:46.603427     0     0 I         : CPU1 is up
11-03 20:52:46.605659     0     0 I CPU1    : update max cpu_capacity 1024
11-03 20:52:46.607250     0     0 I PM      : noirq resume of devices complete after 3.518 msecs
11-03 20:52:46.612775     0     0 I PM      : early resume of devices complete after 4.053 msecs
11-03 20:52:46.614340    20    20 E         : [20:52:47.381974] [00000005B8D60F29] [VosRX]  wlan: [E :WDI] WDTS_RxPacketDump RX Data frame is UC
11-03 20:52:46.614361    20    20 E         : [20:52:47.382005] [00000005B8D6117A] [VosRX]  wlan: [E :WDI] WDTS_RxPacketDump: Data subtype:8 SA:44:fe:3b:41:13:4b DA:00:0a:f5:f2:a2:70
11-03 20:52:46.614456    20    20 E         : [20:52:47.382098] [00000005B8D61898] [VosRX]  wlan: [E :HDD] hdd_log_ip_addr: src addr 192:168:1:3
11-03 20:52:46.614470    20    20 E         : [20:52:47.382114] [00000005B8D619A6] [VosRX]  wlan: [E :HDD] hdd_log_ip_addr: dst addr 192:168:1:14
11-03 20:52:46.642518     0     0 I bgcom   : bgcom_pm_resume: Bgcom resumed with : 0
11-03 20:52:46.652448     0     0 I mdss_dsi_panel_set_idle_mode: Idle (1->1)
11-03 20:52:46.690252     0     0 I PM      : resume of devices complete after 77.450 msecs
11-03 20:52:46.692897     0     0 I         : Restarting tasks ...
11-03 20:52:46.695610     0     0 W QSEECOM : qseecom_receive_req: Interrupted: exiting Listener Service = 8192
11-03 20:52:46.695677     0     0 W QSEECOM : qseecom_receive_req: Interrupted: exiting Listener Service = 10
11-03 20:52:46.698452     0     0 W QSEECOM : qseecom_receive_req: Interrupted: exiting Listener Service = 12288
11-03 20:52:46.698504     0     0 W QSEECOM : qseecom_receive_req: Interrupted: exiting Listener Service = 11
11-03 20:52:46.698534     0     0 W QSEECOM : qseecom_receive_req: Interrupted: exiting Listener Service = 28672
11-03 20:52:46.704999     0     0 I         : done.
11-03 20:52:47.473666     0     0 I PM      : suspend exit 2021-11-03 19:52:47.473666594 UTC
11-03 20:52:47.575215     0     0 I PM      : suspend entry 2021-11-03 19:52:47.575215396 UTC
11-03 20:52:47.575229     0     0 I PM      : Syncing filesystems ... done.
11-03 20:52:47.675065     0     0 I         : Freezing user space processes ... (elapsed 0.007 seconds) done.
11-03 20:52:47.682549     0     0 I         : Freezing remaining freezable tasks ... (elapsed 0.004 seconds) done.
11-03 20:52:47.686680     0     0 I         : Suspending console(s) (use no_console_suspend to debug)
11-03 20:52:47.698019     0     0 I mdss_dsi_panel_set_idle_mode: Idle (1->1)
11-03 20:52:47.738754     0     0 I bgcom   : bgcom_pm_suspend: suspended with : 0
11-03 20:52:47.774508     0     0 I PM      : suspend of devices complete after 85.609 msecs
11-03 20:52:47.780113     0     0 I PM      : late suspend of devices complete after 5.563 msecs
11-03 20:52:47.785907     0     0 I PM      : noirq suspend of devices complete after 5.769 msecs
11-03 20:52:47.785919     0     0 I         : Disabling non-boot CPUs ...
11-03 20:52:47.806325     0     0 I CPU1    : shutdown
11-03 20:52:47.808321     0     0 I suspend ns: 921345975825	suspend cycles:      24584058687
11-03 20:52:47.808301     0     0 I CPU0    : msm_cpu_pm_enter_sleep mode:3 during suspend
11-03 20:52:47.808301     0     0 I         : Suspended for 0.481 seconds
11-03 20:52:47.808301     0     0 I resume cycles: 24593302689
11-03 20:52:47.808557     0     0 I         : Enabling non-boot CPUs ...
11-03 20:52:47.809365     0     0 I CPU1    : update cpu_capacity 1024
11-03 20:52:47.810815     0     0 I         : CPU1 is up
11-03 20:52:47.813157     0     0 I CPU1    : update max cpu_capacity 1024
11-03 20:52:47.814680     0     0 I PM      : noirq resume of devices complete after 3.549 msecs
11-03 20:52:47.820191     0     0 I PM      : early resume of devices complete after 4.026 msecs
11-03 20:52:47.821697    20    20 E         : [20:52:48.303157] [00000005B9E3EFE3] [VosRX]  wlan: [E :WDI] WDTS_RxPacketDump RX Data frame is UC
11-03 20:52:47.821719    20    20 E         : [20:52:48.303189] [00000005B9E3F259] [VosRX]  wlan: [E :WDI] WDTS_RxPacketDump: Data subtype:8 SA:44:fe:3b:41:13:4b DA:00:0a:f5:f2:a2:70
11-03 20:52:47.821816    20    20 E         : [20:52:48.303287] [00000005B9E3F9AF] [VosRX]  wlan: [E :HDD] hdd_log_ip_addr: src addr 192:168:1:3
11-03 20:52:47.821829    20    20 E         : [20:52:48.303301] [00000005B9E3FAB4] [VosRX]  wlan: [E :HDD] hdd_log_ip_addr: dst addr 192:168:1:14
11-03 20:52:47.849043     0     0 I bgcom   : bgcom_pm_resume: Bgcom resumed with : 0
11-03 20:52:47.860451     0     0 I mdss_dsi_panel_set_idle_mode: Idle (1->1)
11-03 20:52:47.897755     0     0 I PM      : resume of devices complete after 77.535 msecs
11-03 20:52:47.900398     0     0 I         : Restarting tasks ...
11-03 20:52:47.902958     0     0 W QSEECOM : qseecom_receive_req: Interrupted: exiting Listener Service = 11
11-03 20:52:47.903118     0     0 W QSEECOM : qseecom_receive_req: Interrupted: exiting Listener Service = 28672
11-03 20:52:47.905628     0     0 W QSEECOM : qseecom_receive_req: Interrupted: exiting Listener Service = 8192
11-03 20:52:47.905682     0     0 W QSEECOM : qseecom_receive_req: Interrupted: exiting Listener Service = 12288
11-03 20:52:47.905716     0     0 W QSEECOM : qseecom_receive_req: Interrupted: exiting Listener Service = 10
11-03 20:52:47.912771     0     0 I         : done.
11-03 20:52:48.395088     0     0 I PM      : suspend exit 2021-11-03 19:52:48.395088052 UTC
11-03 20:52:48.496574     0     0 I PM      : suspend entry 2021-11-03 19:52:48.496574615 UTC
11-03 20:52:48.496588     0     0 I PM      : Syncing filesystems ...
11-03 20:52:48.588899     0     0 E FG      : fg_psy_get_property: unsupported property 7
11-03 20:52:48.590925     0     0 I chatty  : uid=0(root) logd identical 1 line
11-03 20:52:48.591990     0     0 E FG      : fg_psy_get_property: unsupported property 7
11-03 20:52:48.593939     0     0 I         : done.
11-03 20:52:48.594132     0     0 I         : Freezing user space processes ...
11-03 20:52:48.599332     0     0 I PM      : Wakeup pending, aborting suspend
11-03 20:52:48.599387     0     0 I         : active wakeup source: NETLINK
11-03 20:52:48.599441     0     0 E         : Freezing of tasks aborted after 0.005 seconds
11-03 20:52:48.599455     0     0 I         : Restarting tasks ...
11-03 20:52:48.600022     0     0 W QSEECOM : qseecom_receive_req: Interrupted: exiting Listener Service = 12288
11-03 20:52:48.600074     0     0 W QSEECOM : qseecom_receive_req: Interrupted: exiting Listener Service = 10
11-03 20:52:48.600104     0     0 W QSEECOM : qseecom_receive_req: Interrupted: exiting Listener Service = 28672
--------- switch to main
11-03 20:52:48.615771  1906  1906 D QtiCarrierConfigHelper: WARNING, no carrier configs on phone Id: 0
11-03 20:52:48.626922  2365  2365 D HOME    : [WatchFaceUiController]sendStateToWallpaper
11-03 20:52:48.632796  2365  5231 D HOME    : [ComplicationController]scheduleImmediateUpdateForAllFromProvider ComponentInfo{com.google.android.wearable.app/com.google.android.clockwork.home.complications.providers.BatteryProviderService}
--------- switch to kernel
11-03 20:52:48.603703     0     0 W QSEECOM : qseecom_receive_req: Interrupted: exiting Listener Service = 8192
11-03 20:52:48.603756     0     0 W QSEECOM : qseecom_receive_req: Interrupted: exiting Listener Service = 11
11-03 20:52:48.537151     0     0 W healthd : battery l=26 v=3970 t=39.0 h=2 st=2 c=-287 fc=443000 cc=0 chg=a
11-03 20:52:48.537259     0     0 W healthd : battery l=26 v=3970 t=39.0 h=2 st=2 c=-287 fc=443000 cc=0 chg=a
11-03 20:52:48.538688     0     0 I         : done.
11-03 20:52:48.608665     0     0 I PM      : suspend exit 2021-11-03 19:52:48.608665187 UTC
--------- switch to main
11-03 20:52:48.650699  2365  2365 D HOME    : [BatteryChange]action: android.intent.action.BATTERY_CHANGED
11-03 20:52:48.655462  2365  5231 D HOME    : [BatteryChange]HandleBatteryChangedTask
11-03 20:52:48.659702  2365  5231 D HOME    : [BatteryChange]level: 26, status: 2
11-03 20:52:48.660818  2365  5231 D HOME    : [BatteryChange]level: 26, timestamp: 1635969168660
--------- switch to kernel
11-03 20:52:48.809463     0     0 I PM      : suspend entry 2021-11-03 19:52:48.809463208 UTC
11-03 20:52:48.809486     0     0 I PM      : Syncing filesystems ... done.
11-03 20:52:48.836353     0     0 I         : Freezing user space processes ... (elapsed 0.007 seconds) done.
11-03 20:52:48.843531     0     0 I         : Freezing remaining freezable tasks ... (elapsed 0.004 seconds) done.
11-03 20:52:48.847594     0     0 I         : Suspending console(s) (use no_console_suspend to debug)
11-03 20:52:48.859446     0     0 I mdss_dsi_panel_set_idle_mode: Idle (1->1)
11-03 20:52:48.899962     0     0 I bgcom   : bgcom_pm_suspend: suspended with : 0
11-03 20:52:48.938270     0     0 I PM      : suspend of devices complete after 88.461 msecs
11-03 20:52:48.943786     0     0 I PM      : late suspend of devices complete after 5.476 msecs
11-03 20:52:48.949629     0     0 I PM      : noirq suspend of devices complete after 5.815 msecs
11-03 20:52:48.949643     0     0 I         : Disabling non-boot CPUs ...
11-03 20:52:48.967705     0     0 I CPU1    : shutdown
11-03 20:52:48.969779     0     0 I suspend ns: 922025982285	suspend cycles:      24606358813
11-03 20:52:48.969760     0     0 I CPU0    : msm_cpu_pm_enter_sleep mode:3 during suspend
11-03 20:52:48.969760     0     0 I         : Suspended for 0.548 seconds
11-03 20:52:48.969760     0     0 I resume cycles: 24616900323
11-03 20:52:48.970009     0     0 I         : Enabling non-boot CPUs ...
11-03 20:52:48.970823     0     0 I CPU1    : update cpu_capacity 1024
11-03 20:52:48.972287     0     0 I         : CPU1 is up
11-03 20:52:48.974475     0     0 I CPU1    : update max cpu_capacity 1024
11-03 20:52:48.976163     0     0 I PM      : noirq resume of devices complete after 3.546 msecs
11-03 20:52:48.981683     0     0 I PM      : early resume of devices complete after 4.049 msecs
11-03 20:52:48.983770    20    20 E         : [20:52:49.532809] [00000005BB4C2FDF] [VosRX]  wlan: [E :WDI] WDTS_RxPacketDump RX Data frame is UC
11-03 20:52:48.983792    20    20 E         : [20:52:49.532848] [00000005BB4C32C4] [VosRX]  wlan: [E :WDI] WDTS_RxPacketDump: Data subtype:8 SA:44:fe:3b:41:13:4b DA:00:0a:f5:f2:a2:70
11-03 20:52:48.983884    20    20 E         : [20:52:49.532939] [00000005BB4C3996] [VosRX]  wlan: [E :HDD] hdd_log_ip_addr: src addr 192:168:1:3
11-03 20:52:48.983897    20    20 E         : [20:52:49.532955] [00000005BB4C3AB2] [VosRX]  wlan: [E :HDD] hdd_log_ip_addr: dst addr 192:168:1:14
11-03 20:52:49.010651     0     0 I bgcom   : bgcom_pm_resume: Bgcom resumed with : 0
11-03 20:52:49.022138     0     0 I mdss_dsi_panel_set_idle_mode: Idle (1->1)
11-03 20:52:49.059146     0     0 I PM      : resume of devices complete after 77.435 msecs
11-03 20:52:49.062002     0     0 I         : Restarting tasks ...
11-03 20:52:49.064841     0     0 W QSEECOM : qseecom_receive_req: Interrupted: exiting Listener Service = 8192
11-03 20:52:49.064900     0     0 W QSEECOM : qseecom_receive_req: Interrupted: exiting Listener Service = 11
11-03 20:52:49.064939     0     0 W QSEECOM : qseecom_receive_req: Interrupted: exiting Listener Service = 10
11-03 20:52:49.067353     0     0 W QSEECOM : qseecom_receive_req: Interrupted: exiting Listener Service = 12288
11-03 20:52:49.067405     0     0 W QSEECOM : qseecom_receive_req: Interrupted: exiting Listener Service = 28672
11-03 20:52:49.073419     0     0 I         : done.
11-03 20:52:49.623174     0     0 I PM      : suspend exit 2021-11-03 19:52:49.623174406 UTC
11-03 20:52:49.724671     0     0 I PM      : suspend entry 2021-11-03 19:52:49.724671645 UTC
11-03 20:52:49.724685     0     0 I PM      : Syncing filesystems ... done.
11-03 20:52:49.824865     0     0 I         : Freezing user space processes ...
11-03 20:52:49.829893     0     0 I PM      : Wakeup pending, aborting suspend
11-03 20:52:49.829979     0     0 I         : last active wakeup source: qcom_rx_wakelock
11-03 20:52:49.830001     0     0 E         : Freezing of tasks aborted after 0.005 seconds
11-03 20:52:49.830016     0     0 I         : Restarting tasks ...
11-03 20:52:49.830728     0     0 W QSEECOM : qseecom_receive_req: Interrupted: exiting Listener Service = 8192
11-03 20:52:49.830782     0     0 W QSEECOM : qseecom_receive_req: Interrupted: exiting Listener Service = 11
11-03 20:52:49.830813     0     0 W QSEECOM : qseecom_receive_req: Interrupted: exiting Listener Service = 10
11-03 20:52:49.834340     0     0 W QSEECOM : qseecom_receive_req: Interrupted: exiting Listener Service = 28672
11-03 20:52:49.834394     0     0 W QSEECOM : qseecom_receive_req: Interrupted: exiting Listener Service = 12288
11-03 20:52:49.834908     0     0 I         : done.
11-03 20:52:49.835571     0     0 I PM      : suspend exit 2021-11-03 19:52:49.835571176 UTC
11-03 20:52:50.036851     0     0 I PM      : suspend entry 2021-11-03 19:52:50.036851228 UTC
11-03 20:52:50.036866     0     0 I PM      : Syncing filesystems ... done.
11-03 20:52:50.059864     0     0 I         : Freezing user space processes ... (elapsed 0.008 seconds) done.
11-03 20:52:50.068685     0     0 I         : Freezing remaining freezable tasks ... (elapsed 0.004 seconds) done.
11-03 20:52:50.072881     0     0 I         : Suspending console(s) (use no_console_suspend to debug)
11-03 20:52:50.085578     0     0 I mdss_dsi_panel_set_idle_mode: Idle (1->1)
11-03 20:52:50.126202     0     0 I PM      : Wakeup pending, aborting suspend
11-03 20:52:50.126209     0     0 I         : active wakeup source: qcom_rx_wakelock
11-03 20:52:50.126294     0     0 E PM      : Some devices failed to suspend, or early wake event detected
11-03 20:52:50.126438     0     0 W hwmon2  : Unbalanced pm_runtime_enable!
11-03 20:52:50.133728     0     0 I mdss_dsi_panel_set_idle_mode: Idle (1->1)
11-03 20:52:50.167928     0     0 I PM      : resume of devices complete after 41.612 msecs
11-03 20:52:50.170983     0     0 I         : Restarting tasks ...
11-03 20:52:50.172922     0     0 W QSEECOM : qseecom_receive_req: Interrupted: exiting Listener Service = 8192
11-03 20:52:50.172991     0     0 W QSEECOM : qseecom_receive_req: Interrupted: exiting Listener Service = 11
11-03 20:52:50.173037     0     0 W QSEECOM : qseecom_receive_req: Interrupted: exiting Listener Service = 10
11-03 20:52:50.173074     0     0 W QSEECOM : qseecom_receive_req: Interrupted: exiting Listener Service = 28672
11-03 20:52:50.177718     0     0 W QSEECOM : qseecom_receive_req: Interrupted: exiting Listener Service = 12288
11-03 20:52:50.180718     0     0 I         : done.
11-03 20:52:50.181473     0     0 I PM      : suspend exit 2021-11-03 19:52:50.181473051 UTC
11-03 20:52:50.583998     0     0 I PM      : suspend entry 2021-11-03 19:52:50.583998468 UTC
11-03 20:52:50.584021     0     0 I PM      : Syncing filesystems ... done.
11-03 20:52:50.608525     0     0 I         : Freezing user space processes ... (elapsed 0.008 seconds) done.
11-03 20:52:50.616956     0     0 I         : Freezing remaining freezable tasks ... (elapsed 0.003 seconds) done.
11-03 20:52:50.620916     0     0 I         : Suspending console(s) (use no_console_suspend to debug)
11-03 20:52:50.635881     0     0 I mdss_dsi_panel_set_idle_mode: Idle (1->1)
11-03 20:52:50.678948     0     0 I bgcom   : bgcom_pm_suspend: suspended with : 0
11-03 20:52:50.718777     0     0 I PM      : suspend of devices complete after 95.082 msecs
11-03 20:52:50.725146     0     0 I PM      : late suspend of devices complete after 6.325 msecs
11-03 20:52:50.731333     0     0 I PM      : noirq suspend of devices complete after 6.160 msecs
11-03 20:52:50.731346     0     0 I         : Disabling non-boot CPUs ...
11-03 20:52:50.744868     0     0 W         : IRQ21 no longer affine to CPU1
11-03 20:52:50.746847     0     0 I CPU1    : shutdown
11-03 20:52:50.749000     0     0 I         : Enabling non-boot CPUs ...
11-03 20:52:50.749852     0     0 I CPU1    : update cpu_capacity 1024
11-03 20:52:50.751630     0     0 I         : CPU1 is up
11-03 20:52:50.753467     0     0 I CPU1    : update max cpu_capacity 1024
11-03 20:52:50.755746     0     0 I PM      : noirq resume of devices complete after 3.749 msecs
11-03 20:52:50.761604     0     0 I PM      : early resume of devices complete after 4.309 msecs
11-03 20:52:50.763238    20    20 E         : [20:52:50.763240] [00000005BCB4AA32] [VosRX]  wlan: [E :WDI] WDTS_RxPacketDump RX Data frame is UC
11-03 20:52:50.763267    20    20 E         : [20:52:50.763283] [00000005BCB4AD59] [VosRX]  wlan: [E :WDI] WDTS_RxPacketDump: Data subtype:8 SA:44:fe:3b:41:13:4b DA:00:0a:f5:f2:a2:70
11-03 20:52:50.763659    20    20 E         : [20:52:50.763670] [00000005BCB4CA78] [VosRX]  wlan: [E :HDD] hdd_log_ip_addr: src addr 192:168:1:3
11-03 20:52:50.763677    20    20 E         : [20:52:50.763692] [00000005BCB4CC11] [VosRX]  wlan: [E :HDD] hdd_log_ip_addr: dst addr 192:168:1:14
11-03 20:52:50.795389     0     0 I bgcom   : bgcom_pm_resume: Bgcom resumed with : 0
11-03 20:52:50.807400     0     0 I mdss_dsi_panel_set_idle_mode: Idle (1->1)
11-03 20:52:50.848162     0     0 I PM      : resume of devices complete after 86.527 msecs
11-03 20:52:50.851134     0     0 I         : Restarting tasks ...
11-03 20:52:50.854263     0     0 W QSEECOM : qseecom_receive_req: Interrupted: exiting Listener Service = 11
11-03 20:52:50.854331     0     0 W QSEECOM : qseecom_receive_req: Interrupted: exiting Listener Service = 10
11-03 20:52:50.854378     0     0 W QSEECOM : qseecom_receive_req: Interrupted: exiting Listener Service = 28672
11-03 20:52:50.857790     0     0 W QSEECOM : qseecom_receive_req: Interrupted: exiting Listener Service = 8192
11-03 20:52:50.857851     0     0 W QSEECOM : qseecom_receive_req: Interrupted: exiting Listener Service = 12288
11-03 20:52:50.863527     0     0 I         : done.
11-03 20:52:50.864298     0     0 I PM      : suspend exit 2021-11-03 19:52:50.864298364 UTC
11-03 20:52:51.666271     0     0 I PM      : suspend entry 2021-11-03 19:52:51.666271905 UTC
11-03 20:52:51.666285     0     0 I PM      : Syncing filesystems ... done.
11-03 20:52:51.767071     0     0 I         : Freezing user space processes ... (elapsed 0.007 seconds) done.
11-03 20:52:51.774549     0     0 I         : Freezing remaining freezable tasks ... (elapsed 0.003 seconds) done.
11-03 20:52:51.778515     0     0 I         : Suspending console(s) (use no_console_suspend to debug)
11-03 20:52:51.790083     0     0 I mdss_dsi_panel_set_idle_mode: Idle (1->1)
11-03 20:52:51.828425     0     0 I bgcom   : bgcom_pm_suspend: suspended with : 0
11-03 20:52:51.864992     0     0 I PM      : suspend of devices complete after 84.259 msecs
11-03 20:52:51.870526     0     0 I PM      : late suspend of devices complete after 5.493 msecs
11-03 20:52:51.876330     0     0 I PM      : noirq suspend of devices complete after 5.780 msecs
11-03 20:52:51.876342     0     0 I         : Disabling non-boot CPUs ...
11-03 20:52:51.894575     0     0 W         : IRQ16 no longer affine to CPU1
11-03 20:52:51.894589     0     0 W         : IRQ21 no longer affine to CPU1
11-03 20:52:51.894872     0     0 W         : IRQ93 no longer affine to CPU1
11-03 20:52:51.896517     0     0 I CPU1    : shutdown
11-03 20:52:51.898514     0     0 I suspend ns: 924405670521	suspend cycles:      24662590337
11-03 20:52:51.898493     0     0 I CPU0    : msm_cpu_pm_enter_sleep mode:3 during suspend
11-03 20:52:51.898493     0     0 I         : Suspended for 0.079 seconds
11-03 20:52:51.898493     0     0 I resume cycles: 24664114188
11-03 20:52:51.898753     0     0 I         : Enabling non-boot CPUs ...
11-03 20:52:51.899580     0     0 I CPU1    : update cpu_capacity 1024
11-03 20:52:51.901050     0     0 I         : CPU1 is up
11-03 20:52:51.903390     0     0 I CPU1    : update max cpu_capacity 1024
11-03 20:52:51.904889     0     0 I PM      : noirq resume of devices complete after 3.536 msecs
11-03 20:52:51.910401     0     0 I PM      : early resume of devices complete after 4.036 msecs
11-03 20:52:51.911879    20    20 E         : [20:52:51.991249] [00000005BE1C6ED8] [VosRX]  wlan: [E :WDI] WDTS_RxPacketDump RX Data frame is UC
11-03 20:52:51.911901    20    20 E         : [20:52:51.991279] [00000005BE1C710B] [VosRX]  wlan: [E :WDI] WDTS_RxPacketDump: Data subtype:8 SA:44:fe:3b:41:13:4b DA:00:0a:f5:f2:a2:70
11-03 20:52:51.911996    20    20 E         : [20:52:51.991373] [00000005BE1C782E] [VosRX]  wlan: [E :HDD] hdd_log_ip_addr: src addr 192:168:1:3
11-03 20:52:51.912009    20    20 E         : [20:52:51.991388] [00000005BE1C7938] [VosRX]  wlan: [E :HDD] hdd_log_ip_addr: dst addr 192:168:1:14
11-03 20:52:51.941250     0     0 I bgcom   : bgcom_pm_resume: Bgcom resumed with : 0
11-03 20:52:51.952804     0     0 I mdss_dsi_panel_set_idle_mode: Idle (1->1)
11-03 20:52:51.987659     0     0 I PM      : resume of devices complete after 77.227 msecs
11-03 20:52:51.990304     0     0 I         : Restarting tasks ...
11-03 20:52:51.993006     0     0 W QSEECOM : qseecom_receive_req: Interrupted: exiting Listener Service = 8192
11-03 20:52:51.993068     0     0 W QSEECOM : qseecom_receive_req: Interrupted: exiting Listener Service = 12288
11-03 20:52:51.993104     0     0 W QSEECOM : qseecom_receive_req: Interrupted: exiting Listener Service = 11
11-03 20:52:51.993136     0     0 W QSEECOM : qseecom_receive_req: Interrupted: exiting Listener Service = 10
11-03 20:52:51.993168     0     0 W QSEECOM : qseecom_receive_req: Interrupted: exiting Listener Service = 28672
11-03 20:52:52.002924     0     0 I         : done.
11-03 20:52:52.083223     0     0 I PM      : suspend exit 2021-11-03 19:52:52.083223570 UTC
11-03 20:52:52.183888     0     0 I PM      : suspend entry 2021-11-03 19:52:52.183888987 UTC
11-03 20:52:52.183901     0     0 I PM      : Syncing filesystems ... done.
11-03 20:52:52.282947     0     0 I         : Freezing user space processes ... (elapsed 0.007 seconds) done.
11-03 20:52:52.290387     0     0 I         : Freezing remaining freezable tasks ... (elapsed 0.003 seconds) done.
11-03 20:52:52.294098     0     0 I         : Suspending console(s) (use no_console_suspend to debug)
11-03 20:52:52.305650     0     0 I mdss_dsi_panel_set_idle_mode: Idle (1->1)
11-03 20:52:52.347992     0     0 I bgcom   : bgcom_pm_suspend: suspended with : 0
11-03 20:52:52.383844     0     0 I PM      : suspend of devices complete after 87.517 msecs
11-03 20:52:52.389456     0     0 I PM      : late suspend of devices complete after 5.568 msecs
11-03 20:52:52.395355     0     0 I PM      : noirq suspend of devices complete after 5.875 msecs
11-03 20:52:52.395369     0     0 I         : Disabling non-boot CPUs ...
11-03 20:52:52.415716     0     0 I CPU1    : shutdown
11-03 20:52:52.417730     0     0 I suspend ns: 924845522189	suspend cycles:      24672559340
11-03 20:52:52.417711     0     0 I CPU0    : msm_cpu_pm_enter_sleep mode:3 during suspend
11-03 20:52:52.417711     0     0 I         : Suspended for 1.095 seconds
11-03 20:52:52.417711     0     0 I resume cycles: 24693590913
11-03 20:52:52.417979     0     0 I         : Enabling non-boot CPUs ...
11-03 20:52:52.418798     0     0 I CPU1    : update cpu_capacity 1024
11-03 20:52:52.420253     0     0 I         : CPU1 is up
11-03 20:52:52.422621     0     0 I CPU1    : update max cpu_capacity 1024
11-03 20:52:52.424086     0     0 I PM      : noirq resume of devices complete after 3.530 msecs
