11-02 21:10:34.758255  2520  2520 D HOME    : [HotwordController]updateClient MODE_WATCH_FACE false true false true
11-02 21:10:34.758846  2520  8131 D HOME    : [HomeVisitsLogger]Logging streamlet event: visit_end
11-02 21:10:34.759405  2520  2520 D HOME    : [WatchFaceUiController]setInAmbientMode true
11-02 21:10:34.759862   512   512 I sensors-hal: batch:140, android.sensor.accelerometer/48, period=66667000, max_latency=100000000
11-02 21:10:34.761100  2520  2520 D HOME    : [StreamDBQueue]Promised revision #2055 to queue a new op
11-02 21:10:34.761384  2520  2520 D WatchStreamManager: Promised rank-blocked=false @ r#2055
11-02 21:10:34.761839  2520  2520 D HOME    : [StreamDBQueue]Promised revision #2056 to queue a new op
11-02 21:10:34.762092  2520  2520 D WatchStreamManager: Promised rank-blocked=false @ r#2056
11-02 21:10:34.762319  2520  7713 D HOME    : [StreamDBQueue]Promised revision #2057 to queue a new op
11-02 21:10:34.762319  2520  8231 D HOME    : [WatchStreamDB]Item alerting conditions - isInterruptive: false, recentlyInterrupted: false, isItemPinned: false, isUnread: false
11-02 21:10:34.762451  2520  7713 D WatchStreamManager: Promised rerank @ r#2057
11-02 21:10:34.762740  2520  8231 D HOME    : [StreamAlertingRegulator]isTheaterModeEnabled: false, isAlertingAllowedByOffBody: true, matchesLocalInterruptionFilter: true
11-02 21:10:34.762825  2520  2520 D HOME    : [EventBus]Wrapper pool is full. Discarding excess wrapper instance for event com.google.android.clockwork.sysui.events.KeyguardStateEvent
11-02 21:10:34.762899  2520  2520 D HOME    : [WatchFaceUiController]sendStateToWallpaper
11-02 21:10:34.763281  2520  8231 D HOME    : [WatchStreamDB]couldItemAlert: false, isTopItemChanged: false, isDeferralForTopItem: false
11-02 21:10:34.764765  2520  2520 D HOME    : [EventBus]Wrapper pool is full. Discarding excess wrapper instance for event com.google.android.clockwork.sysui.events.KeyguardStateEvent
11-02 21:10:34.766003  2520  2520 D HOME    : [EventBus]Wrapper pool is full. Discarding excess wrapper instance for event com.google.android.clockwork.sysui.events.KeyguardStateEvent
11-02 21:10:34.768661   512   512 I sensors-hal: batch:149, android.sensor.accelerometer/48, period=66667000, max_latency=100000000 request completed
11-02 21:10:34.774525  2520  2520 W StaticLayout: maxLineHeight should not be -1.  maxLines:1 lineCount:1
11-02 21:10:34.775682  2520  8231 D HOME    : [WatchStreamDB]Item alerting conditions - isInterruptive: false, recentlyInterrupted: false, isItemPinned: false, isUnread: false
11-02 21:10:34.776602  2520  8231 D HOME    : [StreamAlertingRegulator]isTheaterModeEnabled: false, isAlertingAllowedByOffBody: true, matchesLocalInterruptionFilter: true
11-02 21:10:34.777124  2520  8231 D HOME    : [WatchStreamDB]couldItemAlert: false, isTopItemChanged: false, isDeferralForTopItem: false
11-02 21:10:34.777603  2520  8131 I SidekickManager: replaceWatchFaceComponentsImpl(): watchFace = com.google.android.clockwork.decomposablewatchface.WatchFaceDecomposition@b2f3a57
11-02 21:10:34.777859  2520  8231 D HOME    : [WatchStreamDB]updateRanking()
11-02 21:10:34.778584  2520  8231 D HOME    : [WatchStreamDB]Item alerting conditions - isInterruptive: false, recentlyInterrupted: false, isItemPinned: false, isUnread: false
11-02 21:10:34.780560  1686  2583 D SidekickService: sendWatchFaceComponents called: watchFace = com.google.android.clockwork.decomposablewatchface.WatchFaceDecomposition@6b568feshouldReplace = false
11-02 21:10:34.780907  1686  2583 D SidekickService: Check decomposition for calling app com.google.android.wearable.app with uid 10049
11-02 21:10:34.781372  1686  2583 D SidekickService: sendWatchFaceLocked(): shouldReplace = false, mSidekickIsControlling = false, 1 images, 0 fonts, 0 numbers, 0 proportionalFonts, 0 strings
11-02 21:10:34.781471  1686  2583 D SidekickService: ISidekickGraphics#beginResources()...
11-02 21:10:34.782738  1686  2583 D SidekickServiceUtils: bitmapFromDrawable: Returning bitmap directly
11-02 21:10:34.783021  2520  8231 D HOME    : [StreamAlertingRegulator]isTheaterModeEnabled: false, isAlertingAllowedByOffBody: true, matchesLocalInterruptionFilter: true
11-02 21:10:34.783343  2520  8231 D HOME    : [WatchStreamDB]couldItemAlert: false, isTopItemChanged: false, isDeferralForTopItem: false
11-02 21:10:34.783965  2520  8231 D HOME    : [NewStreamAdapter]Publishing revision #2057 to adapter clients
11-02 21:10:34.784031  1686  2583 D SidekickService: sendBitmapsLocked(): bounds = RectF(0.0, 0.0, 0.0024038462, 0.0024038462), drawableInfo = {.id = 100000, .width = 1, .height = 1, .display = true, .offsetX = 0.0, .offsetY = 0.0, .rotationInfo = {.hasRotation = false, .pivotX = 0.0, .pivotY = 0.0, .degreesPerDay = 0.0, .degreesPerStep = 0.0, .zeroDegreesTime = {.daysSinceLocalEpoch = 0, .msSinceMidnight = 0}}, .transformInfo = {.transformed = false, .flipX = false, .flipY = false, .flip45 = false, .scaleX = 0.0, .scaleY = 0.0}, .type = GENERIC, .blink = {.blinking = false, .periodOnMs = 0.0, .periodOffMs = 0.0, .startTime = {.daysSinceLocalEpoch = 0, .msSinceMidnight = 0}}, .zOrder = 8, .displayInTwm = true}, image.size() = 84
11-02 21:10:34.784772   416  2389 D SKGHAL  : saveResource: resId = 100000
11-02 21:10:34.785379  1686  2583 D SidekickService: sendBitmapsLocked(): status = 0, bytesUsed = 18
11-02 21:10:34.785839  2520  7713 D HOME    : [StreamDBQueue]Promised revision #2058 to queue a new op
11-02 21:10:34.786066  2520  7713 D WatchStreamManager: Promised rerank @ r#2058
11-02 21:10:34.786760  1686  2583 D SidekickService: ISidekickGraphics#endResources()...
11-02 21:10:34.786857  2520  7941 D HOME    : [WatchStreamDB]updateRanking()
11-02 21:10:34.787785  2520  7941 D HOME    : [WatchStreamDB]Item alerting conditions - isInterruptive: false, recentlyInterrupted: false, isItemPinned: false, isUnread: false
11-02 21:10:34.788208  2520  7941 D HOME    : [StreamAlertingRegulator]isTheaterModeEnabled: false, isAlertingAllowedByOffBody: true, matchesLocalInterruptionFilter: true
11-02 21:10:34.788518  2520  7941 D HOME    : [WatchStreamDB]couldItemAlert: false, isTopItemChanged: false, isDeferralForTopItem: false
11-02 21:10:34.790472  2520  7941 D HOME    : [NewStreamAdapter]Publishing revision #2058 to adapter clients
--------- switch to kernel
11-02 21:10:34.747847     0     0 E FG      : fg_psy_get_property: unsupported property 7
11-02 21:10:34.749837     0     0 W healthd : battery l=58 v=3856 t=35.0 h=2 st=3 c=204 fc=443000 cc=0 chg=
--------- switch to main
11-02 21:10:34.808624  1956  1956 D QtiCarrierConfigHelper: WARNING, no carrier configs on phone Id: 0
11-02 21:10:34.813178  2520  2520 D HOME    : [BatteryChange]action: android.intent.action.BATTERY_CHANGED
11-02 21:10:34.815184  2520  8231 D HOME    : [BatteryChange]HandleBatteryChangedTask
11-02 21:10:34.815719  2520  8231 D HOME    : [BatteryChange]level: 58, status: 3
11-02 21:10:34.826729   512   512 I sensors-hal: activate:107, android.sensor.light/46 en=0
11-02 21:10:34.827605   512   512 I sensors-hal: activate:118, android.sensor.light/46 en=0 completed
--------- switch to system
11-02 21:10:34.837058  1686  1710 I DisplayManagerService: Display device changed state: "Écran intégré", DOZE_SUSPEND
--------- switch to main
11-02 21:10:34.850350   545   545 D SurfaceFlinger: Set power mode=3, type=0 flinger=0xb6bb6000
11-02 21:10:34.850883   504   761 I SDM     : DisplayBase::SetDisplayState: Set state = 3, display 0
11-02 21:10:34.857609  1686  1759 I InputReader: Reconfiguring input devices.  changes=0x00000004
11-02 21:10:34.898760   545   545 D SurfaceFlinger: Finished set power mode=3, type=0
--------- switch to kernel
11-02 21:10:34.799444     0     0 I mdss_dsi_panel_set_idle_mode: Idle (0->1)
11-02 21:10:34.844589     0     0 W mdss_resync_timeline: flush mdss_fb_0:1 TL(Nxt 40276 , Crnt 40275)
11-02 21:10:34.844634     0     0 I         : [touch]FB_BLANK_VSYNC_SUSPEND
11-02 21:10:34.844639     0     0 I         : [touch]irq disable
11-02 21:10:34.844643     0     0 I         : [touch]workqueue is empty!
11-02 21:10:34.844645     0     0 I         : [touch]raydium_ts_do_suspend.
11-02 21:10:34.844655     0     0 I         : [touch]Device may wakeup
11-02 21:10:34.846850     0     0 I         : [touch]irq enable
--------- switch to main
11-02 21:10:34.937671  2520  2541 I id.wearable.ap: Background concurrent copying GC freed 59924(2MB) AllocSpace objects, 2(104KB) LOS objects, 24% free, 7MB/9MB, paused 1.059ms total 151.705ms
11-02 21:10:35.056324   416  2389 D SKGHAL  : sendResources: metadata size = 2400, font size = 72
11-02 21:10:35.113391   416  2389 D SKGHAL  : endResources: rc = 0
11-02 21:10:35.113999  1686  1823 W system_server: Long monitor contention with owner Binder:1686_B (2583) at int com.google.android.clockwork.sidekick.SidekickService$BinderService.sendWatchFace(com.google.android.clockwork.decomposablewatchface.WatchFaceDecomposition, boolean)(SidekickService.java:1021) waiters=0 in boolean com.google.android.clockwork.sidekick.SidekickService$LocalService.startDisplayControl(int) for 214ms
11-02 21:10:35.114423  1686  1823 I SidekickService: beginDisplayLocked(): DOZE_SUSPEND
11-02 21:10:35.114612  2520  2520 D HOME    : [SidekickManagerAsync]replaceWatchFaceComponents(): Callback#onResult(): 0
11-02 21:10:35.114814  2520  2520 D HOME    : [WatchFaceUiController]Complication updates sent, posting watch face hiding
11-02 21:10:35.114945  2520  2520 D HOME    : [WatchFaceUiController]Still in ambient watch face, hiding
11-02 21:10:35.114987   416  2389 D SKGHAL  : sendAmbientPrepare: enter:
11-02 21:10:35.115001  2520  2520 D HOME    : [WatchFaceUiController]Hiding watch face wallpaper.
11-02 21:10:35.239020   416  2389 D SKGHAL  : sendAmbientEvent: enter: enable = 1
11-02 21:10:35.239846   504   523 I SDM     : DisplayBase::SetDisplayState: Set state = 4, display 0
11-02 21:10:35.243183   504   523 D SDM     : HWCDisplayPrimary::SetStandByMode: Null display is connected successfully
11-02 21:10:35.243418   416  2389 D SKGHAL  : standBy_update_control call succeed on 1
11-02 21:10:35.250501   416  2389 D SKGHAL  : sendAmbientEvent: done: enable = 1
11-02 21:10:35.250907  1686  1823 D SidekickService:    ... beginDisplay result: 0 for halPower: 1
11-02 21:10:35.253488   512   512 I sensors-hal: activate:107, android.sensor.accelerometer/48 en=0
11-02 21:10:35.255203   512   512 I sensors-hal: activate:118, android.sensor.accelerometer/48 en=0 completed
11-02 21:10:35.260365  1686  1799 E WifiStateMachine: getWifiLinkLayerStats called without an interface
--------- switch to kernel
11-02 21:10:35.204433     0     0 E bgrsb   : bgrsb_enable: gpio 32 is valid
--------- switch to main
11-02 21:10:35.278813  1686  1686 I WearPower: [WearTouchMediator] changing touch input to enabled (ON_AUTO)
11-02 21:10:35.279881  1686  1759 I InputReader: Reconfiguring input devices.  changes=0x00000200
--------- switch to kernel
11-02 21:10:35.230947     0     0 I init    : processing action (ro.enable_core_ctl=true && sys.cw_corectl_mode=idle) from (/vendor/etc/init/hw/init.qcom.rc:949)
--------- switch to main
11-02 21:10:35.289061  1686  1686 I AmbientService: [ce6a28c] Timeout alarm not required, auto-resume timeout handled by dream.
11-02 21:10:35.300120  3205  3434 W WorkController: Loading failed for worker [trainingcache]: worker not found
11-02 21:10:35.301669  3205  3372 W A       : TrainingCache cache SCREEN_OFF failure
11-02 21:10:35.301669  3205  3372 W A       : com.google.android.apps.gsa.search.core.service.h.a.a: No worker found for Worker ID [trainingcache].
11-02 21:10:35.301669  3205  3372 W A       : 	at com.google.android.apps.gsa.search.core.service.g.a.c.a(Unknown Source:5)
11-02 21:10:35.301669  3205  3372 W A       : 	at com.google.android.libraries.gsa.c.a.d.a(Unknown Source:3)
11-02 21:10:35.301669  3205  3372 W A       : 	at com.google.common.p.a.cg.c(Unknown Source:2)
11-02 21:10:35.301669  3205  3372 W A       : 	at com.google.common.p.a.bk.run(SourceFile:3)
11-02 21:10:35.301669  3205  3372 W A       : 	at com.google.common.p.a.ci.run(Unknown Source:4)
11-02 21:10:35.301669  3205  3372 W A       : 	at com.google.apps.tiktok.concurrent.ab.run(SourceFile:1)
11-02 21:10:35.301669  3205  3372 W A       : 	at java.util.concurrent.ThreadPoolExecutor.runWorker(ThreadPoolExecutor.java:1167)
11-02 21:10:35.301669  3205  3372 W A       : 	at java.util.concurrent.ThreadPoolExecutor$Worker.run(ThreadPoolExecutor.java:641)
11-02 21:10:35.301669  3205  3372 W A       : 	at com.google.apps.tiktok.concurrent.c.run(Unknown Source:4)
11-02 21:10:35.301669  3205  3372 W A       : 	at java.lang.Thread.run(Thread.java:764)
11-02 21:10:35.318018  2520  2520 D HOME    : [StreamDBQueue]Promised revision #2059 to queue a new op
11-02 21:10:35.318411  2520  2520 D WatchStreamManager: Promised rank-blocked=false @ r#2059
11-02 21:10:35.318720  2520  2520 D HOME    : [CompactHunStarter]detachWindow()
11-02 21:10:35.319756  2520  8231 D HOME    : [StreamDBQueue]Promised revision #2060 to queue a new op
11-02 21:10:35.319864  2520  8131 D HOME    : [WatchStreamDB]Item alerting conditions - isInterruptive: false, recentlyInterrupted: false, isItemPinned: false, isUnread: false
11-02 21:10:35.319922  2520  8231 D WatchStreamManager: Promised rerank @ r#2060
11-02 21:10:35.320279  2520  8131 D HOME    : [StreamAlertingRegulator]isTheaterModeEnabled: false, isAlertingAllowedByOffBody: true, matchesLocalInterruptionFilter: true
11-02 21:10:35.320577  2520  8131 D HOME    : [WatchStreamDB]couldItemAlert: false, isTopItemChanged: false, isDeferralForTopItem: false
11-02 21:10:35.321332  2520  8131 D HOME    : [WatchStreamDB]updateRanking()
11-02 21:10:35.321981  2520  8131 D HOME    : [WatchStreamDB]Item alerting conditions - isInterruptive: false, recentlyInterrupted: false, isItemPinned: false, isUnread: false
11-02 21:10:35.322391  2520  8131 D HOME    : [StreamAlertingRegulator]isTheaterModeEnabled: false, isAlertingAllowedByOffBody: true, matchesLocalInterruptionFilter: true
11-02 21:10:35.322636  2520  8131 D HOME    : [WatchStreamDB]couldItemAlert: false, isTopItemChanged: false, isDeferralForTopItem: false
11-02 21:10:35.323387  2520  8131 D HOME    : [NewStreamAdapter]Publishing revision #2060 to adapter clients
--------- switch to kernel
11-02 21:10:35.293470     0     0 I CPU0    : update max cpu_capacity 748
11-02 21:10:35.357512     0     0 I PM      : suspend entry 2021-11-02 20:10:35.357512438 UTC
11-02 21:10:35.357523     0     0 I PM      : Syncing filesystems ...
11-02 21:10:35.364007     0     0 I CPU3    : update max cpu_capacity 1024
11-02 21:10:35.375970     0     0 W         : IRQ21 no longer affine to CPU2
11-02 21:10:35.376730     0     0 I CPU2    : shutdown
11-02 21:10:35.378817     0     0 I init    : Command 'write /sys/devices/system/cpu/cpu2/online 0' action=ro.enable_core_ctl=true && sys.cw_corectl_mode=idle (/vendor/etc/init/hw/init.qcom.rc:951) took 96ms and succeeded
11-02 21:10:35.444949     0     0 I CPU1    : update max cpu_capacity 748
11-02 21:10:35.476315     0     0 W         : IRQ21 no longer affine to CPU3
11-02 21:10:35.477324     0     0 I CPU3    : shutdown
11-02 21:10:35.479681     0     0 I init    : Command 'write /sys/devices/system/cpu/cpu3/online 0' action=ro.enable_core_ctl=true && sys.cw_corectl_mode=idle (/vendor/etc/init/hw/init.qcom.rc:952) took 100ms and succeeded
11-02 21:10:35.585418     0     0 I         : done.
11-02 21:10:35.585676     0     0 I         : Freezing user space processes ...
11-02 21:10:35.590586     0     0 I PM      : Wakeup pending, aborting suspend
11-02 21:10:35.590707     0     0 I         : last active wakeup source: eventpoll
11-02 21:10:35.590730     0     0 E         : Freezing of tasks aborted after 0.005 seconds
11-02 21:10:35.590743     0     0 I         : Restarting tasks ...
11-02 21:10:35.591424     0     0 W QSEECOM : qseecom_receive_req: Interrupted: exiting Listener Service = 10
11-02 21:10:35.591475     0     0 W QSEECOM : qseecom_receive_req: Interrupted: exiting Listener Service = 28672
11-02 21:10:35.595098     0     0 W QSEECOM : qseecom_receive_req: Interrupted: exiting Listener Service = 12288
11-02 21:10:35.596555     0     0 W QSEECOM : qseecom_receive_req: Interrupted: exiting Listener Service = 8192
11-02 21:10:35.596605     0     0 W QSEECOM : qseecom_receive_req: Interrupted: exiting Listener Service = 11
11-02 21:10:35.597036     0     0 I         : done.
11-02 21:10:35.597736     0     0 I PM      : suspend exit 2021-11-02 20:10:35.597736969 UTC
11-02 21:10:35.800814     0     0 I PM      : suspend entry 2021-11-02 20:10:35.800814417 UTC
11-02 21:10:35.800838     0     0 I PM      : Syncing filesystems ... done.
11-02 21:10:35.824327     0     0 I         : Freezing user space processes ... (elapsed 0.012 seconds) done.
11-02 21:10:35.836405     0     0 I         : Freezing remaining freezable tasks ... (elapsed 0.006 seconds) done.
11-02 21:10:35.842690     0     0 I         : Suspending console(s) (use no_console_suspend to debug)
11-02 21:10:35.858429     0     0 I mdss_dsi_panel_set_idle_mode: Idle (1->1)
11-02 21:10:35.900323     0     0 I bgcom   : bgcom_pm_suspend: suspended with : 0
11-02 21:10:35.937751     0     0 I PM      : suspend of devices complete after 90.754 msecs
11-02 21:10:35.944008     0     0 I PM      : late suspend of devices complete after 6.208 msecs
11-02 21:10:35.950376     0     0 I PM      : noirq suspend of devices complete after 6.327 msecs
11-02 21:10:35.950393     0     0 I         : Disabling non-boot CPUs ...
11-02 21:10:35.976267     0     0 W         : IRQ21 no longer affine to CPU1
11-02 21:10:35.978282     0     0 I CPU1    : shutdown
11-02 21:10:35.980955     0     0 I suspend ns: 1604284579948	suspend cycles:     294207655665
11-02 21:10:35.980928     0     0 I CPU0    : msm_cpu_pm_enter_sleep mode:3 during suspend
11-02 21:10:35.980928     0     0 I         : Suspended for 4.959 seconds
11-02 21:10:35.980928     0     0 I resume cycles: 294302879021
11-02 21:10:35.981445     0     0 I         : Enabling non-boot CPUs ...
11-02 21:10:35.982315     0     0 I CPU1    : update cpu_capacity 1024
11-02 21:10:35.984052     0     0 I         : CPU1 is up
11-02 21:10:35.984819     0     0 I CPU1    : update max cpu_capacity 748
11-02 21:10:35.988170     0     0 I PM      : noirq resume of devices complete after 3.743 msecs
11-02 21:10:35.994344     0     0 I PM      : early resume of devices complete after 4.203 msecs
11-02 21:10:36.031710     0     0 I bgcom   : bgcom_pm_resume: Bgcom resumed with : 0
11-02 21:10:36.043096     0     0 I mdss_dsi_panel_set_idle_mode: Idle (1->1)
11-02 21:10:36.080528     0     0 I PM      : resume of devices complete after 86.141 msecs
11-02 21:10:36.085482     0     0 I         : Restarting tasks ...
11-02 21:10:36.088450     0     0 W QSEECOM : qseecom_receive_req: Interrupted: exiting Listener Service = 12288
11-02 21:10:36.096993     0     0 W QSEECOM : qseecom_receive_req: Interrupted: exiting Listener Service = 8192
11-02 21:10:36.097085     0     0 W QSEECOM : qseecom_receive_req: Interrupted: exiting Listener Service = 11
11-02 21:10:36.097133     0     0 W QSEECOM : qseecom_receive_req: Interrupted: exiting Listener Service = 10
11-02 21:10:36.097178     0     0 W QSEECOM : qseecom_receive_req: Interrupted: exiting Listener Service = 28672
11-02 21:10:36.103735     0     0 I         : done.
11-02 21:10:41.070700     0     0 I PM      : suspend exit 2021-11-02 20:10:41.070700716 UTC
11-02 21:10:41.173080     0     0 I PM      : suspend entry 2021-11-02 20:10:41.173080872 UTC
11-02 21:10:41.173102     0     0 I PM      : Syncing filesystems ... done.
11-02 21:10:41.273529     0     0 I         : Freezing user space processes ... (elapsed 0.007 seconds) done.
11-02 21:10:41.281010     0     0 I         : Freezing remaining freezable tasks ... (elapsed 0.004 seconds) done.
11-02 21:10:41.285234     0     0 I         : Suspending console(s) (use no_console_suspend to debug)
11-02 21:10:41.298063     0     0 I mdss_dsi_panel_set_idle_mode: Idle (1->1)
11-02 21:10:41.339342     0     0 I bgcom   : bgcom_pm_suspend: suspended with : 0
11-02 21:10:41.374512     0     0 I PM      : suspend of devices complete after 87.014 msecs
11-02 21:10:41.379929     0     0 I PM      : late suspend of devices complete after 5.376 msecs
11-02 21:10:41.385735     0     0 I PM      : noirq suspend of devices complete after 5.765 msecs
11-02 21:10:41.385748     0     0 I         : Disabling non-boot CPUs ...
11-02 21:10:41.407358     0     0 I CPU1    : shutdown
11-02 21:10:41.409392     0     0 I suspend ns: 1604753474532	suspend cycles:     294311881797
11-02 21:10:41.409371     0     0 I CPU0    : msm_cpu_pm_enter_sleep mode:3 during suspend
11-02 21:10:41.409371     0     0 I         : Suspended for 88.392 seconds
11-02 21:10:41.409371     0     0 I resume cycles: 296009021395
11-02 21:10:41.409750     0     0 I         : Enabling non-boot CPUs ...
11-02 21:10:41.410613     0     0 I CPU1    : update cpu_capacity 1024
11-02 21:10:41.412033     0     0 I         : CPU1 is up
11-02 21:10:41.414190     0     0 I CPU1    : update max cpu_capacity 748
11-02 21:10:41.415744     0     0 I PM      : noirq resume of devices complete after 3.388 msecs
11-02 21:10:41.421089     0     0 E FG      : fg_psy_get_property: unsupported property 7
11-02 21:10:41.422948     0     0 I PM      : early resume of devices complete after 5.455 msecs
11-02 21:10:41.455517     0     0 I bgcom   : bgcom_pm_resume: Bgcom resumed with : 0
11-02 21:10:41.466263     0     0 I mdss_dsi_panel_set_idle_mode: Idle (1->1)
11-02 21:10:41.509550     0     0 I PM      : resume of devices complete after 86.563 msecs
11-02 21:10:41.513681     0     0 I         : Restarting tasks ...
11-02 21:10:41.517762     0     0 W QSEECOM : qseecom_receive_req: Interrupted: exiting Listener Service = 12288
11-02 21:10:41.521367     0     0 W QSEECOM : qseecom_receive_req: Interrupted: exiting Listener Service = 8192
11-02 21:10:41.521384     0     0 E FG      : fg_psy_get_property: unsupported property 7
11-02 21:10:41.521463     0     0 W QSEECOM : qseecom_receive_req: Interrupted: exiting Listener Service = 11
11-02 21:10:41.521504     0     0 W QSEECOM : qseecom_receive_req: Interrupted: exiting Listener Service = 10
11-02 21:10:41.521552     0     0 W QSEECOM : qseecom_receive_req: Interrupted: exiting Listener Service = 28672
11-02 21:10:41.523596     0     0 E FG      : fg_psy_get_property: unsupported property 7
11-02 21:10:41.530111     0     0 I         : done.
11-02 21:12:09.932052     0     0 I PM      : suspend exit 2021-11-02 20:12:09.932052192 UTC
11-02 21:12:09.907038     0     0 W healthd : battery l=58 v=3951 t=34.0 h=2 st=3 c=7 fc=443000 cc=0 chg=
--------- switch to main
11-02 21:12:09.972467  1956  1956 D QtiCarrierConfigHelper: WARNING, no carrier configs on phone Id: 0
11-02 21:12:09.975505  2520  2520 D HOME    : [BatteryChange]action: android.intent.action.BATTERY_CHANGED
11-02 21:12:09.976414  2520  7713 D HOME    : [BatteryChange]HandleBatteryChangedTask
11-02 21:12:09.978981  2520  7713 D HOME    : [BatteryChange]level: 58, status: 3
--------- switch to kernel
11-02 21:12:09.909612     0     0 W healthd : battery l=58 v=3951 t=34.0 h=2 st=3 c=7 fc=443000 cc=0 chg=
11-02 21:12:10.033041     0     0 I PM      : suspend entry 2021-11-02 20:12:10.033041202 UTC
11-02 21:12:10.033065     0     0 I PM      : Syncing filesystems ... done.
11-02 21:12:10.101942     0     0 I         : Freezing user space processes ... (elapsed 0.010 seconds) done.
11-02 21:12:10.112084     0     0 I         : Freezing remaining freezable tasks ... (elapsed 0.003 seconds) done.
11-02 21:12:10.116084     0     0 I         : Suspending console(s) (use no_console_suspend to debug)
11-02 21:12:10.128295     0     0 I mdss_dsi_panel_set_idle_mode: Idle (1->1)
11-02 21:12:10.171564     0     0 I bgcom   : bgcom_pm_suspend: suspended with : 0
11-02 21:12:10.207383     0     0 I PM      : suspend of devices complete after 88.667 msecs
11-02 21:12:10.212781     0     0 I PM      : late suspend of devices complete after 5.360 msecs
11-02 21:12:10.218546     0     0 I PM      : noirq suspend of devices complete after 5.726 msecs
11-02 21:12:10.218558     0     0 I         : Disabling non-boot CPUs ...
11-02 21:12:10.238031     0     0 W         : IRQ16 no longer affine to CPU1
11-02 21:12:10.238044     0     0 W         : IRQ21 no longer affine to CPU1
11-02 21:12:10.238343     0     0 W         : IRQ93 no longer affine to CPU1
11-02 21:12:10.240006     0     0 I CPU1    : shutdown
11-02 21:12:10.242098     0     0 I suspend ns: 1605193495470	suspend cycles:     296017469797
11-02 21:12:10.242077     0     0 I CPU0    : msm_cpu_pm_enter_sleep mode:3 during suspend
11-02 21:12:10.242077     0     0 I         : Suspended for 53.674 seconds
11-02 21:12:10.242077     0     0 I resume cycles: 297048023039
11-02 21:12:10.243002     0     0 I         : Enabling non-boot CPUs ...
11-02 21:12:10.244302     0     0 I CPU1    : update cpu_capacity 1024
11-02 21:12:10.245784     0     0 I         : CPU1 is up
11-02 21:12:10.246725     0     0 I CPU1    : update max cpu_capacity 748
11-02 21:12:10.249729     0     0 I PM      : noirq resume of devices complete after 3.558 msecs
11-02 21:12:10.254894     0     0 I PM      : early resume of devices complete after 3.701 msecs
11-02 21:12:10.284907     0     0 I bgcom   : bgcom_pm_resume: Bgcom resumed with : 0
11-02 21:12:10.295637     0     0 I mdss_dsi_panel_set_idle_mode: Idle (1->1)
11-02 21:12:10.331802     0     0 I PM      : resume of devices complete after 76.861 msecs
11-02 21:12:10.335999     0     0 I         : Restarting tasks ...
11-02 21:12:10.341368     0     0 W QSEECOM : qseecom_receive_req: Interrupted: exiting Listener Service = 12288
11-02 21:12:10.350196     0     0 W QSEECOM : qseecom_receive_req: Interrupted: exiting Listener Service = 8192
11-02 21:12:10.350288     0     0 W QSEECOM : qseecom_receive_req: Interrupted: exiting Listener Service = 11
11-02 21:12:10.350337     0     0 W QSEECOM : qseecom_receive_req: Interrupted: exiting Listener Service = 10
11-02 21:12:10.350377     0     0 W QSEECOM : qseecom_receive_req: Interrupted: exiting Listener Service = 28672
--------- switch to system
11-02 21:13:04.036754  1686  1686 I PowerManagerService: Waking up from dozing (uid=1000 reason=tiltToWake)...
--------- switch to kernel
11-02 21:12:10.378877     0     0 I         : done.
11-02 21:13:04.059646     0     0 I PM      : suspend exit 2021-11-02 20:13:04.059646025 UTC
--------- switch to system
11-02 21:13:04.062234  1686  1686 W UsageStatsService: Event reported without a package name
--------- switch to main
11-02 21:13:04.084597  7745  7756 I rtwatch.toolbo: Background concurrent copying GC freed 10940(468KB) AllocSpace objects, 0(0B) LOS objects, 25% free, 2MB/2MB, paused 165us total 358.191ms
--------- switch to kernel
11-02 21:13:04.066401     0     0 E FG      : fg_psy_get_property: unsupported property 7
11-02 21:13:04.016281     0     0 W healthd : battery l=58 v=3935 t=34.0 h=2 st=3 c=49 fc=443000 cc=0 chg=
11-02 21:13:04.017299     0     0 E <CORE> tx_data: No Space in Fifo
--------- switch to main
11-02 21:13:04.103082   512   512 I sensors-hal: batch:140, android.sensor.light/46, period=100000000, max_latency=0
11-02 21:13:04.103236   512   512 I sensors-hal: batch:149, android.sensor.light/46, period=100000000, max_latency=0 request completed
11-02 21:13:04.103720   512   512 I sensors-hal: activate:107, android.sensor.light/46 en=1
11-02 21:13:04.104097   512   512 I sensors-hal: ssc_enable_rt_task:254, ssc_enable_rt_task : true
11-02 21:13:04.109622   512   512 I sensors-hal: activate:118, android.sensor.light/46 en=1 completed
11-02 21:13:04.112718  1686  1823 I SidekickService: endDisplayLocked()
11-02 21:13:04.113745   416  2389 D SKGHAL  : sendAmbientEvent: enter: enable = 0
--------- switch to system
11-02 21:13:04.115367  1686  1710 I DisplayManagerService: Display device changed state: "Écran intégré", ON
--------- switch to main
11-02 21:13:04.126709   512   512 I sensors-hal: batch:140, android.sensor.accelerometer/48, period=66667000, max_latency=100000000
11-02 21:13:04.128850   512   512 I sensors-hal: batch:149, android.sensor.accelerometer/48, period=66667000, max_latency=100000000 request completed
11-02 21:13:04.135132   512   512 I sensors-hal: activate:107, android.sensor.accelerometer/48 en=1
11-02 21:13:04.135884   512   512 I sensors-hal: ssc_enable_rt_task:254, ssc_enable_rt_task : true
11-02 21:13:04.164021  4243  4243 D OMService: onDisplayChanged: not dozing
11-02 21:13:04.190312  1686  1759 I InputReader: Reconfiguring input devices.  changes=0x00000004
11-02 21:13:04.205599   512   512 I sensors-hal: activate:118, android.sensor.accelerometer/48 en=1 completed
--------- switch to system
11-02 21:13:04.206359  1686  1686 W Looper  : Slow dispatch took 109ms main h=com.android.server.power.Notifier$NotifierHandler c=com.android.server.power.Notifier$2@e2a0b7b m=0
--------- switch to main
11-02 21:13:04.215030  1956  1956 D QtiCarrierConfigHelper: WARNING, no carrier configs on phone Id: 0
11-02 21:13:04.218784  2520  2520 D HOME    : [BatteryChange]action: android.intent.action.BATTERY_CHANGED
11-02 21:13:04.219694  2520  7713 D HOME    : [BatteryChange]HandleBatteryChangedTask
11-02 21:13:04.220401  2520  7713 D HOME    : [BatteryChange]level: 58, status: 3
11-02 21:13:04.244388  3205  3434 W WorkController: Loading failed for worker [trainingcache]: worker not found
11-02 21:13:04.247270  3205  3294 W A       : TrainingCache cache DEVICE_UNLOCKED failure
11-02 21:13:04.247270  3205  3294 W A       : com.google.android.apps.gsa.search.core.service.h.a.a: No worker found for Worker ID [trainingcache].
11-02 21:13:04.247270  3205  3294 W A       : 	at com.google.android.apps.gsa.search.core.service.g.a.c.a(Unknown Source:5)
11-02 21:13:04.247270  3205  3294 W A       : 	at com.google.android.libraries.gsa.c.a.d.a(Unknown Source:3)
11-02 21:13:04.247270  3205  3294 W A       : 	at com.google.common.p.a.cg.c(Unknown Source:2)
11-02 21:13:04.247270  3205  3294 W A       : 	at com.google.common.p.a.bk.run(SourceFile:3)
11-02 21:13:04.247270  3205  3294 W A       : 	at com.google.common.p.a.ci.run(Unknown Source:4)
11-02 21:13:04.247270  3205  3294 W A       : 	at com.google.apps.tiktok.concurrent.ab.run(SourceFile:1)
11-02 21:13:04.247270  3205  3294 W A       : 	at java.util.concurrent.ThreadPoolExecutor.runWorker(ThreadPoolExecutor.java:1167)
11-02 21:13:04.247270  3205  3294 W A       : 	at java.util.concurrent.ThreadPoolExecutor$Worker.run(ThreadPoolExecutor.java:641)
11-02 21:13:04.247270  3205  3294 W A       : 	at com.google.apps.tiktok.concurrent.c.run(Unknown Source:4)
11-02 21:13:04.247270  3205  3294 W A       : 	at java.lang.Thread.run(Thread.java:764)
--------- switch to system
11-02 21:13:04.258783  1686  1702 W BroadcastQueue: Background execution not allowed: receiving Intent { act=android.intent.action.USER_PRESENT flg=0x10 } to com.google.android.gms/.auth.setup.devicesignals.LockScreenReceiver
11-02 21:13:04.276854  1686  1702 W BroadcastQueue: Background execution not allowed: receiving Intent { act=android.intent.action.USER_PRESENT flg=0x10 } to com.google.android.gms/.chimera.GmsIntentOperationService$PersistentTrustedReceiver
--------- switch to main
11-02 21:13:04.289872  1686  1799 E WifiStateMachine: getWifiLinkLayerStats called without an interface
11-02 21:13:04.322030  1686  1686 I WearPower: [WearTouchMediator] changing touch input to enabled (ON_AUTO)
--------- switch to kernel
11-02 21:13:04.275201     0     0 I init    : processing action (ro.enable_core_ctl=true && sys.cw_corectl_mode=perf) from (/vendor/etc/init/hw/init.qcom.rc:954)
11-02 21:13:04.276964     0     0 I CPU2    : update cpu_capacity 1024
--------- switch to main
11-02 21:13:04.323386  1686  1759 I InputReader: Reconfiguring input devices.  changes=0x00000200
11-02 21:13:04.339338  1686  1686 D WristGestureCtrl: Starting: GesturesEnabled-false UngazeEnabled-true
11-02 21:13:04.339447  1686  1686 D DefaultUngazeDetector: starting
11-02 21:13:04.339511  1686  1686 D DefaultUngazeDetector: startUngazeStateEstimation(). startTime = 15463769
11-02 21:13:04.341055   512   512 I sensors-hal: batch:140, android.sensor.accelerometer/48, period=19231000, max_latency=100000000
11-02 21:13:04.342151  1686  1686 W AlarmManagerProxy: Removing unknown listener
11-02 21:13:04.342844   512  8288 I sensors-hal: handle_indication_realtime:355,  SCHED_FIFO(10) for qmi_cbk
11-02 21:13:04.343911   512   512 I sensors-hal: batch:149, android.sensor.accelerometer/48, period=19231000, max_latency=100000000 request completed
11-02 21:13:04.344699   512   512 I sensors-hal: flush:169, android.sensor.accelerometer/48
11-02 21:13:04.349434   512   512 I sensors-hal: flush:175, android.sensor.accelerometer/48 completed
11-02 21:13:04.354444  1686  1686 W DefaultSettingsContentR: Value for ambient_low_bit_enabled not stored as number. Attempting parse as boolean.
11-02 21:13:04.356715   512  8286 I sensors-hal: handle_indication_realtime:355,  SCHED_FIFO(10) for qmi_cbk
--------- switch to kernel
11-02 21:13:04.297699     0     0 I CPU3    : update cpu_capacity 1024
11-02 21:13:04.299563     0     0 I CPU2    : update max cpu_capacity 1024
11-02 21:13:04.350427     0     0 I CPU1    : update max cpu_capacity 748
11-02 21:13:04.363388     0     0 I init    : Command 'write /sys/devices/system/cpu/cpu3/online 1' action=ro.enable_core_ctl=true && sys.cw_corectl_mode=perf (/vendor/etc/init/hw/init.qcom.rc:957) took 67ms and succeeded
11-02 21:13:04.363727     0     0 I CPU3    : update max cpu_capacity 1024
--------- switch to main
11-02 21:13:04.427620  3205  3434 W WorkController: Loading failed for worker [trainingcache]: worker not found
11-02 21:13:04.432017  3205  3372 W A       : TrainingCache cache SCREEN_ON failure
11-02 21:13:04.432017  3205  3372 W A       : com.google.android.apps.gsa.search.core.service.h.a.a: No worker found for Worker ID [trainingcache].
11-02 21:13:04.432017  3205  3372 W A       : 	at com.google.android.apps.gsa.search.core.service.g.a.c.a(Unknown Source:5)
11-02 21:13:04.432017  3205  3372 W A       : 	at com.google.android.libraries.gsa.c.a.d.a(Unknown Source:3)
11-02 21:13:04.432017  3205  3372 W A       : 	at com.google.common.p.a.cg.c(Unknown Source:2)
11-02 21:13:04.432017  3205  3372 W A       : 	at com.google.common.p.a.bk.run(SourceFile:3)
11-02 21:13:04.432017  3205  3372 W A       : 	at com.google.common.p.a.ci.run(Unknown Source:4)
11-02 21:13:04.432017  3205  3372 W A       : 	at com.google.apps.tiktok.concurrent.ab.run(SourceFile:1)
11-02 21:13:04.432017  3205  3372 W A       : 	at java.util.concurrent.ThreadPoolExecutor.runWorker(ThreadPoolExecutor.java:1167)
11-02 21:13:04.432017  3205  3372 W A       : 	at java.util.concurrent.ThreadPoolExecutor$Worker.run(ThreadPoolExecutor.java:641)
11-02 21:13:04.432017  3205  3372 W A       : 	at com.google.apps.tiktok.concurrent.c.run(Unknown Source:4)
11-02 21:13:04.432017  3205  3372 W A       : 	at java.lang.Thread.run(Thread.java:764)
11-02 21:13:04.476189  2520  2520 D HOME    : [StreamDBQueue]Promised revision #2061 to queue a new op
11-02 21:13:04.477084  2520  2520 D WatchStreamManager: Promised rank-blocked=true @ r#2061
11-02 21:13:04.478926  2520  7713 D HOME    : [WatchStreamDB]Item alerting conditions - isInterruptive: false, recentlyInterrupted: false, isItemPinned: false, isUnread: false
11-02 21:13:04.479965  2520  7713 D HOME    : [StreamAlertingRegulator]isTheaterModeEnabled: false, isAlertingAllowedByOffBody: true, matchesLocalInterruptionFilter: true
11-02 21:13:04.480689  2520  7713 D HOME    : [WatchStreamDB]couldItemAlert: false, isTopItemChanged: false, isDeferralForTopItem: false
11-02 21:13:04.485631  2520  2714 D HOME    : [TickMonitor]Received time tick
11-02 21:13:04.486309  2520  2714 D HOME    : [TickMonitor]handleTimeTick() finished
11-02 21:13:04.503144  7745  7745 I Choreographer: Skipped 39 frames!  The application may be doing too much work on its main thread.
--------- switch to kernel
11-02 21:13:04.633484     0     0 E bgrsb   : bgrsb_enable: rsb will set report rate
11-02 21:13:04.647512     0     0 E bgrsb   : bgrsb_enable: gpio 32 is valid
--------- switch to main
11-02 21:13:04.755130   504   523 I SDM     : DisplayBase::SetDisplayState: Set state = 3, display 0
11-02 21:13:04.755502   504   523 D SDM     : HWCDisplayPrimary::SetStandByMode: Display is connected successfully
11-02 21:13:04.756286   416  2389 D SKGHAL  : standBy_update_control call succeed on 0
11-02 21:13:04.756421   416  2389 D SKGHAL  : sendAmbientEvent: done: enable = 0
11-02 21:13:04.757569  1686  1823 D SidekickService:    ... endDisplay returns void
--------- switch to kernel
11-02 21:13:04.703439     0     0 I         : [touch]FB_BLANK_VSYNC_SUSPEND
--------- switch to main
11-02 21:13:04.759468   545   545 D SurfaceFlinger: Set power mode=2, type=0 flinger=0xb6bb6000
11-02 21:13:04.760544   504   761 I SDM     : DisplayBase::SetDisplayState: Set state = 1, display 0
--------- switch to kernel
11-02 21:13:04.703448     0     0 I         : [touch]Already in suspend state
11-02 21:13:04.716418     0     0 I mdss_dsi_panel_set_idle_mode: Idle (1->0)
11-02 21:13:04.717564     0     0 E mdp3_enable_panic_ctrl: mdp3_enable_panic_ctrl: Enable Panic Control
11-02 21:13:04.717690     0     0 I         : [touch]FB_BLANK_UNBLANK
11-02 21:13:04.717698     0     0 I         : [touch]raydium_ts_do_resume, 1.
11-02 21:13:04.718657     0     0 I         : [ raydium ]workqueue is empty!
11-02 21:13:04.718680     0     0 I raydium_ts 5-0039: [touch]Already enable irq
11-02 21:13:04.718684     0     0 I         : [touch]Device may wakeup
--------- switch to main
11-02 21:13:04.772890   545   545 D SurfaceFlinger: Finished set power mode=2, type=0
--------- switch to system
11-02 21:13:04.777733  1686  1712 W PowerManagerService: Screen on took 865 ms
11-02 21:13:04.778287  1686  1712 I DreamManagerService: Gently waking up from dream.
11-02 21:13:04.779286  1686  1708 I DreamManagerService: Performing gentle wake from dream.
11-02 21:13:04.780124  1686  1686 V DreamService[AmbientDream]: wakeUp(): fromSystem=true, mWaking=false, mFinished=false
11-02 21:13:04.780353  1686  1686 V DreamService[AmbientDream]: finish(): mFinished=false
11-02 21:13:04.780492  1686  1686 I DreamManagerService: Leaving dreamland.
11-02 21:13:04.781927  1686  1708 I DreamManagerService: Performing gentle wake from dream.
11-02 21:13:04.782291  1686  1708 I DreamController: Stopping dream: name=ComponentInfo{com.google.android.wearable.ambient/com.google.android.wearable.ambient.AmbientDream}, isTest=false, canDoze=true, userId=0
11-02 21:13:04.785316  1686  1686 V DreamService[AmbientDream]: detach(): Calling onDreamingStopped()
--------- switch to main
11-02 21:13:04.785622  1686  1686 I AmbientService: [ce6a28c] doOnDreamingStopped
11-02 21:13:04.785727  1686  1686 W AlarmManagerProxy: Removing unknown listener
11-02 21:13:04.789349  1686  1686 I AmbientService: [ce6a28c] No auto-resume Activity.
11-02 21:13:04.798396  1686  1686 W AlarmManager: Unrecognized alarm listener com.android.server.job.controllers.-$$Lambda$IdleController$IdlenessTracker$nTdS-lGBXcES5VWKcJFmQFgU7IU@1ab437a
11-02 21:13:04.800349  2520  2520 D HOME    : [HomeVisitsLogger]Logging streamlet event: visit_start
--------- switch to system
11-02 21:13:04.800660  1686  1686 W ContextImpl: Calling a method in the system process without a qualified user: android.app.ContextImpl.sendBroadcast:1020 android.content.ContextWrapper.sendBroadcast:449 com.google.android.wearable.ambient.AmbientDream.onDestroy:273 android.app.ActivityThread.handleStopService:3698 android.app.ActivityThread.access$1700:200 
--------- switch to main
11-02 21:13:04.801170  2520  2520 D HOME    : [HomeVisitsLogger]Logging streamlet event: exit_ambient_mode
11-02 21:13:04.801861  1686  1686 E AlarmManager: cancel() called with a null PendingIntent
--------- switch to system
11-02 21:13:04.802540  1686  1686 V DreamService[AmbientDream]: onDestroy()
--------- switch to main
11-02 21:13:04.802614  2520  2520 D HOME    : [HotwordController]updateClient MODE_WATCH_FACE false false false true
11-02 21:13:04.804826  2520  2520 D HOME    : [WatchFaceUiController]setInAmbientMode false
11-02 21:13:04.804996  2520  2520 D HOME    : [WatchFaceUiController]sendWatchFaceServiceBinder
11-02 21:13:04.817941  2520  2520 D HOME    : [WatchFaceUiController]sendStateToWallpaper
11-02 21:13:04.822308  2520  2520 D HOME    : [WatchFaceUiController]Showing watch face wallpaper.
11-02 21:13:04.822832  2520  2520 D HOME    : [WatchFaceUiController]sendStateToWallpaper
11-02 21:13:04.831985  2520  2520 D HOME    : [StreamDBQueue]Promised revision #2062 to queue a new op
11-02 21:13:04.834335  2520  2520 D WatchStreamManager: Promised rank-blocked=true @ r#2062
11-02 21:13:04.835844  2520  2520 D HOME    : [StreamDBQueue]Promised revision #2063 to queue a new op
11-02 21:13:04.835858  2520  7713 D HOME    : [WatchStreamDB]Item alerting conditions - isInterruptive: false, recentlyInterrupted: false, isItemPinned: false, isUnread: false
11-02 21:13:04.836294  2520  2520 D WatchStreamManager: Promised rank-blocked=true @ r#2063
11-02 21:13:04.836711  2520  7713 D HOME    : [StreamAlertingRegulator]isTheaterModeEnabled: false, isAlertingAllowedByOffBody: true, matchesLocalInterruptionFilter: true
11-02 21:13:04.837788  2520  2520 D HOME    : [TilesController]Tile refresh optimization is enabled.
11-02 21:13:04.840369  2520  2520 D HOME    : [EventBus]Wrapper pool is full. Discarding excess wrapper instance for event com.google.android.clockwork.sysui.events.KeyguardStateEvent
11-02 21:13:04.840650  2520  2520 D HOME    : [WatchFaceUiController]sendStateToWallpaper
11-02 21:13:04.843236   512  1749 I sensors-hal: activate:107, android.sensor.light/46 en=0
11-02 21:13:04.844431  2520  7713 D HOME    : [WatchStreamDB]couldItemAlert: false, isTopItemChanged: false, isDeferralForTopItem: false
11-02 21:13:04.845513   512  1749 I sensors-hal: activate:118, android.sensor.light/46 en=0 completed
11-02 21:13:04.846311  2520  2520 D HOME    : [EventBus]Wrapper pool is full. Discarding excess wrapper instance for event com.google.android.clockwork.sysui.events.KeyguardStateEvent
11-02 21:13:04.846918  2520  2520 D HOME    : [EventBus]Wrapper pool is full. Discarding excess wrapper instance for event com.google.android.clockwork.sysui.events.KeyguardStateEvent
11-02 21:13:04.849416  2520  8231 D HOME    : [DataRequester]cancelScheduledUpdates TileConfig{id=-1, provider=ComponentInfo{com.google.android.wearable.app/com.google.android.clockwork.home.jovi.tile.JoviTileProviderService}}
11-02 21:13:04.852621   512  1749 I sensors-hal: batch:140, android.sensor.light/46, period=250000000, max_latency=0
11-02 21:13:04.852758   512  1749 I sensors-hal: batch:149, android.sensor.light/46, period=250000000, max_latency=0 request completed
11-02 21:13:04.852950  2520  7713 D HOME    : [WatchStreamDB]Item alerting conditions - isInterruptive: false, recentlyInterrupted: false, isItemPinned: false, isUnread: false
11-02 21:13:04.853529  2520  7713 D HOME    : [StreamAlertingRegulator]isTheaterModeEnabled: false, isAlertingAllowedByOffBody: true, matchesLocalInterruptionFilter: true
11-02 21:13:04.853850  2520  7713 D HOME    : [WatchStreamDB]couldItemAlert: false, isTopItemChanged: false, isDeferralForTopItem: false
11-02 21:13:04.855095   512  1749 I sensors-hal: activate:107, android.sensor.light/46 en=1
11-02 21:13:04.855581   512  1749 I sensors-hal: ssc_enable_rt_task:254, ssc_enable_rt_task : true
11-02 21:13:04.856505  2520  2520 D HOME    : [WatchFaceUiController]sendStateToWallpaper
11-02 21:13:04.862330   512  1749 I sensors-hal: activate:118, android.sensor.light/46 en=1 completed
11-02 21:13:04.864471  2520  2520 W StaticLayout: maxLineHeight should not be -1.  maxLines:1 lineCount:1
11-02 21:13:04.875719  2520  8231 D HOME    : [DataRequester]requestUpdateFromProvider TileConfig{id=-1, provider=ComponentInfo{com.google.android.wearable.app/com.google.android.clockwork.home.jovi.tile.JoviTileProviderService}}
11-02 21:13:04.881622  2520  8231 D HOME    : [DataRequester]cancelScheduledUpdates TileConfig{id=2, provider=ComponentInfo{com.google.android.wearable.app/com.google.android.clockwork.home.calendar.AgendaTileProviderService}}
11-02 21:13:04.887031  2520  8231 D HOME    : [DataRequester]requestUpdateFromProvider TileConfig{id=2, provider=ComponentInfo{com.google.android.wearable.app/com.google.android.clockwork.home.calendar.AgendaTileProviderService}}
11-02 21:13:04.925768  2520  2520 D HOME    : [AgendaController]loadEvents
11-02 21:13:04.926024   512  8298 I sensors-hal: handle_indication_realtime:355,  SCHED_FIFO(10) for qmi_cbk
11-02 21:13:04.927334  2520  2520 D HOME    : [JoviUpdater]background update started
11-02 21:13:04.927470  2520  7885 D HOME    : [AgendaController]Fetching event data for window: EventWindow{Tue Nov 02 00:00:00 GMT+01:00 2021,Thu Nov 04 23:59:59 GMT+01:00 2021}
11-02 21:13:04.927975  2520  7885 D HOME    : [CwCal]CalendarEventsResolver:queryCalendarEventInstances:window=EventWindow{Tue Nov 02 00:00:00 GMT+01:00 2021,Thu Nov 04 23:59:59 GMT+01:00 2021}
11-02 21:13:04.928766  2520  2520 D HOME    : [LocationOracleImpl]Fetching last known location.
11-02 21:13:04.929240  2520  2520 D HOME    : [AccountOracleImpl]Fetching account of type: com.google
11-02 21:13:04.931552  2520  8231 D HOME    : [CwCal]CalendarEventsResolver:queryCalendarEventInstances:window=EventWindow{Tue Nov 02 00:00:00 GMT+01:00 2021,Wed Nov 03 23:59:59 GMT+01:00 2021}
11-02 21:13:04.948486  2520  2520 W GmsAccountProvider: No accounts found.
11-02 21:13:04.948642  2520  2520 E HOME    : [OAuthOracleImpl]Account not found.
11-02 21:13:04.950510  2520  4738 E HOME    : [GetCardsRpc]One or more asynchronous tasks failed.
11-02 21:13:04.950510  2520  4738 E HOME    : android.accounts.AccountsException: Account not found.
11-02 21:13:04.950510  2520  4738 E HOME    : 	at djj.a(AW782433232:2)
11-02 21:13:04.950510  2520  4738 E HOME    : 	at dxa.d(AW782433232:6)
11-02 21:13:04.950510  2520  4738 E HOME    : 	at dwx.a(Unknown Source:3)
11-02 21:13:04.950510  2520  4738 E HOME    : 	at ltg.c(Unknown Source:2)
11-02 21:13:04.950510  2520  4738 E HOME    : 	at lsr.run(AW782433232:3)
11-02 21:13:04.950510  2520  4738 E HOME    : 	at lti.run(Unknown Source:4)
11-02 21:13:04.950510  2520  4738 E HOME    : 	at android.os.Handler.handleCallback(Handler.java:873)
11-02 21:13:04.950510  2520  4738 E HOME    : 	at android.os.Handler.dispatchMessage(Handler.java:99)
11-02 21:13:04.950510  2520  4738 E HOME    : 	at android.os.Looper.loop(Looper.java:193)
11-02 21:13:04.950510  2520  4738 E HOME    : 	at android.app.ActivityThread.main(ActivityThread.java:6680)
11-02 21:13:04.950510  2520  4738 E HOME    : 	at java.lang.reflect.Method.invoke(Native Method)
11-02 21:13:04.950510  2520  4738 E HOME    : 	at com.android.internal.os.RuntimeInit$MethodAndArgsCaller.run(RuntimeInit.java:493)
11-02 21:13:04.950510  2520  4738 E HOME    : 	at com.android.internal.os.ZygoteInit.main(ZygoteInit.java:858)
11-02 21:13:04.962311  2520  2520 D HOME    : [WatchFaceUiController]sendWatchFaceServiceBinder
11-02 21:13:04.970713  2520  4738 D HOME    : [AccountOracleImpl]Fetching account of type: com.google
11-02 21:13:04.970811  2520  2520 D HOME    : [WatchFaceUiController]sendProperties
11-02 21:13:04.973296  2520  2520 D HOME    : [WatchFaceUiController]sendStateToWallpaper
11-02 21:13:04.989946  2520  4738 W GmsAccountProvider: No accounts found.
11-02 21:13:04.990092  2520  4738 D HOME    : [LocPermissionChecker]No account present for location permissions.
11-02 21:13:04.995268  2520  4738 W HOME    : [UpdateController]Data update failed
11-02 21:13:04.995268  2520  4738 W HOME    : djr: Some cache updates failed
11-02 21:13:04.995268  2520  4738 W HOME    : 	at dkh.b(Unknown Source:27)
11-02 21:13:04.995268  2520  4738 W HOME    : 	at mhz.bd(AW782433232:2)
11-02 21:13:04.995268  2520  4738 W HOME    : 	at lqz.f(Unknown Source:2)
11-02 21:13:04.995268  2520  4738 W HOME    : 	at lrb.run(AW782433232:9)
11-02 21:13:04.995268  2520  4738 W HOME    : 	at java.util.concurrent.ThreadPoolExecutor.runWorker(ThreadPoolExecutor.java:1167)
11-02 21:13:04.995268  2520  4738 W HOME    : 	at java.util.concurrent.ThreadPoolExecutor$Worker.run(ThreadPoolExecutor.java:641)
11-02 21:13:04.995268  2520  4738 W HOME    : 	at java.lang.Thread.run(Thread.java:764)
11-02 21:13:04.996081  2520  2520 D HOME    : [AgendaController]Obtained events in UI thread: []
11-02 21:13:04.996585  2520  2520 D HOME    : [EventDiarizer]Constructing with window EventWindow{Tue Nov 02 00:00:00 GMT+01:00 2021,Thu Nov 04 23:59:59 GMT+01:00 2021}
11-02 21:13:04.999131  2520  2520 D HOME    : [AgendaMetricsLogger]eventDataNotPresent
11-02 21:13:04.999939  2520  2520 D HOME    : [AccountOracleImpl]Fetching account of type: com.google
11-02 21:13:05.000671  2520  7941 D HOME    : [DataRequester]cancelScheduledUpdates TileConfig{id=2, provider=ComponentInfo{com.google.android.wearable.app/com.google.android.clockwork.home.calendar.AgendaTileProviderService}}
11-02 21:13:05.000897  2520  7941 D HOME    : [DataRequester]cancelScheduledUpdates could not find jobId for provider 2
11-02 21:13:05.004317  2520  7941 D HOME    : [DataRequester]updateFinished 2
11-02 21:13:05.012568  2520  7941 D HOME    : [ProviderConnMgr]Unbinding from service
11-02 21:13:05.016227  2520  2520 W GmsAccountProvider: No accounts found.
