11-02 23:18:42.286959  1686  1686 W system_server: Long monitor contention with owner Binder:1686_11 (3295) at int com.google.android.clockwork.sidekick.SidekickService$BinderService.sendWatchFace(com.google.android.clockwork.decomposablewatchface.WatchFaceDecomposition, boolean)(SidekickService.java:1021) waiters=0 in boolean com.google.android.clockwork.sidekick.SidekickService$BinderService.readyToDisplay() for 403ms
11-02 23:18:42.287412  1686  1686 I AmbientService: [ce6a28c] Showing watch face in offload mode, canceling alarm.
11-02 23:18:42.287469  1686  1686 W AlarmManagerProxy: Removing unknown listener
11-02 23:18:42.287641  1686  1686 D WristGestureCtrl: Stopping detectors: GesturesEnabled-false gestureDetector-false ungazeEnabled-true ungaze-true
11-02 23:18:42.287681  1686  1686 D DefaultUngazeDetector: stopping
11-02 23:18:42.287717  1686  3998 W system_server: Long monitor contention with owner main (1686) at void com.google.android.wearable.ambient.AmbientService.doOnDreamingStarted()(AmbientService.java:659) waiters=0 in void com.google.android.wearable.ambient.AmbientService.maybeSendDozeCommand() for 403ms
--------- switch to system
11-02 23:18:42.287959  1686  1686 W Looper  : Slow dispatch took 425ms main h=android.os.Handler c=android.service.dreams.DreamService$1@1937bed m=0
11-02 23:18:42.289190  1686  1686 W Looper  : Slow delivery took 426ms main h=android.app.ActivityThread$H c=android.app.-$$Lambda$LoadedApk$ReceiverDispatcher$Args$_BumDX2UKsnxLVrE6UJsJZkotuA@1dc2a22 m=0
--------- switch to main
11-02 23:18:42.290642   512   512 I sensors-hal: batch:140, android.sensor.accelerometer/48, period=66667000, max_latency=100000000
--------- switch to system
11-02 23:18:42.293213  2520  2520 W ViewRootImpl[HomeActivity2]: Dropping event due to no window focus: MotionEvent { action=ACTION_SCROLL, actionButton=0, id[0]=0, x[0]=0.0, y[0]=0.0, toolType[0]=TOOL_TYPE_UNKNOWN, buttonState=0, metaState=0, flags=0x0, edgeFlags=0x0, pointerCount=1, historySize=0, eventTime=1946371, downTime=0, deviceId=2, source=0x400000 }
--------- switch to main
11-02 23:18:42.294706   512   512 I sensors-hal: batch:149, android.sensor.accelerometer/48, period=66667000, max_latency=100000000 request completed
--------- switch to system
11-02 23:18:42.295324  1686  1686 W Looper  : Drained
--------- switch to main
11-02 23:18:42.298127  2520  2520 W StaticLayout: maxLineHeight should not be -1.  maxLines:1 lineCount:1
--------- switch to kernel
11-02 23:18:42.239390     0     0 E FG      : fg_psy_get_property: unsupported property 7
11-02 23:18:42.241510     0     0 W healthd : battery l=47 v=3873 t=25.0 h=2 st=3 c=12 fc=443000 cc=0 chg=
--------- switch to main
11-02 23:18:42.320857  1956  1956 D QtiCarrierConfigHelper: WARNING, no carrier configs on phone Id: 0
11-02 23:18:42.326850  2520  2520 D HOME    : [SidekickManagerAsync]replaceWatchFaceComponents(): Callback#onResult(): 0
11-02 23:18:42.327557   512   512 I sensors-hal: activate:107, android.sensor.light/46 en=0
11-02 23:18:42.327647  2520  2520 D HOME    : [BatteryChange]action: android.intent.action.BATTERY_CHANGED
11-02 23:18:42.328050  2520  2520 D HOME    : [WatchFaceUiController]Complication updates sent, posting watch face hiding
11-02 23:18:42.328171  2520  2520 D HOME    : [WatchFaceUiController]Still in ambient watch face, hiding
11-02 23:18:42.328237  2520  2520 D HOME    : [WatchFaceUiController]Hiding watch face wallpaper.
11-02 23:18:42.328537  2520  8464 D HOME    : [BatteryChange]HandleBatteryChangedTask
11-02 23:18:42.328975  2520  8464 D HOME    : [BatteryChange]level: 47, status: 3
11-02 23:18:42.330291   512   512 I sensors-hal: activate:118, android.sensor.light/46 en=0 completed
--------- switch to system
11-02 23:18:42.332667  1686  1710 I DisplayManagerService: Display device changed state: "Écran intégré", DOZE_SUSPEND
--------- switch to main
11-02 23:18:42.348783   545   545 D SurfaceFlinger: Set power mode=3, type=0 flinger=0xb6bb6000
11-02 23:18:42.349419   504   762 I SDM     : DisplayBase::SetDisplayState: Set state = 3, display 0
11-02 23:18:42.362049  1686  1759 I InputReader: Reconfiguring input devices.  changes=0x00000004
11-02 23:18:42.419726   545   545 D SurfaceFlinger: Finished set power mode=3, type=0
11-02 23:18:42.420336  1686  1823 I SidekickService: beginDisplayLocked(): DOZE_SUSPEND
11-02 23:18:42.421024   416   416 D SKGHAL  : sendAmbientPrepare: enter:
--------- switch to kernel
11-02 23:18:42.298056     0     0 I mdss_dsi_panel_set_idle_mode: Idle (0->1)
11-02 23:18:42.345235     0     0 I         : [touch]FB_BLANK_VSYNC_SUSPEND
11-02 23:18:42.345241     0     0 I         : [touch]irq disable
11-02 23:18:42.345246     0     0 I         : [touch]workqueue is empty!
11-02 23:18:42.345249     0     0 I         : [touch]raydium_ts_do_suspend.
11-02 23:18:42.345260     0     0 I         : [touch]Device may wakeup
11-02 23:18:42.347471     0     0 I         : [touch]irq enable
--------- switch to main
11-02 23:18:42.482151  2520  2520 D HOME    : [SurfaceRenderer]cardLifecycleParent: onPause
11-02 23:18:42.482416  2520  2520 D HOME    : [SurfaceRenderer]cardLifecycleParent: onStop
11-02 23:18:42.550092   416   416 D SKGHAL  : sendAmbientEvent: enter: enable = 1
11-02 23:18:42.551238   504   523 I SDM     : DisplayBase::SetDisplayState: Set state = 4, display 0
11-02 23:18:42.551332   504   523 D SDM     : HWCDisplayPrimary::SetStandByMode: Null display is connected successfully
11-02 23:18:42.551501   416   416 D SKGHAL  : standBy_update_control call succeed on 1
11-02 23:18:42.559907   416   416 D SKGHAL  : sendAmbientEvent: done: enable = 1
11-02 23:18:42.560256  1686  1823 D SidekickService:    ... beginDisplay result: 0 for halPower: 1
11-02 23:18:42.563532   512  1749 I sensors-hal: activate:107, android.sensor.accelerometer/48 en=0
11-02 23:18:42.564637   512  1749 I sensors-hal: activate:118, android.sensor.accelerometer/48 en=0 completed
11-02 23:18:42.570253  1686  1799 E WifiStateMachine: getWifiLinkLayerStats called without an interface
--------- switch to kernel
11-02 23:18:42.495428     0     0 E bgrsb   : bgrsb_enable: gpio 32 is valid
--------- switch to main
11-02 23:18:42.589831  1686  1686 I WearPower: [WearTouchMediator] changing touch input to enabled (ON_AUTO)
11-02 23:18:42.590954  1686  1759 I InputReader: Reconfiguring input devices.  changes=0x00000200
--------- switch to kernel
11-02 23:18:42.521759     0     0 I init    : processing action (ro.enable_core_ctl=true && sys.cw_corectl_mode=idle) from (/vendor/etc/init/hw/init.qcom.rc:949)
--------- switch to main
11-02 23:18:42.601288  1686  1686 I AmbientService: [ce6a28c] Timeout alarm not required, auto-resume timeout handled by dream.
11-02 23:18:42.611898  3205  3434 W WorkController: Loading failed for worker [trainingcache]: worker not found
11-02 23:18:42.613287  3205  3294 W A       : TrainingCache cache SCREEN_OFF failure
11-02 23:18:42.613287  3205  3294 W A       : com.google.android.apps.gsa.search.core.service.h.a.a: No worker found for Worker ID [trainingcache].
11-02 23:18:42.613287  3205  3294 W A       : 	at com.google.android.apps.gsa.search.core.service.g.a.c.a(Unknown Source:5)
11-02 23:18:42.613287  3205  3294 W A       : 	at com.google.android.libraries.gsa.c.a.d.a(Unknown Source:3)
11-02 23:18:42.613287  3205  3294 W A       : 	at com.google.common.p.a.cg.c(Unknown Source:2)
11-02 23:18:42.613287  3205  3294 W A       : 	at com.google.common.p.a.bk.run(SourceFile:3)
11-02 23:18:42.613287  3205  3294 W A       : 	at com.google.common.p.a.ci.run(Unknown Source:4)
11-02 23:18:42.613287  3205  3294 W A       : 	at com.google.apps.tiktok.concurrent.ab.run(SourceFile:1)
11-02 23:18:42.613287  3205  3294 W A       : 	at java.util.concurrent.ThreadPoolExecutor.runWorker(ThreadPoolExecutor.java:1167)
11-02 23:18:42.613287  3205  3294 W A       : 	at java.util.concurrent.ThreadPoolExecutor$Worker.run(ThreadPoolExecutor.java:641)
11-02 23:18:42.613287  3205  3294 W A       : 	at com.google.apps.tiktok.concurrent.c.run(Unknown Source:4)
11-02 23:18:42.613287  3205  3294 W A       : 	at java.lang.Thread.run(Thread.java:764)
11-02 23:18:42.626944  2520  2520 D HOME    : [StreamDBQueue]Promised revision #2573 to queue a new op
11-02 23:18:42.627312  2520  2520 D WatchStreamManager: Promised rank-blocked=false @ r#2573
11-02 23:18:42.627615  2520  2520 D HOME    : [CompactHunStarter]detachWindow()
11-02 23:18:42.628600  2520  8464 D HOME    : [WatchStreamDB]Item alerting conditions - isInterruptive: false, recentlyInterrupted: false, isItemPinned: false, isUnread: false
11-02 23:18:42.628992  2520  8464 D HOME    : [StreamAlertingRegulator]isTheaterModeEnabled: false, isAlertingAllowedByOffBody: true, matchesLocalInterruptionFilter: true
11-02 23:18:42.629310  2520  8464 D HOME    : [WatchStreamDB]couldItemAlert: false, isTopItemChanged: false, isDeferralForTopItem: false
11-02 23:18:42.630427  2520  9131 D HOME    : [StreamDBQueue]Promised revision #2574 to queue a new op
11-02 23:18:42.630686  2520  9131 D WatchStreamManager: Promised rerank @ r#2574
11-02 23:18:42.631326  2520  8603 D HOME    : [WatchStreamDB]updateRanking()
11-02 23:18:42.632116  2520  8603 D HOME    : [WatchStreamDB]Item alerting conditions - isInterruptive: false, recentlyInterrupted: false, isItemPinned: false, isUnread: false
11-02 23:18:42.632534  2520  8603 D HOME    : [StreamAlertingRegulator]isTheaterModeEnabled: false, isAlertingAllowedByOffBody: true, matchesLocalInterruptionFilter: true
11-02 23:18:42.632855  2520  8603 D HOME    : [WatchStreamDB]couldItemAlert: false, isTopItemChanged: false, isDeferralForTopItem: false
11-02 23:18:42.633705  2520  8603 D HOME    : [NewStreamAdapter]Publishing revision #2574 to adapter clients
--------- switch to kernel
11-02 23:18:42.573610     0     0 I CPU3    : update max cpu_capacity 1024
11-02 23:18:42.661443     0     0 I PM      : suspend entry 2021-11-02 22:18:42.661443272 UTC
--------- switch to main
11-02 23:18:42.668034   501  1904 I LocSvc_ApiV02: <--- globalEventCb line 152 QMI_LOC_EVENT_GNSS_SV_INFO_IND_V02
11-02 23:18:42.668351   501  1904 I LocSvc_ApiV02: <--- globalEventCb line 152 QMI_LOC_EVENT_POSITION_REPORT_IND_V02
11-02 23:18:42.669519  1686  4991 I GnssLocationProvider: WakeLock acquired by sendMessage(REPORT_SV_STATUS, 0, com.android.server.location.GnssLocationProvider$SvStatusInfo@7b6c66e)
11-02 23:18:42.670476  1686  1701 I GnssLocationProvider: WakeLock released by handleMessage(REPORT_SV_STATUS, 0, com.android.server.location.GnssLocationProvider$SvStatusInfo@7b6c66e)
--------- switch to kernel
11-02 23:18:42.661452     0     0 I PM      : Syncing filesystems ...
11-02 23:18:42.676396     0     0 W         : IRQ21 no longer affine to CPU2
11-02 23:18:42.677239     0     0 I CPU2    : shutdown
11-02 23:18:42.679194     0     0 I init    : Command 'write /sys/devices/system/cpu/cpu2/online 0' action=ro.enable_core_ctl=true && sys.cw_corectl_mode=idle (/vendor/etc/init/hw/init.qcom.rc:951) took 85ms and succeeded
11-02 23:18:42.725429     0     0 I CPU1    : update max cpu_capacity 748
11-02 23:18:42.767641     0     0 I CPU3    : shutdown
11-02 23:18:42.769333     0     0 I init    : Command 'write /sys/devices/system/cpu/cpu3/online 0' action=ro.enable_core_ctl=true && sys.cw_corectl_mode=idle (/vendor/etc/init/hw/init.qcom.rc:952) took 89ms and succeeded
--------- switch to main
11-02 23:18:42.942897  3316  8546 W .gms.persisten: Long monitor contention with owner lowpool[43] (8467) at void lfu.e()(:com.google.android.gms@205016071@20.50.16 (050304-351607135):1) waiters=0 in void ksy.c(java.util.List) for 224ms
--------- switch to kernel
11-02 23:18:42.944265     0     0 I         : done.
11-02 23:18:42.944472     0     0 I         : Freezing user space processes ...
11-02 23:18:42.948459     0     0 I PM      : Wakeup pending, aborting suspend
11-02 23:18:42.948554     0     0 I         : last active wakeup source: eventpoll
11-02 23:18:42.948578     0     0 E         : Freezing of tasks aborted after 0.004 seconds
11-02 23:18:42.948589     0     0 I         : Restarting tasks ...
11-02 23:18:42.948989     0     0 W QSEECOM : qseecom_receive_req: Interrupted: exiting Listener Service = 8192
11-02 23:18:42.949023     0     0 W QSEECOM : qseecom_receive_req: Interrupted: exiting Listener Service = 12288
11-02 23:18:42.949051     0     0 W QSEECOM : qseecom_receive_req: Interrupted: exiting Listener Service = 11
11-02 23:18:42.949076     0     0 W QSEECOM : qseecom_receive_req: Interrupted: exiting Listener Service = 10
11-02 23:18:42.949102     0     0 W QSEECOM : qseecom_receive_req: Interrupted: exiting Listener Service = 28672
11-02 23:18:42.955057     0     0 I         : done.
11-02 23:18:42.955754     0     0 I PM      : suspend exit 2021-11-02 22:18:42.955754157 UTC
11-02 23:18:43.156411     0     0 I PM      : suspend entry 2021-11-02 22:18:43.156411970 UTC
11-02 23:18:43.156421     0     0 I PM      : Syncing filesystems ... done.
11-02 23:18:43.172574     0     0 I         : Freezing user space processes ... (elapsed 0.007 seconds) done.
11-02 23:18:43.180296     0     0 I         : Freezing remaining freezable tasks ... (elapsed 0.003 seconds) done.
11-02 23:18:43.183658     0     0 I         : Suspending console(s) (use no_console_suspend to debug)
11-02 23:18:43.194974     0     0 I mdss_dsi_panel_set_idle_mode: Idle (1->1)
11-02 23:18:43.229920     0     0 I bgcom   : bgcom_pm_suspend: suspended with : 0
11-02 23:18:43.253642     0     0 I PM      : suspend of devices complete after 67.950 msecs
11-02 23:18:43.257296     0     0 I PM      : late suspend of devices complete after 3.633 msecs
11-02 23:18:43.260854     0     0 I PM      : noirq suspend of devices complete after 3.541 msecs
11-02 23:18:43.260862     0     0 I         : Disabling non-boot CPUs ...
11-02 23:18:43.276045     0     0 W         : IRQ21 no longer affine to CPU1
11-02 23:18:43.277025     0     0 I CPU1    : shutdown
11-02 23:18:43.278243     0     0 I suspend ns: 1947711310330	suspend cycles:     441803763679
11-02 23:18:43.278231     0     0 I CPU0    : msm_cpu_pm_enter_sleep mode:3 during suspend
11-02 23:18:43.278231     0     0 I         : Suspended for 0.390 seconds
11-02 23:18:43.278231     0     0 I resume cycles: 441811260964
11-02 23:18:43.278665     0     0 I         : Enabling non-boot CPUs ...
11-02 23:18:43.279049     0     0 I CPU1    : update cpu_capacity 1024
11-02 23:18:43.280275     0     0 I         : CPU1 is up
11-02 23:18:43.282310     0     0 I PM      : noirq resume of devices complete after 1.824 msecs
11-02 23:18:43.285390     0     0 I CPU1    : update max cpu_capacity 748
11-02 23:18:43.285713     0     0 I PM      : early resume of devices complete after 2.382 msecs
11-02 23:18:43.311181     0     0 I bgcom   : bgcom_pm_resume: Bgcom resumed with : 0
11-02 23:18:43.321367     0     0 I mdss_dsi_panel_set_idle_mode: Idle (1->1)
11-02 23:18:43.358472     0     0 I PM      : resume of devices complete after 72.740 msecs
11-02 23:18:43.360758     0     0 I         : Restarting tasks ...
11-02 23:18:43.363352     0     0 W QSEECOM : qseecom_receive_req: Interrupted: exiting Listener Service = 8192
11-02 23:18:43.363407     0     0 W QSEECOM : qseecom_receive_req: Interrupted: exiting Listener Service = 12288
11-02 23:18:43.363449     0     0 W QSEECOM : qseecom_receive_req: Interrupted: exiting Listener Service = 10
11-02 23:18:43.363492     0     0 W QSEECOM : qseecom_receive_req: Interrupted: exiting Listener Service = 28672
11-02 23:18:43.366903     0     0 W QSEECOM : qseecom_receive_req: Interrupted: exiting Listener Service = 11
--------- switch to main
11-02 23:18:43.761459   501  1904 I LocSvc_ApiV02: <--- globalEventCb line 152 QMI_LOC_EVENT_GNSS_SV_INFO_IND_V02
11-02 23:18:43.761934   501  1904 I LocSvc_ApiV02: <--- globalEventCb line 152 QMI_LOC_EVENT_POSITION_REPORT_IND_V02
11-02 23:18:43.763431  1686  1813 I GnssLocationProvider: WakeLock acquired by sendMessage(REPORT_SV_STATUS, 0, com.android.server.location.GnssLocationProvider$SvStatusInfo@5c310f)
11-02 23:18:43.765117  1686  1701 I GnssLocationProvider: WakeLock released by handleMessage(REPORT_SV_STATUS, 0, com.android.server.location.GnssLocationProvider$SvStatusInfo@5c310f)
--------- switch to kernel
11-02 23:18:43.376690     0     0 I         : done.
11-02 23:18:43.767913     0     0 I PM      : suspend exit 2021-11-02 22:18:43.767913062 UTC
11-02 23:18:43.869488     0     0 I PM      : suspend entry 2021-11-02 22:18:43.869488167 UTC
11-02 23:18:43.869498     0     0 I PM      : Syncing filesystems ... done.
11-02 23:18:43.953995     0     0 I         : Freezing user space processes ... (elapsed 0.006 seconds) done.
11-02 23:18:43.960252     0     0 I         : Freezing remaining freezable tasks ... (elapsed 0.003 seconds) done.
11-02 23:18:43.963328     0     0 I         : Suspending console(s) (use no_console_suspend to debug)
11-02 23:18:43.975313     0     0 I mdss_dsi_panel_set_idle_mode: Idle (1->1)
--------- switch to main
11-02 23:18:44.747999   501  1904 I LocSvc_ApiV02: <--- globalEventCb line 152 QMI_LOC_EVENT_GNSS_SV_INFO_IND_V02
11-02 23:18:44.748407   501  1904 I LocSvc_ApiV02: <--- globalEventCb line 152 QMI_LOC_EVENT_POSITION_REPORT_IND_V02
11-02 23:18:44.751031  1686  1813 I GnssLocationProvider: WakeLock acquired by sendMessage(REPORT_SV_STATUS, 0, com.android.server.location.GnssLocationProvider$SvStatusInfo@ecda59c)
11-02 23:18:44.752580  1686  1701 I GnssLocationProvider: WakeLock released by handleMessage(REPORT_SV_STATUS, 0, com.android.server.location.GnssLocationProvider$SvStatusInfo@ecda59c)
--------- switch to kernel
11-02 23:18:44.009739     0     0 I bgcom   : bgcom_pm_suspend: suspended with : 0
11-02 23:18:44.037844     0     0 I PM      : suspend of devices complete after 72.936 msecs
11-02 23:18:44.040536     0     0 I PM      : late suspend of devices complete after 2.675 msecs
11-02 23:18:44.043567     0     0 I PM      : noirq suspend of devices complete after 3.015 msecs
11-02 23:18:44.043574     0     0 I         : Disabling non-boot CPUs ...
11-02 23:18:44.057122     0     0 I CPU1    : shutdown
11-02 23:18:44.058046     0     0 I suspend ns: 1948100629602	suspend cycles:     441818735894
11-02 23:18:44.058036     0     0 I CPU0    : msm_cpu_pm_enter_sleep mode:3 during suspend
11-02 23:18:44.058036     0     0 I         : Suspended for 0.611 seconds
11-02 23:18:44.058036     0     0 I resume cycles: 441830476103
11-02 23:18:44.058387     0     0 I         : Enabling non-boot CPUs ...
11-02 23:18:44.058711     0     0 I CPU1    : update cpu_capacity 1024
11-02 23:18:44.059663     0     0 I         : CPU1 is up
11-02 23:18:44.061394     0     0 I PM      : noirq resume of devices complete after 1.560 msecs
11-02 23:18:44.064289     0     0 I PM      : early resume of devices complete after 1.923 msecs
11-02 23:18:44.065624     0     0 I CPU0    : update max cpu_capacity 748
11-02 23:18:44.087381     0     0 I bgcom   : bgcom_pm_resume: Bgcom resumed with : 0
11-02 23:18:44.096957     0     0 I mdss_dsi_panel_set_idle_mode: Idle (1->1)
11-02 23:18:44.129026     0     0 I PM      : resume of devices complete after 64.719 msecs
11-02 23:18:44.130971     0     0 I         : Restarting tasks ...
11-02 23:18:44.133119     0     0 W QSEECOM : qseecom_receive_req: Interrupted: exiting Listener Service = 8192
11-02 23:18:44.133163     0     0 W QSEECOM : qseecom_receive_req: Interrupted: exiting Listener Service = 11
11-02 23:18:44.135208     0     0 W QSEECOM : qseecom_receive_req: Interrupted: exiting Listener Service = 12288
11-02 23:18:44.135249     0     0 W QSEECOM : qseecom_receive_req: Interrupted: exiting Listener Service = 10
11-02 23:18:44.135277     0     0 W QSEECOM : qseecom_receive_req: Interrupted: exiting Listener Service = 28672
11-02 23:18:44.148969     0     0 I         : done.
11-02 23:18:44.760930     0     0 I PM      : suspend exit 2021-11-02 22:18:44.760930718 UTC
11-02 23:18:44.861777     0     0 I PM      : suspend entry 2021-11-02 22:18:44.861777645 UTC
--------- switch to main
11-02 23:18:45.747446   501  1904 I LocSvc_ApiV02: <--- globalEventCb line 152 QMI_LOC_EVENT_GNSS_SV_INFO_IND_V02
11-02 23:18:45.747857   501  1904 I LocSvc_ApiV02: <--- globalEventCb line 152 QMI_LOC_EVENT_POSITION_REPORT_IND_V02
11-02 23:18:45.749441  1686  1813 I GnssLocationProvider: WakeLock acquired by sendMessage(REPORT_SV_STATUS, 0, com.android.server.location.GnssLocationProvider$SvStatusInfo@8ad3ba5)
11-02 23:18:45.750695  1686  1701 I GnssLocationProvider: WakeLock released by handleMessage(REPORT_SV_STATUS, 0, com.android.server.location.GnssLocationProvider$SvStatusInfo@8ad3ba5)
--------- switch to kernel
11-02 23:18:44.861788     0     0 I PM      : Syncing filesystems ... done.
11-02 23:18:44.944540     0     0 I         : Freezing user space processes ... (elapsed 0.005 seconds) done.
11-02 23:18:44.950545     0     0 I         : Freezing remaining freezable tasks ... (elapsed 0.002 seconds) done.
11-02 23:18:44.953220     0     0 I         : Suspending console(s) (use no_console_suspend to debug)
11-02 23:18:44.963658     0     0 I mdss_dsi_panel_set_idle_mode: Idle (1->1)
11-02 23:18:45.000517     0     0 I bgcom   : bgcom_pm_suspend: suspended with : 0
11-02 23:18:45.028137     0     0 I PM      : suspend of devices complete after 73.368 msecs
11-02 23:18:45.030834     0     0 I PM      : late suspend of devices complete after 2.678 msecs
11-02 23:18:45.033871     0     0 I PM      : noirq suspend of devices complete after 3.021 msecs
11-02 23:18:45.033878     0     0 I         : Disabling non-boot CPUs ...
11-02 23:18:45.048499     0     0 I CPU1    : shutdown
11-02 23:18:45.049414     0     0 I suspend ns: 1948480528821	suspend cycles:     441837770168
11-02 23:18:45.049404     0     0 I CPU0    : msm_cpu_pm_enter_sleep mode:3 during suspend
11-02 23:18:45.049404     0     0 I         : Suspended for 0.619 seconds
11-02 23:18:45.049404     0     0 I resume cycles: 441849664538
11-02 23:18:45.049712     0     0 I         : Enabling non-boot CPUs ...
11-02 23:18:45.050041     0     0 I CPU1    : update cpu_capacity 1024
11-02 23:18:45.050972     0     0 I         : CPU1 is up
11-02 23:18:45.052693     0     0 I PM      : noirq resume of devices complete after 1.548 msecs
11-02 23:18:45.055508     0     0 I PM      : early resume of devices complete after 1.840 msecs
11-02 23:18:45.057021     0     0 I CPU0    : update max cpu_capacity 748
11-02 23:18:45.078313     0     0 I bgcom   : bgcom_pm_resume: Bgcom resumed with : 0
11-02 23:18:45.087835     0     0 I mdss_dsi_panel_set_idle_mode: Idle (1->1)
11-02 23:18:45.120395     0     0 I PM      : resume of devices complete after 64.869 msecs
11-02 23:18:45.122293     0     0 I         : Restarting tasks ...
11-02 23:18:45.124359     0     0 W QSEECOM : qseecom_receive_req: Interrupted: exiting Listener Service = 12288
11-02 23:18:45.124408     0     0 W QSEECOM : qseecom_receive_req: Interrupted: exiting Listener Service = 10
11-02 23:18:45.124441     0     0 W QSEECOM : qseecom_receive_req: Interrupted: exiting Listener Service = 28672
11-02 23:18:45.126609     0     0 W QSEECOM : qseecom_receive_req: Interrupted: exiting Listener Service = 8192
11-02 23:18:45.126669     0     0 W QSEECOM : qseecom_receive_req: Interrupted: exiting Listener Service = 11
11-02 23:18:45.134990     0     0 I         : done.
11-02 23:18:45.755151     0     0 I PM      : suspend exit 2021-11-02 22:18:45.755151915 UTC
11-02 23:18:45.856549     0     0 I PM      : suspend entry 2021-11-02 22:18:45.856549415 UTC
11-02 23:18:45.856559     0     0 I PM      : Syncing filesystems ... done.
11-02 23:18:45.942802     0     0 I         : Freezing user space processes ... (elapsed 0.006 seconds) done.
11-02 23:18:45.949016     0     0 I         : Freezing remaining freezable tasks ... (elapsed 0.003 seconds) done.
11-02 23:18:45.952145     0     0 I         : Suspending console(s) (use no_console_suspend to debug)
11-02 23:18:45.962635     0     0 I mdss_dsi_panel_set_idle_mode: Idle (1->1)
11-02 23:18:46.000781     0     0 I bgcom   : bgcom_pm_suspend: suspended with : 0
11-02 23:18:46.028072     0     0 I PM      : suspend of devices complete after 74.378 msecs
11-02 23:18:46.030805     0     0 I PM      : late suspend of devices complete after 2.716 msecs
11-02 23:18:46.033853     0     0 I PM      : noirq suspend of devices complete after 3.032 msecs
11-02 23:18:46.033860     0     0 I         : Disabling non-boot CPUs ...
--------- switch to main
11-02 23:18:46.747196   501  1904 I LocSvc_ApiV02: <--- globalEventCb line 152 QMI_LOC_EVENT_GNSS_SV_INFO_IND_V02
--------- switch to kernel
11-02 23:18:46.047063     0     0 W         : IRQ16 no longer affine to CPU1
--------- switch to main
11-02 23:18:46.747564   501  1904 I LocSvc_ApiV02: <--- globalEventCb line 152 QMI_LOC_EVENT_POSITION_REPORT_IND_V02
--------- switch to kernel
11-02 23:18:46.047249     0     0 W         : IRQ93 no longer affine to CPU1
--------- switch to main
11-02 23:18:46.749204  1686  1813 I GnssLocationProvider: WakeLock acquired by sendMessage(REPORT_SV_STATUS, 0, com.android.server.location.GnssLocationProvider$SvStatusInfo@8cdb7a)
--------- switch to kernel
11-02 23:18:46.047940     0     0 I CPU1    : shutdown
--------- switch to main
11-02 23:18:46.750428  1686  1701 I GnssLocationProvider: WakeLock released by handleMessage(REPORT_SV_STATUS, 0, com.android.server.location.GnssLocationProvider$SvStatusInfo@8cdb7a)
--------- switch to kernel
11-02 23:18:46.048854     0     0 I suspend ns: 1948860470072	suspend cycles:     441856959410
11-02 23:18:46.048845     0     0 I CPU0    : msm_cpu_pm_enter_sleep mode:3 during suspend
11-02 23:18:46.048845     0     0 I         : Suspended for 0.620 seconds
11-02 23:18:46.048845     0     0 I resume cycles: 441868871937
11-02 23:18:46.049161     0     0 I         : Enabling non-boot CPUs ...
11-02 23:18:46.049486     0     0 I CPU1    : update cpu_capacity 1024
11-02 23:18:46.050421     0     0 I         : CPU1 is up
11-02 23:18:46.052144     0     0 I PM      : noirq resume of devices complete after 1.548 msecs
11-02 23:18:46.054963     0     0 I PM      : early resume of devices complete after 1.842 msecs
11-02 23:18:46.056461     0     0 I CPU0    : update max cpu_capacity 748
11-02 23:18:46.077814     0     0 I bgcom   : bgcom_pm_resume: Bgcom resumed with : 0
11-02 23:18:46.087555     0     0 I mdss_dsi_panel_set_idle_mode: Idle (1->1)
11-02 23:18:46.119403     0     0 I PM      : resume of devices complete after 64.422 msecs
11-02 23:18:46.121375     0     0 I         : Restarting tasks ...
11-02 23:18:46.123342     0     0 W QSEECOM : qseecom_receive_req: Interrupted: exiting Listener Service = 8192
11-02 23:18:46.123402     0     0 W QSEECOM : qseecom_receive_req: Interrupted: exiting Listener Service = 12288
11-02 23:18:46.123440     0     0 W QSEECOM : qseecom_receive_req: Interrupted: exiting Listener Service = 10
11-02 23:18:46.123468     0     0 W QSEECOM : qseecom_receive_req: Interrupted: exiting Listener Service = 28672
11-02 23:18:46.125320     0     0 W QSEECOM : qseecom_receive_req: Interrupted: exiting Listener Service = 11
11-02 23:18:46.133741     0     0 I         : done.
11-02 23:18:46.754912     0     0 I PM      : suspend exit 2021-11-02 22:18:46.754912435 UTC
11-02 23:18:46.857141     0     0 I PM      : suspend entry 2021-11-02 22:18:46.857141185 UTC
11-02 23:18:46.857151     0     0 I PM      : Syncing filesystems ... done.
11-02 23:18:46.938452     0     0 I         : Freezing user space processes ... (elapsed 0.006 seconds) done.
11-02 23:18:46.944560     0     0 I         : Freezing remaining freezable tasks ... (elapsed 0.003 seconds) done.
11-02 23:18:46.947776     0     0 I         : Suspending console(s) (use no_console_suspend to debug)
11-02 23:18:46.957947     0     0 I mdss_dsi_panel_set_idle_mode: Idle (1->1)
11-02 23:18:46.991298     0     0 I bgcom   : bgcom_pm_suspend: suspended with : 0
11-02 23:18:47.019865     0     0 I PM      : suspend of devices complete after 70.542 msecs
11-02 23:18:47.022600     0     0 I PM      : late suspend of devices complete after 2.717 msecs
11-02 23:18:47.025650     0     0 I PM      : noirq suspend of devices complete after 3.035 msecs
11-02 23:18:47.025656     0     0 I         : Disabling non-boot CPUs ...
11-02 23:18:47.037489     0     0 W         : IRQ21 no longer affine to CPU1
11-02 23:18:47.038322     0     0 I CPU1    : shutdown
11-02 23:18:47.039182     0     0 I suspend ns: 1949230354656	suspend cycles:     441875973721
11-02 23:18:47.039173     0     0 I CPU0    : msm_cpu_pm_enter_sleep mode:3 during suspend
11-02 23:18:47.039173     0     0 I         : Suspended for 0.630 seconds
11-02 23:18:47.039173     0     0 I resume cycles: 441888079236
11-02 23:18:47.039483     0     0 I         : Enabling non-boot CPUs ...
11-02 23:18:47.039807     0     0 I CPU1    : update cpu_capacity 1024
11-02 23:18:47.040742     0     0 I         : CPU1 is up
11-02 23:18:47.042465     0     0 I PM      : noirq resume of devices complete after 1.558 msecs
11-02 23:18:47.045270     0     0 I PM      : early resume of devices complete after 1.835 msecs
11-02 23:18:47.046812     0     0 I CPU0    : update max cpu_capacity 748
11-02 23:18:47.068004     0     0 I bgcom   : bgcom_pm_resume: Bgcom resumed with : 0
--------- switch to main
11-02 23:18:47.747968   501  1904 I LocSvc_ApiV02: <--- globalEventCb line 152 QMI_LOC_EVENT_GNSS_SV_INFO_IND_V02
11-02 23:18:47.748442   501  1904 I LocSvc_ApiV02: <--- globalEventCb line 152 QMI_LOC_EVENT_POSITION_REPORT_IND_V02
--------- switch to kernel
11-02 23:18:47.077536     0     0 I mdss_dsi_panel_set_idle_mode: Idle (1->1)
--------- switch to main
11-02 23:18:47.750020  1686  1813 I GnssLocationProvider: WakeLock acquired by sendMessage(REPORT_SV_STATUS, 0, com.android.server.location.GnssLocationProvider$SvStatusInfo@134cf2b)
--------- switch to kernel
11-02 23:18:47.109857     0     0 I PM      : resume of devices complete after 64.568 msecs
--------- switch to main
11-02 23:18:47.751829  1686  1701 I GnssLocationProvider: WakeLock released by handleMessage(REPORT_SV_STATUS, 0, com.android.server.location.GnssLocationProvider$SvStatusInfo@134cf2b)
--------- switch to kernel
11-02 23:18:47.111763     0     0 I         : Restarting tasks ...
11-02 23:18:47.113254     0     0 W QSEECOM : qseecom_receive_req: Interrupted: exiting Listener Service = 8192
11-02 23:18:47.113306     0     0 W QSEECOM : qseecom_receive_req: Interrupted: exiting Listener Service = 12288
11-02 23:18:47.113336     0     0 W QSEECOM : qseecom_receive_req: Interrupted: exiting Listener Service = 10
11-02 23:18:47.113365     0     0 W QSEECOM : qseecom_receive_req: Interrupted: exiting Listener Service = 28672
11-02 23:18:47.116884     0     0 W QSEECOM : qseecom_receive_req: Interrupted: exiting Listener Service = 11
11-02 23:18:47.124845     0     0 I         : done.
11-02 23:18:47.768837     0     0 I PM      : suspend exit 2021-11-02 22:18:47.768837954 UTC
11-02 23:18:47.869712     0     0 I PM      : suspend entry 2021-11-02 22:18:47.869712329 UTC
11-02 23:18:47.869721     0     0 I PM      : Syncing filesystems ... done.
11-02 23:18:47.936611     0     0 I         : Freezing user space processes ... (elapsed 0.008 seconds) done.
11-02 23:18:47.945042     0     0 I         : Freezing remaining freezable tasks ... (elapsed 0.003 seconds) done.
11-02 23:18:47.948116     0     0 I         : Suspending console(s) (use no_console_suspend to debug)
11-02 23:18:47.958563     0     0 I mdss_dsi_panel_set_idle_mode: Idle (1->1)
11-02 23:18:47.991556     0     0 I bgcom   : bgcom_pm_suspend: suspended with : 0
11-02 23:18:48.019263     0     0 I PM      : suspend of devices complete after 69.603 msecs
11-02 23:18:48.021951     0     0 I PM      : late suspend of devices complete after 2.671 msecs
11-02 23:18:48.024979     0     0 I PM      : noirq suspend of devices complete after 3.011 msecs
11-02 23:18:48.024985     0     0 I         : Disabling non-boot CPUs ...
11-02 23:18:48.037964     0     0 W         : IRQ21 no longer affine to CPU1
11-02 23:18:48.038805     0     0 I CPU1    : shutdown
11-02 23:18:48.039723     0     0 I suspend ns: 1949600397834	suspend cycles:     441895184065
11-02 23:18:48.039714     0     0 I CPU0    : msm_cpu_pm_enter_sleep mode:3 during suspend
11-02 23:18:48.039714     0     0 I         : Suspended for 0.629 seconds
11-02 23:18:48.039714     0     0 I resume cycles: 441907266438
11-02 23:18:48.040064     0     0 I         : Enabling non-boot CPUs ...
11-02 23:18:48.040390     0     0 I CPU1    : update cpu_capacity 1024
11-02 23:18:48.041328     0     0 I         : CPU1 is up
11-02 23:18:48.043049     0     0 I PM      : noirq resume of devices complete after 1.546 msecs
11-02 23:18:48.045870     0     0 I PM      : early resume of devices complete after 1.844 msecs
11-02 23:18:48.047291     0     0 I CPU0    : update max cpu_capacity 748
11-02 23:18:48.068054     0     0 I bgcom   : bgcom_pm_resume: Bgcom resumed with : 0
11-02 23:18:48.077587     0     0 I mdss_dsi_panel_set_idle_mode: Idle (1->1)
11-02 23:18:48.110195     0     0 I PM      : resume of devices complete after 64.308 msecs
11-02 23:18:48.112229     0     0 I         : Restarting tasks ...
11-02 23:18:48.114003     0     0 W QSEECOM : qseecom_receive_req: Interrupted: exiting Listener Service = 8192
11-02 23:18:48.114045     0     0 W QSEECOM : qseecom_receive_req: Interrupted: exiting Listener Service = 12288
11-02 23:18:48.114242     0     0 W QSEECOM : qseecom_receive_req: Interrupted: exiting Listener Service = 28672
11-02 23:18:48.116486     0     0 W QSEECOM : qseecom_receive_req: Interrupted: exiting Listener Service = 11
--------- switch to main
11-02 23:18:48.746224   501  1904 I LocSvc_ApiV02: <--- globalEventCb line 152 QMI_LOC_EVENT_GNSS_SV_INFO_IND_V02
11-02 23:18:48.750263  1686  1813 I GnssLocationProvider: WakeLock acquired by sendMessage(REPORT_SV_STATUS, 0, com.android.server.location.GnssLocationProvider$SvStatusInfo@dd7f88)
11-02 23:18:48.751148  1686  1701 I GnssLocationProvider: WakeLock released by handleMessage(REPORT_SV_STATUS, 0, com.android.server.location.GnssLocationProvider$SvStatusInfo@dd7f88)
11-02 23:18:48.753914   501  1904 I LocSvc_ApiV02: <--- globalEventCb line 152 QMI_LOC_EVENT_POSITION_REPORT_IND_V02
--------- switch to kernel
11-02 23:18:48.121419     0     0 W QSEECOM : qseecom_receive_req: Interrupted: exiting Listener Service = 10
11-02 23:18:48.124992     0     0 I         : done.
11-02 23:18:48.754917     0     0 I PM      : suspend exit 2021-11-02 22:18:48.754917588 UTC
11-02 23:18:48.855770     0     0 I PM      : suspend entry 2021-11-02 22:18:48.855770661 UTC
--------- switch to main
11-02 23:18:48.869584  3338  4013 E memtrack: Couldn't load memtrack module
11-02 23:18:48.869678  3338  4013 W android.os.Debug: failed to get memory consumption info: -1
--------- switch to kernel
11-02 23:18:48.855780     0     0 I PM      : Syncing filesystems ... done.
--------- switch to main
11-02 23:18:49.749199   501  1904 I LocSvc_ApiV02: <--- globalEventCb line 152 QMI_LOC_EVENT_GNSS_SV_INFO_IND_V02
11-02 23:18:49.749712   501  1904 I LocSvc_ApiV02: <--- globalEventCb line 152 QMI_LOC_EVENT_POSITION_REPORT_IND_V02
--------- switch to kernel
11-02 23:18:48.936626     0     0 I         : Freezing user space processes ... (elapsed 0.006 seconds) done.
11-02 23:18:48.942761     0     0 I         : Freezing remaining freezable tasks ... (elapsed 0.003 seconds) done.
11-02 23:18:48.945841     0     0 I         : Suspending console(s) (use no_console_suspend to debug)
11-02 23:18:48.956558     0     0 I mdss_dsi_panel_set_idle_mode: Idle (1->1)
11-02 23:18:48.990833     0     0 I bgcom   : bgcom_pm_suspend: suspended with : 0
11-02 23:18:49.018969     0     0 I PM      : suspend of devices complete after 71.376 msecs
11-02 23:18:49.021690     0     0 I PM      : late suspend of devices complete after 2.705 msecs
11-02 23:18:49.024746     0     0 I PM      : noirq suspend of devices complete after 3.040 msecs
11-02 23:18:49.024752     0     0 I         : Disabling non-boot CPUs ...
11-02 23:18:49.037266     0     0 W         : IRQ21 no longer affine to CPU1
11-02 23:18:49.038102     0     0 I CPU1    : shutdown
11-02 23:18:49.039027     0     0 I suspend ns: 1949970409501	suspend cycles:     441914370662
11-02 23:18:49.039017     0     0 I CPU0    : msm_cpu_pm_enter_sleep mode:3 during suspend
11-02 23:18:49.039017     0     0 I         : Suspended for 0.630 seconds
11-02 23:18:49.039017     0     0 I resume cycles: 441926474856
11-02 23:18:49.039331     0     0 I         : Enabling non-boot CPUs ...
11-02 23:18:49.039655     0     0 I CPU1    : update cpu_capacity 1024
11-02 23:18:49.040586     0     0 I         : CPU1 is up
11-02 23:18:49.042327     0     0 I PM      : noirq resume of devices complete after 1.559 msecs
11-02 23:18:49.045141     0     0 I PM      : early resume of devices complete after 1.839 msecs
11-02 23:18:49.046450     0     0 I CPU0    : update max cpu_capacity 748
--------- switch to main
11-02 23:18:49.750878  1686  1813 I GnssLocationProvider: WakeLock acquired by sendMessage(REPORT_SV_STATUS, 0, com.android.server.location.GnssLocationProvider$SvStatusInfo@65aed21)
--------- switch to kernel
11-02 23:18:49.068255     0     0 I bgcom   : bgcom_pm_resume: Bgcom resumed with : 0
--------- switch to main
11-02 23:18:49.752408  1686  1701 I GnssLocationProvider: WakeLock released by handleMessage(REPORT_SV_STATUS, 0, com.android.server.location.GnssLocationProvider$SvStatusInfo@65aed21)
--------- switch to kernel
11-02 23:18:49.077758     0     0 I mdss_dsi_panel_set_idle_mode: Idle (1->1)
11-02 23:18:49.109476     0     0 I PM      : resume of devices complete after 64.300 msecs
11-02 23:18:49.111396     0     0 I         : Restarting tasks ...
11-02 23:18:49.113606     0     0 W QSEECOM : qseecom_receive_req: Interrupted: exiting Listener Service = 12288
11-02 23:18:49.113652     0     0 W QSEECOM : qseecom_receive_req: Interrupted: exiting Listener Service = 11
11-02 23:18:49.113681     0     0 W QSEECOM : qseecom_receive_req: Interrupted: exiting Listener Service = 10
11-02 23:18:49.113709     0     0 W QSEECOM : qseecom_receive_req: Interrupted: exiting Listener Service = 28672
11-02 23:18:49.115898     0     0 W QSEECOM : qseecom_receive_req: Interrupted: exiting Listener Service = 8192
11-02 23:18:49.130230     0     0 I         : done.
11-02 23:18:49.762359     0     0 I PM      : suspend exit 2021-11-02 22:18:49.762359827 UTC
11-02 23:18:49.869367     0     0 I PM      : suspend entry 2021-11-02 22:18:49.869367588 UTC
11-02 23:18:49.869377     0     0 I PM      : Syncing filesystems ... done.
11-02 23:18:49.953788     0     0 I         : Freezing user space processes ... (elapsed 0.005 seconds) done.
11-02 23:18:49.959713     0     0 I         : Freezing remaining freezable tasks ... (elapsed 0.002 seconds) done.
11-02 23:18:49.962692     0     0 I         : Suspending console(s) (use no_console_suspend to debug)
11-02 23:18:49.973119     0     0 I mdss_dsi_panel_set_idle_mode: Idle (1->1)
11-02 23:18:50.011108     0     0 I bgcom   : bgcom_pm_suspend: suspended with : 0
11-02 23:18:50.040309     0     0 I PM      : suspend of devices complete after 76.069 msecs
11-02 23:18:50.043000     0     0 I PM      : late suspend of devices complete after 2.673 msecs
11-02 23:18:50.046036     0     0 I PM      : noirq suspend of devices complete after 3.022 msecs
11-02 23:18:50.046043     0     0 I         : Disabling non-boot CPUs ...
11-02 23:18:50.057543     0     0 W         : IRQ16 no longer affine to CPU1
11-02 23:18:50.057728     0     0 W         : IRQ93 no longer affine to CPU1
11-02 23:18:50.058408     0     0 I CPU1    : shutdown
11-02 23:18:50.059323     0     0 I suspend ns: 1950360282835	suspend cycles:     441933960424
11-02 23:18:50.059313     0     0 I CPU0    : msm_cpu_pm_enter_sleep mode:3 during suspend
11-02 23:18:50.059313     0     0 I         : Suspended for 0.609 seconds
11-02 23:18:50.059313     0     0 I resume cycles: 441945662133
11-02 23:18:50.059660     0     0 I         : Enabling non-boot CPUs ...
11-02 23:18:50.059985     0     0 I CPU1    : update cpu_capacity 1024
11-02 23:18:50.060906     0     0 I         : CPU1 is up
11-02 23:18:50.062622     0     0 I PM      : noirq resume of devices complete after 1.548 msecs
11-02 23:18:50.065437     0     0 I PM      : early resume of devices complete after 1.844 msecs
11-02 23:18:50.066879     0     0 I CPU0    : update max cpu_capacity 748
11-02 23:18:50.089628     0     0 I bgcom   : bgcom_pm_resume: Bgcom resumed with : 0
11-02 23:18:50.099185     0     0 I mdss_dsi_panel_set_idle_mode: Idle (1->1)
11-02 23:18:50.140539     0     0 I PM      : resume of devices complete after 75.084 msecs
11-02 23:18:50.142424     0     0 I         : Restarting tasks ...
11-02 23:18:50.144847     0     0 W QSEECOM : qseecom_receive_req: Interrupted: exiting Listener Service = 11
11-02 23:18:50.147363     0     0 W QSEECOM : qseecom_receive_req: Interrupted: exiting Listener Service = 8192
11-02 23:18:50.147413     0     0 W QSEECOM : qseecom_receive_req: Interrupted: exiting Listener Service = 12288
11-02 23:18:50.147446     0     0 W QSEECOM : qseecom_receive_req: Interrupted: exiting Listener Service = 10
11-02 23:18:50.147475     0     0 W QSEECOM : qseecom_receive_req: Interrupted: exiting Listener Service = 28672
--------- switch to main
11-02 23:18:50.760418   501  1904 I LocSvc_ApiV02: <--- globalEventCb line 152 QMI_LOC_EVENT_GNSS_SV_INFO_IND_V02
11-02 23:18:50.760950   501  1904 I LocSvc_ApiV02: <--- globalEventCb line 152 QMI_LOC_EVENT_POSITION_REPORT_IND_V02
11-02 23:18:50.762167  1686  4991 I GnssLocationProvider: WakeLock acquired by sendMessage(REPORT_SV_STATUS, 0, com.android.server.location.GnssLocationProvider$SvStatusInfo@17d3546)
11-02 23:18:50.763218  1686  1701 I GnssLocationProvider: WakeLock released by handleMessage(REPORT_SV_STATUS, 0, com.android.server.location.GnssLocationProvider$SvStatusInfo@17d3546)
--------- switch to kernel
11-02 23:18:50.157986     0     0 I         : done.
11-02 23:18:50.773460     0     0 I PM      : suspend exit 2021-11-02 22:18:50.773460869 UTC
11-02 23:18:50.875362     0     0 I PM      : suspend entry 2021-11-02 22:18:50.875362483 UTC
11-02 23:18:50.875371     0     0 I PM      : Syncing filesystems ...
11-02 23:18:50.885154     0     0 E mdss_dsi_gen_read_status: Read back value from panel is incorrect
11-02 23:18:50.893670     0     0 I         : done.
11-02 23:18:50.894021     0     0 I         : Freezing user space processes ... (elapsed 0.006 seconds) done.
11-02 23:18:50.901028     0     0 I         : Freezing remaining freezable tasks ... (elapsed 0.003 seconds) done.
11-02 23:18:50.904326     0     0 I         : Suspending console(s) (use no_console_suspend to debug)
11-02 23:18:50.915741     0     0 I mdss_dsi_panel_set_idle_mode: Idle (1->1)
--------- switch to main
11-02 23:18:51.757943   501  1904 I LocSvc_ApiV02: <--- globalEventCb line 152 QMI_LOC_EVENT_GNSS_SV_INFO_IND_V02
11-02 23:18:51.758402   501  1904 I LocSvc_ApiV02: <--- globalEventCb line 152 QMI_LOC_EVENT_POSITION_REPORT_IND_V02
11-02 23:18:51.760082  1686  4991 I GnssLocationProvider: WakeLock acquired by sendMessage(REPORT_SV_STATUS, 0, com.android.server.location.GnssLocationProvider$SvStatusInfo@2af3307)
11-02 23:18:51.766789  1686  1701 I GnssLocationProvider: WakeLock released by handleMessage(REPORT_SV_STATUS, 0, com.android.server.location.GnssLocationProvider$SvStatusInfo@2af3307)
--------- switch to kernel
11-02 23:18:50.950383     0     0 I bgcom   : bgcom_pm_suspend: suspended with : 0
11-02 23:18:50.978918     0     0 I PM      : suspend of devices complete after 72.757 msecs
11-02 23:18:50.982250     0     0 I PM      : late suspend of devices complete after 3.312 msecs
11-02 23:18:50.985862     0     0 I PM      : noirq suspend of devices complete after 3.593 msecs
11-02 23:18:50.985870     0     0 I         : Disabling non-boot CPUs ...
11-02 23:18:50.998070     0     0 I CPU1    : shutdown
11-02 23:18:50.999089     0     0 I suspend ns: 1950690580127	suspend cycles:     441952003841
11-02 23:18:50.999078     0     0 I CPU0    : msm_cpu_pm_enter_sleep mode:3 during suspend
11-02 23:18:50.999451     0     0 I         : Enabling non-boot CPUs ...
11-02 23:18:50.999829     0     0 I CPU1    : update cpu_capacity 1024
11-02 23:18:51.001044     0     0 I         : CPU1 is up
11-02 23:18:51.003062     0     0 I PM      : noirq resume of devices complete after 1.815 msecs
11-02 23:18:51.006411     0     0 I CPU1    : update max cpu_capacity 748
11-02 23:18:51.006466     0     0 I PM      : early resume of devices complete after 2.381 msecs
11-02 23:18:51.031962     0     0 I bgcom   : bgcom_pm_resume: Bgcom resumed with : 0
11-02 23:18:51.041962     0     0 I mdss_dsi_panel_set_idle_mode: Idle (1->1)
11-02 23:18:51.079714     0     0 I PM      : resume of devices complete after 73.227 msecs
11-02 23:18:51.081945     0     0 I         : Restarting tasks ...
11-02 23:18:51.084545     0     0 W QSEECOM : qseecom_receive_req: Interrupted: exiting Listener Service = 12288
11-02 23:18:51.084596     0     0 W QSEECOM : qseecom_receive_req: Interrupted: exiting Listener Service = 28672
11-02 23:18:51.087129     0     0 W QSEECOM : qseecom_receive_req: Interrupted: exiting Listener Service = 8192
11-02 23:18:51.087178     0     0 W QSEECOM : qseecom_receive_req: Interrupted: exiting Listener Service = 11
11-02 23:18:51.087211     0     0 W QSEECOM : qseecom_receive_req: Interrupted: exiting Listener Service = 10
11-02 23:18:51.098395     0     0 I         : done.
11-02 23:18:51.772049     0     0 I PM      : suspend exit 2021-11-02 22:18:51.772049826 UTC
--------- switch to main
11-02 23:18:51.852736  2520  9172 D HOME    : [LocationOracleImpl]Fresh location fetch timed out.
11-02 23:18:51.853962  2520  4738 W HOME    : [LocationOracleImpl]Location fetch failed.
11-02 23:18:51.853962  2520  4738 W HOME    : java.util.concurrent.TimeoutException: Fresh location fetch timed out.
11-02 23:18:51.853962  2520  4738 W HOME    : 	at doo.run(AW782433232:1)
11-02 23:18:51.853962  2520  4738 W HOME    : 	at java.util.TimerThread.mainLoop(Timer.java:562)
11-02 23:18:51.853962  2520  4738 W HOME    : 	at java.util.TimerThread.run(Timer.java:512)
11-02 23:18:51.854183  2520  4738 W HOME    : [GetCardsRpc]making request without location
11-02 23:18:51.869116  1686  3998 I GnssLocationProvider: WakeLock acquired by sendMessage(SET_REQUEST, 0, com.android.server.location.GnssLocationProvider$GpsRequest@48f0c34)
--------- switch to kernel
11-02 23:18:51.873920     0     0 I PM      : suspend entry 2021-11-02 22:18:51.873920555 UTC
--------- switch to main
11-02 23:18:51.870134   501   501 I LocSvc_GnssInterface: ===> stop line 218 
11-02 23:18:51.870550   501  1894 I LocSvc_api_v02: ---> locClientSendReq line 2298 QMI_LOC_STOP_REQ_V02
11-02 23:18:51.872029  1686  1701 I GnssLocationProvider: WakeLock released by handleMessage(SET_REQUEST, 0, com.android.server.location.GnssLocationProvider$GpsRequest@48f0c34)
11-02 23:18:51.872635   501  1904 I LocSvc_ApiV02: <--- globalEventCb line 152 QMI_LOC_EVENT_POSITION_REPORT_IND_V02
11-02 23:18:51.873155   501  1894 I LocSvc_api_v02: ---> locClientSendReq line 2298 QMI_LOC_REG_EVENTS_REQ_V02
--------- switch to kernel
11-02 23:18:51.873931     0     0 I PM      : Syncing filesystems ... done.
11-02 23:18:51.957729     0     0 I         : Freezing user space processes ...
11-02 23:18:51.962557     0     0 I PM      : Wakeup pending, aborting suspend
11-02 23:18:51.962651     0     0 I         : last active wakeup source: ipc0000005a_1894_Loc
11-02 23:18:51.962676     0     0 E         : Freezing of tasks aborted after 0.004 seconds
11-02 23:18:51.962689     0     0 I         : Restarting tasks ...
11-02 23:18:51.963408     0     0 W QSEECOM : qseecom_receive_req: Interrupted: exiting Listener Service = 11
11-02 23:18:51.963468     0     0 W QSEECOM : qseecom_receive_req: Interrupted: exiting Listener Service = 28672
11-02 23:18:51.966781     0     0 W QSEECOM : qseecom_receive_req: Interrupted: exiting Listener Service = 12288
11-02 23:18:51.966837     0     0 W QSEECOM : qseecom_receive_req: Interrupted: exiting Listener Service = 10
11-02 23:18:51.967096     0     0 W QSEECOM : qseecom_receive_req: Interrupted: exiting Listener Service = 8192
11-02 23:18:51.967300     0     0 I         : done.
11-02 23:18:51.967957     0     0 I PM      : suspend exit 2021-11-02 22:18:51.967957846 UTC
11-02 23:18:52.170140     0     0 I PM      : suspend entry 2021-11-02 22:18:52.170140971 UTC
--------- switch to system
11-02 23:18:52.995215  1686  1708 W Looper  : Slow delivery took 213ms android.fg h=com.android.server.dreams.DreamManagerService$DreamHandler c=com.android.server.dreams.DreamController$1@80ee00 m=0
--------- switch to kernel
11-02 23:18:52.170162     0     0 I PM      : Syncing filesystems ... done.
11-02 23:18:52.192723     0     0 I         : Freezing user space processes ... (elapsed 0.008 seconds) done.
11-02 23:18:52.201649     0     0 I         : Freezing remaining freezable tasks ... (elapsed 0.004 seconds) done.
11-02 23:18:52.206161     0     0 I         : Suspending console(s) (use no_console_suspend to debug)
11-02 23:18:52.218320     0     0 I mdss_dsi_panel_set_idle_mode: Idle (1->1)
11-02 23:18:52.261668     0     0 I bgcom   : bgcom_pm_suspend: suspended with : 0
11-02 23:18:52.299954     0     0 I PM      : suspend of devices complete after 91.271 msecs
11-02 23:18:52.306226     0     0 I PM      : late suspend of devices complete after 6.227 msecs
11-02 23:18:52.312333     0     0 I PM      : noirq suspend of devices complete after 6.068 msecs
