11-03 20:33:03.064436  1679  1679 V DreamService[AmbientDream]: Calling onDreamingStarted()
--------- switch to main
11-03 20:33:03.064673  1679  1679 I AmbientService: [2f230a7] doOnDreamingStarted
11-03 20:33:03.065099  1679  1679 D SidekickService: setShouldControlDisplay called: true
11-03 20:33:03.067275  3281  3281 D HfpClientConnService: waiting for headset and headset client profiles comes up
11-03 20:33:03.070466  1679  1679 I AmbientService: [2f230a7] Selected running activity for ambient mode: AmbientActivity[component=ComponentInfo{com.google.android.wearable.app/com.google.android.clockwork.home2.activity.HomeActivity2}, callbacks=@965d446, running=true, ambientRequested=true, ambientEnabled=true, offloadEnabled=true]
11-03 20:33:03.071817  1679  1679 I AmbientService: [2f230a7] No auto-resume Activity.
11-03 20:33:03.073540  1679  1679 W DefaultSettingsContentR: Value for ambient_low_bit_enabled not stored as number. Attempting parse as boolean.
11-03 20:33:03.078209  2365  2365 D HOME    : [HomeVisitsLogger]Logging streamlet event: enter_ambient_mode
11-03 20:33:03.079545  2365  2365 D HOME    : [HotwordController]updateClient MODE_WATCH_FACE false true false true
11-03 20:33:03.081081  2365  2365 D HOME    : [WatchFaceUiController]setInAmbientMode true
11-03 20:33:03.083158  2365  2365 D HOME    : [StreamDBQueue]Promised revision #6021 to queue a new op
11-03 20:33:03.083151  2365  2670 D HOME    : [HomeVisitsLogger]Logging streamlet event: visit_end
11-03 20:33:03.083370  2365  2365 D WatchStreamManager: Promised rank-blocked=false @ r#6021
11-03 20:33:03.083698  2365  2365 D HOME    : [StreamDBQueue]Promised revision #6022 to queue a new op
11-03 20:33:03.083799  2365  2365 D WatchStreamManager: Promised rank-blocked=false @ r#6022
11-03 20:33:03.084217  2365  2365 D HOME    : [EventBus]Wrapper pool is full. Discarding excess wrapper instance for event com.google.android.clockwork.sysui.events.KeyguardStateEvent
11-03 20:33:03.084306  2365  2365 D HOME    : [WatchFaceUiController]sendStateToWallpaper
11-03 20:33:03.085853  2365  2365 D HOME    : [EventBus]Wrapper pool is full. Discarding excess wrapper instance for event com.google.android.clockwork.sysui.events.KeyguardStateEvent
11-03 20:33:03.086088  2365  2365 D HOME    : [EventBus]Wrapper pool is full. Discarding excess wrapper instance for event com.google.android.clockwork.sysui.events.KeyguardStateEvent
11-03 20:33:03.087064  2365  2602 D HOME    : [StreamDBQueue]Promised revision #6023 to queue a new op
11-03 20:33:03.087186  2365  2602 D WatchStreamManager: Promised rerank @ r#6023
11-03 20:33:03.087828  2365  2594 I SidekickManager: replaceWatchFaceComponentsImpl(): watchFace = com.google.android.clockwork.decomposablewatchface.WatchFaceDecomposition@11cd2d
11-03 20:33:03.088716  2365  2650 D HOME    : [WatchStreamDB]updateRanking()
11-03 20:33:03.089307  2365  2650 D HOME    : [NewStreamAdapter]Publishing revision #6023 to adapter clients
11-03 20:33:03.090997  1679  2708 D SidekickService: sendWatchFaceComponents called: watchFace = com.google.android.clockwork.decomposablewatchface.WatchFaceDecomposition@7b461bbshouldReplace = false
11-03 20:33:03.091207  1679  2708 D SidekickService: Check decomposition for calling app com.google.android.wearable.app with uid 10049
11-03 20:33:03.091872  1679  2708 D SidekickService: sendWatchFaceLocked(): shouldReplace = false, mSidekickIsControlling = false, 1 images, 0 fonts, 0 numbers, 0 proportionalFonts, 0 strings
11-03 20:33:03.091940  1679  2708 D SidekickService: ISidekickGraphics#beginResources()...
11-03 20:33:03.093047  1679  2708 D SidekickServiceUtils: bitmapFromDrawable: Returning bitmap directly
11-03 20:33:03.094311  1679  2708 D SidekickService: sendBitmapsLocked(): bounds = RectF(0.0, 0.0, 0.0024038462, 0.0024038462), drawableInfo = {.id = 100000, .width = 1, .height = 1, .display = true, .offsetX = 0.0, .offsetY = 0.0, .rotationInfo = {.hasRotation = false, .pivotX = 0.0, .pivotY = 0.0, .degreesPerDay = 0.0, .degreesPerStep = 0.0, .zeroDegreesTime = {.daysSinceLocalEpoch = 0, .msSinceMidnight = 0}}, .transformInfo = {.transformed = false, .flipX = false, .flipY = false, .flip45 = false, .scaleX = 0.0, .scaleY = 0.0}, .type = GENERIC, .blink = {.blinking = false, .periodOnMs = 0.0, .periodOffMs = 0.0, .startTime = {.daysSinceLocalEpoch = 0, .msSinceMidnight = 0}}, .zOrder = 8, .displayInTwm = true}, image.size() = 84
11-03 20:33:03.095267  2365  2602 D HOME    : [StreamDBQueue]Promised revision #6024 to queue a new op
11-03 20:33:03.095506  2365  2602 D WatchStreamManager: Promised rerank @ r#6024
11-03 20:33:03.096094  2365  2672 D HOME    : [WatchStreamDB]updateRanking()
11-03 20:33:03.097451   414  1707 D SKGHAL  : saveResource: resId = 100000
11-03 20:33:03.098041  1679  2708 D SidekickService: sendBitmapsLocked(): status = 0, bytesUsed = 18
11-03 20:33:03.098200  1679  2708 D SidekickService: ISidekickGraphics#endResources()...
11-03 20:33:03.110371  2365  2672 D HOME    : [NewStreamAdapter]Publishing revision #6024 to adapter clients
11-03 20:33:03.120790  3281  3281 D BluetoothHeadsetClient: Proxy object connected
11-03 20:33:03.121974  3281  3281 D HfpClientConnService: onServiceConnected
11-03 20:33:03.124363  1934  1934 D TwmUtil : Disabling power saver mode in favor of twm
--------- switch to system
11-03 20:33:03.138431  1934  1934 W ContextImpl: Calling a method in the system process without a qualified user: android.app.ContextImpl.startService:1531 android.content.ContextWrapper.startService:664 android.content.ContextWrapper.startService:664 com.google.android.clockwork.settings.BootReceiver.startPowerSaveModeListenerService:123 com.google.android.clockwork.settings.BootReceiver.onBootCompleted:78 
11-03 20:33:03.197890  1934  1934 W ContextImpl: Calling a method in the system process without a qualified user: android.app.ContextImpl.startService:1531 android.content.ContextWrapper.startService:664 android.content.ContextWrapper.startService:664 com.google.android.clockwork.settings.BootReceiver.startVolumeUIService:161 com.google.android.clockwork.settings.BootReceiver.onBootCompleted:83 
--------- switch to main
11-03 20:33:03.205558  3281  3299 D BluetoothHeadset: Proxy object connected
11-03 20:33:03.205775  3281  3281 D HfpClientConnService: onServiceConnected
11-03 20:33:03.208027  3281  3281 D HfpClientConnService: handling intent since headset and headset client profiles is up
11-03 20:33:03.264309  3281  3294 D BluetoothHeadset: Proxy object disconnected
11-03 20:33:03.280426  1990  3231 I NetworkScheduler.Stats: Task com.google.android.gms/com.google.android.gms.stats.PlatformStatsCollectorService finished executing. cause:5 result: 1 elapsed_millis: 1433 uptime_millis: 1433 exec_start_elapsed_seconds: 86 [CONTEXT service_id=218 ]
--------- switch to system
11-03 20:33:03.327136  1934  1934 W ContextImpl: Calling a method in the system process without a qualified user: android.app.ContextImpl.startService:1531 android.content.ContextWrapper.startService:664 android.content.ContextWrapper.startService:664 com.google.android.clockwork.settings.BootReceiver.startTimeSyncing:132 com.google.android.clockwork.settings.BootReceiver.onBootCompleted:88 
11-03 20:33:03.335941  1934  1934 W ContextImpl: Calling a method in the system process without a qualified user: android.app.ContextImpl.startService:1531 android.content.ContextWrapper.startService:664 android.content.ContextWrapper.startService:664 com.google.android.clockwork.settings.BootReceiver.startTimeZoneSyncing:141 com.google.android.clockwork.settings.BootReceiver.onBootCompleted:89 
--------- switch to main
11-03 20:33:03.336397   414  1707 D SKGHAL  : sendResources: metadata size = 2400, font size = 72
--------- switch to system
11-03 20:33:03.344678  1934  1934 W ContextImpl: Calling a method in the system process without a qualified user: android.app.ContextImpl.startService:1531 android.content.ContextWrapper.startService:664 android.content.ContextWrapper.startService:664 com.google.android.clockwork.settings.BootReceiver.startTimeDebugService:151 com.google.android.clockwork.settings.BootReceiver.onBootCompleted:90 
--------- switch to main
11-03 20:33:03.369875  1934  1934 I settings: Cellular device detected; setting wifi power save timer to: 360000 minutes
11-03 20:33:03.390178   414  1707 D SKGHAL  : endResources: rc = 0
11-03 20:33:03.390952  1679  1679 W system_server: Long monitor contention with owner Binder:1679_A (2708) at void android.os.HwRemoteBinder.transact(int, android.os.HwParcel, android.os.HwParcel, int)(HwRemoteBinder.java:-2) waiters=0 in boolean com.google.android.clockwork.sidekick.SidekickService$BinderService.readyToDisplay() for 285ms
11-03 20:33:03.391457  1679  1679 I AmbientService: [2f230a7] Showing watch face in offload mode, canceling alarm.
11-03 20:33:03.391528  1679  1679 W AlarmManagerProxy: Removing unknown listener
11-03 20:33:03.391691  1679  1679 D WristGestureCtrl: Stopping detectors: GesturesEnabled-false gestureDetector-false ungazeEnabled-true ungaze-true
11-03 20:33:03.391735  1679  1679 D DefaultUngazeDetector: stopping
11-03 20:33:03.391813  1679  1728 W system_server: Long monitor contention with owner main (1679) at boolean com.google.android.clockwork.sidekick.SidekickService$BinderService.readyToDisplay()(SidekickService.java:1085) waiters=0 in void com.google.android.wearable.ambient.AmbientService.maybeSendDozeCommand() for 289ms
--------- switch to system
11-03 20:33:03.391988  1679  1679 W Looper  : Slow dispatch took 328ms main h=android.os.Handler c=android.service.dreams.DreamService$1@f06dfa m=0
--------- switch to main
11-03 20:33:03.394185   511   511 I sensors-hal: batch:140, android.sensor.accelerometer/48, period=66667000, max_latency=100000000
11-03 20:33:03.397757   511   511 I sensors-hal: batch:149, android.sensor.accelerometer/48, period=66667000, max_latency=100000000 request completed
11-03 20:33:03.401105  2365  2365 I HOME    : [ReportingConsentSyncer]system logging data item enabled: true
--------- switch to system
11-03 20:33:03.400785  1679  1679 V SettingsProvider: Notifying for 0: content://settings/system/accelerometer_rotation
11-03 20:33:03.403111  1679  1679 W Looper  : Slow delivery took 221ms main h=com.android.providers.settings.SettingsProvider$SettingsRegistry$MyHandler c=null m=1
--------- switch to main
11-03 20:33:03.416761  1679  1679 I CwExecutors: Successfully injected replacement AsyncTask executor.
11-03 20:33:03.443972  2365  2365 D HOME    : [SidekickManagerAsync]replaceWatchFaceComponents(): Callback#onResult(): 0
11-03 20:33:03.444385  2365  2365 D HOME    : [WatchFaceUiController]Complication updates sent, posting watch face hiding
11-03 20:33:03.444498  2365  2365 D HOME    : [WatchFaceUiController]Still in ambient watch face, hiding
11-03 20:33:03.444594  2365  2365 D HOME    : [WatchFaceUiController]Hiding watch face wallpaper.
11-03 20:33:03.445512  2365  3307 D HOME    : [CompanionRelayIntentSvc]onHandleIntent: Intent { act=com.google.android.clockwork.settings.RELAY_RPC_TO_COMPANION cmp=com.google.android.wearable.app/com.google.android.clockwork.home.CompanionRelayService (has extras) }
11-03 20:33:03.449875  3080  3166 I Finsky  : [186] com.google.android.finsky.ds.a.l.a(5): Started reading experiment flags from file [v6B-2IolLQRBwrwPhscSaeg04As].
11-03 20:33:03.460049  1934  1934 W ButtonManager: Saved intent is not callable. Using default.
11-03 20:33:03.468812  3080  3166 I Finsky  : [186] com.google.android.finsky.ds.a.l.a(13): Finished reading experiment flags from file [v6B-2IolLQRBwrwPhscSaeg04As].
11-03 20:33:03.469342  3080  3166 I Finsky  : [186] com.google.android.finsky.ds.a.a.a.b(62): Already at the latest configurations for experiment package com.google.android.finsky.regular.
11-03 20:33:03.496410  1990  2001 I .gms.persisten: Background concurrent copying GC freed 41649(2MB) AllocSpace objects, 26(1032KB) LOS objects, 24% free, 6MB/8MB, paused 3.297ms total 878.826ms
11-03 20:33:03.500741  3080  3126 I Finsky  : [162] com.google.android.finsky.verifier.impl.dn.e(113): Restoring notifications
11-03 20:33:03.513987   492   492 D audio_hw_primary: adev_set_mic_mute: state 0
11-03 20:33:03.514599   492  1285 W DeviceHAL: Error from HAL Device in function set_mic_mute: Function not implemented
11-03 20:33:03.514939  1990  3305 W .gms.persisten: Long monitor contention with owner lowpool[4] (2788) at boolean android.os.BinderProxy.transactNative(int, android.os.Parcel, android.os.Parcel, int)(Binder.java:-2) waiters=0 in java.util.Map aajr.b() for 270ms
11-03 20:33:03.519886  1934  1934 W ButtonManager: android.content.pm.PackageManager$NameNotFoundException: ComponentInfo{fitness.smartwatch.montblanc.com.fitness/fitness.smartwatch.montblanc.activities.MainActivity}
11-03 20:33:03.544348  1934  1934 W ButtonManager: android.content.pm.PackageManager$NameNotFoundException: ComponentInfo{fitness.smartwatch.montblanc.com.fitness/fitness.smartwatch.montblanc.activities.MainActivity}
11-03 20:33:03.548884  1934  1934 I ButtonManager: No default intent.
11-03 20:33:03.550527  1934  1934 I ButtonManager: Resource intent not callable?
11-03 20:33:03.550823  1934  1934 W ButtonManager: Saved and default intents are not callable. Using fallback.
11-03 20:33:03.559054  1990  2683 D Wear_ConnectionMgr: adding a name to a ROLE_SERVER config that has no name
11-03 20:33:03.576441  3080  3126 I Finsky  : [162] com.google.android.finsky.verifier.impl.dn.e(118): Done restoring notifications
11-03 20:33:03.620846  2365  2671 I HOME    : [ConnectConfigRunnable]disconnect
--------- switch to system
11-03 20:33:03.648130  1679  1679 W Looper  : Slow dispatch took 239ms main h=android.app.ActivityThread$H c=null m=114
--------- switch to main
11-03 20:33:03.689851  1934  1934 W ButtonManager: Saved intent is not callable. Using default.
--------- switch to system
11-03 20:33:03.691506  1934  1934 W ContextImpl: Calling a method in the system process without a qualified user: android.app.ContextImpl.startService:1531 android.content.ContextWrapper.startService:664 android.content.ContextWrapper.startService:664 com.google.android.clockwork.settings.BootReceiver.initializePayOnStem:375 com.google.android.clockwork.settings.BootReceiver.onBootCompleted:95 
--------- switch to main
11-03 20:33:03.696054  2365  2365 D HOME    : [NotifCollectorMonitor]checkCollector
11-03 20:33:03.705521  2365  2594 W CwExecutors: Finished  Q:    14 E:   287 ReportingConsentUpdater (Slow)
11-03 20:33:03.741474   511   511 I sensors-hal: activate:107, android.sensor.light/46 en=0
11-03 20:33:03.742763   511   511 I sensors-hal: activate:118, android.sensor.light/46 en=0 completed
--------- switch to system
11-03 20:33:03.751139  1679  1702 I DisplayManagerService: Display device changed state: "Écran intégré", DOZE_SUSPEND
11-03 20:33:03.767892  1679  1679 W Looper  : Drained
--------- switch to main
11-03 20:33:03.789126  1679  1746 I InputReader: Reconfiguring input devices.  changes=0x00000004
11-03 20:33:03.790797   538   538 D SurfaceFlinger: Set power mode=3, type=0 flinger=0xb5b36000
11-03 20:33:03.791492   503  2738 I SDM     : DisplayBase::SetDisplayState: Set state = 3, display 0
11-03 20:33:03.830491   538   538 D SurfaceFlinger: Finished set power mode=3, type=0
11-03 20:33:03.831028  1679  1781 I SidekickService: beginDisplayLocked(): DOZE_SUSPEND
11-03 20:33:03.831654   414  1707 D SKGHAL  : sendAmbientPrepare: enter:
--------- switch to kernel
11-03 20:32:53.912749     0     0 W healthd : battery l=1 v=3873 t=27.0 h=2 st=2 c=-243 fc=443000 cc=0 chg=a
11-03 20:33:03.798588     0     0 I mdss_dsi_panel_set_idle_mode: Idle (0->1)
11-03 20:33:03.828446     0     0 I         : [touch]FB_BLANK_VSYNC_SUSPEND
11-03 20:33:03.828452     0     0 I         : [touch]irq disable
11-03 20:33:03.828455     0     0 I         : [touch]workqueue is empty!
11-03 20:33:03.828458     0     0 I         : [touch]raydium_ts_do_suspend.
11-03 20:33:03.828467     0     0 I         : [touch]Device may wakeup
11-03 20:33:03.830295     0     0 I         : [touch]irq enable
--------- switch to main
11-03 20:33:03.909562  1679  3313 I system_server: The ClassLoaderContext is a special shared library.
11-03 20:33:03.911376  1990  3296 I NetworkScheduler.Stats: Task com.google.android.gms/com.google.android.gms.stats.PlatformStatsCollectorService started execution. cause:5 exec_start_elapsed_seconds: 88 [CONTEXT service_id=218 ]
11-03 20:33:03.951073   414  1707 D SKGHAL  : sendAmbientEvent: enter: enable = 1
11-03 20:33:03.958409   503   520 I SDM     : DisplayBase::SetDisplayState: Set state = 4, display 0
11-03 20:33:03.958796   503   520 D SDM     : HWCDisplayPrimary::SetStandByMode: Null display is connected successfully
11-03 20:33:03.959214   414  1707 D SKGHAL  : standBy_update_control call succeed on 1
11-03 20:33:03.965570   414  1707 D SKGHAL  : sendAmbientEvent: done: enable = 1
11-03 20:33:03.966022  1679  1781 D SidekickService:    ... beginDisplay result: 0 for halPower: 1
11-03 20:33:03.970026   511  1735 I sensors-hal: activate:107, android.sensor.accelerometer/48 en=0
11-03 20:33:03.971028   511  1735 I sensors-hal: activate:118, android.sensor.accelerometer/48 en=0 completed
11-03 20:33:03.979866  1679  1704 I libsuspend: init_state_fd success
--------- switch to kernel
11-03 20:33:03.986548     0     0 E bgrsb   : bgrsb_enable: gpio 32 is valid
11-03 20:33:04.008185     0     0 E FG      : fg_psy_get_property: unsupported property 7
11-03 20:33:04.010034     0     0 I chatty  : uid=0(root) logd identical 1 line
11-03 20:33:04.011391     0     0 E FG      : fg_psy_get_property: unsupported property 7
11-03 20:33:04.022400     0     0 W healthd : battery l=1 v=3894 t=28.0 h=2 st=2 c=-279 fc=443000 cc=0 chg=a
--------- switch to main
11-03 20:33:04.059198  1906  1906 D QtiCarrierConfigHelper: WARNING, no carrier configs on phone Id: 0
11-03 20:33:04.060889  2365  2365 D HOME    : [BatteryChange]action: android.intent.action.BATTERY_CHANGED
11-03 20:33:04.061335  2365  2594 D HOME    : [BatteryChange]HandleBatteryChangedTask
11-03 20:33:04.061648  2365  2594 D HOME    : [BatteryChange]level: 1, status: 2
11-03 20:33:04.067441  2365  2594 D HOME    : [BatteryChange]batteryHistory size: 1'
11-03 20:33:04.071472  1679  3313 I system_server: The ClassLoaderContext is a special shared library.
11-03 20:33:04.089261  1679  1679 I WearPower: [WearTouchMediator] changing touch input to enabled (ON_AUTO)
11-03 20:33:04.090778  1679  1746 I InputReader: Reconfiguring input devices.  changes=0x00000200
11-03 20:33:04.133215  1679  1679 I AmbientService: [2f230a7] Timeout alarm not required, auto-resume timeout handled by dream.
11-03 20:33:04.145751  2365  2365 D HOME    : [StreamDBQueue]Promised revision #6025 to queue a new op
11-03 20:33:04.146049  2365  2365 D WatchStreamManager: Promised rank-blocked=false @ r#6025
11-03 20:33:04.146258  2365  2365 D HOME    : [CompactHunStarter]detachWindow()
11-03 20:33:04.146907  2365  2671 D HOME    : [StreamDBQueue]Promised revision #6026 to queue a new op
11-03 20:33:04.147436  2365  2671 D WatchStreamManager: Promised rerank @ r#6026
11-03 20:33:04.149350  1990  3231 I NetworkScheduler.Stats: Task com.google.android.gms/com.google.android.gms.stats.PlatformStatsCollectorService finished executing. cause:5 result: 1 elapsed_millis: 2042 uptime_millis: 2042 exec_start_elapsed_seconds: 86 [CONTEXT service_id=218 ]
11-03 20:33:04.152169  1679  3313 I system_server: The ClassLoaderContext is a special shared library.
11-03 20:33:04.154139  2365  2594 D HOME    : [WatchStreamDB]updateRanking()
11-03 20:33:04.154783  2365  2594 D HOME    : [NewStreamAdapter]Publishing revision #6026 to adapter clients
11-03 20:33:04.180726  1679  3313 I system_server: The ClassLoaderContext is a special shared library.
--------- switch to system
11-03 20:33:04.218563   629   629 W wificond: Skip match ssid for pno scan: Wifirst Les Valmonts, Pauline, HUAWEI-F3EF, PUBLIC WIFI Groupe Televerbier, TMR_PUBLIC_WIFI, SFR_1AE0, BINLAR_2.4G, Sira-WiFi, iPhone S, Siam Garden Cooking School, .@AirportAISFreeWiFi, iPhone de Ameulie, Paulo's iPhone, Beach  Park Hostel & Tree Bar, The Big_Easy, AndroidAPEC14, _VINCI Airports wifi, Yolo Hostel, .@AirportDTACFreeWiFi,    .@ TRUEWIFI, .@ AIS SUPER WiFi, .@AirportTrueFreeWiFi,     King Power,  Free Airport-Google WiFi by CAT, BangkokAirways, UPC5616060, ColocMegy, jcmjsm, iPhone Consti, ASGARD, FMEL, Florence 2.4Ghz, BENJI, IBIS_STYLES_NANTES_CENTRE_GARE_N, LACENNE , Jack's iPhone, Salt_2GHz_28C9D0, Salt_5GHz_28C9D0, Yah Hallo, ASGARD-24G, Livebox-22B4, LeBOen, App_111, Michaud1936, _VT21-VISITORS_, Sebi, RAFA 5, Verkehrshaus, iPhone, MONZOON, igluna-public, kepler, _WIFI_LYRIA, HUAWEI-C452, Vodafone-A54562143, WiFiFrecce, OSoleMioWifi, VodafoneDepretis19, SanLorenzo, Live Hotels Guest, Franci , iPhone de Soline, viktoria_intern, UPC7759032, Vodafone-4D65, WIFI
--------- switch to main
11-03 20:33:04.221178  2391  2391 W earchbox:searc: Long monitor contention with owner Blocking Thread #3 (2793) at void com.google.protobuf.eg.l(java.lang.Object)(SourceFile:2) waiters=0 in boolean j$.util.DesugarCollections$SynchronizedMap.containsKey(java.lang.Object) for 154ms
11-03 20:33:04.223817  2391  2391 I HotwordUpgradeTask: App version upgraded to 301126042: running speaker ID model upgrade tasks v2.
--------- switch to system
11-03 20:33:04.237152  1934  3315 W ContextImpl: Calling a method in the system process without a qualified user: android.app.ContextImpl.startService:1531 android.content.ContextWrapper.startService:664 com.google.android.clockwork.settings.time.PhoneTimeSyncer.sendGetCompanionTime:156 com.google.android.clockwork.settings.time.PhoneTimeSyncer.startUpdate:96 com.google.android.clockwork.settings.time.TimeSyncManager.startPhoneTimeUpdate:111 
11-03 20:33:04.254110  1934  3315 W ContextImpl: Calling a method in the system process without a qualified user: android.app.ContextImpl.startService:1531 android.content.ContextWrapper.startService:664 com.google.android.clockwork.settings.TimeServiceImpl.evaluateTimeSyncing:182 com.google.android.clockwork.settings.TimeServiceImpl.onHandleIntent:76 com.google.android.clockwork.settings.TimeService.onHandleIntent:38 
11-03 20:33:04.254821   629   629 I wificond: Pno scan started
--------- switch to main
11-03 20:33:04.284149  1679  3313 I system_server: The ClassLoaderContext is a special shared library.
--------- switch to system
11-03 20:33:04.313437  1934  3315 W ContextImpl: Calling a method in the system process without a qualified user: android.app.ContextImpl.startService:1531 android.content.ContextWrapper.startService:664 com.google.android.clockwork.settings.TimeServiceImpl.evaluateTimeZoneSyncing:201 com.google.android.clockwork.settings.TimeServiceImpl.onHandleIntent:79 com.google.android.clockwork.settings.TimeService.onHandleIntent:38 
11-03 20:33:04.316082  1934  3315 W ContextImpl: Calling a method in the system process without a qualified user: android.app.ContextImpl.startService:1531 android.content.ContextWrapper.startService:664 com.google.android.clockwork.settings.time.NetworkTimeZoneSyncer.startNitzService:27 com.google.android.clockwork.settings.time.TimeZoneMediator.startNitzService:71 com.google.android.clockwork.settings.TimeServiceImpl.evaluateTimeZoneSyncing:202 
--------- switch to main
11-03 20:33:04.326033  1906  1906 I m.android.phon: The ClassLoaderContext is a special shared library.
11-03 20:33:04.337215  2264  3318 E PhenotypeRegOp: Attempting to overwrite config package for com.google.android.gms.signin [CONTEXT service_id=231 ]
11-03 20:33:04.343381  1679  1679 D WearBluetooth: start up new sysproxy connection
11-03 20:33:04.343747  1679  1679 D WearBluetooth: updateClientState IDLE -> CONNECTING
11-03 20:33:04.343825  1679  1679 D WearBluetooth: Retrieving bluetooth network socket
11-03 20:33:04.344723  1679  3313 I system_server: The ClassLoaderContext is a special shared library.
11-03 20:33:04.378359  1784  1784 D Avrcp   : isBrowsableListUpdated: false
11-03 20:33:04.378943  1784  1784 V NewAvrcpMediaPlayerList: mPackageChangedBroadcastReceiver: action: android.intent.action.PACKAGE_CHANGED
11-03 20:33:04.379086  1784  1784 D NewAvrcpMediaPlayerList: Name of package changed: com.google.android.apps.fitness
--------- switch to system
11-03 20:33:04.394273  1679  1693 W VoiceInteractionManagerService: no available voice interaction services found for user 0
--------- switch to main
11-03 20:33:04.395949  3246  3279 I FA      : App measurement is starting up, version: 13000
11-03 20:33:04.396184  3246  3279 I FA      : To enable debug logging run: adb shell setprop log.tag.FA VERBOSE
11-03 20:33:04.422508  2391  2391 I HotwordUpgradeTask: #shouldShowNotificationForUserUpgrade - false [isUserSpeakerIdEnabled: false, isUserUpgraded: true]
11-03 20:33:04.423782  2391  2391 I A       : isInitializing-false locale not changed-false model not changed-false
11-03 20:33:04.466585  1906  1906 I m.android.phon: The ClassLoaderContext is a special shared library.
11-03 20:33:04.468809  1679  1746 I InputReader: Reconfiguring input devices.  changes=0x00000010
11-03 20:33:04.472413  3246  3279 I FA      : To enable faster debug mode event logging run:
11-03 20:33:04.472413  3246  3279 I FA      :   adb shell setprop debug.firebase.analytics.app com.google.android.apps.walletnfcrel
11-03 20:33:04.473601  1679  3313 I system_server: The ClassLoaderContext is a special shared library.
11-03 20:33:04.479065  1679  3325 W BluetoothAdapter: getBluetoothService() called with no BluetoothManagerCallback
11-03 20:33:04.496810  2391  2391 I HotwordUpgradeTask: #shouldShowNotificationForModelDownload - false [shouldCheckHotwordModel: false, xGoogleHotwordModelPresent: false, isUserSpeakerIdEnabled: false]
11-03 20:33:04.498136  2391  2391 I HotwordUpgradeTask: Notification requirements not met. Do not show notification.
11-03 20:33:04.499579  2391  2391 I A       : Utterances already renamed to new format. Abort task.
11-03 20:33:04.525197  1679  3325 D WearBluetooth: Connect with port 0 parcelFd:{ParcelFileDescriptor: java.io.FileDescriptor@6d6715a}
11-03 20:33:04.555877  2314  2314 D RegisteredNfcFServicesCache: Service unchanged, not updating
--------- switch to system
11-03 20:33:04.570325  1679  1679 I Telecom : DefaultDialerCache: Refreshing default dialer for user 0: now com.google.android.apps.wearable.phone: DDC.oR@ACQ
11-03 20:33:04.570516  1679  1679 W Looper  : Slow delivery took 210ms main h=android.app.ActivityThread$H c=android.app.-$$Lambda$LoadedApk$ReceiverDispatcher$Args$_BumDX2UKsnxLVrE6UJsJZkotuA@3142c80 m=0
--------- switch to main
11-03 20:33:04.573349  1990  3300 I Fitness : OnPackageChangedOperation got intent: Intent { act=android.intent.action.PACKAGE_CHANGED dat=package:com.google.android.apps.fitness flg=0x45000010 pkg=com.google.android.gms cmp=com.google.android.gms/.chimera.PersistentIntentOperationService (has extras) } [CONTEXT service_id=17 ]
11-03 20:33:04.586701  1679  3313 I system_server: The ClassLoaderContext is a special shared library.
--------- switch to system
11-03 20:33:04.596885  1679  1696 W ActivityManager: Slow operation: 90ms so far, now at startProcess: returned from zygote!
--------- switch to main
11-03 20:33:04.647481  1906  1906 I CwExecutors: Successfully injected replacement AsyncTask executor.
11-03 20:33:04.651248  3080  3080 I Finsky  : [2] com.google.android.finsky.setup.be.run(7): Detected restoreservicev2://recovery not needed, will not run
11-03 20:33:04.655482  2264  3318 E PhenotypeRegOp: Attempting to overwrite config package for com.google.android.gms.maps [CONTEXT service_id=231 ]
11-03 20:33:04.656382  2264  3318 E PhenotypeRegOp: Attempting to overwrite config package for com.google.android.gms.signin [CONTEXT service_id=231 ]
11-03 20:33:04.671156  2365  2365 D HOME    : [TimeChangeService]constructed
11-03 20:33:04.673221  2365  3336 D HOME    : [TimeChangeService]onHandleIntent: Intent { act=com.google.android.clockwork.settings.REEVALUATE_PHONE_24HR_FORMAT cmp=com.google.android.wearable.app/com.google.android.clockwork.home.settings.TimeChangeService }
11-03 20:33:04.674871  2365  2365 D HOME    : [PackageUpdateBroadcastReceiver]action: android.intent.action.PACKAGE_CHANGED packageName: com.google.android.apps.fitness
--------- switch to system
11-03 20:33:04.676932  1679  1696 W ActivityManager: Slow operation: 170ms so far, now at startProcess: done updating battery stats
11-03 20:33:04.677226  1679  1696 W ActivityManager: Slow operation: 170ms so far, now at startProcess: building log message
11-03 20:33:04.681947  1679  1696 I ActivityManager: Start proc 3330:com.google.android.packageinstaller/u0a16 for broadcast com.google.android.packageinstaller/com.android.packageinstaller.TemporaryFileManager
11-03 20:33:04.682098  1679  1696 W ActivityManager: Slow operation: 175ms so far, now at startProcess: starting to update pids map
11-03 20:33:04.682190  1679  1696 W ActivityManager: Slow operation: 175ms so far, now at startProcess: done updating pids map
--------- switch to main
11-03 20:33:04.675904  2365  2365 D HOME    : [PackageUpdateBroadcastReceiver]action: android.intent.action.PACKAGE_CHANGED packageName: com.google.android.apps.fitness
11-03 20:33:04.689899  2365  2365 D HOME    : [WFPController]handlePackageChange: com.google.android.apps.fitness
11-03 20:33:04.698768  2365  2848 D HOME    : [WFPFavoritesCache]Removing all screenshots in package: com.google.android.apps.fitness
11-03 20:33:04.708039  1990  2180 W TapAndPay: setPayOnWearEnabledRealtime: 119330 [CONTEXT service_id=79 ]
11-03 20:33:04.736014  1679  1679 D WearBluetooth: Retrieved bluetooth network socket parcelFd:{ParcelFileDescriptor: java.io.FileDescriptor@6d6715a} fd:196
11-03 20:33:04.742606  1990  3304 I Fitness : FitCleanupIntentOperation received Intent android.intent.action.PACKAGE_CHANGED [CONTEXT service_id=17 ]
11-03 20:33:04.753037  2391  2760 W WorkController: Loading failed for worker [trainingcache]: worker not found
11-03 20:33:04.755444  2391  2571 W A       : TrainingCache cache SCREEN_OFF failure
11-03 20:33:04.755444  2391  2571 W A       : com.google.android.apps.gsa.search.core.service.h.a.a: No worker found for Worker ID [trainingcache].
11-03 20:33:04.755444  2391  2571 W A       : 	at com.google.android.apps.gsa.search.core.service.g.a.c.a(Unknown Source:5)
11-03 20:33:04.755444  2391  2571 W A       : 	at com.google.android.libraries.gsa.c.a.d.a(Unknown Source:3)
11-03 20:33:04.755444  2391  2571 W A       : 	at com.google.common.p.a.cg.c(Unknown Source:2)
11-03 20:33:04.755444  2391  2571 W A       : 	at com.google.common.p.a.bk.run(SourceFile:3)
11-03 20:33:04.755444  2391  2571 W A       : 	at com.google.common.p.a.ci.run(Unknown Source:4)
11-03 20:33:04.755444  2391  2571 W A       : 	at com.google.apps.tiktok.concurrent.ab.run(SourceFile:1)
11-03 20:33:04.755444  2391  2571 W A       : 	at java.util.concurrent.ThreadPoolExecutor.runWorker(ThreadPoolExecutor.java:1167)
11-03 20:33:04.755444  2391  2571 W A       : 	at java.util.concurrent.ThreadPoolExecutor$Worker.run(ThreadPoolExecutor.java:641)
11-03 20:33:04.755444  2391  2571 W A       : 	at com.google.apps.tiktok.concurrent.c.run(Unknown Source:4)
11-03 20:33:04.755444  2391  2571 W A       : 	at java.lang.Thread.run(Thread.java:764)
11-03 20:33:04.758858  2391  2391 I BgTaskExecutorImpl: Starting EXCLUSIVE background task WEAR_REMINDERS_UPGRADE.
11-03 20:33:04.773418  2365  3336 D HOME    : [TimeChangeService]onHandleIntent: Intent { act=com.google.android.clockwork.settings.REEVALUATE_PHONE_TIME_ZONE cmp=com.google.android.wearable.app/com.google.android.clockwork.home.settings.TimeChangeService }
11-03 20:33:04.773538  2365  3336 D HOME    : [TimeChangeService]calling reevaluateTimeZone()
11-03 20:33:04.773635  2365  3336 D HOME    : [Clockwork.Settings]reevaluateTimeZone
11-03 20:33:04.773707  2365  3336 W HOME    : [Clockwork.Settings]mTimeZoneSyncer is null
11-03 20:33:04.789061  2391  2789 E GmsRemindersHelper: Not executing ARP call because apiClient is null
--------- switch to system
11-03 20:33:04.802993  1679  1679 W Looper  : Drained
--------- switch to main
11-03 20:33:04.803513  1679  3339 D WearBluetooth: connectNativeInBackground fd:196
11-03 20:33:04.804026   628   628 D sysproxyd: OnClientAccepted accepted new client connection.
11-03 20:33:04.804273   628   628 D sysproxyd: OnCommandStart starting sysproxy.
11-03 20:33:04.810264  1679  3313 I system_server: The ClassLoaderContext is a special shared library.
11-03 20:33:04.836749  2365  2889 W CwExecutors: Finished  Q:     2 E: 22524 AgendaController.RequestData (Cancelled) (Slow)
11-03 20:33:04.837412  2365  2889 D StrictMode: StrictMode policy violation: android.os.strictmode.CustomViolation: Slow task AgendaController.RequestData took 22524ms on User executor
11-03 20:33:04.837412  2365  2889 D StrictMode: 	at android.os.StrictMode$AndroidBlockGuardPolicy.onCustomSlowCall(StrictMode.java:1471)
11-03 20:33:04.837412  2365  2889 D StrictMode: 	at android.os.StrictMode.noteSlowCall(StrictMode.java:2324)
11-03 20:33:04.837412  2365  2889 D StrictMode: 	at bvs.a(AW782433232:9)
11-03 20:33:04.837412  2365  2889 D StrictMode: 	at bvw.run(AW782433232:7)
11-03 20:33:04.837412  2365  2889 D StrictMode: 	at bvy.run(AW782433232:5)
11-03 20:33:04.837412  2365  2889 D StrictMode: 	at java.util.concurrent.ThreadPoolExecutor.runWorker(ThreadPoolExecutor.java:1167)
11-03 20:33:04.837412  2365  2889 D StrictMode: 	at java.util.concurrent.ThreadPoolExecutor$Worker.run(ThreadPoolExecutor.java:641)
11-03 20:33:04.837412  2365  2889 D StrictMode: 	at bvl.run(AW782433232:4)
11-03 20:33:04.837412  2365  2889 D StrictMode: 	at java.lang.Thread.run(Thread.java:764)
11-03 20:33:04.846499  2365  3337 D HOME    : [WearableHost]WearableHost.onDataChanged: wear://3393c81c/media_controls/data/auto_launch_media_controls, feature media_controls
11-03 20:33:04.846886  2365  3337 D HOME    : [WearableHost]onDataChanged: DataItemRef{ uri=wear://3393c81c/media_controls/data/auto_launch_media_controls, dataSz=2, numAssets=0 } with feature: media_controls to 1 dataListeners
11-03 20:33:04.847241  2365  3337 D HOME    : [Clockwork.Settings]got path /media_controls/data/auto_launch_media_controls
11-03 20:33:04.847459  2365  3337 D HOME    : [Clockwork.Settings]my ID is 3393c81c
11-03 20:33:04.847794  2365  3337 D HOME    : [Clockwork.Settings]got path /media_controls/data/auto_launch_media_controls
11-03 20:33:04.847948  2365  3337 D HOME    : [Clockwork.Settings]my ID is 3393c81c
11-03 20:33:04.848240  2365  3337 D HOME    : [Clockwork.Settings]got path /media_controls/data/auto_launch_media_controls
11-03 20:33:04.848392  2365  3337 D HOME    : [Clockwork.Settings]my ID is 3393c81c
11-03 20:33:04.848690  2365  3337 D HOME    : [Clockwork.Settings]got path /media_controls/data/auto_launch_media_controls
11-03 20:33:04.848815  2365  3337 D HOME    : [Clockwork.Settings]my ID is 3393c81c
11-03 20:33:04.851678  2365  3337 D HOME    : [Clockwork.Settings]got path /media_controls/data/auto_launch_media_controls. my ID is 3393c81c
11-03 20:33:04.852062  2365  3337 D HOME    : [Clockwork.Settings]onDataItemChangedAutoLaunchMediaControls: true
11-03 20:33:04.852383  2365  3337 D HOME    : [HomeWearListenerService]onDataChanged: wear://3393c81c/media_controls/data/auto_launch_media_controls, feature media_controls
11-03 20:33:04.872107  1990  2907 I Fitness : Package com.google.android.apps.fitness enabled.  Potentially restarting recording [CONTEXT service_id=17 ]
11-03 20:33:04.953037  1679  3313 I system_server: The ClassLoaderContext is a special shared library.
11-03 20:33:04.969208  2365  2722 D HOME    : [LauncherInfoManager]Fetching info for com.google.android.finsky.wear.activities.MainActivity
11-03 20:33:04.970974  2365  2722 D HOME    : [LauncherInfoManager]Fetching info for com.google.android.wearable.fitness.passive.ui.PassiveActivity
11-03 20:33:05.037447  1679  3313 I system_server: The ClassLoaderContext is a special shared library.
11-03 20:33:05.090865  3340  3340 D sysproxy: System proxy launched.
11-03 20:33:05.091072  3340  3340 D sysproxy: connect: fd: 3
11-03 20:33:05.091095  3340  3340 D sysproxy: [B] connect:select...
11-03 20:33:05.098809  2365  2365 D HOME    : [PaymentStateMgr]There's no account yet. Treating as new user
11-03 20:33:05.100307  2365  2722 D HOME    : [LauncherInfoManager]Fetching info for com.google.android.apps.wearable.certifier.MainActivity
11-03 20:33:05.129418  2365  2722 D HOME    : [LauncherInfoManager]Fetching info for com.google.android.clockwork.internalphone.InternalDialerLauncherActivity
11-03 20:33:05.179253  1906  1906 D CarrierSvcBindHelper: No carrier app for: 0
11-03 20:33:05.179513  1906  1906 D ImsResolver: maybeAddedImsService, packageName: com.google.android.apps.fitness
11-03 20:33:05.180647  2365  2671 D HOME    : [PackageUpdateReceiver]onReceive: Intent { act=android.intent.action.PACKAGE_CHANGED dat=package:com.google.android.apps.fitness flg=0x45000010 (has extras) }
11-03 20:33:05.193931  3330  3330 I ackageinstalle: The ClassLoaderContext is a special shared library.
11-03 20:33:05.212786  2365  2671 D HOME    : [WatchFaceBackgroundJobs]Updating all watch faces in package: com.google.android.apps.fitness
11-03 20:33:05.225836  2365  2671 I HOME    : [HomeSafeServiceStarter]startWakefulService: Trying to start wakeful service - ComponentInfo{com.google.android.wearable.app/com.google.android.clockwork.home.packagemanager.PackageChangesNotificationService}
11-03 20:33:05.232247  2365  2722 D HOME    : [LauncherInfoManager]Fetching info for com.google.android.clockwork.settings.MainSettingsActivity
11-03 20:33:05.233817  2365  2722 D HOME    : [LauncherInfoManager]Fetching info for com.google.android.clockwork.home.module.oobe.OobeLauncherActivity
11-03 20:33:05.278787  2391  2391 W earchbox:searc: Long monitor contention with owner Blocking Thread #1 (2783) at com.google.android.apps.gsa.search.core.v.c com.google.android.apps.gsa.ab.a.a.a()(SourceFile:3) waiters=0 in boolean j$.util.DesugarCollections$SynchronizedMap.containsKey(java.lang.Object) for 161ms
11-03 20:33:05.318929  1679  3313 I system_server: The ClassLoaderContext is a special shared library.
11-03 20:33:05.331080  2365  2722 D HOME    : [LauncherInfoManager]Fetching info for com.google.android.clockwork.home.pay.FastPayActivity
11-03 20:33:05.414994  2365  2722 D HOME    : [LauncherInfoManager]Fetching info for com.google.android.clockwork.sysui.experiences.calendar.AgendaActivity
11-03 20:33:05.416290  2365  2722 D HOME    : [LauncherInfoManager]Fetching info for com.google.android.clockwork.sysui.experiences.contacts.ContactsActivity
11-03 20:33:05.417388  2365  2722 D HOME    : [LauncherInfoManager]Fetching info for com.google.android.clockwork.wcs.bugreport.TakeReportActivity
11-03 20:33:05.389936  2264  2281 I gle.android.gm: Background concurrent copying GC freed 5598(445KB) AllocSpace objects, 12(560KB) LOS objects, 24% free, 3MB/4MB, paused 28.218ms total 1.212s
11-03 20:33:05.419666  1679  3313 I system_server: The ClassLoaderContext is a special shared library.
11-03 20:33:05.443538  2365  2651 D HOME    : [DeviceInfoRunnable]writeDataItemIfChanged existing=DataItem(wear://3393c81c/device_info/device_info, 761 bytes, 0 assets)
11-03 20:33:05.453202  2365  2848 D HOME    : [ComplicationController]scheduleImmediateUpdateForAllFromProvider ComponentInfo{com.google.android.wearable.app/com.google.android.clockwork.home.complications.providers.MostRecentAppProviderService}
11-03 20:33:05.469480  2365  2651 D HOME    : [DeviceInfoRunnable]writeDataItemIfChanged data not modified
11-03 20:33:05.479083  2391  2760 W SearchServiceCore: Abort, client detached.
11-03 20:33:05.485141  2365  2365 E HOME    : [TileDataItemWriter]Error sending visible tiles data item to companion. An error occurred writing data item: Status{statusCode=TIMEOUT, resolution=null}
11-03 20:33:05.543959  2365  2722 D HOME    : [LauncherInfoManager]Fetching info for de.zuhanden.smartwatch.heartrate.newapp.HeartRateActivity
11-03 20:33:05.571691  2365  2722 D HOME    : [LauncherInfoManager]Fetching info for de.zuhanden.smartwatch.alarmclock.activities.main.MainActivity
11-03 20:33:05.572893  2365  2722 D HOME    : [LauncherInfoManager]Fetching info for de.zuhanden.smartwatch.stopwatch.StopWatchActivity
11-03 20:33:05.573975  2365  2722 D HOME    : [LauncherInfoManager]Fetching info for com.montblanc.smartwatch.toolbox.MainActivity
11-03 20:33:05.574514  1679  3313 I system_server: The ClassLoaderContext is a special shared library.
11-03 20:33:05.613647  1990  3355 W PackageHelper: Could not get resources package for package "com.google.android.apps.fitness". Falling back to app package name.
11-03 20:33:05.616712  1679  3313 I system_server: The ClassLoaderContext is a special shared library.
--------- switch to system
11-03 20:33:05.656429  1679  1696 I ActivityManager: Start proc 3356:com.google.android.partnersetup/u0a2 for broadcast com.google.android.partnersetup/.GooglePartnerSetup
--------- switch to main
11-03 20:33:05.698275  1679  3313 I system_server: The ClassLoaderContext is a special shared library.
11-03 20:33:05.701270  2365  2722 D HOME    : [LauncherInfoManager]Fetching info for com.google.android.wearable.fitness.passive.hrm.HeartRateLauncherActivity
11-03 20:33:05.702654  2365  2722 D HOME    : [LauncherInfoManager]Fetching info for com.google.android.wearable.fitness.realtime.breathe.BreatheLauncherActivity
11-03 20:33:05.703777  2365  2722 D HOME    : [LauncherInfoManager]Fetching info for com.google.android.wearable.fitness.realtime.RealtimeLauncherActivity
11-03 20:33:05.704733  2365  2722 D HOME    : [LauncherInfoManager]Fetching info for com.google.android.apps.messaging.main.MainActivity
11-03 20:33:05.718098  2365  2365 E HOME    : [TileDataItemWriter]Error sending tile providers data item to companion. An error occurred writing data item: Status{statusCode=TIMEOUT, resolution=null}
11-03 20:33:05.762132  2365  2722 D HOME    : [LauncherInfoManager]Fetching info for com.google.android.wearable.translate.MainActivity
11-03 20:33:05.762304  1679  3313 I system_server: The ClassLoaderContext is a special shared library.
11-03 20:33:05.763781  2365  2722 D HOME    : [LauncherInfoManager]Fetching info for com.google.android.clockwork.flashlight.FlashlightActivity
11-03 20:33:05.802265  2365  2722 D HOME    : [LauncherInfoManager]Fetching info for com.google.android.gms.mdm.RingMyPhoneActivity
11-03 20:33:05.803765  2365  2722 D HOME    : [LauncherInfoManager]Fetching info for com.google.android.clockwork.home.flagtoggler.FlagTogglerListActivity
11-03 20:33:05.804135  1679  3313 I system_server: The ClassLoaderContext is a special shared library.
11-03 20:33:05.805048  2365  2722 D HOME    : [LauncherInfoManager]Fetching info for com.google.android.clockwork.home.weather.WeatherActivity
11-03 20:33:05.808736  1990  2178 I NetworkScheduler.Stats: Task com.google.android.gms/com.google.android.gms.stats.PlatformStatsCollectorService started execution. cause:5 exec_start_elapsed_seconds: 90 [CONTEXT service_id=218 ]
11-03 20:33:05.850724  3356  3356 I id.partnersetu: The ClassLoaderContext is a special shared library.
11-03 20:33:05.880940  2365  2722 D HOME    : [LauncherInfoManager]Fetching info for com.google.android.wearable.reminders.MainActivity
11-03 20:33:05.882515  2365  2722 D HOME    : [LauncherInfoManager]Fetching info for com.google.clockwork.wearqxdm.MainActivity
11-03 20:33:05.883636  2365  2722 D HOME    : [LauncherInfoManager]Fetching info for com.jeremysteckling.facerrel.ui.activity.FacerStoreFrontActivity
11-03 20:33:05.884680  2365  2722 D HOME    : [LauncherInfoManager]Fetching info for de.zuhanden.smartwatch.timer.activities.main.MainActivity
11-03 20:33:05.885743  2365  2722 D HOME    : [LauncherInfoManager]Fetching info for utc.smartwatch.zuhanden.de.utc.activities.WorldActivity
11-03 20:33:05.894763  1679  3313 I system_server: The ClassLoaderContext is a special shared library.
11-03 20:33:05.919364  2365  3337 D HOME    : [WearableHost]WearableHost.onDataChanged: wear://3393c81c/tiles/data/configs/3393c81c, feature tiles
11-03 20:33:05.919820  2365  3337 D HOME    : [WearableHost]onDataChanged: DataItemRef{ uri=wear://3393c81c/tiles/data/configs/3393c81c, dataSz=330, numAssets=0 } with feature: tiles to 1 dataListeners
11-03 20:33:05.920877  2365  3337 D HOME    : [HomeWearListenerService]onDataChanged: wear://3393c81c/tiles/data/configs/3393c81c, feature tiles
11-03 20:33:05.923015  3356  3356 I id.partnersetu: The ClassLoaderContext is a special shared library.
11-03 20:33:05.959569  2365  2722 D HOME    : [LauncherInfoManager]Fetching info for com.oma.dm.omatest.MainActivity
11-03 20:33:06.009802  1679  1689 I system_server: Background concurrent copying GC freed 75254(3MB) AllocSpace objects, 25(3MB) LOS objects, 19% free, 10MB/13MB, paused 4.815ms total 2.483s
11-03 20:33:06.015871  1679  3313 I system_server: The ClassLoaderContext is a special shared library.
11-03 20:33:06.044356  2365  2722 D HOME    : [LauncherInfoManager]Fetching info for com.qualcomm.qti.usta.ui.UnifiedSensorTestActivity
11-03 20:33:06.045614  2365  2722 D HOME    : [LauncherInfoManager]Fetching info for com.timeshifter.timeshifter.wear.presentation.ui.auth.AuthActivity
11-03 20:33:06.063424  2391  3066 W earchbox:searc: Long monitor contention with owner Blocking Thread #3 (2793) at void com.google.android.apps.gsa.m.b.b(com.google.android.apps.gsa.m.a)(SourceFile:1) waiters=1 in void com.google.android.apps.gsa.m.b.b(com.google.android.apps.gsa.m.a) for 750ms
11-03 20:33:06.071490  2365  2722 D HOME    : [LauncherInfoManager]Fetching info for fitness.smartwatch.montblanc.cardiocoach.ui.activity.FitnessActivity
11-03 20:33:06.084433  2365  2365 D HOME    : [Clockwork.Settings]onDataItemChanged: {settings.COMPANION_ANDROID_VERSION=29, settings.TIME_CHANGE_DATE=1648342800000, settings.PEEK_PRIVACY_MODE=0, settings.CURRENT_UTC_OFFSET=3600000, settings.IS_24_HOUR=true, settings.OFFSET_CALC_DATE=0, settings.bluetooth.COMPANION_MAC_ADDRESS=02:00:00:00:00:00, settings.locale.LANGUAGE=fr, settings.RAW_UTC_OFFSET=3600000, settings.COMPANION_APP_VERSION_CODE=773290023, settings.OFFSET_AFTER_TIME_CHANGE=3600000, settings.locale.COUNTRY=FR, settings.COUNTRY_ISO=ch, settings.companion.FEATURES=[android.hardware.telephony, START_QUERY], settings.TIME_ZONE=Europe/Zurich, settings.locale.VARIANT=}
11-03 20:33:06.085303  2365  2365 D HOME    : [TimeZoneSyncer]constructor phoneTimeZoneId: Europe/Zurich, watchDateMs: 1635967986085
11-03 20:33:06.085598  2365  2365 D HOME    : [TimeZoneSyncer]setPhoneCurrentAndRawOffsets currentOffset: 3600000 rawOffset: 3600000
11-03 20:33:06.085984  2365  2365 D HOME    : [TimeZoneSyncer]setPhoneTimeChangeDateAndNewOffset date: 1648342800000 newOffset:3600000
11-03 20:33:06.086099  2365  2365 D HOME    : [Clockwork.Settings]reevaluateTimeZone
11-03 20:33:06.086309  2365  2365 D HOME    : [TimeZoneSyncer]setWatchDate: 1635967986086
11-03 20:33:06.086391  2365  2365 D HOME    : [TimeZoneSyncer]findMatchingTimeZone - apply phone's time change later
11-03 20:33:06.086583  2365  2365 D HOME    : [TimeZoneSyncer]findMatchingTimeZone dateMs: 1635967986086, targetOffsetMs: 3600000
11-03 20:33:06.086916  2365  2365 D HOME    : [TimeZoneSyncer]findMatchingTimeZone using phone's time zone: libcore.util.ZoneInfo[id="Europe/Zurich",mRawOffset=3600000,mEarliestRawOffset=3600000,mUseDst=true,mDstSavings=3600000,transitions=118]
11-03 20:33:06.087173  2365  2365 D HOME    : [TimeZoneSyncer]findMatchingTimeZone returning libcore.util.ZoneInfo[id="Europe/Zurich",mRawOffset=3600000,mEarliestRawOffset=3600000,mUseDst=true,mDstSavings=3600000,transitions=118]
11-03 20:33:06.103087  2365  2722 D HOME    : [LauncherInfoManager]Fetching info for fitness.smartwatch.montblanc.sleep.ui.activity.SleepDetailsActivity
11-03 20:33:06.107488  2365  2365 D HOME    : [TimeZoneSyncer]findUpcomingTimeChange watchTimeChangeDate: 1648342800000, futurePhoneChangeDate:1648342800000
11-03 20:33:06.107846  2365  2365 D HOME    : [TimeChangeService]schedule reevaluateTimeZone for time: 1648342800000
11-03 20:33:06.118572  2365  2365 D HOME    : [Clockwork.Settings]got new locale: fr_FR --> fr_FR
11-03 20:33:06.118715  2365  2365 D HOME    : [Clockwork.Settings]not starting locale service
11-03 20:33:06.132651  1990  2788 I NetworkScheduler.Stats: Task com.google.android.gms/com.google.android.gms.stats.PlatformStatsCollectorService finished executing. cause:5 result: 1 elapsed_millis: 641 uptime_millis: 641 exec_start_elapsed_seconds: 90 [CONTEXT service_id=218 ]
11-03 20:33:06.138416  2365  2722 D HOME    : [LauncherInfoManager]Fetching info for fitness.smartwatch.montblanc.bodyresources.ui.activity.main.BodyResourcesActivity
--------- switch to system
11-03 20:33:06.144153  1679  1679 V SettingsProvider: Notifying for 0: content://settings/system/time_12_24
--------- switch to main
11-03 20:33:06.152193  2365  2722 D HOME    : [LauncherInfoManager]Fetching info for fitness.smartwatch.montblanc.stress_new.ui.activity.main.StressActivity
11-03 20:33:06.169861  2365  2365 D HOME    : [TileStateHandler]Tiles are updated. Count: 3
11-03 20:33:06.170134  2365  2365 D HOME    : [TileStateHandler]Tile 1: com.google.android.apps.fitness/com.google.android.wearable.fitness.tile.HaloTileProviderService
11-03 20:33:06.170330  2365  2365 D HOME    : [TileStateHandler]Tile 2: com.google.android.wearable.app/com.google.android.clockwork.home.weather.WeatherTileProviderService
11-03 20:33:06.170515  2365  2365 D HOME    : [TileStateHandler]Tile 3: com.google.android.wearable.app/com.google.android.clockwork.home.calendar.AgendaTileProviderService
