--------- switch to system
11-03 12:36:54.314277  1686  1712 I PowerManagerService: Going to sleep due to screen timeout (uid 1000)...
11-03 12:36:54.315059  1686  1686 W UsageStatsService: Event reported without a package name
11-03 12:36:54.315573  1686  1712 I DreamManagerService: Entering dreamland.
11-03 12:36:54.317550  1686  1712 I PowerManagerService: Dozing...
11-03 12:36:54.334015  1686  1708 I DreamController: Starting dream: name=ComponentInfo{com.google.android.wearable.ambient/com.google.android.wearable.ambient.AmbientDream}, isTest=false, canDoze=true, userId=0
11-03 12:36:54.360018  1686  1686 W ContextImpl: Calling a method in the system process without a qualified user: android.app.ContextImpl.bindService:1611 android.content.ContextWrapper.bindService:698 com.google.android.wearable.ambient.AmbientDream.onCreate:191 android.app.ActivityThread.handleCreateService:3533 android.app.ActivityThread.access$1300:200 
11-03 12:36:54.362590  1686  1686 W ContextImpl: Calling a method in the system process without a qualified user: android.app.ContextImpl.sendBroadcast:1005 android.content.ContextWrapper.sendBroadcast:444 com.google.android.wearable.ambient.AmbientDream.onCreate:241 android.app.ActivityThread.handleCreateService:3533 android.app.ActivityThread.access$1300:200 
11-03 12:36:54.363164  1686  1686 V DreamService[AmbientDream]: onBind() intent = Intent { act=android.service.dreams.DreamService flg=0x800000 cmp=com.google.android.wearable.ambient/.AmbientDream }
--------- switch to main
11-03 12:36:54.364200  1686  1686 I AmbientService: [ce6a28c] Ambient Created
--------- switch to system
11-03 12:36:54.364681  1686  1686 V DreamService[AmbientDream]: Calling onDreamingStarted()
--------- switch to main
11-03 12:36:54.364765  1686  1686 I AmbientService: [ce6a28c] doOnDreamingStarted
11-03 12:36:54.365158  1686  1686 D SidekickService: setShouldControlDisplay called: true
11-03 12:36:54.365941  1686  1686 I AmbientService: [ce6a28c] Selected running activity for ambient mode: AmbientActivity[component=ComponentInfo{com.google.android.wearable.app/com.google.android.clockwork.home2.activity.HomeActivity2}, callbacks=@210b385, running=true, ambientRequested=true, ambientEnabled=true, offloadEnabled=true]
11-03 12:36:54.366450  1686  1686 I AmbientService: [ce6a28c] Sidekick is ready to display, requesting doze.
11-03 12:36:54.375005  1686  1686 I AmbientService: [ce6a28c] No auto-resume Activity.
11-03 12:36:54.378375  2520  2520 D HOME    : [HomeVisitsLogger]Logging streamlet event: enter_ambient_mode
11-03 12:36:54.379000  1686  1686 W DefaultSettingsContentR: Value for ambient_low_bit_enabled not stored as number. Attempting parse as boolean.
11-03 12:36:54.379094  2520  2520 D HOME    : [HotwordController]updateClient MODE_WATCH_FACE false true false true
11-03 12:36:54.382784  1686  1686 I AmbientService: [ce6a28c] Showing watch face in offload mode, canceling alarm.
11-03 12:36:54.382863  1686  1686 W AlarmManagerProxy: Removing unknown listener
11-03 12:36:54.382945  1686  1686 D WristGestureCtrl: Stopping detectors: GesturesEnabled-false gestureDetector-false ungazeEnabled-true ungaze-true
11-03 12:36:54.382976  1686  1686 D DefaultUngazeDetector: stopping
11-03 12:36:54.383585   512  1749 I sensors-hal: batch:140, android.sensor.accelerometer/48, period=66667000, max_latency=100000000
11-03 12:36:54.385964   512  1749 I sensors-hal: batch:149, android.sensor.accelerometer/48, period=66667000, max_latency=100000000 request completed
11-03 12:36:54.388354  2520 14771 D HOME    : [HomeVisitsLogger]Logging streamlet event: visit_end
11-03 12:36:54.417861  2520  2520 D HOME    : [WatchFaceUiController]setInAmbientMode true
11-03 12:36:54.419921  2520  2520 D HOME    : [StreamDBQueue]Promised revision #5712 to queue a new op
11-03 12:36:54.420202  2520  2520 D WatchStreamManager: Promised rank-blocked=false @ r#5712
11-03 12:36:54.420780  2520  2520 D HOME    : [StreamDBQueue]Promised revision #5713 to queue a new op
11-03 12:36:54.421032  2520  2520 D WatchStreamManager: Promised rank-blocked=false @ r#5713
11-03 12:36:54.421703  2520 14787 D HOME    : [StreamDBQueue]Promised revision #5714 to queue a new op
11-03 12:36:54.421703  2520  2520 D HOME    : [EventBus]Wrapper pool is full. Discarding excess wrapper instance for event com.google.android.clockwork.sysui.events.KeyguardStateEvent
11-03 12:36:54.421790  2520  2520 D HOME    : [WatchFaceUiController]sendStateToWallpaper
11-03 12:36:54.421814  2520 14787 D WatchStreamManager: Promised rerank @ r#5714
11-03 12:36:54.422389  2520 14771 I SidekickManager: replaceWatchFaceComponentsImpl(): watchFace = com.google.android.clockwork.decomposablewatchface.WatchFaceDecomposition@344bd13
11-03 12:36:54.423297  2520  2520 D HOME    : [EventBus]Wrapper pool is full. Discarding excess wrapper instance for event com.google.android.clockwork.sysui.events.KeyguardStateEvent
11-03 12:36:54.423502  2520  2520 D HOME    : [EventBus]Wrapper pool is full. Discarding excess wrapper instance for event com.google.android.clockwork.sysui.events.KeyguardStateEvent
11-03 12:36:54.424325  1686  5849 D SidekickService: sendWatchFaceComponents called: watchFace = com.google.android.clockwork.decomposablewatchface.WatchFaceDecomposition@960a55dshouldReplace = false
11-03 12:36:54.424500  1686  5849 D SidekickService: Check decomposition for calling app com.google.android.wearable.app with uid 10049
11-03 12:36:54.424845  1686  5849 D SidekickService: sendWatchFaceLocked(): shouldReplace = false, mSidekickIsControlling = false, 1 images, 0 fonts, 0 numbers, 0 proportionalFonts, 0 strings
11-03 12:36:54.425512  1686  5849 D SidekickService: ISidekickGraphics#beginResources()...
11-03 12:36:54.428675  2520  2520 W StaticLayout: maxLineHeight should not be -1.  maxLines:1 lineCount:1
11-03 12:36:54.433113  1686  5849 D SidekickServiceUtils: bitmapFromDrawable: Returning bitmap directly
11-03 12:36:54.439611  2520 14536 D HOME    : [WatchStreamDB]Item alerting conditions - isInterruptive: true, recentlyInterrupted: false, isItemPinned: false, isUnread: false
11-03 12:36:54.442956  1686  5849 D SidekickService: sendBitmapsLocked(): bounds = RectF(0.47115386, 0.33653846, 0.52884614, 0.39423078), drawableInfo = {.id = 100000, .width = 24, .height = 24, .display = true, .offsetX = 193.0, .offsetY = 137.0, .rotationInfo = {.hasRotation = false, .pivotX = 0.0, .pivotY = 0.0, .degreesPerDay = 0.0, .degreesPerStep = 0.0, .zeroDegreesTime = {.daysSinceLocalEpoch = 0, .msSinceMidnight = 0}}, .transformInfo = {.transformed = false, .flipX = false, .flipY = false, .flip45 = false, .scaleX = 0.0, .scaleY = 0.0}, .type = GENERIC, .blink = {.blinking = false, .periodOnMs = 0.0, .periodOffMs = 0.0, .startTime = {.daysSinceLocalEpoch = 0, .msSinceMidnight = 0}}, .zOrder = 8, .displayInTwm = true}, image.size() = 97
11-03 12:36:54.443878   416  1715 D SKGHAL  : saveResource: resId = 100000
11-03 12:36:54.444475  1686  5849 D SidekickService: sendBitmapsLocked(): status = 0, bytesUsed = 64
11-03 12:36:54.444633  1686  5849 D SidekickService: ISidekickGraphics#endResources()...
11-03 12:36:54.446597  2520 14536 D HOME    : [StreamAlertingRegulator]isTheaterModeEnabled: false, isAlertingAllowedByOffBody: true, matchesLocalInterruptionFilter: true
11-03 12:36:54.456096  2520 14536 D HOME    : [WatchStreamDB]couldItemAlert: false, isTopItemChanged: false, isDeferralForTopItem: false
11-03 12:36:54.465629  2520 14536 D HOME    : [WatchStreamDB]Item alerting conditions - isInterruptive: true, recentlyInterrupted: false, isItemPinned: false, isUnread: false
11-03 12:36:54.465989  2520 14536 D HOME    : [StreamAlertingRegulator]isTheaterModeEnabled: false, isAlertingAllowedByOffBody: true, matchesLocalInterruptionFilter: true
11-03 12:36:54.466178  2520 14536 D HOME    : [WatchStreamDB]couldItemAlert: false, isTopItemChanged: false, isDeferralForTopItem: false
11-03 12:36:54.466614  2520 14536 D HOME    : [WatchStreamDB]updateRanking()
11-03 12:36:54.467070  2520 14536 D HOME    : [WatchStreamDB]Item alerting conditions - isInterruptive: true, recentlyInterrupted: false, isItemPinned: false, isUnread: false
11-03 12:36:54.467320  2520 14536 D HOME    : [StreamAlertingRegulator]isTheaterModeEnabled: false, isAlertingAllowedByOffBody: true, matchesLocalInterruptionFilter: true
11-03 12:36:54.467495  2520 14536 D HOME    : [WatchStreamDB]couldItemAlert: false, isTopItemChanged: false, isDeferralForTopItem: false
11-03 12:36:54.467993  2520 14536 D HOME    : [NewStreamAdapter]Publishing revision #5714 to adapter clients
11-03 12:36:54.469508  2520 14787 D HOME    : [StreamDBQueue]Promised revision #5715 to queue a new op
11-03 12:36:54.469710  2520 14787 D WatchStreamManager: Promised rerank @ r#5715
11-03 12:36:54.469882  2520 14535 D HOME    : [WatchStreamDB]updateRanking()
11-03 12:36:54.470302  2520 14535 D HOME    : [WatchStreamDB]Item alerting conditions - isInterruptive: true, recentlyInterrupted: false, isItemPinned: false, isUnread: false
11-03 12:36:54.470524  2520 14535 D HOME    : [StreamAlertingRegulator]isTheaterModeEnabled: false, isAlertingAllowedByOffBody: true, matchesLocalInterruptionFilter: true
11-03 12:36:54.470694  2520 14535 D HOME    : [WatchStreamDB]couldItemAlert: false, isTopItemChanged: false, isDeferralForTopItem: false
11-03 12:36:54.471672  2520 14535 D HOME    : [NewStreamAdapter]Publishing revision #5715 to adapter clients
11-03 12:36:54.627388  3316  3328 I .gms.persisten: Background concurrent copying GC freed 57610(2MB) AllocSpace objects, 1(20KB) LOS objects, 25% free, 8MB/10MB, paused 128us total 219.100ms
11-03 12:36:54.655731   416  1715 D SKGHAL  : sendResources: metadata size = 2400, font size = 72
11-03 12:36:54.714025   416  1715 D SKGHAL  : endResources: rc = 0
11-03 12:36:54.715597  1686  1686 W system_server: Long monitor contention with owner Binder:1686_18 (5849) at int com.google.android.clockwork.sidekick.SidekickService$BinderService.sendWatchFace(com.google.android.clockwork.decomposablewatchface.WatchFaceDecomposition, boolean)(SidekickService.java:1021) waiters=0 in boolean com.google.android.clockwork.sidekick.SidekickService$BinderService.readyToDisplay() for 289ms
--------- switch to system
11-03 12:36:54.718435  1686  1686 W Looper  : Slow dispatch took 293ms main h=android.os.Handler c=com.google.android.wearable.ambient.AmbientDream$Callbacks$1@376eed2 m=0
--------- switch to main
11-03 12:36:54.719839  2520  2520 D HOME    : [SidekickManagerAsync]replaceWatchFaceComponents(): Callback#onResult(): 0
11-03 12:36:54.720155  2520  2520 D HOME    : [WatchFaceUiController]Complication updates sent, posting watch face hiding
11-03 12:36:54.720235  2520  2520 D HOME    : [WatchFaceUiController]Still in ambient watch face, hiding
11-03 12:36:54.720289  2520  2520 D HOME    : [WatchFaceUiController]Hiding watch face wallpaper.
--------- switch to kernel
11-03 12:36:54.590931     0     0 E FG      : fg_psy_get_property: unsupported property 7
11-03 12:36:54.592770     0     0 W healthd : battery l=1 v=3579 t=30.0 h=2 st=3 c=132 fc=443000 cc=0 chg=
--------- switch to main
11-03 12:36:54.746765   512  1749 I sensors-hal: activate:107, android.sensor.light/46 en=0
11-03 12:36:54.747842   512  1749 I sensors-hal: activate:118, android.sensor.light/46 en=0 completed
--------- switch to system
11-03 12:36:54.753270  1686  1710 I DisplayManagerService: Display device changed state: "Écran intégré", DOZE_SUSPEND
--------- switch to main
11-03 12:36:54.756347  1956  1956 D QtiCarrierConfigHelper: WARNING, no carrier configs on phone Id: 0
11-03 12:36:54.759757  2520  2520 D HOME    : [BatteryChange]action: android.intent.action.BATTERY_CHANGED
11-03 12:36:54.774220   545   545 D SurfaceFlinger: Set power mode=3, type=0 flinger=0xb6bb6000
11-03 12:36:54.774853   504   764 I SDM     : DisplayBase::SetDisplayState: Set state = 3, display 0
11-03 12:36:54.783184  2520 14787 D HOME    : [BatteryChange]HandleBatteryChangedTask
11-03 12:36:54.784955  1686  1759 I InputReader: Reconfiguring input devices.  changes=0x00000004
11-03 12:36:54.799944  2520 14787 D HOME    : [BatteryChange]level: 1, status: 3
11-03 12:36:54.801357  2520 14787 D HOME    : [BatteryChange]updateStreamItem
11-03 12:36:54.809215  2520 14787 D HOME    : [BatteryChange]batteryHistory size: 20'
11-03 12:36:54.809450  2520 14787 D HOME    : [BatteryChange]timeDelta: 14117144
11-03 12:36:54.809585  2520 14787 D HOME    : [BatteryChange]levelDelta: 21
11-03 12:36:54.835292   545   545 D SurfaceFlinger: Finished set power mode=3, type=0
11-03 12:36:54.835924  1686  1823 I SidekickService: beginDisplayLocked(): DOZE_SUSPEND
11-03 12:36:54.837593   416  1715 D SKGHAL  : sendAmbientPrepare: enter:
--------- switch to kernel
11-03 12:36:54.631079     0     0 I mdss_dsi_panel_set_idle_mode: Idle (0->1)
11-03 12:36:54.684411     0     0 I         : [touch]FB_BLANK_VSYNC_SUSPEND
11-03 12:36:54.684419     0     0 I         : [touch]irq disable
11-03 12:36:54.684423     0     0 I         : [touch]workqueue is empty!
11-03 12:36:54.684427     0     0 I         : [touch]raydium_ts_do_suspend.
11-03 12:36:54.684438     0     0 I         : [touch]Device may wakeup
11-03 12:36:54.687668     0     0 I         : [touch]irq enable
--------- switch to main
11-03 12:36:54.905097  1686  1686 D HandsFreeClientShard: Connecting HandsFree client profile (retry).
11-03 12:36:54.909370  1686  1686 D BluetoothHeadsetClient: disconnect(14:3C:C3:AD:3D:53)
11-03 12:36:54.912123  1686  1686 D BluetoothHeadsetClient: connect(14:3C:C3:AD:3D:53)
11-03 12:36:54.914753 10095 10167 D HeadsetClientStateMachine: Disconnected process message: 1
11-03 12:36:54.915732 10095 10133 I bt_btif_queue: queue_int_add: adding connection request: address=14:3c:c3:ad:3d:53 UUID=111E busy=false
11-03 12:36:54.915880 10095 10133 I bt_btif_queue: btif_queue_connect_next: executing connection request: address=14:3c:c3:ad:3d:53 UUID=111E busy=false
11-03 12:36:54.915925 10095 10133 E bt_btif : is_connected: not connected!
11-03 12:36:54.915989 10095 10133 W bt_btif : bta_hf_client_find_cb_by_bda: bdaddr mismatch for handle 0 alloc 0
11-03 12:36:54.916025 10095 10133 W bt_btif : bta_hf_client_find_cb_by_bda: bdaddr mismatch for handle 1 alloc 0
11-03 12:36:54.916054 10095 10133 W bt_btif : bta_hf_client_find_cb_by_bda: bdaddr mismatch for handle 2 alloc 0
11-03 12:36:54.916084 10095 10133 W bt_btif : bta_hf_client_find_cb_by_bda: bdaddr mismatch for handle 3 alloc 0
11-03 12:36:54.916113 10095 10133 W bt_btif : bta_hf_client_find_cb_by_bda: bdaddr mismatch for handle 4 alloc 0
11-03 12:36:54.916141 10095 10133 W bt_btif : bta_hf_client_find_cb_by_bda: bdaddr mismatch for handle 5 alloc 0
11-03 12:36:54.916170 10095 10133 W bt_btif : bta_hf_client_find_cb_by_bda: bdaddr mismatch for handle 6 alloc 0
11-03 12:36:54.916198 10095 10133 W bt_btif : bta_hf_client_find_cb_by_bda: bdaddr mismatch for handle 7 alloc 0
11-03 12:36:54.916225 10095 10133 W bt_btif : bta_hf_client_find_cb_by_bda: bdaddr mismatch for handle 8 alloc 0
11-03 12:36:54.916252 10095 10133 W bt_btif : bta_hf_client_find_cb_by_bda: bdaddr mismatch for handle 9 alloc 0
11-03 12:36:54.916278 10095 10133 E bt_btif : bta_hf_client_find_cb_by_bda: block not found
11-03 12:36:54.921323 10095 10095 D AdapterProperties: PROFILE_CONNECTION_STATE_CHANGE: profile=16, device=14:3C:C3:AD:3D:53, 0 -> 1
11-03 12:36:54.921770 10095 10095 D AdapterProperties: ADAPTER_CONNECTION_STATE_CHANGE: 14:3C:C3:AD:3D:53: 0 -> 1
11-03 12:36:54.924909  5603  5603 D BtTelecomReceiver: onReceive: Intent { act=android.bluetooth.headsetclient.profile.action.CONNECTION_STATE_CHANGED flg=0x10 cmp=com.google.android.apps.wearable.bluetooth/com.google.android.clockwork.hfp.BtTelecomBroadcastReceiver (has extras) }
11-03 12:36:54.925461  5603  5603 D BtTelecomReceiver: Hfp connection changed: -724754873 0 -> 1
--------- switch to system
11-03 12:36:54.943054  1686  1702 W BroadcastQueue: Background execution not allowed: receiving Intent { act=android.bluetooth.adapter.action.CONNECTION_STATE_CHANGED flg=0x4000010 (has extras) } to com.google.android.gms/.chimera.GmsIntentOperationService$PersistentTrustedReceiver
--------- switch to main
11-03 12:36:54.956271   416  1715 D SKGHAL  : sendAmbientEvent: enter: enable = 1
11-03 12:36:54.957179   504   523 I SDM     : DisplayBase::SetDisplayState: Set state = 4, display 0
11-03 12:36:54.957257   504   523 D SDM     : HWCDisplayPrimary::SetStandByMode: Null display is connected successfully
11-03 12:36:54.957385   416  1715 D SKGHAL  : standBy_update_control call succeed on 1
11-03 12:36:54.967361   416  1715 D SKGHAL  : sendAmbientEvent: done: enable = 1
11-03 12:36:54.967767  1686  1823 D SidekickService:    ... beginDisplay result: 0 for halPower: 1
11-03 12:36:54.970755   512   512 I sensors-hal: activate:107, android.sensor.accelerometer/48 en=0
11-03 12:36:54.971741   512   512 I sensors-hal: activate:118, android.sensor.accelerometer/48 en=0 completed
11-03 12:36:54.976165  1686  1799 E WifiStateMachine: getWifiLinkLayerStats called without an interface
--------- switch to kernel
11-03 12:36:54.825927     0     0 E bgrsb   : bgrsb_enable: gpio 32 is valid
--------- switch to main
11-03 12:36:54.993738  1686  1686 I WearPower: [WearTouchMediator] changing touch input to enabled (ON_AUTO)
11-03 12:36:54.994800  1686  1759 I InputReader: Reconfiguring input devices.  changes=0x00000200
--------- switch to kernel
11-03 12:36:54.849902     0     0 I init    : processing action (ro.enable_core_ctl=true && sys.cw_corectl_mode=idle) from (/vendor/etc/init/hw/init.qcom.rc:949)
--------- switch to main
11-03 12:36:55.002993  1686  1686 I AmbientService: [ce6a28c] Timeout alarm not required, auto-resume timeout handled by dream.
11-03 12:36:55.010649  3205  3434 W WorkController: Loading failed for worker [trainingcache]: worker not found
11-03 12:36:55.011865  3205  3372 W A       : TrainingCache cache SCREEN_OFF failure
11-03 12:36:55.011865  3205  3372 W A       : com.google.android.apps.gsa.search.core.service.h.a.a: No worker found for Worker ID [trainingcache].
11-03 12:36:55.011865  3205  3372 W A       : 	at com.google.android.apps.gsa.search.core.service.g.a.c.a(Unknown Source:5)
11-03 12:36:55.011865  3205  3372 W A       : 	at com.google.android.libraries.gsa.c.a.d.a(Unknown Source:3)
11-03 12:36:55.011865  3205  3372 W A       : 	at com.google.common.p.a.cg.c(Unknown Source:2)
11-03 12:36:55.011865  3205  3372 W A       : 	at com.google.common.p.a.bk.run(SourceFile:3)
11-03 12:36:55.011865  3205  3372 W A       : 	at com.google.common.p.a.ci.run(Unknown Source:4)
11-03 12:36:55.011865  3205  3372 W A       : 	at com.google.apps.tiktok.concurrent.ab.run(SourceFile:1)
11-03 12:36:55.011865  3205  3372 W A       : 	at java.util.concurrent.ThreadPoolExecutor.runWorker(ThreadPoolExecutor.java:1167)
11-03 12:36:55.011865  3205  3372 W A       : 	at java.util.concurrent.ThreadPoolExecutor$Worker.run(ThreadPoolExecutor.java:641)
11-03 12:36:55.011865  3205  3372 W A       : 	at com.google.apps.tiktok.concurrent.c.run(Unknown Source:4)
11-03 12:36:55.011865  3205  3372 W A       : 	at java.lang.Thread.run(Thread.java:764)
11-03 12:36:55.028273  2520  2520 D HOME    : [StreamDBQueue]Promised revision #5716 to queue a new op
11-03 12:36:55.028559  2520  2520 D WatchStreamManager: Promised rank-blocked=false @ r#5716
11-03 12:36:55.028775  2520  2520 D HOME    : [CompactHunStarter]detachWindow()
11-03 12:36:55.029087  2520 14787 D HOME    : [WatchStreamDB]Item alerting conditions - isInterruptive: true, recentlyInterrupted: false, isItemPinned: false, isUnread: false
11-03 12:36:55.029349  2520 14787 D HOME    : [StreamAlertingRegulator]isTheaterModeEnabled: false, isAlertingAllowedByOffBody: true, matchesLocalInterruptionFilter: true
11-03 12:36:55.029574  2520 14787 D HOME    : [WatchStreamDB]couldItemAlert: false, isTopItemChanged: false, isDeferralForTopItem: false
11-03 12:36:55.030358  2520 14771 D HOME    : [StreamDBQueue]Promised revision #5717 to queue a new op
11-03 12:36:55.030533  2520 14771 D WatchStreamManager: Promised rerank @ r#5717
11-03 12:36:55.032168  2520 12958 D HOME    : [WatchStreamDB]updateRanking()
11-03 12:36:55.032722  2520 12958 D HOME    : [WatchStreamDB]Item alerting conditions - isInterruptive: true, recentlyInterrupted: false, isItemPinned: false, isUnread: false
11-03 12:36:55.033045  2520 12958 D HOME    : [StreamAlertingRegulator]isTheaterModeEnabled: false, isAlertingAllowedByOffBody: true, matchesLocalInterruptionFilter: true
11-03 12:36:55.033229  2520 12958 D HOME    : [WatchStreamDB]couldItemAlert: false, isTopItemChanged: false, isDeferralForTopItem: false
11-03 12:36:55.033738  2520 12958 D HOME    : [NewStreamAdapter]Publishing revision #5717 to adapter clients
--------- switch to kernel
11-03 12:36:55.422257     0     0 I PM      : suspend entry 2021-11-03 11:36:55.422257889 UTC
11-03 12:36:55.422279     0     0 I PM      : Syncing filesystems ... done.
11-03 12:36:55.493526     0     0 I         : Freezing user space processes ... (elapsed 0.009 seconds) done.
11-03 12:36:55.503201     0     0 I         : Freezing remaining freezable tasks ... (elapsed 0.005 seconds) done.
11-03 12:36:55.509174     0     0 I         : Suspending console(s) (use no_console_suspend to debug)
11-03 12:36:55.524474     0     0 I mdss_dsi_panel_set_idle_mode: Idle (1->1)
11-03 12:36:55.566397     0     0 I bgcom   : bgcom_pm_suspend: suspended with : 0
11-03 12:36:55.595142     0     0 I PM      : suspend of devices complete after 81.974 msecs
11-03 12:36:55.600501     0     0 I PM      : late suspend of devices complete after 5.317 msecs
11-03 12:36:55.606329     0     0 I PM      : noirq suspend of devices complete after 5.788 msecs
11-03 12:36:55.606345     0     0 I         : Disabling non-boot CPUs ...
11-03 12:36:55.622148     0     0 W         : IRQ21 no longer affine to CPU1
11-03 12:36:55.624013     0     0 I CPU1    : shutdown
11-03 12:36:55.626328     0     0 I suspend ns: 4715998248684	suspend cycles:    1361336847228
11-03 12:36:55.626302     0     0 I CPU0    : msm_cpu_pm_enter_sleep mode:3 during suspend
11-03 12:36:55.626302     0     0 I         : Suspended for 1.540 seconds
11-03 12:36:55.626302     0     0 I resume cycles: 1361366436789
11-03 12:36:55.626861     0     0 I         : Enabling non-boot CPUs ...
11-03 12:36:55.627709     0     0 I CPU1    : update cpu_capacity 1024
11-03 12:36:55.629175     0     0 I         : CPU1 is up
11-03 12:36:55.630733     0     0 I CPU1    : update max cpu_capacity 748
11-03 12:36:55.632948     0     0 I PM      : noirq resume of devices complete after 3.439 msecs
11-03 12:36:55.638079     0     0 I PM      : early resume of devices complete after 3.716 msecs
11-03 12:36:55.666056     0     0 I bgcom   : bgcom_pm_resume: Bgcom resumed with : 0
11-03 12:36:55.675982     0     0 I mdss_dsi_panel_set_idle_mode: Idle (1->1)
11-03 12:36:55.715084     0     0 I PM      : resume of devices complete after 76.973 msecs
11-03 12:36:55.717722     0     0 I         : Restarting tasks ...
11-03 12:36:55.720253     0     0 W QSEECOM : qseecom_receive_req: Interrupted: exiting Listener Service = 8192
--------- switch to system
11-03 12:36:57.266183  1686  1686 I PowerManagerService: Waking up from dozing (uid=1000 reason=tiltToWake)...
--------- switch to kernel
11-03 12:36:55.720306     0     0 W QSEECOM : qseecom_receive_req: Interrupted: exiting Listener Service = 10
11-03 12:36:55.720345     0     0 W QSEECOM : qseecom_receive_req: Interrupted: exiting Listener Service = 28672
11-03 12:36:55.723800     0     0 W QSEECOM : qseecom_receive_req: Interrupted: exiting Listener Service = 12288
11-03 12:36:55.723864     0     0 W QSEECOM : qseecom_receive_req: Interrupted: exiting Listener Service = 11
--------- switch to system
11-03 12:36:57.277697  1686  1686 W UsageStatsService: Event reported without a package name
--------- switch to kernel
11-03 12:36:55.732249     0     0 I         : done.
11-03 12:36:57.274077     0     0 I PM      : suspend exit 2021-11-03 11:36:57.274077680 UTC
11-03 12:36:57.289576     0     0 E FG      : fg_psy_get_property: unsupported property 7
11-03 12:36:57.144147     0     0 W healthd : battery l=1 v=3638 t=30.0 h=2 st=3 c=33 fc=443000 cc=0 chg=
--------- switch to main
11-03 12:36:57.316397   512   512 I sensors-hal: batch:140, android.sensor.light/46, period=100000000, max_latency=0
11-03 12:36:57.316525   512   512 I sensors-hal: batch:149, android.sensor.light/46, period=100000000, max_latency=0 request completed
11-03 12:36:57.318394   512   512 I sensors-hal: activate:107, android.sensor.light/46 en=1
11-03 12:36:57.318807   512   512 I sensors-hal: ssc_enable_rt_task:254, ssc_enable_rt_task : true
11-03 12:36:57.322011   512   512 I sensors-hal: activate:118, android.sensor.light/46 en=1 completed
11-03 12:36:57.324321  1686  1823 I SidekickService: endDisplayLocked()
--------- switch to system
11-03 12:36:57.324664  1686  1710 I DisplayManagerService: Display device changed state: "Écran intégré", ON
--------- switch to main
11-03 12:36:57.325437   512   512 I sensors-hal: batch:140, android.sensor.accelerometer/48, period=66667000, max_latency=100000000
11-03 12:36:57.325506   512   512 I sensors-hal: batch:149, android.sensor.accelerometer/48, period=66667000, max_latency=100000000 request completed
11-03 12:36:57.325725   416  1715 D SKGHAL  : sendAmbientEvent: enter: enable = 0
11-03 12:36:57.334231   512   512 I sensors-hal: activate:107, android.sensor.accelerometer/48 en=1
11-03 12:36:57.334657   512   512 I sensors-hal: ssc_enable_rt_task:254, ssc_enable_rt_task : true
11-03 12:36:57.343379   512   512 I sensors-hal: activate:118, android.sensor.accelerometer/48 en=1 completed
11-03 12:36:57.345862  4243  4243 D OMService: onDisplayChanged: not dozing
11-03 12:36:57.352990  2520  2520 D HOME    : [BatteryChange]action: android.intent.action.BATTERY_CHANGED
11-03 12:36:57.353552  2520 14787 D HOME    : [BatteryChange]HandleBatteryChangedTask
--------- switch to kernel
11-03 12:36:57.242208     0     0 E bgrsb   : bgrsb_enable: rsb will set report rate
--------- switch to main
11-03 12:36:57.354038  2520 14787 D HOME    : [BatteryChange]level: 1, status: 3
11-03 12:36:57.359523  1686  1759 I InputReader: Reconfiguring input devices.  changes=0x00000004
--------- switch to kernel
11-03 12:36:57.252578     0     0 E bgrsb   : bgrsb_enable: gpio 32 is valid
11-03 12:36:57.261944     0     0 I init    : processing action (ro.enable_core_ctl=true && sys.cw_corectl_mode=perf) from (/vendor/etc/init/hw/init.qcom.rc:954)
--------- switch to main
11-03 12:36:57.366617  1956  1956 D QtiCarrierConfigHelper: WARNING, no carrier configs on phone Id: 0
--------- switch to kernel
11-03 12:36:57.263700     0     0 I CPU2    : update cpu_capacity 1024
11-03 12:36:57.265289     0     0 W         : IRQ21 no longer affine to CPU2
11-03 12:36:57.266258     0     0 I CPU2    : shutdown
11-03 12:36:57.271252     0     0 I CPU3    : update cpu_capacity 1024
11-03 12:36:57.272378     0     0 W         : IRQ21 no longer affine to CPU3
11-03 12:36:57.273342     0     0 I CPU3    : shutdown
11-03 12:36:57.277507     0     0 I         : [touch]FB_BLANK_VSYNC_SUSPEND
11-03 12:36:57.277511     0     0 I         : [touch]Already in suspend state
11-03 12:36:57.286843     0     0 I mdss_dsi_panel_set_idle_mode: Idle (1->0)
11-03 12:36:57.287689     0     0 E mdp3_enable_panic_ctrl: mdp3_enable_panic_ctrl: Enable Panic Control
11-03 12:36:57.287767     0     0 I         : [touch]FB_BLANK_UNBLANK
11-03 12:36:57.287773     0     0 I         : [touch]raydium_ts_do_resume, 1.
11-03 12:36:57.288159     0     0 I         : [ raydium ]workqueue is empty!
11-03 12:36:57.288173     0     0 I raydium_ts 5-0039: [touch]Already enable irq
11-03 12:36:57.288176     0     0 I         : [touch]Device may wakeup
--------- switch to main
11-03 12:36:57.368672  1686  1799 E WifiStateMachine: getWifiLinkLayerStats called without an interface
--------- switch to system
11-03 12:36:57.376624  1686  1702 W BroadcastQueue: Background execution not allowed: receiving Intent { act=android.intent.action.USER_PRESENT flg=0x10 } to com.google.android.gms/.auth.setup.devicesignals.LockScreenReceiver
11-03 12:36:57.377245  1686  1702 W BroadcastQueue: Background execution not allowed: receiving Intent { act=android.intent.action.USER_PRESENT flg=0x10 } to com.google.android.gms/.chimera.GmsIntentOperationService$PersistentTrustedReceiver
--------- switch to main
11-03 12:36:57.380054  3205  3434 W WorkController: Loading failed for worker [trainingcache]: worker not found
11-03 12:36:57.380993  3205  3294 W A       : TrainingCache cache DEVICE_UNLOCKED failure
11-03 12:36:57.380993  3205  3294 W A       : com.google.android.apps.gsa.search.core.service.h.a.a: No worker found for Worker ID [trainingcache].
11-03 12:36:57.380993  3205  3294 W A       : 	at com.google.android.apps.gsa.search.core.service.g.a.c.a(Unknown Source:5)
11-03 12:36:57.380993  3205  3294 W A       : 	at com.google.android.libraries.gsa.c.a.d.a(Unknown Source:3)
11-03 12:36:57.380993  3205  3294 W A       : 	at com.google.common.p.a.cg.c(Unknown Source:2)
11-03 12:36:57.380993  3205  3294 W A       : 	at com.google.common.p.a.bk.run(SourceFile:3)
11-03 12:36:57.380993  3205  3294 W A       : 	at com.google.common.p.a.ci.run(Unknown Source:4)
11-03 12:36:57.380993  3205  3294 W A       : 	at com.google.apps.tiktok.concurrent.ab.run(SourceFile:1)
11-03 12:36:57.380993  3205  3294 W A       : 	at java.util.concurrent.ThreadPoolExecutor.runWorker(ThreadPoolExecutor.java:1167)
11-03 12:36:57.380993  3205  3294 W A       : 	at java.util.concurrent.ThreadPoolExecutor$Worker.run(ThreadPoolExecutor.java:641)
11-03 12:36:57.380993  3205  3294 W A       : 	at com.google.apps.tiktok.concurrent.c.run(Unknown Source:4)
11-03 12:36:57.380993  3205  3294 W A       : 	at java.lang.Thread.run(Thread.java:764)
11-03 12:36:57.405891  1686  1686 I WearPower: [WearTouchMediator] changing touch input to enabled (ON_AUTO)
11-03 12:36:57.407033  1686  1759 I InputReader: Reconfiguring input devices.  changes=0x00000200
11-03 12:36:57.419184  2520 14787 D HOME    : [BatteryChange]updateStreamItem
11-03 12:36:57.424773   504   523 I SDM     : DisplayBase::SetDisplayState: Set state = 3, display 0
11-03 12:36:57.424981   504   523 D SDM     : HWCDisplayPrimary::SetStandByMode: Display is connected successfully
11-03 12:36:57.425355   416  1715 D SKGHAL  : standBy_update_control call succeed on 0
11-03 12:36:57.425420   416  1715 D SKGHAL  : sendAmbientEvent: done: enable = 0
11-03 12:36:57.426002  1686  1823 D SidekickService:    ... endDisplay returns void
11-03 12:36:57.426784   545   545 D SurfaceFlinger: Set power mode=2, type=0 flinger=0xb6bb6000
11-03 12:36:57.427122   504   764 I SDM     : DisplayBase::SetDisplayState: Set state = 1, display 0
11-03 12:36:57.429794  1686  1686 D WristGestureCtrl: Starting: GesturesEnabled-false UngazeEnabled-true
11-03 12:36:57.429891  1686  1686 D DefaultUngazeDetector: starting
11-03 12:36:57.429959  1686  1686 D DefaultUngazeDetector: startUngazeStateEstimation(). startTime = 70896860
11-03 12:36:57.430139  1686  1686 W AlarmManagerProxy: Removing unknown listener
11-03 12:36:57.431626  1686  1686 W DefaultSettingsContentR: Value for ambient_low_bit_enabled not stored as number. Attempting parse as boolean.
11-03 12:36:57.436344   545   545 D SurfaceFlinger: Finished set power mode=2, type=0
11-03 12:36:57.437895   512   512 I sensors-hal: batch:140, android.sensor.accelerometer/48, period=19231000, max_latency=100000000
--------- switch to system
11-03 12:36:57.440735  1686  1712 W PowerManagerService: Screen on took 277 ms
11-03 12:36:57.440973  1686  1712 I DreamManagerService: Gently waking up from dream.
11-03 12:36:57.441522  1686  1708 I DreamManagerService: Performing gentle wake from dream.
--------- switch to main
11-03 12:36:57.441704   512 14837 I sensors-hal: handle_indication_realtime:355,  SCHED_FIFO(10) for qmi_cbk
11-03 12:36:57.442564   512   512 I sensors-hal: batch:149, android.sensor.accelerometer/48, period=19231000, max_latency=100000000 request completed
11-03 12:36:57.443154   512   512 I sensors-hal: flush:169, android.sensor.accelerometer/48
11-03 12:36:57.451735   512 14835 I sensors-hal: handle_indication_realtime:355,  SCHED_FIFO(10) for qmi_cbk
11-03 12:36:57.452153   512   512 I sensors-hal: flush:175, android.sensor.accelerometer/48 completed
--------- switch to system
11-03 12:36:57.464521  1686  1686 V DreamService[AmbientDream]: wakeUp(): fromSystem=true, mWaking=false, mFinished=false
11-03 12:36:57.468840  1686  1686 V DreamService[AmbientDream]: finish(): mFinished=false
11-03 12:36:57.468949  1686  1686 I DreamManagerService: Leaving dreamland.
11-03 12:36:57.469454  1686  1708 I DreamManagerService: Performing gentle wake from dream.
11-03 12:36:57.469594  1686  1708 I DreamController: Stopping dream: name=ComponentInfo{com.google.android.wearable.ambient/com.google.android.wearable.ambient.AmbientDream}, isTest=false, canDoze=true, userId=0
--------- switch to main
11-03 12:36:57.473412  1686  1686 W AlarmManager: Unrecognized alarm listener com.android.server.job.controllers.-$$Lambda$IdleController$IdlenessTracker$nTdS-lGBXcES5VWKcJFmQFgU7IU@1ab437a
--------- switch to system
11-03 12:36:57.474934  1686  1686 V DreamService[AmbientDream]: detach(): Calling onDreamingStopped()
--------- switch to main
11-03 12:36:57.475087  1686  1686 I AmbientService: [ce6a28c] doOnDreamingStopped
11-03 12:36:57.475263  1686  1686 W AlarmManagerProxy: Removing unknown listener
11-03 12:36:57.478240  3205  3434 W WorkController: Loading failed for worker [trainingcache]: worker not found
11-03 12:36:57.480368  3205  3372 W A       : TrainingCache cache SCREEN_ON failure
11-03 12:36:57.480368  3205  3372 W A       : com.google.android.apps.gsa.search.core.service.h.a.a: No worker found for Worker ID [trainingcache].
11-03 12:36:57.480368  3205  3372 W A       : 	at com.google.android.apps.gsa.search.core.service.g.a.c.a(Unknown Source:5)
11-03 12:36:57.480368  3205  3372 W A       : 	at com.google.android.libraries.gsa.c.a.d.a(Unknown Source:3)
11-03 12:36:57.480368  3205  3372 W A       : 	at com.google.common.p.a.cg.c(Unknown Source:2)
11-03 12:36:57.480368  3205  3372 W A       : 	at com.google.common.p.a.bk.run(SourceFile:3)
11-03 12:36:57.480368  3205  3372 W A       : 	at com.google.common.p.a.ci.run(Unknown Source:4)
11-03 12:36:57.480368  3205  3372 W A       : 	at com.google.apps.tiktok.concurrent.ab.run(SourceFile:1)
11-03 12:36:57.480368  3205  3372 W A       : 	at java.util.concurrent.ThreadPoolExecutor.runWorker(ThreadPoolExecutor.java:1167)
11-03 12:36:57.480368  3205  3372 W A       : 	at java.util.concurrent.ThreadPoolExecutor$Worker.run(ThreadPoolExecutor.java:641)
11-03 12:36:57.480368  3205  3372 W A       : 	at com.google.apps.tiktok.concurrent.c.run(Unknown Source:4)
11-03 12:36:57.480368  3205  3372 W A       : 	at java.lang.Thread.run(Thread.java:764)
11-03 12:36:57.486907  2520  2520 D HOME    : [HomeVisitsLogger]Logging streamlet event: visit_start
11-03 12:36:57.487244  2520  2520 D HOME    : [HomeVisitsLogger]Logging streamlet event: exit_ambient_mode
11-03 12:36:57.487640  2520  2520 D HOME    : [HotwordController]updateClient MODE_WATCH_FACE false false false true
11-03 12:36:57.488656  2520  2520 D HOME    : [WatchFaceUiController]setInAmbientMode false
11-03 12:36:57.488750  2520  2520 D HOME    : [WatchFaceUiController]sendWatchFaceServiceBinder
11-03 12:36:57.494330  2520  2520 D HOME    : [WatchFaceUiController]sendStateToWallpaper
11-03 12:36:57.500484  2520  2520 D HOME    : [WatchFaceUiController]Showing watch face wallpaper.
11-03 12:36:57.500696  2520  2520 D HOME    : [WatchFaceUiController]sendStateToWallpaper
11-03 12:36:57.503796  2520  2520 D HOME    : [StreamDBQueue]Promised revision #5718 to queue a new op
11-03 12:36:57.504109  2520  2520 D WatchStreamManager: Promised rank-blocked=true @ r#5718
11-03 12:36:57.504562  2520  2520 D HOME    : [StreamDBQueue]Promised revision #5719 to queue a new op
11-03 12:36:57.504741  2520  2520 D WatchStreamManager: Promised rank-blocked=true @ r#5719
11-03 12:36:57.505409  2520  2520 D HOME    : [TilesController]Tile refresh optimization is enabled.
11-03 12:36:57.505811  2520  2520 D HOME    : [EventBus]Wrapper pool is full. Discarding excess wrapper instance for event com.google.android.clockwork.sysui.events.KeyguardStateEvent
11-03 12:36:57.505913  2520  2520 D HOME    : [WatchFaceUiController]sendStateToWallpaper
11-03 12:36:57.508236  2520  2520 D HOME    : [EventBus]Wrapper pool is full. Discarding excess wrapper instance for event com.google.android.clockwork.sysui.events.KeyguardStateEvent
11-03 12:36:57.508525  2520  2520 D HOME    : [EventBus]Wrapper pool is full. Discarding excess wrapper instance for event com.google.android.clockwork.sysui.events.KeyguardStateEvent
11-03 12:36:57.512939  2520 12958 D HOME    : [WatchStreamDB]Item alerting conditions - isInterruptive: true, recentlyInterrupted: false, isItemPinned: false, isUnread: false
11-03 12:36:57.513343  2520 12958 D HOME    : [StreamAlertingRegulator]isTheaterModeEnabled: false, isAlertingAllowedByOffBody: true, matchesLocalInterruptionFilter: true
11-03 12:36:57.513615  2520 12958 D HOME    : [WatchStreamDB]couldItemAlert: false, isTopItemChanged: false, isDeferralForTopItem: false
11-03 12:36:57.527516  2520  2520 D HOME    : [WatchFaceUiController]sendStateToWallpaper
11-03 12:36:57.532447  2520  2520 W StaticLayout: maxLineHeight should not be -1.  maxLines:1 lineCount:1
11-03 12:36:57.547400  1686  1686 I AmbientService: [ce6a28c] No auto-resume Activity.
--------- switch to system
11-03 12:36:57.549403  1686  1686 W ContextImpl: Calling a method in the system process without a qualified user: android.app.ContextImpl.sendBroadcast:1020 android.content.ContextWrapper.sendBroadcast:449 com.google.android.wearable.ambient.AmbientDream.onDestroy:273 android.app.ActivityThread.handleStopService:3698 android.app.ActivityThread.access$1700:200 
--------- switch to main
11-03 12:36:57.550122  1686  1686 E AlarmManager: cancel() called with a null PendingIntent
--------- switch to system
11-03 12:36:57.550466  1686  1686 V DreamService[AmbientDream]: onDestroy()
--------- switch to main
11-03 12:36:57.551493  2520 12958 D HOME    : [WatchStreamDB]Item alerting conditions - isInterruptive: true, recentlyInterrupted: false, isItemPinned: false, isUnread: false
11-03 12:36:57.608503  2520  2520 D HOME    : [WatchFaceUiController]sendWatchFaceServiceBinder
11-03 12:36:57.613754  2520  2520 D HOME    : [WatchFaceUiController]sendProperties
11-03 12:36:57.618770  2520  2520 D HOME    : [WatchFaceUiController]sendStateToWallpaper
11-03 12:36:57.653662  2520  2520 D HOME    : [StreamDBQueue]Promised revision #5720 to queue a new op
11-03 12:36:57.653863  2520  2520 D WatchStreamManager: Promised rank-blocked=true @ r#5720
11-03 12:36:57.654339  2520  2520 D HOME    : [StreamPreviewer]preview StreamItemId{notifKey=-1|android|51|null|1000, packageName=android, id=51} ambient=false screenOff=false onWatchface=true streamUsage=HUN_STREAM ambientPreviewEnabled=true
11-03 12:36:57.654408  2520  2520 D HOME    : [StreamPreviewer]HUN preview
11-03 12:36:57.663661  2520 12958 D HOME    : [StreamAlertingRegulator]isTheaterModeEnabled: false, isAlertingAllowedByOffBody: true, matchesLocalInterruptionFilter: true
11-03 12:36:57.664080  2520 12958 D HOME    : [WatchStreamDB]couldItemAlert: false, isTopItemChanged: false, isDeferralForTopItem: false
11-03 12:36:57.664975  2520 12958 D HOME    : [WatchStreamDB]Item alerting conditions - isInterruptive: true, recentlyInterrupted: false, isItemPinned: false, isUnread: false
11-03 12:36:57.665287  2520 12958 D HOME    : [StreamAlertingRegulator]isTheaterModeEnabled: false, isAlertingAllowedByOffBody: true, matchesLocalInterruptionFilter: true
11-03 12:36:57.677241  2520 14787 D HOME    : [BatteryChange]batteryHistory size: 20'
11-03 12:36:57.677435  2520 14787 D HOME    : [BatteryChange]timeDelta: 14117144
11-03 12:36:57.677566  2520 14787 D HOME    : [BatteryChange]levelDelta: 21
11-03 12:36:57.681301  2520 12958 D HOME    : [WatchStreamDB]couldItemAlert: false, isTopItemChanged: false, isDeferralForTopItem: false
11-03 12:36:57.940032   512   512 I sensors-hal: activate:107, android.sensor.light/46 en=0
11-03 12:36:57.941050   512   512 I sensors-hal: activate:118, android.sensor.light/46 en=0 completed
11-03 12:36:57.943802   512   512 I sensors-hal: batch:140, android.sensor.light/46, period=250000000, max_latency=0
11-03 12:36:57.943868   512   512 I sensors-hal: batch:149, android.sensor.light/46, period=250000000, max_latency=0 request completed
11-03 12:36:57.944315   512   512 I sensors-hal: activate:107, android.sensor.light/46 en=1
11-03 12:36:57.944576   512   512 I sensors-hal: ssc_enable_rt_task:254, ssc_enable_rt_task : true
11-03 12:36:57.950129   512   512 I sensors-hal: activate:118, android.sensor.light/46 en=1 completed
--------- switch to system
11-03 12:36:57.954727  1686  1686 V SettingsProvider: Notifying for 0: content://settings/system/screen_brightness
--------- switch to main
11-03 12:36:57.955926  1686  1686 I SidekickService: loadBrightnessLocked()
11-03 12:36:57.956546  1686  1686 D SidekickService: screenBrightness  = 59
11-03 12:36:57.959167  1686  1686 D SidekickService: sendConfigValuesLocked(): alsThresholds = [40, 92, 95, 100, 125, 150, 175, 200, 225, 250, 300, 400, 500, 800, 1200], brightnessValuesBright = [50, 56, 60, 70, 80, 90, 100, 115, 120, 140, 160, 180, 200, 220, 240, 255], brightnessValuesDim= [50, 56, 60, 70, 80, 90, 100, 115, 120, 140, 160, 180, 200, 220, 240, 255]
11-03 12:36:57.978696  1686  1686 D SidekickService: setAlsMode(): mode = 2, brightenAlpha = 80, dimmingAlpha = 80
11-03 12:36:57.986919  1686  1686 D SidekickService: setTwmConfig():: msTiltToBright = 10000, tiltToBright = false
11-03 12:36:58.066701   512 14846 I sensors-hal: handle_indication_realtime:355,  SCHED_FIFO(10) for qmi_cbk
11-03 12:37:00.005501  2520  2714 D HOME    : [TickMonitor]Received time tick
11-03 12:37:00.005735  2520  2714 D HOME    : [TickMonitor]handleTimeTick() finished
11-03 12:37:00.105348 10095 10150 W bt_sdp  : SDP - Rcvd conn cnf with error: 0x4  CID 0x4e
11-03 12:37:00.110235 10095 10133 D BluetoothHeadsetClientServiceJni: connection_state_cb: state 0 peer_feat 0 chld_feat 0
11-03 12:37:00.112046 10095 10133 E bt_btif : btif_hf_client_get_cb_by_bda: could not find block for bdaddr
11-03 12:37:00.112067 10095 10167 D HeadsetClientStateMachine: Enter Disconnected: 100
11-03 12:37:00.112172 10095 10133 E bt_btif : btif_hf_client_upstreams_evt: event 3 but not allocating block: cb not found
11-03 12:37:00.112886 10095 10133 I bt_btif_queue: queue_int_advance: removing connection request: address=14:3c:c3:ad:3d:53 UUID=111E busy=true
11-03 12:37:00.116347 10095 10095 D AdapterProperties: PROFILE_CONNECTION_STATE_CHANGE: profile=16, device=14:3C:C3:AD:3D:53, 1 -> 0
11-03 12:37:00.116779 10095 10095 D AdapterProperties: ADAPTER_CONNECTION_STATE_CHANGE: 14:3C:C3:AD:3D:53: 1 -> 0
11-03 12:37:00.117387  5603  5603 D BtTelecomReceiver: onReceive: Intent { act=android.bluetooth.headsetclient.profile.action.CONNECTION_STATE_CHANGED flg=0x10 cmp=com.google.android.apps.wearable.bluetooth/com.google.android.clockwork.hfp.BtTelecomBroadcastReceiver (has extras) }
11-03 12:37:00.117539  5603  5603 D BtTelecomReceiver: Hfp connection changed: -724754873 1 -> 0
11-03 12:37:00.129216  5603  5603 D HfpClientConnService: onCreate
11-03 12:37:00.130239  5603  5603 D HfpClientConnService: disabling HFP
11-03 12:37:00.130348  5603  5603 I HfpClientConnService: enable request:Enable Request - time:1635939420117 type:false reason:headset client disconnected
--------- switch to system
11-03 12:37:00.135606  1686  2895 W BroadcastQueue: Background execution not allowed: receiving Intent { act=android.bluetooth.adapter.action.CONNECTION_STATE_CHANGED flg=0x4000010 (has extras) } to com.google.android.gms/.chimera.GmsIntentOperationService$PersistentTrustedReceiver
--------- switch to main
11-03 12:37:00.139648  5603  5603 I HfpClientConnService: account already disabled
--------- switch to system
11-03 12:37:02.164009  1686  1712 I PowerManagerService: Going to sleep due to screen timeout (uid 1000)...
11-03 12:37:02.164948  1686  1712 I DreamManagerService: Entering dreamland.
11-03 12:37:02.165498  1686  1712 I PowerManagerService: Dozing...
11-03 12:37:02.166174  1686  1686 W UsageStatsService: Event reported without a package name
11-03 12:37:02.187031  1686  1708 I DreamController: Starting dream: name=ComponentInfo{com.google.android.wearable.ambient/com.google.android.wearable.ambient.AmbientDream}, isTest=false, canDoze=true, userId=0
11-03 12:37:02.208862  1686  1686 W ContextImpl: Calling a method in the system process without a qualified user: android.app.ContextImpl.bindService:1611 android.content.ContextWrapper.bindService:698 com.google.android.wearable.ambient.AmbientDream.onCreate:191 android.app.ActivityThread.handleCreateService:3533 android.app.ActivityThread.access$1300:200 
11-03 12:37:02.211161  1686  1686 W ContextImpl: Calling a method in the system process without a qualified user: android.app.ContextImpl.sendBroadcast:1005 android.content.ContextWrapper.sendBroadcast:444 com.google.android.wearable.ambient.AmbientDream.onCreate:241 android.app.ActivityThread.handleCreateService:3533 android.app.ActivityThread.access$1300:200 
11-03 12:37:02.211735  1686  1686 V DreamService[AmbientDream]: onBind() intent = Intent { act=android.service.dreams.DreamService flg=0x800000 cmp=com.google.android.wearable.ambient/.AmbientDream }
--------- switch to main
11-03 12:37:02.212914  1686  1686 I AmbientService: [ce6a28c] Ambient Created
--------- switch to system
11-03 12:37:02.221589  1686  1686 V DreamService[AmbientDream]: Calling onDreamingStarted()
--------- switch to main
11-03 12:37:02.221898  1686  1686 I AmbientService: [ce6a28c] doOnDreamingStarted
11-03 12:37:02.222442  1686  1686 D SidekickService: setShouldControlDisplay called: true
11-03 12:37:02.223350  1686  1686 I AmbientService: [ce6a28c] Selected running activity for ambient mode: AmbientActivity[component=ComponentInfo{com.google.android.wearable.app/com.google.android.clockwork.home2.activity.HomeActivity2}, callbacks=@210b385, running=true, ambientRequested=true, ambientEnabled=true, offloadEnabled=true]
11-03 12:37:02.223880  1686  1686 I AmbientService: [ce6a28c] Sidekick is ready to display, requesting doze.
11-03 12:37:02.224428  1686  1686 I AmbientService: [ce6a28c] No auto-resume Activity.
11-03 12:37:02.226518  1686  1686 W DefaultSettingsContentR: Value for ambient_low_bit_enabled not stored as number. Attempting parse as boolean.
11-03 12:37:02.228757  2520  2520 D HOME    : [HomeVisitsLogger]Logging streamlet event: enter_ambient_mode
11-03 12:37:02.229342  2520  2520 D HOME    : [HotwordController]updateClient MODE_WATCH_FACE false true false true
11-03 12:37:02.231365  1686  1686 I AmbientService: [ce6a28c] Showing watch face in offload mode, canceling alarm.
11-03 12:37:02.231492  1686  1686 W AlarmManagerProxy: Removing unknown listener
11-03 12:37:02.231606  1686  1686 D WristGestureCtrl: Stopping detectors: GesturesEnabled-false gestureDetector-false ungazeEnabled-true ungaze-true
11-03 12:37:02.231643  1686  1686 D DefaultUngazeDetector: stopping
11-03 12:37:02.232444   512  1749 I sensors-hal: batch:140, android.sensor.accelerometer/48, period=66667000, max_latency=100000000
11-03 12:37:02.234693   512  1749 I sensors-hal: batch:149, android.sensor.accelerometer/48, period=66667000, max_latency=100000000 request completed
11-03 12:37:02.249549  2520 14787 D HOME    : [HomeVisitsLogger]Logging streamlet event: visit_end
11-03 12:37:02.269091  2520  2520 D HOME    : [WatchFaceUiController]setInAmbientMode true
11-03 12:37:02.270842  2520  2520 D HOME    : [StreamDBQueue]Promised revision #5721 to queue a new op
11-03 12:37:02.271061  2520  2520 D WatchStreamManager: Promised rank-blocked=false @ r#5721
11-03 12:37:02.271387  2520  2520 D HOME    : [StreamDBQueue]Promised revision #5722 to queue a new op
11-03 12:37:02.271483  2520  2520 D WatchStreamManager: Promised rank-blocked=false @ r#5722
11-03 12:37:02.272774  2520 14535 D HOME    : [StreamDBQueue]Promised revision #5723 to queue a new op
11-03 12:37:02.272912  2520 14535 D WatchStreamManager: Promised rerank @ r#5723
11-03 12:37:02.272167  2520 14771 D HOME    : [WatchStreamDB]Item alerting conditions - isInterruptive: true, recentlyInterrupted: false, isItemPinned: false, isUnread: false
11-03 12:37:02.273321  2520 14771 D HOME    : [StreamAlertingRegulator]isTheaterModeEnabled: false, isAlertingAllowedByOffBody: true, matchesLocalInterruptionFilter: true
11-03 12:37:02.273540  2520 14771 D HOME    : [WatchStreamDB]couldItemAlert: false, isTopItemChanged: false, isDeferralForTopItem: false
11-03 12:37:02.274320  2520 14771 D HOME    : [WatchStreamDB]Item alerting conditions - isInterruptive: true, recentlyInterrupted: false, isItemPinned: false, isUnread: false
11-03 12:37:02.274595  2520 14771 D HOME    : [StreamAlertingRegulator]isTheaterModeEnabled: false, isAlertingAllowedByOffBody: true, matchesLocalInterruptionFilter: true
11-03 12:37:02.274772  2520 14771 D HOME    : [WatchStreamDB]couldItemAlert: false, isTopItemChanged: false, isDeferralForTopItem: false
11-03 12:37:02.275156  2520 14771 D HOME    : [WatchStreamDB]updateRanking()
11-03 12:37:02.275609  2520 14771 D HOME    : [WatchStreamDB]Item alerting conditions - isInterruptive: true, recentlyInterrupted: false, isItemPinned: false, isUnread: false
