11-02 20:36:33.405458  2520  2520 D HOME    : [StreamAdapter]setStreamItems, size 1
11-02 20:36:33.408503   512   512 I sensors-hal: batch:140, android.sensor.light/46, period=250000000, max_latency=0
11-02 20:36:33.408627   512   512 I sensors-hal: batch:149, android.sensor.light/46, period=250000000, max_latency=0 request completed
11-02 20:36:33.409582   512   512 I sensors-hal: activate:107, android.sensor.light/46 en=1
11-02 20:36:33.410521   512   512 I sensors-hal: ssc_enable_rt_task:254, ssc_enable_rt_task : true
11-02 20:36:33.414919   512   512 I sensors-hal: activate:118, android.sensor.light/46 en=1 completed
11-02 20:36:33.417825  2520  7212 D HOME    : [ComplicationController]scheduleImmediateUpdateForAllFromProvider ComponentInfo{com.google.android.wearable.app/com.google.android.clockwork.wcs.notification.complication.TopNotificationProviderService}
--------- switch to system
11-02 20:36:33.420558  1686  1686 V SettingsProvider: Notifying for 0: content://settings/system/screen_brightness
--------- switch to main
11-02 20:36:33.422483  1686  1686 I SidekickService: loadBrightnessLocked()
11-02 20:36:33.423149  1686  1686 D SidekickService: screenBrightness  = 50
11-02 20:36:33.423693  1686  1686 D SidekickService: sendConfigValuesLocked(): alsThresholds = [40, 92, 95, 100, 125, 150, 175, 200, 225, 250, 300, 400, 500, 800, 1200], brightnessValuesBright = [50, 56, 60, 70, 80, 90, 100, 115, 120, 140, 160, 180, 200, 220, 240, 255], brightnessValuesDim= [50, 56, 60, 70, 80, 90, 100, 115, 120, 140, 160, 180, 200, 220, 240, 255]
11-02 20:36:33.444056  1686  1686 D SidekickService: setAlsMode(): mode = 2, brightenAlpha = 80, dimmingAlpha = 80
11-02 20:36:33.453941  1686  1686 D SidekickService: setTwmConfig():: msTiltToBright = 10000, tiltToBright = false
11-02 20:36:33.505637   512  7479 I sensors-hal: handle_indication_realtime:355,  SCHED_FIFO(10) for qmi_cbk
--------- switch to system
11-02 20:36:35.474841  1686  1701 I UsageStatsService: User[0] Flushing usage stats to disk
--------- switch to main
11-02 20:36:35.797188  1686  1696 I system_server: Background concurrent copying GC freed 25918(1390KB) AllocSpace objects, 32(1312KB) LOS objects, 19% free, 9MB/12MB, paused 593us total 221.978ms
--------- switch to system
11-02 20:36:37.624457  1686  1712 I PowerManagerService: Going to sleep due to screen timeout (uid 1000)...
11-02 20:36:37.626190  1686  1712 I DreamManagerService: Entering dreamland.
11-02 20:36:37.626965  1686  1686 W UsageStatsService: Event reported without a package name
11-02 20:36:37.627427  1686  1712 I PowerManagerService: Dozing...
11-02 20:36:37.646306  1686  1708 I DreamController: Starting dream: name=ComponentInfo{com.google.android.wearable.ambient/com.google.android.wearable.ambient.AmbientDream}, isTest=false, canDoze=true, userId=0
11-02 20:36:37.668890  1686  1686 W ContextImpl: Calling a method in the system process without a qualified user: android.app.ContextImpl.bindService:1611 android.content.ContextWrapper.bindService:698 com.google.android.wearable.ambient.AmbientDream.onCreate:191 android.app.ActivityThread.handleCreateService:3533 android.app.ActivityThread.access$1300:200 
11-02 20:36:37.675413  1686  1686 W ContextImpl: Calling a method in the system process without a qualified user: android.app.ContextImpl.sendBroadcast:1005 android.content.ContextWrapper.sendBroadcast:444 com.google.android.wearable.ambient.AmbientDream.onCreate:241 android.app.ActivityThread.handleCreateService:3533 android.app.ActivityThread.access$1300:200 
11-02 20:36:37.676236  1686  1686 V DreamService[AmbientDream]: onBind() intent = Intent { act=android.service.dreams.DreamService flg=0x800000 cmp=com.google.android.wearable.ambient/.AmbientDream }
--------- switch to main
11-02 20:36:37.678370  1686  1686 I AmbientService: [ce6a28c] Ambient Created
--------- switch to system
11-02 20:36:37.679426  1686  1686 V DreamService[AmbientDream]: Calling onDreamingStarted()
--------- switch to main
11-02 20:36:37.679587  1686  1686 I AmbientService: [ce6a28c] doOnDreamingStarted
11-02 20:36:37.680137  1686  1686 D SidekickService: setShouldControlDisplay called: true
11-02 20:36:37.681512  1686  1686 I AmbientService: [ce6a28c] Selected running activity for ambient mode: AmbientActivity[component=ComponentInfo{com.google.android.wearable.app/com.google.android.clockwork.home2.activity.HomeActivity2}, callbacks=@210b385, running=true, ambientRequested=true, ambientEnabled=true, offloadEnabled=true]
11-02 20:36:37.682432  1686  1686 I AmbientService: [ce6a28c] Sidekick is ready to display, requesting doze.
11-02 20:36:37.683102  1686  1686 I AmbientService: [ce6a28c] No auto-resume Activity.
11-02 20:36:37.684716  1686  1686 W DefaultSettingsContentR: Value for ambient_low_bit_enabled not stored as number. Attempting parse as boolean.
11-02 20:36:37.688898  1686  1686 I AmbientService: [ce6a28c] Showing watch face in offload mode, canceling alarm.
11-02 20:36:37.688917  2520  2520 D HOME    : [HomeVisitsLogger]Logging streamlet event: enter_ambient_mode
11-02 20:36:37.689018  1686  1686 W AlarmManagerProxy: Removing unknown listener
11-02 20:36:37.689108  1686  1686 D WristGestureCtrl: Stopping detectors: GesturesEnabled-false gestureDetector-false ungazeEnabled-true ungaze-true
11-02 20:36:37.689141  1686  1686 D DefaultUngazeDetector: stopping
11-02 20:36:37.689537  2520  2520 D HOME    : [HotwordController]updateClient MODE_WATCH_FACE false true false true
11-02 20:36:37.689635  2520  7212 D HOME    : [HomeVisitsLogger]Logging streamlet event: visit_end
11-02 20:36:37.690749  2520  2520 D HOME    : [WatchFaceUiController]setInAmbientMode true
11-02 20:36:37.691403   512   512 I sensors-hal: batch:140, android.sensor.accelerometer/48, period=66667000, max_latency=100000000
11-02 20:36:37.692447  2520  7212 I SidekickManager: replaceWatchFaceComponentsImpl(): watchFace = com.google.android.clockwork.decomposablewatchface.WatchFaceDecomposition@1110ef
11-02 20:36:37.693336  1686  2015 D SidekickService: sendWatchFaceComponents called: watchFace = com.google.android.clockwork.decomposablewatchface.WatchFaceDecomposition@834ef6ashouldReplace = false
11-02 20:36:37.695356  2520  2520 D HOME    : [StreamDBQueue]Promised revision #1620 to queue a new op
11-02 20:36:37.695743  2520  2520 D WatchStreamManager: Promised rank-blocked=false @ r#1620
11-02 20:36:37.696539  2520  2520 D HOME    : [StreamDBQueue]Promised revision #1621 to queue a new op
11-02 20:36:37.696947  2520  2520 D WatchStreamManager: Promised rank-blocked=false @ r#1621
11-02 20:36:37.698059  2520  2520 D HOME    : [EventBus]Wrapper pool is full. Discarding excess wrapper instance for event com.google.android.clockwork.sysui.events.KeyguardStateEvent
11-02 20:36:37.698267  2520  2520 D HOME    : [WatchFaceUiController]sendStateToWallpaper
11-02 20:36:37.699501  2520  6840 D HOME    : [WatchStreamDB]Item alerting conditions - isInterruptive: true, recentlyInterrupted: false, isItemPinned: true, isUnread: false
11-02 20:36:37.699981  2520  6840 D HOME    : [StreamAlertingRegulator]isTheaterModeEnabled: false, isAlertingAllowedByOffBody: true, matchesLocalInterruptionFilter: true
11-02 20:36:37.700069  2520  2520 D HOME    : [EventBus]Wrapper pool is full. Discarding excess wrapper instance for event com.google.android.clockwork.sysui.events.KeyguardStateEvent
11-02 20:36:37.700231  2520  6840 D HOME    : [WatchStreamDB]couldItemAlert: false, isTopItemChanged: false, isDeferralForTopItem: false
11-02 20:36:37.700257  2520  2520 D HOME    : [EventBus]Wrapper pool is full. Discarding excess wrapper instance for event com.google.android.clockwork.sysui.events.KeyguardStateEvent
11-02 20:36:37.700888  2520  7411 D HOME    : [StreamDBQueue]Promised revision #1622 to queue a new op
11-02 20:36:37.701040  2520  7411 D WatchStreamManager: Promised rerank @ r#1622
11-02 20:36:37.701271  2520  6840 D HOME    : [WatchStreamDB]Item alerting conditions - isInterruptive: true, recentlyInterrupted: false, isItemPinned: true, isUnread: false
11-02 20:36:37.701608  2520  6840 D HOME    : [StreamAlertingRegulator]isTheaterModeEnabled: false, isAlertingAllowedByOffBody: true, matchesLocalInterruptionFilter: true
11-02 20:36:37.694581   512   512 I sensors-hal: batch:149, android.sensor.accelerometer/48, period=66667000, max_latency=100000000 request completed
11-02 20:36:37.702783  1686  2015 D SidekickService: Check decomposition for calling app com.google.android.wearable.app with uid 10049
11-02 20:36:37.703322  1686  2015 D SidekickService: sendWatchFaceLocked(): shouldReplace = false, mSidekickIsControlling = false, 1 images, 0 fonts, 0 numbers, 0 proportionalFonts, 0 strings
11-02 20:36:37.703388  1686  2015 D SidekickService: ISidekickGraphics#beginResources()...
11-02 20:36:37.704756  1686  2015 D SidekickServiceUtils: bitmapFromDrawable: Returning bitmap directly
11-02 20:36:37.706280  1686  2015 D SidekickService: sendBitmapsLocked(): bounds = RectF(0.0, 0.0, 0.0024038462, 0.0024038462), drawableInfo = {.id = 100000, .width = 1, .height = 1, .display = true, .offsetX = 0.0, .offsetY = 0.0, .rotationInfo = {.hasRotation = false, .pivotX = 0.0, .pivotY = 0.0, .degreesPerDay = 0.0, .degreesPerStep = 0.0, .zeroDegreesTime = {.daysSinceLocalEpoch = 0, .msSinceMidnight = 0}}, .transformInfo = {.transformed = false, .flipX = false, .flipY = false, .flip45 = false, .scaleX = 0.0, .scaleY = 0.0}, .type = GENERIC, .blink = {.blinking = false, .periodOnMs = 0.0, .periodOffMs = 0.0, .startTime = {.daysSinceLocalEpoch = 0, .msSinceMidnight = 0}}, .zOrder = 8, .displayInTwm = true}, image.size() = 84
11-02 20:36:37.707219  2520  2520 W StaticLayout: maxLineHeight should not be -1.  maxLines:1 lineCount:1
11-02 20:36:37.707379   416   416 D SKGHAL  : saveResource: resId = 100000
11-02 20:36:37.707375  2520  6840 D HOME    : [WatchStreamDB]couldItemAlert: false, isTopItemChanged: false, isDeferralForTopItem: false
11-02 20:36:37.707876  1686  2015 D SidekickService: sendBitmapsLocked(): status = 0, bytesUsed = 18
11-02 20:36:37.708018  2520  6840 D HOME    : [WatchStreamDB]updateRanking()
11-02 20:36:37.708083  1686  2015 D SidekickService: ISidekickGraphics#endResources()...
11-02 20:36:37.708693  2520  6840 D HOME    : [WatchStreamDB]Item alerting conditions - isInterruptive: true, recentlyInterrupted: false, isItemPinned: true, isUnread: false
11-02 20:36:37.709381  2520  6840 D HOME    : [StreamAlertingRegulator]isTheaterModeEnabled: false, isAlertingAllowedByOffBody: true, matchesLocalInterruptionFilter: true
11-02 20:36:37.709690  2520  6840 D HOME    : [WatchStreamDB]couldItemAlert: false, isTopItemChanged: false, isDeferralForTopItem: false
11-02 20:36:37.710586  2520  6840 D HOME    : [NewStreamAdapter]Publishing revision #1622 to adapter clients
11-02 20:36:37.711338  2520  7411 D HOME    : [StreamDBQueue]Promised revision #1623 to queue a new op
11-02 20:36:37.711651  2520  7411 D WatchStreamManager: Promised rerank @ r#1623
11-02 20:36:37.711944  2520  6840 D HOME    : [WatchStreamDB]updateRanking()
11-02 20:36:37.716225  2520  6840 D HOME    : [WatchStreamDB]Item alerting conditions - isInterruptive: true, recentlyInterrupted: false, isItemPinned: true, isUnread: false
11-02 20:36:37.720752  2520  6840 D HOME    : [StreamAlertingRegulator]isTheaterModeEnabled: false, isAlertingAllowedByOffBody: true, matchesLocalInterruptionFilter: true
11-02 20:36:37.721196  2520  6840 D HOME    : [WatchStreamDB]couldItemAlert: false, isTopItemChanged: false, isDeferralForTopItem: false
11-02 20:36:37.722518  2520  6840 D HOME    : [NewStreamAdapter]Publishing revision #1623 to adapter clients
11-02 20:36:37.731691   545   689 W SurfaceFlinger: Attempting to destroy on removed layer: 5337af1 OobeOverlayHint#0
11-02 20:36:37.928726   416   416 D SKGHAL  : sendResources: metadata size = 2400, font size = 72
11-02 20:36:37.989521   416   416 D SKGHAL  : endResources: rc = 0
11-02 20:36:37.991242  1686  1686 W system_server: Long monitor contention with owner Binder:1686_6 (2015) at int com.google.android.clockwork.sidekick.SidekickService$BinderService.sendWatchFace(com.google.android.clockwork.decomposablewatchface.WatchFaceDecomposition, boolean)(SidekickService.java:1021) waiters=0 in boolean com.google.android.clockwork.sidekick.SidekickService$BinderService.readyToDisplay() for 287ms
11-02 20:36:37.993055  2520  2520 D HOME    : [SidekickManagerAsync]replaceWatchFaceComponents(): Callback#onResult(): 0
11-02 20:36:37.993730  2520  2520 D HOME    : [WatchFaceUiController]Complication updates sent, posting watch face hiding
11-02 20:36:37.993860  2520  2520 D HOME    : [WatchFaceUiController]Still in ambient watch face, hiding
--------- switch to system
11-02 20:36:37.993849  1686  1686 W Looper  : Slow dispatch took 292ms main h=android.os.Handler c=com.google.android.wearable.ambient.AmbientDream$Callbacks$1@eac0cf8 m=0
--------- switch to main
11-02 20:36:37.993950  2520  2520 D HOME    : [WatchFaceUiController]Hiding watch face wallpaper.
--------- switch to system
11-02 20:36:37.999257  1686  1686 W Looper  : Slow delivery took 280ms main h=com.android.server.notification.NotificationManagerService$WorkerHandler c=com.android.server.notification.NotificationManagerService$14@d2a9836 m=0
--------- switch to kernel
11-02 20:36:33.052454     0     0 I CPU2    : update max cpu_capacity 1024
11-02 20:36:37.985230     0     0 E FG      : fg_psy_get_property: unsupported property 7
--------- switch to main
11-02 20:36:38.047677   512   512 I sensors-hal: activate:107, android.sensor.light/46 en=0
--------- switch to system
11-02 20:36:38.047801  1686  1686 V SettingsProvider: Notifying for 0: content://settings/system/screen_brightness
--------- switch to main
11-02 20:36:38.048718   512   512 I sensors-hal: activate:118, android.sensor.light/46 en=0 completed
--------- switch to kernel
11-02 20:36:38.001909     0     0 W healthd : battery l=63 v=3922 t=34.0 h=2 st=3 c=144 fc=443000 cc=0 chg=
--------- switch to main
11-02 20:36:38.051797  1686  1686 I SidekickService: loadBrightnessLocked()
11-02 20:36:38.052972  1686  1686 D SidekickService: screenBrightness  = 51
11-02 20:36:38.053490  1686  1686 D SidekickService: sendConfigValuesLocked(): alsThresholds = [40, 92, 95, 100, 125, 150, 175, 200, 225, 250, 300, 400, 500, 800, 1200], brightnessValuesBright = [50, 56, 60, 70, 80, 90, 100, 115, 120, 140, 160, 180, 200, 220, 240, 255], brightnessValuesDim= [50, 56, 60, 70, 80, 90, 100, 115, 120, 140, 160, 180, 200, 220, 240, 255]
11-02 20:36:38.053791  2520  2520 D HOME    : [StreamBackendInit]NotificationService onNotificationRemoved StatusBarNotification(pkg=android user=UserHandle{0} id=0 tag=com.android.server.wm.AlertWindowNotification - com.google.android.wearable.app key=0|android|0|com.android.server.wm.AlertWindowNotification - com.google.android.wearable.app|1000: Notification(channel=com.android.server.wm.AlertWindowNotification - com.google.android.wearable.app pri=0 contentView=null vibrate=null sound=null defaults=0x0 flags=0x102 color=0xff607d8b vis=PRIVATE))
11-02 20:36:38.054387  2520  2716 D CollectorHandler: handleMessage, event: ON_NOTIFICATION_REMOVED
11-02 20:36:38.054997  2520  2716 D HOME    : [StreamDBQueue]Promised revision #1624 to queue a new op
11-02 20:36:38.055566  2520  2716 D HOME    : [WatchStreamManager]Promised remove @ r#1624 for StreamItemIdAndRevision{notifKey=0|android|0|com.android.server.wm.AlertWindowNotification - com.google.android.wearable.app|1000, packageName=android, tag=com.android.server.wm.AlertWindowNotification - com.google.android.wearable.app, id=0, revision=0, originalRevision=0, updateCount=0} (@1623): SBN removed: StreamItemIdAndRevision{notifKey=0|android|0|com.android.server.wm.AlertWindowNotification - com.google.android.wearable.app|1000, packageName=android, tag=com.android.server.wm.AlertWindowNotification - com.google.android.wearable.app, id=0, revision=0, originalRevision=0, updateCount=0}
11-02 20:36:38.055562  2520  7212 D StreamDatabase: remove. itemId: StreamItemIdAndRevision{notifKey=0|android|0|com.android.server.wm.AlertWindowNotification - com.google.android.wearable.app|1000, packageName=android, tag=com.android.server.wm.AlertWindowNotification - com.google.android.wearable.app, id=0, revision=1619, originalRevision=1619, updateCount=0}
11-02 20:36:38.056066  2520  7212 D HOME    : [WatchStreamDB]Item alerting conditions - isInterruptive: true, recentlyInterrupted: false, isItemPinned: true, isUnread: false
11-02 20:36:38.056383  2520  7212 D HOME    : [StreamAlertingRegulator]isTheaterModeEnabled: false, isAlertingAllowedByOffBody: true, matchesLocalInterruptionFilter: true
11-02 20:36:38.056733  2520  7212 D HOME    : [WatchStreamDB]couldItemAlert: false, isTopItemChanged: false, isDeferralForTopItem: false
11-02 20:36:38.057158  2520  7212 D HOME    : [StreamAdapter]onStreamChange StreamChangeEvent[modified=0, removed=1, modifiedTop=0, removedTop=0, reorder=false, possibleAlertingItem=none]
11-02 20:36:38.057464  2520  7212 D HOME    : [StreamAdapter]onStreamChange StreamChangeEvent[modified=0, removed=1, modifiedTop=0, removedTop=0, reorder=false, possibleAlertingItem=none]
11-02 20:36:38.057901  2520  2520 D HOME    : [TopNotificationReceiver]Sending request to TopNotificationProviderService for complication update
11-02 20:36:38.058028  2520  7212 D HOME    : [NewStreamAdapter]Publishing revision #1624 to adapter clients
11-02 20:36:38.060576  2520  2520 D HOME    : [StreamAdapter]setStreamItems, size 1
11-02 20:36:38.061095  2520  2520 D HOME    : [StreamAdapter]setStreamItems, size 2
11-02 20:36:38.063643  2520  7212 D HOME    : [ComplicationController]scheduleImmediateUpdateForAllFromProvider ComponentInfo{com.google.android.wearable.app/com.google.android.clockwork.wcs.notification.complication.TopNotificationProviderService}
--------- switch to system
11-02 20:36:38.064221  1686  1710 I DisplayManagerService: Display device changed state: "Écran intégré", DOZE_SUSPEND
--------- switch to main
11-02 20:36:38.068310   545   545 D SurfaceFlinger: Set power mode=3, type=0 flinger=0xb6bb6000
11-02 20:36:38.068938   504   762 I SDM     : DisplayBase::SetDisplayState: Set state = 3, display 0
11-02 20:36:38.070369  1686  1686 D SidekickService: setAlsMode(): mode = 2, brightenAlpha = 80, dimmingAlpha = 80
11-02 20:36:38.080343  1686  1686 D SidekickService: setTwmConfig():: msTiltToBright = 10000, tiltToBright = false
--------- switch to system
11-02 20:36:38.080991  1686  1686 W Looper  : Drained
--------- switch to main
11-02 20:36:38.087740  1956  1956 D QtiCarrierConfigHelper: WARNING, no carrier configs on phone Id: 0
11-02 20:36:38.100433   545   545 D SurfaceFlinger: Finished set power mode=3, type=0
11-02 20:36:38.101099  1686  1823 I SidekickService: beginDisplayLocked(): DOZE_SUSPEND
11-02 20:36:38.105010  1686  1759 I InputReader: Reconfiguring input devices.  changes=0x00000004
11-02 20:36:38.105899   416  2389 D SKGHAL  : sendAmbientPrepare: enter:
--------- switch to kernel
11-02 20:36:38.027363     0     0 I mdss_dsi_panel_set_idle_mode: Idle (0->1)
11-02 20:36:38.056097     0     0 I         : [touch]FB_BLANK_VSYNC_SUSPEND
11-02 20:36:38.056103     0     0 I         : [touch]irq disable
11-02 20:36:38.056107     0     0 I         : [touch]workqueue is empty!
11-02 20:36:38.056110     0     0 I         : [touch]raydium_ts_do_suspend.
11-02 20:36:38.056118     0     0 I         : [touch]Device may wakeup
11-02 20:36:38.058389     0     0 I         : [touch]irq enable
--------- switch to main
11-02 20:36:38.111659  2520  2520 D HOME    : [WatchFaceUiController]sendStateToWallpaper
11-02 20:36:38.116901  2520  7212 D HOME    : [ComplicationController]scheduleImmediateUpdateForAllFromProvider ComponentInfo{com.google.android.wearable.app/com.google.android.clockwork.home.complications.providers.BatteryProviderService}
11-02 20:36:38.137789  2520  2520 D HOME    : [BatteryChange]action: android.intent.action.BATTERY_CHANGED
11-02 20:36:38.138227  2520  7212 D HOME    : [BatteryChange]HandleBatteryChangedTask
11-02 20:36:38.138654  2520  7212 D HOME    : [BatteryChange]level: 63, status: 3
11-02 20:36:38.140301  2520  7212 D HOME    : [BatteryChange]level: 63, timestamp: 1635881798139
11-02 20:36:38.245649   416  2389 D SKGHAL  : sendAmbientEvent: enter: enable = 1
11-02 20:36:38.247085   504   523 I SDM     : DisplayBase::SetDisplayState: Set state = 4, display 0
11-02 20:36:38.262553   504   523 D SDM     : HWCDisplayPrimary::SetStandByMode: Null display is connected successfully
11-02 20:36:38.262933   416  2389 D SKGHAL  : standBy_update_control call succeed on 1
11-02 20:36:38.274444   416  2389 D SKGHAL  : sendAmbientEvent: done: enable = 1
11-02 20:36:38.275052  1686  1823 D SidekickService:    ... beginDisplay result: 0 for halPower: 1
11-02 20:36:38.279082   512  1749 I sensors-hal: activate:107, android.sensor.accelerometer/48 en=0
11-02 20:36:38.281007   512  1749 I sensors-hal: activate:118, android.sensor.accelerometer/48 en=0 completed
--------- switch to kernel
11-02 20:36:38.242833     0     0 E bgrsb   : bgrsb_enable: gpio 32 is valid
--------- switch to main
11-02 20:36:38.288077  1686  1799 E WifiStateMachine: getWifiLinkLayerStats called without an interface
11-02 20:36:38.310337  1686  1686 I WearPower: [WearTouchMediator] changing touch input to enabled (ON_AUTO)
11-02 20:36:38.311839  1686  1759 I InputReader: Reconfiguring input devices.  changes=0x00000200
--------- switch to kernel
11-02 20:36:38.272978     0     0 I init    : processing action (ro.enable_core_ctl=true && sys.cw_corectl_mode=idle) from (/vendor/etc/init/hw/init.qcom.rc:949)
--------- switch to main
11-02 20:36:38.324243  1686  1686 I AmbientService: [ce6a28c] Timeout alarm not required, auto-resume timeout handled by dream.
11-02 20:36:38.341114  3205  3434 W WorkController: Loading failed for worker [trainingcache]: worker not found
11-02 20:36:38.342824  3205  3294 W A       : TrainingCache cache SCREEN_OFF failure
11-02 20:36:38.342824  3205  3294 W A       : com.google.android.apps.gsa.search.core.service.h.a.a: No worker found for Worker ID [trainingcache].
11-02 20:36:38.342824  3205  3294 W A       : 	at com.google.android.apps.gsa.search.core.service.g.a.c.a(Unknown Source:5)
11-02 20:36:38.342824  3205  3294 W A       : 	at com.google.android.libraries.gsa.c.a.d.a(Unknown Source:3)
11-02 20:36:38.342824  3205  3294 W A       : 	at com.google.common.p.a.cg.c(Unknown Source:2)
11-02 20:36:38.342824  3205  3294 W A       : 	at com.google.common.p.a.bk.run(SourceFile:3)
11-02 20:36:38.342824  3205  3294 W A       : 	at com.google.common.p.a.ci.run(Unknown Source:4)
11-02 20:36:38.342824  3205  3294 W A       : 	at com.google.apps.tiktok.concurrent.ab.run(SourceFile:1)
11-02 20:36:38.342824  3205  3294 W A       : 	at java.util.concurrent.ThreadPoolExecutor.runWorker(ThreadPoolExecutor.java:1167)
11-02 20:36:38.342824  3205  3294 W A       : 	at java.util.concurrent.ThreadPoolExecutor$Worker.run(ThreadPoolExecutor.java:641)
11-02 20:36:38.342824  3205  3294 W A       : 	at com.google.apps.tiktok.concurrent.c.run(Unknown Source:4)
11-02 20:36:38.342824  3205  3294 W A       : 	at java.lang.Thread.run(Thread.java:764)
11-02 20:36:38.360102  2520  2520 D HOME    : [StreamDBQueue]Promised revision #1625 to queue a new op
11-02 20:36:38.360487  2520  2520 D WatchStreamManager: Promised rank-blocked=false @ r#1625
11-02 20:36:38.360756  2520  2520 D HOME    : [CompactHunStarter]detachWindow()
11-02 20:36:38.362012  2520  7212 D HOME    : [WatchStreamDB]Item alerting conditions - isInterruptive: true, recentlyInterrupted: false, isItemPinned: true, isUnread: false
11-02 20:36:38.362049  2520  6840 D HOME    : [StreamDBQueue]Promised revision #1626 to queue a new op
11-02 20:36:38.362197  2520  6840 D WatchStreamManager: Promised rerank @ r#1626
--------- switch to kernel
11-02 20:36:38.364744     0     0 I PM      : suspend entry 2021-11-02 19:36:38.364744136 UTC
11-02 20:36:38.364756     0     0 I PM      : Syncing filesystems ...
11-02 20:36:38.366749     0     0 I CPU3    : update max cpu_capacity 1024
--------- switch to main
11-02 20:36:38.368171  2520  7212 D HOME    : [StreamAlertingRegulator]isTheaterModeEnabled: false, isAlertingAllowedByOffBody: true, matchesLocalInterruptionFilter: true
11-02 20:36:38.368540  2520  7212 D HOME    : [WatchStreamDB]couldItemAlert: false, isTopItemChanged: false, isDeferralForTopItem: false
11-02 20:36:38.369110  2520  7212 D HOME    : [WatchStreamDB]updateRanking()
11-02 20:36:38.369680  2520  7212 D HOME    : [WatchStreamDB]Item alerting conditions - isInterruptive: true, recentlyInterrupted: false, isItemPinned: true, isUnread: false
11-02 20:36:38.369992  2520  7212 D HOME    : [StreamAlertingRegulator]isTheaterModeEnabled: false, isAlertingAllowedByOffBody: true, matchesLocalInterruptionFilter: true
11-02 20:36:38.370240  2520  7212 D HOME    : [WatchStreamDB]couldItemAlert: false, isTopItemChanged: false, isDeferralForTopItem: false
11-02 20:36:38.370876  2520  7212 D HOME    : [NewStreamAdapter]Publishing revision #1626 to adapter clients
--------- switch to kernel
11-02 20:36:38.399256     0     0 I CPU2    : shutdown
11-02 20:36:38.401749     0     0 I init    : Command 'write /sys/devices/system/cpu/cpu2/online 0' action=ro.enable_core_ctl=true && sys.cw_corectl_mode=idle (/vendor/etc/init/hw/init.qcom.rc:951) took 86ms and succeeded
11-02 20:36:38.423886     0     0 I         : done.
11-02 20:36:38.451881     0     0 I CPU3    : shutdown
11-02 20:36:38.453784     0     0 I         : Freezing user space processes ...
11-02 20:36:38.459661     0     0 I CPU0    : update max cpu_capacity 748
11-02 20:36:38.460182     0     0 I PM      : Wakeup pending, aborting suspend
11-02 20:36:38.460239     0     0 I         : active wakeup source: NETLINK
11-02 20:36:38.460294     0     0 E         : Freezing of tasks aborted after 0.006 seconds
11-02 20:36:38.460310     0     0 I         : Restarting tasks ...
11-02 20:36:38.460993     0     0 W QSEECOM : qseecom_receive_req: Interrupted: exiting Listener Service = 12288
11-02 20:36:38.461056     0     0 W QSEECOM : qseecom_receive_req: Interrupted: exiting Listener Service = 11
11-02 20:36:38.461095     0     0 W QSEECOM : qseecom_receive_req: Interrupted: exiting Listener Service = 10
11-02 20:36:38.461132     0     0 W QSEECOM : qseecom_receive_req: Interrupted: exiting Listener Service = 28672
11-02 20:36:38.461177     0     0 W QSEECOM : qseecom_receive_req: Interrupted: exiting Listener Service = 8192
11-02 20:36:38.466394     0     0 I         : done.
11-02 20:36:38.467433     0     0 I PM      : suspend exit 2021-11-02 19:36:38.467433094 UTC
11-02 20:36:38.469144     0     0 I init    : Command 'write /sys/devices/system/cpu/cpu3/online 0' action=ro.enable_core_ctl=true && sys.cw_corectl_mode=idle (/vendor/etc/init/hw/init.qcom.rc:952) took 67ms and succeeded
11-02 20:36:38.671498     0     0 I PM      : suspend entry 2021-11-02 19:36:38.671498458 UTC
11-02 20:36:38.671518     0     0 I PM      : Syncing filesystems ... done.
11-02 20:36:38.704169     0     0 I         : Freezing user space processes ... (elapsed 0.011 seconds) done.
11-02 20:36:38.715942     0     0 I         : Freezing remaining freezable tasks ... (elapsed 0.006 seconds) done.
11-02 20:36:38.722456     0     0 I         : Suspending console(s) (use no_console_suspend to debug)
11-02 20:36:38.738519     0     0 I mdss_dsi_panel_set_idle_mode: Idle (1->1)
11-02 20:36:38.782864     0     0 I bgcom   : bgcom_pm_suspend: suspended with : 0
11-02 20:36:38.820822     0     0 I PM      : suspend of devices complete after 94.527 msecs
11-02 20:36:38.827438     0     0 I PM      : late suspend of devices complete after 6.568 msecs
11-02 20:36:38.833492     0     0 I PM      : noirq suspend of devices complete after 6.016 msecs
11-02 20:36:38.833508     0     0 I         : Disabling non-boot CPUs ...
11-02 20:36:38.857979     0     0 W         : IRQ21 no longer affine to CPU1
11-02 20:36:38.860010     0     0 I CPU1    : shutdown
11-02 20:36:38.862494     0     0 I suspend ns: 1239754368610	suspend cycles:     255094981164
11-02 20:36:38.862470     0     0 I CPU0    : msm_cpu_pm_enter_sleep mode:3 during suspend
11-02 20:36:38.862470     0     0 I         : Suspended for 22.098 seconds
11-02 20:36:38.862470     0     0 I resume cycles: 255519268532
11-02 20:36:38.862907     0     0 I         : Enabling non-boot CPUs ...
11-02 20:36:38.863765     0     0 I CPU1    : update cpu_capacity 1024
11-02 20:36:38.865507     0     0 I         : CPU1 is up
11-02 20:36:38.866451     0     0 I CPU1    : update max cpu_capacity 748
11-02 20:36:38.869656     0     0 I PM      : noirq resume of devices complete after 3.723 msecs
11-02 20:36:38.875799     0     0 I PM      : early resume of devices complete after 4.184 msecs
11-02 20:36:38.914269     0     0 I bgcom   : bgcom_pm_resume: Bgcom resumed with : 0
11-02 20:36:38.925545     0     0 I mdss_dsi_panel_set_idle_mode: Idle (1->1)
11-02 20:36:38.961693     0     0 I PM      : resume of devices complete after 85.849 msecs
11-02 20:36:38.966198     0     0 I         : Restarting tasks ...
11-02 20:36:38.969228     0     0 W QSEECOM : qseecom_receive_req: Interrupted: exiting Listener Service = 8192
11-02 20:36:38.969321     0     0 W QSEECOM : qseecom_receive_req: Interrupted: exiting Listener Service = 12288
11-02 20:36:38.969380     0     0 W QSEECOM : qseecom_receive_req: Interrupted: exiting Listener Service = 10
11-02 20:36:38.976933     0     0 W QSEECOM : qseecom_receive_req: Interrupted: exiting Listener Service = 11
11-02 20:36:38.977038     0     0 W QSEECOM : qseecom_receive_req: Interrupted: exiting Listener Service = 28672
--------- switch to main
11-02 20:37:01.093291  2520  2714 D HOME    : [TickMonitor]Received time tick
--------- switch to kernel
11-02 20:36:38.989067     0     0 I         : done.
11-02 20:37:01.088467     0     0 I PM      : suspend exit 2021-11-02 19:37:01.088467512 UTC
--------- switch to main
11-02 20:37:01.094576  2520  2714 D HOME    : [TickMonitor]handleTimeTick() finished
--------- switch to kernel
11-02 20:37:01.190276     0     0 I PM      : suspend entry 2021-11-02 19:37:01.190276731 UTC
11-02 20:37:01.190298     0     0 I PM      : Syncing filesystems ... done.
11-02 20:37:01.299563     0     0 I         : Freezing user space processes ... (elapsed 0.006 seconds) done.
11-02 20:37:01.305960     0     0 I         : Freezing remaining freezable tasks ... (elapsed 0.003 seconds) done.
11-02 20:37:01.309928     0     0 I         : Suspending console(s) (use no_console_suspend to debug)
11-02 20:37:01.322708     0     0 I mdss_dsi_panel_set_idle_mode: Idle (1->1)
11-02 20:37:01.360024     0     0 I bgcom   : bgcom_pm_suspend: suspended with : 0
11-02 20:37:01.396064     0     0 I PM      : suspend of devices complete after 83.922 msecs
11-02 20:37:01.401440     0     0 I PM      : late suspend of devices complete after 5.330 msecs
11-02 20:37:01.407204     0     0 I PM      : noirq suspend of devices complete after 5.724 msecs
11-02 20:37:01.407218     0     0 I         : Disabling non-boot CPUs ...
11-02 20:37:01.427753     0     0 I CPU1    : shutdown
11-02 20:37:01.429797     0     0 I suspend ns: 1240223376632	suspend cycles:     255528273486
11-02 20:37:01.429774     0     0 I CPU0    : msm_cpu_pm_enter_sleep mode:3 during suspend
11-02 20:37:01.429774     0     0 I         : Suspended for 1.385 seconds
11-02 20:37:01.429774     0     0 I resume cycles: 255554876828
11-02 20:37:01.430315     0     0 I         : Enabling non-boot CPUs ...
11-02 20:37:01.431144     0     0 I CPU1    : update cpu_capacity 1024
11-02 20:37:01.432568     0     0 I         : CPU1 is up
11-02 20:37:01.434588     0     0 I CPU1    : update max cpu_capacity 748
11-02 20:37:01.436414     0     0 I PM      : noirq resume of devices complete after 3.510 msecs
11-02 20:37:01.441578     0     0 I PM      : early resume of devices complete after 3.704 msecs
11-02 20:37:01.471018     0     0 I bgcom   : bgcom_pm_resume: Bgcom resumed with : 0
11-02 20:37:01.480938     0     0 I mdss_dsi_panel_set_idle_mode: Idle (1->1)
11-02 20:37:01.518881     0     0 I PM      : resume of devices complete after 77.258 msecs
11-02 20:37:01.523082     0     0 I         : Restarting tasks ...
11-02 20:37:01.527151     0     0 W QSEECOM : qseecom_receive_req: Interrupted: exiting Listener Service = 8192
11-02 20:37:01.527239     0     0 W QSEECOM : qseecom_receive_req: Interrupted: exiting Listener Service = 12288
11-02 20:37:01.527284     0     0 W QSEECOM : qseecom_receive_req: Interrupted: exiting Listener Service = 10
11-02 20:37:01.532207     0     0 W QSEECOM : qseecom_receive_req: Interrupted: exiting Listener Service = 11
--------- switch to system
11-02 20:37:02.924149  1686  1686 I PowerManagerService: Waking up from dozing (uid=1000 reason=tiltToWake)...
11-02 20:37:02.933555  1686  1686 W UsageStatsService: Event reported without a package name
--------- switch to kernel
11-02 20:37:01.532293     0     0 W QSEECOM : qseecom_receive_req: Interrupted: exiting Listener Service = 28672
11-02 20:37:01.536222     0     0 I         : done.
11-02 20:37:02.923913     0     0 I PM      : suspend exit 2021-11-02 19:37:02.923913449 UTC
11-02 20:37:02.949738     0     0 E FG      : fg_psy_get_property: unsupported property 7
11-02 20:37:02.911110     0     0 W healthd : battery l=63 v=3985 t=34.0 h=2 st=3 c=9 fc=443000 cc=0 chg=
--------- switch to main
11-02 20:37:02.981376   512  1749 I sensors-hal: batch:140, android.sensor.light/46, period=100000000, max_latency=0
11-02 20:37:02.981552   512  1749 I sensors-hal: batch:149, android.sensor.light/46, period=100000000, max_latency=0 request completed
11-02 20:37:02.986384   512  1749 I sensors-hal: activate:107, android.sensor.light/46 en=1
11-02 20:37:02.987242   512  1749 I sensors-hal: ssc_enable_rt_task:254, ssc_enable_rt_task : true
11-02 20:37:02.992733   512  1749 I sensors-hal: activate:118, android.sensor.light/46 en=1 completed
11-02 20:37:02.995218  1686  1823 I SidekickService: endDisplayLocked()
--------- switch to system
11-02 20:37:02.995652  1686  1710 I DisplayManagerService: Display device changed state: "Écran intégré", ON
--------- switch to main
11-02 20:37:02.996072   416  2389 D SKGHAL  : sendAmbientEvent: enter: enable = 0
11-02 20:37:03.014436   512  1749 I sensors-hal: batch:140, android.sensor.accelerometer/48, period=66667000, max_latency=100000000
11-02 20:37:03.014574   512  1749 I sensors-hal: batch:149, android.sensor.accelerometer/48, period=66667000, max_latency=100000000 request completed
11-02 20:37:03.015046   512  1749 I sensors-hal: activate:107, android.sensor.accelerometer/48 en=1
11-02 20:37:03.015680   512  1749 I sensors-hal: ssc_enable_rt_task:254, ssc_enable_rt_task : true
11-02 20:37:03.031177  1686  1759 I InputReader: Reconfiguring input devices.  changes=0x00000004
11-02 20:37:03.039746  4243  4243 D OMService: onDisplayChanged: not dozing
11-02 20:37:03.046123   512  1749 I sensors-hal: activate:118, android.sensor.accelerometer/48 en=1 completed
11-02 20:37:03.055030  1956  1956 D QtiCarrierConfigHelper: WARNING, no carrier configs on phone Id: 0
11-02 20:37:03.057877  2520  2520 D HOME    : [BatteryChange]action: android.intent.action.BATTERY_CHANGED
11-02 20:37:03.058917  2520  7411 D HOME    : [BatteryChange]HandleBatteryChangedTask
11-02 20:37:03.059587  2520  7411 D HOME    : [BatteryChange]level: 63, status: 3
--------- switch to kernel
11-02 20:37:03.014219     0     0 E bgrsb   : bgrsb_enable: rsb will set report rate
11-02 20:37:03.025143     0     0 E bgrsb   : bgrsb_enable: gpio 32 is valid
--------- switch to main
11-02 20:37:03.076693  1686  1799 E WifiStateMachine: getWifiLinkLayerStats called without an interface
11-02 20:37:03.091260  3205  3434 W WorkController: Loading failed for worker [trainingcache]: worker not found
11-02 20:37:03.094234  3205  3372 W A       : TrainingCache cache DEVICE_UNLOCKED failure
11-02 20:37:03.094234  3205  3372 W A       : com.google.android.apps.gsa.search.core.service.h.a.a: No worker found for Worker ID [trainingcache].
11-02 20:37:03.094234  3205  3372 W A       : 	at com.google.android.apps.gsa.search.core.service.g.a.c.a(Unknown Source:5)
11-02 20:37:03.094234  3205  3372 W A       : 	at com.google.android.libraries.gsa.c.a.d.a(Unknown Source:3)
11-02 20:37:03.094234  3205  3372 W A       : 	at com.google.common.p.a.cg.c(Unknown Source:2)
11-02 20:37:03.094234  3205  3372 W A       : 	at com.google.common.p.a.bk.run(SourceFile:3)
11-02 20:37:03.094234  3205  3372 W A       : 	at com.google.common.p.a.ci.run(Unknown Source:4)
11-02 20:37:03.094234  3205  3372 W A       : 	at com.google.apps.tiktok.concurrent.ab.run(SourceFile:1)
11-02 20:37:03.094234  3205  3372 W A       : 	at java.util.concurrent.ThreadPoolExecutor.runWorker(ThreadPoolExecutor.java:1167)
11-02 20:37:03.094234  3205  3372 W A       : 	at java.util.concurrent.ThreadPoolExecutor$Worker.run(ThreadPoolExecutor.java:641)
11-02 20:37:03.094234  3205  3372 W A       : 	at com.google.apps.tiktok.concurrent.c.run(Unknown Source:4)
11-02 20:37:03.094234  3205  3372 W A       : 	at java.lang.Thread.run(Thread.java:764)
--------- switch to system
11-02 20:37:03.095261  1686  1702 W BroadcastQueue: Background execution not allowed: receiving Intent { act=android.intent.action.USER_PRESENT flg=0x10 } to com.google.android.gms/.auth.setup.devicesignals.LockScreenReceiver
11-02 20:37:03.101701  1686  1702 W BroadcastQueue: Background execution not allowed: receiving Intent { act=android.intent.action.USER_PRESENT flg=0x10 } to com.google.android.gms/.chimera.GmsIntentOperationService$PersistentTrustedReceiver
--------- switch to main
11-02 20:37:03.101654   512  7483 I sensors-hal: handle_indication_realtime:355,  SCHED_FIFO(10) for qmi_cbk
11-02 20:37:03.108064   504   523 I SDM     : DisplayBase::SetDisplayState: Set state = 3, display 0
11-02 20:37:03.108386   504   523 D SDM     : HWCDisplayPrimary::SetStandByMode: Display is connected successfully
--------- switch to kernel
11-02 20:37:03.066391     0     0 I         : [touch]FB_BLANK_VSYNC_SUSPEND
11-02 20:37:03.066398     0     0 I         : [touch]Already in suspend state
11-02 20:37:03.081982     0     0 I mdss_dsi_panel_set_idle_mode: Idle (1->0)
11-02 20:37:03.083201     0     0 E mdp3_enable_panic_ctrl: mdp3_enable_panic_ctrl: Enable Panic Control
11-02 20:37:03.083325     0     0 I         : [touch]FB_BLANK_UNBLANK
11-02 20:37:03.083332     0     0 I         : [touch]raydium_ts_do_resume, 1.
11-02 20:37:03.083890     0     0 I         : [ raydium ]workqueue is empty!
11-02 20:37:03.083913     0     0 I raydium_ts 5-0039: [touch]Already enable irq
11-02 20:37:03.083917     0     0 I         : [touch]Device may wakeup
--------- switch to main
11-02 20:37:03.113257   416  2389 D SKGHAL  : standBy_update_control call succeed on 0
11-02 20:37:03.113521   416  2389 D SKGHAL  : sendAmbientEvent: done: enable = 0
11-02 20:37:03.114518  1686  1823 D SidekickService:    ... endDisplay returns void
11-02 20:37:03.115752   545   545 D SurfaceFlinger: Set power mode=2, type=0 flinger=0xb6bb6000
11-02 20:37:03.116374   504   761 I SDM     : DisplayBase::SetDisplayState: Set state = 1, display 0
11-02 20:37:03.126902   545   545 D SurfaceFlinger: Finished set power mode=2, type=0
--------- switch to system
11-02 20:37:03.134919  1686  1712 W PowerManagerService: Screen on took 330 ms
11-02 20:37:03.135342  1686  1712 I DreamManagerService: Gently waking up from dream.
11-02 20:37:03.135722  1686  1708 I DreamManagerService: Performing gentle wake from dream.
11-02 20:37:03.163122  1686  1686 V DreamService[AmbientDream]: wakeUp(): fromSystem=true, mWaking=false, mFinished=false
11-02 20:37:03.163410  1686  1686 V DreamService[AmbientDream]: finish(): mFinished=false
11-02 20:37:03.163546  1686  1686 I DreamManagerService: Leaving dreamland.
11-02 20:37:03.165726  1686  1708 I DreamManagerService: Performing gentle wake from dream.
11-02 20:37:03.166059  1686  1708 I DreamController: Stopping dream: name=ComponentInfo{com.google.android.wearable.ambient/com.google.android.wearable.ambient.AmbientDream}, isTest=false, canDoze=true, userId=0
--------- switch to main
11-02 20:37:03.193247  1686  1686 W AlarmManager: Unrecognized alarm listener com.android.server.job.controllers.-$$Lambda$IdleController$IdlenessTracker$nTdS-lGBXcES5VWKcJFmQFgU7IU@1ab437a
--------- switch to system
11-02 20:37:03.200026  1686  1686 V DreamService[AmbientDream]: detach(): Calling onDreamingStopped()
--------- switch to main
11-02 20:37:03.200630  1686  1686 I AmbientService: [ce6a28c] doOnDreamingStopped
11-02 20:37:03.200769  1686  1686 D WristGestureCtrl: Starting: GesturesEnabled-false UngazeEnabled-true
11-02 20:37:03.200835  1686  1686 D DefaultUngazeDetector: starting
11-02 20:37:03.200964  1686  1686 D DefaultUngazeDetector: startUngazeStateEstimation(). startTime = 13302631
11-02 20:37:03.201364  1686  1686 W AlarmManagerProxy: Removing unknown listener
11-02 20:37:03.201576   512  7485 I sensors-hal: handle_indication_realtime:355,  SCHED_FIFO(10) for qmi_cbk
11-02 20:37:03.205022  1686  1686 I AmbientService: [ce6a28c] No auto-resume Activity.
11-02 20:37:03.205591   512  1749 I sensors-hal: batch:140, android.sensor.accelerometer/48, period=19231000, max_latency=100000000
11-02 20:37:03.209889   512  1749 I sensors-hal: batch:149, android.sensor.accelerometer/48, period=19231000, max_latency=100000000 request completed
11-02 20:37:03.210951   512  1749 I sensors-hal: flush:169, android.sensor.accelerometer/48
11-02 20:37:03.213239   512  1749 I sensors-hal: flush:175, android.sensor.accelerometer/48 completed
11-02 20:37:03.223164  2520  2520 D HOME    : [HomeVisitsLogger]Logging streamlet event: visit_start
11-02 20:37:03.223691  2520  2520 D HOME    : [HomeVisitsLogger]Logging streamlet event: exit_ambient_mode
11-02 20:37:03.224297  2520  2520 D HOME    : [HotwordController]updateClient MODE_WATCH_FACE false false false true
--------- switch to system
11-02 20:37:03.224590  1686  1686 W ContextImpl: Calling a method in the system process without a qualified user: android.app.ContextImpl.sendBroadcast:1020 android.content.ContextWrapper.sendBroadcast:449 com.google.android.wearable.ambient.AmbientDream.onDestroy:273 android.app.ActivityThread.handleStopService:3698 android.app.ActivityThread.access$1700:200 
--------- switch to main
11-02 20:37:03.224857  2520  2520 D HOME    : [AmbientUpdateScheduler]Unscheduling task 0
11-02 20:37:03.227554  2520  2520 D HOME    : [WatchFaceUiController]setInAmbientMode false
11-02 20:37:03.227708  2520  2520 D HOME    : [WatchFaceUiController]sendWatchFaceServiceBinder
11-02 20:37:03.236429  2520  2520 D HOME    : [WatchFaceUiController]sendStateToWallpaper
11-02 20:37:03.238954  2520  2520 D HOME    : [WatchFaceUiController]Showing watch face wallpaper.
11-02 20:37:03.239263  2520  2520 D HOME    : [WatchFaceUiController]sendStateToWallpaper
11-02 20:37:03.255550  1686  1686 E AlarmManager: cancel() called with a null PendingIntent
--------- switch to system
11-02 20:37:03.256182  1686  1686 V DreamService[AmbientDream]: onDestroy()
--------- switch to main
11-02 20:37:03.260685  1686  1686 I WearPower: [WearTouchMediator] changing touch input to enabled (ON_AUTO)
11-02 20:37:03.273820  2520  2520 D HOME    : [StreamDBQueue]Promised revision #1627 to queue a new op
11-02 20:37:03.274170  2520  2520 D WatchStreamManager: Promised rank-blocked=true @ r#1627
11-02 20:37:03.274638  2520  2520 D HOME    : [StreamDBQueue]Promised revision #1628 to queue a new op
11-02 20:37:03.274881  2520  2520 D WatchStreamManager: Promised rank-blocked=true @ r#1628
11-02 20:37:03.275597  2520  2520 D HOME    : [TilesController]Tile refresh optimization is enabled.
11-02 20:37:03.276034  2520  2520 D HOME    : [EventBus]Wrapper pool is full. Discarding excess wrapper instance for event com.google.android.clockwork.sysui.events.KeyguardStateEvent
11-02 20:37:03.276133  2520  2520 D HOME    : [WatchFaceUiController]sendStateToWallpaper
11-02 20:37:03.278178  2520  2520 D HOME    : [EventBus]Wrapper pool is full. Discarding excess wrapper instance for event com.google.android.clockwork.sysui.events.KeyguardStateEvent
11-02 20:37:03.278548  2520  2520 D HOME    : [EventBus]Wrapper pool is full. Discarding excess wrapper instance for event com.google.android.clockwork.sysui.events.KeyguardStateEvent
11-02 20:37:03.284901  2520  2520 D HOME    : [WatchFaceUiController]sendStateToWallpaper
11-02 20:37:03.295373  2520  2520 W StaticLayout: maxLineHeight should not be -1.  maxLines:1 lineCount:1
11-02 20:37:03.307932  2520  6840 D HOME    : [WatchStreamDB]Item alerting conditions - isInterruptive: true, recentlyInterrupted: false, isItemPinned: true, isUnread: false
--------- switch to kernel
11-02 20:37:03.281296     0     0 I init    : processing action (ro.enable_core_ctl=true && sys.cw_corectl_mode=perf) from (/vendor/etc/init/hw/init.qcom.rc:954)
11-02 20:37:03.282940     0     0 I CPU2    : update cpu_capacity 1024
--------- switch to main
11-02 20:37:03.316852  1686  1759 I InputReader: Reconfiguring input devices.  changes=0x00000200
11-02 20:37:03.345689  2520  4718 W OpenGLRenderer: Incorrectly called buildLayer on View: HardwareButtonHintOverlayView, destroying layer...
11-02 20:37:03.352246  2520  6840 D HOME    : [StreamAlertingRegulator]isTheaterModeEnabled: false, isAlertingAllowedByOffBody: true, matchesLocalInterruptionFilter: true
11-02 20:37:03.356013  2520  6840 D HOME    : [WatchStreamDB]couldItemAlert: false, isTopItemChanged: false, isDeferralForTopItem: false
11-02 20:37:03.360320  1686  1686 W AlarmManagerProxy: Removing unknown listener
11-02 20:37:03.363116  1686  1686 W DefaultSettingsContentR: Value for ambient_low_bit_enabled not stored as number. Attempting parse as boolean.
11-02 20:37:03.375080  2520  6840 D HOME    : [WatchStreamDB]Item alerting conditions - isInterruptive: true, recentlyInterrupted: false, isItemPinned: true, isUnread: false
--------- switch to kernel
11-02 20:37:03.318097     0     0 I CPU3    : update cpu_capacity 1024
11-02 20:37:03.325000     0     0 I CPU2    : update max cpu_capacity 1024
--------- switch to main
11-02 20:37:03.388600  2520  2520 D HOME    : [WatchFaceUiController]sendWatchFaceServiceBinder
11-02 20:37:03.392914  3205  3434 W WorkController: Loading failed for worker [trainingcache]: worker not found
11-02 20:37:03.394395  2520  2520 D HOME    : [WatchFaceUiController]sendProperties
11-02 20:37:03.396820  2520  2520 D HOME    : [WatchFaceUiController]sendStateToWallpaper
11-02 20:37:03.399893  3205  3294 W A       : TrainingCache cache SCREEN_ON failure
11-02 20:37:03.399893  3205  3294 W A       : com.google.android.apps.gsa.search.core.service.h.a.a: No worker found for Worker ID [trainingcache].
11-02 20:37:03.399893  3205  3294 W A       : 	at com.google.android.apps.gsa.search.core.service.g.a.c.a(Unknown Source:5)
11-02 20:37:03.399893  3205  3294 W A       : 	at com.google.android.libraries.gsa.c.a.d.a(Unknown Source:3)
11-02 20:37:03.399893  3205  3294 W A       : 	at com.google.common.p.a.cg.c(Unknown Source:2)
11-02 20:37:03.399893  3205  3294 W A       : 	at com.google.common.p.a.bk.run(SourceFile:3)
11-02 20:37:03.399893  3205  3294 W A       : 	at com.google.common.p.a.ci.run(Unknown Source:4)
11-02 20:37:03.399893  3205  3294 W A       : 	at com.google.apps.tiktok.concurrent.ab.run(SourceFile:1)
11-02 20:37:03.399893  3205  3294 W A       : 	at java.util.concurrent.ThreadPoolExecutor.runWorker(ThreadPoolExecutor.java:1167)
11-02 20:37:03.399893  3205  3294 W A       : 	at java.util.concurrent.ThreadPoolExecutor$Worker.run(ThreadPoolExecutor.java:641)
11-02 20:37:03.399893  3205  3294 W A       : 	at com.google.apps.tiktok.concurrent.c.run(Unknown Source:4)
11-02 20:37:03.399893  3205  3294 W A       : 	at java.lang.Thread.run(Thread.java:764)
11-02 20:37:03.407143  2520  6840 D HOME    : [StreamAlertingRegulator]isTheaterModeEnabled: false, isAlertingAllowedByOffBody: true, matchesLocalInterruptionFilter: true
11-02 20:37:03.407609  2520  6840 D HOME    : [WatchStreamDB]couldItemAlert: false, isTopItemChanged: false, isDeferralForTopItem: false
--------- switch to kernel
11-02 20:37:03.360961     0     0 I CPU3    : update max cpu_capacity 1024
--------- switch to main
11-02 20:37:03.429950  2520  2520 D HOME    : [StreamDBQueue]Promised revision #1629 to queue a new op
11-02 20:37:03.430378  2520  2520 D WatchStreamManager: Promised rank-blocked=true @ r#1629
11-02 20:37:03.431145  2520  7411 D HOME    : [WatchStreamDB]Item alerting conditions - isInterruptive: true, recentlyInterrupted: false, isItemPinned: true, isUnread: false
11-02 20:37:03.431521  2520  7411 D HOME    : [StreamAlertingRegulator]isTheaterModeEnabled: false, isAlertingAllowedByOffBody: true, matchesLocalInterruptionFilter: true
11-02 20:37:03.431797  2520  7411 D HOME    : [WatchStreamDB]couldItemAlert: false, isTopItemChanged: false, isDeferralForTopItem: false
11-02 20:37:03.479851  2520  2520 D HOME    : [StreamBackendInit]NotificationService onNotificationPosted StatusBarNotification(pkg=android user=UserHandle{0} id=0 tag=com.android.server.wm.AlertWindowNotification - com.google.android.wearable.app key=0|android|0|com.android.server.wm.AlertWindowNotification - com.google.android.wearable.app|1000: Notification(channel=com.android.server.wm.AlertWindowNotification - com.google.android.wearable.app pri=0 contentView=null vibrate=null sound=null defaults=0x0 flags=0x102 color=0xff607d8b vis=PRIVATE))
11-02 20:37:03.480794  2520  2716 D CollectorHandler: handleMessage, event: ON_NOTIFICATION_POSTED_WITH_RANKING
