11-02 21:09:39.246191     0     0 I CPU3    : update cpu_capacity 1024
11-02 21:09:39.266943     0     0 I CPU1    : update max cpu_capacity 748
--------- switch to main
11-02 21:09:39.343693  3205  3434 W WorkController: Loading failed for worker [trainingcache]: worker not found
11-02 21:09:39.347245  3205  3294 W A       : TrainingCache cache SCREEN_ON failure
11-02 21:09:39.347245  3205  3294 W A       : com.google.android.apps.gsa.search.core.service.h.a.a: No worker found for Worker ID [trainingcache].
11-02 21:09:39.347245  3205  3294 W A       : 	at com.google.android.apps.gsa.search.core.service.g.a.c.a(Unknown Source:5)
11-02 21:09:39.347245  3205  3294 W A       : 	at com.google.android.libraries.gsa.c.a.d.a(Unknown Source:3)
11-02 21:09:39.347245  3205  3294 W A       : 	at com.google.common.p.a.cg.c(Unknown Source:2)
11-02 21:09:39.347245  3205  3294 W A       : 	at com.google.common.p.a.bk.run(SourceFile:3)
11-02 21:09:39.347245  3205  3294 W A       : 	at com.google.common.p.a.ci.run(Unknown Source:4)
11-02 21:09:39.347245  3205  3294 W A       : 	at com.google.apps.tiktok.concurrent.ab.run(SourceFile:1)
11-02 21:09:39.347245  3205  3294 W A       : 	at java.util.concurrent.ThreadPoolExecutor.runWorker(ThreadPoolExecutor.java:1167)
11-02 21:09:39.347245  3205  3294 W A       : 	at java.util.concurrent.ThreadPoolExecutor$Worker.run(ThreadPoolExecutor.java:641)
11-02 21:09:39.347245  3205  3294 W A       : 	at com.google.apps.tiktok.concurrent.c.run(Unknown Source:4)
11-02 21:09:39.347245  3205  3294 W A       : 	at java.lang.Thread.run(Thread.java:764)
--------- switch to kernel
11-02 21:09:39.282620     0     0 I CPU2    : update max cpu_capacity 1024
--------- switch to main
11-02 21:09:39.382285  2520  2520 D HOME    : [StreamDBQueue]Promised revision #2036 to queue a new op
11-02 21:09:39.382640  2520  2520 D WatchStreamManager: Promised rank-blocked=true @ r#2036
11-02 21:09:39.384328  2520  8232 D HOME    : [WatchStreamDB]Item alerting conditions - isInterruptive: false, recentlyInterrupted: false, isItemPinned: false, isUnread: false
11-02 21:09:39.384718  2520  8232 D HOME    : [StreamAlertingRegulator]isTheaterModeEnabled: false, isAlertingAllowedByOffBody: true, matchesLocalInterruptionFilter: true
11-02 21:09:39.384979  2520  8232 D HOME    : [WatchStreamDB]couldItemAlert: false, isTopItemChanged: false, isDeferralForTopItem: false
11-02 21:09:39.501807  1686  1696 I system_server: Background concurrent copying GC freed 34688(2035KB) AllocSpace objects, 23(764KB) LOS objects, 19% free, 10MB/12MB, paused 521us total 668.218ms
11-02 21:09:39.602922   512   512 I sensors-hal: activate:107, android.sensor.light/46 en=0
11-02 21:09:39.610176   512   512 I sensors-hal: activate:118, android.sensor.light/46 en=0 completed
11-02 21:09:39.610601  3316  3328 I .gms.persisten: Background concurrent copying GC freed 46827(2MB) AllocSpace objects, 2(104KB) LOS objects, 24% free, 7MB/10MB, paused 239us total 206.439ms
11-02 21:09:39.615861   512   512 I sensors-hal: batch:140, android.sensor.light/46, period=250000000, max_latency=0
11-02 21:09:39.616031   512   512 I sensors-hal: batch:149, android.sensor.light/46, period=250000000, max_latency=0 request completed
11-02 21:09:39.617437   512   512 I sensors-hal: activate:107, android.sensor.light/46 en=1
11-02 21:09:39.618184   512   512 I sensors-hal: ssc_enable_rt_task:254, ssc_enable_rt_task : true
11-02 21:09:39.620508   512   512 I sensors-hal: activate:118, android.sensor.light/46 en=1 completed
--------- switch to system
11-02 21:09:39.627206  1686  1686 V SettingsProvider: Notifying for 0: content://settings/system/screen_brightness
--------- switch to main
11-02 21:09:39.629666  1686  1686 I SidekickService: loadBrightnessLocked()
11-02 21:09:39.630406  1686  1686 D SidekickService: screenBrightness  = 50
11-02 21:09:39.630996  1686  1686 D SidekickService: sendConfigValuesLocked(): alsThresholds = [40, 92, 95, 100, 125, 150, 175, 200, 225, 250, 300, 400, 500, 800, 1200], brightnessValuesBright = [50, 56, 60, 70, 80, 90, 100, 115, 120, 140, 160, 180, 200, 220, 240, 255], brightnessValuesDim= [50, 56, 60, 70, 80, 90, 100, 115, 120, 140, 160, 180, 200, 220, 240, 255]
11-02 21:09:39.647858  1686  1686 D SidekickService: setAlsMode(): mode = 2, brightenAlpha = 80, dimmingAlpha = 80
11-02 21:09:39.657217  1686  1686 D SidekickService: setTwmConfig():: msTiltToBright = 10000, tiltToBright = false
11-02 21:09:39.691759   512  8260 I sensors-hal: handle_indication_realtime:355,  SCHED_FIFO(10) for qmi_cbk
11-02 21:09:40.178374  1686  1686 D HandsFreeClientShard: Connecting HandsFree client profile (retry).
11-02 21:09:40.181273  1686  1686 D BluetoothHeadsetClient: disconnect(14:3C:C3:AD:3D:53)
11-02 21:09:40.184307  1686  1686 D BluetoothHeadsetClient: connect(14:3C:C3:AD:3D:53)
11-02 21:09:40.190920  1829  2096 D HeadsetClientStateMachine: Disconnected process message: 1
11-02 21:09:40.191964  1829  2027 I bt_btif_queue: queue_int_add: adding connection request: address=14:3c:c3:ad:3d:53 UUID=111E busy=false
11-02 21:09:40.192217  1829  2027 I bt_btif_queue: btif_queue_connect_next: executing connection request: address=14:3c:c3:ad:3d:53 UUID=111E busy=false
11-02 21:09:40.192298  1829  2027 E bt_btif : is_connected: not connected!
11-02 21:09:40.192396  1829  2027 W bt_btif : bta_hf_client_find_cb_by_bda: bdaddr mismatch for handle 0 alloc 0
11-02 21:09:40.192446  1829  2027 W bt_btif : bta_hf_client_find_cb_by_bda: bdaddr mismatch for handle 1 alloc 0
11-02 21:09:40.192486  1829  2027 W bt_btif : bta_hf_client_find_cb_by_bda: bdaddr mismatch for handle 2 alloc 0
11-02 21:09:40.192523  1829  2027 W bt_btif : bta_hf_client_find_cb_by_bda: bdaddr mismatch for handle 3 alloc 0
11-02 21:09:40.192553  1829  2027 W bt_btif : bta_hf_client_find_cb_by_bda: bdaddr mismatch for handle 4 alloc 0
11-02 21:09:40.192580  1829  2027 W bt_btif : bta_hf_client_find_cb_by_bda: bdaddr mismatch for handle 5 alloc 0
11-02 21:09:40.192602  1829  2027 W bt_btif : bta_hf_client_find_cb_by_bda: bdaddr mismatch for handle 6 alloc 0
11-02 21:09:40.192631  1829  2027 W bt_btif : bta_hf_client_find_cb_by_bda: bdaddr mismatch for handle 7 alloc 0
11-02 21:09:40.192653  1829  2027 W bt_btif : bta_hf_client_find_cb_by_bda: bdaddr mismatch for handle 8 alloc 0
11-02 21:09:40.192676  1829  2027 W bt_btif : bta_hf_client_find_cb_by_bda: bdaddr mismatch for handle 9 alloc 0
11-02 21:09:40.192698  1829  2027 E bt_btif : bta_hf_client_find_cb_by_bda: block not found
11-02 21:09:40.195847  1829  1829 D AdapterProperties: PROFILE_CONNECTION_STATE_CHANGE: profile=16, device=14:3C:C3:AD:3D:53, 0 -> 1
11-02 21:09:40.197310  1829  1829 D AdapterProperties: ADAPTER_CONNECTION_STATE_CHANGE: 14:3C:C3:AD:3D:53: 0 -> 1
11-02 21:09:40.198062  5603  5603 D BtTelecomReceiver: onReceive: Intent { act=android.bluetooth.headsetclient.profile.action.CONNECTION_STATE_CHANGED flg=0x10 cmp=com.google.android.apps.wearable.bluetooth/com.google.android.clockwork.hfp.BtTelecomBroadcastReceiver (has extras) }
11-02 21:09:40.198303  5603  5603 D BtTelecomReceiver: Hfp connection changed: -724754873 0 -> 1
--------- switch to system
11-02 21:09:40.199634  1686  2468 W BroadcastQueue: Background execution not allowed: receiving Intent { act=android.bluetooth.adapter.action.CONNECTION_STATE_CHANGED flg=0x4000010 (has extras) } to com.google.android.gms/.chimera.GmsIntentOperationService$PersistentTrustedReceiver
--------- switch to main
11-02 21:09:40.218252   512   512 I sensors-hal: batch:140, android.sensor.accelerometer/48, period=66667000, max_latency=100000000
11-02 21:09:40.220346   512   512 I sensors-hal: batch:149, android.sensor.accelerometer/48, period=66667000, max_latency=100000000 request completed
11-02 21:09:40.220995  1686  1686 D DefaultUngazeDetector: Ungaze event occurred; emitting gesture event!
11-02 21:09:40.221133  1686  1686 D WristGestureCtrl: Gesture:GESTURE UNGAZE, timestamp(ms): 15258601, confidence: 0.0, latency(ms): 0, duration(ms): 1050
11-02 21:09:40.222431   512   512 I sensors-hal: batch:140, android.sensor.accelerometer/48, period=19231000, max_latency=100000000
--------- switch to system
11-02 21:09:40.224630  1686  1686 I WindowManager: sleepRelease() calling goToSleep(GO_TO_SLEEP_REASON_SLEEP_BUTTON)
--------- switch to main
11-02 21:09:40.224827   512   512 I sensors-hal: batch:149, android.sensor.accelerometer/48, period=19231000, max_latency=100000000 request completed
--------- switch to system
11-02 21:09:40.225171  1686  1686 I PowerManagerService: Going to sleep due to sleep button (uid 1000)...
--------- switch to main
11-02 21:09:40.225605   512   512 I sensors-hal: flush:169, android.sensor.accelerometer/48
--------- switch to system
11-02 21:09:40.226815  1686  1686 W UsageStatsService: Event reported without a package name
11-02 21:09:40.227103  1686  1712 I DreamManagerService: Entering dreamland.
--------- switch to main
11-02 21:09:40.231491   512   512 I sensors-hal: flush:175, android.sensor.accelerometer/48 completed
--------- switch to system
11-02 21:09:40.233789  1686  1712 I PowerManagerService: Dozing...
11-02 21:09:40.243456  1686  1708 I DreamController: Starting dream: name=ComponentInfo{com.google.android.wearable.ambient/com.google.android.wearable.ambient.AmbientDream}, isTest=false, canDoze=true, userId=0
11-02 21:09:40.259962  1686  1686 W ContextImpl: Calling a method in the system process without a qualified user: android.app.ContextImpl.bindService:1611 android.content.ContextWrapper.bindService:698 com.google.android.wearable.ambient.AmbientDream.onCreate:191 android.app.ActivityThread.handleCreateService:3533 android.app.ActivityThread.access$1300:200 
11-02 21:09:40.262623  1686  1686 W ContextImpl: Calling a method in the system process without a qualified user: android.app.ContextImpl.sendBroadcast:1005 android.content.ContextWrapper.sendBroadcast:444 com.google.android.wearable.ambient.AmbientDream.onCreate:241 android.app.ActivityThread.handleCreateService:3533 android.app.ActivityThread.access$1300:200 
11-02 21:09:40.263451  1686  1686 V DreamService[AmbientDream]: onBind() intent = Intent { act=android.service.dreams.DreamService flg=0x800000 cmp=com.google.android.wearable.ambient/.AmbientDream }
--------- switch to main
11-02 21:09:40.264524  1686  1686 I AmbientService: [ce6a28c] Ambient Created
--------- switch to system
11-02 21:09:40.265231  1686  1686 V DreamService[AmbientDream]: Calling onDreamingStarted()
--------- switch to main
11-02 21:09:40.265349  1686  1686 I AmbientService: [ce6a28c] doOnDreamingStarted
11-02 21:09:40.265760  1686  1686 D SidekickService: setShouldControlDisplay called: true
11-02 21:09:40.266662  1686  1686 I AmbientService: [ce6a28c] Selected running activity for ambient mode: AmbientActivity[component=ComponentInfo{com.google.android.wearable.app/com.google.android.clockwork.home2.activity.HomeActivity2}, callbacks=@210b385, running=true, ambientRequested=true, ambientEnabled=true, offloadEnabled=true]
11-02 21:09:40.267631  1686  1686 I AmbientService: [ce6a28c] Sidekick is ready to display, requesting doze.
11-02 21:09:40.268186  1686  1686 I AmbientService: [ce6a28c] No auto-resume Activity.
11-02 21:09:40.269848  1686  1686 W DefaultSettingsContentR: Value for ambient_low_bit_enabled not stored as number. Attempting parse as boolean.
11-02 21:09:40.271491  2520  2520 D HOME    : [HomeVisitsLogger]Logging streamlet event: enter_ambient_mode
11-02 21:09:40.272107  2520  2520 D HOME    : [HotwordController]updateClient MODE_WATCH_FACE false true false true
11-02 21:09:40.273462  2520  2520 D HOME    : [WatchFaceUiController]setInAmbientMode true
11-02 21:09:40.274219  2520  8232 I SidekickManager: replaceWatchFaceComponentsImpl(): watchFace = com.google.android.clockwork.decomposablewatchface.WatchFaceDecomposition@4e2ec78
11-02 21:09:40.275019  1686  1686 I AmbientService: [ce6a28c] Showing watch face in offload mode, canceling alarm.
11-02 21:09:40.275120  1686  1686 W AlarmManagerProxy: Removing unknown listener
11-02 21:09:40.275236  1686  1686 D WristGestureCtrl: Stopping detectors: GesturesEnabled-false gestureDetector-false ungazeEnabled-true ungaze-true
11-02 21:09:40.275277  1686  1686 D DefaultUngazeDetector: stopping
11-02 21:09:40.275359  2520  2520 D HOME    : [StreamDBQueue]Promised revision #2037 to queue a new op
11-02 21:09:40.275606  2520  2520 D WatchStreamManager: Promised rank-blocked=false @ r#2037
11-02 21:09:40.276141  2520  2520 D HOME    : [StreamDBQueue]Promised revision #2038 to queue a new op
11-02 21:09:40.276316  2520  2520 D WatchStreamManager: Promised rank-blocked=false @ r#2038
11-02 21:09:40.276334   512   512 I sensors-hal: batch:140, android.sensor.accelerometer/48, period=66667000, max_latency=100000000
11-02 21:09:40.277356  2520  2520 D HOME    : [EventBus]Wrapper pool is full. Discarding excess wrapper instance for event com.google.android.clockwork.sysui.events.KeyguardStateEvent
11-02 21:09:40.277471  2520  7938 D HOME    : [WatchStreamDB]Item alerting conditions - isInterruptive: false, recentlyInterrupted: false, isItemPinned: false, isUnread: false
11-02 21:09:40.277523  2520  2520 D HOME    : [WatchFaceUiController]sendStateToWallpaper
11-02 21:09:40.278656  2520  7941 D HOME    : [StreamDBQueue]Promised revision #2039 to queue a new op
11-02 21:09:40.278711   512   512 I sensors-hal: batch:149, android.sensor.accelerometer/48, period=66667000, max_latency=100000000 request completed
11-02 21:09:40.278826  2520  7941 D WatchStreamManager: Promised rerank @ r#2039
11-02 21:09:40.279483  2520  2520 D HOME    : [EventBus]Wrapper pool is full. Discarding excess wrapper instance for event com.google.android.clockwork.sysui.events.KeyguardStateEvent
11-02 21:09:40.279788  2520  8131 D HOME    : [HomeVisitsLogger]Logging streamlet event: visit_end
11-02 21:09:40.279794  2520  7938 D HOME    : [StreamAlertingRegulator]isTheaterModeEnabled: false, isAlertingAllowedByOffBody: true, matchesLocalInterruptionFilter: true
11-02 21:09:40.279791  2520  2520 D HOME    : [EventBus]Wrapper pool is full. Discarding excess wrapper instance for event com.google.android.clockwork.sysui.events.KeyguardStateEvent
11-02 21:09:40.281730  1686  7908 D SidekickService: sendWatchFaceComponents called: watchFace = com.google.android.clockwork.decomposablewatchface.WatchFaceDecomposition@689866shouldReplace = false
11-02 21:09:40.281820  2520  7938 D HOME    : [WatchStreamDB]couldItemAlert: false, isTopItemChanged: false, isDeferralForTopItem: false
11-02 21:09:40.281967  1686  7908 D SidekickService: Check decomposition for calling app com.google.android.wearable.app with uid 10049
11-02 21:09:40.282817  1686  7908 D SidekickService: sendWatchFaceLocked(): shouldReplace = false, mSidekickIsControlling = false, 1 images, 0 fonts, 0 numbers, 0 proportionalFonts, 0 strings
11-02 21:09:40.282903  1686  7908 D SidekickService: ISidekickGraphics#beginResources()...
11-02 21:09:40.284110  1686  7908 D SidekickServiceUtils: bitmapFromDrawable: Returning bitmap directly
11-02 21:09:40.284588  2520  7938 D HOME    : [WatchStreamDB]Item alerting conditions - isInterruptive: false, recentlyInterrupted: false, isItemPinned: false, isUnread: false
11-02 21:09:40.284999  2520  7938 D HOME    : [StreamAlertingRegulator]isTheaterModeEnabled: false, isAlertingAllowedByOffBody: true, matchesLocalInterruptionFilter: true
11-02 21:09:40.285262  2520  7938 D HOME    : [WatchStreamDB]couldItemAlert: false, isTopItemChanged: false, isDeferralForTopItem: false
11-02 21:09:40.286123  2520  7938 D HOME    : [WatchStreamDB]updateRanking()
11-02 21:09:40.286903  2520  7938 D HOME    : [WatchStreamDB]Item alerting conditions - isInterruptive: false, recentlyInterrupted: false, isItemPinned: false, isUnread: false
11-02 21:09:40.287817  2520  7938 D HOME    : [StreamAlertingRegulator]isTheaterModeEnabled: false, isAlertingAllowedByOffBody: true, matchesLocalInterruptionFilter: true
11-02 21:09:40.288363  1686  7908 D SidekickService: sendBitmapsLocked(): bounds = RectF(0.0, 0.0, 0.0024038462, 0.0024038462), drawableInfo = {.id = 100000, .width = 1, .height = 1, .display = true, .offsetX = 0.0, .offsetY = 0.0, .rotationInfo = {.hasRotation = false, .pivotX = 0.0, .pivotY = 0.0, .degreesPerDay = 0.0, .degreesPerStep = 0.0, .zeroDegreesTime = {.daysSinceLocalEpoch = 0, .msSinceMidnight = 0}}, .transformInfo = {.transformed = false, .flipX = false, .flipY = false, .flip45 = false, .scaleX = 0.0, .scaleY = 0.0}, .type = GENERIC, .blink = {.blinking = false, .periodOnMs = 0.0, .periodOffMs = 0.0, .startTime = {.daysSinceLocalEpoch = 0, .msSinceMidnight = 0}}, .zOrder = 8, .displayInTwm = true}, image.size() = 84
11-02 21:09:40.288560  2520  7938 D HOME    : [WatchStreamDB]couldItemAlert: false, isTopItemChanged: false, isDeferralForTopItem: false
11-02 21:09:40.290022   416  2389 D SKGHAL  : saveResource: resId = 100000
11-02 21:09:40.290045  2520  7938 D HOME    : [NewStreamAdapter]Publishing revision #2039 to adapter clients
11-02 21:09:40.290969  1686  7908 D SidekickService: sendBitmapsLocked(): status = 0, bytesUsed = 18
11-02 21:09:40.291258  1686  7908 D SidekickService: ISidekickGraphics#endResources()...
11-02 21:09:40.293624  2520  2520 W StaticLayout: maxLineHeight should not be -1.  maxLines:1 lineCount:1
11-02 21:09:40.294200  2520  7941 D HOME    : [StreamDBQueue]Promised revision #2040 to queue a new op
11-02 21:09:40.294441  2520  7941 D WatchStreamManager: Promised rerank @ r#2040
11-02 21:09:40.294795  2520  8231 D HOME    : [WatchStreamDB]updateRanking()
11-02 21:09:40.299620  2520  8231 D HOME    : [WatchStreamDB]Item alerting conditions - isInterruptive: false, recentlyInterrupted: false, isItemPinned: false, isUnread: false
11-02 21:09:40.301329  2520  8231 D HOME    : [StreamAlertingRegulator]isTheaterModeEnabled: false, isAlertingAllowedByOffBody: true, matchesLocalInterruptionFilter: true
11-02 21:09:40.301760  2520  8231 D HOME    : [WatchStreamDB]couldItemAlert: false, isTopItemChanged: false, isDeferralForTopItem: false
11-02 21:09:40.302530  2520  8231 D HOME    : [NewStreamAdapter]Publishing revision #2040 to adapter clients
11-02 21:09:40.783554   416  2389 D SKGHAL  : sendResources: metadata size = 2400, font size = 72
11-02 21:09:40.841676   416  2389 D SKGHAL  : endResources: rc = 0
11-02 21:09:40.842979  1686  1686 W system_server: Long monitor contention with owner Binder:1686_1A (7908) at int com.google.android.clockwork.sidekick.SidekickService$BinderService.sendWatchFace(com.google.android.clockwork.decomposablewatchface.WatchFaceDecomposition, boolean)(SidekickService.java:1021) waiters=0 in boolean com.google.android.clockwork.sidekick.SidekickService$BinderService.readyToDisplay() for 560ms
11-02 21:09:40.844326  2520  2520 D HOME    : [SidekickManagerAsync]replaceWatchFaceComponents(): Callback#onResult(): 0
--------- switch to system
11-02 21:09:40.844568  1686  1686 W Looper  : Slow dispatch took 563ms main h=android.os.Handler c=com.google.android.wearable.ambient.AmbientDream$Callbacks$1@fdc27a7 m=0
--------- switch to main
11-02 21:09:40.844761  2520  2520 D HOME    : [WatchFaceUiController]Complication updates sent, posting watch face hiding
11-02 21:09:40.845095  2520  2520 D HOME    : [WatchFaceUiController]Still in ambient watch face, hiding
11-02 21:09:40.845192  2520  2520 D HOME    : [WatchFaceUiController]Hiding watch face wallpaper.
--------- switch to kernel
11-02 21:09:40.807064     0     0 E FG      : fg_psy_get_property: unsupported property 7
--------- switch to main
11-02 21:09:40.871814  1956  1956 D QtiCarrierConfigHelper: WARNING, no carrier configs on phone Id: 0
--------- switch to kernel
11-02 21:09:40.813017     0     0 W healthd : battery l=58 v=3851 t=35.0 h=2 st=3 c=225 fc=443000 cc=0 chg=
--------- switch to main
11-02 21:09:40.877679  2520  2520 D HOME    : [BatteryChange]action: android.intent.action.BATTERY_CHANGED
11-02 21:09:40.883205  2520  8232 D HOME    : [BatteryChange]HandleBatteryChangedTask
11-02 21:09:40.884070  2520  8232 D HOME    : [BatteryChange]level: 58, status: 3
11-02 21:09:40.889127   512   512 I sensors-hal: activate:107, android.sensor.light/46 en=0
11-02 21:09:40.891442   512   512 I sensors-hal: activate:118, android.sensor.light/46 en=0 completed
--------- switch to system
11-02 21:09:40.910329  1686  1710 I DisplayManagerService: Display device changed state: "Écran intégré", DOZE_SUSPEND
--------- switch to main
11-02 21:09:40.950360   545   545 D SurfaceFlinger: Set power mode=3, type=0 flinger=0xb6bb6000
11-02 21:09:40.951427   504   761 I SDM     : DisplayBase::SetDisplayState: Set state = 3, display 0
11-02 21:09:40.953662  1686  1759 I InputReader: Reconfiguring input devices.  changes=0x00000004
11-02 21:09:40.991495  3316  8261 E memtrack: Couldn't load memtrack module
11-02 21:09:40.991597  3316  8261 W android.os.Debug: failed to get memory consumption info: -1
11-02 21:09:41.009904   545   545 D SurfaceFlinger: Finished set power mode=3, type=0
--------- switch to kernel
11-02 21:09:40.900457     0     0 I mdss_dsi_panel_set_idle_mode: Idle (0->1)
11-02 21:09:40.954661     0     0 I         : [touch]FB_BLANK_VSYNC_SUSPEND
11-02 21:09:40.954668     0     0 I         : [touch]irq disable
11-02 21:09:40.954672     0     0 I         : [touch]workqueue is empty!
11-02 21:09:40.954675     0     0 I         : [touch]raydium_ts_do_suspend.
11-02 21:09:40.954686     0     0 I         : [touch]Device may wakeup
11-02 21:09:40.958466     0     0 I         : [touch]irq enable
--------- switch to main
11-02 21:09:41.032177  1686  1823 D SurfaceControl: Excessive delay in setPowerMode()
11-02 21:09:41.032552  1686  1823 I SidekickService: beginDisplayLocked(): DOZE_SUSPEND
11-02 21:09:41.033511   416  2389 D SKGHAL  : sendAmbientPrepare: enter:
11-02 21:09:41.162450   416  2389 D SKGHAL  : sendAmbientEvent: enter: enable = 1
11-02 21:09:41.163796   504   523 I SDM     : DisplayBase::SetDisplayState: Set state = 4, display 0
11-02 21:09:41.163925   504   523 D SDM     : HWCDisplayPrimary::SetStandByMode: Null display is connected successfully
11-02 21:09:41.164131   416  2389 D SKGHAL  : standBy_update_control call succeed on 1
11-02 21:09:41.181433   416  2389 D SKGHAL  : sendAmbientEvent: done: enable = 1
11-02 21:09:41.182244  1686  1823 D SidekickService:    ... beginDisplay result: 0 for halPower: 1
11-02 21:09:41.186650   512   512 I sensors-hal: activate:107, android.sensor.accelerometer/48 en=0
11-02 21:09:41.188233   512   512 I sensors-hal: activate:118, android.sensor.accelerometer/48 en=0 completed
--------- switch to kernel
11-02 21:09:41.140470     0     0 E bgrsb   : bgrsb_enable: gpio 32 is valid
--------- switch to main
11-02 21:09:41.195449  1686  1799 E WifiStateMachine: getWifiLinkLayerStats called without an interface
11-02 21:09:41.220474  1686  1686 I WearPower: [WearTouchMediator] changing touch input to enabled (ON_AUTO)
11-02 21:09:41.222185  1686  1759 I InputReader: Reconfiguring input devices.  changes=0x00000200
--------- switch to kernel
11-02 21:09:41.174676     0     0 I init    : processing action (ro.enable_core_ctl=true && sys.cw_corectl_mode=idle) from (/vendor/etc/init/hw/init.qcom.rc:949)
--------- switch to main
11-02 21:09:41.233474  1686  1686 I AmbientService: [ce6a28c] Timeout alarm not required, auto-resume timeout handled by dream.
11-02 21:09:41.243423  3205  3434 W WorkController: Loading failed for worker [trainingcache]: worker not found
11-02 21:09:41.244900  3205  3372 W A       : TrainingCache cache SCREEN_OFF failure
11-02 21:09:41.244900  3205  3372 W A       : com.google.android.apps.gsa.search.core.service.h.a.a: No worker found for Worker ID [trainingcache].
11-02 21:09:41.244900  3205  3372 W A       : 	at com.google.android.apps.gsa.search.core.service.g.a.c.a(Unknown Source:5)
11-02 21:09:41.244900  3205  3372 W A       : 	at com.google.android.libraries.gsa.c.a.d.a(Unknown Source:3)
11-02 21:09:41.244900  3205  3372 W A       : 	at com.google.common.p.a.cg.c(Unknown Source:2)
11-02 21:09:41.244900  3205  3372 W A       : 	at com.google.common.p.a.bk.run(SourceFile:3)
11-02 21:09:41.244900  3205  3372 W A       : 	at com.google.common.p.a.ci.run(Unknown Source:4)
11-02 21:09:41.244900  3205  3372 W A       : 	at com.google.apps.tiktok.concurrent.ab.run(SourceFile:1)
11-02 21:09:41.244900  3205  3372 W A       : 	at java.util.concurrent.ThreadPoolExecutor.runWorker(ThreadPoolExecutor.java:1167)
11-02 21:09:41.244900  3205  3372 W A       : 	at java.util.concurrent.ThreadPoolExecutor$Worker.run(ThreadPoolExecutor.java:641)
11-02 21:09:41.244900  3205  3372 W A       : 	at com.google.apps.tiktok.concurrent.c.run(Unknown Source:4)
11-02 21:09:41.244900  3205  3372 W A       : 	at java.lang.Thread.run(Thread.java:764)
11-02 21:09:41.260221  2520  2520 D HOME    : [StreamDBQueue]Promised revision #2041 to queue a new op
11-02 21:09:41.260628  2520  2520 D WatchStreamManager: Promised rank-blocked=false @ r#2041
11-02 21:09:41.260971  2520  2520 D HOME    : [CompactHunStarter]detachWindow()
11-02 21:09:41.261385  2520  8232 D HOME    : [WatchStreamDB]Item alerting conditions - isInterruptive: false, recentlyInterrupted: false, isItemPinned: false, isUnread: false
11-02 21:09:41.261790  2520  8232 D HOME    : [StreamAlertingRegulator]isTheaterModeEnabled: false, isAlertingAllowedByOffBody: true, matchesLocalInterruptionFilter: true
11-02 21:09:41.261923  2520  7941 D HOME    : [StreamDBQueue]Promised revision #2042 to queue a new op
11-02 21:09:41.262039  2520  8232 D HOME    : [WatchStreamDB]couldItemAlert: false, isTopItemChanged: false, isDeferralForTopItem: false
11-02 21:09:41.262073  2520  7941 D WatchStreamManager: Promised rerank @ r#2042
11-02 21:09:41.262605  2520  8232 D HOME    : [WatchStreamDB]updateRanking()
11-02 21:09:41.263446  2520  8232 D HOME    : [WatchStreamDB]Item alerting conditions - isInterruptive: false, recentlyInterrupted: false, isItemPinned: false, isUnread: false
11-02 21:09:41.263901  2520  8232 D HOME    : [StreamAlertingRegulator]isTheaterModeEnabled: false, isAlertingAllowedByOffBody: true, matchesLocalInterruptionFilter: true
11-02 21:09:41.264202  2520  8232 D HOME    : [WatchStreamDB]couldItemAlert: false, isTopItemChanged: false, isDeferralForTopItem: false
11-02 21:09:41.264878  2520  8232 D HOME    : [NewStreamAdapter]Publishing revision #2042 to adapter clients
--------- switch to kernel
11-02 21:09:41.251755     0     0 I CPU3    : update max cpu_capacity 1024
11-02 21:09:41.320385     0     0 I PM      : suspend entry 2021-11-02 20:09:41.320385428 UTC
11-02 21:09:41.320396     0     0 I PM      : Syncing filesystems ...
11-02 21:09:41.335250     0     0 I CPU2    : shutdown
11-02 21:09:41.338453     0     0 I init    : Command 'write /sys/devices/system/cpu/cpu2/online 0' action=ro.enable_core_ctl=true && sys.cw_corectl_mode=idle (/vendor/etc/init/hw/init.qcom.rc:951) took 112ms and succeeded
11-02 21:09:41.387742     0     0 I         : done.
11-02 21:09:41.427906     0     0 I CPU3    : shutdown
11-02 21:09:41.429979     0     0 I         : Freezing user space processes ...
11-02 21:09:41.435510     0     0 I CPU1    : update max cpu_capacity 748
11-02 21:09:41.436380     0     0 I PM      : Wakeup pending, aborting suspend
11-02 21:09:41.436441     0     0 I         : active wakeup source: NETLINK
11-02 21:09:41.436493     0     0 E         : Freezing of tasks aborted after 0.006 seconds
11-02 21:09:41.436509     0     0 I         : Restarting tasks ...
11-02 21:09:41.437167     0     0 W QSEECOM : qseecom_receive_req: Interrupted: exiting Listener Service = 12288
11-02 21:09:41.437313     0     0 W QSEECOM : qseecom_receive_req: Interrupted: exiting Listener Service = 28672
11-02 21:09:41.437362     0     0 W QSEECOM : qseecom_receive_req: Interrupted: exiting Listener Service = 11
11-02 21:09:41.437403     0     0 W QSEECOM : qseecom_receive_req: Interrupted: exiting Listener Service = 10
11-02 21:09:41.441856     0     0 W QSEECOM : qseecom_receive_req: Interrupted: exiting Listener Service = 8192
11-02 21:09:41.443796     0     0 I init    : Command 'write /sys/devices/system/cpu/cpu3/online 0' action=ro.enable_core_ctl=true && sys.cw_corectl_mode=idle (/vendor/etc/init/hw/init.qcom.rc:952) took 104ms and succeeded
11-02 21:09:41.446604     0     0 I         : done.
11-02 21:09:41.447669     0     0 I PM      : suspend exit 2021-11-02 20:09:41.447669439 UTC
11-02 21:09:41.649337     0     0 I PM      : suspend entry 2021-11-02 20:09:41.649337720 UTC
--------- switch to main
11-02 21:09:45.495117  1829  2088 W bt_sdp  : SDP - Rcvd conn cnf with error: 0x4  CID 0x45
--------- switch to kernel
11-02 21:09:41.649360     0     0 I PM      : Syncing filesystems ... done.
11-02 21:09:41.666028     0     0 I         : Freezing user space processes ... (elapsed 0.012 seconds) done.
11-02 21:09:41.678144     0     0 I         : Freezing remaining freezable tasks ... (elapsed 0.006 seconds) done.
11-02 21:09:41.684660     0     0 I         : Suspending console(s) (use no_console_suspend to debug)
11-02 21:09:41.699930     0     0 I mdss_dsi_panel_set_idle_mode: Idle (1->1)
11-02 21:09:41.738505     0     0 I bgcom   : bgcom_pm_suspend: suspended with : 0
11-02 21:09:41.767244     0     0 I PM      : suspend of devices complete after 78.707 msecs
11-02 21:09:41.773624     0     0 I PM      : late suspend of devices complete after 6.336 msecs
11-02 21:09:41.779568     0     0 I PM      : noirq suspend of devices complete after 5.901 msecs
11-02 21:09:41.779585     0     0 I         : Disabling non-boot CPUs ...
11-02 21:09:41.796174     0     0 I CPU1    : shutdown
11-02 21:09:41.798742     0     0 I suspend ns: 1593804939552	suspend cycles:     293167357265
11-02 21:09:41.798717     0     0 I CPU0    : msm_cpu_pm_enter_sleep mode:3 during suspend
11-02 21:09:41.798717     0     0 I         : Suspended for 3.580 seconds
11-02 21:09:41.798717     0     0 I resume cycles: 293236097062
11-02 21:09:41.799216     0     0 I         : Enabling non-boot CPUs ...
11-02 21:09:41.800068     0     0 I CPU1    : update cpu_capacity 1024
11-02 21:09:41.801828     0     0 I         : CPU1 is up
11-02 21:09:41.802700     0     0 I CPU1    : update max cpu_capacity 748
11-02 21:09:41.805905     0     0 I PM      : noirq resume of devices complete after 3.701 msecs
11-02 21:09:41.811930     0     0 I PM      : early resume of devices complete after 4.558 msecs
11-02 21:09:41.848406     0     0 I bgcom   : bgcom_pm_resume: Bgcom resumed with : 0
11-02 21:09:41.859697     0     0 I mdss_dsi_panel_set_idle_mode: Idle (1->1)
11-02 21:09:41.898009     0     0 I PM      : resume of devices complete after 86.039 msecs
11-02 21:09:41.902939     0     0 I         : Restarting tasks ...
11-02 21:09:41.905656     0     0 W QSEECOM : qseecom_receive_req: Interrupted: exiting Listener Service = 12288
11-02 21:09:41.905755     0     0 W QSEECOM : qseecom_receive_req: Interrupted: exiting Listener Service = 11
11-02 21:09:41.905815     0     0 W QSEECOM : qseecom_receive_req: Interrupted: exiting Listener Service = 10
11-02 21:09:41.916155     0     0 W QSEECOM : qseecom_receive_req: Interrupted: exiting Listener Service = 8192
11-02 21:09:41.916252     0     0 W QSEECOM : qseecom_receive_req: Interrupted: exiting Listener Service = 28672
--------- switch to main
11-02 21:09:45.497137  1829  2027 D BluetoothHeadsetClientServiceJni: connection_state_cb: state 0 peer_feat 0 chld_feat 0
11-02 21:09:45.498218  1829  2027 E bt_btif : btif_hf_client_get_cb_by_bda: could not find block for bdaddr
11-02 21:09:45.498316  1829  2027 E bt_btif : btif_hf_client_upstreams_evt: event 3 but not allocating block: cb not found
11-02 21:09:45.498376  1829  2096 D HeadsetClientStateMachine: Enter Disconnected: 100
11-02 21:09:45.498419  1829  2027 I bt_btif_queue: queue_int_advance: removing connection request: address=14:3c:c3:ad:3d:53 UUID=111E busy=true
11-02 21:09:45.528011  5603  5603 D BtTelecomReceiver: onReceive: Intent { act=android.bluetooth.headsetclient.profile.action.CONNECTION_STATE_CHANGED flg=0x10 cmp=com.google.android.apps.wearable.bluetooth/com.google.android.clockwork.hfp.BtTelecomBroadcastReceiver (has extras) }
11-02 21:09:45.528464  5603  5603 D BtTelecomReceiver: Hfp connection changed: -724754873 1 -> 0
11-02 21:09:45.533490  1829  1829 D AdapterProperties: PROFILE_CONNECTION_STATE_CHANGE: profile=16, device=14:3C:C3:AD:3D:53, 1 -> 0
11-02 21:09:45.534389  1829  1829 D AdapterProperties: ADAPTER_CONNECTION_STATE_CHANGE: 14:3C:C3:AD:3D:53: 1 -> 0
11-02 21:09:45.555203  5603  5603 D HfpClientConnService: onCreate
--------- switch to system
11-02 21:09:45.556229  1686  2468 W BroadcastQueue: Background execution not allowed: receiving Intent { act=android.bluetooth.adapter.action.CONNECTION_STATE_CHANGED flg=0x4000010 (has extras) } to com.google.android.gms/.chimera.GmsIntentOperationService$PersistentTrustedReceiver
--------- switch to main
11-02 21:09:45.556859  5603  5603 D HfpClientConnService: disabling HFP
11-02 21:09:45.557086  5603  5603 I HfpClientConnService: enable request:Enable Request - time:1635883785528 type:false reason:headset client disconnected
11-02 21:09:45.562703  5603  5603 I HfpClientConnService: account already disabled
--------- switch to kernel
11-02 21:09:41.937040     0     0 I         : done.
11-02 21:09:45.518370     0     0 I PM      : suspend exit 2021-11-02 20:09:45.518370010 UTC
11-02 21:09:45.873130     0     0 I PM      : suspend entry 2021-11-02 20:09:45.873130635 UTC
11-02 21:09:45.873153     0     0 I PM      : Syncing filesystems ... done.
--------- switch to system
11-02 21:10:22.771360  1686  1686 I PowerManagerService: Waking up from dozing (uid=1000 reason=tiltToWake)...
11-02 21:10:22.793889  1686  1686 W UsageStatsService: Event reported without a package name
--------- switch to kernel
11-02 21:09:45.941006     0     0 I         : Freezing user space processes ... (elapsed 0.009 seconds) done.
11-02 21:09:45.950360     0     0 I         : Freezing remaining freezable tasks ... (elapsed 0.004 seconds) done.
11-02 21:09:45.954667     0     0 I         : Suspending console(s) (use no_console_suspend to debug)
11-02 21:09:45.967263     0     0 I mdss_dsi_panel_set_idle_mode: Idle (1->1)
11-02 21:09:46.008419     0     0 I bgcom   : bgcom_pm_suspend: suspended with : 0
11-02 21:09:46.046395     0     0 I PM      : suspend of devices complete after 89.232 msecs
11-02 21:09:46.052440     0     0 I PM      : late suspend of devices complete after 6.000 msecs
11-02 21:09:46.058819     0     0 I PM      : noirq suspend of devices complete after 6.335 msecs
11-02 21:09:46.058838     0     0 I         : Disabling non-boot CPUs ...
11-02 21:09:46.076257     0     0 I CPU1    : shutdown
11-02 21:09:46.078352     0     0 I suspend ns: 1594504355127	suspend cycles:     293249525841
11-02 21:09:46.078332     0     0 I CPU0    : msm_cpu_pm_enter_sleep mode:3 during suspend
11-02 21:09:46.078332     0     0 I         : Suspended for 36.559 seconds
11-02 21:09:46.078332     0     0 I resume cycles: 293951473168
11-02 21:09:46.079143     0     0 I         : Enabling non-boot CPUs ...
11-02 21:09:46.080024     0     0 I CPU1    : update cpu_capacity 1024
11-02 21:09:46.081700     0     0 I         : CPU1 is up
11-02 21:09:46.082862     0     0 I CPU1    : update max cpu_capacity 748
11-02 21:09:46.085841     0     0 I PM      : noirq resume of devices complete after 3.777 msecs
11-02 21:09:46.091555     0     0 I PM      : early resume of devices complete after 4.201 msecs
11-02 21:09:46.124406     0     0 I bgcom   : bgcom_pm_resume: Bgcom resumed with : 0
11-02 21:09:46.134917     0     0 I mdss_dsi_panel_set_idle_mode: Idle (1->1)
11-02 21:09:46.178106     0     0 I PM      : resume of devices complete after 86.501 msecs
11-02 21:09:46.182570     0     0 I         : Restarting tasks ...
11-02 21:09:46.192045     0     0 W QSEECOM : qseecom_receive_req: Interrupted: exiting Listener Service = 28672
11-02 21:09:46.193137     0     0 W QSEECOM : qseecom_receive_req: Interrupted: exiting Listener Service = 8192
11-02 21:09:46.193207     0     0 W QSEECOM : qseecom_receive_req: Interrupted: exiting Listener Service = 12288
11-02 21:09:46.193258     0     0 W QSEECOM : qseecom_receive_req: Interrupted: exiting Listener Service = 11
11-02 21:09:46.193302     0     0 W QSEECOM : qseecom_receive_req: Interrupted: exiting Listener Service = 10
11-02 21:09:46.207643     0     0 I         : done.
11-02 21:10:22.791445     0     0 I PM      : suspend exit 2021-11-02 20:10:22.791445620 UTC
11-02 21:10:22.793491     0     0 E FG      : fg_psy_get_property: unsupported property 7
11-02 21:10:22.745288     0     0 W healthd : battery l=58 v=3950 t=34.0 h=2 st=3 c=8 fc=443000 cc=0 chg=
--------- switch to main
11-02 21:10:22.844427  3338  8264 E memtrack: Couldn't load memtrack module
11-02 21:10:22.844678  3338  8264 W android.os.Debug: failed to get memory consumption info: -1
11-02 21:10:22.859826   512   512 I sensors-hal: batch:140, android.sensor.light/46, period=100000000, max_latency=0
11-02 21:10:22.860022   512   512 I sensors-hal: batch:149, android.sensor.light/46, period=100000000, max_latency=0 request completed
11-02 21:10:22.861447   512   512 I sensors-hal: activate:107, android.sensor.light/46 en=1
11-02 21:10:22.862180   512   512 I sensors-hal: ssc_enable_rt_task:254, ssc_enable_rt_task : true
11-02 21:10:22.873622   512   512 I sensors-hal: activate:118, android.sensor.light/46 en=1 completed
11-02 21:10:22.876854  1686  1823 I SidekickService: endDisplayLocked()
11-02 21:10:22.877733   416  2389 D SKGHAL  : sendAmbientEvent: enter: enable = 0
--------- switch to system
11-02 21:10:22.877970  1686  1710 I DisplayManagerService: Display device changed state: "Écran intégré", ON
--------- switch to main
11-02 21:10:22.878481   512   512 I sensors-hal: batch:140, android.sensor.accelerometer/48, period=66667000, max_latency=100000000
11-02 21:10:22.878570   512   512 I sensors-hal: batch:149, android.sensor.accelerometer/48, period=66667000, max_latency=100000000 request completed
11-02 21:10:22.879978   512   512 I sensors-hal: activate:107, android.sensor.accelerometer/48 en=1
11-02 21:10:22.880641   512   512 I sensors-hal: ssc_enable_rt_task:254, ssc_enable_rt_task : true
11-02 21:10:22.904381   512   512 I sensors-hal: activate:118, android.sensor.accelerometer/48 en=1 completed
11-02 21:10:22.912051  4243  4243 D OMService: onDisplayChanged: not dozing
11-02 21:10:22.916576  2520  2520 D HOME    : [BatteryChange]action: android.intent.action.BATTERY_CHANGED
11-02 21:10:22.930690  2520  7941 D HOME    : [BatteryChange]HandleBatteryChangedTask
11-02 21:10:22.931310  2520  7941 D HOME    : [BatteryChange]level: 58, status: 3
11-02 21:10:22.932361  1956  1956 D QtiCarrierConfigHelper: WARNING, no carrier configs on phone Id: 0
11-02 21:10:22.932614  1686  1799 E WifiStateMachine: getWifiLinkLayerStats called without an interface
11-02 21:10:22.943695  1686  1759 I InputReader: Reconfiguring input devices.  changes=0x00000004
--------- switch to system
11-02 21:10:22.958414  1686  1702 W BroadcastQueue: Background execution not allowed: receiving Intent { act=android.intent.action.USER_PRESENT flg=0x10 } to com.google.android.gms/.auth.setup.devicesignals.LockScreenReceiver
--------- switch to main
11-02 21:10:22.968181  3205  3434 W WorkController: Loading failed for worker [trainingcache]: worker not found
--------- switch to system
11-02 21:10:22.968939  1686  1702 W BroadcastQueue: Background execution not allowed: receiving Intent { act=android.intent.action.USER_PRESENT flg=0x10 } to com.google.android.gms/.chimera.GmsIntentOperationService$PersistentTrustedReceiver
--------- switch to main
11-02 21:10:22.971648  3205  3294 W A       : TrainingCache cache DEVICE_UNLOCKED failure
11-02 21:10:22.971648  3205  3294 W A       : com.google.android.apps.gsa.search.core.service.h.a.a: No worker found for Worker ID [trainingcache].
11-02 21:10:22.971648  3205  3294 W A       : 	at com.google.android.apps.gsa.search.core.service.g.a.c.a(Unknown Source:5)
11-02 21:10:22.971648  3205  3294 W A       : 	at com.google.android.libraries.gsa.c.a.d.a(Unknown Source:3)
11-02 21:10:22.971648  3205  3294 W A       : 	at com.google.common.p.a.cg.c(Unknown Source:2)
11-02 21:10:22.971648  3205  3294 W A       : 	at com.google.common.p.a.bk.run(SourceFile:3)
11-02 21:10:22.971648  3205  3294 W A       : 	at com.google.common.p.a.ci.run(Unknown Source:4)
11-02 21:10:22.971648  3205  3294 W A       : 	at com.google.apps.tiktok.concurrent.ab.run(SourceFile:1)
11-02 21:10:22.971648  3205  3294 W A       : 	at java.util.concurrent.ThreadPoolExecutor.runWorker(ThreadPoolExecutor.java:1167)
11-02 21:10:22.971648  3205  3294 W A       : 	at java.util.concurrent.ThreadPoolExecutor$Worker.run(ThreadPoolExecutor.java:641)
11-02 21:10:22.971648  3205  3294 W A       : 	at com.google.apps.tiktok.concurrent.c.run(Unknown Source:4)
11-02 21:10:22.971648  3205  3294 W A       : 	at java.lang.Thread.run(Thread.java:764)
--------- switch to kernel
11-02 21:10:22.921766     0     0 E bgrsb   : bgrsb_enable: rsb will set report rate
11-02 21:10:22.960157     0     0 I         : [touch]FB_BLANK_VSYNC_SUSPEND
11-02 21:10:22.960161     0     0 I         : [touch]Already in suspend state
11-02 21:10:22.969503     0     0 I mdss_dsi_panel_set_idle_mode: Idle (1->0)
11-02 21:10:22.970278     0     0 E mdp3_enable_panic_ctrl: mdp3_enable_panic_ctrl: Enable Panic Control
11-02 21:10:22.970344     0     0 I         : [touch]FB_BLANK_UNBLANK
11-02 21:10:22.970348     0     0 I         : [touch]raydium_ts_do_resume, 1.
11-02 21:10:22.970634     0     0 I         : [ raydium ]workqueue is empty!
11-02 21:10:22.970647     0     0 I raydium_ts 5-0039: [touch]Already enable irq
11-02 21:10:22.970650     0     0 I         : [touch]Device may wakeup
--------- switch to main
11-02 21:10:23.011409   504   523 I SDM     : DisplayBase::SetDisplayState: Set state = 3, display 0
11-02 21:10:23.011579   504   523 D SDM     : HWCDisplayPrimary::SetStandByMode: Display is connected successfully
11-02 21:10:23.011939   416  2389 D SKGHAL  : standBy_update_control call succeed on 0
11-02 21:10:23.011988   416  2389 D SKGHAL  : sendAmbientEvent: done: enable = 0
11-02 21:10:23.012572  1686  1823 D SidekickService:    ... endDisplay returns void
11-02 21:10:23.013427   545   545 D SurfaceFlinger: Set power mode=2, type=0 flinger=0xb6bb6000
11-02 21:10:23.013792   504   761 I SDM     : DisplayBase::SetDisplayState: Set state = 1, display 0
11-02 21:10:23.022734   545   545 D SurfaceFlinger: Finished set power mode=2, type=0
--------- switch to system
11-02 21:10:23.024675  1686  1712 W PowerManagerService: Screen on took 397 ms
11-02 21:10:23.024936  1686  1712 I DreamManagerService: Gently waking up from dream.
11-02 21:10:23.025221  1686  1708 I DreamManagerService: Performing gentle wake from dream.
--------- switch to kernel
11-02 21:10:23.039827     0     0 E bgrsb   : bgrsb_enable: gpio 32 is valid
--------- switch to system
11-02 21:10:23.030606  1686  1686 V DreamService[AmbientDream]: wakeUp(): fromSystem=true, mWaking=false, mFinished=false
11-02 21:10:23.030758  1686  1686 V DreamService[AmbientDream]: finish(): mFinished=false
11-02 21:10:23.030848  1686  1686 I DreamManagerService: Leaving dreamland.
11-02 21:10:23.032037  1686  1708 I DreamManagerService: Performing gentle wake from dream.
11-02 21:10:23.032189  1686  1708 I DreamController: Stopping dream: name=ComponentInfo{com.google.android.wearable.ambient/com.google.android.wearable.ambient.AmbientDream}, isTest=false, canDoze=true, userId=0
11-02 21:10:23.036882  1686  1686 V DreamService[AmbientDream]: detach(): Calling onDreamingStopped()
--------- switch to main
11-02 21:10:23.036996  1686  1686 I AmbientService: [ce6a28c] doOnDreamingStopped
11-02 21:10:23.037087  1686  1686 D WristGestureCtrl: Starting: GesturesEnabled-false UngazeEnabled-true
11-02 21:10:23.037146  1686  1686 D DefaultUngazeDetector: starting
11-02 21:10:23.037217  1686  1686 D DefaultUngazeDetector: startUngazeStateEstimation(). startTime = 15302467
11-02 21:10:23.037379  1686  1686 W AlarmManagerProxy: Removing unknown listener
11-02 21:10:23.039813   512   512 I sensors-hal: batch:140, android.sensor.accelerometer/48, period=19231000, max_latency=100000000
11-02 21:10:23.043583   512  8268 I sensors-hal: handle_indication_realtime:355,  SCHED_FIFO(10) for qmi_cbk
11-02 21:10:23.045448   512   512 I sensors-hal: batch:149, android.sensor.accelerometer/48, period=19231000, max_latency=100000000 request completed
11-02 21:10:23.047861  2520  2520 D HOME    : [HomeVisitsLogger]Logging streamlet event: visit_start
11-02 21:10:23.048112  2520  2520 D HOME    : [HomeVisitsLogger]Logging streamlet event: exit_ambient_mode
11-02 21:10:23.048540  2520  2520 D HOME    : [HotwordController]updateClient MODE_WATCH_FACE false false false true
11-02 21:10:23.049355  2520  2520 D HOME    : [WatchFaceUiController]setInAmbientMode false
11-02 21:10:23.049436  2520  2520 D HOME    : [WatchFaceUiController]sendWatchFaceServiceBinder
11-02 21:10:23.052751   512   512 I sensors-hal: flush:169, android.sensor.accelerometer/48
11-02 21:10:23.054556  2520  2520 D HOME    : [WatchFaceUiController]sendStateToWallpaper
11-02 21:10:23.059628  2520  2520 D HOME    : [WatchFaceUiController]Showing watch face wallpaper.
11-02 21:10:23.059812  2520  2520 D HOME    : [WatchFaceUiController]sendStateToWallpaper
11-02 21:10:23.062877  2520  2520 D HOME    : [StreamDBQueue]Promised revision #2043 to queue a new op
11-02 21:10:23.063115  2520  2520 D WatchStreamManager: Promised rank-blocked=true @ r#2043
11-02 21:10:23.063124   512   512 I sensors-hal: flush:175, android.sensor.accelerometer/48 completed
11-02 21:10:23.063517  2520  2520 D HOME    : [StreamDBQueue]Promised revision #2044 to queue a new op
11-02 21:10:23.063648  2520  2520 D WatchStreamManager: Promised rank-blocked=true @ r#2044
11-02 21:10:23.064211  2520  2520 D HOME    : [TilesController]Tile refresh optimization is enabled.
11-02 21:10:23.064563  2520  2520 D HOME    : [EventBus]Wrapper pool is full. Discarding excess wrapper instance for event com.google.android.clockwork.sysui.events.KeyguardStateEvent
11-02 21:10:23.064664  2520  2520 D HOME    : [WatchFaceUiController]sendStateToWallpaper
11-02 21:10:23.065788  2520  8232 D HOME    : [WatchStreamDB]Item alerting conditions - isInterruptive: false, recentlyInterrupted: false, isItemPinned: false, isUnread: false
11-02 21:10:23.066263  2520  2520 D HOME    : [EventBus]Wrapper pool is full. Discarding excess wrapper instance for event com.google.android.clockwork.sysui.events.KeyguardStateEvent
11-02 21:10:23.066504  2520  2520 D HOME    : [EventBus]Wrapper pool is full. Discarding excess wrapper instance for event com.google.android.clockwork.sysui.events.KeyguardStateEvent
11-02 21:10:23.070634  2520  2520 D HOME    : [WatchFaceUiController]sendStateToWallpaper
11-02 21:10:23.074513  2520  2520 W StaticLayout: maxLineHeight should not be -1.  maxLines:1 lineCount:1
11-02 21:10:23.091548  1686  1686 I AmbientService: [ce6a28c] No auto-resume Activity.
11-02 21:10:23.095098  1686  1686 W AlarmManager: Unrecognized alarm listener com.android.server.job.controllers.-$$Lambda$IdleController$IdlenessTracker$nTdS-lGBXcES5VWKcJFmQFgU7IU@1ab437a
--------- switch to system
11-02 21:10:23.096088  1686  1686 W ContextImpl: Calling a method in the system process without a qualified user: android.app.ContextImpl.sendBroadcast:1020 android.content.ContextWrapper.sendBroadcast:449 com.google.android.wearable.ambient.AmbientDream.onDestroy:273 android.app.ActivityThread.handleStopService:3698 android.app.ActivityThread.access$1700:200 
--------- switch to main
11-02 21:10:23.096451  1686  1686 E AlarmManager: cancel() called with a null PendingIntent
--------- switch to system
11-02 21:10:23.096769  1686  1686 V DreamService[AmbientDream]: onDestroy()
--------- switch to main
11-02 21:10:23.109463   512  8266 I sensors-hal: handle_indication_realtime:355,  SCHED_FIFO(10) for qmi_cbk
11-02 21:10:23.138076  2520  2520 D HOME    : [WatchFaceUiController]sendWatchFaceServiceBinder
11-02 21:10:23.143116  2520  2520 D HOME    : [WatchFaceUiController]sendProperties
11-02 21:10:23.144906  2520  2520 D HOME    : [WatchFaceUiController]sendStateToWallpaper
11-02 21:10:23.176655  2520  8232 D HOME    : [StreamAlertingRegulator]isTheaterModeEnabled: false, isAlertingAllowedByOffBody: true, matchesLocalInterruptionFilter: true
11-02 21:10:23.191126  2520  8232 D HOME    : [WatchStreamDB]couldItemAlert: false, isTopItemChanged: false, isDeferralForTopItem: false
11-02 21:10:23.192110  2520  8232 D HOME    : [WatchStreamDB]Item alerting conditions - isInterruptive: false, recentlyInterrupted: false, isItemPinned: false, isUnread: false
11-02 21:10:23.223228  2520  8232 D HOME    : [StreamAlertingRegulator]isTheaterModeEnabled: false, isAlertingAllowedByOffBody: true, matchesLocalInterruptionFilter: true
11-02 21:10:23.223616  2520  8232 D HOME    : [WatchStreamDB]couldItemAlert: false, isTopItemChanged: false, isDeferralForTopItem: false
11-02 21:10:23.580309   512  1749 I sensors-hal: activate:107, android.sensor.light/46 en=0
11-02 21:10:23.581516   512  1749 I sensors-hal: activate:118, android.sensor.light/46 en=0 completed
11-02 21:10:23.583361   512  1749 I sensors-hal: batch:140, android.sensor.light/46, period=250000000, max_latency=0
11-02 21:10:23.583411   512  1749 I sensors-hal: batch:149, android.sensor.light/46, period=250000000, max_latency=0 request completed
11-02 21:10:23.584233   512  1749 I sensors-hal: activate:107, android.sensor.light/46 en=1
11-02 21:10:23.584480   512  1749 I sensors-hal: ssc_enable_rt_task:254, ssc_enable_rt_task : true
