11-03 11:53:12.480842     0     0 I PM      : noirq suspend of devices complete after 5.900 msecs
11-03 11:53:12.480855     0     0 I         : Disabling non-boot CPUs ...
11-03 11:53:12.499918     0     0 I CPU1    : shutdown
11-03 11:53:12.502297     0     0 I suspend ns: 4344289802766	suspend cycles:    1310972865651
11-03 11:53:12.502276     0     0 I CPU0    : msm_cpu_pm_enter_sleep mode:3 during suspend
11-03 11:53:12.502276     0     0 I         : Suspended for 5.640 seconds
11-03 11:53:12.502276     0     0 I resume cycles: 1311081167697
11-03 11:53:12.502838     0     0 I         : Enabling non-boot CPUs ...
11-03 11:53:12.503696     0     0 I CPU1    : update cpu_capacity 1024
11-03 11:53:12.505187     0     0 I         : CPU1 is up
11-03 11:53:12.506738     0     0 I CPU1    : update max cpu_capacity 748
11-03 11:53:12.509079     0     0 I PM      : noirq resume of devices complete after 3.549 msecs
11-03 11:53:12.514267     0     0 I PM      : early resume of devices complete after 3.719 msecs
11-03 11:53:12.543772     0     0 I bgcom   : bgcom_pm_resume: Bgcom resumed with : 0
11-03 11:53:12.553800     0     0 I mdss_dsi_panel_set_idle_mode: Idle (1->1)
11-03 11:53:12.591008     0     0 I PM      : resume of devices complete after 76.697 msecs
11-03 11:53:12.595193     0     0 I         : Restarting tasks ...
11-03 11:53:12.601240     0     0 W QSEECOM : qseecom_receive_req: Interrupted: exiting Listener Service = 12288
11-03 11:53:12.601335     0     0 W QSEECOM : qseecom_receive_req: Interrupted: exiting Listener Service = 10
11-03 11:53:12.601380     0     0 W QSEECOM : qseecom_receive_req: Interrupted: exiting Listener Service = 28672
11-03 11:53:12.603635     0     0 W QSEECOM : qseecom_receive_req: Interrupted: exiting Listener Service = 8192
11-03 11:53:12.603718     0     0 W QSEECOM : qseecom_receive_req: Interrupted: exiting Listener Service = 11
--------- switch to system
11-03 11:53:18.248558  1686  1686 I PowerManagerService: Waking up from dozing (uid=1000 reason=tiltToWake)...
11-03 11:53:18.264853  1686  1686 W UsageStatsService: Event reported without a package name
--------- switch to kernel
11-03 11:53:12.619924     0     0 I         : done.
11-03 11:53:18.261647     0     0 I PM      : suspend exit 2021-11-03 10:53:18.261647594 UTC
11-03 11:53:18.275803     0     0 E FG      : fg_psy_get_property: unsupported property 7
11-03 11:53:18.142588     0     0 W healthd : battery l=7 v=3697 t=29.0 h=2 st=3 c=7 fc=443000 cc=0 chg=
--------- switch to main
11-03 11:53:18.313090   512  1749 I sensors-hal: batch:140, android.sensor.light/46, period=100000000, max_latency=0
11-03 11:53:18.313181   512  1749 I sensors-hal: batch:149, android.sensor.light/46, period=100000000, max_latency=0 request completed
11-03 11:53:18.319199   512  1749 I sensors-hal: activate:107, android.sensor.light/46 en=1
11-03 11:53:18.319955   512  1749 I sensors-hal: ssc_enable_rt_task:254, ssc_enable_rt_task : true
11-03 11:53:18.323712   512  1749 I sensors-hal: activate:118, android.sensor.light/46 en=1 completed
11-03 11:53:18.327232  1686  1823 I SidekickService: endDisplayLocked()
11-03 11:53:18.328110   512  1749 I sensors-hal: batch:140, android.sensor.accelerometer/48, period=66667000, max_latency=100000000
11-03 11:53:18.328297   512  1749 I sensors-hal: batch:149, android.sensor.accelerometer/48, period=66667000, max_latency=100000000 request completed
--------- switch to system
11-03 11:53:18.328728  1686  1710 I DisplayManagerService: Display device changed state: "Écran intégré", ON
--------- switch to main
11-03 11:53:18.328972   512  1749 I sensors-hal: activate:107, android.sensor.accelerometer/48 en=1
11-03 11:53:18.329602   512  1749 I sensors-hal: ssc_enable_rt_task:254, ssc_enable_rt_task : true
--------- switch to kernel
11-03 11:53:18.239539     0     0 E bgrsb   : bgrsb_enable: rsb will set report rate
11-03 11:53:18.251062     0     0 E bgrsb   : bgrsb_enable: gpio 32 is valid
11-03 11:53:18.282653     0     0 I         : [touch]FB_BLANK_VSYNC_SUSPEND
11-03 11:53:18.282658     0     0 I         : [touch]Already in suspend state
11-03 11:53:18.292916     0     0 I mdss_dsi_panel_set_idle_mode: Idle (1->0)
11-03 11:53:18.293876     0     0 E mdp3_enable_panic_ctrl: mdp3_enable_panic_ctrl: Enable Panic Control
11-03 11:53:18.293952     0     0 I         : [touch]FB_BLANK_UNBLANK
--------- switch to main
11-03 11:53:18.346998   512  1749 I sensors-hal: activate:118, android.sensor.accelerometer/48 en=1 completed
--------- switch to kernel
11-03 11:53:18.293956     0     0 I         : [touch]raydium_ts_do_resume, 1.
11-03 11:53:18.294275     0     0 I         : [ raydium ]workqueue is empty!
11-03 11:53:18.294290     0     0 I raydium_ts 5-0039: [touch]Already enable irq
11-03 11:53:18.294292     0     0 I         : [touch]Device may wakeup
--------- switch to main
11-03 11:53:18.349051   416  2389 D SKGHAL  : sendAmbientEvent: enter: enable = 0
11-03 11:53:18.358867  2520  2520 D HOME    : [BatteryChange]action: android.intent.action.BATTERY_CHANGED
11-03 11:53:18.359682  2520 13835 D HOME    : [BatteryChange]HandleBatteryChangedTask
11-03 11:53:18.360349  2520 13835 D HOME    : [BatteryChange]level: 7, status: 3
11-03 11:53:18.368836  4243  4243 D OMService: onDisplayChanged: not dozing
11-03 11:53:18.394325  1686  1759 I InputReader: Reconfiguring input devices.  changes=0x00000004
11-03 11:53:18.397078   512 13893 I sensors-hal: handle_indication_realtime:355,  SCHED_FIFO(10) for qmi_cbk
11-03 11:53:18.406938  1864  1864 W WearableKeyguard: Keyguard took 54ms to handle event #9
11-03 11:53:18.418249   504   523 I SDM     : DisplayBase::SetDisplayState: Set state = 3, display 0
11-03 11:53:18.418571   504   523 D SDM     : HWCDisplayPrimary::SetStandByMode: Display is connected successfully
11-03 11:53:18.419253   416  2389 D SKGHAL  : standBy_update_control call succeed on 0
11-03 11:53:18.419338   416  2389 D SKGHAL  : sendAmbientEvent: done: enable = 0
11-03 11:53:18.420038  1686  1823 D SidekickService:    ... endDisplay returns void
11-03 11:53:18.421044   545   545 D SurfaceFlinger: Set power mode=2, type=0 flinger=0xb6bb6000
11-03 11:53:18.421393   504   761 I SDM     : DisplayBase::SetDisplayState: Set state = 1, display 0
11-03 11:53:18.421859  3205  3434 W WorkController: Loading failed for worker [trainingcache]: worker not found
11-03 11:53:18.423552  3205  3294 W A       : TrainingCache cache DEVICE_UNLOCKED failure
11-03 11:53:18.423552  3205  3294 W A       : com.google.android.apps.gsa.search.core.service.h.a.a: No worker found for Worker ID [trainingcache].
11-03 11:53:18.423552  3205  3294 W A       : 	at com.google.android.apps.gsa.search.core.service.g.a.c.a(Unknown Source:5)
11-03 11:53:18.423552  3205  3294 W A       : 	at com.google.android.libraries.gsa.c.a.d.a(Unknown Source:3)
11-03 11:53:18.423552  3205  3294 W A       : 	at com.google.common.p.a.cg.c(Unknown Source:2)
11-03 11:53:18.423552  3205  3294 W A       : 	at com.google.common.p.a.bk.run(SourceFile:3)
11-03 11:53:18.423552  3205  3294 W A       : 	at com.google.common.p.a.ci.run(Unknown Source:4)
11-03 11:53:18.423552  3205  3294 W A       : 	at com.google.apps.tiktok.concurrent.ab.run(SourceFile:1)
11-03 11:53:18.423552  3205  3294 W A       : 	at java.util.concurrent.ThreadPoolExecutor.runWorker(ThreadPoolExecutor.java:1167)
11-03 11:53:18.423552  3205  3294 W A       : 	at java.util.concurrent.ThreadPoolExecutor$Worker.run(ThreadPoolExecutor.java:641)
11-03 11:53:18.423552  3205  3294 W A       : 	at com.google.apps.tiktok.concurrent.c.run(Unknown Source:4)
11-03 11:53:18.423552  3205  3294 W A       : 	at java.lang.Thread.run(Thread.java:764)
--------- switch to system
11-03 11:53:18.428685  1686  1702 W BroadcastQueue: Background execution not allowed: receiving Intent { act=android.intent.action.USER_PRESENT flg=0x10 } to com.google.android.gms/.auth.setup.devicesignals.LockScreenReceiver
11-03 11:53:18.429251  1686  1702 W BroadcastQueue: Background execution not allowed: receiving Intent { act=android.intent.action.USER_PRESENT flg=0x10 } to com.google.android.gms/.chimera.GmsIntentOperationService$PersistentTrustedReceiver
--------- switch to main
11-03 11:53:18.430850   545   545 D SurfaceFlinger: Finished set power mode=2, type=0
--------- switch to system
11-03 11:53:18.433808  1686  1712 W PowerManagerService: Screen on took 298 ms
11-03 11:53:18.434086  1686  1712 I DreamManagerService: Gently waking up from dream.
11-03 11:53:18.434617  1686  1708 I DreamManagerService: Performing gentle wake from dream.
11-03 11:53:18.440422   618   618 I wificond: Pno scan stopped
--------- switch to main
11-03 11:53:18.451927  1956  1956 D QtiCarrierConfigHelper: WARNING, no carrier configs on phone Id: 0
--------- switch to system
11-03 11:53:18.466821  1686  1686 V DreamService[AmbientDream]: wakeUp(): fromSystem=true, mWaking=false, mFinished=false
--------- switch to main
11-03 11:53:18.467219   512 13895 I sensors-hal: handle_indication_realtime:355,  SCHED_FIFO(10) for qmi_cbk
--------- switch to system
11-03 11:53:18.469098  1686  1686 V DreamService[AmbientDream]: finish(): mFinished=false
11-03 11:53:18.469266  1686  1686 I DreamManagerService: Leaving dreamland.
11-03 11:53:18.469850  1686  1708 I DreamManagerService: Performing gentle wake from dream.
11-03 11:53:18.470024  1686  1708 I DreamController: Stopping dream: name=ComponentInfo{com.google.android.wearable.ambient/com.google.android.wearable.ambient.AmbientDream}, isTest=false, canDoze=true, userId=0
--------- switch to main
11-03 11:53:18.473016  2520 13835 D HOME    : [BatteryChange]updateStreamItem
11-03 11:53:18.484968  1686  1686 W AlarmManager: Unrecognized alarm listener com.android.server.job.controllers.-$$Lambda$IdleController$IdlenessTracker$nTdS-lGBXcES5VWKcJFmQFgU7IU@1ab437a
--------- switch to system
11-03 11:53:18.485186  1686  1686 V DreamService[AmbientDream]: detach(): Calling onDreamingStopped()
--------- switch to main
11-03 11:53:18.485275  1686  1686 I AmbientService: [ce6a28c] doOnDreamingStopped
11-03 11:53:18.485358  1686  1686 D WristGestureCtrl: Starting: GesturesEnabled-false UngazeEnabled-true
11-03 11:53:18.485407  1686  1686 D DefaultUngazeDetector: starting
11-03 11:53:18.485472  1686  1686 D DefaultUngazeDetector: startUngazeStateEstimation(). startTime = 68277915
11-03 11:53:18.485688  1686  1686 W AlarmManagerProxy: Removing unknown listener
11-03 11:53:18.487847   512   512 I sensors-hal: batch:140, android.sensor.accelerometer/48, period=19231000, max_latency=100000000
11-03 11:53:18.492213  2520  2520 D HOME    : [HomeVisitsLogger]Logging streamlet event: visit_start
11-03 11:53:18.492504  2520  2520 D HOME    : [HomeVisitsLogger]Logging streamlet event: exit_ambient_mode
11-03 11:53:18.492947  2520  2520 D HOME    : [HotwordController]updateClient MODE_WATCH_FACE false false false true
11-03 11:53:18.493256   512   512 I sensors-hal: batch:149, android.sensor.accelerometer/48, period=19231000, max_latency=100000000 request completed
11-03 11:53:18.493969  2520  2520 D HOME    : [WatchFaceUiController]setInAmbientMode false
11-03 11:53:18.494057  2520  2520 D HOME    : [WatchFaceUiController]sendWatchFaceServiceBinder
11-03 11:53:18.496055   512   512 I sensors-hal: flush:169, android.sensor.accelerometer/48
11-03 11:53:18.499692  2520  2520 D HOME    : [WatchFaceUiController]sendStateToWallpaper
11-03 11:53:18.500847   512   512 I sensors-hal: flush:175, android.sensor.accelerometer/48 completed
11-03 11:53:18.501460  2520  2520 D HOME    : [WatchFaceUiController]Showing watch face wallpaper.
11-03 11:53:18.501644  2520  2520 D HOME    : [WatchFaceUiController]sendStateToWallpaper
11-03 11:53:18.504735  2520  2520 D HOME    : [StreamDBQueue]Promised revision #5056 to queue a new op
11-03 11:53:18.505024  2520  2520 D WatchStreamManager: Promised rank-blocked=true @ r#5056
11-03 11:53:18.505471  2520  2520 D HOME    : [StreamDBQueue]Promised revision #5057 to queue a new op
11-03 11:53:18.505588  2520 13838 D HOME    : [WatchStreamDB]Item alerting conditions - isInterruptive: true, recentlyInterrupted: false, isItemPinned: false, isUnread: true
11-03 11:53:18.505604  2520  2520 D WatchStreamManager: Promised rank-blocked=true @ r#5057
11-03 11:53:18.505901  2520 13838 D HOME    : [StreamAlertingRegulator]isTheaterModeEnabled: false, isAlertingAllowedByOffBody: true, matchesLocalInterruptionFilter: true
11-03 11:53:18.506136  2520 13838 D HOME    : [WatchStreamDB]couldItemAlert: false, isTopItemChanged: false, isDeferralForTopItem: false
11-03 11:53:18.506188  2520  2520 D HOME    : [TilesController]Tile refresh optimization is enabled.
11-03 11:53:18.506506  2520  2520 D HOME    : [EventBus]Wrapper pool is full. Discarding excess wrapper instance for event com.google.android.clockwork.sysui.events.KeyguardStateEvent
11-03 11:53:18.506605  2520  2520 D HOME    : [WatchFaceUiController]sendStateToWallpaper
11-03 11:53:18.507093  2520 13838 D HOME    : [WatchStreamDB]Item alerting conditions - isInterruptive: true, recentlyInterrupted: false, isItemPinned: false, isUnread: true
11-03 11:53:18.510538  2520  2520 D HOME    : [EventBus]Wrapper pool is full. Discarding excess wrapper instance for event com.google.android.clockwork.sysui.events.KeyguardStateEvent
11-03 11:53:18.510904  2520  2520 D HOME    : [EventBus]Wrapper pool is full. Discarding excess wrapper instance for event com.google.android.clockwork.sysui.events.KeyguardStateEvent
11-03 11:53:18.519191  2520  2520 D HOME    : [WatchFaceUiController]sendStateToWallpaper
11-03 11:53:18.524567  2520  2520 W StaticLayout: maxLineHeight should not be -1.  maxLines:1 lineCount:1
11-03 11:53:18.524923  1686  1686 I AmbientService: [ce6a28c] No auto-resume Activity.
--------- switch to system
11-03 11:53:18.584377  1686  1686 W ContextImpl: Calling a method in the system process without a qualified user: android.app.ContextImpl.sendBroadcast:1020 android.content.ContextWrapper.sendBroadcast:449 com.google.android.wearable.ambient.AmbientDream.onDestroy:273 android.app.ActivityThread.handleStopService:3698 android.app.ActivityThread.access$1700:200 
--------- switch to main
11-03 11:53:18.585130  1686  1686 E AlarmManager: cancel() called with a null PendingIntent
--------- switch to system
11-03 11:53:18.585452  1686  1686 V DreamService[AmbientDream]: onDestroy()
--------- switch to main
11-03 11:53:18.591446  2520 13838 D HOME    : [StreamAlertingRegulator]isTheaterModeEnabled: false, isAlertingAllowedByOffBody: true, matchesLocalInterruptionFilter: true
11-03 11:53:18.591803  2520 13838 D HOME    : [WatchStreamDB]couldItemAlert: false, isTopItemChanged: false, isDeferralForTopItem: false
11-03 11:53:18.595726  2520  2520 D HOME    : [WatchFaceUiController]sendWatchFaceServiceBinder
11-03 11:53:18.601474  2520  2520 D HOME    : [WatchFaceUiController]sendProperties
11-03 11:53:18.603498  2520  2520 D HOME    : [WatchFaceUiController]sendStateToWallpaper
11-03 11:53:18.649604  1686  1686 I WearPower: [WearTouchMediator] changing touch input to enabled (ON_AUTO)
11-03 11:53:18.660373  1686  1759 I InputReader: Reconfiguring input devices.  changes=0x00000200
--------- switch to kernel
11-03 11:53:18.527445     0     0 I init    : processing action (ro.enable_core_ctl=true && sys.cw_corectl_mode=perf) from (/vendor/etc/init/hw/init.qcom.rc:954)
11-03 11:53:18.528619     0     0 I CPU2    : update cpu_capacity 1024
11-03 11:53:18.529466     0     0 W         : IRQ21 no longer affine to CPU2
11-03 11:53:18.530147     0     0 I CPU2    : shutdown
--------- switch to main
11-03 11:53:18.671543  1686  1686 W AlarmManagerProxy: Removing unknown listener
--------- switch to kernel
11-03 11:53:18.532278     0     0 I CPU3    : update cpu_capacity 1024
11-03 11:53:18.533156     0     0 W         : IRQ21 no longer affine to CPU3
11-03 11:53:18.533807     0     0 I CPU3    : shutdown
--------- switch to main
11-03 11:53:18.672824  1686  1686 W DefaultSettingsContentR: Value for ambient_low_bit_enabled not stored as number. Attempting parse as boolean.
11-03 11:53:18.687719  3205  3434 W WorkController: Loading failed for worker [trainingcache]: worker not found
11-03 11:53:18.688925  3205  3372 W A       : TrainingCache cache SCREEN_ON failure
11-03 11:53:18.688925  3205  3372 W A       : com.google.android.apps.gsa.search.core.service.h.a.a: No worker found for Worker ID [trainingcache].
11-03 11:53:18.688925  3205  3372 W A       : 	at com.google.android.apps.gsa.search.core.service.g.a.c.a(Unknown Source:5)
11-03 11:53:18.688925  3205  3372 W A       : 	at com.google.android.libraries.gsa.c.a.d.a(Unknown Source:3)
11-03 11:53:18.688925  3205  3372 W A       : 	at com.google.common.p.a.cg.c(Unknown Source:2)
11-03 11:53:18.688925  3205  3372 W A       : 	at com.google.common.p.a.bk.run(SourceFile:3)
11-03 11:53:18.688925  3205  3372 W A       : 	at com.google.common.p.a.ci.run(Unknown Source:4)
11-03 11:53:18.688925  3205  3372 W A       : 	at com.google.apps.tiktok.concurrent.ab.run(SourceFile:1)
11-03 11:53:18.688925  3205  3372 W A       : 	at java.util.concurrent.ThreadPoolExecutor.runWorker(ThreadPoolExecutor.java:1167)
11-03 11:53:18.688925  3205  3372 W A       : 	at java.util.concurrent.ThreadPoolExecutor$Worker.run(ThreadPoolExecutor.java:641)
11-03 11:53:18.688925  3205  3372 W A       : 	at com.google.apps.tiktok.concurrent.c.run(Unknown Source:4)
11-03 11:53:18.688925  3205  3372 W A       : 	at java.lang.Thread.run(Thread.java:764)
11-03 11:53:18.702468  2520 13835 D HOME    : [BatteryChange]batteryHistory size: 20'
11-03 11:53:18.702743  2520 13835 D HOME    : [BatteryChange]timeDelta: 14851677
11-03 11:53:18.702892  2520 13835 D HOME    : [BatteryChange]levelDelta: 21
11-03 11:53:18.721978  2520  2520 D HOME    : [StreamDBQueue]Promised revision #5058 to queue a new op
11-03 11:53:18.722210  2520  2520 D WatchStreamManager: Promised rank-blocked=true @ r#5058
11-03 11:53:18.723703  2520 13839 D HOME    : [WatchStreamDB]Item alerting conditions - isInterruptive: true, recentlyInterrupted: false, isItemPinned: false, isUnread: true
11-03 11:53:18.724001  2520 13839 D HOME    : [StreamAlertingRegulator]isTheaterModeEnabled: false, isAlertingAllowedByOffBody: true, matchesLocalInterruptionFilter: true
11-03 11:53:18.724190  2520 13839 D HOME    : [WatchStreamDB]couldItemAlert: false, isTopItemChanged: false, isDeferralForTopItem: false
11-03 11:53:18.738734 10095 10117 I droid.bluetoot: Background concurrent copying GC freed 9231(435KB) AllocSpace objects, 0(0B) LOS objects, 30% free, 1185KB/1697KB, paused 236us total 375.707ms
11-03 11:53:18.864735   512  1749 I sensors-hal: activate:107, android.sensor.light/46 en=0
11-03 11:53:18.865574   512  1749 I sensors-hal: activate:118, android.sensor.light/46 en=0 completed
11-03 11:53:18.867640   512  1749 I sensors-hal: batch:140, android.sensor.light/46, period=250000000, max_latency=0
11-03 11:53:18.867698   512  1749 I sensors-hal: batch:149, android.sensor.light/46, period=250000000, max_latency=0 request completed
11-03 11:53:18.868051   512  1749 I sensors-hal: activate:107, android.sensor.light/46 en=1
11-03 11:53:18.869369   512  1749 I sensors-hal: ssc_enable_rt_task:254, ssc_enable_rt_task : true
11-03 11:53:18.875650   512  1749 I sensors-hal: activate:118, android.sensor.light/46 en=1 completed
--------- switch to system
11-03 11:53:18.881691  1686  1686 V SettingsProvider: Notifying for 0: content://settings/system/screen_brightness
--------- switch to main
11-03 11:53:18.882800  1686  1686 I SidekickService: loadBrightnessLocked()
11-03 11:53:18.883394  1686  1686 D SidekickService: screenBrightness  = 53
11-03 11:53:18.883932  1686  1686 D SidekickService: sendConfigValuesLocked(): alsThresholds = [40, 92, 95, 100, 125, 150, 175, 200, 225, 250, 300, 400, 500, 800, 1200], brightnessValuesBright = [50, 56, 60, 70, 80, 90, 100, 115, 120, 140, 160, 180, 200, 220, 240, 255], brightnessValuesDim= [50, 56, 60, 70, 80, 90, 100, 115, 120, 140, 160, 180, 200, 220, 240, 255]
11-03 11:53:18.894078  1686  1686 D SidekickService: setAlsMode(): mode = 2, brightenAlpha = 80, dimmingAlpha = 80
11-03 11:53:18.906475  1686  1686 D SidekickService: setTwmConfig():: msTiltToBright = 10000, tiltToBright = false
11-03 11:53:18.944857   512 13899 I sensors-hal: handle_indication_realtime:355,  SCHED_FIFO(10) for qmi_cbk
11-03 11:53:19.413034  1686  1696 I system_server: Background concurrent copying GC freed 42428(2MB) AllocSpace objects, 17(564KB) LOS objects, 19% free, 10MB/12MB, paused 383us total 291.356ms
11-03 11:53:20.183543   512   512 I sensors-hal: batch:140, android.sensor.accelerometer/48, period=66667000, max_latency=100000000
11-03 11:53:20.186659   512   512 I sensors-hal: batch:149, android.sensor.accelerometer/48, period=66667000, max_latency=100000000 request completed
11-03 11:53:20.187568  1686  1686 D DefaultUngazeDetector: Ungaze event occurred; emitting gesture event!
11-03 11:53:20.187683  1686  1686 D WristGestureCtrl: Gesture:GESTURE UNGAZE, timestamp(ms): 68277915, confidence: 0.0, latency(ms): 0, duration(ms): 1702
11-03 11:53:20.189394   512   512 I sensors-hal: batch:140, android.sensor.accelerometer/48, period=19231000, max_latency=100000000
11-03 11:53:20.190913   512   512 I sensors-hal: batch:149, android.sensor.accelerometer/48, period=19231000, max_latency=100000000 request completed
11-03 11:53:20.191261   512   512 I sensors-hal: flush:169, android.sensor.accelerometer/48
--------- switch to system
11-03 11:53:20.191317  1686  1686 I WindowManager: sleepRelease() calling goToSleep(GO_TO_SLEEP_REASON_SLEEP_BUTTON)
11-03 11:53:20.191507  1686  1686 I PowerManagerService: Going to sleep due to sleep button (uid 1000)...
11-03 11:53:20.192485  1686  1712 I DreamManagerService: Entering dreamland.
11-03 11:53:20.193036  1686  1712 I PowerManagerService: Dozing...
11-03 11:53:20.193291  1686  1686 W UsageStatsService: Event reported without a package name
--------- switch to main
11-03 11:53:20.193757   512   512 I sensors-hal: flush:175, android.sensor.accelerometer/48 completed
--------- switch to system
11-03 11:53:20.210600  1686  1708 I DreamController: Starting dream: name=ComponentInfo{com.google.android.wearable.ambient/com.google.android.wearable.ambient.AmbientDream}, isTest=false, canDoze=true, userId=0
11-03 11:53:20.221868  1686  1686 W ContextImpl: Calling a method in the system process without a qualified user: android.app.ContextImpl.bindService:1611 android.content.ContextWrapper.bindService:698 com.google.android.wearable.ambient.AmbientDream.onCreate:191 android.app.ActivityThread.handleCreateService:3533 android.app.ActivityThread.access$1300:200 
11-03 11:53:20.229745  1686  1686 W ContextImpl: Calling a method in the system process without a qualified user: android.app.ContextImpl.sendBroadcast:1005 android.content.ContextWrapper.sendBroadcast:444 com.google.android.wearable.ambient.AmbientDream.onCreate:241 android.app.ActivityThread.handleCreateService:3533 android.app.ActivityThread.access$1300:200 
11-03 11:53:20.230887  1686  1686 V DreamService[AmbientDream]: onBind() intent = Intent { act=android.service.dreams.DreamService flg=0x800000 cmp=com.google.android.wearable.ambient/.AmbientDream }
--------- switch to main
11-03 11:53:20.232444  1686  1686 I AmbientService: [ce6a28c] Ambient Created
--------- switch to system
11-03 11:53:20.233408  1686  1686 V DreamService[AmbientDream]: Calling onDreamingStarted()
--------- switch to main
11-03 11:53:20.233510  1686  1686 I AmbientService: [ce6a28c] doOnDreamingStarted
11-03 11:53:20.233913  1686  1686 D SidekickService: setShouldControlDisplay called: true
11-03 11:53:20.234653  1686  1686 I AmbientService: [ce6a28c] Selected running activity for ambient mode: AmbientActivity[component=ComponentInfo{com.google.android.wearable.app/com.google.android.clockwork.home2.activity.HomeActivity2}, callbacks=@210b385, running=true, ambientRequested=true, ambientEnabled=true, offloadEnabled=true]
11-03 11:53:20.235162  1686  1686 I AmbientService: [ce6a28c] Sidekick is ready to display, requesting doze.
11-03 11:53:20.235651  1686  1686 I AmbientService: [ce6a28c] No auto-resume Activity.
11-03 11:53:20.236933  1686  1686 W DefaultSettingsContentR: Value for ambient_low_bit_enabled not stored as number. Attempting parse as boolean.
11-03 11:53:20.239744  2520  2520 D HOME    : [HomeVisitsLogger]Logging streamlet event: enter_ambient_mode
11-03 11:53:20.240325  2520  2520 D HOME    : [HotwordController]updateClient MODE_WATCH_FACE false true false true
11-03 11:53:20.252903  1686  1686 I AmbientService: [ce6a28c] Showing watch face in offload mode, canceling alarm.
11-03 11:53:20.253001  1686  1686 W AlarmManagerProxy: Removing unknown listener
11-03 11:53:20.253093  1686  1686 D WristGestureCtrl: Stopping detectors: GesturesEnabled-false gestureDetector-false ungazeEnabled-true ungaze-true
11-03 11:53:20.253127  1686  1686 D DefaultUngazeDetector: stopping
11-03 11:53:20.257873   512   512 I sensors-hal: batch:140, android.sensor.accelerometer/48, period=66667000, max_latency=100000000
11-03 11:53:20.259472   512   512 I sensors-hal: batch:149, android.sensor.accelerometer/48, period=66667000, max_latency=100000000 request completed
11-03 11:53:20.262655  2520 13835 D HOME    : [HomeVisitsLogger]Logging streamlet event: visit_end
11-03 11:53:20.280275  2520  2520 D HOME    : [WatchFaceUiController]setInAmbientMode true
11-03 11:53:20.281851  2520  2520 D HOME    : [StreamDBQueue]Promised revision #5059 to queue a new op
11-03 11:53:20.282042  2520  2520 D WatchStreamManager: Promised rank-blocked=false @ r#5059
11-03 11:53:20.282358  2520  2520 D HOME    : [StreamDBQueue]Promised revision #5060 to queue a new op
11-03 11:53:20.282507  2520  2520 D WatchStreamManager: Promised rank-blocked=false @ r#5060
11-03 11:53:20.283199  2520  2520 D HOME    : [EventBus]Wrapper pool is full. Discarding excess wrapper instance for event com.google.android.clockwork.sysui.events.KeyguardStateEvent
11-03 11:53:20.283297  2520  2520 D HOME    : [WatchFaceUiController]sendStateToWallpaper
11-03 11:53:20.283510  2520 13838 D HOME    : [StreamDBQueue]Promised revision #5061 to queue a new op
11-03 11:53:20.283613  2520 13838 D WatchStreamManager: Promised rerank @ r#5061
11-03 11:53:20.284790  2520  2520 D HOME    : [EventBus]Wrapper pool is full. Discarding excess wrapper instance for event com.google.android.clockwork.sysui.events.KeyguardStateEvent
11-03 11:53:20.284991  2520  2520 D HOME    : [EventBus]Wrapper pool is full. Discarding excess wrapper instance for event com.google.android.clockwork.sysui.events.KeyguardStateEvent
11-03 11:53:20.285657  2520 13839 D HOME    : [WatchStreamDB]Item alerting conditions - isInterruptive: true, recentlyInterrupted: false, isItemPinned: false, isUnread: true
11-03 11:53:20.285992  2520 13839 D HOME    : [StreamAlertingRegulator]isTheaterModeEnabled: false, isAlertingAllowedByOffBody: true, matchesLocalInterruptionFilter: true
11-03 11:53:20.286168  2520 13839 D HOME    : [WatchStreamDB]couldItemAlert: false, isTopItemChanged: false, isDeferralForTopItem: false
11-03 11:53:20.286871  2520 13839 D HOME    : [WatchStreamDB]Item alerting conditions - isInterruptive: true, recentlyInterrupted: false, isItemPinned: false, isUnread: true
11-03 11:53:20.287770  2520 13835 I SidekickManager: replaceWatchFaceComponentsImpl(): watchFace = com.google.android.clockwork.decomposablewatchface.WatchFaceDecomposition@6f7ad2e
11-03 11:53:20.297618  2520  2520 W StaticLayout: maxLineHeight should not be -1.  maxLines:1 lineCount:1
11-03 11:53:20.287113  2520 13839 D HOME    : [StreamAlertingRegulator]isTheaterModeEnabled: false, isAlertingAllowedByOffBody: true, matchesLocalInterruptionFilter: true
11-03 11:53:20.305117  2520 13839 D HOME    : [WatchStreamDB]couldItemAlert: false, isTopItemChanged: false, isDeferralForTopItem: false
11-03 11:53:20.305553  2520 13839 D HOME    : [WatchStreamDB]updateRanking()
11-03 11:53:20.305986  2520 13839 D HOME    : [WatchStreamDB]Item alerting conditions - isInterruptive: true, recentlyInterrupted: false, isItemPinned: false, isUnread: true
11-03 11:53:20.306235  2520 13839 D HOME    : [StreamAlertingRegulator]isTheaterModeEnabled: false, isAlertingAllowedByOffBody: true, matchesLocalInterruptionFilter: true
11-03 11:53:20.306395  2520 13839 D HOME    : [WatchStreamDB]couldItemAlert: false, isTopItemChanged: false, isDeferralForTopItem: false
11-03 11:53:20.306847  2520 13839 D HOME    : [NewStreamAdapter]Publishing revision #5061 to adapter clients
11-03 11:53:20.309227  2520 13838 D HOME    : [StreamDBQueue]Promised revision #5062 to queue a new op
11-03 11:53:20.316999  1686  5849 D SidekickService: sendWatchFaceComponents called: watchFace = com.google.android.clockwork.decomposablewatchface.WatchFaceDecomposition@4e8eaaashouldReplace = false
--------- switch to kernel
11-03 11:53:20.177629     0     0 E FG      : fg_psy_get_property: unsupported property 7
11-03 11:53:20.179372     0     0 W healthd : battery l=7 v=3614 t=30.0 h=2 st=3 c=146 fc=443000 cc=0 chg=
--------- switch to main
11-03 11:53:20.317288  1686  5849 D SidekickService: Check decomposition for calling app com.google.android.wearable.app with uid 10049
11-03 11:53:20.317847  1686  5849 D SidekickService: sendWatchFaceLocked(): shouldReplace = false, mSidekickIsControlling = false, 1 images, 0 fonts, 0 numbers, 0 proportionalFonts, 0 strings
11-03 11:53:20.317920  1686  5849 D SidekickService: ISidekickGraphics#beginResources()...
11-03 11:53:20.320122  1686  5849 D SidekickServiceUtils: bitmapFromDrawable: Returning bitmap directly
11-03 11:53:20.324915  1686  5849 D SidekickService: sendBitmapsLocked(): bounds = RectF(0.47115386, 0.33653846, 0.52884614, 0.39423078), drawableInfo = {.id = 100000, .width = 24, .height = 24, .display = true, .offsetX = 193.0, .offsetY = 137.0, .rotationInfo = {.hasRotation = false, .pivotX = 0.0, .pivotY = 0.0, .degreesPerDay = 0.0, .degreesPerStep = 0.0, .zeroDegreesTime = {.daysSinceLocalEpoch = 0, .msSinceMidnight = 0}}, .transformInfo = {.transformed = false, .flipX = false, .flipY = false, .flip45 = false, .scaleX = 0.0, .scaleY = 0.0}, .type = GENERIC, .blink = {.blinking = false, .periodOnMs = 0.0, .periodOffMs = 0.0, .startTime = {.daysSinceLocalEpoch = 0, .msSinceMidnight = 0}}, .zOrder = 8, .displayInTwm = true}, image.size() = 97
11-03 11:53:20.325778   416  1715 D SKGHAL  : saveResource: resId = 100000
11-03 11:53:20.326363  1686  5849 D SidekickService: sendBitmapsLocked(): status = 0, bytesUsed = 64
11-03 11:53:20.326508  1686  5849 D SidekickService: ISidekickGraphics#endResources()...
11-03 11:53:20.330661  1956  1956 D QtiCarrierConfigHelper: WARNING, no carrier configs on phone Id: 0
11-03 11:53:20.338161  2520 13838 D WatchStreamManager: Promised rerank @ r#5062
11-03 11:53:20.341455  2520 13836 D HOME    : [WatchStreamDB]updateRanking()
11-03 11:53:20.342602  2520  2520 D HOME    : [BatteryChange]action: android.intent.action.BATTERY_CHANGED
11-03 11:53:20.344187   512  1749 I sensors-hal: activate:107, android.sensor.light/46 en=0
11-03 11:53:20.344796  2520 13836 D HOME    : [WatchStreamDB]Item alerting conditions - isInterruptive: true, recentlyInterrupted: false, isItemPinned: false, isUnread: true
11-03 11:53:20.344925   512  1749 I sensors-hal: activate:118, android.sensor.light/46 en=0 completed
11-03 11:53:20.345145  2520 13836 D HOME    : [StreamAlertingRegulator]isTheaterModeEnabled: false, isAlertingAllowedByOffBody: true, matchesLocalInterruptionFilter: true
11-03 11:53:20.345359  2520 13836 D HOME    : [WatchStreamDB]couldItemAlert: false, isTopItemChanged: false, isDeferralForTopItem: false
11-03 11:53:20.346836  2520 12958 D HOME    : [BatteryChange]HandleBatteryChangedTask
11-03 11:53:20.347231  2520 12958 D HOME    : [BatteryChange]level: 7, status: 3
--------- switch to system
11-03 11:53:20.347516  1686  1710 I DisplayManagerService: Display device changed state: "Écran intégré", DOZE_SUSPEND
--------- switch to main
11-03 11:53:20.347901  2520 12958 D HOME    : [BatteryChange]updateStreamItem
11-03 11:53:20.352707   545   545 D SurfaceFlinger: Set power mode=3, type=0 flinger=0xb6bb6000
11-03 11:53:20.353206   504   761 I SDM     : DisplayBase::SetDisplayState: Set state = 3, display 0
11-03 11:53:20.380154  2520 12958 D HOME    : [BatteryChange]batteryHistory size: 20'
11-03 11:53:20.380357  2520 12958 D HOME    : [BatteryChange]timeDelta: 14851677
11-03 11:53:20.380681  2520 12958 D HOME    : [BatteryChange]levelDelta: 21
11-03 11:53:20.383268  1686  1759 I InputReader: Reconfiguring input devices.  changes=0x00000004
11-03 11:53:20.384529  2520 13836 D HOME    : [NewStreamAdapter]Publishing revision #5062 to adapter clients
11-03 11:53:20.392759   545   545 D SurfaceFlinger: Finished set power mode=3, type=0
--------- switch to kernel
11-03 11:53:20.217435     0     0 I mdss_dsi_panel_set_idle_mode: Idle (0->1)
11-03 11:53:20.253830     0     0 I         : [touch]FB_BLANK_VSYNC_SUSPEND
11-03 11:53:20.253835     0     0 I         : [touch]irq disable
11-03 11:53:20.253839     0     0 I         : [touch]workqueue is empty!
11-03 11:53:20.253842     0     0 I         : [touch]raydium_ts_do_suspend.
11-03 11:53:20.253851     0     0 I         : [touch]Device may wakeup
11-03 11:53:20.256670     0     0 I         : [touch]irq enable
--------- switch to main
11-03 11:53:20.579316   416  1715 D SKGHAL  : sendResources: metadata size = 2400, font size = 72
11-03 11:53:20.645468   416  1715 D SKGHAL  : endResources: rc = 0
11-03 11:53:20.646276  1686  1823 I SidekickService: beginDisplayLocked(): DOZE_SUSPEND
11-03 11:53:20.647247  2520  2520 D HOME    : [SidekickManagerAsync]replaceWatchFaceComponents(): Callback#onResult(): 0
11-03 11:53:20.647721  2520  2520 D HOME    : [WatchFaceUiController]Complication updates sent, posting watch face hiding
11-03 11:53:20.647863  2520  2520 D HOME    : [WatchFaceUiController]Still in ambient watch face, hiding
11-03 11:53:20.647932  2520  2520 D HOME    : [WatchFaceUiController]Hiding watch face wallpaper.
11-03 11:53:20.650228   416  2389 D SKGHAL  : sendAmbientPrepare: enter:
11-03 11:53:20.769064   416  2389 D SKGHAL  : sendAmbientEvent: enter: enable = 1
11-03 11:53:20.769935   504   523 I SDM     : DisplayBase::SetDisplayState: Set state = 4, display 0
11-03 11:53:20.810815   504   523 D SDM     : HWCDisplayPrimary::SetStandByMode: Null display is connected successfully
11-03 11:53:20.811196   416  2389 D SKGHAL  : standBy_update_control call succeed on 1
11-03 11:53:20.821536   416  2389 D SKGHAL  : sendAmbientEvent: done: enable = 1
11-03 11:53:20.822038  1686  1823 D SidekickService:    ... beginDisplay result: 0 for halPower: 1
11-03 11:53:20.825925   512  1749 I sensors-hal: activate:107, android.sensor.accelerometer/48 en=0
11-03 11:53:20.827512   512  1749 I sensors-hal: activate:118, android.sensor.accelerometer/48 en=0 completed
--------- switch to kernel
11-03 11:53:20.695238     0     0 E bgrsb   : bgrsb_enable: gpio 32 is valid
--------- switch to main
11-03 11:53:20.861782  1686  1686 I WearPower: [WearTouchMediator] changing touch input to enabled (ON_AUTO)
11-03 11:53:20.863100  1686  1759 I InputReader: Reconfiguring input devices.  changes=0x00000200
--------- switch to kernel
11-03 11:53:20.732002     0     0 I init    : processing action (ro.enable_core_ctl=true && sys.cw_corectl_mode=idle) from (/vendor/etc/init/hw/init.qcom.rc:949)
--------- switch to main
11-03 11:53:20.876381  1686  1686 I AmbientService: [ce6a28c] Timeout alarm not required, auto-resume timeout handled by dream.
11-03 11:53:20.890174  3205  3434 W WorkController: Loading failed for worker [trainingcache]: worker not found
11-03 11:53:20.891063  3205  3294 W A       : TrainingCache cache SCREEN_OFF failure
11-03 11:53:20.891063  3205  3294 W A       : com.google.android.apps.gsa.search.core.service.h.a.a: No worker found for Worker ID [trainingcache].
11-03 11:53:20.891063  3205  3294 W A       : 	at com.google.android.apps.gsa.search.core.service.g.a.c.a(Unknown Source:5)
11-03 11:53:20.891063  3205  3294 W A       : 	at com.google.android.libraries.gsa.c.a.d.a(Unknown Source:3)
11-03 11:53:20.891063  3205  3294 W A       : 	at com.google.common.p.a.cg.c(Unknown Source:2)
11-03 11:53:20.891063  3205  3294 W A       : 	at com.google.common.p.a.bk.run(SourceFile:3)
11-03 11:53:20.891063  3205  3294 W A       : 	at com.google.common.p.a.ci.run(Unknown Source:4)
11-03 11:53:20.891063  3205  3294 W A       : 	at com.google.apps.tiktok.concurrent.ab.run(SourceFile:1)
11-03 11:53:20.891063  3205  3294 W A       : 	at java.util.concurrent.ThreadPoolExecutor.runWorker(ThreadPoolExecutor.java:1167)
11-03 11:53:20.891063  3205  3294 W A       : 	at java.util.concurrent.ThreadPoolExecutor$Worker.run(ThreadPoolExecutor.java:641)
11-03 11:53:20.891063  3205  3294 W A       : 	at com.google.apps.tiktok.concurrent.c.run(Unknown Source:4)
11-03 11:53:20.891063  3205  3294 W A       : 	at java.lang.Thread.run(Thread.java:764)
11-03 11:53:20.906837  2520  2520 D HOME    : [StreamDBQueue]Promised revision #5063 to queue a new op
11-03 11:53:20.907099  2520  2520 D WatchStreamManager: Promised rank-blocked=false @ r#5063
11-03 11:53:20.907304  2520  2520 D HOME    : [CompactHunStarter]detachWindow()
--------- switch to system
11-03 11:53:20.911691   618   618 W wificond: Skip match ssid for pno scan: Wifirst Les Valmonts, Pauline, HUAWEI-F3EF, PUBLIC WIFI Groupe Televerbier, TMR_PUBLIC_WIFI, SFR_1AE0, BINLAR_2.4G, Sira-WiFi, iPhone S, Siam Garden Cooking School, .@AirportAISFreeWiFi, iPhone de Ameulie, Paulo's iPhone, Beach  Park Hostel & Tree Bar, The Big_Easy, AndroidAPEC14, _VINCI Airports wifi, Yolo Hostel, .@AirportDTACFreeWiFi,    .@ TRUEWIFI, .@ AIS SUPER WiFi, .@AirportTrueFreeWiFi,     King Power,  Free Airport-Google WiFi by CAT, BangkokAirways, UPC5616060, ColocMegy, jcmjsm, iPhone Consti, ASGARD, FMEL, Florence 2.4Ghz, BENJI, IBIS_STYLES_NANTES_CENTRE_GARE_N, LACENNE , Jack's iPhone, Salt_2GHz_28C9D0, Salt_5GHz_28C9D0, Yah Hallo, ASGARD-24G, Livebox-22B4, LeBOen, App_111, Michaud1936, _VT21-VISITORS_, Sebi, RAFA 5, Verkehrshaus, iPhone, MONZOON, igluna-public, kepler, _WIFI_LYRIA, HUAWEI-C452, Vodafone-A54562143, WiFiFrecce, OSoleMioWifi, VodafoneDepretis19, SanLorenzo, Live Hotels Guest, Franci , iPhone de Soline, viktoria_intern, UPC7759032, Vodafone-4D65, WIFI
--------- switch to main
11-03 11:53:20.913308  2520 13835 D HOME    : [WatchStreamDB]Item alerting conditions - isInterruptive: true, recentlyInterrupted: false, isItemPinned: false, isUnread: true
11-03 11:53:20.913607  2520 13835 D HOME    : [StreamAlertingRegulator]isTheaterModeEnabled: false, isAlertingAllowedByOffBody: true, matchesLocalInterruptionFilter: true
11-03 11:53:20.913814  2520 13835 D HOME    : [WatchStreamDB]couldItemAlert: false, isTopItemChanged: false, isDeferralForTopItem: false
11-03 11:53:20.914603  2520 12958 D HOME    : [StreamDBQueue]Promised revision #5064 to queue a new op
11-03 11:53:20.914786  2520 12958 D WatchStreamManager: Promised rerank @ r#5064
11-03 11:53:20.917816  2520 13838 D HOME    : [WatchStreamDB]updateRanking()
11-03 11:53:20.918420  2520 13838 D HOME    : [WatchStreamDB]Item alerting conditions - isInterruptive: true, recentlyInterrupted: false, isItemPinned: false, isUnread: true
11-03 11:53:20.918729  2520 13838 D HOME    : [StreamAlertingRegulator]isTheaterModeEnabled: false, isAlertingAllowedByOffBody: true, matchesLocalInterruptionFilter: true
11-03 11:53:20.918928  2520 13838 D HOME    : [WatchStreamDB]couldItemAlert: false, isTopItemChanged: false, isDeferralForTopItem: false
11-03 11:53:20.919452  2520 13838 D HOME    : [NewStreamAdapter]Publishing revision #5064 to adapter clients
--------- switch to kernel
11-03 11:53:20.936115     0     0 I PM      : suspend entry 2021-11-03 10:53:20.936115197 UTC
--------- switch to system
11-03 11:53:20.947612   618   618 I wificond: Pno scan started
--------- switch to kernel
11-03 11:53:20.936125     0     0 I PM      : Syncing filesystems ... done.
11-03 11:53:20.963158     0     0 I         : Freezing user space processes ... (elapsed 0.005 seconds) done.
11-03 11:53:20.968801     0     0 I         : Freezing remaining freezable tasks ... (elapsed 0.002 seconds) done.
11-03 11:53:20.971802     0     0 I         : Suspending console(s) (use no_console_suspend to debug)
11-03 11:53:20.982117     0     0 I mdss_dsi_panel_set_idle_mode: Idle (1->1)
11-03 11:53:21.021841     0     0 I bgcom   : bgcom_pm_suspend: suspended with : 0
11-03 11:53:21.044165    11    11 E         : [11:53:21.044169] [0000013145D8ED26] [Power]  wlan: [E :HDD] hdd_is_apps_power_collapse_allowed: do not allow APPS power collapse-pmcState = 1 scanRspPending = 0 inMiddleOfRoaming = 0 connected = 0
11-03 11:53:21.044203    11    11 E         : [11:53:21.044212] [0000013145D8F05C] [Power]  wlan: [F :HDD] __hddDevSuspendHdlr: Not able to suspend wlan
11-03 11:53:21.044218     0     0 E dpm_run_callback(): platform_pm_suspend+0x0/0x50 returns -1
11-03 11:53:21.044223     0     0 E PM      : Device a000000.qcom,wcnss-wlan failed to suspend: error -1
11-03 11:53:21.044229     0     0 E PM      : Some devices failed to suspend, or early wake event detected
11-03 11:53:21.067761     0     0 I bgcom   : bgcom_pm_resume: Bgcom resumed with : 0
11-03 11:53:21.077467     0     0 I mdss_dsi_panel_set_idle_mode: Idle (1->1)
11-03 11:53:21.111703     0     0 I PM      : resume of devices complete after 67.457 msecs
11-03 11:53:21.118243     0     0 I         : Restarting tasks ...
11-03 11:53:21.118550     0     0 E mdss_dsi_gen_read_status: Read back value from panel is incorrect
11-03 11:53:21.119767     0     0 W QSEECOM : qseecom_receive_req: Interrupted: exiting Listener Service = 8192
11-03 11:53:21.119813     0     0 W QSEECOM : qseecom_receive_req: Interrupted: exiting Listener Service = 10
11-03 11:53:21.119849     0     0 W QSEECOM : qseecom_receive_req: Interrupted: exiting Listener Service = 12288
11-03 11:53:21.119878     0     0 W QSEECOM : qseecom_receive_req: Interrupted: exiting Listener Service = 28672
11-03 11:53:21.122819     0     0 W QSEECOM : qseecom_receive_req: Interrupted: exiting Listener Service = 11
11-03 11:53:21.126409     0     0 I         : done.
11-03 11:53:21.127088     0     0 I PM      : suspend exit 2021-11-03 10:53:21.127088843 UTC
11-03 11:53:21.328586     0     0 I PM      : suspend entry 2021-11-03 10:53:21.328586863 UTC
--------- switch to system
11-03 11:53:24.232698  1686  1686 I PowerManagerService: Waking up from dozing (uid=1000 reason=tiltToWake)...
--------- switch to kernel
11-03 11:53:21.328601     0     0 I PM      : Syncing filesystems ... done.
11-03 11:53:21.436836     0     0 I         : Freezing user space processes ... (elapsed 0.007 seconds) done.
11-03 11:53:21.444168     0     0 I         : Freezing remaining freezable tasks ... (elapsed 0.004 seconds) done.
11-03 11:53:21.448340     0     0 I         : Suspending console(s) (use no_console_suspend to debug)
11-03 11:53:21.460155     0     0 I mdss_dsi_panel_set_idle_mode: Idle (1->1)
11-03 11:53:21.502766     0     0 I bgcom   : bgcom_pm_suspend: suspended with : 0
11-03 11:53:21.538384     0     0 I PM      : suspend of devices complete after 87.816 msecs
11-03 11:53:21.543904     0     0 I PM      : late suspend of devices complete after 5.479 msecs
11-03 11:53:21.549700     0     0 I PM      : noirq suspend of devices complete after 5.769 msecs
11-03 11:53:21.549712     0     0 I         : Disabling non-boot CPUs ...
11-03 11:53:21.568639     0     0 W         : IRQ21 no longer affine to CPU1
11-03 11:53:21.570504     0     0 I CPU1    : shutdown
11-03 11:53:21.572948     0     0 I suspend ns: 4347719723036	suspend cycles:    1311147022166
11-03 11:53:21.572926     0     0 I CPU0    : msm_cpu_pm_enter_sleep mode:3 during suspend
11-03 11:53:21.572926     0     0 I         : Suspended for 2.557 seconds
11-03 11:53:21.572926     0     0 I resume cycles: 1311196126890
11-03 11:53:21.573491     0     0 I         : Enabling non-boot CPUs ...
11-03 11:53:21.574336     0     0 I CPU1    : update cpu_capacity 1024
11-03 11:53:21.575814     0     0 I         : CPU1 is up
11-03 11:53:21.577367     0     0 I CPU1    : update max cpu_capacity 748
11-03 11:53:21.579793     0     0 I PM      : noirq resume of devices complete after 3.646 msecs
11-03 11:53:21.585314     0     0 I PM      : early resume of devices complete after 4.038 msecs
11-03 11:53:21.614510     0     0 I bgcom   : bgcom_pm_resume: Bgcom resumed with : 0
11-03 11:53:21.624610     0     0 I mdss_dsi_panel_set_idle_mode: Idle (1->1)
11-03 11:53:21.661329     0     0 I PM      : resume of devices complete after 75.984 msecs
11-03 11:53:21.664718     0     0 I         : Restarting tasks ...
11-03 11:53:21.669695     0     0 W QSEECOM : qseecom_receive_req: Interrupted: exiting Listener Service = 8192
11-03 11:53:21.669786     0     0 W QSEECOM : qseecom_receive_req: Interrupted: exiting Listener Service = 11
11-03 11:53:21.671743     0     0 W QSEECOM : qseecom_receive_req: Interrupted: exiting Listener Service = 12288
11-03 11:53:21.671809     0     0 W QSEECOM : qseecom_receive_req: Interrupted: exiting Listener Service = 10
11-03 11:53:21.671849     0     0 W QSEECOM : qseecom_receive_req: Interrupted: exiting Listener Service = 28672
11-03 11:53:21.680686     0     0 I         : done.
11-03 11:53:24.239257     0     0 I PM      : suspend exit 2021-11-03 10:53:24.239257904 UTC
--------- switch to system
11-03 11:53:24.256289  1686  1686 W UsageStatsService: Event reported without a package name
--------- switch to kernel
11-03 11:53:24.264559     0     0 E FG      : fg_psy_get_property: unsupported property 7
11-03 11:53:24.131518     0     0 W healthd : battery l=7 v=3685 t=29.0 h=2 st=3 c=30 fc=443000 cc=0 chg=
--------- switch to main
11-03 11:53:24.283507   512   512 I sensors-hal: batch:140, android.sensor.light/46, period=100000000, max_latency=0
11-03 11:53:24.283584   512   512 I sensors-hal: batch:149, android.sensor.light/46, period=100000000, max_latency=0 request completed
11-03 11:53:24.285621   512   512 I sensors-hal: activate:107, android.sensor.light/46 en=1
11-03 11:53:24.286062   512   512 I sensors-hal: ssc_enable_rt_task:254, ssc_enable_rt_task : true
11-03 11:53:24.289137   512   512 I sensors-hal: activate:118, android.sensor.light/46 en=1 completed
11-03 11:53:24.292297  1686  1823 I SidekickService: endDisplayLocked()
11-03 11:53:24.293071   416  2389 D SKGHAL  : sendAmbientEvent: enter: enable = 0
--------- switch to system
11-03 11:53:24.293229  1686  1710 I DisplayManagerService: Display device changed state: "Écran intégré", ON
--------- switch to main
11-03 11:53:24.299315   512   512 I sensors-hal: batch:140, android.sensor.accelerometer/48, period=66667000, max_latency=100000000
11-03 11:53:24.299414   512   512 I sensors-hal: batch:149, android.sensor.accelerometer/48, period=66667000, max_latency=100000000 request completed
11-03 11:53:24.299802   512   512 I sensors-hal: activate:107, android.sensor.accelerometer/48 en=1
11-03 11:53:24.300191   512   512 I sensors-hal: ssc_enable_rt_task:254, ssc_enable_rt_task : true
11-03 11:53:24.318648  4243  4243 D OMService: onDisplayChanged: not dozing
11-03 11:53:24.321082  1686  1759 I InputReader: Reconfiguring input devices.  changes=0x00000004
11-03 11:53:24.321257   512   512 I sensors-hal: activate:118, android.sensor.accelerometer/48 en=1 completed
--------- switch to kernel
11-03 11:53:24.229265     0     0 E bgrsb   : bgrsb_enable: rsb will set report rate
11-03 11:53:24.240941     0     0 E bgrsb   : bgrsb_enable: gpio 32 is valid
--------- switch to main
11-03 11:53:24.342030  2520  2520 D HOME    : [BatteryChange]action: android.intent.action.BATTERY_CHANGED
11-03 11:53:24.342991  1956  1956 D QtiCarrierConfigHelper: WARNING, no carrier configs on phone Id: 0
11-03 11:53:24.343734  2520 12958 D HOME    : [BatteryChange]HandleBatteryChangedTask
11-03 11:53:24.344462  2520 12958 D HOME    : [BatteryChange]level: 7, status: 3
11-03 11:53:24.345903  2520 12958 D HOME    : [BatteryChange]updateStreamItem
--------- switch to system
11-03 11:53:24.348028  1686  1702 W BroadcastQueue: Background execution not allowed: receiving Intent { act=android.intent.action.USER_PRESENT flg=0x10 } to com.google.android.gms/.auth.setup.devicesignals.LockScreenReceiver
--------- switch to main
11-03 11:53:24.357759  3205  3434 W WorkController: Loading failed for worker [trainingcache]: worker not found
--------- switch to system
11-03 11:53:24.356727  1686  1702 W BroadcastQueue: Background execution not allowed: receiving Intent { act=android.intent.action.USER_PRESENT flg=0x10 } to com.google.android.gms/.chimera.GmsIntentOperationService$PersistentTrustedReceiver
--------- switch to main
11-03 11:53:24.363048  3205  3372 W A       : TrainingCache cache DEVICE_UNLOCKED failure
11-03 11:53:24.363048  3205  3372 W A       : com.google.android.apps.gsa.search.core.service.h.a.a: No worker found for Worker ID [trainingcache].
11-03 11:53:24.363048  3205  3372 W A       : 	at com.google.android.apps.gsa.search.core.service.g.a.c.a(Unknown Source:5)
11-03 11:53:24.363048  3205  3372 W A       : 	at com.google.android.libraries.gsa.c.a.d.a(Unknown Source:3)
11-03 11:53:24.363048  3205  3372 W A       : 	at com.google.common.p.a.cg.c(Unknown Source:2)
11-03 11:53:24.363048  3205  3372 W A       : 	at com.google.common.p.a.bk.run(SourceFile:3)
11-03 11:53:24.363048  3205  3372 W A       : 	at com.google.common.p.a.ci.run(Unknown Source:4)
11-03 11:53:24.363048  3205  3372 W A       : 	at com.google.apps.tiktok.concurrent.ab.run(SourceFile:1)
11-03 11:53:24.363048  3205  3372 W A       : 	at java.util.concurrent.ThreadPoolExecutor.runWorker(ThreadPoolExecutor.java:1167)
