11-03 20:41:30.751769    20    20 E         : [20:41:31.545835] [00000002B36730B7] [VosRX]  wlan: [E :HDD] hdd_log_ip_addr: src addr 192:168:1:3
11-03 20:41:30.751783    20    20 E         : [20:41:31.545850] [00000002B36731D5] [VosRX]  wlan: [E :HDD] hdd_log_ip_addr: dst addr 192:168:1:14
11-03 20:41:30.778374     0     0 I bgcom   : bgcom_pm_resume: Bgcom resumed with : 0
11-03 20:41:30.788092     0     0 I mdss_dsi_panel_set_idle_mode: Idle (1->1)
11-03 20:41:30.827284     0     0 I PM      : resume of devices complete after 77.502 msecs
11-03 20:41:30.829944     0     0 I         : Restarting tasks ...
11-03 20:41:30.832795     0     0 W QSEECOM : qseecom_receive_req: Interrupted: exiting Listener Service = 12288
11-03 20:41:30.832858     0     0 W QSEECOM : qseecom_receive_req: Interrupted: exiting Listener Service = 11
11-03 20:41:30.835631     0     0 W QSEECOM : qseecom_receive_req: Interrupted: exiting Listener Service = 8192
11-03 20:41:30.835673     0     0 W QSEECOM : qseecom_receive_req: Interrupted: exiting Listener Service = 10
11-03 20:41:30.835703     0     0 W QSEECOM : qseecom_receive_req: Interrupted: exiting Listener Service = 28672
11-03 20:41:30.842886     0     0 I         : done.
11-03 20:41:31.637647     0     0 I PM      : suspend exit 2021-11-03 19:41:31.637647864 UTC
11-03 20:41:31.739580     0     0 I PM      : suspend entry 2021-11-03 19:41:31.739580364 UTC
11-03 20:41:31.739594     0     0 I PM      : Syncing filesystems ... done.
11-03 20:41:31.837740     0     0 I         : Freezing user space processes ... (elapsed 0.007 seconds) done.
11-03 20:41:31.845153     0     0 I         : Freezing remaining freezable tasks ... (elapsed 0.004 seconds) done.
11-03 20:41:31.849556     0     0 I         : Suspending console(s) (use no_console_suspend to debug)
11-03 20:41:31.861839     0     0 I mdss_dsi_panel_set_idle_mode: Idle (1->1)
11-03 20:41:31.901475     0     0 I bgcom   : bgcom_pm_suspend: suspended with : 0
11-03 20:41:31.938753     0     0 I PM      : suspend of devices complete after 86.973 msecs
11-03 20:41:31.944365     0     0 I PM      : late suspend of devices complete after 5.570 msecs
11-03 20:41:31.950375     0     0 I PM      : noirq suspend of devices complete after 5.982 msecs
11-03 20:41:31.950390     0     0 I         : Disabling non-boot CPUs ...
11-03 20:41:31.969922     0     0 I CPU1    : shutdown
11-03 20:41:31.971945     0     0 I suspend ns: 512374809797	suspend cycles:      11608000206
11-03 20:41:31.971923     0     0 I CPU0    : msm_cpu_pm_enter_sleep mode:3 during suspend
11-03 20:41:31.971923     0     0 I         : Suspended for 1.092 seconds
11-03 20:41:31.971923     0     0 I resume cycles: 11628975721
11-03 20:41:31.972185     0     0 I         : Enabling non-boot CPUs ...
11-03 20:41:31.972998     0     0 I CPU1    : update cpu_capacity 1024
11-03 20:41:31.974395     0     0 I         : CPU1 is up
11-03 20:41:31.976685     0     0 I CPU1    : update max cpu_capacity 1024
11-03 20:41:31.978222     0     0 I PM      : noirq resume of devices complete after 3.512 msecs
11-03 20:41:31.983690     0     0 I PM      : early resume of devices complete after 3.986 msecs
11-03 20:41:31.985084    20    20 E         : [20:41:33.077561] [00000002B527F051] [VosRX]  wlan: [E :WDI] WDTS_RxPacketDump RX Data frame is UC
11-03 20:41:31.985104    20    20 E         : [20:41:33.077591] [00000002B527F26B] [VosRX]  wlan: [E :WDI] WDTS_RxPacketDump: Data subtype:8 SA:44:fe:3b:41:13:4b DA:00:0a:f5:f2:a2:70
11-03 20:41:31.985199    20    20 E         : [20:41:33.077684] [00000002B527F97A] [VosRX]  wlan: [E :HDD] hdd_log_ip_addr: src addr 192:168:1:3
11-03 20:41:31.985213    20    20 E         : [20:41:33.077700] [00000002B527FA8C] [VosRX]  wlan: [E :HDD] hdd_log_ip_addr: dst addr 192:168:1:14
11-03 20:41:32.012920     0     0 I bgcom   : bgcom_pm_resume: Bgcom resumed with : 0
11-03 20:41:32.024389     0     0 I mdss_dsi_panel_set_idle_mode: Idle (1->1)
11-03 20:41:32.061250     0     0 I PM      : resume of devices complete after 77.533 msecs
11-03 20:41:32.063892     0     0 I         : Restarting tasks ...
11-03 20:41:32.066554     0     0 W QSEECOM : qseecom_receive_req: Interrupted: exiting Listener Service = 12288
11-03 20:41:32.066793     0     0 W QSEECOM : qseecom_receive_req: Interrupted: exiting Listener Service = 11
11-03 20:41:32.069545     0     0 W QSEECOM : qseecom_receive_req: Interrupted: exiting Listener Service = 8192
11-03 20:41:32.069594     0     0 W QSEECOM : qseecom_receive_req: Interrupted: exiting Listener Service = 10
11-03 20:41:32.069624     0     0 W QSEECOM : qseecom_receive_req: Interrupted: exiting Listener Service = 28672
11-03 20:41:32.070241     0     0 I         : done.
11-03 20:41:33.163409     0     0 I PM      : suspend exit 2021-11-03 19:41:33.163409582 UTC
11-03 20:41:33.268310     0     0 I PM      : suspend entry 2021-11-03 19:41:33.268310050 UTC
11-03 20:41:33.268324     0     0 I PM      : Syncing filesystems ... done.
11-03 20:41:33.378943     0     0 I         : Freezing user space processes ... (elapsed 0.007 seconds) done.
11-03 20:41:33.386663     0     0 I         : Freezing remaining freezable tasks ... (elapsed 0.004 seconds) done.
11-03 20:41:33.390863     0     0 I         : Suspending console(s) (use no_console_suspend to debug)
11-03 20:41:33.402743     0     0 I mdss_dsi_panel_set_idle_mode: Idle (1->1)
11-03 20:41:33.444536     0     0 I bgcom   : bgcom_pm_suspend: suspended with : 0
11-03 20:41:33.480407     0     0 I PM      : suspend of devices complete after 87.318 msecs
11-03 20:41:33.485882     0     0 I PM      : late suspend of devices complete after 5.429 msecs
11-03 20:41:33.491736     0     0 I PM      : noirq suspend of devices complete after 5.829 msecs
11-03 20:41:33.491747     0     0 I         : Disabling non-boot CPUs ...
11-03 20:41:33.512256     0     0 I CPU1    : shutdown
11-03 20:41:33.514164     0     0 I suspend ns: 512824557715	suspend cycles:      11637610881
11-03 20:41:33.514146     0     0 I CPU0    : msm_cpu_pm_enter_sleep mode:3 during suspend
11-03 20:41:33.514146     0     0 I         : Suspended for 0.266 seconds
11-03 20:41:33.514146     0     0 I resume cycles: 11642730519
11-03 20:41:33.514510     0     0 I         : Enabling non-boot CPUs ...
11-03 20:41:33.515336     0     0 I CPU1    : update cpu_capacity 1024
11-03 20:41:33.516736     0     0 I         : CPU1 is up
11-03 20:41:33.519096     0     0 I CPU1    : update max cpu_capacity 1024
11-03 20:41:33.520647     0     0 I PM      : noirq resume of devices complete after 3.588 msecs
11-03 20:41:33.527480     0     0 I PM      : early resume of devices complete after 5.068 msecs
11-03 20:41:33.558648     0     0 I bgcom   : bgcom_pm_resume: Bgcom resumed with : 0
11-03 20:41:33.570142     0     0 I mdss_dsi_panel_set_idle_mode: Idle (1->1)
11-03 20:41:33.613224     0     0 I PM      : resume of devices complete after 85.715 msecs
11-03 20:41:33.615823     0     0 I         : Restarting tasks ...
11-03 20:41:33.619362     0     0 W QSEECOM : qseecom_receive_req: Interrupted: exiting Listener Service = 8192
11-03 20:41:33.619464     0     0 W QSEECOM : qseecom_receive_req: Interrupted: exiting Listener Service = 28672
11-03 20:41:33.623587     0     0 W QSEECOM : qseecom_receive_req: Interrupted: exiting Listener Service = 12288
11-03 20:41:33.623674     0     0 W QSEECOM : qseecom_receive_req: Interrupted: exiting Listener Service = 11
11-03 20:41:33.623719     0     0 W QSEECOM : qseecom_receive_req: Interrupted: exiting Listener Service = 10
11-03 20:41:33.632077     0     0 I         : done.
11-03 20:41:33.899767     0     0 I PM      : suspend exit 2021-11-03 19:41:33.899767810 UTC
11-03 20:41:34.299098    20    20 E         : [20:41:34.299096] [00000002B68DCF64] [VosRX]  wlan: [E :WDI] WDTS_RxPacketDump RX Data frame is UC
11-03 20:41:34.299141    20    20 E         : [20:41:34.299149] [00000002B68DD350] [VosRX]  wlan: [E :WDI] WDTS_RxPacketDump: Data subtype:8 SA:44:fe:3b:41:13:4b DA:00:0a:f5:f2:a2:70
11-03 20:41:34.299210    20    20 E         : [20:41:34.299219] [00000002B68DD889] [VosRX]  wlan: [E :HDD] hdd_log_ip_addr: src addr 192:168:1:3
11-03 20:41:34.299233    20    20 E         : [20:41:34.299243] [00000002B68DDA57] [VosRX]  wlan: [E :HDD] hdd_log_ip_addr: dst addr 192:168:1:14
--------- switch to main
11-03 20:41:35.197102  4979  5004 I Finsky:background: [283] hby.run(3): Stats for Executor: bgExecutor hdj@f126a8d[Running, pool size = 0, active threads = 0, queued tasks = 0, completed tasks = 0]
--------- switch to kernel
11-03 20:41:36.678263     0     0 E FG      : fg_psy_get_property: unsupported property 7
11-03 20:41:36.681642     0     0 I chatty  : uid=0(root) logd identical 1 line
11-03 20:41:36.681649     0     0 E FG      : fg_psy_get_property: unsupported property 7
11-03 20:41:36.675636     0     0 W healthd : battery l=13 v=3917 t=38.0 h=2 st=2 c=-288 fc=443000 cc=0 chg=a
--------- switch to main
11-03 20:41:36.702088  1906  1906 D QtiCarrierConfigHelper: WARNING, no carrier configs on phone Id: 0
11-03 20:41:36.718388  2365  2365 D HOME    : [WatchFaceUiController]sendStateToWallpaper
11-03 20:41:36.730572  2365  4916 D HOME    : [ComplicationController]scheduleImmediateUpdateForAllFromProvider ComponentInfo{com.google.android.wearable.app/com.google.android.clockwork.home.complications.providers.BatteryProviderService}
11-03 20:41:36.744366  2365  2365 D HOME    : [BatteryChange]action: android.intent.action.BATTERY_CHANGED
11-03 20:41:36.765891  2365  4916 D HOME    : [BatteryChange]HandleBatteryChangedTask
11-03 20:41:36.766321  2365  4916 D HOME    : [BatteryChange]level: 13, status: 2
11-03 20:41:36.772323  2365  4916 D HOME    : [BatteryChange]level: 13, timestamp: 1635968496770
--------- switch to kernel
11-03 20:41:36.691918     0     0 W healthd : battery l=13 v=3917 t=38.0 h=2 st=2 c=-288 fc=443000 cc=0 chg=a
11-03 20:41:36.864700     0     0 I PM      : suspend entry 2021-11-03 19:41:36.864700048 UTC
11-03 20:41:36.864719     0     0 I PM      : Syncing filesystems ... done.
11-03 20:41:36.974036     0     0 I         : Freezing user space processes ... (elapsed 0.010 seconds) done.
11-03 20:41:36.984157     0     0 I         : Freezing remaining freezable tasks ... (elapsed 0.006 seconds) done.
11-03 20:41:36.990764     0     0 I         : Suspending console(s) (use no_console_suspend to debug)
11-03 20:41:37.006981     0     0 I mdss_dsi_panel_set_idle_mode: Idle (1->1)
11-03 20:41:37.042847     0     0 I bgcom   : bgcom_pm_suspend: suspended with : 0
11-03 20:41:37.073407     0     0 I PM      : suspend of devices complete after 79.089 msecs
11-03 20:41:37.079097     0     0 I PM      : late suspend of devices complete after 5.648 msecs
11-03 20:41:37.084744     0     0 I PM      : noirq suspend of devices complete after 5.623 msecs
11-03 20:41:37.084756     0     0 I         : Disabling non-boot CPUs ...
11-03 20:41:37.096893     0     0 W migrate_irqs: 2 callbacks suppressed
11-03 20:41:37.096900     0     0 W         : IRQ21 no longer affine to CPU1
11-03 20:41:37.098846     0     0 I CPU1    : shutdown
11-03 20:41:37.100993     0     0 I suspend ns: 516144741266	suspend cycles:      11706478043
11-03 20:41:37.100975     0     0 I CPU0    : msm_cpu_pm_enter_sleep mode:3 during suspend
11-03 20:41:37.100975     0     0 I         : Suspended for 0.877 seconds
11-03 20:41:37.100975     0     0 I resume cycles: 11723320108
11-03 20:41:37.101216     0     0 I         : Enabling non-boot CPUs ...
11-03 20:41:37.102030     0     0 I CPU1    : update cpu_capacity 1024
11-03 20:41:37.103474     0     0 I         : CPU1 is up
11-03 20:41:37.105603     0     0 I CPU1    : update max cpu_capacity 1024
11-03 20:41:37.107333     0     0 I PM      : noirq resume of devices complete after 3.533 msecs
11-03 20:41:37.112832     0     0 I PM      : early resume of devices complete after 4.028 msecs
11-03 20:41:37.114832    20    20 E         : [20:41:37.992024] [00000002BAC7B908] [VosRX]  wlan: [E :WDI] WDTS_RxPacketDump RX Data frame is UC
11-03 20:41:37.114854    20    20 E         : [20:41:37.992060] [00000002BAC7BB8B] [VosRX]  wlan: [E :WDI] WDTS_RxPacketDump: Data subtype:8 SA:44:fe:3b:41:13:4b DA:00:0a:f5:f2:a2:70
11-03 20:41:37.114949    20    20 E         : [20:41:37.992153] [00000002BAC7C29E] [VosRX]  wlan: [E :HDD] hdd_log_ip_addr: src addr 192:168:1:3
11-03 20:41:37.114962    20    20 E         : [20:41:37.992169] [00000002BAC7C3BE] [VosRX]  wlan: [E :HDD] hdd_log_ip_addr: dst addr 192:168:1:14
11-03 20:41:37.142044     0     0 I bgcom   : bgcom_pm_resume: Bgcom resumed with : 0
11-03 20:41:37.153602     0     0 I mdss_dsi_panel_set_idle_mode: Idle (1->1)
11-03 20:41:37.189808     0     0 I PM      : resume of devices complete after 76.947 msecs
11-03 20:41:37.192471     0     0 I         : Restarting tasks ...
11-03 20:41:37.195019     0     0 W QSEECOM : qseecom_receive_req: Interrupted: exiting Listener Service = 12288
11-03 20:41:37.195232     0     0 W QSEECOM : qseecom_receive_req: Interrupted: exiting Listener Service = 10
11-03 20:41:37.197992     0     0 W QSEECOM : qseecom_receive_req: Interrupted: exiting Listener Service = 8192
11-03 20:41:37.198045     0     0 W QSEECOM : qseecom_receive_req: Interrupted: exiting Listener Service = 11
11-03 20:41:37.198077     0     0 W QSEECOM : qseecom_receive_req: Interrupted: exiting Listener Service = 28672
11-03 20:41:37.204551     0     0 I         : done.
11-03 20:41:38.082452     0     0 I PM      : suspend exit 2021-11-03 19:41:38.082452860 UTC
11-03 20:41:38.183200     0     0 I PM      : suspend entry 2021-11-03 19:41:38.183200152 UTC
11-03 20:41:38.183214     0     0 I PM      : Syncing filesystems ... done.
11-03 20:41:38.283923     0     0 I         : Freezing user space processes ... (elapsed 0.007 seconds) done.
11-03 20:41:38.291436     0     0 I         : Freezing remaining freezable tasks ... (elapsed 0.004 seconds) done.
11-03 20:41:38.295590     0     0 I         : Suspending console(s) (use no_console_suspend to debug)
11-03 20:41:38.307411     0     0 I mdss_dsi_panel_set_idle_mode: Idle (1->1)
11-03 20:41:38.347533     0     0 I bgcom   : bgcom_pm_suspend: suspended with : 0
11-03 20:41:38.381764     0     0 I PM      : suspend of devices complete after 83.951 msecs
11-03 20:41:38.387517     0     0 I PM      : late suspend of devices complete after 5.710 msecs
11-03 20:41:38.393461     0     0 I PM      : noirq suspend of devices complete after 5.919 msecs
11-03 20:41:38.393475     0     0 I         : Disabling non-boot CPUs ...
11-03 20:41:38.413804     0     0 W         : IRQ16 no longer affine to CPU1
11-03 20:41:38.414107     0     0 W         : IRQ93 no longer affine to CPU1
11-03 20:41:38.415776     0     0 I CPU1    : shutdown
11-03 20:41:38.417854     0     0 I suspend ns: 516584408038	suspend cycles:      11731761710
11-03 20:41:38.417836     0     0 I CPU0    : msm_cpu_pm_enter_sleep mode:3 during suspend
11-03 20:41:38.417836     0     0 I         : Suspended for 0.790 seconds
11-03 20:41:38.417836     0     0 I resume cycles: 11746932499
11-03 20:41:38.418098     0     0 I         : Enabling non-boot CPUs ...
11-03 20:41:38.418914     0     0 I CPU1    : update cpu_capacity 1024
11-03 20:41:38.420352     0     0 I         : CPU1 is up
11-03 20:41:38.422674     0     0 I CPU1    : update max cpu_capacity 1024
11-03 20:41:38.424189     0     0 I PM      : noirq resume of devices complete after 3.528 msecs
11-03 20:41:38.429662     0     0 I PM      : early resume of devices complete after 4.000 msecs
11-03 20:41:38.431130    20    20 E         : [20:41:39.221277] [00000002BC2FDAE6] [VosRX]  wlan: [E :WDI] WDTS_RxPacketDump RX Data frame is UC
11-03 20:41:38.431150    20    20 E         : [20:41:39.221307] [00000002BC2FDD1F] [VosRX]  wlan: [E :WDI] WDTS_RxPacketDump: Data subtype:8 SA:44:fe:3b:41:13:4b DA:00:0a:f5:f2:a2:70
11-03 20:41:38.431249    20    20 E         : [20:41:39.221404] [00000002BC2FE475] [VosRX]  wlan: [E :HDD] hdd_log_ip_addr: src addr 192:168:1:3
11-03 20:41:38.431262    20    20 E         : [20:41:39.221419] [00000002BC2FE57D] [VosRX]  wlan: [E :HDD] hdd_log_ip_addr: dst addr 192:168:1:14
11-03 20:41:38.458477     0     0 I bgcom   : bgcom_pm_resume: Bgcom resumed with : 0
11-03 20:41:38.469983     0     0 I mdss_dsi_panel_set_idle_mode: Idle (1->1)
11-03 20:41:38.507145     0     0 I PM      : resume of devices complete after 77.455 msecs
11-03 20:41:38.509780     0     0 I         : Restarting tasks ...
11-03 20:41:38.512194     0     0 W QSEECOM : qseecom_receive_req: Interrupted: exiting Listener Service = 8192
11-03 20:41:38.512250     0     0 W QSEECOM : qseecom_receive_req: Interrupted: exiting Listener Service = 11
11-03 20:41:38.515187     0     0 W QSEECOM : qseecom_receive_req: Interrupted: exiting Listener Service = 12288
11-03 20:41:38.515241     0     0 W QSEECOM : qseecom_receive_req: Interrupted: exiting Listener Service = 10
11-03 20:41:38.515271     0     0 W QSEECOM : qseecom_receive_req: Interrupted: exiting Listener Service = 28672
11-03 20:41:38.521227     0     0 I         : done.
11-03 20:41:39.312099     0     0 I PM      : suspend exit 2021-11-03 19:41:39.312099474 UTC
11-03 20:41:39.413602     0     0 I PM      : suspend entry 2021-11-03 19:41:39.413602442 UTC
11-03 20:41:39.413615     0     0 I PM      : Syncing filesystems ... done.
11-03 20:41:39.513041     0     0 I         : Freezing user space processes ... (elapsed 0.007 seconds) done.
11-03 20:41:39.520695     0     0 I         : Freezing remaining freezable tasks ... (elapsed 0.003 seconds) done.
11-03 20:41:39.524482     0     0 I         : Suspending console(s) (use no_console_suspend to debug)
11-03 20:41:39.536090     0     0 I mdss_dsi_panel_set_idle_mode: Idle (1->1)
11-03 20:41:39.577641     0     0 I bgcom   : bgcom_pm_suspend: suspended with : 0
11-03 20:41:39.612208     0     0 I PM      : suspend of devices complete after 85.498 msecs
11-03 20:41:39.617846     0     0 I PM      : late suspend of devices complete after 5.597 msecs
11-03 20:41:39.623690     0     0 I PM      : noirq suspend of devices complete after 5.817 msecs
11-03 20:41:39.623702     0     0 I         : Disabling non-boot CPUs ...
11-03 20:41:39.643893     0     0 W         : IRQ16 no longer affine to CPU1
11-03 20:41:39.644205     0     0 W         : IRQ93 no longer affine to CPU1
11-03 20:41:39.645849     0     0 I CPU1    : shutdown
11-03 20:41:39.647873     0     0 I suspend ns: 517024279966	suspend cycles:      11755378040
11-03 20:41:39.647853     0     0 I CPU0    : msm_cpu_pm_enter_sleep mode:3 during suspend
11-03 20:41:39.647853     0     0 I         : Suspended for 0.480 seconds
11-03 20:41:39.647853     0     0 I resume cycles: 11764602420
11-03 20:41:39.648115     0     0 I         : Enabling non-boot CPUs ...
11-03 20:41:39.648927     0     0 I CPU1    : update cpu_capacity 1024
11-03 20:41:39.650304     0     0 I         : CPU1 is up
11-03 20:41:39.652678     0     0 I CPU1    : update max cpu_capacity 1024
11-03 20:41:39.654337     0     0 I PM      : noirq resume of devices complete after 3.724 msecs
11-03 20:41:39.659808     0     0 I PM      : early resume of devices complete after 3.992 msecs
11-03 20:41:39.661300    20    20 E         : [20:41:40.141739] [00000002BD3D8590] [VosRX]  wlan: [E :WDI] WDTS_RxPacketDump RX Data frame is UC
11-03 20:41:39.661321    20    20 E         : [20:41:40.141768] [00000002BD3D87B1] [VosRX]  wlan: [E :WDI] WDTS_RxPacketDump: Data subtype:8 SA:44:fe:3b:41:13:4b DA:00:0a:f5:f2:a2:70
11-03 20:41:39.661420    20    20 E         : [20:41:40.141866] [00000002BD3D8F1B] [VosRX]  wlan: [E :HDD] hdd_log_ip_addr: src addr 192:168:1:3
11-03 20:41:39.661434    20    20 E         : [20:41:40.141882] [00000002BD3D903B] [VosRX]  wlan: [E :HDD] hdd_log_ip_addr: dst addr 192:168:1:14
11-03 20:41:39.688165     0     0 I bgcom   : bgcom_pm_resume: Bgcom resumed with : 0
11-03 20:41:39.699539     0     0 I mdss_dsi_panel_set_idle_mode: Idle (1->1)
11-03 20:41:39.737180     0     0 I PM      : resume of devices complete after 77.323 msecs
11-03 20:41:39.739837     0     0 I         : Restarting tasks ...
11-03 20:41:39.742420     0     0 W QSEECOM : qseecom_receive_req: Interrupted: exiting Listener Service = 12288
11-03 20:41:39.742485     0     0 W QSEECOM : qseecom_receive_req: Interrupted: exiting Listener Service = 11
11-03 20:41:39.742633     0     0 W QSEECOM : qseecom_receive_req: Interrupted: exiting Listener Service = 28672
11-03 20:41:39.745287     0     0 W QSEECOM : qseecom_receive_req: Interrupted: exiting Listener Service = 8192
11-03 20:41:39.745341     0     0 W QSEECOM : qseecom_receive_req: Interrupted: exiting Listener Service = 10
11-03 20:41:39.750965     0     0 I         : done.
11-03 20:41:40.232166     0     0 I PM      : suspend exit 2021-11-03 19:41:40.232166244 UTC
11-03 20:41:40.333644     0     0 I PM      : suspend entry 2021-11-03 19:41:40.333644994 UTC
11-03 20:41:40.333658     0     0 I PM      : Syncing filesystems ... done.
11-03 20:41:40.431562     0     0 I         : Freezing user space processes ... (elapsed 0.007 seconds) done.
11-03 20:41:40.439145     0     0 I         : Freezing remaining freezable tasks ... (elapsed 0.004 seconds) done.
11-03 20:41:40.443331     0     0 I         : Suspending console(s) (use no_console_suspend to debug)
11-03 20:41:40.454924     0     0 I mdss_dsi_panel_set_idle_mode: Idle (1->1)
11-03 20:41:40.497781     0     0 I bgcom   : bgcom_pm_suspend: suspended with : 0
11-03 20:41:40.499218     0     0 E dpm_run_callback(): platform_pm_suspend+0x0/0x50 returns -16
11-03 20:41:40.499225     0     0 E PM      : Device alarmtimer failed to suspend: error -16
11-03 20:41:40.512281     0     0 E PM      : Some devices failed to suspend, or early wake event detected
11-03 20:41:40.515849     0     0 I bgcom   : bgcom_pm_resume: Bgcom resumed with : 0
11-03 20:41:40.524769     0     0 I mdss_dsi_panel_set_idle_mode: Idle (1->1)
11-03 20:41:40.567931     0     0 I PM      : resume of devices complete after 55.629 msecs
11-03 20:41:40.570591     0     0 I         : Restarting tasks ...
11-03 20:41:40.572199     0     0 W QSEECOM : qseecom_receive_req: Interrupted: exiting Listener Service = 8192
11-03 20:41:40.572249     0     0 W QSEECOM : qseecom_receive_req: Interrupted: exiting Listener Service = 11
11-03 20:41:40.572285     0     0 W QSEECOM : qseecom_receive_req: Interrupted: exiting Listener Service = 28672
11-03 20:41:40.576167     0     0 W QSEECOM : qseecom_receive_req: Interrupted: exiting Listener Service = 12288
11-03 20:41:40.576226     0     0 W QSEECOM : qseecom_receive_req: Interrupted: exiting Listener Service = 10
11-03 20:41:40.582057     0     0 I         : done.
11-03 20:41:40.582768     0     0 I PM      : suspend exit 2021-11-03 19:41:40.582768640 UTC
11-03 20:41:42.297088     0     0 E FG      : fg_psy_get_property: unsupported property 7
11-03 20:41:42.289521     0     0 W healthd : battery l=13 v=3917 t=38.0 h=2 st=2 c=-289 fc=443000 cc=0 chg=a
11-03 20:41:42.533634     0     0 I PM      : suspend entry 2021-11-03 19:41:42.533634056 UTC
11-03 20:41:42.533654     0     0 I PM      : Syncing filesystems ... done.
11-03 20:41:42.648833     0     0 I         : Freezing user space processes ... (elapsed 0.011 seconds) done.
11-03 20:41:42.659980     0     0 I         : Freezing remaining freezable tasks ... (elapsed 0.005 seconds) done.
11-03 20:41:42.665818     0     0 I         : Suspending console(s) (use no_console_suspend to debug)
11-03 20:41:42.680628     0     0 I mdss_dsi_panel_set_idle_mode: Idle (1->1)
11-03 20:41:42.720778     0     0 I bgcom   : bgcom_pm_suspend: suspended with : 0
11-03 20:41:42.747977     0     0 I PM      : suspend of devices complete after 78.599 msecs
11-03 20:41:42.753761     0     0 I PM      : late suspend of devices complete after 5.743 msecs
11-03 20:41:42.759389     0     0 I PM      : noirq suspend of devices complete after 5.605 msecs
11-03 20:41:42.759402     0     0 I         : Disabling non-boot CPUs ...
11-03 20:41:42.776174     0     0 I CPU1    : shutdown
11-03 20:41:42.778210     0     0 I suspend ns: 519674185338	suspend cycles:      11815480603
11-03 20:41:42.778190     0     0 I CPU0    : msm_cpu_pm_enter_sleep mode:3 during suspend
11-03 20:41:42.778190     0     0 I         : Suspended for 0.423 seconds
11-03 20:41:42.778190     0     0 I resume cycles: 11823618956
11-03 20:41:42.778449     0     0 I         : Enabling non-boot CPUs ...
11-03 20:41:42.779260     0     0 I CPU1    : update cpu_capacity 1024
11-03 20:41:42.780635     0     0 I         : CPU1 is up
11-03 20:41:42.782926     0     0 I CPU1    : update max cpu_capacity 1024
11-03 20:41:42.784438     0     0 I PM      : noirq resume of devices complete after 3.473 msecs
11-03 20:41:42.789624     0     0 I PM      : early resume of devices complete after 3.712 msecs
11-03 20:41:42.790850    20    20 E         : [20:41:43.214729] [00000002C0C1CFC2] [VosRX]  wlan: [E :WDI] WDTS_RxPacketDump RX Data frame is UC
11-03 20:41:42.790871    20    20 E         : [20:41:43.214760] [00000002C0C1D220] [VosRX]  wlan: [E :WDI] WDTS_RxPacketDump: Data subtype:8 SA:44:fe:3b:41:13:4b DA:00:0a:f5:f2:a2:70
11-03 20:41:42.790965    20    20 E         : [20:41:43.214854] [00000002C0C1D926] [VosRX]  wlan: [E :HDD] hdd_log_ip_addr: src addr 192:168:1:3
11-03 20:41:42.790978    20    20 E         : [20:41:43.214868] [00000002C0C1DA27] [VosRX]  wlan: [E :HDD] hdd_log_ip_addr: dst addr 192:168:1:14
11-03 20:41:42.818731     0     0 I bgcom   : bgcom_pm_resume: Bgcom resumed with : 0
11-03 20:41:42.828470     0     0 I mdss_dsi_panel_set_idle_mode: Idle (1->1)
11-03 20:41:42.867261     0     0 I PM      : resume of devices complete after 77.608 msecs
11-03 20:41:42.869924     0     0 I         : Restarting tasks ...
11-03 20:41:42.871830     0     0 W QSEECOM : qseecom_receive_req: Interrupted: exiting Listener Service = 8192
11-03 20:41:42.871884     0     0 W QSEECOM : qseecom_receive_req: Interrupted: exiting Listener Service = 12288
11-03 20:41:42.871918     0     0 W QSEECOM : qseecom_receive_req: Interrupted: exiting Listener Service = 11
11-03 20:41:42.871953     0     0 W QSEECOM : qseecom_receive_req: Interrupted: exiting Listener Service = 10
11-03 20:41:42.871989     0     0 W QSEECOM : qseecom_receive_req: Interrupted: exiting Listener Service = 28672
11-03 20:41:42.879792     0     0 I         : done.
11-03 20:41:43.304389     0     0 I PM      : suspend exit 2021-11-03 19:41:43.304389628 UTC
11-03 20:41:43.405835     0     0 I PM      : suspend entry 2021-11-03 19:41:43.405835149 UTC
11-03 20:41:43.405850     0     0 I PM      : Syncing filesystems ... done.
11-03 20:41:43.506649     0     0 I         : Freezing user space processes ... (elapsed 0.007 seconds) done.
11-03 20:41:43.514441     0     0 I         : Freezing remaining freezable tasks ... (elapsed 0.003 seconds) done.
11-03 20:41:43.518302     0     0 I         : Suspending console(s) (use no_console_suspend to debug)
11-03 20:41:43.531365     0     0 I mdss_dsi_panel_set_idle_mode: Idle (1->1)
11-03 20:41:43.571640     0     0 I bgcom   : bgcom_pm_suspend: suspended with : 0
11-03 20:41:43.608566     0     0 I PM      : suspend of devices complete after 88.039 msecs
11-03 20:41:43.614123     0     0 I PM      : late suspend of devices complete after 5.516 msecs
11-03 20:41:43.619948     0     0 I PM      : noirq suspend of devices complete after 5.801 msecs
11-03 20:41:43.619959     0     0 I         : Disabling non-boot CPUs ...
11-03 20:41:43.637894     0     0 W         : IRQ16 no longer affine to CPU1
11-03 20:41:43.638207     0     0 W         : IRQ93 no longer affine to CPU1
11-03 20:41:43.639895     0     0 I CPU1    : shutdown
11-03 20:41:43.641786     0     0 I suspend ns: 520113886068	suspend cycles:      11832061210
11-03 20:41:43.641769     0     0 I CPU0    : msm_cpu_pm_enter_sleep mode:3 during suspend
11-03 20:41:43.641769     0     0 I         : Suspended for 0.791 seconds
11-03 20:41:43.641769     0     0 I resume cycles: 11847264398
11-03 20:41:43.642026     0     0 I         : Enabling non-boot CPUs ...
11-03 20:41:43.642837     0     0 I CPU1    : update cpu_capacity 1024
11-03 20:41:43.644247     0     0 I         : CPU1 is up
11-03 20:41:43.646672     0     0 I CPU1    : update max cpu_capacity 1024
11-03 20:41:43.648061     0     0 I PM      : noirq resume of devices complete after 3.492 msecs
11-03 20:41:43.653281     0     0 I PM      : early resume of devices complete after 3.745 msecs
11-03 20:41:43.654533    20    20 E         : [20:41:44.446367] [00000002C22AA49F] [VosRX]  wlan: [E :WDI] WDTS_RxPacketDump RX Data frame is UC
11-03 20:41:43.654554    20    20 E         : [20:41:44.446398] [00000002C22AA6E9] [VosRX]  wlan: [E :WDI] WDTS_RxPacketDump: Data subtype:8 SA:44:fe:3b:41:13:4b DA:00:0a:f5:f2:a2:70
11-03 20:41:43.654650    20    20 E         : [20:41:44.446493] [00000002C22AAE0F] [VosRX]  wlan: [E :HDD] hdd_log_ip_addr: src addr 192:168:1:3
11-03 20:41:43.654663    20    20 E         : [20:41:44.446507] [00000002C22AAF19] [VosRX]  wlan: [E :HDD] hdd_log_ip_addr: dst addr 192:168:1:14
11-03 20:41:43.682415     0     0 I bgcom   : bgcom_pm_resume: Bgcom resumed with : 0
11-03 20:41:43.693759     0     0 I mdss_dsi_panel_set_idle_mode: Idle (1->1)
11-03 20:41:43.730857     0     0 I PM      : resume of devices complete after 77.551 msecs
11-03 20:41:43.733467     0     0 I         : Restarting tasks ...
11-03 20:41:43.736077     0     0 W QSEECOM : qseecom_receive_req: Interrupted: exiting Listener Service = 11
11-03 20:41:43.736136     0     0 W QSEECOM : qseecom_receive_req: Interrupted: exiting Listener Service = 10
11-03 20:41:43.736175     0     0 W QSEECOM : qseecom_receive_req: Interrupted: exiting Listener Service = 28672
11-03 20:41:43.739099     0     0 W QSEECOM : qseecom_receive_req: Interrupted: exiting Listener Service = 8192
11-03 20:41:43.739153     0     0 W QSEECOM : qseecom_receive_req: Interrupted: exiting Listener Service = 12288
11-03 20:41:43.743277     0     0 I         : done.
11-03 20:41:44.535860     0     0 I PM      : suspend exit 2021-11-03 19:41:44.535860617 UTC
11-03 20:41:44.637321     0     0 I PM      : suspend entry 2021-11-03 19:41:44.637321242 UTC
11-03 20:41:44.637335     0     0 I PM      : Syncing filesystems ... done.
11-03 20:41:44.741662     0     0 I         : Freezing user space processes ... (elapsed 0.007 seconds) done.
11-03 20:41:44.749411     0     0 I         : Freezing remaining freezable tasks ... (elapsed 0.004 seconds) done.
11-03 20:41:44.753485     0     0 I         : Suspending console(s) (use no_console_suspend to debug)
11-03 20:41:44.765663     0     0 I mdss_dsi_panel_set_idle_mode: Idle (1->1)
11-03 20:41:44.803094     0     0 I bgcom   : bgcom_pm_suspend: suspended with : 0
11-03 20:41:44.840652     0     0 I PM      : suspend of devices complete after 84.947 msecs
11-03 20:41:44.846706     0     0 I PM      : late suspend of devices complete after 6.012 msecs
11-03 20:41:44.852535     0     0 I PM      : noirq suspend of devices complete after 5.805 msecs
11-03 20:41:44.852546     0     0 I         : Disabling non-boot CPUs ...
11-03 20:41:44.869761     0     0 W         : IRQ16 no longer affine to CPU1
11-03 20:41:44.870068     0     0 W         : IRQ93 no longer affine to CPU1
11-03 20:41:44.871686     0     0 I CPU1    : shutdown
11-03 20:41:44.873756     0     0 I suspend ns: 520554024767	suspend cycles:      11855715061
11-03 20:41:44.873739     0     0 I CPU0    : msm_cpu_pm_enter_sleep mode:3 during suspend
11-03 20:41:44.873739     0     0 I         : Suspended for 0.478 seconds
11-03 20:41:44.873739     0     0 I resume cycles: 11864896399
11-03 20:41:44.873997     0     0 I         : Enabling non-boot CPUs ...
11-03 20:41:44.874812     0     0 I CPU1    : update cpu_capacity 1024
11-03 20:41:44.876222     0     0 I         : CPU1 is up
11-03 20:41:44.878362     0     0 I CPU1    : update max cpu_capacity 1024
11-03 20:41:44.880015     0     0 I PM      : noirq resume of devices complete after 3.489 msecs
11-03 20:41:44.885251     0     0 I PM      : early resume of devices complete after 3.758 msecs
11-03 20:41:44.886566    20    20 E         : [20:41:45.364761] [00000002C337B441] [VosRX]  wlan: [E :WDI] WDTS_RxPacketDump RX Data frame is UC
11-03 20:41:44.886588    20    20 E         : [20:41:45.364794] [00000002C337B697] [VosRX]  wlan: [E :WDI] WDTS_RxPacketDump: Data subtype:8 SA:44:fe:3b:41:13:4b DA:00:0a:f5:f2:a2:70
11-03 20:41:44.886684    20    20 E         : [20:41:45.364889] [00000002C337BDC3] [VosRX]  wlan: [E :HDD] hdd_log_ip_addr: src addr 192:168:1:3
11-03 20:41:44.886696    20    20 E         : [20:41:45.364904] [00000002C337BEDC] [VosRX]  wlan: [E :HDD] hdd_log_ip_addr: dst addr 192:168:1:14
11-03 20:41:44.915384     0     0 I bgcom   : bgcom_pm_resume: Bgcom resumed with : 0
11-03 20:41:44.926855     0     0 I mdss_dsi_panel_set_idle_mode: Idle (1->1)
11-03 20:41:44.962560     0     0 I PM      : resume of devices complete after 77.281 msecs
11-03 20:41:44.965199     0     0 I         : Restarting tasks ...
11-03 20:41:44.967742     0     0 W QSEECOM : qseecom_receive_req: Interrupted: exiting Listener Service = 8192
11-03 20:41:44.967802     0     0 W QSEECOM : qseecom_receive_req: Interrupted: exiting Listener Service = 10
11-03 20:41:44.967834     0     0 W QSEECOM : qseecom_receive_req: Interrupted: exiting Listener Service = 28672
11-03 20:41:44.971134     0     0 W QSEECOM : qseecom_receive_req: Interrupted: exiting Listener Service = 12288
11-03 20:41:44.971187     0     0 W QSEECOM : qseecom_receive_req: Interrupted: exiting Listener Service = 11
11-03 20:41:44.978553     0     0 I         : done.
11-03 20:41:45.457211     0     0 I PM      : suspend exit 2021-11-03 19:41:45.457211710 UTC
11-03 20:41:45.558706     0     0 I PM      : suspend entry 2021-11-03 19:41:45.558706866 UTC
11-03 20:41:45.558721     0     0 I PM      : Syncing filesystems ... done.
11-03 20:41:45.662757     0     0 I         : Freezing user space processes ... (elapsed 0.007 seconds) done.
11-03 20:41:45.670335     0     0 I         : Freezing remaining freezable tasks ... (elapsed 0.003 seconds) done.
11-03 20:41:45.674362     0     0 I         : Suspending console(s) (use no_console_suspend to debug)
11-03 20:41:45.686700     0     0 I mdss_dsi_panel_set_idle_mode: Idle (1->1)
11-03 20:41:45.721689     0     0 I bgcom   : bgcom_pm_suspend: suspended with : 0
11-03 20:41:45.758737     0     0 I PM      : suspend of devices complete after 81.913 msecs
11-03 20:41:45.764757     0     0 I PM      : late suspend of devices complete after 5.979 msecs
11-03 20:41:45.770627     0     0 I PM      : noirq suspend of devices complete after 5.847 msecs
11-03 20:41:45.770641     0     0 I         : Disabling non-boot CPUs ...
11-03 20:41:45.789626     0     0 I CPU1    : shutdown
11-03 20:41:45.791639     0     0 I suspend ns: 520993710549	suspend cycles:      11873338366
11-03 20:41:45.791619     0     0 I CPU0    : msm_cpu_pm_enter_sleep mode:3 during suspend
11-03 20:41:45.791619     0     0 I         : Suspended for 0.174 seconds
11-03 20:41:45.791619     0     0 I resume cycles: 11876689217
11-03 20:41:45.791881     0     0 I         : Enabling non-boot CPUs ...
11-03 20:41:45.792691     0     0 I CPU1    : update cpu_capacity 1024
11-03 20:41:45.794101     0     0 I         : CPU1 is up
11-03 20:41:45.796431     0     0 I CPU1    : update max cpu_capacity 1024
11-03 20:41:45.797920     0     0 I PM      : noirq resume of devices complete after 3.504 msecs
11-03 20:41:45.803173     0     0 I PM      : early resume of devices complete after 3.775 msecs
11-03 20:41:45.804401    20    20 E         : [20:41:45.978927] [00000002C3EBA2A3] [VosRX]  wlan: [E :WDI] WDTS_RxPacketDump RX Data frame is UC
11-03 20:41:45.804423    20    20 E         : [20:41:45.978960] [00000002C3EBA50A] [VosRX]  wlan: [E :WDI] WDTS_RxPacketDump: Data subtype:8 SA:44:fe:3b:41:13:4b DA:00:0a:f5:f2:a2:70
11-03 20:41:45.804519    20    20 E         : [20:41:45.979053] [00000002C3EBAC2A] [VosRX]  wlan: [E :HDD] hdd_log_ip_addr: src addr 192:168:1:1
11-03 20:41:45.804532    20    20 E         : [20:41:45.979068] [00000002C3EBAD26] [VosRX]  wlan: [E :HDD] hdd_log_ip_addr: dst addr 192:168:1:14
11-03 20:41:45.833990     0     0 I bgcom   : bgcom_pm_resume: Bgcom resumed with : 0
11-03 20:41:45.845423     0     0 I mdss_dsi_panel_set_idle_mode: Idle (1->1)
11-03 20:41:45.880918     0     0 I PM      : resume of devices complete after 77.718 msecs
11-03 20:41:45.883530     0     0 I         : Restarting tasks ...
11-03 20:41:45.886116     0     0 W QSEECOM : qseecom_receive_req: Interrupted: exiting Listener Service = 8192
11-03 20:41:45.886169     0     0 W QSEECOM : qseecom_receive_req: Interrupted: exiting Listener Service = 10
11-03 20:41:45.886213     0     0 W QSEECOM : qseecom_receive_req: Interrupted: exiting Listener Service = 28672
11-03 20:41:45.889467     0     0 W QSEECOM : qseecom_receive_req: Interrupted: exiting Listener Service = 12288
11-03 20:41:45.889524     0     0 W QSEECOM : qseecom_receive_req: Interrupted: exiting Listener Service = 11
11-03 20:41:45.896580     0     0 I         : done.
11-03 20:41:46.071580     0     0 I PM      : suspend exit 2021-11-03 19:41:46.071580302 UTC
11-03 20:41:46.173040     0     0 I PM      : suspend entry 2021-11-03 19:41:46.173040667 UTC
11-03 20:41:46.173053     0     0 I PM      : Syncing filesystems ... done.
11-03 20:41:46.273227     0     0 I         : Freezing user space processes ... (elapsed 0.007 seconds) done.
11-03 20:41:46.280372     0     0 I         : Freezing remaining freezable tasks ... (elapsed 0.004 seconds) done.
11-03 20:41:46.284553     0     0 I         : Suspending console(s) (use no_console_suspend to debug)
11-03 20:41:46.296368     0     0 I mdss_dsi_panel_set_idle_mode: Idle (1->1)
11-03 20:41:46.335712     0     0 I bgcom   : bgcom_pm_suspend: suspended with : 0
11-03 20:41:46.372894     0     0 I PM      : suspend of devices complete after 86.119 msecs
11-03 20:41:46.378920     0     0 I PM      : late suspend of devices complete after 5.982 msecs
11-03 20:41:46.384750     0     0 I PM      : noirq suspend of devices complete after 5.806 msecs
11-03 20:41:46.384765     0     0 I         : Disabling non-boot CPUs ...
11-03 20:41:46.402209     0     0 W         : IRQ16 no longer affine to CPU1
11-03 20:41:46.402518     0     0 W         : IRQ93 no longer affine to CPU1
11-03 20:41:46.404122     0     0 I CPU1    : shutdown
11-03 20:41:46.406169     0     0 I suspend ns: 521433716175	suspend cycles:      11885137325
11-03 20:41:46.406150     0     0 I CPU0    : msm_cpu_pm_enter_sleep mode:3 during suspend
11-03 20:41:46.406150     0     0 I         : Suspended for 0.173 seconds
11-03 20:41:46.406150     0     0 I resume cycles: 11888466463
11-03 20:41:46.406411     0     0 I         : Enabling non-boot CPUs ...
11-03 20:41:46.407227     0     0 I CPU1    : update cpu_capacity 1024
11-03 20:41:46.408627     0     0 I         : CPU1 is up
11-03 20:41:46.410818     0     0 I CPU1    : update max cpu_capacity 1024
11-03 20:41:46.412463     0     0 I PM      : noirq resume of devices complete after 3.523 msecs
11-03 20:41:46.417701     0     0 I PM      : early resume of devices complete after 3.763 msecs
11-03 20:41:46.418965    20    20 E         : [20:41:46.592358] [00000002C49F5A19] [VosRX]  wlan: [E :WDI] WDTS_RxPacketDump RX Data frame is UC
11-03 20:41:46.418986    20    20 E         : [20:41:46.592390] [00000002C49F5C4E] [VosRX]  wlan: [E :WDI] WDTS_RxPacketDump: Data subtype:8 SA:44:fe:3b:41:13:4b DA:00:0a:f5:f2:a2:70
11-03 20:41:46.419083    20    20 E         : [20:41:46.592486] [00000002C49F6390] [VosRX]  wlan: [E :HDD] hdd_log_ip_addr: src addr 192:168:1:3
11-03 20:41:46.419097    20    20 E         : [20:41:46.592500] [00000002C49F6498] [VosRX]  wlan: [E :HDD] hdd_log_ip_addr: dst addr 192:168:1:14
11-03 20:41:46.446549     0     0 I bgcom   : bgcom_pm_resume: Bgcom resumed with : 0
11-03 20:41:46.457673     0     0 I mdss_dsi_panel_set_idle_mode: Idle (1->1)
11-03 20:41:46.495034     0     0 I PM      : resume of devices complete after 77.305 msecs
11-03 20:41:46.497659     0     0 I         : Restarting tasks ...
11-03 20:41:46.500990     0     0 W QSEECOM : qseecom_receive_req: Interrupted: exiting Listener Service = 12288
11-03 20:41:46.501048     0     0 W QSEECOM : qseecom_receive_req: Interrupted: exiting Listener Service = 11
11-03 20:41:46.501086     0     0 W QSEECOM : qseecom_receive_req: Interrupted: exiting Listener Service = 28672
11-03 20:41:46.503590     0     0 W QSEECOM : qseecom_receive_req: Interrupted: exiting Listener Service = 8192
11-03 20:41:46.503642     0     0 W QSEECOM : qseecom_receive_req: Interrupted: exiting Listener Service = 10
11-03 20:41:46.504055     0     0 I         : done.
11-03 20:41:46.678108     0     0 I PM      : suspend exit 2021-11-03 19:41:46.678108531 UTC
11-03 20:41:46.782719     0     0 I PM      : suspend entry 2021-11-03 19:41:46.782719468 UTC
11-03 20:41:46.782733     0     0 I PM      : Syncing filesystems ... done.
11-03 20:41:46.882119     0     0 I         : Freezing user space processes ... (elapsed 0.007 seconds) done.
11-03 20:41:46.889829     0     0 I         : Freezing remaining freezable tasks ... (elapsed 0.003 seconds) done.
11-03 20:41:46.893852     0     0 I         : Suspending console(s) (use no_console_suspend to debug)
11-03 20:41:46.907191     0     0 I mdss_dsi_panel_set_idle_mode: Idle (1->1)
11-03 20:41:46.949414     0     0 I bgcom   : bgcom_pm_suspend: suspended with : 0
11-03 20:41:46.986879     0     0 I PM      : suspend of devices complete after 90.427 msecs
11-03 20:41:46.992439     0     0 I PM      : late suspend of devices complete after 5.516 msecs
11-03 20:41:46.998479     0     0 I PM      : noirq suspend of devices complete after 6.013 msecs
11-03 20:41:46.998492     0     0 I         : Disabling non-boot CPUs ...
11-03 20:41:47.017351     0     0 I CPU1    : shutdown
11-03 20:41:47.019319     0     0 I suspend ns: 521873476384	suspend cycles:      11896909859
11-03 20:41:47.019301     0     0 I CPU0    : msm_cpu_pm_enter_sleep mode:3 during suspend
11-03 20:41:47.019301     0     0 I         : Suspended for 0.789 seconds
11-03 20:41:47.019301     0     0 I resume cycles: 11912063396
11-03 20:41:47.019558     0     0 I         : Enabling non-boot CPUs ...
11-03 20:41:47.020368     0     0 I CPU1    : update cpu_capacity 1024
11-03 20:41:47.021759     0     0 I         : CPU1 is up
11-03 20:41:47.024089     0     0 I CPU1    : update max cpu_capacity 1024
11-03 20:41:47.025524     0     0 I PM      : noirq resume of devices complete after 3.449 msecs
11-03 20:41:47.031045     0     0 I PM      : early resume of devices complete after 4.043 msecs
11-03 20:41:47.032554    20    20 E         : [20:41:47.821803] [00000002C6078A72] [VosRX]  wlan: [E :WDI] WDTS_RxPacketDump RX Data frame is UC
11-03 20:41:47.032576    20    20 E         : [20:41:47.821834] [00000002C6078CA4] [VosRX]  wlan: [E :WDI] WDTS_RxPacketDump: Data subtype:8 SA:44:fe:3b:41:13:4b DA:00:0a:f5:f2:a2:70
11-03 20:41:47.032676    20    20 E         : [20:41:47.821933] [00000002C6079417] [VosRX]  wlan: [E :HDD] hdd_log_ip_addr: src addr 192:168:1:1
11-03 20:41:47.032690    20    20 E         : [20:41:47.821949] [00000002C6079541] [VosRX]  wlan: [E :HDD] hdd_log_ip_addr: dst addr 192:168:1:14
11-03 20:41:47.060993     0     0 I bgcom   : bgcom_pm_resume: Bgcom resumed with : 0
11-03 20:41:47.072479     0     0 I mdss_dsi_panel_set_idle_mode: Idle (1->1)
11-03 20:41:47.108582     0     0 I PM      : resume of devices complete after 77.509 msecs
11-03 20:41:47.111194     0     0 I         : Restarting tasks ...
11-03 20:41:47.113604     0     0 W QSEECOM : qseecom_receive_req: Interrupted: exiting Listener Service = 12288
11-03 20:41:47.117153     0     0 W QSEECOM : qseecom_receive_req: Interrupted: exiting Listener Service = 8192
11-03 20:41:47.117212     0     0 W QSEECOM : qseecom_receive_req: Interrupted: exiting Listener Service = 11
11-03 20:41:47.117246     0     0 W QSEECOM : qseecom_receive_req: Interrupted: exiting Listener Service = 10
11-03 20:41:47.117277     0     0 W QSEECOM : qseecom_receive_req: Interrupted: exiting Listener Service = 28672
11-03 20:41:47.124303     0     0 I         : done.
11-03 20:41:47.914247     0     0 I PM      : suspend exit 2021-11-03 19:41:47.914247541 UTC
11-03 20:41:48.015711     0     0 I PM      : suspend entry 2021-11-03 19:41:48.015711134 UTC
11-03 20:41:48.015725     0     0 I PM      : Syncing filesystems ... done.
11-03 20:41:48.116654     0     0 I         : Freezing user space processes ... (elapsed 0.007 seconds) done.
11-03 20:41:48.124240     0     0 I         : Freezing remaining freezable tasks ... (elapsed 0.004 seconds) done.
11-03 20:41:48.128306     0     0 I         : Suspending console(s) (use no_console_suspend to debug)
11-03 20:41:48.141284     0     0 I mdss_dsi_panel_set_idle_mode: Idle (1->1)
11-03 20:41:48.178733     0     0 I bgcom   : bgcom_pm_suspend: suspended with : 0
11-03 20:41:48.214812     0     0 I PM      : suspend of devices complete after 84.290 msecs
11-03 20:41:48.220332     0     0 I PM      : late suspend of devices complete after 5.478 msecs
11-03 20:41:48.226211     0     0 I PM      : noirq suspend of devices complete after 5.854 msecs
11-03 20:41:48.226224     0     0 I         : Disabling non-boot CPUs ...
11-03 20:41:48.246473     0     0 I CPU1    : shutdown
11-03 20:41:48.248526     0     0 I suspend ns: 522313435447	suspend cycles:      11920510610
11-03 20:41:48.248508     0     0 I CPU0    : msm_cpu_pm_enter_sleep mode:3 during suspend
11-03 20:41:48.248508     0     0 I         : Suspended for 0.482 seconds
11-03 20:41:48.248508     0     0 I resume cycles: 11929775259
11-03 20:41:48.248759     0     0 I         : Enabling non-boot CPUs ...
11-03 20:41:48.249573     0     0 I CPU1    : update cpu_capacity 1024
11-03 20:41:48.251021     0     0 I         : CPU1 is up
11-03 20:41:48.253199     0     0 I CPU1    : update max cpu_capacity 1024
11-03 20:41:48.254812     0     0 I PM      : noirq resume of devices complete after 3.479 msecs
11-03 20:41:48.260011     0     0 I PM      : early resume of devices complete after 3.734 msecs
11-03 20:41:48.261842    20    20 E         : [20:41:48.744373] [00000002C715D32A] [VosRX]  wlan: [E :WDI] WDTS_RxPacketDump RX Data frame is UC
11-03 20:41:48.261865    20    20 E         : [20:41:48.744410] [00000002C715D5CA] [VosRX]  wlan: [E :WDI] WDTS_RxPacketDump: Data subtype:8 SA:44:fe:3b:41:13:4b DA:00:0a:f5:f2:a2:70
11-03 20:41:48.261966    20    20 E         : [20:41:48.744510] [00000002C715DD60] [VosRX]  wlan: [E :HDD] hdd_log_ip_addr: src addr 192:168:1:3
11-03 20:41:48.261981    20    20 E         : [20:41:48.744527] [00000002C715DE90] [VosRX]  wlan: [E :HDD] hdd_log_ip_addr: dst addr 192:168:1:14
11-03 20:41:48.290134     0     0 I bgcom   : bgcom_pm_resume: Bgcom resumed with : 0
11-03 20:41:48.301600     0     0 I mdss_dsi_panel_set_idle_mode: Idle (1->1)
11-03 20:41:48.337653     0     0 I PM      : resume of devices complete after 77.615 msecs
11-03 20:41:48.340268     0     0 I         : Restarting tasks ...
11-03 20:41:48.342966     0     0 W QSEECOM : qseecom_receive_req: Interrupted: exiting Listener Service = 8192
11-03 20:41:48.343034     0     0 W QSEECOM : qseecom_receive_req: Interrupted: exiting Listener Service = 12288
11-03 20:41:48.343217     0     0 W QSEECOM : qseecom_receive_req: Interrupted: exiting Listener Service = 10
11-03 20:41:48.346191     0     0 W QSEECOM : qseecom_receive_req: Interrupted: exiting Listener Service = 11
11-03 20:41:48.346230     0     0 W QSEECOM : qseecom_receive_req: Interrupted: exiting Listener Service = 28672
11-03 20:41:48.352823     0     0 I         : done.
11-03 20:41:48.836281     0     0 I PM      : suspend exit 2021-11-03 19:41:48.836281550 UTC
11-03 20:41:48.936935     0     0 I PM      : suspend entry 2021-11-03 19:41:48.936935509 UTC
11-03 20:41:48.936950     0     0 I PM      : Syncing filesystems ... done.
11-03 20:41:49.035938     0     0 I         : Freezing user space processes ... (elapsed 0.007 seconds) done.
11-03 20:41:49.043063     0     0 I         : Freezing remaining freezable tasks ... (elapsed 0.004 seconds) done.
11-03 20:41:49.047232     0     0 I         : Suspending console(s) (use no_console_suspend to debug)
11-03 20:41:49.059727     0     0 I mdss_dsi_panel_set_idle_mode: Idle (1->1)
11-03 20:41:49.101136     0     0 I bgcom   : bgcom_pm_suspend: suspended with : 0
11-03 20:41:49.138630     0     0 I PM      : suspend of devices complete after 89.174 msecs
11-03 20:41:49.144209     0     0 I PM      : late suspend of devices complete after 5.538 msecs
11-03 20:41:49.150087     0     0 I PM      : noirq suspend of devices complete after 5.852 msecs
11-03 20:41:49.150101     0     0 I         : Disabling non-boot CPUs ...
11-03 20:41:49.168776     0     0 I CPU1    : shutdown
11-03 20:41:49.170682     0     0 I suspend ns: 522753057531	suspend cycles:      11938216003
11-03 20:41:49.170662     0     0 I CPU0    : msm_cpu_pm_enter_sleep mode:3 during suspend
11-03 20:41:49.170662     0     0 I         : Suspended for 0.480 seconds
11-03 20:41:49.170662     0     0 I resume cycles: 11947453554
11-03 20:41:49.170919     0     0 I         : Enabling non-boot CPUs ...
11-03 20:41:49.171722     0     0 I CPU1    : update cpu_capacity 1024
11-03 20:41:49.173162     0     0 I         : CPU1 is up
11-03 20:41:49.175608     0     0 I CPU1    : update max cpu_capacity 1024
11-03 20:41:49.176961     0     0 I PM      : noirq resume of devices complete after 3.496 msecs
