11-03 12:21:18.207732  3205  3372 W A       : 	at com.google.common.p.a.bk.run(SourceFile:3)
11-03 12:21:18.207732  3205  3372 W A       : 	at com.google.common.p.a.ci.run(Unknown Source:4)
11-03 12:21:18.207732  3205  3372 W A       : 	at com.google.apps.tiktok.concurrent.ab.run(SourceFile:1)
11-03 12:21:18.207732  3205  3372 W A       : 	at java.util.concurrent.ThreadPoolExecutor.runWorker(ThreadPoolExecutor.java:1167)
11-03 12:21:18.207732  3205  3372 W A       : 	at java.util.concurrent.ThreadPoolExecutor$Worker.run(ThreadPoolExecutor.java:641)
11-03 12:21:18.207732  3205  3372 W A       : 	at com.google.apps.tiktok.concurrent.c.run(Unknown Source:4)
11-03 12:21:18.207732  3205  3372 W A       : 	at java.lang.Thread.run(Thread.java:764)
11-03 12:21:18.208882   504   523 I SDM     : DisplayBase::SetDisplayState: Set state = 3, display 0
11-03 12:21:18.209013   504   523 D SDM     : HWCDisplayPrimary::SetStandByMode: Display is connected successfully
11-03 12:21:18.209305   416  1715 D SKGHAL  : standBy_update_control call succeed on 0
11-03 12:21:18.209358   416  1715 D SKGHAL  : sendAmbientEvent: done: enable = 0
11-03 12:21:18.209788  1686  1823 D SidekickService:    ... endDisplay returns void
11-03 12:21:18.210314   545   545 D SurfaceFlinger: Set power mode=2, type=0 flinger=0xb6bb6000
11-03 12:21:18.210667   504   762 I SDM     : DisplayBase::SetDisplayState: Set state = 1, display 0
11-03 12:21:18.219328   545   545 D SurfaceFlinger: Finished set power mode=2, type=0
--------- switch to kernel
11-03 12:21:18.075808     0     0 I mdss_dsi_panel_set_idle_mode: Idle (1->0)
11-03 12:21:18.076488     0     0 E mdp3_enable_panic_ctrl: mdp3_enable_panic_ctrl: Enable Panic Control
11-03 12:21:18.076539     0     0 I         : [touch]FB_BLANK_UNBLANK
11-03 12:21:18.076544     0     0 I         : [touch]raydium_ts_do_resume, 1.
11-03 12:21:18.076792     0     0 I         : [ raydium ]workqueue is empty!
11-03 12:21:18.076803     0     0 I raydium_ts 5-0039: [touch]Already enable irq
11-03 12:21:18.076804     0     0 I         : [touch]Device may wakeup
--------- switch to system
11-03 12:21:18.221984  1686  1712 W PowerManagerService: Screen on took 268 ms
11-03 12:21:18.222284  1686  1712 I DreamManagerService: Gently waking up from dream.
11-03 12:21:18.226434  1686  1708 I DreamManagerService: Performing gentle wake from dream.
11-03 12:21:18.226877  1686  1686 V DreamService[AmbientDream]: wakeUp(): fromSystem=true, mWaking=false, mFinished=false
11-03 12:21:18.226964  1686  1686 V DreamService[AmbientDream]: finish(): mFinished=false
11-03 12:21:18.227028  1686  1686 I DreamManagerService: Leaving dreamland.
11-03 12:21:18.227505  1686  1708 I DreamManagerService: Performing gentle wake from dream.
11-03 12:21:18.227611  1686  1708 I DreamController: Stopping dream: name=ComponentInfo{com.google.android.wearable.ambient/com.google.android.wearable.ambient.AmbientDream}, isTest=false, canDoze=true, userId=0
--------- switch to main
11-03 12:21:18.229614  1686  1686 W AlarmManager: Unrecognized alarm listener com.android.server.job.controllers.-$$Lambda$IdleController$IdlenessTracker$nTdS-lGBXcES5VWKcJFmQFgU7IU@1ab437a
--------- switch to system
11-03 12:21:18.233397  1686  1686 V DreamService[AmbientDream]: detach(): Calling onDreamingStopped()
--------- switch to main
11-03 12:21:18.233498  1686  1686 I AmbientService: [ce6a28c] doOnDreamingStopped
11-03 12:21:18.233858  1686  1686 W AlarmManagerProxy: Removing unknown listener
11-03 12:21:18.235896  1686  1686 I AmbientService: [ce6a28c] No auto-resume Activity.
11-03 12:21:18.239430  2520  2520 D HOME    : [HomeVisitsLogger]Logging streamlet event: visit_start
11-03 12:21:18.239731  2520  2520 D HOME    : [HomeVisitsLogger]Logging streamlet event: exit_ambient_mode
11-03 12:21:18.240042  2520  2520 D HOME    : [HotwordController]updateClient MODE_WATCH_FACE false false false true
--------- switch to system
11-03 12:21:18.240344  1686  1686 W ContextImpl: Calling a method in the system process without a qualified user: android.app.ContextImpl.sendBroadcast:1020 android.content.ContextWrapper.sendBroadcast:449 com.google.android.wearable.ambient.AmbientDream.onDestroy:273 android.app.ActivityThread.handleStopService:3698 android.app.ActivityThread.access$1700:200 
--------- switch to main
11-03 12:21:18.240888  2520  2520 D HOME    : [WatchFaceUiController]setInAmbientMode false
11-03 12:21:18.240955  2520  2520 D HOME    : [WatchFaceUiController]sendWatchFaceServiceBinder
11-03 12:21:18.244079  1686  1686 E AlarmManager: cancel() called with a null PendingIntent
--------- switch to system
11-03 12:21:18.244346  1686  1686 V DreamService[AmbientDream]: onDestroy()
--------- switch to main
11-03 12:21:18.244974  2520  2520 D HOME    : [WatchFaceUiController]sendStateToWallpaper
11-03 12:21:18.246232  2520  2520 D HOME    : [WatchFaceUiController]Showing watch face wallpaper.
11-03 12:21:18.246373  2520  2520 D HOME    : [WatchFaceUiController]sendStateToWallpaper
11-03 12:21:18.248155   512 14247 I sensors-hal: handle_indication_realtime:355,  SCHED_FIFO(10) for qmi_cbk
11-03 12:21:18.248769  2520  2520 D HOME    : [StreamDBQueue]Promised revision #5313 to queue a new op
11-03 12:21:18.248984  2520  2520 D WatchStreamManager: Promised rank-blocked=true @ r#5313
11-03 12:21:18.249321  2520  2520 D HOME    : [StreamDBQueue]Promised revision #5314 to queue a new op
11-03 12:21:18.249420  2520  2520 D WatchStreamManager: Promised rank-blocked=true @ r#5314
11-03 12:21:18.249929  2520  2520 D HOME    : [TilesController]Tile refresh optimization is enabled.
11-03 12:21:18.250213  2520  2520 D HOME    : [EventBus]Wrapper pool is full. Discarding excess wrapper instance for event com.google.android.clockwork.sysui.events.KeyguardStateEvent
11-03 12:21:18.250310  2520  2520 D HOME    : [WatchFaceUiController]sendStateToWallpaper
11-03 12:21:18.252100  2520  2520 D HOME    : [EventBus]Wrapper pool is full. Discarding excess wrapper instance for event com.google.android.clockwork.sysui.events.KeyguardStateEvent
11-03 12:21:18.252373  2520  2520 D HOME    : [EventBus]Wrapper pool is full. Discarding excess wrapper instance for event com.google.android.clockwork.sysui.events.KeyguardStateEvent
11-03 12:21:18.252375  2520 14104 D HOME    : [WatchStreamDB]Item alerting conditions - isInterruptive: true, recentlyInterrupted: false, isItemPinned: false, isUnread: true
11-03 12:21:18.256050  2520  2520 D HOME    : [WatchFaceUiController]sendStateToWallpaper
11-03 12:21:18.261081  2520 14104 D HOME    : [StreamAlertingRegulator]isTheaterModeEnabled: false, isAlertingAllowedByOffBody: true, matchesLocalInterruptionFilter: true
11-03 12:21:18.261372  2520 14104 D HOME    : [WatchStreamDB]couldItemAlert: false, isTopItemChanged: false, isDeferralForTopItem: false
11-03 12:21:18.262139  2520 14104 D HOME    : [WatchStreamDB]Item alerting conditions - isInterruptive: true, recentlyInterrupted: false, isItemPinned: false, isUnread: true
11-03 12:21:18.262435  2520 14104 D HOME    : [StreamAlertingRegulator]isTheaterModeEnabled: false, isAlertingAllowedByOffBody: true, matchesLocalInterruptionFilter: true
11-03 12:21:18.262645  2520 14104 D HOME    : [WatchStreamDB]couldItemAlert: false, isTopItemChanged: false, isDeferralForTopItem: false
11-03 12:21:18.264976  2520  2520 W StaticLayout: maxLineHeight should not be -1.  maxLines:1 lineCount:1
11-03 12:21:18.296080  2520  2520 D HOME    : [StreamDBQueue]Promised revision #5315 to queue a new op
11-03 12:21:18.296498  2520  2520 D WatchStreamManager: Promised rank-blocked=true @ r#5315
11-03 12:21:18.298620  2520 13836 D HOME    : [WatchStreamDB]Item alerting conditions - isInterruptive: true, recentlyInterrupted: false, isItemPinned: false, isUnread: true
11-03 12:21:18.300830  2520 13836 D HOME    : [StreamAlertingRegulator]isTheaterModeEnabled: false, isAlertingAllowedByOffBody: true, matchesLocalInterruptionFilter: true
11-03 12:21:18.301123  2520 13836 D HOME    : [WatchStreamDB]couldItemAlert: false, isTopItemChanged: false, isDeferralForTopItem: false
11-03 12:21:18.327337  2520  2520 D HOME    : [WatchFaceUiController]sendWatchFaceServiceBinder
11-03 12:21:18.332035  2520  2520 D HOME    : [WatchFaceUiController]sendProperties
11-03 12:21:18.333266  2520  2520 D HOME    : [WatchFaceUiController]sendStateToWallpaper
11-03 12:21:18.347790   512 14249 I sensors-hal: handle_indication_realtime:355,  SCHED_FIFO(10) for qmi_cbk
11-03 12:21:18.434829  1686  1686 D HandsFreeClientShard: Connecting HandsFree client profile (retry).
11-03 12:21:18.437898  1686  1686 D BluetoothHeadsetClient: disconnect(14:3C:C3:AD:3D:53)
11-03 12:21:18.439677  1686  1686 D BluetoothHeadsetClient: connect(14:3C:C3:AD:3D:53)
11-03 12:21:18.442376 10095 10167 D HeadsetClientStateMachine: Disconnected process message: 1
11-03 12:21:18.442682 10095 10133 I bt_btif_queue: queue_int_add: adding connection request: address=14:3c:c3:ad:3d:53 UUID=111E busy=false
11-03 12:21:18.442771 10095 10133 I bt_btif_queue: btif_queue_connect_next: executing connection request: address=14:3c:c3:ad:3d:53 UUID=111E busy=false
11-03 12:21:18.442810 10095 10133 E bt_btif : is_connected: not connected!
11-03 12:21:18.442865 10095 10133 W bt_btif : bta_hf_client_find_cb_by_bda: bdaddr mismatch for handle 0 alloc 0
11-03 12:21:18.442897 10095 10133 W bt_btif : bta_hf_client_find_cb_by_bda: bdaddr mismatch for handle 1 alloc 0
11-03 12:21:18.442926 10095 10133 W bt_btif : bta_hf_client_find_cb_by_bda: bdaddr mismatch for handle 2 alloc 0
11-03 12:21:18.442955 10095 10133 W bt_btif : bta_hf_client_find_cb_by_bda: bdaddr mismatch for handle 3 alloc 0
11-03 12:21:18.442984 10095 10133 W bt_btif : bta_hf_client_find_cb_by_bda: bdaddr mismatch for handle 4 alloc 0
11-03 12:21:18.443011 10095 10133 W bt_btif : bta_hf_client_find_cb_by_bda: bdaddr mismatch for handle 5 alloc 0
11-03 12:21:18.443039 10095 10133 W bt_btif : bta_hf_client_find_cb_by_bda: bdaddr mismatch for handle 6 alloc 0
11-03 12:21:18.443068 10095 10133 W bt_btif : bta_hf_client_find_cb_by_bda: bdaddr mismatch for handle 7 alloc 0
11-03 12:21:18.443096 10095 10133 W bt_btif : bta_hf_client_find_cb_by_bda: bdaddr mismatch for handle 8 alloc 0
11-03 12:21:18.443124 10095 10133 W bt_btif : bta_hf_client_find_cb_by_bda: bdaddr mismatch for handle 9 alloc 0
11-03 12:21:18.443150 10095 10133 E bt_btif : bta_hf_client_find_cb_by_bda: block not found
11-03 12:21:18.456692 10095 10095 D AdapterProperties: PROFILE_CONNECTION_STATE_CHANGE: profile=16, device=14:3C:C3:AD:3D:53, 0 -> 1
11-03 12:21:18.459033  5603  5603 D BtTelecomReceiver: onReceive: Intent { act=android.bluetooth.headsetclient.profile.action.CONNECTION_STATE_CHANGED flg=0x10 cmp=com.google.android.apps.wearable.bluetooth/com.google.android.clockwork.hfp.BtTelecomBroadcastReceiver (has extras) }
11-03 12:21:18.459213  5603  5603 D BtTelecomReceiver: Hfp connection changed: -724754873 0 -> 1
11-03 12:21:18.459288 10095 10095 D AdapterProperties: ADAPTER_CONNECTION_STATE_CHANGE: 14:3C:C3:AD:3D:53: 0 -> 1
--------- switch to system
11-03 12:21:18.461844  1686  3998 W BroadcastQueue: Background execution not allowed: receiving Intent { act=android.bluetooth.adapter.action.CONNECTION_STATE_CHANGED flg=0x4000010 (has extras) } to com.google.android.gms/.chimera.GmsIntentOperationService$PersistentTrustedReceiver
--------- switch to main
11-03 12:21:18.722784   512   512 I sensors-hal: activate:107, android.sensor.light/46 en=0
11-03 12:21:18.723835   512   512 I sensors-hal: activate:118, android.sensor.light/46 en=0 completed
11-03 12:21:18.725810   512   512 I sensors-hal: batch:140, android.sensor.light/46, period=250000000, max_latency=0
11-03 12:21:18.725899   512   512 I sensors-hal: batch:149, android.sensor.light/46, period=250000000, max_latency=0 request completed
11-03 12:21:18.726936   512   512 I sensors-hal: activate:107, android.sensor.light/46 en=1
11-03 12:21:18.727235   512   512 I sensors-hal: ssc_enable_rt_task:254, ssc_enable_rt_task : true
11-03 12:21:18.730207   512   512 I sensors-hal: activate:118, android.sensor.light/46 en=1 completed
--------- switch to system
11-03 12:21:18.744880  1686  1686 V SettingsProvider: Notifying for 0: content://settings/system/screen_brightness
--------- switch to main
11-03 12:21:18.746266  1686  1686 I SidekickService: loadBrightnessLocked()
11-03 12:21:18.747984  1686  1686 D SidekickService: screenBrightness  = 57
11-03 12:21:18.748585  1686  1686 D SidekickService: sendConfigValuesLocked(): alsThresholds = [40, 92, 95, 100, 125, 150, 175, 200, 225, 250, 300, 400, 500, 800, 1200], brightnessValuesBright = [50, 56, 60, 70, 80, 90, 100, 115, 120, 140, 160, 180, 200, 220, 240, 255], brightnessValuesDim= [50, 56, 60, 70, 80, 90, 100, 115, 120, 140, 160, 180, 200, 220, 240, 255]
11-03 12:21:18.755721  1686  1686 D SidekickService: setAlsMode(): mode = 2, brightenAlpha = 80, dimmingAlpha = 80
11-03 12:21:18.766686  1686  1686 D SidekickService: setTwmConfig():: msTiltToBright = 10000, tiltToBright = false
11-03 12:21:18.814233   512 14258 I sensors-hal: handle_indication_realtime:355,  SCHED_FIFO(10) for qmi_cbk
11-03 12:21:19.034053   512   512 I sensors-hal: batch:140, android.sensor.accelerometer/48, period=66667000, max_latency=100000000
11-03 12:21:19.036228   512   512 I sensors-hal: batch:149, android.sensor.accelerometer/48, period=66667000, max_latency=100000000 request completed
11-03 12:21:19.038212  1686  1686 D DefaultUngazeDetector: Ungaze event occurred; emitting gesture event!
11-03 12:21:19.038317  1686  1686 D WristGestureCtrl: Gesture:GESTURE UNGAZE, timestamp(ms): 69957625, confidence: 0.0, latency(ms): 0, duration(ms): 843
11-03 12:21:19.039490   512   512 I sensors-hal: batch:140, android.sensor.accelerometer/48, period=19231000, max_latency=100000000
11-03 12:21:19.041397   512   512 I sensors-hal: batch:149, android.sensor.accelerometer/48, period=19231000, max_latency=100000000 request completed
11-03 12:21:19.042909   512   512 I sensors-hal: flush:169, android.sensor.accelerometer/48
--------- switch to system
11-03 12:21:19.043721  1686  1686 I WindowManager: sleepRelease() calling goToSleep(GO_TO_SLEEP_REASON_SLEEP_BUTTON)
--------- switch to main
11-03 12:21:19.044460   512   512 I sensors-hal: flush:175, android.sensor.accelerometer/48 completed
--------- switch to system
11-03 12:21:19.047436  1686  1686 I PowerManagerService: Going to sleep due to sleep button (uid 1000)...
11-03 12:21:19.055953  1686  1712 I DreamManagerService: Entering dreamland.
11-03 12:21:19.055997  1686  1686 W UsageStatsService: Event reported without a package name
11-03 12:21:19.057774  1686  1712 I PowerManagerService: Dozing...
11-03 12:21:19.076864  1686  1708 I DreamController: Starting dream: name=ComponentInfo{com.google.android.wearable.ambient/com.google.android.wearable.ambient.AmbientDream}, isTest=false, canDoze=true, userId=0
11-03 12:21:19.087175  1686  1686 W ContextImpl: Calling a method in the system process without a qualified user: android.app.ContextImpl.bindService:1611 android.content.ContextWrapper.bindService:698 com.google.android.wearable.ambient.AmbientDream.onCreate:191 android.app.ActivityThread.handleCreateService:3533 android.app.ActivityThread.access$1300:200 
11-03 12:21:19.095185  1686  1686 W ContextImpl: Calling a method in the system process without a qualified user: android.app.ContextImpl.sendBroadcast:1005 android.content.ContextWrapper.sendBroadcast:444 com.google.android.wearable.ambient.AmbientDream.onCreate:241 android.app.ActivityThread.handleCreateService:3533 android.app.ActivityThread.access$1300:200 
11-03 12:21:19.096215  1686  1686 V DreamService[AmbientDream]: onBind() intent = Intent { act=android.service.dreams.DreamService flg=0x800000 cmp=com.google.android.wearable.ambient/.AmbientDream }
--------- switch to main
11-03 12:21:19.096994  1686  1686 I AmbientService: [ce6a28c] Ambient Created
--------- switch to system
11-03 12:21:19.101375  1686  1686 V DreamService[AmbientDream]: Calling onDreamingStarted()
--------- switch to main
11-03 12:21:19.101531  1686  1686 I AmbientService: [ce6a28c] doOnDreamingStarted
11-03 12:21:19.102033  1686  1686 D SidekickService: setShouldControlDisplay called: true
11-03 12:21:19.103812  1686  1686 I AmbientService: [ce6a28c] Selected running activity for ambient mode: AmbientActivity[component=ComponentInfo{com.google.android.wearable.app/com.google.android.clockwork.home2.activity.HomeActivity2}, callbacks=@210b385, running=true, ambientRequested=true, ambientEnabled=true, offloadEnabled=true]
11-03 12:21:19.104351  1686  1686 I AmbientService: [ce6a28c] Sidekick is ready to display, requesting doze.
11-03 12:21:19.104872  1686  1686 I AmbientService: [ce6a28c] No auto-resume Activity.
11-03 12:21:19.106211  1686  1686 W DefaultSettingsContentR: Value for ambient_low_bit_enabled not stored as number. Attempting parse as boolean.
11-03 12:21:19.109008  2520  2520 D HOME    : [HomeVisitsLogger]Logging streamlet event: enter_ambient_mode
11-03 12:21:19.109594  2520  2520 D HOME    : [HotwordController]updateClient MODE_WATCH_FACE false true false true
11-03 12:21:19.111176  1686  1686 I AmbientService: [ce6a28c] Showing watch face in offload mode, canceling alarm.
11-03 12:21:19.111301  1686  1686 W AlarmManagerProxy: Removing unknown listener
11-03 12:21:19.111427  1686  1686 D WristGestureCtrl: Stopping detectors: GesturesEnabled-false gestureDetector-false ungazeEnabled-true ungaze-true
11-03 12:21:19.111475  1686  1686 D DefaultUngazeDetector: stopping
11-03 12:21:19.127166   512   512 I sensors-hal: batch:140, android.sensor.accelerometer/48, period=66667000, max_latency=100000000
11-03 12:21:19.128870  2520 12958 D HOME    : [HomeVisitsLogger]Logging streamlet event: visit_end
11-03 12:21:19.149986  2520  2520 D HOME    : [WatchFaceUiController]setInAmbientMode true
11-03 12:21:19.151673  2520 12958 I SidekickManager: replaceWatchFaceComponentsImpl(): watchFace = com.google.android.clockwork.decomposablewatchface.WatchFaceDecomposition@4054ab
11-03 12:21:19.151863  2520  2520 D HOME    : [StreamDBQueue]Promised revision #5316 to queue a new op
11-03 12:21:19.152057  2520  2520 D WatchStreamManager: Promised rank-blocked=false @ r#5316
11-03 12:21:19.152406  2520  2520 D HOME    : [StreamDBQueue]Promised revision #5317 to queue a new op
11-03 12:21:19.152454  1686  1741 D SidekickService: sendWatchFaceComponents called: watchFace = com.google.android.clockwork.decomposablewatchface.WatchFaceDecomposition@33abd6ashouldReplace = false
11-03 12:21:19.152520  2520  2520 D WatchStreamManager: Promised rank-blocked=false @ r#5317
11-03 12:21:19.152625  1686  1741 D SidekickService: Check decomposition for calling app com.google.android.wearable.app with uid 10049
11-03 12:21:19.152958  1686  1741 D SidekickService: sendWatchFaceLocked(): shouldReplace = false, mSidekickIsControlling = false, 1 images, 0 fonts, 0 numbers, 0 proportionalFonts, 0 strings
11-03 12:21:19.153022  1686  1741 D SidekickService: ISidekickGraphics#beginResources()...
11-03 12:21:19.153204  2520  2520 D HOME    : [EventBus]Wrapper pool is full. Discarding excess wrapper instance for event com.google.android.clockwork.sysui.events.KeyguardStateEvent
11-03 12:21:19.153283  2520  2520 D HOME    : [WatchFaceUiController]sendStateToWallpaper
11-03 12:21:19.153569  2520 14104 D HOME    : [StreamDBQueue]Promised revision #5318 to queue a new op
11-03 12:21:19.153679  2520 14104 D WatchStreamManager: Promised rerank @ r#5318
11-03 12:21:19.154185  2520 13693 D HOME    : [WatchStreamDB]Item alerting conditions - isInterruptive: true, recentlyInterrupted: false, isItemPinned: false, isUnread: true
11-03 12:21:19.155253   512   512 I sensors-hal: batch:149, android.sensor.accelerometer/48, period=66667000, max_latency=100000000 request completed
11-03 12:21:19.157007  1686  1741 D SidekickServiceUtils: bitmapFromDrawable: Returning bitmap directly
11-03 12:21:19.160077  2520  2520 D HOME    : [EventBus]Wrapper pool is full. Discarding excess wrapper instance for event com.google.android.clockwork.sysui.events.KeyguardStateEvent
11-03 12:21:19.160361  2520  2520 D HOME    : [EventBus]Wrapper pool is full. Discarding excess wrapper instance for event com.google.android.clockwork.sysui.events.KeyguardStateEvent
11-03 12:21:19.166569  2520  2520 W StaticLayout: maxLineHeight should not be -1.  maxLines:1 lineCount:1
11-03 12:21:19.168021  1686  1741 D SidekickService: sendBitmapsLocked(): bounds = RectF(0.47115386, 0.33653846, 0.52884614, 0.39423078), drawableInfo = {.id = 100000, .width = 24, .height = 24, .display = true, .offsetX = 193.0, .offsetY = 137.0, .rotationInfo = {.hasRotation = false, .pivotX = 0.0, .pivotY = 0.0, .degreesPerDay = 0.0, .degreesPerStep = 0.0, .zeroDegreesTime = {.daysSinceLocalEpoch = 0, .msSinceMidnight = 0}}, .transformInfo = {.transformed = false, .flipX = false, .flipY = false, .flip45 = false, .scaleX = 0.0, .scaleY = 0.0}, .type = GENERIC, .blink = {.blinking = false, .periodOnMs = 0.0, .periodOffMs = 0.0, .startTime = {.daysSinceLocalEpoch = 0, .msSinceMidnight = 0}}, .zOrder = 8, .displayInTwm = true}, image.size() = 97
11-03 12:21:19.169743  2520 13693 D HOME    : [StreamAlertingRegulator]isTheaterModeEnabled: false, isAlertingAllowedByOffBody: true, matchesLocalInterruptionFilter: true
11-03 12:21:19.170805  2520 13693 D HOME    : [WatchStreamDB]couldItemAlert: false, isTopItemChanged: false, isDeferralForTopItem: false
11-03 12:21:19.172357  2520 13693 D HOME    : [WatchStreamDB]Item alerting conditions - isInterruptive: true, recentlyInterrupted: false, isItemPinned: false, isUnread: true
11-03 12:21:19.172639  2520 13693 D HOME    : [StreamAlertingRegulator]isTheaterModeEnabled: false, isAlertingAllowedByOffBody: true, matchesLocalInterruptionFilter: true
11-03 12:21:19.172736   416  2389 D SKGHAL  : saveResource: resId = 100000
11-03 12:21:19.172845  2520 13693 D HOME    : [WatchStreamDB]couldItemAlert: false, isTopItemChanged: false, isDeferralForTopItem: false
11-03 12:21:19.173257  2520 13693 D HOME    : [WatchStreamDB]updateRanking()
11-03 12:21:19.173318  1686  1741 D SidekickService: sendBitmapsLocked(): status = 0, bytesUsed = 64
11-03 12:21:19.173468  1686  1741 D SidekickService: ISidekickGraphics#endResources()...
11-03 12:21:19.173719  2520 13693 D HOME    : [WatchStreamDB]Item alerting conditions - isInterruptive: true, recentlyInterrupted: false, isItemPinned: false, isUnread: true
11-03 12:21:19.173978  2520 13693 D HOME    : [StreamAlertingRegulator]isTheaterModeEnabled: false, isAlertingAllowedByOffBody: true, matchesLocalInterruptionFilter: true
11-03 12:21:19.174178  2520 13693 D HOME    : [WatchStreamDB]couldItemAlert: false, isTopItemChanged: false, isDeferralForTopItem: false
11-03 12:21:19.175639  2520 13693 D HOME    : [NewStreamAdapter]Publishing revision #5318 to adapter clients
11-03 12:21:19.176159  2520 14104 D HOME    : [StreamDBQueue]Promised revision #5319 to queue a new op
11-03 12:21:19.176321  2520 14104 D WatchStreamManager: Promised rerank @ r#5319
11-03 12:21:19.176532  2520 13838 D HOME    : [WatchStreamDB]updateRanking()
11-03 12:21:19.177001  2520 13838 D HOME    : [WatchStreamDB]Item alerting conditions - isInterruptive: true, recentlyInterrupted: false, isItemPinned: false, isUnread: true
11-03 12:21:19.177315  2520 13838 D HOME    : [StreamAlertingRegulator]isTheaterModeEnabled: false, isAlertingAllowedByOffBody: true, matchesLocalInterruptionFilter: true
11-03 12:21:19.177529  2520 13838 D HOME    : [WatchStreamDB]couldItemAlert: false, isTopItemChanged: false, isDeferralForTopItem: false
11-03 12:21:19.179008  2520 13838 D HOME    : [NewStreamAdapter]Publishing revision #5319 to adapter clients
11-03 12:21:19.430285   416  2389 D SKGHAL  : sendResources: metadata size = 2400, font size = 72
11-03 12:21:19.491656   416  2389 D SKGHAL  : endResources: rc = 0
11-03 12:21:19.493562  1686  1686 W system_server: Long monitor contention with owner Binder:1686_3 (1741) at int com.google.android.clockwork.sidekick.SidekickService$BinderService.sendWatchFace(com.google.android.clockwork.decomposablewatchface.WatchFaceDecomposition, boolean)(SidekickService.java:1021) waiters=0 in boolean com.google.android.clockwork.sidekick.SidekickService$BinderService.readyToDisplay() for 323ms
11-03 12:21:19.496220  2520  2520 D HOME    : [SidekickManagerAsync]replaceWatchFaceComponents(): Callback#onResult(): 0
11-03 12:21:19.496618  2520  2520 D HOME    : [WatchFaceUiController]Complication updates sent, posting watch face hiding
11-03 12:21:19.496708  2520  2520 D HOME    : [WatchFaceUiController]Still in ambient watch face, hiding
11-03 12:21:19.496779  2520  2520 D HOME    : [WatchFaceUiController]Hiding watch face wallpaper.
--------- switch to system
11-03 12:21:19.497416  1686  1686 W Looper  : Slow dispatch took 329ms main h=android.os.Handler c=com.google.android.wearable.ambient.AmbientDream$Callbacks$1@fb5225b m=0
--------- switch to kernel
11-03 12:21:19.386047     0     0 E FG      : fg_psy_get_property: unsupported property 7
11-03 12:21:19.388102     0     0 W healthd : battery l=4 v=3571 t=20.0 h=2 st=3 c=147 fc=443000 cc=0 chg=
--------- switch to main
11-03 12:21:19.536019   512   512 I sensors-hal: activate:107, android.sensor.light/46 en=0
11-03 12:21:19.537778   512   512 I sensors-hal: activate:118, android.sensor.light/46 en=0 completed
11-03 12:21:19.542018   545   545 D SurfaceFlinger: Set power mode=3, type=0 flinger=0xb6bb6000
11-03 12:21:19.542711   504   764 I SDM     : DisplayBase::SetDisplayState: Set state = 3, display 0
--------- switch to system
11-03 12:21:19.543277  1686  1710 I DisplayManagerService: Display device changed state: "Écran intégré", DOZE_SUSPEND
--------- switch to main
11-03 12:21:19.573108   545   545 D SurfaceFlinger: Finished set power mode=3, type=0
11-03 12:21:19.573529  1686  1823 I SidekickService: beginDisplayLocked(): DOZE_SUSPEND
11-03 12:21:19.574046   416  2389 D SKGHAL  : sendAmbientPrepare: enter:
--------- switch to kernel
11-03 12:21:19.401020     0     0 I mdss_dsi_panel_set_idle_mode: Idle (0->1)
11-03 12:21:19.429174     0     0 I         : [touch]FB_BLANK_VSYNC_SUSPEND
11-03 12:21:19.429180     0     0 I         : [touch]irq disable
11-03 12:21:19.429184     0     0 I         : [touch]workqueue is empty!
11-03 12:21:19.429189     0     0 I         : [touch]raydium_ts_do_suspend.
11-03 12:21:19.429197     0     0 I         : [touch]Device may wakeup
11-03 12:21:19.431027     0     0 I         : [touch]irq enable
--------- switch to main
11-03 12:21:19.585552  1686  1759 I InputReader: Reconfiguring input devices.  changes=0x00000004
11-03 12:21:19.589188  1956  1956 D QtiCarrierConfigHelper: WARNING, no carrier configs on phone Id: 0
11-03 12:21:19.592302  2520  2520 D HOME    : [BatteryChange]action: android.intent.action.BATTERY_CHANGED
11-03 12:21:19.592616  2520 12958 D HOME    : [BatteryChange]HandleBatteryChangedTask
11-03 12:21:19.598307  2520 12958 D HOME    : [BatteryChange]level: 4, status: 3
11-03 12:21:19.599046  2520 12958 D HOME    : [BatteryChange]updateStreamItem
11-03 12:21:19.608746  2520 12958 D HOME    : [BatteryChange]batteryHistory size: 20'
11-03 12:21:19.608983  2520 12958 D HOME    : [BatteryChange]timeDelta: 14952609
11-03 12:21:19.609117  2520 12958 D HOME    : [BatteryChange]levelDelta: 22
11-03 12:21:19.695165   416  2389 D SKGHAL  : sendAmbientEvent: enter: enable = 1
11-03 12:21:19.696038   504   523 I SDM     : DisplayBase::SetDisplayState: Set state = 4, display 0
11-03 12:21:19.696109   504   523 D SDM     : HWCDisplayPrimary::SetStandByMode: Null display is connected successfully
11-03 12:21:19.696273   416  2389 D SKGHAL  : standBy_update_control call succeed on 1
11-03 12:21:19.703457   416  2389 D SKGHAL  : sendAmbientEvent: done: enable = 1
11-03 12:21:19.703823  1686  1823 D SidekickService:    ... beginDisplay result: 0 for halPower: 1
11-03 12:21:19.706874   512   512 I sensors-hal: activate:107, android.sensor.accelerometer/48 en=0
11-03 12:21:19.708208   512   512 I sensors-hal: activate:118, android.sensor.accelerometer/48 en=0 completed
--------- switch to kernel
11-03 12:21:19.567038     0     0 E bgrsb   : bgrsb_enable: gpio 32 is valid
--------- switch to main
11-03 12:21:19.714536  1686  1799 E WifiStateMachine: getWifiLinkLayerStats called without an interface
11-03 12:21:19.738371  1686  1686 I WearPower: [WearTouchMediator] changing touch input to enabled (ON_AUTO)
11-03 12:21:19.739730  1686  1759 I InputReader: Reconfiguring input devices.  changes=0x00000200
11-03 12:21:19.748196  1686  1686 I AmbientService: [ce6a28c] Timeout alarm not required, auto-resume timeout handled by dream.
--------- switch to kernel
11-03 12:21:19.600396     0     0 I init    : processing action (ro.enable_core_ctl=true && sys.cw_corectl_mode=idle) from (/vendor/etc/init/hw/init.qcom.rc:949)
--------- switch to main
11-03 12:21:19.757733  3205  3434 W WorkController: Loading failed for worker [trainingcache]: worker not found
11-03 12:21:19.758540  3205  3294 W A       : TrainingCache cache SCREEN_OFF failure
11-03 12:21:19.758540  3205  3294 W A       : com.google.android.apps.gsa.search.core.service.h.a.a: No worker found for Worker ID [trainingcache].
11-03 12:21:19.758540  3205  3294 W A       : 	at com.google.android.apps.gsa.search.core.service.g.a.c.a(Unknown Source:5)
11-03 12:21:19.758540  3205  3294 W A       : 	at com.google.android.libraries.gsa.c.a.d.a(Unknown Source:3)
11-03 12:21:19.758540  3205  3294 W A       : 	at com.google.common.p.a.cg.c(Unknown Source:2)
11-03 12:21:19.758540  3205  3294 W A       : 	at com.google.common.p.a.bk.run(SourceFile:3)
11-03 12:21:19.758540  3205  3294 W A       : 	at com.google.common.p.a.ci.run(Unknown Source:4)
11-03 12:21:19.758540  3205  3294 W A       : 	at com.google.apps.tiktok.concurrent.ab.run(SourceFile:1)
11-03 12:21:19.758540  3205  3294 W A       : 	at java.util.concurrent.ThreadPoolExecutor.runWorker(ThreadPoolExecutor.java:1167)
11-03 12:21:19.758540  3205  3294 W A       : 	at java.util.concurrent.ThreadPoolExecutor$Worker.run(ThreadPoolExecutor.java:641)
11-03 12:21:19.758540  3205  3294 W A       : 	at com.google.apps.tiktok.concurrent.c.run(Unknown Source:4)
11-03 12:21:19.758540  3205  3294 W A       : 	at java.lang.Thread.run(Thread.java:764)
11-03 12:21:19.772306  2520  2520 D HOME    : [StreamDBQueue]Promised revision #5320 to queue a new op
11-03 12:21:19.772574  2520  2520 D WatchStreamManager: Promised rank-blocked=false @ r#5320
11-03 12:21:19.772796  2520  2520 D HOME    : [CompactHunStarter]detachWindow()
11-03 12:21:19.773231  2520 12958 D HOME    : [WatchStreamDB]Item alerting conditions - isInterruptive: true, recentlyInterrupted: false, isItemPinned: false, isUnread: true
11-03 12:21:19.773526  2520 12958 D HOME    : [StreamAlertingRegulator]isTheaterModeEnabled: false, isAlertingAllowedByOffBody: true, matchesLocalInterruptionFilter: true
11-03 12:21:19.773722  2520 12958 D HOME    : [WatchStreamDB]couldItemAlert: false, isTopItemChanged: false, isDeferralForTopItem: false
11-03 12:21:19.774451  2520 13836 D HOME    : [StreamDBQueue]Promised revision #5321 to queue a new op
11-03 12:21:19.774638  2520 13836 D WatchStreamManager: Promised rerank @ r#5321
11-03 12:21:19.774784  2520 14104 D HOME    : [WatchStreamDB]updateRanking()
11-03 12:21:19.775246  2520 14104 D HOME    : [WatchStreamDB]Item alerting conditions - isInterruptive: true, recentlyInterrupted: false, isItemPinned: false, isUnread: true
11-03 12:21:19.775508  2520 14104 D HOME    : [StreamAlertingRegulator]isTheaterModeEnabled: false, isAlertingAllowedByOffBody: true, matchesLocalInterruptionFilter: true
11-03 12:21:19.775719  2520 14104 D HOME    : [WatchStreamDB]couldItemAlert: false, isTopItemChanged: false, isDeferralForTopItem: false
11-03 12:21:19.776226  2520 14104 D HOME    : [NewStreamAdapter]Publishing revision #5321 to adapter clients
--------- switch to kernel
11-03 12:21:19.797007     0     0 I PM      : suspend entry 2021-11-03 11:21:19.797007388 UTC
11-03 12:21:19.797017     0     0 I PM      : Syncing filesystems ... done.
11-03 12:21:19.828695     0     0 I         : Freezing user space processes ... (elapsed 0.006 seconds) done.
11-03 12:21:19.834870     0     0 I         : Freezing remaining freezable tasks ... (elapsed 0.002 seconds) done.
--------- switch to main
11-03 12:21:23.712847 10095 10150 W bt_sdp  : SDP - Rcvd conn cnf with error: 0x4  CID 0x46
11-03 12:21:23.713297 10095 10133 D BluetoothHeadsetClientServiceJni: connection_state_cb: state 0 peer_feat 0 chld_feat 0
11-03 12:21:23.716294 10095 10133 E bt_btif : btif_hf_client_get_cb_by_bda: could not find block for bdaddr
11-03 12:21:23.716413 10095 10133 E bt_btif : btif_hf_client_upstreams_evt: event 3 but not allocating block: cb not found
11-03 12:21:23.716491 10095 10133 I bt_btif_queue: queue_int_advance: removing connection request: address=14:3c:c3:ad:3d:53 UUID=111E busy=true
11-03 12:21:23.716867 10095 10167 D HeadsetClientStateMachine: Enter Disconnected: 100
--------- switch to kernel
11-03 12:21:19.837797     0     0 I         : Suspending console(s) (use no_console_suspend to debug)
11-03 12:21:19.847969     0     0 I mdss_dsi_panel_set_idle_mode: Idle (1->1)
11-03 12:21:19.884792     0     0 I bgcom   : bgcom_pm_suspend: suspended with : 0
11-03 12:21:19.913453     0     0 I PM      : suspend of devices complete after 74.113 msecs
11-03 12:21:19.916190     0     0 I PM      : late suspend of devices complete after 2.720 msecs
11-03 12:21:19.919200     0     0 I PM      : noirq suspend of devices complete after 2.994 msecs
11-03 12:21:19.919206     0     0 I         : Disabling non-boot CPUs ...
11-03 12:21:19.932018     0     0 I CPU1    : shutdown
11-03 12:21:19.932955     0     0 I suspend ns: 4476620688551	suspend cycles:    1343371534440
11-03 12:21:19.932946     0     0 I CPU0    : msm_cpu_pm_enter_sleep mode:3 during suspend
11-03 12:21:19.932946     0     0 I         : Suspended for 3.697 seconds
11-03 12:21:19.932946     0     0 I resume cycles: 1343442526648
11-03 12:21:19.933194     0     0 I         : Enabling non-boot CPUs ...
11-03 12:21:19.933525     0     0 I CPU1    : update cpu_capacity 1024
11-03 12:21:19.934472     0     0 I         : CPU1 is up
11-03 12:21:19.936083     0     0 I PM      : noirq resume of devices complete after 1.413 msecs
11-03 12:21:19.938750     0     0 I PM      : early resume of devices complete after 1.695 msecs
11-03 12:21:19.940548     0     0 I CPU0    : update max cpu_capacity 748
11-03 12:21:19.961965     0     0 I bgcom   : bgcom_pm_resume: Bgcom resumed with : 0
11-03 12:21:19.971688     0     0 I mdss_dsi_panel_set_idle_mode: Idle (1->1)
11-03 12:21:20.003502     0     0 I PM      : resume of devices complete after 64.734 msecs
11-03 12:21:20.005358     0     0 I         : Restarting tasks ...
11-03 12:21:20.007450     0     0 W QSEECOM : qseecom_receive_req: Interrupted: exiting Listener Service = 12288
11-03 12:21:20.007493     0     0 W QSEECOM : qseecom_receive_req: Interrupted: exiting Listener Service = 10
11-03 12:21:20.009856     0     0 W QSEECOM : qseecom_receive_req: Interrupted: exiting Listener Service = 8192
11-03 12:21:20.009898     0     0 W QSEECOM : qseecom_receive_req: Interrupted: exiting Listener Service = 11
11-03 12:21:20.009924     0     0 W QSEECOM : qseecom_receive_req: Interrupted: exiting Listener Service = 28672
11-03 12:21:20.011708     0     0 I         : done.
11-03 12:21:23.709904     0     0 I PM      : suspend exit 2021-11-03 11:21:23.709904209 UTC
--------- switch to main
11-03 12:21:23.724284  5603  5603 D BtTelecomReceiver: onReceive: Intent { act=android.bluetooth.headsetclient.profile.action.CONNECTION_STATE_CHANGED flg=0x10 cmp=com.google.android.apps.wearable.bluetooth/com.google.android.clockwork.hfp.BtTelecomBroadcastReceiver (has extras) }
11-03 12:21:23.724501  5603  5603 D BtTelecomReceiver: Hfp connection changed: -724754873 1 -> 0
11-03 12:21:23.725359 10095 10095 D AdapterProperties: PROFILE_CONNECTION_STATE_CHANGE: profile=16, device=14:3C:C3:AD:3D:53, 1 -> 0
11-03 12:21:23.725764 10095 10095 D AdapterProperties: ADAPTER_CONNECTION_STATE_CHANGE: 14:3C:C3:AD:3D:53: 1 -> 0
11-03 12:21:23.734886  5603  5603 D HfpClientConnService: onCreate
11-03 12:21:23.735740  5603  5603 D HfpClientConnService: disabling HFP
11-03 12:21:23.735885  5603  5603 I HfpClientConnService: enable request:Enable Request - time:1635938483724 type:false reason:headset client disconnected
--------- switch to system
11-03 12:21:23.736727  1686 10088 W BroadcastQueue: Background execution not allowed: receiving Intent { act=android.bluetooth.adapter.action.CONNECTION_STATE_CHANGED flg=0x4000010 (has extras) } to com.google.android.gms/.chimera.GmsIntentOperationService$PersistentTrustedReceiver
--------- switch to main
11-03 12:21:23.738878  5603  5603 I HfpClientConnService: account already disabled
--------- switch to kernel
11-03 12:21:24.130045     0     0 I PM      : suspend entry 2021-11-03 11:21:24.130045563 UTC
11-03 12:21:24.130058     0     0 I PM      : Syncing filesystems ... done.
11-03 12:21:24.240564     0     0 I         : Freezing user space processes ... (elapsed 0.007 seconds) done.
11-03 12:21:24.247828     0     0 I         : Freezing remaining freezable tasks ... (elapsed 0.004 seconds) done.
11-03 12:21:24.252128     0     0 I         : Suspending console(s) (use no_console_suspend to debug)
11-03 12:21:24.263896     0     0 I mdss_dsi_panel_set_idle_mode: Idle (1->1)
11-03 12:21:24.303274     0     0 I bgcom   : bgcom_pm_suspend: suspended with : 0
11-03 12:21:24.339700     0     0 I PM      : suspend of devices complete after 85.358 msecs
11-03 12:21:24.345163     0     0 I PM      : late suspend of devices complete after 5.420 msecs
11-03 12:21:24.350934     0     0 I PM      : noirq suspend of devices complete after 5.733 msecs
11-03 12:21:24.350947     0     0 I         : Disabling non-boot CPUs ...
11-03 12:21:24.371106     0     0 I CPU1    : shutdown
11-03 12:21:24.373131     0     0 I suspend ns: 4477363351209	suspend cycles:    1343456785771
11-03 12:21:24.373111     0     0 I CPU0    : msm_cpu_pm_enter_sleep mode:3 during suspend
11-03 12:21:24.373111     0     0 I         : Suspended for 37.001 seconds
11-03 12:21:24.373111     0     0 I resume cycles: 1344167209485
11-03 12:21:24.373707     0     0 I         : Enabling non-boot CPUs ...
11-03 12:21:24.374561     0     0 I CPU1    : update cpu_capacity 1024
11-03 12:21:24.375951     0     0 I         : CPU1 is up
11-03 12:21:24.377876     0     0 I CPU1    : update max cpu_capacity 748
11-03 12:21:24.379796     0     0 I PM      : noirq resume of devices complete after 3.470 msecs
11-03 12:21:24.384967     0     0 I PM      : early resume of devices complete after 3.711 msecs
11-03 12:21:24.414633     0     0 I bgcom   : bgcom_pm_resume: Bgcom resumed with : 0
--------- switch to system
11-03 12:22:01.480146  1686  1686 I PowerManagerService: Waking up from dozing (uid=1000 reason=tiltToWake)...
--------- switch to kernel
11-03 12:21:24.424829     0     0 I mdss_dsi_panel_set_idle_mode: Idle (1->1)
11-03 12:21:24.461869     0     0 I PM      : resume of devices complete after 76.870 msecs
11-03 12:21:24.464444     0     0 I         : Restarting tasks ...
11-03 12:21:24.469310     0     0 W QSEECOM : qseecom_receive_req: Interrupted: exiting Listener Service = 11
11-03 12:21:24.469417     0     0 W QSEECOM : qseecom_receive_req: Interrupted: exiting Listener Service = 10
11-03 12:21:24.471397     0     0 W QSEECOM : qseecom_receive_req: Interrupted: exiting Listener Service = 8192
11-03 12:21:24.471560     0     0 W QSEECOM : qseecom_receive_req: Interrupted: exiting Listener Service = 12288
11-03 12:21:24.471631     0     0 W QSEECOM : qseecom_receive_req: Interrupted: exiting Listener Service = 28672
11-03 12:21:24.482833     0     0 I         : done.
11-03 12:22:01.485768     0     0 I PM      : suspend exit 2021-11-03 11:22:01.485768048 UTC
--------- switch to system
11-03 12:22:01.504198  1686  1686 W UsageStatsService: Event reported without a package name
--------- switch to kernel
11-03 12:22:01.518489     0     0 E FG      : fg_psy_get_property: unsupported property 7
11-03 12:22:01.379421     0     0 W healthd : battery l=4 v=3693 t=21.0 h=2 st=3 c=5 fc=443000 cc=0 chg=
--------- switch to main
11-03 12:22:01.557296   512   512 I sensors-hal: batch:140, android.sensor.light/46, period=100000000, max_latency=0
11-03 12:22:01.557365   512   512 I sensors-hal: batch:149, android.sensor.light/46, period=100000000, max_latency=0 request completed
11-03 12:22:01.559715   512   512 I sensors-hal: activate:107, android.sensor.light/46 en=1
11-03 12:22:01.560151   512   512 I sensors-hal: ssc_enable_rt_task:254, ssc_enable_rt_task : true
11-03 12:22:01.565836   512   512 I sensors-hal: activate:118, android.sensor.light/46 en=1 completed
11-03 12:22:01.568139  1686  1823 I SidekickService: endDisplayLocked()
11-03 12:22:01.568687   512   512 I sensors-hal: batch:140, android.sensor.accelerometer/48, period=66667000, max_latency=100000000
11-03 12:22:01.568758   512   512 I sensors-hal: batch:149, android.sensor.accelerometer/48, period=66667000, max_latency=100000000 request completed
11-03 12:22:01.569190   416  2389 D SKGHAL  : sendAmbientEvent: enter: enable = 0
--------- switch to system
11-03 12:22:01.569270  1686  1710 I DisplayManagerService: Display device changed state: "Écran intégré", ON
--------- switch to main
11-03 12:22:01.570435   512   512 I sensors-hal: activate:107, android.sensor.accelerometer/48 en=1
11-03 12:22:01.578143   512   512 I sensors-hal: ssc_enable_rt_task:254, ssc_enable_rt_task : true
11-03 12:22:01.612503  1686  1759 I InputReader: Reconfiguring input devices.  changes=0x00000004
--------- switch to kernel
11-03 12:22:01.456193     0     0 E bgrsb   : bgrsb_enable: rsb will set report rate
11-03 12:22:01.471866     0     0 E bgrsb   : bgrsb_enable: gpio 32 is valid
--------- switch to main
11-03 12:22:01.616220  4243  4243 D OMService: onDisplayChanged: not dozing
11-03 12:22:01.619239   512   512 I sensors-hal: activate:118, android.sensor.accelerometer/48 en=1 completed
11-03 12:22:01.625282  2520  2520 D HOME    : [BatteryChange]action: android.intent.action.BATTERY_CHANGED
11-03 12:22:01.626320  2520 12958 D HOME    : [BatteryChange]HandleBatteryChangedTask
11-03 12:22:01.626817  2520 12958 D HOME    : [BatteryChange]level: 4, status: 3
11-03 12:22:01.630028  2520 12958 D HOME    : [BatteryChange]updateStreamItem
11-03 12:22:01.630746  1956  1956 D QtiCarrierConfigHelper: WARNING, no carrier configs on phone Id: 0
--------- switch to system
11-03 12:22:01.634930  1686  1702 W BroadcastQueue: Background execution not allowed: receiving Intent { act=android.intent.action.USER_PRESENT flg=0x10 } to com.google.android.gms/.auth.setup.devicesignals.LockScreenReceiver
11-03 12:22:01.635408  1686  1702 W BroadcastQueue: Background execution not allowed: receiving Intent { act=android.intent.action.USER_PRESENT flg=0x10 } to com.google.android.gms/.chimera.GmsIntentOperationService$PersistentTrustedReceiver
--------- switch to main
11-03 12:22:01.642962  3205  3434 W WorkController: Loading failed for worker [trainingcache]: worker not found
11-03 12:22:01.644065  3205  3372 W A       : TrainingCache cache DEVICE_UNLOCKED failure
11-03 12:22:01.644065  3205  3372 W A       : com.google.android.apps.gsa.search.core.service.h.a.a: No worker found for Worker ID [trainingcache].
11-03 12:22:01.644065  3205  3372 W A       : 	at com.google.android.apps.gsa.search.core.service.g.a.c.a(Unknown Source:5)
11-03 12:22:01.644065  3205  3372 W A       : 	at com.google.android.libraries.gsa.c.a.d.a(Unknown Source:3)
11-03 12:22:01.644065  3205  3372 W A       : 	at com.google.common.p.a.cg.c(Unknown Source:2)
11-03 12:22:01.644065  3205  3372 W A       : 	at com.google.common.p.a.bk.run(SourceFile:3)
11-03 12:22:01.644065  3205  3372 W A       : 	at com.google.common.p.a.ci.run(Unknown Source:4)
11-03 12:22:01.644065  3205  3372 W A       : 	at com.google.apps.tiktok.concurrent.ab.run(SourceFile:1)
11-03 12:22:01.644065  3205  3372 W A       : 	at java.util.concurrent.ThreadPoolExecutor.runWorker(ThreadPoolExecutor.java:1167)
11-03 12:22:01.644065  3205  3372 W A       : 	at java.util.concurrent.ThreadPoolExecutor$Worker.run(ThreadPoolExecutor.java:641)
11-03 12:22:01.644065  3205  3372 W A       : 	at com.google.apps.tiktok.concurrent.c.run(Unknown Source:4)
11-03 12:22:01.644065  3205  3372 W A       : 	at java.lang.Thread.run(Thread.java:764)
11-03 12:22:01.655270  1686  1799 E WifiStateMachine: getWifiLinkLayerStats called without an interface
11-03 12:22:01.689263  1686  1686 I WearPower: [WearTouchMediator] changing touch input to enabled (ON_AUTO)
11-03 12:22:01.690469  1686  1759 I InputReader: Reconfiguring input devices.  changes=0x00000200
--------- switch to kernel
11-03 12:22:01.556204     0     0 I init    : processing action (ro.enable_core_ctl=true && sys.cw_corectl_mode=perf) from (/vendor/etc/init/hw/init.qcom.rc:954)
11-03 12:22:01.558196     0     0 I CPU2    : update cpu_capacity 1024
11-03 12:22:01.559539     0     0 W         : IRQ21 no longer affine to CPU2
11-03 12:22:01.560504     0     0 I CPU2    : shutdown
11-03 12:22:01.564356     0     0 I CPU3    : update cpu_capacity 1024
11-03 12:22:01.566665     0     0 I CPU3    : shutdown
11-03 12:22:01.570511     0     0 I         : [touch]FB_BLANK_VSYNC_SUSPEND
11-03 12:22:01.570514     0     0 I         : [touch]Already in suspend state
--------- switch to main
11-03 12:22:01.712357   504   523 I SDM     : DisplayBase::SetDisplayState: Set state = 3, display 0
11-03 12:22:01.712562   504   523 D SDM     : HWCDisplayPrimary::SetStandByMode: Display is connected successfully
11-03 12:22:01.712979   416  2389 D SKGHAL  : standBy_update_control call succeed on 0
11-03 12:22:01.713050   416  2389 D SKGHAL  : sendAmbientEvent: done: enable = 0
11-03 12:22:01.713628  1686  1823 D SidekickService:    ... endDisplay returns void
11-03 12:22:01.714309   545   545 D SurfaceFlinger: Set power mode=2, type=0 flinger=0xb6bb6000
11-03 12:22:01.714625   504   762 I SDM     : DisplayBase::SetDisplayState: Set state = 1, display 0
11-03 12:22:01.716351  1686  1686 D WristGestureCtrl: Starting: GesturesEnabled-false UngazeEnabled-true
11-03 12:22:01.716424  1686  1686 D DefaultUngazeDetector: starting
11-03 12:22:01.716488  1686  1686 D DefaultUngazeDetector: startUngazeStateEstimation(). startTime = 70001146
11-03 12:22:01.716668  1686  1686 W AlarmManagerProxy: Removing unknown listener
11-03 12:22:01.723774   545   545 D SurfaceFlinger: Finished set power mode=2, type=0
11-03 12:22:01.725296   512   512 I sensors-hal: batch:140, android.sensor.accelerometer/48, period=19231000, max_latency=100000000
11-03 12:22:01.727381   512 14264 I sensors-hal: handle_indication_realtime:355,  SCHED_FIFO(10) for qmi_cbk
11-03 12:22:01.727442  1686  1686 W DefaultSettingsContentR: Value for ambient_low_bit_enabled not stored as number. Attempting parse as boolean.
--------- switch to kernel
11-03 12:22:01.579757     0     0 I mdss_dsi_panel_set_idle_mode: Idle (1->0)
11-03 12:22:01.580662     0     0 E mdp3_enable_panic_ctrl: mdp3_enable_panic_ctrl: Enable Panic Control
11-03 12:22:01.580735     0     0 I         : [touch]FB_BLANK_UNBLANK
11-03 12:22:01.580741     0     0 I         : [touch]raydium_ts_do_resume, 1.
11-03 12:22:01.581059     0     0 I         : [ raydium ]workqueue is empty!
11-03 12:22:01.581075     0     0 I raydium_ts 5-0039: [touch]Already enable irq
11-03 12:22:01.581077     0     0 I         : [touch]Device may wakeup
--------- switch to main
11-03 12:22:01.728909   512   512 I sensors-hal: batch:149, android.sensor.accelerometer/48, period=19231000, max_latency=100000000 request completed
--------- switch to system
11-03 12:22:01.735526  1686  1712 W PowerManagerService: Screen on took 363 ms
11-03 12:22:01.735882  1686  1712 I DreamManagerService: Gently waking up from dream.
11-03 12:22:01.736510  1686  1708 I DreamManagerService: Performing gentle wake from dream.
11-03 12:22:01.737012  1686  1686 V DreamService[AmbientDream]: wakeUp(): fromSystem=true, mWaking=false, mFinished=false
11-03 12:22:01.737108  1686  1686 V DreamService[AmbientDream]: finish(): mFinished=false
11-03 12:22:01.737181  1686  1686 I DreamManagerService: Leaving dreamland.
11-03 12:22:01.737719  1686  1708 I DreamManagerService: Performing gentle wake from dream.
11-03 12:22:01.737865  1686  1708 I DreamController: Stopping dream: name=ComponentInfo{com.google.android.wearable.ambient/com.google.android.wearable.ambient.AmbientDream}, isTest=false, canDoze=true, userId=0
--------- switch to main
11-03 12:22:01.738838   512   512 I sensors-hal: flush:169, android.sensor.accelerometer/48
--------- switch to system
11-03 12:22:01.740618  1686  1686 V DreamService[AmbientDream]: detach(): Calling onDreamingStopped()
--------- switch to main
11-03 12:22:01.740762  1686  1686 I AmbientService: [ce6a28c] doOnDreamingStopped
11-03 12:22:01.740824  1686  1686 W AlarmManagerProxy: Removing unknown listener
11-03 12:22:01.742387   512   512 I sensors-hal: flush:175, android.sensor.accelerometer/48 completed
11-03 12:22:01.744041   512 14262 I sensors-hal: handle_indication_realtime:355,  SCHED_FIFO(10) for qmi_cbk
11-03 12:22:01.745238  1686  1686 I AmbientService: [ce6a28c] No auto-resume Activity.
11-03 12:22:01.748886  2520  2520 D HOME    : [HomeVisitsLogger]Logging streamlet event: visit_start
11-03 12:22:01.749483  2520  2520 D HOME    : [HomeVisitsLogger]Logging streamlet event: exit_ambient_mode
11-03 12:22:01.749982  2520  2520 D HOME    : [HotwordController]updateClient MODE_WATCH_FACE false false false true
