11-03 09:38:50.287390  3205  3372 W A       : 	at com.google.android.libraries.gsa.c.a.d.a(Unknown Source:3)
11-03 09:38:50.287390  3205  3372 W A       : 	at com.google.common.p.a.cg.c(Unknown Source:2)
11-03 09:38:50.287390  3205  3372 W A       : 	at com.google.common.p.a.bk.run(SourceFile:3)
11-03 09:38:50.287390  3205  3372 W A       : 	at com.google.common.p.a.ci.run(Unknown Source:4)
11-03 09:38:50.287390  3205  3372 W A       : 	at com.google.apps.tiktok.concurrent.ab.run(SourceFile:1)
11-03 09:38:50.287390  3205  3372 W A       : 	at java.util.concurrent.ThreadPoolExecutor.runWorker(ThreadPoolExecutor.java:1167)
11-03 09:38:50.287390  3205  3372 W A       : 	at java.util.concurrent.ThreadPoolExecutor$Worker.run(ThreadPoolExecutor.java:641)
11-03 09:38:50.287390  3205  3372 W A       : 	at com.google.apps.tiktok.concurrent.c.run(Unknown Source:4)
11-03 09:38:50.287390  3205  3372 W A       : 	at java.lang.Thread.run(Thread.java:764)
11-03 09:38:50.315666  2520  2520 D HOME    : [StreamDBQueue]Promised revision #3532 to queue a new op
11-03 09:38:50.316682  2520  2520 D WatchStreamManager: Promised rank-blocked=false @ r#3532
11-03 09:38:50.317353  2520  2520 D HOME    : [CompactHunStarter]detachWindow()
11-03 09:38:50.318905  2520 10449 D HOME    : [StreamDBQueue]Promised revision #3533 to queue a new op
11-03 09:38:50.318905  2520 10603 D HOME    : [WatchStreamDB]Item alerting conditions - isInterruptive: false, recentlyInterrupted: false, isItemPinned: false, isUnread: false
11-03 09:38:50.319348  2520 10449 D WatchStreamManager: Promised rerank @ r#3533
11-03 09:38:50.319781  2520 10603 D HOME    : [StreamAlertingRegulator]isTheaterModeEnabled: false, isAlertingAllowedByOffBody: true, matchesLocalInterruptionFilter: true
11-03 09:38:50.320474  2520 10603 D HOME    : [WatchStreamDB]couldItemAlert: false, isTopItemChanged: false, isDeferralForTopItem: false
11-03 09:38:50.321955  2520 10603 D HOME    : [WatchStreamDB]updateRanking()
11-03 09:38:50.323503  2520 10603 D HOME    : [WatchStreamDB]Item alerting conditions - isInterruptive: false, recentlyInterrupted: false, isItemPinned: false, isUnread: false
11-03 09:38:50.324407  2520 10603 D HOME    : [StreamAlertingRegulator]isTheaterModeEnabled: false, isAlertingAllowedByOffBody: true, matchesLocalInterruptionFilter: true
11-03 09:38:50.326329  2520 10603 D HOME    : [WatchStreamDB]couldItemAlert: false, isTopItemChanged: false, isDeferralForTopItem: false
11-03 09:38:50.328428  2520 10603 D HOME    : [NewStreamAdapter]Publishing revision #3533 to adapter clients
--------- switch to kernel
11-03 09:38:50.234016     0     0 I CPU1    : update max cpu_capacity 748
11-03 09:38:50.249697     0     0 I CPU3    : update max cpu_capacity 1024
11-03 09:38:50.357098     0     0 I PM      : suspend entry 2021-11-03 08:38:50.357098350 UTC
11-03 09:38:50.357127     0     0 I PM      : Syncing filesystems ...
11-03 09:38:50.377784     0     0 I CPU2    : shutdown
11-03 09:38:50.381809     0     0 I init    : Command 'write /sys/devices/system/cpu/cpu2/online 0' action=ro.enable_core_ctl=true && sys.cw_corectl_mode=idle (/vendor/etc/init/hw/init.qcom.rc:951) took 127ms and succeeded
11-03 09:38:50.403507     0     0 I         : done.
11-03 09:38:50.439807     0     0 I CPU3    : shutdown
11-03 09:38:50.441546     0     0 I         : Freezing user space processes ...
11-03 09:38:50.446946     0     0 I CPU0    : update max cpu_capacity 748
11-03 09:38:50.447508     0     0 I PM      : Wakeup pending, aborting suspend
11-03 09:38:50.447562     0     0 I         : active wakeup source: NETLINK
11-03 09:38:50.447616     0     0 E         : Freezing of tasks aborted after 0.006 seconds
11-03 09:38:50.447631     0     0 I         : Restarting tasks ...
11-03 09:38:50.448361     0     0 W QSEECOM : qseecom_receive_req: Interrupted: exiting Listener Service = 11
11-03 09:38:50.448423     0     0 W QSEECOM : qseecom_receive_req: Interrupted: exiting Listener Service = 28672
11-03 09:38:50.452752     0     0 W QSEECOM : qseecom_receive_req: Interrupted: exiting Listener Service = 8192
11-03 09:38:50.452813     0     0 W QSEECOM : qseecom_receive_req: Interrupted: exiting Listener Service = 12288
11-03 09:38:50.452851     0     0 W QSEECOM : qseecom_receive_req: Interrupted: exiting Listener Service = 10
11-03 09:38:50.453541     0     0 I         : done.
11-03 09:38:50.454326     0     0 I PM      : suspend exit 2021-11-03 08:38:50.454326787 UTC
11-03 09:38:50.454406     0     0 I init    : Command 'write /sys/devices/system/cpu/cpu3/online 0' action=ro.enable_core_ctl=true && sys.cw_corectl_mode=idle (/vendor/etc/init/hw/init.qcom.rc:952) took 72ms and succeeded
11-03 09:38:50.657709     0     0 I PM      : suspend entry 2021-11-03 08:38:50.657709860 UTC
11-03 09:38:50.657731     0     0 I PM      : Syncing filesystems ... done.
11-03 09:38:50.691851     0     0 I         : Freezing user space processes ... (elapsed 0.011 seconds) done.
11-03 09:38:50.703205     0     0 I         : Freezing remaining freezable tasks ... (elapsed 0.006 seconds) done.
11-03 09:38:50.709387     0     0 I         : Suspending console(s) (use no_console_suspend to debug)
11-03 09:38:50.725206     0     0 I mdss_dsi_panel_set_idle_mode: Idle (1->1)
--------- switch to system
11-03 09:39:20.869457  1686  1686 I PowerManagerService: Waking up from dozing (uid=1000 reason=tiltToWake)...
--------- switch to kernel
11-03 09:38:50.760562     0     0 I bgcom   : bgcom_pm_suspend: suspended with : 0
11-03 09:38:50.791437     0     0 I PM      : suspend of devices complete after 78.212 msecs
11-03 09:38:50.797579     0     0 I PM      : late suspend of devices complete after 6.099 msecs
11-03 09:38:50.803621     0     0 I PM      : noirq suspend of devices complete after 6.008 msecs
11-03 09:38:50.803636     0     0 I         : Disabling non-boot CPUs ...
11-03 09:38:50.817987     0     0 I CPU1    : shutdown
11-03 09:38:50.820487     0     0 I suspend ns: 3202504229357	suspend cycles:    1156188575052
11-03 09:38:50.820463     0     0 I CPU0    : msm_cpu_pm_enter_sleep mode:3 during suspend
11-03 09:38:50.820463     0     0 I         : Suspended for 29.926 seconds
11-03 09:38:50.820463     0     0 I resume cycles: 1156763160702
11-03 09:38:50.821186     0     0 I         : Enabling non-boot CPUs ...
11-03 09:38:50.822058     0     0 I CPU1    : update cpu_capacity 1024
11-03 09:38:50.823789     0     0 I         : CPU1 is up
11-03 09:38:50.824477     0     0 I CPU1    : update max cpu_capacity 748
11-03 09:38:50.827827     0     0 I PM      : noirq resume of devices complete after 3.648 msecs
11-03 09:38:50.833308     0     0 I PM      : early resume of devices complete after 3.959 msecs
11-03 09:38:50.867831     0     0 I bgcom   : bgcom_pm_resume: Bgcom resumed with : 0
11-03 09:38:50.879028     0     0 I mdss_dsi_panel_set_idle_mode: Idle (1->1)
11-03 09:38:50.919507     0     0 I PM      : resume of devices complete after 86.150 msecs
11-03 09:38:50.924355     0     0 I         : Restarting tasks ...
11-03 09:38:50.929627     0     0 W QSEECOM : qseecom_receive_req: Interrupted: exiting Listener Service = 8192
11-03 09:38:50.929737     0     0 W QSEECOM : qseecom_receive_req: Interrupted: exiting Listener Service = 10
11-03 09:38:50.933429     0     0 W QSEECOM : qseecom_receive_req: Interrupted: exiting Listener Service = 12288
11-03 09:38:50.933521     0     0 W QSEECOM : qseecom_receive_req: Interrupted: exiting Listener Service = 11
11-03 09:38:50.933572     0     0 W QSEECOM : qseecom_receive_req: Interrupted: exiting Listener Service = 28672
11-03 09:38:50.949572     0     0 I         : done.
11-03 09:39:20.877055     0     0 I PM      : suspend exit 2021-11-03 08:39:20.877055942 UTC
11-03 09:39:20.905147     0     0 E FG      : fg_psy_get_property: unsupported property 7
11-03 09:39:20.806380     0     0 W healthd : battery l=21 v=3763 t=28.0 h=2 st=3 c=5 fc=443000 cc=0 chg=
--------- switch to system
11-03 09:39:20.888580  1686  1686 W UsageStatsService: Event reported without a package name
--------- switch to main
11-03 09:39:20.916981   512   512 I sensors-hal: batch:140, android.sensor.light/46, period=100000000, max_latency=0
11-03 09:39:20.917115   512   512 I sensors-hal: batch:149, android.sensor.light/46, period=100000000, max_latency=0 request completed
11-03 09:39:20.921870   512   512 I sensors-hal: activate:107, android.sensor.light/46 en=1
11-03 09:39:20.922601   512   512 I sensors-hal: ssc_enable_rt_task:254, ssc_enable_rt_task : true
11-03 09:39:20.949675   512   512 I sensors-hal: activate:118, android.sensor.light/46 en=1 completed
11-03 09:39:20.954281  1686  1823 I SidekickService: endDisplayLocked()
--------- switch to system
11-03 09:39:20.956083  1686  1710 I DisplayManagerService: Display device changed state: "Écran intégré", ON
--------- switch to main
11-03 09:39:20.959824   416  2389 D SKGHAL  : sendAmbientEvent: enter: enable = 0
11-03 09:39:20.982133   512   512 I sensors-hal: batch:140, android.sensor.accelerometer/48, period=66667000, max_latency=100000000
11-03 09:39:20.982274   512   512 I sensors-hal: batch:149, android.sensor.accelerometer/48, period=66667000, max_latency=100000000 request completed
11-03 09:39:20.982845   512   512 I sensors-hal: activate:107, android.sensor.accelerometer/48 en=1
11-03 09:39:20.983524   512   512 I sensors-hal: ssc_enable_rt_task:254, ssc_enable_rt_task : true
11-03 09:39:21.008355   512   512 I sensors-hal: activate:118, android.sensor.accelerometer/48 en=1 completed
11-03 09:39:21.022064  2520  2520 D HOME    : [BatteryChange]action: android.intent.action.BATTERY_CHANGED
11-03 09:39:21.026851  1956  1956 D QtiCarrierConfigHelper: WARNING, no carrier configs on phone Id: 0
11-03 09:39:21.034681   512 11416 I sensors-hal: handle_indication_realtime:355,  SCHED_FIFO(10) for qmi_cbk
11-03 09:39:21.037300  2520 10449 D HOME    : [BatteryChange]HandleBatteryChangedTask
11-03 09:39:21.038429  2520 10449 D HOME    : [BatteryChange]level: 21, status: 3
11-03 09:39:21.041108  1686  1799 E WifiStateMachine: getWifiLinkLayerStats called without an interface
11-03 09:39:21.046857  1686  1759 I InputReader: Reconfiguring input devices.  changes=0x00000004
--------- switch to system
11-03 09:39:21.060264  1686  1702 W BroadcastQueue: Background execution not allowed: receiving Intent { act=android.intent.action.USER_PRESENT flg=0x10 } to com.google.android.gms/.auth.setup.devicesignals.LockScreenReceiver
--------- switch to main
11-03 09:39:21.060467  3205  3434 W WorkController: Loading failed for worker [trainingcache]: worker not found
--------- switch to system
11-03 09:39:21.061933  1686  1702 W BroadcastQueue: Background execution not allowed: receiving Intent { act=android.intent.action.USER_PRESENT flg=0x10 } to com.google.android.gms/.chimera.GmsIntentOperationService$PersistentTrustedReceiver
--------- switch to main
11-03 09:39:21.062337  3205  3294 W A       : TrainingCache cache DEVICE_UNLOCKED failure
11-03 09:39:21.062337  3205  3294 W A       : com.google.android.apps.gsa.search.core.service.h.a.a: No worker found for Worker ID [trainingcache].
11-03 09:39:21.062337  3205  3294 W A       : 	at com.google.android.apps.gsa.search.core.service.g.a.c.a(Unknown Source:5)
11-03 09:39:21.062337  3205  3294 W A       : 	at com.google.android.libraries.gsa.c.a.d.a(Unknown Source:3)
11-03 09:39:21.062337  3205  3294 W A       : 	at com.google.common.p.a.cg.c(Unknown Source:2)
11-03 09:39:21.062337  3205  3294 W A       : 	at com.google.common.p.a.bk.run(SourceFile:3)
11-03 09:39:21.062337  3205  3294 W A       : 	at com.google.common.p.a.ci.run(Unknown Source:4)
11-03 09:39:21.062337  3205  3294 W A       : 	at com.google.apps.tiktok.concurrent.ab.run(SourceFile:1)
11-03 09:39:21.062337  3205  3294 W A       : 	at java.util.concurrent.ThreadPoolExecutor.runWorker(ThreadPoolExecutor.java:1167)
11-03 09:39:21.062337  3205  3294 W A       : 	at java.util.concurrent.ThreadPoolExecutor$Worker.run(ThreadPoolExecutor.java:641)
11-03 09:39:21.062337  3205  3294 W A       : 	at com.google.apps.tiktok.concurrent.c.run(Unknown Source:4)
11-03 09:39:21.062337  3205  3294 W A       : 	at java.lang.Thread.run(Thread.java:764)
11-03 09:39:21.103305  1686  1686 I WearPower: [WearTouchMediator] changing touch input to enabled (ON_AUTO)
11-03 09:39:21.104233  1686  1759 I InputReader: Reconfiguring input devices.  changes=0x00000200
11-03 09:39:21.116823  1686  1686 D WristGestureCtrl: Starting: GesturesEnabled-false UngazeEnabled-true
11-03 09:39:21.116945  1686  1686 D DefaultUngazeDetector: starting
11-03 09:39:21.117023  1686  1686 D DefaultUngazeDetector: startUngazeStateEstimation(). startTime = 60240547
11-03 09:39:21.117187  1686  1686 W AlarmManagerProxy: Removing unknown listener
11-03 09:39:21.119001   512   512 I sensors-hal: batch:140, android.sensor.accelerometer/48, period=19231000, max_latency=100000000
--------- switch to kernel
11-03 09:39:21.012589     0     0 I init    : processing action (ro.enable_core_ctl=true && sys.cw_corectl_mode=perf) from (/vendor/etc/init/hw/init.qcom.rc:954)
11-03 09:39:21.014044     0     0 I CPU2    : update cpu_capacity 1024
--------- switch to main
11-03 09:39:21.121725   512 11418 I sensors-hal: handle_indication_realtime:355,  SCHED_FIFO(10) for qmi_cbk
11-03 09:39:21.123273   512   512 I sensors-hal: batch:149, android.sensor.accelerometer/48, period=19231000, max_latency=100000000 request completed
11-03 09:39:21.123842   512   512 I sensors-hal: flush:169, android.sensor.accelerometer/48
11-03 09:39:21.125252   512   512 I sensors-hal: flush:175, android.sensor.accelerometer/48 completed
11-03 09:39:21.127305  1686  1686 W DefaultSettingsContentR: Value for ambient_low_bit_enabled not stored as number. Attempting parse as boolean.
11-03 09:39:21.139471  3205  3434 W WorkController: Loading failed for worker [trainingcache]: worker not found
11-03 09:39:21.140865  3205  3372 W A       : TrainingCache cache SCREEN_ON failure
11-03 09:39:21.140865  3205  3372 W A       : com.google.android.apps.gsa.search.core.service.h.a.a: No worker found for Worker ID [trainingcache].
11-03 09:39:21.140865  3205  3372 W A       : 	at com.google.android.apps.gsa.search.core.service.g.a.c.a(Unknown Source:5)
11-03 09:39:21.140865  3205  3372 W A       : 	at com.google.android.libraries.gsa.c.a.d.a(Unknown Source:3)
11-03 09:39:21.140865  3205  3372 W A       : 	at com.google.common.p.a.cg.c(Unknown Source:2)
11-03 09:39:21.140865  3205  3372 W A       : 	at com.google.common.p.a.bk.run(SourceFile:3)
11-03 09:39:21.140865  3205  3372 W A       : 	at com.google.common.p.a.ci.run(Unknown Source:4)
11-03 09:39:21.140865  3205  3372 W A       : 	at com.google.apps.tiktok.concurrent.ab.run(SourceFile:1)
11-03 09:39:21.140865  3205  3372 W A       : 	at java.util.concurrent.ThreadPoolExecutor.runWorker(ThreadPoolExecutor.java:1167)
11-03 09:39:21.140865  3205  3372 W A       : 	at java.util.concurrent.ThreadPoolExecutor$Worker.run(ThreadPoolExecutor.java:641)
11-03 09:39:21.140865  3205  3372 W A       : 	at com.google.apps.tiktok.concurrent.c.run(Unknown Source:4)
11-03 09:39:21.140865  3205  3372 W A       : 	at java.lang.Thread.run(Thread.java:764)
11-03 09:39:21.159814  2520  2520 D HOME    : [StreamDBQueue]Promised revision #3534 to queue a new op
--------- switch to kernel
11-03 09:39:21.035393     0     0 I CPU3    : update cpu_capacity 1024
11-03 09:39:21.040474     0     0 I CPU1    : update max cpu_capacity 748
11-03 09:39:21.042446     0     0 I CPU2    : update max cpu_capacity 1024
--------- switch to main
11-03 09:39:21.160138  2520  2520 D WatchStreamManager: Promised rank-blocked=true @ r#3534
11-03 09:39:21.163237  2520 10449 D HOME    : [WatchStreamDB]Item alerting conditions - isInterruptive: false, recentlyInterrupted: false, isItemPinned: false, isUnread: false
11-03 09:39:21.163636  2520 10449 D HOME    : [StreamAlertingRegulator]isTheaterModeEnabled: false, isAlertingAllowedByOffBody: true, matchesLocalInterruptionFilter: true
11-03 09:39:21.163901  2520 10449 D HOME    : [WatchStreamDB]couldItemAlert: false, isTopItemChanged: false, isDeferralForTopItem: false
11-03 09:39:21.164189  2520  2714 D HOME    : [TickMonitor]Received time tick
11-03 09:39:21.164400  2520  2714 D HOME    : [TickMonitor]handleTimeTick() finished
--------- switch to kernel
11-03 09:39:21.079172     0     0 I CPU1    : update max cpu_capacity 748
11-03 09:39:21.079630     0     0 I CPU2    : update max cpu_capacity 1024
11-03 09:39:21.261607     0     0 E bgrsb   : bgrsb_enable: rsb will set report rate
11-03 09:39:21.278643     0     0 E bgrsb   : bgrsb_enable: gpio 32 is valid
--------- switch to main
11-03 09:39:21.448277   504   523 I SDM     : DisplayBase::SetDisplayState: Set state = 3, display 0
11-03 09:39:21.448629   504   523 D SDM     : HWCDisplayPrimary::SetStandByMode: Display is connected successfully
11-03 09:39:21.449602   416  2389 D SKGHAL  : standBy_update_control call succeed on 0
11-03 09:39:21.449715   416  2389 D SKGHAL  : sendAmbientEvent: done: enable = 0
--------- switch to kernel
11-03 09:39:21.346704     0     0 I         : [touch]FB_BLANK_VSYNC_SUSPEND
11-03 09:39:21.346711     0     0 I         : [touch]Already in suspend state
--------- switch to main
11-03 09:39:21.451165  1686  1823 D SidekickService:    ... endDisplay returns void
11-03 09:39:21.453451   545   545 D SurfaceFlinger: Set power mode=2, type=0 flinger=0xb6bb6000
11-03 09:39:21.454346   504   764 I SDM     : DisplayBase::SetDisplayState: Set state = 1, display 0
11-03 09:39:21.466608   545   545 D SurfaceFlinger: Finished set power mode=2, type=0
--------- switch to kernel
11-03 09:39:21.360328     0     0 I mdss_dsi_panel_set_idle_mode: Idle (1->0)
11-03 09:39:21.361488     0     0 E mdp3_enable_panic_ctrl: mdp3_enable_panic_ctrl: Enable Panic Control
--------- switch to system
11-03 09:39:21.471307  1686  1712 W PowerManagerService: Screen on took 732 ms
11-03 09:39:21.471900  1686  1712 I DreamManagerService: Gently waking up from dream.
11-03 09:39:21.472330  1686  1708 I DreamManagerService: Performing gentle wake from dream.
--------- switch to kernel
11-03 09:39:21.361611     0     0 I         : [touch]FB_BLANK_UNBLANK
11-03 09:39:21.361618     0     0 I         : [touch]raydium_ts_do_resume, 1.
11-03 09:39:21.362603     0     0 I         : [ raydium ]workqueue is empty!
11-03 09:39:21.362627     0     0 I raydium_ts 5-0039: [touch]Already enable irq
11-03 09:39:21.362632     0     0 I         : [touch]Device may wakeup
--------- switch to system
11-03 09:39:21.473668  1686  1686 V DreamService[AmbientDream]: wakeUp(): fromSystem=true, mWaking=false, mFinished=false
11-03 09:39:21.473953  1686  1686 V DreamService[AmbientDream]: finish(): mFinished=false
11-03 09:39:21.474080  1686  1686 I DreamManagerService: Leaving dreamland.
11-03 09:39:21.474925  1686  1708 I DreamManagerService: Performing gentle wake from dream.
11-03 09:39:21.475147  1686  1708 I DreamController: Stopping dream: name=ComponentInfo{com.google.android.wearable.ambient/com.google.android.wearable.ambient.AmbientDream}, isTest=false, canDoze=true, userId=0
11-03 09:39:21.478798  1686  1686 V DreamService[AmbientDream]: detach(): Calling onDreamingStopped()
--------- switch to main
11-03 09:39:21.479083  1686  1686 I AmbientService: [ce6a28c] doOnDreamingStopped
11-03 09:39:21.479181  1686  1686 W AlarmManagerProxy: Removing unknown listener
11-03 09:39:21.487853  1686  1686 I AmbientService: [ce6a28c] No auto-resume Activity.
11-03 09:39:21.492554  1686  1686 W AlarmManager: Unrecognized alarm listener com.android.server.job.controllers.-$$Lambda$IdleController$IdlenessTracker$nTdS-lGBXcES5VWKcJFmQFgU7IU@1ab437a
11-03 09:39:21.493991  2520  2520 D HOME    : [HomeVisitsLogger]Logging streamlet event: visit_start
11-03 09:39:21.494775  2520  2520 D HOME    : [HomeVisitsLogger]Logging streamlet event: exit_ambient_mode
--------- switch to system
11-03 09:39:21.495230  1686  1686 W ContextImpl: Calling a method in the system process without a qualified user: android.app.ContextImpl.sendBroadcast:1020 android.content.ContextWrapper.sendBroadcast:449 com.google.android.wearable.ambient.AmbientDream.onDestroy:273 android.app.ActivityThread.handleStopService:3698 android.app.ActivityThread.access$1700:200 
--------- switch to main
11-03 09:39:21.495757  2520  2520 D HOME    : [HotwordController]updateClient MODE_WATCH_FACE false false false true
11-03 09:39:21.496029  1686  1686 E AlarmManager: cancel() called with a null PendingIntent
--------- switch to system
11-03 09:39:21.496650  1686  1686 V DreamService[AmbientDream]: onDestroy()
--------- switch to main
11-03 09:39:21.498218  2520  2520 D HOME    : [WatchFaceUiController]setInAmbientMode false
11-03 09:39:21.498417  2520  2520 D HOME    : [WatchFaceUiController]sendWatchFaceServiceBinder
11-03 09:39:21.505335   512  1749 I sensors-hal: activate:107, android.sensor.light/46 en=0
11-03 09:39:21.511148  2520  2520 D HOME    : [WatchFaceUiController]sendStateToWallpaper
11-03 09:39:21.513329   512  1749 I sensors-hal: activate:118, android.sensor.light/46 en=0 completed
11-03 09:39:21.516067  2520  2520 D HOME    : [WatchFaceUiController]Showing watch face wallpaper.
11-03 09:39:21.516658  2520  2520 D HOME    : [WatchFaceUiController]sendStateToWallpaper
11-03 09:39:21.525140  2520  2520 D HOME    : [StreamDBQueue]Promised revision #3535 to queue a new op
11-03 09:39:21.525818  2520  2520 D WatchStreamManager: Promised rank-blocked=true @ r#3535
11-03 09:39:21.527226  2520  2520 D HOME    : [StreamDBQueue]Promised revision #3536 to queue a new op
11-03 09:39:21.527795  2520  2520 D WatchStreamManager: Promised rank-blocked=true @ r#3536
11-03 09:39:21.529292  2520  2520 D HOME    : [TilesController]Tile refresh optimization is enabled.
11-03 09:39:21.530095   512  1749 I sensors-hal: batch:140, android.sensor.light/46, period=250000000, max_latency=0
11-03 09:39:21.530232   512  1749 I sensors-hal: batch:149, android.sensor.light/46, period=250000000, max_latency=0 request completed
11-03 09:39:21.531473   512  1749 I sensors-hal: activate:107, android.sensor.light/46 en=1
11-03 09:39:21.532534  2520  2520 D HOME    : [EventBus]Wrapper pool is full. Discarding excess wrapper instance for event com.google.android.clockwork.sysui.events.KeyguardStateEvent
11-03 09:39:21.532863  2520  2520 D HOME    : [WatchFaceUiController]sendStateToWallpaper
11-03 09:39:21.534008  2520 10449 D HOME    : [WatchStreamDB]Item alerting conditions - isInterruptive: false, recentlyInterrupted: false, isItemPinned: false, isUnread: false
11-03 09:39:21.532290   512  1749 I sensors-hal: ssc_enable_rt_task:254, ssc_enable_rt_task : true
11-03 09:39:21.534646  2520 10449 D HOME    : [StreamAlertingRegulator]isTheaterModeEnabled: false, isAlertingAllowedByOffBody: true, matchesLocalInterruptionFilter: true
11-03 09:39:21.536172  2520  2520 D HOME    : [EventBus]Wrapper pool is full. Discarding excess wrapper instance for event com.google.android.clockwork.sysui.events.KeyguardStateEvent
11-03 09:39:21.536816  2520  2520 D HOME    : [EventBus]Wrapper pool is full. Discarding excess wrapper instance for event com.google.android.clockwork.sysui.events.KeyguardStateEvent
11-03 09:39:21.535241  2520 10449 D HOME    : [WatchStreamDB]couldItemAlert: false, isTopItemChanged: false, isDeferralForTopItem: false
11-03 09:39:21.544029  2520 10449 D HOME    : [WatchStreamDB]Item alerting conditions - isInterruptive: false, recentlyInterrupted: false, isItemPinned: false, isUnread: false
11-03 09:39:21.544338   512  1749 I sensors-hal: activate:118, android.sensor.light/46 en=1 completed
11-03 09:39:21.544727  2520 10449 D HOME    : [StreamAlertingRegulator]isTheaterModeEnabled: false, isAlertingAllowedByOffBody: true, matchesLocalInterruptionFilter: true
11-03 09:39:21.545784  2520  2520 D HOME    : [WatchFaceUiController]sendStateToWallpaper
11-03 09:39:21.545987  2520 10449 D HOME    : [WatchStreamDB]couldItemAlert: false, isTopItemChanged: false, isDeferralForTopItem: false
11-03 09:39:21.553150  2520  2520 W StaticLayout: maxLineHeight should not be -1.  maxLines:1 lineCount:1
--------- switch to system
11-03 09:39:21.554987  1686  1686 V SettingsProvider: Notifying for 0: content://settings/system/screen_brightness
--------- switch to main
11-03 09:39:21.556344  1686  1686 I SidekickService: loadBrightnessLocked()
11-03 09:39:21.557825  1686  1686 D SidekickService: screenBrightness  = 75
11-03 09:39:21.559158  1686  1686 D SidekickService: sendConfigValuesLocked(): alsThresholds = [40, 92, 95, 100, 125, 150, 175, 200, 225, 250, 300, 400, 500, 800, 1200], brightnessValuesBright = [50, 56, 60, 70, 80, 90, 100, 115, 120, 140, 160, 180, 200, 220, 240, 255], brightnessValuesDim= [50, 56, 60, 70, 80, 90, 100, 115, 120, 140, 160, 180, 200, 220, 240, 255]
11-03 09:39:21.571414  1686  1686 D SidekickService: setAlsMode(): mode = 2, brightenAlpha = 80, dimmingAlpha = 80
11-03 09:39:21.581601  1686  1686 D SidekickService: setTwmConfig():: msTiltToBright = 10000, tiltToBright = false
11-03 09:39:21.616396  2520  2520 D HOME    : [WatchFaceUiController]sendWatchFaceServiceBinder
11-03 09:39:21.627911  2520  2520 D HOME    : [WatchFaceUiController]sendProperties
11-03 09:39:21.630070   512 11422 I sensors-hal: handle_indication_realtime:355,  SCHED_FIFO(10) for qmi_cbk
11-03 09:39:21.632035  2520  2520 D HOME    : [WatchFaceUiController]sendStateToWallpaper
--------- switch to system
11-03 09:39:25.740225  1686  1712 I PowerManagerService: Going to sleep due to screen timeout (uid 1000)...
11-03 09:39:25.742587  1686  1712 I DreamManagerService: Entering dreamland.
11-03 09:39:25.744401  1686  1686 W UsageStatsService: Event reported without a package name
11-03 09:39:25.744636  1686  1712 I PowerManagerService: Dozing...
11-03 09:39:25.759518  1686  1708 I DreamController: Starting dream: name=ComponentInfo{com.google.android.wearable.ambient/com.google.android.wearable.ambient.AmbientDream}, isTest=false, canDoze=true, userId=0
11-03 09:39:25.776515  1686  1686 W ContextImpl: Calling a method in the system process without a qualified user: android.app.ContextImpl.bindService:1611 android.content.ContextWrapper.bindService:698 com.google.android.wearable.ambient.AmbientDream.onCreate:191 android.app.ActivityThread.handleCreateService:3533 android.app.ActivityThread.access$1300:200 
11-03 09:39:25.779151  1686  1686 W ContextImpl: Calling a method in the system process without a qualified user: android.app.ContextImpl.sendBroadcast:1005 android.content.ContextWrapper.sendBroadcast:444 com.google.android.wearable.ambient.AmbientDream.onCreate:241 android.app.ActivityThread.handleCreateService:3533 android.app.ActivityThread.access$1300:200 
11-03 09:39:25.780102  1686  1686 V DreamService[AmbientDream]: onBind() intent = Intent { act=android.service.dreams.DreamService flg=0x800000 cmp=com.google.android.wearable.ambient/.AmbientDream }
--------- switch to main
11-03 09:39:25.781986  1686  1686 I AmbientService: [ce6a28c] Ambient Created
--------- switch to system
11-03 09:39:25.782747  1686  1686 V DreamService[AmbientDream]: Calling onDreamingStarted()
--------- switch to main
11-03 09:39:25.782899  1686  1686 I AmbientService: [ce6a28c] doOnDreamingStarted
11-03 09:39:25.784110  1686  1686 D SidekickService: setShouldControlDisplay called: true
11-03 09:39:25.785400  1686  1686 I AmbientService: [ce6a28c] Selected running activity for ambient mode: AmbientActivity[component=ComponentInfo{com.google.android.wearable.app/com.google.android.clockwork.home2.activity.HomeActivity2}, callbacks=@210b385, running=true, ambientRequested=true, ambientEnabled=true, offloadEnabled=true]
11-03 09:39:25.785968  1686  1686 I AmbientService: [ce6a28c] Sidekick is ready to display, requesting doze.
11-03 09:39:25.786516  1686  1686 I AmbientService: [ce6a28c] No auto-resume Activity.
11-03 09:39:25.789434  2520  2520 D HOME    : [HomeVisitsLogger]Logging streamlet event: enter_ambient_mode
11-03 09:39:25.790092  2520  2520 D HOME    : [HotwordController]updateClient MODE_WATCH_FACE false true false true
11-03 09:39:25.791106  2520  2520 D HOME    : [WatchFaceUiController]setInAmbientMode true
11-03 09:39:25.792834  2520 10603 I SidekickManager: replaceWatchFaceComponentsImpl(): watchFace = com.google.android.clockwork.decomposablewatchface.WatchFaceDecomposition@9703211
11-03 09:39:25.793134  2520  2520 D HOME    : [StreamDBQueue]Promised revision #3537 to queue a new op
11-03 09:39:25.793229  1686  1686 W DefaultSettingsContentR: Value for ambient_low_bit_enabled not stored as number. Attempting parse as boolean.
11-03 09:39:25.793279  2520  2520 D WatchStreamManager: Promised rank-blocked=false @ r#3537
11-03 09:39:25.793755  2520  2520 D HOME    : [StreamDBQueue]Promised revision #3538 to queue a new op
11-03 09:39:25.793795  1686  3313 D SidekickService: sendWatchFaceComponents called: watchFace = com.google.android.clockwork.decomposablewatchface.WatchFaceDecomposition@8a7c5ceshouldReplace = false
11-03 09:39:25.793905  2520  2520 D WatchStreamManager: Promised rank-blocked=false @ r#3538
11-03 09:39:25.793977  1686  3313 D SidekickService: Check decomposition for calling app com.google.android.wearable.app with uid 10049
11-03 09:39:25.794360  1686  3313 D SidekickService: sendWatchFaceLocked(): shouldReplace = false, mSidekickIsControlling = false, 1 images, 0 fonts, 0 numbers, 0 proportionalFonts, 0 strings
11-03 09:39:25.794434  1686  3313 D SidekickService: ISidekickGraphics#beginResources()...
11-03 09:39:25.794651  2520  2520 D HOME    : [EventBus]Wrapper pool is full. Discarding excess wrapper instance for event com.google.android.clockwork.sysui.events.KeyguardStateEvent
11-03 09:39:25.794762  2520  2520 D HOME    : [WatchFaceUiController]sendStateToWallpaper
11-03 09:39:25.795313  2520 11412 D HOME    : [HomeVisitsLogger]Logging streamlet event: visit_end
11-03 09:39:25.796289  2520  2520 D HOME    : [EventBus]Wrapper pool is full. Discarding excess wrapper instance for event com.google.android.clockwork.sysui.events.KeyguardStateEvent
11-03 09:39:25.796417  1686  3313 D SidekickServiceUtils: bitmapFromDrawable: Returning bitmap directly
11-03 09:39:25.796590  2520  2520 D HOME    : [EventBus]Wrapper pool is full. Discarding excess wrapper instance for event com.google.android.clockwork.sysui.events.KeyguardStateEvent
11-03 09:39:25.796590  2520 10295 D HOME    : [StreamDBQueue]Promised revision #3539 to queue a new op
11-03 09:39:25.796749  2520 10295 D WatchStreamManager: Promised rerank @ r#3539
11-03 09:39:25.797795  1686  3313 D SidekickService: sendBitmapsLocked(): bounds = RectF(0.0, 0.0, 0.0024038462, 0.0024038462), drawableInfo = {.id = 100000, .width = 1, .height = 1, .display = true, .offsetX = 0.0, .offsetY = 0.0, .rotationInfo = {.hasRotation = false, .pivotX = 0.0, .pivotY = 0.0, .degreesPerDay = 0.0, .degreesPerStep = 0.0, .zeroDegreesTime = {.daysSinceLocalEpoch = 0, .msSinceMidnight = 0}}, .transformInfo = {.transformed = false, .flipX = false, .flipY = false, .flip45 = false, .scaleX = 0.0, .scaleY = 0.0}, .type = GENERIC, .blink = {.blinking = false, .periodOnMs = 0.0, .periodOffMs = 0.0, .startTime = {.daysSinceLocalEpoch = 0, .msSinceMidnight = 0}}, .zOrder = 8, .displayInTwm = true}, image.size() = 84
11-03 09:39:25.798592   416   416 D SKGHAL  : saveResource: resId = 100000
11-03 09:39:25.799256  2520 10449 D HOME    : [WatchStreamDB]Item alerting conditions - isInterruptive: false, recentlyInterrupted: false, isItemPinned: false, isUnread: false
11-03 09:39:25.799633  2520 10449 D HOME    : [StreamAlertingRegulator]isTheaterModeEnabled: false, isAlertingAllowedByOffBody: true, matchesLocalInterruptionFilter: true
11-03 09:39:25.799850  2520 10449 D HOME    : [WatchStreamDB]couldItemAlert: false, isTopItemChanged: false, isDeferralForTopItem: false
11-03 09:39:25.801436  1686  3313 D SidekickService: sendBitmapsLocked(): status = 0, bytesUsed = 18
11-03 09:39:25.801642  1686  3313 D SidekickService: ISidekickGraphics#endResources()...
11-03 09:39:25.803182  2520 10449 D HOME    : [WatchStreamDB]Item alerting conditions - isInterruptive: false, recentlyInterrupted: false, isItemPinned: false, isUnread: false
11-03 09:39:25.803557  2520 10449 D HOME    : [StreamAlertingRegulator]isTheaterModeEnabled: false, isAlertingAllowedByOffBody: true, matchesLocalInterruptionFilter: true
11-03 09:39:25.803899  2520 10449 D HOME    : [WatchStreamDB]couldItemAlert: false, isTopItemChanged: false, isDeferralForTopItem: false
11-03 09:39:25.804384  2520 10449 D HOME    : [WatchStreamDB]updateRanking()
11-03 09:39:25.804897  2520 10449 D HOME    : [WatchStreamDB]Item alerting conditions - isInterruptive: false, recentlyInterrupted: false, isItemPinned: false, isUnread: false
11-03 09:39:25.805259  2520 10449 D HOME    : [StreamAlertingRegulator]isTheaterModeEnabled: false, isAlertingAllowedByOffBody: true, matchesLocalInterruptionFilter: true
11-03 09:39:25.805472  2520 10449 D HOME    : [WatchStreamDB]couldItemAlert: false, isTopItemChanged: false, isDeferralForTopItem: false
11-03 09:39:25.806086  2520 10449 D HOME    : [NewStreamAdapter]Publishing revision #3539 to adapter clients
11-03 09:39:25.806871  2520 10295 D HOME    : [StreamDBQueue]Promised revision #3540 to queue a new op
11-03 09:39:25.807145  2520 10295 D WatchStreamManager: Promised rerank @ r#3540
11-03 09:39:25.807501  2520 11078 D HOME    : [WatchStreamDB]updateRanking()
11-03 09:39:25.808010  2520 11078 D HOME    : [WatchStreamDB]Item alerting conditions - isInterruptive: false, recentlyInterrupted: false, isItemPinned: false, isUnread: false
11-03 09:39:25.808358  2520 11078 D HOME    : [StreamAlertingRegulator]isTheaterModeEnabled: false, isAlertingAllowedByOffBody: true, matchesLocalInterruptionFilter: true
11-03 09:39:25.808657  2520 11078 D HOME    : [WatchStreamDB]couldItemAlert: false, isTopItemChanged: false, isDeferralForTopItem: false
11-03 09:39:25.809222  2520 11078 D HOME    : [NewStreamAdapter]Publishing revision #3540 to adapter clients
11-03 09:39:26.091978   416   416 D SKGHAL  : sendResources: metadata size = 2400, font size = 72
11-03 09:39:26.151153   416   416 D SKGHAL  : endResources: rc = 0
11-03 09:39:26.152161  1686  1686 W system_server: Long monitor contention with owner Binder:1686_12 (3313) at int com.google.android.clockwork.sidekick.SidekickService$BinderService.sendWatchFace(com.google.android.clockwork.decomposablewatchface.WatchFaceDecomposition, boolean)(SidekickService.java:1021) waiters=0 in boolean com.google.android.clockwork.sidekick.SidekickService$BinderService.readyToDisplay() for 356ms
11-03 09:39:26.152781  1686  1686 I AmbientService: [ce6a28c] Showing watch face in offload mode, canceling alarm.
11-03 09:39:26.152861  1686  1686 W AlarmManagerProxy: Removing unknown listener
11-03 09:39:26.153061  1686  1686 D WristGestureCtrl: Stopping detectors: GesturesEnabled-false gestureDetector-false ungazeEnabled-true ungaze-true
11-03 09:39:26.153110  1686  1686 D DefaultUngazeDetector: stopping
11-03 09:39:26.153317  1686  2015 W system_server: Long monitor contention with owner main (1686) at void com.google.android.wearable.ambient.AmbientService.doOnDreamingStarted()(AmbientService.java:659) waiters=0 in void com.google.android.wearable.ambient.AmbientService.maybeSendDozeCommand() for 356ms
--------- switch to system
11-03 09:39:26.153413  1686  1686 W Looper  : Slow dispatch took 371ms main h=android.os.Handler c=android.service.dreams.DreamService$1@9082cef m=0
--------- switch to main
11-03 09:39:26.153871   512  1749 I sensors-hal: batch:140, android.sensor.accelerometer/48, period=66667000, max_latency=100000000
--------- switch to system
11-03 09:39:26.156813  1686  1686 W Looper  : Slow delivery took 372ms main h=android.app.ActivityThread$H c=android.app.-$$Lambda$LoadedApk$ReceiverDispatcher$Args$_BumDX2UKsnxLVrE6UJsJZkotuA@60623fc m=0
--------- switch to main
11-03 09:39:26.158425   512  1749 I sensors-hal: batch:149, android.sensor.accelerometer/48, period=66667000, max_latency=100000000 request completed
--------- switch to system
11-03 09:39:26.158598  1686  1686 V SettingsProvider: Notifying for 0: content://settings/system/screen_brightness
--------- switch to main
11-03 09:39:26.158973  2520  2520 W StaticLayout: maxLineHeight should not be -1.  maxLines:1 lineCount:1
--------- switch to system
11-03 09:39:26.160036  1686  1686 W Looper  : Drained
--------- switch to main
11-03 09:39:26.160247  1686  1686 I SidekickService: loadBrightnessLocked()
11-03 09:39:26.161439  1686  1686 D SidekickService: screenBrightness  = 87
11-03 09:39:26.162131  1686  1686 D SidekickService: sendConfigValuesLocked(): alsThresholds = [40, 92, 95, 100, 125, 150, 175, 200, 225, 250, 300, 400, 500, 800, 1200], brightnessValuesBright = [50, 56, 60, 70, 80, 90, 100, 115, 120, 140, 160, 180, 200, 220, 240, 255], brightnessValuesDim= [50, 56, 60, 70, 80, 90, 100, 115, 120, 140, 160, 180, 200, 220, 240, 255]
--------- switch to kernel
11-03 09:39:26.076132     0     0 E FG      : fg_psy_get_property: unsupported property 7
11-03 09:39:26.079734     0     0 W healthd : battery l=21 v=3682 t=29.0 h=2 st=3 c=146 fc=443000 cc=0 chg=
--------- switch to main
11-03 09:39:26.187951   512  1749 I sensors-hal: activate:107, android.sensor.light/46 en=0
11-03 09:39:26.189610   512  1749 I sensors-hal: activate:118, android.sensor.light/46 en=0 completed
11-03 09:39:26.197429  2520  2520 D HOME    : [SidekickManagerAsync]replaceWatchFaceComponents(): Callback#onResult(): 0
11-03 09:39:26.197702  2520  2520 D HOME    : [WatchFaceUiController]Complication updates sent, posting watch face hiding
11-03 09:39:26.197761  2520  2520 D HOME    : [WatchFaceUiController]Still in ambient watch face, hiding
11-03 09:39:26.197808  2520  2520 D HOME    : [WatchFaceUiController]Hiding watch face wallpaper.
--------- switch to system
11-03 09:39:26.208406  1686  1710 I DisplayManagerService: Display device changed state: "Écran intégré", DOZE_SUSPEND
--------- switch to main
11-03 09:39:26.225693   545   545 D SurfaceFlinger: Set power mode=3, type=0 flinger=0xb6bb6000
11-03 09:39:26.226390   504   764 I SDM     : DisplayBase::SetDisplayState: Set state = 3, display 0
11-03 09:39:26.228280  1686  1759 I InputReader: Reconfiguring input devices.  changes=0x00000004
11-03 09:39:26.236291  1686  1686 D SidekickService: setAlsMode(): mode = 2, brightenAlpha = 80, dimmingAlpha = 80
11-03 09:39:26.245406  1686  1686 D SidekickService: setTwmConfig():: msTiltToBright = 10000, tiltToBright = false
11-03 09:39:26.249408  1956  1956 D QtiCarrierConfigHelper: WARNING, no carrier configs on phone Id: 0
11-03 09:39:26.250073  2520  2520 D HOME    : [BatteryChange]action: android.intent.action.BATTERY_CHANGED
11-03 09:39:26.250431  2520 10603 D HOME    : [BatteryChange]HandleBatteryChangedTask
11-03 09:39:26.256103  2520 10603 D HOME    : [BatteryChange]level: 21, status: 3
11-03 09:39:26.276482   545   545 D SurfaceFlinger: Finished set power mode=3, type=0
11-03 09:39:26.277107  1686  1823 I SidekickService: beginDisplayLocked(): DOZE_SUSPEND
11-03 09:39:26.277706   416   416 D SKGHAL  : sendAmbientPrepare: enter:
--------- switch to kernel
11-03 09:39:26.124640     0     0 I mdss_dsi_panel_set_idle_mode: Idle (0->1)
11-03 09:39:26.171315     0     0 I         : [touch]FB_BLANK_VSYNC_SUSPEND
11-03 09:39:26.171321     0     0 I         : [touch]irq disable
11-03 09:39:26.171326     0     0 I         : [touch]workqueue is empty!
11-03 09:39:26.171329     0     0 I         : [touch]raydium_ts_do_suspend.
11-03 09:39:26.171339     0     0 I         : [touch]Device may wakeup
11-03 09:39:26.174257     0     0 I         : [touch]irq enable
--------- switch to main
11-03 09:39:26.409971   416   416 D SKGHAL  : sendAmbientEvent: enter: enable = 1
11-03 09:39:26.411961   504   523 I SDM     : DisplayBase::SetDisplayState: Set state = 4, display 0
11-03 09:39:26.412103   504   523 D SDM     : HWCDisplayPrimary::SetStandByMode: Null display is connected successfully
11-03 09:39:26.412344   416   416 D SKGHAL  : standBy_update_control call succeed on 1
11-03 09:39:26.424158   416   416 D SKGHAL  : sendAmbientEvent: done: enable = 1
11-03 09:39:26.425048  1686  1823 D SidekickService:    ... beginDisplay result: 0 for halPower: 1
11-03 09:39:26.430714   512  1749 I sensors-hal: activate:107, android.sensor.accelerometer/48 en=0
11-03 09:39:26.433556   512  1749 I sensors-hal: activate:118, android.sensor.accelerometer/48 en=0 completed
--------- switch to kernel
11-03 09:39:26.336313     0     0 E bgrsb   : bgrsb_enable: gpio 32 is valid
--------- switch to main
11-03 09:39:26.444870  1686  1799 E WifiStateMachine: getWifiLinkLayerStats called without an interface
11-03 09:39:26.473961  1686  1686 I WearPower: [WearTouchMediator] changing touch input to enabled (ON_AUTO)
11-03 09:39:26.476470  1686  1759 I InputReader: Reconfiguring input devices.  changes=0x00000200
--------- switch to kernel
11-03 09:39:26.377918     0     0 I init    : processing action (ro.enable_core_ctl=true && sys.cw_corectl_mode=idle) from (/vendor/etc/init/hw/init.qcom.rc:949)
--------- switch to main
11-03 09:39:26.489266  1686  1686 I AmbientService: [ce6a28c] Timeout alarm not required, auto-resume timeout handled by dream.
11-03 09:39:26.506706  3205  3434 W WorkController: Loading failed for worker [trainingcache]: worker not found
11-03 09:39:26.508866  3205  3294 W A       : TrainingCache cache SCREEN_OFF failure
11-03 09:39:26.508866  3205  3294 W A       : com.google.android.apps.gsa.search.core.service.h.a.a: No worker found for Worker ID [trainingcache].
11-03 09:39:26.508866  3205  3294 W A       : 	at com.google.android.apps.gsa.search.core.service.g.a.c.a(Unknown Source:5)
11-03 09:39:26.508866  3205  3294 W A       : 	at com.google.android.libraries.gsa.c.a.d.a(Unknown Source:3)
11-03 09:39:26.508866  3205  3294 W A       : 	at com.google.common.p.a.cg.c(Unknown Source:2)
11-03 09:39:26.508866  3205  3294 W A       : 	at com.google.common.p.a.bk.run(SourceFile:3)
11-03 09:39:26.508866  3205  3294 W A       : 	at com.google.common.p.a.ci.run(Unknown Source:4)
11-03 09:39:26.508866  3205  3294 W A       : 	at com.google.apps.tiktok.concurrent.ab.run(SourceFile:1)
11-03 09:39:26.508866  3205  3294 W A       : 	at java.util.concurrent.ThreadPoolExecutor.runWorker(ThreadPoolExecutor.java:1167)
11-03 09:39:26.508866  3205  3294 W A       : 	at java.util.concurrent.ThreadPoolExecutor$Worker.run(ThreadPoolExecutor.java:641)
11-03 09:39:26.508866  3205  3294 W A       : 	at com.google.apps.tiktok.concurrent.c.run(Unknown Source:4)
11-03 09:39:26.508866  3205  3294 W A       : 	at java.lang.Thread.run(Thread.java:764)
11-03 09:39:26.540644  2520  2520 D HOME    : [StreamDBQueue]Promised revision #3541 to queue a new op
11-03 09:39:26.542081  2520  2520 D WatchStreamManager: Promised rank-blocked=false @ r#3541
11-03 09:39:26.542828  2520  2520 D HOME    : [CompactHunStarter]detachWindow()
11-03 09:39:26.543870  2520 10295 D HOME    : [StreamDBQueue]Promised revision #3542 to queue a new op
11-03 09:39:26.544252  2520 10295 D WatchStreamManager: Promised rerank @ r#3542
11-03 09:39:26.548561  2520 10603 D HOME    : [WatchStreamDB]Item alerting conditions - isInterruptive: false, recentlyInterrupted: false, isItemPinned: false, isUnread: false
11-03 09:39:26.552049  2520 10603 D HOME    : [StreamAlertingRegulator]isTheaterModeEnabled: false, isAlertingAllowedByOffBody: true, matchesLocalInterruptionFilter: true
11-03 09:39:26.553014  2520 10603 D HOME    : [WatchStreamDB]couldItemAlert: false, isTopItemChanged: false, isDeferralForTopItem: false
11-03 09:39:26.554799  2520 10603 D HOME    : [WatchStreamDB]updateRanking()
11-03 09:39:26.555990  2520 10603 D HOME    : [WatchStreamDB]Item alerting conditions - isInterruptive: false, recentlyInterrupted: false, isItemPinned: false, isUnread: false
11-03 09:39:26.561577  2520 10603 D HOME    : [StreamAlertingRegulator]isTheaterModeEnabled: false, isAlertingAllowedByOffBody: true, matchesLocalInterruptionFilter: true
11-03 09:39:26.562665  2520 10603 D HOME    : [WatchStreamDB]couldItemAlert: false, isTopItemChanged: false, isDeferralForTopItem: false
11-03 09:39:26.564513  2520 10603 D HOME    : [NewStreamAdapter]Publishing revision #3542 to adapter clients
--------- switch to kernel
11-03 09:39:26.461282     0     0 I CPU3    : update max cpu_capacity 1024
11-03 09:39:26.586417     0     0 I PM      : suspend entry 2021-11-03 08:39:26.586417659 UTC
11-03 09:39:26.586444     0     0 I PM      : Syncing filesystems ...
11-03 09:39:26.606358     0     0 I CPU2    : shutdown
11-03 09:39:26.616537     0     0 I init    : Command 'write /sys/devices/system/cpu/cpu2/online 0' action=ro.enable_core_ctl=true && sys.cw_corectl_mode=idle (/vendor/etc/init/hw/init.qcom.rc:951) took 136ms and succeeded
11-03 09:39:26.624960     0     0 I         : done.
11-03 09:39:26.656346     0     0 I CPU3    : shutdown
11-03 09:39:26.658934     0     0 I         : Freezing user space processes ...
11-03 09:39:26.665265     0     0 I CPU1    : update max cpu_capacity 748
11-03 09:39:26.667366     0     0 I PM      : Wakeup pending, aborting suspend
11-03 09:39:26.667486     0     0 I         : active wakeup source: NETLINK
11-03 09:39:26.667576     0     0 E         : Freezing of tasks aborted after 0.008 seconds
11-03 09:39:26.667600     0     0 I         : Restarting tasks ...
11-03 09:39:26.668647     0     0 W QSEECOM : qseecom_receive_req: Interrupted: exiting Listener Service = 8192
11-03 09:39:26.668744     0     0 W QSEECOM : qseecom_receive_req: Interrupted: exiting Listener Service = 28672
11-03 09:39:26.668806     0     0 W QSEECOM : qseecom_receive_req: Interrupted: exiting Listener Service = 11
11-03 09:39:26.674810     0     0 W QSEECOM : qseecom_receive_req: Interrupted: exiting Listener Service = 10
11-03 09:39:26.674938     0     0 W QSEECOM : qseecom_receive_req: Interrupted: exiting Listener Service = 12288
11-03 09:39:26.676302     0     0 I         : done.
11-03 09:39:26.690942     0     0 I init    : Command 'write /sys/devices/system/cpu/cpu3/online 0' action=ro.enable_core_ctl=true && sys.cw_corectl_mode=idle (/vendor/etc/init/hw/init.qcom.rc:952) took 62ms and succeeded
11-03 09:39:26.681895     0     0 I PM      : suspend exit 2021-11-03 08:39:26.681895159 UTC
11-03 09:39:26.883843     0     0 I PM      : suspend entry 2021-11-03 08:39:26.883843284 UTC
11-03 09:39:26.883863     0     0 I PM      : Syncing filesystems ... done.
11-03 09:39:26.913283     0     0 I         : Freezing user space processes ... (elapsed 0.010 seconds) done.
11-03 09:39:26.923400     0     0 I         : Freezing remaining freezable tasks ... (elapsed 0.005 seconds) done.
11-03 09:39:26.929368     0     0 I         : Suspending console(s) (use no_console_suspend to debug)
11-03 09:39:26.945308     0     0 I mdss_dsi_panel_set_idle_mode: Idle (1->1)
11-03 09:39:26.986960     0     0 I bgcom   : bgcom_pm_suspend: suspended with : 0
11-03 09:39:27.017511     0     0 I PM      : suspend of devices complete after 83.938 msecs
11-03 09:39:27.023629     0     0 I PM      : late suspend of devices complete after 6.074 msecs
11-03 09:39:27.029681     0     0 I PM      : noirq suspend of devices complete after 6.017 msecs
11-03 09:39:27.029698     0     0 I         : Disabling non-boot CPUs ...
11-03 09:39:27.042151     0     0 W         : IRQ16 no longer affine to CPU1
11-03 09:39:27.042166     0     0 W         : IRQ21 no longer affine to CPU1
11-03 09:39:27.042493     0     0 W         : IRQ93 no longer affine to CPU1
11-03 09:39:27.044209     0     0 I CPU1    : shutdown
11-03 09:39:27.046650     0     0 I suspend ns: 3208804057501	suspend cycles:    1156884117402
11-03 09:39:27.046628     0     0 I CPU0    : msm_cpu_pm_enter_sleep mode:3 during suspend
11-03 09:39:27.046628     0     0 I         : Suspended for 47.022 seconds
11-03 09:39:27.046628     0     0 I resume cycles: 1157786947936
11-03 09:39:27.047245     0     0 I         : Enabling non-boot CPUs ...
11-03 09:39:27.048107     0     0 I CPU1    : update cpu_capacity 1024
11-03 09:39:27.049877     0     0 I         : CPU1 is up
11-03 09:39:27.050648     0     0 I CPU1    : update max cpu_capacity 748
11-03 09:39:27.053886     0     0 I PM      : noirq resume of devices complete after 3.630 msecs
11-03 09:39:27.059349     0     0 I PM      : early resume of devices complete after 3.947 msecs
11-03 09:39:27.092948     0     0 I bgcom   : bgcom_pm_resume: Bgcom resumed with : 0
11-03 09:39:27.103376     0     0 I mdss_dsi_panel_set_idle_mode: Idle (1->1)
11-03 09:39:27.146057     0     0 I PM      : resume of devices complete after 86.657 msecs
11-03 09:39:27.150794     0     0 I         : Restarting tasks ...
11-03 09:39:27.153733     0     0 W QSEECOM : qseecom_receive_req: Interrupted: exiting Listener Service = 8192
11-03 09:39:27.153832     0     0 W QSEECOM : qseecom_receive_req: Interrupted: exiting Listener Service = 11
11-03 09:39:27.153889     0     0 W QSEECOM : qseecom_receive_req: Interrupted: exiting Listener Service = 28672
11-03 09:39:27.164009     0     0 W QSEECOM : qseecom_receive_req: Interrupted: exiting Listener Service = 12288
11-03 09:39:27.164124     0     0 W QSEECOM : qseecom_receive_req: Interrupted: exiting Listener Service = 10
--------- switch to system
11-03 09:40:14.192634  1686  1686 I PowerManagerService: Waking up from dozing (uid=1000 reason=tiltToWake)...
11-03 09:40:14.209658  1686  1686 W UsageStatsService: Event reported without a package name
--------- switch to kernel
11-03 09:39:27.181271     0     0 I         : done.
11-03 09:40:14.204831     0     0 I PM      : suspend exit 2021-11-03 08:40:14.204831702 UTC
11-03 09:40:14.231783     0     0 E FG      : fg_psy_get_property: unsupported property 7
