11-02 20:47:45.473114  7790  7815 I Finsky  : [304] com.google.android.finsky.ds.a.l.a(5): Started reading experiment flags from file [SKocQA9EQQFTb-1gQsc5WsjVhGA].
11-02 20:47:45.475700  7790  7816 I Finsky  : [305] com.google.android.finsky.ds.a.l.a(5): Started reading experiment flags from file [v6B-2IolLQRBwrwPhscSaeg04As].
11-02 20:47:45.482699  7790  7815 I Finsky  : [304] com.google.android.finsky.ds.a.l.a(13): Finished reading experiment flags from file [SKocQA9EQQFTb-1gQsc5WsjVhGA].
11-02 20:47:45.483454  7790  7816 I Finsky  : [305] com.google.android.finsky.ds.a.l.a(13): Finished reading experiment flags from file [v6B-2IolLQRBwrwPhscSaeg04As].
11-02 20:47:45.793154  7790  7790 I cr_CronetLibraryLoader: Cronet version: 70.0.3535.2, arch: armv7l
11-02 20:47:45.891861  7790  7790 I Finsky  : [2] com.google.android.finsky.wear.bs.a(12): Cannot enable service: com.google.android.finsky.wear.dr
11-02 20:47:45.894370  7790  7790 I Finsky  : [2] com.google.android.finsky.wear.bs.a(12): Cannot enable service: com.google.android.finsky.wear.n
11-02 20:47:45.901817  7790  7790 I Finsky  : [2] com.google.android.finsky.application.b.c.cS(511): Not a unicorn device
11-02 20:47:45.955288  7790  7790 W Settings: Setting download_manager_max_bytes_over_mobile has moved from android.provider.Settings.Secure to android.provider.Settings.Global.
11-02 20:47:45.957615  7790  7790 W Settings: Setting download_manager_recommended_max_bytes_over_mobile has moved from android.provider.Settings.Secure to android.provider.Settings.Global.
11-02 20:47:46.008557  7790  7843 I Finsky  : [325] com.google.android.finsky.library.a.f.j(76): Finished loading 0 libraries.
11-02 20:47:46.072351  7790  7790 W Finsky  : [2] com.google.android.finsky.application.b.c.b(790): For unauth, use getDfeApiNonAuthenticated() instead!
11-02 20:47:46.079401  7790  7790 I Finsky  : [2] com.google.android.finsky.verifier.impl.dn.b(105): Setup app restrictions monitor
11-02 20:47:46.087490  7790  7790 I Finsky  : [2] com.google.android.finsky.verifier.impl.eu.a(13): Device wide unknown source restriction is changed.
11-02 20:47:46.133167  7790  7790 I Finsky  : [2] com.google.android.finsky.scheduler.bf.<init>(19): Resetting scheduler db
11-02 20:47:46.171418  3338  7789 W FA-SVC  : Service response is missing Install Referrer install timestamp
11-02 20:47:46.184656  7790  7790 I Finsky  : [2] com.google.android.finsky.installer.a.s.<init>(15): Not checking if recovering from paused session because experiment is off
11-02 20:47:46.197556  7790  7790 I Finsky  : [2] com.google.android.finsky.installer.a.aj.a(498): Installer kick - no action, not running yet
11-02 20:47:46.225879  7790  7790 I Finsky  : [2] com.google.android.finsky.scheduler.JobSchedulerEngine.a(92): Cancelling existing job with id: 9001
11-02 20:47:46.235759  7790  7790 I Finsky  : [2] com.google.android.finsky.scheduler.JobSchedulerEngine.a(15): Scheduling immediate wakeup job with id: 9000
11-02 20:47:46.261337  7790  7790 I Finsky  : [2] com.google.android.finsky.scheduler.JobSchedulerEngine$PhoneskyJobSchedulerJobService.onStartJob(7): onJobSchedulerWakeup with jobId 9000
--------- switch to system
11-02 20:47:46.266026  1686  1704 I ActivityManager: Start proc 7852:android.process.media/u0a14 for content provider com.android.providers.downloads/.DownloadProvider
--------- switch to main
11-02 20:47:46.270353  7790  7790 I Finsky  : [2] com.google.android.finsky.scheduler.y.a(29): Scheduling fallback job with id: 9034, and delay: 43200000 ms
11-02 20:47:46.281084  7790  7790 I Finsky  : [2] com.google.android.finsky.scheduler.y.a(39): Scheduling fallback in 64799992 (absolute: 78745702)
11-02 20:47:46.308780  7790  7790 I Finsky  : [2] com.google.android.finsky.scheduler.af.handleMessage(16): DeviceState: DeviceState{currentTime=1635882466300, isCharging=false, isIdle=false, netAny=false, netNotRoaming=false, netUnmetered=false}
11-02 20:47:46.323342  7790  7790 I Finsky  : [2] com.google.android.finsky.scheduler.bf.a(65): Jobs in database: 1-1337 5-1 
11-02 20:47:46.328742  7790  7790 I Finsky  : [2] com.google.android.finsky.scheduler.aa.a(59): Running job: 5-1
11-02 20:47:46.333629  7790  7790 I Finsky  : [2] com.google.android.finsky.scheduler.aa.a(100): RunningQueue size: 1, PendingQueue size: 0
11-02 20:47:46.334300  7790  7790 I Finsky  : [2] com.google.android.finsky.scheduler.aa.a(109): Running queue: 5-1 
11-02 20:47:46.379126  7852  7852 I d.process.medi: The ClassLoaderContext is a special shared library.
11-02 20:47:46.458151  7852  7852 I d.process.medi: The ClassLoaderContext is a special shared library.
11-02 20:47:46.674177  7790  7790 I Finsky  : [2] com.google.android.finsky.installer.a.aj.a(321): Attempt recovery of content://downloads/my_downloads/2 1
11-02 20:47:46.676914  7790  7790 I Finsky  : [2] com.google.android.finsky.scheduler.bc.b(8): jobFinished: 5-1. TimeElapsed: 347ms
11-02 20:47:46.680406  7790  7790 I Finsky  : [2] com.google.android.finsky.scheduler.aa.a(133): Job 5-1 finished
11-02 20:47:46.682875  7790  7790 I Finsky  : [2] com.google.android.finsky.scheduler.aa.a(100): RunningQueue size: 0, PendingQueue size: 0
11-02 20:47:46.683503  7790  7790 I Finsky  : [2] com.google.android.finsky.scheduler.af.handleMessage(41): Executor finished
11-02 20:47:46.687215  7790  7848 I Finsky  : [330] com.google.android.finsky.installer.a.aj.a(317): Releasing download: content://downloads/my_downloads/2 1
11-02 20:47:46.715925  7790  7790 I Finsky  : [2] com.google.android.finsky.scheduler.bf.a(65): Jobs in database: 1-1337 
11-02 20:47:46.738730  7790  7790 I Finsky  : [2] com.google.android.finsky.scheduler.g.a(68): ConstraintMapping: 1-1337,  -> L: 5587086ms, D: 91987086ms, C: false, I: false, N: 1
11-02 20:47:46.741655  7790  7790 I Finsky  : [2] com.google.android.finsky.scheduler.JobSchedulerEngine.a(82): Scheduling job Id: 9001, L: 5587086, D: 91987086, C: false, I: false, N: 1
11-02 20:47:46.747884  7790  7790 I Finsky  : [2] com.google.android.finsky.download.DownloadBroadcastReceiver.a(9): Intent received at DownloadBroadcastReceiver
11-02 20:47:46.750843  7790  7790 I Finsky  : [2] com.google.android.finsky.download.DownloadBroadcastReceiver.a(15): DownloadBroadcastReceiver could not find content://downloads/my_downloads/2 in queue.
11-02 20:47:46.778441  7852  7865 D DownloadManager: Not notifying for pending background play downloads
11-02 20:47:46.784574  2520  2520 D HOME    : [StreamBackendInit]NotificationService onNotificationRemoved StatusBarNotification(pkg=com.android.providers.downloads user=UserHandle{0} id=4136 tag=null key=0|com.android.providers.downloads|4136|null|10014: Notification(channel=complete pri=0 contentView=null vibrate=null sound=null defaults=0x0 flags=0x2 color=0xff607d8b actions=1 vis=PRIVATE))
11-02 20:47:46.785008  2520  2716 D CollectorHandler: handleMessage, event: ON_NOTIFICATION_REMOVED
11-02 20:47:46.785597  2520  2716 D HOME    : [StreamDBQueue]Promised revision #1822 to queue a new op
11-02 20:47:46.786171  2520  7713 D StreamDatabase: remove. itemId: StreamItemIdAndRevision{notifKey=0|com.android.providers.downloads|4136|null|10014, packageName=com.android.providers.downloads, id=4136, revision=57, originalRevision=37, updateCount=8}
11-02 20:47:46.786351  2520  2716 D HOME    : [WatchStreamManager]Promised remove @ r#1822 for StreamItemIdAndRevision{notifKey=0|com.android.providers.downloads|4136|null|10014, packageName=com.android.providers.downloads, id=4136, revision=0, originalRevision=0, updateCount=0} (@1821): SBN removed: StreamItemIdAndRevision{notifKey=0|com.android.providers.downloads|4136|null|10014, packageName=com.android.providers.downloads, id=4136, revision=0, originalRevision=0, updateCount=0}
11-02 20:47:46.787397  2520  7713 D HOME    : [WatchStreamDB]Item alerting conditions - isInterruptive: false, recentlyInterrupted: false, isItemPinned: false, isUnread: false
11-02 20:47:46.787751  2520  7713 D HOME    : [StreamAlertingRegulator]isTheaterModeEnabled: false, isAlertingAllowedByOffBody: true, matchesLocalInterruptionFilter: true
11-02 20:47:46.788156  2520  7713 D HOME    : [WatchStreamDB]couldItemAlert: false, isTopItemChanged: false, isDeferralForTopItem: false
11-02 20:47:46.789024  2520  7713 D HOME    : [StreamAdapter]onStreamChange StreamChangeEvent[modified=0, removed=1, modifiedTop=0, removedTop=1, reorder=false, possibleAlertingItem=none]
11-02 20:47:46.789051  7790  7790 I Finsky  : [2] com.google.android.finsky.da.a.a(17): Wear network status: has network false, unmetered false
11-02 20:47:46.789502  2520  7713 D HOME    : [StreamAdapter]onStreamChange StreamChangeEvent[modified=0, removed=1, modifiedTop=0, removedTop=1, reorder=false, possibleAlertingItem=none]
11-02 20:47:46.795322  2520  7713 D HOME    : [NewStreamAdapter]Publishing revision #1822 to adapter clients
11-02 20:47:46.799649  2520  2520 D HOME    : [NotificationCountModule]Dispatching the NotificationCountEvent in home module
11-02 20:47:46.801681  2520  2520 D HOME    : [TopNotificationReceiver]Sending request to TopNotificationProviderService for complication update
11-02 20:47:46.804135  7790  7790 I Finsky  : [2] com.google.android.finsky.splitinstallservice.cx.a(10): Connecting InstallListener to SplitInstallService broadcaster...
11-02 20:47:46.804635  2520  2520 D HOME    : [UnreadNotifReceiver]Sending request to UnreadNotificationsProviderService for complication update
11-02 20:47:46.807946  2520  7713 D HOME    : [ComplicationController]scheduleImmediateUpdateForAllFromProvider ComponentInfo{com.google.android.wearable.app/com.google.android.clockwork.wcs.notification.complication.TopNotificationProviderService}
11-02 20:47:46.811234  2520  7713 D HOME    : [ComplicationController]scheduleImmediateUpdateForAllFromProvider ComponentInfo{com.google.android.wearable.app/com.google.android.clockwork.home.complications.providers.UnreadNotificationsProviderService}
11-02 20:47:46.816642  2520  2520 D HOME    : [WatchFaceUiController]sendStateToWallpaper
11-02 20:47:46.820198  2520  2520 D HOME    : [StreamAdapter]setStreamItems, size 1
--------- switch to kernel
11-02 20:47:48.825857     0     0 I [touch]x: 104,y:296
--------- switch to system
11-02 20:47:49.022687  1686  3295 I ActivityManager: START u0 {cmp=com.montblanc.smartwatch.toolbox/.ToolActivity (has extras)} from uid 10038
--------- switch to main
11-02 20:47:46.820665  2520  2520 D HOME    : [StreamAdapter]setStreamItems, size 1
11-02 20:47:49.086741  7745  7745 W ActivityThread: handleWindowVisibility: no activity for token android.os.BinderProxy@a5ba7dd
11-02 20:47:49.457824   512   512 I sensors-hal: batch:140, android.sensor.rotation_vector/10, period=200000000, max_latency=0
11-02 20:47:49.458018   512   512 I sensors-hal: batch:149, android.sensor.rotation_vector/10, period=200000000, max_latency=0 request completed
11-02 20:47:49.459011   512   512 I sensors-hal: activate:107, android.sensor.rotation_vector/10 en=1
11-02 20:47:49.459747   512   512 I sensors-hal: ssc_enable_rt_task:254, ssc_enable_rt_task : true
11-02 20:47:49.479380   512   512 I sensors-hal: activate:118, android.sensor.rotation_vector/10 en=1 completed
11-02 20:47:49.658370  1686  1710 I ActivityManager: Displayed com.montblanc.smartwatch.toolbox/.ToolActivity: +583ms
11-02 20:47:50.267532   512  7875 I sensors-hal: handle_indication_realtime:355,  SCHED_FIFO(10) for qmi_cbk
--------- switch to system
11-02 20:47:52.658660  1686  1828 E TaskPersister: File error accessing recents directory (directory doesn't exist?).
--------- switch to main
11-02 20:47:55.527691  7790  7817 E Finsky  : [306] com.google.android.finsky.at.c.a(25): Unable to build selector: /storage/emulated/0/Download/marketenvs.csv (No such file or directory)
11-02 20:47:55.575752  7790  7846 I Finsky  : [328] com.google.android.finsky.ds.a.a.a.b(29): Triggered update for experiment package com.google.android.finsky.regular.
11-02 20:47:55.898136  7790  7846 I Finsky  : [328] com.google.android.finsky.ds.a.l.a(5): Started reading experiment flags from file [v6B-2IolLQRBwrwPhscSaeg04As].
11-02 20:47:55.902348  7790  7846 I Finsky  : [328] com.google.android.finsky.ds.a.l.a(13): Finished reading experiment flags from file [v6B-2IolLQRBwrwPhscSaeg04As].
11-02 20:47:55.913307  7790  7846 I Finsky  : [328] com.google.android.finsky.ds.a.a.a.b(62): Already at the latest configurations for experiment package com.google.android.finsky.regular.
11-02 20:47:55.913987  7790  7848 W android.vendin: Long monitor contention with owner AsyncTask #2 (7846) at java.lang.StackTraceElement[] java.lang.Throwable.nativeGetStackTrace(java.lang.Object)(Throwable.java:-2) waiters=0 in int com.google.android.finsky.ds.a.a.a.b() for 338ms
11-02 20:47:55.918060  7790  7848 I Finsky  : [330] com.google.android.finsky.ds.a.a.a.b(29): Triggered update for experiment package com.google.android.finsky.stable.
11-02 20:47:55.962317  7790  7848 I Finsky  : [330] com.google.android.finsky.ds.a.a.a.b(62): Already at the latest configurations for experiment package com.google.android.finsky.stable.
11-02 20:47:56.132643  7790  7817 I Finsky  : [306] com.google.android.finsky.verifier.impl.dn.e(113): Restoring notifications
11-02 20:47:56.160806  7790  7817 I Finsky  : [306] com.google.android.finsky.verifier.impl.dn.e(118): Done restoring notifications
11-02 20:47:56.236635  1686  1759 D WindowManager: interceptKeyTq keycode=265 interactive=true keyguardActive=false policyFlags=22000000
11-02 20:47:56.245057  1686  1758 D WindowManager: interceptKeyTi keyCode=265 down=true repeatCount=0 keyguardOn=false mHomePressed=false canceled=false
--------- switch to system
11-02 20:47:56.247320  1686  1758 D WindowManager: Unhandled key: win=Window{4060bc3 u0 com.montblanc.smartwatch.toolbox/com.montblanc.smartwatch.toolbox.ToolActivity}, action=0, flags=8, keyCode=265, scanCode=750, metaState=0, repeatCount=0, policyFlags=1644167168
--------- switch to main
11-02 20:47:56.326268  1686  1759 D WindowManager: interceptKeyTq keycode=265 interactive=true keyguardActive=false policyFlags=22000000
11-02 20:47:56.331427  1686  1758 D WindowManager: interceptKeyTi keyCode=265 down=false repeatCount=0 keyguardOn=false mHomePressed=false canceled=false
--------- switch to system
11-02 20:47:56.333875  1686  1758 D WindowManager: Unhandled key: win=Window{4060bc3 u0 com.montblanc.smartwatch.toolbox/com.montblanc.smartwatch.toolbox.ToolActivity}, action=1, flags=8, keyCode=265, scanCode=750, metaState=0, repeatCount=0, policyFlags=1644167168
--------- switch to main
11-02 20:47:56.831640  7790  7790 I Finsky  : [2] com.google.android.finsky.setup.be.run(7): Detected restoreservicev2://recovery not needed, will not run
11-02 20:47:58.225819  1686  1759 D WindowManager: interceptKeyTq keycode=266 interactive=true keyguardActive=false policyFlags=22000000
11-02 20:47:58.227913  1686  1758 D WindowManager: interceptKeyTi keyCode=266 down=true repeatCount=0 keyguardOn=false mHomePressed=false canceled=false
--------- switch to system
11-02 20:47:58.230145  1686  1758 D WindowManager: Unhandled key: win=Window{4060bc3 u0 com.montblanc.smartwatch.toolbox/com.montblanc.smartwatch.toolbox.ToolActivity}, action=0, flags=8, keyCode=266, scanCode=751, metaState=0, repeatCount=0, policyFlags=1644167168
--------- switch to main
11-02 20:47:58.345637  1686  1759 D WindowManager: interceptKeyTq keycode=266 interactive=true keyguardActive=false policyFlags=22000000
11-02 20:47:58.348249  1686  1758 D WindowManager: interceptKeyTi keyCode=266 down=false repeatCount=0 keyguardOn=false mHomePressed=false canceled=false
--------- switch to system
11-02 20:47:58.356397  1686  1758 D WindowManager: Unhandled key: win=Window{4060bc3 u0 com.montblanc.smartwatch.toolbox/com.montblanc.smartwatch.toolbox.ToolActivity}, action=1, flags=8, keyCode=266, scanCode=751, metaState=0, repeatCount=0, policyFlags=1644167168
--------- switch to main
11-02 20:47:58.783940  1686  1686 D HandsFreeClientShard: Connecting HandsFree client profile (retry).
11-02 20:47:58.789351  1686  1686 D BluetoothHeadsetClient: disconnect(14:3C:C3:AD:3D:53)
11-02 20:47:58.792614  1686  1686 D BluetoothHeadsetClient: connect(14:3C:C3:AD:3D:53)
11-02 20:47:58.800703  1829  2096 D HeadsetClientStateMachine: Disconnected process message: 1
11-02 20:47:58.801274  1829  2027 I bt_btif_queue: queue_int_add: adding connection request: address=14:3c:c3:ad:3d:53 UUID=111E busy=false
11-02 20:47:58.801386  1829  2027 I bt_btif_queue: btif_queue_connect_next: executing connection request: address=14:3c:c3:ad:3d:53 UUID=111E busy=false
11-02 20:47:58.801427  1829  2027 E bt_btif : is_connected: not connected!
11-02 20:47:58.801492  1829  2027 W bt_btif : bta_hf_client_find_cb_by_bda: bdaddr mismatch for handle 0 alloc 0
11-02 20:47:58.801525  1829  2027 W bt_btif : bta_hf_client_find_cb_by_bda: bdaddr mismatch for handle 1 alloc 0
11-02 20:47:58.801554  1829  2027 W bt_btif : bta_hf_client_find_cb_by_bda: bdaddr mismatch for handle 2 alloc 0
11-02 20:47:58.801581  1829  2027 W bt_btif : bta_hf_client_find_cb_by_bda: bdaddr mismatch for handle 3 alloc 0
11-02 20:47:58.801608  1829  2027 W bt_btif : bta_hf_client_find_cb_by_bda: bdaddr mismatch for handle 4 alloc 0
11-02 20:47:58.801636  1829  2027 W bt_btif : bta_hf_client_find_cb_by_bda: bdaddr mismatch for handle 5 alloc 0
11-02 20:47:58.801663  1829  2027 W bt_btif : bta_hf_client_find_cb_by_bda: bdaddr mismatch for handle 6 alloc 0
11-02 20:47:58.801690  1829  2027 W bt_btif : bta_hf_client_find_cb_by_bda: bdaddr mismatch for handle 7 alloc 0
11-02 20:47:58.801717  1829  2027 W bt_btif : bta_hf_client_find_cb_by_bda: bdaddr mismatch for handle 8 alloc 0
11-02 20:47:58.801743  1829  2027 W bt_btif : bta_hf_client_find_cb_by_bda: bdaddr mismatch for handle 9 alloc 0
11-02 20:47:58.801769  1829  2027 E bt_btif : bta_hf_client_find_cb_by_bda: block not found
11-02 20:47:58.804019  1829  1829 D AdapterProperties: PROFILE_CONNECTION_STATE_CHANGE: profile=16, device=14:3C:C3:AD:3D:53, 0 -> 1
11-02 20:47:58.806045  1829  1829 D AdapterProperties: ADAPTER_CONNECTION_STATE_CHANGE: 14:3C:C3:AD:3D:53: 0 -> 1
11-02 20:47:58.816562  5603  5603 D BtTelecomReceiver: onReceive: Intent { act=android.bluetooth.headsetclient.profile.action.CONNECTION_STATE_CHANGED flg=0x10 cmp=com.google.android.apps.wearable.bluetooth/com.google.android.clockwork.hfp.BtTelecomBroadcastReceiver (has extras) }
11-02 20:47:58.817068  5603  5603 D BtTelecomReceiver: Hfp connection changed: -724754873 0 -> 1
--------- switch to system
11-02 20:47:58.819422  1686  2583 W BroadcastQueue: Background execution not allowed: receiving Intent { act=android.bluetooth.adapter.action.CONNECTION_STATE_CHANGED flg=0x4000010 (has extras) } to com.google.android.gms/.chimera.GmsIntentOperationService$PersistentTrustedReceiver
--------- switch to main
11-02 20:47:59.727231  1686  1759 D WindowManager: interceptKeyTq keycode=266 interactive=true keyguardActive=false policyFlags=22000000
11-02 20:47:59.733224  1686  1758 D WindowManager: interceptKeyTi keyCode=266 down=true repeatCount=0 keyguardOn=false mHomePressed=false canceled=false
--------- switch to system
11-02 20:47:59.735690  1686  1758 D WindowManager: Unhandled key: win=Window{4060bc3 u0 com.montblanc.smartwatch.toolbox/com.montblanc.smartwatch.toolbox.ToolActivity}, action=0, flags=8, keyCode=266, scanCode=751, metaState=0, repeatCount=0, policyFlags=1644167168
--------- switch to main
11-02 20:48:00.004237  2520  2714 D HOME    : [TickMonitor]Received time tick
11-02 20:48:00.004552  2520  2714 D HOME    : [TickMonitor]handleTimeTick() finished
11-02 20:48:00.227797  1686  1758 D WindowManager: interceptKeyTi keyCode=266 down=true repeatCount=1 keyguardOn=false mHomePressed=false canceled=false
--------- switch to system
11-02 20:48:00.230270  1686  1758 D WindowManager: Unhandled key: win=Window{4060bc3 u0 com.montblanc.smartwatch.toolbox/com.montblanc.smartwatch.toolbox.ToolActivity}, action=0, flags=136, keyCode=266, scanCode=751, metaState=0, repeatCount=1, policyFlags=1107296256
--------- switch to main
11-02 20:48:00.278104  1686  1758 D WindowManager: interceptKeyTi keyCode=266 down=true repeatCount=2 keyguardOn=false mHomePressed=false canceled=false
--------- switch to system
11-02 20:48:00.289886  1686  1758 D WindowManager: Unhandled key: win=Window{4060bc3 u0 com.montblanc.smartwatch.toolbox/com.montblanc.smartwatch.toolbox.ToolActivity}, action=0, flags=8, keyCode=266, scanCode=751, metaState=0, repeatCount=2, policyFlags=1107296256
--------- switch to main
11-02 20:48:00.329882  1686  1758 D WindowManager: interceptKeyTi keyCode=266 down=true repeatCount=3 keyguardOn=false mHomePressed=false canceled=false
--------- switch to system
11-02 20:48:00.335017  1686  1758 D WindowManager: Unhandled key: win=Window{4060bc3 u0 com.montblanc.smartwatch.toolbox/com.montblanc.smartwatch.toolbox.ToolActivity}, action=0, flags=8, keyCode=266, scanCode=751, metaState=0, repeatCount=3, policyFlags=1107296256
--------- switch to main
11-02 20:48:00.379983  1686  1758 D WindowManager: interceptKeyTi keyCode=266 down=true repeatCount=4 keyguardOn=false mHomePressed=false canceled=false
--------- switch to system
11-02 20:48:00.381979  1686  1758 D WindowManager: Unhandled key: win=Window{4060bc3 u0 com.montblanc.smartwatch.toolbox/com.montblanc.smartwatch.toolbox.ToolActivity}, action=0, flags=8, keyCode=266, scanCode=751, metaState=0, repeatCount=4, policyFlags=1107296256
--------- switch to main
11-02 20:48:00.431546  1686  1758 D WindowManager: interceptKeyTi keyCode=266 down=true repeatCount=5 keyguardOn=false mHomePressed=false canceled=false
--------- switch to system
11-02 20:48:00.445223  1686  1758 D WindowManager: Unhandled key: win=Window{4060bc3 u0 com.montblanc.smartwatch.toolbox/com.montblanc.smartwatch.toolbox.ToolActivity}, action=0, flags=8, keyCode=266, scanCode=751, metaState=0, repeatCount=5, policyFlags=1107296256
--------- switch to main
11-02 20:48:00.482121  1686  1758 D WindowManager: interceptKeyTi keyCode=266 down=true repeatCount=6 keyguardOn=false mHomePressed=false canceled=false
--------- switch to system
11-02 20:48:00.490766  1686  1758 D WindowManager: Unhandled key: win=Window{4060bc3 u0 com.montblanc.smartwatch.toolbox/com.montblanc.smartwatch.toolbox.ToolActivity}, action=0, flags=8, keyCode=266, scanCode=751, metaState=0, repeatCount=6, policyFlags=1107296256
--------- switch to main
11-02 20:48:00.526191  1686  1759 D WindowManager: interceptKeyTq keycode=266 interactive=true keyguardActive=false policyFlags=22000000
11-02 20:48:00.527117  1686  1758 D WindowManager: interceptKeyTi keyCode=266 down=false repeatCount=0 keyguardOn=false mHomePressed=false canceled=false
--------- switch to system
11-02 20:48:00.535469  1686  1758 D WindowManager: Unhandled key: win=Window{4060bc3 u0 com.montblanc.smartwatch.toolbox/com.montblanc.smartwatch.toolbox.ToolActivity}, action=1, flags=8, keyCode=266, scanCode=751, metaState=0, repeatCount=0, policyFlags=1644167168
--------- switch to main
11-02 20:48:01.255457  1686  1759 D WindowManager: interceptKeyTq keycode=265 interactive=true keyguardActive=false policyFlags=22000000
11-02 20:48:01.264513  1686  1758 D WindowManager: interceptKeyTi keyCode=265 down=true repeatCount=0 keyguardOn=false mHomePressed=false canceled=false
--------- switch to system
11-02 20:48:01.267118  1686  1758 D WindowManager: Unhandled key: win=Window{4060bc3 u0 com.montblanc.smartwatch.toolbox/com.montblanc.smartwatch.toolbox.ToolActivity}, action=0, flags=8, keyCode=265, scanCode=750, metaState=0, repeatCount=0, policyFlags=1644167168
--------- switch to main
11-02 20:48:01.757219  1686  1758 D WindowManager: interceptKeyTi keyCode=265 down=true repeatCount=1 keyguardOn=false mHomePressed=false canceled=false
--------- switch to system
11-02 20:48:01.759388  1686  1758 D WindowManager: Unhandled key: win=Window{4060bc3 u0 com.montblanc.smartwatch.toolbox/com.montblanc.smartwatch.toolbox.ToolActivity}, action=0, flags=136, keyCode=265, scanCode=750, metaState=0, repeatCount=1, policyFlags=1107296256
--------- switch to main
11-02 20:48:01.807286  1686  1758 D WindowManager: interceptKeyTi keyCode=265 down=true repeatCount=2 keyguardOn=false mHomePressed=false canceled=false
--------- switch to system
11-02 20:48:01.809270  1686  1758 D WindowManager: Unhandled key: win=Window{4060bc3 u0 com.montblanc.smartwatch.toolbox/com.montblanc.smartwatch.toolbox.ToolActivity}, action=0, flags=8, keyCode=265, scanCode=750, metaState=0, repeatCount=2, policyFlags=1107296256
--------- switch to main
11-02 20:48:01.859600  1686  1758 D WindowManager: interceptKeyTi keyCode=265 down=true repeatCount=3 keyguardOn=false mHomePressed=false canceled=false
--------- switch to system
11-02 20:48:01.868450  1686  1758 D WindowManager: Unhandled key: win=Window{4060bc3 u0 com.montblanc.smartwatch.toolbox/com.montblanc.smartwatch.toolbox.ToolActivity}, action=0, flags=8, keyCode=265, scanCode=750, metaState=0, repeatCount=3, policyFlags=1107296256
--------- switch to main
11-02 20:48:01.909904  1686  1758 D WindowManager: interceptKeyTi keyCode=265 down=true repeatCount=4 keyguardOn=false mHomePressed=false canceled=false
--------- switch to system
11-02 20:48:01.912372  1686  1758 D WindowManager: Unhandled key: win=Window{4060bc3 u0 com.montblanc.smartwatch.toolbox/com.montblanc.smartwatch.toolbox.ToolActivity}, action=0, flags=8, keyCode=265, scanCode=750, metaState=0, repeatCount=4, policyFlags=1107296256
--------- switch to main
11-02 20:48:01.962156  1686  1758 D WindowManager: interceptKeyTi keyCode=265 down=true repeatCount=5 keyguardOn=false mHomePressed=false canceled=false
--------- switch to system
11-02 20:48:01.964272  1686  1758 D WindowManager: Unhandled key: win=Window{4060bc3 u0 com.montblanc.smartwatch.toolbox/com.montblanc.smartwatch.toolbox.ToolActivity}, action=0, flags=8, keyCode=265, scanCode=750, metaState=0, repeatCount=5, policyFlags=1107296256
--------- switch to main
11-02 20:48:02.011942  1686  1758 D WindowManager: interceptKeyTi keyCode=265 down=true repeatCount=6 keyguardOn=false mHomePressed=false canceled=false
--------- switch to system
11-02 20:48:02.024378  1686  1758 D WindowManager: Unhandled key: win=Window{4060bc3 u0 com.montblanc.smartwatch.toolbox/com.montblanc.smartwatch.toolbox.ToolActivity}, action=0, flags=8, keyCode=265, scanCode=750, metaState=0, repeatCount=6, policyFlags=1107296256
--------- switch to main
11-02 20:48:02.066401  1686  1758 D WindowManager: interceptKeyTi keyCode=265 down=true repeatCount=7 keyguardOn=false mHomePressed=false canceled=false
--------- switch to system
11-02 20:48:02.068450  1686  1758 D WindowManager: Unhandled key: win=Window{4060bc3 u0 com.montblanc.smartwatch.toolbox/com.montblanc.smartwatch.toolbox.ToolActivity}, action=0, flags=8, keyCode=265, scanCode=750, metaState=0, repeatCount=7, policyFlags=1107296256
--------- switch to main
11-02 20:48:02.110357  1686  1759 D WindowManager: interceptKeyTq keycode=265 interactive=true keyguardActive=false policyFlags=22000000
11-02 20:48:02.111130  1686  1758 D WindowManager: interceptKeyTi keyCode=265 down=false repeatCount=0 keyguardOn=false mHomePressed=false canceled=false
--------- switch to system
11-02 20:48:02.112817  1686  1758 D WindowManager: Unhandled key: win=Window{4060bc3 u0 com.montblanc.smartwatch.toolbox/com.montblanc.smartwatch.toolbox.ToolActivity}, action=1, flags=8, keyCode=265, scanCode=750, metaState=0, repeatCount=0, policyFlags=1644167168
--------- switch to main
11-02 20:48:03.076701  1686  1759 D WindowManager: interceptKeyTq keycode=26 interactive=true keyguardActive=false policyFlags=22000000
--------- switch to system
11-02 20:48:03.551208  1686  1703 D WindowManager: powerPress: eventTime=1386431 interactive=true count=1 beganFromNonInteractive=false mShortPressOnPowerBehavior=5
11-02 20:48:03.551591  1686  1703 I WindowManager: power button intercepted
11-02 20:48:03.551797  1686  1703 D WindowManager: requiresConfirmation? false mFocusedActivity: com.montblanc.smartwatch.toolbox/.ToolActivity
11-02 20:48:03.560586  1686  1703 I ActivityManager: START u0 {act=android.intent.action.MAIN cat=[android.intent.category.HOME] flg=0x10200000 cmp=com.google.android.wearable.app/com.google.android.clockwork.home2.activity.HomeActivity2 (has extras)} from uid 1000
--------- switch to main
11-02 20:48:03.249631  1686  1759 D WindowManager: interceptKeyTq keycode=26 interactive=true keyguardActive=false policyFlags=22000000
11-02 20:48:03.566863  2520  2520 D HOME    : [KeyHandlerRegistry]handleHomeFocus, uiMode[MODE_WATCH_FACE]
11-02 20:48:03.576907  7745  7745 I Lynx    : action:android.intent.action.CLOSE_SYSTEM_DIALOGS,reason:homekey
--------- switch to system
11-02 20:48:03.668016  1686  1703 W Looper  : Slow dispatch took 117ms android.ui h=com.android.server.policy.PhoneWindowManager$PolicyHandler c=null m=13
--------- switch to main
11-02 20:48:03.673037  2520  2520 D HOME    : [HotwordController]updateClient MODE_WATCH_FACE false false false true
11-02 20:48:03.696883  2520  2520 D HOME    : [HotwordController]updateClient MODE_WATCH_FACE false false true true
11-02 20:48:03.710937  2520  2520 D HOME    : [WatchFaceUiController]sendStateToWallpaper
11-02 20:48:03.713206  2520  2520 D HOME    : [StreamModule]Updating gaze alerter state: inWetMode=false focused=true uiMode=MODE_WATCH_FACE
11-02 20:48:03.713538  2520  2520 D HOME    : [SurfaceRenderer]maybeRender: hasWindowFocus = true, hasViewFocus = false, hasModelToRender = false, shouldRender = false
11-02 20:48:03.719938  2520  2520 W View    : View not hardware-accelerated. Unable to observe frame stats
11-02 20:48:03.737694   545   689 W SurfaceFlinger: Attempting to destroy on removed layer: 3f0f0e9 OobeOverlayHint#0
--------- switch to system
11-02 20:48:03.740129  1686  1702 W BroadcastQueue: Background execution not allowed: receiving Intent { act=android.os.UpdateLock.UPDATE_LOCK_CHANGED flg=0x4000010 (has extras) } to com.google.android.gms/.chimera.GmsIntentOperationService$PersistentTrustedReceiver
--------- switch to main
11-02 20:48:03.741762  7745  7745 D Lynx    : Creating background tool service
11-02 20:48:03.752810  7745  7745 D Lynx    : Started background tool service
11-02 20:48:03.758893  2520  2520 D HOME    : [HotwordController]updateClient MODE_WATCH_FACE false false false true
11-02 20:48:03.835807  2520  2520 D HOME    : [WatchFaceUiController]sendWatchFaceServiceBinder
11-02 20:48:03.842523  2520  2520 D HOME    : [WatchFaceUiController]sendProperties
11-02 20:48:03.845752  2520  2520 D HOME    : [WatchFaceUiController]sendStateToWallpaper
11-02 20:48:03.853224  2520  2520 E HOME    : [HintOverlayService]Hint with id 1 already displaying.
11-02 20:48:03.854948  2520  2520 E HOME    : [HintOverlayService]Hint with id 1 already displaying.
11-02 20:48:03.866976  2520  4718 W OpenGLRenderer: Incorrectly called buildLayer on View: HardwareButtonHintOverlayView, destroying layer...
11-02 20:48:03.959058  1686  1696 I system_server: Background concurrent copying GC freed 29037(1455KB) AllocSpace objects, 22(1080KB) LOS objects, 19% free, 10MB/12MB, paused 249us total 397.038ms
11-02 20:48:03.979945  2520  2520 D HOME    : [StreamBackendInit]NotificationService onNotificationPosted StatusBarNotification(pkg=android user=UserHandle{0} id=0 tag=com.android.server.wm.AlertWindowNotification - com.google.android.wearable.app key=0|android|0|com.android.server.wm.AlertWindowNotification - com.google.android.wearable.app|1000: Notification(channel=com.android.server.wm.AlertWindowNotification - com.google.android.wearable.app pri=0 contentView=null vibrate=null sound=null defaults=0x0 flags=0x102 color=0xff607d8b vis=PRIVATE))
11-02 20:48:03.981718  2520  2716 D CollectorHandler: handleMessage, event: ON_NOTIFICATION_POSTED_WITH_RANKING
11-02 20:48:03.988029  1829  2088 W bt_sdp  : SDP - Rcvd conn cnf with error: 0x4  CID 0x5f
11-02 20:48:03.988612  1829  2027 D BluetoothHeadsetClientServiceJni: connection_state_cb: state 0 peer_feat 0 chld_feat 0
11-02 20:48:03.991969  1829  2027 E bt_btif : btif_hf_client_get_cb_by_bda: could not find block for bdaddr
11-02 20:48:03.992276  2520  2716 D HOME    : [StreamDBQueue]Promised revision #1823 to queue a new op
11-02 20:48:03.992389  1829  2096 D HeadsetClientStateMachine: Enter Disconnected: 100
11-02 20:48:03.993248  1829  2027 E bt_btif : btif_hf_client_upstreams_evt: event 3 but not allocating block: cb not found
11-02 20:48:03.994442  2520  7713 D StreamDatabase:   filtering notification, reason=HOME_OVER_OTHER_APPS_NOTIFICATION, itemId=StreamItemIdAndRevision{notifKey=0|android|0|com.android.server.wm.AlertWindowNotification - com.google.android.wearable.app|1000, packageName=android, tag=com.android.server.wm.AlertWindowNotification - com.google.android.wearable.app, id=0, revision=1823, originalRevision=1823, updateCount=0}
11-02 20:48:03.995436  2520  7713 D HOME    : [WatchStreamDB]Item alerting conditions - isInterruptive: false, recentlyInterrupted: false, isItemPinned: false, isUnread: false
11-02 20:48:03.996192  2520  7713 D HOME    : [StreamAlertingRegulator]isTheaterModeEnabled: false, isAlertingAllowedByOffBody: true, matchesLocalInterruptionFilter: true
11-02 20:48:03.996540  2520  7713 D HOME    : [WatchStreamDB]couldItemAlert: false, isTopItemChanged: false, isDeferralForTopItem: false
11-02 20:48:03.997123  2520  7713 D HOME    : [StreamAdapter]onStreamChange StreamChangeEvent[modified=1, removed=0, modifiedTop=0, removedTop=0, reorder=false, possibleAlertingItem=none]
11-02 20:48:03.993404  1829  2027 I bt_btif_queue: queue_int_advance: removing connection request: address=14:3c:c3:ad:3d:53 UUID=111E busy=true
11-02 20:48:03.999311  1829  1829 D AdapterProperties: PROFILE_CONNECTION_STATE_CHANGE: profile=16, device=14:3C:C3:AD:3D:53, 1 -> 0
11-02 20:48:03.999743  1829  1829 D AdapterProperties: ADAPTER_CONNECTION_STATE_CHANGE: 14:3C:C3:AD:3D:53: 1 -> 0
11-02 20:48:04.001032  5603  5603 D BtTelecomReceiver: onReceive: Intent { act=android.bluetooth.headsetclient.profile.action.CONNECTION_STATE_CHANGED flg=0x10 cmp=com.google.android.apps.wearable.bluetooth/com.google.android.clockwork.hfp.BtTelecomBroadcastReceiver (has extras) }
11-02 20:48:04.002454  5603  5603 D BtTelecomReceiver: Hfp connection changed: -724754873 1 -> 0
11-02 20:48:04.005019  2520  2716 D HOME    : [WatchStreamManager]Promised set @ r#1823 for (android,tag=com.android.server.wm.AlertWindowNotification - com.google.android.wearable.app,id=0,notifKey=0|android|0|com.android.server.wm.AlertWindowNotification - com.google.android.wearable.app|1000)
11-02 20:48:04.014479  2520  7713 D HOME    : [StreamAdapter]onStreamChange StreamChangeEvent[modified=1, removed=0, modifiedTop=0, removedTop=0, reorder=false, possibleAlertingItem=none]
11-02 20:48:04.015680  2520  2520 D HOME    : [TopNotificationReceiver]Sending request to TopNotificationProviderService for complication update
11-02 20:48:04.015968  2520  7713 D HOME    : [NewStreamAdapter]Publishing revision #1823 to adapter clients
11-02 20:48:04.020935  7745  7745 D Lynx    : Selected tool (4): Nj
11-02 20:48:04.021520  5603  5603 D HfpClientConnService: onCreate
11-02 20:48:04.022909  2520  2520 D HOME    : [StreamAdapter]setStreamItems, size 1
11-02 20:48:04.024394  5603  5603 D HfpClientConnService: disabling HFP
11-02 20:48:04.024538  5603  5603 I HfpClientConnService: enable request:Enable Request - time:1635882484002 type:false reason:headset client disconnected
11-02 20:48:04.027676  2520  2520 D HOME    : [StreamAdapter]setStreamItems, size 1
--------- switch to system
11-02 20:48:04.028012  1686  3998 W BroadcastQueue: Background execution not allowed: receiving Intent { act=android.bluetooth.adapter.action.CONNECTION_STATE_CHANGED flg=0x4000010 (has extras) } to com.google.android.gms/.chimera.GmsIntentOperationService$PersistentTrustedReceiver
--------- switch to main
11-02 20:48:04.028483  2520  7713 D HOME    : [ComplicationController]scheduleImmediateUpdateForAllFromProvider ComponentInfo{com.google.android.wearable.app/com.google.android.clockwork.wcs.notification.complication.TopNotificationProviderService}
11-02 20:48:04.028874  5603  5603 I HfpClientConnService: account already disabled
11-02 20:48:04.049235  7745  7745 D Lynx    : Started background tracking
11-02 20:48:04.066710  2520  2520 D HOME    : [StreamBackendInit]NotificationService onNotificationPosted StatusBarNotification(pkg=com.montblanc.smartwatch.toolbox user=UserHandle{0} id=1234 tag=null key=0|com.montblanc.smartwatch.toolbox|1234|null|10038: Notification(channel=com.montblanc.toolbox.notificationchannel pri=0 contentView=null vibrate=null sound=null defaults=0x0 flags=0x162 color=0x00000000 category=status vis=PRIVATE))
11-02 20:48:04.068929  2520  2716 D CollectorHandler: handleMessage, event: ON_NOTIFICATION_POSTED_WITH_RANKING
11-02 20:48:04.073014  2520  2716 D HOME    : [StreamDBQueue]Promised revision #1824 to queue a new op
11-02 20:48:04.073672  2520  2716 D HOME    : [WatchStreamManager]Promised set @ r#1824 for (com.montblanc.smartwatch.toolbox,tag=null,id=1234,notifKey=0|com.montblanc.smartwatch.toolbox|1234|null|10038)
11-02 20:48:04.075183  2520  7713 D DynamicBucketRankerImpl: StreamItemIdAndRevision{notifKey=0|com.montblanc.smartwatch.toolbox|1234|null|10038, packageName=com.montblanc.smartwatch.toolbox, id=1234, revision=1824, originalRevision=1824, updateCount=0} in bucket #9 (ChronologicalBucket)
11-02 20:48:04.076435  2520  7713 D HOME    : [WatchStreamDB]TopLevelStreamItem{item=StreamItem(StreamItemIdAndRevision{notifKey=0|com.montblanc.smartwatch.toolbox|1234|null|10038, packageName=com.montblanc.smartwatch.toolbox, id=1234, revision=1824, originalRevision=1824, updateCount=0},AutoValue_StreamItemData{hidden=NOT_HIDDEN, title=34 chars, remoteNodeId=null, originalPackageName=com.montblanc.smartwatch.toolbox, localPackageName=com.montblanc.smartwatch.toolbox, tag=null, appName=Toolbox, postTime=1635882484049, lastDiffedTime=1635882484049, lastPostedInterruptiveTime=0, user=UserHandle{0}, onlyAlertOnce=false, vibrationPattern=null, isInterruptive=false, isGroupSummary=false, dismissalId=null, bridgeTag=null, isAncs=false}), parentAtChildPostTime=null} ranked at index 0
11-02 20:48:04.077563  2520  7713 D HOME    : [WatchStreamDB]Item alerting conditions - isInterruptive: false, recentlyInterrupted: false, isItemPinned: false, isUnread: false
11-02 20:48:04.078927  2520  7713 D HOME    : [StreamAlertingRegulator]isTheaterModeEnabled: false, isAlertingAllowedByOffBody: true, matchesLocalInterruptionFilter: true
11-02 20:48:04.079880  2520  7713 D HOME    : [WatchStreamDB]couldItemAlert: false, isTopItemChanged: true, isDeferralForTopItem: false
11-02 20:48:04.080892  2520  7713 D HOME    : [StreamAdapter]onStreamChange StreamChangeEvent[modified=1, removed=0, modifiedTop=1, removedTop=0, reorder=true, possibleAlertingItem=none]
11-02 20:48:04.084012  2520  7713 D HOME    : [StreamAdapter]onStreamChange StreamChangeEvent[modified=1, removed=0, modifiedTop=1, removedTop=0, reorder=true, possibleAlertingItem=none]
11-02 20:48:04.087465  2520  2520 D HOME    : [NotificationCountModule]Dispatching the NotificationCountEvent in home module
11-02 20:48:04.089782  2520  2520 D HOME    : [TopNotificationReceiver]Sending request to TopNotificationProviderService for complication update
11-02 20:48:04.092968  2520  2520 D HOME    : [UnreadNotifReceiver]Sending request to UnreadNotificationsProviderService for complication update
11-02 20:48:04.093963  2520  7713 D HOME    : [NewStreamAdapter]Publishing revision #1824 to adapter clients
11-02 20:48:04.101955  2520  2520 D HOME    : [WatchFaceUiController]sendStateToWallpaper
11-02 20:48:04.103048  2520  7508 D HOME    : [ComplicationController]scheduleImmediateUpdateForAllFromProvider ComponentInfo{com.google.android.wearable.app/com.google.android.clockwork.wcs.notification.complication.TopNotificationProviderService}
11-02 20:48:04.110627  2520  7508 D HOME    : [ComplicationController]scheduleImmediateUpdateForAllFromProvider ComponentInfo{com.google.android.wearable.app/com.google.android.clockwork.home.complications.providers.UnreadNotificationsProviderService}
11-02 20:48:04.111360  2520  2520 D HOME    : [StreamAdapter]setStreamItems, size 1
11-02 20:48:04.112518  2520  2520 D HOME    : [StreamAdapter]setStreamItems, size 2
11-02 20:48:04.215582  2520  7886 D HOME    : [WearableHost]WearableHost.onDataChanged: wear://3393c81c/friendlyappnames/com.montblanc.smartwatch.toolbox, feature friendlyappnames
11-02 20:48:04.218567  2520  7886 D HOME    : [WearableHost]onDataChanged: DataItemRef{ uri=wear://3393c81c/friendlyappnames/com.montblanc.smartwatch.toolbox, dataSz=7, numAssets=0 } with tag: friendlyappnames to no dataListeners
11-02 20:48:04.218986  2520  7886 D HOME    : [WearableHost]WearableHost.onDataChanged: wear://3393c81c/NotificationTimeTracker/com.montblanc.smartwatch.toolbox, feature NotificationTimeTracker
11-02 20:48:04.219324  2520  7886 D HOME    : [WearableHost]onDataChanged: DataItemRef{ uri=wear://3393c81c/NotificationTimeTracker/com.montblanc.smartwatch.toolbox, dataSz=18, numAssets=0 } with tag: NotificationTimeTracker to no dataListeners
11-02 20:48:04.219891  2520  7886 D HOME    : [HomeWearListenerService]onDataChanged: wear://3393c81c/friendlyappnames/com.montblanc.smartwatch.toolbox, feature friendlyappnames
11-02 20:48:04.220604  2520  7886 D HOME    : [HomeWearListenerService]onDataChanged: wear://3393c81c/NotificationTimeTracker/com.montblanc.smartwatch.toolbox, feature NotificationTimeTracker
--------- switch to system
11-02 20:48:04.246841  1686  2478 W ActivityManager: Unable to start service Intent { act=com.google.android.gms.ads.identifier.service.START pkg=com.google.android.gms } U=0: not found
--------- switch to kernel
11-02 20:48:04.916221     0     0 I [touch]x: 272,y:184
--------- switch to main
11-02 20:48:04.969138  2520  2520 D HOME    : [GestureController]Ignoring duplicate ACTION_DOWN event.
--------- switch to kernel
11-02 20:48:05.916331     0     0 I [touch]x: 235,y:218
11-02 20:48:06.105843     0     0 I [touch]x: 250,y:231
--------- switch to main
11-02 20:48:05.966382  2520  2520 I chatty  : uid=10049(com.google.android.wearable.app) identical 1 line
11-02 20:48:06.157691  2520  2520 D HOME    : [GestureController]Ignoring duplicate ACTION_DOWN event.
11-02 20:48:08.327145  1686  1759 D WindowManager: interceptKeyTq keycode=26 interactive=true keyguardActive=false policyFlags=22000000
--------- switch to system
11-02 20:48:08.783853  1686  1703 D WindowManager: powerPress: eventTime=1391681 interactive=true count=1 beganFromNonInteractive=false mShortPressOnPowerBehavior=5
11-02 20:48:08.784037  1686  1703 I WindowManager: power button intercepted
11-02 20:48:08.784168  1686  1703 D WindowManager: requiresConfirmation? false mFocusedActivity: com.google.android.wearable.app/com.google.android.clockwork.home2.activity.HomeActivity2
11-02 20:48:08.792878  1686  1703 I ActivityManager: START u0 {act=android.intent.action.MAIN cat=[android.intent.category.HOME] flg=0x10200000 cmp=com.google.android.wearable.app/com.google.android.clockwork.home2.activity.HomeActivity2 (has extras)} from uid 1000
--------- switch to main
11-02 20:48:08.482554  1686  1759 D WindowManager: interceptKeyTq keycode=26 interactive=true keyguardActive=false policyFlags=22000000
11-02 20:48:08.806183  2520  2520 D HOME    : [HotwordController]updateClient MODE_WATCH_FACE false false true true
11-02 20:48:08.816563  2520  2520 D HOME    : [KeyHandlerRegistry]handleMainButtonPress, uiMode[MODE_WATCH_FACE]
--------- switch to system
11-02 20:48:08.822932  1686  1702 I ActivityManager: Killing 3881:com.google.android.gms.unstable/u0a34 (adj 906): empty #17
--------- switch to main
11-02 20:48:08.827874  1686  1705 W libprocessgroup: kill(-3881, 9) failed: No such process
11-02 20:48:08.865899  1686  1705 W libprocessgroup: kill(-3881, 9) failed: No such process
11-02 20:48:08.871716  2520  2520 D HOME    : [HotwordController]updateClient MODE_WATCH_FACE false false false true
11-02 20:48:08.913370  1686  1705 W libprocessgroup: kill(-3881, 9) failed: No such process
11-02 20:48:08.932525  2520  2520 D HOME    : [StreamBackendInit]NotificationService onNotificationRemoved StatusBarNotification(pkg=android user=UserHandle{0} id=0 tag=com.android.server.wm.AlertWindowNotification - com.google.android.wearable.app key=0|android|0|com.android.server.wm.AlertWindowNotification - com.google.android.wearable.app|1000: Notification(channel=com.android.server.wm.AlertWindowNotification - com.google.android.wearable.app pri=0 contentView=null vibrate=null sound=null defaults=0x0 flags=0x102 color=0xff607d8b vis=PRIVATE))
11-02 20:48:08.932780  2520  2716 D CollectorHandler: handleMessage, event: ON_NOTIFICATION_REMOVED
11-02 20:48:08.933311  2520  2716 D HOME    : [StreamDBQueue]Promised revision #1825 to queue a new op
11-02 20:48:08.934055  2520  7508 D StreamDatabase: remove. itemId: StreamItemIdAndRevision{notifKey=0|android|0|com.android.server.wm.AlertWindowNotification - com.google.android.wearable.app|1000, packageName=android, tag=com.android.server.wm.AlertWindowNotification - com.google.android.wearable.app, id=0, revision=1823, originalRevision=1823, updateCount=0}
11-02 20:48:08.934417   444   444 I Zygote  : Process 3881 exited due to signal (9)
11-02 20:48:08.938832  2520  2716 D HOME    : [WatchStreamManager]Promised remove @ r#1825 for StreamItemIdAndRevision{notifKey=0|android|0|com.android.server.wm.AlertWindowNotification - com.google.android.wearable.app|1000, packageName=android, tag=com.android.server.wm.AlertWindowNotification - com.google.android.wearable.app, id=0, revision=0, originalRevision=0, updateCount=0} (@1824): SBN removed: StreamItemIdAndRevision{notifKey=0|android|0|com.android.server.wm.AlertWindowNotification - com.google.android.wearable.app|1000, packageName=android, tag=com.android.server.wm.AlertWindowNotification - com.google.android.wearable.app, id=0, revision=0, originalRevision=0, updateCount=0}
11-02 20:48:08.943552  2520  7508 D HOME    : [WatchStreamDB]Item alerting conditions - isInterruptive: false, recentlyInterrupted: false, isItemPinned: false, isUnread: false
11-02 20:48:08.947146  2520  7508 D HOME    : [StreamAlertingRegulator]isTheaterModeEnabled: false, isAlertingAllowedByOffBody: true, matchesLocalInterruptionFilter: true
11-02 20:48:08.947504  2520  7508 D HOME    : [WatchStreamDB]couldItemAlert: false, isTopItemChanged: false, isDeferralForTopItem: false
11-02 20:48:08.947960  2520  7508 D HOME    : [StreamAdapter]onStreamChange StreamChangeEvent[modified=0, removed=1, modifiedTop=0, removedTop=0, reorder=false, possibleAlertingItem=none]
11-02 20:48:08.948203  2520  7508 D HOME    : [StreamAdapter]onStreamChange StreamChangeEvent[modified=0, removed=1, modifiedTop=0, removedTop=0, reorder=false, possibleAlertingItem=none]
11-02 20:48:08.948822  2520  7508 D HOME    : [NewStreamAdapter]Publishing revision #1825 to adapter clients
11-02 20:48:08.955342  1686  1705 W libprocessgroup: kill(-3881, 9) failed: No such process
11-02 20:48:08.955543  1686  1705 I libprocessgroup: Successfully killed process cgroup uid 10034 pid 3881 in 128ms
11-02 20:48:09.023610  2520  2520 D HOME    : [TopNotificationReceiver]Sending request to TopNotificationProviderService for complication update
11-02 20:48:09.030290  2520  7508 D HOME    : [ComplicationController]scheduleImmediateUpdateForAllFromProvider ComponentInfo{com.google.android.wearable.app/com.google.android.clockwork.wcs.notification.complication.TopNotificationProviderService}
11-02 20:48:09.235574  2520  2520 D HOME    : [StreamAdapter]setStreamItems, size 1
11-02 20:48:09.236142  2520  2520 D HOME    : [StreamAdapter]setStreamItems, size 2
11-02 20:48:09.251403  2520  2520 D HOME    : [HotwordController]updateClient MODE_LAUNCHER false false false true
11-02 20:48:09.254931  2520  2520 D HOME    : [WatchFaceUiController]Hiding watch face wallpaper.
11-02 20:48:09.255717  2520  2520 D HOME    : [StreamModule]Updating gaze alerter state: inWetMode=false focused=true uiMode=MODE_LAUNCHER
--------- switch to system
11-02 20:48:09.293602  1686  2478 W AppOps  : Noting op not finished: uid 10049 pkg com.google.android.wearable.app code 24 time=1635882489017 duration=-1
--------- switch to main
11-02 20:48:09.373068   545   689 W SurfaceFlinger: Attempting to destroy on removed layer: d468900 OobeOverlayHint#0
11-02 20:48:09.379097  2520  2520 D HOME    : [StreamBackendInit]NotificationService onNotificationPosted StatusBarNotification(pkg=android user=UserHandle{0} id=0 tag=com.android.server.wm.AlertWindowNotification - com.google.android.wearable.app key=0|android|0|com.android.server.wm.AlertWindowNotification - com.google.android.wearable.app|1000: Notification(channel=com.android.server.wm.AlertWindowNotification - com.google.android.wearable.app pri=0 contentView=null vibrate=null sound=null defaults=0x0 flags=0x102 color=0xff607d8b vis=PRIVATE))
11-02 20:48:09.380111  2520  2716 D CollectorHandler: handleMessage, event: ON_NOTIFICATION_POSTED_WITH_RANKING
11-02 20:48:09.385684  2520  2716 D HOME    : [StreamDBQueue]Promised revision #1826 to queue a new op
11-02 20:48:09.387040  2520  2716 D HOME    : [WatchStreamManager]Promised set @ r#1826 for (android,tag=com.android.server.wm.AlertWindowNotification - com.google.android.wearable.app,id=0,notifKey=0|android|0|com.android.server.wm.AlertWindowNotification - com.google.android.wearable.app|1000)
