11-03 10:24:56.057585  1686  1759 I InputReader: Reconfiguring input devices.  changes=0x00000200
--------- switch to kernel
11-03 10:24:55.944702     0     0 I init    : processing action (ro.enable_core_ctl=true && sys.cw_corectl_mode=idle) from (/vendor/etc/init/hw/init.qcom.rc:949)
--------- switch to main
11-03 10:24:56.066153  1686  1686 I AmbientService: [ce6a28c] Timeout alarm not required, auto-resume timeout handled by dream.
11-03 10:24:56.075335  3205  3434 W WorkController: Loading failed for worker [trainingcache]: worker not found
11-03 10:24:56.076414  3205  3372 W A       : TrainingCache cache SCREEN_OFF failure
11-03 10:24:56.076414  3205  3372 W A       : com.google.android.apps.gsa.search.core.service.h.a.a: No worker found for Worker ID [trainingcache].
11-03 10:24:56.076414  3205  3372 W A       : 	at com.google.android.apps.gsa.search.core.service.g.a.c.a(Unknown Source:5)
11-03 10:24:56.076414  3205  3372 W A       : 	at com.google.android.libraries.gsa.c.a.d.a(Unknown Source:3)
11-03 10:24:56.076414  3205  3372 W A       : 	at com.google.common.p.a.cg.c(Unknown Source:2)
11-03 10:24:56.076414  3205  3372 W A       : 	at com.google.common.p.a.bk.run(SourceFile:3)
11-03 10:24:56.076414  3205  3372 W A       : 	at com.google.common.p.a.ci.run(Unknown Source:4)
11-03 10:24:56.076414  3205  3372 W A       : 	at com.google.apps.tiktok.concurrent.ab.run(SourceFile:1)
11-03 10:24:56.076414  3205  3372 W A       : 	at java.util.concurrent.ThreadPoolExecutor.runWorker(ThreadPoolExecutor.java:1167)
11-03 10:24:56.076414  3205  3372 W A       : 	at java.util.concurrent.ThreadPoolExecutor$Worker.run(ThreadPoolExecutor.java:641)
11-03 10:24:56.076414  3205  3372 W A       : 	at com.google.apps.tiktok.concurrent.c.run(Unknown Source:4)
11-03 10:24:56.076414  3205  3372 W A       : 	at java.lang.Thread.run(Thread.java:764)
11-03 10:24:56.090362  2520  2520 D HOME    : [StreamDBQueue]Promised revision #4181 to queue a new op
11-03 10:24:56.090733  2520  2520 D WatchStreamManager: Promised rank-blocked=false @ r#4181
11-03 10:24:56.090969  2520  2520 D HOME    : [CompactHunStarter]detachWindow()
11-03 10:24:56.091201  2520 12459 D HOME    : [WatchStreamDB]Item alerting conditions - isInterruptive: false, recentlyInterrupted: false, isItemPinned: false, isUnread: false
11-03 10:24:56.091969  2520 12461 D HOME    : [StreamDBQueue]Promised revision #4182 to queue a new op
11-03 10:24:56.092180  2520 12461 D WatchStreamManager: Promised rerank @ r#4182
11-03 10:24:56.093078  2520 12459 D HOME    : [StreamAlertingRegulator]isTheaterModeEnabled: false, isAlertingAllowedByOffBody: true, matchesLocalInterruptionFilter: true
11-03 10:24:56.093955  2520 12459 D HOME    : [WatchStreamDB]couldItemAlert: false, isTopItemChanged: false, isDeferralForTopItem: false
11-03 10:24:56.094462  2520 12459 D HOME    : [WatchStreamDB]updateRanking()
11-03 10:24:56.094988  2520 12459 D HOME    : [WatchStreamDB]Item alerting conditions - isInterruptive: false, recentlyInterrupted: false, isItemPinned: false, isUnread: false
11-03 10:24:56.100952  2520 12459 D HOME    : [StreamAlertingRegulator]isTheaterModeEnabled: false, isAlertingAllowedByOffBody: true, matchesLocalInterruptionFilter: true
11-03 10:24:56.107451  1686  1696 I system_server: Background concurrent copying GC freed 34152(2045KB) AllocSpace objects, 23(960KB) LOS objects, 19% free, 10MB/13MB, paused 3.955ms total 275.990ms
11-03 10:24:56.113649  2520 12459 D HOME    : [WatchStreamDB]couldItemAlert: false, isTopItemChanged: false, isDeferralForTopItem: false
11-03 10:24:56.114421  2520 12459 D HOME    : [NewStreamAdapter]Publishing revision #4182 to adapter clients
--------- switch to kernel
11-03 10:24:56.016399     0     0 I CPU0    : update max cpu_capacity 748
11-03 10:24:56.133772     0     0 I PM      : suspend entry 2021-11-03 09:24:56.133772715 UTC
11-03 10:24:56.133777     0     0 I CPU3    : update max cpu_capacity 1024
11-03 10:24:56.133784     0     0 I PM      : Syncing filesystems ...
11-03 10:24:56.163807     0     0 I CPU2    : shutdown
11-03 10:24:56.165810     0     0 I init    : Command 'write /sys/devices/system/cpu/cpu2/online 0' action=ro.enable_core_ctl=true && sys.cw_corectl_mode=idle (/vendor/etc/init/hw/init.qcom.rc:951) took 105ms and succeeded
11-03 10:24:56.168010     0     0 I         : done.
11-03 10:24:56.216744     0     0 I CPU3    : shutdown
11-03 10:24:56.218170     0     0 I         : Freezing user space processes ...
11-03 10:24:56.223337     0     0 I CPU1    : update max cpu_capacity 748
11-03 10:24:56.224726     0     0 I PM      : Wakeup pending, aborting suspend
11-03 10:24:56.224784     0     0 I         : active wakeup source: NETLINK
11-03 10:24:56.224840     0     0 E         : Freezing of tasks aborted after 0.006 seconds
11-03 10:24:56.224857     0     0 I         : Restarting tasks ...
11-03 10:24:56.225549     0     0 W QSEECOM : qseecom_receive_req: Interrupted: exiting Listener Service = 11
11-03 10:24:56.225618     0     0 W QSEECOM : qseecom_receive_req: Interrupted: exiting Listener Service = 10
11-03 10:24:56.225666     0     0 W QSEECOM : qseecom_receive_req: Interrupted: exiting Listener Service = 28672
11-03 10:24:56.230031     0     0 W QSEECOM : qseecom_receive_req: Interrupted: exiting Listener Service = 8192
11-03 10:24:56.230444     0     0 W QSEECOM : qseecom_receive_req: Interrupted: exiting Listener Service = 12288
11-03 10:24:56.230984     0     0 I         : done.
11-03 10:24:56.235907     0     0 I init    : Command 'write /sys/devices/system/cpu/cpu3/online 0' action=ro.enable_core_ctl=true && sys.cw_corectl_mode=idle (/vendor/etc/init/hw/init.qcom.rc:952) took 65ms and succeeded
11-03 10:24:56.232277     0     0 I PM      : suspend exit 2021-11-03 09:24:56.232277089 UTC
11-03 10:24:56.437090     0     0 I PM      : suspend entry 2021-11-03 09:24:56.437090683 UTC
11-03 10:24:56.437109     0     0 I PM      : Syncing filesystems ... done.
--------- switch to system
11-03 10:25:07.556168  1686  1686 I PowerManagerService: Waking up from dozing (uid=1000 reason=tiltToWake)...
--------- switch to kernel
11-03 10:24:56.464747     0     0 I         : Freezing user space processes ... (elapsed 0.011 seconds) done.
11-03 10:24:56.476719     0     0 I         : Freezing remaining freezable tasks ... (elapsed 0.006 seconds) done.
11-03 10:24:56.483259     0     0 I         : Suspending console(s) (use no_console_suspend to debug)
11-03 10:24:56.498339     0     0 I mdss_dsi_panel_set_idle_mode: Idle (1->1)
11-03 10:24:56.537705     0     0 I bgcom   : bgcom_pm_suspend: suspended with : 0
11-03 10:24:56.568478     0     0 I PM      : suspend of devices complete after 81.382 msecs
11-03 10:24:56.574597     0     0 I PM      : late suspend of devices complete after 6.073 msecs
11-03 10:24:56.580669     0     0 I PM      : noirq suspend of devices complete after 6.031 msecs
11-03 10:24:56.580686     0     0 I         : Disabling non-boot CPUs ...
11-03 10:24:56.593107     0     0 W         : IRQ16 no longer affine to CPU1
11-03 10:24:56.593123     0     0 W         : IRQ21 no longer affine to CPU1
11-03 10:24:56.593455     0     0 W         : IRQ93 no longer affine to CPU1
11-03 10:24:56.595177     0     0 I CPU1    : shutdown
11-03 10:24:56.597729     0     0 I suspend ns: 3647270704260	suspend cycles:    1209291498068
11-03 10:24:56.597705     0     0 I CPU0    : msm_cpu_pm_enter_sleep mode:3 during suspend
11-03 10:24:56.598326     0     0 I         : Enabling non-boot CPUs ...
11-03 10:24:56.599189     0     0 I CPU1    : update cpu_capacity 1024
11-03 10:24:56.600947     0     0 I         : CPU1 is up
11-03 10:24:56.601560     0     0 I CPU1    : update max cpu_capacity 748
11-03 10:24:56.605089     0     0 I PM      : noirq resume of devices complete after 3.768 msecs
11-03 10:24:56.610570     0     0 I PM      : early resume of devices complete after 3.954 msecs
11-03 10:24:56.644816     0     0 I bgcom   : bgcom_pm_resume: Bgcom resumed with : 0
11-03 10:24:56.655253     0     0 I mdss_dsi_panel_set_idle_mode: Idle (1->1)
11-03 10:24:56.696538     0     0 I PM      : resume of devices complete after 85.920 msecs
11-03 10:24:56.701691     0     0 I         : Restarting tasks ...
11-03 10:24:56.706776     0     0 W QSEECOM : qseecom_receive_req: Interrupted: exiting Listener Service = 8192
11-03 10:24:56.706879     0     0 W QSEECOM : qseecom_receive_req: Interrupted: exiting Listener Service = 12288
11-03 10:24:56.706935     0     0 W QSEECOM : qseecom_receive_req: Interrupted: exiting Listener Service = 11
11-03 10:24:56.706994     0     0 W QSEECOM : qseecom_receive_req: Interrupted: exiting Listener Service = 10
11-03 10:24:56.707052     0     0 W QSEECOM : qseecom_receive_req: Interrupted: exiting Listener Service = 28672
11-03 10:24:56.722214     0     0 I         : done.
11-03 10:25:07.564612     0     0 I PM      : suspend exit 2021-11-03 09:25:07.564612553 UTC
--------- switch to system
11-03 10:25:07.576545  1686  1686 W UsageStatsService: Event reported without a package name
--------- switch to kernel
11-03 10:25:07.589884     0     0 E FG      : fg_psy_get_property: unsupported property 7
11-03 10:25:07.479772     0     0 W healthd : battery l=16 v=3725 t=29.0 h=2 st=3 c=5 fc=443000 cc=0 chg=
--------- switch to main
11-03 10:25:07.631530   512  1749 I sensors-hal: batch:140, android.sensor.light/46, period=100000000, max_latency=0
11-03 10:25:07.631688   512  1749 I sensors-hal: batch:149, android.sensor.light/46, period=100000000, max_latency=0 request completed
11-03 10:25:07.633833   512  1749 I sensors-hal: activate:107, android.sensor.light/46 en=1
11-03 10:25:07.634569   512  1749 I sensors-hal: ssc_enable_rt_task:254, ssc_enable_rt_task : true
--------- switch to kernel
11-03 10:25:07.530477     0     0 E bgrsb   : bgrsb_enable: rsb will set report rate
11-03 10:25:07.561702     0     0 E bgrsb   : bgrsb_enable: gpio 32 is valid
11-03 10:25:07.564377     0     0 I         : [touch]FB_BLANK_VSYNC_SUSPEND
11-03 10:25:07.564383     0     0 I         : [touch]Already in suspend state
--------- switch to main
11-03 10:25:07.641022   512  1749 I sensors-hal: activate:118, android.sensor.light/46 en=1 completed
11-03 10:25:07.644608  1686  1823 I SidekickService: endDisplayLocked()
--------- switch to system
11-03 10:25:07.645127  1686  1710 I DisplayManagerService: Display device changed state: "cran intgr", ON
--------- switch to main
11-03 10:25:07.645501   416   416 D SKGHAL  : sendAmbientEvent: enter: enable = 0
11-03 10:25:07.667619   512  1749 I sensors-hal: batch:140, android.sensor.accelerometer/48, period=66667000, max_latency=100000000
11-03 10:25:07.667738   512  1749 I sensors-hal: batch:149, android.sensor.accelerometer/48, period=66667000, max_latency=100000000 request completed
11-03 10:25:07.668223   512  1749 I sensors-hal: activate:107, android.sensor.accelerometer/48 en=1
11-03 10:25:07.668844   512  1749 I sensors-hal: ssc_enable_rt_task:254, ssc_enable_rt_task : true
11-03 10:25:07.679482  4243  4243 D OMService: onDisplayChanged: not dozing
11-03 10:25:07.679737   504   523 I SDM     : DisplayBase::SetDisplayState: Set state = 3, display 0
11-03 10:25:07.679991   504   523 D SDM     : HWCDisplayPrimary::SetStandByMode: Display is connected successfully
11-03 10:25:07.680433   416   416 D SKGHAL  : standBy_update_control call succeed on 0
11-03 10:25:07.680508   416   416 D SKGHAL  : sendAmbientEvent: done: enable = 0
11-03 10:25:07.683913  1686  1823 D SidekickService:    ... endDisplay returns void
11-03 10:25:07.685155   545   545 D SurfaceFlinger: Set power mode=2, type=0 flinger=0xb6bb6000
11-03 10:25:07.685689   504   762 I SDM     : DisplayBase::SetDisplayState: Set state = 1, display 0
--------- switch to kernel
11-03 10:25:07.577635     0     0 I mdss_dsi_panel_set_idle_mode: Idle (1->0)
11-03 10:25:07.578786     0     0 E mdp3_enable_panic_ctrl: mdp3_enable_panic_ctrl: Enable Panic Control
11-03 10:25:07.578888     0     0 I         : [touch]FB_BLANK_UNBLANK
11-03 10:25:07.578895     0     0 I         : [touch]raydium_ts_do_resume, 1.
11-03 10:25:07.579378     0     0 I         : [ raydium ]workqueue is empty!
11-03 10:25:07.579403     0     0 I raydium_ts 5-0039: [touch]Already enable irq
11-03 10:25:07.579406     0     0 I         : [touch]Device may wakeup
--------- switch to main
11-03 10:25:07.696260   545   545 D SurfaceFlinger: Finished set power mode=2, type=0
11-03 10:25:07.700071   512 12482 I sensors-hal: handle_indication_realtime:355,  SCHED_FIFO(10) for qmi_cbk
11-03 10:25:07.710798   512  1749 I sensors-hal: activate:118, android.sensor.accelerometer/48 en=1 completed
--------- switch to system
11-03 10:25:07.719035  1686  1712 W PowerManagerService: Screen on took 288 ms
11-03 10:25:07.719424  1686  1712 I DreamManagerService: Gently waking up from dream.
11-03 10:25:07.719920  1686  1708 I DreamManagerService: Performing gentle wake from dream.
--------- switch to main
11-03 10:25:07.726513  2520  2520 D HOME    : [BatteryChange]action: android.intent.action.BATTERY_CHANGED
11-03 10:25:07.730032  2520 12460 D HOME    : [BatteryChange]HandleBatteryChangedTask
11-03 10:25:07.739681  1956  1956 D QtiCarrierConfigHelper: WARNING, no carrier configs on phone Id: 0
11-03 10:25:07.740916  1686  1759 I InputReader: Reconfiguring input devices.  changes=0x00000004
--------- switch to system
11-03 10:25:07.745166  1686  1686 V DreamService[AmbientDream]: wakeUp(): fromSystem=true, mWaking=false, mFinished=false
11-03 10:25:07.745410  1686  1686 V DreamService[AmbientDream]: finish(): mFinished=false
11-03 10:25:07.745572  1686  1686 I DreamManagerService: Leaving dreamland.
11-03 10:25:07.747358  1686  1708 I DreamManagerService: Performing gentle wake from dream.
11-03 10:25:07.747691  1686  1708 I DreamController: Stopping dream: name=ComponentInfo{com.google.android.wearable.ambient/com.google.android.wearable.ambient.AmbientDream}, isTest=false, canDoze=true, userId=0
11-03 10:25:07.753273  1686  1702 W BroadcastQueue: Background execution not allowed: receiving Intent { act=android.intent.action.USER_PRESENT flg=0x10 } to com.google.android.gms/.auth.setup.devicesignals.LockScreenReceiver
--------- switch to main
11-03 10:25:07.757634  3205  3434 W WorkController: Loading failed for worker [trainingcache]: worker not found
11-03 10:25:07.759542  3205  3294 W A       : TrainingCache cache DEVICE_UNLOCKED failure
11-03 10:25:07.759542  3205  3294 W A       : com.google.android.apps.gsa.search.core.service.h.a.a: No worker found for Worker ID [trainingcache].
11-03 10:25:07.759542  3205  3294 W A       : 	at com.google.android.apps.gsa.search.core.service.g.a.c.a(Unknown Source:5)
11-03 10:25:07.759542  3205  3294 W A       : 	at com.google.android.libraries.gsa.c.a.d.a(Unknown Source:3)
11-03 10:25:07.759542  3205  3294 W A       : 	at com.google.common.p.a.cg.c(Unknown Source:2)
11-03 10:25:07.759542  3205  3294 W A       : 	at com.google.common.p.a.bk.run(SourceFile:3)
11-03 10:25:07.759542  3205  3294 W A       : 	at com.google.common.p.a.ci.run(Unknown Source:4)
11-03 10:25:07.759542  3205  3294 W A       : 	at com.google.apps.tiktok.concurrent.ab.run(SourceFile:1)
11-03 10:25:07.759542  3205  3294 W A       : 	at java.util.concurrent.ThreadPoolExecutor.runWorker(ThreadPoolExecutor.java:1167)
11-03 10:25:07.759542  3205  3294 W A       : 	at java.util.concurrent.ThreadPoolExecutor$Worker.run(ThreadPoolExecutor.java:641)
11-03 10:25:07.759542  3205  3294 W A       : 	at com.google.apps.tiktok.concurrent.c.run(Unknown Source:4)
11-03 10:25:07.759542  3205  3294 W A       : 	at java.lang.Thread.run(Thread.java:764)
--------- switch to system
11-03 10:25:07.761213  1686  1702 W BroadcastQueue: Background execution not allowed: receiving Intent { act=android.intent.action.USER_PRESENT flg=0x10 } to com.google.android.gms/.chimera.GmsIntentOperationService$PersistentTrustedReceiver
11-03 10:25:07.772083  1686  1686 V DreamService[AmbientDream]: detach(): Calling onDreamingStopped()
--------- switch to main
11-03 10:25:07.772394  1686  1686 I AmbientService: [ce6a28c] doOnDreamingStopped
11-03 10:25:07.772524  1686  1686 D WristGestureCtrl: Starting: GesturesEnabled-false UngazeEnabled-true
11-03 10:25:07.772599  1686  1686 D DefaultUngazeDetector: starting
11-03 10:25:07.772684  1686  1686 D DefaultUngazeDetector: startUngazeStateEstimation(). startTime = 62987202
11-03 10:25:07.773195  1686  1686 W AlarmManagerProxy: Removing unknown listener
11-03 10:25:07.775417   512  1749 I sensors-hal: batch:140, android.sensor.accelerometer/48, period=19231000, max_latency=100000000
11-03 10:25:07.778331   512 12484 I sensors-hal: handle_indication_realtime:355,  SCHED_FIFO(10) for qmi_cbk
11-03 10:25:07.780325   512  1749 I sensors-hal: batch:149, android.sensor.accelerometer/48, period=19231000, max_latency=100000000 request completed
11-03 10:25:07.781161   512  1749 I sensors-hal: flush:169, android.sensor.accelerometer/48
11-03 10:25:07.785996  2520  2520 D HOME    : [HomeVisitsLogger]Logging streamlet event: visit_start
11-03 10:25:07.786436  2520  2520 D HOME    : [HomeVisitsLogger]Logging streamlet event: exit_ambient_mode
11-03 10:25:07.787096  2520  2520 D HOME    : [HotwordController]updateClient MODE_WATCH_FACE false false false true
11-03 10:25:07.788737  2520  2520 D HOME    : [WatchFaceUiController]setInAmbientMode false
11-03 10:25:07.788894  2520  2520 D HOME    : [WatchFaceUiController]sendWatchFaceServiceBinder
11-03 10:25:07.791286   512  1749 I sensors-hal: flush:175, android.sensor.accelerometer/48 completed
11-03 10:25:07.797736  2520  2520 D HOME    : [WatchFaceUiController]sendStateToWallpaper
11-03 10:25:07.800042  2520 12460 D HOME    : [BatteryChange]level: 16, status: 3
11-03 10:25:07.801063  2520  2520 D HOME    : [WatchFaceUiController]Showing watch face wallpaper.
11-03 10:25:07.801353  2520  2520 D HOME    : [WatchFaceUiController]sendStateToWallpaper
11-03 10:25:07.805824  2520  2520 D HOME    : [StreamDBQueue]Promised revision #4183 to queue a new op
11-03 10:25:07.806282  2520  2520 D WatchStreamManager: Promised rank-blocked=true @ r#4183
11-03 10:25:07.806952  2520  2520 D HOME    : [StreamDBQueue]Promised revision #4184 to queue a new op
11-03 10:25:07.807180  2520  2520 D WatchStreamManager: Promised rank-blocked=true @ r#4184
11-03 10:25:07.807483  1686  1686 I AmbientService: [ce6a28c] No auto-resume Activity.
11-03 10:25:07.808105  2520  2520 D HOME    : [TilesController]Tile refresh optimization is enabled.
11-03 10:25:07.808835  2520  2520 D HOME    : [EventBus]Wrapper pool is full. Discarding excess wrapper instance for event com.google.android.clockwork.sysui.events.KeyguardStateEvent
11-03 10:25:07.808999  2520  2520 D HOME    : [WatchFaceUiController]sendStateToWallpaper
11-03 10:25:07.812046  2520  2520 D HOME    : [EventBus]Wrapper pool is full. Discarding excess wrapper instance for event com.google.android.clockwork.sysui.events.KeyguardStateEvent
11-03 10:25:07.812523  2520  2520 D HOME    : [EventBus]Wrapper pool is full. Discarding excess wrapper instance for event com.google.android.clockwork.sysui.events.KeyguardStateEvent
11-03 10:25:07.821537  2520  2520 D HOME    : [WatchFaceUiController]sendStateToWallpaper
11-03 10:25:07.834157  2520  2520 W StaticLayout: maxLineHeight should not be -1.  maxLines:1 lineCount:1
11-03 10:25:07.854428  2520 12459 D HOME    : [WatchStreamDB]Item alerting conditions - isInterruptive: false, recentlyInterrupted: false, isItemPinned: false, isUnread: false
11-03 10:25:07.855113  2520 12459 D HOME    : [StreamAlertingRegulator]isTheaterModeEnabled: false, isAlertingAllowedByOffBody: true, matchesLocalInterruptionFilter: true
11-03 10:25:07.894733  2520 12459 D HOME    : [WatchStreamDB]couldItemAlert: false, isTopItemChanged: false, isDeferralForTopItem: false
11-03 10:25:07.895983  2520 12459 D HOME    : [WatchStreamDB]Item alerting conditions - isInterruptive: false, recentlyInterrupted: false, isItemPinned: false, isUnread: false
11-03 10:25:07.896378  2520 12459 D HOME    : [StreamAlertingRegulator]isTheaterModeEnabled: false, isAlertingAllowedByOffBody: true, matchesLocalInterruptionFilter: true
--------- switch to system
11-03 10:25:07.903233  1686  1686 W ContextImpl: Calling a method in the system process without a qualified user: android.app.ContextImpl.sendBroadcast:1020 android.content.ContextWrapper.sendBroadcast:449 com.google.android.wearable.ambient.AmbientDream.onDestroy:273 android.app.ActivityThread.handleStopService:3698 android.app.ActivityThread.access$1700:200 
--------- switch to main
11-03 10:25:07.903384  2520 12459 D HOME    : [WatchStreamDB]couldItemAlert: false, isTopItemChanged: false, isDeferralForTopItem: false
11-03 10:25:07.903812  1686  1686 E AlarmManager: cancel() called with a null PendingIntent
--------- switch to system
11-03 10:25:07.904145  1686  1686 V DreamService[AmbientDream]: onDestroy()
--------- switch to main
11-03 10:25:07.928856  1686  1799 E WifiStateMachine: getWifiLinkLayerStats called without an interface
11-03 10:25:07.933944  1686  1686 W AlarmManager: Unrecognized alarm listener com.android.server.job.controllers.-$$Lambda$IdleController$IdlenessTracker$nTdS-lGBXcES5VWKcJFmQFgU7IU@1ab437a
11-03 10:25:07.935515  2520  2520 D HOME    : [WatchFaceUiController]sendWatchFaceServiceBinder
11-03 10:25:07.940545  2520  2520 D HOME    : [WatchFaceUiController]sendProperties
11-03 10:25:07.962743  2520  2520 D HOME    : [WatchFaceUiController]sendStateToWallpaper
11-03 10:25:07.981083  1686  1686 I WearPower: [WearTouchMediator] changing touch input to enabled (ON_AUTO)
11-03 10:25:07.991654  1686  1759 I InputReader: Reconfiguring input devices.  changes=0x00000200
--------- switch to kernel
11-03 10:25:07.878475     0     0 I init    : processing action (ro.enable_core_ctl=true && sys.cw_corectl_mode=perf) from (/vendor/etc/init/hw/init.qcom.rc:954)
11-03 10:25:07.879944     0     0 I CPU2    : update cpu_capacity 1024
--------- switch to main
11-03 10:25:08.005800  1686  1686 W AlarmManagerProxy: Removing unknown listener
11-03 10:25:08.007845  1686  1686 W DefaultSettingsContentR: Value for ambient_low_bit_enabled not stored as number. Attempting parse as boolean.
11-03 10:25:08.031543  3205  3434 W WorkController: Loading failed for worker [trainingcache]: worker not found
11-03 10:25:08.036263  3205  3372 W A       : TrainingCache cache SCREEN_ON failure
11-03 10:25:08.036263  3205  3372 W A       : com.google.android.apps.gsa.search.core.service.h.a.a: No worker found for Worker ID [trainingcache].
11-03 10:25:08.036263  3205  3372 W A       : 	at com.google.android.apps.gsa.search.core.service.g.a.c.a(Unknown Source:5)
11-03 10:25:08.036263  3205  3372 W A       : 	at com.google.android.libraries.gsa.c.a.d.a(Unknown Source:3)
11-03 10:25:08.036263  3205  3372 W A       : 	at com.google.common.p.a.cg.c(Unknown Source:2)
11-03 10:25:08.036263  3205  3372 W A       : 	at com.google.common.p.a.bk.run(SourceFile:3)
11-03 10:25:08.036263  3205  3372 W A       : 	at com.google.common.p.a.ci.run(Unknown Source:4)
11-03 10:25:08.036263  3205  3372 W A       : 	at com.google.apps.tiktok.concurrent.ab.run(SourceFile:1)
11-03 10:25:08.036263  3205  3372 W A       : 	at java.util.concurrent.ThreadPoolExecutor.runWorker(ThreadPoolExecutor.java:1167)
11-03 10:25:08.036263  3205  3372 W A       : 	at java.util.concurrent.ThreadPoolExecutor$Worker.run(ThreadPoolExecutor.java:641)
11-03 10:25:08.036263  3205  3372 W A       : 	at com.google.apps.tiktok.concurrent.c.run(Unknown Source:4)
11-03 10:25:08.036263  3205  3372 W A       : 	at java.lang.Thread.run(Thread.java:764)
--------- switch to kernel
11-03 10:25:07.913560     0     0 I CPU3    : update cpu_capacity 1024
11-03 10:25:07.923418     0     0 I CPU1    : update max cpu_capacity 748
11-03 10:25:07.927556     0     0 I CPU2    : update max cpu_capacity 1024
--------- switch to main
11-03 10:25:08.058978  2520  2520 D HOME    : [StreamDBQueue]Promised revision #4185 to queue a new op
11-03 10:25:08.059460  2520  2520 D WatchStreamManager: Promised rank-blocked=true @ r#4185
11-03 10:25:08.060738  2520 12461 D HOME    : [WatchStreamDB]Item alerting conditions - isInterruptive: false, recentlyInterrupted: false, isItemPinned: false, isUnread: false
11-03 10:25:08.062522  2520 12461 D HOME    : [StreamAlertingRegulator]isTheaterModeEnabled: false, isAlertingAllowedByOffBody: true, matchesLocalInterruptionFilter: true
11-03 10:25:08.062969  2520 12461 D HOME    : [WatchStreamDB]couldItemAlert: false, isTopItemChanged: false, isDeferralForTopItem: false
11-03 10:25:08.064962  2520  2714 D HOME    : [TickMonitor]Received time tick
11-03 10:25:08.065224  2520  2714 D HOME    : [TickMonitor]handleTimeTick() finished
11-03 10:25:08.161905   512  1749 I sensors-hal: activate:107, android.sensor.light/46 en=0
11-03 10:25:08.163281   512  1749 I sensors-hal: activate:118, android.sensor.light/46 en=0 completed
11-03 10:25:08.165259   512  1749 I sensors-hal: batch:140, android.sensor.light/46, period=250000000, max_latency=0
11-03 10:25:08.165378   512  1749 I sensors-hal: batch:149, android.sensor.light/46, period=250000000, max_latency=0 request completed
11-03 10:25:08.165780   512  1749 I sensors-hal: activate:107, android.sensor.light/46 en=1
11-03 10:25:08.166253   512  1749 I sensors-hal: ssc_enable_rt_task:254, ssc_enable_rt_task : true
11-03 10:25:08.169623   512  1749 I sensors-hal: activate:118, android.sensor.light/46 en=1 completed
11-03 10:25:08.253453   512 12493 I sensors-hal: handle_indication_realtime:355,  SCHED_FIFO(10) for qmi_cbk
11-03 10:25:09.764598  7790  7806 I Finsky  : [295] com.google.android.finsky.bo.ac.run(5): Stats for Executor: BlockingExecutor com.google.android.finsky.bo.ad@a23a1d2[Running, pool size = 0, active threads = 0, queued tasks = 0, completed tasks = 2]
11-03 10:25:10.143658  7790  7806 I Finsky  : [295] com.google.android.finsky.bo.ac.run(5): Stats for Executor: LightweightExecutor com.google.android.finsky.bo.ad@6e612a3[Running, pool size = 3, active threads = 0, queued tasks = 0, completed tasks = 8]
--------- switch to system
11-03 10:25:12.432285  1686  1712 I PowerManagerService: Going to sleep due to screen timeout (uid 1000)...
11-03 10:25:12.434007  1686  1686 W UsageStatsService: Event reported without a package name
11-03 10:25:12.435125  1686  1712 I DreamManagerService: Entering dreamland.
11-03 10:25:12.436356  1686  1712 I PowerManagerService: Dozing...
11-03 10:25:12.448489  1686  1708 I DreamController: Starting dream: name=ComponentInfo{com.google.android.wearable.ambient/com.google.android.wearable.ambient.AmbientDream}, isTest=false, canDoze=true, userId=0
11-03 10:25:12.473402  1686  1686 W ContextImpl: Calling a method in the system process without a qualified user: android.app.ContextImpl.bindService:1611 android.content.ContextWrapper.bindService:698 com.google.android.wearable.ambient.AmbientDream.onCreate:191 android.app.ActivityThread.handleCreateService:3533 android.app.ActivityThread.access$1300:200 
11-03 10:25:12.480798  1686  1686 W ContextImpl: Calling a method in the system process without a qualified user: android.app.ContextImpl.sendBroadcast:1005 android.content.ContextWrapper.sendBroadcast:444 com.google.android.wearable.ambient.AmbientDream.onCreate:241 android.app.ActivityThread.handleCreateService:3533 android.app.ActivityThread.access$1300:200 
11-03 10:25:12.484455  1686  1686 V DreamService[AmbientDream]: onBind() intent = Intent { act=android.service.dreams.DreamService flg=0x800000 cmp=com.google.android.wearable.ambient/.AmbientDream }
--------- switch to main
11-03 10:25:12.485274  1686  1686 I AmbientService: [ce6a28c] Ambient Created
--------- switch to system
11-03 10:25:12.486081  1686  1686 V DreamService[AmbientDream]: Calling onDreamingStarted()
--------- switch to main
11-03 10:25:12.486245  1686  1686 I AmbientService: [ce6a28c] doOnDreamingStarted
11-03 10:25:12.486701  1686  1686 D SidekickService: setShouldControlDisplay called: true
11-03 10:25:12.487670  1686  1686 I AmbientService: [ce6a28c] Selected running activity for ambient mode: AmbientActivity[component=ComponentInfo{com.google.android.wearable.app/com.google.android.clockwork.home2.activity.HomeActivity2}, callbacks=@210b385, running=true, ambientRequested=true, ambientEnabled=true, offloadEnabled=true]
11-03 10:25:12.488330  1686  1686 I AmbientService: [ce6a28c] Sidekick is ready to display, requesting doze.
11-03 10:25:12.488888  1686  1686 I AmbientService: [ce6a28c] No auto-resume Activity.
11-03 10:25:12.490385  1686  1686 W DefaultSettingsContentR: Value for ambient_low_bit_enabled not stored as number. Attempting parse as boolean.
11-03 10:25:12.492023  2520  2520 D HOME    : [HomeVisitsLogger]Logging streamlet event: enter_ambient_mode
11-03 10:25:12.492984  2520  2520 D HOME    : [HotwordController]updateClient MODE_WATCH_FACE false true false true
11-03 10:25:12.495479  1686  1686 I AmbientService: [ce6a28c] Showing watch face in offload mode, canceling alarm.
11-03 10:25:12.495655  1686  1686 W AlarmManagerProxy: Removing unknown listener
11-03 10:25:12.495777  1686  1686 D WristGestureCtrl: Stopping detectors: GesturesEnabled-false gestureDetector-false ungazeEnabled-true ungaze-true
11-03 10:25:12.495825  1686  1686 D DefaultUngazeDetector: stopping
11-03 10:25:12.496929  2520 12460 D HOME    : [HomeVisitsLogger]Logging streamlet event: visit_end
11-03 10:25:12.498088   512  1749 I sensors-hal: batch:140, android.sensor.accelerometer/48, period=66667000, max_latency=100000000
11-03 10:25:12.505635   512  1749 I sensors-hal: batch:149, android.sensor.accelerometer/48, period=66667000, max_latency=100000000 request completed
11-03 10:25:12.533194  2520  2520 D HOME    : [WatchFaceUiController]setInAmbientMode true
11-03 10:25:12.534886  2520 12460 I SidekickManager: replaceWatchFaceComponentsImpl(): watchFace = com.google.android.clockwork.decomposablewatchface.WatchFaceDecomposition@e65eb65
11-03 10:25:12.535224  2520  2520 D HOME    : [StreamDBQueue]Promised revision #4186 to queue a new op
11-03 10:25:12.535439  2520  2520 D WatchStreamManager: Promised rank-blocked=false @ r#4186
11-03 10:25:12.535738  1686  1742 D SidekickService: sendWatchFaceComponents called: watchFace = com.google.android.clockwork.decomposablewatchface.WatchFaceDecomposition@34a4ee3shouldReplace = false
11-03 10:25:12.535893  2520  2520 D HOME    : [StreamDBQueue]Promised revision #4187 to queue a new op
11-03 10:25:12.535910  2520 12461 D HOME    : [WatchStreamDB]Item alerting conditions - isInterruptive: false, recentlyInterrupted: false, isItemPinned: false, isUnread: false
11-03 10:25:12.535943  1686  1742 D SidekickService: Check decomposition for calling app com.google.android.wearable.app with uid 10049
11-03 10:25:12.536071  2520  2520 D WatchStreamManager: Promised rank-blocked=false @ r#4187
11-03 10:25:12.536206  2520 12461 D HOME    : [StreamAlertingRegulator]isTheaterModeEnabled: false, isAlertingAllowedByOffBody: true, matchesLocalInterruptionFilter: true
11-03 10:25:12.536320  2520 12459 D HOME    : [StreamDBQueue]Promised revision #4188 to queue a new op
11-03 10:25:12.536591  2520 12461 D HOME    : [WatchStreamDB]couldItemAlert: false, isTopItemChanged: false, isDeferralForTopItem: false
11-03 10:25:12.536692  2520 12459 D WatchStreamManager: Promised rerank @ r#4188
11-03 10:25:12.536761  2520  2520 D HOME    : [EventBus]Wrapper pool is full. Discarding excess wrapper instance for event com.google.android.clockwork.sysui.events.KeyguardStateEvent
11-03 10:25:12.536862  2520  2520 D HOME    : [WatchFaceUiController]sendStateToWallpaper
11-03 10:25:12.537636  2520 12461 D HOME    : [WatchStreamDB]Item alerting conditions - isInterruptive: false, recentlyInterrupted: false, isItemPinned: false, isUnread: false
11-03 10:25:12.538034  2520 12461 D HOME    : [StreamAlertingRegulator]isTheaterModeEnabled: false, isAlertingAllowedByOffBody: true, matchesLocalInterruptionFilter: true
11-03 10:25:12.538744  2520  2520 D HOME    : [EventBus]Wrapper pool is full. Discarding excess wrapper instance for event com.google.android.clockwork.sysui.events.KeyguardStateEvent
11-03 10:25:12.539098  2520  2520 D HOME    : [EventBus]Wrapper pool is full. Discarding excess wrapper instance for event com.google.android.clockwork.sysui.events.KeyguardStateEvent
11-03 10:25:12.539410  2520 12461 D HOME    : [WatchStreamDB]couldItemAlert: false, isTopItemChanged: false, isDeferralForTopItem: false
11-03 10:25:12.540250  2520 12461 D HOME    : [WatchStreamDB]updateRanking()
11-03 10:25:12.542526  2520 12461 D HOME    : [WatchStreamDB]Item alerting conditions - isInterruptive: false, recentlyInterrupted: false, isItemPinned: false, isUnread: false
11-03 10:25:12.543239  2520 12461 D HOME    : [StreamAlertingRegulator]isTheaterModeEnabled: false, isAlertingAllowedByOffBody: true, matchesLocalInterruptionFilter: true
11-03 10:25:12.543816  2520 12461 D HOME    : [WatchStreamDB]couldItemAlert: false, isTopItemChanged: false, isDeferralForTopItem: false
11-03 10:25:12.544633  2520 12461 D HOME    : [NewStreamAdapter]Publishing revision #4188 to adapter clients
11-03 10:25:12.545982  1686  1742 D SidekickService: sendWatchFaceLocked(): shouldReplace = false, mSidekickIsControlling = false, 1 images, 0 fonts, 0 numbers, 0 proportionalFonts, 0 strings
11-03 10:25:12.546119  1686  1742 D SidekickService: ISidekickGraphics#beginResources()...
11-03 10:25:12.546258  2520 12459 D HOME    : [StreamDBQueue]Promised revision #4189 to queue a new op
11-03 10:25:12.546553  2520 12459 D WatchStreamManager: Promised rerank @ r#4189
11-03 10:25:12.546812  2520  2520 W StaticLayout: maxLineHeight should not be -1.  maxLines:1 lineCount:1
11-03 10:25:12.546939  2520 12461 D HOME    : [WatchStreamDB]updateRanking()
11-03 10:25:12.547557  2520 12461 D HOME    : [WatchStreamDB]Item alerting conditions - isInterruptive: false, recentlyInterrupted: false, isItemPinned: false, isUnread: false
11-03 10:25:12.547614  1686  1742 D SidekickServiceUtils: bitmapFromDrawable: Returning bitmap directly
11-03 10:25:12.547963  2520 12461 D HOME    : [StreamAlertingRegulator]isTheaterModeEnabled: false, isAlertingAllowedByOffBody: true, matchesLocalInterruptionFilter: true
11-03 10:25:12.548238  2520 12461 D HOME    : [WatchStreamDB]couldItemAlert: false, isTopItemChanged: false, isDeferralForTopItem: false
11-03 10:25:12.549549  2520 12461 D HOME    : [NewStreamAdapter]Publishing revision #4189 to adapter clients
11-03 10:25:12.550911  1686  1742 D SidekickService: sendBitmapsLocked(): bounds = RectF(0.47115386, 0.33653846, 0.52884614, 0.39423078), drawableInfo = {.id = 100000, .width = 24, .height = 24, .display = true, .offsetX = 193.0, .offsetY = 137.0, .rotationInfo = {.hasRotation = false, .pivotX = 0.0, .pivotY = 0.0, .degreesPerDay = 0.0, .degreesPerStep = 0.0, .zeroDegreesTime = {.daysSinceLocalEpoch = 0, .msSinceMidnight = 0}}, .transformInfo = {.transformed = false, .flipX = false, .flipY = false, .flip45 = false, .scaleX = 0.0, .scaleY = 0.0}, .type = GENERIC, .blink = {.blinking = false, .periodOnMs = 0.0, .periodOffMs = 0.0, .startTime = {.daysSinceLocalEpoch = 0, .msSinceMidnight = 0}}, .zOrder = 6, .displayInTwm = true}, image.size() = 204
11-03 10:25:12.551960   416   416 D SKGHAL  : saveResource: resId = 100000
11-03 10:25:12.553224  1686  1742 D SidekickService: sendBitmapsLocked(): status = 0, bytesUsed = 267
11-03 10:25:12.553429  1686  1742 D SidekickService: ISidekickGraphics#endResources()...
11-03 10:25:12.739387   416   416 D SKGHAL  : sendResources: metadata size = 2400, font size = 72
11-03 10:25:12.779673   416   416 D SKGHAL  : endResources: rc = 0
11-03 10:25:12.781261  1686  1686 W system_server: Long monitor contention with owner Binder:1686_4 (1742) at int com.google.android.clockwork.sidekick.SidekickService$BinderService.sendWatchFace(com.google.android.clockwork.decomposablewatchface.WatchFaceDecomposition, boolean)(SidekickService.java:1021) waiters=0 in boolean com.google.android.clockwork.sidekick.SidekickService$BinderService.readyToDisplay() for 239ms
11-03 10:25:12.783207  2520  2520 D HOME    : [SidekickManagerAsync]replaceWatchFaceComponents(): Callback#onResult(): 0
--------- switch to system
11-03 10:25:12.783615  1686  1686 W Looper  : Slow dispatch took 243ms main h=android.os.Handler c=com.google.android.wearable.ambient.AmbientDream$Callbacks$1@13ef0e0 m=0
--------- switch to main
11-03 10:25:12.783723  2520  2520 D HOME    : [WatchFaceUiController]Complication updates sent, posting watch face hiding
11-03 10:25:12.783813  2520  2520 D HOME    : [WatchFaceUiController]Still in ambient watch face, hiding
11-03 10:25:12.783889  2520  2520 D HOME    : [WatchFaceUiController]Hiding watch face wallpaper.
--------- switch to kernel
11-03 10:25:07.957535     0     0 I CPU2    : update max cpu_capacity 1024
11-03 10:25:12.688853     0     0 E FG      : fg_psy_get_property: unsupported property 7
11-03 10:25:12.692677     0     0 W healthd : battery l=16 v=3666 t=29.0 h=2 st=3 c=94 fc=443000 cc=0 chg=
--------- switch to main
11-03 10:25:12.831250  1956  1956 D QtiCarrierConfigHelper: WARNING, no carrier configs on phone Id: 0
11-03 10:25:12.835460  2520  2520 D HOME    : [BatteryChange]action: android.intent.action.BATTERY_CHANGED
11-03 10:25:12.836891  2520 12460 D HOME    : [BatteryChange]HandleBatteryChangedTask
11-03 10:25:12.837631  2520 12460 D HOME    : [BatteryChange]level: 16, status: 3
11-03 10:25:12.844058   512  1749 I sensors-hal: activate:107, android.sensor.light/46 en=0
11-03 10:25:12.846771   512  1749 I sensors-hal: activate:118, android.sensor.light/46 en=0 completed
--------- switch to system
11-03 10:25:12.876692  1686  1710 I DisplayManagerService: Display device changed state: "cran intgr", DOZE_SUSPEND
--------- switch to main
11-03 10:25:12.909691   545   545 D SurfaceFlinger: Set power mode=3, type=0 flinger=0xb6bb6000
11-03 10:25:12.913092  1686  1759 I InputReader: Reconfiguring input devices.  changes=0x00000004
11-03 10:25:12.926852   504   764 I SDM     : DisplayBase::SetDisplayState: Set state = 3, display 0
11-03 10:25:12.980336   545   545 D SurfaceFlinger: Finished set power mode=3, type=0
--------- switch to kernel
11-03 10:25:12.811482     0     0 I mdss_dsi_panel_set_idle_mode: Idle (0->1)
11-03 10:25:12.860296     0     0 I         : [touch]FB_BLANK_VSYNC_SUSPEND
11-03 10:25:12.860305     0     0 I         : [touch]irq disable
11-03 10:25:12.860311     0     0 I         : [touch]workqueue is empty!
11-03 10:25:12.860315     0     0 I         : [touch]raydium_ts_do_suspend.
11-03 10:25:12.860329     0     0 I         : [touch]Device may wakeup
11-03 10:25:12.864152     0     0 I         : [touch]irq enable
--------- switch to main
11-03 10:25:12.981367  1686  1823 I SidekickService: beginDisplayLocked(): DOZE_SUSPEND
11-03 10:25:12.982317   416   416 D SKGHAL  : sendAmbientPrepare: enter:
11-03 10:25:13.033024   416   416 D SKGHAL  : sendAmbientEvent: enter: enable = 1
11-03 10:25:13.034148   504   523 I SDM     : DisplayBase::SetDisplayState: Set state = 4, display 0
11-03 10:25:13.034239   504   523 D SDM     : HWCDisplayPrimary::SetStandByMode: Null display is connected successfully
11-03 10:25:13.034851   416   416 D SKGHAL  : standBy_update_control call succeed on 1
11-03 10:25:13.045875   416   416 D SKGHAL  : sendAmbientEvent: done: enable = 1
11-03 10:25:13.046469  1686  1823 D SidekickService:    ... beginDisplay result: 0 for halPower: 1
11-03 10:25:13.050218   512   512 I sensors-hal: activate:107, android.sensor.accelerometer/48 en=0
11-03 10:25:13.052063   512   512 I sensors-hal: activate:118, android.sensor.accelerometer/48 en=0 completed
11-03 10:25:13.058371  1686  1799 E WifiStateMachine: getWifiLinkLayerStats called without an interface
--------- switch to kernel
11-03 10:25:12.938690     0     0 E bgrsb   : bgrsb_enable: gpio 32 is valid
--------- switch to main
11-03 10:25:13.084162  1686  1686 I WearPower: [WearTouchMediator] changing touch input to enabled (ON_AUTO)
11-03 10:25:13.086660  1686  1759 I InputReader: Reconfiguring input devices.  changes=0x00000200
--------- switch to kernel
11-03 10:25:12.974641     0     0 I init    : processing action (ro.enable_core_ctl=true && sys.cw_corectl_mode=idle) from (/vendor/etc/init/hw/init.qcom.rc:949)
--------- switch to main
11-03 10:25:13.100030  1686  1686 I AmbientService: [ce6a28c] Timeout alarm not required, auto-resume timeout handled by dream.
11-03 10:25:13.119349  3205  3434 W WorkController: Loading failed for worker [trainingcache]: worker not found
11-03 10:25:13.121886  3205  3294 W A       : TrainingCache cache SCREEN_OFF failure
11-03 10:25:13.121886  3205  3294 W A       : com.google.android.apps.gsa.search.core.service.h.a.a: No worker found for Worker ID [trainingcache].
11-03 10:25:13.121886  3205  3294 W A       : 	at com.google.android.apps.gsa.search.core.service.g.a.c.a(Unknown Source:5)
11-03 10:25:13.121886  3205  3294 W A       : 	at com.google.android.libraries.gsa.c.a.d.a(Unknown Source:3)
11-03 10:25:13.121886  3205  3294 W A       : 	at com.google.common.p.a.cg.c(Unknown Source:2)
11-03 10:25:13.121886  3205  3294 W A       : 	at com.google.common.p.a.bk.run(SourceFile:3)
11-03 10:25:13.121886  3205  3294 W A       : 	at com.google.common.p.a.ci.run(Unknown Source:4)
11-03 10:25:13.121886  3205  3294 W A       : 	at com.google.apps.tiktok.concurrent.ab.run(SourceFile:1)
11-03 10:25:13.121886  3205  3294 W A       : 	at java.util.concurrent.ThreadPoolExecutor.runWorker(ThreadPoolExecutor.java:1167)
11-03 10:25:13.121886  3205  3294 W A       : 	at java.util.concurrent.ThreadPoolExecutor$Worker.run(ThreadPoolExecutor.java:641)
11-03 10:25:13.121886  3205  3294 W A       : 	at com.google.apps.tiktok.concurrent.c.run(Unknown Source:4)
11-03 10:25:13.121886  3205  3294 W A       : 	at java.lang.Thread.run(Thread.java:764)
11-03 10:25:13.137700  2520  2520 D HOME    : [StreamDBQueue]Promised revision #4190 to queue a new op
11-03 10:25:13.138042  2520  2520 D WatchStreamManager: Promised rank-blocked=false @ r#4190
11-03 10:25:13.138349  2520  2520 D HOME    : [CompactHunStarter]detachWindow()
11-03 10:25:13.138815  2520 12459 D HOME    : [StreamDBQueue]Promised revision #4191 to queue a new op
11-03 10:25:13.138967  2520 12459 D WatchStreamManager: Promised rerank @ r#4191
11-03 10:25:13.138985  2520 12460 D HOME    : [WatchStreamDB]Item alerting conditions - isInterruptive: false, recentlyInterrupted: false, isItemPinned: false, isUnread: false
11-03 10:25:13.139333  2520 12460 D HOME    : [StreamAlertingRegulator]isTheaterModeEnabled: false, isAlertingAllowedByOffBody: true, matchesLocalInterruptionFilter: true
11-03 10:25:13.139615  2520 12460 D HOME    : [WatchStreamDB]couldItemAlert: false, isTopItemChanged: false, isDeferralForTopItem: false
11-03 10:25:13.140138  2520 12460 D HOME    : [WatchStreamDB]updateRanking()
11-03 10:25:13.140682  2520 12460 D HOME    : [WatchStreamDB]Item alerting conditions - isInterruptive: false, recentlyInterrupted: false, isItemPinned: false, isUnread: false
11-03 10:25:13.141019  2520 12460 D HOME    : [StreamAlertingRegulator]isTheaterModeEnabled: false, isAlertingAllowedByOffBody: true, matchesLocalInterruptionFilter: true
11-03 10:25:13.141254  2520 12460 D HOME    : [WatchStreamDB]couldItemAlert: false, isTopItemChanged: false, isDeferralForTopItem: false
11-03 10:25:13.141896  2520 12460 D HOME    : [NewStreamAdapter]Publishing revision #4191 to adapter clients
--------- switch to kernel
11-03 10:25:13.057432     0     0 I CPU0    : update max cpu_capacity 748
11-03 10:25:13.058019     0     0 I CPU3    : update max cpu_capacity 1024
11-03 10:25:13.181586     0     0 I PM      : suspend entry 2021-11-03 09:25:13.181586145 UTC
11-03 10:25:13.181596     0     0 I PM      : Syncing filesystems ...
11-03 10:25:13.204792     0     0 I CPU2    : shutdown
11-03 10:25:13.206789     0     0 I init    : Command 'write /sys/devices/system/cpu/cpu2/online 0' action=ro.enable_core_ctl=true && sys.cw_corectl_mode=idle (/vendor/etc/init/hw/init.qcom.rc:951) took 116ms and succeeded
11-03 10:25:13.210841     0     0 I         : done.
11-03 10:25:13.268283     0     0 I CPU3    : shutdown
11-03 10:25:13.271052     0     0 I         : Freezing user space processes ...
11-03 10:25:13.278964     0     0 I CPU0    : update max cpu_capacity 748
11-03 10:25:13.279291     0     0 I PM      : Wakeup pending, aborting suspend
11-03 10:25:13.279389     0     0 I         : active wakeup source: NETLINK
11-03 10:25:13.279469     0     0 E         : Freezing of tasks aborted after 0.008 seconds
11-03 10:25:13.279492     0     0 I         : Restarting tasks ...
11-03 10:25:13.281035     0     0 W QSEECOM : qseecom_receive_req: Interrupted: exiting Listener Service = 8192
11-03 10:25:13.281282     0     0 W QSEECOM : qseecom_receive_req: Interrupted: exiting Listener Service = 12288
11-03 10:25:13.281335     0     0 W QSEECOM : qseecom_receive_req: Interrupted: exiting Listener Service = 28672
11-03 10:25:13.286172     0     0 W QSEECOM : qseecom_receive_req: Interrupted: exiting Listener Service = 11
11-03 10:25:13.286261     0     0 W QSEECOM : qseecom_receive_req: Interrupted: exiting Listener Service = 10
11-03 10:25:13.289209     0     0 I         : done.
11-03 10:25:13.293724     0     0 I init    : Command 'write /sys/devices/system/cpu/cpu3/online 0' action=ro.enable_core_ctl=true && sys.cw_corectl_mode=idle (/vendor/etc/init/hw/init.qcom.rc:952) took 82ms and succeeded
11-03 10:25:13.290363     0     0 I PM      : suspend exit 2021-11-03 09:25:13.290363384 UTC
11-03 10:25:13.341764     0     0 E mdss_dsi_gen_read_status: Read back value from panel is incorrect
11-03 10:25:13.493959     0     0 I PM      : suspend entry 2021-11-03 09:25:13.493959009 UTC
11-03 10:25:13.493974     0     0 I PM      : Syncing filesystems ... done.
11-03 10:25:13.522653     0     0 I         : Freezing user space processes ... (elapsed 0.010 seconds) done.
11-03 10:25:13.533365     0     0 I         : Freezing remaining freezable tasks ... (elapsed 0.005 seconds) done.
11-03 10:25:13.539291     0     0 I         : Suspending console(s) (use no_console_suspend to debug)
11-03 10:25:13.554294     0     0 I mdss_dsi_panel_set_idle_mode: Idle (1->1)
11-03 10:25:13.598789     0     0 I bgcom   : bgcom_pm_suspend: suspended with : 0
11-03 10:25:13.627321     0     0 I PM      : suspend of devices complete after 84.503 msecs
11-03 10:25:13.632704     0     0 I PM      : late suspend of devices complete after 5.342 msecs
11-03 10:25:13.638509     0     0 I PM      : noirq suspend of devices complete after 5.764 msecs
11-03 10:25:13.638524     0     0 I         : Disabling non-boot CPUs ...
11-03 10:25:13.656004     0     0 I CPU1    : shutdown
11-03 10:25:13.658280     0     0 I suspend ns: 3653489872247	suspend cycles:    1209619060618
11-03 10:25:13.658256     0     0 I CPU0    : msm_cpu_pm_enter_sleep mode:3 during suspend
11-03 10:25:13.658256     0     0 I         : Suspended for 14.839 seconds
11-03 10:25:13.658688     0     0 I         : Enabling non-boot CPUs ...
11-03 10:25:13.659506     0     0 I CPU1    : update cpu_capacity 1024
11-03 10:25:13.660988     0     0 I         : CPU1 is up
11-03 10:25:13.662811     0     0 I CPU1    : update max cpu_capacity 748
11-03 10:25:13.664759     0     0 I PM      : noirq resume of devices complete after 3.411 msecs
11-03 10:25:13.670299     0     0 I PM      : early resume of devices complete after 3.672 msecs
11-03 10:25:13.700803     0     0 I bgcom   : bgcom_pm_resume: Bgcom resumed with : 0
11-03 10:25:13.711776     0     0 I mdss_dsi_panel_set_idle_mode: Idle (1->1)
11-03 10:25:13.747941     0     0 I PM      : resume of devices complete after 77.597 msecs
11-03 10:25:13.752086     0     0 I         : Restarting tasks ...
11-03 10:25:13.754841     0     0 W QSEECOM : qseecom_receive_req: Interrupted: exiting Listener Service = 8192
11-03 10:25:13.757656     0     0 E FG      : fg_psy_get_property: unsupported property 7
11-03 10:25:13.761701     0     0 W QSEECOM : qseecom_receive_req: Interrupted: exiting Listener Service = 12288
11-03 10:25:13.761799     0     0 W QSEECOM : qseecom_receive_req: Interrupted: exiting Listener Service = 11
11-03 10:25:13.761841     0     0 W QSEECOM : qseecom_receive_req: Interrupted: exiting Listener Service = 10
11-03 10:25:13.761879     0     0 W QSEECOM : qseecom_receive_req: Interrupted: exiting Listener Service = 28672
11-03 10:25:28.486633     0     0 W healthd : battery l=16 v=3727 t=29.0 h=2 st=3 c=4 fc=443000 cc=0 chg=
11-03 10:25:28.491498     0     0 I         : done.
11-03 10:25:28.608223     0     0 I PM      : suspend exit 2021-11-03 09:25:28.608223587 UTC
--------- switch to main
11-03 10:25:28.658781 12391 12432 W atlo    : [{0}] Failed to resolve name. status={1}
--------- switch to kernel
11-03 10:25:28.712865     0     0 I PM      : suspend entry 2021-11-03 09:25:28.712865722 UTC
11-03 10:25:28.712879     0     0 I PM      : Syncing filesystems ... done.
11-03 10:25:28.823275     0     0 I         : Freezing user space processes ... (elapsed 0.006 seconds) done.
11-03 10:25:28.830215     0     0 I         : Freezing remaining freezable tasks ... (elapsed 0.003 seconds) done.
11-03 10:25:28.834100     0     0 I         : Suspending console(s) (use no_console_suspend to debug)
11-03 10:25:28.845991     0     0 I mdss_dsi_panel_set_idle_mode: Idle (1->1)
11-03 10:25:28.888088     0     0 I bgcom   : bgcom_pm_suspend: suspended with : 0
11-03 10:25:28.924243     0     0 I PM      : suspend of devices complete after 87.925 msecs
11-03 10:25:28.929602     0     0 I PM      : late suspend of devices complete after 5.318 msecs
11-03 10:25:28.935488     0     0 I PM      : noirq suspend of devices complete after 5.847 msecs
