11-03 10:11:28.813545  2520 10449 D HOME    : [DataRequester]cancelScheduledUpdates TileConfig{id=2, provider=ComponentInfo{com.google.android.wearable.app/com.google.android.clockwork.home.calendar.AgendaTileProviderService}}
11-03 10:11:28.820674   512   512 I sensors-hal: activate:118, android.sensor.light/46 en=0 completed
11-03 10:11:28.825397   512   512 I sensors-hal: batch:140, android.sensor.light/46, period=250000000, max_latency=0
11-03 10:11:28.825569   512   512 I sensors-hal: batch:149, android.sensor.light/46, period=250000000, max_latency=0 request completed
11-03 10:11:28.826211   512   512 I sensors-hal: activate:107, android.sensor.light/46 en=1
11-03 10:11:28.826824   512   512 I sensors-hal: ssc_enable_rt_task:254, ssc_enable_rt_task : true
11-03 10:11:28.831111   512   512 I sensors-hal: activate:118, android.sensor.light/46 en=1 completed
11-03 10:11:28.832849  2520 10449 D HOME    : [DataRequester]requestUpdateFromProvider TileConfig{id=2, provider=ComponentInfo{com.google.android.wearable.app/com.google.android.clockwork.home.calendar.AgendaTileProviderService}}
--------- switch to system
11-03 10:11:28.843671  1686  1686 V SettingsProvider: Notifying for 0: content://settings/system/screen_brightness
--------- switch to main
11-03 10:11:28.849974  1686  1686 I SidekickService: loadBrightnessLocked()
11-03 10:11:28.850696  1686  1686 D SidekickService: screenBrightness  = 60
11-03 10:11:28.851288  1686  1686 D SidekickService: sendConfigValuesLocked(): alsThresholds = [40, 92, 95, 100, 125, 150, 175, 200, 225, 250, 300, 400, 500, 800, 1200], brightnessValuesBright = [50, 56, 60, 70, 80, 90, 100, 115, 120, 140, 160, 180, 200, 220, 240, 255], brightnessValuesDim= [50, 56, 60, 70, 80, 90, 100, 115, 120, 140, 160, 180, 200, 220, 240, 255]
11-03 10:11:28.860704  2520  2520 D HOME    : [JoviUpdater]background update started
11-03 10:11:28.860937  2520  2520 D HOME    : [AgendaController]loadEvents
11-03 10:11:28.862457  2520  2520 D HOME    : [LocationOracleImpl]Fetching last known location.
11-03 10:11:28.862762  1686  1686 D SidekickService: setAlsMode(): mode = 2, brightenAlpha = 80, dimmingAlpha = 80
11-03 10:11:28.863052  2520  2520 D HOME    : [AccountOracleImpl]Fetching account of type: com.google
11-03 10:11:28.863779  2520 10955 D HOME    : [AgendaController]Fetching event data for window: EventWindow{Wed Nov 03 00:00:00 GMT+01:00 2021,Fri Nov 05 23:59:59 GMT+01:00 2021}
11-03 10:11:28.864418  2520 10955 D HOME    : [CwCal]CalendarEventsResolver:queryCalendarEventInstances:window=EventWindow{Wed Nov 03 00:00:00 GMT+01:00 2021,Fri Nov 05 23:59:59 GMT+01:00 2021}
11-03 10:11:28.865050  2520 12013 D HOME    : [CwCal]CalendarEventsResolver:queryCalendarEventInstances:window=EventWindow{Wed Nov 03 00:00:00 GMT+01:00 2021,Thu Nov 04 23:59:59 GMT+01:00 2021}
11-03 10:11:28.875880  1686  1686 D SidekickService: setTwmConfig():: msTiltToBright = 10000, tiltToBright = false
11-03 10:11:28.877982  2520  2520 W GmsAccountProvider: No accounts found.
11-03 10:11:28.878129  2520  2520 E HOME    : [OAuthOracleImpl]Account not found.
11-03 10:11:28.886311  2520  4738 E HOME    : [GetCardsRpc]One or more asynchronous tasks failed.
11-03 10:11:28.886311  2520  4738 E HOME    : android.accounts.AccountsException: Account not found.
11-03 10:11:28.886311  2520  4738 E HOME    : 	at djj.a(AW782433232:2)
11-03 10:11:28.886311  2520  4738 E HOME    : 	at dxa.d(AW782433232:6)
11-03 10:11:28.886311  2520  4738 E HOME    : 	at dwx.a(Unknown Source:3)
11-03 10:11:28.886311  2520  4738 E HOME    : 	at ltg.c(Unknown Source:2)
11-03 10:11:28.886311  2520  4738 E HOME    : 	at lsr.run(AW782433232:3)
11-03 10:11:28.886311  2520  4738 E HOME    : 	at lti.run(Unknown Source:4)
11-03 10:11:28.886311  2520  4738 E HOME    : 	at android.os.Handler.handleCallback(Handler.java:873)
11-03 10:11:28.886311  2520  4738 E HOME    : 	at android.os.Handler.dispatchMessage(Handler.java:99)
11-03 10:11:28.886311  2520  4738 E HOME    : 	at android.os.Looper.loop(Looper.java:193)
11-03 10:11:28.886311  2520  4738 E HOME    : 	at android.app.ActivityThread.main(ActivityThread.java:6680)
11-03 10:11:28.886311  2520  4738 E HOME    : 	at java.lang.reflect.Method.invoke(Native Method)
11-03 10:11:28.886311  2520  4738 E HOME    : 	at com.android.internal.os.RuntimeInit$MethodAndArgsCaller.run(RuntimeInit.java:493)
11-03 10:11:28.886311  2520  4738 E HOME    : 	at com.android.internal.os.ZygoteInit.main(ZygoteInit.java:858)
11-03 10:11:28.891741  2520  2520 D HOME    : [WatchFaceUiController]sendWatchFaceServiceBinder
11-03 10:11:28.893851   512 12053 I sensors-hal: handle_indication_realtime:355,  SCHED_FIFO(10) for qmi_cbk
11-03 10:11:28.898704  2520  2520 D HOME    : [WatchFaceUiController]sendProperties
11-03 10:11:28.900264  2520  2520 D HOME    : [WatchFaceUiController]sendStateToWallpaper
11-03 10:11:28.900251  2520  4738 D HOME    : [AccountOracleImpl]Fetching account of type: com.google
11-03 10:11:28.917728  2520  4738 W GmsAccountProvider: No accounts found.
11-03 10:11:28.917863  2520  4738 D HOME    : [LocPermissionChecker]No account present for location permissions.
11-03 10:11:28.923234  2520  4738 W HOME    : [UpdateController]Data update failed
11-03 10:11:28.923234  2520  4738 W HOME    : djr: Some cache updates failed
11-03 10:11:28.923234  2520  4738 W HOME    : 	at dkh.b(Unknown Source:27)
11-03 10:11:28.923234  2520  4738 W HOME    : 	at mhz.bd(AW782433232:2)
11-03 10:11:28.923234  2520  4738 W HOME    : 	at lqz.f(Unknown Source:2)
11-03 10:11:28.923234  2520  4738 W HOME    : 	at lrb.run(AW782433232:9)
11-03 10:11:28.923234  2520  4738 W HOME    : 	at java.util.concurrent.ThreadPoolExecutor.runWorker(ThreadPoolExecutor.java:1167)
11-03 10:11:28.923234  2520  4738 W HOME    : 	at java.util.concurrent.ThreadPoolExecutor$Worker.run(ThreadPoolExecutor.java:641)
11-03 10:11:28.923234  2520  4738 W HOME    : 	at java.lang.Thread.run(Thread.java:764)
11-03 10:11:28.924390  2520  2520 D HOME    : [AccountOracleImpl]Fetching account of type: com.google
11-03 10:11:28.938818  2520  2520 W GmsAccountProvider: No accounts found.
11-03 10:11:28.941309  2520  2520 D HOME    : [AgendaController]Obtained events in UI thread: []
11-03 10:11:28.941946  2520  2520 D HOME    : [EventDiarizer]Constructing with window EventWindow{Wed Nov 03 00:00:00 GMT+01:00 2021,Fri Nov 05 23:59:59 GMT+01:00 2021}
11-03 10:11:28.944639  2520  2520 D HOME    : [AgendaMetricsLogger]eventDataNotPresent
11-03 10:11:28.945634  2520 11756 D HOME    : [DataRequester]cancelScheduledUpdates TileConfig{id=2, provider=ComponentInfo{com.google.android.wearable.app/com.google.android.clockwork.home.calendar.AgendaTileProviderService}}
11-03 10:11:28.946747  2520  2520 D HOME    : [SurfaceRenderer]maybeRender: hasWindowFocus = true, hasViewFocus = false, hasModelToRender = true, shouldRender = true
11-03 10:11:28.945976  2520 11756 D HOME    : [DataRequester]cancelScheduledUpdates could not find jobId for provider 2
11-03 10:11:28.947075  2520  2520 D HOME    : [SurfaceRenderer]cardLifecycleParent: onStart
11-03 10:11:28.947268  2520  2520 D HOME    : [SurfaceRenderer]cardLifecycleParent: onResume
11-03 10:11:28.947326  2520 11756 D HOME    : [DataRequester]updateFinished 2
11-03 10:11:28.947414  2520 11756 D HOME    : [ProviderConnMgr]Unbinding from service
11-03 10:11:28.950503  2520 11756 D HOME    : [DataRequester]Scheduling job for TileConfig{id=2, provider=ComponentInfo{com.google.android.wearable.app/com.google.android.clockwork.home.calendar.AgendaTileProviderService}} delay=14400 jobId=2000150
11-03 10:11:28.959127  2520  2520 D HOME    : [JoviUpdater]background update succeeded
11-03 10:11:28.964930  2520 11756 D HOME    : [DataRequester]cancelScheduledUpdates TileConfig{id=-1, provider=ComponentInfo{com.google.android.wearable.app/com.google.android.clockwork.home.jovi.tile.JoviTileProviderService}}
11-03 10:11:28.965355  2520 11756 D HOME    : [DataRequester]cancelScheduledUpdates could not find jobId for provider -1
11-03 10:11:28.965756  2520 11756 D HOME    : [DataRequester]updateFinished -1
11-03 10:11:28.965924  2520 11756 D HOME    : [ProviderConnMgr]Unbinding from service
11-03 10:11:28.968763  2520 11756 D HOME    : [DataRequester]Scheduling job for TileConfig{id=-1, provider=ComponentInfo{com.google.android.wearable.app/com.google.android.clockwork.home.jovi.tile.JoviTileProviderService}} delay=14400 jobId=2000151
11-03 10:11:28.972130  1686  4693 I GnssLocationProvider: WakeLock acquired by sendMessage(SET_REQUEST, 0, com.android.server.location.GnssLocationProvider$GpsRequest@f88f2bf)
11-03 10:11:28.973402   501   501 I LocSvc_GnssInterface: ===> setPositionMode line 269 
11-03 10:11:28.973859   501   501 I LocSvc_GnssInterface: ===> start line 208 
11-03 10:11:28.973950   501   501 I LocSvc_APIClientBase: locAPIStartTracking:342] start new session: 61
11-03 10:11:28.974187   501  1894 I LocSvc_api_v02: ---> locClientSendReq line 2298 QMI_LOC_REG_EVENTS_REQ_V02
11-03 10:11:28.974949  1686  1701 I GnssLocationProvider: WakeLock released by handleMessage(SET_REQUEST, 0, com.android.server.location.GnssLocationProvider$GpsRequest@f88f2bf)
11-03 10:11:28.976172   501  1894 I LocSvc_api_v02: ---> locClientSendReq line 2298 QMI_LOC_SET_OPERATION_MODE_REQ_V02
11-03 10:11:28.978244   501  1904 I LocSvc_ApiV02: <--- globalRespCb line 178 QMI_LOC_SET_OPERATION_MODE_REQ_V02
11-03 10:11:28.978365   501  1894 I LocSvc_api_v02: ---> locClientSendReq line 2298 QMI_LOC_START_REQ_V02
11-03 10:11:29.667477   501  1904 I LocSvc_ApiV02: <--- globalEventCb line 152 QMI_LOC_EVENT_POSITION_REPORT_IND_V02
--------- switch to kernel
11-03 10:11:29.618054     0     0 E         : [touch]raydium_read_touchdata -> abnormal irq, FW state = 0x0
11-03 10:11:29.618070     0     0 I         : [touch]HW reset
11-03 10:11:29.618075     0     0 I         : [touch]irq disable
11-03 10:11:29.665757     0     0 I         : [touch]irq_value is 1
11-03 10:11:29.668020     0     0 I         : [touch]irq enable
11-03 10:11:29.668045     0     0 I         : [touch]Raydium HW reset : 1
--------- switch to main
11-03 10:11:29.949175  2520  2520 D HOME    : [SurfaceRenderer]cardLifecycleParent: onPause
11-03 10:11:29.949611  2520  2520 D HOME    : [SurfaceRenderer]cardLifecycleParent: onStop
11-03 10:11:30.670045   501  1904 I LocSvc_ApiV02: <--- globalEventCb line 152 QMI_LOC_EVENT_POSITION_REPORT_IND_V02
--------- switch to kernel
11-03 10:11:32.339996     0     0 E FG      : fg_psy_get_property: unsupported property 7
--------- switch to main
11-03 10:11:31.667125   501  1904 I LocSvc_ApiV02: <--- globalEventCb line 152 QMI_LOC_EVENT_POSITION_REPORT_IND_V02
11-03 10:11:32.465764  1956  1956 D QtiCarrierConfigHelper: WARNING, no carrier configs on phone Id: 0
--------- switch to kernel
11-03 10:11:32.341628     0     0 I chatty  : uid=0(root) logd identical 1 line
11-03 10:11:32.341880     0     0 E FG      : fg_psy_get_property: unsupported property 7
11-03 10:11:32.346223     0     0 W healthd : battery l=18 v=3646 t=28.0 h=2 st=3 c=181 fc=443000 cc=0 chg=
--------- switch to main
11-03 10:11:32.468290  2520  2520 D HOME    : [BatteryChange]action: android.intent.action.BATTERY_CHANGED
11-03 10:11:32.469169  2520 11756 D HOME    : [BatteryChange]HandleBatteryChangedTask
11-03 10:11:32.469698  2520 11756 D HOME    : [BatteryChange]level: 18, status: 3
11-03 10:11:32.667810   501  1904 I LocSvc_ApiV02: <--- globalEventCb line 152 QMI_LOC_EVENT_POSITION_REPORT_IND_V02
--------- switch to system
11-03 10:11:33.039986  1686  1712 I PowerManagerService: Going to sleep due to screen timeout (uid 1000)...
11-03 10:11:33.041411  1686  1712 I DreamManagerService: Entering dreamland.
11-03 10:11:33.042665  1686  1712 I PowerManagerService: Dozing...
11-03 10:11:33.044073  1686  1708 I DreamController: Starting dream: name=ComponentInfo{com.google.android.wearable.ambient/com.google.android.wearable.ambient.AmbientDream}, isTest=false, canDoze=true, userId=0
11-03 10:11:33.044104  1686  1686 W UsageStatsService: Event reported without a package name
11-03 10:11:33.076481  1686  1686 W ContextImpl: Calling a method in the system process without a qualified user: android.app.ContextImpl.bindService:1611 android.content.ContextWrapper.bindService:698 com.google.android.wearable.ambient.AmbientDream.onCreate:191 android.app.ActivityThread.handleCreateService:3533 android.app.ActivityThread.access$1300:200 
11-03 10:11:33.078811  1686  1686 W ContextImpl: Calling a method in the system process without a qualified user: android.app.ContextImpl.sendBroadcast:1005 android.content.ContextWrapper.sendBroadcast:444 com.google.android.wearable.ambient.AmbientDream.onCreate:241 android.app.ActivityThread.handleCreateService:3533 android.app.ActivityThread.access$1300:200 
11-03 10:11:33.079395  1686  1686 V DreamService[AmbientDream]: onBind() intent = Intent { act=android.service.dreams.DreamService flg=0x800000 cmp=com.google.android.wearable.ambient/.AmbientDream }
--------- switch to main
11-03 10:11:33.080792  1686  1686 I AmbientService: [ce6a28c] Ambient Created
--------- switch to system
11-03 10:11:33.081479  1686  1686 V DreamService[AmbientDream]: Calling onDreamingStarted()
--------- switch to main
11-03 10:11:33.081671  1686  1686 I AmbientService: [ce6a28c] doOnDreamingStarted
11-03 10:11:33.084854  1686  1686 D SidekickService: setShouldControlDisplay called: true
11-03 10:11:33.087736  1686  1686 I AmbientService: [ce6a28c] Selected running activity for ambient mode: AmbientActivity[component=ComponentInfo{com.google.android.wearable.app/com.google.android.clockwork.home2.activity.HomeActivity2}, callbacks=@210b385, running=true, ambientRequested=true, ambientEnabled=true, offloadEnabled=true]
11-03 10:11:33.089551  1686  1686 I AmbientService: [ce6a28c] Sidekick is ready to display, requesting doze.
11-03 10:11:33.090361  1686  1686 I AmbientService: [ce6a28c] No auto-resume Activity.
11-03 10:11:33.092228  1686  1686 W DefaultSettingsContentR: Value for ambient_low_bit_enabled not stored as number. Attempting parse as boolean.
11-03 10:11:33.095378  2520  2520 D HOME    : [HomeVisitsLogger]Logging streamlet event: enter_ambient_mode
11-03 10:11:33.095762  1686  1686 I AmbientService: [ce6a28c] Showing watch face in offload mode, canceling alarm.
11-03 10:11:33.095854  1686  1686 W AlarmManagerProxy: Removing unknown listener
11-03 10:11:33.095945  1686  1686 D WristGestureCtrl: Stopping detectors: GesturesEnabled-false gestureDetector-false ungazeEnabled-true ungaze-true
11-03 10:11:33.095982  1686  1686 D DefaultUngazeDetector: stopping
11-03 10:11:33.096087  2520  2520 D HOME    : [HotwordController]updateClient MODE_WATCH_FACE false true false true
11-03 10:11:33.096586   512  1749 I sensors-hal: batch:140, android.sensor.accelerometer/48, period=66667000, max_latency=100000000
11-03 10:11:33.096994  2520  2520 D HOME    : [WatchFaceUiController]setInAmbientMode true
11-03 10:11:33.097622  2520 12013 I SidekickManager: replaceWatchFaceComponentsImpl(): watchFace = com.google.android.clockwork.decomposablewatchface.WatchFaceDecomposition@2107a61
11-03 10:11:33.096053  2520 11756 D HOME    : [HomeVisitsLogger]Logging streamlet event: visit_end
11-03 10:11:33.098899  2520  2520 D HOME    : [StreamDBQueue]Promised revision #3978 to queue a new op
11-03 10:11:33.099178  2520  2520 D WatchStreamManager: Promised rank-blocked=false @ r#3978
11-03 10:11:33.099571  2520 11644 D HOME    : [WatchStreamDB]Item alerting conditions - isInterruptive: false, recentlyInterrupted: false, isItemPinned: false, isUnread: false
11-03 10:11:33.099565  2520  2520 D HOME    : [StreamDBQueue]Promised revision #3979 to queue a new op
11-03 10:11:33.099680  2520  2520 D WatchStreamManager: Promised rank-blocked=false @ r#3979
11-03 10:11:33.099817  2520 11644 D HOME    : [StreamAlertingRegulator]isTheaterModeEnabled: false, isAlertingAllowedByOffBody: true, matchesLocalInterruptionFilter: true
11-03 10:11:33.100027  2520 11644 D HOME    : [WatchStreamDB]couldItemAlert: false, isTopItemChanged: false, isDeferralForTopItem: false
11-03 10:11:33.100212  2520  2520 D HOME    : [EventBus]Wrapper pool is full. Discarding excess wrapper instance for event com.google.android.clockwork.sysui.events.KeyguardStateEvent
11-03 10:11:33.100311  2520  2520 D HOME    : [WatchFaceUiController]sendStateToWallpaper
11-03 10:11:33.100755  2520 11644 D HOME    : [WatchStreamDB]Item alerting conditions - isInterruptive: false, recentlyInterrupted: false, isItemPinned: false, isUnread: false
11-03 10:11:33.101065  2520 11644 D HOME    : [StreamAlertingRegulator]isTheaterModeEnabled: false, isAlertingAllowedByOffBody: true, matchesLocalInterruptionFilter: true
11-03 10:11:33.101211  2520 10449 D HOME    : [StreamDBQueue]Promised revision #3980 to queue a new op
11-03 10:11:33.101246  2520 11644 D HOME    : [WatchStreamDB]couldItemAlert: false, isTopItemChanged: false, isDeferralForTopItem: false
11-03 10:11:33.101344  2520 10449 D WatchStreamManager: Promised rerank @ r#3980
11-03 10:11:33.102001  2520  2520 D HOME    : [EventBus]Wrapper pool is full. Discarding excess wrapper instance for event com.google.android.clockwork.sysui.events.KeyguardStateEvent
11-03 10:11:33.102271   512  1749 I sensors-hal: batch:149, android.sensor.accelerometer/48, period=66667000, max_latency=100000000 request completed
11-03 10:11:33.102356  2520  2520 D HOME    : [EventBus]Wrapper pool is full. Discarding excess wrapper instance for event com.google.android.clockwork.sysui.events.KeyguardStateEvent
11-03 10:11:33.104249  1686  4693 D SidekickService: sendWatchFaceComponents called: watchFace = com.google.android.clockwork.decomposablewatchface.WatchFaceDecomposition@1f71da8shouldReplace = false
11-03 10:11:33.104474  1686  4693 D SidekickService: Check decomposition for calling app com.google.android.wearable.app with uid 10049
11-03 10:11:33.105928  1686  4693 D SidekickService: sendWatchFaceLocked(): shouldReplace = false, mSidekickIsControlling = false, 1 images, 0 fonts, 0 numbers, 0 proportionalFonts, 0 strings
11-03 10:11:33.106045  1686  4693 D SidekickService: ISidekickGraphics#beginResources()...
11-03 10:11:33.108427  2520  2520 W StaticLayout: maxLineHeight should not be -1.  maxLines:1 lineCount:1
11-03 10:11:33.111926  1686  4693 D SidekickServiceUtils: bitmapFromDrawable: Returning bitmap directly
11-03 10:11:33.113684  1686  4693 D SidekickService: sendBitmapsLocked(): bounds = RectF(0.0, 0.0, 0.0024038462, 0.0024038462), drawableInfo = {.id = 100000, .width = 1, .height = 1, .display = true, .offsetX = 0.0, .offsetY = 0.0, .rotationInfo = {.hasRotation = false, .pivotX = 0.0, .pivotY = 0.0, .degreesPerDay = 0.0, .degreesPerStep = 0.0, .zeroDegreesTime = {.daysSinceLocalEpoch = 0, .msSinceMidnight = 0}}, .transformInfo = {.transformed = false, .flipX = false, .flipY = false, .flip45 = false, .scaleX = 0.0, .scaleY = 0.0}, .type = GENERIC, .blink = {.blinking = false, .periodOnMs = 0.0, .periodOffMs = 0.0, .startTime = {.daysSinceLocalEpoch = 0, .msSinceMidnight = 0}}, .zOrder = 8, .displayInTwm = true}, image.size() = 84
11-03 10:11:33.115352   416   416 D SKGHAL  : saveResource: resId = 100000
11-03 10:11:33.115783  1686  4693 D SidekickService: sendBitmapsLocked(): status = 0, bytesUsed = 18
11-03 10:11:33.115996  1686  4693 D SidekickService: ISidekickGraphics#endResources()...
11-03 10:11:33.117830  2520 11644 D HOME    : [WatchStreamDB]updateRanking()
11-03 10:11:33.118440  2520 11644 D HOME    : [WatchStreamDB]Item alerting conditions - isInterruptive: false, recentlyInterrupted: false, isItemPinned: false, isUnread: false
11-03 10:11:33.118743  2520 11644 D HOME    : [StreamAlertingRegulator]isTheaterModeEnabled: false, isAlertingAllowedByOffBody: true, matchesLocalInterruptionFilter: true
11-03 10:11:33.118988  2520 11644 D HOME    : [WatchStreamDB]couldItemAlert: false, isTopItemChanged: false, isDeferralForTopItem: false
11-03 10:11:33.119605  2520 11644 D HOME    : [NewStreamAdapter]Publishing revision #3980 to adapter clients
11-03 10:11:33.120469  2520 10449 D HOME    : [StreamDBQueue]Promised revision #3981 to queue a new op
11-03 10:11:33.121054  2520 10449 D WatchStreamManager: Promised rerank @ r#3981
11-03 10:11:33.122494  2520 11644 D HOME    : [WatchStreamDB]updateRanking()
11-03 10:11:33.123048  2520 11644 D HOME    : [WatchStreamDB]Item alerting conditions - isInterruptive: false, recentlyInterrupted: false, isItemPinned: false, isUnread: false
11-03 10:11:33.123371  2520 11644 D HOME    : [StreamAlertingRegulator]isTheaterModeEnabled: false, isAlertingAllowedByOffBody: true, matchesLocalInterruptionFilter: true
11-03 10:11:33.123642  2520 11644 D HOME    : [WatchStreamDB]couldItemAlert: false, isTopItemChanged: false, isDeferralForTopItem: false
11-03 10:11:33.124317  2520 11644 D HOME    : [NewStreamAdapter]Publishing revision #3981 to adapter clients
11-03 10:11:33.337788   416   416 D SKGHAL  : sendResources: metadata size = 2400, font size = 72
11-03 10:11:33.402249   416   416 D SKGHAL  : endResources: rc = 0
11-03 10:11:33.403042  1686  1686 W system_server: Long monitor contention with owner Binder:1686_16 (4693) at int com.google.android.clockwork.sidekick.SidekickService$BinderService.sendWatchFace(com.google.android.clockwork.decomposablewatchface.WatchFaceDecomposition, boolean)(SidekickService.java:1021) waiters=0 in boolean com.google.android.clockwork.sidekick.SidekickService$BinderService.readyToDisplay() for 294ms
11-03 10:11:33.404352  2520  2520 D HOME    : [SidekickManagerAsync]replaceWatchFaceComponents(): Callback#onResult(): 0
--------- switch to system
11-03 10:11:33.404597  1686  1686 W Looper  : Slow dispatch took 297ms main h=android.os.Handler c=com.google.android.wearable.ambient.AmbientDream$Callbacks$1@93100c1 m=0
--------- switch to main
11-03 10:11:33.405047  2520  2520 D HOME    : [WatchFaceUiController]Complication updates sent, posting watch face hiding
11-03 10:11:33.405176  2520  2520 D HOME    : [WatchFaceUiController]Still in ambient watch face, hiding
11-03 10:11:33.405271  2520  2520 D HOME    : [WatchFaceUiController]Hiding watch face wallpaper.
--------- switch to kernel
11-03 10:11:32.346777     0     0 W healthd : battery l=18 v=3646 t=28.0 h=2 st=3 c=181 fc=443000 cc=0 chg=
11-03 10:11:33.311188     0     0 E FG      : fg_psy_get_property: unsupported property 7
--------- switch to main
11-03 10:11:33.432399   512  1749 I sensors-hal: activate:107, android.sensor.light/46 en=0
11-03 10:11:33.433670   512  1749 I sensors-hal: activate:118, android.sensor.light/46 en=0 completed
--------- switch to kernel
11-03 10:11:33.315093     0     0 W healthd : battery l=18 v=3646 t=28.0 h=2 st=3 c=181 fc=443000 cc=0 chg=
--------- switch to main
11-03 10:11:33.450114   545   545 D SurfaceFlinger: Set power mode=3, type=0 flinger=0xb6bb6000
11-03 10:11:33.450814   504   762 I SDM     : DisplayBase::SetDisplayState: Set state = 3, display 0
--------- switch to system
11-03 10:11:33.453255  1686  1710 I DisplayManagerService: Display device changed state: "Écran intégré", DOZE_SUSPEND
--------- switch to main
11-03 10:11:33.470636  1686  1759 I InputReader: Reconfiguring input devices.  changes=0x00000004
11-03 10:11:33.500857   545   545 D SurfaceFlinger: Finished set power mode=3, type=0
11-03 10:11:33.501521  1686  1823 I SidekickService: beginDisplayLocked(): DOZE_SUSPEND
11-03 10:11:33.502135   416   416 D SKGHAL  : sendAmbientPrepare: enter:
--------- switch to kernel
11-03 10:11:33.339134     0     0 I mdss_dsi_panel_set_idle_mode: Idle (0->1)
11-03 10:11:33.384931     0     0 I         : [touch]FB_BLANK_VSYNC_SUSPEND
11-03 10:11:33.384938     0     0 I         : [touch]irq disable
11-03 10:11:33.384943     0     0 I         : [touch]workqueue is empty!
11-03 10:11:33.384947     0     0 I         : [touch]raydium_ts_do_suspend.
11-03 10:11:33.384957     0     0 I         : [touch]Device may wakeup
11-03 10:11:33.388702     0     0 I         : [touch]irq enable
--------- switch to main
11-03 10:11:33.630324   416   416 D SKGHAL  : sendAmbientEvent: enter: enable = 1
11-03 10:11:33.631206   504   523 I SDM     : DisplayBase::SetDisplayState: Set state = 4, display 0
11-03 10:11:33.631275   504   523 D SDM     : HWCDisplayPrimary::SetStandByMode: Null display is connected successfully
11-03 10:11:33.631435   416   416 D SKGHAL  : standBy_update_control call succeed on 1
11-03 10:11:33.642778   416   416 D SKGHAL  : sendAmbientEvent: done: enable = 1
11-03 10:11:33.643188  1686  1823 D SidekickService:    ... beginDisplay result: 0 for halPower: 1
11-03 10:11:33.646627   512  1749 I sensors-hal: activate:107, android.sensor.accelerometer/48 en=0
11-03 10:11:33.648473   512  1749 I sensors-hal: activate:118, android.sensor.accelerometer/48 en=0 completed
--------- switch to kernel
11-03 10:11:33.539443     0     0 E bgrsb   : bgrsb_enable: gpio 32 is valid
--------- switch to main
11-03 10:11:33.653618  1686  1799 E WifiStateMachine: getWifiLinkLayerStats called without an interface
11-03 10:11:33.667345   501  1904 I LocSvc_ApiV02: <--- globalEventCb line 152 QMI_LOC_EVENT_POSITION_REPORT_IND_V02
11-03 10:11:33.675103  1686  1686 I WearPower: [WearTouchMediator] changing touch input to enabled (ON_AUTO)
11-03 10:11:33.676141  1686  1759 I InputReader: Reconfiguring input devices.  changes=0x00000200
--------- switch to kernel
11-03 10:11:33.566952     0     0 I init    : processing action (ro.enable_core_ctl=true && sys.cw_corectl_mode=idle) from (/vendor/etc/init/hw/init.qcom.rc:949)
--------- switch to main
11-03 10:11:33.685920  1686  1686 I AmbientService: [ce6a28c] Timeout alarm not required, auto-resume timeout handled by dream.
11-03 10:11:33.697750  3205  3434 W WorkController: Loading failed for worker [trainingcache]: worker not found
11-03 10:11:33.699181  3205  3372 W A       : TrainingCache cache SCREEN_OFF failure
11-03 10:11:33.699181  3205  3372 W A       : com.google.android.apps.gsa.search.core.service.h.a.a: No worker found for Worker ID [trainingcache].
11-03 10:11:33.699181  3205  3372 W A       : 	at com.google.android.apps.gsa.search.core.service.g.a.c.a(Unknown Source:5)
11-03 10:11:33.699181  3205  3372 W A       : 	at com.google.android.libraries.gsa.c.a.d.a(Unknown Source:3)
11-03 10:11:33.699181  3205  3372 W A       : 	at com.google.common.p.a.cg.c(Unknown Source:2)
11-03 10:11:33.699181  3205  3372 W A       : 	at com.google.common.p.a.bk.run(SourceFile:3)
11-03 10:11:33.699181  3205  3372 W A       : 	at com.google.common.p.a.ci.run(Unknown Source:4)
11-03 10:11:33.699181  3205  3372 W A       : 	at com.google.apps.tiktok.concurrent.ab.run(SourceFile:1)
11-03 10:11:33.699181  3205  3372 W A       : 	at java.util.concurrent.ThreadPoolExecutor.runWorker(ThreadPoolExecutor.java:1167)
11-03 10:11:33.699181  3205  3372 W A       : 	at java.util.concurrent.ThreadPoolExecutor$Worker.run(ThreadPoolExecutor.java:641)
11-03 10:11:33.699181  3205  3372 W A       : 	at com.google.apps.tiktok.concurrent.c.run(Unknown Source:4)
11-03 10:11:33.699181  3205  3372 W A       : 	at java.lang.Thread.run(Thread.java:764)
11-03 10:11:33.712163  2520  2520 D HOME    : [StreamDBQueue]Promised revision #3982 to queue a new op
11-03 10:11:33.712442  2520  2520 D WatchStreamManager: Promised rank-blocked=false @ r#3982
11-03 10:11:33.712661  2520  2520 D HOME    : [CompactHunStarter]detachWindow()
11-03 10:11:33.712970  2520 12013 D HOME    : [WatchStreamDB]Item alerting conditions - isInterruptive: false, recentlyInterrupted: false, isItemPinned: false, isUnread: false
11-03 10:11:33.713243  2520 12013 D HOME    : [StreamAlertingRegulator]isTheaterModeEnabled: false, isAlertingAllowedByOffBody: true, matchesLocalInterruptionFilter: true
11-03 10:11:33.713503  2520 12013 D HOME    : [WatchStreamDB]couldItemAlert: false, isTopItemChanged: false, isDeferralForTopItem: false
11-03 10:11:33.715705  2520 10449 D HOME    : [StreamDBQueue]Promised revision #3983 to queue a new op
11-03 10:11:33.718910  2520 10449 D WatchStreamManager: Promised rerank @ r#3983
11-03 10:11:33.719156  2520 11644 D HOME    : [WatchStreamDB]updateRanking()
11-03 10:11:33.719815  2520 11644 D HOME    : [WatchStreamDB]Item alerting conditions - isInterruptive: false, recentlyInterrupted: false, isItemPinned: false, isUnread: false
11-03 10:11:33.720189  2520 11644 D HOME    : [StreamAlertingRegulator]isTheaterModeEnabled: false, isAlertingAllowedByOffBody: true, matchesLocalInterruptionFilter: true
11-03 10:11:33.720429  2520 11644 D HOME    : [WatchStreamDB]couldItemAlert: false, isTopItemChanged: false, isDeferralForTopItem: false
11-03 10:11:33.721085  2520 11644 D HOME    : [NewStreamAdapter]Publishing revision #3983 to adapter clients
--------- switch to kernel
11-03 10:11:33.730122     0     0 I PM      : suspend entry 2021-11-03 09:11:33.730122824 UTC
11-03 10:11:33.730133     0     0 I PM      : Syncing filesystems ...
11-03 10:11:33.734757     0     0 I CPU3    : update max cpu_capacity 1024
11-03 10:11:33.766975     0     0 I CPU2    : shutdown
11-03 10:11:33.768865     0     0 I init    : Command 'write /sys/devices/system/cpu/cpu2/online 0' action=ro.enable_core_ctl=true && sys.cw_corectl_mode=idle (/vendor/etc/init/hw/init.qcom.rc:951) took 89ms and succeeded
11-03 10:11:33.812104     0     0 I         : done.
11-03 10:11:33.849016     0     0 I CPU3    : shutdown
11-03 10:11:33.850427     0     0 I         : Freezing user space processes ...
11-03 10:11:33.855162     0     0 I CPU1    : update max cpu_capacity 748
11-03 10:11:33.855700     0     0 I PM      : Wakeup pending, aborting suspend
11-03 10:11:33.855747     0     0 I         : active wakeup source: NETLINK
11-03 10:11:33.855787     0     0 E         : Freezing of tasks aborted after 0.005 seconds
11-03 10:11:33.855800     0     0 I         : Restarting tasks ...
11-03 10:11:33.856644     0     0 W QSEECOM : qseecom_receive_req: Interrupted: exiting Listener Service = 28672
11-03 10:11:33.856696     0     0 W QSEECOM : qseecom_receive_req: Interrupted: exiting Listener Service = 11
11-03 10:11:33.856759     0     0 W QSEECOM : qseecom_receive_req: Interrupted: exiting Listener Service = 8192
11-03 10:11:33.860320     0     0 W QSEECOM : qseecom_receive_req: Interrupted: exiting Listener Service = 12288
11-03 10:11:33.860496     0     0 W QSEECOM : qseecom_receive_req: Interrupted: exiting Listener Service = 10
11-03 10:11:33.861173     0     0 I         : done.
11-03 10:11:33.870930     0     0 I init    : Command 'write /sys/devices/system/cpu/cpu3/online 0' action=ro.enable_core_ctl=true && sys.cw_corectl_mode=idle (/vendor/etc/init/hw/init.qcom.rc:952) took 92ms and succeeded
11-03 10:11:33.861793     0     0 I PM      : suspend exit 2021-11-03 09:11:33.861793189 UTC
--------- switch to main
11-03 10:11:33.924008  2520 12054 D HOME    : [LocationOracleImpl]Fresh location fetch timed out.
11-03 10:11:33.925024  2520  4738 W HOME    : [LocationOracleImpl]Location fetch failed.
11-03 10:11:33.925024  2520  4738 W HOME    : java.util.concurrent.TimeoutException: Fresh location fetch timed out.
11-03 10:11:33.925024  2520  4738 W HOME    : 	at doo.run(AW782433232:1)
11-03 10:11:33.925024  2520  4738 W HOME    : 	at java.util.TimerThread.mainLoop(Timer.java:562)
11-03 10:11:33.925024  2520  4738 W HOME    : 	at java.util.TimerThread.run(Timer.java:512)
11-03 10:11:33.925257  2520  4738 W HOME    : [GetCardsRpc]making request without location
11-03 10:11:33.939351  1686  2014 I GnssLocationProvider: WakeLock acquired by sendMessage(SET_REQUEST, 0, com.android.server.location.GnssLocationProvider$GpsRequest@48be7fd)
11-03 10:11:33.940495   501   501 I LocSvc_GnssInterface: ===> stop line 218 
11-03 10:11:33.940902   501  1894 I LocSvc_api_v02: ---> locClientSendReq line 2298 QMI_LOC_STOP_REQ_V02
11-03 10:11:33.942114   501  1904 I LocSvc_ApiV02: <--- globalEventCb line 152 QMI_LOC_EVENT_POSITION_REPORT_IND_V02
11-03 10:11:33.942576   501  1894 I LocSvc_api_v02: ---> locClientSendReq line 2298 QMI_LOC_REG_EVENTS_REQ_V02
11-03 10:11:33.943889  1686  1701 I GnssLocationProvider: WakeLock released by handleMessage(SET_REQUEST, 0, com.android.server.location.GnssLocationProvider$GpsRequest@48be7fd)
--------- switch to system
11-03 10:11:33.972006  1686  1686 I PowerManagerService: Waking up from dozing (uid=1000 reason=tiltToWake)...
11-03 10:11:33.976105  1686  1686 W UsageStatsService: Event reported without a package name
--------- switch to kernel
11-03 10:11:33.989622     0     0 E FG      : fg_psy_get_property: unsupported property 7
11-03 10:11:33.880526     0     0 W healthd : battery l=18 v=3665 t=28.0 h=2 st=3 c=132 fc=443000 cc=0 chg=
--------- switch to main
11-03 10:11:34.008833   512  1749 I sensors-hal: batch:140, android.sensor.light/46, period=100000000, max_latency=0
11-03 10:11:34.008924   512  1749 I sensors-hal: batch:149, android.sensor.light/46, period=100000000, max_latency=0 request completed
11-03 10:11:34.013053   512  1749 I sensors-hal: activate:107, android.sensor.light/46 en=1
11-03 10:11:34.016238   512  1749 I sensors-hal: ssc_enable_rt_task:254, ssc_enable_rt_task : true
11-03 10:11:34.023585   512  1749 I sensors-hal: activate:118, android.sensor.light/46 en=1 completed
11-03 10:11:34.026672  1686  1823 I SidekickService: endDisplayLocked()
--------- switch to system
11-03 10:11:34.028358  1686  1710 I DisplayManagerService: Display device changed state: "Écran intégré", ON
--------- switch to main
11-03 10:11:34.032477   416   416 D SKGHAL  : sendAmbientEvent: enter: enable = 0
11-03 10:11:34.038530   512  1749 I sensors-hal: batch:140, android.sensor.accelerometer/48, period=66667000, max_latency=100000000
11-03 10:11:34.038606   512  1749 I sensors-hal: batch:149, android.sensor.accelerometer/48, period=66667000, max_latency=100000000 request completed
11-03 10:11:34.042560   512  1749 I sensors-hal: activate:107, android.sensor.accelerometer/48 en=1
11-03 10:11:34.043047   512  1749 I sensors-hal: ssc_enable_rt_task:254, ssc_enable_rt_task : true
11-03 10:11:34.045685  4243  4243 D OMService: onDisplayChanged: not dozing
11-03 10:11:34.049105   512  1749 I sensors-hal: activate:118, android.sensor.accelerometer/48 en=1 completed
11-03 10:11:34.055603  1956  1956 D QtiCarrierConfigHelper: WARNING, no carrier configs on phone Id: 0
11-03 10:11:34.059613  1686  1759 I InputReader: Reconfiguring input devices.  changes=0x00000004
11-03 10:11:34.061638  2520  2520 D HOME    : [BatteryChange]action: android.intent.action.BATTERY_CHANGED
11-03 10:11:34.061993  2520 12013 D HOME    : [BatteryChange]HandleBatteryChangedTask
11-03 10:11:34.062438  2520 12013 D HOME    : [BatteryChange]level: 18, status: 3
11-03 10:11:34.063811  1686  1799 E WifiStateMachine: getWifiLinkLayerStats called without an interface
--------- switch to system
11-03 10:11:34.070427  1686  1702 W BroadcastQueue: Background execution not allowed: receiving Intent { act=android.intent.action.USER_PRESENT flg=0x10 } to com.google.android.gms/.auth.setup.devicesignals.LockScreenReceiver
11-03 10:11:34.070754  1686  1702 W BroadcastQueue: Background execution not allowed: receiving Intent { act=android.intent.action.USER_PRESENT flg=0x10 } to com.google.android.gms/.chimera.GmsIntentOperationService$PersistentTrustedReceiver
--------- switch to main
11-03 10:11:34.072676  3205  3434 W WorkController: Loading failed for worker [trainingcache]: worker not found
11-03 10:11:34.074138  3205  3294 W A       : TrainingCache cache DEVICE_UNLOCKED failure
11-03 10:11:34.074138  3205  3294 W A       : com.google.android.apps.gsa.search.core.service.h.a.a: No worker found for Worker ID [trainingcache].
11-03 10:11:34.074138  3205  3294 W A       : 	at com.google.android.apps.gsa.search.core.service.g.a.c.a(Unknown Source:5)
11-03 10:11:34.074138  3205  3294 W A       : 	at com.google.android.libraries.gsa.c.a.d.a(Unknown Source:3)
11-03 10:11:34.074138  3205  3294 W A       : 	at com.google.common.p.a.cg.c(Unknown Source:2)
11-03 10:11:34.074138  3205  3294 W A       : 	at com.google.common.p.a.bk.run(SourceFile:3)
11-03 10:11:34.074138  3205  3294 W A       : 	at com.google.common.p.a.ci.run(Unknown Source:4)
11-03 10:11:34.074138  3205  3294 W A       : 	at com.google.apps.tiktok.concurrent.ab.run(SourceFile:1)
11-03 10:11:34.074138  3205  3294 W A       : 	at java.util.concurrent.ThreadPoolExecutor.runWorker(ThreadPoolExecutor.java:1167)
11-03 10:11:34.074138  3205  3294 W A       : 	at java.util.concurrent.ThreadPoolExecutor$Worker.run(ThreadPoolExecutor.java:641)
11-03 10:11:34.074138  3205  3294 W A       : 	at com.google.apps.tiktok.concurrent.c.run(Unknown Source:4)
11-03 10:11:34.074138  3205  3294 W A       : 	at java.lang.Thread.run(Thread.java:764)
11-03 10:11:34.102842  1686  1686 I WearPower: [WearTouchMediator] changing touch input to enabled (ON_AUTO)
11-03 10:11:34.103767  1686  1759 I InputReader: Reconfiguring input devices.  changes=0x00000200
--------- switch to kernel
11-03 10:11:33.995861     0     0 I init    : processing action (ro.enable_core_ctl=true && sys.cw_corectl_mode=perf) from (/vendor/etc/init/hw/init.qcom.rc:954)
11-03 10:11:33.997033     0     0 I CPU2    : update cpu_capacity 1024
--------- switch to main
11-03 10:11:34.114366  1686  1686 D WristGestureCtrl: Starting: GesturesEnabled-false UngazeEnabled-true
11-03 10:11:34.114483  1686  1686 D DefaultUngazeDetector: starting
11-03 10:11:34.114545  1686  1686 D DefaultUngazeDetector: startUngazeStateEstimation(). startTime = 62173544
11-03 10:11:34.114663  1686  1686 W AlarmManagerProxy: Removing unknown listener
11-03 10:11:34.115863   512  1749 I sensors-hal: batch:140, android.sensor.accelerometer/48, period=19231000, max_latency=100000000
11-03 10:11:34.116168  1686  1686 W DefaultSettingsContentR: Value for ambient_low_bit_enabled not stored as number. Attempting parse as boolean.
11-03 10:11:34.117271   512  1749 I sensors-hal: batch:149, android.sensor.accelerometer/48, period=19231000, max_latency=100000000 request completed
11-03 10:11:34.117639   512  1749 I sensors-hal: flush:169, android.sensor.accelerometer/48
11-03 10:11:34.118595   512  1749 I sensors-hal: flush:175, android.sensor.accelerometer/48 completed
11-03 10:11:34.128302  3205  3434 W WorkController: Loading failed for worker [trainingcache]: worker not found
11-03 10:11:34.129517  3205  3372 W A       : TrainingCache cache SCREEN_ON failure
11-03 10:11:34.129517  3205  3372 W A       : com.google.android.apps.gsa.search.core.service.h.a.a: No worker found for Worker ID [trainingcache].
11-03 10:11:34.129517  3205  3372 W A       : 	at com.google.android.apps.gsa.search.core.service.g.a.c.a(Unknown Source:5)
11-03 10:11:34.129517  3205  3372 W A       : 	at com.google.android.libraries.gsa.c.a.d.a(Unknown Source:3)
11-03 10:11:34.129517  3205  3372 W A       : 	at com.google.common.p.a.cg.c(Unknown Source:2)
11-03 10:11:34.129517  3205  3372 W A       : 	at com.google.common.p.a.bk.run(SourceFile:3)
11-03 10:11:34.129517  3205  3372 W A       : 	at com.google.common.p.a.ci.run(Unknown Source:4)
11-03 10:11:34.129517  3205  3372 W A       : 	at com.google.apps.tiktok.concurrent.ab.run(SourceFile:1)
11-03 10:11:34.129517  3205  3372 W A       : 	at java.util.concurrent.ThreadPoolExecutor.runWorker(ThreadPoolExecutor.java:1167)
11-03 10:11:34.129517  3205  3372 W A       : 	at java.util.concurrent.ThreadPoolExecutor$Worker.run(ThreadPoolExecutor.java:641)
11-03 10:11:34.129517  3205  3372 W A       : 	at com.google.apps.tiktok.concurrent.c.run(Unknown Source:4)
11-03 10:11:34.129517  3205  3372 W A       : 	at java.lang.Thread.run(Thread.java:764)
11-03 10:11:34.138416   512 12058 I sensors-hal: handle_indication_realtime:355,  SCHED_FIFO(10) for qmi_cbk
11-03 10:11:34.147317  2520  2520 D HOME    : [StreamDBQueue]Promised revision #3984 to queue a new op
11-03 10:11:34.147601  2520  2520 D WatchStreamManager: Promised rank-blocked=true @ r#3984
11-03 10:11:34.148706  2520 12013 D HOME    : [WatchStreamDB]Item alerting conditions - isInterruptive: false, recentlyInterrupted: false, isItemPinned: false, isUnread: false
11-03 10:11:34.149040  2520 12013 D HOME    : [StreamAlertingRegulator]isTheaterModeEnabled: false, isAlertingAllowedByOffBody: true, matchesLocalInterruptionFilter: true
11-03 10:11:34.149246  2520 12013 D HOME    : [WatchStreamDB]couldItemAlert: false, isTopItemChanged: false, isDeferralForTopItem: false
--------- switch to kernel
11-03 10:11:34.018863     0     0 I CPU3    : update cpu_capacity 1024
11-03 10:11:34.023341     0     0 I CPU1    : update max cpu_capacity 748
11-03 10:11:34.027766     0     0 I CPU2    : update max cpu_capacity 1024
11-03 10:11:34.064107     0     0 I CPU0    : update max cpu_capacity 748
11-03 10:11:34.074405     0     0 I CPU3    : update max cpu_capacity 1024
11-03 10:11:34.182341     0     0 E mdss_dsi_gen_read_status: Read back value from panel is incorrect
--------- switch to main
11-03 10:11:34.352831   512 12060 I sensors-hal: handle_indication_realtime:355,  SCHED_FIFO(10) for qmi_cbk
--------- switch to kernel
11-03 10:11:34.353451     0     0 E bgrsb   : bgrsb_enable: rsb will set report rate
11-03 10:11:34.372038     0     0 E bgrsb   : bgrsb_enable: gpio 32 is valid
--------- switch to main
11-03 10:11:34.522028   504   523 I SDM     : DisplayBase::SetDisplayState: Set state = 3, display 0
11-03 10:11:34.522379   504   523 D SDM     : HWCDisplayPrimary::SetStandByMode: Display is connected successfully
11-03 10:11:34.523351   416   416 D SKGHAL  : standBy_update_control call succeed on 0
11-03 10:11:34.523462   416   416 D SKGHAL  : sendAmbientEvent: done: enable = 0
--------- switch to kernel
11-03 10:11:34.410530     0     0 I         : [touch]FB_BLANK_VSYNC_SUSPEND
11-03 10:11:34.410538     0     0 I         : [touch]Already in suspend state
--------- switch to main
11-03 10:11:34.524624  1686  1823 D SidekickService:    ... endDisplay returns void
11-03 10:11:34.526564   545   545 D SurfaceFlinger: Set power mode=2, type=0 flinger=0xb6bb6000
11-03 10:11:34.527363   504   762 I SDM     : DisplayBase::SetDisplayState: Set state = 1, display 0
11-03 10:11:34.543627   545   545 D SurfaceFlinger: Finished set power mode=2, type=0
--------- switch to kernel
11-03 10:11:34.423166     0     0 I mdss_dsi_panel_set_idle_mode: Idle (1->0)
11-03 10:11:34.424883     0     0 I         : [touch]FB_BLANK_UNBLANK
11-03 10:11:34.424895     0     0 I         : [touch]raydium_ts_do_resume, 1.
11-03 10:11:34.429868     0     0 I         : [ raydium ]workqueue is empty!
11-03 10:11:34.429893     0     0 I raydium_ts 5-0039: [touch]Already enable irq
11-03 10:11:34.429897     0     0 I         : [touch]Device may wakeup
--------- switch to system
11-03 10:11:34.549142  1686  1712 W PowerManagerService: Screen on took 581 ms
11-03 10:11:34.549629  1686  1712 I DreamManagerService: Gently waking up from dream.
11-03 10:11:34.550107  1686  1708 I DreamManagerService: Performing gentle wake from dream.
11-03 10:11:34.551232  1686  1686 V DreamService[AmbientDream]: wakeUp(): fromSystem=true, mWaking=false, mFinished=false
11-03 10:11:34.551382  1686  1686 V DreamService[AmbientDream]: finish(): mFinished=false
11-03 10:11:34.551488  1686  1686 I DreamManagerService: Leaving dreamland.
11-03 10:11:34.552278  1686  1708 I DreamManagerService: Performing gentle wake from dream.
11-03 10:11:34.552477  1686  1708 I DreamController: Stopping dream: name=ComponentInfo{com.google.android.wearable.ambient/com.google.android.wearable.ambient.AmbientDream}, isTest=false, canDoze=true, userId=0
11-03 10:11:34.557542  1686  1686 V DreamService[AmbientDream]: detach(): Calling onDreamingStopped()
--------- switch to main
11-03 10:11:34.558485  1686  1686 I AmbientService: [ce6a28c] doOnDreamingStopped
11-03 10:11:34.558977  1686  1686 W AlarmManagerProxy: Removing unknown listener
11-03 10:11:34.562582  1686  1686 I AmbientService: [ce6a28c] No auto-resume Activity.
11-03 10:11:34.567270  1686  1686 W AlarmManager: Unrecognized alarm listener com.android.server.job.controllers.-$$Lambda$IdleController$IdlenessTracker$nTdS-lGBXcES5VWKcJFmQFgU7IU@1ab437a
11-03 10:11:34.571202  2520  2520 D HOME    : [HomeVisitsLogger]Logging streamlet event: visit_start
--------- switch to system
11-03 10:11:34.571834  1686  1686 W ContextImpl: Calling a method in the system process without a qualified user: android.app.ContextImpl.sendBroadcast:1020 android.content.ContextWrapper.sendBroadcast:449 com.google.android.wearable.ambient.AmbientDream.onDestroy:273 android.app.ActivityThread.handleStopService:3698 android.app.ActivityThread.access$1700:200 
--------- switch to main
11-03 10:11:34.572319  2520  2520 D HOME    : [HomeVisitsLogger]Logging streamlet event: exit_ambient_mode
11-03 10:11:34.573316  2520  2520 D HOME    : [HotwordController]updateClient MODE_WATCH_FACE false false false true
11-03 10:11:34.575828  2520  2520 D HOME    : [WatchFaceUiController]setInAmbientMode false
11-03 10:11:34.576159  2520  2520 D HOME    : [WatchFaceUiController]sendWatchFaceServiceBinder
--------- switch to system
11-03 10:11:34.576675  1686  1686 V DreamService[AmbientDream]: onDestroy()
--------- switch to main
11-03 10:11:34.588081  2520  2520 D HOME    : [WatchFaceUiController]sendStateToWallpaper
11-03 10:11:34.592076  2520  2520 D HOME    : [WatchFaceUiController]Showing watch face wallpaper.
11-03 10:11:34.592590  2520  2520 D HOME    : [WatchFaceUiController]sendStateToWallpaper
11-03 10:11:34.599757  2520  2520 D HOME    : [StreamDBQueue]Promised revision #3985 to queue a new op
11-03 10:11:34.600385  2520  2520 D WatchStreamManager: Promised rank-blocked=true @ r#3985
11-03 10:11:34.601429  2520  2520 D HOME    : [StreamDBQueue]Promised revision #3986 to queue a new op
11-03 10:11:34.601645  2520 10449 D HOME    : [WatchStreamDB]Item alerting conditions - isInterruptive: false, recentlyInterrupted: false, isItemPinned: false, isUnread: false
11-03 10:11:34.602169  2520  2520 D WatchStreamManager: Promised rank-blocked=true @ r#3986
11-03 10:11:34.602462  2520 10449 D HOME    : [StreamAlertingRegulator]isTheaterModeEnabled: false, isAlertingAllowedByOffBody: true, matchesLocalInterruptionFilter: true
11-03 10:11:34.603019  2520 10449 D HOME    : [WatchStreamDB]couldItemAlert: false, isTopItemChanged: false, isDeferralForTopItem: false
11-03 10:11:34.603395  2520  2520 D HOME    : [TilesController]Tile refresh optimization is enabled.
11-03 10:11:34.604214  2520  2520 D HOME    : [EventBus]Wrapper pool is full. Discarding excess wrapper instance for event com.google.android.clockwork.sysui.events.KeyguardStateEvent
11-03 10:11:34.604451  2520  2520 D HOME    : [WatchFaceUiController]sendStateToWallpaper
11-03 10:11:34.605400  2520 10449 D HOME    : [WatchStreamDB]Item alerting conditions - isInterruptive: false, recentlyInterrupted: false, isItemPinned: false, isUnread: false
11-03 10:11:34.610109  2520 10449 D HOME    : [StreamAlertingRegulator]isTheaterModeEnabled: false, isAlertingAllowedByOffBody: true, matchesLocalInterruptionFilter: true
11-03 10:11:34.610842  2520 10449 D HOME    : [WatchStreamDB]couldItemAlert: false, isTopItemChanged: false, isDeferralForTopItem: false
11-03 10:11:34.610842  2520  2520 D HOME    : [EventBus]Wrapper pool is full. Discarding excess wrapper instance for event com.google.android.clockwork.sysui.events.KeyguardStateEvent
11-03 10:11:34.611496  2520  2520 D HOME    : [EventBus]Wrapper pool is full. Discarding excess wrapper instance for event com.google.android.clockwork.sysui.events.KeyguardStateEvent
11-03 10:11:34.617009   512   512 I sensors-hal: activate:107, android.sensor.light/46 en=0
11-03 10:11:34.620910   512   512 I sensors-hal: activate:118, android.sensor.light/46 en=0 completed
11-03 10:11:34.624342  2520  2520 D HOME    : [WatchFaceUiController]sendStateToWallpaper
11-03 10:11:34.624819   512   512 I sensors-hal: batch:140, android.sensor.light/46, period=250000000, max_latency=0
11-03 10:11:34.624946   512   512 I sensors-hal: batch:149, android.sensor.light/46, period=250000000, max_latency=0 request completed
11-03 10:11:34.625673   512   512 I sensors-hal: activate:107, android.sensor.light/46 en=1
11-03 10:11:34.626334   512   512 I sensors-hal: ssc_enable_rt_task:254, ssc_enable_rt_task : true
11-03 10:11:34.631024   512   512 I sensors-hal: activate:118, android.sensor.light/46 en=1 completed
11-03 10:11:34.632086  2520  2520 W StaticLayout: maxLineHeight should not be -1.  maxLines:1 lineCount:1
--------- switch to system
11-03 10:11:34.641954  1686  1686 V SettingsProvider: Notifying for 0: content://settings/system/screen_brightness
--------- switch to main
11-03 10:11:34.645167  1686  1686 I SidekickService: loadBrightnessLocked()
11-03 10:11:34.652909  1686  1686 D SidekickService: screenBrightness  = 87
11-03 10:11:34.654020  1686  1686 D SidekickService: sendConfigValuesLocked(): alsThresholds = [40, 92, 95, 100, 125, 150, 175, 200, 225, 250, 300, 400, 500, 800, 1200], brightnessValuesBright = [50, 56, 60, 70, 80, 90, 100, 115, 120, 140, 160, 180, 200, 220, 240, 255], brightnessValuesDim= [50, 56, 60, 70, 80, 90, 100, 115, 120, 140, 160, 180, 200, 220, 240, 255]
11-03 10:11:34.671271  1686  1686 D SidekickService: setAlsMode(): mode = 2, brightenAlpha = 80, dimmingAlpha = 80
11-03 10:11:34.699202  1686  1686 D SidekickService: setTwmConfig():: msTiltToBright = 10000, tiltToBright = false
11-03 10:11:34.699274  2520  2520 D HOME    : [WatchFaceUiController]sendWatchFaceServiceBinder
11-03 10:11:34.705206  2520  2520 D HOME    : [WatchFaceUiController]sendProperties
11-03 10:11:34.711277  2520  2520 D HOME    : [WatchFaceUiController]sendStateToWallpaper
11-03 10:11:34.713726   512 12068 I sensors-hal: handle_indication_realtime:355,  SCHED_FIFO(10) for qmi_cbk
