11-03 08:53:39.998334  2520  2520 D HOME    : [HotwordController]updateClient MODE_WATCH_FACE false false false true
11-03 08:53:39.998639  1686  1686 E AlarmManager: cancel() called with a null PendingIntent
--------- switch to system
11-03 08:53:39.999169  1686  1686 V DreamService[AmbientDream]: onDestroy()
--------- switch to main
11-03 08:53:40.000024  2520  2520 D HOME    : [WatchFaceUiController]setInAmbientMode false
11-03 08:53:40.000168  2520  2520 D HOME    : [WatchFaceUiController]sendWatchFaceServiceBinder
11-03 08:53:40.008344  2520  2520 D HOME    : [WatchFaceUiController]sendStateToWallpaper
11-03 08:53:40.012039  2520  2520 D HOME    : [WatchFaceUiController]Showing watch face wallpaper.
11-03 08:53:40.012442  2520  2520 D HOME    : [WatchFaceUiController]sendStateToWallpaper
11-03 08:53:40.018034  2520  2520 D HOME    : [StreamDBQueue]Promised revision #3382 to queue a new op
11-03 08:53:40.018674  2520  2520 D WatchStreamManager: Promised rank-blocked=true @ r#3382
11-03 08:53:40.019714  2520  2520 D HOME    : [StreamDBQueue]Promised revision #3383 to queue a new op
11-03 08:53:40.019842  2520 10603 D HOME    : [WatchStreamDB]Item alerting conditions - isInterruptive: false, recentlyInterrupted: false, isItemPinned: false, isUnread: false
11-03 08:53:40.020009  2520  2520 D WatchStreamManager: Promised rank-blocked=true @ r#3383
11-03 08:53:40.020350  2520 10603 D HOME    : [StreamAlertingRegulator]isTheaterModeEnabled: false, isAlertingAllowedByOffBody: true, matchesLocalInterruptionFilter: true
11-03 08:53:40.020897  2520 10603 D HOME    : [WatchStreamDB]couldItemAlert: false, isTopItemChanged: false, isDeferralForTopItem: false
11-03 08:53:40.020918  2520  2520 D HOME    : [TilesController]Tile refresh optimization is enabled.
11-03 08:53:40.021402  2520  2520 D HOME    : [EventBus]Wrapper pool is full. Discarding excess wrapper instance for event com.google.android.clockwork.sysui.events.KeyguardStateEvent
11-03 08:53:40.021592  2520  2520 D HOME    : [WatchFaceUiController]sendStateToWallpaper
11-03 08:53:40.026338  2520  2520 D HOME    : [EventBus]Wrapper pool is full. Discarding excess wrapper instance for event com.google.android.clockwork.sysui.events.KeyguardStateEvent
11-03 08:53:40.027067  2520  2520 D HOME    : [EventBus]Wrapper pool is full. Discarding excess wrapper instance for event com.google.android.clockwork.sysui.events.KeyguardStateEvent
11-03 08:53:40.032528  2520 10603 D HOME    : [WatchStreamDB]Item alerting conditions - isInterruptive: false, recentlyInterrupted: false, isItemPinned: false, isUnread: false
11-03 08:53:40.033857  2520 10603 D HOME    : [StreamAlertingRegulator]isTheaterModeEnabled: false, isAlertingAllowedByOffBody: true, matchesLocalInterruptionFilter: true
11-03 08:53:40.038808  2520  2520 D HOME    : [WatchFaceUiController]sendStateToWallpaper
11-03 08:53:40.034453  2520 10603 D HOME    : [WatchStreamDB]couldItemAlert: false, isTopItemChanged: false, isDeferralForTopItem: false
11-03 08:53:40.048064  2520  2520 W StaticLayout: maxLineHeight should not be -1.  maxLines:1 lineCount:1
11-03 08:53:40.104148  2520  2520 D HOME    : [WatchFaceUiController]sendWatchFaceServiceBinder
11-03 08:53:40.117213  2520  2520 D HOME    : [WatchFaceUiController]sendProperties
11-03 08:53:40.127239   512  1749 I sensors-hal: activate:107, android.sensor.light/46 en=0
11-03 08:53:40.128984  2520  2520 D HOME    : [WatchFaceUiController]sendStateToWallpaper
11-03 08:53:40.133734   512  1749 I sensors-hal: activate:118, android.sensor.light/46 en=0 completed
11-03 08:53:40.142597   512  1749 I sensors-hal: batch:140, android.sensor.light/46, period=250000000, max_latency=0
11-03 08:53:40.142691   512  1749 I sensors-hal: batch:149, android.sensor.light/46, period=250000000, max_latency=0 request completed
11-03 08:53:40.143014   512   512 I sensors-hal: activate:107, android.sensor.light/46 en=1
11-03 08:53:40.143562   512   512 I sensors-hal: ssc_enable_rt_task:254, ssc_enable_rt_task : true
11-03 08:53:40.146456   512   512 I sensors-hal: activate:118, android.sensor.light/46 en=1 completed
--------- switch to system
11-03 08:53:40.149714  1686  1686 V SettingsProvider: Notifying for 0: content://settings/system/screen_brightness
--------- switch to main
11-03 08:53:40.152367  1686  1686 I SidekickService: loadBrightnessLocked()
11-03 08:53:40.153024  1686  1686 D SidekickService: screenBrightness  = 63
11-03 08:53:40.153515  1686  1686 D SidekickService: sendConfigValuesLocked(): alsThresholds = [40, 92, 95, 100, 125, 150, 175, 200, 225, 250, 300, 400, 500, 800, 1200], brightnessValuesBright = [50, 56, 60, 70, 80, 90, 100, 115, 120, 140, 160, 180, 200, 220, 240, 255], brightnessValuesDim= [50, 56, 60, 70, 80, 90, 100, 115, 120, 140, 160, 180, 200, 220, 240, 255]
11-03 08:53:40.166448  1686  1686 D SidekickService: setAlsMode(): mode = 2, brightenAlpha = 80, dimmingAlpha = 80
11-03 08:53:40.173849  1686  1686 D SidekickService: setTwmConfig():: msTiltToBright = 10000, tiltToBright = false
11-03 08:53:40.218818   512 11136 I sensors-hal: handle_indication_realtime:355,  SCHED_FIFO(10) for qmi_cbk
11-03 08:53:40.247375  3316  3328 I .gms.persisten: Background concurrent copying GC freed 55581(2MB) AllocSpace objects, 36(1916KB) LOS objects, 24% free, 8MB/10MB, paused 1.432ms total 351.778ms
11-03 08:53:41.244519  3316 11138 E memtrack: Couldn't load memtrack module
11-03 08:53:41.244784  3316 11138 W android.os.Debug: failed to get memory consumption info: -1
11-03 08:53:41.431623  1686  1686 D HandsFreeClientShard: Connecting HandsFree client profile (retry).
11-03 08:53:41.434183  1686  1686 D BluetoothHeadsetClient: disconnect(14:3C:C3:AD:3D:53)
11-03 08:53:41.436378  1686  1686 D BluetoothHeadsetClient: connect(14:3C:C3:AD:3D:53)
11-03 08:53:41.439446 10095 10167 D HeadsetClientStateMachine: Disconnected process message: 1
11-03 08:53:41.439874 10095 10133 I bt_btif_queue: queue_int_add: adding connection request: address=14:3c:c3:ad:3d:53 UUID=111E busy=false
11-03 08:53:41.439961 10095 10133 I bt_btif_queue: btif_queue_connect_next: executing connection request: address=14:3c:c3:ad:3d:53 UUID=111E busy=false
11-03 08:53:41.440002 10095 10133 E bt_btif : is_connected: not connected!
11-03 08:53:41.440060 10095 10133 W bt_btif : bta_hf_client_find_cb_by_bda: bdaddr mismatch for handle 0 alloc 0
11-03 08:53:41.440093 10095 10133 W bt_btif : bta_hf_client_find_cb_by_bda: bdaddr mismatch for handle 1 alloc 0
11-03 08:53:41.440126 10095 10133 W bt_btif : bta_hf_client_find_cb_by_bda: bdaddr mismatch for handle 2 alloc 0
11-03 08:53:41.440156 10095 10133 W bt_btif : bta_hf_client_find_cb_by_bda: bdaddr mismatch for handle 3 alloc 0
11-03 08:53:41.440185 10095 10133 W bt_btif : bta_hf_client_find_cb_by_bda: bdaddr mismatch for handle 4 alloc 0
11-03 08:53:41.440215 10095 10133 W bt_btif : bta_hf_client_find_cb_by_bda: bdaddr mismatch for handle 5 alloc 0
11-03 08:53:41.440245 10095 10133 W bt_btif : bta_hf_client_find_cb_by_bda: bdaddr mismatch for handle 6 alloc 0
11-03 08:53:41.440276 10095 10133 W bt_btif : bta_hf_client_find_cb_by_bda: bdaddr mismatch for handle 7 alloc 0
11-03 08:53:41.440305 10095 10133 W bt_btif : bta_hf_client_find_cb_by_bda: bdaddr mismatch for handle 8 alloc 0
11-03 08:53:41.440337 10095 10133 W bt_btif : bta_hf_client_find_cb_by_bda: bdaddr mismatch for handle 9 alloc 0
11-03 08:53:41.440366 10095 10133 E bt_btif : bta_hf_client_find_cb_by_bda: block not found
11-03 08:53:41.450794 10095 10095 D AdapterProperties: PROFILE_CONNECTION_STATE_CHANGE: profile=16, device=14:3C:C3:AD:3D:53, 0 -> 1
11-03 08:53:41.451177 10095 10095 D AdapterProperties: ADAPTER_CONNECTION_STATE_CHANGE: 14:3C:C3:AD:3D:53: 0 -> 1
11-03 08:53:41.454395  5603  5603 D BtTelecomReceiver: onReceive: Intent { act=android.bluetooth.headsetclient.profile.action.CONNECTION_STATE_CHANGED flg=0x10 cmp=com.google.android.apps.wearable.bluetooth/com.google.android.clockwork.hfp.BtTelecomBroadcastReceiver (has extras) }
11-03 08:53:41.454705  5603  5603 D BtTelecomReceiver: Hfp connection changed: -724754873 0 -> 1
--------- switch to system
11-03 08:53:41.456911  1686  2468 W BroadcastQueue: Background execution not allowed: receiving Intent { act=android.bluetooth.adapter.action.CONNECTION_STATE_CHANGED flg=0x4000010 (has extras) } to com.google.android.gms/.chimera.GmsIntentOperationService$PersistentTrustedReceiver
--------- switch to kernel
11-03 08:53:42.604216     0     0 E FG      : fg_psy_get_property: unsupported property 7
11-03 08:53:42.606111     0     0 I chatty  : uid=0(root) logd identical 1 line
11-03 08:53:42.607247     0     0 E FG      : fg_psy_get_property: unsupported property 7
11-03 08:53:42.609213     0     0 W healthd : battery l=22 v=3689 t=30.0 h=2 st=3 c=160 fc=443000 cc=0 chg=
--------- switch to main
11-03 08:53:42.714207  2520  2520 D HOME    : [BatteryChange]action: android.intent.action.BATTERY_CHANGED
11-03 08:53:42.714621  2520 10603 D HOME    : [BatteryChange]HandleBatteryChangedTask
11-03 08:53:42.715017  2520 10603 D HOME    : [BatteryChange]level: 22, status: 3
11-03 08:53:42.717233  1956  1956 D QtiCarrierConfigHelper: WARNING, no carrier configs on phone Id: 0
11-03 08:53:42.904881  3338 11139 E memtrack: Couldn't load memtrack module
11-03 08:53:42.904990  3338 11139 W android.os.Debug: failed to get memory consumption info: -1
--------- switch to system
11-03 08:53:44.392439  1686  1712 I PowerManagerService: Going to sleep due to screen timeout (uid 1000)...
11-03 08:53:44.393595  1686  1712 I DreamManagerService: Entering dreamland.
11-03 08:53:44.394283  1686  1712 I PowerManagerService: Dozing...
11-03 08:53:44.396074  1686  1708 I DreamController: Starting dream: name=ComponentInfo{com.google.android.wearable.ambient/com.google.android.wearable.ambient.AmbientDream}, isTest=false, canDoze=true, userId=0
11-03 08:53:44.396123  1686  1686 W UsageStatsService: Event reported without a package name
11-03 08:53:44.418947  1686  1686 W ContextImpl: Calling a method in the system process without a qualified user: android.app.ContextImpl.bindService:1611 android.content.ContextWrapper.bindService:698 com.google.android.wearable.ambient.AmbientDream.onCreate:191 android.app.ActivityThread.handleCreateService:3533 android.app.ActivityThread.access$1300:200 
11-03 08:53:44.432369  1686  1686 W ContextImpl: Calling a method in the system process without a qualified user: android.app.ContextImpl.sendBroadcast:1005 android.content.ContextWrapper.sendBroadcast:444 com.google.android.wearable.ambient.AmbientDream.onCreate:241 android.app.ActivityThread.handleCreateService:3533 android.app.ActivityThread.access$1300:200 
11-03 08:53:44.433047  1686  1686 V DreamService[AmbientDream]: onBind() intent = Intent { act=android.service.dreams.DreamService flg=0x800000 cmp=com.google.android.wearable.ambient/.AmbientDream }
--------- switch to main
11-03 08:53:44.434500  1686  1686 I AmbientService: [ce6a28c] Ambient Created
--------- switch to system
11-03 08:53:44.435231  1686  1686 V DreamService[AmbientDream]: Calling onDreamingStarted()
--------- switch to main
11-03 08:53:44.435437  1686  1686 I AmbientService: [ce6a28c] doOnDreamingStarted
11-03 08:53:44.435855  1686  1686 D SidekickService: setShouldControlDisplay called: true
11-03 08:53:44.436706  1686  1686 I AmbientService: [ce6a28c] Selected running activity for ambient mode: AmbientActivity[component=ComponentInfo{com.google.android.wearable.app/com.google.android.clockwork.home2.activity.HomeActivity2}, callbacks=@210b385, running=true, ambientRequested=true, ambientEnabled=true, offloadEnabled=true]
11-03 08:53:44.437180  1686  1686 I AmbientService: [ce6a28c] Sidekick is ready to display, requesting doze.
11-03 08:53:44.437745  1686  1686 I AmbientService: [ce6a28c] No auto-resume Activity.
11-03 08:53:44.439368  1686  1686 W DefaultSettingsContentR: Value for ambient_low_bit_enabled not stored as number. Attempting parse as boolean.
11-03 08:53:44.441341  2520  2520 D HOME    : [HomeVisitsLogger]Logging streamlet event: enter_ambient_mode
11-03 08:53:44.442098  2520  2520 D HOME    : [HotwordController]updateClient MODE_WATCH_FACE false true false true
11-03 08:53:44.442292  2520 10603 D HOME    : [HomeVisitsLogger]Logging streamlet event: visit_end
11-03 08:53:44.443060  2520  2520 D HOME    : [WatchFaceUiController]setInAmbientMode true
11-03 08:53:44.443122  1686  1686 I AmbientService: [ce6a28c] Showing watch face in offload mode, canceling alarm.
11-03 08:53:44.443177  1686  1686 W AlarmManagerProxy: Removing unknown listener
11-03 08:53:44.443289  1686  1686 D WristGestureCtrl: Stopping detectors: GesturesEnabled-false gestureDetector-false ungazeEnabled-true ungaze-true
11-03 08:53:44.443330  1686  1686 D DefaultUngazeDetector: stopping
11-03 08:53:44.444015   512   512 I sensors-hal: batch:140, android.sensor.accelerometer/48, period=66667000, max_latency=100000000
11-03 08:53:44.446984   512   512 I sensors-hal: batch:149, android.sensor.accelerometer/48, period=66667000, max_latency=100000000 request completed
11-03 08:53:44.449554  2520 10603 I SidekickManager: replaceWatchFaceComponentsImpl(): watchFace = com.google.android.clockwork.decomposablewatchface.WatchFaceDecomposition@e9d2258
11-03 08:53:44.450127  2520  2520 D HOME    : [StreamDBQueue]Promised revision #3384 to queue a new op
11-03 08:53:44.450377  2520  2520 D WatchStreamManager: Promised rank-blocked=false @ r#3384
11-03 08:53:44.450810  2520  2520 D HOME    : [StreamDBQueue]Promised revision #3385 to queue a new op
11-03 08:53:44.451006  2520  2520 D WatchStreamManager: Promised rank-blocked=false @ r#3385
11-03 08:53:44.451651  2520 11078 D HOME    : [StreamDBQueue]Promised revision #3386 to queue a new op
11-03 08:53:44.451657  2520  2520 D HOME    : [EventBus]Wrapper pool is full. Discarding excess wrapper instance for event com.google.android.clockwork.sysui.events.KeyguardStateEvent
11-03 08:53:44.451736  2520  2520 D HOME    : [WatchFaceUiController]sendStateToWallpaper
11-03 08:53:44.451778  2520 11078 D WatchStreamManager: Promised rerank @ r#3386
11-03 08:53:44.452568  2520 10692 D HOME    : [WatchStreamDB]Item alerting conditions - isInterruptive: false, recentlyInterrupted: false, isItemPinned: false, isUnread: false
11-03 08:53:44.453054  1686  2583 D SidekickService: sendWatchFaceComponents called: watchFace = com.google.android.clockwork.decomposablewatchface.WatchFaceDecomposition@406626cshouldReplace = false
11-03 08:53:44.453678  2520 10692 D HOME    : [StreamAlertingRegulator]isTheaterModeEnabled: false, isAlertingAllowedByOffBody: true, matchesLocalInterruptionFilter: true
11-03 08:53:44.453678  2520  2520 D HOME    : [EventBus]Wrapper pool is full. Discarding excess wrapper instance for event com.google.android.clockwork.sysui.events.KeyguardStateEvent
11-03 08:53:44.454053  2520  2520 D HOME    : [EventBus]Wrapper pool is full. Discarding excess wrapper instance for event com.google.android.clockwork.sysui.events.KeyguardStateEvent
11-03 08:53:44.454754  1686  2583 D SidekickService: Check decomposition for calling app com.google.android.wearable.app with uid 10049
11-03 08:53:44.455132  1686  2583 D SidekickService: sendWatchFaceLocked(): shouldReplace = false, mSidekickIsControlling = false, 1 images, 0 fonts, 0 numbers, 0 proportionalFonts, 0 strings
11-03 08:53:44.455189  1686  2583 D SidekickService: ISidekickGraphics#beginResources()...
11-03 08:53:44.456076  2520 10692 D HOME    : [WatchStreamDB]couldItemAlert: false, isTopItemChanged: false, isDeferralForTopItem: false
11-03 08:53:44.456498  1686  2583 D SidekickServiceUtils: bitmapFromDrawable: Returning bitmap directly
11-03 08:53:44.457291  2520 10692 D HOME    : [WatchStreamDB]Item alerting conditions - isInterruptive: false, recentlyInterrupted: false, isItemPinned: false, isUnread: false
11-03 08:53:44.457650  2520 10692 D HOME    : [StreamAlertingRegulator]isTheaterModeEnabled: false, isAlertingAllowedByOffBody: true, matchesLocalInterruptionFilter: true
11-03 08:53:44.457892  2520 10692 D HOME    : [WatchStreamDB]couldItemAlert: false, isTopItemChanged: false, isDeferralForTopItem: false
11-03 08:53:44.458412  2520 10692 D HOME    : [WatchStreamDB]updateRanking()
11-03 08:53:44.458981  2520 10692 D HOME    : [WatchStreamDB]Item alerting conditions - isInterruptive: false, recentlyInterrupted: false, isItemPinned: false, isUnread: false
11-03 08:53:44.459287  2520 10692 D HOME    : [StreamAlertingRegulator]isTheaterModeEnabled: false, isAlertingAllowedByOffBody: true, matchesLocalInterruptionFilter: true
11-03 08:53:44.459502  1686  2583 D SidekickService: sendBitmapsLocked(): bounds = RectF(0.0, 0.0, 0.0024038462, 0.0024038462), drawableInfo = {.id = 100000, .width = 1, .height = 1, .display = true, .offsetX = 0.0, .offsetY = 0.0, .rotationInfo = {.hasRotation = false, .pivotX = 0.0, .pivotY = 0.0, .degreesPerDay = 0.0, .degreesPerStep = 0.0, .zeroDegreesTime = {.daysSinceLocalEpoch = 0, .msSinceMidnight = 0}}, .transformInfo = {.transformed = false, .flipX = false, .flipY = false, .flip45 = false, .scaleX = 0.0, .scaleY = 0.0}, .type = GENERIC, .blink = {.blinking = false, .periodOnMs = 0.0, .periodOffMs = 0.0, .startTime = {.daysSinceLocalEpoch = 0, .msSinceMidnight = 0}}, .zOrder = 8, .displayInTwm = true}, image.size() = 84
11-03 08:53:44.459635  2520 10692 D HOME    : [WatchStreamDB]couldItemAlert: false, isTopItemChanged: false, isDeferralForTopItem: false
11-03 08:53:44.460372   416  2389 D SKGHAL  : saveResource: resId = 100000
11-03 08:53:44.460350  2520 10692 D HOME    : [NewStreamAdapter]Publishing revision #3386 to adapter clients
11-03 08:53:44.460955  1686  2583 D SidekickService: sendBitmapsLocked(): status = 0, bytesUsed = 18
11-03 08:53:44.461138  1686  2583 D SidekickService: ISidekickGraphics#endResources()...
11-03 08:53:44.461282  2520 11078 D HOME    : [StreamDBQueue]Promised revision #3387 to queue a new op
11-03 08:53:44.461487  2520 11078 D WatchStreamManager: Promised rerank @ r#3387
11-03 08:53:44.461736  2520 10295 D HOME    : [WatchStreamDB]updateRanking()
11-03 08:53:44.462239  2520 10295 D HOME    : [WatchStreamDB]Item alerting conditions - isInterruptive: false, recentlyInterrupted: false, isItemPinned: false, isUnread: false
11-03 08:53:44.462547  2520 10295 D HOME    : [StreamAlertingRegulator]isTheaterModeEnabled: false, isAlertingAllowedByOffBody: true, matchesLocalInterruptionFilter: true
11-03 08:53:44.462777  2520 10295 D HOME    : [WatchStreamDB]couldItemAlert: false, isTopItemChanged: false, isDeferralForTopItem: false
11-03 08:53:44.464474  2520  2520 W StaticLayout: maxLineHeight should not be -1.  maxLines:1 lineCount:1
11-03 08:53:44.464968  2520 10295 D HOME    : [NewStreamAdapter]Publishing revision #3387 to adapter clients
11-03 08:53:44.694076   416  2389 D SKGHAL  : sendResources: metadata size = 2400, font size = 72
11-03 08:53:44.766604   416  2389 D SKGHAL  : endResources: rc = 0
11-03 08:53:44.768618  1686  1686 W system_server: Long monitor contention with owner Binder:1686_B (2583) at int com.google.android.clockwork.sidekick.SidekickService$BinderService.sendWatchFace(com.google.android.clockwork.decomposablewatchface.WatchFaceDecomposition, boolean)(SidekickService.java:1021) waiters=0 in boolean com.google.android.clockwork.sidekick.SidekickService$BinderService.readyToDisplay() for 312ms
11-03 08:53:44.769988  2520  2520 D HOME    : [SidekickManagerAsync]replaceWatchFaceComponents(): Callback#onResult(): 0
11-03 08:53:44.770504  2520  2520 D HOME    : [WatchFaceUiController]Complication updates sent, posting watch face hiding
11-03 08:53:44.770613  2520  2520 D HOME    : [WatchFaceUiController]Still in ambient watch face, hiding
11-03 08:53:44.770682  2520  2520 D HOME    : [WatchFaceUiController]Hiding watch face wallpaper.
--------- switch to system
11-03 08:53:44.771264  1686  1686 W Looper  : Slow dispatch took 315ms main h=android.os.Handler c=com.google.android.wearable.ambient.AmbientDream$Callbacks$1@43d0035 m=0
--------- switch to kernel
11-03 08:53:42.609464     0     0 W healthd : battery l=22 v=3689 t=30.0 h=2 st=3 c=160 fc=443000 cc=0 chg=
11-03 08:53:44.693895     0     0 E FG      : fg_psy_get_property: unsupported property 7
11-03 08:53:44.696543     0     0 W healthd : battery l=22 v=3684 t=30.0 h=2 st=3 c=161 fc=443000 cc=0 chg=
--------- switch to main
11-03 08:53:44.802883   512   512 I sensors-hal: activate:107, android.sensor.light/46 en=0
11-03 08:53:44.807550   512   512 I sensors-hal: activate:118, android.sensor.light/46 en=0 completed
11-03 08:53:44.813790  1956  1956 D QtiCarrierConfigHelper: WARNING, no carrier configs on phone Id: 0
11-03 08:53:44.823555  2520  2520 D HOME    : [BatteryChange]action: android.intent.action.BATTERY_CHANGED
11-03 08:53:44.824747  2520 10603 D HOME    : [BatteryChange]HandleBatteryChangedTask
11-03 08:53:44.834932  2520 10603 D HOME    : [BatteryChange]level: 22, status: 3
--------- switch to system
11-03 08:53:44.843620  1686  1710 I DisplayManagerService: Display device changed state: "Écran intégré", DOZE_SUSPEND
--------- switch to main
11-03 08:53:44.859113   545   545 D SurfaceFlinger: Set power mode=3, type=0 flinger=0xb6bb6000
11-03 08:53:44.860622   504   762 I SDM     : DisplayBase::SetDisplayState: Set state = 3, display 0
11-03 08:53:44.923255   545   545 D SurfaceFlinger: Finished set power mode=3, type=0
--------- switch to kernel
11-03 08:53:44.765298     0     0 I mdss_dsi_panel_set_idle_mode: Idle (0->1)
11-03 08:53:44.821681     0     0 I         : [touch]FB_BLANK_VSYNC_SUSPEND
11-03 08:53:44.821695     0     0 I         : [touch]irq disable
11-03 08:53:44.821705     0     0 I         : [touch]workqueue is empty!
11-03 08:53:44.821709     0     0 I         : [touch]raydium_ts_do_suspend.
11-03 08:53:44.821731     0     0 I         : [touch]Device may wakeup
11-03 08:53:44.826637     0     0 I         : [touch]irq enable
--------- switch to main
11-03 08:53:44.924694  1686  1823 I SidekickService: beginDisplayLocked(): DOZE_SUSPEND
11-03 08:53:44.926693   416  2389 D SKGHAL  : sendAmbientPrepare: enter:
11-03 08:53:44.938227  1686  1759 I InputReader: Reconfiguring input devices.  changes=0x00000004
11-03 08:53:45.048325   416  2389 D SKGHAL  : sendAmbientEvent: enter: enable = 1
11-03 08:53:45.050174   504   523 I SDM     : DisplayBase::SetDisplayState: Set state = 4, display 0
11-03 08:53:45.050321   504   523 D SDM     : HWCDisplayPrimary::SetStandByMode: Null display is connected successfully
11-03 08:53:45.050584   416  2389 D SKGHAL  : standBy_update_control call succeed on 1
11-03 08:53:45.066552   416  2389 D SKGHAL  : sendAmbientEvent: done: enable = 1
11-03 08:53:45.067811  1686  1823 D SidekickService:    ... beginDisplay result: 0 for halPower: 1
11-03 08:53:45.072949   512   512 I sensors-hal: activate:107, android.sensor.accelerometer/48 en=0
11-03 08:53:45.076379   512   512 I sensors-hal: activate:118, android.sensor.accelerometer/48 en=0 completed
11-03 08:53:45.082894  1686  1799 E WifiStateMachine: getWifiLinkLayerStats called without an interface
--------- switch to kernel
11-03 08:53:44.983978     0     0 E bgrsb   : bgrsb_enable: gpio 32 is valid
--------- switch to main
11-03 08:53:45.103829  1686  1686 I WearPower: [WearTouchMediator] changing touch input to enabled (ON_AUTO)
11-03 08:53:45.105238  1686  1759 I InputReader: Reconfiguring input devices.  changes=0x00000200
11-03 08:53:45.114961  1686  1686 I AmbientService: [ce6a28c] Timeout alarm not required, auto-resume timeout handled by dream.
--------- switch to kernel
11-03 08:53:45.012577     0     0 I init    : processing action (ro.enable_core_ctl=true && sys.cw_corectl_mode=idle) from (/vendor/etc/init/hw/init.qcom.rc:949)
--------- switch to main
11-03 08:53:45.127833  3205  3434 W WorkController: Loading failed for worker [trainingcache]: worker not found
11-03 08:53:45.130346  3205  3372 W A       : TrainingCache cache SCREEN_OFF failure
11-03 08:53:45.130346  3205  3372 W A       : com.google.android.apps.gsa.search.core.service.h.a.a: No worker found for Worker ID [trainingcache].
11-03 08:53:45.130346  3205  3372 W A       : 	at com.google.android.apps.gsa.search.core.service.g.a.c.a(Unknown Source:5)
11-03 08:53:45.130346  3205  3372 W A       : 	at com.google.android.libraries.gsa.c.a.d.a(Unknown Source:3)
11-03 08:53:45.130346  3205  3372 W A       : 	at com.google.common.p.a.cg.c(Unknown Source:2)
11-03 08:53:45.130346  3205  3372 W A       : 	at com.google.common.p.a.bk.run(SourceFile:3)
11-03 08:53:45.130346  3205  3372 W A       : 	at com.google.common.p.a.ci.run(Unknown Source:4)
11-03 08:53:45.130346  3205  3372 W A       : 	at com.google.apps.tiktok.concurrent.ab.run(SourceFile:1)
11-03 08:53:45.130346  3205  3372 W A       : 	at java.util.concurrent.ThreadPoolExecutor.runWorker(ThreadPoolExecutor.java:1167)
11-03 08:53:45.130346  3205  3372 W A       : 	at java.util.concurrent.ThreadPoolExecutor$Worker.run(ThreadPoolExecutor.java:641)
11-03 08:53:45.130346  3205  3372 W A       : 	at com.google.apps.tiktok.concurrent.c.run(Unknown Source:4)
11-03 08:53:45.130346  3205  3372 W A       : 	at java.lang.Thread.run(Thread.java:764)
11-03 08:53:45.158637  2520  2520 D HOME    : [StreamDBQueue]Promised revision #3388 to queue a new op
11-03 08:53:45.159591  2520  2520 D WatchStreamManager: Promised rank-blocked=false @ r#3388
11-03 08:53:45.160406  2520  2520 D HOME    : [CompactHunStarter]detachWindow()
11-03 08:53:45.161697  2520 11078 D HOME    : [StreamDBQueue]Promised revision #3389 to queue a new op
11-03 08:53:45.162159  2520 11078 D WatchStreamManager: Promised rerank @ r#3389
11-03 08:53:45.162926  2520 10603 D HOME    : [WatchStreamDB]Item alerting conditions - isInterruptive: false, recentlyInterrupted: false, isItemPinned: false, isUnread: false
11-03 08:53:45.163805  2520 10603 D HOME    : [StreamAlertingRegulator]isTheaterModeEnabled: false, isAlertingAllowedByOffBody: true, matchesLocalInterruptionFilter: true
11-03 08:53:45.164362  2520 10603 D HOME    : [WatchStreamDB]couldItemAlert: false, isTopItemChanged: false, isDeferralForTopItem: false
11-03 08:53:45.165962  2520 10603 D HOME    : [WatchStreamDB]updateRanking()
11-03 08:53:45.167839  2520 10603 D HOME    : [WatchStreamDB]Item alerting conditions - isInterruptive: false, recentlyInterrupted: false, isItemPinned: false, isUnread: false
11-03 08:53:45.170018  2520 10603 D HOME    : [StreamAlertingRegulator]isTheaterModeEnabled: false, isAlertingAllowedByOffBody: true, matchesLocalInterruptionFilter: true
11-03 08:53:45.170700  2520 10603 D HOME    : [WatchStreamDB]couldItemAlert: false, isTopItemChanged: false, isDeferralForTopItem: false
11-03 08:53:45.172508  2520 10603 D HOME    : [NewStreamAdapter]Publishing revision #3389 to adapter clients
--------- switch to kernel
11-03 08:53:45.071041     0     0 I CPU1    : update max cpu_capacity 748
11-03 08:53:45.079187     0     0 I CPU3    : update max cpu_capacity 1024
11-03 08:53:45.082827     0     0 I CPU2    : shutdown
11-03 08:53:45.086032     0     0 I init    : Command 'write /sys/devices/system/cpu/cpu2/online 0' action=ro.enable_core_ctl=true && sys.cw_corectl_mode=idle (/vendor/etc/init/hw/init.qcom.rc:951) took 73ms and succeeded
11-03 08:53:45.193611     0     0 I PM      : suspend entry 2021-11-03 07:53:45.193611277 UTC
11-03 08:53:45.193620     0     0 I PM      : Syncing filesystems ... done.
11-03 08:53:45.239672     0     0 I CPU3    : shutdown
11-03 08:53:45.240728     0     0 I         : Freezing user space processes ...
11-03 08:53:45.244466     0     0 I PM      : Wakeup pending, aborting suspend
11-03 08:53:45.244503     0     0 I         : active wakeup source: NETLINK
11-03 08:53:45.244545     0     0 E         : Freezing of tasks aborted after 0.003 seconds
11-03 08:53:45.244556     0     0 I         : Restarting tasks ...
11-03 08:53:45.244912     0     0 I init    : Command 'write /sys/devices/system/cpu/cpu3/online 0' action=ro.enable_core_ctl=true && sys.cw_corectl_mode=idle (/vendor/etc/init/hw/init.qcom.rc:952) took 62ms and succeeded
11-03 08:53:45.245023     0     0 W QSEECOM : qseecom_receive_req: Interrupted: exiting Listener Service = 12288
11-03 08:53:45.245065     0     0 W QSEECOM : qseecom_receive_req: Interrupted: exiting Listener Service = 28672
11-03 08:53:45.245114     0     0 W QSEECOM : qseecom_receive_req: Interrupted: exiting Listener Service = 10
11-03 08:53:45.248894     0     0 I CPU1    : update max cpu_capacity 748
11-03 08:53:45.249149     0     0 W QSEECOM : qseecom_receive_req: Interrupted: exiting Listener Service = 8192
11-03 08:53:45.249266     0     0 W QSEECOM : qseecom_receive_req: Interrupted: exiting Listener Service = 11
11-03 08:53:45.250648     0     0 I         : done.
11-03 08:53:45.251140     0     0 I PM      : suspend exit 2021-11-03 07:53:45.251140965 UTC
11-03 08:53:45.452707     0     0 I PM      : suspend entry 2021-11-03 07:53:45.452707163 UTC
11-03 08:53:45.452728     0     0 I PM      : Syncing filesystems ... done.
11-03 08:53:45.479894     0     0 I         : Freezing user space processes ... (elapsed 0.009 seconds) done.
11-03 08:53:45.489616     0     0 I         : Freezing remaining freezable tasks ... (elapsed 0.006 seconds) done.
11-03 08:53:45.495742     0     0 I         : Suspending console(s) (use no_console_suspend to debug)
11-03 08:53:45.510432     0     0 I mdss_dsi_panel_set_idle_mode: Idle (1->1)
11-03 08:53:45.551141     0     0 I bgcom   : bgcom_pm_suspend: suspended with : 0
11-03 08:53:45.577946     0     0 I PM      : suspend of devices complete after 78.647 msecs
11-03 08:53:45.583326     0     0 I PM      : late suspend of devices complete after 5.341 msecs
11-03 08:53:45.589129     0     0 I PM      : noirq suspend of devices complete after 5.765 msecs
11-03 08:53:45.589144     0     0 I         : Disabling non-boot CPUs ...
11-03 08:53:45.608501     0     0 I CPU1    : shutdown
11-03 08:53:45.610722     0     0 I suspend ns: 3097489627026	suspend cycles:    1104248547506
11-03 08:53:45.610700     0     0 I CPU0    : msm_cpu_pm_enter_sleep mode:3 during suspend
11-03 08:53:45.610700     0     0 I         : Suspended for 1.015 seconds
11-03 08:53:45.610700     0     0 I resume cycles: 1104268038412
11-03 08:53:45.611135     0     0 I         : Enabling non-boot CPUs ...
11-03 08:53:45.611949     0     0 I CPU1    : update cpu_capacity 1024
11-03 08:53:45.613412     0     0 I         : CPU1 is up
11-03 08:53:45.615330     0     0 I CPU1    : update max cpu_capacity 748
11-03 08:53:45.617185     0     0 I PM      : noirq resume of devices complete after 3.424 msecs
11-03 08:53:45.622271     0     0 I PM      : early resume of devices complete after 3.676 msecs
11-03 08:53:45.652832     0     0 I bgcom   : bgcom_pm_resume: Bgcom resumed with : 0
11-03 08:53:45.663072     0     0 I mdss_dsi_panel_set_idle_mode: Idle (1->1)
11-03 08:53:45.699420     0     0 I PM      : resume of devices complete after 77.118 msecs
11-03 08:53:45.701997     0     0 I         : Restarting tasks ...
11-03 08:53:45.705861     0     0 W QSEECOM : qseecom_receive_req: Interrupted: exiting Listener Service = 8192
11-03 08:53:45.705956     0     0 W QSEECOM : qseecom_receive_req: Interrupted: exiting Listener Service = 11
11-03 08:53:45.706004     0     0 W QSEECOM : qseecom_receive_req: Interrupted: exiting Listener Service = 10
11-03 08:53:45.706054     0     0 W QSEECOM : qseecom_receive_req: Interrupted: exiting Listener Service = 28672
11-03 08:53:45.709579     0     0 W QSEECOM : qseecom_receive_req: Interrupted: exiting Listener Service = 12288
--------- switch to main
11-03 08:53:46.730669 10095 10150 W bt_sdp  : SDP - Rcvd conn cnf with error: 0x4  CID 0x58
11-03 08:53:46.731518 10095 10133 D BluetoothHeadsetClientServiceJni: connection_state_cb: state 0 peer_feat 0 chld_feat 0
11-03 08:53:46.732542 10095 10133 E bt_btif : btif_hf_client_get_cb_by_bda: could not find block for bdaddr
11-03 08:53:46.732663 10095 10133 E bt_btif : btif_hf_client_upstreams_evt: event 3 but not allocating block: cb not found
11-03 08:53:46.732766 10095 10133 I bt_btif_queue: queue_int_advance: removing connection request: address=14:3c:c3:ad:3d:53 UUID=111E busy=true
11-03 08:53:46.733852 10095 10167 D HeadsetClientStateMachine: Enter Disconnected: 100
--------- switch to kernel
11-03 08:53:45.730694     0     0 I         : done.
11-03 08:53:46.746875     0     0 I PM      : suspend exit 2021-11-03 07:53:46.746875964 UTC
--------- switch to main
11-03 08:53:46.743060 10095 10095 D AdapterProperties: PROFILE_CONNECTION_STATE_CHANGE: profile=16, device=14:3C:C3:AD:3D:53, 1 -> 0
11-03 08:53:46.743644  5603  5603 D BtTelecomReceiver: onReceive: Intent { act=android.bluetooth.headsetclient.profile.action.CONNECTION_STATE_CHANGED flg=0x10 cmp=com.google.android.apps.wearable.bluetooth/com.google.android.clockwork.hfp.BtTelecomBroadcastReceiver (has extras) }
11-03 08:53:46.743852  5603  5603 D BtTelecomReceiver: Hfp connection changed: -724754873 1 -> 0
11-03 08:53:46.743840 10095 10095 D AdapterProperties: ADAPTER_CONNECTION_STATE_CHANGE: 14:3C:C3:AD:3D:53: 1 -> 0
11-03 08:53:46.757518  5603  5603 D HfpClientConnService: onCreate
--------- switch to system
11-03 08:53:46.758480  1686  1698 W BroadcastQueue: Background execution not allowed: receiving Intent { act=android.bluetooth.adapter.action.CONNECTION_STATE_CHANGED flg=0x4000010 (has extras) } to com.google.android.gms/.chimera.GmsIntentOperationService$PersistentTrustedReceiver
--------- switch to main
11-03 08:53:46.759252  5603  5603 D HfpClientConnService: disabling HFP
11-03 08:53:46.759477  5603  5603 I HfpClientConnService: enable request:Enable Request - time:1635926026743 type:false reason:headset client disconnected
11-03 08:53:46.763568  5603  5603 I HfpClientConnService: account already disabled
--------- switch to kernel
11-03 08:53:47.120995     0     0 I PM      : suspend entry 2021-11-03 07:53:47.120995912 UTC
11-03 08:53:47.121017     0     0 I PM      : Syncing filesystems ... done.
11-03 08:53:47.230897     0     0 I         : Freezing user space processes ... (elapsed 0.007 seconds) done.
11-03 08:53:47.238136     0     0 I         : Freezing remaining freezable tasks ... (elapsed 0.003 seconds) done.
11-03 08:53:47.241890     0     0 I         : Suspending console(s) (use no_console_suspend to debug)
11-03 08:53:47.253931     0     0 I mdss_dsi_panel_set_idle_mode: Idle (1->1)
11-03 08:53:47.295784     0     0 I bgcom   : bgcom_pm_suspend: suspended with : 0
11-03 08:53:47.331754     0     0 I PM      : suspend of devices complete after 87.650 msecs
11-03 08:53:47.337206     0     0 I PM      : late suspend of devices complete after 5.407 msecs
11-03 08:53:47.342980     0     0 I PM      : noirq suspend of devices complete after 5.733 msecs
11-03 08:53:47.342993     0     0 I         : Disabling non-boot CPUs ...
11-03 08:53:47.363567     0     0 I CPU1    : shutdown
11-03 08:53:47.365564     0     0 I suspend ns: 3098229319944	suspend cycles:    1104282240516
11-03 08:53:47.365542     0     0 I CPU0    : msm_cpu_pm_enter_sleep mode:3 during suspend
11-03 08:53:47.365542     0     0 I         : Suspended for 55.183 seconds
11-03 08:53:47.365542     0     0 I resume cycles: 1105341761728
11-03 08:53:47.366046     0     0 I         : Enabling non-boot CPUs ...
11-03 08:53:47.366872     0     0 I CPU1    : update cpu_capacity 1024
11-03 08:53:47.368303     0     0 I         : CPU1 is up
11-03 08:53:47.370343     0     0 I CPU1    : update max cpu_capacity 748
11-03 08:53:47.372066     0     0 I PM      : noirq resume of devices complete after 3.439 msecs
11-03 08:53:47.377774     0     0 I PM      : early resume of devices complete after 3.854 msecs
11-03 08:53:47.409757     0     0 I bgcom   : bgcom_pm_resume: Bgcom resumed with : 0
11-03 08:53:47.420368     0     0 I mdss_dsi_panel_set_idle_mode: Idle (1->1)
11-03 08:53:47.455437     0     0 I PM      : resume of devices complete after 77.622 msecs
11-03 08:53:47.459546     0     0 I         : Restarting tasks ...
11-03 08:53:47.463250     0     0 W QSEECOM : qseecom_receive_req: Interrupted: exiting Listener Service = 8192
11-03 08:53:47.463350     0     0 W QSEECOM : qseecom_receive_req: Interrupted: exiting Listener Service = 12288
11-03 08:53:47.463395     0     0 W QSEECOM : qseecom_receive_req: Interrupted: exiting Listener Service = 11
11-03 08:53:47.463446     0     0 W QSEECOM : qseecom_receive_req: Interrupted: exiting Listener Service = 10
11-03 08:53:47.466950     0     0 W QSEECOM : qseecom_receive_req: Interrupted: exiting Listener Service = 28672
11-03 08:53:47.475198     0     0 I         : done.
11-03 08:54:42.659438     0     0 I PM      : suspend exit 2021-11-03 07:54:42.659438234 UTC
11-03 08:54:42.761612     0     0 I PM      : suspend entry 2021-11-03 07:54:42.761612609 UTC
11-03 08:54:42.761631     0     0 I PM      : Syncing filesystems ... done.
11-03 08:54:42.867788     0     0 I         : Freezing user space processes ... (elapsed 0.007 seconds) done.
11-03 08:54:42.875035     0     0 I         : Freezing remaining freezable tasks ... (elapsed 0.003 seconds) done.
11-03 08:54:42.878943     0     0 I         : Suspending console(s) (use no_console_suspend to debug)
11-03 08:54:42.890397     0     0 I mdss_dsi_panel_set_idle_mode: Idle (1->1)
11-03 08:54:42.929009     0     0 I bgcom   : bgcom_pm_suspend: suspended with : 0
11-03 08:54:42.964689     0     0 I PM      : suspend of devices complete after 83.525 msecs
11-03 08:54:42.970058     0     0 I PM      : late suspend of devices complete after 5.324 msecs
11-03 08:54:42.975759     0     0 I PM      : noirq suspend of devices complete after 5.664 msecs
11-03 08:54:42.975774     0     0 I         : Disabling non-boot CPUs ...
11-03 08:54:42.996767     0     0 I CPU1    : shutdown
11-03 08:54:42.998722     0     0 I suspend ns: 3098679083955	suspend cycles:    1105350397197
11-03 08:54:42.998701     0     0 I CPU0    : msm_cpu_pm_enter_sleep mode:3 during suspend
11-03 08:54:42.998701     0     0 I         : Suspended for 45.549 seconds
11-03 08:54:42.998701     0     0 I resume cycles: 1106224953370
11-03 08:54:42.999140     0     0 I         : Enabling non-boot CPUs ...
11-03 08:54:42.999961     0     0 I CPU1    : update cpu_capacity 1024
11-03 08:54:43.001414     0     0 I         : CPU1 is up
11-03 08:54:43.003657     0     0 I CPU1    : update max cpu_capacity 748
11-03 08:54:43.005202     0     0 I PM      : noirq resume of devices complete after 3.452 msecs
11-03 08:54:43.011011     0     0 I PM      : early resume of devices complete after 3.944 msecs
11-03 08:54:43.040835     0     0 I bgcom   : bgcom_pm_resume: Bgcom resumed with : 0
11-03 08:54:43.051052     0     0 I mdss_dsi_panel_set_idle_mode: Idle (1->1)
11-03 08:54:43.088799     0     0 I PM      : resume of devices complete after 77.744 msecs
11-03 08:54:43.093025     0     0 I         : Restarting tasks ...
11-03 08:54:43.096267     0     0 W QSEECOM : qseecom_receive_req: Interrupted: exiting Listener Service = 8192
11-03 08:54:43.096327     0     0 W QSEECOM : qseecom_receive_req: Interrupted: exiting Listener Service = 12288
11-03 08:54:43.096372     0     0 W QSEECOM : qseecom_receive_req: Interrupted: exiting Listener Service = 11
11-03 08:54:43.096404     0     0 W QSEECOM : qseecom_receive_req: Interrupted: exiting Listener Service = 10
11-03 08:54:43.097714     0     0 E FG      : fg_psy_get_property: unsupported property 7
11-03 08:54:43.098579     0     0 W QSEECOM : qseecom_receive_req: Interrupted: exiting Listener Service = 28672
11-03 08:55:28.563145     0     0 W healthd : battery l=22 v=3772 t=29.0 h=2 st=3 c=5 fc=443000 cc=0 chg=
11-03 08:55:28.569011     0     0 I         : done.
11-03 08:55:28.665853     0     0 I PM      : suspend exit 2021-11-03 07:55:28.665853529 UTC
11-03 08:55:28.768291     0     0 I PM      : suspend entry 2021-11-03 07:55:28.768291654 UTC
11-03 08:55:28.768313     0     0 I PM      : Syncing filesystems ... done.
11-03 08:55:28.879107     0     0 I         : Freezing user space processes ... (elapsed 0.007 seconds) done.
11-03 08:55:28.886241     0     0 I         : Freezing remaining freezable tasks ... (elapsed 0.003 seconds) done.
11-03 08:55:28.890135     0     0 I         : Suspending console(s) (use no_console_suspend to debug)
11-03 08:55:28.901589     0     0 I mdss_dsi_panel_set_idle_mode: Idle (1->1)
11-03 08:55:28.938982     0     0 I bgcom   : bgcom_pm_suspend: suspended with : 0
11-03 08:55:28.975107     0     0 I PM      : suspend of devices complete after 82.757 msecs
11-03 08:55:28.980503     0     0 I PM      : late suspend of devices complete after 5.357 msecs
11-03 08:55:28.986210     0     0 I PM      : noirq suspend of devices complete after 5.666 msecs
11-03 08:55:28.986225     0     0 I         : Disabling non-boot CPUs ...
11-03 08:55:29.006458     0     0 I CPU1    : shutdown
11-03 08:55:29.008338     0     0 I suspend ns: 3099138896508	suspend cycles:    1106233781771
11-03 08:55:29.008316     0     0 I CPU0    : msm_cpu_pm_enter_sleep mode:3 during suspend
11-03 08:55:29.008316     0     0 I         : Suspended for 166.538 seconds
11-03 08:55:29.008316     0     0 I resume cycles: 1109431323120
11-03 08:55:29.008695     0     0 I         : Enabling non-boot CPUs ...
11-03 08:55:29.009513     0     0 I CPU1    : update cpu_capacity 1024
11-03 08:55:29.010974     0     0 I         : CPU1 is up
11-03 08:55:29.013337     0     0 I CPU1    : update max cpu_capacity 748
11-03 08:55:29.014748     0     0 I PM      : noirq resume of devices complete after 3.453 msecs
11-03 08:55:29.020485     0     0 I PM      : early resume of devices complete after 3.881 msecs
11-03 08:55:29.052190     0     0 I bgcom   : bgcom_pm_resume: Bgcom resumed with : 0
11-03 08:55:29.063095     0     0 I mdss_dsi_panel_set_idle_mode: Idle (1->1)
11-03 08:55:29.098369     0     0 I PM      : resume of devices complete after 77.841 msecs
11-03 08:55:29.102652     0     0 I         : Restarting tasks ...
11-03 08:55:29.106221     0     0 W QSEECOM : qseecom_receive_req: Interrupted: exiting Listener Service = 11
11-03 08:55:29.106309     0     0 W QSEECOM : qseecom_receive_req: Interrupted: exiting Listener Service = 10
11-03 08:55:29.109866     0     0 W QSEECOM : qseecom_receive_req: Interrupted: exiting Listener Service = 8192
11-03 08:55:29.109958     0     0 W QSEECOM : qseecom_receive_req: Interrupted: exiting Listener Service = 12288
11-03 08:55:29.110004     0     0 W QSEECOM : qseecom_receive_req: Interrupted: exiting Listener Service = 28672
11-03 08:55:29.118739     0     0 I         : done.
11-03 08:58:15.658338     0     0 I PM      : suspend exit 2021-11-03 07:58:15.658338569 UTC
--------- switch to main
11-03 08:58:15.697215  2520  2714 D HOME    : [TickMonitor]Received time tick
11-03 08:58:15.734896  1686  1686 D WearWifiMediator: Wifi Backoff expired.
11-03 08:58:15.735556  1686  1686 D WearWifiMediator: setWifiDecision: true; reason: ON_PROXY_DISCONNECTED
11-03 08:58:15.736134  1686  1686 D WearWifiMediator: Scheduling wifi backoff
--------- switch to system
11-03 08:58:15.737888  1686  1821 D WifiService: setWifiEnabled: true pid=1686, uid=1000, package=android
--------- switch to main
11-03 08:58:15.738219  1686  1821 I WifiService: setWifiEnabled package=android uid=1000 enable=true
11-03 08:58:15.739878  1686  1798 D WifiController: StaEnabledState.enter()
11-03 08:58:15.741086  1686  1799 D WifiStateMachinePrime: received a message in WifiDisabledState: { when=-1ms what=0 target=com.android.internal.util.StateMachine$SmHandler }
11-03 08:58:15.741305  1686  1799 D WifiStateMachinePrime: Switching from WifiDisabledState to ClientMode
11-03 08:58:15.741438  1686  1799 D WifiStateMachinePrime: Entering ClientModeActiveState
11-03 08:58:15.742885  1686  1799 D WifiClientModeManager: entering IdleState
11-03 08:58:15.743549  1686  1799 D WifiStateMachinePrime: State changed from client mode. state = 2
--------- switch to system
11-03 08:58:15.753086  1686  1686 V SettingsProvider: Notifying for 0: content://settings/global/wifi_on
--------- switch to main
11-03 08:58:15.759392  4243  4243 I OMService: mReceiver action: android.net.wifi.WIFI_STATE_CHANGED
11-03 08:58:15.794673  2520  2714 D HOME    : [TickMonitor]handleTimeTick() finished
--------- switch to kernel
11-03 08:58:16.483853     0     0 I wlan    : loading driver v3.0.11.85
11-03 08:58:16.491403     0     0 I ueventd : firmware: loading 'wlan/prima/WCNSS_qcom_cfg.ini' for '/devices/platform/soc/a000000.qcom,wcnss-wlan/firmware/wlan!prima!WCNSS_qcom_cfg.ini'
11-03 08:58:16.494583     0     0 I ueventd : loading /devices/platform/soc/a000000.qcom,wcnss-wlan/firmware/wlan!prima!WCNSS_qcom_cfg.ini took 3ms
11-03 08:58:16.507935     0     0 I ueventd : firmware: loading 'wlan/prima/WCNSS_qcom_wlan_nv.bin' for '/devices/platform/soc/a000000.qcom,wcnss-wlan/firmware/wlan!prima!WCNSS_qcom_wlan_nv.bin'
11-03 08:58:16.509865     0     0 I ueventd : loading /devices/platform/soc/a000000.qcom,wcnss-wlan/firmware/wlan!prima!WCNSS_qcom_wlan_nv.bin took 2ms
11-03 08:58:16.555256     0     0 I ueventd : firmware: loading 'wlan/prima/wlan_mac.bin' for '/devices/platform/soc/a000000.qcom,wcnss-wlan/firmware/wlan!prima!wlan_mac.bin'
11-03 08:58:16.556241     0     0 E ueventd : firmware: could not find firmware for wlan/prima/wlan_mac.bin
11-03 08:58:16.556586     0     0 I ueventd : loading /devices/platform/soc/a000000.qcom,wcnss-wlan/firmware/wlan!prima!wlan_mac.bin took 2ms
11-03 08:58:16.559586     0     0 I wcnss   : wcnss_get_serial_number: Device serial number: 465348764
11-03 08:58:16.752224     0     0 I wlan    : WCNSS WLAN version 1.5.1.2
11-03 08:58:16.752238     0     0 I wlan    : WCNSS software version CNSS-PR-4-0-4-00061
11-03 08:58:16.752246     0     0 I wlan    : WCNSS hardware version WCN v2.0 RadioPhy vRhea_GF_1.12 with 19.2MHz XO
11-03 08:58:16.752333     0     0 I         : DefaultCountry is 00
11-03 08:58:16.830174     0     0 I wlan_logging_sock_activate_svc: Initalizing FEConsoleLog = 1 NumBuff = 32
11-03 08:58:16.830619     0     0 I wlan_logging_sock_activate_svc: Initalizing Pkt stats pkt_stats_buff = 16
11-03 08:58:16.832527     0     0 I wlan    : driver loaded
--------- switch to system
11-03 08:58:16.834214   516   516 I android.hardware.wifi@1.0-service: Wifi HAL started
--------- switch to main
11-03 08:58:16.834895  1686  1799 I WifiVendorHal: Vendor Hal started successfully
--------- switch to kernel
11-03 08:58:16.836759     0     0 I init    : Received control message 'start' for 'wpa_supplicant' from pid: 618 (/system/bin/wificond)
11-03 08:58:16.837425     0     0 I init    : starting service 'wpa_supplicant'...
11-03 08:58:16.840748     0     0 I init    : Created socket '/dev/socket/wpa_wlan0', mode 660, user 1010, group 1010
11-03 08:58:16.840983     0     0 I send_filled_buffers_to_user: Send Failed -3 drop_count = 0
11-03 08:58:16.879681     0     0 E mdss_dsi_gen_read_status: Read back value from panel is incorrect
--------- switch to main
11-03 08:58:16.913209 11155 11155 D wpa_supplicant: wpa_supplicant v2.7-devel-9
11-03 08:58:16.913402 11155 11155 D wpa_supplicant: Global control interface '@android:wpa_wlan0'
11-03 08:58:16.913521 11155 11155 D wpa_supplicant: Using Android control socket 'wpa_wlan0'
11-03 08:58:16.913578 11155 11155 D wpa_supplicant: Initing hidl control
11-03 08:58:16.913906 11155 11155 I wpa_supplicant: Processing hidl events on FD 4
11-03 08:58:16.918035 11155 11155 I wpa_supplicant: Successfully initialized wpa_supplicant
11-03 08:58:16.921599  1686  8984 I android_os_HwBinder: HwBinder: Starting thread pool for default::android.hardware.wifi.supplicant@1.0::ISupplicant
11-03 08:58:16.922756  1686  8984 I SupplicantStaIfaceHal: Completed initialization of ISupplicant.
11-03 08:58:16.955264   516   516 I WifiHAL : Initializing wifi
11-03 08:58:16.958695   516   516 E CLD80211: /vendor/bin/hw/android.hardware.wifi@1.0-service: Could not resolve cld80211 familty id
--------- switch to kernel
11-03 08:58:16.954551     0     0 I IPv6    : ADDRCONF(NETDEV_UP): wlan0: link is not ready
--------- switch to main
11-03 08:58:16.961682   516   516 E WifiHAL : get_firmware_bus_max_size_supported: requestResponse Error:-3
11-03 08:58:16.961772   516   516 E WifiHAL : Failed to get supported bus size, error : -3
11-03 08:58:16.962018   516   516 E WifiHAL : wifi_logger_ring_buffers_init: Ring buffer logging feature not supported 0
11-03 08:58:16.962054   516   516 E WifiHAL : Wifi Logger Ring Initialization Failed
11-03 08:58:16.965017   516   516 E WifiHAL : wifiParseCapabilities: QCA_WLAN_VENDOR_ATTR_GSCAN_RESULTS_CAPABILITIES_MAX_NUM_EPNO_NETS not found. Set to 0.
11-03 08:58:16.965099   516   516 E WifiHAL : wifiParseCapabilities: QCA_WLAN_VENDOR_ATTR_GSCAN_RESULTS_CAPABILITIES_MAX_NUM_EPNO_NETS_BY_SSID not found. Set to 0.
11-03 08:58:16.965128   516   516 E WifiHAL : wifiParseCapabilities: QCA_WLAN_VENDOR_ATTR_GSCAN_RESULTS_CAPABILITIES_MAX_NUM_WHITELISTED_SSID not found. Set to 0.
11-03 08:58:16.965151   516   516 E WifiHAL : wifiParseCapabilities: QCA_WLAN_VENDOR_ATTR_GSCAN_RESULTS_CAPABILITIES_MAX_NUM_BLACKLIST_BSSID not found. Set to 0.
--------- switch to system
11-03 08:58:16.965973   516   516 I android.hardware.wifi@1.0-service: Adding interface handle for p2p0
11-03 08:58:16.966073   516   516 I android.hardware.wifi@1.0-service: Adding interface handle for wlan0
11-03 08:58:16.966767   516   516 I android.hardware.wifi@1.0-service: Configured chip in mode 0
--------- switch to main
11-03 08:58:16.991993   516   516 I WifiHAL : mpdu_size_threshold : 128, aggressive_statistics_gathering : 0
11-03 08:58:16.993550  1686  1799 D WificondControl: Setting up interface for client mode
--------- switch to system
11-03 08:58:16.997438   618   618 I wificond: create scanner for interface with index: 28
