11-03 08:47:19.626321  2520  2520 D HOME    : [SurfaceRenderer]maybeRender: hasWindowFocus = true, hasViewFocus = false, hasModelToRender = true, shouldRender = true
11-03 08:47:19.626758  2520  2520 D HOME    : [SurfaceRenderer]cardLifecycleParent: onStart
11-03 08:47:19.627045  2520  2520 D HOME    : [SurfaceRenderer]cardLifecycleParent: onResume
11-03 08:47:19.640400  2520  2520 D HOME    : [JoviUpdater]background update succeeded
11-03 08:47:19.645451  1686 10916 I GnssLocationProvider: WakeLock acquired by sendMessage(SET_REQUEST, 0, com.android.server.location.GnssLocationProvider$GpsRequest@5df85a9)
11-03 08:47:19.645649  2520 10449 D HOME    : [DataRequester]cancelScheduledUpdates TileConfig{id=-1, provider=ComponentInfo{com.google.android.wearable.app/com.google.android.clockwork.home.jovi.tile.JoviTileProviderService}}
11-03 08:47:19.646051  2520 10449 D HOME    : [DataRequester]cancelScheduledUpdates could not find jobId for provider -1
11-03 08:47:19.646510  2520 10449 D HOME    : [DataRequester]updateFinished -1
11-03 08:47:19.646703  2520 10449 D HOME    : [ProviderConnMgr]Unbinding from service
11-03 08:47:19.648404   501   501 I LocSvc_GnssInterface: ===> setPositionMode line 269 
11-03 08:47:19.651820  2520 10449 D HOME    : [DataRequester]Scheduling job for TileConfig{id=-1, provider=ComponentInfo{com.google.android.wearable.app/com.google.android.clockwork.home.jovi.tile.JoviTileProviderService}} delay=14400 jobId=2000131
11-03 08:47:19.651993   501   501 I LocSvc_GnssInterface: ===> start line 208 
11-03 08:47:19.652097   501   501 I LocSvc_APIClientBase: locAPIStartTracking:342] start new session: 54
11-03 08:47:19.652529   501  1894 I LocSvc_api_v02: ---> locClientSendReq line 2298 QMI_LOC_REG_EVENTS_REQ_V02
11-03 08:47:19.654330  1686  1701 I GnssLocationProvider: WakeLock released by handleMessage(SET_REQUEST, 0, com.android.server.location.GnssLocationProvider$GpsRequest@5df85a9)
11-03 08:47:19.654665   501  1894 I LocSvc_api_v02: ---> locClientSendReq line 2298 QMI_LOC_SET_OPERATION_MODE_REQ_V02
11-03 08:47:19.655564   501  1904 I LocSvc_ApiV02: <--- globalRespCb line 178 QMI_LOC_SET_OPERATION_MODE_REQ_V02
11-03 08:47:19.655705   501  1894 I LocSvc_api_v02: ---> locClientSendReq line 2298 QMI_LOC_START_REQ_V02
11-03 08:47:19.763469  2520  2541 I id.wearable.ap: Background concurrent copying GC freed 61522(2MB) AllocSpace objects, 0(0B) LOS objects, 24% free, 7MB/10MB, paused 195us total 179.006ms
11-03 08:47:19.815692   512   512 I sensors-hal: activate:107, android.sensor.light/46 en=0
11-03 08:47:19.817281   512   512 I sensors-hal: activate:118, android.sensor.light/46 en=0 completed
11-03 08:47:19.819371   512   512 I sensors-hal: batch:140, android.sensor.light/46, period=250000000, max_latency=0
11-03 08:47:19.819456   512   512 I sensors-hal: batch:149, android.sensor.light/46, period=250000000, max_latency=0 request completed
11-03 08:47:19.820424   512   512 I sensors-hal: activate:107, android.sensor.light/46 en=1
11-03 08:47:19.821303   512   512 I sensors-hal: ssc_enable_rt_task:254, ssc_enable_rt_task : true
11-03 08:47:19.828282   512   512 I sensors-hal: activate:118, android.sensor.light/46 en=1 completed
--------- switch to system
11-03 08:47:19.833923  1686  1686 V SettingsProvider: Notifying for 0: content://settings/system/screen_brightness
--------- switch to main
11-03 08:47:19.834761  1686  1686 I SidekickService: loadBrightnessLocked()
11-03 08:47:19.835587  1686  1686 D SidekickService: screenBrightness  = 108
11-03 08:47:19.836206  1686  1686 D SidekickService: sendConfigValuesLocked(): alsThresholds = [40, 92, 95, 100, 125, 150, 175, 200, 225, 250, 300, 400, 500, 800, 1200], brightnessValuesBright = [50, 56, 60, 70, 80, 90, 100, 115, 120, 140, 160, 180, 200, 220, 240, 255], brightnessValuesDim= [50, 56, 60, 70, 80, 90, 100, 115, 120, 140, 160, 180, 200, 220, 240, 255]
11-03 08:47:19.848525  1686  1686 D SidekickService: setAlsMode(): mode = 2, brightenAlpha = 80, dimmingAlpha = 80
11-03 08:47:19.857777  1686  1686 D SidekickService: setTwmConfig():: msTiltToBright = 10000, tiltToBright = false
11-03 08:47:19.902956   512 11077 I sensors-hal: handle_indication_realtime:355,  SCHED_FIFO(10) for qmi_cbk
11-03 08:47:20.628838  2520  2520 D HOME    : [SurfaceRenderer]cardLifecycleParent: onPause
11-03 08:47:20.629278  2520  2520 D HOME    : [SurfaceRenderer]cardLifecycleParent: onStop
11-03 08:47:20.667915   501  1904 I LocSvc_ApiV02: <--- globalEventCb line 152 QMI_LOC_EVENT_POSITION_REPORT_IND_V02
11-03 08:47:21.500981 10095 10150 W bt_sdp  : SDP - Rcvd conn cnf with error: 0x4  CID 0x57
11-03 08:47:21.501540 10095 10133 D BluetoothHeadsetClientServiceJni: connection_state_cb: state 0 peer_feat 0 chld_feat 0
11-03 08:47:21.502077 10095 10133 E bt_btif : btif_hf_client_get_cb_by_bda: could not find block for bdaddr
11-03 08:47:21.502172 10095 10133 E bt_btif : btif_hf_client_upstreams_evt: event 3 but not allocating block: cb not found
11-03 08:47:21.502248 10095 10133 I bt_btif_queue: queue_int_advance: removing connection request: address=14:3c:c3:ad:3d:53 UUID=111E busy=true
11-03 08:47:21.502277 10095 10167 D HeadsetClientStateMachine: Enter Disconnected: 100
11-03 08:47:21.505193 10095 10095 D AdapterProperties: PROFILE_CONNECTION_STATE_CHANGE: profile=16, device=14:3C:C3:AD:3D:53, 1 -> 0
11-03 08:47:21.505709 10095 10095 D AdapterProperties: ADAPTER_CONNECTION_STATE_CHANGE: 14:3C:C3:AD:3D:53: 1 -> 0
11-03 08:47:21.507594  5603  5603 D BtTelecomReceiver: onReceive: Intent { act=android.bluetooth.headsetclient.profile.action.CONNECTION_STATE_CHANGED flg=0x10 cmp=com.google.android.apps.wearable.bluetooth/com.google.android.clockwork.hfp.BtTelecomBroadcastReceiver (has extras) }
11-03 08:47:21.507785  5603  5603 D BtTelecomReceiver: Hfp connection changed: -724754873 1 -> 0
11-03 08:47:21.515237  5603  5603 D HfpClientConnService: onCreate
--------- switch to system
11-03 08:47:21.516054  1686  2014 W BroadcastQueue: Background execution not allowed: receiving Intent { act=android.bluetooth.adapter.action.CONNECTION_STATE_CHANGED flg=0x4000010 (has extras) } to com.google.android.gms/.chimera.GmsIntentOperationService$PersistentTrustedReceiver
--------- switch to main
11-03 08:47:21.516383  5603  5603 D HfpClientConnService: disabling HFP
11-03 08:47:21.516579  5603  5603 I HfpClientConnService: enable request:Enable Request - time:1635925641507 type:false reason:headset client disconnected
11-03 08:47:21.519692  5603  5603 I HfpClientConnService: account already disabled
11-03 08:47:21.667324   501  1904 I LocSvc_ApiV02: <--- globalEventCb line 152 QMI_LOC_EVENT_POSITION_REPORT_IND_V02
11-03 08:47:21.924500   512  1749 I sensors-hal: batch:140, android.sensor.accelerometer/48, period=66667000, max_latency=100000000
11-03 08:47:21.925981   512  1749 I sensors-hal: batch:149, android.sensor.accelerometer/48, period=66667000, max_latency=100000000 request completed
11-03 08:47:21.926762  1686  1686 D DefaultUngazeDetector: Ungaze event occurred; emitting gesture event!
11-03 08:47:21.926884  1686  1686 D WristGestureCtrl: Gesture:GESTURE UNGAZE, timestamp(ms): 57118770, confidence: 0.0, latency(ms): 0, duration(ms): 2586
11-03 08:47:21.928359   512  1749 I sensors-hal: batch:140, android.sensor.accelerometer/48, period=19231000, max_latency=100000000
11-03 08:47:21.929851   512  1749 I sensors-hal: batch:149, android.sensor.accelerometer/48, period=19231000, max_latency=100000000 request completed
11-03 08:47:21.930431   512  1749 I sensors-hal: flush:169, android.sensor.accelerometer/48
--------- switch to system
11-03 08:47:21.930628  1686  1686 I WindowManager: sleepRelease() calling goToSleep(GO_TO_SLEEP_REASON_SLEEP_BUTTON)
11-03 08:47:21.930906  1686  1686 I PowerManagerService: Going to sleep due to sleep button (uid 1000)...
11-03 08:47:21.932428  1686  1712 I DreamManagerService: Entering dreamland.
11-03 08:47:21.932428  1686  1686 W UsageStatsService: Event reported without a package name
--------- switch to main
11-03 08:47:21.933513   512  1749 I sensors-hal: flush:175, android.sensor.accelerometer/48 completed
--------- switch to system
11-03 08:47:21.934493  1686  1712 I PowerManagerService: Dozing...
11-03 08:47:21.949209  1686  1708 I DreamController: Starting dream: name=ComponentInfo{com.google.android.wearable.ambient/com.google.android.wearable.ambient.AmbientDream}, isTest=false, canDoze=true, userId=0
11-03 08:47:21.971105  1686  1686 W ContextImpl: Calling a method in the system process without a qualified user: android.app.ContextImpl.bindService:1611 android.content.ContextWrapper.bindService:698 com.google.android.wearable.ambient.AmbientDream.onCreate:191 android.app.ActivityThread.handleCreateService:3533 android.app.ActivityThread.access$1300:200 
11-03 08:47:21.973552  1686  1686 W ContextImpl: Calling a method in the system process without a qualified user: android.app.ContextImpl.sendBroadcast:1005 android.content.ContextWrapper.sendBroadcast:444 com.google.android.wearable.ambient.AmbientDream.onCreate:241 android.app.ActivityThread.handleCreateService:3533 android.app.ActivityThread.access$1300:200 
11-03 08:47:21.975975  1686  1686 V DreamService[AmbientDream]: onBind() intent = Intent { act=android.service.dreams.DreamService flg=0x800000 cmp=com.google.android.wearable.ambient/.AmbientDream }
--------- switch to main
11-03 08:47:21.977007  1686  1686 I AmbientService: [ce6a28c] Ambient Created
--------- switch to system
11-03 08:47:21.979827  1686  1686 V DreamService[AmbientDream]: Calling onDreamingStarted()
--------- switch to main
11-03 08:47:21.981648  1686  1686 I AmbientService: [ce6a28c] doOnDreamingStarted
11-03 08:47:21.982272  1686  1686 D SidekickService: setShouldControlDisplay called: true
11-03 08:47:21.983619  1686  1686 I AmbientService: [ce6a28c] Selected running activity for ambient mode: AmbientActivity[component=ComponentInfo{com.google.android.wearable.app/com.google.android.clockwork.home2.activity.HomeActivity2}, callbacks=@210b385, running=true, ambientRequested=true, ambientEnabled=true, offloadEnabled=true]
11-03 08:47:21.984383  1686  1686 I AmbientService: [ce6a28c] Sidekick is ready to display, requesting doze.
11-03 08:47:21.985135  1686  1686 I AmbientService: [ce6a28c] No auto-resume Activity.
11-03 08:47:21.986963  1686  1686 W DefaultSettingsContentR: Value for ambient_low_bit_enabled not stored as number. Attempting parse as boolean.
11-03 08:47:21.988174  2520  2520 D HOME    : [HomeVisitsLogger]Logging streamlet event: enter_ambient_mode
11-03 08:47:21.988771  2520  2520 D HOME    : [HotwordController]updateClient MODE_WATCH_FACE false true false true
11-03 08:47:21.989711  2520  2520 D HOME    : [WatchFaceUiController]setInAmbientMode true
11-03 08:47:21.989919  1686  1686 I AmbientService: [ce6a28c] Showing watch face in offload mode, canceling alarm.
11-03 08:47:21.989984  1686  1686 W AlarmManagerProxy: Removing unknown listener
11-03 08:47:21.990218  1686  1686 D WristGestureCtrl: Stopping detectors: GesturesEnabled-false gestureDetector-false ungazeEnabled-true ungaze-true
11-03 08:47:21.990275  1686  1686 D DefaultUngazeDetector: stopping
11-03 08:47:21.991587  2520  2520 D HOME    : [StreamDBQueue]Promised revision #3348 to queue a new op
11-03 08:47:21.991812  2520  2520 D WatchStreamManager: Promised rank-blocked=false @ r#3348
11-03 08:47:21.992276  2520 10603 I SidekickManager: replaceWatchFaceComponentsImpl(): watchFace = com.google.android.clockwork.decomposablewatchface.WatchFaceDecomposition@37a0b93
11-03 08:47:21.992260  2520  2520 D HOME    : [StreamDBQueue]Promised revision #3349 to queue a new op
11-03 08:47:21.992456  2520  2520 D WatchStreamManager: Promised rank-blocked=false @ r#3349
11-03 08:47:21.992790  2520 11013 D HOME    : [WatchStreamDB]Item alerting conditions - isInterruptive: false, recentlyInterrupted: false, isItemPinned: false, isUnread: false
11-03 08:47:21.993097  2520 11013 D HOME    : [StreamAlertingRegulator]isTheaterModeEnabled: false, isAlertingAllowedByOffBody: true, matchesLocalInterruptionFilter: true
11-03 08:47:21.993094  2520  2520 D HOME    : [EventBus]Wrapper pool is full. Discarding excess wrapper instance for event com.google.android.clockwork.sysui.events.KeyguardStateEvent
11-03 08:47:21.993134  1686  2014 D SidekickService: sendWatchFaceComponents called: watchFace = com.google.android.clockwork.decomposablewatchface.WatchFaceDecomposition@6f554b6shouldReplace = false
11-03 08:47:21.993185  2520  2520 D HOME    : [WatchFaceUiController]sendStateToWallpaper
11-03 08:47:21.993314  1686  2014 D SidekickService: Check decomposition for calling app com.google.android.wearable.app with uid 10049
11-03 08:47:21.993324  2520 11013 D HOME    : [WatchStreamDB]couldItemAlert: false, isTopItemChanged: false, isDeferralForTopItem: false
11-03 08:47:21.994133  2520 11013 D HOME    : [WatchStreamDB]Item alerting conditions - isInterruptive: false, recentlyInterrupted: false, isItemPinned: false, isUnread: false
11-03 08:47:21.994427  2520 11013 D HOME    : [StreamAlertingRegulator]isTheaterModeEnabled: false, isAlertingAllowedByOffBody: true, matchesLocalInterruptionFilter: true
11-03 08:47:21.994665  2520 11013 D HOME    : [WatchStreamDB]couldItemAlert: false, isTopItemChanged: false, isDeferralForTopItem: false
11-03 08:47:21.994692  2520  2520 D HOME    : [EventBus]Wrapper pool is full. Discarding excess wrapper instance for event com.google.android.clockwork.sysui.events.KeyguardStateEvent
11-03 08:47:21.994895  2520  2520 D HOME    : [EventBus]Wrapper pool is full. Discarding excess wrapper instance for event com.google.android.clockwork.sysui.events.KeyguardStateEvent
11-03 08:47:21.996431   512  1749 I sensors-hal: batch:140, android.sensor.accelerometer/48, period=66667000, max_latency=100000000
11-03 08:47:22.000651  2520  2520 W StaticLayout: maxLineHeight should not be -1.  maxLines:1 lineCount:1
11-03 08:47:22.000675  1686  2014 D SidekickService: sendWatchFaceLocked(): shouldReplace = false, mSidekickIsControlling = false, 1 images, 0 fonts, 0 numbers, 0 proportionalFonts, 0 strings
11-03 08:47:22.001807  1686  2014 D SidekickService: ISidekickGraphics#beginResources()...
11-03 08:47:21.995980  2520 10692 D HOME    : [StreamDBQueue]Promised revision #3350 to queue a new op
11-03 08:47:22.003027   512  1749 I sensors-hal: batch:149, android.sensor.accelerometer/48, period=66667000, max_latency=100000000 request completed
11-03 08:47:22.003334  2520 10692 D WatchStreamManager: Promised rerank @ r#3350
11-03 08:47:22.006503  2520 10449 D HOME    : [HomeVisitsLogger]Logging streamlet event: visit_end
11-03 08:47:22.008568  2520 11013 D HOME    : [WatchStreamDB]updateRanking()
11-03 08:47:22.009196  2520 11013 D HOME    : [WatchStreamDB]Item alerting conditions - isInterruptive: false, recentlyInterrupted: false, isItemPinned: false, isUnread: false
11-03 08:47:22.009287  1686  2014 D SidekickServiceUtils: bitmapFromDrawable: Returning bitmap directly
11-03 08:47:22.009541  2520 11013 D HOME    : [StreamAlertingRegulator]isTheaterModeEnabled: false, isAlertingAllowedByOffBody: true, matchesLocalInterruptionFilter: true
11-03 08:47:22.009813  2520 11013 D HOME    : [WatchStreamDB]couldItemAlert: false, isTopItemChanged: false, isDeferralForTopItem: false
11-03 08:47:22.010695  2520 11013 D HOME    : [NewStreamAdapter]Publishing revision #3350 to adapter clients
11-03 08:47:22.011535  1686  2014 D SidekickService: sendBitmapsLocked(): bounds = RectF(0.0, 0.0, 0.0024038462, 0.0024038462), drawableInfo = {.id = 100000, .width = 1, .height = 1, .display = true, .offsetX = 0.0, .offsetY = 0.0, .rotationInfo = {.hasRotation = false, .pivotX = 0.0, .pivotY = 0.0, .degreesPerDay = 0.0, .degreesPerStep = 0.0, .zeroDegreesTime = {.daysSinceLocalEpoch = 0, .msSinceMidnight = 0}}, .transformInfo = {.transformed = false, .flipX = false, .flipY = false, .flip45 = false, .scaleX = 0.0, .scaleY = 0.0}, .type = GENERIC, .blink = {.blinking = false, .periodOnMs = 0.0, .periodOffMs = 0.0, .startTime = {.daysSinceLocalEpoch = 0, .msSinceMidnight = 0}}, .zOrder = 8, .displayInTwm = true}, image.size() = 84
11-03 08:47:22.012296  2520 10692 D HOME    : [StreamDBQueue]Promised revision #3351 to queue a new op
11-03 08:47:22.012398   416  2389 D SKGHAL  : saveResource: resId = 100000
11-03 08:47:22.012804  1686  2014 D SidekickService: sendBitmapsLocked(): status = 0, bytesUsed = 18
11-03 08:47:22.013033  1686  2014 D SidekickService: ISidekickGraphics#endResources()...
11-03 08:47:22.015176  2520 10692 D WatchStreamManager: Promised rerank @ r#3351
11-03 08:47:22.015416  2520 10295 D HOME    : [WatchStreamDB]updateRanking()
11-03 08:47:22.016204  2520 10295 D HOME    : [WatchStreamDB]Item alerting conditions - isInterruptive: false, recentlyInterrupted: false, isItemPinned: false, isUnread: false
11-03 08:47:22.016869  2520 10295 D HOME    : [StreamAlertingRegulator]isTheaterModeEnabled: false, isAlertingAllowedByOffBody: true, matchesLocalInterruptionFilter: true
11-03 08:47:22.017374  2520 10295 D HOME    : [WatchStreamDB]couldItemAlert: false, isTopItemChanged: false, isDeferralForTopItem: false
11-03 08:47:22.018347  2520 10295 D HOME    : [NewStreamAdapter]Publishing revision #3351 to adapter clients
11-03 08:47:22.337051   416  2389 D SKGHAL  : sendResources: metadata size = 2400, font size = 72
11-03 08:47:22.396962   416  2389 D SKGHAL  : endResources: rc = 0
11-03 08:47:22.397795  1686  1686 W system_server: Long monitor contention with owner Binder:1686_5 (2014) at int com.google.android.clockwork.sidekick.SidekickService$BinderService.sendWatchFace(com.google.android.clockwork.decomposablewatchface.WatchFaceDecomposition, boolean)(SidekickService.java:1021) waiters=0 in boolean com.google.android.clockwork.sidekick.SidekickService$BinderService.readyToDisplay() for 400ms
11-03 08:47:22.398712  2520  2520 D HOME    : [SidekickManagerAsync]replaceWatchFaceComponents(): Callback#onResult(): 0
11-03 08:47:22.399176  2520  2520 D HOME    : [WatchFaceUiController]Complication updates sent, posting watch face hiding
11-03 08:47:22.399292  2520  2520 D HOME    : [WatchFaceUiController]Still in ambient watch face, hiding
--------- switch to system
11-03 08:47:22.399300  1686  1686 W Looper  : Slow dispatch took 403ms main h=android.os.Handler c=com.google.android.wearable.ambient.AmbientDream$Callbacks$1@108b5b7 m=0
--------- switch to main
11-03 08:47:22.399349  2520  2520 D HOME    : [WatchFaceUiController]Hiding watch face wallpaper.
--------- switch to kernel
11-03 08:47:22.317726     0     0 E FG      : fg_psy_get_property: unsupported property 7
11-03 08:47:22.319731     0     0 W healthd : battery l=22 v=3668 t=30.0 h=2 st=3 c=187 fc=443000 cc=0 chg=
--------- switch to main
11-03 08:47:22.424190  1956  1956 D QtiCarrierConfigHelper: WARNING, no carrier configs on phone Id: 0
11-03 08:47:22.444126   512  1749 I sensors-hal: activate:107, android.sensor.light/46 en=0
11-03 08:47:22.446071  2520  2520 D HOME    : [BatteryChange]action: android.intent.action.BATTERY_CHANGED
11-03 08:47:22.446652  2520 10603 D HOME    : [BatteryChange]HandleBatteryChangedTask
11-03 08:47:22.447231  2520 10603 D HOME    : [BatteryChange]level: 22, status: 3
11-03 08:47:22.447472   512  1749 I sensors-hal: activate:118, android.sensor.light/46 en=0 completed
11-03 08:47:22.450302   545   545 D SurfaceFlinger: Set power mode=3, type=0 flinger=0xb6bb6000
11-03 08:47:22.451497   504   762 I SDM     : DisplayBase::SetDisplayState: Set state = 3, display 0
--------- switch to system
11-03 08:47:22.452862  1686  1710 I DisplayManagerService: Display device changed state: "Écran intégré", DOZE_SUSPEND
--------- switch to main
11-03 08:47:22.474408  1686  1759 I InputReader: Reconfiguring input devices.  changes=0x00000004
11-03 08:47:22.485509   545   545 D SurfaceFlinger: Finished set power mode=3, type=0
11-03 08:47:22.488031  1686  1823 I SidekickService: beginDisplayLocked(): DOZE_SUSPEND
11-03 08:47:22.488670   416  2389 D SKGHAL  : sendAmbientPrepare: enter:
--------- switch to kernel
11-03 08:47:22.357176     0     0 I mdss_dsi_panel_set_idle_mode: Idle (0->1)
11-03 08:47:22.387698     0     0 I         : [touch]FB_BLANK_VSYNC_SUSPEND
11-03 08:47:22.387703     0     0 I         : [touch]irq disable
11-03 08:47:22.387707     0     0 I         : [touch]workqueue is empty!
11-03 08:47:22.387710     0     0 I         : [touch]raydium_ts_do_suspend.
11-03 08:47:22.387719     0     0 I         : [touch]Device may wakeup
11-03 08:47:22.390837     0     0 I         : [touch]irq enable
--------- switch to main
11-03 08:47:22.619172   416  2389 D SKGHAL  : sendAmbientEvent: enter: enable = 1
11-03 08:47:22.620014   504   523 I SDM     : DisplayBase::SetDisplayState: Set state = 4, display 0
11-03 08:47:22.620248   504   523 D SDM     : HWCDisplayPrimary::SetStandByMode: Null display is connected successfully
11-03 08:47:22.620566   416  2389 D SKGHAL  : standBy_update_control call succeed on 1
11-03 08:47:22.636721   416  2389 D SKGHAL  : sendAmbientEvent: done: enable = 1
11-03 08:47:22.637146  1686  1823 D SidekickService:    ... beginDisplay result: 0 for halPower: 1
11-03 08:47:22.640444   512  1749 I sensors-hal: activate:107, android.sensor.accelerometer/48 en=0
11-03 08:47:22.641931   512  1749 I sensors-hal: activate:118, android.sensor.accelerometer/48 en=0 completed
11-03 08:47:22.646768  1686  1799 E WifiStateMachine: getWifiLinkLayerStats called without an interface
--------- switch to kernel
11-03 08:47:22.548867     0     0 E bgrsb   : bgrsb_enable: gpio 32 is valid
--------- switch to main
11-03 08:47:22.665838  1686  1686 I WearPower: [WearTouchMediator] changing touch input to enabled (ON_AUTO)
11-03 08:47:22.666997  1686  1759 I InputReader: Reconfiguring input devices.  changes=0x00000200
11-03 08:47:22.667651   501  1904 I LocSvc_ApiV02: <--- globalEventCb line 152 QMI_LOC_EVENT_POSITION_REPORT_IND_V02
11-03 08:47:22.678430  1686  1686 I AmbientService: [ce6a28c] Timeout alarm not required, auto-resume timeout handled by dream.
--------- switch to kernel
11-03 08:47:22.575881     0     0 I init    : processing action (ro.enable_core_ctl=true && sys.cw_corectl_mode=idle) from (/vendor/etc/init/hw/init.qcom.rc:949)
--------- switch to main
11-03 08:47:22.688572  3205  3434 W WorkController: Loading failed for worker [trainingcache]: worker not found
11-03 08:47:22.690191  3205  3372 W A       : TrainingCache cache SCREEN_OFF failure
11-03 08:47:22.690191  3205  3372 W A       : com.google.android.apps.gsa.search.core.service.h.a.a: No worker found for Worker ID [trainingcache].
11-03 08:47:22.690191  3205  3372 W A       : 	at com.google.android.apps.gsa.search.core.service.g.a.c.a(Unknown Source:5)
11-03 08:47:22.690191  3205  3372 W A       : 	at com.google.android.libraries.gsa.c.a.d.a(Unknown Source:3)
11-03 08:47:22.690191  3205  3372 W A       : 	at com.google.common.p.a.cg.c(Unknown Source:2)
11-03 08:47:22.690191  3205  3372 W A       : 	at com.google.common.p.a.bk.run(SourceFile:3)
11-03 08:47:22.690191  3205  3372 W A       : 	at com.google.common.p.a.ci.run(Unknown Source:4)
11-03 08:47:22.690191  3205  3372 W A       : 	at com.google.apps.tiktok.concurrent.ab.run(SourceFile:1)
11-03 08:47:22.690191  3205  3372 W A       : 	at java.util.concurrent.ThreadPoolExecutor.runWorker(ThreadPoolExecutor.java:1167)
11-03 08:47:22.690191  3205  3372 W A       : 	at java.util.concurrent.ThreadPoolExecutor$Worker.run(ThreadPoolExecutor.java:641)
11-03 08:47:22.690191  3205  3372 W A       : 	at com.google.apps.tiktok.concurrent.c.run(Unknown Source:4)
11-03 08:47:22.690191  3205  3372 W A       : 	at java.lang.Thread.run(Thread.java:764)
11-03 08:47:22.705266  2520  2520 D HOME    : [StreamDBQueue]Promised revision #3352 to queue a new op
11-03 08:47:22.705586  2520  2520 D WatchStreamManager: Promised rank-blocked=false @ r#3352
11-03 08:47:22.705850  2520  2520 D HOME    : [CompactHunStarter]detachWindow()
11-03 08:47:22.706194  2520 10603 D HOME    : [WatchStreamDB]Item alerting conditions - isInterruptive: false, recentlyInterrupted: false, isItemPinned: false, isUnread: false
11-03 08:47:22.706530  2520 10603 D HOME    : [StreamAlertingRegulator]isTheaterModeEnabled: false, isAlertingAllowedByOffBody: true, matchesLocalInterruptionFilter: true
11-03 08:47:22.706853  2520 10603 D HOME    : [WatchStreamDB]couldItemAlert: false, isTopItemChanged: false, isDeferralForTopItem: false
11-03 08:47:22.708062  2520 11078 D HOME    : [StreamDBQueue]Promised revision #3353 to queue a new op
11-03 08:47:22.708266  2520 11078 D WatchStreamManager: Promised rerank @ r#3353
11-03 08:47:22.708297  2520 10692 D HOME    : [WatchStreamDB]updateRanking()
11-03 08:47:22.708878  2520 10692 D HOME    : [WatchStreamDB]Item alerting conditions - isInterruptive: false, recentlyInterrupted: false, isItemPinned: false, isUnread: false
11-03 08:47:22.709265  2520 10692 D HOME    : [StreamAlertingRegulator]isTheaterModeEnabled: false, isAlertingAllowedByOffBody: true, matchesLocalInterruptionFilter: true
11-03 08:47:22.709520  2520 10692 D HOME    : [WatchStreamDB]couldItemAlert: false, isTopItemChanged: false, isDeferralForTopItem: false
11-03 08:47:22.710828  2520 10692 D HOME    : [NewStreamAdapter]Publishing revision #3353 to adapter clients
--------- switch to kernel
11-03 08:47:22.732196     0     0 I PM      : suspend entry 2021-11-03 07:47:22.732196741 UTC
11-03 08:47:22.732208     0     0 I PM      : Syncing filesystems ...
11-03 08:47:22.760114     0     0 I CPU0    : update max cpu_capacity 748
11-03 08:47:22.760135     0     0 I CPU3    : update max cpu_capacity 1024
11-03 08:47:22.774625     0     0 I         : done.
11-03 08:47:22.793844     0     0 I CPU2    : shutdown
11-03 08:47:22.795047     0     0 I         : Freezing user space processes ...
11-03 08:47:22.800734     0     0 I PM      : Wakeup pending, aborting suspend
11-03 08:47:22.800781     0     0 I         : active wakeup source: NETLINK
11-03 08:47:22.800828     0     0 E         : Freezing of tasks aborted after 0.005 seconds
11-03 08:47:22.800840     0     0 I         : Restarting tasks ...
11-03 08:47:22.801414     0     0 W QSEECOM : qseecom_receive_req: Interrupted: exiting Listener Service = 12288
11-03 08:47:22.801468     0     0 W QSEECOM : qseecom_receive_req: Interrupted: exiting Listener Service = 10
11-03 08:47:22.801519     0     0 W QSEECOM : qseecom_receive_req: Interrupted: exiting Listener Service = 28672
11-03 08:47:22.801526     0     0 W QSEECOM : qseecom_receive_req: Interrupted: exiting Listener Service = 11
11-03 08:47:22.806242     0     0 W QSEECOM : qseecom_receive_req: Interrupted: exiting Listener Service = 8192
11-03 08:47:22.806359     0     0 I init    : Command 'write /sys/devices/system/cpu/cpu2/online 0' action=ro.enable_core_ctl=true && sys.cw_corectl_mode=idle (/vendor/etc/init/hw/init.qcom.rc:951) took 135ms and succeeded
11-03 08:47:22.807642     0     0 I init    : Command 'write /sys/devices/system/cpu/cpu3/online 0' action=ro.enable_core_ctl=true && sys.cw_corectl_mode=idle (/vendor/etc/init/hw/init.qcom.rc:952) took 1ms and failed: Unable to write to file '/sys/devices/system/cpu/cpu3/online': Unable to write file contents: Device or resource busy
11-03 08:47:22.807811     0     0 I         : done.
11-03 08:47:22.808533     0     0 I PM      : suspend exit 2021-11-03 07:47:22.808533407 UTC
11-03 08:47:23.009825     0     0 I PM      : suspend entry 2021-11-03 07:47:23.009825491 UTC
11-03 08:47:23.009834     0     0 I PM      : Syncing filesystems ... done.
11-03 08:47:23.030318     0     0 I         : Freezing user space processes ... (elapsed 0.008 seconds) done.
11-03 08:47:23.039150     0     0 I         : Freezing remaining freezable tasks ... (elapsed 0.003 seconds) done.
--------- switch to main
11-03 08:47:23.759058   501  1904 I LocSvc_ApiV02: <--- globalEventCb line 152 QMI_LOC_EVENT_POSITION_REPORT_IND_V02
--------- switch to kernel
11-03 08:47:23.042499     0     0 I         : Suspending console(s) (use no_console_suspend to debug)
11-03 08:47:23.053712     0     0 I mdss_dsi_panel_set_idle_mode: Idle (1->1)
11-03 08:47:23.094468     0     0 I bgcom   : bgcom_pm_suspend: suspended with : 0
11-03 08:47:23.119342     0     0 I PM      : suspend of devices complete after 75.019 msecs
11-03 08:47:23.122816     0     0 I PM      : late suspend of devices complete after 3.452 msecs
11-03 08:47:23.126508     0     0 I PM      : noirq suspend of devices complete after 3.674 msecs
11-03 08:47:23.126517     0     0 I         : Disabling non-boot CPUs ...
11-03 08:47:23.141250     0     0 W         : IRQ16 no longer affine to CPU1
11-03 08:47:23.141455     0     0 W         : IRQ93 no longer affine to CPU1
11-03 08:47:23.142244     0     0 I CPU1    : shutdown
11-03 08:47:23.150128     0     0 I CPU0    : update max cpu_capacity 748
11-03 08:47:23.190211     0     0 I CPU3    : update max cpu_capacity 1024
11-03 08:47:23.191606     0     0 I CPU3    : shutdown
11-03 08:47:23.192575     0     0 I suspend ns: 3069648085228	suspend cycles:    1096906119063
11-03 08:47:23.192564     0     0 I CPU0    : msm_cpu_pm_enter_sleep mode:3 during suspend
11-03 08:47:23.192564     0     0 I         : Suspended for 0.475 seconds
11-03 08:47:23.192907     0     0 I         : Enabling non-boot CPUs ...
11-03 08:47:23.193276     0     0 I CPU1    : update cpu_capacity 1024
11-03 08:47:23.194157     0     0 I         : CPU1 is up
11-03 08:47:23.194774     0     0 I CPU3    : update cpu_capacity 1024
11-03 08:47:23.196313     0     0 I         : CPU3 is up
11-03 08:47:23.198315     0     0 I PM      : noirq resume of devices complete after 1.825 msecs
11-03 08:47:23.200152     0     0 I CPU3    : update max cpu_capacity 1024
11-03 08:47:23.201763     0     0 I PM      : early resume of devices complete after 2.418 msecs
11-03 08:47:23.229094     0     0 I bgcom   : bgcom_pm_resume: Bgcom resumed with : 0
11-03 08:47:23.239241     0     0 I mdss_dsi_panel_set_idle_mode: Idle (1->1)
11-03 08:47:23.273774     0     0 I PM      : resume of devices complete after 71.962 msecs
11-03 08:47:23.276246     0     0 I         : Restarting tasks ...
11-03 08:47:23.277744     0     0 W QSEECOM : qseecom_receive_req: Interrupted: exiting Listener Service = 8192
11-03 08:47:23.277820     0     0 W QSEECOM : qseecom_receive_req: Interrupted: exiting Listener Service = 12288
11-03 08:47:23.277864     0     0 W QSEECOM : qseecom_receive_req: Interrupted: exiting Listener Service = 11
11-03 08:47:23.277917     0     0 W QSEECOM : qseecom_receive_req: Interrupted: exiting Listener Service = 10
11-03 08:47:23.277953     0     0 W QSEECOM : qseecom_receive_req: Interrupted: exiting Listener Service = 28672
11-03 08:47:23.284254     0     0 I         : done.
11-03 08:47:23.760865     0     0 I PM      : suspend exit 2021-11-03 07:47:23.760865437 UTC
11-03 08:47:23.862267     0     0 I PM      : suspend entry 2021-11-03 07:47:23.862267260 UTC
11-03 08:47:23.862276     0     0 I PM      : Syncing filesystems ... done.
11-03 08:47:23.960131     0     0 I         : Freezing user space processes ... (elapsed 0.006 seconds) done.
11-03 08:47:23.966459     0     0 I         : Freezing remaining freezable tasks ... (elapsed 0.003 seconds) done.
11-03 08:47:23.969522     0     0 I         : Suspending console(s) (use no_console_suspend to debug)
11-03 08:47:23.980244     0     0 I mdss_dsi_panel_set_idle_mode: Idle (1->1)
11-03 08:47:24.021249     0     0 I bgcom   : bgcom_pm_suspend: suspended with : 0
11-03 08:47:24.057684     0     0 I PM      : suspend of devices complete after 86.607 msecs
11-03 08:47:24.060387     0     0 I PM      : late suspend of devices complete after 2.684 msecs
11-03 08:47:24.063483     0     0 I PM      : noirq suspend of devices complete after 3.081 msecs
11-03 08:47:24.063490     0     0 I         : Disabling non-boot CPUs ...
11-03 08:47:24.077717     0     0 I CPU1    : shutdown
11-03 08:47:24.085950     0     0 I CPU0    : update max cpu_capacity 748
11-03 08:47:24.126012     0     0 I CPU3    : update max cpu_capacity 1024
11-03 08:47:24.126596     0     0 W         : IRQ16 no longer affine to CPU3
11-03 08:47:24.126632     0     0 W         : IRQ93 no longer affine to CPU3
11-03 08:47:24.127184     0     0 I CPU3    : shutdown
11-03 08:47:24.127976     0     0 I suspend ns: 3070107567521	suspend cycles:    1096924078788
11-03 08:47:24.127966     0     0 I CPU0    : msm_cpu_pm_enter_sleep mode:3 during suspend
11-03 08:47:24.127966     0     0 I         : Suspended for 0.541 seconds
11-03 08:47:24.127966     0     0 I resume cycles: 1096934470913
11-03 08:47:24.128261     0     0 I         : Enabling non-boot CPUs ...
11-03 08:47:24.128588     0     0 I CPU1    : update cpu_capacity 1024
11-03 08:47:24.129269     0     0 I         : CPU1 is up
11-03 08:47:24.129861     0     0 I CPU3    : update cpu_capacity 1024
11-03 08:47:24.131028     0     0 I         : CPU3 is up
11-03 08:47:24.132757     0     0 I PM      : noirq resume of devices complete after 1.571 msecs
11-03 08:47:24.135740     0     0 I PM      : early resume of devices complete after 2.006 msecs
11-03 08:47:24.136051     0     0 I CPU3    : update max cpu_capacity 1024
11-03 08:47:24.160450     0     0 I bgcom   : bgcom_pm_resume: Bgcom resumed with : 0
11-03 08:47:24.169556     0     0 I mdss_dsi_panel_set_idle_mode: Idle (1->1)
11-03 08:47:24.209470     0     0 I PM      : resume of devices complete after 73.701 msecs
11-03 08:47:24.211335     0     0 I         : Restarting tasks ...
11-03 08:47:24.214260     0     0 W QSEECOM : qseecom_receive_req: Interrupted: exiting Listener Service = 8192
11-03 08:47:24.214324     0     0 W QSEECOM : qseecom_receive_req: Interrupted: exiting Listener Service = 12288
11-03 08:47:24.214356     0     0 W QSEECOM : qseecom_receive_req: Interrupted: exiting Listener Service = 10
11-03 08:47:24.214397     0     0 W QSEECOM : qseecom_receive_req: Interrupted: exiting Listener Service = 28672
11-03 08:47:24.217925     0     0 W QSEECOM : qseecom_receive_req: Interrupted: exiting Listener Service = 11
11-03 08:47:24.218236     0     0 I         : done.
11-03 08:47:24.760548     0     0 I PM      : suspend exit 2021-11-03 07:47:24.760548614 UTC
11-03 08:47:24.861893     0     0 I PM      : suspend entry 2021-11-03 07:47:24.861893666 UTC
11-03 08:47:24.861903     0     0 I PM      : Syncing filesystems ... done.
11-03 08:47:24.958470     0     0 I         : Freezing user space processes ... (elapsed 0.006 seconds) done.
11-03 08:47:24.964919     0     0 I         : Freezing remaining freezable tasks ... (elapsed 0.003 seconds) done.
11-03 08:47:24.968024     0     0 I         : Suspending console(s) (use no_console_suspend to debug)
11-03 08:47:24.978672     0     0 I mdss_dsi_panel_set_idle_mode: Idle (1->1)
11-03 08:47:25.022029     0     0 I bgcom   : bgcom_pm_suspend: suspended with : 0
11-03 08:47:25.051660     0     0 I PM      : suspend of devices complete after 82.085 msecs
11-03 08:47:25.054415     0     0 I PM      : late suspend of devices complete after 2.738 msecs
11-03 08:47:25.057630     0     0 I PM      : noirq suspend of devices complete after 3.199 msecs
11-03 08:47:25.057637     0     0 I         : Disabling non-boot CPUs ...
11-03 08:47:25.078880     0     0 I CPU1    : shutdown
11-03 08:47:25.087149     0     0 I CPU0    : update max cpu_capacity 748
11-03 08:47:25.128367     0     0 I CPU3    : shutdown
11-03 08:47:25.129091     0     0 I suspend ns: 3070567427157	suspend cycles:    1096943300218
11-03 08:47:25.129082     0     0 I CPU0    : msm_cpu_pm_enter_sleep mode:3 during suspend
11-03 08:47:25.129082     0     0 I         : Suspended for 0.539 seconds
11-03 08:47:25.129082     0     0 I resume cycles: 1096953658665
11-03 08:47:25.129367     0     0 I         : Enabling non-boot CPUs ...
11-03 08:47:25.129689     0     0 I CPU1    : update cpu_capacity 1024
11-03 08:47:25.130368     0     0 I         : CPU1 is up
11-03 08:47:25.130889     0     0 I CPU3    : update cpu_capacity 1024
11-03 08:47:25.132056     0     0 I         : CPU3 is up
11-03 08:47:25.133769     0     0 I PM      : noirq resume of devices complete after 1.567 msecs
11-03 08:47:25.136756     0     0 I PM      : early resume of devices complete after 2.008 msecs
11-03 08:47:25.137278     0     0 I CPU3    : update max cpu_capacity 1024
11-03 08:47:25.160186     0     0 I bgcom   : bgcom_pm_resume: Bgcom resumed with : 0
11-03 08:47:25.169711     0     0 I mdss_dsi_panel_set_idle_mode: Idle (1->1)
11-03 08:47:25.210687     0     0 I PM      : resume of devices complete after 73.913 msecs
11-03 08:47:25.212552     0     0 I         : Restarting tasks ...
11-03 08:47:25.219170     0     0 W QSEECOM : qseecom_receive_req: Interrupted: exiting Listener Service = 28672
11-03 08:47:25.219480     0     0 W QSEECOM : qseecom_receive_req: Interrupted: exiting Listener Service = 11
11-03 08:47:25.219541     0     0 W QSEECOM : qseecom_receive_req: Interrupted: exiting Listener Service = 8192
11-03 08:47:25.220540     0     0 W QSEECOM : qseecom_receive_req: Interrupted: exiting Listener Service = 12288
11-03 08:47:25.220604     0     0 I         : done.
11-03 08:47:25.760714     0     0 I PM      : suspend exit 2021-11-03 07:47:25.760714134 UTC
11-03 08:47:25.762442     0     0 W QSEECOM : qseecom_receive_req: Interrupted: exiting Listener Service = 10
11-03 08:47:25.862029     0     0 I PM      : suspend entry 2021-11-03 07:47:25.862029603 UTC
11-03 08:47:25.862039     0     0 I PM      : Syncing filesystems ... done.
11-03 08:47:25.955435     0     0 I         : Freezing user space processes ... (elapsed 0.006 seconds) done.
11-03 08:47:25.962068     0     0 I         : Freezing remaining freezable tasks ... (elapsed 0.003 seconds) done.
11-03 08:47:25.965128     0     0 I         : Suspending console(s) (use no_console_suspend to debug)
--------- switch to main
11-03 08:47:24.756038   501  1904 I chatty  : uid=1021(gps) Loc identical 1 line
11-03 08:47:25.755185   501  1904 I LocSvc_ApiV02: <--- globalEventCb line 152 QMI_LOC_EVENT_POSITION_REPORT_IND_V02
11-03 08:47:26.758968  2520 11075 D HOME    : [LocationOracleImpl]Fresh location fetch timed out.
11-03 08:47:26.760588   501  1904 I LocSvc_ApiV02: <--- globalEventCb line 152 QMI_LOC_EVENT_POSITION_REPORT_IND_V02
11-03 08:47:26.762619  2520  4738 W HOME    : [LocationOracleImpl]Location fetch failed.
11-03 08:47:26.762619  2520  4738 W HOME    : java.util.concurrent.TimeoutException: Fresh location fetch timed out.
11-03 08:47:26.762619  2520  4738 W HOME    : 	at doo.run(AW782433232:1)
11-03 08:47:26.762619  2520  4738 W HOME    : 	at java.util.TimerThread.mainLoop(Timer.java:562)
11-03 08:47:26.762619  2520  4738 W HOME    : 	at java.util.TimerThread.run(Timer.java:512)
11-03 08:47:26.763209  2520  4738 W HOME    : [GetCardsRpc]making request without location
--------- switch to kernel
11-03 08:47:25.974192     0     0 I mdss_dsi_panel_set_idle_mode: Idle (1->1)
11-03 08:47:25.975839     0     0 E mdss_dsi_gen_read_status: Read back value from panel is incorrect
11-03 08:47:26.001000     0     0 I bgcom   : bgcom_pm_suspend: suspended with : 0
11-03 08:47:26.029687     0     0 I PM      : suspend of devices complete after 62.593 msecs
11-03 08:47:26.032424     0     0 I PM      : late suspend of devices complete after 2.719 msecs
11-03 08:47:26.035559     0     0 I PM      : noirq suspend of devices complete after 3.119 msecs
11-03 08:47:26.035565     0     0 I         : Disabling non-boot CPUs ...
11-03 08:47:26.047508     0     0 W         : IRQ16 no longer affine to CPU1
11-03 08:47:26.047693     0     0 W         : IRQ93 no longer affine to CPU1
11-03 08:47:26.048380     0     0 I CPU1    : shutdown
11-03 08:47:26.056573     0     0 I CPU0    : update max cpu_capacity 748
11-03 08:47:26.097213     0     0 W         : IRQ21 no longer affine to CPU3
11-03 08:47:26.097789     0     0 I CPU3    : shutdown
11-03 08:47:26.098571     0     0 I suspend ns: 3070997405074	suspend cycles:    1096961914241
11-03 08:47:26.098563     0     0 I CPU0    : msm_cpu_pm_enter_sleep mode:3 during suspend
11-03 08:47:26.098563     0     0 I         : Suspended for 0.570 seconds
11-03 08:47:26.098563     0     0 I resume cycles: 1096972867012
11-03 08:47:26.098865     0     0 I         : Enabling non-boot CPUs ...
11-03 08:47:26.099188     0     0 I CPU1    : update cpu_capacity 1024
11-03 08:47:26.099873     0     0 I         : CPU1 is up
11-03 08:47:26.100411     0     0 I CPU3    : update cpu_capacity 1024
11-03 08:47:26.101584     0     0 I         : CPU3 is up
11-03 08:47:26.103302     0     0 I PM      : noirq resume of devices complete after 1.561 msecs
11-03 08:47:26.106157     0     0 I PM      : early resume of devices complete after 1.878 msecs
11-03 08:47:26.106775     0     0 I CPU3    : update max cpu_capacity 1024
11-03 08:47:26.131311     0     0 I bgcom   : bgcom_pm_resume: Bgcom resumed with : 0
11-03 08:47:26.140910     0     0 I mdss_dsi_panel_set_idle_mode: Idle (1->1)
11-03 08:47:26.180787     0     0 I PM      : resume of devices complete after 74.611 msecs
11-03 08:47:26.182665     0     0 I         : Restarting tasks ...
11-03 08:47:26.184354     0     0 W QSEECOM : qseecom_receive_req: Interrupted: exiting Listener Service = 10
11-03 08:47:26.185461     0     0 W QSEECOM : qseecom_receive_req: Interrupted: exiting Listener Service = 8192
11-03 08:47:26.185515     0     0 W QSEECOM : qseecom_receive_req: Interrupted: exiting Listener Service = 12288
11-03 08:47:26.185542     0     0 W QSEECOM : qseecom_receive_req: Interrupted: exiting Listener Service = 11
11-03 08:47:26.189604     0     0 W QSEECOM : qseecom_receive_req: Interrupted: exiting Listener Service = 28672
11-03 08:47:26.190796     0     0 I         : done.
11-03 08:47:26.764140     0     0 I PM      : suspend exit 2021-11-03 07:47:26.764140436 UTC
--------- switch to main
11-03 08:47:26.781185  1686  9965 I GnssLocationProvider: WakeLock acquired by sendMessage(SET_REQUEST, 0, com.android.server.location.GnssLocationProvider$GpsRequest@e68f653)
11-03 08:47:26.782461   501   501 I LocSvc_GnssInterface: ===> stop line 218 
11-03 08:47:26.783082   501  1894 I LocSvc_api_v02: ---> locClientSendReq line 2298 QMI_LOC_STOP_REQ_V02
11-03 08:47:26.784099   501  1894 I LocSvc_api_v02: ---> locClientSendReq line 2298 QMI_LOC_REG_EVENTS_REQ_V02
11-03 08:47:26.784288   501  1904 I LocSvc_ApiV02: <--- globalEventCb line 152 QMI_LOC_EVENT_POSITION_REPORT_IND_V02
11-03 08:47:26.784981  1686  1701 I GnssLocationProvider: WakeLock released by handleMessage(SET_REQUEST, 0, com.android.server.location.GnssLocationProvider$GpsRequest@e68f653)
--------- switch to kernel
11-03 08:47:26.865675     0     0 I PM      : suspend entry 2021-11-03 07:47:26.865675800 UTC
11-03 08:47:26.865689     0     0 I PM      : Syncing filesystems ... done.
11-03 08:47:26.973045     0     0 I         : Freezing user space processes ... (elapsed 0.007 seconds) done.
11-03 08:47:26.981079     0     0 I         : Freezing remaining freezable tasks ... (elapsed 0.003 seconds) done.
11-03 08:47:26.985032     0     0 I         : Suspending console(s) (use no_console_suspend to debug)
11-03 08:47:26.997405     0     0 I mdss_dsi_panel_set_idle_mode: Idle (1->1)
11-03 08:47:27.043050     0     0 I bgcom   : bgcom_pm_suspend: suspended with : 0
11-03 08:47:27.090774     0     0 I PM      : suspend of devices complete after 103.314 msecs
11-03 08:47:27.096098     0     0 I PM      : late suspend of devices complete after 5.281 msecs
11-03 08:47:27.102034     0     0 I PM      : noirq suspend of devices complete after 5.902 msecs
11-03 08:47:27.102049     0     0 I         : Disabling non-boot CPUs ...
11-03 08:47:27.120359     0     0 I CPU1    : shutdown
11-03 08:47:27.127060     0     0 I CPU0    : update max cpu_capacity 748
11-03 08:47:27.157130     0     0 I CPU3    : update max cpu_capacity 1024
11-03 08:47:27.167905     0     0 W         : IRQ16 no longer affine to CPU3
11-03 08:47:27.167975     0     0 W         : IRQ93 no longer affine to CPU3
11-03 08:47:27.169276     0     0 I CPU3    : shutdown
11-03 08:47:27.170983     0     0 I suspend ns: 3071499356117	suspend cycles:    1096982504472
11-03 08:47:27.170966     0     0 I CPU0    : msm_cpu_pm_enter_sleep mode:3 during suspend
11-03 08:47:27.170966     0     0 I         : Suspended for 20.381 seconds
11-03 08:47:27.170966     0     0 I resume cycles: 1097373835700
11-03 08:47:27.171345     0     0 I         : Enabling non-boot CPUs ...
11-03 08:47:27.172158     0     0 I CPU1    : update cpu_capacity 1024
11-03 08:47:27.173262     0     0 I         : CPU1 is up
11-03 08:47:27.174388     0     0 I CPU3    : update cpu_capacity 1024
11-03 08:47:27.175937     0     0 I         : CPU3 is up
11-03 08:47:27.176944     0     0 I CPU3    : update max cpu_capacity 1024
11-03 08:47:27.179829     0     0 I PM      : noirq resume of devices complete after 3.648 msecs
11-03 08:47:27.185517     0     0 I PM      : early resume of devices complete after 3.795 msecs
11-03 08:47:27.216759     0     0 I bgcom   : bgcom_pm_resume: Bgcom resumed with : 0
11-03 08:47:27.227744     0     0 I mdss_dsi_panel_set_idle_mode: Idle (1->1)
11-03 08:47:27.262998     0     0 I PM      : resume of devices complete after 77.433 msecs
11-03 08:47:27.267438     0     0 I         : Restarting tasks ...
11-03 08:47:27.270406     0     0 W QSEECOM : qseecom_receive_req: Interrupted: exiting Listener Service = 11
11-03 08:47:27.270507     0     0 W QSEECOM : qseecom_receive_req: Interrupted: exiting Listener Service = 28672
11-03 08:47:27.271404     0     0 W QSEECOM : qseecom_receive_req: Interrupted: exiting Listener Service = 8192
11-03 08:47:27.271473     0     0 W QSEECOM : qseecom_receive_req: Interrupted: exiting Listener Service = 12288
11-03 08:47:27.275840     0     0 W QSEECOM : qseecom_receive_req: Interrupted: exiting Listener Service = 10
11-03 08:47:27.277135     0     0 I         : done.
11-03 08:47:47.660117     0     0 I PM      : suspend exit 2021-11-03 07:47:47.660117146 UTC
--------- switch to main
11-03 08:47:47.688914  1686  1820 I WearCellularMediator: OFF_SIM_ABSENT changed radio power: false
11-03 08:47:47.817695  7790  7790 I Finsky  : [2] com.google.android.finsky.scheduler.JobSchedulerEngine$PhoneskyJobSchedulerJobService.onStartJob(7): onJobSchedulerWakeup with jobId 9034
11-03 08:47:47.821431  7790  7790 I Finsky  : [2] com.google.android.finsky.scheduler.y.a(29): Scheduling fallback job with id: 9034, and delay: 43200000 ms
11-03 08:47:47.829042  7790  7790 I Finsky  : [2] com.google.android.finsky.scheduler.y.a(39): Scheduling fallback in 64799996 (absolute: 121947254)
11-03 08:47:47.849884  7790  7790 I Finsky  : [2] com.google.android.finsky.scheduler.aa.a(205): Will halt after 0
11-03 08:47:47.858216  7790  7790 I Finsky  : [2] com.google.android.finsky.scheduler.af.handleMessage(16): DeviceState: DeviceState{currentTime=1635925667840, isCharging=false, isIdle=true, netAny=false, netNotRoaming=false, netUnmetered=false}
--------- switch to kernel
11-03 08:47:47.853017     0     0 I PM      : suspend entry 2021-11-03 07:47:47.853017198 UTC
--------- switch to main
11-03 08:47:47.863806  7790  7790 I Finsky  : [2] com.google.android.finsky.scheduler.af.handleMessage(35): Executor halting due to timeout
11-03 08:47:47.864379  7790  7790 I Finsky  : [2] com.google.android.finsky.scheduler.af.handleMessage(41): Executor finished
--------- switch to kernel
11-03 08:47:47.853032     0     0 I PM      : Syncing filesystems ... done.
11-03 08:47:47.884324     0     0 I         : Freezing user space processes ... (elapsed 0.007 seconds) done.
11-03 08:47:47.892292     0     0 I         : Freezing remaining freezable tasks ... (elapsed 0.003 seconds) done.
11-03 08:47:47.896312     0     0 I         : Suspending console(s) (use no_console_suspend to debug)
11-03 08:47:47.908776     0     0 I mdss_dsi_panel_set_idle_mode: Idle (1->1)
11-03 08:47:47.944009     0     0 I bgcom   : bgcom_pm_suspend: suspended with : 0
11-03 08:47:47.980183     0     0 I PM      : suspend of devices complete after 81.657 msecs
11-03 08:47:47.985575     0     0 I PM      : late suspend of devices complete after 5.353 msecs
11-03 08:47:47.991422     0     0 I PM      : noirq suspend of devices complete after 5.809 msecs
11-03 08:47:47.991438     0     0 I         : Disabling non-boot CPUs ...
11-03 08:47:48.012062     0     0 I CPU1    : shutdown
11-03 08:47:48.018791     0     0 I CPU0    : update max cpu_capacity 748
11-03 08:47:48.058808     0     0 I CPU3    : update max cpu_capacity 1024
11-03 08:47:48.061075     0     0 I CPU3    : shutdown
11-03 08:47:48.062991     0     0 I suspend ns: 3072009531483	suspend cycles:    1097383631067
11-03 08:47:48.062971     0     0 I CPU0    : msm_cpu_pm_enter_sleep mode:3 during suspend
11-03 08:47:48.062971     0     0 I         : Suspended for 29.489 seconds
11-03 08:47:48.062971     0     0 I resume cycles: 1097949829932
11-03 08:47:48.063482     0     0 I         : Enabling non-boot CPUs ...
11-03 08:47:48.064304     0     0 I CPU1    : update cpu_capacity 1024
11-03 08:47:48.065424     0     0 I         : CPU1 is up
11-03 08:47:48.066504     0     0 I CPU3    : update cpu_capacity 1024
11-03 08:47:48.068047     0     0 I         : CPU3 is up
11-03 08:47:48.068605     0     0 I CPU3    : update max cpu_capacity 1024
11-03 08:47:48.068612     0     0 I CPU1    : update max cpu_capacity 748
11-03 08:47:48.071728     0     0 I PM      : noirq resume of devices complete after 3.459 msecs
11-03 08:47:48.077352     0     0 I PM      : early resume of devices complete after 3.739 msecs
11-03 08:47:48.115848     0     0 I bgcom   : bgcom_pm_resume: Bgcom resumed with : 0
11-03 08:47:48.127039     0     0 I mdss_dsi_panel_set_idle_mode: Idle (1->1)
